  shard 1/6 (round-robin): 584 of 3502 cubes, per-cube cap 600.0s, re-split depth 3
    cube 1 (depth 0, 21 lits): UNSAT in 0.02s
    cube 7 (depth 0, 24 lits): UNSAT in 0.01s
    cube 13 (depth 0, 24 lits): UNSAT in 0.01s
    cube 19 (depth 0, 24 lits): UNSAT in 0.02s
    cube 25 (depth 0, 24 lits): UNSAT in 0.01s
    cube 31 (depth 0, 22 lits): UNSAT in 0.02s
    cube 37 (depth 0, 24 lits): UNSAT in 0.02s
    cube 43 (depth 0, 24 lits): UNSAT in 0.02s
    cube 49 (depth 0, 24 lits): UNSAT in 0.02s
    cube 55 (depth 0, 24 lits): UNSAT in 0.03s
    cube 61 (depth 0, 22 lits): UNSAT in 0.01s
    cube 67 (depth 0, 24 lits): UNSAT in 0.02s
    cube 73 (depth 0, 24 lits): UNSAT in 0.02s
    cube 79 (depth 0, 24 lits): UNSAT in 0.02s
    cube 85 (depth 0, 24 lits): UNSAT in 0.02s
    cube 91 (depth 0, 24 lits): UNSAT in 0.02s
    cube 97 (depth 0, 24 lits): UNSAT in 0.04s
    cube 103 (depth 0, 24 lits): UNSAT in 0.07s
    cube 109 (depth 0, 24 lits): UNSAT in 0.03s
    cube 115 (depth 0, 24 lits): UNSAT in 0.03s
    cube 121 (depth 0, 24 lits): UNSAT in 0.02s
    cube 127 (depth 0, 24 lits): UNSAT in 0.01s
    cube 133 (depth 0, 24 lits): UNSAT in 0.05s
    cube 139 (depth 0, 24 lits): UNSAT in 0.09s
    cube 145 (depth 0, 22 lits): UNSAT in 0.01s
    cube 151 (depth 0, 22 lits): UNSAT in 0.01s
    cube 157 (depth 0, 23 lits): UNSAT in 0.01s
    cube 163 (depth 0, 24 lits): UNSAT in 0.02s
    cube 169 (depth 0, 23 lits): UNSAT in 0.02s
    cube 175 (depth 0, 24 lits): UNSAT in 0.01s
    cube 181 (depth 0, 24 lits): UNSAT in 0.01s
    cube 187 (depth 0, 24 lits): UNSAT in 0.02s
    cube 193 (depth 0, 24 lits): UNSAT in 0.02s
    cube 199 (depth 0, 23 lits): UNSAT in 0.02s
    cube 205 (depth 0, 24 lits): UNSAT in 0.02s
    cube 211 (depth 0, 24 lits): UNSAT in 0.12s
    cube 217 (depth 0, 24 lits): UNSAT in 0.02s
    cube 223 (depth 0, 24 lits): UNSAT in 0.02s
    cube 229 (depth 0, 24 lits): UNSAT in 0.03s
    cube 235 (depth 0, 23 lits): UNSAT in 0.02s
    cube 241 (depth 0, 24 lits): UNSAT in 0.01s
    cube 247 (depth 0, 24 lits): UNSAT in 0.07s
    cube 253 (depth 0, 24 lits): UNSAT in 0.04s
    cube 259 (depth 0, 24 lits): UNSAT in 0.17s
    cube 265 (depth 0, 24 lits): UNSAT in 0.03s
    cube 271 (depth 0, 24 lits): UNSAT in 0.01s
    cube 277 (depth 0, 24 lits): UNSAT in 0.01s
    cube 283 (depth 0, 23 lits): UNSAT in 0.01s
    cube 289 (depth 0, 24 lits): UNSAT in 0.09s
    cube 295 (depth 0, 24 lits): UNSAT in 0.03s
    cube 301 (depth 0, 24 lits): UNSAT in 0.02s
    cube 307 (depth 0, 24 lits): UNSAT in 0.17s
    cube 313 (depth 0, 24 lits): UNSAT in 0.31s
    cube 319 (depth 0, 22 lits): UNSAT in 0.02s
    cube 325 (depth 0, 21 lits): UNSAT in 0.01s
    cube 331 (depth 0, 24 lits): UNSAT in 0.02s
    cube 337 (depth 0, 23 lits): UNSAT in 0.01s
    cube 343 (depth 0, 24 lits): UNSAT in 0.02s
    cube 349 (depth 0, 24 lits): UNSAT in 0.02s
    cube 355 (depth 0, 24 lits): UNSAT in 0.06s
    cube 361 (depth 0, 24 lits): UNSAT in 0.01s
    cube 367 (depth 0, 24 lits): UNSAT in 0.01s
    cube 373 (depth 0, 24 lits): UNSAT in 0.04s
    cube 379 (depth 0, 24 lits): UNSAT in 0.02s
    cube 385 (depth 0, 24 lits): UNSAT in 0.17s
    cube 391 (depth 0, 23 lits): UNSAT in 0.02s
    cube 397 (depth 0, 24 lits): UNSAT in 0.02s
    cube 403 (depth 0, 24 lits): UNSAT in 0.04s
    cube 409 (depth 0, 23 lits): UNSAT in 0.01s
    cube 415 (depth 0, 24 lits): UNSAT in 0.04s
    cube 421 (depth 0, 24 lits): UNSAT in 0.02s
    cube 427 (depth 0, 24 lits): UNSAT in 0.04s
    cube 433 (depth 0, 24 lits): UNSAT in 0.02s
    cube 439 (depth 0, 24 lits): UNSAT in 0.02s
    cube 445 (depth 0, 24 lits): UNSAT in 0.02s
    cube 451 (depth 0, 24 lits): UNSAT in 0.03s
    cube 457 (depth 0, 24 lits): UNSAT in 0.02s
    cube 463 (depth 0, 24 lits): UNSAT in 0.05s
    cube 469 (depth 0, 24 lits): UNSAT in 0.02s
    cube 475 (depth 0, 24 lits): UNSAT in 0.22s
    cube 481 (depth 0, 24 lits): UNSAT in 0.25s
    cube 487 (depth 0, 24 lits): UNSAT in 0.02s
    cube 493 (depth 0, 24 lits): UNSAT in 0.02s
    cube 499 (depth 0, 24 lits): UNSAT in 0.01s
    cube 505 (depth 0, 24 lits): UNSAT in 0.10s
    cube 511 (depth 0, 24 lits): UNSAT in 0.01s
    cube 517 (depth 0, 24 lits): UNSAT in 0.06s
    cube 523 (depth 0, 24 lits): UNSAT in 0.04s
    cube 529 (depth 0, 24 lits): UNSAT in 0.04s
    cube 535 (depth 0, 24 lits): UNSAT in 0.02s
    cube 541 (depth 0, 24 lits): UNSAT in 0.01s
    cube 547 (depth 0, 24 lits): UNSAT in 0.02s
    cube 553 (depth 0, 24 lits): UNSAT in 0.03s
    cube 559 (depth 0, 24 lits): UNSAT in 0.08s
    cube 565 (depth 0, 24 lits): UNSAT in 0.02s
    cube 571 (depth 0, 24 lits): UNSAT in 0.10s
    cube 577 (depth 0, 24 lits): UNSAT in 0.26s
    cube 583 (depth 0, 24 lits): UNSAT in 0.11s
    cube 589 (depth 0, 24 lits): UNSAT in 0.18s
    cube 595 (depth 0, 24 lits): UNSAT in 1.89s
    cube 601 (depth 0, 24 lits): UNSAT in 0.02s
    cube 607 (depth 0, 24 lits): UNSAT in 0.04s
    cube 613 (depth 0, 24 lits): UNSAT in 0.04s
    cube 619 (depth 0, 24 lits): UNSAT in 0.04s
    cube 625 (depth 0, 24 lits): UNSAT in 0.88s
    cube 631 (depth 0, 24 lits): UNSAT in 0.05s
    cube 637 (depth 0, 24 lits): UNSAT in 0.17s
    cube 643 (depth 0, 24 lits): UNSAT in 0.05s
    cube 649 (depth 0, 24 lits): UNSAT in 0.97s
    cube 655 (depth 0, 24 lits): UNSAT in 1.33s
    cube 661 (depth 0, 24 lits): UNSAT in 0.03s
    cube 667 (depth 0, 24 lits): UNSAT in 0.03s
    cube 673 (depth 0, 24 lits): UNSAT in 2.74s
    cube 679 (depth 0, 24 lits): UNSAT in 0.23s
    cube 685 (depth 0, 24 lits): UNSAT in 1.00s
    cube 691 (depth 0, 24 lits): UNSAT in 0.06s
    cube 697 (depth 0, 24 lits): UNSAT in 1.71s
    cube 703 (depth 0, 24 lits): UNSAT in 1.46s
    cube 709 (depth 0, 24 lits): UNSAT in 4.75s
    cube 715 (depth 0, 24 lits): UNSAT in 7.80s
    cube 721 (depth 0, 24 lits): TIMEOUT in 600.10s
    cube 721 TIMEOUT -> re-split into 64 sub-cubes (depth 1)
    cube 721.0 (depth 1, 30 lits): UNSAT in 0.01s
    cube 721.1 (depth 1, 30 lits): UNSAT in 0.03s
    cube 721.2 (depth 1, 30 lits): UNSAT in 0.03s
    cube 721.3 (depth 1, 30 lits): UNSAT in 0.05s
    cube 721.4 (depth 1, 30 lits): UNSAT in 0.03s
    cube 721.5 (depth 1, 30 lits): UNSAT in 0.08s
    cube 721.6 (depth 1, 30 lits): UNSAT in 0.09s
    cube 721.7 (depth 1, 30 lits): UNSAT in 0.59s
    cube 721.8 (depth 1, 30 lits): UNSAT in 0.03s
    cube 721.9 (depth 1, 30 lits): UNSAT in 0.06s
    cube 721.10 (depth 1, 30 lits): UNSAT in 0.06s
    cube 721.11 (depth 1, 30 lits): UNSAT in 0.29s
    cube 721.12 (depth 1, 30 lits): UNSAT in 0.06s
    cube 721.13 (depth 1, 30 lits): UNSAT in 0.13s
    cube 721.14 (depth 1, 30 lits): UNSAT in 0.27s
    cube 721.15 (depth 1, 30 lits): UNSAT in 3.81s
    cube 721.16 (depth 1, 30 lits): UNSAT in 0.02s
    cube 721.17 (depth 1, 30 lits): UNSAT in 0.09s
    cube 721.18 (depth 1, 30 lits): UNSAT in 0.07s
    cube 721.19 (depth 1, 30 lits): UNSAT in 1.49s
    cube 721.20 (depth 1, 30 lits): UNSAT in 0.14s
    cube 721.21 (depth 1, 30 lits): UNSAT in 1.05s
    cube 721.22 (depth 1, 30 lits): UNSAT in 0.27s
    cube 721.23 (depth 1, 30 lits): UNSAT in 1.66s
    cube 721.24 (depth 1, 30 lits): UNSAT in 0.07s
    cube 721.25 (depth 1, 30 lits): UNSAT in 0.43s
    cube 721.26 (depth 1, 30 lits): UNSAT in 0.23s
    cube 721.27 (depth 1, 30 lits): UNSAT in 0.76s
    cube 721.28 (depth 1, 30 lits): UNSAT in 0.55s
    cube 721.29 (depth 1, 30 lits): UNSAT in 2.13s
    cube 721.30 (depth 1, 30 lits): UNSAT in 2.72s
    cube 721.31 (depth 1, 30 lits): UNSAT in 36.10s
    cube 721.32 (depth 1, 30 lits): UNSAT in 0.03s
    cube 721.33 (depth 1, 30 lits): UNSAT in 0.13s
    cube 721.34 (depth 1, 30 lits): UNSAT in 0.23s
    cube 721.35 (depth 1, 30 lits): UNSAT in 1.30s
    cube 721.36 (depth 1, 30 lits): UNSAT in 0.07s
    cube 721.37 (depth 1, 30 lits): UNSAT in 0.28s
    cube 721.38 (depth 1, 30 lits): UNSAT in 0.45s
    cube 721.39 (depth 1, 30 lits): UNSAT in 2.23s
    cube 721.40 (depth 1, 30 lits): UNSAT in 0.09s
    cube 721.41 (depth 1, 30 lits): UNSAT in 1.30s
    cube 721.42 (depth 1, 30 lits): UNSAT in 1.81s
    cube 721.43 (depth 1, 30 lits): UNSAT in 5.35s
    cube 721.44 (depth 1, 30 lits): UNSAT in 0.86s
    cube 721.45 (depth 1, 30 lits): UNSAT in 5.28s
    cube 721.46 (depth 1, 30 lits): UNSAT in 11.72s
    cube 721.47 (depth 1, 30 lits): UNSAT in 86.11s
    cube 721.48 (depth 1, 30 lits): UNSAT in 0.09s
    cube 721.49 (depth 1, 30 lits): UNSAT in 0.19s
    cube 721.50 (depth 1, 30 lits): UNSAT in 0.11s
    cube 721.51 (depth 1, 30 lits): UNSAT in 1.33s
    cube 721.52 (depth 1, 30 lits): UNSAT in 0.21s
    cube 721.53 (depth 1, 30 lits): UNSAT in 1.46s
    cube 721.54 (depth 1, 30 lits): UNSAT in 0.49s
    cube 721.55 (depth 1, 30 lits): UNSAT in 7.49s
    cube 721.56 (depth 1, 30 lits): UNSAT in 0.10s
    cube 721.57 (depth 1, 30 lits): UNSAT in 0.41s
    cube 721.58 (depth 1, 30 lits): UNSAT in 0.23s
    cube 721.59 (depth 1, 30 lits): UNSAT in 1.13s
    cube 721.60 (depth 1, 30 lits): UNSAT in 0.25s
    cube 721.61 (depth 1, 30 lits): UNSAT in 1.45s
    cube 721.62 (depth 1, 30 lits): UNSAT in 3.21s
    cube 721.63 (depth 1, 30 lits): UNSAT in 57.01s
    cube 727 (depth 0, 22 lits): UNSAT in 0.02s
    cube 733 (depth 0, 24 lits): UNSAT in 0.03s
    cube 739 (depth 0, 24 lits): UNSAT in 0.01s
    cube 745 (depth 0, 24 lits): UNSAT in 0.02s
    cube 751 (depth 0, 24 lits): UNSAT in 0.01s
    cube 757 (depth 0, 24 lits): UNSAT in 0.02s
    cube 763 (depth 0, 24 lits): UNSAT in 0.02s
    cube 769 (depth 0, 24 lits): UNSAT in 0.05s
    cube 775 (depth 0, 24 lits): UNSAT in 0.01s
    cube 781 (depth 0, 24 lits): UNSAT in 0.02s
    cube 787 (depth 0, 24 lits): UNSAT in 0.06s
    cube 793 (depth 0, 24 lits): UNSAT in 0.03s
    cube 799 (depth 0, 24 lits): UNSAT in 0.10s
    cube 805 (depth 0, 22 lits): UNSAT in 0.01s
    cube 811 (depth 0, 24 lits): UNSAT in 0.02s
    cube 817 (depth 0, 24 lits): UNSAT in 0.02s
    cube 823 (depth 0, 24 lits): UNSAT in 0.03s
    cube 829 (depth 0, 23 lits): UNSAT in 0.02s
    cube 835 (depth 0, 24 lits): UNSAT in 0.02s
    cube 841 (depth 0, 24 lits): UNSAT in 0.03s
    cube 847 (depth 0, 23 lits): UNSAT in 0.01s
    cube 853 (depth 0, 24 lits): UNSAT in 0.01s
    cube 859 (depth 0, 23 lits): UNSAT in 0.02s
    cube 865 (depth 0, 24 lits): UNSAT in 0.03s
    cube 871 (depth 0, 24 lits): UNSAT in 0.02s
    cube 877 (depth 0, 23 lits): UNSAT in 0.02s
    cube 883 (depth 0, 24 lits): UNSAT in 0.03s
    cube 889 (depth 0, 24 lits): UNSAT in 0.17s
    cube 895 (depth 0, 24 lits): UNSAT in 0.04s
    cube 901 (depth 0, 24 lits): UNSAT in 0.17s
    cube 907 (depth 0, 22 lits): UNSAT in 0.01s
    cube 913 (depth 0, 24 lits): UNSAT in 0.01s
    cube 919 (depth 0, 24 lits): UNSAT in 0.01s
    cube 925 (depth 0, 24 lits): UNSAT in 0.01s
    cube 931 (depth 0, 24 lits): UNSAT in 0.02s
    cube 937 (depth 0, 24 lits): UNSAT in 0.02s
    cube 943 (depth 0, 24 lits): UNSAT in 0.01s
    cube 949 (depth 0, 23 lits): UNSAT in 0.02s
    cube 955 (depth 0, 24 lits): UNSAT in 0.01s
    cube 961 (depth 0, 24 lits): UNSAT in 0.03s
    cube 967 (depth 0, 24 lits): UNSAT in 0.03s
    cube 973 (depth 0, 24 lits): UNSAT in 0.05s
    cube 979 (depth 0, 24 lits): UNSAT in 0.02s
    cube 985 (depth 0, 24 lits): UNSAT in 0.02s
    cube 991 (depth 0, 24 lits): UNSAT in 0.10s
    cube 997 (depth 0, 24 lits): UNSAT in 0.03s
    cube 1003 (depth 0, 24 lits): UNSAT in 0.09s
    cube 1009 (depth 0, 24 lits): UNSAT in 0.01s
    cube 1015 (depth 0, 22 lits): UNSAT in 0.02s
    cube 1021 (depth 0, 24 lits): UNSAT in 0.02s
    cube 1027 (depth 0, 23 lits): UNSAT in 0.02s
    cube 1033 (depth 0, 24 lits): UNSAT in 0.03s
    cube 1039 (depth 0, 24 lits): UNSAT in 0.02s
    cube 1045 (depth 0, 24 lits): UNSAT in 0.15s
    cube 1051 (depth 0, 24 lits): UNSAT in 0.11s
    cube 1057 (depth 0, 24 lits): UNSAT in 0.04s
    cube 1063 (depth 0, 24 lits): UNSAT in 0.04s
    cube 1069 (depth 0, 24 lits): UNSAT in 0.77s
    cube 1075 (depth 0, 24 lits): UNSAT in 0.06s
    cube 1081 (depth 0, 24 lits): UNSAT in 0.09s
    cube 1087 (depth 0, 24 lits): UNSAT in 0.07s
    cube 1093 (depth 0, 24 lits): UNSAT in 1.53s
    cube 1099 (depth 0, 24 lits): UNSAT in 0.34s
    cube 1105 (depth 0, 24 lits): UNSAT in 1.21s
    cube 1111 (depth 0, 24 lits): UNSAT in 0.62s
    cube 1117 (depth 0, 24 lits): UNSAT in 53.53s
    cube 1123 (depth 0, 24 lits): UNSAT in 0.01s
    cube 1129 (depth 0, 24 lits): UNSAT in 0.02s
    cube 1135 (depth 0, 24 lits): UNSAT in 0.02s
    cube 1141 (depth 0, 24 lits): UNSAT in 0.02s
    cube 1147 (depth 0, 24 lits): UNSAT in 0.01s
    cube 1153 (depth 0, 23 lits): UNSAT in 0.02s
    cube 1159 (depth 0, 24 lits): UNSAT in 0.02s
    cube 1165 (depth 0, 24 lits): UNSAT in 0.10s
    cube 1171 (depth 0, 24 lits): UNSAT in 0.17s
    cube 1177 (depth 0, 24 lits): UNSAT in 0.01s
    cube 1183 (depth 0, 24 lits): UNSAT in 0.02s
    cube 1189 (depth 0, 24 lits): UNSAT in 0.02s
    cube 1195 (depth 0, 24 lits): UNSAT in 0.04s
    cube 1201 (depth 0, 24 lits): UNSAT in 0.02s
    cube 1207 (depth 0, 24 lits): UNSAT in 0.02s
    cube 1213 (depth 0, 24 lits): UNSAT in 0.02s
    cube 1219 (depth 0, 24 lits): UNSAT in 0.03s
    cube 1225 (depth 0, 24 lits): UNSAT in 0.06s
    cube 1231 (depth 0, 24 lits): UNSAT in 0.04s
    cube 1237 (depth 0, 22 lits): UNSAT in 0.02s
    cube 1243 (depth 0, 24 lits): UNSAT in 0.01s
    cube 1249 (depth 0, 24 lits): UNSAT in 0.01s
    cube 1255 (depth 0, 24 lits): UNSAT in 0.02s
    cube 1261 (depth 0, 24 lits): UNSAT in 0.02s
    cube 1267 (depth 0, 24 lits): UNSAT in 0.02s
    cube 1273 (depth 0, 24 lits): UNSAT in 0.03s
    cube 1279 (depth 0, 24 lits): UNSAT in 0.01s
    cube 1285 (depth 0, 24 lits): UNSAT in 0.02s
    cube 1291 (depth 0, 24 lits): UNSAT in 0.23s
    cube 1297 (depth 0, 23 lits): UNSAT in 0.01s
    cube 1303 (depth 0, 24 lits): UNSAT in 0.04s
    cube 1309 (depth 0, 24 lits): UNSAT in 0.09s
    cube 1315 (depth 0, 24 lits): UNSAT in 0.58s
    cube 1321 (depth 0, 24 lits): UNSAT in 0.08s
    cube 1327 (depth 0, 24 lits): UNSAT in 0.08s
    cube 1333 (depth 0, 24 lits): UNSAT in 0.22s
    cube 1339 (depth 0, 24 lits): UNSAT in 0.88s
    cube 1345 (depth 0, 24 lits): UNSAT in 0.40s
    cube 1351 (depth 0, 24 lits): UNSAT in 3.97s
    cube 1357 (depth 0, 24 lits): UNSAT in 0.01s
    cube 1363 (depth 0, 24 lits): UNSAT in 0.04s
    cube 1369 (depth 0, 24 lits): UNSAT in 0.03s
    cube 1375 (depth 0, 24 lits): UNSAT in 0.02s
    cube 1381 (depth 0, 24 lits): UNSAT in 0.02s
    cube 1387 (depth 0, 24 lits): UNSAT in 0.02s
    cube 1393 (depth 0, 24 lits): UNSAT in 0.04s
    cube 1399 (depth 0, 24 lits): UNSAT in 0.11s
    cube 1405 (depth 0, 24 lits): UNSAT in 0.02s
    cube 1411 (depth 0, 24 lits): UNSAT in 0.06s
    cube 1417 (depth 0, 24 lits): UNSAT in 0.11s
    cube 1423 (depth 0, 24 lits): UNSAT in 0.02s
    cube 1429 (depth 0, 24 lits): UNSAT in 0.02s
    cube 1435 (depth 0, 24 lits): UNSAT in 0.02s
    cube 1441 (depth 0, 24 lits): UNSAT in 0.02s
    cube 1447 (depth 0, 24 lits): UNSAT in 0.23s
    cube 1453 (depth 0, 24 lits): UNSAT in 0.04s
    cube 1459 (depth 0, 24 lits): UNSAT in 0.08s
    cube 1465 (depth 0, 24 lits): UNSAT in 0.03s
    cube 1471 (depth 0, 24 lits): UNSAT in 0.35s
    cube 1477 (depth 0, 24 lits): UNSAT in 0.88s
    cube 1483 (depth 0, 24 lits): UNSAT in 0.02s
    cube 1489 (depth 0, 24 lits): UNSAT in 0.05s
    cube 1495 (depth 0, 24 lits): UNSAT in 0.14s
    cube 1501 (depth 0, 24 lits): UNSAT in 0.06s
    cube 1507 (depth 0, 24 lits): UNSAT in 0.26s
    cube 1513 (depth 0, 24 lits): UNSAT in 0.02s
    cube 1519 (depth 0, 24 lits): UNSAT in 0.02s
    cube 1525 (depth 0, 24 lits): UNSAT in 0.32s
    cube 1531 (depth 0, 24 lits): UNSAT in 0.12s
    cube 1537 (depth 0, 24 lits): UNSAT in 0.35s
    cube 1543 (depth 0, 24 lits): UNSAT in 0.03s
    cube 1549 (depth 0, 24 lits): UNSAT in 0.11s
    cube 1555 (depth 0, 24 lits): UNSAT in 0.34s
    cube 1561 (depth 0, 24 lits): UNSAT in 0.11s
    cube 1567 (depth 0, 24 lits): UNSAT in 0.12s
    cube 1573 (depth 0, 24 lits): UNSAT in 7.09s
    cube 1579 (depth 0, 24 lits): UNSAT in 0.04s
    cube 1585 (depth 0, 24 lits): UNSAT in 0.20s
    cube 1591 (depth 0, 24 lits): UNSAT in 0.11s
    cube 1597 (depth 0, 24 lits): UNSAT in 1.82s
    cube 1603 (depth 0, 24 lits): UNSAT in 9.82s
    cube 1609 (depth 0, 22 lits): UNSAT in 0.01s
    cube 1615 (depth 0, 24 lits): UNSAT in 0.02s
    cube 1621 (depth 0, 24 lits): UNSAT in 0.01s
    cube 1627 (depth 0, 24 lits): UNSAT in 0.01s
    cube 1633 (depth 0, 24 lits): UNSAT in 0.06s
    cube 1639 (depth 0, 22 lits): UNSAT in 0.02s
    cube 1645 (depth 0, 24 lits): UNSAT in 0.01s
    cube 1651 (depth 0, 24 lits): UNSAT in 0.01s
    cube 1657 (depth 0, 24 lits): UNSAT in 0.02s
    cube 1663 (depth 0, 24 lits): UNSAT in 0.02s
    cube 1669 (depth 0, 24 lits): UNSAT in 0.02s
    cube 1675 (depth 0, 24 lits): UNSAT in 0.01s
    cube 1681 (depth 0, 24 lits): UNSAT in 0.14s
    cube 1687 (depth 0, 23 lits): UNSAT in 0.02s
    cube 1693 (depth 0, 24 lits): UNSAT in 0.01s
    cube 1699 (depth 0, 24 lits): UNSAT in 0.02s
    cube 1705 (depth 0, 23 lits): UNSAT in 0.01s
    cube 1711 (depth 0, 24 lits): UNSAT in 0.03s
    cube 1717 (depth 0, 24 lits): UNSAT in 0.03s
    cube 1723 (depth 0, 24 lits): UNSAT in 0.07s
    cube 1729 (depth 0, 23 lits): UNSAT in 0.02s
    cube 1735 (depth 0, 24 lits): UNSAT in 0.02s
    cube 1741 (depth 0, 24 lits): UNSAT in 0.02s
    cube 1747 (depth 0, 24 lits): UNSAT in 0.04s
    cube 1753 (depth 0, 24 lits): UNSAT in 0.08s
    cube 1759 (depth 0, 24 lits): UNSAT in 0.02s
    cube 1765 (depth 0, 24 lits): UNSAT in 0.04s
    cube 1771 (depth 0, 24 lits): UNSAT in 0.02s
    cube 1777 (depth 0, 24 lits): UNSAT in 0.29s
    cube 1783 (depth 0, 24 lits): UNSAT in 0.37s
    cube 1789 (depth 0, 24 lits): UNSAT in 0.02s
    cube 1795 (depth 0, 22 lits): UNSAT in 0.01s
    cube 1801 (depth 0, 24 lits): UNSAT in 0.01s
    cube 1807 (depth 0, 23 lits): UNSAT in 0.01s
    cube 1813 (depth 0, 24 lits): UNSAT in 0.04s
    cube 1819 (depth 0, 24 lits): UNSAT in 0.08s
    cube 1825 (depth 0, 24 lits): UNSAT in 0.02s
    cube 1831 (depth 0, 24 lits): UNSAT in 0.02s
    cube 1837 (depth 0, 23 lits): UNSAT in 0.01s
    cube 1843 (depth 0, 24 lits): UNSAT in 0.02s
    cube 1849 (depth 0, 23 lits): UNSAT in 0.01s
    cube 1855 (depth 0, 24 lits): UNSAT in 0.03s
    cube 1861 (depth 0, 24 lits): UNSAT in 0.03s
    cube 1867 (depth 0, 23 lits): UNSAT in 0.01s
    cube 1873 (depth 0, 24 lits): UNSAT in 0.03s
    cube 1879 (depth 0, 24 lits): UNSAT in 0.03s
    cube 1885 (depth 0, 24 lits): UNSAT in 0.06s
    cube 1891 (depth 0, 24 lits): UNSAT in 0.01s
    cube 1897 (depth 0, 24 lits): UNSAT in 0.01s
    cube 1903 (depth 0, 24 lits): UNSAT in 0.02s
    cube 1909 (depth 0, 24 lits): UNSAT in 0.02s
    cube 1915 (depth 0, 24 lits): UNSAT in 0.08s
    cube 1921 (depth 0, 24 lits): UNSAT in 0.02s
    cube 1927 (depth 0, 24 lits): UNSAT in 0.02s
    cube 1933 (depth 0, 24 lits): UNSAT in 0.02s
    cube 1939 (depth 0, 24 lits): UNSAT in 0.04s
    cube 1945 (depth 0, 24 lits): UNSAT in 0.02s
    cube 1951 (depth 0, 24 lits): UNSAT in 0.02s
    cube 1957 (depth 0, 24 lits): UNSAT in 0.02s
    cube 1963 (depth 0, 24 lits): UNSAT in 0.03s
    cube 1969 (depth 0, 24 lits): UNSAT in 0.02s
    cube 1975 (depth 0, 24 lits): UNSAT in 0.08s
    cube 1981 (depth 0, 24 lits): UNSAT in 0.03s
    cube 1987 (depth 0, 24 lits): UNSAT in 0.05s
    cube 1993 (depth 0, 24 lits): UNSAT in 0.02s
    cube 1999 (depth 0, 24 lits): UNSAT in 0.05s
    cube 2005 (depth 0, 24 lits): UNSAT in 0.12s
    cube 2011 (depth 0, 24 lits): UNSAT in 2.41s
    cube 2017 (depth 0, 24 lits): UNSAT in 0.02s
    cube 2023 (depth 0, 24 lits): UNSAT in 0.02s
    cube 2029 (depth 0, 24 lits): UNSAT in 0.01s
    cube 2035 (depth 0, 24 lits): UNSAT in 0.02s
    cube 2041 (depth 0, 24 lits): UNSAT in 0.06s
    cube 2047 (depth 0, 24 lits): UNSAT in 0.01s
    cube 2053 (depth 0, 24 lits): UNSAT in 0.14s
    cube 2059 (depth 0, 24 lits): UNSAT in 0.11s
    cube 2065 (depth 0, 24 lits): UNSAT in 0.02s
    cube 2071 (depth 0, 24 lits): UNSAT in 0.02s
    cube 2077 (depth 0, 24 lits): UNSAT in 0.07s
    cube 2083 (depth 0, 24 lits): UNSAT in 0.07s
    cube 2089 (depth 0, 24 lits): UNSAT in 0.09s
    cube 2095 (depth 0, 24 lits): UNSAT in 0.01s
    cube 2101 (depth 0, 24 lits): UNSAT in 0.04s
    cube 2107 (depth 0, 24 lits): UNSAT in 0.08s
    cube 2113 (depth 0, 24 lits): UNSAT in 0.13s
    cube 2119 (depth 0, 24 lits): UNSAT in 0.12s
    cube 2125 (depth 0, 24 lits): UNSAT in 2.07s
    cube 2131 (depth 0, 24 lits): UNSAT in 0.04s
    cube 2137 (depth 0, 24 lits): UNSAT in 0.05s
    cube 2143 (depth 0, 24 lits): UNSAT in 0.03s
    cube 2149 (depth 0, 24 lits): UNSAT in 0.09s
    cube 2155 (depth 0, 24 lits): UNSAT in 0.16s
    cube 2161 (depth 0, 24 lits): UNSAT in 0.03s
    cube 2167 (depth 0, 24 lits): UNSAT in 0.10s
    cube 2173 (depth 0, 24 lits): UNSAT in 0.73s
    cube 2179 (depth 0, 24 lits): UNSAT in 0.07s
    cube 2185 (depth 0, 24 lits): UNSAT in 0.44s
    cube 2191 (depth 0, 24 lits): UNSAT in 0.06s
    cube 2197 (depth 0, 24 lits): UNSAT in 0.37s
    cube 2203 (depth 0, 24 lits): UNSAT in 0.14s
    cube 2209 (depth 0, 24 lits): UNSAT in 0.10s
    cube 2215 (depth 0, 24 lits): UNSAT in 0.39s
    cube 2221 (depth 0, 24 lits): UNSAT in 1.97s
    cube 2227 (depth 0, 24 lits): UNSAT in 0.13s
    cube 2233 (depth 0, 24 lits): UNSAT in 0.97s
    cube 2239 (depth 0, 24 lits): UNSAT in 0.11s
    cube 2245 (depth 0, 24 lits): UNSAT in 4.98s
    cube 2251 (depth 0, 24 lits): UNSAT in 6.95s
    cube 2257 (depth 0, 23 lits): UNSAT in 0.02s
    cube 2263 (depth 0, 24 lits): UNSAT in 0.02s
    cube 2269 (depth 0, 24 lits): UNSAT in 0.03s
    cube 2275 (depth 0, 24 lits): UNSAT in 0.02s
    cube 2281 (depth 0, 24 lits): UNSAT in 0.14s
    cube 2287 (depth 0, 24 lits): UNSAT in 0.03s
    cube 2293 (depth 0, 24 lits): UNSAT in 0.04s
    cube 2299 (depth 0, 24 lits): UNSAT in 0.01s
    cube 2305 (depth 0, 24 lits): UNSAT in 0.05s
    cube 2311 (depth 0, 24 lits): UNSAT in 0.04s
    cube 2317 (depth 0, 24 lits): UNSAT in 0.01s
    cube 2323 (depth 0, 24 lits): UNSAT in 0.05s
    cube 2329 (depth 0, 24 lits): UNSAT in 0.15s
    cube 2335 (depth 0, 24 lits): UNSAT in 0.05s
    cube 2341 (depth 0, 24 lits): UNSAT in 0.20s
    cube 2347 (depth 0, 24 lits): UNSAT in 0.02s
    cube 2353 (depth 0, 24 lits): UNSAT in 0.26s
    cube 2359 (depth 0, 24 lits): UNSAT in 0.39s
    cube 2365 (depth 0, 24 lits): UNSAT in 0.69s
    cube 2371 (depth 0, 24 lits): UNSAT in 1.07s
    cube 2377 (depth 0, 24 lits): UNSAT in 156.64s
    cube 2383 (depth 0, 24 lits): UNSAT in 0.02s
    cube 2389 (depth 0, 24 lits): UNSAT in 0.02s
    cube 2395 (depth 0, 24 lits): UNSAT in 0.02s
    cube 2401 (depth 0, 24 lits): UNSAT in 0.01s
    cube 2407 (depth 0, 24 lits): UNSAT in 0.08s
    cube 2413 (depth 0, 24 lits): UNSAT in 0.03s
    cube 2419 (depth 0, 24 lits): UNSAT in 0.02s
    cube 2425 (depth 0, 24 lits): UNSAT in 0.03s
    cube 2431 (depth 0, 24 lits): UNSAT in 0.48s
    cube 2437 (depth 0, 24 lits): UNSAT in 0.28s
    cube 2443 (depth 0, 24 lits): UNSAT in 0.05s
    cube 2449 (depth 0, 24 lits): UNSAT in 0.10s
    cube 2455 (depth 0, 24 lits): UNSAT in 0.75s
    cube 2461 (depth 0, 24 lits): UNSAT in 0.04s
    cube 2467 (depth 0, 24 lits): UNSAT in 1.04s
    cube 2473 (depth 0, 24 lits): UNSAT in 0.03s
    cube 2479 (depth 0, 24 lits): UNSAT in 0.22s
    cube 2485 (depth 0, 24 lits): UNSAT in 0.94s
    cube 2491 (depth 0, 24 lits): UNSAT in 0.64s
    cube 2497 (depth 0, 24 lits): UNSAT in 2.19s
    cube 2503 (depth 0, 24 lits): UNSAT in 340.43s
    cube 2509 (depth 0, 23 lits): UNSAT in 0.01s
    cube 2515 (depth 0, 23 lits): UNSAT in 0.01s
    cube 2521 (depth 0, 24 lits): UNSAT in 0.01s
    cube 2527 (depth 0, 24 lits): UNSAT in 0.01s
    cube 2533 (depth 0, 23 lits): UNSAT in 0.02s
    cube 2539 (depth 0, 24 lits): UNSAT in 0.20s
    cube 2545 (depth 0, 24 lits): UNSAT in 0.05s
    cube 2551 (depth 0, 24 lits): UNSAT in 0.08s
    cube 2557 (depth 0, 24 lits): UNSAT in 0.01s
    cube 2563 (depth 0, 24 lits): UNSAT in 0.08s
    cube 2569 (depth 0, 24 lits): UNSAT in 0.06s
    cube 2575 (depth 0, 24 lits): UNSAT in 0.03s
    cube 2581 (depth 0, 24 lits): UNSAT in 0.04s
    cube 2587 (depth 0, 24 lits): UNSAT in 0.01s
    cube 2593 (depth 0, 24 lits): UNSAT in 0.04s
    cube 2599 (depth 0, 24 lits): UNSAT in 0.03s
    cube 2605 (depth 0, 24 lits): UNSAT in 0.03s
    cube 2611 (depth 0, 24 lits): UNSAT in 0.05s
    cube 2617 (depth 0, 24 lits): UNSAT in 0.56s
    cube 2623 (depth 0, 24 lits): UNSAT in 0.02s
    cube 2629 (depth 0, 24 lits): UNSAT in 0.04s
    cube 2635 (depth 0, 24 lits): UNSAT in 0.03s
    cube 2641 (depth 0, 24 lits): UNSAT in 0.03s
    cube 2647 (depth 0, 23 lits): UNSAT in 0.01s
    cube 2653 (depth 0, 24 lits): UNSAT in 0.04s
    cube 2659 (depth 0, 24 lits): UNSAT in 0.32s
    cube 2665 (depth 0, 24 lits): UNSAT in 0.25s
    cube 2671 (depth 0, 24 lits): UNSAT in 0.07s
    cube 2677 (depth 0, 24 lits): UNSAT in 7.11s
    cube 2683 (depth 0, 24 lits): UNSAT in 0.06s
    cube 2689 (depth 0, 24 lits): UNSAT in 0.25s
    cube 2695 (depth 0, 24 lits): UNSAT in 0.04s
    cube 2701 (depth 0, 24 lits): UNSAT in 0.44s
    cube 2707 (depth 0, 24 lits): UNSAT in 0.38s
    cube 2713 (depth 0, 24 lits): UNSAT in 0.11s
    cube 2719 (depth 0, 24 lits): UNSAT in 0.06s
    cube 2725 (depth 0, 24 lits): UNSAT in 3.34s
    cube 2731 (depth 0, 24 lits): UNSAT in 2.52s
    cube 2737 (depth 0, 24 lits): UNSAT in 2.89s
    cube 2743 (depth 0, 24 lits): UNSAT in 0.02s
    cube 2749 (depth 0, 24 lits): UNSAT in 0.04s
    cube 2755 (depth 0, 24 lits): UNSAT in 0.04s
    cube 2761 (depth 0, 24 lits): UNSAT in 0.02s
    cube 2767 (depth 0, 24 lits): UNSAT in 0.04s
    cube 2773 (depth 0, 24 lits): UNSAT in 0.42s
    cube 2779 (depth 0, 24 lits): UNSAT in 0.07s
    cube 2785 (depth 0, 24 lits): UNSAT in 0.07s
    cube 2791 (depth 0, 24 lits): UNSAT in 0.04s
    cube 2797 (depth 0, 24 lits): UNSAT in 0.20s
    cube 2803 (depth 0, 24 lits): UNSAT in 0.29s
    cube 2809 (depth 0, 24 lits): UNSAT in 0.03s
    cube 2815 (depth 0, 24 lits): UNSAT in 0.03s
    cube 2821 (depth 0, 24 lits): UNSAT in 0.60s
    cube 2827 (depth 0, 24 lits): UNSAT in 0.05s
    cube 2833 (depth 0, 24 lits): UNSAT in 0.31s
    cube 2839 (depth 0, 24 lits): UNSAT in 0.04s
    cube 2845 (depth 0, 24 lits): UNSAT in 0.59s
    cube 2851 (depth 0, 24 lits): UNSAT in 0.06s
    cube 2857 (depth 0, 24 lits): UNSAT in 0.25s
    cube 2863 (depth 0, 24 lits): UNSAT in 0.93s
    cube 2869 (depth 0, 24 lits): UNSAT in 48.99s
    cube 2875 (depth 0, 24 lits): UNSAT in 0.02s
    cube 2881 (depth 0, 24 lits): UNSAT in 0.28s
    cube 2887 (depth 0, 24 lits): UNSAT in 0.03s
    cube 2893 (depth 0, 24 lits): UNSAT in 0.22s
    cube 2899 (depth 0, 24 lits): UNSAT in 0.20s
    cube 2905 (depth 0, 24 lits): UNSAT in 0.05s
    cube 2911 (depth 0, 24 lits): UNSAT in 0.03s
    cube 2917 (depth 0, 24 lits): UNSAT in 2.51s
    cube 2923 (depth 0, 24 lits): UNSAT in 0.58s
    cube 2929 (depth 0, 24 lits): UNSAT in 11.45s
    cube 2935 (depth 0, 24 lits): UNSAT in 0.02s
    cube 2941 (depth 0, 24 lits): UNSAT in 0.27s
    cube 2947 (depth 0, 24 lits): UNSAT in 0.32s
    cube 2953 (depth 0, 24 lits): UNSAT in 0.62s
    cube 2959 (depth 0, 24 lits): UNSAT in 0.36s
    cube 2965 (depth 0, 24 lits): UNSAT in 55.87s
    cube 2971 (depth 0, 24 lits): UNSAT in 0.16s
    cube 2977 (depth 0, 24 lits): UNSAT in 3.66s
    cube 2983 (depth 0, 24 lits): UNSAT in 0.68s
    cube 2989 (depth 0, 24 lits): UNSAT in 79.65s
    cube 2995 (depth 0, 24 lits): UNSAT in 157.14s
    cube 3001 (depth 0, 24 lits): UNSAT in 0.02s
    cube 3007 (depth 0, 24 lits): UNSAT in 0.06s
    cube 3013 (depth 0, 24 lits): UNSAT in 0.02s
    cube 3019 (depth 0, 24 lits): UNSAT in 0.02s
    cube 3025 (depth 0, 24 lits): UNSAT in 0.32s
    cube 3031 (depth 0, 24 lits): UNSAT in 0.01s
    cube 3037 (depth 0, 24 lits): UNSAT in 0.13s
    cube 3043 (depth 0, 24 lits): UNSAT in 0.04s
    cube 3049 (depth 0, 24 lits): UNSAT in 0.17s
    cube 3055 (depth 0, 24 lits): UNSAT in 0.49s
    cube 3061 (depth 0, 24 lits): UNSAT in 0.03s
    cube 3067 (depth 0, 24 lits): UNSAT in 0.03s
    cube 3073 (depth 0, 24 lits): UNSAT in 0.14s
    cube 3079 (depth 0, 24 lits): UNSAT in 0.04s
    cube 3085 (depth 0, 24 lits): UNSAT in 0.10s
    cube 3091 (depth 0, 24 lits): UNSAT in 0.02s
    cube 3097 (depth 0, 24 lits): UNSAT in 0.12s
    cube 3103 (depth 0, 24 lits): UNSAT in 0.30s
    cube 3109 (depth 0, 24 lits): UNSAT in 0.12s
    cube 3115 (depth 0, 24 lits): UNSAT in 0.30s
    cube 3121 (depth 0, 24 lits): UNSAT in 13.30s
    cube 3127 (depth 0, 24 lits): UNSAT in 0.03s
    cube 3133 (depth 0, 24 lits): UNSAT in 0.02s
    cube 3139 (depth 0, 24 lits): UNSAT in 0.02s
    cube 3145 (depth 0, 24 lits): UNSAT in 0.12s
    cube 3151 (depth 0, 24 lits): UNSAT in 0.03s
    cube 3157 (depth 0, 24 lits): UNSAT in 0.03s
    cube 3163 (depth 0, 24 lits): UNSAT in 0.04s
    cube 3169 (depth 0, 24 lits): UNSAT in 0.48s
    cube 3175 (depth 0, 24 lits): UNSAT in 0.07s
    cube 3181 (depth 0, 24 lits): UNSAT in 0.89s
    cube 3187 (depth 0, 24 lits): UNSAT in 0.02s
    cube 3193 (depth 0, 24 lits): UNSAT in 0.17s
    cube 3199 (depth 0, 24 lits): UNSAT in 0.13s
    cube 3205 (depth 0, 24 lits): UNSAT in 0.05s
    cube 3211 (depth 0, 24 lits): UNSAT in 0.07s
    cube 3217 (depth 0, 24 lits): UNSAT in 1.63s
    cube 3223 (depth 0, 24 lits): UNSAT in 0.64s
    cube 3229 (depth 0, 24 lits): UNSAT in 0.39s
    cube 3235 (depth 0, 24 lits): UNSAT in 0.14s
    cube 3241 (depth 0, 24 lits): UNSAT in 3.22s
    cube 3247 (depth 0, 24 lits): UNSAT in 8.83s
    cube 3253 (depth 0, 24 lits): UNSAT in 0.02s
    cube 3259 (depth 0, 24 lits): UNSAT in 0.02s
    cube 3265 (depth 0, 24 lits): UNSAT in 0.01s
    cube 3271 (depth 0, 24 lits): UNSAT in 0.04s
    cube 3277 (depth 0, 24 lits): UNSAT in 0.09s
    cube 3283 (depth 0, 24 lits): UNSAT in 0.01s
    cube 3289 (depth 0, 24 lits): UNSAT in 0.01s
    cube 3295 (depth 0, 24 lits): UNSAT in 0.07s
    cube 3301 (depth 0, 24 lits): UNSAT in 0.04s
    cube 3307 (depth 0, 24 lits): UNSAT in 0.18s
    cube 3313 (depth 0, 24 lits): UNSAT in 0.02s
    cube 3319 (depth 0, 24 lits): UNSAT in 0.10s
    cube 3325 (depth 0, 24 lits): UNSAT in 0.10s
    cube 3331 (depth 0, 24 lits): UNSAT in 0.09s
    cube 3337 (depth 0, 24 lits): UNSAT in 0.03s
    cube 3343 (depth 0, 24 lits): UNSAT in 0.58s
    cube 3349 (depth 0, 24 lits): UNSAT in 0.06s
    cube 3355 (depth 0, 24 lits): UNSAT in 0.39s
    cube 3361 (depth 0, 24 lits): UNSAT in 0.06s
    cube 3367 (depth 0, 24 lits): UNSAT in 0.69s
    cube 3373 (depth 0, 24 lits): UNSAT in 11.70s
    cube 3379 (depth 0, 24 lits): UNSAT in 0.02s
    cube 3385 (depth 0, 24 lits): UNSAT in 0.05s
    cube 3391 (depth 0, 24 lits): UNSAT in 0.55s
    cube 3397 (depth 0, 24 lits): UNSAT in 0.20s
    cube 3403 (depth 0, 24 lits): UNSAT in 0.12s
    cube 3409 (depth 0, 24 lits): UNSAT in 0.11s
    cube 3415 (depth 0, 24 lits): UNSAT in 0.13s
    cube 3421 (depth 0, 24 lits): UNSAT in 0.54s
    cube 3427 (depth 0, 24 lits): UNSAT in 0.41s
    cube 3433 (depth 0, 24 lits): UNSAT in 1.17s
    cube 3439 (depth 0, 24 lits): UNSAT in 0.05s
    cube 3445 (depth 0, 24 lits): UNSAT in 0.33s
    cube 3451 (depth 0, 24 lits): UNSAT in 0.71s
    cube 3457 (depth 0, 24 lits): UNSAT in 0.54s
    cube 3463 (depth 0, 24 lits): UNSAT in 0.42s
    cube 3469 (depth 0, 24 lits): UNSAT in 105.73s
    cube 3475 (depth 0, 24 lits): UNSAT in 0.48s
    cube 3481 (depth 0, 24 lits): UNSAT in 1.32s
    cube 3487 (depth 0, 24 lits): UNSAT in 0.22s
    cube 3493 (depth 0, 24 lits): UNSAT in 56.32s
    cube 3499 (depth 0, 24 lits): UNSAT in 52.13s

  shard 1 verdict: UNSAT [parent cube 767's children only] (584 UNSAT, 0 unresolved) in 2160.2s
