  shard 3/6 (round-robin): 567 of 3402 cubes, per-cube cap 600.0s, re-split depth 3
    cube 3 (depth 0, 20 lits): UNSAT in 0.02s
    cube 9 (depth 0, 24 lits): UNSAT in 0.01s
    cube 15 (depth 0, 23 lits): UNSAT in 0.01s
    cube 21 (depth 0, 23 lits): UNSAT in 0.01s
    cube 27 (depth 0, 23 lits): UNSAT in 0.01s
    cube 33 (depth 0, 23 lits): UNSAT in 0.01s
    cube 39 (depth 0, 23 lits): UNSAT in 0.02s
    cube 45 (depth 0, 24 lits): UNSAT in 0.02s
    cube 51 (depth 0, 24 lits): UNSAT in 0.01s
    cube 57 (depth 0, 24 lits): UNSAT in 0.02s
    cube 63 (depth 0, 24 lits): UNSAT in 0.02s
    cube 69 (depth 0, 21 lits): UNSAT in 0.01s
    cube 75 (depth 0, 23 lits): UNSAT in 0.02s
    cube 81 (depth 0, 24 lits): UNSAT in 0.02s
    cube 87 (depth 0, 24 lits): UNSAT in 0.02s
    cube 93 (depth 0, 22 lits): UNSAT in 0.02s
    cube 99 (depth 0, 23 lits): UNSAT in 0.01s
    cube 105 (depth 0, 24 lits): UNSAT in 0.01s
    cube 111 (depth 0, 24 lits): UNSAT in 0.02s
    cube 117 (depth 0, 24 lits): UNSAT in 0.02s
    cube 123 (depth 0, 24 lits): UNSAT in 0.04s
    cube 129 (depth 0, 24 lits): UNSAT in 0.01s
    cube 135 (depth 0, 23 lits): UNSAT in 0.02s
    cube 141 (depth 0, 24 lits): UNSAT in 0.04s
    cube 147 (depth 0, 24 lits): UNSAT in 0.01s
    cube 153 (depth 0, 24 lits): UNSAT in 0.02s
    cube 159 (depth 0, 24 lits): UNSAT in 0.01s
    cube 165 (depth 0, 24 lits): UNSAT in 0.03s
    cube 171 (depth 0, 24 lits): UNSAT in 0.03s
    cube 177 (depth 0, 24 lits): UNSAT in 0.02s
    cube 183 (depth 0, 24 lits): UNSAT in 0.02s
    cube 189 (depth 0, 24 lits): UNSAT in 0.02s
    cube 195 (depth 0, 24 lits): UNSAT in 0.04s
    cube 201 (depth 0, 23 lits): UNSAT in 0.01s
    cube 207 (depth 0, 24 lits): UNSAT in 0.02s
    cube 213 (depth 0, 24 lits): UNSAT in 0.02s
    cube 219 (depth 0, 24 lits): UNSAT in 0.13s
    cube 225 (depth 0, 24 lits): UNSAT in 0.10s
    cube 231 (depth 0, 22 lits): UNSAT in 0.01s
    cube 237 (depth 0, 24 lits): UNSAT in 0.01s
    cube 243 (depth 0, 23 lits): UNSAT in 0.01s
    cube 249 (depth 0, 21 lits): UNSAT in 0.02s
    cube 255 (depth 0, 24 lits): UNSAT in 0.01s
    cube 261 (depth 0, 24 lits): UNSAT in 0.02s
    cube 267 (depth 0, 24 lits): UNSAT in 0.02s
    cube 273 (depth 0, 24 lits): UNSAT in 0.04s
    cube 279 (depth 0, 24 lits): UNSAT in 0.02s
    cube 285 (depth 0, 24 lits): UNSAT in 0.10s
    cube 291 (depth 0, 22 lits): UNSAT in 0.01s
    cube 297 (depth 0, 23 lits): UNSAT in 0.02s
    cube 303 (depth 0, 24 lits): UNSAT in 0.02s
    cube 309 (depth 0, 24 lits): UNSAT in 0.02s
    cube 315 (depth 0, 24 lits): UNSAT in 0.05s
    cube 321 (depth 0, 24 lits): UNSAT in 0.02s
    cube 327 (depth 0, 24 lits): UNSAT in 0.03s
    cube 333 (depth 0, 23 lits): UNSAT in 0.01s
    cube 339 (depth 0, 24 lits): UNSAT in 0.03s
    cube 345 (depth 0, 24 lits): UNSAT in 0.02s
    cube 351 (depth 0, 24 lits): UNSAT in 0.01s
    cube 357 (depth 0, 24 lits): UNSAT in 0.04s
    cube 363 (depth 0, 24 lits): UNSAT in 0.02s
    cube 369 (depth 0, 24 lits): UNSAT in 0.08s
    cube 375 (depth 0, 24 lits): UNSAT in 0.10s
    cube 381 (depth 0, 24 lits): UNSAT in 0.53s
    cube 387 (depth 0, 24 lits): UNSAT in 0.22s
    cube 393 (depth 0, 24 lits): UNSAT in 0.02s
    cube 399 (depth 0, 24 lits): UNSAT in 0.01s
    cube 405 (depth 0, 24 lits): UNSAT in 0.02s
    cube 411 (depth 0, 24 lits): UNSAT in 0.02s
    cube 417 (depth 0, 24 lits): UNSAT in 0.02s
    cube 423 (depth 0, 24 lits): UNSAT in 0.01s
    cube 429 (depth 0, 23 lits): UNSAT in 0.02s
    cube 435 (depth 0, 24 lits): UNSAT in 0.07s
    cube 441 (depth 0, 24 lits): UNSAT in 0.08s
    cube 447 (depth 0, 24 lits): UNSAT in 0.02s
    cube 453 (depth 0, 24 lits): UNSAT in 0.02s
    cube 459 (depth 0, 24 lits): UNSAT in 0.02s
    cube 465 (depth 0, 24 lits): UNSAT in 0.02s
    cube 471 (depth 0, 24 lits): UNSAT in 0.13s
    cube 477 (depth 0, 24 lits): UNSAT in 0.02s
    cube 483 (depth 0, 24 lits): UNSAT in 0.02s
    cube 489 (depth 0, 24 lits): UNSAT in 0.03s
    cube 495 (depth 0, 24 lits): UNSAT in 0.03s
    cube 501 (depth 0, 24 lits): UNSAT in 0.12s
    cube 507 (depth 0, 23 lits): UNSAT in 0.02s
    cube 513 (depth 0, 24 lits): UNSAT in 0.01s
    cube 519 (depth 0, 24 lits): UNSAT in 0.06s
    cube 525 (depth 0, 24 lits): UNSAT in 0.01s
    cube 531 (depth 0, 24 lits): UNSAT in 0.07s
    cube 537 (depth 0, 24 lits): UNSAT in 0.03s
    cube 543 (depth 0, 24 lits): UNSAT in 0.02s
    cube 549 (depth 0, 24 lits): UNSAT in 0.05s
    cube 555 (depth 0, 24 lits): UNSAT in 0.04s
    cube 561 (depth 0, 24 lits): UNSAT in 0.26s
    cube 567 (depth 0, 24 lits): UNSAT in 0.02s
    cube 573 (depth 0, 24 lits): UNSAT in 0.03s
    cube 579 (depth 0, 24 lits): UNSAT in 0.02s
    cube 585 (depth 0, 24 lits): UNSAT in 0.02s
    cube 591 (depth 0, 24 lits): UNSAT in 0.07s
    cube 597 (depth 0, 24 lits): UNSAT in 0.10s
    cube 603 (depth 0, 23 lits): UNSAT in 0.02s
    cube 609 (depth 0, 24 lits): UNSAT in 0.83s
    cube 615 (depth 0, 24 lits): UNSAT in 0.19s
    cube 621 (depth 0, 24 lits): UNSAT in 0.51s
    cube 627 (depth 0, 21 lits): UNSAT in 0.01s
    cube 633 (depth 0, 24 lits): UNSAT in 0.02s
    cube 639 (depth 0, 23 lits): UNSAT in 0.01s
    cube 645 (depth 0, 24 lits): UNSAT in 0.01s
    cube 651 (depth 0, 24 lits): UNSAT in 0.01s
    cube 657 (depth 0, 24 lits): UNSAT in 0.04s
    cube 663 (depth 0, 24 lits): UNSAT in 0.01s
    cube 669 (depth 0, 24 lits): UNSAT in 0.04s
    cube 675 (depth 0, 22 lits): UNSAT in 0.02s
    cube 681 (depth 0, 24 lits): UNSAT in 0.02s
    cube 687 (depth 0, 24 lits): UNSAT in 0.01s
    cube 693 (depth 0, 24 lits): UNSAT in 0.02s
    cube 699 (depth 0, 24 lits): UNSAT in 0.02s
    cube 705 (depth 0, 24 lits): UNSAT in 0.02s
    cube 711 (depth 0, 24 lits): UNSAT in 0.05s
    cube 717 (depth 0, 24 lits): UNSAT in 0.01s
    cube 723 (depth 0, 24 lits): UNSAT in 0.02s
    cube 729 (depth 0, 24 lits): UNSAT in 0.02s
    cube 735 (depth 0, 24 lits): UNSAT in 0.02s
    cube 741 (depth 0, 24 lits): UNSAT in 0.01s
    cube 747 (depth 0, 24 lits): UNSAT in 0.06s
    cube 753 (depth 0, 24 lits): UNSAT in 0.03s
    cube 759 (depth 0, 24 lits): UNSAT in 0.04s
    cube 765 (depth 0, 24 lits): UNSAT in 0.04s
    cube 771 (depth 0, 24 lits): UNSAT in 0.17s
    cube 777 (depth 0, 24 lits): UNSAT in 0.02s
    cube 783 (depth 0, 24 lits): UNSAT in 0.02s
    cube 789 (depth 0, 24 lits): UNSAT in 0.02s
    cube 795 (depth 0, 24 lits): UNSAT in 0.02s
    cube 801 (depth 0, 24 lits): UNSAT in 0.01s
    cube 807 (depth 0, 24 lits): UNSAT in 0.03s
    cube 813 (depth 0, 24 lits): UNSAT in 0.03s
    cube 819 (depth 0, 24 lits): UNSAT in 0.10s
    cube 825 (depth 0, 24 lits): UNSAT in 0.01s
    cube 831 (depth 0, 24 lits): UNSAT in 0.02s
    cube 837 (depth 0, 24 lits): UNSAT in 0.03s
    cube 843 (depth 0, 24 lits): UNSAT in 0.03s
    cube 849 (depth 0, 24 lits): UNSAT in 0.06s
    cube 855 (depth 0, 24 lits): UNSAT in 0.02s
    cube 861 (depth 0, 24 lits): UNSAT in 0.04s
    cube 867 (depth 0, 24 lits): UNSAT in 0.02s
    cube 873 (depth 0, 24 lits): UNSAT in 0.02s
    cube 879 (depth 0, 24 lits): UNSAT in 0.05s
    cube 885 (depth 0, 24 lits): UNSAT in 0.07s
    cube 891 (depth 0, 24 lits): UNSAT in 0.02s
    cube 897 (depth 0, 24 lits): UNSAT in 0.02s
    cube 903 (depth 0, 24 lits): UNSAT in 0.02s
    cube 909 (depth 0, 24 lits): UNSAT in 0.02s
    cube 915 (depth 0, 24 lits): UNSAT in 0.15s
    cube 921 (depth 0, 24 lits): UNSAT in 0.03s
    cube 927 (depth 0, 24 lits): UNSAT in 0.04s
    cube 933 (depth 0, 24 lits): UNSAT in 0.05s
    cube 939 (depth 0, 24 lits): UNSAT in 0.57s
    cube 945 (depth 0, 24 lits): UNSAT in 0.41s
    cube 951 (depth 0, 24 lits): UNSAT in 0.03s
    cube 957 (depth 0, 24 lits): UNSAT in 0.03s
    cube 963 (depth 0, 24 lits): UNSAT in 0.28s
    cube 969 (depth 0, 24 lits): UNSAT in 0.16s
    cube 975 (depth 0, 24 lits): UNSAT in 0.22s
    cube 981 (depth 0, 24 lits): UNSAT in 0.02s
    cube 987 (depth 0, 24 lits): UNSAT in 0.20s
    cube 993 (depth 0, 24 lits): UNSAT in 0.24s
    cube 999 (depth 0, 24 lits): UNSAT in 0.23s
    cube 1005 (depth 0, 24 lits): UNSAT in 0.30s
    cube 1011 (depth 0, 24 lits): UNSAT in 3.73s
    cube 1017 (depth 0, 23 lits): UNSAT in 0.01s
    cube 1023 (depth 0, 24 lits): UNSAT in 0.02s
    cube 1029 (depth 0, 24 lits): UNSAT in 0.02s
    cube 1035 (depth 0, 22 lits): UNSAT in 0.02s
    cube 1041 (depth 0, 24 lits): UNSAT in 0.04s
    cube 1047 (depth 0, 24 lits): UNSAT in 0.02s
    cube 1053 (depth 0, 24 lits): UNSAT in 0.09s
    cube 1059 (depth 0, 23 lits): UNSAT in 0.01s
    cube 1065 (depth 0, 24 lits): UNSAT in 0.02s
    cube 1071 (depth 0, 24 lits): UNSAT in 0.01s
    cube 1077 (depth 0, 24 lits): UNSAT in 0.03s
    cube 1083 (depth 0, 24 lits): UNSAT in 0.01s
    cube 1089 (depth 0, 24 lits): UNSAT in 0.02s
    cube 1095 (depth 0, 24 lits): UNSAT in 0.03s
    cube 1101 (depth 0, 24 lits): UNSAT in 0.17s
    cube 1107 (depth 0, 24 lits): UNSAT in 0.28s
    cube 1113 (depth 0, 24 lits): UNSAT in 0.02s
    cube 1119 (depth 0, 24 lits): UNSAT in 0.04s
    cube 1125 (depth 0, 24 lits): UNSAT in 0.02s
    cube 1131 (depth 0, 24 lits): UNSAT in 0.02s
    cube 1137 (depth 0, 24 lits): UNSAT in 0.02s
    cube 1143 (depth 0, 24 lits): UNSAT in 0.02s
    cube 1149 (depth 0, 24 lits): UNSAT in 0.04s
    cube 1155 (depth 0, 24 lits): UNSAT in 0.03s
    cube 1161 (depth 0, 24 lits): UNSAT in 0.03s
    cube 1167 (depth 0, 24 lits): UNSAT in 0.01s
    cube 1173 (depth 0, 24 lits): UNSAT in 0.02s
    cube 1179 (depth 0, 24 lits): UNSAT in 0.02s
    cube 1185 (depth 0, 24 lits): UNSAT in 0.02s
    cube 1191 (depth 0, 24 lits): UNSAT in 0.02s
    cube 1197 (depth 0, 24 lits): UNSAT in 0.59s
    cube 1203 (depth 0, 24 lits): UNSAT in 0.02s
    cube 1209 (depth 0, 24 lits): UNSAT in 0.07s
    cube 1215 (depth 0, 24 lits): UNSAT in 0.02s
    cube 1221 (depth 0, 24 lits): UNSAT in 0.45s
    cube 1227 (depth 0, 24 lits): UNSAT in 0.54s
    cube 1233 (depth 0, 24 lits): UNSAT in 0.02s
    cube 1239 (depth 0, 24 lits): UNSAT in 0.02s
    cube 1245 (depth 0, 23 lits): UNSAT in 0.02s
    cube 1251 (depth 0, 24 lits): UNSAT in 0.07s
    cube 1257 (depth 0, 24 lits): UNSAT in 0.05s
    cube 1263 (depth 0, 24 lits): UNSAT in 0.06s
    cube 1269 (depth 0, 24 lits): UNSAT in 0.05s
    cube 1275 (depth 0, 24 lits): UNSAT in 0.33s
    cube 1281 (depth 0, 24 lits): UNSAT in 0.07s
    cube 1287 (depth 0, 24 lits): UNSAT in 0.16s
    cube 1293 (depth 0, 24 lits): UNSAT in 0.02s
    cube 1299 (depth 0, 24 lits): UNSAT in 0.03s
    cube 1305 (depth 0, 24 lits): UNSAT in 0.06s
    cube 1311 (depth 0, 24 lits): UNSAT in 0.02s
    cube 1317 (depth 0, 24 lits): UNSAT in 0.03s
    cube 1323 (depth 0, 24 lits): UNSAT in 0.02s
    cube 1329 (depth 0, 24 lits): UNSAT in 0.08s
    cube 1335 (depth 0, 24 lits): UNSAT in 0.02s
    cube 1341 (depth 0, 24 lits): UNSAT in 0.06s
    cube 1347 (depth 0, 24 lits): UNSAT in 0.31s
    cube 1353 (depth 0, 24 lits): UNSAT in 6.50s
    cube 1359 (depth 0, 24 lits): UNSAT in 0.01s
    cube 1365 (depth 0, 24 lits): UNSAT in 0.03s
    cube 1371 (depth 0, 24 lits): UNSAT in 0.02s
    cube 1377 (depth 0, 24 lits): UNSAT in 0.07s
    cube 1383 (depth 0, 24 lits): UNSAT in 0.06s
    cube 1389 (depth 0, 24 lits): UNSAT in 0.04s
    cube 1395 (depth 0, 24 lits): UNSAT in 0.08s
    cube 1401 (depth 0, 24 lits): UNSAT in 0.33s
    cube 1407 (depth 0, 24 lits): UNSAT in 0.03s
    cube 1413 (depth 0, 24 lits): UNSAT in 0.25s
    cube 1419 (depth 0, 24 lits): UNSAT in 0.01s
    cube 1425 (depth 0, 24 lits): UNSAT in 0.10s
    cube 1431 (depth 0, 24 lits): UNSAT in 0.08s
    cube 1437 (depth 0, 24 lits): UNSAT in 0.06s
    cube 1443 (depth 0, 24 lits): UNSAT in 0.10s
    cube 1449 (depth 0, 24 lits): UNSAT in 3.46s
    cube 1455 (depth 0, 24 lits): UNSAT in 0.20s
    cube 1461 (depth 0, 24 lits): UNSAT in 0.27s
    cube 1467 (depth 0, 24 lits): UNSAT in 0.21s
    cube 1473 (depth 0, 24 lits): UNSAT in 4.65s
    cube 1479 (depth 0, 24 lits): UNSAT in 19.40s
    cube 1485 (depth 0, 23 lits): UNSAT in 0.02s
    cube 1491 (depth 0, 23 lits): UNSAT in 0.02s
    cube 1497 (depth 0, 24 lits): UNSAT in 0.03s
    cube 1503 (depth 0, 24 lits): UNSAT in 0.01s
    cube 1509 (depth 0, 24 lits): UNSAT in 0.02s
    cube 1515 (depth 0, 24 lits): UNSAT in 0.02s
    cube 1521 (depth 0, 24 lits): UNSAT in 0.02s
    cube 1527 (depth 0, 23 lits): UNSAT in 0.01s
    cube 1533 (depth 0, 23 lits): UNSAT in 0.01s
    cube 1539 (depth 0, 24 lits): UNSAT in 0.05s
    cube 1545 (depth 0, 24 lits): UNSAT in 0.03s
    cube 1551 (depth 0, 24 lits): UNSAT in 0.03s
    cube 1557 (depth 0, 24 lits): UNSAT in 0.01s
    cube 1563 (depth 0, 24 lits): UNSAT in 0.04s
    cube 1569 (depth 0, 24 lits): UNSAT in 0.16s
    cube 1575 (depth 0, 24 lits): UNSAT in 0.08s
    cube 1581 (depth 0, 24 lits): UNSAT in 0.23s
    cube 1587 (depth 0, 23 lits): UNSAT in 0.01s
    cube 1593 (depth 0, 24 lits): UNSAT in 0.02s
    cube 1599 (depth 0, 24 lits): UNSAT in 0.03s
    cube 1605 (depth 0, 23 lits): UNSAT in 0.01s
    cube 1611 (depth 0, 24 lits): UNSAT in 0.04s
    cube 1617 (depth 0, 24 lits): UNSAT in 0.06s
    cube 1623 (depth 0, 24 lits): UNSAT in 0.04s
    cube 1629 (depth 0, 24 lits): UNSAT in 0.05s
    cube 1635 (depth 0, 23 lits): UNSAT in 0.01s
    cube 1641 (depth 0, 24 lits): UNSAT in 0.08s
    cube 1647 (depth 0, 24 lits): UNSAT in 0.08s
    cube 1653 (depth 0, 24 lits): UNSAT in 0.11s
    cube 1659 (depth 0, 24 lits): UNSAT in 0.03s
    cube 1665 (depth 0, 24 lits): UNSAT in 1.59s
    cube 1671 (depth 0, 24 lits): UNSAT in 0.07s
    cube 1677 (depth 0, 24 lits): UNSAT in 0.14s
    cube 1683 (depth 0, 24 lits): UNSAT in 0.06s
    cube 1689 (depth 0, 24 lits): UNSAT in 0.55s
    cube 1695 (depth 0, 24 lits): UNSAT in 1.56s
    cube 1701 (depth 0, 24 lits): UNSAT in 0.01s
    cube 1707 (depth 0, 24 lits): UNSAT in 0.03s
    cube 1713 (depth 0, 24 lits): UNSAT in 0.02s
    cube 1719 (depth 0, 24 lits): UNSAT in 0.02s
    cube 1725 (depth 0, 24 lits): UNSAT in 0.07s
    cube 1731 (depth 0, 24 lits): UNSAT in 0.03s
    cube 1737 (depth 0, 24 lits): UNSAT in 0.16s
    cube 1743 (depth 0, 24 lits): UNSAT in 0.03s
    cube 1749 (depth 0, 24 lits): UNSAT in 0.03s
    cube 1755 (depth 0, 24 lits): UNSAT in 0.02s
    cube 1761 (depth 0, 24 lits): UNSAT in 0.04s
    cube 1767 (depth 0, 24 lits): UNSAT in 0.21s
    cube 1773 (depth 0, 24 lits): UNSAT in 0.03s
    cube 1779 (depth 0, 24 lits): UNSAT in 0.06s
    cube 1785 (depth 0, 24 lits): UNSAT in 0.02s
    cube 1791 (depth 0, 24 lits): UNSAT in 0.04s
    cube 1797 (depth 0, 24 lits): UNSAT in 0.06s
    cube 1803 (depth 0, 24 lits): UNSAT in 0.25s
    cube 1809 (depth 0, 24 lits): UNSAT in 0.13s
    cube 1815 (depth 0, 24 lits): UNSAT in 5.91s
    cube 1821 (depth 0, 24 lits): UNSAT in 0.02s
    cube 1827 (depth 0, 24 lits): UNSAT in 0.05s
    cube 1833 (depth 0, 24 lits): UNSAT in 0.02s
    cube 1839 (depth 0, 24 lits): UNSAT in 0.12s
    cube 1845 (depth 0, 24 lits): UNSAT in 0.09s
    cube 1851 (depth 0, 24 lits): UNSAT in 0.02s
    cube 1857 (depth 0, 24 lits): UNSAT in 0.03s
    cube 1863 (depth 0, 24 lits): UNSAT in 0.02s
    cube 1869 (depth 0, 24 lits): UNSAT in 0.16s
    cube 1875 (depth 0, 24 lits): UNSAT in 0.24s
    cube 1881 (depth 0, 24 lits): UNSAT in 0.04s
    cube 1887 (depth 0, 24 lits): UNSAT in 0.04s
    cube 1893 (depth 0, 24 lits): UNSAT in 0.39s
    cube 1899 (depth 0, 24 lits): UNSAT in 0.03s
    cube 1905 (depth 0, 24 lits): UNSAT in 0.14s
    cube 1911 (depth 0, 24 lits): UNSAT in 0.02s
    cube 1917 (depth 0, 24 lits): UNSAT in 0.24s
    cube 1923 (depth 0, 24 lits): UNSAT in 0.66s
    cube 1929 (depth 0, 24 lits): UNSAT in 0.94s
    cube 1935 (depth 0, 24 lits): UNSAT in 0.82s
    cube 1941 (depth 0, 24 lits): UNSAT in 146.70s
    cube 1947 (depth 0, 24 lits): UNSAT in 0.04s
    cube 1953 (depth 0, 24 lits): UNSAT in 0.03s
    cube 1959 (depth 0, 24 lits): UNSAT in 0.03s
    cube 1965 (depth 0, 24 lits): UNSAT in 0.02s
    cube 1971 (depth 0, 24 lits): UNSAT in 0.08s
    cube 1977 (depth 0, 24 lits): UNSAT in 0.03s
    cube 1983 (depth 0, 24 lits): UNSAT in 0.09s
    cube 1989 (depth 0, 24 lits): UNSAT in 0.02s
    cube 1995 (depth 0, 24 lits): UNSAT in 0.04s
    cube 2001 (depth 0, 24 lits): UNSAT in 0.58s
    cube 2007 (depth 0, 24 lits): UNSAT in 0.02s
    cube 2013 (depth 0, 24 lits): UNSAT in 0.05s
    cube 2019 (depth 0, 24 lits): UNSAT in 0.05s
    cube 2025 (depth 0, 24 lits): UNSAT in 0.13s
    cube 2031 (depth 0, 24 lits): UNSAT in 0.10s
    cube 2037 (depth 0, 24 lits): UNSAT in 0.03s
    cube 2043 (depth 0, 24 lits): UNSAT in 0.02s
    cube 2049 (depth 0, 24 lits): UNSAT in 0.72s
    cube 2055 (depth 0, 24 lits): UNSAT in 0.06s
    cube 2061 (depth 0, 24 lits): UNSAT in 0.49s
    cube 2067 (depth 0, 22 lits): UNSAT in 0.02s
    cube 2073 (depth 0, 24 lits): UNSAT in 0.01s
    cube 2079 (depth 0, 23 lits): UNSAT in 0.01s
    cube 2085 (depth 0, 24 lits): UNSAT in 0.02s
    cube 2091 (depth 0, 24 lits): UNSAT in 0.16s
    cube 2097 (depth 0, 24 lits): UNSAT in 0.03s
    cube 2103 (depth 0, 24 lits): UNSAT in 0.01s
    cube 2109 (depth 0, 24 lits): UNSAT in 0.04s
    cube 2115 (depth 0, 24 lits): UNSAT in 0.10s
    cube 2121 (depth 0, 24 lits): UNSAT in 1.74s
    cube 2127 (depth 0, 24 lits): UNSAT in 0.03s
    cube 2133 (depth 0, 24 lits): UNSAT in 0.04s
    cube 2139 (depth 0, 24 lits): UNSAT in 0.03s
    cube 2145 (depth 0, 24 lits): UNSAT in 0.16s
    cube 2151 (depth 0, 24 lits): UNSAT in 0.17s
    cube 2157 (depth 0, 24 lits): UNSAT in 0.06s
    cube 2163 (depth 0, 24 lits): UNSAT in 0.05s
    cube 2169 (depth 0, 24 lits): UNSAT in 0.90s
    cube 2175 (depth 0, 24 lits): UNSAT in 0.11s
    cube 2181 (depth 0, 24 lits): UNSAT in 1.50s
    cube 2187 (depth 0, 24 lits): UNSAT in 0.02s
    cube 2193 (depth 0, 24 lits): UNSAT in 0.05s
    cube 2199 (depth 0, 24 lits): UNSAT in 0.05s
    cube 2205 (depth 0, 24 lits): UNSAT in 0.03s
    cube 2211 (depth 0, 24 lits): UNSAT in 0.05s
    cube 2217 (depth 0, 24 lits): UNSAT in 0.61s
    cube 2223 (depth 0, 24 lits): UNSAT in 0.03s
    cube 2229 (depth 0, 24 lits): UNSAT in 0.07s
    cube 2235 (depth 0, 24 lits): UNSAT in 0.05s
    cube 2241 (depth 0, 24 lits): UNSAT in 0.48s
    cube 2247 (depth 0, 24 lits): UNSAT in 0.16s
    cube 2253 (depth 0, 24 lits): UNSAT in 0.04s
    cube 2259 (depth 0, 24 lits): UNSAT in 0.03s
    cube 2265 (depth 0, 24 lits): UNSAT in 0.40s
    cube 2271 (depth 0, 24 lits): UNSAT in 0.06s
    cube 2277 (depth 0, 24 lits): UNSAT in 0.19s
    cube 2283 (depth 0, 24 lits): UNSAT in 0.03s
    cube 2289 (depth 0, 24 lits): UNSAT in 0.40s
    cube 2295 (depth 0, 24 lits): UNSAT in 1.21s
    cube 2301 (depth 0, 24 lits): UNSAT in 0.26s
    cube 2307 (depth 0, 24 lits): UNSAT in 0.61s
    cube 2313 (depth 0, 24 lits): UNSAT in 398.65s
    cube 2319 (depth 0, 24 lits): UNSAT in 0.04s
    cube 2325 (depth 0, 24 lits): UNSAT in 0.13s
    cube 2331 (depth 0, 24 lits): UNSAT in 0.20s
    cube 2337 (depth 0, 24 lits): UNSAT in 0.36s
    cube 2343 (depth 0, 24 lits): UNSAT in 6.15s
    cube 2349 (depth 0, 24 lits): UNSAT in 0.03s
    cube 2355 (depth 0, 24 lits): UNSAT in 0.15s
    cube 2361 (depth 0, 24 lits): UNSAT in 0.04s
    cube 2367 (depth 0, 24 lits): UNSAT in 0.94s
    cube 2373 (depth 0, 24 lits): UNSAT in 1.85s
    cube 2379 (depth 0, 24 lits): UNSAT in 0.43s
    cube 2385 (depth 0, 24 lits): UNSAT in 0.38s
    cube 2391 (depth 0, 24 lits): UNSAT in 10.28s
    cube 2397 (depth 0, 24 lits): UNSAT in 0.09s
    cube 2403 (depth 0, 24 lits): UNSAT in 4.07s
    cube 2409 (depth 0, 24 lits): UNSAT in 0.34s
    cube 2415 (depth 0, 24 lits): UNSAT in 2.93s
    cube 2421 (depth 0, 24 lits): UNSAT in 5.91s
    cube 2427 (depth 0, 24 lits): UNSAT in 4.84s
    cube 2433 (depth 0, 24 lits): UNSAT in 1.81s
    cube 2439 (depth 0, 24 lits): TIMEOUT in 600.10s
    cube 2439 TIMEOUT -> re-split into 63 sub-cubes (depth 1)
    cube 2439.0 (depth 1, 29 lits): UNSAT in 0.01s
    cube 2439.1 (depth 1, 30 lits): UNSAT in 0.01s
    cube 2439.2 (depth 1, 30 lits): UNSAT in 0.02s
    cube 2439.3 (depth 1, 30 lits): UNSAT in 0.02s
    cube 2439.4 (depth 1, 30 lits): UNSAT in 0.03s
    cube 2439.5 (depth 1, 30 lits): UNSAT in 0.02s
    cube 2439.6 (depth 1, 30 lits): UNSAT in 0.12s
    cube 2439.7 (depth 1, 30 lits): UNSAT in 0.01s
    cube 2439.8 (depth 1, 30 lits): UNSAT in 0.02s
    cube 2439.9 (depth 1, 30 lits): UNSAT in 0.02s
    cube 2439.10 (depth 1, 30 lits): UNSAT in 0.12s
    cube 2439.11 (depth 1, 30 lits): UNSAT in 0.03s
    cube 2439.12 (depth 1, 30 lits): UNSAT in 0.04s
    cube 2439.13 (depth 1, 30 lits): UNSAT in 0.05s
    cube 2439.14 (depth 1, 30 lits): UNSAT in 0.20s
    cube 2439.15 (depth 1, 30 lits): UNSAT in 0.03s
    cube 2439.16 (depth 1, 30 lits): UNSAT in 0.08s
    cube 2439.17 (depth 1, 30 lits): UNSAT in 0.07s
    cube 2439.18 (depth 1, 30 lits): UNSAT in 0.23s
    cube 2439.19 (depth 1, 30 lits): UNSAT in 0.08s
    cube 2439.20 (depth 1, 30 lits): UNSAT in 0.40s
    cube 2439.21 (depth 1, 30 lits): UNSAT in 0.28s
    cube 2439.22 (depth 1, 30 lits): UNSAT in 0.88s
    cube 2439.23 (depth 1, 30 lits): UNSAT in 0.08s
    cube 2439.24 (depth 1, 30 lits): UNSAT in 0.12s
    cube 2439.25 (depth 1, 30 lits): UNSAT in 0.15s
    cube 2439.26 (depth 1, 30 lits): UNSAT in 1.06s
    cube 2439.27 (depth 1, 30 lits): UNSAT in 0.26s
    cube 2439.28 (depth 1, 30 lits): UNSAT in 1.54s
    cube 2439.29 (depth 1, 30 lits): UNSAT in 0.60s
    cube 2439.30 (depth 1, 30 lits): UNSAT in 1.27s
    cube 2439.31 (depth 1, 30 lits): UNSAT in 0.02s
    cube 2439.32 (depth 1, 30 lits): UNSAT in 0.05s
    cube 2439.33 (depth 1, 30 lits): UNSAT in 0.03s
    cube 2439.34 (depth 1, 30 lits): UNSAT in 0.19s
    cube 2439.35 (depth 1, 30 lits): UNSAT in 0.03s
    cube 2439.36 (depth 1, 30 lits): UNSAT in 0.10s
    cube 2439.37 (depth 1, 30 lits): UNSAT in 0.07s
    cube 2439.38 (depth 1, 30 lits): UNSAT in 0.31s
    cube 2439.39 (depth 1, 30 lits): UNSAT in 0.03s
    cube 2439.40 (depth 1, 30 lits): UNSAT in 0.07s
    cube 2439.41 (depth 1, 30 lits): UNSAT in 0.09s
    cube 2439.42 (depth 1, 30 lits): UNSAT in 0.18s
    cube 2439.43 (depth 1, 30 lits): UNSAT in 0.35s
    cube 2439.44 (depth 1, 30 lits): UNSAT in 0.64s
    cube 2439.45 (depth 1, 30 lits): UNSAT in 2.53s
    cube 2439.46 (depth 1, 30 lits): UNSAT in 8.53s
    cube 2439.47 (depth 1, 30 lits): UNSAT in 0.03s
    cube 2439.48 (depth 1, 30 lits): UNSAT in 0.05s
    cube 2439.49 (depth 1, 30 lits): UNSAT in 0.17s
    cube 2439.50 (depth 1, 30 lits): UNSAT in 0.39s
    cube 2439.51 (depth 1, 30 lits): UNSAT in 0.22s
    cube 2439.52 (depth 1, 30 lits): UNSAT in 0.50s
    cube 2439.53 (depth 1, 30 lits): UNSAT in 1.16s
    cube 2439.54 (depth 1, 30 lits): UNSAT in 4.69s
    cube 2439.55 (depth 1, 30 lits): UNSAT in 0.68s
    cube 2439.56 (depth 1, 30 lits): UNSAT in 0.86s
    cube 2439.57 (depth 1, 30 lits): UNSAT in 2.21s
    cube 2439.58 (depth 1, 30 lits): UNSAT in 3.24s
    cube 2439.59 (depth 1, 30 lits): UNSAT in 1.57s
    cube 2439.60 (depth 1, 30 lits): UNSAT in 10.48s
    cube 2439.61 (depth 1, 30 lits): UNSAT in 24.57s
    cube 2439.62 (depth 1, 30 lits): UNSAT in 561.75s
    cube 2445 (depth 0, 24 lits): UNSAT in 0.01s
    cube 2451 (depth 0, 23 lits): UNSAT in 0.02s
    cube 2457 (depth 0, 24 lits): UNSAT in 0.02s
    cube 2463 (depth 0, 24 lits): UNSAT in 0.01s
    cube 2469 (depth 0, 24 lits): UNSAT in 0.03s
    cube 2475 (depth 0, 24 lits): UNSAT in 0.03s
    cube 2481 (depth 0, 24 lits): UNSAT in 0.03s
    cube 2487 (depth 0, 24 lits): UNSAT in 0.68s
    cube 2493 (depth 0, 24 lits): UNSAT in 0.02s
    cube 2499 (depth 0, 24 lits): UNSAT in 0.02s
    cube 2505 (depth 0, 24 lits): UNSAT in 0.02s
    cube 2511 (depth 0, 24 lits): UNSAT in 0.03s
    cube 2517 (depth 0, 24 lits): UNSAT in 0.06s
    cube 2523 (depth 0, 23 lits): UNSAT in 0.01s
    cube 2529 (depth 0, 24 lits): UNSAT in 0.06s
    cube 2535 (depth 0, 24 lits): UNSAT in 0.03s
    cube 2541 (depth 0, 24 lits): UNSAT in 0.10s
    cube 2547 (depth 0, 24 lits): UNSAT in 0.38s
    cube 2553 (depth 0, 23 lits): UNSAT in 0.02s
    cube 2559 (depth 0, 24 lits): UNSAT in 0.01s
    cube 2565 (depth 0, 24 lits): UNSAT in 0.03s
    cube 2571 (depth 0, 24 lits): UNSAT in 0.05s
    cube 2577 (depth 0, 24 lits): UNSAT in 0.02s
    cube 2583 (depth 0, 24 lits): UNSAT in 0.01s
    cube 2589 (depth 0, 24 lits): UNSAT in 0.04s
    cube 2595 (depth 0, 24 lits): UNSAT in 0.01s
    cube 2601 (depth 0, 24 lits): UNSAT in 0.10s
    cube 2607 (depth 0, 24 lits): UNSAT in 0.01s
    cube 2613 (depth 0, 24 lits): UNSAT in 0.03s
    cube 2619 (depth 0, 24 lits): UNSAT in 0.02s
    cube 2625 (depth 0, 24 lits): UNSAT in 0.12s
    cube 2631 (depth 0, 24 lits): UNSAT in 0.09s
    cube 2637 (depth 0, 24 lits): UNSAT in 3.22s
    cube 2643 (depth 0, 24 lits): UNSAT in 0.17s
    cube 2649 (depth 0, 24 lits): UNSAT in 0.44s
    cube 2655 (depth 0, 24 lits): UNSAT in 0.34s
    cube 2661 (depth 0, 24 lits): UNSAT in 7.43s
    cube 2667 (depth 0, 24 lits): UNSAT in 7.63s
    cube 2673 (depth 0, 24 lits): UNSAT in 0.03s
    cube 2679 (depth 0, 24 lits): UNSAT in 0.02s
    cube 2685 (depth 0, 23 lits): UNSAT in 0.01s
    cube 2691 (depth 0, 24 lits): UNSAT in 0.12s
    cube 2697 (depth 0, 24 lits): UNSAT in 0.05s
    cube 2703 (depth 0, 24 lits): UNSAT in 0.04s
    cube 2709 (depth 0, 24 lits): UNSAT in 0.03s
    cube 2715 (depth 0, 24 lits): UNSAT in 0.28s
    cube 2721 (depth 0, 24 lits): UNSAT in 0.13s
    cube 2727 (depth 0, 24 lits): UNSAT in 0.17s
    cube 2733 (depth 0, 24 lits): UNSAT in 0.02s
    cube 2739 (depth 0, 24 lits): UNSAT in 0.01s
    cube 2745 (depth 0, 24 lits): UNSAT in 0.06s
    cube 2751 (depth 0, 24 lits): UNSAT in 0.03s
    cube 2757 (depth 0, 24 lits): UNSAT in 0.05s
    cube 2763 (depth 0, 24 lits): UNSAT in 0.04s
    cube 2769 (depth 0, 24 lits): UNSAT in 0.46s
    cube 2775 (depth 0, 24 lits): UNSAT in 0.36s
    cube 2781 (depth 0, 24 lits): UNSAT in 0.07s
    cube 2787 (depth 0, 24 lits): UNSAT in 0.18s
    cube 2793 (depth 0, 24 lits): UNSAT in 6.81s
    cube 2799 (depth 0, 24 lits): UNSAT in 0.05s
    cube 2805 (depth 0, 24 lits): UNSAT in 0.05s
    cube 2811 (depth 0, 24 lits): UNSAT in 0.07s
    cube 2817 (depth 0, 24 lits): UNSAT in 0.13s
    cube 2823 (depth 0, 24 lits): UNSAT in 0.21s
    cube 2829 (depth 0, 24 lits): UNSAT in 0.02s
    cube 2835 (depth 0, 24 lits): UNSAT in 0.03s
    cube 2841 (depth 0, 24 lits): UNSAT in 0.30s
    cube 2847 (depth 0, 24 lits): UNSAT in 0.06s
    cube 2853 (depth 0, 24 lits): UNSAT in 1.23s
    cube 2859 (depth 0, 24 lits): UNSAT in 0.02s
    cube 2865 (depth 0, 24 lits): UNSAT in 0.29s
    cube 2871 (depth 0, 24 lits): UNSAT in 0.42s
    cube 2877 (depth 0, 24 lits): UNSAT in 0.12s
    cube 2883 (depth 0, 24 lits): UNSAT in 0.33s
    cube 2889 (depth 0, 24 lits): UNSAT in 7.83s
    cube 2895 (depth 0, 24 lits): UNSAT in 0.23s
    cube 2901 (depth 0, 24 lits): UNSAT in 0.62s
    cube 2907 (depth 0, 24 lits): UNSAT in 0.24s
    cube 2913 (depth 0, 24 lits): UNSAT in 11.94s
    cube 2919 (depth 0, 24 lits): UNSAT in 63.56s
    cube 2925 (depth 0, 24 lits): UNSAT in 0.02s
    cube 2931 (depth 0, 24 lits): UNSAT in 0.01s
    cube 2937 (depth 0, 23 lits): UNSAT in 0.01s
    cube 2943 (depth 0, 24 lits): UNSAT in 0.01s
    cube 2949 (depth 0, 24 lits): UNSAT in 0.04s
    cube 2955 (depth 0, 24 lits): UNSAT in 0.04s
    cube 2961 (depth 0, 24 lits): UNSAT in 0.09s
    cube 2967 (depth 0, 24 lits): UNSAT in 0.01s
    cube 2973 (depth 0, 24 lits): UNSAT in 0.14s
    cube 2979 (depth 0, 24 lits): UNSAT in 0.09s
    cube 2985 (depth 0, 24 lits): UNSAT in 0.01s
    cube 2991 (depth 0, 24 lits): UNSAT in 0.02s
    cube 2997 (depth 0, 24 lits): UNSAT in 0.02s
    cube 3003 (depth 0, 24 lits): UNSAT in 0.06s
    cube 3009 (depth 0, 23 lits): UNSAT in 0.01s
    cube 3015 (depth 0, 24 lits): UNSAT in 0.06s
    cube 3021 (depth 0, 24 lits): UNSAT in 0.04s
    cube 3027 (depth 0, 24 lits): UNSAT in 0.11s
    cube 3033 (depth 0, 24 lits): UNSAT in 0.23s
    cube 3039 (depth 0, 24 lits): UNSAT in 7.42s
    cube 3045 (depth 0, 24 lits): UNSAT in 0.01s
    cube 3051 (depth 0, 24 lits): UNSAT in 0.13s
    cube 3057 (depth 0, 24 lits): UNSAT in 0.02s
    cube 3063 (depth 0, 24 lits): UNSAT in 0.04s
    cube 3069 (depth 0, 24 lits): UNSAT in 0.01s
    cube 3075 (depth 0, 24 lits): UNSAT in 0.04s
    cube 3081 (depth 0, 24 lits): UNSAT in 0.30s
    cube 3087 (depth 0, 24 lits): UNSAT in 0.12s
    cube 3093 (depth 0, 24 lits): UNSAT in 0.09s
    cube 3099 (depth 0, 24 lits): UNSAT in 0.02s
    cube 3105 (depth 0, 24 lits): UNSAT in 0.12s
    cube 3111 (depth 0, 24 lits): UNSAT in 0.07s
    cube 3117 (depth 0, 24 lits): UNSAT in 0.10s
    cube 3123 (depth 0, 24 lits): UNSAT in 0.07s
    cube 3129 (depth 0, 24 lits): UNSAT in 1.40s
    cube 3135 (depth 0, 24 lits): UNSAT in 0.04s
    cube 3141 (depth 0, 24 lits): UNSAT in 0.55s
    cube 3147 (depth 0, 24 lits): UNSAT in 0.12s
    cube 3153 (depth 0, 24 lits): UNSAT in 12.32s
    cube 3159 (depth 0, 24 lits): UNSAT in 3.93s
    cube 3165 (depth 0, 24 lits): UNSAT in 0.01s
    cube 3171 (depth 0, 24 lits): UNSAT in 0.02s
    cube 3177 (depth 0, 24 lits): UNSAT in 0.04s
    cube 3183 (depth 0, 24 lits): UNSAT in 0.03s
    cube 3189 (depth 0, 24 lits): UNSAT in 0.02s
    cube 3195 (depth 0, 24 lits): UNSAT in 0.02s
    cube 3201 (depth 0, 24 lits): UNSAT in 0.03s
    cube 3207 (depth 0, 24 lits): UNSAT in 0.04s
    cube 3213 (depth 0, 24 lits): UNSAT in 0.04s
    cube 3219 (depth 0, 24 lits): UNSAT in 0.07s
    cube 3225 (depth 0, 24 lits): UNSAT in 0.19s
    cube 3231 (depth 0, 24 lits): UNSAT in 0.03s
    cube 3237 (depth 0, 24 lits): UNSAT in 0.11s
    cube 3243 (depth 0, 24 lits): UNSAT in 0.03s
    cube 3249 (depth 0, 24 lits): UNSAT in 1.53s
    cube 3255 (depth 0, 24 lits): UNSAT in 0.57s
    cube 3261 (depth 0, 24 lits): UNSAT in 0.03s
    cube 3267 (depth 0, 24 lits): UNSAT in 0.73s
    cube 3273 (depth 0, 24 lits): UNSAT in 89.84s
    cube 3279 (depth 0, 24 lits): UNSAT in 0.06s
    cube 3285 (depth 0, 24 lits): UNSAT in 0.09s
    cube 3291 (depth 0, 24 lits): UNSAT in 0.07s
    cube 3297 (depth 0, 24 lits): UNSAT in 0.14s
    cube 3303 (depth 0, 24 lits): UNSAT in 0.40s
    cube 3309 (depth 0, 24 lits): UNSAT in 0.12s
    cube 3315 (depth 0, 24 lits): UNSAT in 0.05s
    cube 3321 (depth 0, 24 lits): UNSAT in 7.13s
    cube 3327 (depth 0, 24 lits): UNSAT in 0.62s
    cube 3333 (depth 0, 24 lits): UNSAT in 6.13s
    cube 3339 (depth 0, 24 lits): UNSAT in 0.15s
    cube 3345 (depth 0, 24 lits): UNSAT in 4.50s
    cube 3351 (depth 0, 24 lits): UNSAT in 1.02s
    cube 3357 (depth 0, 24 lits): UNSAT in 0.51s
    cube 3363 (depth 0, 24 lits): UNSAT in 1.09s
    cube 3369 (depth 0, 24 lits): UNSAT in 351.86s
    cube 3375 (depth 0, 24 lits): UNSAT in 0.56s
    cube 3381 (depth 0, 24 lits): UNSAT in 4.07s
    cube 3387 (depth 0, 24 lits): UNSAT in 1.16s
    cube 3393 (depth 0, 24 lits): TIMEOUT in 600.10s
    cube 3393 TIMEOUT -> re-split into 64 sub-cubes (depth 1)
    cube 3393.0 (depth 1, 30 lits): UNSAT in 0.02s
    cube 3393.1 (depth 1, 30 lits): UNSAT in 0.03s
    cube 3393.2 (depth 1, 30 lits): UNSAT in 0.04s
    cube 3393.3 (depth 1, 30 lits): UNSAT in 0.06s
    cube 3393.4 (depth 1, 30 lits): UNSAT in 0.03s
    cube 3393.5 (depth 1, 30 lits): UNSAT in 0.03s
    cube 3393.6 (depth 1, 30 lits): UNSAT in 0.03s
    cube 3393.7 (depth 1, 30 lits): UNSAT in 0.23s
    cube 3393.8 (depth 1, 30 lits): UNSAT in 0.01s
    cube 3393.9 (depth 1, 30 lits): UNSAT in 0.09s
    cube 3393.10 (depth 1, 30 lits): UNSAT in 0.11s
    cube 3393.11 (depth 1, 30 lits): UNSAT in 0.12s
    cube 3393.12 (depth 1, 30 lits): UNSAT in 0.05s
    cube 3393.13 (depth 1, 30 lits): UNSAT in 0.10s
    cube 3393.14 (depth 1, 30 lits): UNSAT in 0.52s
    cube 3393.15 (depth 1, 30 lits): UNSAT in 0.86s
    cube 3393.16 (depth 1, 30 lits): UNSAT in 0.03s
    cube 3393.17 (depth 1, 30 lits): UNSAT in 0.03s
    cube 3393.18 (depth 1, 30 lits): UNSAT in 0.02s
    cube 3393.19 (depth 1, 30 lits): UNSAT in 0.07s
    cube 3393.20 (depth 1, 30 lits): UNSAT in 0.03s
    cube 3393.21 (depth 1, 30 lits): UNSAT in 0.03s
    cube 3393.22 (depth 1, 30 lits): UNSAT in 0.12s
    cube 3393.23 (depth 1, 30 lits): UNSAT in 0.96s
    cube 3393.24 (depth 1, 30 lits): UNSAT in 0.12s
    cube 3393.25 (depth 1, 30 lits): UNSAT in 0.40s
    cube 3393.26 (depth 1, 30 lits): UNSAT in 0.25s
    cube 3393.27 (depth 1, 30 lits): UNSAT in 1.14s
    cube 3393.28 (depth 1, 30 lits): UNSAT in 0.04s
    cube 3393.29 (depth 1, 30 lits): UNSAT in 0.77s
    cube 3393.30 (depth 1, 30 lits): UNSAT in 0.83s
    cube 3393.31 (depth 1, 30 lits): UNSAT in 1.86s
    cube 3393.32 (depth 1, 30 lits): UNSAT in 0.02s
    cube 3393.33 (depth 1, 30 lits): UNSAT in 0.09s
    cube 3393.34 (depth 1, 30 lits): UNSAT in 0.06s
    cube 3393.35 (depth 1, 30 lits): UNSAT in 0.11s
    cube 3393.36 (depth 1, 30 lits): UNSAT in 0.11s
    cube 3393.37 (depth 1, 30 lits): UNSAT in 0.09s
    cube 3393.38 (depth 1, 30 lits): UNSAT in 0.29s
    cube 3393.39 (depth 1, 30 lits): UNSAT in 0.66s
    cube 3393.40 (depth 1, 30 lits): UNSAT in 0.13s
    cube 3393.41 (depth 1, 30 lits): UNSAT in 0.34s
    cube 3393.42 (depth 1, 30 lits): UNSAT in 0.17s
    cube 3393.43 (depth 1, 30 lits): UNSAT in 0.75s
    cube 3393.44 (depth 1, 30 lits): UNSAT in 0.86s
    cube 3393.45 (depth 1, 30 lits): UNSAT in 1.75s
    cube 3393.46 (depth 1, 30 lits): UNSAT in 0.65s
    cube 3393.47 (depth 1, 30 lits): UNSAT in 6.40s
    cube 3393.48 (depth 1, 30 lits): UNSAT in 0.07s
    cube 3393.49 (depth 1, 30 lits): UNSAT in 1.02s
    cube 3393.50 (depth 1, 30 lits): UNSAT in 0.37s
    cube 3393.51 (depth 1, 30 lits): UNSAT in 1.75s
    cube 3393.52 (depth 1, 30 lits): UNSAT in 0.26s
    cube 3393.53 (depth 1, 30 lits): UNSAT in 0.79s
    cube 3393.54 (depth 1, 30 lits): UNSAT in 1.63s
    cube 3393.55 (depth 1, 30 lits): UNSAT in 5.08s
    cube 3393.56 (depth 1, 30 lits): UNSAT in 0.16s
    cube 3393.57 (depth 1, 30 lits): UNSAT in 1.37s
    cube 3393.58 (depth 1, 30 lits): UNSAT in 1.52s
    cube 3393.59 (depth 1, 30 lits): UNSAT in 8.13s
    cube 3393.60 (depth 1, 30 lits): UNSAT in 0.74s
    cube 3393.61 (depth 1, 30 lits): UNSAT in 21.80s
    cube 3393.62 (depth 1, 30 lits): UNSAT in 22.67s
    cube 3393.63 (depth 1, 30 lits): UNSAT in 71.12s
    cube 3399 (depth 0, 24 lits): TIMEOUT in 600.06s
    cube 3399 TIMEOUT -> re-split into 64 sub-cubes (depth 1)
    cube 3399.0 (depth 1, 30 lits): UNSAT in 0.01s
    cube 3399.1 (depth 1, 30 lits): UNSAT in 0.02s
    cube 3399.2 (depth 1, 30 lits): UNSAT in 0.02s
    cube 3399.3 (depth 1, 30 lits): UNSAT in 0.05s
    cube 3399.4 (depth 1, 30 lits): UNSAT in 0.02s
    cube 3399.5 (depth 1, 30 lits): UNSAT in 0.04s
    cube 3399.6 (depth 1, 30 lits): UNSAT in 0.04s
    cube 3399.7 (depth 1, 30 lits): UNSAT in 0.11s
    cube 3399.8 (depth 1, 30 lits): UNSAT in 0.02s
    cube 3399.9 (depth 1, 30 lits): UNSAT in 0.06s
    cube 3399.10 (depth 1, 30 lits): UNSAT in 0.03s
    cube 3399.11 (depth 1, 30 lits): UNSAT in 0.07s
    cube 3399.12 (depth 1, 30 lits): UNSAT in 0.05s
    cube 3399.13 (depth 1, 30 lits): UNSAT in 0.29s
    cube 3399.14 (depth 1, 30 lits): UNSAT in 0.11s
    cube 3399.15 (depth 1, 30 lits): UNSAT in 0.24s
    cube 3399.16 (depth 1, 30 lits): UNSAT in 0.03s
    cube 3399.17 (depth 1, 30 lits): UNSAT in 0.08s
    cube 3399.18 (depth 1, 30 lits): UNSAT in 0.05s
    cube 3399.19 (depth 1, 30 lits): UNSAT in 0.12s
    cube 3399.20 (depth 1, 30 lits): UNSAT in 0.03s
    cube 3399.21 (depth 1, 30 lits): UNSAT in 0.04s
    cube 3399.22 (depth 1, 30 lits): UNSAT in 0.17s
    cube 3399.23 (depth 1, 30 lits): UNSAT in 0.59s
    cube 3399.24 (depth 1, 30 lits): UNSAT in 0.05s
    cube 3399.25 (depth 1, 30 lits): UNSAT in 0.23s
    cube 3399.26 (depth 1, 30 lits): UNSAT in 0.29s
    cube 3399.27 (depth 1, 30 lits): UNSAT in 1.83s
    cube 3399.28 (depth 1, 30 lits): UNSAT in 0.33s
    cube 3399.29 (depth 1, 30 lits): UNSAT in 1.05s
    cube 3399.30 (depth 1, 30 lits): UNSAT in 0.54s
    cube 3399.31 (depth 1, 30 lits): UNSAT in 7.70s
    cube 3399.32 (depth 1, 30 lits): UNSAT in 0.03s
    cube 3399.33 (depth 1, 30 lits): UNSAT in 0.07s
    cube 3399.34 (depth 1, 30 lits): UNSAT in 0.03s
    cube 3399.35 (depth 1, 30 lits): UNSAT in 0.31s
    cube 3399.36 (depth 1, 30 lits): UNSAT in 0.03s
    cube 3399.37 (depth 1, 30 lits): UNSAT in 0.11s
    cube 3399.38 (depth 1, 30 lits): UNSAT in 0.06s
    cube 3399.39 (depth 1, 30 lits): UNSAT in 0.18s
    cube 3399.40 (depth 1, 30 lits): UNSAT in 0.15s
    cube 3399.41 (depth 1, 30 lits): UNSAT in 0.16s
    cube 3399.42 (depth 1, 30 lits): UNSAT in 0.18s
    cube 3399.43 (depth 1, 30 lits): UNSAT in 1.00s
    cube 3399.44 (depth 1, 30 lits): UNSAT in 0.03s
    cube 3399.45 (depth 1, 30 lits): UNSAT in 0.57s
    cube 3399.46 (depth 1, 30 lits): UNSAT in 2.00s
    cube 3399.47 (depth 1, 30 lits): UNSAT in 2.17s
    cube 3399.48 (depth 1, 30 lits): UNSAT in 0.24s
    cube 3399.49 (depth 1, 30 lits): UNSAT in 0.68s
    cube 3399.50 (depth 1, 30 lits): UNSAT in 0.63s
    cube 3399.51 (depth 1, 30 lits): UNSAT in 1.72s
    cube 3399.52 (depth 1, 30 lits): UNSAT in 0.12s
    cube 3399.53 (depth 1, 30 lits): UNSAT in 0.64s
    cube 3399.54 (depth 1, 30 lits): UNSAT in 0.68s
    cube 3399.55 (depth 1, 30 lits): UNSAT in 6.66s
    cube 3399.56 (depth 1, 30 lits): UNSAT in 0.45s
    cube 3399.57 (depth 1, 30 lits): UNSAT in 1.55s
    cube 3399.58 (depth 1, 30 lits): UNSAT in 1.52s
    cube 3399.59 (depth 1, 30 lits): UNSAT in 14.41s
    cube 3399.60 (depth 1, 30 lits): UNSAT in 3.18s
    cube 3399.61 (depth 1, 30 lits): UNSAT in 18.54s
    cube 3399.62 (depth 1, 30 lits): UNSAT in 24.68s
    cube 3399.63 (depth 1, 30 lits): TIMEOUT in 600.10s
    cube 3399.63 TIMEOUT -> re-split into 64 sub-cubes (depth 2)
    cube 3399.63.0 (depth 2, 36 lits): UNSAT in 0.01s
    cube 3399.63.1 (depth 2, 36 lits): UNSAT in 0.02s
    cube 3399.63.2 (depth 2, 36 lits): UNSAT in 0.02s
    cube 3399.63.3 (depth 2, 36 lits): UNSAT in 0.04s
    cube 3399.63.4 (depth 2, 36 lits): UNSAT in 0.02s
    cube 3399.63.5 (depth 2, 36 lits): UNSAT in 0.04s
    cube 3399.63.6 (depth 2, 36 lits): UNSAT in 0.12s
    cube 3399.63.7 (depth 2, 36 lits): UNSAT in 0.45s
    cube 3399.63.8 (depth 2, 36 lits): UNSAT in 0.03s
    cube 3399.63.9 (depth 2, 36 lits): UNSAT in 0.05s
    cube 3399.63.10 (depth 2, 36 lits): UNSAT in 0.08s
    cube 3399.63.11 (depth 2, 36 lits): UNSAT in 0.15s
    cube 3399.63.12 (depth 2, 36 lits): UNSAT in 0.11s
    cube 3399.63.13 (depth 2, 36 lits): UNSAT in 0.19s
    cube 3399.63.14 (depth 2, 36 lits): UNSAT in 0.12s
    cube 3399.63.15 (depth 2, 36 lits): UNSAT in 0.88s
    cube 3399.63.16 (depth 2, 36 lits): UNSAT in 0.02s
    cube 3399.63.17 (depth 2, 36 lits): UNSAT in 0.07s
    cube 3399.63.18 (depth 2, 36 lits): UNSAT in 0.17s
    cube 3399.63.19 (depth 2, 36 lits): UNSAT in 0.48s
    cube 3399.63.20 (depth 2, 36 lits): UNSAT in 0.09s
    cube 3399.63.21 (depth 2, 36 lits): UNSAT in 0.34s
    cube 3399.63.22 (depth 2, 36 lits): UNSAT in 0.41s
    cube 3399.63.23 (depth 2, 36 lits): UNSAT in 2.87s
    cube 3399.63.24 (depth 2, 36 lits): UNSAT in 0.24s
    cube 3399.63.25 (depth 2, 36 lits): UNSAT in 0.80s
    cube 3399.63.26 (depth 2, 36 lits): UNSAT in 0.20s
    cube 3399.63.27 (depth 2, 36 lits): UNSAT in 2.02s
    cube 3399.63.28 (depth 2, 36 lits): UNSAT in 0.28s
    cube 3399.63.29 (depth 2, 36 lits): UNSAT in 1.71s
    cube 3399.63.30 (depth 2, 36 lits): UNSAT in 0.78s
    cube 3399.63.31 (depth 2, 36 lits): UNSAT in 5.13s
    cube 3399.63.32 (depth 2, 36 lits): UNSAT in 0.03s
    cube 3399.63.33 (depth 2, 36 lits): UNSAT in 0.11s
    cube 3399.63.34 (depth 2, 36 lits): UNSAT in 0.04s
    cube 3399.63.35 (depth 2, 36 lits): UNSAT in 0.44s
    cube 3399.63.36 (depth 2, 36 lits): UNSAT in 0.27s
    cube 3399.63.37 (depth 2, 36 lits): UNSAT in 0.72s
    cube 3399.63.38 (depth 2, 36 lits): UNSAT in 0.37s
    cube 3399.63.39 (depth 2, 36 lits): UNSAT in 1.79s
    cube 3399.63.40 (depth 2, 36 lits): UNSAT in 0.11s
    cube 3399.63.41 (depth 2, 36 lits): UNSAT in 0.32s
    cube 3399.63.42 (depth 2, 36 lits): UNSAT in 0.13s
    cube 3399.63.43 (depth 2, 36 lits): UNSAT in 2.20s
    cube 3399.63.44 (depth 2, 36 lits): UNSAT in 0.20s
    cube 3399.63.45 (depth 2, 36 lits): UNSAT in 1.55s
    cube 3399.63.46 (depth 2, 36 lits): UNSAT in 1.52s
    cube 3399.63.47 (depth 2, 36 lits): UNSAT in 18.25s
    cube 3399.63.48 (depth 2, 36 lits): UNSAT in 0.05s
    cube 3399.63.49 (depth 2, 36 lits): UNSAT in 0.21s
    cube 3399.63.50 (depth 2, 36 lits): UNSAT in 0.16s
    cube 3399.63.51 (depth 2, 36 lits): UNSAT in 1.86s
    cube 3399.63.52 (depth 2, 36 lits): UNSAT in 0.18s
    cube 3399.63.53 (depth 2, 36 lits): UNSAT in 1.97s
    cube 3399.63.54 (depth 2, 36 lits): UNSAT in 3.10s
    cube 3399.63.55 (depth 2, 36 lits): UNSAT in 36.27s
    cube 3399.63.56 (depth 2, 36 lits): UNSAT in 1.09s
    cube 3399.63.57 (depth 2, 36 lits): UNSAT in 3.96s
    cube 3399.63.58 (depth 2, 36 lits): UNSAT in 6.42s
    cube 3399.63.59 (depth 2, 36 lits): UNSAT in 44.91s
    cube 3399.63.60 (depth 2, 36 lits): UNSAT in 6.76s
    cube 3399.63.61 (depth 2, 36 lits): UNSAT in 36.94s
    cube 3399.63.62 (depth 2, 36 lits): UNSAT in 8.25s
    cube 3399.63.63 (depth 2, 36 lits): UNSAT in 44.12s

  shard 3 verdict: UNSAT [parent cube 511's children only] (567 UNSAT, 0 unresolved) in 4830.3s
