  shard 15/24 (explicit): 1 of 4095 cubes, per-cube cap 1200.0s, re-split depth 7
    cube 3835 (depth 0, 12 lits): TIMEOUT in 1200.10s
    cube 3835 TIMEOUT -> re-split into 256 sub-cubes (depth 1)
    cube 3835.0 (depth 1, 20 lits): UNSAT in 0.01s
    cube 3835.1 (depth 1, 20 lits): UNSAT in 0.02s
    cube 3835.2 (depth 1, 20 lits): UNSAT in 0.03s
    cube 3835.3 (depth 1, 20 lits): UNSAT in 0.02s
    cube 3835.4 (depth 1, 20 lits): UNSAT in 0.02s
    cube 3835.5 (depth 1, 20 lits): UNSAT in 0.03s
    cube 3835.6 (depth 1, 20 lits): UNSAT in 0.03s
    cube 3835.7 (depth 1, 20 lits): UNSAT in 0.05s
    cube 3835.8 (depth 1, 20 lits): UNSAT in 0.02s
    cube 3835.9 (depth 1, 20 lits): UNSAT in 0.02s
    cube 3835.10 (depth 1, 20 lits): UNSAT in 0.02s
    cube 3835.11 (depth 1, 20 lits): UNSAT in 0.02s
    cube 3835.12 (depth 1, 20 lits): UNSAT in 0.03s
    cube 3835.13 (depth 1, 20 lits): UNSAT in 0.08s
    cube 3835.14 (depth 1, 20 lits): UNSAT in 0.05s
    cube 3835.15 (depth 1, 20 lits): UNSAT in 0.14s
    cube 3835.16 (depth 1, 20 lits): UNSAT in 0.03s
    cube 3835.17 (depth 1, 20 lits): UNSAT in 0.03s
    cube 3835.18 (depth 1, 20 lits): UNSAT in 0.03s
    cube 3835.19 (depth 1, 20 lits): UNSAT in 0.05s
    cube 3835.20 (depth 1, 20 lits): UNSAT in 0.03s
    cube 3835.21 (depth 1, 20 lits): UNSAT in 0.03s
    cube 3835.22 (depth 1, 20 lits): UNSAT in 0.05s
    cube 3835.23 (depth 1, 20 lits): UNSAT in 0.09s
    cube 3835.24 (depth 1, 20 lits): UNSAT in 0.02s
    cube 3835.25 (depth 1, 20 lits): UNSAT in 0.07s
    cube 3835.26 (depth 1, 20 lits): UNSAT in 0.02s
    cube 3835.27 (depth 1, 20 lits): UNSAT in 0.04s
    cube 3835.28 (depth 1, 20 lits): UNSAT in 0.10s
    cube 3835.29 (depth 1, 20 lits): UNSAT in 0.06s
    cube 3835.30 (depth 1, 20 lits): UNSAT in 0.10s
    cube 3835.31 (depth 1, 20 lits): UNSAT in 0.32s
    cube 3835.32 (depth 1, 20 lits): UNSAT in 0.05s
    cube 3835.33 (depth 1, 20 lits): UNSAT in 0.06s
    cube 3835.34 (depth 1, 20 lits): UNSAT in 0.05s
    cube 3835.35 (depth 1, 20 lits): UNSAT in 0.14s
    cube 3835.36 (depth 1, 20 lits): UNSAT in 0.06s
    cube 3835.37 (depth 1, 20 lits): UNSAT in 0.03s
    cube 3835.38 (depth 1, 20 lits): UNSAT in 0.14s
    cube 3835.39 (depth 1, 20 lits): UNSAT in 0.34s
    cube 3835.40 (depth 1, 20 lits): UNSAT in 0.02s
    cube 3835.41 (depth 1, 20 lits): UNSAT in 0.04s
    cube 3835.42 (depth 1, 20 lits): UNSAT in 0.09s
    cube 3835.43 (depth 1, 20 lits): UNSAT in 0.68s
    cube 3835.44 (depth 1, 20 lits): UNSAT in 0.08s
    cube 3835.45 (depth 1, 20 lits): UNSAT in 0.41s
    cube 3835.46 (depth 1, 20 lits): UNSAT in 0.19s
    cube 3835.47 (depth 1, 20 lits): UNSAT in 1.67s
    cube 3835.48 (depth 1, 20 lits): UNSAT in 0.02s
    cube 3835.49 (depth 1, 20 lits): UNSAT in 0.05s
    cube 3835.50 (depth 1, 20 lits): UNSAT in 0.03s
    cube 3835.51 (depth 1, 20 lits): UNSAT in 0.06s
    cube 3835.52 (depth 1, 20 lits): UNSAT in 0.01s
    cube 3835.53 (depth 1, 20 lits): UNSAT in 0.06s
    cube 3835.54 (depth 1, 20 lits): UNSAT in 0.14s
    cube 3835.55 (depth 1, 20 lits): UNSAT in 0.16s
    cube 3835.56 (depth 1, 20 lits): UNSAT in 0.52s
    cube 3835.57 (depth 1, 20 lits): UNSAT in 1.53s
    cube 3835.58 (depth 1, 20 lits): UNSAT in 1.59s
    cube 3835.59 (depth 1, 20 lits): UNSAT in 7.08s
    cube 3835.60 (depth 1, 20 lits): UNSAT in 1.18s
    cube 3835.61 (depth 1, 20 lits): UNSAT in 5.39s
    cube 3835.62 (depth 1, 20 lits): UNSAT in 5.82s
    cube 3835.63 (depth 1, 20 lits): UNSAT in 20.53s
    cube 3835.64 (depth 1, 20 lits): UNSAT in 0.02s
    cube 3835.65 (depth 1, 20 lits): UNSAT in 0.05s
    cube 3835.66 (depth 1, 20 lits): UNSAT in 0.02s
    cube 3835.67 (depth 1, 20 lits): UNSAT in 0.19s
    cube 3835.68 (depth 1, 20 lits): UNSAT in 0.03s
    cube 3835.69 (depth 1, 20 lits): UNSAT in 0.08s
    cube 3835.70 (depth 1, 20 lits): UNSAT in 0.05s
    cube 3835.71 (depth 1, 20 lits): UNSAT in 0.31s
    cube 3835.72 (depth 1, 20 lits): UNSAT in 0.02s
    cube 3835.73 (depth 1, 20 lits): UNSAT in 0.05s
    cube 3835.74 (depth 1, 20 lits): UNSAT in 0.19s
    cube 3835.75 (depth 1, 20 lits): UNSAT in 0.41s
    cube 3835.76 (depth 1, 20 lits): UNSAT in 0.07s
    cube 3835.77 (depth 1, 20 lits): UNSAT in 0.09s
    cube 3835.78 (depth 1, 20 lits): UNSAT in 0.44s
    cube 3835.79 (depth 1, 20 lits): UNSAT in 2.03s
    cube 3835.80 (depth 1, 20 lits): UNSAT in 0.01s
    cube 3835.81 (depth 1, 20 lits): UNSAT in 0.03s
    cube 3835.82 (depth 1, 20 lits): UNSAT in 0.02s
    cube 3835.83 (depth 1, 20 lits): UNSAT in 0.03s
    cube 3835.84 (depth 1, 20 lits): UNSAT in 0.06s
    cube 3835.85 (depth 1, 20 lits): UNSAT in 0.10s
    cube 3835.86 (depth 1, 20 lits): UNSAT in 0.29s
    cube 3835.87 (depth 1, 20 lits): UNSAT in 0.30s
    cube 3835.88 (depth 1, 20 lits): UNSAT in 0.04s
    cube 3835.89 (depth 1, 20 lits): UNSAT in 0.09s
    cube 3835.90 (depth 1, 20 lits): UNSAT in 0.16s
    cube 3835.91 (depth 1, 20 lits): UNSAT in 1.04s
    cube 3835.92 (depth 1, 20 lits): UNSAT in 0.87s
    cube 3835.93 (depth 1, 20 lits): UNSAT in 3.15s
    cube 3835.94 (depth 1, 20 lits): UNSAT in 1.64s
    cube 3835.95 (depth 1, 20 lits): UNSAT in 10.12s
    cube 3835.96 (depth 1, 20 lits): UNSAT in 0.02s
    cube 3835.97 (depth 1, 20 lits): UNSAT in 0.08s
    cube 3835.98 (depth 1, 20 lits): UNSAT in 0.12s
    cube 3835.99 (depth 1, 20 lits): UNSAT in 0.29s
    cube 3835.100 (depth 1, 20 lits): UNSAT in 0.06s
    cube 3835.101 (depth 1, 20 lits): UNSAT in 0.31s
    cube 3835.102 (depth 1, 20 lits): UNSAT in 0.35s
    cube 3835.103 (depth 1, 20 lits): UNSAT in 1.01s
    cube 3835.104 (depth 1, 20 lits): UNSAT in 0.06s
    cube 3835.105 (depth 1, 20 lits): UNSAT in 0.27s
    cube 3835.106 (depth 1, 20 lits): UNSAT in 0.54s
    cube 3835.107 (depth 1, 20 lits): UNSAT in 1.51s
    cube 3835.108 (depth 1, 20 lits): UNSAT in 0.41s
    cube 3835.109 (depth 1, 20 lits): UNSAT in 1.27s
    cube 3835.110 (depth 1, 20 lits): UNSAT in 4.42s
    cube 3835.111 (depth 1, 20 lits): UNSAT in 15.74s
    cube 3835.112 (depth 1, 20 lits): UNSAT in 0.20s
    cube 3835.113 (depth 1, 20 lits): UNSAT in 0.62s
    cube 3835.114 (depth 1, 20 lits): UNSAT in 0.29s
    cube 3835.115 (depth 1, 20 lits): UNSAT in 2.78s
    cube 3835.116 (depth 1, 20 lits): UNSAT in 0.15s
    cube 3835.117 (depth 1, 20 lits): UNSAT in 0.98s
    cube 3835.118 (depth 1, 20 lits): UNSAT in 3.70s
    cube 3835.119 (depth 1, 20 lits): UNSAT in 16.64s
    cube 3835.120 (depth 1, 20 lits): UNSAT in 1.15s
    cube 3835.121 (depth 1, 20 lits): UNSAT in 1.64s
    cube 3835.122 (depth 1, 20 lits): UNSAT in 2.12s
    cube 3835.123 (depth 1, 20 lits): UNSAT in 5.63s
    cube 3835.124 (depth 1, 20 lits): UNSAT in 4.74s
    cube 3835.125 (depth 1, 20 lits): UNSAT in 4.16s
    cube 3835.126 (depth 1, 20 lits): UNSAT in 13.45s
    cube 3835.127 (depth 1, 20 lits): UNSAT in 75.55s
    cube 3835.128 (depth 1, 20 lits): UNSAT in 0.02s
    cube 3835.129 (depth 1, 20 lits): UNSAT in 0.03s
    cube 3835.130 (depth 1, 20 lits): UNSAT in 0.04s
    cube 3835.131 (depth 1, 20 lits): UNSAT in 0.04s
    cube 3835.132 (depth 1, 20 lits): UNSAT in 0.05s
    cube 3835.133 (depth 1, 20 lits): UNSAT in 0.10s
    cube 3835.134 (depth 1, 20 lits): UNSAT in 0.03s
    cube 3835.135 (depth 1, 20 lits): UNSAT in 0.12s
    cube 3835.136 (depth 1, 20 lits): UNSAT in 0.06s
    cube 3835.137 (depth 1, 20 lits): UNSAT in 0.09s
    cube 3835.138 (depth 1, 20 lits): UNSAT in 0.11s
    cube 3835.139 (depth 1, 20 lits): UNSAT in 0.29s
    cube 3835.140 (depth 1, 20 lits): UNSAT in 0.13s
    cube 3835.141 (depth 1, 20 lits): UNSAT in 0.25s
    cube 3835.142 (depth 1, 20 lits): UNSAT in 0.54s
    cube 3835.143 (depth 1, 20 lits): UNSAT in 0.94s
    cube 3835.144 (depth 1, 20 lits): UNSAT in 0.05s
    cube 3835.145 (depth 1, 20 lits): UNSAT in 0.22s
    cube 3835.146 (depth 1, 20 lits): UNSAT in 0.04s
    cube 3835.147 (depth 1, 20 lits): UNSAT in 0.10s
    cube 3835.148 (depth 1, 20 lits): UNSAT in 0.16s
    cube 3835.149 (depth 1, 20 lits): UNSAT in 1.01s
    cube 3835.150 (depth 1, 20 lits): UNSAT in 1.03s
    cube 3835.151 (depth 1, 20 lits): UNSAT in 1.81s
    cube 3835.152 (depth 1, 20 lits): UNSAT in 0.02s
    cube 3835.153 (depth 1, 20 lits): UNSAT in 0.07s
    cube 3835.154 (depth 1, 20 lits): UNSAT in 0.75s
    cube 3835.155 (depth 1, 20 lits): UNSAT in 1.21s
    cube 3835.156 (depth 1, 20 lits): UNSAT in 0.66s
    cube 3835.157 (depth 1, 20 lits): UNSAT in 2.62s
    cube 3835.158 (depth 1, 20 lits): UNSAT in 1.34s
    cube 3835.159 (depth 1, 20 lits): UNSAT in 11.35s
    cube 3835.160 (depth 1, 20 lits): UNSAT in 0.03s
    cube 3835.161 (depth 1, 20 lits): UNSAT in 0.05s
    cube 3835.162 (depth 1, 20 lits): UNSAT in 0.09s
    cube 3835.163 (depth 1, 20 lits): UNSAT in 0.18s
    cube 3835.164 (depth 1, 20 lits): UNSAT in 0.11s
    cube 3835.165 (depth 1, 20 lits): UNSAT in 0.51s
    cube 3835.166 (depth 1, 20 lits): UNSAT in 1.86s
    cube 3835.167 (depth 1, 20 lits): UNSAT in 5.00s
    cube 3835.168 (depth 1, 20 lits): UNSAT in 0.11s
    cube 3835.169 (depth 1, 20 lits): UNSAT in 0.31s
    cube 3835.170 (depth 1, 20 lits): UNSAT in 0.38s
    cube 3835.171 (depth 1, 20 lits): UNSAT in 1.03s
    cube 3835.172 (depth 1, 20 lits): UNSAT in 1.50s
    cube 3835.173 (depth 1, 20 lits): UNSAT in 3.38s
    cube 3835.174 (depth 1, 20 lits): UNSAT in 1.95s
    cube 3835.175 (depth 1, 20 lits): UNSAT in 5.90s
    cube 3835.176 (depth 1, 20 lits): UNSAT in 0.17s
    cube 3835.177 (depth 1, 20 lits): UNSAT in 0.88s
    cube 3835.178 (depth 1, 20 lits): UNSAT in 0.51s
    cube 3835.179 (depth 1, 20 lits): UNSAT in 4.36s
    cube 3835.180 (depth 1, 20 lits): UNSAT in 0.96s
    cube 3835.181 (depth 1, 20 lits): UNSAT in 3.89s
    cube 3835.182 (depth 1, 20 lits): UNSAT in 1.56s
    cube 3835.183 (depth 1, 20 lits): UNSAT in 21.19s
    cube 3835.184 (depth 1, 20 lits): UNSAT in 0.52s
    cube 3835.185 (depth 1, 20 lits): UNSAT in 3.22s
    cube 3835.186 (depth 1, 20 lits): UNSAT in 8.21s
    cube 3835.187 (depth 1, 20 lits): UNSAT in 19.54s
    cube 3835.188 (depth 1, 20 lits): UNSAT in 4.00s
    cube 3835.189 (depth 1, 20 lits): UNSAT in 30.44s
    cube 3835.190 (depth 1, 20 lits): UNSAT in 10.82s
    cube 3835.191 (depth 1, 20 lits): UNSAT in 165.22s
    cube 3835.192 (depth 1, 20 lits): UNSAT in 0.07s
    cube 3835.193 (depth 1, 20 lits): UNSAT in 0.27s
    cube 3835.194 (depth 1, 20 lits): UNSAT in 0.18s
    cube 3835.195 (depth 1, 20 lits): UNSAT in 0.59s
    cube 3835.196 (depth 1, 20 lits): UNSAT in 0.11s
    cube 3835.197 (depth 1, 20 lits): UNSAT in 0.40s
    cube 3835.198 (depth 1, 20 lits): UNSAT in 1.06s
    cube 3835.199 (depth 1, 20 lits): UNSAT in 3.87s
    cube 3835.200 (depth 1, 20 lits): UNSAT in 0.16s
    cube 3835.201 (depth 1, 20 lits): UNSAT in 0.27s
    cube 3835.202 (depth 1, 20 lits): UNSAT in 0.20s
    cube 3835.203 (depth 1, 20 lits): UNSAT in 0.89s
    cube 3835.204 (depth 1, 20 lits): UNSAT in 0.18s
    cube 3835.205 (depth 1, 20 lits): UNSAT in 0.68s
    cube 3835.206 (depth 1, 20 lits): UNSAT in 0.98s
    cube 3835.207 (depth 1, 20 lits): UNSAT in 6.30s
    cube 3835.208 (depth 1, 20 lits): UNSAT in 0.12s
    cube 3835.209 (depth 1, 20 lits): UNSAT in 0.32s
    cube 3835.210 (depth 1, 20 lits): UNSAT in 0.23s
    cube 3835.211 (depth 1, 20 lits): UNSAT in 2.04s
    cube 3835.212 (depth 1, 20 lits): UNSAT in 0.38s
    cube 3835.213 (depth 1, 20 lits): UNSAT in 3.44s
    cube 3835.214 (depth 1, 20 lits): UNSAT in 4.50s
    cube 3835.215 (depth 1, 20 lits): UNSAT in 22.30s
    cube 3835.216 (depth 1, 20 lits): UNSAT in 0.68s
    cube 3835.217 (depth 1, 20 lits): UNSAT in 1.86s
    cube 3835.218 (depth 1, 20 lits): UNSAT in 0.84s
    cube 3835.219 (depth 1, 20 lits): UNSAT in 25.89s
    cube 3835.220 (depth 1, 20 lits): UNSAT in 6.46s
    cube 3835.221 (depth 1, 20 lits): UNSAT in 33.90s
    cube 3835.222 (depth 1, 20 lits): UNSAT in 87.52s
    cube 3835.223 (depth 1, 20 lits): UNSAT in 279.00s
    cube 3835.224 (depth 1, 20 lits): UNSAT in 0.08s
    cube 3835.225 (depth 1, 20 lits): UNSAT in 0.24s
    cube 3835.226 (depth 1, 20 lits): UNSAT in 0.17s
    cube 3835.227 (depth 1, 20 lits): UNSAT in 1.69s
    cube 3835.228 (depth 1, 20 lits): UNSAT in 0.64s
    cube 3835.229 (depth 1, 20 lits): UNSAT in 2.96s
    cube 3835.230 (depth 1, 20 lits): UNSAT in 23.60s
    cube 3835.231 (depth 1, 20 lits): UNSAT in 109.54s
    cube 3835.232 (depth 1, 20 lits): UNSAT in 0.29s
    cube 3835.233 (depth 1, 20 lits): UNSAT in 1.27s
    cube 3835.234 (depth 1, 20 lits): UNSAT in 4.11s
    cube 3835.235 (depth 1, 20 lits): UNSAT in 23.73s
    cube 3835.236 (depth 1, 20 lits): UNSAT in 8.63s
    cube 3835.237 (depth 1, 20 lits): UNSAT in 113.25s
    cube 3835.238 (depth 1, 20 lits): UNSAT in 64.43s
    cube 3835.239 (depth 1, 20 lits): TIMEOUT in 1200.10s
    cube 3835.239 TIMEOUT -> re-split into 251 sub-cubes (depth 2)
    cube 3835.239.0 (depth 2, 26 lits): UNSAT in 0.02s
    cube 3835.239.1 (depth 2, 28 lits): UNSAT in 0.01s
    cube 3835.239.2 (depth 2, 28 lits): UNSAT in 0.02s
    cube 3835.239.3 (depth 2, 28 lits): UNSAT in 0.01s
    cube 3835.239.4 (depth 2, 28 lits): UNSAT in 0.03s
    cube 3835.239.5 (depth 2, 28 lits): UNSAT in 0.01s
    cube 3835.239.6 (depth 2, 28 lits): UNSAT in 0.03s
    cube 3835.239.7 (depth 2, 28 lits): UNSAT in 0.03s
    cube 3835.239.8 (depth 2, 28 lits): UNSAT in 0.07s
    cube 3835.239.9 (depth 2, 28 lits): UNSAT in 0.04s
    cube 3835.239.10 (depth 2, 28 lits): UNSAT in 0.09s
    cube 3835.239.11 (depth 2, 28 lits): UNSAT in 0.03s
    cube 3835.239.12 (depth 2, 28 lits): UNSAT in 0.25s
    cube 3835.239.13 (depth 2, 28 lits): UNSAT in 0.02s
    cube 3835.239.14 (depth 2, 28 lits): UNSAT in 0.02s
    cube 3835.239.15 (depth 2, 28 lits): UNSAT in 0.02s
    cube 3835.239.16 (depth 2, 28 lits): UNSAT in 0.05s
    cube 3835.239.17 (depth 2, 28 lits): UNSAT in 0.02s
    cube 3835.239.18 (depth 2, 28 lits): UNSAT in 0.03s
    cube 3835.239.19 (depth 2, 28 lits): UNSAT in 0.04s
    cube 3835.239.20 (depth 2, 28 lits): UNSAT in 0.56s
    cube 3835.239.21 (depth 2, 28 lits): UNSAT in 0.02s
    cube 3835.239.22 (depth 2, 28 lits): UNSAT in 0.04s
    cube 3835.239.23 (depth 2, 28 lits): UNSAT in 0.16s
    cube 3835.239.24 (depth 2, 28 lits): UNSAT in 0.31s
    cube 3835.239.25 (depth 2, 28 lits): UNSAT in 0.02s
    cube 3835.239.26 (depth 2, 28 lits): UNSAT in 0.10s
    cube 3835.239.27 (depth 2, 28 lits): UNSAT in 0.30s
    cube 3835.239.28 (depth 2, 28 lits): UNSAT in 1.01s
    cube 3835.239.29 (depth 2, 28 lits): UNSAT in 0.01s
    cube 3835.239.30 (depth 2, 28 lits): UNSAT in 0.05s
    cube 3835.239.31 (depth 2, 28 lits): UNSAT in 0.08s
    cube 3835.239.32 (depth 2, 28 lits): UNSAT in 0.15s
    cube 3835.239.33 (depth 2, 28 lits): UNSAT in 0.07s
    cube 3835.239.34 (depth 2, 28 lits): UNSAT in 0.24s
    cube 3835.239.35 (depth 2, 28 lits): UNSAT in 0.20s
    cube 3835.239.36 (depth 2, 28 lits): UNSAT in 0.28s
    cube 3835.239.37 (depth 2, 28 lits): UNSAT in 0.01s
    cube 3835.239.38 (depth 2, 28 lits): UNSAT in 0.04s
    cube 3835.239.39 (depth 2, 28 lits): UNSAT in 0.11s
    cube 3835.239.40 (depth 2, 28 lits): UNSAT in 0.27s
    cube 3835.239.41 (depth 2, 28 lits): UNSAT in 0.17s
    cube 3835.239.42 (depth 2, 28 lits): UNSAT in 0.49s
    cube 3835.239.43 (depth 2, 28 lits): UNSAT in 0.15s
    cube 3835.239.44 (depth 2, 28 lits): UNSAT in 0.77s
    cube 3835.239.45 (depth 2, 28 lits): UNSAT in 0.03s
    cube 3835.239.46 (depth 2, 28 lits): UNSAT in 0.10s
    cube 3835.239.47 (depth 2, 28 lits): UNSAT in 0.11s
    cube 3835.239.48 (depth 2, 28 lits): UNSAT in 0.53s
    cube 3835.239.49 (depth 2, 28 lits): UNSAT in 0.15s
    cube 3835.239.50 (depth 2, 28 lits): UNSAT in 0.20s
    cube 3835.239.51 (depth 2, 28 lits): UNSAT in 0.23s
    cube 3835.239.52 (depth 2, 28 lits): UNSAT in 1.24s
    cube 3835.239.53 (depth 2, 28 lits): UNSAT in 0.20s
    cube 3835.239.54 (depth 2, 28 lits): UNSAT in 0.25s
    cube 3835.239.55 (depth 2, 28 lits): UNSAT in 0.18s
    cube 3835.239.56 (depth 2, 28 lits): UNSAT in 0.77s
    cube 3835.239.57 (depth 2, 28 lits): UNSAT in 0.09s
    cube 3835.239.58 (depth 2, 28 lits): UNSAT in 0.32s
    cube 3835.239.59 (depth 2, 28 lits): UNSAT in 0.73s
    cube 3835.239.60 (depth 2, 28 lits): UNSAT in 3.90s
    cube 3835.239.61 (depth 2, 28 lits): UNSAT in 0.02s
    cube 3835.239.62 (depth 2, 28 lits): UNSAT in 0.01s
    cube 3835.239.63 (depth 2, 28 lits): UNSAT in 0.02s
    cube 3835.239.64 (depth 2, 28 lits): UNSAT in 0.05s
    cube 3835.239.65 (depth 2, 28 lits): UNSAT in 0.01s
    cube 3835.239.66 (depth 2, 28 lits): UNSAT in 0.02s
    cube 3835.239.67 (depth 2, 28 lits): UNSAT in 0.02s
    cube 3835.239.68 (depth 2, 28 lits): UNSAT in 0.03s
    cube 3835.239.69 (depth 2, 28 lits): UNSAT in 0.02s
    cube 3835.239.70 (depth 2, 28 lits): UNSAT in 0.02s
    cube 3835.239.71 (depth 2, 28 lits): UNSAT in 0.04s
    cube 3835.239.72 (depth 2, 28 lits): UNSAT in 0.15s
    cube 3835.239.73 (depth 2, 28 lits): UNSAT in 0.01s
    cube 3835.239.74 (depth 2, 28 lits): UNSAT in 0.05s
    cube 3835.239.75 (depth 2, 28 lits): UNSAT in 0.04s
    cube 3835.239.76 (depth 2, 28 lits): UNSAT in 0.40s
    cube 3835.239.77 (depth 2, 28 lits): UNSAT in 0.01s
    cube 3835.239.78 (depth 2, 28 lits): UNSAT in 0.02s
    cube 3835.239.79 (depth 2, 28 lits): UNSAT in 0.02s
    cube 3835.239.80 (depth 2, 28 lits): UNSAT in 0.03s
    cube 3835.239.81 (depth 2, 28 lits): UNSAT in 0.02s
    cube 3835.239.82 (depth 2, 28 lits): UNSAT in 0.08s
    cube 3835.239.83 (depth 2, 28 lits): UNSAT in 0.08s
    cube 3835.239.84 (depth 2, 28 lits): UNSAT in 0.24s
    cube 3835.239.85 (depth 2, 28 lits): UNSAT in 0.02s
    cube 3835.239.86 (depth 2, 28 lits): UNSAT in 0.22s
    cube 3835.239.87 (depth 2, 28 lits): UNSAT in 0.15s
    cube 3835.239.88 (depth 2, 28 lits): UNSAT in 0.73s
    cube 3835.239.89 (depth 2, 28 lits): UNSAT in 0.12s
    cube 3835.239.90 (depth 2, 28 lits): UNSAT in 0.38s
    cube 3835.239.91 (depth 2, 28 lits): UNSAT in 0.82s
    cube 3835.239.92 (depth 2, 28 lits): UNSAT in 3.28s
    cube 3835.239.93 (depth 2, 28 lits): UNSAT in 0.02s
    cube 3835.239.94 (depth 2, 28 lits): UNSAT in 0.03s
    cube 3835.239.95 (depth 2, 28 lits): UNSAT in 0.01s
    cube 3835.239.96 (depth 2, 28 lits): UNSAT in 0.04s
    cube 3835.239.97 (depth 2, 28 lits): UNSAT in 0.02s
    cube 3835.239.98 (depth 2, 28 lits): UNSAT in 0.02s
    cube 3835.239.99 (depth 2, 28 lits): UNSAT in 0.01s
    cube 3835.239.100 (depth 2, 28 lits): UNSAT in 0.16s
    cube 3835.239.101 (depth 2, 28 lits): UNSAT in 0.04s
    cube 3835.239.102 (depth 2, 28 lits): UNSAT in 0.20s
    cube 3835.239.103 (depth 2, 28 lits): UNSAT in 0.41s
    cube 3835.239.104 (depth 2, 28 lits): UNSAT in 2.04s
    cube 3835.239.105 (depth 2, 28 lits): UNSAT in 0.04s
    cube 3835.239.106 (depth 2, 28 lits): UNSAT in 0.07s
    cube 3835.239.107 (depth 2, 28 lits): UNSAT in 0.15s
    cube 3835.239.108 (depth 2, 28 lits): UNSAT in 1.39s
    cube 3835.239.109 (depth 2, 28 lits): UNSAT in 0.08s
    cube 3835.239.110 (depth 2, 28 lits): UNSAT in 0.19s
    cube 3835.239.111 (depth 2, 28 lits): UNSAT in 0.16s
    cube 3835.239.112 (depth 2, 28 lits): UNSAT in 0.60s
    cube 3835.239.113 (depth 2, 28 lits): UNSAT in 0.12s
    cube 3835.239.114 (depth 2, 28 lits): UNSAT in 0.34s
    cube 3835.239.115 (depth 2, 28 lits): UNSAT in 0.54s
    cube 3835.239.116 (depth 2, 28 lits): UNSAT in 3.33s
    cube 3835.239.117 (depth 2, 28 lits): UNSAT in 0.35s
    cube 3835.239.118 (depth 2, 28 lits): UNSAT in 2.97s
    cube 3835.239.119 (depth 2, 28 lits): UNSAT in 2.05s
    cube 3835.239.120 (depth 2, 28 lits): UNSAT in 8.55s
    cube 3835.239.121 (depth 2, 28 lits): UNSAT in 0.69s
    cube 3835.239.122 (depth 2, 28 lits): UNSAT in 1.09s
    cube 3835.239.123 (depth 2, 28 lits): UNSAT in 15.76s
    cube 3835.239.124 (depth 2, 28 lits): UNSAT in 6.18s
    cube 3835.239.125 (depth 2, 27 lits): UNSAT in 0.02s
    cube 3835.239.126 (depth 2, 27 lits): UNSAT in 0.02s
    cube 3835.239.127 (depth 2, 28 lits): UNSAT in 0.01s
    cube 3835.239.128 (depth 2, 28 lits): UNSAT in 0.03s
    cube 3835.239.129 (depth 2, 28 lits): UNSAT in 0.02s
    cube 3835.239.130 (depth 2, 28 lits): UNSAT in 0.09s
    cube 3835.239.131 (depth 2, 28 lits): UNSAT in 0.02s
    cube 3835.239.132 (depth 2, 28 lits): UNSAT in 0.02s
    cube 3835.239.133 (depth 2, 28 lits): UNSAT in 0.03s
    cube 3835.239.134 (depth 2, 28 lits): UNSAT in 0.09s
    cube 3835.239.135 (depth 2, 28 lits): UNSAT in 0.02s
    cube 3835.239.136 (depth 2, 28 lits): UNSAT in 0.07s
    cube 3835.239.137 (depth 2, 28 lits): UNSAT in 0.26s
    cube 3835.239.138 (depth 2, 28 lits): UNSAT in 2.11s
    cube 3835.239.139 (depth 2, 28 lits): UNSAT in 0.05s
    cube 3835.239.140 (depth 2, 28 lits): UNSAT in 0.12s
    cube 3835.239.141 (depth 2, 28 lits): UNSAT in 0.07s
    cube 3835.239.142 (depth 2, 28 lits): UNSAT in 0.36s
    cube 3835.239.143 (depth 2, 28 lits): UNSAT in 0.21s
    cube 3835.239.144 (depth 2, 28 lits): UNSAT in 0.34s
    cube 3835.239.145 (depth 2, 28 lits): UNSAT in 0.47s
    cube 3835.239.146 (depth 2, 28 lits): UNSAT in 1.41s
    cube 3835.239.147 (depth 2, 28 lits): UNSAT in 0.25s
    cube 3835.239.148 (depth 2, 28 lits): UNSAT in 0.87s
    cube 3835.239.149 (depth 2, 28 lits): UNSAT in 1.78s
    cube 3835.239.150 (depth 2, 28 lits): UNSAT in 4.83s
    cube 3835.239.151 (depth 2, 28 lits): UNSAT in 0.53s
    cube 3835.239.152 (depth 2, 28 lits): UNSAT in 3.66s
    cube 3835.239.153 (depth 2, 28 lits): UNSAT in 3.47s
    cube 3835.239.154 (depth 2, 28 lits): UNSAT in 9.17s
    cube 3835.239.155 (depth 2, 28 lits): UNSAT in 0.03s
    cube 3835.239.156 (depth 2, 28 lits): UNSAT in 0.02s
    cube 3835.239.157 (depth 2, 28 lits): UNSAT in 0.13s
    cube 3835.239.158 (depth 2, 28 lits): UNSAT in 0.14s
    cube 3835.239.159 (depth 2, 28 lits): UNSAT in 0.01s
    cube 3835.239.160 (depth 2, 28 lits): UNSAT in 0.02s
    cube 3835.239.161 (depth 2, 28 lits): UNSAT in 0.09s
    cube 3835.239.162 (depth 2, 28 lits): UNSAT in 0.20s
    cube 3835.239.163 (depth 2, 28 lits): UNSAT in 0.02s
    cube 3835.239.164 (depth 2, 28 lits): UNSAT in 0.04s
    cube 3835.239.165 (depth 2, 28 lits): UNSAT in 0.07s
    cube 3835.239.166 (depth 2, 28 lits): UNSAT in 0.14s
    cube 3835.239.167 (depth 2, 28 lits): UNSAT in 0.23s
    cube 3835.239.168 (depth 2, 28 lits): UNSAT in 0.41s
    cube 3835.239.169 (depth 2, 28 lits): UNSAT in 0.80s
    cube 3835.239.170 (depth 2, 28 lits): UNSAT in 2.08s
    cube 3835.239.171 (depth 2, 28 lits): UNSAT in 0.08s
    cube 3835.239.172 (depth 2, 28 lits): UNSAT in 0.19s
    cube 3835.239.173 (depth 2, 28 lits): UNSAT in 0.13s
    cube 3835.239.174 (depth 2, 28 lits): UNSAT in 0.56s
    cube 3835.239.175 (depth 2, 28 lits): UNSAT in 0.49s
    cube 3835.239.176 (depth 2, 28 lits): UNSAT in 1.85s
    cube 3835.239.177 (depth 2, 28 lits): UNSAT in 0.47s
    cube 3835.239.178 (depth 2, 28 lits): UNSAT in 7.96s
    cube 3835.239.179 (depth 2, 28 lits): UNSAT in 0.06s
    cube 3835.239.180 (depth 2, 28 lits): UNSAT in 0.54s
    cube 3835.239.181 (depth 2, 28 lits): UNSAT in 0.13s
    cube 3835.239.182 (depth 2, 28 lits): UNSAT in 3.88s
    cube 3835.239.183 (depth 2, 28 lits): UNSAT in 0.76s
    cube 3835.239.184 (depth 2, 28 lits): UNSAT in 6.45s
    cube 3835.239.185 (depth 2, 28 lits): UNSAT in 13.50s
    cube 3835.239.186 (depth 2, 28 lits): UNSAT in 7.48s
    cube 3835.239.187 (depth 2, 28 lits): UNSAT in 0.06s
    cube 3835.239.188 (depth 2, 28 lits): UNSAT in 0.10s
    cube 3835.239.189 (depth 2, 28 lits): UNSAT in 0.11s
    cube 3835.239.190 (depth 2, 28 lits): UNSAT in 0.24s
    cube 3835.239.191 (depth 2, 28 lits): UNSAT in 0.16s
    cube 3835.239.192 (depth 2, 28 lits): UNSAT in 0.22s
    cube 3835.239.193 (depth 2, 28 lits): UNSAT in 0.18s
    cube 3835.239.194 (depth 2, 28 lits): UNSAT in 0.33s
    cube 3835.239.195 (depth 2, 28 lits): UNSAT in 0.03s
    cube 3835.239.196 (depth 2, 28 lits): UNSAT in 0.35s
    cube 3835.239.197 (depth 2, 28 lits): UNSAT in 0.45s
    cube 3835.239.198 (depth 2, 28 lits): UNSAT in 0.92s
    cube 3835.239.199 (depth 2, 28 lits): UNSAT in 0.19s
    cube 3835.239.200 (depth 2, 28 lits): UNSAT in 0.98s
    cube 3835.239.201 (depth 2, 28 lits): UNSAT in 1.01s
    cube 3835.239.202 (depth 2, 28 lits): UNSAT in 4.91s
    cube 3835.239.203 (depth 2, 28 lits): UNSAT in 0.03s
    cube 3835.239.204 (depth 2, 28 lits): UNSAT in 0.17s
    cube 3835.239.205 (depth 2, 28 lits): UNSAT in 0.40s
    cube 3835.239.206 (depth 2, 28 lits): UNSAT in 1.16s
    cube 3835.239.207 (depth 2, 28 lits): UNSAT in 0.44s
    cube 3835.239.208 (depth 2, 28 lits): UNSAT in 1.25s
    cube 3835.239.209 (depth 2, 28 lits): UNSAT in 0.98s
    cube 3835.239.210 (depth 2, 28 lits): UNSAT in 6.50s
    cube 3835.239.211 (depth 2, 28 lits): UNSAT in 0.77s
    cube 3835.239.212 (depth 2, 28 lits): UNSAT in 1.48s
    cube 3835.239.213 (depth 2, 28 lits): UNSAT in 2.69s
    cube 3835.239.214 (depth 2, 28 lits): UNSAT in 7.89s
    cube 3835.239.215 (depth 2, 28 lits): UNSAT in 2.06s
    cube 3835.239.216 (depth 2, 28 lits): UNSAT in 8.89s
    cube 3835.239.217 (depth 2, 28 lits): UNSAT in 3.55s
    cube 3835.239.218 (depth 2, 28 lits): UNSAT in 105.96s
    cube 3835.239.219 (depth 2, 28 lits): UNSAT in 0.43s
    cube 3835.239.220 (depth 2, 28 lits): UNSAT in 1.07s
    cube 3835.239.221 (depth 2, 28 lits): UNSAT in 0.83s
    cube 3835.239.222 (depth 2, 28 lits): UNSAT in 1.80s
    cube 3835.239.223 (depth 2, 28 lits): UNSAT in 1.04s
    cube 3835.239.224 (depth 2, 28 lits): UNSAT in 2.87s
    cube 3835.239.225 (depth 2, 28 lits): UNSAT in 0.82s
    cube 3835.239.226 (depth 2, 28 lits): UNSAT in 7.48s
    cube 3835.239.227 (depth 2, 28 lits): UNSAT in 0.08s
    cube 3835.239.228 (depth 2, 28 lits): UNSAT in 0.46s
    cube 3835.239.229 (depth 2, 28 lits): UNSAT in 0.49s
    cube 3835.239.230 (depth 2, 28 lits): UNSAT in 7.00s
    cube 3835.239.231 (depth 2, 28 lits): UNSAT in 1.77s
    cube 3835.239.232 (depth 2, 28 lits): UNSAT in 8.07s
    cube 3835.239.233 (depth 2, 28 lits): UNSAT in 6.25s
    cube 3835.239.234 (depth 2, 28 lits): UNSAT in 49.91s
    cube 3835.239.235 (depth 2, 28 lits): UNSAT in 0.98s
    cube 3835.239.236 (depth 2, 28 lits): UNSAT in 3.52s
    cube 3835.239.237 (depth 2, 28 lits): UNSAT in 2.91s
    cube 3835.239.238 (depth 2, 28 lits): UNSAT in 13.88s
    cube 3835.239.239 (depth 2, 28 lits): UNSAT in 0.67s
    cube 3835.239.240 (depth 2, 28 lits): UNSAT in 6.27s
    cube 3835.239.241 (depth 2, 28 lits): UNSAT in 4.62s
    cube 3835.239.242 (depth 2, 28 lits): UNSAT in 269.74s
    cube 3835.239.243 (depth 2, 28 lits): UNSAT in 0.15s
    cube 3835.239.244 (depth 2, 28 lits): UNSAT in 0.69s
    cube 3835.239.245 (depth 2, 28 lits): UNSAT in 1.44s
    cube 3835.239.246 (depth 2, 28 lits): UNSAT in 7.77s
    cube 3835.239.247 (depth 2, 28 lits): UNSAT in 3.19s
    cube 3835.239.248 (depth 2, 28 lits): UNSAT in 20.53s
    cube 3835.239.249 (depth 2, 28 lits): UNSAT in 9.90s
    cube 3835.239.250 (depth 2, 28 lits): UNSAT in 713.60s
    cube 3835.240 (depth 1, 20 lits): UNSAT in 0.84s
    cube 3835.241 (depth 1, 20 lits): UNSAT in 2.24s
    cube 3835.242 (depth 1, 20 lits): UNSAT in 2.66s
    cube 3835.243 (depth 1, 20 lits): UNSAT in 16.00s
    cube 3835.244 (depth 1, 20 lits): UNSAT in 3.29s
    cube 3835.245 (depth 1, 20 lits): UNSAT in 101.63s
    cube 3835.246 (depth 1, 20 lits): UNSAT in 7.13s
    cube 3835.247 (depth 1, 20 lits): TIMEOUT in 1200.10s
    cube 3835.247 TIMEOUT -> re-split into 236 sub-cubes (depth 2)
    cube 3835.247.0 (depth 2, 25 lits): UNSAT in 0.02s
    cube 3835.247.1 (depth 2, 26 lits): UNSAT in 0.02s
    cube 3835.247.2 (depth 2, 28 lits): UNSAT in 0.01s
    cube 3835.247.3 (depth 2, 28 lits): UNSAT in 0.02s
    cube 3835.247.4 (depth 2, 28 lits): UNSAT in 0.02s
    cube 3835.247.5 (depth 2, 28 lits): UNSAT in 0.03s
    cube 3835.247.6 (depth 2, 27 lits): UNSAT in 0.01s
    cube 3835.247.7 (depth 2, 28 lits): UNSAT in 0.02s
    cube 3835.247.8 (depth 2, 28 lits): UNSAT in 0.01s
    cube 3835.247.9 (depth 2, 28 lits): UNSAT in 0.01s
    cube 3835.247.10 (depth 2, 28 lits): UNSAT in 0.02s
    cube 3835.247.11 (depth 2, 27 lits): UNSAT in 0.02s
    cube 3835.247.12 (depth 2, 28 lits): UNSAT in 0.02s
    cube 3835.247.13 (depth 2, 28 lits): UNSAT in 0.02s
    cube 3835.247.14 (depth 2, 28 lits): UNSAT in 0.02s
    cube 3835.247.15 (depth 2, 28 lits): UNSAT in 0.05s
    cube 3835.247.16 (depth 2, 28 lits): UNSAT in 0.03s
    cube 3835.247.17 (depth 2, 28 lits): UNSAT in 0.06s
    cube 3835.247.18 (depth 2, 28 lits): UNSAT in 0.05s
    cube 3835.247.19 (depth 2, 28 lits): UNSAT in 0.09s
    cube 3835.247.20 (depth 2, 28 lits): UNSAT in 0.02s
    cube 3835.247.21 (depth 2, 28 lits): UNSAT in 0.02s
    cube 3835.247.22 (depth 2, 28 lits): UNSAT in 0.02s
    cube 3835.247.23 (depth 2, 28 lits): UNSAT in 0.08s
    cube 3835.247.24 (depth 2, 28 lits): UNSAT in 0.01s
    cube 3835.247.25 (depth 2, 28 lits): UNSAT in 0.02s
    cube 3835.247.26 (depth 2, 28 lits): UNSAT in 0.05s
    cube 3835.247.27 (depth 2, 28 lits): UNSAT in 0.11s
    cube 3835.247.28 (depth 2, 28 lits): UNSAT in 0.01s
    cube 3835.247.29 (depth 2, 28 lits): UNSAT in 0.04s
    cube 3835.247.30 (depth 2, 28 lits): UNSAT in 0.02s
    cube 3835.247.31 (depth 2, 28 lits): UNSAT in 0.08s
    cube 3835.247.32 (depth 2, 28 lits): UNSAT in 0.02s
    cube 3835.247.33 (depth 2, 28 lits): UNSAT in 0.04s
    cube 3835.247.34 (depth 2, 28 lits): UNSAT in 0.04s
    cube 3835.247.35 (depth 2, 28 lits): UNSAT in 0.16s
    cube 3835.247.36 (depth 2, 27 lits): UNSAT in 0.01s
    cube 3835.247.37 (depth 2, 28 lits): UNSAT in 0.02s
    cube 3835.247.38 (depth 2, 28 lits): UNSAT in 0.02s
    cube 3835.247.39 (depth 2, 28 lits): UNSAT in 0.02s
    cube 3835.247.40 (depth 2, 28 lits): UNSAT in 0.03s
    cube 3835.247.41 (depth 2, 28 lits): UNSAT in 0.07s
    cube 3835.247.42 (depth 2, 28 lits): UNSAT in 0.02s
    cube 3835.247.43 (depth 2, 28 lits): UNSAT in 0.02s
    cube 3835.247.44 (depth 2, 28 lits): UNSAT in 0.03s
    cube 3835.247.45 (depth 2, 28 lits): UNSAT in 0.03s
    cube 3835.247.46 (depth 2, 28 lits): UNSAT in 0.07s
    cube 3835.247.47 (depth 2, 28 lits): UNSAT in 0.04s
    cube 3835.247.48 (depth 2, 28 lits): UNSAT in 0.06s
    cube 3835.247.49 (depth 2, 28 lits): UNSAT in 0.27s
    cube 3835.247.50 (depth 2, 28 lits): UNSAT in 0.37s
    cube 3835.247.51 (depth 2, 27 lits): UNSAT in 0.01s
    cube 3835.247.52 (depth 2, 27 lits): UNSAT in 0.01s
    cube 3835.247.53 (depth 2, 28 lits): UNSAT in 0.02s
    cube 3835.247.54 (depth 2, 28 lits): UNSAT in 0.02s
    cube 3835.247.55 (depth 2, 28 lits): UNSAT in 0.02s
    cube 3835.247.56 (depth 2, 28 lits): UNSAT in 0.01s
    cube 3835.247.57 (depth 2, 28 lits): UNSAT in 0.02s
    cube 3835.247.58 (depth 2, 28 lits): UNSAT in 0.02s
    cube 3835.247.59 (depth 2, 28 lits): UNSAT in 0.03s
    cube 3835.247.60 (depth 2, 28 lits): UNSAT in 0.14s
    cube 3835.247.61 (depth 2, 28 lits): UNSAT in 0.02s
    cube 3835.247.62 (depth 2, 28 lits): UNSAT in 0.07s
    cube 3835.247.63 (depth 2, 28 lits): UNSAT in 0.05s
    cube 3835.247.64 (depth 2, 28 lits): UNSAT in 0.20s
    cube 3835.247.65 (depth 2, 27 lits): UNSAT in 0.01s
    cube 3835.247.66 (depth 2, 28 lits): UNSAT in 0.02s
    cube 3835.247.67 (depth 2, 28 lits): UNSAT in 0.02s
    cube 3835.247.68 (depth 2, 28 lits): UNSAT in 0.03s
    cube 3835.247.69 (depth 2, 28 lits): UNSAT in 0.06s
    cube 3835.247.70 (depth 2, 28 lits): UNSAT in 0.10s
    cube 3835.247.71 (depth 2, 28 lits): UNSAT in 0.12s
    cube 3835.247.72 (depth 2, 28 lits): UNSAT in 0.02s
    cube 3835.247.73 (depth 2, 28 lits): UNSAT in 0.02s
    cube 3835.247.74 (depth 2, 28 lits): UNSAT in 0.02s
    cube 3835.247.75 (depth 2, 28 lits): UNSAT in 0.07s
    cube 3835.247.76 (depth 2, 28 lits): UNSAT in 0.03s
    cube 3835.247.77 (depth 2, 28 lits): UNSAT in 0.07s
    cube 3835.247.78 (depth 2, 28 lits): UNSAT in 0.05s
    cube 3835.247.79 (depth 2, 28 lits): UNSAT in 0.35s
    cube 3835.247.80 (depth 2, 28 lits): UNSAT in 0.02s
    cube 3835.247.81 (depth 2, 28 lits): UNSAT in 0.03s
    cube 3835.247.82 (depth 2, 28 lits): UNSAT in 0.04s
    cube 3835.247.83 (depth 2, 28 lits): UNSAT in 0.06s
    cube 3835.247.84 (depth 2, 27 lits): UNSAT in 0.01s
    cube 3835.247.85 (depth 2, 28 lits): UNSAT in 0.08s
    cube 3835.247.86 (depth 2, 28 lits): UNSAT in 0.07s
    cube 3835.247.87 (depth 2, 28 lits): UNSAT in 0.03s
    cube 3835.247.88 (depth 2, 28 lits): UNSAT in 0.02s
    cube 3835.247.89 (depth 2, 28 lits): UNSAT in 0.03s
    cube 3835.247.90 (depth 2, 28 lits): UNSAT in 0.10s
    cube 3835.247.91 (depth 2, 28 lits): UNSAT in 0.04s
    cube 3835.247.92 (depth 2, 28 lits): UNSAT in 0.04s
    cube 3835.247.93 (depth 2, 28 lits): UNSAT in 0.03s
    cube 3835.247.94 (depth 2, 28 lits): UNSAT in 0.30s
    cube 3835.247.95 (depth 2, 28 lits): UNSAT in 0.01s
    cube 3835.247.96 (depth 2, 28 lits): UNSAT in 0.02s
    cube 3835.247.97 (depth 2, 28 lits): UNSAT in 0.02s
    cube 3835.247.98 (depth 2, 28 lits): UNSAT in 0.02s
    cube 3835.247.99 (depth 2, 28 lits): UNSAT in 0.03s
    cube 3835.247.100 (depth 2, 28 lits): UNSAT in 0.03s
    cube 3835.247.101 (depth 2, 28 lits): UNSAT in 0.32s
    cube 3835.247.102 (depth 2, 28 lits): UNSAT in 0.18s
    cube 3835.247.103 (depth 2, 28 lits): UNSAT in 0.05s
    cube 3835.247.104 (depth 2, 28 lits): UNSAT in 0.29s
    cube 3835.247.105 (depth 2, 28 lits): UNSAT in 0.12s
    cube 3835.247.106 (depth 2, 28 lits): UNSAT in 0.51s
    cube 3835.247.107 (depth 2, 28 lits): UNSAT in 0.03s
    cube 3835.247.108 (depth 2, 28 lits): UNSAT in 0.10s
    cube 3835.247.109 (depth 2, 28 lits): UNSAT in 0.20s
    cube 3835.247.110 (depth 2, 28 lits): UNSAT in 0.32s
    cube 3835.247.111 (depth 2, 27 lits): UNSAT in 0.01s
    cube 3835.247.112 (depth 2, 28 lits): UNSAT in 0.01s
    cube 3835.247.113 (depth 2, 28 lits): UNSAT in 0.02s
    cube 3835.247.114 (depth 2, 28 lits): UNSAT in 0.01s
    cube 3835.247.115 (depth 2, 28 lits): UNSAT in 0.03s
    cube 3835.247.116 (depth 2, 28 lits): UNSAT in 0.02s
    cube 3835.247.117 (depth 2, 28 lits): UNSAT in 0.03s
    cube 3835.247.118 (depth 2, 28 lits): UNSAT in 0.02s
    cube 3835.247.119 (depth 2, 28 lits): UNSAT in 0.02s
    cube 3835.247.120 (depth 2, 28 lits): UNSAT in 0.02s
    cube 3835.247.121 (depth 2, 28 lits): UNSAT in 0.05s
    cube 3835.247.122 (depth 2, 28 lits): UNSAT in 0.02s
    cube 3835.247.123 (depth 2, 28 lits): UNSAT in 0.05s
    cube 3835.247.124 (depth 2, 28 lits): UNSAT in 0.06s
    cube 3835.247.125 (depth 2, 28 lits): UNSAT in 0.04s
    cube 3835.247.126 (depth 2, 28 lits): UNSAT in 0.03s
    cube 3835.247.127 (depth 2, 28 lits): UNSAT in 0.05s
    cube 3835.247.128 (depth 2, 28 lits): UNSAT in 0.02s
    cube 3835.247.129 (depth 2, 28 lits): UNSAT in 0.10s
    cube 3835.247.130 (depth 2, 28 lits): UNSAT in 0.05s
    cube 3835.247.131 (depth 2, 28 lits): UNSAT in 0.07s
    cube 3835.247.132 (depth 2, 28 lits): UNSAT in 0.07s
    cube 3835.247.133 (depth 2, 28 lits): UNSAT in 1.00s
    cube 3835.247.134 (depth 2, 28 lits): UNSAT in 0.03s
    cube 3835.247.135 (depth 2, 28 lits): UNSAT in 0.07s
    cube 3835.247.136 (depth 2, 28 lits): UNSAT in 0.14s
    cube 3835.247.137 (depth 2, 28 lits): UNSAT in 1.27s
    cube 3835.247.138 (depth 2, 28 lits): UNSAT in 0.06s
    cube 3835.247.139 (depth 2, 28 lits): UNSAT in 0.50s
    cube 3835.247.140 (depth 2, 28 lits): UNSAT in 0.48s
    cube 3835.247.141 (depth 2, 28 lits): UNSAT in 2.45s
    cube 3835.247.142 (depth 2, 27 lits): UNSAT in 0.02s
    cube 3835.247.143 (depth 2, 27 lits): UNSAT in 0.02s
    cube 3835.247.144 (depth 2, 28 lits): UNSAT in 0.02s
    cube 3835.247.145 (depth 2, 28 lits): UNSAT in 0.02s
    cube 3835.247.146 (depth 2, 28 lits): UNSAT in 0.02s
    cube 3835.247.147 (depth 2, 28 lits): UNSAT in 0.05s
    cube 3835.247.148 (depth 2, 28 lits): UNSAT in 0.07s
    cube 3835.247.149 (depth 2, 28 lits): UNSAT in 0.06s
    cube 3835.247.150 (depth 2, 28 lits): UNSAT in 0.04s
    cube 3835.247.151 (depth 2, 28 lits): UNSAT in 0.04s
    cube 3835.247.152 (depth 2, 28 lits): UNSAT in 0.03s
    cube 3835.247.153 (depth 2, 28 lits): UNSAT in 0.04s
    cube 3835.247.154 (depth 2, 28 lits): UNSAT in 0.03s
    cube 3835.247.155 (depth 2, 28 lits): UNSAT in 0.28s
    cube 3835.247.156 (depth 2, 28 lits): UNSAT in 0.04s
    cube 3835.247.157 (depth 2, 28 lits): UNSAT in 0.05s
    cube 3835.247.158 (depth 2, 28 lits): UNSAT in 0.30s
    cube 3835.247.159 (depth 2, 28 lits): UNSAT in 1.09s
    cube 3835.247.160 (depth 2, 28 lits): UNSAT in 0.13s
    cube 3835.247.161 (depth 2, 28 lits): UNSAT in 0.13s
    cube 3835.247.162 (depth 2, 28 lits): UNSAT in 0.20s
    cube 3835.247.163 (depth 2, 28 lits): UNSAT in 2.04s
    cube 3835.247.164 (depth 2, 28 lits): UNSAT in 0.07s
    cube 3835.247.165 (depth 2, 28 lits): UNSAT in 0.21s
    cube 3835.247.166 (depth 2, 28 lits): UNSAT in 0.10s
    cube 3835.247.167 (depth 2, 28 lits): UNSAT in 0.67s
    cube 3835.247.168 (depth 2, 28 lits): UNSAT in 0.10s
    cube 3835.247.169 (depth 2, 28 lits): UNSAT in 1.38s
    cube 3835.247.170 (depth 2, 28 lits): UNSAT in 1.58s
    cube 3835.247.171 (depth 2, 28 lits): UNSAT in 16.43s
    cube 3835.247.172 (depth 2, 28 lits): UNSAT in 0.12s
    cube 3835.247.173 (depth 2, 28 lits): UNSAT in 0.18s
    cube 3835.247.174 (depth 2, 28 lits): UNSAT in 0.13s
    cube 3835.247.175 (depth 2, 28 lits): UNSAT in 0.30s
    cube 3835.247.176 (depth 2, 28 lits): UNSAT in 0.15s
    cube 3835.247.177 (depth 2, 28 lits): UNSAT in 0.36s
    cube 3835.247.178 (depth 2, 28 lits): UNSAT in 0.17s
    cube 3835.247.179 (depth 2, 28 lits): UNSAT in 0.56s
    cube 3835.247.180 (depth 2, 28 lits): UNSAT in 0.26s
    cube 3835.247.181 (depth 2, 28 lits): UNSAT in 0.52s
    cube 3835.247.182 (depth 2, 28 lits): UNSAT in 0.24s
    cube 3835.247.183 (depth 2, 28 lits): UNSAT in 1.73s
    cube 3835.247.184 (depth 2, 28 lits): UNSAT in 0.13s
    cube 3835.247.185 (depth 2, 28 lits): UNSAT in 0.85s
    cube 3835.247.186 (depth 2, 28 lits): UNSAT in 0.27s
    cube 3835.247.187 (depth 2, 28 lits): UNSAT in 2.30s
    cube 3835.247.188 (depth 2, 28 lits): UNSAT in 0.02s
    cube 3835.247.189 (depth 2, 28 lits): UNSAT in 0.02s
    cube 3835.247.190 (depth 2, 28 lits): UNSAT in 0.02s
    cube 3835.247.191 (depth 2, 28 lits): UNSAT in 0.06s
    cube 3835.247.192 (depth 2, 28 lits): UNSAT in 0.04s
    cube 3835.247.193 (depth 2, 28 lits): UNSAT in 0.15s
    cube 3835.247.194 (depth 2, 28 lits): UNSAT in 0.10s
    cube 3835.247.195 (depth 2, 28 lits): UNSAT in 0.21s
    cube 3835.247.196 (depth 2, 28 lits): UNSAT in 0.23s
    cube 3835.247.197 (depth 2, 28 lits): UNSAT in 0.23s
    cube 3835.247.198 (depth 2, 28 lits): UNSAT in 0.55s
    cube 3835.247.199 (depth 2, 28 lits): UNSAT in 0.60s
    cube 3835.247.200 (depth 2, 28 lits): UNSAT in 0.67s
    cube 3835.247.201 (depth 2, 28 lits): UNSAT in 1.12s
    cube 3835.247.202 (depth 2, 28 lits): UNSAT in 1.85s
    cube 3835.247.203 (depth 2, 28 lits): UNSAT in 20.74s
    cube 3835.247.204 (depth 2, 28 lits): UNSAT in 0.07s
    cube 3835.247.205 (depth 2, 28 lits): UNSAT in 0.26s
    cube 3835.247.206 (depth 2, 28 lits): UNSAT in 0.08s
    cube 3835.247.207 (depth 2, 28 lits): UNSAT in 0.82s
    cube 3835.247.208 (depth 2, 28 lits): UNSAT in 0.16s
    cube 3835.247.209 (depth 2, 28 lits): UNSAT in 0.46s
    cube 3835.247.210 (depth 2, 28 lits): UNSAT in 0.54s
    cube 3835.247.211 (depth 2, 28 lits): UNSAT in 2.54s
    cube 3835.247.212 (depth 2, 28 lits): UNSAT in 0.15s
    cube 3835.247.213 (depth 2, 28 lits): UNSAT in 0.33s
    cube 3835.247.214 (depth 2, 28 lits): UNSAT in 0.35s
    cube 3835.247.215 (depth 2, 28 lits): UNSAT in 0.71s
    cube 3835.247.216 (depth 2, 28 lits): UNSAT in 0.13s
    cube 3835.247.217 (depth 2, 28 lits): UNSAT in 0.25s
    cube 3835.247.218 (depth 2, 28 lits): UNSAT in 0.94s
    cube 3835.247.219 (depth 2, 28 lits): UNSAT in 19.25s
    cube 3835.247.220 (depth 2, 28 lits): UNSAT in 0.06s
    cube 3835.247.221 (depth 2, 28 lits): UNSAT in 0.19s
    cube 3835.247.222 (depth 2, 28 lits): UNSAT in 1.23s
    cube 3835.247.223 (depth 2, 28 lits): UNSAT in 4.79s
    cube 3835.247.224 (depth 2, 28 lits): UNSAT in 0.44s
    cube 3835.247.225 (depth 2, 28 lits): UNSAT in 1.80s
    cube 3835.247.226 (depth 2, 28 lits): UNSAT in 1.07s
    cube 3835.247.227 (depth 2, 28 lits): UNSAT in 35.95s
    cube 3835.247.228 (depth 2, 28 lits): UNSAT in 1.09s
    cube 3835.247.229 (depth 2, 28 lits): UNSAT in 2.40s
    cube 3835.247.230 (depth 2, 28 lits): UNSAT in 3.66s
    cube 3835.247.231 (depth 2, 28 lits): UNSAT in 34.93s
    cube 3835.247.232 (depth 2, 28 lits): UNSAT in 16.36s
    cube 3835.247.233 (depth 2, 28 lits): UNSAT in 64.49s
    cube 3835.247.234 (depth 2, 28 lits): UNSAT in 6.42s
    cube 3835.247.235 (depth 2, 28 lits): UNSAT in 37.24s
    cube 3835.248 (depth 1, 20 lits): UNSAT in 19.56s
    cube 3835.249 (depth 1, 20 lits): UNSAT in 105.73s
    cube 3835.250 (depth 1, 20 lits): UNSAT in 23.14s
    cube 3835.251 (depth 1, 20 lits): TIMEOUT in 1200.09s
    cube 3835.251 TIMEOUT -> re-split into 233 sub-cubes (depth 2)
    cube 3835.251.0 (depth 2, 25 lits): UNSAT in 0.02s
    cube 3835.251.1 (depth 2, 28 lits): UNSAT in 0.01s
    cube 3835.251.2 (depth 2, 28 lits): UNSAT in 0.01s
    cube 3835.251.3 (depth 2, 27 lits): UNSAT in 0.01s
    cube 3835.251.4 (depth 2, 28 lits): UNSAT in 0.01s
    cube 3835.251.5 (depth 2, 28 lits): UNSAT in 0.02s
    cube 3835.251.6 (depth 2, 28 lits): UNSAT in 0.02s
    cube 3835.251.7 (depth 2, 28 lits): UNSAT in 0.03s
    cube 3835.251.8 (depth 2, 26 lits): UNSAT in 0.01s
    cube 3835.251.9 (depth 2, 28 lits): UNSAT in 0.01s
    cube 3835.251.10 (depth 2, 28 lits): UNSAT in 0.02s
    cube 3835.251.11 (depth 2, 27 lits): UNSAT in 0.01s
    cube 3835.251.12 (depth 2, 27 lits): UNSAT in 0.02s
    cube 3835.251.13 (depth 2, 28 lits): UNSAT in 0.03s
    cube 3835.251.14 (depth 2, 28 lits): UNSAT in 0.02s
    cube 3835.251.15 (depth 2, 28 lits): UNSAT in 0.03s
    cube 3835.251.16 (depth 2, 28 lits): UNSAT in 0.08s
    cube 3835.251.17 (depth 2, 28 lits): UNSAT in 0.06s
    cube 3835.251.18 (depth 2, 28 lits): UNSAT in 0.13s
    cube 3835.251.19 (depth 2, 28 lits): UNSAT in 0.01s
    cube 3835.251.20 (depth 2, 28 lits): UNSAT in 0.03s
    cube 3835.251.21 (depth 2, 28 lits): UNSAT in 0.03s
    cube 3835.251.22 (depth 2, 28 lits): UNSAT in 0.05s
    cube 3835.251.23 (depth 2, 28 lits): UNSAT in 0.02s
    cube 3835.251.24 (depth 2, 28 lits): UNSAT in 0.03s
    cube 3835.251.25 (depth 2, 28 lits): UNSAT in 0.02s
    cube 3835.251.26 (depth 2, 28 lits): UNSAT in 0.12s
    cube 3835.251.27 (depth 2, 28 lits): UNSAT in 0.01s
    cube 3835.251.28 (depth 2, 28 lits): UNSAT in 0.01s
    cube 3835.251.29 (depth 2, 28 lits): UNSAT in 0.01s
    cube 3835.251.30 (depth 2, 28 lits): UNSAT in 0.02s
    cube 3835.251.31 (depth 2, 28 lits): UNSAT in 0.02s
    cube 3835.251.32 (depth 2, 28 lits): UNSAT in 0.03s
    cube 3835.251.33 (depth 2, 28 lits): UNSAT in 0.02s
    cube 3835.251.34 (depth 2, 28 lits): UNSAT in 0.10s
    cube 3835.251.35 (depth 2, 26 lits): UNSAT in 0.02s
    cube 3835.251.36 (depth 2, 28 lits): UNSAT in 0.03s
    cube 3835.251.37 (depth 2, 28 lits): UNSAT in 0.14s
    cube 3835.251.38 (depth 2, 28 lits): UNSAT in 0.05s
    cube 3835.251.39 (depth 2, 28 lits): UNSAT in 0.05s
    cube 3835.251.40 (depth 2, 28 lits): UNSAT in 0.04s
    cube 3835.251.41 (depth 2, 28 lits): UNSAT in 0.03s
    cube 3835.251.42 (depth 2, 28 lits): UNSAT in 0.12s
    cube 3835.251.43 (depth 2, 28 lits): UNSAT in 0.12s
    cube 3835.251.44 (depth 2, 28 lits): UNSAT in 0.08s
    cube 3835.251.45 (depth 2, 28 lits): UNSAT in 0.56s
    cube 3835.251.46 (depth 2, 28 lits): UNSAT in 0.22s
    cube 3835.251.47 (depth 2, 28 lits): UNSAT in 1.52s
    cube 3835.251.48 (depth 2, 26 lits): UNSAT in 0.01s
    cube 3835.251.49 (depth 2, 27 lits): UNSAT in 0.01s
    cube 3835.251.50 (depth 2, 28 lits): UNSAT in 0.01s
    cube 3835.251.51 (depth 2, 28 lits): UNSAT in 0.02s
    cube 3835.251.52 (depth 2, 28 lits): UNSAT in 0.02s
    cube 3835.251.53 (depth 2, 28 lits): UNSAT in 0.02s
    cube 3835.251.54 (depth 2, 28 lits): UNSAT in 0.02s
    cube 3835.251.55 (depth 2, 28 lits): UNSAT in 0.02s
    cube 3835.251.56 (depth 2, 28 lits): UNSAT in 0.02s
    cube 3835.251.57 (depth 2, 28 lits): UNSAT in 0.03s
    cube 3835.251.58 (depth 2, 28 lits): UNSAT in 0.03s
    cube 3835.251.59 (depth 2, 28 lits): UNSAT in 0.07s
    cube 3835.251.60 (depth 2, 28 lits): UNSAT in 0.01s
    cube 3835.251.61 (depth 2, 28 lits): UNSAT in 0.02s
    cube 3835.251.62 (depth 2, 28 lits): UNSAT in 0.04s
    cube 3835.251.63 (depth 2, 28 lits): UNSAT in 0.06s
    cube 3835.251.64 (depth 2, 28 lits): UNSAT in 0.02s
    cube 3835.251.65 (depth 2, 28 lits): UNSAT in 0.05s
    cube 3835.251.66 (depth 2, 28 lits): UNSAT in 0.03s
    cube 3835.251.67 (depth 2, 28 lits): UNSAT in 0.09s
    cube 3835.251.68 (depth 2, 28 lits): UNSAT in 0.01s
    cube 3835.251.69 (depth 2, 28 lits): UNSAT in 0.02s
    cube 3835.251.70 (depth 2, 28 lits): UNSAT in 0.03s
    cube 3835.251.71 (depth 2, 28 lits): UNSAT in 0.03s
    cube 3835.251.72 (depth 2, 28 lits): UNSAT in 0.12s
    cube 3835.251.73 (depth 2, 28 lits): UNSAT in 0.17s
    cube 3835.251.74 (depth 2, 28 lits): UNSAT in 0.22s
    cube 3835.251.75 (depth 2, 28 lits): UNSAT in 0.55s
    cube 3835.251.76 (depth 2, 27 lits): UNSAT in 0.01s
    cube 3835.251.77 (depth 2, 28 lits): UNSAT in 0.02s
    cube 3835.251.78 (depth 2, 28 lits): UNSAT in 0.02s
    cube 3835.251.79 (depth 2, 28 lits): UNSAT in 0.03s
    cube 3835.251.80 (depth 2, 28 lits): UNSAT in 0.07s
    cube 3835.251.81 (depth 2, 28 lits): UNSAT in 0.07s
    cube 3835.251.82 (depth 2, 28 lits): UNSAT in 0.34s
    cube 3835.251.83 (depth 2, 28 lits): UNSAT in 0.03s
    cube 3835.251.84 (depth 2, 28 lits): UNSAT in 0.05s
    cube 3835.251.85 (depth 2, 28 lits): UNSAT in 0.04s
    cube 3835.251.86 (depth 2, 28 lits): UNSAT in 0.07s
    cube 3835.251.87 (depth 2, 28 lits): UNSAT in 0.04s
    cube 3835.251.88 (depth 2, 28 lits): UNSAT in 0.12s
    cube 3835.251.89 (depth 2, 28 lits): UNSAT in 0.18s
    cube 3835.251.90 (depth 2, 28 lits): UNSAT in 0.29s
    cube 3835.251.91 (depth 2, 28 lits): UNSAT in 0.02s
    cube 3835.251.92 (depth 2, 28 lits): UNSAT in 0.04s
    cube 3835.251.93 (depth 2, 28 lits): UNSAT in 0.04s
    cube 3835.251.94 (depth 2, 28 lits): UNSAT in 0.05s
    cube 3835.251.95 (depth 2, 28 lits): UNSAT in 0.06s
    cube 3835.251.96 (depth 2, 28 lits): UNSAT in 0.26s
    cube 3835.251.97 (depth 2, 28 lits): UNSAT in 0.31s
    cube 3835.251.98 (depth 2, 28 lits): UNSAT in 0.37s
    cube 3835.251.99 (depth 2, 28 lits): UNSAT in 0.04s
    cube 3835.251.100 (depth 2, 28 lits): UNSAT in 0.14s
    cube 3835.251.101 (depth 2, 28 lits): UNSAT in 0.21s
    cube 3835.251.102 (depth 2, 28 lits): UNSAT in 0.66s
    cube 3835.251.103 (depth 2, 28 lits): UNSAT in 0.07s
    cube 3835.251.104 (depth 2, 28 lits): UNSAT in 0.12s
    cube 3835.251.105 (depth 2, 28 lits): UNSAT in 0.30s
    cube 3835.251.106 (depth 2, 28 lits): UNSAT in 0.44s
    cube 3835.251.107 (depth 2, 27 lits): UNSAT in 0.01s
    cube 3835.251.108 (depth 2, 28 lits): UNSAT in 0.02s
    cube 3835.251.109 (depth 2, 28 lits): UNSAT in 0.02s
    cube 3835.251.110 (depth 2, 28 lits): UNSAT in 0.01s
    cube 3835.251.111 (depth 2, 28 lits): UNSAT in 0.04s
    cube 3835.251.112 (depth 2, 28 lits): UNSAT in 0.04s
    cube 3835.251.113 (depth 2, 28 lits): UNSAT in 0.12s
    cube 3835.251.114 (depth 2, 28 lits): UNSAT in 0.01s
    cube 3835.251.115 (depth 2, 28 lits): UNSAT in 0.02s
    cube 3835.251.116 (depth 2, 28 lits): UNSAT in 0.03s
    cube 3835.251.117 (depth 2, 28 lits): UNSAT in 0.09s
    cube 3835.251.118 (depth 2, 28 lits): UNSAT in 0.02s
    cube 3835.251.119 (depth 2, 28 lits): UNSAT in 0.09s
    cube 3835.251.120 (depth 2, 28 lits): UNSAT in 0.05s
    cube 3835.251.121 (depth 2, 28 lits): UNSAT in 0.11s
    cube 3835.251.122 (depth 2, 27 lits): UNSAT in 0.02s
    cube 3835.251.123 (depth 2, 28 lits): UNSAT in 0.02s
    cube 3835.251.124 (depth 2, 28 lits): UNSAT in 0.03s
    cube 3835.251.125 (depth 2, 28 lits): UNSAT in 0.03s
    cube 3835.251.126 (depth 2, 28 lits): UNSAT in 0.07s
    cube 3835.251.127 (depth 2, 28 lits): UNSAT in 0.05s
    cube 3835.251.128 (depth 2, 28 lits): UNSAT in 0.09s
    cube 3835.251.129 (depth 2, 28 lits): UNSAT in 0.02s
    cube 3835.251.130 (depth 2, 28 lits): UNSAT in 0.05s
    cube 3835.251.131 (depth 2, 28 lits): UNSAT in 0.12s
    cube 3835.251.132 (depth 2, 28 lits): UNSAT in 0.27s
    cube 3835.251.133 (depth 2, 28 lits): UNSAT in 0.12s
    cube 3835.251.134 (depth 2, 28 lits): UNSAT in 0.49s
    cube 3835.251.135 (depth 2, 28 lits): UNSAT in 1.98s
    cube 3835.251.136 (depth 2, 28 lits): UNSAT in 3.84s
    cube 3835.251.137 (depth 2, 28 lits): UNSAT in 0.02s
    cube 3835.251.138 (depth 2, 28 lits): UNSAT in 0.08s
    cube 3835.251.139 (depth 2, 28 lits): UNSAT in 0.05s
    cube 3835.251.140 (depth 2, 28 lits): UNSAT in 0.24s
    cube 3835.251.141 (depth 2, 28 lits): UNSAT in 0.14s
    cube 3835.251.142 (depth 2, 28 lits): UNSAT in 0.45s
    cube 3835.251.143 (depth 2, 28 lits): UNSAT in 0.11s
    cube 3835.251.144 (depth 2, 28 lits): UNSAT in 1.40s
    cube 3835.251.145 (depth 2, 28 lits): UNSAT in 0.02s
    cube 3835.251.146 (depth 2, 28 lits): UNSAT in 0.06s
    cube 3835.251.147 (depth 2, 28 lits): UNSAT in 0.07s
    cube 3835.251.148 (depth 2, 28 lits): UNSAT in 0.29s
    cube 3835.251.149 (depth 2, 28 lits): UNSAT in 0.21s
    cube 3835.251.150 (depth 2, 28 lits): UNSAT in 0.61s
    cube 3835.251.151 (depth 2, 28 lits): UNSAT in 0.61s
    cube 3835.251.152 (depth 2, 28 lits): UNSAT in 3.00s
    cube 3835.251.153 (depth 2, 28 lits): UNSAT in 0.07s
    cube 3835.251.154 (depth 2, 28 lits): UNSAT in 0.23s
    cube 3835.251.155 (depth 2, 28 lits): UNSAT in 0.14s
    cube 3835.251.156 (depth 2, 28 lits): UNSAT in 0.80s
    cube 3835.251.157 (depth 2, 28 lits): UNSAT in 0.07s
    cube 3835.251.158 (depth 2, 28 lits): UNSAT in 0.28s
    cube 3835.251.159 (depth 2, 28 lits): UNSAT in 0.55s
    cube 3835.251.160 (depth 2, 28 lits): UNSAT in 2.31s
    cube 3835.251.161 (depth 2, 28 lits): UNSAT in 0.11s
    cube 3835.251.162 (depth 2, 28 lits): UNSAT in 0.38s
    cube 3835.251.163 (depth 2, 28 lits): UNSAT in 0.27s
    cube 3835.251.164 (depth 2, 28 lits): UNSAT in 2.02s
    cube 3835.251.165 (depth 2, 28 lits): UNSAT in 1.32s
    cube 3835.251.166 (depth 2, 28 lits): UNSAT in 3.19s
    cube 3835.251.167 (depth 2, 28 lits): UNSAT in 5.44s
    cube 3835.251.168 (depth 2, 28 lits): UNSAT in 26.37s
    cube 3835.251.169 (depth 2, 28 lits): UNSAT in 0.04s
    cube 3835.251.170 (depth 2, 28 lits): UNSAT in 0.06s
    cube 3835.251.171 (depth 2, 28 lits): UNSAT in 0.04s
    cube 3835.251.172 (depth 2, 28 lits): UNSAT in 0.20s
    cube 3835.251.173 (depth 2, 28 lits): UNSAT in 0.09s
    cube 3835.251.174 (depth 2, 28 lits): UNSAT in 0.13s
    cube 3835.251.175 (depth 2, 28 lits): UNSAT in 0.19s
    cube 3835.251.176 (depth 2, 28 lits): UNSAT in 2.74s
    cube 3835.251.177 (depth 2, 28 lits): UNSAT in 0.02s
    cube 3835.251.178 (depth 2, 28 lits): UNSAT in 0.07s
    cube 3835.251.179 (depth 2, 28 lits): UNSAT in 0.12s
    cube 3835.251.180 (depth 2, 28 lits): UNSAT in 1.71s
    cube 3835.251.181 (depth 2, 28 lits): UNSAT in 0.19s
    cube 3835.251.182 (depth 2, 28 lits): UNSAT in 0.40s
    cube 3835.251.183 (depth 2, 28 lits): UNSAT in 0.44s
    cube 3835.251.184 (depth 2, 28 lits): UNSAT in 1.40s
    cube 3835.251.185 (depth 2, 28 lits): UNSAT in 0.28s
    cube 3835.251.186 (depth 2, 28 lits): UNSAT in 1.11s
    cube 3835.251.187 (depth 2, 28 lits): UNSAT in 0.33s
    cube 3835.251.188 (depth 2, 28 lits): UNSAT in 2.22s
    cube 3835.251.189 (depth 2, 28 lits): UNSAT in 0.35s
    cube 3835.251.190 (depth 2, 28 lits): UNSAT in 1.63s
    cube 3835.251.191 (depth 2, 28 lits): UNSAT in 0.68s
    cube 3835.251.192 (depth 2, 28 lits): UNSAT in 4.50s
    cube 3835.251.193 (depth 2, 28 lits): UNSAT in 0.11s
    cube 3835.251.194 (depth 2, 28 lits): UNSAT in 0.63s
    cube 3835.251.195 (depth 2, 28 lits): UNSAT in 0.31s
    cube 3835.251.196 (depth 2, 28 lits): UNSAT in 1.95s
    cube 3835.251.197 (depth 2, 28 lits): UNSAT in 2.10s
    cube 3835.251.198 (depth 2, 28 lits): UNSAT in 4.06s
    cube 3835.251.199 (depth 2, 28 lits): UNSAT in 7.52s
    cube 3835.251.200 (depth 2, 28 lits): UNSAT in 23.73s
    cube 3835.251.201 (depth 2, 28 lits): UNSAT in 0.05s
    cube 3835.251.202 (depth 2, 28 lits): UNSAT in 0.13s
    cube 3835.251.203 (depth 2, 28 lits): UNSAT in 0.08s
    cube 3835.251.204 (depth 2, 28 lits): UNSAT in 0.20s
    cube 3835.251.205 (depth 2, 28 lits): UNSAT in 0.26s
    cube 3835.251.206 (depth 2, 28 lits): UNSAT in 0.57s
    cube 3835.251.207 (depth 2, 28 lits): UNSAT in 0.57s
    cube 3835.251.208 (depth 2, 28 lits): UNSAT in 5.71s
    cube 3835.251.209 (depth 2, 28 lits): UNSAT in 0.17s
    cube 3835.251.210 (depth 2, 28 lits): UNSAT in 1.81s
    cube 3835.251.211 (depth 2, 28 lits): UNSAT in 1.23s
    cube 3835.251.212 (depth 2, 28 lits): UNSAT in 3.37s
    cube 3835.251.213 (depth 2, 28 lits): UNSAT in 1.15s
    cube 3835.251.214 (depth 2, 28 lits): UNSAT in 4.86s
    cube 3835.251.215 (depth 2, 28 lits): UNSAT in 6.21s
    cube 3835.251.216 (depth 2, 28 lits): UNSAT in 32.29s
    cube 3835.251.217 (depth 2, 28 lits): UNSAT in 0.16s
    cube 3835.251.218 (depth 2, 28 lits): UNSAT in 0.24s
    cube 3835.251.219 (depth 2, 28 lits): UNSAT in 0.68s
    cube 3835.251.220 (depth 2, 28 lits): UNSAT in 7.77s
    cube 3835.251.221 (depth 2, 28 lits): UNSAT in 1.92s
    cube 3835.251.222 (depth 2, 28 lits): UNSAT in 6.58s
    cube 3835.251.223 (depth 2, 28 lits): UNSAT in 9.47s
    cube 3835.251.224 (depth 2, 28 lits): UNSAT in 73.99s
    cube 3835.251.225 (depth 2, 28 lits): UNSAT in 1.22s
    cube 3835.251.226 (depth 2, 28 lits): UNSAT in 4.51s
    cube 3835.251.227 (depth 2, 28 lits): UNSAT in 3.96s
    cube 3835.251.228 (depth 2, 28 lits): UNSAT in 41.32s
    cube 3835.251.229 (depth 2, 28 lits): UNSAT in 0.77s
    cube 3835.251.230 (depth 2, 28 lits): UNSAT in 6.80s
    cube 3835.251.231 (depth 2, 28 lits): UNSAT in 8.42s
    cube 3835.251.232 (depth 2, 28 lits): UNSAT in 42.53s
    cube 3835.252 (depth 1, 20 lits): UNSAT in 164.73s
    cube 3835.253 (depth 1, 20 lits): TIMEOUT in 1200.10s
    cube 3835.253 TIMEOUT -> re-split into 250 sub-cubes (depth 2)
    cube 3835.253.0 (depth 2, 27 lits): UNSAT in 0.01s
    cube 3835.253.1 (depth 2, 28 lits): UNSAT in 0.01s
    cube 3835.253.2 (depth 2, 28 lits): UNSAT in 0.02s
    cube 3835.253.3 (depth 2, 27 lits): UNSAT in 0.02s
    cube 3835.253.4 (depth 2, 28 lits): UNSAT in 0.03s
    cube 3835.253.5 (depth 2, 28 lits): UNSAT in 0.03s
    cube 3835.253.6 (depth 2, 27 lits): UNSAT in 0.01s
    cube 3835.253.7 (depth 2, 27 lits): UNSAT in 0.02s
    cube 3835.253.8 (depth 2, 28 lits): UNSAT in 0.01s
    cube 3835.253.9 (depth 2, 28 lits): UNSAT in 0.02s
    cube 3835.253.10 (depth 2, 28 lits): UNSAT in 0.02s
    cube 3835.253.11 (depth 2, 28 lits): UNSAT in 0.02s
    cube 3835.253.12 (depth 2, 28 lits): UNSAT in 0.01s
    cube 3835.253.13 (depth 2, 28 lits): UNSAT in 0.02s
    cube 3835.253.14 (depth 2, 28 lits): UNSAT in 0.03s
    cube 3835.253.15 (depth 2, 28 lits): UNSAT in 0.04s
    cube 3835.253.16 (depth 2, 28 lits): UNSAT in 0.02s
    cube 3835.253.17 (depth 2, 28 lits): UNSAT in 0.04s
    cube 3835.253.18 (depth 2, 28 lits): UNSAT in 0.02s
    cube 3835.253.19 (depth 2, 28 lits): UNSAT in 0.10s
    cube 3835.253.20 (depth 2, 28 lits): UNSAT in 0.01s
    cube 3835.253.21 (depth 2, 28 lits): UNSAT in 0.03s
    cube 3835.253.22 (depth 2, 28 lits): UNSAT in 0.03s
    cube 3835.253.23 (depth 2, 28 lits): UNSAT in 0.03s
    cube 3835.253.24 (depth 2, 28 lits): UNSAT in 0.06s
    cube 3835.253.25 (depth 2, 28 lits): UNSAT in 0.17s
    cube 3835.253.26 (depth 2, 28 lits): UNSAT in 0.07s
    cube 3835.253.27 (depth 2, 28 lits): UNSAT in 1.07s
    cube 3835.253.28 (depth 2, 28 lits): UNSAT in 0.02s
    cube 3835.253.29 (depth 2, 28 lits): UNSAT in 0.03s
    cube 3835.253.30 (depth 2, 28 lits): UNSAT in 0.03s
    cube 3835.253.31 (depth 2, 28 lits): UNSAT in 0.07s
    cube 3835.253.32 (depth 2, 28 lits): UNSAT in 0.02s
    cube 3835.253.33 (depth 2, 28 lits): UNSAT in 0.06s
    cube 3835.253.34 (depth 2, 28 lits): UNSAT in 0.05s
    cube 3835.253.35 (depth 2, 28 lits): UNSAT in 0.11s
    cube 3835.253.36 (depth 2, 28 lits): UNSAT in 0.04s
    cube 3835.253.37 (depth 2, 28 lits): UNSAT in 0.06s
    cube 3835.253.38 (depth 2, 28 lits): UNSAT in 0.01s
    cube 3835.253.39 (depth 2, 28 lits): UNSAT in 0.12s
    cube 3835.253.40 (depth 2, 28 lits): UNSAT in 0.13s
    cube 3835.253.41 (depth 2, 28 lits): UNSAT in 0.25s
    cube 3835.253.42 (depth 2, 28 lits): UNSAT in 0.10s
    cube 3835.253.43 (depth 2, 28 lits): UNSAT in 0.24s
    cube 3835.253.44 (depth 2, 28 lits): UNSAT in 0.07s
    cube 3835.253.45 (depth 2, 28 lits): UNSAT in 0.18s
    cube 3835.253.46 (depth 2, 28 lits): UNSAT in 0.19s
    cube 3835.253.47 (depth 2, 28 lits): UNSAT in 0.26s
    cube 3835.253.48 (depth 2, 28 lits): UNSAT in 0.04s
    cube 3835.253.49 (depth 2, 28 lits): UNSAT in 0.14s
    cube 3835.253.50 (depth 2, 28 lits): UNSAT in 0.16s
    cube 3835.253.51 (depth 2, 28 lits): UNSAT in 0.44s
    cube 3835.253.52 (depth 2, 28 lits): UNSAT in 0.02s
    cube 3835.253.53 (depth 2, 28 lits): UNSAT in 0.02s
    cube 3835.253.54 (depth 2, 28 lits): UNSAT in 0.02s
    cube 3835.253.55 (depth 2, 28 lits): UNSAT in 0.03s
    cube 3835.253.56 (depth 2, 28 lits): UNSAT in 0.21s
    cube 3835.253.57 (depth 2, 28 lits): UNSAT in 0.20s
    cube 3835.253.58 (depth 2, 28 lits): UNSAT in 0.19s
    cube 3835.253.59 (depth 2, 28 lits): UNSAT in 1.55s
    cube 3835.253.60 (depth 2, 27 lits): UNSAT in 0.01s
    cube 3835.253.61 (depth 2, 28 lits): UNSAT in 0.01s
    cube 3835.253.62 (depth 2, 28 lits): UNSAT in 0.02s
    cube 3835.253.63 (depth 2, 27 lits): UNSAT in 0.02s
    cube 3835.253.64 (depth 2, 28 lits): UNSAT in 0.03s
    cube 3835.253.65 (depth 2, 28 lits): UNSAT in 0.03s
    cube 3835.253.66 (depth 2, 28 lits): UNSAT in 0.01s
    cube 3835.253.67 (depth 2, 28 lits): UNSAT in 0.02s
    cube 3835.253.68 (depth 2, 28 lits): UNSAT in 0.03s
    cube 3835.253.69 (depth 2, 28 lits): UNSAT in 0.09s
    cube 3835.253.70 (depth 2, 28 lits): UNSAT in 0.04s
    cube 3835.253.71 (depth 2, 28 lits): UNSAT in 0.11s
    cube 3835.253.72 (depth 2, 28 lits): UNSAT in 0.07s
    cube 3835.253.73 (depth 2, 28 lits): UNSAT in 0.32s
    cube 3835.253.74 (depth 2, 28 lits): UNSAT in 0.02s
    cube 3835.253.75 (depth 2, 28 lits): UNSAT in 0.03s
    cube 3835.253.76 (depth 2, 28 lits): UNSAT in 0.05s
    cube 3835.253.77 (depth 2, 28 lits): UNSAT in 0.28s
    cube 3835.253.78 (depth 2, 28 lits): UNSAT in 0.02s
    cube 3835.253.79 (depth 2, 28 lits): UNSAT in 0.05s
    cube 3835.253.80 (depth 2, 28 lits): UNSAT in 0.10s
    cube 3835.253.81 (depth 2, 28 lits): UNSAT in 0.61s
    cube 3835.253.82 (depth 2, 28 lits): UNSAT in 0.04s
    cube 3835.253.83 (depth 2, 28 lits): UNSAT in 0.24s
    cube 3835.253.84 (depth 2, 28 lits): UNSAT in 0.14s
    cube 3835.253.85 (depth 2, 28 lits): UNSAT in 0.55s
    cube 3835.253.86 (depth 2, 28 lits): UNSAT in 0.04s
    cube 3835.253.87 (depth 2, 28 lits): UNSAT in 0.35s
    cube 3835.253.88 (depth 2, 28 lits): UNSAT in 0.51s
    cube 3835.253.89 (depth 2, 28 lits): UNSAT in 3.23s
    cube 3835.253.90 (depth 2, 28 lits): UNSAT in 0.02s
    cube 3835.253.91 (depth 2, 28 lits): UNSAT in 0.04s
    cube 3835.253.92 (depth 2, 28 lits): UNSAT in 0.09s
    cube 3835.253.93 (depth 2, 28 lits): UNSAT in 0.12s
    cube 3835.253.94 (depth 2, 28 lits): UNSAT in 0.10s
    cube 3835.253.95 (depth 2, 28 lits): UNSAT in 0.13s
    cube 3835.253.96 (depth 2, 28 lits): UNSAT in 0.42s
    cube 3835.253.97 (depth 2, 28 lits): UNSAT in 0.71s
    cube 3835.253.98 (depth 2, 28 lits): UNSAT in 0.03s
    cube 3835.253.99 (depth 2, 28 lits): UNSAT in 0.27s
    cube 3835.253.100 (depth 2, 28 lits): UNSAT in 0.28s
    cube 3835.253.101 (depth 2, 28 lits): UNSAT in 0.35s
    cube 3835.253.102 (depth 2, 28 lits): UNSAT in 0.12s
    cube 3835.253.103 (depth 2, 28 lits): UNSAT in 0.21s
    cube 3835.253.104 (depth 2, 28 lits): UNSAT in 0.22s
    cube 3835.253.105 (depth 2, 28 lits): UNSAT in 1.81s
    cube 3835.253.106 (depth 2, 28 lits): UNSAT in 0.02s
    cube 3835.253.107 (depth 2, 28 lits): UNSAT in 0.11s
    cube 3835.253.108 (depth 2, 28 lits): UNSAT in 0.07s
    cube 3835.253.109 (depth 2, 28 lits): UNSAT in 0.24s
    cube 3835.253.110 (depth 2, 28 lits): UNSAT in 0.14s
    cube 3835.253.111 (depth 2, 28 lits): UNSAT in 0.23s
    cube 3835.253.112 (depth 2, 28 lits): UNSAT in 0.88s
    cube 3835.253.113 (depth 2, 28 lits): UNSAT in 5.03s
    cube 3835.253.114 (depth 2, 28 lits): UNSAT in 0.06s
    cube 3835.253.115 (depth 2, 28 lits): UNSAT in 0.17s
    cube 3835.253.116 (depth 2, 28 lits): UNSAT in 0.30s
    cube 3835.253.117 (depth 2, 28 lits): UNSAT in 3.94s
    cube 3835.253.118 (depth 2, 28 lits): UNSAT in 0.47s
    cube 3835.253.119 (depth 2, 28 lits): UNSAT in 4.23s
    cube 3835.253.120 (depth 2, 28 lits): UNSAT in 5.79s
    cube 3835.253.121 (depth 2, 28 lits): UNSAT in 20.93s
    cube 3835.253.122 (depth 2, 28 lits): UNSAT in 0.02s
    cube 3835.253.123 (depth 2, 28 lits): UNSAT in 0.03s
    cube 3835.253.124 (depth 2, 28 lits): UNSAT in 0.04s
    cube 3835.253.125 (depth 2, 28 lits): UNSAT in 0.08s
    cube 3835.253.126 (depth 2, 28 lits): UNSAT in 0.01s
    cube 3835.253.127 (depth 2, 28 lits): UNSAT in 0.02s
    cube 3835.253.128 (depth 2, 28 lits): UNSAT in 0.02s
    cube 3835.253.129 (depth 2, 28 lits): UNSAT in 0.05s
    cube 3835.253.130 (depth 2, 28 lits): UNSAT in 0.01s
    cube 3835.253.131 (depth 2, 28 lits): UNSAT in 0.02s
    cube 3835.253.132 (depth 2, 28 lits): UNSAT in 0.02s
    cube 3835.253.133 (depth 2, 28 lits): UNSAT in 0.03s
    cube 3835.253.134 (depth 2, 28 lits): UNSAT in 0.05s
    cube 3835.253.135 (depth 2, 28 lits): UNSAT in 0.09s
    cube 3835.253.136 (depth 2, 28 lits): UNSAT in 0.12s
    cube 3835.253.137 (depth 2, 28 lits): UNSAT in 0.18s
    cube 3835.253.138 (depth 2, 28 lits): UNSAT in 0.04s
    cube 3835.253.139 (depth 2, 28 lits): UNSAT in 0.10s
    cube 3835.253.140 (depth 2, 28 lits): UNSAT in 0.03s
    cube 3835.253.141 (depth 2, 28 lits): UNSAT in 0.06s
    cube 3835.253.142 (depth 2, 28 lits): UNSAT in 0.02s
    cube 3835.253.143 (depth 2, 28 lits): UNSAT in 0.07s
    cube 3835.253.144 (depth 2, 28 lits): UNSAT in 0.05s
    cube 3835.253.145 (depth 2, 28 lits): UNSAT in 0.09s
    cube 3835.253.146 (depth 2, 28 lits): UNSAT in 0.01s
    cube 3835.253.147 (depth 2, 28 lits): UNSAT in 0.03s
    cube 3835.253.148 (depth 2, 28 lits): UNSAT in 0.02s
    cube 3835.253.149 (depth 2, 28 lits): UNSAT in 0.03s
    cube 3835.253.150 (depth 2, 28 lits): UNSAT in 0.04s
    cube 3835.253.151 (depth 2, 28 lits): UNSAT in 0.30s
    cube 3835.253.152 (depth 2, 28 lits): UNSAT in 0.71s
    cube 3835.253.153 (depth 2, 28 lits): UNSAT in 0.88s
    cube 3835.253.154 (depth 2, 28 lits): UNSAT in 0.04s
    cube 3835.253.155 (depth 2, 28 lits): UNSAT in 0.06s
    cube 3835.253.156 (depth 2, 28 lits): UNSAT in 0.02s
    cube 3835.253.157 (depth 2, 28 lits): UNSAT in 0.10s
    cube 3835.253.158 (depth 2, 28 lits): UNSAT in 0.05s
    cube 3835.253.159 (depth 2, 28 lits): UNSAT in 0.11s
    cube 3835.253.160 (depth 2, 28 lits): UNSAT in 0.18s
    cube 3835.253.161 (depth 2, 28 lits): UNSAT in 0.34s
    cube 3835.253.162 (depth 2, 28 lits): UNSAT in 0.10s
    cube 3835.253.163 (depth 2, 28 lits): UNSAT in 0.15s
    cube 3835.253.164 (depth 2, 28 lits): UNSAT in 0.13s
    cube 3835.253.165 (depth 2, 28 lits): UNSAT in 0.38s
    cube 3835.253.166 (depth 2, 28 lits): UNSAT in 0.30s
    cube 3835.253.167 (depth 2, 28 lits): UNSAT in 1.02s
    cube 3835.253.168 (depth 2, 28 lits): UNSAT in 1.10s
    cube 3835.253.169 (depth 2, 28 lits): UNSAT in 2.82s
    cube 3835.253.170 (depth 2, 28 lits): UNSAT in 0.02s
    cube 3835.253.171 (depth 2, 28 lits): UNSAT in 0.06s
    cube 3835.253.172 (depth 2, 28 lits): UNSAT in 0.05s
    cube 3835.253.173 (depth 2, 28 lits): UNSAT in 0.15s
    cube 3835.253.174 (depth 2, 28 lits): UNSAT in 0.17s
    cube 3835.253.175 (depth 2, 28 lits): UNSAT in 0.51s
    cube 3835.253.176 (depth 2, 28 lits): UNSAT in 0.26s
    cube 3835.253.177 (depth 2, 28 lits): UNSAT in 1.58s
    cube 3835.253.178 (depth 2, 28 lits): UNSAT in 0.12s
    cube 3835.253.179 (depth 2, 28 lits): UNSAT in 0.52s
    cube 3835.253.180 (depth 2, 28 lits): UNSAT in 0.29s
    cube 3835.253.181 (depth 2, 28 lits): UNSAT in 1.61s
    cube 3835.253.182 (depth 2, 28 lits): UNSAT in 0.74s
    cube 3835.253.183 (depth 2, 28 lits): UNSAT in 2.49s
    cube 3835.253.184 (depth 2, 28 lits): UNSAT in 2.40s
    cube 3835.253.185 (depth 2, 28 lits): UNSAT in 7.44s
    cube 3835.253.186 (depth 2, 28 lits): UNSAT in 0.02s
    cube 3835.253.187 (depth 2, 28 lits): UNSAT in 0.03s
    cube 3835.253.188 (depth 2, 28 lits): UNSAT in 0.06s
    cube 3835.253.189 (depth 2, 28 lits): UNSAT in 0.22s
    cube 3835.253.190 (depth 2, 28 lits): UNSAT in 0.10s
    cube 3835.253.191 (depth 2, 28 lits): UNSAT in 0.18s
    cube 3835.253.192 (depth 2, 28 lits): UNSAT in 0.30s
    cube 3835.253.193 (depth 2, 28 lits): UNSAT in 0.66s
    cube 3835.253.194 (depth 2, 28 lits): UNSAT in 0.05s
    cube 3835.253.195 (depth 2, 28 lits): UNSAT in 0.10s
    cube 3835.253.196 (depth 2, 28 lits): UNSAT in 0.13s
    cube 3835.253.197 (depth 2, 28 lits): UNSAT in 0.62s
    cube 3835.253.198 (depth 2, 28 lits): UNSAT in 0.17s
    cube 3835.253.199 (depth 2, 28 lits): UNSAT in 0.67s
    cube 3835.253.200 (depth 2, 28 lits): UNSAT in 0.07s
    cube 3835.253.201 (depth 2, 28 lits): UNSAT in 2.32s
    cube 3835.253.202 (depth 2, 28 lits): UNSAT in 0.10s
    cube 3835.253.203 (depth 2, 28 lits): UNSAT in 0.28s
    cube 3835.253.204 (depth 2, 28 lits): UNSAT in 0.24s
    cube 3835.253.205 (depth 2, 28 lits): UNSAT in 1.04s
    cube 3835.253.206 (depth 2, 28 lits): UNSAT in 0.07s
    cube 3835.253.207 (depth 2, 28 lits): UNSAT in 0.33s
    cube 3835.253.208 (depth 2, 28 lits): UNSAT in 0.17s
    cube 3835.253.209 (depth 2, 28 lits): UNSAT in 2.77s
    cube 3835.253.210 (depth 2, 28 lits): UNSAT in 0.06s
    cube 3835.253.211 (depth 2, 28 lits): UNSAT in 0.16s
    cube 3835.253.212 (depth 2, 28 lits): UNSAT in 0.17s
    cube 3835.253.213 (depth 2, 28 lits): UNSAT in 1.68s
    cube 3835.253.214 (depth 2, 28 lits): UNSAT in 0.33s
    cube 3835.253.215 (depth 2, 28 lits): UNSAT in 2.00s
    cube 3835.253.216 (depth 2, 28 lits): UNSAT in 4.96s
    cube 3835.253.217 (depth 2, 28 lits): UNSAT in 12.33s
    cube 3835.253.218 (depth 2, 28 lits): UNSAT in 0.07s
    cube 3835.253.219 (depth 2, 28 lits): UNSAT in 0.20s
    cube 3835.253.220 (depth 2, 28 lits): UNSAT in 0.38s
    cube 3835.253.221 (depth 2, 28 lits): UNSAT in 0.85s
    cube 3835.253.222 (depth 2, 28 lits): UNSAT in 0.14s
    cube 3835.253.223 (depth 2, 28 lits): UNSAT in 0.47s
    cube 3835.253.224 (depth 2, 28 lits): UNSAT in 0.78s
    cube 3835.253.225 (depth 2, 28 lits): UNSAT in 5.09s
    cube 3835.253.226 (depth 2, 28 lits): UNSAT in 0.07s
    cube 3835.253.227 (depth 2, 28 lits): UNSAT in 0.24s
    cube 3835.253.228 (depth 2, 28 lits): UNSAT in 0.54s
    cube 3835.253.229 (depth 2, 28 lits): UNSAT in 3.04s
    cube 3835.253.230 (depth 2, 28 lits): UNSAT in 0.39s
    cube 3835.253.231 (depth 2, 28 lits): UNSAT in 1.59s
    cube 3835.253.232 (depth 2, 28 lits): UNSAT in 5.52s
    cube 3835.253.233 (depth 2, 28 lits): UNSAT in 17.30s
    cube 3835.253.234 (depth 2, 28 lits): UNSAT in 0.26s
    cube 3835.253.235 (depth 2, 28 lits): UNSAT in 1.03s
    cube 3835.253.236 (depth 2, 28 lits): UNSAT in 0.79s
    cube 3835.253.237 (depth 2, 28 lits): UNSAT in 4.54s
    cube 3835.253.238 (depth 2, 28 lits): UNSAT in 1.04s
    cube 3835.253.239 (depth 2, 28 lits): UNSAT in 5.59s
    cube 3835.253.240 (depth 2, 28 lits): UNSAT in 3.57s
    cube 3835.253.241 (depth 2, 28 lits): UNSAT in 34.39s
    cube 3835.253.242 (depth 2, 28 lits): UNSAT in 1.14s
    cube 3835.253.243 (depth 2, 28 lits): UNSAT in 7.71s
    cube 3835.253.244 (depth 2, 28 lits): UNSAT in 2.86s
    cube 3835.253.245 (depth 2, 28 lits): UNSAT in 163.29s
    cube 3835.253.246 (depth 2, 28 lits): UNSAT in 15.10s
    cube 3835.253.247 (depth 2, 28 lits): UNSAT in 243.66s
    cube 3835.253.248 (depth 2, 28 lits): UNSAT in 13.62s
    cube 3835.253.249 (depth 2, 28 lits): UNSAT in 387.43s
    cube 3835.254 (depth 1, 20 lits): UNSAT in 777.34s
    cube 3835.255 (depth 1, 20 lits): TIMEOUT in 1200.09s
    cube 3835.255 TIMEOUT -> re-split into 249 sub-cubes (depth 2)
    cube 3835.255.0 (depth 2, 27 lits): UNSAT in 0.01s
    cube 3835.255.1 (depth 2, 28 lits): UNSAT in 0.01s
    cube 3835.255.2 (depth 2, 28 lits): UNSAT in 0.02s
    cube 3835.255.3 (depth 2, 28 lits): UNSAT in 0.02s
    cube 3835.255.4 (depth 2, 28 lits): UNSAT in 0.02s
    cube 3835.255.5 (depth 2, 28 lits): UNSAT in 0.02s
    cube 3835.255.6 (depth 2, 28 lits): UNSAT in 0.04s
    cube 3835.255.7 (depth 2, 27 lits): UNSAT in 0.02s
    cube 3835.255.8 (depth 2, 28 lits): UNSAT in 0.02s
    cube 3835.255.9 (depth 2, 28 lits): UNSAT in 0.03s
    cube 3835.255.10 (depth 2, 27 lits): UNSAT in 0.02s
    cube 3835.255.11 (depth 2, 28 lits): UNSAT in 0.03s
    cube 3835.255.12 (depth 2, 28 lits): UNSAT in 0.03s
    cube 3835.255.13 (depth 2, 27 lits): UNSAT in 0.02s
    cube 3835.255.14 (depth 2, 28 lits): UNSAT in 0.02s
    cube 3835.255.15 (depth 2, 28 lits): UNSAT in 0.02s
    cube 3835.255.16 (depth 2, 28 lits): UNSAT in 0.02s
    cube 3835.255.17 (depth 2, 28 lits): UNSAT in 0.02s
    cube 3835.255.18 (depth 2, 28 lits): UNSAT in 0.02s
    cube 3835.255.19 (depth 2, 28 lits): UNSAT in 0.02s
    cube 3835.255.20 (depth 2, 28 lits): UNSAT in 0.01s
    cube 3835.255.21 (depth 2, 28 lits): UNSAT in 0.01s
    cube 3835.255.22 (depth 2, 28 lits): UNSAT in 0.01s
    cube 3835.255.23 (depth 2, 28 lits): UNSAT in 0.02s
    cube 3835.255.24 (depth 2, 28 lits): UNSAT in 0.03s
    cube 3835.255.25 (depth 2, 28 lits): UNSAT in 0.02s
    cube 3835.255.26 (depth 2, 28 lits): UNSAT in 0.11s
    cube 3835.255.27 (depth 2, 28 lits): UNSAT in 0.04s
    cube 3835.255.28 (depth 2, 27 lits): UNSAT in 0.02s
    cube 3835.255.29 (depth 2, 28 lits): UNSAT in 0.02s
    cube 3835.255.30 (depth 2, 28 lits): UNSAT in 0.02s
    cube 3835.255.31 (depth 2, 28 lits): UNSAT in 0.02s
    cube 3835.255.32 (depth 2, 28 lits): UNSAT in 0.03s
    cube 3835.255.33 (depth 2, 28 lits): UNSAT in 0.02s
    cube 3835.255.34 (depth 2, 28 lits): UNSAT in 0.08s
    cube 3835.255.35 (depth 2, 28 lits): UNSAT in 0.01s
    cube 3835.255.36 (depth 2, 28 lits): UNSAT in 0.02s
    cube 3835.255.37 (depth 2, 28 lits): UNSAT in 0.01s
    cube 3835.255.38 (depth 2, 28 lits): UNSAT in 0.03s
    cube 3835.255.39 (depth 2, 28 lits): UNSAT in 0.02s
    cube 3835.255.40 (depth 2, 28 lits): UNSAT in 0.02s
    cube 3835.255.41 (depth 2, 28 lits): UNSAT in 0.03s
    cube 3835.255.42 (depth 2, 28 lits): UNSAT in 0.26s
    cube 3835.255.43 (depth 2, 28 lits): UNSAT in 0.01s
    cube 3835.255.44 (depth 2, 28 lits): UNSAT in 0.02s
    cube 3835.255.45 (depth 2, 28 lits): UNSAT in 0.03s
    cube 3835.255.46 (depth 2, 28 lits): UNSAT in 0.04s
    cube 3835.255.47 (depth 2, 28 lits): UNSAT in 0.02s
    cube 3835.255.48 (depth 2, 28 lits): UNSAT in 0.02s
    cube 3835.255.49 (depth 2, 28 lits): UNSAT in 0.03s
    cube 3835.255.50 (depth 2, 28 lits): UNSAT in 0.07s
    cube 3835.255.51 (depth 2, 28 lits): UNSAT in 0.03s
    cube 3835.255.52 (depth 2, 28 lits): UNSAT in 0.04s
    cube 3835.255.53 (depth 2, 28 lits): UNSAT in 0.03s
    cube 3835.255.54 (depth 2, 28 lits): UNSAT in 0.12s
    cube 3835.255.55 (depth 2, 28 lits): UNSAT in 0.21s
    cube 3835.255.56 (depth 2, 28 lits): UNSAT in 0.51s
    cube 3835.255.57 (depth 2, 28 lits): UNSAT in 0.07s
    cube 3835.255.58 (depth 2, 28 lits): UNSAT in 0.11s
    cube 3835.255.59 (depth 2, 27 lits): UNSAT in 0.02s
    cube 3835.255.60 (depth 2, 28 lits): UNSAT in 0.01s
    cube 3835.255.61 (depth 2, 28 lits): UNSAT in 0.02s
    cube 3835.255.62 (depth 2, 28 lits): UNSAT in 0.02s
    cube 3835.255.63 (depth 2, 28 lits): UNSAT in 0.03s
    cube 3835.255.64 (depth 2, 28 lits): UNSAT in 0.02s
    cube 3835.255.65 (depth 2, 28 lits): UNSAT in 0.05s
    cube 3835.255.66 (depth 2, 27 lits): UNSAT in 0.01s
    cube 3835.255.67 (depth 2, 28 lits): UNSAT in 0.02s
    cube 3835.255.68 (depth 2, 28 lits): UNSAT in 0.02s
    cube 3835.255.69 (depth 2, 28 lits): UNSAT in 0.01s
    cube 3835.255.70 (depth 2, 28 lits): UNSAT in 0.03s
    cube 3835.255.71 (depth 2, 28 lits): UNSAT in 0.08s
    cube 3835.255.72 (depth 2, 28 lits): UNSAT in 0.18s
    cube 3835.255.73 (depth 2, 28 lits): UNSAT in 0.02s
    cube 3835.255.74 (depth 2, 28 lits): UNSAT in 0.02s
    cube 3835.255.75 (depth 2, 28 lits): UNSAT in 0.03s
    cube 3835.255.76 (depth 2, 28 lits): UNSAT in 0.06s
    cube 3835.255.77 (depth 2, 28 lits): UNSAT in 0.06s
    cube 3835.255.78 (depth 2, 28 lits): UNSAT in 0.13s
    cube 3835.255.79 (depth 2, 28 lits): UNSAT in 0.04s
    cube 3835.255.80 (depth 2, 28 lits): UNSAT in 0.18s
    cube 3835.255.81 (depth 2, 28 lits): UNSAT in 0.02s
    cube 3835.255.82 (depth 2, 28 lits): UNSAT in 0.03s
    cube 3835.255.83 (depth 2, 28 lits): UNSAT in 0.03s
    cube 3835.255.84 (depth 2, 28 lits): UNSAT in 0.09s
    cube 3835.255.85 (depth 2, 28 lits): UNSAT in 0.06s
    cube 3835.255.86 (depth 2, 28 lits): UNSAT in 0.06s
    cube 3835.255.87 (depth 2, 28 lits): UNSAT in 0.05s
    cube 3835.255.88 (depth 2, 28 lits): UNSAT in 0.36s
    cube 3835.255.89 (depth 2, 28 lits): UNSAT in 0.03s
    cube 3835.255.90 (depth 2, 28 lits): UNSAT in 0.04s
    cube 3835.255.91 (depth 2, 28 lits): UNSAT in 0.03s
    cube 3835.255.92 (depth 2, 28 lits): UNSAT in 0.19s
    cube 3835.255.93 (depth 2, 28 lits): UNSAT in 0.02s
    cube 3835.255.94 (depth 2, 28 lits): UNSAT in 0.04s
    cube 3835.255.95 (depth 2, 28 lits): UNSAT in 0.12s
    cube 3835.255.96 (depth 2, 28 lits): UNSAT in 0.18s
    cube 3835.255.97 (depth 2, 28 lits): UNSAT in 0.05s
    cube 3835.255.98 (depth 2, 28 lits): UNSAT in 0.02s
    cube 3835.255.99 (depth 2, 28 lits): UNSAT in 0.08s
    cube 3835.255.100 (depth 2, 28 lits): UNSAT in 0.10s
    cube 3835.255.101 (depth 2, 28 lits): UNSAT in 0.36s
    cube 3835.255.102 (depth 2, 28 lits): UNSAT in 0.23s
    cube 3835.255.103 (depth 2, 28 lits): UNSAT in 1.94s
    cube 3835.255.104 (depth 2, 28 lits): UNSAT in 3.68s
    cube 3835.255.105 (depth 2, 28 lits): UNSAT in 0.03s
    cube 3835.255.106 (depth 2, 28 lits): UNSAT in 0.16s
    cube 3835.255.107 (depth 2, 28 lits): UNSAT in 0.07s
    cube 3835.255.108 (depth 2, 28 lits): UNSAT in 0.54s
    cube 3835.255.109 (depth 2, 28 lits): UNSAT in 0.08s
    cube 3835.255.110 (depth 2, 28 lits): UNSAT in 0.23s
    cube 3835.255.111 (depth 2, 28 lits): UNSAT in 0.12s
    cube 3835.255.112 (depth 2, 28 lits): UNSAT in 1.32s
    cube 3835.255.113 (depth 2, 28 lits): UNSAT in 0.03s
    cube 3835.255.114 (depth 2, 28 lits): UNSAT in 0.06s
    cube 3835.255.115 (depth 2, 28 lits): UNSAT in 0.28s
    cube 3835.255.116 (depth 2, 28 lits): UNSAT in 3.62s
    cube 3835.255.117 (depth 2, 28 lits): UNSAT in 0.50s
    cube 3835.255.118 (depth 2, 28 lits): UNSAT in 3.57s
    cube 3835.255.119 (depth 2, 28 lits): UNSAT in 5.18s
    cube 3835.255.120 (depth 2, 28 lits): UNSAT in 2.16s
    cube 3835.255.121 (depth 2, 28 lits): UNSAT in 0.01s
    cube 3835.255.122 (depth 2, 28 lits): UNSAT in 0.01s
    cube 3835.255.123 (depth 2, 28 lits): UNSAT in 0.02s
    cube 3835.255.124 (depth 2, 28 lits): UNSAT in 0.02s
    cube 3835.255.125 (depth 2, 28 lits): UNSAT in 0.02s
    cube 3835.255.126 (depth 2, 28 lits): UNSAT in 0.03s
    cube 3835.255.127 (depth 2, 28 lits): UNSAT in 0.07s
    cube 3835.255.128 (depth 2, 28 lits): UNSAT in 0.11s
    cube 3835.255.129 (depth 2, 28 lits): UNSAT in 0.02s
    cube 3835.255.130 (depth 2, 28 lits): UNSAT in 0.03s
    cube 3835.255.131 (depth 2, 28 lits): UNSAT in 0.01s
    cube 3835.255.132 (depth 2, 28 lits): UNSAT in 0.05s
    cube 3835.255.133 (depth 2, 28 lits): UNSAT in 0.07s
    cube 3835.255.134 (depth 2, 28 lits): UNSAT in 0.26s
    cube 3835.255.135 (depth 2, 28 lits): UNSAT in 0.17s
    cube 3835.255.136 (depth 2, 28 lits): UNSAT in 1.68s
    cube 3835.255.137 (depth 2, 28 lits): UNSAT in 0.01s
    cube 3835.255.138 (depth 2, 28 lits): UNSAT in 0.04s
    cube 3835.255.139 (depth 2, 28 lits): UNSAT in 0.02s
    cube 3835.255.140 (depth 2, 28 lits): UNSAT in 0.02s
    cube 3835.255.141 (depth 2, 28 lits): UNSAT in 0.02s
    cube 3835.255.142 (depth 2, 28 lits): UNSAT in 0.06s
    cube 3835.255.143 (depth 2, 28 lits): UNSAT in 0.06s
    cube 3835.255.144 (depth 2, 28 lits): UNSAT in 0.13s
    cube 3835.255.145 (depth 2, 28 lits): UNSAT in 0.03s
    cube 3835.255.146 (depth 2, 28 lits): UNSAT in 0.04s
    cube 3835.255.147 (depth 2, 28 lits): UNSAT in 0.13s
    cube 3835.255.148 (depth 2, 28 lits): UNSAT in 0.36s
    cube 3835.255.149 (depth 2, 28 lits): UNSAT in 0.09s
    cube 3835.255.150 (depth 2, 28 lits): UNSAT in 0.42s
    cube 3835.255.151 (depth 2, 28 lits): UNSAT in 0.69s
    cube 3835.255.152 (depth 2, 28 lits): UNSAT in 2.57s
    cube 3835.255.153 (depth 2, 28 lits): UNSAT in 0.02s
    cube 3835.255.154 (depth 2, 28 lits): UNSAT in 0.02s
    cube 3835.255.155 (depth 2, 28 lits): UNSAT in 0.03s
    cube 3835.255.156 (depth 2, 28 lits): UNSAT in 0.13s
    cube 3835.255.157 (depth 2, 28 lits): UNSAT in 0.02s
    cube 3835.255.158 (depth 2, 28 lits): UNSAT in 0.09s
    cube 3835.255.159 (depth 2, 28 lits): UNSAT in 0.04s
    cube 3835.255.160 (depth 2, 28 lits): UNSAT in 0.21s
    cube 3835.255.161 (depth 2, 28 lits): UNSAT in 0.03s
    cube 3835.255.162 (depth 2, 28 lits): UNSAT in 0.07s
    cube 3835.255.163 (depth 2, 28 lits): UNSAT in 0.03s
    cube 3835.255.164 (depth 2, 28 lits): UNSAT in 0.03s
    cube 3835.255.165 (depth 2, 28 lits): UNSAT in 0.08s
    cube 3835.255.166 (depth 2, 28 lits): UNSAT in 0.18s
    cube 3835.255.167 (depth 2, 28 lits): UNSAT in 0.24s
    cube 3835.255.168 (depth 2, 28 lits): UNSAT in 0.27s
    cube 3835.255.169 (depth 2, 28 lits): UNSAT in 0.05s
    cube 3835.255.170 (depth 2, 28 lits): UNSAT in 0.06s
    cube 3835.255.171 (depth 2, 28 lits): UNSAT in 0.05s
    cube 3835.255.172 (depth 2, 28 lits): UNSAT in 0.20s
    cube 3835.255.173 (depth 2, 28 lits): UNSAT in 0.05s
    cube 3835.255.174 (depth 2, 28 lits): UNSAT in 0.10s
    cube 3835.255.175 (depth 2, 28 lits): UNSAT in 0.09s
    cube 3835.255.176 (depth 2, 28 lits): UNSAT in 0.57s
    cube 3835.255.177 (depth 2, 28 lits): UNSAT in 0.04s
    cube 3835.255.178 (depth 2, 28 lits): UNSAT in 0.08s
    cube 3835.255.179 (depth 2, 28 lits): UNSAT in 0.05s
    cube 3835.255.180 (depth 2, 28 lits): UNSAT in 0.70s
    cube 3835.255.181 (depth 2, 28 lits): UNSAT in 0.76s
    cube 3835.255.182 (depth 2, 28 lits): UNSAT in 1.99s
    cube 3835.255.183 (depth 2, 28 lits): UNSAT in 1.72s
    cube 3835.255.184 (depth 2, 28 lits): UNSAT in 14.38s
    cube 3835.255.185 (depth 2, 28 lits): UNSAT in 0.01s
    cube 3835.255.186 (depth 2, 28 lits): UNSAT in 0.02s
    cube 3835.255.187 (depth 2, 28 lits): UNSAT in 0.02s
    cube 3835.255.188 (depth 2, 28 lits): UNSAT in 0.07s
    cube 3835.255.189 (depth 2, 28 lits): UNSAT in 0.03s
    cube 3835.255.190 (depth 2, 28 lits): UNSAT in 0.05s
    cube 3835.255.191 (depth 2, 28 lits): UNSAT in 0.02s
    cube 3835.255.192 (depth 2, 28 lits): UNSAT in 0.20s
    cube 3835.255.193 (depth 2, 28 lits): UNSAT in 0.07s
    cube 3835.255.194 (depth 2, 28 lits): UNSAT in 0.06s
    cube 3835.255.195 (depth 2, 28 lits): UNSAT in 0.09s
    cube 3835.255.196 (depth 2, 28 lits): UNSAT in 0.15s
    cube 3835.255.197 (depth 2, 28 lits): UNSAT in 0.07s
    cube 3835.255.198 (depth 2, 28 lits): UNSAT in 0.03s
    cube 3835.255.199 (depth 2, 28 lits): UNSAT in 0.57s
    cube 3835.255.200 (depth 2, 28 lits): UNSAT in 0.35s
    cube 3835.255.201 (depth 2, 28 lits): UNSAT in 0.03s
    cube 3835.255.202 (depth 2, 28 lits): UNSAT in 0.03s
    cube 3835.255.203 (depth 2, 28 lits): UNSAT in 0.09s
    cube 3835.255.204 (depth 2, 28 lits): UNSAT in 0.35s
    cube 3835.255.205 (depth 2, 28 lits): UNSAT in 0.07s
    cube 3835.255.206 (depth 2, 28 lits): UNSAT in 0.13s
    cube 3835.255.207 (depth 2, 28 lits): UNSAT in 0.20s
    cube 3835.255.208 (depth 2, 28 lits): UNSAT in 0.81s
    cube 3835.255.209 (depth 2, 28 lits): UNSAT in 0.07s
    cube 3835.255.210 (depth 2, 28 lits): UNSAT in 0.21s
    cube 3835.255.211 (depth 2, 28 lits): UNSAT in 1.21s
    cube 3835.255.212 (depth 2, 28 lits): UNSAT in 2.46s
    cube 3835.255.213 (depth 2, 28 lits): UNSAT in 0.91s
    cube 3835.255.214 (depth 2, 28 lits): UNSAT in 2.04s
    cube 3835.255.215 (depth 2, 28 lits): UNSAT in 2.77s
    cube 3835.255.216 (depth 2, 28 lits): UNSAT in 21.81s
    cube 3835.255.217 (depth 2, 28 lits): UNSAT in 0.19s
    cube 3835.255.218 (depth 2, 28 lits): UNSAT in 0.32s
    cube 3835.255.219 (depth 2, 28 lits): UNSAT in 0.57s
    cube 3835.255.220 (depth 2, 28 lits): UNSAT in 1.65s
    cube 3835.255.221 (depth 2, 28 lits): UNSAT in 0.32s
    cube 3835.255.222 (depth 2, 28 lits): UNSAT in 1.23s
    cube 3835.255.223 (depth 2, 28 lits): UNSAT in 0.73s
    cube 3835.255.224 (depth 2, 28 lits): UNSAT in 3.24s
    cube 3835.255.225 (depth 2, 28 lits): UNSAT in 0.30s
    cube 3835.255.226 (depth 2, 28 lits): UNSAT in 1.96s
    cube 3835.255.227 (depth 2, 28 lits): UNSAT in 2.16s
    cube 3835.255.228 (depth 2, 28 lits): UNSAT in 13.96s
    cube 3835.255.229 (depth 2, 28 lits): UNSAT in 1.62s
    cube 3835.255.230 (depth 2, 28 lits): UNSAT in 3.10s
    cube 3835.255.231 (depth 2, 28 lits): UNSAT in 3.13s
    cube 3835.255.232 (depth 2, 28 lits): UNSAT in 308.73s
    cube 3835.255.233 (depth 2, 28 lits): UNSAT in 0.01s
    cube 3835.255.234 (depth 2, 28 lits): UNSAT in 0.05s
    cube 3835.255.235 (depth 2, 28 lits): UNSAT in 0.32s
    cube 3835.255.236 (depth 2, 28 lits): UNSAT in 3.91s
    cube 3835.255.237 (depth 2, 28 lits): UNSAT in 0.57s
    cube 3835.255.238 (depth 2, 28 lits): UNSAT in 12.30s
    cube 3835.255.239 (depth 2, 28 lits): UNSAT in 1.93s
    cube 3835.255.240 (depth 2, 28 lits): UNSAT in 63.82s
    cube 3835.255.241 (depth 2, 28 lits): UNSAT in 2.46s
    cube 3835.255.242 (depth 2, 28 lits): UNSAT in 12.46s
    cube 3835.255.243 (depth 2, 28 lits): UNSAT in 7.50s
    cube 3835.255.244 (depth 2, 28 lits): UNSAT in 716.04s
    cube 3835.255.245 (depth 2, 28 lits): UNSAT in 21.86s
    cube 3835.255.246 (depth 2, 28 lits): UNSAT in 294.76s
    cube 3835.255.247 (depth 2, 28 lits): UNSAT in 26.02s
    cube 3835.255.248 (depth 2, 28 lits): UNSAT in 1192.03s

  shard 15 verdict: UNSAT (1 UNSAT, 0 unresolved) in 15852.8s
