  shard 1/24 (explicit): 1 of 4095 cubes, per-cube cap 1200.0s, re-split depth 7
    cube 3817 (depth 0, 12 lits): TIMEOUT in 1200.10s
    cube 3817 TIMEOUT -> re-split into 252 sub-cubes (depth 1)
    cube 3817.0 (depth 1, 20 lits): UNSAT in 0.01s
    cube 3817.1 (depth 1, 20 lits): UNSAT in 0.01s
    cube 3817.2 (depth 1, 20 lits): UNSAT in 0.01s
    cube 3817.3 (depth 1, 20 lits): UNSAT in 0.02s
    cube 3817.4 (depth 1, 20 lits): UNSAT in 0.01s
    cube 3817.5 (depth 1, 20 lits): UNSAT in 0.01s
    cube 3817.6 (depth 1, 20 lits): UNSAT in 0.01s
    cube 3817.7 (depth 1, 20 lits): UNSAT in 0.04s
    cube 3817.8 (depth 1, 20 lits): UNSAT in 0.01s
    cube 3817.9 (depth 1, 20 lits): UNSAT in 0.02s
    cube 3817.10 (depth 1, 20 lits): UNSAT in 0.03s
    cube 3817.11 (depth 1, 20 lits): UNSAT in 0.10s
    cube 3817.12 (depth 1, 20 lits): UNSAT in 0.05s
    cube 3817.13 (depth 1, 20 lits): UNSAT in 0.06s
    cube 3817.14 (depth 1, 20 lits): UNSAT in 0.08s
    cube 3817.15 (depth 1, 20 lits): UNSAT in 0.53s
    cube 3817.16 (depth 1, 20 lits): UNSAT in 0.02s
    cube 3817.17 (depth 1, 20 lits): UNSAT in 0.02s
    cube 3817.18 (depth 1, 20 lits): UNSAT in 0.02s
    cube 3817.19 (depth 1, 20 lits): UNSAT in 0.03s
    cube 3817.20 (depth 1, 20 lits): UNSAT in 0.01s
    cube 3817.21 (depth 1, 20 lits): UNSAT in 0.02s
    cube 3817.22 (depth 1, 20 lits): UNSAT in 0.02s
    cube 3817.23 (depth 1, 20 lits): UNSAT in 0.06s
    cube 3817.24 (depth 1, 20 lits): UNSAT in 0.02s
    cube 3817.25 (depth 1, 20 lits): UNSAT in 0.02s
    cube 3817.26 (depth 1, 20 lits): UNSAT in 0.06s
    cube 3817.27 (depth 1, 20 lits): UNSAT in 0.03s
    cube 3817.28 (depth 1, 20 lits): UNSAT in 0.18s
    cube 3817.29 (depth 1, 20 lits): UNSAT in 0.09s
    cube 3817.30 (depth 1, 20 lits): UNSAT in 0.05s
    cube 3817.31 (depth 1, 20 lits): UNSAT in 1.18s
    cube 3817.32 (depth 1, 20 lits): UNSAT in 0.02s
    cube 3817.33 (depth 1, 20 lits): UNSAT in 0.03s
    cube 3817.34 (depth 1, 20 lits): UNSAT in 0.01s
    cube 3817.35 (depth 1, 20 lits): UNSAT in 0.04s
    cube 3817.36 (depth 1, 20 lits): UNSAT in 0.06s
    cube 3817.37 (depth 1, 20 lits): UNSAT in 0.05s
    cube 3817.38 (depth 1, 20 lits): UNSAT in 0.03s
    cube 3817.39 (depth 1, 20 lits): UNSAT in 0.13s
    cube 3817.40 (depth 1, 20 lits): UNSAT in 0.03s
    cube 3817.41 (depth 1, 20 lits): UNSAT in 0.06s
    cube 3817.42 (depth 1, 20 lits): UNSAT in 0.06s
    cube 3817.43 (depth 1, 20 lits): UNSAT in 0.18s
    cube 3817.44 (depth 1, 20 lits): UNSAT in 0.10s
    cube 3817.45 (depth 1, 20 lits): UNSAT in 0.29s
    cube 3817.46 (depth 1, 20 lits): UNSAT in 0.26s
    cube 3817.47 (depth 1, 20 lits): UNSAT in 0.88s
    cube 3817.48 (depth 1, 20 lits): UNSAT in 0.01s
    cube 3817.49 (depth 1, 20 lits): UNSAT in 0.04s
    cube 3817.50 (depth 1, 20 lits): UNSAT in 0.03s
    cube 3817.51 (depth 1, 20 lits): UNSAT in 0.04s
    cube 3817.52 (depth 1, 20 lits): UNSAT in 0.02s
    cube 3817.53 (depth 1, 20 lits): UNSAT in 0.09s
    cube 3817.54 (depth 1, 20 lits): UNSAT in 0.07s
    cube 3817.55 (depth 1, 20 lits): UNSAT in 0.22s
    cube 3817.56 (depth 1, 20 lits): UNSAT in 0.07s
    cube 3817.57 (depth 1, 20 lits): UNSAT in 0.27s
    cube 3817.58 (depth 1, 20 lits): UNSAT in 0.47s
    cube 3817.59 (depth 1, 20 lits): UNSAT in 0.56s
    cube 3817.60 (depth 1, 20 lits): UNSAT in 0.33s
    cube 3817.61 (depth 1, 20 lits): UNSAT in 1.06s
    cube 3817.62 (depth 1, 20 lits): UNSAT in 0.56s
    cube 3817.63 (depth 1, 20 lits): UNSAT in 6.25s
    cube 3817.64 (depth 1, 19 lits): UNSAT in 0.01s
    cube 3817.65 (depth 1, 20 lits): UNSAT in 0.02s
    cube 3817.66 (depth 1, 20 lits): UNSAT in 0.06s
    cube 3817.67 (depth 1, 20 lits): UNSAT in 0.02s
    cube 3817.68 (depth 1, 20 lits): UNSAT in 0.03s
    cube 3817.69 (depth 1, 20 lits): UNSAT in 0.05s
    cube 3817.70 (depth 1, 20 lits): UNSAT in 0.15s
    cube 3817.71 (depth 1, 20 lits): UNSAT in 0.03s
    cube 3817.72 (depth 1, 20 lits): UNSAT in 0.14s
    cube 3817.73 (depth 1, 20 lits): UNSAT in 0.10s
    cube 3817.74 (depth 1, 20 lits): UNSAT in 0.19s
    cube 3817.75 (depth 1, 20 lits): UNSAT in 0.11s
    cube 3817.76 (depth 1, 20 lits): UNSAT in 0.32s
    cube 3817.77 (depth 1, 20 lits): UNSAT in 0.16s
    cube 3817.78 (depth 1, 20 lits): UNSAT in 1.57s
    cube 3817.79 (depth 1, 20 lits): UNSAT in 0.02s
    cube 3817.80 (depth 1, 20 lits): UNSAT in 0.07s
    cube 3817.81 (depth 1, 20 lits): UNSAT in 0.08s
    cube 3817.82 (depth 1, 20 lits): UNSAT in 0.38s
    cube 3817.83 (depth 1, 20 lits): UNSAT in 0.17s
    cube 3817.84 (depth 1, 20 lits): UNSAT in 1.77s
    cube 3817.85 (depth 1, 20 lits): UNSAT in 1.00s
    cube 3817.86 (depth 1, 20 lits): UNSAT in 3.51s
    cube 3817.87 (depth 1, 20 lits): UNSAT in 0.17s
    cube 3817.88 (depth 1, 20 lits): UNSAT in 0.32s
    cube 3817.89 (depth 1, 20 lits): UNSAT in 0.51s
    cube 3817.90 (depth 1, 20 lits): UNSAT in 1.15s
    cube 3817.91 (depth 1, 20 lits): UNSAT in 1.31s
    cube 3817.92 (depth 1, 20 lits): UNSAT in 0.50s
    cube 3817.93 (depth 1, 20 lits): UNSAT in 1.57s
    cube 3817.94 (depth 1, 20 lits): UNSAT in 7.49s
    cube 3817.95 (depth 1, 20 lits): UNSAT in 0.02s
    cube 3817.96 (depth 1, 20 lits): UNSAT in 0.03s
    cube 3817.97 (depth 1, 20 lits): UNSAT in 0.04s
    cube 3817.98 (depth 1, 20 lits): UNSAT in 0.21s
    cube 3817.99 (depth 1, 20 lits): UNSAT in 0.02s
    cube 3817.100 (depth 1, 20 lits): UNSAT in 0.04s
    cube 3817.101 (depth 1, 20 lits): UNSAT in 0.09s
    cube 3817.102 (depth 1, 20 lits): UNSAT in 0.48s
    cube 3817.103 (depth 1, 20 lits): UNSAT in 0.07s
    cube 3817.104 (depth 1, 20 lits): UNSAT in 0.19s
    cube 3817.105 (depth 1, 20 lits): UNSAT in 0.15s
    cube 3817.106 (depth 1, 20 lits): UNSAT in 0.48s
    cube 3817.107 (depth 1, 20 lits): UNSAT in 0.13s
    cube 3817.108 (depth 1, 20 lits): UNSAT in 0.49s
    cube 3817.109 (depth 1, 20 lits): UNSAT in 0.48s
    cube 3817.110 (depth 1, 20 lits): UNSAT in 12.48s
    cube 3817.111 (depth 1, 20 lits): UNSAT in 0.03s
    cube 3817.112 (depth 1, 20 lits): UNSAT in 0.24s
    cube 3817.113 (depth 1, 20 lits): UNSAT in 0.21s
    cube 3817.114 (depth 1, 20 lits): UNSAT in 0.30s
    cube 3817.115 (depth 1, 20 lits): UNSAT in 0.26s
    cube 3817.116 (depth 1, 20 lits): UNSAT in 1.05s
    cube 3817.117 (depth 1, 20 lits): UNSAT in 0.74s
    cube 3817.118 (depth 1, 20 lits): UNSAT in 2.65s
    cube 3817.119 (depth 1, 20 lits): UNSAT in 0.16s
    cube 3817.120 (depth 1, 20 lits): UNSAT in 1.82s
    cube 3817.121 (depth 1, 20 lits): UNSAT in 0.27s
    cube 3817.122 (depth 1, 20 lits): UNSAT in 2.91s
    cube 3817.123 (depth 1, 20 lits): UNSAT in 0.84s
    cube 3817.124 (depth 1, 20 lits): UNSAT in 2.82s
    cube 3817.125 (depth 1, 20 lits): UNSAT in 7.91s
    cube 3817.126 (depth 1, 20 lits): UNSAT in 191.93s
    cube 3817.127 (depth 1, 18 lits): UNSAT in 0.01s
    cube 3817.128 (depth 1, 20 lits): UNSAT in 0.01s
    cube 3817.129 (depth 1, 20 lits): UNSAT in 0.02s
    cube 3817.130 (depth 1, 20 lits): UNSAT in 0.01s
    cube 3817.131 (depth 1, 20 lits): UNSAT in 0.03s
    cube 3817.132 (depth 1, 20 lits): UNSAT in 0.01s
    cube 3817.133 (depth 1, 20 lits): UNSAT in 0.03s
    cube 3817.134 (depth 1, 20 lits): UNSAT in 0.02s
    cube 3817.135 (depth 1, 20 lits): UNSAT in 0.07s
    cube 3817.136 (depth 1, 20 lits): UNSAT in 0.01s
    cube 3817.137 (depth 1, 20 lits): UNSAT in 0.03s
    cube 3817.138 (depth 1, 20 lits): UNSAT in 0.03s
    cube 3817.139 (depth 1, 20 lits): UNSAT in 0.02s
    cube 3817.140 (depth 1, 20 lits): UNSAT in 0.01s
    cube 3817.141 (depth 1, 20 lits): UNSAT in 0.02s
    cube 3817.142 (depth 1, 20 lits): UNSAT in 0.01s
    cube 3817.143 (depth 1, 20 lits): UNSAT in 0.02s
    cube 3817.144 (depth 1, 20 lits): UNSAT in 0.02s
    cube 3817.145 (depth 1, 20 lits): UNSAT in 0.02s
    cube 3817.146 (depth 1, 20 lits): UNSAT in 0.02s
    cube 3817.147 (depth 1, 20 lits): UNSAT in 0.06s
    cube 3817.148 (depth 1, 20 lits): UNSAT in 0.02s
    cube 3817.149 (depth 1, 20 lits): UNSAT in 0.02s
    cube 3817.150 (depth 1, 20 lits): UNSAT in 0.04s
    cube 3817.151 (depth 1, 20 lits): UNSAT in 0.08s
    cube 3817.152 (depth 1, 20 lits): UNSAT in 0.03s
    cube 3817.153 (depth 1, 20 lits): UNSAT in 0.08s
    cube 3817.154 (depth 1, 20 lits): UNSAT in 0.09s
    cube 3817.155 (depth 1, 20 lits): UNSAT in 0.13s
    cube 3817.156 (depth 1, 20 lits): UNSAT in 0.02s
    cube 3817.157 (depth 1, 20 lits): UNSAT in 0.03s
    cube 3817.158 (depth 1, 20 lits): UNSAT in 0.05s
    cube 3817.159 (depth 1, 20 lits): UNSAT in 0.05s
    cube 3817.160 (depth 1, 20 lits): UNSAT in 0.02s
    cube 3817.161 (depth 1, 20 lits): UNSAT in 0.13s
    cube 3817.162 (depth 1, 20 lits): UNSAT in 0.04s
    cube 3817.163 (depth 1, 20 lits): UNSAT in 0.49s
    cube 3817.164 (depth 1, 20 lits): UNSAT in 0.04s
    cube 3817.165 (depth 1, 20 lits): UNSAT in 0.06s
    cube 3817.166 (depth 1, 20 lits): UNSAT in 0.05s
    cube 3817.167 (depth 1, 20 lits): UNSAT in 0.26s
    cube 3817.168 (depth 1, 20 lits): UNSAT in 0.07s
    cube 3817.169 (depth 1, 20 lits): UNSAT in 0.22s
    cube 3817.170 (depth 1, 20 lits): UNSAT in 0.15s
    cube 3817.171 (depth 1, 20 lits): UNSAT in 0.85s
    cube 3817.172 (depth 1, 20 lits): UNSAT in 0.01s
    cube 3817.173 (depth 1, 20 lits): UNSAT in 0.03s
    cube 3817.174 (depth 1, 20 lits): UNSAT in 0.02s
    cube 3817.175 (depth 1, 20 lits): UNSAT in 0.02s
    cube 3817.176 (depth 1, 20 lits): UNSAT in 0.04s
    cube 3817.177 (depth 1, 20 lits): UNSAT in 0.12s
    cube 3817.178 (depth 1, 20 lits): UNSAT in 0.15s
    cube 3817.179 (depth 1, 20 lits): UNSAT in 0.53s
    cube 3817.180 (depth 1, 20 lits): UNSAT in 0.09s
    cube 3817.181 (depth 1, 20 lits): UNSAT in 0.25s
    cube 3817.182 (depth 1, 20 lits): UNSAT in 0.22s
    cube 3817.183 (depth 1, 20 lits): UNSAT in 1.26s
    cube 3817.184 (depth 1, 20 lits): UNSAT in 0.24s
    cube 3817.185 (depth 1, 20 lits): UNSAT in 0.98s
    cube 3817.186 (depth 1, 20 lits): UNSAT in 2.51s
    cube 3817.187 (depth 1, 20 lits): UNSAT in 13.95s
    cube 3817.188 (depth 1, 20 lits): UNSAT in 0.02s
    cube 3817.189 (depth 1, 20 lits): UNSAT in 0.04s
    cube 3817.190 (depth 1, 20 lits): UNSAT in 0.03s
    cube 3817.191 (depth 1, 20 lits): UNSAT in 0.07s
    cube 3817.192 (depth 1, 20 lits): UNSAT in 0.05s
    cube 3817.193 (depth 1, 20 lits): UNSAT in 0.09s
    cube 3817.194 (depth 1, 20 lits): UNSAT in 0.12s
    cube 3817.195 (depth 1, 20 lits): UNSAT in 0.35s
    cube 3817.196 (depth 1, 20 lits): UNSAT in 0.02s
    cube 3817.197 (depth 1, 20 lits): UNSAT in 0.08s
    cube 3817.198 (depth 1, 20 lits): UNSAT in 0.14s
    cube 3817.199 (depth 1, 20 lits): UNSAT in 0.20s
    cube 3817.200 (depth 1, 20 lits): UNSAT in 0.07s
    cube 3817.201 (depth 1, 20 lits): UNSAT in 0.28s
    cube 3817.202 (depth 1, 20 lits): UNSAT in 0.23s
    cube 3817.203 (depth 1, 20 lits): UNSAT in 0.78s
    cube 3817.204 (depth 1, 20 lits): UNSAT in 0.02s
    cube 3817.205 (depth 1, 20 lits): UNSAT in 0.03s
    cube 3817.206 (depth 1, 20 lits): UNSAT in 0.18s
    cube 3817.207 (depth 1, 20 lits): UNSAT in 0.14s
    cube 3817.208 (depth 1, 20 lits): UNSAT in 0.03s
    cube 3817.209 (depth 1, 20 lits): UNSAT in 0.10s
    cube 3817.210 (depth 1, 20 lits): UNSAT in 0.08s
    cube 3817.211 (depth 1, 20 lits): UNSAT in 0.15s
    cube 3817.212 (depth 1, 20 lits): UNSAT in 0.03s
    cube 3817.213 (depth 1, 20 lits): UNSAT in 0.10s
    cube 3817.214 (depth 1, 20 lits): UNSAT in 0.12s
    cube 3817.215 (depth 1, 20 lits): UNSAT in 2.51s
    cube 3817.216 (depth 1, 20 lits): UNSAT in 0.09s
    cube 3817.217 (depth 1, 20 lits): UNSAT in 0.58s
    cube 3817.218 (depth 1, 20 lits): UNSAT in 2.66s
    cube 3817.219 (depth 1, 20 lits): UNSAT in 34.86s
    cube 3817.220 (depth 1, 20 lits): UNSAT in 0.02s
    cube 3817.221 (depth 1, 20 lits): UNSAT in 0.03s
    cube 3817.222 (depth 1, 20 lits): UNSAT in 0.07s
    cube 3817.223 (depth 1, 20 lits): UNSAT in 0.39s
    cube 3817.224 (depth 1, 20 lits): UNSAT in 0.09s
    cube 3817.225 (depth 1, 20 lits): UNSAT in 0.15s
    cube 3817.226 (depth 1, 20 lits): UNSAT in 0.51s
    cube 3817.227 (depth 1, 20 lits): UNSAT in 1.43s
    cube 3817.228 (depth 1, 20 lits): UNSAT in 0.05s
    cube 3817.229 (depth 1, 20 lits): UNSAT in 0.20s
    cube 3817.230 (depth 1, 20 lits): UNSAT in 0.59s
    cube 3817.231 (depth 1, 20 lits): UNSAT in 0.48s
    cube 3817.232 (depth 1, 20 lits): UNSAT in 0.34s
    cube 3817.233 (depth 1, 20 lits): UNSAT in 3.09s
    cube 3817.234 (depth 1, 20 lits): UNSAT in 1.14s
    cube 3817.235 (depth 1, 20 lits): UNSAT in 26.09s
    cube 3817.236 (depth 1, 20 lits): UNSAT in 0.08s
    cube 3817.237 (depth 1, 20 lits): UNSAT in 0.38s
    cube 3817.238 (depth 1, 20 lits): UNSAT in 0.24s
    cube 3817.239 (depth 1, 20 lits): UNSAT in 2.04s
    cube 3817.240 (depth 1, 20 lits): UNSAT in 0.14s
    cube 3817.241 (depth 1, 20 lits): UNSAT in 1.18s
    cube 3817.242 (depth 1, 20 lits): UNSAT in 5.94s
    cube 3817.243 (depth 1, 20 lits): UNSAT in 41.29s
    cube 3817.244 (depth 1, 20 lits): UNSAT in 0.48s
    cube 3817.245 (depth 1, 20 lits): UNSAT in 4.69s
    cube 3817.246 (depth 1, 20 lits): UNSAT in 1.97s
    cube 3817.247 (depth 1, 20 lits): UNSAT in 82.64s
    cube 3817.248 (depth 1, 20 lits): UNSAT in 8.04s
    cube 3817.249 (depth 1, 20 lits): UNSAT in 304.61s
    cube 3817.250 (depth 1, 20 lits): UNSAT in 368.17s
    cube 3817.251 (depth 1, 20 lits): TIMEOUT in 1200.04s
    cube 3817.251 TIMEOUT -> re-split into 250 sub-cubes (depth 2)
    cube 3817.251.0 (depth 2, 26 lits): UNSAT in 0.02s
    cube 3817.251.1 (depth 2, 27 lits): UNSAT in 0.01s
    cube 3817.251.2 (depth 2, 28 lits): UNSAT in 0.02s
    cube 3817.251.3 (depth 2, 28 lits): UNSAT in 0.02s
    cube 3817.251.4 (depth 2, 27 lits): UNSAT in 0.02s
    cube 3817.251.5 (depth 2, 28 lits): UNSAT in 0.01s
    cube 3817.251.6 (depth 2, 28 lits): UNSAT in 0.02s
    cube 3817.251.7 (depth 2, 28 lits): UNSAT in 0.02s
    cube 3817.251.8 (depth 2, 28 lits): UNSAT in 0.02s
    cube 3817.251.9 (depth 2, 28 lits): UNSAT in 0.02s
    cube 3817.251.10 (depth 2, 28 lits): UNSAT in 0.04s
    cube 3817.251.11 (depth 2, 27 lits): UNSAT in 0.01s
    cube 3817.251.12 (depth 2, 28 lits): UNSAT in 0.02s
    cube 3817.251.13 (depth 2, 28 lits): UNSAT in 0.02s
    cube 3817.251.14 (depth 2, 28 lits): UNSAT in 0.01s
    cube 3817.251.15 (depth 2, 28 lits): UNSAT in 0.03s
    cube 3817.251.16 (depth 2, 28 lits): UNSAT in 0.04s
    cube 3817.251.17 (depth 2, 28 lits): UNSAT in 0.11s
    cube 3817.251.18 (depth 2, 28 lits): UNSAT in 0.02s
    cube 3817.251.19 (depth 2, 28 lits): UNSAT in 0.02s
    cube 3817.251.20 (depth 2, 28 lits): UNSAT in 0.02s
    cube 3817.251.21 (depth 2, 28 lits): UNSAT in 0.08s
    cube 3817.251.22 (depth 2, 28 lits): UNSAT in 0.03s
    cube 3817.251.23 (depth 2, 28 lits): UNSAT in 0.08s
    cube 3817.251.24 (depth 2, 28 lits): UNSAT in 0.10s
    cube 3817.251.25 (depth 2, 28 lits): UNSAT in 0.17s
    cube 3817.251.26 (depth 2, 28 lits): UNSAT in 0.03s
    cube 3817.251.27 (depth 2, 28 lits): UNSAT in 0.06s
    cube 3817.251.28 (depth 2, 28 lits): UNSAT in 0.05s
    cube 3817.251.29 (depth 2, 28 lits): UNSAT in 0.11s
    cube 3817.251.30 (depth 2, 28 lits): UNSAT in 0.05s
    cube 3817.251.31 (depth 2, 28 lits): UNSAT in 0.10s
    cube 3817.251.32 (depth 2, 28 lits): UNSAT in 0.07s
    cube 3817.251.33 (depth 2, 28 lits): UNSAT in 0.15s
    cube 3817.251.34 (depth 2, 28 lits): UNSAT in 0.06s
    cube 3817.251.35 (depth 2, 28 lits): UNSAT in 0.07s
    cube 3817.251.36 (depth 2, 28 lits): UNSAT in 0.06s
    cube 3817.251.37 (depth 2, 28 lits): UNSAT in 0.17s
    cube 3817.251.38 (depth 2, 28 lits): UNSAT in 0.02s
    cube 3817.251.39 (depth 2, 28 lits): UNSAT in 0.10s
    cube 3817.251.40 (depth 2, 28 lits): UNSAT in 0.12s
    cube 3817.251.41 (depth 2, 28 lits): UNSAT in 0.37s
    cube 3817.251.42 (depth 2, 28 lits): UNSAT in 0.02s
    cube 3817.251.43 (depth 2, 28 lits): UNSAT in 0.03s
    cube 3817.251.44 (depth 2, 28 lits): UNSAT in 0.04s
    cube 3817.251.45 (depth 2, 28 lits): UNSAT in 0.12s
    cube 3817.251.46 (depth 2, 28 lits): UNSAT in 0.03s
    cube 3817.251.47 (depth 2, 28 lits): UNSAT in 0.14s
    cube 3817.251.48 (depth 2, 28 lits): UNSAT in 0.06s
    cube 3817.251.49 (depth 2, 28 lits): UNSAT in 0.34s
    cube 3817.251.50 (depth 2, 28 lits): UNSAT in 0.06s
    cube 3817.251.51 (depth 2, 28 lits): UNSAT in 0.26s
    cube 3817.251.52 (depth 2, 28 lits): UNSAT in 0.09s
    cube 3817.251.53 (depth 2, 28 lits): UNSAT in 0.75s
    cube 3817.251.54 (depth 2, 28 lits): UNSAT in 0.10s
    cube 3817.251.55 (depth 2, 28 lits): UNSAT in 0.33s
    cube 3817.251.56 (depth 2, 28 lits): UNSAT in 0.39s
    cube 3817.251.57 (depth 2, 28 lits): UNSAT in 5.86s
    cube 3817.251.58 (depth 2, 28 lits): UNSAT in 0.01s
    cube 3817.251.59 (depth 2, 28 lits): UNSAT in 0.02s
    cube 3817.251.60 (depth 2, 28 lits): UNSAT in 0.03s
    cube 3817.251.61 (depth 2, 28 lits): UNSAT in 0.03s
    cube 3817.251.62 (depth 2, 28 lits): UNSAT in 0.02s
    cube 3817.251.63 (depth 2, 28 lits): UNSAT in 0.02s
    cube 3817.251.64 (depth 2, 28 lits): UNSAT in 0.08s
    cube 3817.251.65 (depth 2, 28 lits): UNSAT in 0.16s
    cube 3817.251.66 (depth 2, 28 lits): UNSAT in 0.02s
    cube 3817.251.67 (depth 2, 28 lits): UNSAT in 0.03s
    cube 3817.251.68 (depth 2, 28 lits): UNSAT in 0.04s
    cube 3817.251.69 (depth 2, 28 lits): UNSAT in 0.03s
    cube 3817.251.70 (depth 2, 28 lits): UNSAT in 0.03s
    cube 3817.251.71 (depth 2, 28 lits): UNSAT in 0.07s
    cube 3817.251.72 (depth 2, 28 lits): UNSAT in 0.09s
    cube 3817.251.73 (depth 2, 28 lits): UNSAT in 0.31s
    cube 3817.251.74 (depth 2, 28 lits): UNSAT in 0.02s
    cube 3817.251.75 (depth 2, 28 lits): UNSAT in 0.02s
    cube 3817.251.76 (depth 2, 28 lits): UNSAT in 0.03s
    cube 3817.251.77 (depth 2, 28 lits): UNSAT in 0.06s
    cube 3817.251.78 (depth 2, 28 lits): UNSAT in 0.02s
    cube 3817.251.79 (depth 2, 28 lits): UNSAT in 0.08s
    cube 3817.251.80 (depth 2, 28 lits): UNSAT in 0.13s
    cube 3817.251.81 (depth 2, 28 lits): UNSAT in 0.21s
    cube 3817.251.82 (depth 2, 28 lits): UNSAT in 0.04s
    cube 3817.251.83 (depth 2, 28 lits): UNSAT in 0.09s
    cube 3817.251.84 (depth 2, 28 lits): UNSAT in 0.07s
    cube 3817.251.85 (depth 2, 28 lits): UNSAT in 0.59s
    cube 3817.251.86 (depth 2, 28 lits): UNSAT in 0.16s
    cube 3817.251.87 (depth 2, 28 lits): UNSAT in 0.40s
    cube 3817.251.88 (depth 2, 28 lits): UNSAT in 0.40s
    cube 3817.251.89 (depth 2, 28 lits): UNSAT in 3.32s
    cube 3817.251.90 (depth 2, 28 lits): UNSAT in 0.02s
    cube 3817.251.91 (depth 2, 28 lits): UNSAT in 0.02s
    cube 3817.251.92 (depth 2, 28 lits): UNSAT in 0.01s
    cube 3817.251.93 (depth 2, 28 lits): UNSAT in 0.03s
    cube 3817.251.94 (depth 2, 28 lits): UNSAT in 0.03s
    cube 3817.251.95 (depth 2, 28 lits): UNSAT in 0.05s
    cube 3817.251.96 (depth 2, 28 lits): UNSAT in 0.05s
    cube 3817.251.97 (depth 2, 28 lits): UNSAT in 0.10s
    cube 3817.251.98 (depth 2, 28 lits): UNSAT in 0.04s
    cube 3817.251.99 (depth 2, 28 lits): UNSAT in 0.09s
    cube 3817.251.100 (depth 2, 28 lits): UNSAT in 0.08s
    cube 3817.251.101 (depth 2, 28 lits): UNSAT in 0.28s
    cube 3817.251.102 (depth 2, 28 lits): UNSAT in 0.02s
    cube 3817.251.103 (depth 2, 28 lits): UNSAT in 0.09s
    cube 3817.251.104 (depth 2, 28 lits): UNSAT in 0.10s
    cube 3817.251.105 (depth 2, 28 lits): UNSAT in 1.25s
    cube 3817.251.106 (depth 2, 28 lits): UNSAT in 0.03s
    cube 3817.251.107 (depth 2, 28 lits): UNSAT in 0.06s
    cube 3817.251.108 (depth 2, 28 lits): UNSAT in 0.06s
    cube 3817.251.109 (depth 2, 28 lits): UNSAT in 0.15s
    cube 3817.251.110 (depth 2, 28 lits): UNSAT in 0.03s
    cube 3817.251.111 (depth 2, 28 lits): UNSAT in 0.11s
    cube 3817.251.112 (depth 2, 28 lits): UNSAT in 0.27s
    cube 3817.251.113 (depth 2, 28 lits): UNSAT in 1.64s
    cube 3817.251.114 (depth 2, 28 lits): UNSAT in 0.28s
    cube 3817.251.115 (depth 2, 28 lits): UNSAT in 1.15s
    cube 3817.251.116 (depth 2, 28 lits): UNSAT in 0.74s
    cube 3817.251.117 (depth 2, 28 lits): UNSAT in 10.33s
    cube 3817.251.118 (depth 2, 28 lits): UNSAT in 1.25s
    cube 3817.251.119 (depth 2, 28 lits): UNSAT in 3.01s
    cube 3817.251.120 (depth 2, 28 lits): UNSAT in 7.14s
    cube 3817.251.121 (depth 2, 28 lits): UNSAT in 58.55s
    cube 3817.251.122 (depth 2, 28 lits): UNSAT in 0.02s
    cube 3817.251.123 (depth 2, 28 lits): UNSAT in 0.02s
    cube 3817.251.124 (depth 2, 28 lits): UNSAT in 0.02s
    cube 3817.251.125 (depth 2, 28 lits): UNSAT in 0.03s
    cube 3817.251.126 (depth 2, 28 lits): UNSAT in 0.02s
    cube 3817.251.127 (depth 2, 28 lits): UNSAT in 0.05s
    cube 3817.251.128 (depth 2, 28 lits): UNSAT in 0.08s
    cube 3817.251.129 (depth 2, 28 lits): UNSAT in 0.09s
    cube 3817.251.130 (depth 2, 28 lits): UNSAT in 0.01s
    cube 3817.251.131 (depth 2, 28 lits): UNSAT in 0.02s
    cube 3817.251.132 (depth 2, 28 lits): UNSAT in 0.05s
    cube 3817.251.133 (depth 2, 28 lits): UNSAT in 0.07s
    cube 3817.251.134 (depth 2, 28 lits): UNSAT in 0.02s
    cube 3817.251.135 (depth 2, 28 lits): UNSAT in 0.11s
    cube 3817.251.136 (depth 2, 28 lits): UNSAT in 0.14s
    cube 3817.251.137 (depth 2, 28 lits): UNSAT in 0.25s
    cube 3817.251.138 (depth 2, 28 lits): UNSAT in 0.01s
    cube 3817.251.139 (depth 2, 28 lits): UNSAT in 0.03s
    cube 3817.251.140 (depth 2, 28 lits): UNSAT in 0.02s
    cube 3817.251.141 (depth 2, 28 lits): UNSAT in 0.05s
    cube 3817.251.142 (depth 2, 28 lits): UNSAT in 0.07s
    cube 3817.251.143 (depth 2, 28 lits): UNSAT in 0.19s
    cube 3817.251.144 (depth 2, 28 lits): UNSAT in 0.22s
    cube 3817.251.145 (depth 2, 28 lits): UNSAT in 1.12s
    cube 3817.251.146 (depth 2, 28 lits): UNSAT in 0.03s
    cube 3817.251.147 (depth 2, 28 lits): UNSAT in 0.05s
    cube 3817.251.148 (depth 2, 28 lits): UNSAT in 0.08s
    cube 3817.251.149 (depth 2, 28 lits): UNSAT in 0.38s
    cube 3817.251.150 (depth 2, 28 lits): UNSAT in 0.09s
    cube 3817.251.151 (depth 2, 28 lits): UNSAT in 0.12s
    cube 3817.251.152 (depth 2, 28 lits): UNSAT in 0.36s
    cube 3817.251.153 (depth 2, 28 lits): UNSAT in 5.93s
    cube 3817.251.154 (depth 2, 28 lits): UNSAT in 0.03s
    cube 3817.251.155 (depth 2, 28 lits): UNSAT in 0.06s
    cube 3817.251.156 (depth 2, 28 lits): UNSAT in 0.25s
    cube 3817.251.157 (depth 2, 28 lits): UNSAT in 0.23s
    cube 3817.251.158 (depth 2, 28 lits): UNSAT in 0.05s
    cube 3817.251.159 (depth 2, 28 lits): UNSAT in 0.12s
    cube 3817.251.160 (depth 2, 28 lits): UNSAT in 0.15s
    cube 3817.251.161 (depth 2, 28 lits): UNSAT in 0.40s
    cube 3817.251.162 (depth 2, 28 lits): UNSAT in 0.03s
    cube 3817.251.163 (depth 2, 28 lits): UNSAT in 0.04s
    cube 3817.251.164 (depth 2, 28 lits): UNSAT in 0.08s
    cube 3817.251.165 (depth 2, 28 lits): UNSAT in 0.17s
    cube 3817.251.166 (depth 2, 28 lits): UNSAT in 0.11s
    cube 3817.251.167 (depth 2, 28 lits): UNSAT in 0.28s
    cube 3817.251.168 (depth 2, 28 lits): UNSAT in 0.13s
    cube 3817.251.169 (depth 2, 28 lits): UNSAT in 2.89s
    cube 3817.251.170 (depth 2, 28 lits): UNSAT in 0.04s
    cube 3817.251.171 (depth 2, 28 lits): UNSAT in 0.06s
    cube 3817.251.172 (depth 2, 28 lits): UNSAT in 0.07s
    cube 3817.251.173 (depth 2, 28 lits): UNSAT in 0.42s
    cube 3817.251.174 (depth 2, 28 lits): UNSAT in 0.11s
    cube 3817.251.175 (depth 2, 28 lits): UNSAT in 0.19s
    cube 3817.251.176 (depth 2, 28 lits): UNSAT in 0.25s
    cube 3817.251.177 (depth 2, 28 lits): UNSAT in 4.01s
    cube 3817.251.178 (depth 2, 28 lits): UNSAT in 0.14s
    cube 3817.251.179 (depth 2, 28 lits): UNSAT in 0.38s
    cube 3817.251.180 (depth 2, 28 lits): UNSAT in 0.93s
    cube 3817.251.181 (depth 2, 28 lits): UNSAT in 8.01s
    cube 3817.251.182 (depth 2, 28 lits): UNSAT in 0.78s
    cube 3817.251.183 (depth 2, 28 lits): UNSAT in 29.77s
    cube 3817.251.184 (depth 2, 28 lits): UNSAT in 17.75s
    cube 3817.251.185 (depth 2, 28 lits): UNSAT in 319.85s
    cube 3817.251.186 (depth 2, 28 lits): UNSAT in 0.01s
    cube 3817.251.187 (depth 2, 28 lits): UNSAT in 0.02s
    cube 3817.251.188 (depth 2, 28 lits): UNSAT in 0.02s
    cube 3817.251.189 (depth 2, 28 lits): UNSAT in 0.04s
    cube 3817.251.190 (depth 2, 28 lits): UNSAT in 0.03s
    cube 3817.251.191 (depth 2, 28 lits): UNSAT in 0.03s
    cube 3817.251.192 (depth 2, 28 lits): UNSAT in 0.06s
    cube 3817.251.193 (depth 2, 28 lits): UNSAT in 0.12s
    cube 3817.251.194 (depth 2, 28 lits): UNSAT in 0.03s
    cube 3817.251.195 (depth 2, 28 lits): UNSAT in 0.06s
    cube 3817.251.196 (depth 2, 28 lits): UNSAT in 0.11s
    cube 3817.251.197 (depth 2, 28 lits): UNSAT in 0.24s
    cube 3817.251.198 (depth 2, 28 lits): UNSAT in 0.03s
    cube 3817.251.199 (depth 2, 28 lits): UNSAT in 0.07s
    cube 3817.251.200 (depth 2, 28 lits): UNSAT in 0.24s
    cube 3817.251.201 (depth 2, 28 lits): UNSAT in 0.61s
    cube 3817.251.202 (depth 2, 28 lits): UNSAT in 0.03s
    cube 3817.251.203 (depth 2, 28 lits): UNSAT in 0.03s
    cube 3817.251.204 (depth 2, 28 lits): UNSAT in 0.04s
    cube 3817.251.205 (depth 2, 28 lits): UNSAT in 0.07s
    cube 3817.251.206 (depth 2, 28 lits): UNSAT in 0.06s
    cube 3817.251.207 (depth 2, 28 lits): UNSAT in 0.23s
    cube 3817.251.208 (depth 2, 28 lits): UNSAT in 0.10s
    cube 3817.251.209 (depth 2, 28 lits): UNSAT in 0.22s
    cube 3817.251.210 (depth 2, 28 lits): UNSAT in 0.06s
    cube 3817.251.211 (depth 2, 28 lits): UNSAT in 0.04s
    cube 3817.251.212 (depth 2, 28 lits): UNSAT in 0.25s
    cube 3817.251.213 (depth 2, 28 lits): UNSAT in 0.97s
    cube 3817.251.214 (depth 2, 28 lits): UNSAT in 0.07s
    cube 3817.251.215 (depth 2, 28 lits): UNSAT in 0.37s
    cube 3817.251.216 (depth 2, 28 lits): UNSAT in 0.29s
    cube 3817.251.217 (depth 2, 28 lits): UNSAT in 10.49s
    cube 3817.251.218 (depth 2, 28 lits): UNSAT in 0.04s
    cube 3817.251.219 (depth 2, 28 lits): UNSAT in 0.10s
    cube 3817.251.220 (depth 2, 28 lits): UNSAT in 0.08s
    cube 3817.251.221 (depth 2, 28 lits): UNSAT in 0.18s
    cube 3817.251.222 (depth 2, 28 lits): UNSAT in 0.11s
    cube 3817.251.223 (depth 2, 28 lits): UNSAT in 0.14s
    cube 3817.251.224 (depth 2, 28 lits): UNSAT in 0.17s
    cube 3817.251.225 (depth 2, 28 lits): UNSAT in 0.53s
    cube 3817.251.226 (depth 2, 28 lits): UNSAT in 0.06s
    cube 3817.251.227 (depth 2, 28 lits): UNSAT in 0.26s
    cube 3817.251.228 (depth 2, 28 lits): UNSAT in 0.17s
    cube 3817.251.229 (depth 2, 28 lits): UNSAT in 0.71s
    cube 3817.251.230 (depth 2, 28 lits): UNSAT in 0.17s
    cube 3817.251.231 (depth 2, 28 lits): UNSAT in 0.91s
    cube 3817.251.232 (depth 2, 28 lits): UNSAT in 0.42s
    cube 3817.251.233 (depth 2, 28 lits): UNSAT in 2.48s
    cube 3817.251.234 (depth 2, 28 lits): UNSAT in 0.03s
    cube 3817.251.235 (depth 2, 28 lits): UNSAT in 0.23s
    cube 3817.251.236 (depth 2, 28 lits): UNSAT in 0.37s
    cube 3817.251.237 (depth 2, 28 lits): UNSAT in 1.52s
    cube 3817.251.238 (depth 2, 28 lits): UNSAT in 0.05s
    cube 3817.251.239 (depth 2, 28 lits): UNSAT in 0.24s
    cube 3817.251.240 (depth 2, 28 lits): UNSAT in 0.13s
    cube 3817.251.241 (depth 2, 28 lits): UNSAT in 1.64s
    cube 3817.251.242 (depth 2, 28 lits): UNSAT in 0.58s
    cube 3817.251.243 (depth 2, 28 lits): UNSAT in 4.57s
    cube 3817.251.244 (depth 2, 28 lits): UNSAT in 3.56s
    cube 3817.251.245 (depth 2, 28 lits): UNSAT in 21.58s
    cube 3817.251.246 (depth 2, 28 lits): UNSAT in 1.74s
    cube 3817.251.247 (depth 2, 28 lits): UNSAT in 15.78s
    cube 3817.251.248 (depth 2, 28 lits): UNSAT in 23.81s
    cube 3817.251.249 (depth 2, 28 lits): UNSAT in 481.43s

  shard 1 verdict: UNSAT (1 UNSAT, 0 unresolved) in 4683.2s
