  shard 7/24 (explicit): 1 of 4095 cubes, per-cube cap 1200.0s, re-split depth 7
    cube 3826 (depth 0, 12 lits): TIMEOUT in 1200.10s
    cube 3826 TIMEOUT -> re-split into 256 sub-cubes (depth 1)
    cube 3826.0 (depth 1, 20 lits): UNSAT in 0.01s
    cube 3826.1 (depth 1, 20 lits): UNSAT in 0.03s
    cube 3826.2 (depth 1, 20 lits): UNSAT in 0.02s
    cube 3826.3 (depth 1, 20 lits): UNSAT in 0.05s
    cube 3826.4 (depth 1, 20 lits): UNSAT in 0.01s
    cube 3826.5 (depth 1, 20 lits): UNSAT in 0.01s
    cube 3826.6 (depth 1, 20 lits): UNSAT in 0.02s
    cube 3826.7 (depth 1, 20 lits): UNSAT in 0.03s
    cube 3826.8 (depth 1, 20 lits): UNSAT in 0.02s
    cube 3826.9 (depth 1, 20 lits): UNSAT in 0.03s
    cube 3826.10 (depth 1, 20 lits): UNSAT in 0.02s
    cube 3826.11 (depth 1, 20 lits): UNSAT in 0.12s
    cube 3826.12 (depth 1, 20 lits): UNSAT in 0.04s
    cube 3826.13 (depth 1, 20 lits): UNSAT in 0.12s
    cube 3826.14 (depth 1, 20 lits): UNSAT in 0.09s
    cube 3826.15 (depth 1, 20 lits): UNSAT in 0.19s
    cube 3826.16 (depth 1, 20 lits): UNSAT in 0.06s
    cube 3826.17 (depth 1, 20 lits): UNSAT in 0.08s
    cube 3826.18 (depth 1, 20 lits): UNSAT in 0.08s
    cube 3826.19 (depth 1, 20 lits): UNSAT in 0.08s
    cube 3826.20 (depth 1, 20 lits): UNSAT in 0.08s
    cube 3826.21 (depth 1, 20 lits): UNSAT in 0.09s
    cube 3826.22 (depth 1, 20 lits): UNSAT in 0.13s
    cube 3826.23 (depth 1, 20 lits): UNSAT in 0.17s
    cube 3826.24 (depth 1, 20 lits): UNSAT in 0.06s
    cube 3826.25 (depth 1, 20 lits): UNSAT in 0.05s
    cube 3826.26 (depth 1, 20 lits): UNSAT in 0.02s
    cube 3826.27 (depth 1, 20 lits): UNSAT in 0.09s
    cube 3826.28 (depth 1, 20 lits): UNSAT in 0.08s
    cube 3826.29 (depth 1, 20 lits): UNSAT in 0.10s
    cube 3826.30 (depth 1, 20 lits): UNSAT in 0.10s
    cube 3826.31 (depth 1, 20 lits): UNSAT in 0.38s
    cube 3826.32 (depth 1, 20 lits): UNSAT in 0.01s
    cube 3826.33 (depth 1, 20 lits): UNSAT in 0.02s
    cube 3826.34 (depth 1, 20 lits): UNSAT in 0.01s
    cube 3826.35 (depth 1, 20 lits): UNSAT in 0.03s
    cube 3826.36 (depth 1, 20 lits): UNSAT in 0.01s
    cube 3826.37 (depth 1, 20 lits): UNSAT in 0.02s
    cube 3826.38 (depth 1, 20 lits): UNSAT in 0.03s
    cube 3826.39 (depth 1, 20 lits): UNSAT in 0.21s
    cube 3826.40 (depth 1, 20 lits): UNSAT in 0.02s
    cube 3826.41 (depth 1, 20 lits): UNSAT in 0.01s
    cube 3826.42 (depth 1, 20 lits): UNSAT in 0.02s
    cube 3826.43 (depth 1, 20 lits): UNSAT in 0.06s
    cube 3826.44 (depth 1, 20 lits): UNSAT in 0.05s
    cube 3826.45 (depth 1, 20 lits): UNSAT in 0.04s
    cube 3826.46 (depth 1, 20 lits): UNSAT in 0.22s
    cube 3826.47 (depth 1, 20 lits): UNSAT in 0.41s
    cube 3826.48 (depth 1, 20 lits): UNSAT in 0.03s
    cube 3826.49 (depth 1, 20 lits): UNSAT in 0.06s
    cube 3826.50 (depth 1, 20 lits): UNSAT in 0.05s
    cube 3826.51 (depth 1, 20 lits): UNSAT in 0.11s
    cube 3826.52 (depth 1, 20 lits): UNSAT in 0.06s
    cube 3826.53 (depth 1, 20 lits): UNSAT in 0.23s
    cube 3826.54 (depth 1, 20 lits): UNSAT in 0.18s
    cube 3826.55 (depth 1, 20 lits): UNSAT in 0.32s
    cube 3826.56 (depth 1, 20 lits): UNSAT in 0.03s
    cube 3826.57 (depth 1, 20 lits): UNSAT in 0.12s
    cube 3826.58 (depth 1, 20 lits): UNSAT in 0.47s
    cube 3826.59 (depth 1, 20 lits): UNSAT in 0.58s
    cube 3826.60 (depth 1, 20 lits): UNSAT in 0.17s
    cube 3826.61 (depth 1, 20 lits): UNSAT in 1.66s
    cube 3826.62 (depth 1, 20 lits): UNSAT in 0.58s
    cube 3826.63 (depth 1, 20 lits): UNSAT in 4.83s
    cube 3826.64 (depth 1, 20 lits): UNSAT in 0.02s
    cube 3826.65 (depth 1, 20 lits): UNSAT in 0.03s
    cube 3826.66 (depth 1, 20 lits): UNSAT in 0.04s
    cube 3826.67 (depth 1, 20 lits): UNSAT in 0.05s
    cube 3826.68 (depth 1, 20 lits): UNSAT in 0.02s
    cube 3826.69 (depth 1, 20 lits): UNSAT in 0.07s
    cube 3826.70 (depth 1, 20 lits): UNSAT in 0.19s
    cube 3826.71 (depth 1, 20 lits): UNSAT in 0.21s
    cube 3826.72 (depth 1, 20 lits): UNSAT in 0.05s
    cube 3826.73 (depth 1, 20 lits): UNSAT in 0.03s
    cube 3826.74 (depth 1, 20 lits): UNSAT in 0.02s
    cube 3826.75 (depth 1, 20 lits): UNSAT in 0.12s
    cube 3826.76 (depth 1, 20 lits): UNSAT in 0.06s
    cube 3826.77 (depth 1, 20 lits): UNSAT in 0.12s
    cube 3826.78 (depth 1, 20 lits): UNSAT in 0.28s
    cube 3826.79 (depth 1, 20 lits): UNSAT in 0.60s
    cube 3826.80 (depth 1, 20 lits): UNSAT in 0.02s
    cube 3826.81 (depth 1, 20 lits): UNSAT in 0.05s
    cube 3826.82 (depth 1, 20 lits): UNSAT in 0.08s
    cube 3826.83 (depth 1, 20 lits): UNSAT in 0.14s
    cube 3826.84 (depth 1, 20 lits): UNSAT in 0.13s
    cube 3826.85 (depth 1, 20 lits): UNSAT in 0.19s
    cube 3826.86 (depth 1, 20 lits): UNSAT in 0.14s
    cube 3826.87 (depth 1, 20 lits): UNSAT in 0.33s
    cube 3826.88 (depth 1, 20 lits): UNSAT in 0.15s
    cube 3826.89 (depth 1, 20 lits): UNSAT in 0.36s
    cube 3826.90 (depth 1, 20 lits): UNSAT in 0.46s
    cube 3826.91 (depth 1, 20 lits): UNSAT in 0.32s
    cube 3826.92 (depth 1, 20 lits): UNSAT in 0.09s
    cube 3826.93 (depth 1, 20 lits): UNSAT in 1.28s
    cube 3826.94 (depth 1, 20 lits): UNSAT in 1.06s
    cube 3826.95 (depth 1, 20 lits): UNSAT in 3.93s
    cube 3826.96 (depth 1, 20 lits): UNSAT in 0.01s
    cube 3826.97 (depth 1, 20 lits): UNSAT in 0.03s
    cube 3826.98 (depth 1, 20 lits): UNSAT in 0.08s
    cube 3826.99 (depth 1, 20 lits): UNSAT in 0.18s
    cube 3826.100 (depth 1, 20 lits): UNSAT in 0.04s
    cube 3826.101 (depth 1, 20 lits): UNSAT in 0.30s
    cube 3826.102 (depth 1, 20 lits): UNSAT in 0.09s
    cube 3826.103 (depth 1, 20 lits): UNSAT in 0.72s
    cube 3826.104 (depth 1, 20 lits): UNSAT in 0.02s
    cube 3826.105 (depth 1, 20 lits): UNSAT in 0.05s
    cube 3826.106 (depth 1, 20 lits): UNSAT in 0.13s
    cube 3826.107 (depth 1, 20 lits): UNSAT in 0.21s
    cube 3826.108 (depth 1, 20 lits): UNSAT in 0.14s
    cube 3826.109 (depth 1, 20 lits): UNSAT in 0.30s
    cube 3826.110 (depth 1, 20 lits): UNSAT in 0.39s
    cube 3826.111 (depth 1, 20 lits): UNSAT in 1.10s
    cube 3826.112 (depth 1, 20 lits): UNSAT in 0.56s
    cube 3826.113 (depth 1, 20 lits): UNSAT in 0.70s
    cube 3826.114 (depth 1, 20 lits): UNSAT in 2.12s
    cube 3826.115 (depth 1, 20 lits): UNSAT in 2.37s
    cube 3826.116 (depth 1, 20 lits): UNSAT in 0.57s
    cube 3826.117 (depth 1, 20 lits): UNSAT in 2.73s
    cube 3826.118 (depth 1, 20 lits): UNSAT in 3.68s
    cube 3826.119 (depth 1, 20 lits): UNSAT in 16.27s
    cube 3826.120 (depth 1, 20 lits): UNSAT in 0.95s
    cube 3826.121 (depth 1, 20 lits): UNSAT in 2.12s
    cube 3826.122 (depth 1, 20 lits): UNSAT in 3.69s
    cube 3826.123 (depth 1, 20 lits): UNSAT in 10.46s
    cube 3826.124 (depth 1, 20 lits): UNSAT in 0.19s
    cube 3826.125 (depth 1, 20 lits): UNSAT in 5.62s
    cube 3826.126 (depth 1, 20 lits): UNSAT in 9.50s
    cube 3826.127 (depth 1, 20 lits): UNSAT in 82.39s
    cube 3826.128 (depth 1, 20 lits): UNSAT in 0.02s
    cube 3826.129 (depth 1, 20 lits): UNSAT in 0.03s
    cube 3826.130 (depth 1, 20 lits): UNSAT in 0.04s
    cube 3826.131 (depth 1, 20 lits): UNSAT in 0.17s
    cube 3826.132 (depth 1, 20 lits): UNSAT in 0.06s
    cube 3826.133 (depth 1, 20 lits): UNSAT in 0.09s
    cube 3826.134 (depth 1, 20 lits): UNSAT in 0.07s
    cube 3826.135 (depth 1, 20 lits): UNSAT in 0.23s
    cube 3826.136 (depth 1, 20 lits): UNSAT in 0.02s
    cube 3826.137 (depth 1, 20 lits): UNSAT in 0.07s
    cube 3826.138 (depth 1, 20 lits): UNSAT in 0.10s
    cube 3826.139 (depth 1, 20 lits): UNSAT in 0.35s
    cube 3826.140 (depth 1, 20 lits): UNSAT in 0.08s
    cube 3826.141 (depth 1, 20 lits): UNSAT in 0.13s
    cube 3826.142 (depth 1, 20 lits): UNSAT in 0.32s
    cube 3826.143 (depth 1, 20 lits): UNSAT in 0.82s
    cube 3826.144 (depth 1, 20 lits): UNSAT in 0.04s
    cube 3826.145 (depth 1, 20 lits): UNSAT in 0.07s
    cube 3826.146 (depth 1, 20 lits): UNSAT in 0.11s
    cube 3826.147 (depth 1, 20 lits): UNSAT in 1.02s
    cube 3826.148 (depth 1, 20 lits): UNSAT in 0.06s
    cube 3826.149 (depth 1, 20 lits): UNSAT in 0.16s
    cube 3826.150 (depth 1, 20 lits): UNSAT in 0.23s
    cube 3826.151 (depth 1, 20 lits): UNSAT in 1.22s
    cube 3826.152 (depth 1, 20 lits): UNSAT in 0.08s
    cube 3826.153 (depth 1, 20 lits): UNSAT in 0.23s
    cube 3826.154 (depth 1, 20 lits): UNSAT in 0.12s
    cube 3826.155 (depth 1, 20 lits): UNSAT in 2.89s
    cube 3826.156 (depth 1, 20 lits): UNSAT in 0.36s
    cube 3826.157 (depth 1, 20 lits): UNSAT in 1.48s
    cube 3826.158 (depth 1, 20 lits): UNSAT in 2.64s
    cube 3826.159 (depth 1, 20 lits): UNSAT in 6.85s
    cube 3826.160 (depth 1, 20 lits): UNSAT in 0.02s
    cube 3826.161 (depth 1, 20 lits): UNSAT in 0.04s
    cube 3826.162 (depth 1, 20 lits): UNSAT in 0.11s
    cube 3826.163 (depth 1, 20 lits): UNSAT in 0.28s
    cube 3826.164 (depth 1, 20 lits): UNSAT in 0.13s
    cube 3826.165 (depth 1, 20 lits): UNSAT in 0.79s
    cube 3826.166 (depth 1, 20 lits): UNSAT in 0.96s
    cube 3826.167 (depth 1, 20 lits): UNSAT in 1.21s
    cube 3826.168 (depth 1, 20 lits): UNSAT in 0.18s
    cube 3826.169 (depth 1, 20 lits): UNSAT in 0.25s
    cube 3826.170 (depth 1, 20 lits): UNSAT in 0.38s
    cube 3826.171 (depth 1, 20 lits): UNSAT in 1.30s
    cube 3826.172 (depth 1, 20 lits): UNSAT in 1.21s
    cube 3826.173 (depth 1, 20 lits): UNSAT in 5.00s
    cube 3826.174 (depth 1, 20 lits): UNSAT in 1.46s
    cube 3826.175 (depth 1, 20 lits): UNSAT in 8.08s
    cube 3826.176 (depth 1, 20 lits): UNSAT in 0.14s
    cube 3826.177 (depth 1, 20 lits): UNSAT in 0.35s
    cube 3826.178 (depth 1, 20 lits): UNSAT in 0.80s
    cube 3826.179 (depth 1, 20 lits): UNSAT in 4.31s
    cube 3826.180 (depth 1, 20 lits): UNSAT in 0.40s
    cube 3826.181 (depth 1, 20 lits): UNSAT in 2.38s
    cube 3826.182 (depth 1, 20 lits): UNSAT in 6.35s
    cube 3826.183 (depth 1, 20 lits): UNSAT in 26.46s
    cube 3826.184 (depth 1, 20 lits): UNSAT in 0.51s
    cube 3826.185 (depth 1, 20 lits): UNSAT in 1.02s
    cube 3826.186 (depth 1, 20 lits): UNSAT in 0.76s
    cube 3826.187 (depth 1, 20 lits): UNSAT in 2.24s
    cube 3826.188 (depth 1, 20 lits): UNSAT in 3.08s
    cube 3826.189 (depth 1, 20 lits): UNSAT in 2.81s
    cube 3826.190 (depth 1, 20 lits): UNSAT in 1.79s
    cube 3826.191 (depth 1, 20 lits): UNSAT in 13.98s
    cube 3826.192 (depth 1, 20 lits): UNSAT in 0.06s
    cube 3826.193 (depth 1, 20 lits): UNSAT in 0.12s
    cube 3826.194 (depth 1, 20 lits): UNSAT in 0.19s
    cube 3826.195 (depth 1, 20 lits): UNSAT in 1.14s
    cube 3826.196 (depth 1, 20 lits): UNSAT in 0.13s
    cube 3826.197 (depth 1, 20 lits): UNSAT in 0.32s
    cube 3826.198 (depth 1, 20 lits): UNSAT in 0.19s
    cube 3826.199 (depth 1, 20 lits): UNSAT in 0.69s
    cube 3826.200 (depth 1, 20 lits): UNSAT in 0.02s
    cube 3826.201 (depth 1, 20 lits): UNSAT in 0.05s
    cube 3826.202 (depth 1, 20 lits): UNSAT in 0.03s
    cube 3826.203 (depth 1, 20 lits): UNSAT in 0.47s
    cube 3826.204 (depth 1, 20 lits): UNSAT in 0.13s
    cube 3826.205 (depth 1, 20 lits): UNSAT in 0.58s
    cube 3826.206 (depth 1, 20 lits): UNSAT in 1.47s
    cube 3826.207 (depth 1, 20 lits): UNSAT in 3.84s
    cube 3826.208 (depth 1, 20 lits): UNSAT in 0.07s
    cube 3826.209 (depth 1, 20 lits): UNSAT in 0.22s
    cube 3826.210 (depth 1, 20 lits): UNSAT in 0.22s
    cube 3826.211 (depth 1, 20 lits): UNSAT in 1.75s
    cube 3826.212 (depth 1, 20 lits): UNSAT in 0.22s
    cube 3826.213 (depth 1, 20 lits): UNSAT in 0.54s
    cube 3826.214 (depth 1, 20 lits): UNSAT in 1.19s
    cube 3826.215 (depth 1, 20 lits): UNSAT in 6.64s
    cube 3826.216 (depth 1, 20 lits): UNSAT in 0.50s
    cube 3826.217 (depth 1, 20 lits): UNSAT in 2.96s
    cube 3826.218 (depth 1, 20 lits): UNSAT in 1.04s
    cube 3826.219 (depth 1, 20 lits): UNSAT in 5.94s
    cube 3826.220 (depth 1, 20 lits): UNSAT in 3.26s
    cube 3826.221 (depth 1, 20 lits): UNSAT in 3.10s
    cube 3826.222 (depth 1, 20 lits): UNSAT in 7.20s
    cube 3826.223 (depth 1, 20 lits): UNSAT in 8.64s
    cube 3826.224 (depth 1, 20 lits): UNSAT in 0.08s
    cube 3826.225 (depth 1, 20 lits): UNSAT in 0.42s
    cube 3826.226 (depth 1, 20 lits): UNSAT in 0.56s
    cube 3826.227 (depth 1, 20 lits): UNSAT in 0.68s
    cube 3826.228 (depth 1, 20 lits): UNSAT in 0.93s
    cube 3826.229 (depth 1, 20 lits): UNSAT in 1.45s
    cube 3826.230 (depth 1, 20 lits): UNSAT in 1.00s
    cube 3826.231 (depth 1, 20 lits): UNSAT in 2.24s
    cube 3826.232 (depth 1, 20 lits): UNSAT in 0.57s
    cube 3826.233 (depth 1, 20 lits): UNSAT in 0.65s
    cube 3826.234 (depth 1, 20 lits): UNSAT in 2.97s
    cube 3826.235 (depth 1, 20 lits): UNSAT in 4.45s
    cube 3826.236 (depth 1, 20 lits): UNSAT in 1.60s
    cube 3826.237 (depth 1, 20 lits): UNSAT in 5.37s
    cube 3826.238 (depth 1, 20 lits): UNSAT in 9.65s
    cube 3826.239 (depth 1, 20 lits): UNSAT in 7.98s
    cube 3826.240 (depth 1, 20 lits): UNSAT in 0.38s
    cube 3826.241 (depth 1, 20 lits): UNSAT in 0.83s
    cube 3826.242 (depth 1, 20 lits): UNSAT in 0.71s
    cube 3826.243 (depth 1, 20 lits): UNSAT in 3.53s
    cube 3826.244 (depth 1, 20 lits): UNSAT in 1.61s
    cube 3826.245 (depth 1, 20 lits): UNSAT in 3.15s
    cube 3826.246 (depth 1, 20 lits): UNSAT in 18.60s
    cube 3826.247 (depth 1, 20 lits): UNSAT in 47.69s
    cube 3826.248 (depth 1, 20 lits): UNSAT in 0.32s
    cube 3826.249 (depth 1, 20 lits): UNSAT in 0.34s
    cube 3826.250 (depth 1, 20 lits): UNSAT in 2.40s
    cube 3826.251 (depth 1, 20 lits): UNSAT in 2.19s
    cube 3826.252 (depth 1, 20 lits): UNSAT in 3.63s
    cube 3826.253 (depth 1, 20 lits): UNSAT in 22.56s
    cube 3826.254 (depth 1, 20 lits): UNSAT in 6.82s
    cube 3826.255 (depth 1, 20 lits): UNSAT in 8.34s

  shard 7 verdict: UNSAT (1 UNSAT, 0 unresolved) in 1701.8s
