  shard 7/10 (explicit): 1 of 4051 cubes, per-cube cap 600.0s, re-split depth 3
    batch [4048..4048] TIMEOUT in 600.1s -> per-cube fallback
    cube 4048 (depth 0, 12 lits): TIMEOUT in 600.09s
    cube 4048 TIMEOUT -> re-split into 64 sub-cubes (depth 1)
    cube 4048.0 (depth 1, 18 lits): UNSAT in 1.45s
    cube 4048.1 (depth 1, 18 lits): UNSAT in 3.83s
    cube 4048.2 (depth 1, 18 lits): UNSAT in 7.02s
    cube 4048.3 (depth 1, 18 lits): UNSAT in 40.32s
    cube 4048.4 (depth 1, 18 lits): UNSAT in 2.97s
    cube 4048.5 (depth 1, 18 lits): UNSAT in 18.60s
    cube 4048.6 (depth 1, 18 lits): UNSAT in 27.14s
    cube 4048.7 (depth 1, 18 lits): UNSAT in 405.25s
    cube 4048.8 (depth 1, 18 lits): UNSAT in 1.24s
    cube 4048.9 (depth 1, 18 lits): UNSAT in 18.84s
    cube 4048.10 (depth 1, 18 lits): UNSAT in 5.88s
    cube 4048.11 (depth 1, 18 lits): UNSAT in 28.14s
    cube 4048.12 (depth 1, 18 lits): UNSAT in 52.67s
    cube 4048.13 (depth 1, 18 lits): UNSAT in 149.93s
    cube 4048.14 (depth 1, 18 lits): UNSAT in 87.99s
    cube 4048.15 (depth 1, 18 lits): UNSAT in 122.21s
    cube 4048.16 (depth 1, 18 lits): UNSAT in 1.91s
    cube 4048.17 (depth 1, 18 lits): UNSAT in 8.33s
    cube 4048.18 (depth 1, 18 lits): UNSAT in 18.29s
    cube 4048.19 (depth 1, 18 lits): UNSAT in 507.88s
    cube 4048.20 (depth 1, 18 lits): UNSAT in 5.99s
    cube 4048.21 (depth 1, 18 lits): UNSAT in 30.58s
    cube 4048.22 (depth 1, 18 lits): UNSAT in 122.53s
    cube 4048.23 (depth 1, 18 lits): UNSAT in 582.88s
    cube 4048.24 (depth 1, 18 lits): UNSAT in 11.48s
    cube 4048.25 (depth 1, 18 lits): UNSAT in 334.57s
    cube 4048.26 (depth 1, 18 lits): UNSAT in 54.42s
    cube 4048.27 (depth 1, 18 lits): UNSAT in 286.76s
    cube 4048.28 (depth 1, 18 lits): UNSAT in 322.52s
    cube 4048.29 (depth 1, 18 lits): TIMEOUT in 600.10s
    cube 4048.29 TIMEOUT -> re-split into 64 sub-cubes (depth 2)
    cube 4048.29.0 (depth 2, 24 lits): UNSAT in 0.05s
    cube 4048.29.1 (depth 2, 24 lits): UNSAT in 0.11s
    cube 4048.29.2 (depth 2, 24 lits): UNSAT in 0.11s
    cube 4048.29.3 (depth 2, 24 lits): UNSAT in 0.26s
    cube 4048.29.4 (depth 2, 24 lits): UNSAT in 0.08s
    cube 4048.29.5 (depth 2, 24 lits): UNSAT in 0.55s
    cube 4048.29.6 (depth 2, 24 lits): UNSAT in 0.28s
    cube 4048.29.7 (depth 2, 24 lits): UNSAT in 0.93s
    cube 4048.29.8 (depth 2, 24 lits): UNSAT in 0.15s
    cube 4048.29.9 (depth 2, 24 lits): UNSAT in 0.19s
    cube 4048.29.10 (depth 2, 24 lits): UNSAT in 0.59s
    cube 4048.29.11 (depth 2, 24 lits): UNSAT in 0.48s
    cube 4048.29.12 (depth 2, 24 lits): UNSAT in 0.28s
    cube 4048.29.13 (depth 2, 24 lits): UNSAT in 0.65s
    cube 4048.29.14 (depth 2, 24 lits): UNSAT in 0.27s
    cube 4048.29.15 (depth 2, 24 lits): UNSAT in 2.18s
    cube 4048.29.16 (depth 2, 24 lits): UNSAT in 0.06s
    cube 4048.29.17 (depth 2, 24 lits): UNSAT in 0.21s
    cube 4048.29.18 (depth 2, 24 lits): UNSAT in 0.07s
    cube 4048.29.19 (depth 2, 24 lits): UNSAT in 0.26s
    cube 4048.29.20 (depth 2, 24 lits): UNSAT in 0.05s
    cube 4048.29.21 (depth 2, 24 lits): UNSAT in 0.18s
    cube 4048.29.22 (depth 2, 24 lits): UNSAT in 0.21s
    cube 4048.29.23 (depth 2, 24 lits): UNSAT in 0.88s
    cube 4048.29.24 (depth 2, 24 lits): UNSAT in 0.18s
    cube 4048.29.25 (depth 2, 24 lits): UNSAT in 0.42s
    cube 4048.29.26 (depth 2, 24 lits): UNSAT in 1.93s
    cube 4048.29.27 (depth 2, 24 lits): UNSAT in 3.78s
    cube 4048.29.28 (depth 2, 24 lits): UNSAT in 0.85s
    cube 4048.29.29 (depth 2, 24 lits): UNSAT in 2.00s
    cube 4048.29.30 (depth 2, 24 lits): UNSAT in 2.40s
    cube 4048.29.31 (depth 2, 24 lits): UNSAT in 9.74s
    cube 4048.29.32 (depth 2, 24 lits): UNSAT in 0.06s
    cube 4048.29.33 (depth 2, 24 lits): UNSAT in 0.15s
    cube 4048.29.34 (depth 2, 24 lits): UNSAT in 0.25s
    cube 4048.29.35 (depth 2, 24 lits): UNSAT in 1.18s
    cube 4048.29.36 (depth 2, 24 lits): UNSAT in 0.20s
    cube 4048.29.37 (depth 2, 24 lits): UNSAT in 0.27s
    cube 4048.29.38 (depth 2, 24 lits): UNSAT in 0.23s
    cube 4048.29.39 (depth 2, 24 lits): UNSAT in 3.57s
    cube 4048.29.40 (depth 2, 24 lits): UNSAT in 0.44s
    cube 4048.29.41 (depth 2, 24 lits): UNSAT in 1.35s
    cube 4048.29.42 (depth 2, 24 lits): UNSAT in 6.06s
    cube 4048.29.43 (depth 2, 24 lits): UNSAT in 4.85s
    cube 4048.29.44 (depth 2, 24 lits): UNSAT in 2.26s
    cube 4048.29.45 (depth 2, 24 lits): UNSAT in 5.15s
    cube 4048.29.46 (depth 2, 24 lits): UNSAT in 8.54s
    cube 4048.29.47 (depth 2, 24 lits): UNSAT in 13.91s
    cube 4048.29.48 (depth 2, 24 lits): UNSAT in 0.11s
    cube 4048.29.49 (depth 2, 24 lits): UNSAT in 0.32s
    cube 4048.29.50 (depth 2, 24 lits): UNSAT in 0.12s
    cube 4048.29.51 (depth 2, 24 lits): UNSAT in 0.69s
    cube 4048.29.52 (depth 2, 24 lits): UNSAT in 0.34s
    cube 4048.29.53 (depth 2, 24 lits): UNSAT in 2.72s
    cube 4048.29.54 (depth 2, 24 lits): UNSAT in 0.78s
    cube 4048.29.55 (depth 2, 24 lits): UNSAT in 3.78s
    cube 4048.29.56 (depth 2, 24 lits): UNSAT in 0.88s
    cube 4048.29.57 (depth 2, 24 lits): UNSAT in 1.46s
    cube 4048.29.58 (depth 2, 24 lits): UNSAT in 1.99s
    cube 4048.29.59 (depth 2, 24 lits): UNSAT in 7.18s
    cube 4048.29.60 (depth 2, 24 lits): UNSAT in 6.38s
    cube 4048.29.61 (depth 2, 24 lits): UNSAT in 90.46s
    cube 4048.29.62 (depth 2, 24 lits): UNSAT in 6.56s
    cube 4048.29.63 (depth 2, 24 lits): UNSAT in 18.51s
    cube 4048.30 (depth 1, 18 lits): TIMEOUT in 600.10s
    cube 4048.30 TIMEOUT -> re-split into 64 sub-cubes (depth 2)
    cube 4048.30.0 (depth 2, 24 lits): UNSAT in 0.07s
    cube 4048.30.1 (depth 2, 24 lits): UNSAT in 0.18s
    cube 4048.30.2 (depth 2, 24 lits): UNSAT in 0.10s
    cube 4048.30.3 (depth 2, 24 lits): UNSAT in 0.59s
    cube 4048.30.4 (depth 2, 24 lits): UNSAT in 0.04s
    cube 4048.30.5 (depth 2, 24 lits): UNSAT in 0.14s
    cube 4048.30.6 (depth 2, 24 lits): UNSAT in 0.99s
    cube 4048.30.7 (depth 2, 24 lits): UNSAT in 0.93s
    cube 4048.30.8 (depth 2, 24 lits): UNSAT in 0.22s
    cube 4048.30.9 (depth 2, 24 lits): UNSAT in 0.25s
    cube 4048.30.10 (depth 2, 24 lits): UNSAT in 0.51s
    cube 4048.30.11 (depth 2, 24 lits): UNSAT in 1.11s
    cube 4048.30.12 (depth 2, 24 lits): UNSAT in 0.57s
    cube 4048.30.13 (depth 2, 24 lits): UNSAT in 0.79s
    cube 4048.30.14 (depth 2, 24 lits): UNSAT in 1.38s
    cube 4048.30.15 (depth 2, 24 lits): UNSAT in 2.93s
    cube 4048.30.16 (depth 2, 24 lits): UNSAT in 0.08s
    cube 4048.30.17 (depth 2, 24 lits): UNSAT in 0.39s
    cube 4048.30.18 (depth 2, 24 lits): UNSAT in 0.19s
    cube 4048.30.19 (depth 2, 24 lits): UNSAT in 0.77s
    cube 4048.30.20 (depth 2, 24 lits): UNSAT in 0.21s
    cube 4048.30.21 (depth 2, 24 lits): UNSAT in 0.21s
    cube 4048.30.22 (depth 2, 24 lits): UNSAT in 0.45s
    cube 4048.30.23 (depth 2, 24 lits): UNSAT in 1.61s
    cube 4048.30.24 (depth 2, 24 lits): UNSAT in 0.47s
    cube 4048.30.25 (depth 2, 24 lits): UNSAT in 0.32s
    cube 4048.30.26 (depth 2, 24 lits): UNSAT in 0.97s
    cube 4048.30.27 (depth 2, 24 lits): UNSAT in 3.84s
    cube 4048.30.28 (depth 2, 24 lits): UNSAT in 8.73s
    cube 4048.30.29 (depth 2, 24 lits): UNSAT in 8.56s
    cube 4048.30.30 (depth 2, 24 lits): UNSAT in 5.88s
    cube 4048.30.31 (depth 2, 24 lits): UNSAT in 13.99s
    cube 4048.30.32 (depth 2, 24 lits): UNSAT in 0.11s
    cube 4048.30.33 (depth 2, 24 lits): UNSAT in 0.34s
    cube 4048.30.34 (depth 2, 24 lits): UNSAT in 0.27s
    cube 4048.30.35 (depth 2, 24 lits): UNSAT in 1.59s
    cube 4048.30.36 (depth 2, 24 lits): UNSAT in 0.32s
    cube 4048.30.37 (depth 2, 24 lits): UNSAT in 2.98s
    cube 4048.30.38 (depth 2, 24 lits): UNSAT in 3.32s
    cube 4048.30.39 (depth 2, 24 lits): UNSAT in 3.93s
    cube 4048.30.40 (depth 2, 24 lits): UNSAT in 0.48s
    cube 4048.30.41 (depth 2, 24 lits): UNSAT in 1.22s
    cube 4048.30.42 (depth 2, 24 lits): UNSAT in 0.75s
    cube 4048.30.43 (depth 2, 24 lits): UNSAT in 4.15s
    cube 4048.30.44 (depth 2, 24 lits): UNSAT in 1.48s
    cube 4048.30.45 (depth 2, 24 lits): UNSAT in 4.00s
    cube 4048.30.46 (depth 2, 24 lits): UNSAT in 10.81s
    cube 4048.30.47 (depth 2, 24 lits): UNSAT in 7.25s
    cube 4048.30.48 (depth 2, 24 lits): UNSAT in 1.55s
    cube 4048.30.49 (depth 2, 24 lits): UNSAT in 8.95s
    cube 4048.30.50 (depth 2, 24 lits): UNSAT in 5.00s
    cube 4048.30.51 (depth 2, 24 lits): UNSAT in 22.75s
    cube 4048.30.52 (depth 2, 24 lits): UNSAT in 3.33s
    cube 4048.30.53 (depth 2, 24 lits): UNSAT in 7.84s
    cube 4048.30.54 (depth 2, 24 lits): UNSAT in 7.89s
    cube 4048.30.55 (depth 2, 24 lits): UNSAT in 44.33s
    cube 4048.30.56 (depth 2, 24 lits): UNSAT in 1.46s
    cube 4048.30.57 (depth 2, 24 lits): UNSAT in 4.30s
    cube 4048.30.58 (depth 2, 24 lits): UNSAT in 5.34s
    cube 4048.30.59 (depth 2, 24 lits): UNSAT in 29.65s
    cube 4048.30.60 (depth 2, 24 lits): UNSAT in 5.69s
    cube 4048.30.61 (depth 2, 24 lits): UNSAT in 23.22s
    cube 4048.30.62 (depth 2, 24 lits): UNSAT in 100.74s
    cube 4048.30.63 (depth 2, 24 lits): UNSAT in 103.07s
    cube 4048.31 (depth 1, 18 lits): TIMEOUT in 600.08s
    cube 4048.31 TIMEOUT -> re-split into 64 sub-cubes (depth 2)
    cube 4048.31.0 (depth 2, 24 lits): UNSAT in 0.09s
    cube 4048.31.1 (depth 2, 24 lits): UNSAT in 0.32s
    cube 4048.31.2 (depth 2, 24 lits): UNSAT in 0.37s
    cube 4048.31.3 (depth 2, 24 lits): UNSAT in 2.13s
    cube 4048.31.4 (depth 2, 24 lits): UNSAT in 0.13s
    cube 4048.31.5 (depth 2, 24 lits): UNSAT in 0.32s
    cube 4048.31.6 (depth 2, 24 lits): UNSAT in 1.09s
    cube 4048.31.7 (depth 2, 24 lits): UNSAT in 4.82s
    cube 4048.31.8 (depth 2, 24 lits): UNSAT in 0.42s
    cube 4048.31.9 (depth 2, 24 lits): UNSAT in 0.35s
    cube 4048.31.10 (depth 2, 24 lits): UNSAT in 0.42s
    cube 4048.31.11 (depth 2, 24 lits): UNSAT in 1.93s
    cube 4048.31.12 (depth 2, 24 lits): UNSAT in 1.48s
    cube 4048.31.13 (depth 2, 24 lits): UNSAT in 2.24s
    cube 4048.31.14 (depth 2, 24 lits): UNSAT in 2.90s
    cube 4048.31.15 (depth 2, 24 lits): UNSAT in 3.55s
    cube 4048.31.16 (depth 2, 24 lits): UNSAT in 0.26s
    cube 4048.31.17 (depth 2, 24 lits): UNSAT in 0.35s
    cube 4048.31.18 (depth 2, 24 lits): UNSAT in 0.30s
    cube 4048.31.19 (depth 2, 24 lits): UNSAT in 1.08s
    cube 4048.31.20 (depth 2, 24 lits): UNSAT in 0.24s
    cube 4048.31.21 (depth 2, 24 lits): UNSAT in 0.38s
    cube 4048.31.22 (depth 2, 24 lits): UNSAT in 0.99s
    cube 4048.31.23 (depth 2, 24 lits): UNSAT in 3.73s
    cube 4048.31.24 (depth 2, 24 lits): UNSAT in 0.96s
    cube 4048.31.25 (depth 2, 24 lits): UNSAT in 2.12s
    cube 4048.31.26 (depth 2, 24 lits): UNSAT in 0.57s
    cube 4048.31.27 (depth 2, 24 lits): UNSAT in 4.21s
    cube 4048.31.28 (depth 2, 24 lits): UNSAT in 2.80s
    cube 4048.31.29 (depth 2, 24 lits): UNSAT in 5.38s
    cube 4048.31.30 (depth 2, 24 lits): UNSAT in 15.06s
    cube 4048.31.31 (depth 2, 24 lits): UNSAT in 54.76s
    cube 4048.31.32 (depth 2, 24 lits): UNSAT in 0.98s
    cube 4048.31.33 (depth 2, 24 lits): UNSAT in 1.39s
    cube 4048.31.34 (depth 2, 24 lits): UNSAT in 2.09s
    cube 4048.31.35 (depth 2, 24 lits): UNSAT in 16.94s
    cube 4048.31.36 (depth 2, 24 lits): UNSAT in 1.55s
    cube 4048.31.37 (depth 2, 24 lits): UNSAT in 4.90s
    cube 4048.31.38 (depth 2, 24 lits): UNSAT in 7.99s
    cube 4048.31.39 (depth 2, 24 lits): UNSAT in 29.49s
    cube 4048.31.40 (depth 2, 24 lits): UNSAT in 0.94s
    cube 4048.31.41 (depth 2, 24 lits): UNSAT in 12.19s
    cube 4048.31.42 (depth 2, 24 lits): UNSAT in 5.02s
    cube 4048.31.43 (depth 2, 24 lits): UNSAT in 27.53s
    cube 4048.31.44 (depth 2, 24 lits): UNSAT in 5.26s
    cube 4048.31.45 (depth 2, 24 lits): UNSAT in 10.65s
    cube 4048.31.46 (depth 2, 24 lits): UNSAT in 5.08s
    cube 4048.31.47 (depth 2, 24 lits): UNSAT in 75.92s
    cube 4048.31.48 (depth 2, 24 lits): UNSAT in 0.65s
    cube 4048.31.49 (depth 2, 24 lits): UNSAT in 0.93s
    cube 4048.31.50 (depth 2, 24 lits): UNSAT in 0.40s
    cube 4048.31.51 (depth 2, 24 lits): UNSAT in 2.62s
    cube 4048.31.52 (depth 2, 24 lits): UNSAT in 3.63s
    cube 4048.31.53 (depth 2, 24 lits): UNSAT in 31.20s
    cube 4048.31.54 (depth 2, 24 lits): UNSAT in 4.67s
    cube 4048.31.55 (depth 2, 24 lits): UNSAT in 14.32s
    cube 4048.31.56 (depth 2, 24 lits): UNSAT in 7.81s
    cube 4048.31.57 (depth 2, 24 lits): UNSAT in 24.53s
    cube 4048.31.58 (depth 2, 24 lits): UNSAT in 41.97s
    cube 4048.31.59 (depth 2, 24 lits): UNSAT in 531.80s
    cube 4048.31.60 (depth 2, 24 lits): UNSAT in 13.71s
    cube 4048.31.61 (depth 2, 24 lits): UNSAT in 128.04s
    cube 4048.31.62 (depth 2, 24 lits): UNSAT in 6.38s
    cube 4048.31.63 (depth 2, 24 lits): UNSAT in 38.65s
    cube 4048.32 (depth 1, 18 lits): UNSAT in 2.58s
    cube 4048.33 (depth 1, 18 lits): UNSAT in 7.40s
    cube 4048.34 (depth 1, 18 lits): UNSAT in 13.42s
    cube 4048.35 (depth 1, 18 lits): UNSAT in 75.52s
    cube 4048.36 (depth 1, 18 lits): UNSAT in 10.12s
    cube 4048.37 (depth 1, 18 lits): UNSAT in 233.06s
    cube 4048.38 (depth 1, 18 lits): UNSAT in 273.62s
    cube 4048.39 (depth 1, 18 lits): TIMEOUT in 600.06s
    cube 4048.39 TIMEOUT -> re-split into 64 sub-cubes (depth 2)
    cube 4048.39.0 (depth 2, 24 lits): UNSAT in 0.02s
    cube 4048.39.1 (depth 2, 24 lits): UNSAT in 0.07s
    cube 4048.39.2 (depth 2, 24 lits): UNSAT in 0.13s
    cube 4048.39.3 (depth 2, 24 lits): UNSAT in 0.31s
    cube 4048.39.4 (depth 2, 24 lits): UNSAT in 0.06s
    cube 4048.39.5 (depth 2, 24 lits): UNSAT in 0.27s
    cube 4048.39.6 (depth 2, 24 lits): UNSAT in 0.35s
    cube 4048.39.7 (depth 2, 24 lits): UNSAT in 1.37s
    cube 4048.39.8 (depth 2, 24 lits): UNSAT in 0.09s
    cube 4048.39.9 (depth 2, 24 lits): UNSAT in 0.41s
    cube 4048.39.10 (depth 2, 24 lits): UNSAT in 0.21s
    cube 4048.39.11 (depth 2, 24 lits): UNSAT in 1.50s
    cube 4048.39.12 (depth 2, 24 lits): UNSAT in 0.48s
    cube 4048.39.13 (depth 2, 24 lits): UNSAT in 4.60s
    cube 4048.39.14 (depth 2, 24 lits): UNSAT in 2.80s
    cube 4048.39.15 (depth 2, 24 lits): UNSAT in 12.94s
    cube 4048.39.16 (depth 2, 24 lits): UNSAT in 0.04s
    cube 4048.39.17 (depth 2, 24 lits): UNSAT in 0.04s
    cube 4048.39.18 (depth 2, 24 lits): UNSAT in 0.10s
    cube 4048.39.19 (depth 2, 24 lits): UNSAT in 0.70s
    cube 4048.39.20 (depth 2, 24 lits): UNSAT in 0.43s
    cube 4048.39.21 (depth 2, 24 lits): UNSAT in 1.07s
    cube 4048.39.22 (depth 2, 24 lits): UNSAT in 2.64s
    cube 4048.39.23 (depth 2, 24 lits): UNSAT in 5.24s
    cube 4048.39.24 (depth 2, 24 lits): UNSAT in 0.25s
    cube 4048.39.25 (depth 2, 24 lits): UNSAT in 0.50s
    cube 4048.39.26 (depth 2, 24 lits): UNSAT in 0.31s
    cube 4048.39.27 (depth 2, 24 lits): UNSAT in 4.83s
    cube 4048.39.28 (depth 2, 24 lits): UNSAT in 2.05s
    cube 4048.39.29 (depth 2, 24 lits): UNSAT in 16.24s
    cube 4048.39.30 (depth 2, 24 lits): UNSAT in 11.96s
    cube 4048.39.31 (depth 2, 24 lits): UNSAT in 53.58s
    cube 4048.39.32 (depth 2, 24 lits): UNSAT in 0.15s
    cube 4048.39.33 (depth 2, 24 lits): UNSAT in 0.17s
    cube 4048.39.34 (depth 2, 24 lits): UNSAT in 0.28s
    cube 4048.39.35 (depth 2, 24 lits): UNSAT in 1.47s
    cube 4048.39.36 (depth 2, 24 lits): UNSAT in 0.81s
    cube 4048.39.37 (depth 2, 24 lits): UNSAT in 1.88s
    cube 4048.39.38 (depth 2, 24 lits): UNSAT in 4.08s
    cube 4048.39.39 (depth 2, 24 lits): UNSAT in 8.24s
    cube 4048.39.40 (depth 2, 24 lits): UNSAT in 1.58s
    cube 4048.39.41 (depth 2, 24 lits): UNSAT in 3.45s
    cube 4048.39.42 (depth 2, 24 lits): UNSAT in 11.80s
    cube 4048.39.43 (depth 2, 24 lits): UNSAT in 58.31s
    cube 4048.39.44 (depth 2, 24 lits): UNSAT in 3.59s
    cube 4048.39.45 (depth 2, 24 lits): UNSAT in 7.35s
    cube 4048.39.46 (depth 2, 24 lits): UNSAT in 2.23s
    cube 4048.39.47 (depth 2, 24 lits): UNSAT in 76.32s
    cube 4048.39.48 (depth 2, 24 lits): UNSAT in 0.03s
    cube 4048.39.49 (depth 2, 24 lits): UNSAT in 0.15s
    cube 4048.39.50 (depth 2, 24 lits): UNSAT in 0.50s
    cube 4048.39.51 (depth 2, 24 lits): UNSAT in 2.59s
    cube 4048.39.52 (depth 2, 24 lits): UNSAT in 0.20s
    cube 4048.39.53 (depth 2, 24 lits): UNSAT in 3.07s
    cube 4048.39.54 (depth 2, 24 lits): UNSAT in 2.70s
    cube 4048.39.55 (depth 2, 24 lits): UNSAT in 15.88s
    cube 4048.39.56 (depth 2, 24 lits): UNSAT in 0.21s
    cube 4048.39.57 (depth 2, 24 lits): UNSAT in 2.32s
    cube 4048.39.58 (depth 2, 24 lits): UNSAT in 1.06s
    cube 4048.39.59 (depth 2, 24 lits): UNSAT in 10.95s
    cube 4048.39.60 (depth 2, 24 lits): UNSAT in 2.34s
    cube 4048.39.61 (depth 2, 24 lits): UNSAT in 11.02s
    cube 4048.39.62 (depth 2, 24 lits): UNSAT in 12.99s
    cube 4048.39.63 (depth 2, 24 lits): UNSAT in 27.99s
    cube 4048.40 (depth 1, 18 lits): UNSAT in 11.29s
    cube 4048.41 (depth 1, 18 lits): UNSAT in 108.41s
    cube 4048.42 (depth 1, 18 lits): TIMEOUT in 600.08s
    cube 4048.42 TIMEOUT -> re-split into 64 sub-cubes (depth 2)
    cube 4048.42.0 (depth 2, 24 lits): UNSAT in 0.02s
    cube 4048.42.1 (depth 2, 24 lits): UNSAT in 0.05s
    cube 4048.42.2 (depth 2, 24 lits): UNSAT in 0.05s
    cube 4048.42.3 (depth 2, 24 lits): UNSAT in 0.21s
    cube 4048.42.4 (depth 2, 24 lits): UNSAT in 0.03s
    cube 4048.42.5 (depth 2, 24 lits): UNSAT in 0.34s
    cube 4048.42.6 (depth 2, 24 lits): UNSAT in 0.11s
    cube 4048.42.7 (depth 2, 24 lits): UNSAT in 0.14s
    cube 4048.42.8 (depth 2, 24 lits): UNSAT in 0.05s
    cube 4048.42.9 (depth 2, 24 lits): UNSAT in 0.06s
    cube 4048.42.10 (depth 2, 24 lits): UNSAT in 0.08s
    cube 4048.42.11 (depth 2, 24 lits): UNSAT in 0.68s
    cube 4048.42.12 (depth 2, 24 lits): UNSAT in 0.18s
    cube 4048.42.13 (depth 2, 24 lits): UNSAT in 0.83s
    cube 4048.42.14 (depth 2, 24 lits): UNSAT in 0.70s
    cube 4048.42.15 (depth 2, 24 lits): UNSAT in 0.88s
    cube 4048.42.16 (depth 2, 24 lits): UNSAT in 0.05s
    cube 4048.42.17 (depth 2, 24 lits): UNSAT in 0.03s
    cube 4048.42.18 (depth 2, 24 lits): UNSAT in 0.04s
    cube 4048.42.19 (depth 2, 24 lits): UNSAT in 0.08s
    cube 4048.42.20 (depth 2, 24 lits): UNSAT in 0.06s
    cube 4048.42.21 (depth 2, 24 lits): UNSAT in 0.18s
    cube 4048.42.22 (depth 2, 24 lits): UNSAT in 0.51s
    cube 4048.42.23 (depth 2, 24 lits): UNSAT in 1.82s
    cube 4048.42.24 (depth 2, 24 lits): UNSAT in 0.04s
    cube 4048.42.25 (depth 2, 24 lits): UNSAT in 0.14s
    cube 4048.42.26 (depth 2, 24 lits): UNSAT in 0.45s
    cube 4048.42.27 (depth 2, 24 lits): UNSAT in 0.72s
    cube 4048.42.28 (depth 2, 24 lits): UNSAT in 0.33s
    cube 4048.42.29 (depth 2, 24 lits): UNSAT in 1.88s
    cube 4048.42.30 (depth 2, 24 lits): UNSAT in 1.64s
    cube 4048.42.31 (depth 2, 24 lits): UNSAT in 11.99s
    cube 4048.42.32 (depth 2, 24 lits): UNSAT in 0.03s
    cube 4048.42.33 (depth 2, 24 lits): UNSAT in 0.09s
    cube 4048.42.34 (depth 2, 24 lits): UNSAT in 0.07s
    cube 4048.42.35 (depth 2, 24 lits): UNSAT in 0.05s
    cube 4048.42.36 (depth 2, 24 lits): UNSAT in 0.14s
    cube 4048.42.37 (depth 2, 24 lits): UNSAT in 0.11s
    cube 4048.42.38 (depth 2, 24 lits): UNSAT in 0.29s
    cube 4048.42.39 (depth 2, 24 lits): UNSAT in 1.86s
    cube 4048.42.40 (depth 2, 24 lits): UNSAT in 0.03s
    cube 4048.42.41 (depth 2, 24 lits): UNSAT in 0.28s
    cube 4048.42.42 (depth 2, 24 lits): UNSAT in 0.30s
    cube 4048.42.43 (depth 2, 24 lits): UNSAT in 1.06s
    cube 4048.42.44 (depth 2, 24 lits): UNSAT in 0.22s
    cube 4048.42.45 (depth 2, 24 lits): UNSAT in 0.84s
    cube 4048.42.46 (depth 2, 24 lits): UNSAT in 0.44s
    cube 4048.42.47 (depth 2, 24 lits): UNSAT in 2.13s
    cube 4048.42.48 (depth 2, 24 lits): UNSAT in 0.11s
    cube 4048.42.49 (depth 2, 24 lits): UNSAT in 0.52s
    cube 4048.42.50 (depth 2, 24 lits): UNSAT in 0.26s
    cube 4048.42.51 (depth 2, 24 lits): UNSAT in 3.17s
    cube 4048.42.52 (depth 2, 24 lits): UNSAT in 0.43s
    cube 4048.42.53 (depth 2, 24 lits): UNSAT in 1.09s
    cube 4048.42.54 (depth 2, 24 lits): UNSAT in 1.69s
    cube 4048.42.55 (depth 2, 24 lits): UNSAT in 8.23s
    cube 4048.42.56 (depth 2, 24 lits): UNSAT in 0.56s
    cube 4048.42.57 (depth 2, 24 lits): UNSAT in 2.10s
    cube 4048.42.58 (depth 2, 24 lits): UNSAT in 1.61s
    cube 4048.42.59 (depth 2, 24 lits): UNSAT in 12.67s
    cube 4048.42.60 (depth 2, 24 lits): UNSAT in 1.24s
    cube 4048.42.61 (depth 2, 24 lits): UNSAT in 5.35s
    cube 4048.42.62 (depth 2, 24 lits): UNSAT in 10.49s
    cube 4048.42.63 (depth 2, 24 lits): UNSAT in 24.78s
    cube 4048.43 (depth 1, 18 lits): TIMEOUT in 600.04s
    cube 4048.43 TIMEOUT -> re-split into 64 sub-cubes (depth 2)
    cube 4048.43.0 (depth 2, 24 lits): UNSAT in 0.03s
    cube 4048.43.1 (depth 2, 24 lits): UNSAT in 0.05s
    cube 4048.43.2 (depth 2, 24 lits): UNSAT in 0.06s
    cube 4048.43.3 (depth 2, 24 lits): UNSAT in 0.13s
    cube 4048.43.4 (depth 2, 24 lits): UNSAT in 0.07s
    cube 4048.43.5 (depth 2, 24 lits): UNSAT in 0.25s
    cube 4048.43.6 (depth 2, 24 lits): UNSAT in 0.42s
    cube 4048.43.7 (depth 2, 24 lits): UNSAT in 1.71s
    cube 4048.43.8 (depth 2, 24 lits): UNSAT in 0.10s
    cube 4048.43.9 (depth 2, 24 lits): UNSAT in 0.23s
    cube 4048.43.10 (depth 2, 24 lits): UNSAT in 0.11s
    cube 4048.43.11 (depth 2, 24 lits): UNSAT in 1.10s
    cube 4048.43.12 (depth 2, 24 lits): UNSAT in 0.32s
    cube 4048.43.13 (depth 2, 24 lits): UNSAT in 0.53s
    cube 4048.43.14 (depth 2, 24 lits): UNSAT in 0.24s
    cube 4048.43.15 (depth 2, 24 lits): UNSAT in 2.80s
    cube 4048.43.16 (depth 2, 24 lits): UNSAT in 0.05s
    cube 4048.43.17 (depth 2, 24 lits): UNSAT in 0.24s
    cube 4048.43.18 (depth 2, 24 lits): UNSAT in 0.72s
    cube 4048.43.19 (depth 2, 24 lits): UNSAT in 2.89s
    cube 4048.43.20 (depth 2, 24 lits): UNSAT in 0.63s
    cube 4048.43.21 (depth 2, 24 lits): UNSAT in 0.80s
    cube 4048.43.22 (depth 2, 24 lits): UNSAT in 0.66s
    cube 4048.43.23 (depth 2, 24 lits): UNSAT in 2.83s
    cube 4048.43.24 (depth 2, 24 lits): UNSAT in 0.37s
    cube 4048.43.25 (depth 2, 24 lits): UNSAT in 0.79s
    cube 4048.43.26 (depth 2, 24 lits): UNSAT in 2.43s
    cube 4048.43.27 (depth 2, 24 lits): UNSAT in 2.89s
    cube 4048.43.28 (depth 2, 24 lits): UNSAT in 0.43s
    cube 4048.43.29 (depth 2, 24 lits): UNSAT in 4.43s
    cube 4048.43.30 (depth 2, 24 lits): UNSAT in 1.55s
    cube 4048.43.31 (depth 2, 24 lits): UNSAT in 7.49s
    cube 4048.43.32 (depth 2, 24 lits): UNSAT in 0.03s
    cube 4048.43.33 (depth 2, 24 lits): UNSAT in 0.09s
    cube 4048.43.34 (depth 2, 24 lits): UNSAT in 0.44s
    cube 4048.43.35 (depth 2, 24 lits): UNSAT in 1.70s
    cube 4048.43.36 (depth 2, 24 lits): UNSAT in 0.08s
    cube 4048.43.37 (depth 2, 24 lits): UNSAT in 0.32s
    cube 4048.43.38 (depth 2, 24 lits): UNSAT in 0.26s
    cube 4048.43.39 (depth 2, 24 lits): UNSAT in 1.20s
    cube 4048.43.40 (depth 2, 24 lits): UNSAT in 0.06s
    cube 4048.43.41 (depth 2, 24 lits): UNSAT in 0.28s
    cube 4048.43.42 (depth 2, 24 lits): UNSAT in 0.44s
    cube 4048.43.43 (depth 2, 24 lits): UNSAT in 0.32s
    cube 4048.43.44 (depth 2, 24 lits): UNSAT in 0.30s
    cube 4048.43.45 (depth 2, 24 lits): UNSAT in 0.84s
    cube 4048.43.46 (depth 2, 24 lits): UNSAT in 1.25s
    cube 4048.43.47 (depth 2, 24 lits): UNSAT in 2.20s
    cube 4048.43.48 (depth 2, 24 lits): UNSAT in 0.95s
    cube 4048.43.49 (depth 2, 24 lits): UNSAT in 3.00s
    cube 4048.43.50 (depth 2, 24 lits): UNSAT in 2.58s
    cube 4048.43.51 (depth 2, 24 lits): UNSAT in 14.58s
    cube 4048.43.52 (depth 2, 24 lits): UNSAT in 2.96s
    cube 4048.43.53 (depth 2, 24 lits): UNSAT in 5.73s
    cube 4048.43.54 (depth 2, 24 lits): UNSAT in 10.68s
    cube 4048.43.55 (depth 2, 24 lits): UNSAT in 16.89s
    cube 4048.43.56 (depth 2, 24 lits): UNSAT in 0.35s
    cube 4048.43.57 (depth 2, 24 lits): UNSAT in 2.97s
    cube 4048.43.58 (depth 2, 24 lits): UNSAT in 5.62s
    cube 4048.43.59 (depth 2, 24 lits): UNSAT in 36.71s
    cube 4048.43.60 (depth 2, 24 lits): UNSAT in 5.47s
    cube 4048.43.61 (depth 2, 24 lits): UNSAT in 25.32s
    cube 4048.43.62 (depth 2, 24 lits): UNSAT in 13.55s
    cube 4048.43.63 (depth 2, 24 lits): UNSAT in 97.08s
    cube 4048.44 (depth 1, 18 lits): UNSAT in 538.87s
    cube 4048.45 (depth 1, 18 lits): TIMEOUT in 600.10s
    cube 4048.45 TIMEOUT -> re-split into 64 sub-cubes (depth 2)
    cube 4048.45.0 (depth 2, 24 lits): UNSAT in 0.06s
    cube 4048.45.1 (depth 2, 24 lits): UNSAT in 0.06s
    cube 4048.45.2 (depth 2, 24 lits): UNSAT in 0.27s
    cube 4048.45.3 (depth 2, 24 lits): UNSAT in 0.66s
    cube 4048.45.4 (depth 2, 24 lits): UNSAT in 0.07s
    cube 4048.45.5 (depth 2, 24 lits): UNSAT in 0.09s
    cube 4048.45.6 (depth 2, 24 lits): UNSAT in 0.12s
    cube 4048.45.7 (depth 2, 24 lits): UNSAT in 0.61s
    cube 4048.45.8 (depth 2, 24 lits): UNSAT in 0.66s
    cube 4048.45.9 (depth 2, 24 lits): UNSAT in 0.86s
    cube 4048.45.10 (depth 2, 24 lits): UNSAT in 0.24s
    cube 4048.45.11 (depth 2, 24 lits): UNSAT in 2.04s
    cube 4048.45.12 (depth 2, 24 lits): UNSAT in 0.10s
    cube 4048.45.13 (depth 2, 24 lits): UNSAT in 0.48s
    cube 4048.45.14 (depth 2, 24 lits): UNSAT in 0.38s
    cube 4048.45.15 (depth 2, 24 lits): UNSAT in 8.72s
    cube 4048.45.16 (depth 2, 24 lits): UNSAT in 0.06s
    cube 4048.45.17 (depth 2, 24 lits): UNSAT in 0.27s
    cube 4048.45.18 (depth 2, 24 lits): UNSAT in 0.31s
    cube 4048.45.19 (depth 2, 24 lits): UNSAT in 1.07s
    cube 4048.45.20 (depth 2, 24 lits): UNSAT in 0.77s
    cube 4048.45.21 (depth 2, 24 lits): UNSAT in 4.30s
    cube 4048.45.22 (depth 2, 24 lits): UNSAT in 1.95s
    cube 4048.45.23 (depth 2, 24 lits): UNSAT in 4.31s
    cube 4048.45.24 (depth 2, 24 lits): UNSAT in 0.43s
    cube 4048.45.25 (depth 2, 24 lits): UNSAT in 5.11s
    cube 4048.45.26 (depth 2, 24 lits): UNSAT in 1.57s
    cube 4048.45.27 (depth 2, 24 lits): UNSAT in 7.45s
    cube 4048.45.28 (depth 2, 24 lits): UNSAT in 0.93s
    cube 4048.45.29 (depth 2, 24 lits): UNSAT in 5.26s
    cube 4048.45.30 (depth 2, 24 lits): UNSAT in 8.08s
    cube 4048.45.31 (depth 2, 24 lits): UNSAT in 5.80s
    cube 4048.45.32 (depth 2, 24 lits): UNSAT in 0.04s
    cube 4048.45.33 (depth 2, 24 lits): UNSAT in 0.14s
    cube 4048.45.34 (depth 2, 24 lits): UNSAT in 0.06s
    cube 4048.45.35 (depth 2, 24 lits): UNSAT in 0.57s
    cube 4048.45.36 (depth 2, 24 lits): UNSAT in 0.13s
    cube 4048.45.37 (depth 2, 24 lits): UNSAT in 0.22s
    cube 4048.45.38 (depth 2, 24 lits): UNSAT in 1.01s
    cube 4048.45.39 (depth 2, 24 lits): UNSAT in 0.78s
    cube 4048.45.40 (depth 2, 24 lits): UNSAT in 0.14s
    cube 4048.45.41 (depth 2, 24 lits): UNSAT in 0.39s
    cube 4048.45.42 (depth 2, 24 lits): UNSAT in 0.63s
    cube 4048.45.43 (depth 2, 24 lits): UNSAT in 1.82s
    cube 4048.45.44 (depth 2, 24 lits): UNSAT in 0.28s
    cube 4048.45.45 (depth 2, 24 lits): UNSAT in 1.06s
    cube 4048.45.46 (depth 2, 24 lits): UNSAT in 1.02s
    cube 4048.45.47 (depth 2, 24 lits): UNSAT in 0.74s
    cube 4048.45.48 (depth 2, 24 lits): UNSAT in 0.19s
    cube 4048.45.49 (depth 2, 24 lits): UNSAT in 1.63s
    cube 4048.45.50 (depth 2, 24 lits): UNSAT in 2.72s
    cube 4048.45.51 (depth 2, 24 lits): UNSAT in 3.51s
    cube 4048.45.52 (depth 2, 24 lits): UNSAT in 0.54s
    cube 4048.45.53 (depth 2, 24 lits): UNSAT in 4.80s
    cube 4048.45.54 (depth 2, 24 lits): UNSAT in 2.97s
    cube 4048.45.55 (depth 2, 24 lits): UNSAT in 11.57s
    cube 4048.45.56 (depth 2, 24 lits): UNSAT in 0.65s
    cube 4048.45.57 (depth 2, 24 lits): UNSAT in 0.74s
    cube 4048.45.58 (depth 2, 24 lits): UNSAT in 1.89s
    cube 4048.45.59 (depth 2, 24 lits): UNSAT in 6.75s
    cube 4048.45.60 (depth 2, 24 lits): UNSAT in 0.84s
    cube 4048.45.61 (depth 2, 24 lits): UNSAT in 5.38s
    cube 4048.45.62 (depth 2, 24 lits): UNSAT in 8.67s
    cube 4048.45.63 (depth 2, 24 lits): UNSAT in 24.64s
    cube 4048.46 (depth 1, 18 lits): TIMEOUT in 600.07s
    cube 4048.46 TIMEOUT -> re-split into 64 sub-cubes (depth 2)
    cube 4048.46.0 (depth 2, 24 lits): UNSAT in 0.03s
    cube 4048.46.1 (depth 2, 24 lits): UNSAT in 0.06s
    cube 4048.46.2 (depth 2, 24 lits): UNSAT in 0.05s
    cube 4048.46.3 (depth 2, 24 lits): UNSAT in 0.21s
    cube 4048.46.4 (depth 2, 24 lits): UNSAT in 0.09s
    cube 4048.46.5 (depth 2, 24 lits): UNSAT in 0.10s
    cube 4048.46.6 (depth 2, 24 lits): UNSAT in 0.24s
    cube 4048.46.7 (depth 2, 24 lits): UNSAT in 0.47s
    cube 4048.46.8 (depth 2, 24 lits): UNSAT in 0.04s
    cube 4048.46.9 (depth 2, 24 lits): UNSAT in 0.08s
    cube 4048.46.10 (depth 2, 24 lits): UNSAT in 0.14s
    cube 4048.46.11 (depth 2, 24 lits): UNSAT in 0.23s
    cube 4048.46.12 (depth 2, 24 lits): UNSAT in 0.36s
    cube 4048.46.13 (depth 2, 24 lits): UNSAT in 0.62s
    cube 4048.46.14 (depth 2, 24 lits): UNSAT in 0.60s
    cube 4048.46.15 (depth 2, 24 lits): UNSAT in 4.26s
    cube 4048.46.16 (depth 2, 24 lits): UNSAT in 0.05s
    cube 4048.46.17 (depth 2, 24 lits): UNSAT in 0.10s
    cube 4048.46.18 (depth 2, 24 lits): UNSAT in 0.10s
    cube 4048.46.19 (depth 2, 24 lits): UNSAT in 0.31s
    cube 4048.46.20 (depth 2, 24 lits): UNSAT in 0.07s
    cube 4048.46.21 (depth 2, 24 lits): UNSAT in 0.45s
    cube 4048.46.22 (depth 2, 24 lits): UNSAT in 0.34s
    cube 4048.46.23 (depth 2, 24 lits): UNSAT in 1.24s
    cube 4048.46.24 (depth 2, 24 lits): UNSAT in 0.26s
    cube 4048.46.25 (depth 2, 24 lits): UNSAT in 0.78s
    cube 4048.46.26 (depth 2, 24 lits): UNSAT in 1.67s
    cube 4048.46.27 (depth 2, 24 lits): UNSAT in 7.60s
    cube 4048.46.28 (depth 2, 24 lits): UNSAT in 1.14s
    cube 4048.46.29 (depth 2, 24 lits): UNSAT in 2.94s
    cube 4048.46.30 (depth 2, 24 lits): UNSAT in 0.20s
    cube 4048.46.31 (depth 2, 24 lits): UNSAT in 2.82s
    cube 4048.46.32 (depth 2, 24 lits): UNSAT in 0.03s
    cube 4048.46.33 (depth 2, 24 lits): UNSAT in 0.05s
    cube 4048.46.34 (depth 2, 24 lits): UNSAT in 0.06s
    cube 4048.46.35 (depth 2, 24 lits): UNSAT in 0.25s
    cube 4048.46.36 (depth 2, 24 lits): UNSAT in 0.43s
    cube 4048.46.37 (depth 2, 24 lits): UNSAT in 1.28s
    cube 4048.46.38 (depth 2, 24 lits): UNSAT in 1.46s
    cube 4048.46.39 (depth 2, 24 lits): UNSAT in 6.52s
    cube 4048.46.40 (depth 2, 24 lits): UNSAT in 0.25s
    cube 4048.46.41 (depth 2, 24 lits): UNSAT in 0.65s
    cube 4048.46.42 (depth 2, 24 lits): UNSAT in 1.49s
    cube 4048.46.43 (depth 2, 24 lits): UNSAT in 7.60s
    cube 4048.46.44 (depth 2, 24 lits): UNSAT in 4.58s
    cube 4048.46.45 (depth 2, 24 lits): UNSAT in 6.13s
    cube 4048.46.46 (depth 2, 24 lits): UNSAT in 2.90s
    cube 4048.46.47 (depth 2, 24 lits): UNSAT in 12.38s
    cube 4048.46.48 (depth 2, 24 lits): UNSAT in 1.00s
    cube 4048.46.49 (depth 2, 24 lits): UNSAT in 1.68s
    cube 4048.46.50 (depth 2, 24 lits): UNSAT in 1.50s
    cube 4048.46.51 (depth 2, 24 lits): UNSAT in 4.80s
    cube 4048.46.52 (depth 2, 24 lits): UNSAT in 2.66s
    cube 4048.46.53 (depth 2, 24 lits): UNSAT in 4.44s
    cube 4048.46.54 (depth 2, 24 lits): UNSAT in 5.05s
    cube 4048.46.55 (depth 2, 24 lits): UNSAT in 5.97s
    cube 4048.46.56 (depth 2, 24 lits): UNSAT in 1.23s
    cube 4048.46.57 (depth 2, 24 lits): UNSAT in 3.30s
    cube 4048.46.58 (depth 2, 24 lits): UNSAT in 5.28s
    cube 4048.46.59 (depth 2, 24 lits): UNSAT in 13.92s
    cube 4048.46.60 (depth 2, 24 lits): UNSAT in 0.24s
    cube 4048.46.61 (depth 2, 24 lits): UNSAT in 0.65s
    cube 4048.46.62 (depth 2, 24 lits): UNSAT in 2.42s
    cube 4048.46.63 (depth 2, 24 lits): UNSAT in 3.95s
    cube 4048.47 (depth 1, 18 lits): TIMEOUT in 600.10s
    cube 4048.47 TIMEOUT -> re-split into 64 sub-cubes (depth 2)
    cube 4048.47.0 (depth 2, 24 lits): UNSAT in 0.04s
    cube 4048.47.1 (depth 2, 24 lits): UNSAT in 0.13s
    cube 4048.47.2 (depth 2, 24 lits): UNSAT in 0.13s
    cube 4048.47.3 (depth 2, 24 lits): UNSAT in 0.52s
    cube 4048.47.4 (depth 2, 24 lits): UNSAT in 0.20s
    cube 4048.47.5 (depth 2, 24 lits): UNSAT in 0.80s
    cube 4048.47.6 (depth 2, 24 lits): UNSAT in 0.91s
    cube 4048.47.7 (depth 2, 24 lits): UNSAT in 2.38s
    cube 4048.47.8 (depth 2, 24 lits): UNSAT in 0.56s
    cube 4048.47.9 (depth 2, 24 lits): UNSAT in 0.68s
    cube 4048.47.10 (depth 2, 24 lits): UNSAT in 1.71s
    cube 4048.47.11 (depth 2, 24 lits): UNSAT in 3.77s
    cube 4048.47.12 (depth 2, 24 lits): UNSAT in 1.92s
    cube 4048.47.13 (depth 2, 24 lits): UNSAT in 7.92s
    cube 4048.47.14 (depth 2, 24 lits): UNSAT in 6.26s
    cube 4048.47.15 (depth 2, 24 lits): UNSAT in 4.65s
    cube 4048.47.16 (depth 2, 24 lits): UNSAT in 0.08s
    cube 4048.47.17 (depth 2, 24 lits): UNSAT in 0.28s
    cube 4048.47.18 (depth 2, 24 lits): UNSAT in 0.20s
    cube 4048.47.19 (depth 2, 24 lits): UNSAT in 0.46s
    cube 4048.47.20 (depth 2, 24 lits): UNSAT in 0.23s
    cube 4048.47.21 (depth 2, 24 lits): UNSAT in 2.70s
    cube 4048.47.22 (depth 2, 24 lits): UNSAT in 3.98s
    cube 4048.47.23 (depth 2, 24 lits): UNSAT in 1.62s
    cube 4048.47.24 (depth 2, 24 lits): UNSAT in 0.41s
    cube 4048.47.25 (depth 2, 24 lits): UNSAT in 2.85s
    cube 4048.47.26 (depth 2, 24 lits): UNSAT in 1.57s
    cube 4048.47.27 (depth 2, 24 lits): UNSAT in 1.65s
    cube 4048.47.28 (depth 2, 24 lits): UNSAT in 1.48s
    cube 4048.47.29 (depth 2, 24 lits): UNSAT in 5.57s
    cube 4048.47.30 (depth 2, 24 lits): UNSAT in 4.42s
    cube 4048.47.31 (depth 2, 24 lits): UNSAT in 6.95s
    cube 4048.47.32 (depth 2, 24 lits): UNSAT in 0.27s
    cube 4048.47.33 (depth 2, 24 lits): UNSAT in 0.49s
    cube 4048.47.34 (depth 2, 24 lits): UNSAT in 1.55s
    cube 4048.47.35 (depth 2, 24 lits): UNSAT in 4.02s
    cube 4048.47.36 (depth 2, 24 lits): UNSAT in 1.19s
    cube 4048.47.37 (depth 2, 24 lits): UNSAT in 3.65s
    cube 4048.47.38 (depth 2, 24 lits): UNSAT in 5.36s
    cube 4048.47.39 (depth 2, 24 lits): UNSAT in 3.60s
    cube 4048.47.40 (depth 2, 24 lits): UNSAT in 0.21s
    cube 4048.47.41 (depth 2, 24 lits): UNSAT in 0.96s
    cube 4048.47.42 (depth 2, 24 lits): UNSAT in 3.60s
    cube 4048.47.43 (depth 2, 24 lits): UNSAT in 21.96s
    cube 4048.47.44 (depth 2, 24 lits): UNSAT in 0.51s
    cube 4048.47.45 (depth 2, 24 lits): UNSAT in 7.12s
    cube 4048.47.46 (depth 2, 24 lits): UNSAT in 0.58s
    cube 4048.47.47 (depth 2, 24 lits): UNSAT in 4.18s
    cube 4048.47.48 (depth 2, 24 lits): UNSAT in 0.22s
    cube 4048.47.49 (depth 2, 24 lits): UNSAT in 0.53s
    cube 4048.47.50 (depth 2, 24 lits): UNSAT in 3.92s
    cube 4048.47.51 (depth 2, 24 lits): UNSAT in 13.53s
    cube 4048.47.52 (depth 2, 24 lits): UNSAT in 5.64s
    cube 4048.47.53 (depth 2, 24 lits): UNSAT in 144.72s
    cube 4048.47.54 (depth 2, 24 lits): UNSAT in 82.58s
    cube 4048.47.55 (depth 2, 24 lits): UNSAT in 33.11s
    cube 4048.47.56 (depth 2, 24 lits): UNSAT in 1.09s
    cube 4048.47.57 (depth 2, 24 lits): UNSAT in 5.85s
    cube 4048.47.58 (depth 2, 24 lits): UNSAT in 15.39s
    cube 4048.47.59 (depth 2, 24 lits): UNSAT in 8.14s
    cube 4048.47.60 (depth 2, 24 lits): UNSAT in 3.89s
    cube 4048.47.61 (depth 2, 24 lits): UNSAT in 5.00s
    cube 4048.47.62 (depth 2, 24 lits): UNSAT in 6.69s
    cube 4048.47.63 (depth 2, 24 lits): UNSAT in 8.43s
    cube 4048.48 (depth 1, 18 lits): UNSAT in 57.52s
    cube 4048.49 (depth 1, 18 lits): UNSAT in 63.14s
    cube 4048.50 (depth 1, 18 lits): UNSAT in 276.59s
    cube 4048.51 (depth 1, 18 lits): TIMEOUT in 600.07s
    cube 4048.51 TIMEOUT -> re-split into 64 sub-cubes (depth 2)
    cube 4048.51.0 (depth 2, 24 lits): UNSAT in 0.02s
    cube 4048.51.1 (depth 2, 24 lits): UNSAT in 0.08s
    cube 4048.51.2 (depth 2, 24 lits): UNSAT in 0.23s
    cube 4048.51.3 (depth 2, 24 lits): UNSAT in 0.68s
    cube 4048.51.4 (depth 2, 24 lits): UNSAT in 0.33s
    cube 4048.51.5 (depth 2, 24 lits): UNSAT in 2.97s
    cube 4048.51.6 (depth 2, 24 lits): UNSAT in 0.70s
    cube 4048.51.7 (depth 2, 24 lits): UNSAT in 5.29s
    cube 4048.51.8 (depth 2, 24 lits): UNSAT in 0.05s
    cube 4048.51.9 (depth 2, 24 lits): UNSAT in 0.27s
    cube 4048.51.10 (depth 2, 24 lits): UNSAT in 0.32s
    cube 4048.51.11 (depth 2, 24 lits): UNSAT in 3.10s
    cube 4048.51.12 (depth 2, 24 lits): UNSAT in 0.75s
    cube 4048.51.13 (depth 2, 24 lits): UNSAT in 12.16s
    cube 4048.51.14 (depth 2, 24 lits): UNSAT in 13.24s
    cube 4048.51.15 (depth 2, 24 lits): UNSAT in 84.28s
    cube 4048.51.16 (depth 2, 24 lits): UNSAT in 0.05s
    cube 4048.51.17 (depth 2, 24 lits): UNSAT in 0.20s
    cube 4048.51.18 (depth 2, 24 lits): UNSAT in 0.21s
    cube 4048.51.19 (depth 2, 24 lits): UNSAT in 0.66s
    cube 4048.51.20 (depth 2, 24 lits): UNSAT in 0.18s
    cube 4048.51.21 (depth 2, 24 lits): UNSAT in 0.72s
    cube 4048.51.22 (depth 2, 24 lits): UNSAT in 1.56s
    cube 4048.51.23 (depth 2, 24 lits): UNSAT in 5.35s
    cube 4048.51.24 (depth 2, 24 lits): UNSAT in 0.08s
    cube 4048.51.25 (depth 2, 24 lits): UNSAT in 0.41s
    cube 4048.51.26 (depth 2, 24 lits): UNSAT in 0.40s
    cube 4048.51.27 (depth 2, 24 lits): UNSAT in 0.95s
    cube 4048.51.28 (depth 2, 24 lits): UNSAT in 1.81s
    cube 4048.51.29 (depth 2, 24 lits): UNSAT in 1.86s
    cube 4048.51.30 (depth 2, 24 lits): UNSAT in 5.83s
    cube 4048.51.31 (depth 2, 24 lits): UNSAT in 6.08s
    cube 4048.51.32 (depth 2, 24 lits): UNSAT in 0.53s
    cube 4048.51.33 (depth 2, 24 lits): UNSAT in 1.16s
    cube 4048.51.34 (depth 2, 24 lits): UNSAT in 2.38s
    cube 4048.51.35 (depth 2, 24 lits): UNSAT in 13.69s
    cube 4048.51.36 (depth 2, 24 lits): UNSAT in 1.03s
    cube 4048.51.37 (depth 2, 24 lits): UNSAT in 17.85s
    cube 4048.51.38 (depth 2, 24 lits): UNSAT in 5.02s
    cube 4048.51.39 (depth 2, 24 lits): UNSAT in 96.83s
    cube 4048.51.40 (depth 2, 24 lits): UNSAT in 0.61s
    cube 4048.51.41 (depth 2, 24 lits): UNSAT in 1.32s
    cube 4048.51.42 (depth 2, 24 lits): UNSAT in 0.95s
    cube 4048.51.43 (depth 2, 24 lits): UNSAT in 6.38s
    cube 4048.51.44 (depth 2, 24 lits): UNSAT in 0.56s
    cube 4048.51.45 (depth 2, 24 lits): UNSAT in 1.18s
    cube 4048.51.46 (depth 2, 24 lits): UNSAT in 8.44s
    cube 4048.51.47 (depth 2, 24 lits): UNSAT in 9.48s
    cube 4048.51.48 (depth 2, 24 lits): UNSAT in 0.52s
    cube 4048.51.49 (depth 2, 24 lits): UNSAT in 2.57s
    cube 4048.51.50 (depth 2, 24 lits): UNSAT in 1.13s
    cube 4048.51.51 (depth 2, 24 lits): UNSAT in 1.05s
    cube 4048.51.52 (depth 2, 24 lits): UNSAT in 1.37s
    cube 4048.51.53 (depth 2, 24 lits): UNSAT in 2.31s
    cube 4048.51.54 (depth 2, 24 lits): UNSAT in 5.06s
    cube 4048.51.55 (depth 2, 24 lits): UNSAT in 18.56s
    cube 4048.51.56 (depth 2, 24 lits): UNSAT in 1.27s
    cube 4048.51.57 (depth 2, 24 lits): UNSAT in 1.80s
    cube 4048.51.58 (depth 2, 24 lits): UNSAT in 4.63s
    cube 4048.51.59 (depth 2, 24 lits): UNSAT in 38.63s
    cube 4048.51.60 (depth 2, 24 lits): UNSAT in 4.13s
    cube 4048.51.61 (depth 2, 24 lits): UNSAT in 5.09s
    cube 4048.51.62 (depth 2, 24 lits): UNSAT in 13.27s
    cube 4048.51.63 (depth 2, 24 lits): UNSAT in 67.84s
    cube 4048.52 (depth 1, 18 lits): UNSAT in 489.23s
    cube 4048.53 (depth 1, 18 lits): TIMEOUT in 600.10s
    cube 4048.53 TIMEOUT -> re-split into 64 sub-cubes (depth 2)
    cube 4048.53.0 (depth 2, 24 lits): UNSAT in 0.02s
    cube 4048.53.1 (depth 2, 24 lits): UNSAT in 0.03s
    cube 4048.53.2 (depth 2, 24 lits): UNSAT in 0.04s
    cube 4048.53.3 (depth 2, 24 lits): UNSAT in 0.10s
    cube 4048.53.4 (depth 2, 24 lits): UNSAT in 0.15s
    cube 4048.53.5 (depth 2, 24 lits): UNSAT in 0.18s
    cube 4048.53.6 (depth 2, 24 lits): UNSAT in 0.23s
    cube 4048.53.7 (depth 2, 24 lits): UNSAT in 0.44s
    cube 4048.53.8 (depth 2, 24 lits): UNSAT in 0.02s
    cube 4048.53.9 (depth 2, 24 lits): UNSAT in 0.03s
    cube 4048.53.10 (depth 2, 24 lits): UNSAT in 0.03s
    cube 4048.53.11 (depth 2, 24 lits): UNSAT in 0.05s
    cube 4048.53.12 (depth 2, 24 lits): UNSAT in 0.32s
    cube 4048.53.13 (depth 2, 24 lits): UNSAT in 0.63s
    cube 4048.53.14 (depth 2, 24 lits): UNSAT in 0.47s
    cube 4048.53.15 (depth 2, 24 lits): UNSAT in 0.15s
    cube 4048.53.16 (depth 2, 24 lits): UNSAT in 0.04s
    cube 4048.53.17 (depth 2, 24 lits): UNSAT in 0.11s
    cube 4048.53.18 (depth 2, 24 lits): UNSAT in 0.16s
    cube 4048.53.19 (depth 2, 24 lits): UNSAT in 0.81s
    cube 4048.53.20 (depth 2, 24 lits): UNSAT in 0.28s
    cube 4048.53.21 (depth 2, 24 lits): UNSAT in 1.89s
    cube 4048.53.22 (depth 2, 24 lits): UNSAT in 2.41s
    cube 4048.53.23 (depth 2, 24 lits): UNSAT in 0.62s
    cube 4048.53.24 (depth 2, 24 lits): UNSAT in 0.23s
    cube 4048.53.25 (depth 2, 24 lits): UNSAT in 1.80s
    cube 4048.53.26 (depth 2, 24 lits): UNSAT in 3.13s
    cube 4048.53.27 (depth 2, 24 lits): UNSAT in 2.88s
    cube 4048.53.28 (depth 2, 24 lits): UNSAT in 0.62s
    cube 4048.53.29 (depth 2, 24 lits): UNSAT in 1.50s
    cube 4048.53.30 (depth 2, 24 lits): UNSAT in 0.76s
    cube 4048.53.31 (depth 2, 24 lits): UNSAT in 2.45s
    cube 4048.53.32 (depth 2, 24 lits): UNSAT in 0.17s
    cube 4048.53.33 (depth 2, 24 lits): UNSAT in 0.24s
    cube 4048.53.34 (depth 2, 24 lits): UNSAT in 0.36s
    cube 4048.53.35 (depth 2, 24 lits): UNSAT in 2.14s
    cube 4048.53.36 (depth 2, 24 lits): UNSAT in 0.29s
    cube 4048.53.37 (depth 2, 24 lits): UNSAT in 0.15s
    cube 4048.53.38 (depth 2, 24 lits): UNSAT in 1.43s
    cube 4048.53.39 (depth 2, 24 lits): UNSAT in 2.31s
    cube 4048.53.40 (depth 2, 24 lits): UNSAT in 0.77s
    cube 4048.53.41 (depth 2, 24 lits): UNSAT in 2.84s
    cube 4048.53.42 (depth 2, 24 lits): UNSAT in 0.98s
    cube 4048.53.43 (depth 2, 24 lits): UNSAT in 2.99s
    cube 4048.53.44 (depth 2, 24 lits): UNSAT in 6.06s
    cube 4048.53.45 (depth 2, 24 lits): UNSAT in 6.87s
    cube 4048.53.46 (depth 2, 24 lits): UNSAT in 2.77s
    cube 4048.53.47 (depth 2, 24 lits): UNSAT in 11.60s
    cube 4048.53.48 (depth 2, 24 lits): UNSAT in 0.42s
    cube 4048.53.49 (depth 2, 24 lits): UNSAT in 1.35s
    cube 4048.53.50 (depth 2, 24 lits): UNSAT in 0.52s
    cube 4048.53.51 (depth 2, 24 lits): UNSAT in 2.54s
    cube 4048.53.52 (depth 2, 24 lits): UNSAT in 4.84s
    cube 4048.53.53 (depth 2, 24 lits): UNSAT in 5.19s
    cube 4048.53.54 (depth 2, 24 lits): UNSAT in 2.32s
    cube 4048.53.55 (depth 2, 24 lits): UNSAT in 4.32s
    cube 4048.53.56 (depth 2, 24 lits): UNSAT in 3.40s
    cube 4048.53.57 (depth 2, 24 lits): UNSAT in 5.89s
    cube 4048.53.58 (depth 2, 24 lits): UNSAT in 6.61s
    cube 4048.53.59 (depth 2, 24 lits): UNSAT in 34.05s
    cube 4048.53.60 (depth 2, 24 lits): UNSAT in 0.46s
    cube 4048.53.61 (depth 2, 24 lits): UNSAT in 0.97s
    cube 4048.53.62 (depth 2, 24 lits): UNSAT in 8.81s
    cube 4048.53.63 (depth 2, 24 lits): UNSAT in 12.87s
    cube 4048.54 (depth 1, 18 lits): TIMEOUT in 600.10s
    cube 4048.54 TIMEOUT -> re-split into 64 sub-cubes (depth 2)
    cube 4048.54.0 (depth 2, 24 lits): UNSAT in 0.03s
    cube 4048.54.1 (depth 2, 24 lits): UNSAT in 0.09s
    cube 4048.54.2 (depth 2, 24 lits): UNSAT in 0.15s
    cube 4048.54.3 (depth 2, 24 lits): UNSAT in 0.75s
    cube 4048.54.4 (depth 2, 24 lits): UNSAT in 0.36s
    cube 4048.54.5 (depth 2, 24 lits): UNSAT in 1.12s
    cube 4048.54.6 (depth 2, 24 lits): UNSAT in 0.23s
    cube 4048.54.7 (depth 2, 24 lits): UNSAT in 2.00s
    cube 4048.54.8 (depth 2, 24 lits): UNSAT in 0.08s
    cube 4048.54.9 (depth 2, 24 lits): UNSAT in 0.26s
    cube 4048.54.10 (depth 2, 24 lits): UNSAT in 0.08s
    cube 4048.54.11 (depth 2, 24 lits): UNSAT in 0.20s
    cube 4048.54.12 (depth 2, 24 lits): UNSAT in 0.30s
    cube 4048.54.13 (depth 2, 24 lits): UNSAT in 1.61s
    cube 4048.54.14 (depth 2, 24 lits): UNSAT in 0.90s
    cube 4048.54.15 (depth 2, 24 lits): UNSAT in 1.22s
    cube 4048.54.16 (depth 2, 24 lits): UNSAT in 0.05s
    cube 4048.54.17 (depth 2, 24 lits): UNSAT in 0.22s
    cube 4048.54.18 (depth 2, 24 lits): UNSAT in 0.06s
    cube 4048.54.19 (depth 2, 24 lits): UNSAT in 0.20s
    cube 4048.54.20 (depth 2, 24 lits): UNSAT in 0.28s
    cube 4048.54.21 (depth 2, 24 lits): UNSAT in 0.35s
    cube 4048.54.22 (depth 2, 24 lits): UNSAT in 0.39s
    cube 4048.54.23 (depth 2, 24 lits): UNSAT in 2.48s
    cube 4048.54.24 (depth 2, 24 lits): UNSAT in 0.36s
    cube 4048.54.25 (depth 2, 24 lits): UNSAT in 0.21s
    cube 4048.54.26 (depth 2, 24 lits): UNSAT in 0.39s
    cube 4048.54.27 (depth 2, 24 lits): UNSAT in 1.50s
    cube 4048.54.28 (depth 2, 24 lits): UNSAT in 0.32s
    cube 4048.54.29 (depth 2, 24 lits): UNSAT in 0.81s
    cube 4048.54.30 (depth 2, 24 lits): UNSAT in 3.97s
    cube 4048.54.31 (depth 2, 24 lits): UNSAT in 4.97s
    cube 4048.54.32 (depth 2, 24 lits): UNSAT in 0.06s
    cube 4048.54.33 (depth 2, 24 lits): UNSAT in 0.32s
    cube 4048.54.34 (depth 2, 24 lits): UNSAT in 0.44s
    cube 4048.54.35 (depth 2, 24 lits): UNSAT in 0.90s
    cube 4048.54.36 (depth 2, 24 lits): UNSAT in 0.23s
    cube 4048.54.37 (depth 2, 24 lits): UNSAT in 0.56s
    cube 4048.54.38 (depth 2, 24 lits): UNSAT in 0.49s
    cube 4048.54.39 (depth 2, 24 lits): UNSAT in 0.45s
    cube 4048.54.40 (depth 2, 24 lits): UNSAT in 0.57s
    cube 4048.54.41 (depth 2, 24 lits): UNSAT in 2.29s
    cube 4048.54.42 (depth 2, 24 lits): UNSAT in 2.15s
    cube 4048.54.43 (depth 2, 24 lits): UNSAT in 5.83s
    cube 4048.54.44 (depth 2, 24 lits): UNSAT in 1.43s
    cube 4048.54.45 (depth 2, 24 lits): UNSAT in 2.88s
    cube 4048.54.46 (depth 2, 24 lits): UNSAT in 5.08s
    cube 4048.54.47 (depth 2, 24 lits): UNSAT in 8.12s
    cube 4048.54.48 (depth 2, 24 lits): UNSAT in 0.85s
    cube 4048.54.49 (depth 2, 24 lits): UNSAT in 2.49s
    cube 4048.54.50 (depth 2, 24 lits): UNSAT in 2.38s
    cube 4048.54.51 (depth 2, 24 lits): UNSAT in 5.24s
    cube 4048.54.52 (depth 2, 24 lits): UNSAT in 1.20s
    cube 4048.54.53 (depth 2, 24 lits): UNSAT in 3.70s
    cube 4048.54.54 (depth 2, 24 lits): UNSAT in 0.92s
    cube 4048.54.55 (depth 2, 24 lits): UNSAT in 17.54s
    cube 4048.54.56 (depth 2, 24 lits): UNSAT in 0.41s
    cube 4048.54.57 (depth 2, 24 lits): UNSAT in 1.74s
    cube 4048.54.58 (depth 2, 24 lits): UNSAT in 2.44s
    cube 4048.54.59 (depth 2, 24 lits): UNSAT in 11.93s
    cube 4048.54.60 (depth 2, 24 lits): UNSAT in 3.12s
    cube 4048.54.61 (depth 2, 24 lits): UNSAT in 4.91s
    cube 4048.54.62 (depth 2, 24 lits): UNSAT in 5.38s
    cube 4048.54.63 (depth 2, 24 lits): UNSAT in 11.32s
    cube 4048.55 (depth 1, 18 lits): TIMEOUT in 600.10s
    cube 4048.55 TIMEOUT -> re-split into 64 sub-cubes (depth 2)
    cube 4048.55.0 (depth 2, 24 lits): UNSAT in 0.10s
    cube 4048.55.1 (depth 2, 24 lits): UNSAT in 0.38s
    cube 4048.55.2 (depth 2, 24 lits): UNSAT in 0.75s
    cube 4048.55.3 (depth 2, 24 lits): UNSAT in 1.40s
    cube 4048.55.4 (depth 2, 24 lits): UNSAT in 1.03s
    cube 4048.55.5 (depth 2, 24 lits): UNSAT in 2.95s
    cube 4048.55.6 (depth 2, 24 lits): UNSAT in 0.14s
    cube 4048.55.7 (depth 2, 24 lits): UNSAT in 0.73s
    cube 4048.55.8 (depth 2, 24 lits): UNSAT in 0.70s
    cube 4048.55.9 (depth 2, 24 lits): UNSAT in 2.77s
    cube 4048.55.10 (depth 2, 24 lits): UNSAT in 5.66s
    cube 4048.55.11 (depth 2, 24 lits): UNSAT in 1.93s
    cube 4048.55.12 (depth 2, 24 lits): UNSAT in 0.59s
    cube 4048.55.13 (depth 2, 24 lits): UNSAT in 0.85s
    cube 4048.55.14 (depth 2, 24 lits): UNSAT in 3.71s
    cube 4048.55.15 (depth 2, 24 lits): UNSAT in 4.73s
    cube 4048.55.16 (depth 2, 24 lits): UNSAT in 0.53s
    cube 4048.55.17 (depth 2, 24 lits): UNSAT in 1.30s
    cube 4048.55.18 (depth 2, 24 lits): UNSAT in 2.76s
    cube 4048.55.19 (depth 2, 24 lits): UNSAT in 0.65s
    cube 4048.55.20 (depth 2, 24 lits): UNSAT in 0.72s
    cube 4048.55.21 (depth 2, 24 lits): UNSAT in 1.84s
    cube 4048.55.22 (depth 2, 24 lits): UNSAT in 4.77s
    cube 4048.55.23 (depth 2, 24 lits): UNSAT in 2.77s
    cube 4048.55.24 (depth 2, 24 lits): UNSAT in 0.80s
    cube 4048.55.25 (depth 2, 24 lits): UNSAT in 2.25s
    cube 4048.55.26 (depth 2, 24 lits): UNSAT in 4.51s
    cube 4048.55.27 (depth 2, 24 lits): UNSAT in 2.00s
    cube 4048.55.28 (depth 2, 24 lits): UNSAT in 6.29s
    cube 4048.55.29 (depth 2, 24 lits): UNSAT in 13.43s
    cube 4048.55.30 (depth 2, 24 lits): UNSAT in 4.53s
    cube 4048.55.31 (depth 2, 24 lits): UNSAT in 16.29s
    cube 4048.55.32 (depth 2, 24 lits): UNSAT in 0.03s
    cube 4048.55.33 (depth 2, 24 lits): UNSAT in 0.24s
    cube 4048.55.34 (depth 2, 24 lits): UNSAT in 0.79s
    cube 4048.55.35 (depth 2, 24 lits): UNSAT in 0.57s
    cube 4048.55.36 (depth 2, 24 lits): UNSAT in 1.73s
    cube 4048.55.37 (depth 2, 24 lits): UNSAT in 1.80s
    cube 4048.55.38 (depth 2, 24 lits): UNSAT in 1.07s
    cube 4048.55.39 (depth 2, 24 lits): UNSAT in 3.78s
    cube 4048.55.40 (depth 2, 24 lits): UNSAT in 0.06s
    cube 4048.55.41 (depth 2, 24 lits): UNSAT in 0.26s
    cube 4048.55.42 (depth 2, 24 lits): UNSAT in 0.07s
    cube 4048.55.43 (depth 2, 24 lits): UNSAT in 0.14s
    cube 4048.55.44 (depth 2, 24 lits): UNSAT in 3.36s
    cube 4048.55.45 (depth 2, 24 lits): UNSAT in 4.44s
    cube 4048.55.46 (depth 2, 24 lits): UNSAT in 7.80s
    cube 4048.55.47 (depth 2, 24 lits): UNSAT in 8.43s
    cube 4048.55.48 (depth 2, 24 lits): UNSAT in 1.94s
    cube 4048.55.49 (depth 2, 24 lits): UNSAT in 1.79s
    cube 4048.55.50 (depth 2, 24 lits): UNSAT in 6.15s
    cube 4048.55.51 (depth 2, 24 lits): UNSAT in 21.44s
    cube 4048.55.52 (depth 2, 24 lits): UNSAT in 5.67s
    cube 4048.55.53 (depth 2, 24 lits): UNSAT in 14.51s
    cube 4048.55.54 (depth 2, 24 lits): UNSAT in 12.53s
    cube 4048.55.55 (depth 2, 24 lits): UNSAT in 17.68s
    cube 4048.55.56 (depth 2, 24 lits): UNSAT in 4.06s
    cube 4048.55.57 (depth 2, 24 lits): UNSAT in 8.94s
    cube 4048.55.58 (depth 2, 24 lits): UNSAT in 4.35s
    cube 4048.55.59 (depth 2, 24 lits): UNSAT in 20.46s
    cube 4048.55.60 (depth 2, 24 lits): UNSAT in 4.63s
    cube 4048.55.61 (depth 2, 24 lits): UNSAT in 10.18s
    cube 4048.55.62 (depth 2, 24 lits): UNSAT in 4.25s
    cube 4048.55.63 (depth 2, 24 lits): UNSAT in 33.01s
    cube 4048.56 (depth 1, 18 lits): UNSAT in 160.93s
    cube 4048.57 (depth 1, 18 lits): TIMEOUT in 600.10s
    cube 4048.57 TIMEOUT -> re-split into 64 sub-cubes (depth 2)
    cube 4048.57.0 (depth 2, 24 lits): UNSAT in 0.03s
    cube 4048.57.1 (depth 2, 24 lits): UNSAT in 0.07s
    cube 4048.57.2 (depth 2, 24 lits): UNSAT in 0.09s
    cube 4048.57.3 (depth 2, 24 lits): UNSAT in 0.39s
    cube 4048.57.4 (depth 2, 24 lits): UNSAT in 0.03s
    cube 4048.57.5 (depth 2, 24 lits): UNSAT in 0.33s
    cube 4048.57.6 (depth 2, 24 lits): UNSAT in 0.59s
    cube 4048.57.7 (depth 2, 24 lits): UNSAT in 1.43s
    cube 4048.57.8 (depth 2, 24 lits): UNSAT in 0.07s
    cube 4048.57.9 (depth 2, 24 lits): UNSAT in 0.24s
    cube 4048.57.10 (depth 2, 24 lits): UNSAT in 0.40s
    cube 4048.57.11 (depth 2, 24 lits): UNSAT in 0.74s
    cube 4048.57.12 (depth 2, 24 lits): UNSAT in 0.59s
    cube 4048.57.13 (depth 2, 24 lits): UNSAT in 1.77s
    cube 4048.57.14 (depth 2, 24 lits): UNSAT in 1.68s
    cube 4048.57.15 (depth 2, 24 lits): UNSAT in 5.21s
    cube 4048.57.16 (depth 2, 24 lits): UNSAT in 0.10s
    cube 4048.57.17 (depth 2, 24 lits): UNSAT in 0.27s
    cube 4048.57.18 (depth 2, 24 lits): UNSAT in 0.11s
    cube 4048.57.19 (depth 2, 24 lits): UNSAT in 0.72s
    cube 4048.57.20 (depth 2, 24 lits): UNSAT in 0.37s
    cube 4048.57.21 (depth 2, 24 lits): UNSAT in 0.56s
    cube 4048.57.22 (depth 2, 24 lits): UNSAT in 1.92s
    cube 4048.57.23 (depth 2, 24 lits): UNSAT in 5.81s
    cube 4048.57.24 (depth 2, 24 lits): UNSAT in 0.10s
    cube 4048.57.25 (depth 2, 24 lits): UNSAT in 0.93s
    cube 4048.57.26 (depth 2, 24 lits): UNSAT in 0.41s
    cube 4048.57.27 (depth 2, 24 lits): UNSAT in 4.55s
    cube 4048.57.28 (depth 2, 24 lits): UNSAT in 0.73s
    cube 4048.57.29 (depth 2, 24 lits): UNSAT in 6.61s
    cube 4048.57.30 (depth 2, 24 lits): UNSAT in 0.27s
    cube 4048.57.31 (depth 2, 24 lits): UNSAT in 16.17s
    cube 4048.57.32 (depth 2, 24 lits): UNSAT in 0.11s
    cube 4048.57.33 (depth 2, 24 lits): UNSAT in 0.31s
    cube 4048.57.34 (depth 2, 24 lits): UNSAT in 0.33s
    cube 4048.57.35 (depth 2, 24 lits): UNSAT in 1.54s
    cube 4048.57.36 (depth 2, 24 lits): UNSAT in 0.12s
    cube 4048.57.37 (depth 2, 24 lits): UNSAT in 0.68s
    cube 4048.57.38 (depth 2, 24 lits): UNSAT in 2.69s
    cube 4048.57.39 (depth 2, 24 lits): UNSAT in 1.56s
    cube 4048.57.40 (depth 2, 24 lits): UNSAT in 0.32s
    cube 4048.57.41 (depth 2, 24 lits): UNSAT in 0.47s
    cube 4048.57.42 (depth 2, 24 lits): UNSAT in 0.08s
    cube 4048.57.43 (depth 2, 24 lits): UNSAT in 0.13s
    cube 4048.57.44 (depth 2, 24 lits): UNSAT in 1.44s
    cube 4048.57.45 (depth 2, 24 lits): UNSAT in 4.10s
    cube 4048.57.46 (depth 2, 24 lits): UNSAT in 0.93s
    cube 4048.57.47 (depth 2, 24 lits): UNSAT in 7.89s
    cube 4048.57.48 (depth 2, 24 lits): UNSAT in 0.13s
    cube 4048.57.49 (depth 2, 24 lits): UNSAT in 0.92s
    cube 4048.57.50 (depth 2, 24 lits): UNSAT in 0.86s
    cube 4048.57.51 (depth 2, 24 lits): UNSAT in 4.96s
    cube 4048.57.52 (depth 2, 24 lits): UNSAT in 1.80s
    cube 4048.57.53 (depth 2, 24 lits): UNSAT in 8.20s
    cube 4048.57.54 (depth 2, 24 lits): UNSAT in 1.75s
    cube 4048.57.55 (depth 2, 24 lits): UNSAT in 3.10s
    cube 4048.57.56 (depth 2, 24 lits): UNSAT in 0.52s
    cube 4048.57.57 (depth 2, 24 lits): UNSAT in 1.67s
    cube 4048.57.58 (depth 2, 24 lits): UNSAT in 2.75s
    cube 4048.57.59 (depth 2, 24 lits): UNSAT in 9.76s
    cube 4048.57.60 (depth 2, 24 lits): UNSAT in 0.35s
    cube 4048.57.61 (depth 2, 24 lits): UNSAT in 2.95s
    cube 4048.57.62 (depth 2, 24 lits): UNSAT in 2.42s
    cube 4048.57.63 (depth 2, 24 lits): UNSAT in 31.12s
    cube 4048.58 (depth 1, 18 lits): UNSAT in 387.38s
    cube 4048.59 (depth 1, 18 lits): TIMEOUT in 600.10s
    cube 4048.59 TIMEOUT -> re-split into 64 sub-cubes (depth 2)
    cube 4048.59.0 (depth 2, 24 lits): UNSAT in 0.04s
    cube 4048.59.1 (depth 2, 24 lits): UNSAT in 0.10s
    cube 4048.59.2 (depth 2, 24 lits): UNSAT in 0.29s
    cube 4048.59.3 (depth 2, 24 lits): UNSAT in 0.90s
    cube 4048.59.4 (depth 2, 24 lits): UNSAT in 0.06s
    cube 4048.59.5 (depth 2, 24 lits): UNSAT in 0.44s
    cube 4048.59.6 (depth 2, 24 lits): UNSAT in 1.03s
    cube 4048.59.7 (depth 2, 24 lits): UNSAT in 4.41s
    cube 4048.59.8 (depth 2, 24 lits): UNSAT in 0.32s
    cube 4048.59.9 (depth 2, 24 lits): UNSAT in 0.44s
    cube 4048.59.10 (depth 2, 24 lits): UNSAT in 0.56s
    cube 4048.59.11 (depth 2, 24 lits): UNSAT in 1.28s
    cube 4048.59.12 (depth 2, 24 lits): UNSAT in 0.13s
    cube 4048.59.13 (depth 2, 24 lits): UNSAT in 0.85s
    cube 4048.59.14 (depth 2, 24 lits): UNSAT in 1.10s
    cube 4048.59.15 (depth 2, 24 lits): UNSAT in 5.05s
    cube 4048.59.16 (depth 2, 24 lits): UNSAT in 0.14s
    cube 4048.59.17 (depth 2, 24 lits): UNSAT in 1.49s
    cube 4048.59.18 (depth 2, 24 lits): UNSAT in 0.79s
    cube 4048.59.19 (depth 2, 24 lits): UNSAT in 7.91s
    cube 4048.59.20 (depth 2, 24 lits): UNSAT in 0.81s
    cube 4048.59.21 (depth 2, 24 lits): UNSAT in 4.32s
    cube 4048.59.22 (depth 2, 24 lits): UNSAT in 9.63s
    cube 4048.59.23 (depth 2, 24 lits): UNSAT in 11.23s
    cube 4048.59.24 (depth 2, 24 lits): UNSAT in 2.73s
    cube 4048.59.25 (depth 2, 24 lits): UNSAT in 18.32s
    cube 4048.59.26 (depth 2, 24 lits): UNSAT in 3.32s
    cube 4048.59.27 (depth 2, 24 lits): UNSAT in 9.81s
    cube 4048.59.28 (depth 2, 24 lits): UNSAT in 21.82s
    cube 4048.59.29 (depth 2, 24 lits): UNSAT in 17.30s
