  shard 5/10 (explicit): 1 of 4051 cubes, per-cube cap 600.0s, re-split depth 3
    batch [4046..4046] TIMEOUT in 600.1s -> per-cube fallback
    cube 4046 (depth 0, 12 lits): TIMEOUT in 600.10s
    cube 4046 TIMEOUT -> re-split into 64 sub-cubes (depth 1)
    cube 4046.0 (depth 1, 18 lits): UNSAT in 0.48s
    cube 4046.1 (depth 1, 18 lits): UNSAT in 2.99s
    cube 4046.2 (depth 1, 18 lits): UNSAT in 0.11s
    cube 4046.3 (depth 1, 18 lits): UNSAT in 5.08s
    cube 4046.4 (depth 1, 18 lits): UNSAT in 1.65s
    cube 4046.5 (depth 1, 18 lits): UNSAT in 6.40s
    cube 4046.6 (depth 1, 18 lits): UNSAT in 3.69s
    cube 4046.7 (depth 1, 18 lits): UNSAT in 20.79s
    cube 4046.8 (depth 1, 18 lits): UNSAT in 0.75s
    cube 4046.9 (depth 1, 18 lits): UNSAT in 1.35s
    cube 4046.10 (depth 1, 18 lits): UNSAT in 3.79s
    cube 4046.11 (depth 1, 18 lits): UNSAT in 4.64s
    cube 4046.12 (depth 1, 18 lits): UNSAT in 11.57s
    cube 4046.13 (depth 1, 18 lits): UNSAT in 35.07s
    cube 4046.14 (depth 1, 18 lits): UNSAT in 19.81s
    cube 4046.15 (depth 1, 18 lits): UNSAT in 33.18s
    cube 4046.16 (depth 1, 18 lits): UNSAT in 0.09s
    cube 4046.17 (depth 1, 18 lits): UNSAT in 0.92s
    cube 4046.18 (depth 1, 18 lits): UNSAT in 3.37s
    cube 4046.19 (depth 1, 18 lits): UNSAT in 23.61s
    cube 4046.20 (depth 1, 18 lits): UNSAT in 3.88s
    cube 4046.21 (depth 1, 18 lits): UNSAT in 18.23s
    cube 4046.22 (depth 1, 18 lits): UNSAT in 28.05s
    cube 4046.23 (depth 1, 18 lits): UNSAT in 55.99s
    cube 4046.24 (depth 1, 18 lits): UNSAT in 7.93s
    cube 4046.25 (depth 1, 18 lits): UNSAT in 42.01s
    cube 4046.26 (depth 1, 18 lits): UNSAT in 33.53s
    cube 4046.27 (depth 1, 18 lits): UNSAT in 380.82s
    cube 4046.28 (depth 1, 18 lits): UNSAT in 31.78s
    cube 4046.29 (depth 1, 18 lits): UNSAT in 313.28s
    cube 4046.30 (depth 1, 18 lits): TIMEOUT in 600.07s
    cube 4046.30 TIMEOUT -> re-split into 64 sub-cubes (depth 2)
    cube 4046.30.0 (depth 2, 24 lits): UNSAT in 0.02s
    cube 4046.30.1 (depth 2, 24 lits): UNSAT in 0.04s
    cube 4046.30.2 (depth 2, 24 lits): UNSAT in 0.05s
    cube 4046.30.3 (depth 2, 24 lits): UNSAT in 0.18s
    cube 4046.30.4 (depth 2, 24 lits): UNSAT in 0.05s
    cube 4046.30.5 (depth 2, 24 lits): UNSAT in 0.08s
    cube 4046.30.6 (depth 2, 24 lits): UNSAT in 0.11s
    cube 4046.30.7 (depth 2, 24 lits): UNSAT in 0.43s
    cube 4046.30.8 (depth 2, 24 lits): UNSAT in 0.04s
    cube 4046.30.9 (depth 2, 24 lits): UNSAT in 0.05s
    cube 4046.30.10 (depth 2, 24 lits): UNSAT in 0.08s
    cube 4046.30.11 (depth 2, 24 lits): UNSAT in 0.08s
    cube 4046.30.12 (depth 2, 24 lits): UNSAT in 0.02s
    cube 4046.30.13 (depth 2, 24 lits): UNSAT in 0.17s
    cube 4046.30.14 (depth 2, 24 lits): UNSAT in 0.49s
    cube 4046.30.15 (depth 2, 24 lits): UNSAT in 0.43s
    cube 4046.30.16 (depth 2, 24 lits): UNSAT in 0.03s
    cube 4046.30.17 (depth 2, 24 lits): UNSAT in 0.06s
    cube 4046.30.18 (depth 2, 24 lits): UNSAT in 0.06s
    cube 4046.30.19 (depth 2, 24 lits): UNSAT in 0.27s
    cube 4046.30.20 (depth 2, 24 lits): UNSAT in 0.28s
    cube 4046.30.21 (depth 2, 24 lits): UNSAT in 0.37s
    cube 4046.30.22 (depth 2, 24 lits): UNSAT in 0.17s
    cube 4046.30.23 (depth 2, 24 lits): UNSAT in 0.96s
    cube 4046.30.24 (depth 2, 24 lits): UNSAT in 0.47s
    cube 4046.30.25 (depth 2, 24 lits): UNSAT in 0.75s
    cube 4046.30.26 (depth 2, 24 lits): UNSAT in 1.86s
    cube 4046.30.27 (depth 2, 24 lits): UNSAT in 2.58s
    cube 4046.30.28 (depth 2, 24 lits): UNSAT in 0.69s
    cube 4046.30.29 (depth 2, 24 lits): UNSAT in 3.23s
    cube 4046.30.30 (depth 2, 24 lits): UNSAT in 1.62s
    cube 4046.30.31 (depth 2, 24 lits): UNSAT in 5.33s
    cube 4046.30.32 (depth 2, 24 lits): UNSAT in 0.02s
    cube 4046.30.33 (depth 2, 24 lits): UNSAT in 0.08s
    cube 4046.30.34 (depth 2, 24 lits): UNSAT in 0.07s
    cube 4046.30.35 (depth 2, 24 lits): UNSAT in 0.23s
    cube 4046.30.36 (depth 2, 24 lits): UNSAT in 0.44s
    cube 4046.30.37 (depth 2, 24 lits): UNSAT in 0.53s
    cube 4046.30.38 (depth 2, 24 lits): UNSAT in 0.08s
    cube 4046.30.39 (depth 2, 24 lits): UNSAT in 1.65s
    cube 4046.30.40 (depth 2, 24 lits): UNSAT in 0.05s
    cube 4046.30.41 (depth 2, 24 lits): UNSAT in 0.28s
    cube 4046.30.42 (depth 2, 24 lits): UNSAT in 0.35s
    cube 4046.30.43 (depth 2, 24 lits): UNSAT in 0.62s
    cube 4046.30.44 (depth 2, 24 lits): UNSAT in 2.03s
    cube 4046.30.45 (depth 2, 24 lits): UNSAT in 7.81s
    cube 4046.30.46 (depth 2, 24 lits): UNSAT in 2.87s
    cube 4046.30.47 (depth 2, 24 lits): UNSAT in 4.30s
    cube 4046.30.48 (depth 2, 24 lits): UNSAT in 0.12s
    cube 4046.30.49 (depth 2, 24 lits): UNSAT in 0.24s
    cube 4046.30.50 (depth 2, 24 lits): UNSAT in 0.60s
    cube 4046.30.51 (depth 2, 24 lits): UNSAT in 2.19s
    cube 4046.30.52 (depth 2, 24 lits): UNSAT in 0.79s
    cube 4046.30.53 (depth 2, 24 lits): UNSAT in 2.56s
    cube 4046.30.54 (depth 2, 24 lits): UNSAT in 4.18s
    cube 4046.30.55 (depth 2, 24 lits): UNSAT in 18.30s
    cube 4046.30.56 (depth 2, 24 lits): UNSAT in 0.84s
    cube 4046.30.57 (depth 2, 24 lits): UNSAT in 1.00s
    cube 4046.30.58 (depth 2, 24 lits): UNSAT in 2.69s
    cube 4046.30.59 (depth 2, 24 lits): UNSAT in 24.12s
    cube 4046.30.60 (depth 2, 24 lits): UNSAT in 3.39s
    cube 4046.30.61 (depth 2, 24 lits): UNSAT in 13.57s
    cube 4046.30.62 (depth 2, 24 lits): UNSAT in 3.32s
    cube 4046.30.63 (depth 2, 24 lits): UNSAT in 10.96s
    cube 4046.31 (depth 1, 18 lits): TIMEOUT in 600.06s
    cube 4046.31 TIMEOUT -> re-split into 64 sub-cubes (depth 2)
    cube 4046.31.0 (depth 2, 24 lits): UNSAT in 0.35s
    cube 4046.31.1 (depth 2, 24 lits): UNSAT in 0.30s
    cube 4046.31.2 (depth 2, 24 lits): UNSAT in 0.09s
    cube 4046.31.3 (depth 2, 24 lits): UNSAT in 0.39s
    cube 4046.31.4 (depth 2, 24 lits): UNSAT in 0.38s
    cube 4046.31.5 (depth 2, 24 lits): UNSAT in 0.89s
    cube 4046.31.6 (depth 2, 24 lits): UNSAT in 2.16s
    cube 4046.31.7 (depth 2, 24 lits): UNSAT in 1.65s
    cube 4046.31.8 (depth 2, 24 lits): UNSAT in 0.43s
    cube 4046.31.9 (depth 2, 24 lits): UNSAT in 1.27s
    cube 4046.31.10 (depth 2, 24 lits): UNSAT in 0.83s
    cube 4046.31.11 (depth 2, 24 lits): UNSAT in 3.28s
    cube 4046.31.12 (depth 2, 24 lits): UNSAT in 2.83s
    cube 4046.31.13 (depth 2, 24 lits): UNSAT in 5.36s
    cube 4046.31.14 (depth 2, 24 lits): UNSAT in 8.59s
    cube 4046.31.15 (depth 2, 24 lits): UNSAT in 11.86s
    cube 4046.31.16 (depth 2, 24 lits): UNSAT in 0.14s
    cube 4046.31.17 (depth 2, 24 lits): UNSAT in 0.38s
    cube 4046.31.18 (depth 2, 24 lits): UNSAT in 0.39s
    cube 4046.31.19 (depth 2, 24 lits): UNSAT in 2.83s
    cube 4046.31.20 (depth 2, 24 lits): UNSAT in 1.00s
    cube 4046.31.21 (depth 2, 24 lits): UNSAT in 1.25s
    cube 4046.31.22 (depth 2, 24 lits): UNSAT in 12.81s
    cube 4046.31.23 (depth 2, 24 lits): UNSAT in 11.07s
    cube 4046.31.24 (depth 2, 24 lits): UNSAT in 0.41s
    cube 4046.31.25 (depth 2, 24 lits): UNSAT in 3.68s
    cube 4046.31.26 (depth 2, 24 lits): UNSAT in 12.76s
    cube 4046.31.27 (depth 2, 24 lits): UNSAT in 33.59s
    cube 4046.31.28 (depth 2, 24 lits): UNSAT in 6.44s
    cube 4046.31.29 (depth 2, 24 lits): UNSAT in 25.72s
    cube 4046.31.30 (depth 2, 24 lits): UNSAT in 24.06s
    cube 4046.31.31 (depth 2, 24 lits): UNSAT in 31.81s
    cube 4046.31.32 (depth 2, 24 lits): UNSAT in 0.09s
    cube 4046.31.33 (depth 2, 24 lits): UNSAT in 0.13s
    cube 4046.31.34 (depth 2, 24 lits): UNSAT in 0.07s
    cube 4046.31.35 (depth 2, 24 lits): UNSAT in 0.06s
    cube 4046.31.36 (depth 2, 24 lits): UNSAT in 0.22s
    cube 4046.31.37 (depth 2, 24 lits): UNSAT in 0.50s
    cube 4046.31.38 (depth 2, 24 lits): UNSAT in 1.23s
    cube 4046.31.39 (depth 2, 24 lits): UNSAT in 1.24s
    cube 4046.31.40 (depth 2, 24 lits): UNSAT in 1.15s
    cube 4046.31.41 (depth 2, 24 lits): UNSAT in 0.48s
    cube 4046.31.42 (depth 2, 24 lits): UNSAT in 1.50s
    cube 4046.31.43 (depth 2, 24 lits): UNSAT in 3.85s
    cube 4046.31.44 (depth 2, 24 lits): UNSAT in 1.14s
    cube 4046.31.45 (depth 2, 24 lits): UNSAT in 3.58s
    cube 4046.31.46 (depth 2, 24 lits): UNSAT in 6.88s
    cube 4046.31.47 (depth 2, 24 lits): UNSAT in 7.85s
    cube 4046.31.48 (depth 2, 24 lits): UNSAT in 0.36s
    cube 4046.31.49 (depth 2, 24 lits): UNSAT in 1.24s
    cube 4046.31.50 (depth 2, 24 lits): UNSAT in 0.51s
    cube 4046.31.51 (depth 2, 24 lits): UNSAT in 2.72s
    cube 4046.31.52 (depth 2, 24 lits): UNSAT in 0.45s
    cube 4046.31.53 (depth 2, 24 lits): UNSAT in 0.95s
    cube 4046.31.54 (depth 2, 24 lits): UNSAT in 8.54s
    cube 4046.31.55 (depth 2, 24 lits): UNSAT in 7.09s
    cube 4046.31.56 (depth 2, 24 lits): UNSAT in 0.32s
    cube 4046.31.57 (depth 2, 24 lits): UNSAT in 6.49s
    cube 4046.31.58 (depth 2, 24 lits): UNSAT in 5.76s
    cube 4046.31.59 (depth 2, 24 lits): UNSAT in 18.75s
    cube 4046.31.60 (depth 2, 24 lits): UNSAT in 4.82s
    cube 4046.31.61 (depth 2, 24 lits): UNSAT in 25.84s
    cube 4046.31.62 (depth 2, 24 lits): UNSAT in 32.37s
    cube 4046.31.63 (depth 2, 24 lits): UNSAT in 28.98s
    cube 4046.32 (depth 1, 18 lits): UNSAT in 1.63s
    cube 4046.33 (depth 1, 18 lits): UNSAT in 18.31s
    cube 4046.34 (depth 1, 18 lits): UNSAT in 16.72s
    cube 4046.35 (depth 1, 18 lits): UNSAT in 103.50s
    cube 4046.36 (depth 1, 18 lits): UNSAT in 8.52s
    cube 4046.37 (depth 1, 18 lits): UNSAT in 101.48s
    cube 4046.38 (depth 1, 18 lits): UNSAT in 95.96s
    cube 4046.39 (depth 1, 18 lits): UNSAT in 383.18s
    cube 4046.40 (depth 1, 18 lits): UNSAT in 2.17s
    cube 4046.41 (depth 1, 18 lits): UNSAT in 55.79s
    cube 4046.42 (depth 1, 18 lits): UNSAT in 93.48s
    cube 4046.43 (depth 1, 18 lits): TIMEOUT in 600.10s
    cube 4046.43 TIMEOUT -> re-split into 64 sub-cubes (depth 2)
    cube 4046.43.0 (depth 2, 24 lits): UNSAT in 0.01s
    cube 4046.43.1 (depth 2, 24 lits): UNSAT in 0.04s
    cube 4046.43.2 (depth 2, 24 lits): UNSAT in 0.08s
    cube 4046.43.3 (depth 2, 24 lits): UNSAT in 0.25s
    cube 4046.43.4 (depth 2, 24 lits): UNSAT in 0.14s
    cube 4046.43.5 (depth 2, 24 lits): UNSAT in 0.13s
    cube 4046.43.6 (depth 2, 24 lits): UNSAT in 0.20s
    cube 4046.43.7 (depth 2, 24 lits): UNSAT in 0.85s
    cube 4046.43.8 (depth 2, 24 lits): UNSAT in 0.08s
    cube 4046.43.9 (depth 2, 24 lits): UNSAT in 0.11s
    cube 4046.43.10 (depth 2, 24 lits): UNSAT in 0.23s
    cube 4046.43.11 (depth 2, 24 lits): UNSAT in 0.54s
    cube 4046.43.12 (depth 2, 24 lits): UNSAT in 0.21s
    cube 4046.43.13 (depth 2, 24 lits): UNSAT in 0.25s
    cube 4046.43.14 (depth 2, 24 lits): UNSAT in 0.89s
    cube 4046.43.15 (depth 2, 24 lits): UNSAT in 3.13s
    cube 4046.43.16 (depth 2, 24 lits): UNSAT in 0.06s
    cube 4046.43.17 (depth 2, 24 lits): UNSAT in 0.15s
    cube 4046.43.18 (depth 2, 24 lits): UNSAT in 1.22s
    cube 4046.43.19 (depth 2, 24 lits): UNSAT in 3.30s
    cube 4046.43.20 (depth 2, 24 lits): UNSAT in 0.14s
    cube 4046.43.21 (depth 2, 24 lits): UNSAT in 2.89s
    cube 4046.43.22 (depth 2, 24 lits): UNSAT in 2.20s
    cube 4046.43.23 (depth 2, 24 lits): UNSAT in 18.47s
    cube 4046.43.24 (depth 2, 24 lits): UNSAT in 0.62s
    cube 4046.43.25 (depth 2, 24 lits): UNSAT in 4.17s
    cube 4046.43.26 (depth 2, 24 lits): UNSAT in 6.41s
    cube 4046.43.27 (depth 2, 24 lits): UNSAT in 10.33s
    cube 4046.43.28 (depth 2, 24 lits): UNSAT in 0.61s
    cube 4046.43.29 (depth 2, 24 lits): UNSAT in 4.25s
    cube 4046.43.30 (depth 2, 24 lits): UNSAT in 3.94s
    cube 4046.43.31 (depth 2, 24 lits): UNSAT in 12.77s
    cube 4046.43.32 (depth 2, 24 lits): UNSAT in 0.03s
    cube 4046.43.33 (depth 2, 24 lits): UNSAT in 0.12s
    cube 4046.43.34 (depth 2, 24 lits): UNSAT in 0.11s
    cube 4046.43.35 (depth 2, 24 lits): UNSAT in 0.24s
    cube 4046.43.36 (depth 2, 24 lits): UNSAT in 0.06s
    cube 4046.43.37 (depth 2, 24 lits): UNSAT in 0.02s
    cube 4046.43.38 (depth 2, 24 lits): UNSAT in 0.15s
    cube 4046.43.39 (depth 2, 24 lits): UNSAT in 0.13s
    cube 4046.43.40 (depth 2, 24 lits): UNSAT in 0.15s
    cube 4046.43.41 (depth 2, 24 lits): UNSAT in 0.27s
    cube 4046.43.42 (depth 2, 24 lits): UNSAT in 0.58s
    cube 4046.43.43 (depth 2, 24 lits): UNSAT in 1.17s
    cube 4046.43.44 (depth 2, 24 lits): UNSAT in 0.21s
    cube 4046.43.45 (depth 2, 24 lits): UNSAT in 0.56s
    cube 4046.43.46 (depth 2, 24 lits): UNSAT in 0.27s
    cube 4046.43.47 (depth 2, 24 lits): UNSAT in 1.26s
    cube 4046.43.48 (depth 2, 24 lits): UNSAT in 0.03s
    cube 4046.43.49 (depth 2, 24 lits): UNSAT in 0.10s
    cube 4046.43.50 (depth 2, 24 lits): UNSAT in 0.33s
    cube 4046.43.51 (depth 2, 24 lits): UNSAT in 2.26s
    cube 4046.43.52 (depth 2, 24 lits): UNSAT in 0.20s
    cube 4046.43.53 (depth 2, 24 lits): UNSAT in 0.34s
    cube 4046.43.54 (depth 2, 24 lits): UNSAT in 0.04s
    cube 4046.43.55 (depth 2, 24 lits): UNSAT in 0.10s
    cube 4046.43.56 (depth 2, 24 lits): UNSAT in 0.13s
    cube 4046.43.57 (depth 2, 24 lits): UNSAT in 0.25s
    cube 4046.43.58 (depth 2, 24 lits): UNSAT in 0.48s
    cube 4046.43.59 (depth 2, 24 lits): UNSAT in 0.89s
    cube 4046.43.60 (depth 2, 24 lits): UNSAT in 6.05s
    cube 4046.43.61 (depth 2, 24 lits): UNSAT in 1.76s
    cube 4046.43.62 (depth 2, 24 lits): UNSAT in 2.10s
    cube 4046.43.63 (depth 2, 24 lits): UNSAT in 1.59s
    cube 4046.44 (depth 1, 18 lits): UNSAT in 49.06s
    cube 4046.45 (depth 1, 18 lits): TIMEOUT in 600.10s
    cube 4046.45 TIMEOUT -> re-split into 64 sub-cubes (depth 2)
    cube 4046.45.0 (depth 2, 24 lits): UNSAT in 0.02s
    cube 4046.45.1 (depth 2, 24 lits): UNSAT in 0.08s
    cube 4046.45.2 (depth 2, 24 lits): UNSAT in 0.07s
    cube 4046.45.3 (depth 2, 24 lits): UNSAT in 0.42s
    cube 4046.45.4 (depth 2, 24 lits): UNSAT in 0.10s
    cube 4046.45.5 (depth 2, 24 lits): UNSAT in 0.61s
    cube 4046.45.6 (depth 2, 24 lits): UNSAT in 0.18s
    cube 4046.45.7 (depth 2, 24 lits): UNSAT in 1.82s
    cube 4046.45.8 (depth 2, 24 lits): UNSAT in 0.02s
    cube 4046.45.9 (depth 2, 24 lits): UNSAT in 0.08s
    cube 4046.45.10 (depth 2, 24 lits): UNSAT in 0.11s
    cube 4046.45.11 (depth 2, 24 lits): UNSAT in 0.33s
    cube 4046.45.12 (depth 2, 24 lits): UNSAT in 0.05s
    cube 4046.45.13 (depth 2, 24 lits): UNSAT in 0.19s
    cube 4046.45.14 (depth 2, 24 lits): UNSAT in 0.71s
    cube 4046.45.15 (depth 2, 24 lits): UNSAT in 0.56s
    cube 4046.45.16 (depth 2, 24 lits): UNSAT in 0.08s
    cube 4046.45.17 (depth 2, 24 lits): UNSAT in 0.36s
    cube 4046.45.18 (depth 2, 24 lits): UNSAT in 0.11s
    cube 4046.45.19 (depth 2, 24 lits): UNSAT in 1.05s
    cube 4046.45.20 (depth 2, 24 lits): UNSAT in 0.07s
    cube 4046.45.21 (depth 2, 24 lits): UNSAT in 0.63s
    cube 4046.45.22 (depth 2, 24 lits): UNSAT in 0.94s
    cube 4046.45.23 (depth 2, 24 lits): UNSAT in 3.23s
    cube 4046.45.24 (depth 2, 24 lits): UNSAT in 0.16s
    cube 4046.45.25 (depth 2, 24 lits): UNSAT in 0.28s
    cube 4046.45.26 (depth 2, 24 lits): UNSAT in 0.19s
    cube 4046.45.27 (depth 2, 24 lits): UNSAT in 0.15s
    cube 4046.45.28 (depth 2, 24 lits): UNSAT in 3.95s
    cube 4046.45.29 (depth 2, 24 lits): UNSAT in 9.80s
    cube 4046.45.30 (depth 2, 24 lits): UNSAT in 0.61s
    cube 4046.45.31 (depth 2, 24 lits): UNSAT in 1.78s
    cube 4046.45.32 (depth 2, 24 lits): UNSAT in 0.14s
    cube 4046.45.33 (depth 2, 24 lits): UNSAT in 1.90s
    cube 4046.45.34 (depth 2, 24 lits): UNSAT in 0.25s
    cube 4046.45.35 (depth 2, 24 lits): UNSAT in 0.64s
    cube 4046.45.36 (depth 2, 24 lits): UNSAT in 1.26s
    cube 4046.45.37 (depth 2, 24 lits): UNSAT in 0.34s
    cube 4046.45.38 (depth 2, 24 lits): UNSAT in 1.71s
    cube 4046.45.39 (depth 2, 24 lits): UNSAT in 5.63s
    cube 4046.45.40 (depth 2, 24 lits): UNSAT in 0.30s
    cube 4046.45.41 (depth 2, 24 lits): UNSAT in 0.90s
    cube 4046.45.42 (depth 2, 24 lits): UNSAT in 2.43s
    cube 4046.45.43 (depth 2, 24 lits): UNSAT in 9.96s
    cube 4046.45.44 (depth 2, 24 lits): UNSAT in 2.03s
    cube 4046.45.45 (depth 2, 24 lits): UNSAT in 6.49s
    cube 4046.45.46 (depth 2, 24 lits): UNSAT in 22.74s
    cube 4046.45.47 (depth 2, 24 lits): UNSAT in 7.60s
    cube 4046.45.48 (depth 2, 24 lits): UNSAT in 0.36s
    cube 4046.45.49 (depth 2, 24 lits): UNSAT in 0.63s
    cube 4046.45.50 (depth 2, 24 lits): UNSAT in 0.81s
    cube 4046.45.51 (depth 2, 24 lits): UNSAT in 2.30s
    cube 4046.45.52 (depth 2, 24 lits): UNSAT in 0.78s
    cube 4046.45.53 (depth 2, 24 lits): UNSAT in 5.07s
    cube 4046.45.54 (depth 2, 24 lits): UNSAT in 4.18s
    cube 4046.45.55 (depth 2, 24 lits): UNSAT in 12.74s
    cube 4046.45.56 (depth 2, 24 lits): UNSAT in 1.53s
    cube 4046.45.57 (depth 2, 24 lits): UNSAT in 4.35s
    cube 4046.45.58 (depth 2, 24 lits): UNSAT in 4.82s
    cube 4046.45.59 (depth 2, 24 lits): UNSAT in 19.13s
    cube 4046.45.60 (depth 2, 24 lits): UNSAT in 3.80s
    cube 4046.45.61 (depth 2, 24 lits): UNSAT in 4.45s
    cube 4046.45.62 (depth 2, 24 lits): UNSAT in 6.16s
    cube 4046.45.63 (depth 2, 24 lits): UNSAT in 28.20s
    cube 4046.46 (depth 1, 18 lits): UNSAT in 170.28s
    cube 4046.47 (depth 1, 18 lits): UNSAT in 539.72s
    cube 4046.48 (depth 1, 18 lits): UNSAT in 55.87s
    cube 4046.49 (depth 1, 18 lits): UNSAT in 243.63s
    cube 4046.50 (depth 1, 18 lits): UNSAT in 66.12s
    cube 4046.51 (depth 1, 18 lits): TIMEOUT in 600.10s
    cube 4046.51 TIMEOUT -> re-split into 64 sub-cubes (depth 2)
    cube 4046.51.0 (depth 2, 24 lits): UNSAT in 0.04s
    cube 4046.51.1 (depth 2, 24 lits): UNSAT in 0.07s
    cube 4046.51.2 (depth 2, 24 lits): UNSAT in 0.07s
    cube 4046.51.3 (depth 2, 24 lits): UNSAT in 0.38s
    cube 4046.51.4 (depth 2, 24 lits): UNSAT in 0.09s
    cube 4046.51.5 (depth 2, 24 lits): UNSAT in 0.22s
    cube 4046.51.6 (depth 2, 24 lits): UNSAT in 0.63s
    cube 4046.51.7 (depth 2, 24 lits): UNSAT in 0.99s
    cube 4046.51.8 (depth 2, 24 lits): UNSAT in 0.06s
    cube 4046.51.9 (depth 2, 24 lits): UNSAT in 0.14s
    cube 4046.51.10 (depth 2, 24 lits): UNSAT in 0.27s
    cube 4046.51.11 (depth 2, 24 lits): UNSAT in 2.34s
    cube 4046.51.12 (depth 2, 24 lits): UNSAT in 0.43s
    cube 4046.51.13 (depth 2, 24 lits): UNSAT in 2.28s
    cube 4046.51.14 (depth 2, 24 lits): UNSAT in 0.60s
    cube 4046.51.15 (depth 2, 24 lits): UNSAT in 8.33s
    cube 4046.51.16 (depth 2, 24 lits): UNSAT in 0.09s
    cube 4046.51.17 (depth 2, 24 lits): UNSAT in 0.24s
    cube 4046.51.18 (depth 2, 24 lits): UNSAT in 0.20s
    cube 4046.51.19 (depth 2, 24 lits): UNSAT in 0.68s
    cube 4046.51.20 (depth 2, 24 lits): UNSAT in 0.21s
    cube 4046.51.21 (depth 2, 24 lits): UNSAT in 0.34s
    cube 4046.51.22 (depth 2, 24 lits): UNSAT in 1.40s
    cube 4046.51.23 (depth 2, 24 lits): UNSAT in 1.90s
    cube 4046.51.24 (depth 2, 24 lits): UNSAT in 0.07s
    cube 4046.51.25 (depth 2, 24 lits): UNSAT in 0.18s
    cube 4046.51.26 (depth 2, 24 lits): UNSAT in 0.46s
    cube 4046.51.27 (depth 2, 24 lits): UNSAT in 0.90s
    cube 4046.51.28 (depth 2, 24 lits): UNSAT in 0.77s
    cube 4046.51.29 (depth 2, 24 lits): UNSAT in 1.25s
    cube 4046.51.30 (depth 2, 24 lits): UNSAT in 0.32s
    cube 4046.51.31 (depth 2, 24 lits): UNSAT in 1.54s
    cube 4046.51.32 (depth 2, 24 lits): UNSAT in 0.11s
    cube 4046.51.33 (depth 2, 24 lits): UNSAT in 0.40s
    cube 4046.51.34 (depth 2, 24 lits): UNSAT in 0.11s
    cube 4046.51.35 (depth 2, 24 lits): UNSAT in 0.49s
    cube 4046.51.36 (depth 2, 24 lits): UNSAT in 0.20s
    cube 4046.51.37 (depth 2, 24 lits): UNSAT in 0.47s
    cube 4046.51.38 (depth 2, 24 lits): UNSAT in 0.91s
    cube 4046.51.39 (depth 2, 24 lits): UNSAT in 3.96s
    cube 4046.51.40 (depth 2, 24 lits): UNSAT in 0.17s
    cube 4046.51.41 (depth 2, 24 lits): UNSAT in 1.02s
    cube 4046.51.42 (depth 2, 24 lits): UNSAT in 0.59s
    cube 4046.51.43 (depth 2, 24 lits): UNSAT in 7.53s
    cube 4046.51.44 (depth 2, 24 lits): UNSAT in 3.65s
    cube 4046.51.45 (depth 2, 24 lits): UNSAT in 11.28s
    cube 4046.51.46 (depth 2, 24 lits): UNSAT in 2.58s
    cube 4046.51.47 (depth 2, 24 lits): UNSAT in 25.69s
    cube 4046.51.48 (depth 2, 24 lits): UNSAT in 0.08s
    cube 4046.51.49 (depth 2, 24 lits): UNSAT in 0.66s
    cube 4046.51.50 (depth 2, 24 lits): UNSAT in 0.46s
    cube 4046.51.51 (depth 2, 24 lits): UNSAT in 1.07s
    cube 4046.51.52 (depth 2, 24 lits): UNSAT in 0.31s
    cube 4046.51.53 (depth 2, 24 lits): UNSAT in 1.81s
    cube 4046.51.54 (depth 2, 24 lits): UNSAT in 0.72s
    cube 4046.51.55 (depth 2, 24 lits): UNSAT in 2.43s
    cube 4046.51.56 (depth 2, 24 lits): UNSAT in 3.66s
    cube 4046.51.57 (depth 2, 24 lits): UNSAT in 3.71s
    cube 4046.51.58 (depth 2, 24 lits): UNSAT in 1.07s
    cube 4046.51.59 (depth 2, 24 lits): UNSAT in 5.27s
    cube 4046.51.60 (depth 2, 24 lits): UNSAT in 4.18s
    cube 4046.51.61 (depth 2, 24 lits): UNSAT in 4.15s
    cube 4046.51.62 (depth 2, 24 lits): UNSAT in 7.04s
    cube 4046.51.63 (depth 2, 24 lits): UNSAT in 6.48s
    cube 4046.52 (depth 1, 18 lits): UNSAT in 308.05s
    cube 4046.53 (depth 1, 18 lits): TIMEOUT in 600.04s
    cube 4046.53 TIMEOUT -> re-split into 64 sub-cubes (depth 2)
    cube 4046.53.0 (depth 2, 24 lits): UNSAT in 0.03s
    cube 4046.53.1 (depth 2, 24 lits): UNSAT in 0.03s
    cube 4046.53.2 (depth 2, 24 lits): UNSAT in 0.02s
    cube 4046.53.3 (depth 2, 24 lits): UNSAT in 0.09s
    cube 4046.53.4 (depth 2, 24 lits): UNSAT in 0.03s
    cube 4046.53.5 (depth 2, 24 lits): UNSAT in 0.35s
    cube 4046.53.6 (depth 2, 24 lits): UNSAT in 0.15s
    cube 4046.53.7 (depth 2, 24 lits): UNSAT in 1.30s
    cube 4046.53.8 (depth 2, 24 lits): UNSAT in 0.07s
    cube 4046.53.9 (depth 2, 24 lits): UNSAT in 0.23s
    cube 4046.53.10 (depth 2, 24 lits): UNSAT in 0.28s
    cube 4046.53.11 (depth 2, 24 lits): UNSAT in 1.41s
    cube 4046.53.12 (depth 2, 24 lits): UNSAT in 0.29s
    cube 4046.53.13 (depth 2, 24 lits): UNSAT in 0.84s
    cube 4046.53.14 (depth 2, 24 lits): UNSAT in 1.69s
    cube 4046.53.15 (depth 2, 24 lits): UNSAT in 4.24s
    cube 4046.53.16 (depth 2, 24 lits): UNSAT in 0.03s
    cube 4046.53.17 (depth 2, 24 lits): UNSAT in 0.15s
    cube 4046.53.18 (depth 2, 24 lits): UNSAT in 0.20s
    cube 4046.53.19 (depth 2, 24 lits): UNSAT in 0.94s
    cube 4046.53.20 (depth 2, 24 lits): UNSAT in 0.09s
    cube 4046.53.21 (depth 2, 24 lits): UNSAT in 0.44s
    cube 4046.53.22 (depth 2, 24 lits): UNSAT in 0.62s
    cube 4046.53.23 (depth 2, 24 lits): UNSAT in 1.59s
    cube 4046.53.24 (depth 2, 24 lits): UNSAT in 0.55s
    cube 4046.53.25 (depth 2, 24 lits): UNSAT in 1.70s
    cube 4046.53.26 (depth 2, 24 lits): UNSAT in 0.38s
    cube 4046.53.27 (depth 2, 24 lits): UNSAT in 4.89s
    cube 4046.53.28 (depth 2, 24 lits): UNSAT in 1.03s
    cube 4046.53.29 (depth 2, 24 lits): UNSAT in 6.01s
    cube 4046.53.30 (depth 2, 24 lits): UNSAT in 0.38s
    cube 4046.53.31 (depth 2, 24 lits): UNSAT in 2.03s
    cube 4046.53.32 (depth 2, 24 lits): UNSAT in 0.15s
    cube 4046.53.33 (depth 2, 24 lits): UNSAT in 0.20s
    cube 4046.53.34 (depth 2, 24 lits): UNSAT in 0.51s
    cube 4046.53.35 (depth 2, 24 lits): UNSAT in 1.53s
    cube 4046.53.36 (depth 2, 24 lits): UNSAT in 0.10s
    cube 4046.53.37 (depth 2, 24 lits): UNSAT in 1.24s
    cube 4046.53.38 (depth 2, 24 lits): UNSAT in 2.61s
    cube 4046.53.39 (depth 2, 24 lits): UNSAT in 9.71s
    cube 4046.53.40 (depth 2, 24 lits): UNSAT in 0.49s
    cube 4046.53.41 (depth 2, 24 lits): UNSAT in 1.19s
    cube 4046.53.42 (depth 2, 24 lits): UNSAT in 3.78s
    cube 4046.53.43 (depth 2, 24 lits): UNSAT in 8.07s
    cube 4046.53.44 (depth 2, 24 lits): UNSAT in 1.29s
    cube 4046.53.45 (depth 2, 24 lits): UNSAT in 3.67s
    cube 4046.53.46 (depth 2, 24 lits): UNSAT in 4.78s
    cube 4046.53.47 (depth 2, 24 lits): UNSAT in 3.91s
    cube 4046.53.48 (depth 2, 24 lits): UNSAT in 0.14s
    cube 4046.53.49 (depth 2, 24 lits): UNSAT in 0.40s
    cube 4046.53.50 (depth 2, 24 lits): UNSAT in 0.55s
    cube 4046.53.51 (depth 2, 24 lits): UNSAT in 2.11s
    cube 4046.53.52 (depth 2, 24 lits): UNSAT in 0.55s
    cube 4046.53.53 (depth 2, 24 lits): UNSAT in 1.16s
    cube 4046.53.54 (depth 2, 24 lits): UNSAT in 2.33s
    cube 4046.53.55 (depth 2, 24 lits): UNSAT in 1.50s
    cube 4046.53.56 (depth 2, 24 lits): UNSAT in 0.97s
    cube 4046.53.57 (depth 2, 24 lits): UNSAT in 1.46s
    cube 4046.53.58 (depth 2, 24 lits): UNSAT in 1.92s
    cube 4046.53.59 (depth 2, 24 lits): UNSAT in 4.15s
    cube 4046.53.60 (depth 2, 24 lits): UNSAT in 3.95s
    cube 4046.53.61 (depth 2, 24 lits): UNSAT in 15.41s
    cube 4046.53.62 (depth 2, 24 lits): UNSAT in 4.73s
    cube 4046.53.63 (depth 2, 24 lits): UNSAT in 13.07s
    cube 4046.54 (depth 1, 18 lits): TIMEOUT in 600.10s
    cube 4046.54 TIMEOUT -> re-split into 64 sub-cubes (depth 2)
    cube 4046.54.0 (depth 2, 24 lits): UNSAT in 0.01s
    cube 4046.54.1 (depth 2, 24 lits): UNSAT in 0.04s
    cube 4046.54.2 (depth 2, 24 lits): UNSAT in 0.06s
    cube 4046.54.3 (depth 2, 24 lits): UNSAT in 0.25s
    cube 4046.54.4 (depth 2, 24 lits): UNSAT in 0.02s
    cube 4046.54.5 (depth 2, 24 lits): UNSAT in 0.03s
    cube 4046.54.6 (depth 2, 24 lits): UNSAT in 0.15s
    cube 4046.54.7 (depth 2, 24 lits): UNSAT in 0.65s
    cube 4046.54.8 (depth 2, 24 lits): UNSAT in 0.03s
    cube 4046.54.9 (depth 2, 24 lits): UNSAT in 0.11s
    cube 4046.54.10 (depth 2, 24 lits): UNSAT in 0.10s
    cube 4046.54.11 (depth 2, 24 lits): UNSAT in 0.12s
    cube 4046.54.12 (depth 2, 24 lits): UNSAT in 0.09s
    cube 4046.54.13 (depth 2, 24 lits): UNSAT in 0.10s
    cube 4046.54.14 (depth 2, 24 lits): UNSAT in 0.38s
    cube 4046.54.15 (depth 2, 24 lits): UNSAT in 0.80s
    cube 4046.54.16 (depth 2, 24 lits): UNSAT in 0.12s
    cube 4046.54.17 (depth 2, 24 lits): UNSAT in 0.64s
    cube 4046.54.18 (depth 2, 24 lits): UNSAT in 0.50s
    cube 4046.54.19 (depth 2, 24 lits): UNSAT in 2.68s
    cube 4046.54.20 (depth 2, 24 lits): UNSAT in 0.18s
    cube 4046.54.21 (depth 2, 24 lits): UNSAT in 2.24s
    cube 4046.54.22 (depth 2, 24 lits): UNSAT in 0.44s
    cube 4046.54.23 (depth 2, 24 lits): UNSAT in 7.26s
    cube 4046.54.24 (depth 2, 24 lits): UNSAT in 0.11s
    cube 4046.54.25 (depth 2, 24 lits): UNSAT in 0.62s
    cube 4046.54.26 (depth 2, 24 lits): UNSAT in 0.14s
    cube 4046.54.27 (depth 2, 24 lits): UNSAT in 0.81s
    cube 4046.54.28 (depth 2, 24 lits): UNSAT in 0.59s
    cube 4046.54.29 (depth 2, 24 lits): UNSAT in 3.24s
    cube 4046.54.30 (depth 2, 24 lits): UNSAT in 1.81s
    cube 4046.54.31 (depth 2, 24 lits): UNSAT in 3.34s
    cube 4046.54.32 (depth 2, 24 lits): UNSAT in 0.13s
    cube 4046.54.33 (depth 2, 24 lits): UNSAT in 0.14s
    cube 4046.54.34 (depth 2, 24 lits): UNSAT in 0.21s
    cube 4046.54.35 (depth 2, 24 lits): UNSAT in 0.58s
    cube 4046.54.36 (depth 2, 24 lits): UNSAT in 0.29s
    cube 4046.54.37 (depth 2, 24 lits): UNSAT in 1.60s
    cube 4046.54.38 (depth 2, 24 lits): UNSAT in 0.76s
    cube 4046.54.39 (depth 2, 24 lits): UNSAT in 0.60s
    cube 4046.54.40 (depth 2, 24 lits): UNSAT in 0.06s
    cube 4046.54.41 (depth 2, 24 lits): UNSAT in 0.34s
    cube 4046.54.42 (depth 2, 24 lits): UNSAT in 0.01s
    cube 4046.54.43 (depth 2, 24 lits): UNSAT in 0.09s
    cube 4046.54.44 (depth 2, 24 lits): UNSAT in 0.95s
    cube 4046.54.45 (depth 2, 24 lits): UNSAT in 0.31s
    cube 4046.54.46 (depth 2, 24 lits): UNSAT in 1.43s
    cube 4046.54.47 (depth 2, 24 lits): UNSAT in 13.22s
    cube 4046.54.48 (depth 2, 24 lits): UNSAT in 0.26s
    cube 4046.54.49 (depth 2, 24 lits): UNSAT in 0.82s
    cube 4046.54.50 (depth 2, 24 lits): UNSAT in 0.29s
    cube 4046.54.51 (depth 2, 24 lits): UNSAT in 3.61s
    cube 4046.54.52 (depth 2, 24 lits): UNSAT in 2.19s
    cube 4046.54.53 (depth 2, 24 lits): UNSAT in 5.18s
    cube 4046.54.54 (depth 2, 24 lits): UNSAT in 1.42s
    cube 4046.54.55 (depth 2, 24 lits): UNSAT in 5.68s
    cube 4046.54.56 (depth 2, 24 lits): UNSAT in 0.19s
    cube 4046.54.57 (depth 2, 24 lits): UNSAT in 0.41s
    cube 4046.54.58 (depth 2, 24 lits): UNSAT in 0.31s
    cube 4046.54.59 (depth 2, 24 lits): UNSAT in 0.46s
    cube 4046.54.60 (depth 2, 24 lits): UNSAT in 2.10s
    cube 4046.54.61 (depth 2, 24 lits): UNSAT in 4.26s
    cube 4046.54.62 (depth 2, 24 lits): UNSAT in 19.32s
    cube 4046.54.63 (depth 2, 24 lits): UNSAT in 21.29s
    cube 4046.55 (depth 1, 18 lits): TIMEOUT in 600.10s
    cube 4046.55 TIMEOUT -> re-split into 64 sub-cubes (depth 2)
    cube 4046.55.0 (depth 2, 24 lits): UNSAT in 0.02s
    cube 4046.55.1 (depth 2, 24 lits): UNSAT in 0.14s
    cube 4046.55.2 (depth 2, 24 lits): UNSAT in 0.12s
    cube 4046.55.3 (depth 2, 24 lits): UNSAT in 0.78s
    cube 4046.55.4 (depth 2, 24 lits): UNSAT in 0.34s
    cube 4046.55.5 (depth 2, 24 lits): UNSAT in 1.73s
    cube 4046.55.6 (depth 2, 24 lits): UNSAT in 2.26s
    cube 4046.55.7 (depth 2, 24 lits): UNSAT in 5.88s
    cube 4046.55.8 (depth 2, 24 lits): UNSAT in 0.44s
    cube 4046.55.9 (depth 2, 24 lits): UNSAT in 2.50s
    cube 4046.55.10 (depth 2, 24 lits): UNSAT in 4.00s
    cube 4046.55.11 (depth 2, 24 lits): UNSAT in 15.68s
    cube 4046.55.12 (depth 2, 24 lits): UNSAT in 1.01s
    cube 4046.55.13 (depth 2, 24 lits): UNSAT in 5.98s
    cube 4046.55.14 (depth 2, 24 lits): UNSAT in 35.58s
    cube 4046.55.15 (depth 2, 24 lits): UNSAT in 110.57s
    cube 4046.55.16 (depth 2, 24 lits): UNSAT in 0.11s
    cube 4046.55.17 (depth 2, 24 lits): UNSAT in 0.98s
    cube 4046.55.18 (depth 2, 24 lits): UNSAT in 0.59s
    cube 4046.55.19 (depth 2, 24 lits): UNSAT in 0.84s
    cube 4046.55.20 (depth 2, 24 lits): UNSAT in 3.28s
    cube 4046.55.21 (depth 2, 24 lits): UNSAT in 20.88s
    cube 4046.55.22 (depth 2, 24 lits): UNSAT in 5.81s
    cube 4046.55.23 (depth 2, 24 lits): UNSAT in 72.23s
    cube 4046.55.24 (depth 2, 24 lits): UNSAT in 0.44s
    cube 4046.55.25 (depth 2, 24 lits): UNSAT in 1.87s
    cube 4046.55.26 (depth 2, 24 lits): UNSAT in 2.39s
    cube 4046.55.27 (depth 2, 24 lits): UNSAT in 2.48s
    cube 4046.55.28 (depth 2, 24 lits): UNSAT in 10.05s
    cube 4046.55.29 (depth 2, 24 lits): UNSAT in 7.78s
    cube 4046.55.30 (depth 2, 24 lits): UNSAT in 5.75s
    cube 4046.55.31 (depth 2, 24 lits): UNSAT in 39.88s
    cube 4046.55.32 (depth 2, 24 lits): UNSAT in 0.20s
    cube 4046.55.33 (depth 2, 24 lits): UNSAT in 0.41s
    cube 4046.55.34 (depth 2, 24 lits): UNSAT in 0.87s
    cube 4046.55.35 (depth 2, 24 lits): UNSAT in 3.71s
    cube 4046.55.36 (depth 2, 24 lits): UNSAT in 0.55s
    cube 4046.55.37 (depth 2, 24 lits): UNSAT in 2.00s
    cube 4046.55.38 (depth 2, 24 lits): UNSAT in 4.89s
    cube 4046.55.39 (depth 2, 24 lits): UNSAT in 29.15s
    cube 4046.55.40 (depth 2, 24 lits): UNSAT in 1.25s
    cube 4046.55.41 (depth 2, 24 lits): UNSAT in 1.63s
    cube 4046.55.42 (depth 2, 24 lits): UNSAT in 1.46s
    cube 4046.55.43 (depth 2, 24 lits): UNSAT in 3.47s
    cube 4046.55.44 (depth 2, 24 lits): UNSAT in 5.93s
    cube 4046.55.45 (depth 2, 24 lits): UNSAT in 88.66s
    cube 4046.55.46 (depth 2, 24 lits): UNSAT in 8.97s
    cube 4046.55.47 (depth 2, 24 lits): UNSAT in 11.12s
    cube 4046.55.48 (depth 2, 24 lits): UNSAT in 0.66s
    cube 4046.55.49 (depth 2, 24 lits): UNSAT in 1.61s
    cube 4046.55.50 (depth 2, 24 lits): UNSAT in 0.49s
    cube 4046.55.51 (depth 2, 24 lits): UNSAT in 4.95s
    cube 4046.55.52 (depth 2, 24 lits): UNSAT in 1.07s
    cube 4046.55.53 (depth 2, 24 lits): UNSAT in 10.41s
    cube 4046.55.54 (depth 2, 24 lits): UNSAT in 3.78s
    cube 4046.55.55 (depth 2, 24 lits): UNSAT in 8.30s
    cube 4046.55.56 (depth 2, 24 lits): UNSAT in 1.22s
    cube 4046.55.57 (depth 2, 24 lits): UNSAT in 1.08s
    cube 4046.55.58 (depth 2, 24 lits): UNSAT in 4.12s
    cube 4046.55.59 (depth 2, 24 lits): UNSAT in 6.37s
    cube 4046.55.60 (depth 2, 24 lits): UNSAT in 0.88s
    cube 4046.55.61 (depth 2, 24 lits): UNSAT in 1.55s
    cube 4046.55.62 (depth 2, 24 lits): UNSAT in 7.95s
    cube 4046.55.63 (depth 2, 24 lits): UNSAT in 10.58s
    cube 4046.56 (depth 1, 18 lits): UNSAT in 20.88s
    cube 4046.57 (depth 1, 18 lits): UNSAT in 505.11s
    cube 4046.58 (depth 1, 18 lits): UNSAT in 290.97s
    cube 4046.59 (depth 1, 18 lits): TIMEOUT in 600.10s
    cube 4046.59 TIMEOUT -> re-split into 64 sub-cubes (depth 2)
    cube 4046.59.0 (depth 2, 24 lits): UNSAT in 0.04s
    cube 4046.59.1 (depth 2, 24 lits): UNSAT in 0.15s
    cube 4046.59.2 (depth 2, 24 lits): UNSAT in 0.16s
    cube 4046.59.3 (depth 2, 24 lits): UNSAT in 0.21s
    cube 4046.59.4 (depth 2, 24 lits): UNSAT in 0.09s
    cube 4046.59.5 (depth 2, 24 lits): UNSAT in 0.22s
    cube 4046.59.6 (depth 2, 24 lits): UNSAT in 0.14s
    cube 4046.59.7 (depth 2, 24 lits): UNSAT in 0.30s
    cube 4046.59.8 (depth 2, 24 lits): UNSAT in 0.14s
    cube 4046.59.9 (depth 2, 24 lits): UNSAT in 0.10s
    cube 4046.59.10 (depth 2, 24 lits): UNSAT in 0.58s
    cube 4046.59.11 (depth 2, 24 lits): UNSAT in 1.74s
    cube 4046.59.12 (depth 2, 24 lits): UNSAT in 0.22s
    cube 4046.59.13 (depth 2, 24 lits): UNSAT in 1.00s
    cube 4046.59.14 (depth 2, 24 lits): UNSAT in 0.75s
    cube 4046.59.15 (depth 2, 24 lits): UNSAT in 2.05s
    cube 4046.59.16 (depth 2, 24 lits): UNSAT in 0.11s
    cube 4046.59.17 (depth 2, 24 lits): UNSAT in 0.18s
    cube 4046.59.18 (depth 2, 24 lits): UNSAT in 0.12s
    cube 4046.59.19 (depth 2, 24 lits): UNSAT in 1.02s
    cube 4046.59.20 (depth 2, 24 lits): UNSAT in 0.41s
    cube 4046.59.21 (depth 2, 24 lits): UNSAT in 1.44s
    cube 4046.59.22 (depth 2, 24 lits): UNSAT in 0.92s
    cube 4046.59.23 (depth 2, 24 lits): UNSAT in 5.36s
    cube 4046.59.24 (depth 2, 24 lits): UNSAT in 0.19s
    cube 4046.59.25 (depth 2, 24 lits): UNSAT in 0.33s
    cube 4046.59.26 (depth 2, 24 lits): UNSAT in 0.27s
    cube 4046.59.27 (depth 2, 24 lits): UNSAT in 0.79s
    cube 4046.59.28 (depth 2, 24 lits): UNSAT in 0.32s
    cube 4046.59.29 (depth 2, 24 lits): UNSAT in 1.25s
    cube 4046.59.30 (depth 2, 24 lits): UNSAT in 2.08s
    cube 4046.59.31 (depth 2, 24 lits): UNSAT in 6.27s
    cube 4046.59.32 (depth 2, 24 lits): UNSAT in 0.47s
    cube 4046.59.33 (depth 2, 24 lits): UNSAT in 0.26s
    cube 4046.59.34 (depth 2, 24 lits): UNSAT in 0.82s
    cube 4046.59.35 (depth 2, 24 lits): UNSAT in 2.32s
    cube 4046.59.36 (depth 2, 24 lits): UNSAT in 0.74s
    cube 4046.59.37 (depth 2, 24 lits): UNSAT in 0.93s
    cube 4046.59.38 (depth 2, 24 lits): UNSAT in 1.88s
    cube 4046.59.39 (depth 2, 24 lits): UNSAT in 3.85s
    cube 4046.59.40 (depth 2, 24 lits): UNSAT in 0.42s
    cube 4046.59.41 (depth 2, 24 lits): UNSAT in 2.56s
    cube 4046.59.42 (depth 2, 24 lits): UNSAT in 2.85s
    cube 4046.59.43 (depth 2, 24 lits): UNSAT in 8.52s
    cube 4046.59.44 (depth 2, 24 lits): UNSAT in 1.51s
    cube 4046.59.45 (depth 2, 24 lits): UNSAT in 5.17s
    cube 4046.59.46 (depth 2, 24 lits): UNSAT in 9.48s
    cube 4046.59.47 (depth 2, 24 lits): UNSAT in 11.29s
    cube 4046.59.48 (depth 2, 24 lits): UNSAT in 0.67s
    cube 4046.59.49 (depth 2, 24 lits): UNSAT in 0.96s
    cube 4046.59.50 (depth 2, 24 lits): UNSAT in 1.01s
    cube 4046.59.51 (depth 2, 24 lits): UNSAT in 2.07s
    cube 4046.59.52 (depth 2, 24 lits): UNSAT in 1.48s
    cube 4046.59.53 (depth 2, 24 lits): UNSAT in 3.77s
    cube 4046.59.54 (depth 2, 24 lits): UNSAT in 2.68s
    cube 4046.59.55 (depth 2, 24 lits): UNSAT in 9.36s
    cube 4046.59.56 (depth 2, 24 lits): UNSAT in 0.51s
    cube 4046.59.57 (depth 2, 24 lits): UNSAT in 1.57s
    cube 4046.59.58 (depth 2, 24 lits): UNSAT in 0.93s
    cube 4046.59.59 (depth 2, 24 lits): UNSAT in 2.13s
    cube 4046.59.60 (depth 2, 24 lits): UNSAT in 1.36s
    cube 4046.59.61 (depth 2, 24 lits): UNSAT in 5.94s
    cube 4046.59.62 (depth 2, 24 lits): UNSAT in 9.85s
    cube 4046.59.63 (depth 2, 24 lits): UNSAT in 11.89s
    cube 4046.60 (depth 1, 18 lits): UNSAT in 25.58s
    cube 4046.61 (depth 1, 18 lits): UNSAT in 324.42s
    cube 4046.62 (depth 1, 18 lits): UNSAT in 174.07s
    cube 4046.63 (depth 1, 18 lits): UNSAT in 434.75s

  shard 5 verdict: UNSAT (1 UNSAT, 0 unresolved) in 13709.4s
