  shard 0/10 (explicit): 1 of 4051 cubes, per-cube cap 600.0s, re-split depth 3
    batch [4014..4014] TIMEOUT in 600.1s -> per-cube fallback
    cube 4014 (depth 0, 12 lits): TIMEOUT in 600.07s
    cube 4014 TIMEOUT -> re-split into 64 sub-cubes (depth 1)
    cube 4014.0 (depth 1, 18 lits): UNSAT in 0.05s
    cube 4014.1 (depth 1, 18 lits): UNSAT in 0.25s
    cube 4014.2 (depth 1, 18 lits): UNSAT in 0.56s
    cube 4014.3 (depth 1, 18 lits): UNSAT in 1.52s
    cube 4014.4 (depth 1, 18 lits): UNSAT in 0.26s
    cube 4014.5 (depth 1, 18 lits): UNSAT in 1.70s
    cube 4014.6 (depth 1, 18 lits): UNSAT in 1.49s
    cube 4014.7 (depth 1, 18 lits): UNSAT in 6.25s
    cube 4014.8 (depth 1, 18 lits): UNSAT in 0.08s
    cube 4014.9 (depth 1, 18 lits): UNSAT in 0.15s
    cube 4014.10 (depth 1, 18 lits): UNSAT in 0.83s
    cube 4014.11 (depth 1, 18 lits): UNSAT in 0.51s
    cube 4014.12 (depth 1, 18 lits): UNSAT in 2.06s
    cube 4014.13 (depth 1, 18 lits): UNSAT in 2.96s
    cube 4014.14 (depth 1, 18 lits): UNSAT in 2.46s
    cube 4014.15 (depth 1, 18 lits): UNSAT in 15.11s
    cube 4014.16 (depth 1, 18 lits): UNSAT in 0.11s
    cube 4014.17 (depth 1, 18 lits): UNSAT in 0.78s
    cube 4014.18 (depth 1, 18 lits): UNSAT in 0.87s
    cube 4014.19 (depth 1, 18 lits): UNSAT in 2.65s
    cube 4014.20 (depth 1, 18 lits): UNSAT in 0.35s
    cube 4014.21 (depth 1, 18 lits): UNSAT in 2.95s
    cube 4014.22 (depth 1, 18 lits): UNSAT in 4.01s
    cube 4014.23 (depth 1, 18 lits): UNSAT in 59.49s
    cube 4014.24 (depth 1, 18 lits): UNSAT in 0.71s
    cube 4014.25 (depth 1, 18 lits): UNSAT in 3.84s
    cube 4014.26 (depth 1, 18 lits): UNSAT in 3.73s
    cube 4014.27 (depth 1, 18 lits): UNSAT in 8.84s
    cube 4014.28 (depth 1, 18 lits): UNSAT in 7.49s
    cube 4014.29 (depth 1, 18 lits): UNSAT in 13.42s
    cube 4014.30 (depth 1, 18 lits): UNSAT in 4.36s
    cube 4014.31 (depth 1, 18 lits): UNSAT in 13.08s
    cube 4014.32 (depth 1, 18 lits): UNSAT in 0.19s
    cube 4014.33 (depth 1, 18 lits): UNSAT in 1.59s
    cube 4014.34 (depth 1, 18 lits): UNSAT in 0.86s
    cube 4014.35 (depth 1, 18 lits): UNSAT in 3.71s
    cube 4014.36 (depth 1, 18 lits): UNSAT in 2.49s
    cube 4014.37 (depth 1, 18 lits): UNSAT in 6.31s
    cube 4014.38 (depth 1, 18 lits): UNSAT in 1.90s
    cube 4014.39 (depth 1, 18 lits): UNSAT in 1.75s
    cube 4014.40 (depth 1, 18 lits): UNSAT in 1.14s
    cube 4014.41 (depth 1, 18 lits): UNSAT in 4.58s
    cube 4014.42 (depth 1, 18 lits): UNSAT in 2.02s
    cube 4014.43 (depth 1, 18 lits): UNSAT in 6.86s
    cube 4014.44 (depth 1, 18 lits): UNSAT in 9.40s
    cube 4014.45 (depth 1, 18 lits): UNSAT in 26.50s
    cube 4014.46 (depth 1, 18 lits): UNSAT in 19.41s
    cube 4014.47 (depth 1, 18 lits): UNSAT in 5.10s
    cube 4014.48 (depth 1, 18 lits): UNSAT in 0.35s
    cube 4014.49 (depth 1, 18 lits): UNSAT in 1.02s
    cube 4014.50 (depth 1, 18 lits): UNSAT in 2.59s
    cube 4014.51 (depth 1, 18 lits): UNSAT in 1.41s
    cube 4014.52 (depth 1, 18 lits): UNSAT in 1.64s
    cube 4014.53 (depth 1, 18 lits): UNSAT in 18.02s
    cube 4014.54 (depth 1, 18 lits): UNSAT in 3.40s
    cube 4014.55 (depth 1, 18 lits): UNSAT in 5.66s
    cube 4014.56 (depth 1, 18 lits): UNSAT in 1.92s
    cube 4014.57 (depth 1, 18 lits): UNSAT in 3.96s
    cube 4014.58 (depth 1, 18 lits): UNSAT in 23.63s
    cube 4014.59 (depth 1, 18 lits): UNSAT in 6.95s
    cube 4014.60 (depth 1, 18 lits): UNSAT in 10.27s
    cube 4014.61 (depth 1, 18 lits): UNSAT in 2.42s
    cube 4014.62 (depth 1, 18 lits): UNSAT in 8.93s
    cube 4014.63 (depth 1, 18 lits): UNSAT in 7.13s

  shard 0 verdict: UNSAT (1 UNSAT, 0 unresolved) in 1557.1s
