  shard 18/24 (explicit): 1 of 4095 cubes, per-cube cap 4000.0s, re-split depth 5
    cube 2494 (depth 0, 12 lits): TIMEOUT in 4000.10s
    cube 2494 TIMEOUT -> re-split into 64 sub-cubes (depth 1)
    cube 2494.0 (depth 1, 18 lits): UNSAT in 0.06s
    cube 2494.1 (depth 1, 18 lits): UNSAT in 0.26s
    cube 2494.2 (depth 1, 18 lits): UNSAT in 0.29s
    cube 2494.3 (depth 1, 18 lits): UNSAT in 0.74s
    cube 2494.4 (depth 1, 18 lits): UNSAT in 0.38s
    cube 2494.5 (depth 1, 18 lits): UNSAT in 2.39s
    cube 2494.6 (depth 1, 18 lits): UNSAT in 0.55s
    cube 2494.7 (depth 1, 18 lits): UNSAT in 6.81s
    cube 2494.8 (depth 1, 18 lits): UNSAT in 0.49s
    cube 2494.9 (depth 1, 18 lits): UNSAT in 0.71s
    cube 2494.10 (depth 1, 18 lits): UNSAT in 0.73s
    cube 2494.11 (depth 1, 18 lits): UNSAT in 2.23s
    cube 2494.12 (depth 1, 18 lits): UNSAT in 1.46s
    cube 2494.13 (depth 1, 18 lits): UNSAT in 9.96s
    cube 2494.14 (depth 1, 18 lits): UNSAT in 2.34s
    cube 2494.15 (depth 1, 18 lits): UNSAT in 9.38s
    cube 2494.16 (depth 1, 18 lits): UNSAT in 0.09s
    cube 2494.17 (depth 1, 18 lits): UNSAT in 0.25s
    cube 2494.18 (depth 1, 18 lits): UNSAT in 0.17s
    cube 2494.19 (depth 1, 18 lits): UNSAT in 2.86s
    cube 2494.20 (depth 1, 18 lits): UNSAT in 0.64s
    cube 2494.21 (depth 1, 18 lits): UNSAT in 1.27s
    cube 2494.22 (depth 1, 18 lits): UNSAT in 1.39s
    cube 2494.23 (depth 1, 18 lits): UNSAT in 10.80s
    cube 2494.24 (depth 1, 18 lits): UNSAT in 0.09s
    cube 2494.25 (depth 1, 18 lits): UNSAT in 0.55s
    cube 2494.26 (depth 1, 18 lits): UNSAT in 0.92s
    cube 2494.27 (depth 1, 18 lits): UNSAT in 1.28s
    cube 2494.28 (depth 1, 18 lits): UNSAT in 1.61s
    cube 2494.29 (depth 1, 18 lits): UNSAT in 4.29s
    cube 2494.30 (depth 1, 18 lits): UNSAT in 71.34s
    cube 2494.31 (depth 1, 18 lits): UNSAT in 560.43s
    cube 2494.32 (depth 1, 18 lits): UNSAT in 0.07s
    cube 2494.33 (depth 1, 18 lits): UNSAT in 0.40s
    cube 2494.34 (depth 1, 18 lits): UNSAT in 1.77s
    cube 2494.35 (depth 1, 18 lits): UNSAT in 4.80s
    cube 2494.36 (depth 1, 18 lits): UNSAT in 0.14s
    cube 2494.37 (depth 1, 18 lits): UNSAT in 0.93s
    cube 2494.38 (depth 1, 18 lits): UNSAT in 0.66s
    cube 2494.39 (depth 1, 18 lits): UNSAT in 16.10s
    cube 2494.40 (depth 1, 18 lits): UNSAT in 0.82s
    cube 2494.41 (depth 1, 18 lits): UNSAT in 1.01s
    cube 2494.42 (depth 1, 18 lits): UNSAT in 3.10s
    cube 2494.43 (depth 1, 18 lits): UNSAT in 28.73s
    cube 2494.44 (depth 1, 18 lits): UNSAT in 1.34s
    cube 2494.45 (depth 1, 18 lits): UNSAT in 9.45s
    cube 2494.46 (depth 1, 18 lits): UNSAT in 33.25s
    cube 2494.47 (depth 1, 18 lits): UNSAT in 1141.52s
    cube 2494.48 (depth 1, 18 lits): UNSAT in 0.82s
    cube 2494.49 (depth 1, 18 lits): UNSAT in 5.41s
    cube 2494.50 (depth 1, 18 lits): UNSAT in 2.97s
    cube 2494.51 (depth 1, 18 lits): UNSAT in 110.95s
    cube 2494.52 (depth 1, 18 lits): UNSAT in 3.82s
    cube 2494.53 (depth 1, 18 lits): UNSAT in 20.83s
    cube 2494.54 (depth 1, 18 lits): UNSAT in 46.75s
    cube 2494.55 (depth 1, 18 lits): UNSAT in 1968.34s
    cube 2494.56 (depth 1, 18 lits): UNSAT in 6.24s
    cube 2494.57 (depth 1, 18 lits): UNSAT in 103.57s
    cube 2494.58 (depth 1, 18 lits): UNSAT in 30.08s
    cube 2494.59 (depth 1, 18 lits): UNSAT in 2945.40s
    cube 2494.60 (depth 1, 18 lits): UNSAT in 11.56s
    cube 2494.61 (depth 1, 18 lits): UNSAT in 190.59s
    cube 2494.62 (depth 1, 18 lits): UNSAT in 60.03s
    cube 2494.63 (depth 1, 18 lits): TIMEOUT in 4000.10s
    cube 2494.63 TIMEOUT -> re-split into 64 sub-cubes (depth 2)
    cube 2494.63.0 (depth 2, 24 lits): UNSAT in 0.07s
    cube 2494.63.1 (depth 2, 24 lits): UNSAT in 0.13s
    cube 2494.63.2 (depth 2, 24 lits): UNSAT in 0.07s
    cube 2494.63.3 (depth 2, 24 lits): UNSAT in 0.35s
    cube 2494.63.4 (depth 2, 24 lits): UNSAT in 0.04s
    cube 2494.63.5 (depth 2, 24 lits): UNSAT in 0.17s
    cube 2494.63.6 (depth 2, 24 lits): UNSAT in 0.39s
    cube 2494.63.7 (depth 2, 24 lits): UNSAT in 0.23s
    cube 2494.63.8 (depth 2, 24 lits): UNSAT in 0.01s
    cube 2494.63.9 (depth 2, 24 lits): UNSAT in 0.07s
    cube 2494.63.10 (depth 2, 24 lits): UNSAT in 0.03s
    cube 2494.63.11 (depth 2, 24 lits): UNSAT in 0.07s
    cube 2494.63.12 (depth 2, 24 lits): UNSAT in 0.03s
    cube 2494.63.13 (depth 2, 24 lits): UNSAT in 0.20s
    cube 2494.63.14 (depth 2, 24 lits): UNSAT in 0.43s
    cube 2494.63.15 (depth 2, 24 lits): UNSAT in 4.28s
    cube 2494.63.16 (depth 2, 24 lits): UNSAT in 0.10s
    cube 2494.63.17 (depth 2, 24 lits): UNSAT in 0.37s
    cube 2494.63.18 (depth 2, 24 lits): UNSAT in 0.14s
    cube 2494.63.19 (depth 2, 24 lits): UNSAT in 0.39s
    cube 2494.63.20 (depth 2, 24 lits): UNSAT in 0.02s
    cube 2494.63.21 (depth 2, 24 lits): UNSAT in 0.03s
    cube 2494.63.22 (depth 2, 24 lits): UNSAT in 0.17s
    cube 2494.63.23 (depth 2, 24 lits): UNSAT in 0.99s
    cube 2494.63.24 (depth 2, 24 lits): UNSAT in 0.40s
    cube 2494.63.25 (depth 2, 24 lits): UNSAT in 0.86s
    cube 2494.63.26 (depth 2, 24 lits): UNSAT in 0.53s
    cube 2494.63.27 (depth 2, 24 lits): UNSAT in 1.45s
    cube 2494.63.28 (depth 2, 24 lits): UNSAT in 3.84s
    cube 2494.63.29 (depth 2, 24 lits): UNSAT in 7.14s
    cube 2494.63.30 (depth 2, 24 lits): UNSAT in 8.56s
    cube 2494.63.31 (depth 2, 24 lits): UNSAT in 3.80s
    cube 2494.63.32 (depth 2, 24 lits): UNSAT in 0.02s
    cube 2494.63.33 (depth 2, 24 lits): UNSAT in 0.03s
    cube 2494.63.34 (depth 2, 24 lits): UNSAT in 0.05s
    cube 2494.63.35 (depth 2, 24 lits): UNSAT in 0.30s
    cube 2494.63.36 (depth 2, 24 lits): UNSAT in 0.11s
    cube 2494.63.37 (depth 2, 24 lits): UNSAT in 0.22s
    cube 2494.63.38 (depth 2, 24 lits): UNSAT in 0.09s
    cube 2494.63.39 (depth 2, 24 lits): UNSAT in 1.21s
    cube 2494.63.40 (depth 2, 24 lits): UNSAT in 0.08s
    cube 2494.63.41 (depth 2, 24 lits): UNSAT in 1.02s
    cube 2494.63.42 (depth 2, 24 lits): UNSAT in 0.42s
    cube 2494.63.43 (depth 2, 24 lits): UNSAT in 0.75s
    cube 2494.63.44 (depth 2, 24 lits): UNSAT in 1.67s
    cube 2494.63.45 (depth 2, 24 lits): UNSAT in 1.46s
    cube 2494.63.46 (depth 2, 24 lits): UNSAT in 2.56s
    cube 2494.63.47 (depth 2, 24 lits): UNSAT in 4.06s
    cube 2494.63.48 (depth 2, 24 lits): UNSAT in 0.40s
    cube 2494.63.49 (depth 2, 24 lits): UNSAT in 2.27s
    cube 2494.63.50 (depth 2, 24 lits): UNSAT in 0.87s
    cube 2494.63.51 (depth 2, 24 lits): UNSAT in 4.94s
    cube 2494.63.52 (depth 2, 24 lits): UNSAT in 0.90s
    cube 2494.63.53 (depth 2, 24 lits): UNSAT in 1.95s
    cube 2494.63.54 (depth 2, 24 lits): UNSAT in 3.38s
    cube 2494.63.55 (depth 2, 24 lits): UNSAT in 17.27s
    cube 2494.63.56 (depth 2, 24 lits): UNSAT in 0.56s
    cube 2494.63.57 (depth 2, 24 lits): UNSAT in 2.13s
    cube 2494.63.58 (depth 2, 24 lits): UNSAT in 2.85s
    cube 2494.63.59 (depth 2, 24 lits): UNSAT in 15.82s
    cube 2494.63.60 (depth 2, 24 lits): UNSAT in 4.17s
    cube 2494.63.61 (depth 2, 24 lits): UNSAT in 6.59s
    cube 2494.63.62 (depth 2, 24 lits): UNSAT in 30.31s
    cube 2494.63.63 (depth 2, 24 lits): UNSAT in 982.82s

  shard 18 verdict: UNSAT (1 UNSAT, 0 unresolved) in 16577.9s
