  shard 13/24 (explicit): 1 of 4095 cubes, per-cube cap 4000.0s, re-split depth 5
    cube 2428 (depth 0, 12 lits): TIMEOUT in 4000.10s
    cube 2428 TIMEOUT -> re-split into 64 sub-cubes (depth 1)
    cube 2428.0 (depth 1, 18 lits): UNSAT in 0.03s
    cube 2428.1 (depth 1, 18 lits): UNSAT in 0.09s
    cube 2428.2 (depth 1, 18 lits): UNSAT in 0.03s
    cube 2428.3 (depth 1, 18 lits): UNSAT in 0.13s
    cube 2428.4 (depth 1, 18 lits): UNSAT in 0.02s
    cube 2428.5 (depth 1, 18 lits): UNSAT in 0.04s
    cube 2428.6 (depth 1, 18 lits): UNSAT in 0.04s
    cube 2428.7 (depth 1, 18 lits): UNSAT in 0.27s
    cube 2428.8 (depth 1, 18 lits): UNSAT in 0.05s
    cube 2428.9 (depth 1, 18 lits): UNSAT in 0.10s
    cube 2428.10 (depth 1, 18 lits): UNSAT in 0.09s
    cube 2428.11 (depth 1, 18 lits): UNSAT in 0.16s
    cube 2428.12 (depth 1, 18 lits): UNSAT in 0.16s
    cube 2428.13 (depth 1, 18 lits): UNSAT in 0.75s
    cube 2428.14 (depth 1, 18 lits): UNSAT in 0.20s
    cube 2428.15 (depth 1, 18 lits): UNSAT in 1.86s
    cube 2428.16 (depth 1, 18 lits): UNSAT in 0.02s
    cube 2428.17 (depth 1, 18 lits): UNSAT in 0.04s
    cube 2428.18 (depth 1, 18 lits): UNSAT in 0.05s
    cube 2428.19 (depth 1, 18 lits): UNSAT in 0.77s
    cube 2428.20 (depth 1, 18 lits): UNSAT in 0.22s
    cube 2428.21 (depth 1, 18 lits): UNSAT in 1.42s
    cube 2428.22 (depth 1, 18 lits): UNSAT in 0.72s
    cube 2428.23 (depth 1, 18 lits): UNSAT in 6.75s
    cube 2428.24 (depth 1, 18 lits): UNSAT in 0.04s
    cube 2428.25 (depth 1, 18 lits): UNSAT in 0.40s
    cube 2428.26 (depth 1, 18 lits): UNSAT in 1.51s
    cube 2428.27 (depth 1, 18 lits): UNSAT in 2.39s
    cube 2428.28 (depth 1, 18 lits): UNSAT in 0.83s
    cube 2428.29 (depth 1, 18 lits): UNSAT in 10.29s
    cube 2428.30 (depth 1, 18 lits): UNSAT in 4.09s
    cube 2428.31 (depth 1, 18 lits): UNSAT in 22.33s
    cube 2428.32 (depth 1, 18 lits): UNSAT in 0.13s
    cube 2428.33 (depth 1, 18 lits): UNSAT in 0.49s
    cube 2428.34 (depth 1, 18 lits): UNSAT in 1.04s
    cube 2428.35 (depth 1, 18 lits): UNSAT in 2.05s
    cube 2428.36 (depth 1, 18 lits): UNSAT in 0.28s
    cube 2428.37 (depth 1, 18 lits): UNSAT in 0.71s
    cube 2428.38 (depth 1, 18 lits): UNSAT in 0.70s
    cube 2428.39 (depth 1, 18 lits): UNSAT in 2.83s
    cube 2428.40 (depth 1, 18 lits): UNSAT in 0.32s
    cube 2428.41 (depth 1, 18 lits): UNSAT in 0.71s
    cube 2428.42 (depth 1, 18 lits): UNSAT in 0.97s
    cube 2428.43 (depth 1, 18 lits): UNSAT in 2.34s
    cube 2428.44 (depth 1, 18 lits): UNSAT in 0.47s
    cube 2428.45 (depth 1, 18 lits): UNSAT in 2.30s
    cube 2428.46 (depth 1, 18 lits): UNSAT in 1.06s
    cube 2428.47 (depth 1, 18 lits): UNSAT in 15.33s
    cube 2428.48 (depth 1, 18 lits): UNSAT in 0.37s
    cube 2428.49 (depth 1, 18 lits): UNSAT in 0.52s
    cube 2428.50 (depth 1, 18 lits): UNSAT in 1.27s
    cube 2428.51 (depth 1, 18 lits): UNSAT in 4.67s
    cube 2428.52 (depth 1, 18 lits): UNSAT in 1.12s
    cube 2428.53 (depth 1, 18 lits): UNSAT in 4.13s
    cube 2428.54 (depth 1, 18 lits): UNSAT in 11.08s
    cube 2428.55 (depth 1, 18 lits): UNSAT in 92.16s
    cube 2428.56 (depth 1, 18 lits): UNSAT in 0.36s
    cube 2428.57 (depth 1, 18 lits): UNSAT in 2.00s
    cube 2428.58 (depth 1, 18 lits): UNSAT in 4.94s
    cube 2428.59 (depth 1, 18 lits): UNSAT in 78.66s
    cube 2428.60 (depth 1, 18 lits): UNSAT in 11.45s
    cube 2428.61 (depth 1, 18 lits): UNSAT in 523.04s
    cube 2428.62 (depth 1, 18 lits): UNSAT in 83.29s
    cube 2428.63 (depth 1, 18 lits): TIMEOUT in 4000.10s
    cube 2428.63 TIMEOUT -> re-split into 64 sub-cubes (depth 2)
    cube 2428.63.0 (depth 2, 24 lits): UNSAT in 0.01s
    cube 2428.63.1 (depth 2, 24 lits): UNSAT in 0.01s
    cube 2428.63.2 (depth 2, 24 lits): UNSAT in 0.01s
    cube 2428.63.3 (depth 2, 24 lits): UNSAT in 0.05s
    cube 2428.63.4 (depth 2, 24 lits): UNSAT in 0.02s
    cube 2428.63.5 (depth 2, 24 lits): UNSAT in 0.03s
    cube 2428.63.6 (depth 2, 24 lits): UNSAT in 0.08s
    cube 2428.63.7 (depth 2, 24 lits): UNSAT in 0.21s
    cube 2428.63.8 (depth 2, 24 lits): UNSAT in 0.03s
    cube 2428.63.9 (depth 2, 24 lits): UNSAT in 0.06s
    cube 2428.63.10 (depth 2, 24 lits): UNSAT in 0.09s
    cube 2428.63.11 (depth 2, 24 lits): UNSAT in 0.28s
    cube 2428.63.12 (depth 2, 24 lits): UNSAT in 0.06s
    cube 2428.63.13 (depth 2, 24 lits): UNSAT in 0.31s
    cube 2428.63.14 (depth 2, 24 lits): UNSAT in 0.29s
    cube 2428.63.15 (depth 2, 24 lits): UNSAT in 1.98s
    cube 2428.63.16 (depth 2, 24 lits): UNSAT in 0.09s
    cube 2428.63.17 (depth 2, 24 lits): UNSAT in 0.26s
    cube 2428.63.18 (depth 2, 24 lits): UNSAT in 0.03s
    cube 2428.63.19 (depth 2, 24 lits): UNSAT in 0.32s
    cube 2428.63.20 (depth 2, 24 lits): UNSAT in 0.03s
    cube 2428.63.21 (depth 2, 24 lits): UNSAT in 0.12s
    cube 2428.63.22 (depth 2, 24 lits): UNSAT in 0.35s
    cube 2428.63.23 (depth 2, 24 lits): UNSAT in 1.19s
    cube 2428.63.24 (depth 2, 24 lits): UNSAT in 0.14s
    cube 2428.63.25 (depth 2, 24 lits): UNSAT in 0.40s
    cube 2428.63.26 (depth 2, 24 lits): UNSAT in 0.06s
    cube 2428.63.27 (depth 2, 24 lits): UNSAT in 0.86s
    cube 2428.63.28 (depth 2, 24 lits): UNSAT in 0.64s
    cube 2428.63.29 (depth 2, 24 lits): UNSAT in 4.27s
    cube 2428.63.30 (depth 2, 24 lits): UNSAT in 3.38s
    cube 2428.63.31 (depth 2, 24 lits): UNSAT in 41.41s
    cube 2428.63.32 (depth 2, 24 lits): UNSAT in 0.04s
    cube 2428.63.33 (depth 2, 24 lits): UNSAT in 0.22s
    cube 2428.63.34 (depth 2, 24 lits): UNSAT in 0.05s
    cube 2428.63.35 (depth 2, 24 lits): UNSAT in 0.46s
    cube 2428.63.36 (depth 2, 24 lits): UNSAT in 0.20s
    cube 2428.63.37 (depth 2, 24 lits): UNSAT in 0.42s
    cube 2428.63.38 (depth 2, 24 lits): UNSAT in 0.37s
    cube 2428.63.39 (depth 2, 24 lits): UNSAT in 4.05s
    cube 2428.63.40 (depth 2, 24 lits): UNSAT in 0.06s
    cube 2428.63.41 (depth 2, 24 lits): UNSAT in 0.18s
    cube 2428.63.42 (depth 2, 24 lits): UNSAT in 0.40s
    cube 2428.63.43 (depth 2, 24 lits): UNSAT in 3.08s
    cube 2428.63.44 (depth 2, 24 lits): UNSAT in 1.13s
    cube 2428.63.45 (depth 2, 24 lits): UNSAT in 1.26s
    cube 2428.63.46 (depth 2, 24 lits): UNSAT in 2.18s
    cube 2428.63.47 (depth 2, 24 lits): UNSAT in 144.06s
    cube 2428.63.48 (depth 2, 24 lits): UNSAT in 0.07s
    cube 2428.63.49 (depth 2, 24 lits): UNSAT in 0.60s
    cube 2428.63.50 (depth 2, 24 lits): UNSAT in 0.49s
    cube 2428.63.51 (depth 2, 24 lits): UNSAT in 1.78s
    cube 2428.63.52 (depth 2, 24 lits): UNSAT in 0.73s
    cube 2428.63.53 (depth 2, 24 lits): UNSAT in 2.53s
    cube 2428.63.54 (depth 2, 24 lits): UNSAT in 3.93s
    cube 2428.63.55 (depth 2, 24 lits): UNSAT in 116.55s
    cube 2428.63.56 (depth 2, 24 lits): UNSAT in 0.70s
    cube 2428.63.57 (depth 2, 24 lits): UNSAT in 5.29s
    cube 2428.63.58 (depth 2, 24 lits): UNSAT in 9.45s
    cube 2428.63.59 (depth 2, 24 lits): UNSAT in 477.17s
    cube 2428.63.60 (depth 2, 24 lits): UNSAT in 7.34s
    cube 2428.63.61 (depth 2, 24 lits): UNSAT in 542.57s
    cube 2428.63.62 (depth 2, 24 lits): UNSAT in 5.85s
    cube 2428.63.63 (depth 2, 24 lits): UNSAT in 525.95s

  shard 13 verdict: UNSAT (1 UNSAT, 0 unresolved) in 10825.3s
