  shard 10/24 (explicit): 1 of 4095 cubes, per-cube cap 4000.0s, re-split depth 5
    cube 2302 (depth 0, 12 lits): TIMEOUT in 4000.01s
    cube 2302 TIMEOUT -> re-split into 64 sub-cubes (depth 1)
    cube 2302.0 (depth 1, 18 lits): UNSAT in 0.02s
    cube 2302.1 (depth 1, 18 lits): UNSAT in 0.06s
    cube 2302.2 (depth 1, 18 lits): UNSAT in 0.12s
    cube 2302.3 (depth 1, 18 lits): UNSAT in 0.49s
    cube 2302.4 (depth 1, 18 lits): UNSAT in 0.07s
    cube 2302.5 (depth 1, 18 lits): UNSAT in 0.39s
    cube 2302.6 (depth 1, 18 lits): UNSAT in 0.27s
    cube 2302.7 (depth 1, 18 lits): UNSAT in 1.79s
    cube 2302.8 (depth 1, 18 lits): UNSAT in 0.03s
    cube 2302.9 (depth 1, 18 lits): UNSAT in 0.08s
    cube 2302.10 (depth 1, 18 lits): UNSAT in 0.04s
    cube 2302.11 (depth 1, 18 lits): UNSAT in 0.67s
    cube 2302.12 (depth 1, 18 lits): UNSAT in 0.26s
    cube 2302.13 (depth 1, 18 lits): UNSAT in 0.84s
    cube 2302.14 (depth 1, 18 lits): UNSAT in 0.37s
    cube 2302.15 (depth 1, 18 lits): UNSAT in 11.33s
    cube 2302.16 (depth 1, 18 lits): UNSAT in 0.06s
    cube 2302.17 (depth 1, 18 lits): UNSAT in 0.32s
    cube 2302.18 (depth 1, 18 lits): UNSAT in 0.19s
    cube 2302.19 (depth 1, 18 lits): UNSAT in 2.20s
    cube 2302.20 (depth 1, 18 lits): UNSAT in 0.07s
    cube 2302.21 (depth 1, 18 lits): UNSAT in 0.29s
    cube 2302.22 (depth 1, 18 lits): UNSAT in 0.56s
    cube 2302.23 (depth 1, 18 lits): UNSAT in 24.72s
    cube 2302.24 (depth 1, 18 lits): UNSAT in 0.75s
    cube 2302.25 (depth 1, 18 lits): UNSAT in 1.53s
    cube 2302.26 (depth 1, 18 lits): UNSAT in 4.94s
    cube 2302.27 (depth 1, 18 lits): UNSAT in 24.69s
    cube 2302.28 (depth 1, 18 lits): UNSAT in 15.02s
    cube 2302.29 (depth 1, 18 lits): UNSAT in 24.39s
    cube 2302.30 (depth 1, 18 lits): UNSAT in 21.45s
    cube 2302.31 (depth 1, 18 lits): UNSAT in 895.02s
    cube 2302.32 (depth 1, 18 lits): UNSAT in 0.15s
    cube 2302.33 (depth 1, 18 lits): UNSAT in 0.18s
    cube 2302.34 (depth 1, 18 lits): UNSAT in 0.29s
    cube 2302.35 (depth 1, 18 lits): UNSAT in 2.11s
    cube 2302.36 (depth 1, 18 lits): UNSAT in 0.70s
    cube 2302.37 (depth 1, 18 lits): UNSAT in 7.14s
    cube 2302.38 (depth 1, 18 lits): UNSAT in 7.61s
    cube 2302.39 (depth 1, 18 lits): UNSAT in 125.69s
    cube 2302.40 (depth 1, 18 lits): UNSAT in 0.33s
    cube 2302.41 (depth 1, 18 lits): UNSAT in 1.42s
    cube 2302.42 (depth 1, 18 lits): UNSAT in 2.33s
    cube 2302.43 (depth 1, 18 lits): UNSAT in 19.28s
    cube 2302.44 (depth 1, 18 lits): UNSAT in 5.21s
    cube 2302.45 (depth 1, 18 lits): UNSAT in 41.27s
    cube 2302.46 (depth 1, 18 lits): UNSAT in 56.63s
    cube 2302.47 (depth 1, 18 lits): TIMEOUT in 4000.06s
    cube 2302.47 TIMEOUT -> re-split into 64 sub-cubes (depth 2)
    cube 2302.47.0 (depth 2, 24 lits): UNSAT in 0.02s
    cube 2302.47.1 (depth 2, 24 lits): UNSAT in 0.05s
    cube 2302.47.2 (depth 2, 24 lits): UNSAT in 0.05s
    cube 2302.47.3 (depth 2, 24 lits): UNSAT in 0.19s
    cube 2302.47.4 (depth 2, 24 lits): UNSAT in 0.03s
    cube 2302.47.5 (depth 2, 24 lits): UNSAT in 0.04s
    cube 2302.47.6 (depth 2, 24 lits): UNSAT in 0.07s
    cube 2302.47.7 (depth 2, 24 lits): UNSAT in 0.29s
    cube 2302.47.8 (depth 2, 24 lits): UNSAT in 0.03s
    cube 2302.47.9 (depth 2, 24 lits): UNSAT in 0.04s
    cube 2302.47.10 (depth 2, 24 lits): UNSAT in 0.14s
    cube 2302.47.11 (depth 2, 24 lits): UNSAT in 0.77s
    cube 2302.47.12 (depth 2, 24 lits): UNSAT in 0.36s
    cube 2302.47.13 (depth 2, 24 lits): UNSAT in 0.83s
    cube 2302.47.14 (depth 2, 24 lits): UNSAT in 0.80s
    cube 2302.47.15 (depth 2, 24 lits): UNSAT in 2.85s
    cube 2302.47.16 (depth 2, 24 lits): UNSAT in 0.04s
    cube 2302.47.17 (depth 2, 24 lits): UNSAT in 0.07s
    cube 2302.47.18 (depth 2, 24 lits): UNSAT in 0.13s
    cube 2302.47.19 (depth 2, 24 lits): UNSAT in 0.18s
    cube 2302.47.20 (depth 2, 24 lits): UNSAT in 0.10s
    cube 2302.47.21 (depth 2, 24 lits): UNSAT in 0.13s
    cube 2302.47.22 (depth 2, 24 lits): UNSAT in 0.25s
    cube 2302.47.23 (depth 2, 24 lits): UNSAT in 0.62s
    cube 2302.47.24 (depth 2, 24 lits): UNSAT in 0.19s
    cube 2302.47.25 (depth 2, 24 lits): UNSAT in 0.40s
    cube 2302.47.26 (depth 2, 24 lits): UNSAT in 3.18s
    cube 2302.47.27 (depth 2, 24 lits): UNSAT in 4.71s
    cube 2302.47.28 (depth 2, 24 lits): UNSAT in 0.37s
    cube 2302.47.29 (depth 2, 24 lits): UNSAT in 1.89s
    cube 2302.47.30 (depth 2, 24 lits): UNSAT in 3.80s
    cube 2302.47.31 (depth 2, 24 lits): UNSAT in 13.61s
    cube 2302.47.32 (depth 2, 24 lits): UNSAT in 0.12s
    cube 2302.47.33 (depth 2, 24 lits): UNSAT in 0.15s
    cube 2302.47.34 (depth 2, 24 lits): UNSAT in 0.04s
    cube 2302.47.35 (depth 2, 24 lits): UNSAT in 0.38s
    cube 2302.47.36 (depth 2, 24 lits): UNSAT in 0.04s
    cube 2302.47.37 (depth 2, 24 lits): UNSAT in 0.06s
    cube 2302.47.38 (depth 2, 24 lits): UNSAT in 0.17s
    cube 2302.47.39 (depth 2, 24 lits): UNSAT in 0.26s
    cube 2302.47.40 (depth 2, 24 lits): UNSAT in 0.39s
    cube 2302.47.41 (depth 2, 24 lits): UNSAT in 1.29s
    cube 2302.47.42 (depth 2, 24 lits): UNSAT in 0.19s
    cube 2302.47.43 (depth 2, 24 lits): UNSAT in 5.81s
    cube 2302.47.44 (depth 2, 24 lits): UNSAT in 0.60s
    cube 2302.47.45 (depth 2, 24 lits): UNSAT in 1.93s
    cube 2302.47.46 (depth 2, 24 lits): UNSAT in 1.47s
    cube 2302.47.47 (depth 2, 24 lits): UNSAT in 9.85s
    cube 2302.47.48 (depth 2, 24 lits): UNSAT in 0.03s
    cube 2302.47.49 (depth 2, 24 lits): UNSAT in 0.10s
    cube 2302.47.50 (depth 2, 24 lits): UNSAT in 0.17s
    cube 2302.47.51 (depth 2, 24 lits): UNSAT in 1.68s
    cube 2302.47.52 (depth 2, 24 lits): UNSAT in 0.18s
    cube 2302.47.53 (depth 2, 24 lits): UNSAT in 0.88s
    cube 2302.47.54 (depth 2, 24 lits): UNSAT in 2.03s
    cube 2302.47.55 (depth 2, 24 lits): UNSAT in 37.33s
    cube 2302.47.56 (depth 2, 24 lits): UNSAT in 1.26s
    cube 2302.47.57 (depth 2, 24 lits): UNSAT in 4.47s
    cube 2302.47.58 (depth 2, 24 lits): UNSAT in 1.90s
    cube 2302.47.59 (depth 2, 24 lits): UNSAT in 18.24s
    cube 2302.47.60 (depth 2, 24 lits): UNSAT in 1.72s
    cube 2302.47.61 (depth 2, 24 lits): UNSAT in 37.05s
    cube 2302.47.62 (depth 2, 24 lits): UNSAT in 30.99s
    cube 2302.47.63 (depth 2, 24 lits): UNSAT in 648.93s
    cube 2302.48 (depth 1, 18 lits): UNSAT in 0.43s
    cube 2302.49 (depth 1, 18 lits): UNSAT in 2.25s
    cube 2302.50 (depth 1, 18 lits): UNSAT in 1.89s
    cube 2302.51 (depth 1, 18 lits): UNSAT in 150.86s
    cube 2302.52 (depth 1, 18 lits): UNSAT in 5.19s
    cube 2302.53 (depth 1, 18 lits): UNSAT in 195.66s
    cube 2302.54 (depth 1, 18 lits): UNSAT in 22.68s
    cube 2302.55 (depth 1, 18 lits): TIMEOUT in 4000.06s
    cube 2302.55 TIMEOUT -> re-split into 64 sub-cubes (depth 2)
    cube 2302.55.0 (depth 2, 24 lits): UNSAT in 0.02s
    cube 2302.55.1 (depth 2, 24 lits): UNSAT in 0.03s
    cube 2302.55.2 (depth 2, 24 lits): UNSAT in 0.02s
    cube 2302.55.3 (depth 2, 24 lits): UNSAT in 0.04s
    cube 2302.55.4 (depth 2, 24 lits): UNSAT in 0.03s
    cube 2302.55.5 (depth 2, 24 lits): UNSAT in 0.04s
    cube 2302.55.6 (depth 2, 24 lits): UNSAT in 0.09s
    cube 2302.55.7 (depth 2, 24 lits): UNSAT in 0.12s
    cube 2302.55.8 (depth 2, 24 lits): UNSAT in 0.03s
    cube 2302.55.9 (depth 2, 24 lits): UNSAT in 0.12s
    cube 2302.55.10 (depth 2, 24 lits): UNSAT in 0.07s
    cube 2302.55.11 (depth 2, 24 lits): UNSAT in 0.42s
    cube 2302.55.12 (depth 2, 24 lits): UNSAT in 0.03s
    cube 2302.55.13 (depth 2, 24 lits): UNSAT in 0.06s
    cube 2302.55.14 (depth 2, 24 lits): UNSAT in 0.05s
    cube 2302.55.15 (depth 2, 24 lits): UNSAT in 0.27s
    cube 2302.55.16 (depth 2, 24 lits): UNSAT in 0.09s
    cube 2302.55.17 (depth 2, 24 lits): UNSAT in 0.21s
    cube 2302.55.18 (depth 2, 24 lits): UNSAT in 0.06s
    cube 2302.55.19 (depth 2, 24 lits): UNSAT in 0.20s
    cube 2302.55.20 (depth 2, 24 lits): UNSAT in 0.21s
    cube 2302.55.21 (depth 2, 24 lits): UNSAT in 0.66s
    cube 2302.55.22 (depth 2, 24 lits): UNSAT in 0.28s
    cube 2302.55.23 (depth 2, 24 lits): UNSAT in 0.37s
    cube 2302.55.24 (depth 2, 24 lits): UNSAT in 0.04s
    cube 2302.55.25 (depth 2, 24 lits): UNSAT in 0.05s
    cube 2302.55.26 (depth 2, 24 lits): UNSAT in 0.27s
    cube 2302.55.27 (depth 2, 24 lits): UNSAT in 0.40s
    cube 2302.55.28 (depth 2, 24 lits): UNSAT in 0.30s
    cube 2302.55.29 (depth 2, 24 lits): UNSAT in 1.01s
    cube 2302.55.30 (depth 2, 24 lits): UNSAT in 0.90s
    cube 2302.55.31 (depth 2, 24 lits): UNSAT in 6.10s
    cube 2302.55.32 (depth 2, 24 lits): UNSAT in 0.04s
    cube 2302.55.33 (depth 2, 24 lits): UNSAT in 0.15s
    cube 2302.55.34 (depth 2, 24 lits): UNSAT in 0.18s
    cube 2302.55.35 (depth 2, 24 lits): UNSAT in 1.61s
    cube 2302.55.36 (depth 2, 24 lits): UNSAT in 0.10s
    cube 2302.55.37 (depth 2, 24 lits): UNSAT in 0.44s
    cube 2302.55.38 (depth 2, 24 lits): UNSAT in 0.94s
    cube 2302.55.39 (depth 2, 24 lits): UNSAT in 1.47s
    cube 2302.55.40 (depth 2, 24 lits): UNSAT in 0.19s
    cube 2302.55.41 (depth 2, 24 lits): UNSAT in 1.03s
    cube 2302.55.42 (depth 2, 24 lits): UNSAT in 0.62s
    cube 2302.55.43 (depth 2, 24 lits): UNSAT in 1.93s
    cube 2302.55.44 (depth 2, 24 lits): UNSAT in 0.32s
    cube 2302.55.45 (depth 2, 24 lits): UNSAT in 5.31s
    cube 2302.55.46 (depth 2, 24 lits): UNSAT in 4.12s
    cube 2302.55.47 (depth 2, 24 lits): UNSAT in 30.58s
    cube 2302.55.48 (depth 2, 24 lits): UNSAT in 0.18s
    cube 2302.55.49 (depth 2, 24 lits): UNSAT in 0.37s
    cube 2302.55.50 (depth 2, 24 lits): UNSAT in 0.29s
    cube 2302.55.51 (depth 2, 24 lits): UNSAT in 1.92s
    cube 2302.55.52 (depth 2, 24 lits): UNSAT in 0.26s
    cube 2302.55.53 (depth 2, 24 lits): UNSAT in 1.55s
    cube 2302.55.54 (depth 2, 24 lits): UNSAT in 8.38s
    cube 2302.55.55 (depth 2, 24 lits): UNSAT in 142.40s
    cube 2302.55.56 (depth 2, 24 lits): UNSAT in 0.77s
    cube 2302.55.57 (depth 2, 24 lits): UNSAT in 2.94s
    cube 2302.55.58 (depth 2, 24 lits): UNSAT in 1.43s
    cube 2302.55.59 (depth 2, 24 lits): UNSAT in 12.08s
    cube 2302.55.60 (depth 2, 24 lits): UNSAT in 1.59s
    cube 2302.55.61 (depth 2, 24 lits): UNSAT in 54.28s
    cube 2302.55.62 (depth 2, 24 lits): UNSAT in 93.36s
    cube 2302.55.63 (depth 2, 24 lits): UNSAT in 2316.99s
    cube 2302.56 (depth 1, 18 lits): UNSAT in 4.78s
    cube 2302.57 (depth 1, 18 lits): UNSAT in 319.29s
    cube 2302.58 (depth 1, 18 lits): UNSAT in 635.54s
