  shard 9/24 (explicit): 1 of 4095 cubes, per-cube cap 4000.0s, re-split depth 5
    cube 2300 (depth 0, 12 lits): TIMEOUT in 4000.10s
    cube 2300 TIMEOUT -> re-split into 64 sub-cubes (depth 1)
    cube 2300.0 (depth 1, 18 lits): UNSAT in 0.02s
    cube 2300.1 (depth 1, 18 lits): UNSAT in 0.07s
    cube 2300.2 (depth 1, 18 lits): UNSAT in 0.06s
    cube 2300.3 (depth 1, 18 lits): UNSAT in 0.19s
    cube 2300.4 (depth 1, 18 lits): UNSAT in 0.05s
    cube 2300.5 (depth 1, 18 lits): UNSAT in 0.11s
    cube 2300.6 (depth 1, 18 lits): UNSAT in 0.19s
    cube 2300.7 (depth 1, 18 lits): UNSAT in 0.21s
    cube 2300.8 (depth 1, 18 lits): UNSAT in 0.05s
    cube 2300.9 (depth 1, 18 lits): UNSAT in 0.12s
    cube 2300.10 (depth 1, 18 lits): UNSAT in 0.07s
    cube 2300.11 (depth 1, 18 lits): UNSAT in 0.25s
    cube 2300.12 (depth 1, 18 lits): UNSAT in 0.14s
    cube 2300.13 (depth 1, 18 lits): UNSAT in 0.40s
    cube 2300.14 (depth 1, 18 lits): UNSAT in 1.05s
    cube 2300.15 (depth 1, 18 lits): UNSAT in 6.91s
    cube 2300.16 (depth 1, 18 lits): UNSAT in 0.01s
    cube 2300.17 (depth 1, 18 lits): UNSAT in 0.08s
    cube 2300.18 (depth 1, 18 lits): UNSAT in 0.03s
    cube 2300.19 (depth 1, 18 lits): UNSAT in 0.25s
    cube 2300.20 (depth 1, 18 lits): UNSAT in 0.19s
    cube 2300.21 (depth 1, 18 lits): UNSAT in 0.53s
    cube 2300.22 (depth 1, 18 lits): UNSAT in 0.77s
    cube 2300.23 (depth 1, 18 lits): UNSAT in 2.48s
    cube 2300.24 (depth 1, 18 lits): UNSAT in 0.14s
    cube 2300.25 (depth 1, 18 lits): UNSAT in 0.52s
    cube 2300.26 (depth 1, 18 lits): UNSAT in 0.61s
    cube 2300.27 (depth 1, 18 lits): UNSAT in 2.26s
    cube 2300.28 (depth 1, 18 lits): UNSAT in 0.75s
    cube 2300.29 (depth 1, 18 lits): UNSAT in 3.36s
    cube 2300.30 (depth 1, 18 lits): UNSAT in 3.07s
    cube 2300.31 (depth 1, 18 lits): UNSAT in 23.58s
    cube 2300.32 (depth 1, 18 lits): UNSAT in 0.04s
    cube 2300.33 (depth 1, 18 lits): UNSAT in 0.08s
    cube 2300.34 (depth 1, 18 lits): UNSAT in 0.11s
    cube 2300.35 (depth 1, 18 lits): UNSAT in 0.17s
    cube 2300.36 (depth 1, 18 lits): UNSAT in 0.09s
    cube 2300.37 (depth 1, 18 lits): UNSAT in 0.19s
    cube 2300.38 (depth 1, 18 lits): UNSAT in 0.14s
    cube 2300.39 (depth 1, 18 lits): UNSAT in 0.47s
    cube 2300.40 (depth 1, 18 lits): UNSAT in 0.05s
    cube 2300.41 (depth 1, 18 lits): UNSAT in 0.15s
    cube 2300.42 (depth 1, 18 lits): UNSAT in 0.25s
    cube 2300.43 (depth 1, 18 lits): UNSAT in 0.77s
    cube 2300.44 (depth 1, 18 lits): UNSAT in 0.20s
    cube 2300.45 (depth 1, 18 lits): UNSAT in 0.89s
    cube 2300.46 (depth 1, 18 lits): UNSAT in 1.13s
    cube 2300.47 (depth 1, 18 lits): UNSAT in 4.47s
    cube 2300.48 (depth 1, 18 lits): UNSAT in 0.13s
    cube 2300.49 (depth 1, 18 lits): UNSAT in 0.23s
    cube 2300.50 (depth 1, 18 lits): UNSAT in 0.17s
    cube 2300.51 (depth 1, 18 lits): UNSAT in 0.99s
    cube 2300.52 (depth 1, 18 lits): UNSAT in 0.82s
    cube 2300.53 (depth 1, 18 lits): UNSAT in 3.11s
    cube 2300.54 (depth 1, 18 lits): UNSAT in 3.84s
    cube 2300.55 (depth 1, 18 lits): UNSAT in 21.82s
    cube 2300.56 (depth 1, 18 lits): UNSAT in 1.31s
    cube 2300.57 (depth 1, 18 lits): UNSAT in 2.85s
    cube 2300.58 (depth 1, 18 lits): UNSAT in 11.45s
    cube 2300.59 (depth 1, 18 lits): UNSAT in 106.30s
    cube 2300.60 (depth 1, 18 lits): UNSAT in 2.24s
    cube 2300.61 (depth 1, 18 lits): UNSAT in 48.26s
    cube 2300.62 (depth 1, 18 lits): UNSAT in 324.13s
    cube 2300.63 (depth 1, 18 lits): UNSAT in 2907.42s

  shard 9 verdict: UNSAT (1 UNSAT, 0 unresolved) in 7494.5s
