  shard 23/24 (explicit): 1 of 4095 cubes, per-cube cap 4000.0s, re-split depth 5
    cube 2557 (depth 0, 12 lits): TIMEOUT in 4000.10s
    cube 2557 TIMEOUT -> re-split into 64 sub-cubes (depth 1)
    cube 2557.0 (depth 1, 18 lits): UNSAT in 0.16s
    cube 2557.1 (depth 1, 18 lits): UNSAT in 0.38s
    cube 2557.2 (depth 1, 18 lits): UNSAT in 0.43s
    cube 2557.3 (depth 1, 18 lits): UNSAT in 2.22s
    cube 2557.4 (depth 1, 18 lits): UNSAT in 0.44s
    cube 2557.5 (depth 1, 18 lits): UNSAT in 0.95s
    cube 2557.6 (depth 1, 18 lits): UNSAT in 0.40s
    cube 2557.7 (depth 1, 18 lits): UNSAT in 4.66s
    cube 2557.8 (depth 1, 18 lits): UNSAT in 0.08s
    cube 2557.9 (depth 1, 18 lits): UNSAT in 0.28s
    cube 2557.10 (depth 1, 18 lits): UNSAT in 0.66s
    cube 2557.11 (depth 1, 18 lits): UNSAT in 5.08s
    cube 2557.12 (depth 1, 18 lits): UNSAT in 0.85s
    cube 2557.13 (depth 1, 18 lits): UNSAT in 0.87s
    cube 2557.14 (depth 1, 18 lits): UNSAT in 0.76s
    cube 2557.15 (depth 1, 18 lits): UNSAT in 10.51s
    cube 2557.16 (depth 1, 18 lits): UNSAT in 0.13s
    cube 2557.17 (depth 1, 18 lits): UNSAT in 0.06s
    cube 2557.18 (depth 1, 18 lits): UNSAT in 0.21s
    cube 2557.19 (depth 1, 18 lits): UNSAT in 0.62s
    cube 2557.20 (depth 1, 18 lits): UNSAT in 0.64s
    cube 2557.21 (depth 1, 18 lits): UNSAT in 0.72s
    cube 2557.22 (depth 1, 18 lits): UNSAT in 1.36s
    cube 2557.23 (depth 1, 18 lits): UNSAT in 1.25s
    cube 2557.24 (depth 1, 18 lits): UNSAT in 0.70s
    cube 2557.25 (depth 1, 18 lits): UNSAT in 3.97s
    cube 2557.26 (depth 1, 18 lits): UNSAT in 1.99s
    cube 2557.27 (depth 1, 18 lits): UNSAT in 8.06s
    cube 2557.28 (depth 1, 18 lits): UNSAT in 6.31s
    cube 2557.29 (depth 1, 18 lits): UNSAT in 8.64s
    cube 2557.30 (depth 1, 18 lits): UNSAT in 47.50s
    cube 2557.31 (depth 1, 18 lits): UNSAT in 535.91s
    cube 2557.32 (depth 1, 18 lits): UNSAT in 0.47s
    cube 2557.33 (depth 1, 18 lits): UNSAT in 1.31s
    cube 2557.34 (depth 1, 18 lits): UNSAT in 0.60s
    cube 2557.35 (depth 1, 18 lits): UNSAT in 5.11s
    cube 2557.36 (depth 1, 18 lits): UNSAT in 0.53s
    cube 2557.37 (depth 1, 18 lits): UNSAT in 3.47s
    cube 2557.38 (depth 1, 18 lits): UNSAT in 9.01s
    cube 2557.39 (depth 1, 18 lits): UNSAT in 30.23s
    cube 2557.40 (depth 1, 18 lits): UNSAT in 0.59s
    cube 2557.41 (depth 1, 18 lits): UNSAT in 2.27s
    cube 2557.42 (depth 1, 18 lits): UNSAT in 1.53s
    cube 2557.43 (depth 1, 18 lits): UNSAT in 27.78s
    cube 2557.44 (depth 1, 18 lits): UNSAT in 20.76s
    cube 2557.45 (depth 1, 18 lits): UNSAT in 62.77s
    cube 2557.46 (depth 1, 18 lits): UNSAT in 17.97s
    cube 2557.47 (depth 1, 18 lits): UNSAT in 80.44s
    cube 2557.48 (depth 1, 18 lits): UNSAT in 0.83s
    cube 2557.49 (depth 1, 18 lits): UNSAT in 2.01s
    cube 2557.50 (depth 1, 18 lits): UNSAT in 4.58s
    cube 2557.51 (depth 1, 18 lits): UNSAT in 6.87s
    cube 2557.52 (depth 1, 18 lits): UNSAT in 3.74s
    cube 2557.53 (depth 1, 18 lits): UNSAT in 5.44s
    cube 2557.54 (depth 1, 18 lits): UNSAT in 0.67s
    cube 2557.55 (depth 1, 18 lits): UNSAT in 29.43s
    cube 2557.56 (depth 1, 18 lits): UNSAT in 0.37s
    cube 2557.57 (depth 1, 18 lits): UNSAT in 1.83s
    cube 2557.58 (depth 1, 18 lits): UNSAT in 1.57s
    cube 2557.59 (depth 1, 18 lits): UNSAT in 111.72s
    cube 2557.60 (depth 1, 18 lits): UNSAT in 29.35s
    cube 2557.61 (depth 1, 18 lits): UNSAT in 248.85s
    cube 2557.62 (depth 1, 18 lits): UNSAT in 988.42s
    cube 2557.63 (depth 1, 18 lits): TIMEOUT in 4000.02s
    cube 2557.63 TIMEOUT -> re-split into 64 sub-cubes (depth 2)
    cube 2557.63.0 (depth 2, 24 lits): UNSAT in 0.04s
    cube 2557.63.1 (depth 2, 24 lits): UNSAT in 0.18s
    cube 2557.63.2 (depth 2, 24 lits): UNSAT in 0.04s
    cube 2557.63.3 (depth 2, 24 lits): UNSAT in 0.14s
    cube 2557.63.4 (depth 2, 24 lits): UNSAT in 0.08s
    cube 2557.63.5 (depth 2, 24 lits): UNSAT in 0.17s
    cube 2557.63.6 (depth 2, 24 lits): UNSAT in 0.06s
    cube 2557.63.7 (depth 2, 24 lits): UNSAT in 0.34s
    cube 2557.63.8 (depth 2, 24 lits): UNSAT in 0.03s
    cube 2557.63.9 (depth 2, 24 lits): UNSAT in 0.07s
    cube 2557.63.10 (depth 2, 24 lits): UNSAT in 0.04s
    cube 2557.63.11 (depth 2, 24 lits): UNSAT in 0.43s
    cube 2557.63.12 (depth 2, 24 lits): UNSAT in 0.35s
    cube 2557.63.13 (depth 2, 24 lits): UNSAT in 0.41s
    cube 2557.63.14 (depth 2, 24 lits): UNSAT in 0.14s
    cube 2557.63.15 (depth 2, 24 lits): UNSAT in 2.32s
    cube 2557.63.16 (depth 2, 24 lits): UNSAT in 0.32s
    cube 2557.63.17 (depth 2, 24 lits): UNSAT in 0.96s
    cube 2557.63.18 (depth 2, 24 lits): UNSAT in 0.80s
    cube 2557.63.19 (depth 2, 24 lits): UNSAT in 3.39s
    cube 2557.63.20 (depth 2, 24 lits): UNSAT in 0.08s
    cube 2557.63.21 (depth 2, 24 lits): UNSAT in 0.99s
    cube 2557.63.22 (depth 2, 24 lits): UNSAT in 2.20s
    cube 2557.63.23 (depth 2, 24 lits): UNSAT in 8.69s
    cube 2557.63.24 (depth 2, 24 lits): UNSAT in 3.95s
    cube 2557.63.25 (depth 2, 24 lits): UNSAT in 12.10s
    cube 2557.63.26 (depth 2, 24 lits): UNSAT in 3.59s
    cube 2557.63.27 (depth 2, 24 lits): UNSAT in 33.74s
    cube 2557.63.28 (depth 2, 24 lits): UNSAT in 17.65s
    cube 2557.63.29 (depth 2, 24 lits): UNSAT in 6.83s
    cube 2557.63.30 (depth 2, 24 lits): UNSAT in 10.28s
    cube 2557.63.31 (depth 2, 24 lits): UNSAT in 349.71s
    cube 2557.63.32 (depth 2, 24 lits): UNSAT in 0.04s
    cube 2557.63.33 (depth 2, 24 lits): UNSAT in 0.12s
    cube 2557.63.34 (depth 2, 24 lits): UNSAT in 0.03s
    cube 2557.63.35 (depth 2, 24 lits): UNSAT in 0.66s
    cube 2557.63.36 (depth 2, 24 lits): UNSAT in 0.89s
    cube 2557.63.37 (depth 2, 24 lits): UNSAT in 1.46s
    cube 2557.63.38 (depth 2, 24 lits): UNSAT in 0.94s
    cube 2557.63.39 (depth 2, 24 lits): UNSAT in 5.58s
    cube 2557.63.40 (depth 2, 24 lits): UNSAT in 1.65s
    cube 2557.63.41 (depth 2, 24 lits): UNSAT in 2.11s
    cube 2557.63.42 (depth 2, 24 lits): UNSAT in 8.91s
    cube 2557.63.43 (depth 2, 24 lits): UNSAT in 23.99s
    cube 2557.63.44 (depth 2, 24 lits): UNSAT in 31.62s
    cube 2557.63.45 (depth 2, 24 lits): UNSAT in 58.35s
    cube 2557.63.46 (depth 2, 24 lits): UNSAT in 23.42s
    cube 2557.63.47 (depth 2, 24 lits): UNSAT in 1463.79s
    cube 2557.63.48 (depth 2, 24 lits): UNSAT in 0.20s
    cube 2557.63.49 (depth 2, 24 lits): UNSAT in 1.16s
    cube 2557.63.50 (depth 2, 24 lits): UNSAT in 2.89s
    cube 2557.63.51 (depth 2, 24 lits): UNSAT in 8.80s
    cube 2557.63.52 (depth 2, 24 lits): UNSAT in 5.14s
    cube 2557.63.53 (depth 2, 24 lits): UNSAT in 36.98s
    cube 2557.63.54 (depth 2, 24 lits): UNSAT in 85.63s
    cube 2557.63.55 (depth 2, 24 lits): UNSAT in 2055.90s
    cube 2557.63.56 (depth 2, 24 lits): UNSAT in 6.43s
    cube 2557.63.57 (depth 2, 24 lits): UNSAT in 26.05s
    cube 2557.63.58 (depth 2, 24 lits): UNSAT in 222.17s
    cube 2557.63.59 (depth 2, 24 lits): UNSAT in 2820.38s
    cube 2557.63.60 (depth 2, 24 lits): UNSAT in 14.47s
