  shard 11/24 (explicit): 1 of 4095 cubes, per-cube cap 1200.0s, re-split depth 7
    cube 3066 (depth 0, 12 lits): TIMEOUT in 1200.10s
    cube 3066 TIMEOUT -> re-split into 256 sub-cubes (depth 1)
    cube 3066.0 (depth 1, 20 lits): UNSAT in 0.04s
    cube 3066.1 (depth 1, 20 lits): UNSAT in 0.05s
    cube 3066.2 (depth 1, 20 lits): UNSAT in 0.03s
    cube 3066.3 (depth 1, 20 lits): UNSAT in 0.07s
    cube 3066.4 (depth 1, 20 lits): UNSAT in 0.02s
    cube 3066.5 (depth 1, 20 lits): UNSAT in 0.10s
    cube 3066.6 (depth 1, 20 lits): UNSAT in 0.08s
    cube 3066.7 (depth 1, 20 lits): UNSAT in 0.20s
    cube 3066.8 (depth 1, 20 lits): UNSAT in 0.03s
    cube 3066.9 (depth 1, 20 lits): UNSAT in 0.11s
    cube 3066.10 (depth 1, 20 lits): UNSAT in 0.04s
    cube 3066.11 (depth 1, 20 lits): UNSAT in 0.07s
    cube 3066.12 (depth 1, 20 lits): UNSAT in 0.12s
    cube 3066.13 (depth 1, 20 lits): UNSAT in 0.12s
    cube 3066.14 (depth 1, 20 lits): UNSAT in 0.20s
    cube 3066.15 (depth 1, 20 lits): UNSAT in 1.28s
    cube 3066.16 (depth 1, 20 lits): UNSAT in 0.05s
    cube 3066.17 (depth 1, 20 lits): UNSAT in 0.29s
    cube 3066.18 (depth 1, 20 lits): UNSAT in 0.10s
    cube 3066.19 (depth 1, 20 lits): UNSAT in 0.32s
    cube 3066.20 (depth 1, 20 lits): UNSAT in 0.19s
    cube 3066.21 (depth 1, 20 lits): UNSAT in 0.05s
    cube 3066.22 (depth 1, 20 lits): UNSAT in 0.56s
    cube 3066.23 (depth 1, 20 lits): UNSAT in 1.68s
    cube 3066.24 (depth 1, 20 lits): UNSAT in 0.05s
    cube 3066.25 (depth 1, 20 lits): UNSAT in 0.05s
    cube 3066.26 (depth 1, 20 lits): UNSAT in 0.09s
    cube 3066.27 (depth 1, 20 lits): UNSAT in 0.51s
    cube 3066.28 (depth 1, 20 lits): UNSAT in 0.10s
    cube 3066.29 (depth 1, 20 lits): UNSAT in 0.44s
    cube 3066.30 (depth 1, 20 lits): UNSAT in 0.40s
    cube 3066.31 (depth 1, 20 lits): UNSAT in 3.75s
    cube 3066.32 (depth 1, 20 lits): UNSAT in 0.04s
    cube 3066.33 (depth 1, 20 lits): UNSAT in 0.07s
    cube 3066.34 (depth 1, 20 lits): UNSAT in 0.02s
    cube 3066.35 (depth 1, 20 lits): UNSAT in 0.14s
    cube 3066.36 (depth 1, 20 lits): UNSAT in 0.02s
    cube 3066.37 (depth 1, 20 lits): UNSAT in 0.07s
    cube 3066.38 (depth 1, 20 lits): UNSAT in 0.19s
    cube 3066.39 (depth 1, 20 lits): UNSAT in 1.21s
    cube 3066.40 (depth 1, 20 lits): UNSAT in 0.02s
    cube 3066.41 (depth 1, 20 lits): UNSAT in 0.04s
    cube 3066.42 (depth 1, 20 lits): UNSAT in 0.04s
    cube 3066.43 (depth 1, 20 lits): UNSAT in 0.10s
    cube 3066.44 (depth 1, 20 lits): UNSAT in 0.16s
    cube 3066.45 (depth 1, 20 lits): UNSAT in 0.26s
    cube 3066.46 (depth 1, 20 lits): UNSAT in 0.70s
    cube 3066.47 (depth 1, 20 lits): UNSAT in 4.40s
    cube 3066.48 (depth 1, 20 lits): UNSAT in 0.10s
    cube 3066.49 (depth 1, 20 lits): UNSAT in 0.29s
    cube 3066.50 (depth 1, 20 lits): UNSAT in 0.55s
    cube 3066.51 (depth 1, 20 lits): UNSAT in 1.74s
    cube 3066.52 (depth 1, 20 lits): UNSAT in 0.08s
    cube 3066.53 (depth 1, 20 lits): UNSAT in 0.65s
    cube 3066.54 (depth 1, 20 lits): UNSAT in 0.76s
    cube 3066.55 (depth 1, 20 lits): UNSAT in 2.16s
    cube 3066.56 (depth 1, 20 lits): UNSAT in 0.68s
    cube 3066.57 (depth 1, 20 lits): UNSAT in 2.29s
    cube 3066.58 (depth 1, 20 lits): UNSAT in 1.25s
    cube 3066.59 (depth 1, 20 lits): UNSAT in 5.57s
    cube 3066.60 (depth 1, 20 lits): UNSAT in 2.25s
    cube 3066.61 (depth 1, 20 lits): UNSAT in 7.56s
    cube 3066.62 (depth 1, 20 lits): UNSAT in 12.36s
    cube 3066.63 (depth 1, 20 lits): UNSAT in 93.70s
    cube 3066.64 (depth 1, 20 lits): UNSAT in 0.03s
    cube 3066.65 (depth 1, 20 lits): UNSAT in 0.11s
    cube 3066.66 (depth 1, 20 lits): UNSAT in 0.23s
    cube 3066.67 (depth 1, 20 lits): UNSAT in 0.15s
    cube 3066.68 (depth 1, 20 lits): UNSAT in 0.18s
    cube 3066.69 (depth 1, 20 lits): UNSAT in 0.09s
    cube 3066.70 (depth 1, 20 lits): UNSAT in 0.88s
    cube 3066.71 (depth 1, 20 lits): UNSAT in 0.17s
    cube 3066.72 (depth 1, 20 lits): UNSAT in 0.30s
    cube 3066.73 (depth 1, 20 lits): UNSAT in 0.22s
    cube 3066.74 (depth 1, 20 lits): UNSAT in 0.14s
    cube 3066.75 (depth 1, 20 lits): UNSAT in 1.23s
    cube 3066.76 (depth 1, 20 lits): UNSAT in 0.45s
    cube 3066.77 (depth 1, 20 lits): UNSAT in 2.24s
    cube 3066.78 (depth 1, 20 lits): UNSAT in 1.57s
    cube 3066.79 (depth 1, 20 lits): UNSAT in 6.13s
    cube 3066.80 (depth 1, 20 lits): UNSAT in 0.08s
    cube 3066.81 (depth 1, 20 lits): UNSAT in 0.62s
    cube 3066.82 (depth 1, 20 lits): UNSAT in 0.16s
    cube 3066.83 (depth 1, 20 lits): UNSAT in 1.36s
    cube 3066.84 (depth 1, 20 lits): UNSAT in 0.49s
    cube 3066.85 (depth 1, 20 lits): UNSAT in 0.56s
    cube 3066.86 (depth 1, 20 lits): UNSAT in 1.11s
    cube 3066.87 (depth 1, 20 lits): UNSAT in 5.35s
    cube 3066.88 (depth 1, 20 lits): UNSAT in 0.41s
    cube 3066.89 (depth 1, 20 lits): UNSAT in 0.54s
    cube 3066.90 (depth 1, 20 lits): UNSAT in 1.79s
    cube 3066.91 (depth 1, 20 lits): UNSAT in 7.26s
    cube 3066.92 (depth 1, 20 lits): UNSAT in 1.02s
    cube 3066.93 (depth 1, 20 lits): UNSAT in 4.25s
    cube 3066.94 (depth 1, 20 lits): UNSAT in 17.48s
    cube 3066.95 (depth 1, 20 lits): UNSAT in 192.14s
    cube 3066.96 (depth 1, 20 lits): UNSAT in 0.04s
    cube 3066.97 (depth 1, 20 lits): UNSAT in 0.22s
    cube 3066.98 (depth 1, 20 lits): UNSAT in 0.28s
    cube 3066.99 (depth 1, 20 lits): UNSAT in 2.03s
    cube 3066.100 (depth 1, 20 lits): UNSAT in 0.10s
    cube 3066.101 (depth 1, 20 lits): UNSAT in 0.33s
    cube 3066.102 (depth 1, 20 lits): UNSAT in 0.28s
    cube 3066.103 (depth 1, 20 lits): UNSAT in 1.09s
    cube 3066.104 (depth 1, 20 lits): UNSAT in 0.34s
    cube 3066.105 (depth 1, 20 lits): UNSAT in 0.53s
    cube 3066.106 (depth 1, 20 lits): UNSAT in 0.30s
    cube 3066.107 (depth 1, 20 lits): UNSAT in 1.86s
    cube 3066.108 (depth 1, 20 lits): UNSAT in 0.75s
    cube 3066.109 (depth 1, 20 lits): UNSAT in 4.08s
    cube 3066.110 (depth 1, 20 lits): UNSAT in 2.44s
    cube 3066.111 (depth 1, 20 lits): UNSAT in 29.74s
    cube 3066.112 (depth 1, 20 lits): UNSAT in 0.53s
    cube 3066.113 (depth 1, 20 lits): UNSAT in 1.45s
    cube 3066.114 (depth 1, 20 lits): UNSAT in 2.12s
    cube 3066.115 (depth 1, 20 lits): UNSAT in 3.84s
    cube 3066.116 (depth 1, 20 lits): UNSAT in 0.45s
    cube 3066.117 (depth 1, 20 lits): UNSAT in 14.05s
    cube 3066.118 (depth 1, 20 lits): UNSAT in 35.33s
    cube 3066.119 (depth 1, 20 lits): UNSAT in 74.18s
    cube 3066.120 (depth 1, 20 lits): UNSAT in 1.90s
    cube 3066.121 (depth 1, 20 lits): UNSAT in 7.86s
    cube 3066.122 (depth 1, 20 lits): UNSAT in 9.81s
    cube 3066.123 (depth 1, 20 lits): UNSAT in 263.84s
    cube 3066.124 (depth 1, 20 lits): UNSAT in 15.08s
    cube 3066.125 (depth 1, 20 lits): UNSAT in 127.06s
    cube 3066.126 (depth 1, 20 lits): UNSAT in 668.50s
    cube 3066.127 (depth 1, 20 lits): TIMEOUT in 1200.07s
    cube 3066.127 TIMEOUT -> re-split into 252 sub-cubes (depth 2)
    cube 3066.127.0 (depth 2, 28 lits): UNSAT in 0.01s
    cube 3066.127.1 (depth 2, 28 lits): UNSAT in 0.02s
    cube 3066.127.2 (depth 2, 28 lits): UNSAT in 0.02s
    cube 3066.127.3 (depth 2, 28 lits): UNSAT in 0.03s
    cube 3066.127.4 (depth 2, 28 lits): UNSAT in 0.01s
    cube 3066.127.5 (depth 2, 28 lits): UNSAT in 0.02s
    cube 3066.127.6 (depth 2, 28 lits): UNSAT in 0.02s
    cube 3066.127.7 (depth 2, 28 lits): UNSAT in 0.02s
    cube 3066.127.8 (depth 2, 28 lits): UNSAT in 0.02s
    cube 3066.127.9 (depth 2, 28 lits): UNSAT in 0.06s
    cube 3066.127.10 (depth 2, 28 lits): UNSAT in 0.05s
    cube 3066.127.11 (depth 2, 28 lits): UNSAT in 0.22s
    cube 3066.127.12 (depth 2, 28 lits): UNSAT in 0.03s
    cube 3066.127.13 (depth 2, 28 lits): UNSAT in 0.13s
    cube 3066.127.14 (depth 2, 28 lits): UNSAT in 0.04s
    cube 3066.127.15 (depth 2, 28 lits): UNSAT in 0.24s
    cube 3066.127.16 (depth 2, 28 lits): UNSAT in 0.01s
    cube 3066.127.17 (depth 2, 28 lits): UNSAT in 0.03s
    cube 3066.127.18 (depth 2, 28 lits): UNSAT in 0.01s
    cube 3066.127.19 (depth 2, 28 lits): UNSAT in 0.04s
    cube 3066.127.20 (depth 2, 28 lits): UNSAT in 0.13s
    cube 3066.127.21 (depth 2, 28 lits): UNSAT in 0.11s
    cube 3066.127.22 (depth 2, 28 lits): UNSAT in 0.03s
    cube 3066.127.23 (depth 2, 28 lits): UNSAT in 0.03s
    cube 3066.127.24 (depth 2, 28 lits): UNSAT in 0.03s
    cube 3066.127.25 (depth 2, 28 lits): UNSAT in 0.04s
    cube 3066.127.26 (depth 2, 28 lits): UNSAT in 0.05s
    cube 3066.127.27 (depth 2, 28 lits): UNSAT in 0.08s
    cube 3066.127.28 (depth 2, 28 lits): UNSAT in 0.08s
    cube 3066.127.29 (depth 2, 28 lits): UNSAT in 0.37s
    cube 3066.127.30 (depth 2, 28 lits): UNSAT in 0.10s
    cube 3066.127.31 (depth 2, 28 lits): UNSAT in 0.89s
    cube 3066.127.32 (depth 2, 28 lits): UNSAT in 0.01s
    cube 3066.127.33 (depth 2, 28 lits): UNSAT in 0.03s
    cube 3066.127.34 (depth 2, 28 lits): UNSAT in 0.04s
    cube 3066.127.35 (depth 2, 28 lits): UNSAT in 0.14s
    cube 3066.127.36 (depth 2, 28 lits): UNSAT in 0.09s
    cube 3066.127.37 (depth 2, 28 lits): UNSAT in 0.17s
    cube 3066.127.38 (depth 2, 28 lits): UNSAT in 0.04s
    cube 3066.127.39 (depth 2, 28 lits): UNSAT in 0.11s
    cube 3066.127.40 (depth 2, 28 lits): UNSAT in 0.04s
    cube 3066.127.41 (depth 2, 28 lits): UNSAT in 0.12s
    cube 3066.127.42 (depth 2, 28 lits): UNSAT in 0.05s
    cube 3066.127.43 (depth 2, 28 lits): UNSAT in 0.22s
    cube 3066.127.44 (depth 2, 28 lits): UNSAT in 0.20s
    cube 3066.127.45 (depth 2, 28 lits): UNSAT in 0.15s
    cube 3066.127.46 (depth 2, 28 lits): UNSAT in 0.14s
    cube 3066.127.47 (depth 2, 28 lits): UNSAT in 1.13s
    cube 3066.127.48 (depth 2, 28 lits): UNSAT in 0.03s
    cube 3066.127.49 (depth 2, 28 lits): UNSAT in 0.05s
    cube 3066.127.50 (depth 2, 28 lits): UNSAT in 0.06s
    cube 3066.127.51 (depth 2, 28 lits): UNSAT in 0.11s
    cube 3066.127.52 (depth 2, 28 lits): UNSAT in 0.15s
    cube 3066.127.53 (depth 2, 28 lits): UNSAT in 0.25s
    cube 3066.127.54 (depth 2, 28 lits): UNSAT in 0.08s
    cube 3066.127.55 (depth 2, 28 lits): UNSAT in 0.60s
    cube 3066.127.56 (depth 2, 28 lits): UNSAT in 0.04s
    cube 3066.127.57 (depth 2, 28 lits): UNSAT in 0.04s
    cube 3066.127.58 (depth 2, 28 lits): UNSAT in 0.10s
    cube 3066.127.59 (depth 2, 28 lits): UNSAT in 0.17s
    cube 3066.127.60 (depth 2, 28 lits): UNSAT in 0.05s
    cube 3066.127.61 (depth 2, 28 lits): UNSAT in 0.47s
    cube 3066.127.62 (depth 2, 28 lits): UNSAT in 0.45s
    cube 3066.127.63 (depth 2, 28 lits): UNSAT in 2.48s
    cube 3066.127.64 (depth 2, 28 lits): UNSAT in 0.06s
    cube 3066.127.65 (depth 2, 28 lits): UNSAT in 0.08s
    cube 3066.127.66 (depth 2, 28 lits): UNSAT in 0.05s
    cube 3066.127.67 (depth 2, 28 lits): UNSAT in 0.28s
    cube 3066.127.68 (depth 2, 28 lits): UNSAT in 0.05s
    cube 3066.127.69 (depth 2, 28 lits): UNSAT in 0.12s
    cube 3066.127.70 (depth 2, 28 lits): UNSAT in 0.34s
    cube 3066.127.71 (depth 2, 28 lits): UNSAT in 0.63s
    cube 3066.127.72 (depth 2, 28 lits): UNSAT in 0.11s
    cube 3066.127.73 (depth 2, 28 lits): UNSAT in 0.27s
    cube 3066.127.74 (depth 2, 28 lits): UNSAT in 0.08s
    cube 3066.127.75 (depth 2, 28 lits): UNSAT in 0.75s
    cube 3066.127.76 (depth 2, 28 lits): UNSAT in 0.16s
    cube 3066.127.77 (depth 2, 28 lits): UNSAT in 0.77s
    cube 3066.127.78 (depth 2, 28 lits): UNSAT in 1.03s
    cube 3066.127.79 (depth 2, 28 lits): UNSAT in 2.92s
    cube 3066.127.80 (depth 2, 28 lits): UNSAT in 0.03s
    cube 3066.127.81 (depth 2, 28 lits): UNSAT in 0.04s
    cube 3066.127.82 (depth 2, 28 lits): UNSAT in 0.03s
    cube 3066.127.83 (depth 2, 28 lits): UNSAT in 0.08s
    cube 3066.127.84 (depth 2, 28 lits): UNSAT in 0.03s
    cube 3066.127.85 (depth 2, 28 lits): UNSAT in 0.14s
    cube 3066.127.86 (depth 2, 28 lits): UNSAT in 0.13s
    cube 3066.127.87 (depth 2, 28 lits): UNSAT in 0.36s
    cube 3066.127.88 (depth 2, 28 lits): UNSAT in 0.05s
    cube 3066.127.89 (depth 2, 28 lits): UNSAT in 0.30s
    cube 3066.127.90 (depth 2, 28 lits): UNSAT in 0.24s
    cube 3066.127.91 (depth 2, 28 lits): UNSAT in 0.71s
    cube 3066.127.92 (depth 2, 28 lits): UNSAT in 0.26s
    cube 3066.127.93 (depth 2, 28 lits): UNSAT in 1.66s
    cube 3066.127.94 (depth 2, 28 lits): UNSAT in 1.53s
    cube 3066.127.95 (depth 2, 28 lits): UNSAT in 0.63s
    cube 3066.127.96 (depth 2, 28 lits): UNSAT in 0.02s
    cube 3066.127.97 (depth 2, 28 lits): UNSAT in 0.06s
    cube 3066.127.98 (depth 2, 28 lits): UNSAT in 0.09s
    cube 3066.127.99 (depth 2, 28 lits): UNSAT in 0.21s
    cube 3066.127.100 (depth 2, 28 lits): UNSAT in 0.07s
    cube 3066.127.101 (depth 2, 28 lits): UNSAT in 0.12s
    cube 3066.127.102 (depth 2, 28 lits): UNSAT in 0.13s
    cube 3066.127.103 (depth 2, 28 lits): UNSAT in 0.44s
    cube 3066.127.104 (depth 2, 28 lits): UNSAT in 0.10s
    cube 3066.127.105 (depth 2, 28 lits): UNSAT in 0.29s
    cube 3066.127.106 (depth 2, 28 lits): UNSAT in 0.09s
    cube 3066.127.107 (depth 2, 28 lits): UNSAT in 1.32s
    cube 3066.127.108 (depth 2, 28 lits): UNSAT in 0.05s
    cube 3066.127.109 (depth 2, 28 lits): UNSAT in 0.23s
    cube 3066.127.110 (depth 2, 28 lits): UNSAT in 0.11s
    cube 3066.127.111 (depth 2, 28 lits): UNSAT in 1.00s
    cube 3066.127.112 (depth 2, 28 lits): UNSAT in 0.51s
    cube 3066.127.113 (depth 2, 28 lits): UNSAT in 1.61s
    cube 3066.127.114 (depth 2, 28 lits): UNSAT in 1.45s
    cube 3066.127.115 (depth 2, 28 lits): UNSAT in 4.58s
    cube 3066.127.116 (depth 2, 28 lits): UNSAT in 1.37s
    cube 3066.127.117 (depth 2, 28 lits): UNSAT in 4.98s
    cube 3066.127.118 (depth 2, 28 lits): UNSAT in 1.39s
    cube 3066.127.119 (depth 2, 28 lits): UNSAT in 9.44s
    cube 3066.127.120 (depth 2, 28 lits): UNSAT in 0.31s
    cube 3066.127.121 (depth 2, 28 lits): UNSAT in 0.88s
    cube 3066.127.122 (depth 2, 28 lits): UNSAT in 0.78s
    cube 3066.127.123 (depth 2, 28 lits): UNSAT in 11.43s
    cube 3066.127.124 (depth 2, 28 lits): UNSAT in 1.33s
    cube 3066.127.125 (depth 2, 28 lits): UNSAT in 15.72s
    cube 3066.127.126 (depth 2, 28 lits): UNSAT in 12.40s
    cube 3066.127.127 (depth 2, 28 lits): UNSAT in 26.96s
    cube 3066.127.128 (depth 2, 26 lits): UNSAT in 0.01s
    cube 3066.127.129 (depth 2, 28 lits): UNSAT in 0.03s
    cube 3066.127.130 (depth 2, 28 lits): UNSAT in 0.06s
    cube 3066.127.131 (depth 2, 28 lits): UNSAT in 0.07s
    cube 3066.127.132 (depth 2, 28 lits): UNSAT in 0.21s
    cube 3066.127.133 (depth 2, 28 lits): UNSAT in 0.04s
    cube 3066.127.134 (depth 2, 28 lits): UNSAT in 0.05s
    cube 3066.127.135 (depth 2, 28 lits): UNSAT in 0.01s
    cube 3066.127.136 (depth 2, 28 lits): UNSAT in 0.30s
    cube 3066.127.137 (depth 2, 28 lits): UNSAT in 0.06s
    cube 3066.127.138 (depth 2, 28 lits): UNSAT in 0.31s
    cube 3066.127.139 (depth 2, 28 lits): UNSAT in 0.06s
    cube 3066.127.140 (depth 2, 28 lits): UNSAT in 2.01s
    cube 3066.127.141 (depth 2, 28 lits): UNSAT in 0.03s
    cube 3066.127.142 (depth 2, 28 lits): UNSAT in 0.07s
    cube 3066.127.143 (depth 2, 28 lits): UNSAT in 0.05s
    cube 3066.127.144 (depth 2, 28 lits): UNSAT in 0.05s
    cube 3066.127.145 (depth 2, 28 lits): UNSAT in 0.01s
    cube 3066.127.146 (depth 2, 28 lits): UNSAT in 0.08s
    cube 3066.127.147 (depth 2, 28 lits): UNSAT in 0.02s
    cube 3066.127.148 (depth 2, 28 lits): UNSAT in 0.26s
    cube 3066.127.149 (depth 2, 28 lits): UNSAT in 0.02s
    cube 3066.127.150 (depth 2, 28 lits): UNSAT in 0.10s
    cube 3066.127.151 (depth 2, 28 lits): UNSAT in 0.07s
    cube 3066.127.152 (depth 2, 28 lits): UNSAT in 0.27s
    cube 3066.127.153 (depth 2, 28 lits): UNSAT in 0.25s
    cube 3066.127.154 (depth 2, 28 lits): UNSAT in 0.68s
    cube 3066.127.155 (depth 2, 28 lits): UNSAT in 1.17s
    cube 3066.127.156 (depth 2, 28 lits): UNSAT in 6.39s
    cube 3066.127.157 (depth 2, 28 lits): UNSAT in 0.02s
    cube 3066.127.158 (depth 2, 28 lits): UNSAT in 0.07s
    cube 3066.127.159 (depth 2, 28 lits): UNSAT in 0.09s
    cube 3066.127.160 (depth 2, 28 lits): UNSAT in 0.10s
    cube 3066.127.161 (depth 2, 28 lits): UNSAT in 0.02s
    cube 3066.127.162 (depth 2, 28 lits): UNSAT in 0.10s
    cube 3066.127.163 (depth 2, 28 lits): UNSAT in 0.38s
    cube 3066.127.164 (depth 2, 28 lits): UNSAT in 0.16s
    cube 3066.127.165 (depth 2, 28 lits): UNSAT in 0.04s
    cube 3066.127.166 (depth 2, 28 lits): UNSAT in 0.07s
    cube 3066.127.167 (depth 2, 28 lits): UNSAT in 0.02s
    cube 3066.127.168 (depth 2, 28 lits): UNSAT in 0.10s
    cube 3066.127.169 (depth 2, 28 lits): UNSAT in 0.49s
    cube 3066.127.170 (depth 2, 28 lits): UNSAT in 0.94s
    cube 3066.127.171 (depth 2, 28 lits): UNSAT in 1.44s
    cube 3066.127.172 (depth 2, 28 lits): UNSAT in 6.41s
    cube 3066.127.173 (depth 2, 28 lits): UNSAT in 0.02s
    cube 3066.127.174 (depth 2, 28 lits): UNSAT in 0.09s
    cube 3066.127.175 (depth 2, 28 lits): UNSAT in 0.10s
    cube 3066.127.176 (depth 2, 28 lits): UNSAT in 0.37s
    cube 3066.127.177 (depth 2, 28 lits): UNSAT in 0.04s
    cube 3066.127.178 (depth 2, 28 lits): UNSAT in 0.17s
    cube 3066.127.179 (depth 2, 28 lits): UNSAT in 0.86s
    cube 3066.127.180 (depth 2, 28 lits): UNSAT in 4.23s
    cube 3066.127.181 (depth 2, 28 lits): UNSAT in 1.25s
    cube 3066.127.182 (depth 2, 28 lits): UNSAT in 2.17s
    cube 3066.127.183 (depth 2, 28 lits): UNSAT in 1.45s
    cube 3066.127.184 (depth 2, 28 lits): UNSAT in 6.26s
    cube 3066.127.185 (depth 2, 28 lits): UNSAT in 1.65s
    cube 3066.127.186 (depth 2, 28 lits): UNSAT in 10.88s
    cube 3066.127.187 (depth 2, 28 lits): UNSAT in 9.18s
    cube 3066.127.188 (depth 2, 28 lits): UNSAT in 61.46s
    cube 3066.127.189 (depth 2, 27 lits): UNSAT in 0.02s
    cube 3066.127.190 (depth 2, 28 lits): UNSAT in 0.01s
    cube 3066.127.191 (depth 2, 28 lits): UNSAT in 0.05s
    cube 3066.127.192 (depth 2, 28 lits): UNSAT in 0.01s
    cube 3066.127.193 (depth 2, 28 lits): UNSAT in 0.02s
    cube 3066.127.194 (depth 2, 28 lits): UNSAT in 0.06s
    cube 3066.127.195 (depth 2, 28 lits): UNSAT in 0.18s
    cube 3066.127.196 (depth 2, 28 lits): UNSAT in 0.03s
    cube 3066.127.197 (depth 2, 28 lits): UNSAT in 0.08s
    cube 3066.127.198 (depth 2, 28 lits): UNSAT in 0.02s
    cube 3066.127.199 (depth 2, 28 lits): UNSAT in 0.24s
    cube 3066.127.200 (depth 2, 28 lits): UNSAT in 0.18s
    cube 3066.127.201 (depth 2, 28 lits): UNSAT in 0.21s
    cube 3066.127.202 (depth 2, 28 lits): UNSAT in 0.09s
    cube 3066.127.203 (depth 2, 28 lits): UNSAT in 0.34s
    cube 3066.127.204 (depth 2, 28 lits): UNSAT in 0.01s
    cube 3066.127.205 (depth 2, 28 lits): UNSAT in 0.06s
    cube 3066.127.206 (depth 2, 28 lits): UNSAT in 0.07s
    cube 3066.127.207 (depth 2, 28 lits): UNSAT in 0.22s
    cube 3066.127.208 (depth 2, 28 lits): UNSAT in 0.02s
    cube 3066.127.209 (depth 2, 28 lits): UNSAT in 0.10s
    cube 3066.127.210 (depth 2, 28 lits): UNSAT in 0.19s
    cube 3066.127.211 (depth 2, 28 lits): UNSAT in 1.58s
    cube 3066.127.212 (depth 2, 28 lits): UNSAT in 0.04s
    cube 3066.127.213 (depth 2, 28 lits): UNSAT in 0.11s
    cube 3066.127.214 (depth 2, 28 lits): UNSAT in 0.03s
    cube 3066.127.215 (depth 2, 28 lits): UNSAT in 0.10s
    cube 3066.127.216 (depth 2, 28 lits): UNSAT in 0.21s
    cube 3066.127.217 (depth 2, 28 lits): UNSAT in 2.47s
    cube 3066.127.218 (depth 2, 28 lits): UNSAT in 2.27s
    cube 3066.127.219 (depth 2, 28 lits): UNSAT in 15.29s
    cube 3066.127.220 (depth 2, 28 lits): UNSAT in 0.01s
    cube 3066.127.221 (depth 2, 28 lits): UNSAT in 0.06s
    cube 3066.127.222 (depth 2, 28 lits): UNSAT in 0.05s
    cube 3066.127.223 (depth 2, 28 lits): UNSAT in 0.14s
    cube 3066.127.224 (depth 2, 28 lits): UNSAT in 0.02s
    cube 3066.127.225 (depth 2, 28 lits): UNSAT in 0.04s
    cube 3066.127.226 (depth 2, 28 lits): UNSAT in 0.13s
    cube 3066.127.227 (depth 2, 28 lits): UNSAT in 0.43s
    cube 3066.127.228 (depth 2, 28 lits): UNSAT in 0.24s
    cube 3066.127.229 (depth 2, 28 lits): UNSAT in 0.50s
    cube 3066.127.230 (depth 2, 28 lits): UNSAT in 0.07s
    cube 3066.127.231 (depth 2, 28 lits): UNSAT in 2.92s
    cube 3066.127.232 (depth 2, 28 lits): UNSAT in 0.30s
    cube 3066.127.233 (depth 2, 28 lits): UNSAT in 1.04s
    cube 3066.127.234 (depth 2, 28 lits): UNSAT in 1.56s
    cube 3066.127.235 (depth 2, 28 lits): UNSAT in 17.14s
    cube 3066.127.236 (depth 2, 28 lits): UNSAT in 0.01s
    cube 3066.127.237 (depth 2, 28 lits): UNSAT in 0.53s
    cube 3066.127.238 (depth 2, 28 lits): UNSAT in 0.36s
    cube 3066.127.239 (depth 2, 28 lits): UNSAT in 2.78s
    cube 3066.127.240 (depth 2, 28 lits): UNSAT in 2.03s
    cube 3066.127.241 (depth 2, 28 lits): UNSAT in 8.04s
    cube 3066.127.242 (depth 2, 28 lits): UNSAT in 1.43s
    cube 3066.127.243 (depth 2, 28 lits): UNSAT in 28.79s
    cube 3066.127.244 (depth 2, 28 lits): UNSAT in 0.36s
    cube 3066.127.245 (depth 2, 28 lits): UNSAT in 0.36s
    cube 3066.127.246 (depth 2, 28 lits): UNSAT in 0.38s
    cube 3066.127.247 (depth 2, 28 lits): UNSAT in 5.23s
    cube 3066.127.248 (depth 2, 28 lits): UNSAT in 0.59s
    cube 3066.127.249 (depth 2, 28 lits): UNSAT in 3.28s
    cube 3066.127.250 (depth 2, 28 lits): UNSAT in 10.69s
    cube 3066.127.251 (depth 2, 28 lits): UNSAT in 199.83s
    cube 3066.128 (depth 1, 20 lits): UNSAT in 0.12s
    cube 3066.129 (depth 1, 20 lits): UNSAT in 0.49s
    cube 3066.130 (depth 1, 20 lits): UNSAT in 0.35s
    cube 3066.131 (depth 1, 20 lits): UNSAT in 2.68s
    cube 3066.132 (depth 1, 20 lits): UNSAT in 0.69s
    cube 3066.133 (depth 1, 20 lits): UNSAT in 4.10s
    cube 3066.134 (depth 1, 20 lits): UNSAT in 0.97s
    cube 3066.135 (depth 1, 20 lits): UNSAT in 3.19s
    cube 3066.136 (depth 1, 20 lits): UNSAT in 0.25s
    cube 3066.137 (depth 1, 20 lits): UNSAT in 1.70s
    cube 3066.138 (depth 1, 20 lits): UNSAT in 0.51s
    cube 3066.139 (depth 1, 20 lits): UNSAT in 2.69s
    cube 3066.140 (depth 1, 20 lits): UNSAT in 0.06s
    cube 3066.141 (depth 1, 20 lits): UNSAT in 0.09s
    cube 3066.142 (depth 1, 20 lits): UNSAT in 2.99s
    cube 3066.143 (depth 1, 20 lits): UNSAT in 13.47s
    cube 3066.144 (depth 1, 20 lits): UNSAT in 0.14s
    cube 3066.145 (depth 1, 20 lits): UNSAT in 0.28s
    cube 3066.146 (depth 1, 20 lits): UNSAT in 0.11s
    cube 3066.147 (depth 1, 20 lits): UNSAT in 0.64s
    cube 3066.148 (depth 1, 20 lits): UNSAT in 0.20s
    cube 3066.149 (depth 1, 20 lits): UNSAT in 0.95s
    cube 3066.150 (depth 1, 20 lits): UNSAT in 0.83s
    cube 3066.151 (depth 1, 20 lits): UNSAT in 13.52s
    cube 3066.152 (depth 1, 20 lits): UNSAT in 0.22s
    cube 3066.153 (depth 1, 20 lits): UNSAT in 1.70s
    cube 3066.154 (depth 1, 20 lits): UNSAT in 6.49s
    cube 3066.155 (depth 1, 20 lits): UNSAT in 36.16s
    cube 3066.156 (depth 1, 20 lits): UNSAT in 1.80s
    cube 3066.157 (depth 1, 20 lits): UNSAT in 1.87s
    cube 3066.158 (depth 1, 20 lits): UNSAT in 14.85s
    cube 3066.159 (depth 1, 20 lits): UNSAT in 334.73s
    cube 3066.160 (depth 1, 20 lits): UNSAT in 1.92s
    cube 3066.161 (depth 1, 20 lits): UNSAT in 0.67s
    cube 3066.162 (depth 1, 20 lits): UNSAT in 0.45s
    cube 3066.163 (depth 1, 20 lits): UNSAT in 3.40s
    cube 3066.164 (depth 1, 20 lits): UNSAT in 0.74s
    cube 3066.165 (depth 1, 20 lits): UNSAT in 1.22s
    cube 3066.166 (depth 1, 20 lits): UNSAT in 0.59s
    cube 3066.167 (depth 1, 20 lits): UNSAT in 4.13s
    cube 3066.168 (depth 1, 20 lits): UNSAT in 0.40s
    cube 3066.169 (depth 1, 20 lits): UNSAT in 2.89s
    cube 3066.170 (depth 1, 20 lits): UNSAT in 1.26s
    cube 3066.171 (depth 1, 20 lits): UNSAT in 16.35s
    cube 3066.172 (depth 1, 20 lits): UNSAT in 3.72s
    cube 3066.173 (depth 1, 20 lits): UNSAT in 19.24s
    cube 3066.174 (depth 1, 20 lits): UNSAT in 69.51s
    cube 3066.175 (depth 1, 20 lits): UNSAT in 413.23s
    cube 3066.176 (depth 1, 20 lits): UNSAT in 0.36s
    cube 3066.177 (depth 1, 20 lits): UNSAT in 0.23s
    cube 3066.178 (depth 1, 20 lits): UNSAT in 2.09s
    cube 3066.179 (depth 1, 20 lits): UNSAT in 1.91s
    cube 3066.180 (depth 1, 20 lits): UNSAT in 0.51s
    cube 3066.181 (depth 1, 20 lits): UNSAT in 1.21s
    cube 3066.182 (depth 1, 20 lits): UNSAT in 0.89s
    cube 3066.183 (depth 1, 20 lits): UNSAT in 27.50s
    cube 3066.184 (depth 1, 20 lits): UNSAT in 0.86s
    cube 3066.185 (depth 1, 20 lits): UNSAT in 4.80s
    cube 3066.186 (depth 1, 20 lits): UNSAT in 10.22s
    cube 3066.187 (depth 1, 20 lits): UNSAT in 180.81s
    cube 3066.188 (depth 1, 20 lits): UNSAT in 7.62s
    cube 3066.189 (depth 1, 20 lits): UNSAT in 339.05s
    cube 3066.190 (depth 1, 20 lits): UNSAT in 228.74s
    cube 3066.191 (depth 1, 20 lits): TIMEOUT in 1200.10s
    cube 3066.191 TIMEOUT -> re-split into 253 sub-cubes (depth 2)
    cube 3066.191.0 (depth 2, 27 lits): UNSAT in 0.01s
    cube 3066.191.1 (depth 2, 27 lits): UNSAT in 0.01s
    cube 3066.191.2 (depth 2, 28 lits): UNSAT in 0.01s
    cube 3066.191.3 (depth 2, 28 lits): UNSAT in 0.02s
    cube 3066.191.4 (depth 2, 28 lits): UNSAT in 0.01s
    cube 3066.191.5 (depth 2, 28 lits): UNSAT in 0.01s
    cube 3066.191.6 (depth 2, 28 lits): UNSAT in 0.02s
    cube 3066.191.7 (depth 2, 28 lits): UNSAT in 0.03s
    cube 3066.191.8 (depth 2, 28 lits): UNSAT in 0.01s
    cube 3066.191.9 (depth 2, 28 lits): UNSAT in 0.05s
    cube 3066.191.10 (depth 2, 28 lits): UNSAT in 0.06s
    cube 3066.191.11 (depth 2, 28 lits): UNSAT in 0.04s
    cube 3066.191.12 (depth 2, 28 lits): UNSAT in 0.20s
    cube 3066.191.13 (depth 2, 28 lits): UNSAT in 0.17s
    cube 3066.191.14 (depth 2, 27 lits): UNSAT in 0.01s
    cube 3066.191.15 (depth 2, 28 lits): UNSAT in 0.02s
    cube 3066.191.16 (depth 2, 28 lits): UNSAT in 0.02s
    cube 3066.191.17 (depth 2, 28 lits): UNSAT in 0.02s
    cube 3066.191.18 (depth 2, 28 lits): UNSAT in 0.11s
    cube 3066.191.19 (depth 2, 28 lits): UNSAT in 0.06s
    cube 3066.191.20 (depth 2, 28 lits): UNSAT in 0.41s
    cube 3066.191.21 (depth 2, 28 lits): UNSAT in 0.03s
    cube 3066.191.22 (depth 2, 28 lits): UNSAT in 0.05s
    cube 3066.191.23 (depth 2, 28 lits): UNSAT in 0.08s
    cube 3066.191.24 (depth 2, 28 lits): UNSAT in 0.19s
    cube 3066.191.25 (depth 2, 28 lits): UNSAT in 0.02s
    cube 3066.191.26 (depth 2, 28 lits): UNSAT in 0.06s
    cube 3066.191.27 (depth 2, 28 lits): UNSAT in 0.23s
    cube 3066.191.28 (depth 2, 28 lits): UNSAT in 0.19s
    cube 3066.191.29 (depth 2, 28 lits): UNSAT in 0.03s
    cube 3066.191.30 (depth 2, 28 lits): UNSAT in 0.08s
    cube 3066.191.31 (depth 2, 28 lits): UNSAT in 0.10s
    cube 3066.191.32 (depth 2, 28 lits): UNSAT in 0.26s
    cube 3066.191.33 (depth 2, 28 lits): UNSAT in 0.05s
    cube 3066.191.34 (depth 2, 28 lits): UNSAT in 0.25s
    cube 3066.191.35 (depth 2, 28 lits): UNSAT in 0.18s
    cube 3066.191.36 (depth 2, 28 lits): UNSAT in 0.43s
    cube 3066.191.37 (depth 2, 28 lits): UNSAT in 0.05s
    cube 3066.191.38 (depth 2, 28 lits): UNSAT in 0.05s
    cube 3066.191.39 (depth 2, 28 lits): UNSAT in 0.04s
    cube 3066.191.40 (depth 2, 28 lits): UNSAT in 0.22s
    cube 3066.191.41 (depth 2, 28 lits): UNSAT in 0.14s
    cube 3066.191.42 (depth 2, 28 lits): UNSAT in 0.40s
    cube 3066.191.43 (depth 2, 28 lits): UNSAT in 0.19s
    cube 3066.191.44 (depth 2, 28 lits): UNSAT in 0.76s
    cube 3066.191.45 (depth 2, 28 lits): UNSAT in 0.06s
    cube 3066.191.46 (depth 2, 28 lits): UNSAT in 0.10s
    cube 3066.191.47 (depth 2, 28 lits): UNSAT in 0.18s
    cube 3066.191.48 (depth 2, 28 lits): UNSAT in 0.10s
    cube 3066.191.49 (depth 2, 28 lits): UNSAT in 0.15s
    cube 3066.191.50 (depth 2, 28 lits): UNSAT in 0.67s
    cube 3066.191.51 (depth 2, 28 lits): UNSAT in 0.23s
    cube 3066.191.52 (depth 2, 28 lits): UNSAT in 0.20s
    cube 3066.191.53 (depth 2, 28 lits): UNSAT in 0.52s
    cube 3066.191.54 (depth 2, 28 lits): UNSAT in 0.33s
    cube 3066.191.55 (depth 2, 28 lits): UNSAT in 0.22s
    cube 3066.191.56 (depth 2, 28 lits): UNSAT in 0.26s
    cube 3066.191.57 (depth 2, 28 lits): UNSAT in 0.57s
    cube 3066.191.58 (depth 2, 28 lits): UNSAT in 0.61s
    cube 3066.191.59 (depth 2, 28 lits): UNSAT in 0.81s
    cube 3066.191.60 (depth 2, 28 lits): UNSAT in 0.97s
    cube 3066.191.61 (depth 2, 28 lits): UNSAT in 0.02s
    cube 3066.191.62 (depth 2, 28 lits): UNSAT in 0.01s
    cube 3066.191.63 (depth 2, 28 lits): UNSAT in 0.02s
    cube 3066.191.64 (depth 2, 28 lits): UNSAT in 0.03s
    cube 3066.191.65 (depth 2, 28 lits): UNSAT in 0.06s
    cube 3066.191.66 (depth 2, 28 lits): UNSAT in 0.04s
    cube 3066.191.67 (depth 2, 28 lits): UNSAT in 0.03s
    cube 3066.191.68 (depth 2, 28 lits): UNSAT in 0.11s
    cube 3066.191.69 (depth 2, 28 lits): UNSAT in 0.01s
    cube 3066.191.70 (depth 2, 28 lits): UNSAT in 0.01s
    cube 3066.191.71 (depth 2, 28 lits): UNSAT in 0.03s
    cube 3066.191.72 (depth 2, 28 lits): UNSAT in 0.07s
    cube 3066.191.73 (depth 2, 28 lits): UNSAT in 0.13s
    cube 3066.191.74 (depth 2, 28 lits): UNSAT in 0.16s
    cube 3066.191.75 (depth 2, 28 lits): UNSAT in 0.02s
    cube 3066.191.76 (depth 2, 28 lits): UNSAT in 0.41s
    cube 3066.191.77 (depth 2, 28 lits): UNSAT in 0.02s
    cube 3066.191.78 (depth 2, 28 lits): UNSAT in 0.04s
    cube 3066.191.79 (depth 2, 28 lits): UNSAT in 0.06s
    cube 3066.191.80 (depth 2, 28 lits): UNSAT in 0.10s
    cube 3066.191.81 (depth 2, 28 lits): UNSAT in 0.03s
    cube 3066.191.82 (depth 2, 28 lits): UNSAT in 0.05s
    cube 3066.191.83 (depth 2, 28 lits): UNSAT in 0.25s
    cube 3066.191.84 (depth 2, 28 lits): UNSAT in 0.23s
    cube 3066.191.85 (depth 2, 28 lits): UNSAT in 0.06s
    cube 3066.191.86 (depth 2, 28 lits): UNSAT in 0.24s
    cube 3066.191.87 (depth 2, 28 lits): UNSAT in 0.28s
    cube 3066.191.88 (depth 2, 28 lits): UNSAT in 0.21s
    cube 3066.191.89 (depth 2, 28 lits): UNSAT in 0.08s
    cube 3066.191.90 (depth 2, 28 lits): UNSAT in 0.11s
    cube 3066.191.91 (depth 2, 28 lits): UNSAT in 0.22s
    cube 3066.191.92 (depth 2, 28 lits): UNSAT in 0.34s
    cube 3066.191.93 (depth 2, 28 lits): UNSAT in 0.08s
    cube 3066.191.94 (depth 2, 28 lits): UNSAT in 0.27s
    cube 3066.191.95 (depth 2, 28 lits): UNSAT in 0.15s
    cube 3066.191.96 (depth 2, 28 lits): UNSAT in 0.50s
    cube 3066.191.97 (depth 2, 28 lits): UNSAT in 0.69s
    cube 3066.191.98 (depth 2, 28 lits): UNSAT in 1.27s
    cube 3066.191.99 (depth 2, 28 lits): UNSAT in 0.51s
    cube 3066.191.100 (depth 2, 28 lits): UNSAT in 2.93s
    cube 3066.191.101 (depth 2, 28 lits): UNSAT in 0.26s
    cube 3066.191.102 (depth 2, 28 lits): UNSAT in 0.30s
    cube 3066.191.103 (depth 2, 28 lits): UNSAT in 0.53s
    cube 3066.191.104 (depth 2, 28 lits): UNSAT in 1.46s
    cube 3066.191.105 (depth 2, 28 lits): UNSAT in 0.30s
    cube 3066.191.106 (depth 2, 28 lits): UNSAT in 0.91s
    cube 3066.191.107 (depth 2, 28 lits): UNSAT in 2.87s
    cube 3066.191.108 (depth 2, 28 lits): UNSAT in 3.95s
    cube 3066.191.109 (depth 2, 28 lits): UNSAT in 0.11s
    cube 3066.191.110 (depth 2, 28 lits): UNSAT in 0.39s
    cube 3066.191.111 (depth 2, 28 lits): UNSAT in 1.53s
    cube 3066.191.112 (depth 2, 28 lits): UNSAT in 4.03s
    cube 3066.191.113 (depth 2, 28 lits): UNSAT in 0.40s
    cube 3066.191.114 (depth 2, 28 lits): UNSAT in 3.94s
    cube 3066.191.115 (depth 2, 28 lits): UNSAT in 3.15s
    cube 3066.191.116 (depth 2, 28 lits): UNSAT in 15.70s
    cube 3066.191.117 (depth 2, 28 lits): UNSAT in 0.43s
    cube 3066.191.118 (depth 2, 28 lits): UNSAT in 0.87s
    cube 3066.191.119 (depth 2, 28 lits): UNSAT in 0.70s
    cube 3066.191.120 (depth 2, 28 lits): UNSAT in 9.49s
    cube 3066.191.121 (depth 2, 28 lits): UNSAT in 3.63s
    cube 3066.191.122 (depth 2, 28 lits): UNSAT in 19.22s
    cube 3066.191.123 (depth 2, 28 lits): UNSAT in 29.06s
    cube 3066.191.124 (depth 2, 28 lits): UNSAT in 144.81s
    cube 3066.191.125 (depth 2, 28 lits): UNSAT in 0.01s
    cube 3066.191.126 (depth 2, 28 lits): UNSAT in 0.01s
    cube 3066.191.127 (depth 2, 28 lits): UNSAT in 0.01s
    cube 3066.191.128 (depth 2, 28 lits): UNSAT in 0.03s
    cube 3066.191.129 (depth 2, 28 lits): UNSAT in 0.02s
    cube 3066.191.130 (depth 2, 28 lits): UNSAT in 0.04s
    cube 3066.191.131 (depth 2, 28 lits): UNSAT in 0.09s
    cube 3066.191.132 (depth 2, 28 lits): UNSAT in 0.46s
    cube 3066.191.133 (depth 2, 28 lits): UNSAT in 0.04s
    cube 3066.191.134 (depth 2, 28 lits): UNSAT in 0.05s
    cube 3066.191.135 (depth 2, 28 lits): UNSAT in 0.06s
    cube 3066.191.136 (depth 2, 28 lits): UNSAT in 0.11s
    cube 3066.191.137 (depth 2, 28 lits): UNSAT in 0.04s
    cube 3066.191.138 (depth 2, 28 lits): UNSAT in 0.19s
    cube 3066.191.139 (depth 2, 28 lits): UNSAT in 0.09s
    cube 3066.191.140 (depth 2, 28 lits): UNSAT in 0.15s
    cube 3066.191.141 (depth 2, 28 lits): UNSAT in 0.01s
    cube 3066.191.142 (depth 2, 28 lits): UNSAT in 0.07s
    cube 3066.191.143 (depth 2, 28 lits): UNSAT in 0.06s
    cube 3066.191.144 (depth 2, 28 lits): UNSAT in 0.11s
    cube 3066.191.145 (depth 2, 28 lits): UNSAT in 0.05s
    cube 3066.191.146 (depth 2, 28 lits): UNSAT in 0.29s
    cube 3066.191.147 (depth 2, 28 lits): UNSAT in 0.21s
    cube 3066.191.148 (depth 2, 28 lits): UNSAT in 0.77s
    cube 3066.191.149 (depth 2, 28 lits): UNSAT in 0.07s
    cube 3066.191.150 (depth 2, 28 lits): UNSAT in 0.21s
    cube 3066.191.151 (depth 2, 28 lits): UNSAT in 0.29s
    cube 3066.191.152 (depth 2, 28 lits): UNSAT in 0.19s
    cube 3066.191.153 (depth 2, 28 lits): UNSAT in 0.31s
    cube 3066.191.154 (depth 2, 28 lits): UNSAT in 0.18s
    cube 3066.191.155 (depth 2, 28 lits): UNSAT in 0.74s
    cube 3066.191.156 (depth 2, 28 lits): UNSAT in 0.85s
    cube 3066.191.157 (depth 2, 28 lits): UNSAT in 0.05s
    cube 3066.191.158 (depth 2, 28 lits): UNSAT in 0.05s
    cube 3066.191.159 (depth 2, 28 lits): UNSAT in 0.03s
    cube 3066.191.160 (depth 2, 28 lits): UNSAT in 0.06s
    cube 3066.191.161 (depth 2, 28 lits): UNSAT in 0.04s
    cube 3066.191.162 (depth 2, 28 lits): UNSAT in 0.09s
    cube 3066.191.163 (depth 2, 28 lits): UNSAT in 0.06s
    cube 3066.191.164 (depth 2, 28 lits): UNSAT in 0.17s
    cube 3066.191.165 (depth 2, 28 lits): UNSAT in 0.12s
    cube 3066.191.166 (depth 2, 28 lits): UNSAT in 0.27s
    cube 3066.191.167 (depth 2, 28 lits): UNSAT in 0.07s
    cube 3066.191.168 (depth 2, 28 lits): UNSAT in 0.18s
    cube 3066.191.169 (depth 2, 28 lits): UNSAT in 0.12s
    cube 3066.191.170 (depth 2, 28 lits): UNSAT in 0.05s
    cube 3066.191.171 (depth 2, 28 lits): UNSAT in 0.09s
    cube 3066.191.172 (depth 2, 28 lits): UNSAT in 1.14s
    cube 3066.191.173 (depth 2, 28 lits): UNSAT in 0.16s
    cube 3066.191.174 (depth 2, 28 lits): UNSAT in 0.34s
    cube 3066.191.175 (depth 2, 28 lits): UNSAT in 0.18s
    cube 3066.191.176 (depth 2, 28 lits): UNSAT in 0.57s
    cube 3066.191.177 (depth 2, 28 lits): UNSAT in 0.36s
    cube 3066.191.178 (depth 2, 28 lits): UNSAT in 0.73s
    cube 3066.191.179 (depth 2, 28 lits): UNSAT in 0.28s
    cube 3066.191.180 (depth 2, 28 lits): UNSAT in 13.19s
    cube 3066.191.181 (depth 2, 28 lits): UNSAT in 0.43s
    cube 3066.191.182 (depth 2, 28 lits): UNSAT in 0.97s
    cube 3066.191.183 (depth 2, 28 lits): UNSAT in 0.60s
    cube 3066.191.184 (depth 2, 28 lits): UNSAT in 9.76s
    cube 3066.191.185 (depth 2, 28 lits): UNSAT in 1.88s
    cube 3066.191.186 (depth 2, 28 lits): UNSAT in 5.57s
    cube 3066.191.187 (depth 2, 28 lits): UNSAT in 18.38s
    cube 3066.191.188 (depth 2, 28 lits): UNSAT in 88.55s
    cube 3066.191.189 (depth 2, 28 lits): UNSAT in 0.08s
    cube 3066.191.190 (depth 2, 28 lits): UNSAT in 0.12s
    cube 3066.191.191 (depth 2, 28 lits): UNSAT in 0.09s
    cube 3066.191.192 (depth 2, 28 lits): UNSAT in 0.18s
    cube 3066.191.193 (depth 2, 28 lits): UNSAT in 0.02s
    cube 3066.191.194 (depth 2, 28 lits): UNSAT in 0.27s
    cube 3066.191.195 (depth 2, 28 lits): UNSAT in 0.10s
    cube 3066.191.196 (depth 2, 28 lits): UNSAT in 0.53s
    cube 3066.191.197 (depth 2, 28 lits): UNSAT in 0.41s
    cube 3066.191.198 (depth 2, 28 lits): UNSAT in 0.45s
    cube 3066.191.199 (depth 2, 28 lits): UNSAT in 1.41s
    cube 3066.191.200 (depth 2, 28 lits): UNSAT in 2.94s
    cube 3066.191.201 (depth 2, 28 lits): UNSAT in 0.13s
    cube 3066.191.202 (depth 2, 28 lits): UNSAT in 1.10s
    cube 3066.191.203 (depth 2, 28 lits): UNSAT in 1.33s
    cube 3066.191.204 (depth 2, 28 lits): UNSAT in 2.54s
    cube 3066.191.205 (depth 2, 28 lits): UNSAT in 0.09s
    cube 3066.191.206 (depth 2, 28 lits): UNSAT in 0.35s
    cube 3066.191.207 (depth 2, 28 lits): UNSAT in 0.07s
    cube 3066.191.208 (depth 2, 28 lits): UNSAT in 0.55s
    cube 3066.191.209 (depth 2, 28 lits): UNSAT in 0.10s
    cube 3066.191.210 (depth 2, 28 lits): UNSAT in 0.32s
    cube 3066.191.211 (depth 2, 28 lits): UNSAT in 0.28s
    cube 3066.191.212 (depth 2, 28 lits): UNSAT in 1.33s
    cube 3066.191.213 (depth 2, 28 lits): UNSAT in 1.18s
    cube 3066.191.214 (depth 2, 28 lits): UNSAT in 1.00s
    cube 3066.191.215 (depth 2, 28 lits): UNSAT in 0.90s
    cube 3066.191.216 (depth 2, 28 lits): UNSAT in 11.22s
    cube 3066.191.217 (depth 2, 28 lits): UNSAT in 5.59s
    cube 3066.191.218 (depth 2, 28 lits): UNSAT in 25.79s
    cube 3066.191.219 (depth 2, 28 lits): UNSAT in 12.37s
    cube 3066.191.220 (depth 2, 28 lits): UNSAT in 524.95s
    cube 3066.191.221 (depth 2, 28 lits): UNSAT in 0.05s
    cube 3066.191.222 (depth 2, 28 lits): UNSAT in 0.13s
    cube 3066.191.223 (depth 2, 28 lits): UNSAT in 0.14s
    cube 3066.191.224 (depth 2, 28 lits): UNSAT in 0.32s
    cube 3066.191.225 (depth 2, 28 lits): UNSAT in 0.01s
    cube 3066.191.226 (depth 2, 28 lits): UNSAT in 0.05s
    cube 3066.191.227 (depth 2, 28 lits): UNSAT in 0.16s
    cube 3066.191.228 (depth 2, 28 lits): UNSAT in 0.40s
    cube 3066.191.229 (depth 2, 28 lits): UNSAT in 0.07s
    cube 3066.191.230 (depth 2, 28 lits): UNSAT in 0.17s
    cube 3066.191.231 (depth 2, 28 lits): UNSAT in 0.13s
    cube 3066.191.232 (depth 2, 28 lits): UNSAT in 0.14s
    cube 3066.191.233 (depth 2, 28 lits): UNSAT in 0.11s
    cube 3066.191.234 (depth 2, 28 lits): UNSAT in 0.20s
    cube 3066.191.235 (depth 2, 28 lits): UNSAT in 0.22s
    cube 3066.191.236 (depth 2, 28 lits): UNSAT in 3.62s
    cube 3066.191.237 (depth 2, 28 lits): UNSAT in 0.14s
    cube 3066.191.238 (depth 2, 28 lits): UNSAT in 0.53s
    cube 3066.191.239 (depth 2, 28 lits): UNSAT in 0.31s
    cube 3066.191.240 (depth 2, 28 lits): UNSAT in 0.44s
    cube 3066.191.241 (depth 2, 28 lits): UNSAT in 0.83s
    cube 3066.191.242 (depth 2, 28 lits): UNSAT in 3.86s
    cube 3066.191.243 (depth 2, 28 lits): UNSAT in 1.55s
    cube 3066.191.244 (depth 2, 28 lits): UNSAT in 3.42s
    cube 3066.191.245 (depth 2, 28 lits): UNSAT in 0.20s
    cube 3066.191.246 (depth 2, 28 lits): UNSAT in 0.68s
    cube 3066.191.247 (depth 2, 28 lits): UNSAT in 0.83s
    cube 3066.191.248 (depth 2, 28 lits): UNSAT in 3.29s
    cube 3066.191.249 (depth 2, 28 lits): UNSAT in 1.87s
    cube 3066.191.250 (depth 2, 28 lits): UNSAT in 17.03s
    cube 3066.191.251 (depth 2, 28 lits): UNSAT in 27.21s
    cube 3066.191.252 (depth 2, 28 lits): UNSAT in 87.36s
    cube 3066.192 (depth 1, 20 lits): UNSAT in 0.10s
    cube 3066.193 (depth 1, 20 lits): UNSAT in 0.45s
    cube 3066.194 (depth 1, 20 lits): UNSAT in 0.17s
    cube 3066.195 (depth 1, 20 lits): UNSAT in 0.24s
    cube 3066.196 (depth 1, 20 lits): UNSAT in 0.91s
    cube 3066.197 (depth 1, 20 lits): UNSAT in 1.16s
    cube 3066.198 (depth 1, 20 lits): UNSAT in 1.67s
    cube 3066.199 (depth 1, 20 lits): UNSAT in 10.33s
    cube 3066.200 (depth 1, 20 lits): UNSAT in 0.07s
    cube 3066.201 (depth 1, 20 lits): UNSAT in 1.62s
    cube 3066.202 (depth 1, 20 lits): UNSAT in 0.19s
    cube 3066.203 (depth 1, 20 lits): UNSAT in 1.55s
    cube 3066.204 (depth 1, 20 lits): UNSAT in 1.78s
    cube 3066.205 (depth 1, 20 lits): UNSAT in 9.01s
    cube 3066.206 (depth 1, 20 lits): UNSAT in 9.76s
    cube 3066.207 (depth 1, 20 lits): UNSAT in 230.77s
    cube 3066.208 (depth 1, 20 lits): UNSAT in 0.57s
    cube 3066.209 (depth 1, 20 lits): UNSAT in 0.43s
    cube 3066.210 (depth 1, 20 lits): UNSAT in 0.46s
    cube 3066.211 (depth 1, 20 lits): UNSAT in 2.66s
    cube 3066.212 (depth 1, 20 lits): UNSAT in 0.99s
    cube 3066.213 (depth 1, 20 lits): UNSAT in 3.49s
    cube 3066.214 (depth 1, 20 lits): UNSAT in 3.90s
    cube 3066.215 (depth 1, 20 lits): UNSAT in 235.06s
    cube 3066.216 (depth 1, 20 lits): UNSAT in 1.23s
    cube 3066.217 (depth 1, 20 lits): UNSAT in 1.65s
    cube 3066.218 (depth 1, 20 lits): UNSAT in 5.96s
    cube 3066.219 (depth 1, 20 lits): UNSAT in 22.54s
    cube 3066.220 (depth 1, 20 lits): UNSAT in 10.89s
    cube 3066.221 (depth 1, 20 lits): UNSAT in 492.00s
    cube 3066.222 (depth 1, 20 lits): UNSAT in 183.47s
    cube 3066.223 (depth 1, 20 lits): TIMEOUT in 1200.01s
    cube 3066.223 TIMEOUT -> re-split into 249 sub-cubes (depth 2)
    cube 3066.223.0 (depth 2, 26 lits): UNSAT in 0.01s
    cube 3066.223.1 (depth 2, 26 lits): UNSAT in 0.01s
    cube 3066.223.2 (depth 2, 28 lits): UNSAT in 0.01s
    cube 3066.223.3 (depth 2, 28 lits): UNSAT in 0.01s
    cube 3066.223.4 (depth 2, 28 lits): UNSAT in 0.01s
    cube 3066.223.5 (depth 2, 28 lits): UNSAT in 0.01s
    cube 3066.223.6 (depth 2, 28 lits): UNSAT in 0.01s
    cube 3066.223.7 (depth 2, 28 lits): UNSAT in 0.03s
    cube 3066.223.8 (depth 2, 28 lits): UNSAT in 0.02s
    cube 3066.223.9 (depth 2, 28 lits): UNSAT in 0.02s
    cube 3066.223.10 (depth 2, 28 lits): UNSAT in 0.02s
    cube 3066.223.11 (depth 2, 28 lits): UNSAT in 0.02s
    cube 3066.223.12 (depth 2, 28 lits): UNSAT in 0.03s
    cube 3066.223.13 (depth 2, 28 lits): UNSAT in 0.06s
    cube 3066.223.14 (depth 2, 28 lits): UNSAT in 0.05s
    cube 3066.223.15 (depth 2, 28 lits): UNSAT in 0.03s
    cube 3066.223.16 (depth 2, 28 lits): UNSAT in 0.09s
    cube 3066.223.17 (depth 2, 28 lits): UNSAT in 0.24s
    cube 3066.223.18 (depth 2, 28 lits): UNSAT in 0.05s
    cube 3066.223.19 (depth 2, 28 lits): UNSAT in 0.04s
    cube 3066.223.20 (depth 2, 28 lits): UNSAT in 0.06s
    cube 3066.223.21 (depth 2, 28 lits): UNSAT in 0.10s
    cube 3066.223.22 (depth 2, 28 lits): UNSAT in 0.05s
    cube 3066.223.23 (depth 2, 28 lits): UNSAT in 0.07s
    cube 3066.223.24 (depth 2, 28 lits): UNSAT in 0.05s
    cube 3066.223.25 (depth 2, 28 lits): UNSAT in 0.50s
    cube 3066.223.26 (depth 2, 28 lits): UNSAT in 0.01s
    cube 3066.223.27 (depth 2, 28 lits): UNSAT in 0.01s
    cube 3066.223.28 (depth 2, 28 lits): UNSAT in 0.01s
    cube 3066.223.29 (depth 2, 28 lits): UNSAT in 0.02s
    cube 3066.223.30 (depth 2, 28 lits): UNSAT in 0.01s
    cube 3066.223.31 (depth 2, 28 lits): UNSAT in 0.02s
    cube 3066.223.32 (depth 2, 28 lits): UNSAT in 0.03s
    cube 3066.223.33 (depth 2, 28 lits): UNSAT in 0.02s
    cube 3066.223.34 (depth 2, 28 lits): UNSAT in 0.04s
    cube 3066.223.35 (depth 2, 28 lits): UNSAT in 0.03s
    cube 3066.223.36 (depth 2, 28 lits): UNSAT in 0.04s
    cube 3066.223.37 (depth 2, 28 lits): UNSAT in 0.13s
    cube 3066.223.38 (depth 2, 28 lits): UNSAT in 0.02s
    cube 3066.223.39 (depth 2, 28 lits): UNSAT in 0.06s
    cube 3066.223.40 (depth 2, 28 lits): UNSAT in 0.09s
    cube 3066.223.41 (depth 2, 28 lits): UNSAT in 0.22s
    cube 3066.223.42 (depth 2, 28 lits): UNSAT in 0.01s
    cube 3066.223.43 (depth 2, 28 lits): UNSAT in 0.04s
    cube 3066.223.44 (depth 2, 28 lits): UNSAT in 0.04s
    cube 3066.223.45 (depth 2, 28 lits): UNSAT in 0.11s
    cube 3066.223.46 (depth 2, 28 lits): UNSAT in 0.02s
    cube 3066.223.47 (depth 2, 28 lits): UNSAT in 0.02s
    cube 3066.223.48 (depth 2, 28 lits): UNSAT in 0.06s
    cube 3066.223.49 (depth 2, 28 lits): UNSAT in 0.17s
    cube 3066.223.50 (depth 2, 28 lits): UNSAT in 0.06s
    cube 3066.223.51 (depth 2, 28 lits): UNSAT in 0.19s
    cube 3066.223.52 (depth 2, 28 lits): UNSAT in 0.06s
    cube 3066.223.53 (depth 2, 28 lits): UNSAT in 0.79s
    cube 3066.223.54 (depth 2, 28 lits): UNSAT in 0.19s
    cube 3066.223.55 (depth 2, 28 lits): UNSAT in 0.39s
    cube 3066.223.56 (depth 2, 28 lits): UNSAT in 2.04s
    cube 3066.223.57 (depth 2, 28 lits): UNSAT in 7.04s
    cube 3066.223.58 (depth 2, 28 lits): UNSAT in 0.02s
    cube 3066.223.59 (depth 2, 28 lits): UNSAT in 0.03s
    cube 3066.223.60 (depth 2, 28 lits): UNSAT in 0.06s
    cube 3066.223.61 (depth 2, 28 lits): UNSAT in 0.15s
    cube 3066.223.62 (depth 2, 28 lits): UNSAT in 0.03s
    cube 3066.223.63 (depth 2, 28 lits): UNSAT in 0.04s
    cube 3066.223.64 (depth 2, 28 lits): UNSAT in 0.05s
    cube 3066.223.65 (depth 2, 28 lits): UNSAT in 0.31s
    cube 3066.223.66 (depth 2, 28 lits): UNSAT in 0.03s
    cube 3066.223.67 (depth 2, 28 lits): UNSAT in 0.04s
    cube 3066.223.68 (depth 2, 28 lits): UNSAT in 0.07s
    cube 3066.223.69 (depth 2, 28 lits): UNSAT in 0.19s
    cube 3066.223.70 (depth 2, 28 lits): UNSAT in 0.03s
    cube 3066.223.71 (depth 2, 28 lits): UNSAT in 0.03s
    cube 3066.223.72 (depth 2, 28 lits): UNSAT in 0.03s
    cube 3066.223.73 (depth 2, 28 lits): UNSAT in 0.30s
    cube 3066.223.74 (depth 2, 28 lits): UNSAT in 0.03s
    cube 3066.223.75 (depth 2, 28 lits): UNSAT in 0.06s
    cube 3066.223.76 (depth 2, 28 lits): UNSAT in 0.04s
    cube 3066.223.77 (depth 2, 28 lits): UNSAT in 0.20s
    cube 3066.223.78 (depth 2, 28 lits): UNSAT in 0.19s
    cube 3066.223.79 (depth 2, 28 lits): UNSAT in 0.33s
    cube 3066.223.80 (depth 2, 28 lits): UNSAT in 0.11s
    cube 3066.223.81 (depth 2, 28 lits): UNSAT in 0.64s
    cube 3066.223.82 (depth 2, 28 lits): UNSAT in 0.04s
    cube 3066.223.83 (depth 2, 28 lits): UNSAT in 0.47s
    cube 3066.223.84 (depth 2, 28 lits): UNSAT in 0.08s
    cube 3066.223.85 (depth 2, 28 lits): UNSAT in 0.24s
    cube 3066.223.86 (depth 2, 28 lits): UNSAT in 0.33s
    cube 3066.223.87 (depth 2, 28 lits): UNSAT in 0.47s
    cube 3066.223.88 (depth 2, 28 lits): UNSAT in 0.51s
    cube 3066.223.89 (depth 2, 28 lits): UNSAT in 1.09s
    cube 3066.223.90 (depth 2, 28 lits): UNSAT in 0.07s
    cube 3066.223.91 (depth 2, 28 lits): UNSAT in 0.06s
    cube 3066.223.92 (depth 2, 28 lits): UNSAT in 0.07s
    cube 3066.223.93 (depth 2, 28 lits): UNSAT in 0.12s
    cube 3066.223.94 (depth 2, 28 lits): UNSAT in 0.09s
    cube 3066.223.95 (depth 2, 28 lits): UNSAT in 0.20s
    cube 3066.223.96 (depth 2, 28 lits): UNSAT in 0.20s
    cube 3066.223.97 (depth 2, 28 lits): UNSAT in 0.69s
    cube 3066.223.98 (depth 2, 28 lits): UNSAT in 0.25s
    cube 3066.223.99 (depth 2, 28 lits): UNSAT in 0.27s
    cube 3066.223.100 (depth 2, 28 lits): UNSAT in 0.24s
    cube 3066.223.101 (depth 2, 28 lits): UNSAT in 0.81s
    cube 3066.223.102 (depth 2, 28 lits): UNSAT in 0.27s
    cube 3066.223.103 (depth 2, 28 lits): UNSAT in 0.54s
    cube 3066.223.104 (depth 2, 28 lits): UNSAT in 0.58s
    cube 3066.223.105 (depth 2, 28 lits): UNSAT in 2.84s
    cube 3066.223.106 (depth 2, 28 lits): UNSAT in 0.02s
    cube 3066.223.107 (depth 2, 28 lits): UNSAT in 0.05s
    cube 3066.223.108 (depth 2, 28 lits): UNSAT in 0.17s
    cube 3066.223.109 (depth 2, 28 lits): UNSAT in 0.19s
    cube 3066.223.110 (depth 2, 28 lits): UNSAT in 0.15s
    cube 3066.223.111 (depth 2, 28 lits): UNSAT in 1.36s
    cube 3066.223.112 (depth 2, 28 lits): UNSAT in 0.29s
    cube 3066.223.113 (depth 2, 28 lits): UNSAT in 12.21s
    cube 3066.223.114 (depth 2, 28 lits): UNSAT in 0.08s
    cube 3066.223.115 (depth 2, 28 lits): UNSAT in 0.26s
    cube 3066.223.116 (depth 2, 28 lits): UNSAT in 0.74s
    cube 3066.223.117 (depth 2, 28 lits): UNSAT in 4.91s
    cube 3066.223.118 (depth 2, 28 lits): UNSAT in 1.04s
    cube 3066.223.119 (depth 2, 28 lits): UNSAT in 25.92s
    cube 3066.223.120 (depth 2, 28 lits): UNSAT in 12.57s
    cube 3066.223.121 (depth 2, 28 lits): UNSAT in 75.22s
    cube 3066.223.122 (depth 2, 27 lits): UNSAT in 0.01s
    cube 3066.223.123 (depth 2, 28 lits): UNSAT in 0.02s
    cube 3066.223.124 (depth 2, 28 lits): UNSAT in 0.02s
    cube 3066.223.125 (depth 2, 28 lits): UNSAT in 0.05s
    cube 3066.223.126 (depth 2, 28 lits): UNSAT in 0.08s
    cube 3066.223.127 (depth 2, 28 lits): UNSAT in 0.05s
    cube 3066.223.128 (depth 2, 28 lits): UNSAT in 0.11s
    cube 3066.223.129 (depth 2, 28 lits): UNSAT in 0.02s
    cube 3066.223.130 (depth 2, 28 lits): UNSAT in 0.06s
    cube 3066.223.131 (depth 2, 28 lits): UNSAT in 0.07s
    cube 3066.223.132 (depth 2, 28 lits): UNSAT in 0.26s
    cube 3066.223.133 (depth 2, 28 lits): UNSAT in 0.12s
    cube 3066.223.134 (depth 2, 28 lits): UNSAT in 0.20s
    cube 3066.223.135 (depth 2, 28 lits): UNSAT in 0.13s
    cube 3066.223.136 (depth 2, 28 lits): UNSAT in 1.00s
    cube 3066.223.137 (depth 2, 28 lits): UNSAT in 0.03s
    cube 3066.223.138 (depth 2, 28 lits): UNSAT in 0.03s
    cube 3066.223.139 (depth 2, 28 lits): UNSAT in 0.06s
    cube 3066.223.140 (depth 2, 28 lits): UNSAT in 0.12s
    cube 3066.223.141 (depth 2, 28 lits): UNSAT in 0.10s
    cube 3066.223.142 (depth 2, 28 lits): UNSAT in 0.28s
    cube 3066.223.143 (depth 2, 28 lits): UNSAT in 0.12s
    cube 3066.223.144 (depth 2, 28 lits): UNSAT in 0.80s
    cube 3066.223.145 (depth 2, 28 lits): UNSAT in 0.16s
    cube 3066.223.146 (depth 2, 28 lits): UNSAT in 0.26s
    cube 3066.223.147 (depth 2, 28 lits): UNSAT in 0.31s
    cube 3066.223.148 (depth 2, 28 lits): UNSAT in 0.32s
    cube 3066.223.149 (depth 2, 28 lits): UNSAT in 1.10s
    cube 3066.223.150 (depth 2, 28 lits): UNSAT in 1.22s
    cube 3066.223.151 (depth 2, 28 lits): UNSAT in 0.20s
    cube 3066.223.152 (depth 2, 28 lits): UNSAT in 6.19s
    cube 3066.223.153 (depth 2, 28 lits): UNSAT in 0.01s
    cube 3066.223.154 (depth 2, 28 lits): UNSAT in 0.01s
    cube 3066.223.155 (depth 2, 28 lits): UNSAT in 0.01s
    cube 3066.223.156 (depth 2, 28 lits): UNSAT in 0.03s
    cube 3066.223.157 (depth 2, 28 lits): UNSAT in 0.02s
    cube 3066.223.158 (depth 2, 28 lits): UNSAT in 0.03s
    cube 3066.223.159 (depth 2, 28 lits): UNSAT in 0.02s
    cube 3066.223.160 (depth 2, 28 lits): UNSAT in 0.18s
    cube 3066.223.161 (depth 2, 28 lits): UNSAT in 0.18s
    cube 3066.223.162 (depth 2, 28 lits): UNSAT in 1.11s
    cube 3066.223.163 (depth 2, 28 lits): UNSAT in 0.64s
    cube 3066.223.164 (depth 2, 28 lits): UNSAT in 1.85s
    cube 3066.223.165 (depth 2, 28 lits): UNSAT in 0.81s
    cube 3066.223.166 (depth 2, 28 lits): UNSAT in 0.42s
    cube 3066.223.167 (depth 2, 28 lits): UNSAT in 2.20s
    cube 3066.223.168 (depth 2, 28 lits): UNSAT in 4.10s
    cube 3066.223.169 (depth 2, 28 lits): UNSAT in 0.04s
    cube 3066.223.170 (depth 2, 28 lits): UNSAT in 0.69s
    cube 3066.223.171 (depth 2, 28 lits): UNSAT in 0.71s
    cube 3066.223.172 (depth 2, 28 lits): UNSAT in 1.71s
    cube 3066.223.173 (depth 2, 28 lits): UNSAT in 0.80s
    cube 3066.223.174 (depth 2, 28 lits): UNSAT in 1.72s
    cube 3066.223.175 (depth 2, 28 lits): UNSAT in 1.80s
    cube 3066.223.176 (depth 2, 28 lits): UNSAT in 8.81s
    cube 3066.223.177 (depth 2, 28 lits): UNSAT in 0.27s
    cube 3066.223.178 (depth 2, 28 lits): UNSAT in 0.32s
    cube 3066.223.179 (depth 2, 28 lits): UNSAT in 2.29s
    cube 3066.223.180 (depth 2, 28 lits): UNSAT in 20.38s
    cube 3066.223.181 (depth 2, 28 lits): UNSAT in 2.10s
    cube 3066.223.182 (depth 2, 28 lits): UNSAT in 7.27s
    cube 3066.223.183 (depth 2, 28 lits): UNSAT in 36.08s
    cube 3066.223.184 (depth 2, 28 lits): UNSAT in 78.73s
    cube 3066.223.185 (depth 2, 28 lits): UNSAT in 0.01s
    cube 3066.223.186 (depth 2, 28 lits): UNSAT in 0.03s
    cube 3066.223.187 (depth 2, 28 lits): UNSAT in 0.08s
    cube 3066.223.188 (depth 2, 28 lits): UNSAT in 0.35s
    cube 3066.223.189 (depth 2, 28 lits): UNSAT in 0.08s
    cube 3066.223.190 (depth 2, 28 lits): UNSAT in 0.14s
    cube 3066.223.191 (depth 2, 28 lits): UNSAT in 0.15s
    cube 3066.223.192 (depth 2, 28 lits): UNSAT in 0.89s
    cube 3066.223.193 (depth 2, 28 lits): UNSAT in 0.02s
    cube 3066.223.194 (depth 2, 28 lits): UNSAT in 0.04s
    cube 3066.223.195 (depth 2, 28 lits): UNSAT in 0.04s
    cube 3066.223.196 (depth 2, 28 lits): UNSAT in 0.14s
    cube 3066.223.197 (depth 2, 28 lits): UNSAT in 0.39s
    cube 3066.223.198 (depth 2, 28 lits): UNSAT in 1.05s
    cube 3066.223.199 (depth 2, 28 lits): UNSAT in 1.55s
    cube 3066.223.200 (depth 2, 28 lits): UNSAT in 7.54s
    cube 3066.223.201 (depth 2, 28 lits): UNSAT in 0.01s
    cube 3066.223.202 (depth 2, 28 lits): UNSAT in 0.06s
    cube 3066.223.203 (depth 2, 28 lits): UNSAT in 0.06s
    cube 3066.223.204 (depth 2, 28 lits): UNSAT in 0.19s
    cube 3066.223.205 (depth 2, 28 lits): UNSAT in 0.90s
    cube 3066.223.206 (depth 2, 28 lits): UNSAT in 0.42s
    cube 3066.223.207 (depth 2, 28 lits): UNSAT in 1.94s
    cube 3066.223.208 (depth 2, 28 lits): UNSAT in 4.23s
    cube 3066.223.209 (depth 2, 28 lits): UNSAT in 0.27s
    cube 3066.223.210 (depth 2, 28 lits): UNSAT in 1.61s
    cube 3066.223.211 (depth 2, 28 lits): UNSAT in 2.06s
    cube 3066.223.212 (depth 2, 28 lits): UNSAT in 7.12s
    cube 3066.223.213 (depth 2, 28 lits): UNSAT in 0.42s
    cube 3066.223.214 (depth 2, 28 lits): UNSAT in 11.75s
    cube 3066.223.215 (depth 2, 28 lits): UNSAT in 9.14s
    cube 3066.223.216 (depth 2, 28 lits): UNSAT in 220.56s
    cube 3066.223.217 (depth 2, 28 lits): UNSAT in 0.11s
    cube 3066.223.218 (depth 2, 28 lits): UNSAT in 0.11s
    cube 3066.223.219 (depth 2, 28 lits): UNSAT in 0.28s
    cube 3066.223.220 (depth 2, 28 lits): UNSAT in 1.32s
    cube 3066.223.221 (depth 2, 28 lits): UNSAT in 0.15s
    cube 3066.223.222 (depth 2, 28 lits): UNSAT in 0.22s
    cube 3066.223.223 (depth 2, 28 lits): UNSAT in 1.65s
    cube 3066.223.224 (depth 2, 28 lits): UNSAT in 11.90s
    cube 3066.223.225 (depth 2, 28 lits): UNSAT in 0.04s
    cube 3066.223.226 (depth 2, 28 lits): UNSAT in 0.14s
    cube 3066.223.227 (depth 2, 28 lits): UNSAT in 1.63s
    cube 3066.223.228 (depth 2, 28 lits): UNSAT in 6.01s
    cube 3066.223.229 (depth 2, 28 lits): UNSAT in 1.27s
    cube 3066.223.230 (depth 2, 28 lits): UNSAT in 9.57s
    cube 3066.223.231 (depth 2, 28 lits): UNSAT in 14.81s
    cube 3066.223.232 (depth 2, 28 lits): UNSAT in 428.39s
    cube 3066.223.233 (depth 2, 28 lits): UNSAT in 0.28s
    cube 3066.223.234 (depth 2, 28 lits): UNSAT in 0.75s
    cube 3066.223.235 (depth 2, 28 lits): UNSAT in 0.57s
    cube 3066.223.236 (depth 2, 28 lits): UNSAT in 2.34s
    cube 3066.223.237 (depth 2, 28 lits): UNSAT in 0.31s
    cube 3066.223.238 (depth 2, 28 lits): UNSAT in 1.09s
    cube 3066.223.239 (depth 2, 28 lits): UNSAT in 1.62s
    cube 3066.223.240 (depth 2, 28 lits): UNSAT in 10.44s
    cube 3066.223.241 (depth 2, 28 lits): UNSAT in 0.31s
    cube 3066.223.242 (depth 2, 28 lits): UNSAT in 2.52s
    cube 3066.223.243 (depth 2, 28 lits): UNSAT in 1.98s
    cube 3066.223.244 (depth 2, 28 lits): UNSAT in 9.84s
    cube 3066.223.245 (depth 2, 28 lits): UNSAT in 5.83s
    cube 3066.223.246 (depth 2, 28 lits): UNSAT in 32.31s
    cube 3066.223.247 (depth 2, 28 lits): UNSAT in 28.68s
    cube 3066.223.248 (depth 2, 28 lits): UNSAT in 205.15s
    cube 3066.224 (depth 1, 20 lits): UNSAT in 1.34s
    cube 3066.225 (depth 1, 20 lits): UNSAT in 5.18s
    cube 3066.226 (depth 1, 20 lits): UNSAT in 3.47s
    cube 3066.227 (depth 1, 20 lits): UNSAT in 8.43s
    cube 3066.228 (depth 1, 20 lits): UNSAT in 1.38s
    cube 3066.229 (depth 1, 20 lits): UNSAT in 14.17s
    cube 3066.230 (depth 1, 20 lits): UNSAT in 32.15s
    cube 3066.231 (depth 1, 20 lits): UNSAT in 176.04s
    cube 3066.232 (depth 1, 20 lits): UNSAT in 1.16s
    cube 3066.233 (depth 1, 20 lits): UNSAT in 19.12s
    cube 3066.234 (depth 1, 20 lits): UNSAT in 11.66s
    cube 3066.235 (depth 1, 20 lits): UNSAT in 78.00s
    cube 3066.236 (depth 1, 20 lits): UNSAT in 3.74s
    cube 3066.237 (depth 1, 20 lits): UNSAT in 41.63s
    cube 3066.238 (depth 1, 20 lits): UNSAT in 465.94s
    cube 3066.239 (depth 1, 20 lits): TIMEOUT in 1200.09s
    cube 3066.239 TIMEOUT -> re-split into 254 sub-cubes (depth 2)
    cube 3066.239.0 (depth 2, 27 lits): UNSAT in 0.01s
    cube 3066.239.1 (depth 2, 28 lits): UNSAT in 0.01s
    cube 3066.239.2 (depth 2, 28 lits): UNSAT in 0.02s
    cube 3066.239.3 (depth 2, 28 lits): UNSAT in 0.01s
    cube 3066.239.4 (depth 2, 28 lits): UNSAT in 0.01s
    cube 3066.239.5 (depth 2, 28 lits): UNSAT in 0.01s
    cube 3066.239.6 (depth 2, 28 lits): UNSAT in 0.02s
    cube 3066.239.7 (depth 2, 27 lits): UNSAT in 0.01s
    cube 3066.239.8 (depth 2, 28 lits): UNSAT in 0.02s
    cube 3066.239.9 (depth 2, 28 lits): UNSAT in 0.02s
    cube 3066.239.10 (depth 2, 28 lits): UNSAT in 0.01s
    cube 3066.239.11 (depth 2, 28 lits): UNSAT in 0.02s
    cube 3066.239.12 (depth 2, 28 lits): UNSAT in 0.01s
    cube 3066.239.13 (depth 2, 28 lits): UNSAT in 0.02s
    cube 3066.239.14 (depth 2, 28 lits): UNSAT in 0.01s
    cube 3066.239.15 (depth 2, 28 lits): UNSAT in 0.01s
    cube 3066.239.16 (depth 2, 28 lits): UNSAT in 0.02s
    cube 3066.239.17 (depth 2, 28 lits): UNSAT in 0.07s
    cube 3066.239.18 (depth 2, 28 lits): UNSAT in 0.03s
    cube 3066.239.19 (depth 2, 28 lits): UNSAT in 0.05s
    cube 3066.239.20 (depth 2, 28 lits): UNSAT in 0.04s
    cube 3066.239.21 (depth 2, 28 lits): UNSAT in 0.08s
    cube 3066.239.22 (depth 2, 28 lits): UNSAT in 0.06s
    cube 3066.239.23 (depth 2, 28 lits): UNSAT in 0.03s
    cube 3066.239.24 (depth 2, 28 lits): UNSAT in 0.07s
    cube 3066.239.25 (depth 2, 28 lits): UNSAT in 0.09s
    cube 3066.239.26 (depth 2, 28 lits): UNSAT in 0.09s
    cube 3066.239.27 (depth 2, 28 lits): UNSAT in 0.07s
    cube 3066.239.28 (depth 2, 28 lits): UNSAT in 0.05s
    cube 3066.239.29 (depth 2, 28 lits): UNSAT in 0.46s
    cube 3066.239.30 (depth 2, 28 lits): UNSAT in 0.05s
    cube 3066.239.31 (depth 2, 28 lits): UNSAT in 0.14s
    cube 3066.239.32 (depth 2, 28 lits): UNSAT in 0.26s
    cube 3066.239.33 (depth 2, 28 lits): UNSAT in 0.42s
    cube 3066.239.34 (depth 2, 28 lits): UNSAT in 0.08s
    cube 3066.239.35 (depth 2, 28 lits): UNSAT in 0.46s
    cube 3066.239.36 (depth 2, 28 lits): UNSAT in 0.18s
    cube 3066.239.37 (depth 2, 28 lits): UNSAT in 0.87s
    cube 3066.239.38 (depth 2, 28 lits): UNSAT in 0.09s
    cube 3066.239.39 (depth 2, 28 lits): UNSAT in 0.08s
    cube 3066.239.40 (depth 2, 28 lits): UNSAT in 0.09s
    cube 3066.239.41 (depth 2, 28 lits): UNSAT in 0.32s
    cube 3066.239.42 (depth 2, 28 lits): UNSAT in 0.16s
    cube 3066.239.43 (depth 2, 28 lits): UNSAT in 0.34s
    cube 3066.239.44 (depth 2, 28 lits): UNSAT in 0.26s
    cube 3066.239.45 (depth 2, 28 lits): UNSAT in 1.06s
    cube 3066.239.46 (depth 2, 28 lits): UNSAT in 0.02s
    cube 3066.239.47 (depth 2, 28 lits): UNSAT in 0.07s
    cube 3066.239.48 (depth 2, 28 lits): UNSAT in 0.04s
    cube 3066.239.49 (depth 2, 28 lits): UNSAT in 0.03s
    cube 3066.239.50 (depth 2, 28 lits): UNSAT in 0.04s
    cube 3066.239.51 (depth 2, 28 lits): UNSAT in 0.07s
    cube 3066.239.52 (depth 2, 28 lits): UNSAT in 0.02s
    cube 3066.239.53 (depth 2, 28 lits): UNSAT in 0.20s
    cube 3066.239.54 (depth 2, 28 lits): UNSAT in 0.04s
    cube 3066.239.55 (depth 2, 28 lits): UNSAT in 0.06s
    cube 3066.239.56 (depth 2, 28 lits): UNSAT in 0.02s
    cube 3066.239.57 (depth 2, 28 lits): UNSAT in 0.04s
    cube 3066.239.58 (depth 2, 28 lits): UNSAT in 0.55s
    cube 3066.239.59 (depth 2, 28 lits): UNSAT in 0.69s
    cube 3066.239.60 (depth 2, 28 lits): UNSAT in 0.65s
    cube 3066.239.61 (depth 2, 28 lits): UNSAT in 3.94s
    cube 3066.239.62 (depth 2, 28 lits): UNSAT in 0.01s
    cube 3066.239.63 (depth 2, 28 lits): UNSAT in 0.05s
    cube 3066.239.64 (depth 2, 28 lits): UNSAT in 0.07s
    cube 3066.239.65 (depth 2, 28 lits): UNSAT in 0.06s
    cube 3066.239.66 (depth 2, 28 lits): UNSAT in 0.02s
    cube 3066.239.67 (depth 2, 28 lits): UNSAT in 0.01s
    cube 3066.239.68 (depth 2, 28 lits): UNSAT in 0.03s
    cube 3066.239.69 (depth 2, 28 lits): UNSAT in 0.13s
    cube 3066.239.70 (depth 2, 28 lits): UNSAT in 0.03s
    cube 3066.239.71 (depth 2, 28 lits): UNSAT in 0.10s
    cube 3066.239.72 (depth 2, 28 lits): UNSAT in 0.22s
    cube 3066.239.73 (depth 2, 28 lits): UNSAT in 0.46s
    cube 3066.239.74 (depth 2, 28 lits): UNSAT in 0.09s
    cube 3066.239.75 (depth 2, 28 lits): UNSAT in 0.38s
    cube 3066.239.76 (depth 2, 28 lits): UNSAT in 0.25s
    cube 3066.239.77 (depth 2, 28 lits): UNSAT in 0.29s
    cube 3066.239.78 (depth 2, 28 lits): UNSAT in 0.02s
    cube 3066.239.79 (depth 2, 28 lits): UNSAT in 0.05s
    cube 3066.239.80 (depth 2, 28 lits): UNSAT in 0.05s
    cube 3066.239.81 (depth 2, 28 lits): UNSAT in 0.12s
    cube 3066.239.82 (depth 2, 28 lits): UNSAT in 0.02s
    cube 3066.239.83 (depth 2, 28 lits): UNSAT in 0.01s
    cube 3066.239.84 (depth 2, 28 lits): UNSAT in 0.03s
    cube 3066.239.85 (depth 2, 28 lits): UNSAT in 0.33s
    cube 3066.239.86 (depth 2, 28 lits): UNSAT in 0.10s
    cube 3066.239.87 (depth 2, 28 lits): UNSAT in 0.13s
    cube 3066.239.88 (depth 2, 28 lits): UNSAT in 0.04s
    cube 3066.239.89 (depth 2, 28 lits): UNSAT in 0.21s
    cube 3066.239.90 (depth 2, 28 lits): UNSAT in 0.03s
    cube 3066.239.91 (depth 2, 28 lits): UNSAT in 0.29s
    cube 3066.239.92 (depth 2, 28 lits): UNSAT in 0.41s
    cube 3066.239.93 (depth 2, 28 lits): UNSAT in 2.02s
    cube 3066.239.94 (depth 2, 28 lits): UNSAT in 0.02s
    cube 3066.239.95 (depth 2, 28 lits): UNSAT in 0.02s
    cube 3066.239.96 (depth 2, 28 lits): UNSAT in 0.01s
    cube 3066.239.97 (depth 2, 28 lits): UNSAT in 0.16s
    cube 3066.239.98 (depth 2, 28 lits): UNSAT in 0.06s
    cube 3066.239.99 (depth 2, 28 lits): UNSAT in 0.25s
    cube 3066.239.100 (depth 2, 28 lits): UNSAT in 0.12s
    cube 3066.239.101 (depth 2, 28 lits): UNSAT in 0.78s
    cube 3066.239.102 (depth 2, 28 lits): UNSAT in 0.09s
    cube 3066.239.103 (depth 2, 28 lits): UNSAT in 0.40s
    cube 3066.239.104 (depth 2, 28 lits): UNSAT in 0.07s
    cube 3066.239.105 (depth 2, 28 lits): UNSAT in 0.30s
    cube 3066.239.106 (depth 2, 28 lits): UNSAT in 0.38s
    cube 3066.239.107 (depth 2, 28 lits): UNSAT in 0.95s
    cube 3066.239.108 (depth 2, 28 lits): UNSAT in 1.95s
    cube 3066.239.109 (depth 2, 28 lits): UNSAT in 1.71s
    cube 3066.239.110 (depth 2, 28 lits): UNSAT in 0.22s
    cube 3066.239.111 (depth 2, 28 lits): UNSAT in 0.50s
    cube 3066.239.112 (depth 2, 28 lits): UNSAT in 0.39s
    cube 3066.239.113 (depth 2, 28 lits): UNSAT in 0.18s
    cube 3066.239.114 (depth 2, 28 lits): UNSAT in 0.32s
    cube 3066.239.115 (depth 2, 28 lits): UNSAT in 0.63s
    cube 3066.239.116 (depth 2, 28 lits): UNSAT in 1.45s
    cube 3066.239.117 (depth 2, 28 lits): UNSAT in 4.41s
    cube 3066.239.118 (depth 2, 28 lits): UNSAT in 0.87s
    cube 3066.239.119 (depth 2, 28 lits): UNSAT in 0.66s
    cube 3066.239.120 (depth 2, 28 lits): UNSAT in 0.27s
    cube 3066.239.121 (depth 2, 28 lits): UNSAT in 8.29s
    cube 3066.239.122 (depth 2, 28 lits): UNSAT in 3.24s
    cube 3066.239.123 (depth 2, 28 lits): UNSAT in 9.29s
    cube 3066.239.124 (depth 2, 28 lits): UNSAT in 15.72s
    cube 3066.239.125 (depth 2, 28 lits): UNSAT in 66.99s
    cube 3066.239.126 (depth 2, 28 lits): UNSAT in 0.01s
    cube 3066.239.127 (depth 2, 28 lits): UNSAT in 0.02s
    cube 3066.239.128 (depth 2, 28 lits): UNSAT in 0.01s
    cube 3066.239.129 (depth 2, 28 lits): UNSAT in 0.01s
    cube 3066.239.130 (depth 2, 28 lits): UNSAT in 0.02s
    cube 3066.239.131 (depth 2, 28 lits): UNSAT in 0.04s
    cube 3066.239.132 (depth 2, 28 lits): UNSAT in 0.04s
    cube 3066.239.133 (depth 2, 28 lits): UNSAT in 0.21s
    cube 3066.239.134 (depth 2, 28 lits): UNSAT in 0.01s
    cube 3066.239.135 (depth 2, 28 lits): UNSAT in 0.02s
    cube 3066.239.136 (depth 2, 28 lits): UNSAT in 0.03s
    cube 3066.239.137 (depth 2, 28 lits): UNSAT in 0.17s
    cube 3066.239.138 (depth 2, 28 lits): UNSAT in 0.04s
    cube 3066.239.139 (depth 2, 28 lits): UNSAT in 0.06s
    cube 3066.239.140 (depth 2, 28 lits): UNSAT in 0.17s
    cube 3066.239.141 (depth 2, 28 lits): UNSAT in 0.44s
    cube 3066.239.142 (depth 2, 28 lits): UNSAT in 0.02s
    cube 3066.239.143 (depth 2, 28 lits): UNSAT in 0.04s
    cube 3066.239.144 (depth 2, 28 lits): UNSAT in 0.11s
    cube 3066.239.145 (depth 2, 28 lits): UNSAT in 0.17s
    cube 3066.239.146 (depth 2, 28 lits): UNSAT in 0.06s
    cube 3066.239.147 (depth 2, 28 lits): UNSAT in 0.15s
    cube 3066.239.148 (depth 2, 28 lits): UNSAT in 0.13s
    cube 3066.239.149 (depth 2, 28 lits): UNSAT in 0.45s
    cube 3066.239.150 (depth 2, 28 lits): UNSAT in 0.04s
    cube 3066.239.151 (depth 2, 28 lits): UNSAT in 0.08s
    cube 3066.239.152 (depth 2, 28 lits): UNSAT in 0.27s
    cube 3066.239.153 (depth 2, 28 lits): UNSAT in 0.45s
    cube 3066.239.154 (depth 2, 28 lits): UNSAT in 0.12s
    cube 3066.239.155 (depth 2, 28 lits): UNSAT in 1.28s
    cube 3066.239.156 (depth 2, 28 lits): UNSAT in 1.71s
    cube 3066.239.157 (depth 2, 28 lits): UNSAT in 12.52s
    cube 3066.239.158 (depth 2, 28 lits): UNSAT in 0.06s
    cube 3066.239.159 (depth 2, 28 lits): UNSAT in 0.05s
    cube 3066.239.160 (depth 2, 28 lits): UNSAT in 0.17s
    cube 3066.239.161 (depth 2, 28 lits): UNSAT in 0.46s
    cube 3066.239.162 (depth 2, 28 lits): UNSAT in 0.07s
    cube 3066.239.163 (depth 2, 28 lits): UNSAT in 0.32s
    cube 3066.239.164 (depth 2, 28 lits): UNSAT in 0.18s
    cube 3066.239.165 (depth 2, 28 lits): UNSAT in 0.74s
    cube 3066.239.166 (depth 2, 28 lits): UNSAT in 0.04s
    cube 3066.239.167 (depth 2, 28 lits): UNSAT in 0.14s
    cube 3066.239.168 (depth 2, 28 lits): UNSAT in 0.23s
    cube 3066.239.169 (depth 2, 28 lits): UNSAT in 1.02s
    cube 3066.239.170 (depth 2, 28 lits): UNSAT in 0.15s
    cube 3066.239.171 (depth 2, 28 lits): UNSAT in 2.66s
    cube 3066.239.172 (depth 2, 28 lits): UNSAT in 1.13s
    cube 3066.239.173 (depth 2, 28 lits): UNSAT in 8.10s
    cube 3066.239.174 (depth 2, 28 lits): UNSAT in 0.04s
    cube 3066.239.175 (depth 2, 28 lits): UNSAT in 0.12s
    cube 3066.239.176 (depth 2, 28 lits): UNSAT in 0.12s
    cube 3066.239.177 (depth 2, 28 lits): UNSAT in 0.28s
    cube 3066.239.178 (depth 2, 28 lits): UNSAT in 0.13s
    cube 3066.239.179 (depth 2, 28 lits): UNSAT in 0.68s
    cube 3066.239.180 (depth 2, 28 lits): UNSAT in 0.32s
    cube 3066.239.181 (depth 2, 28 lits): UNSAT in 2.49s
    cube 3066.239.182 (depth 2, 28 lits): UNSAT in 0.33s
    cube 3066.239.183 (depth 2, 28 lits): UNSAT in 0.48s
    cube 3066.239.184 (depth 2, 28 lits): UNSAT in 0.78s
    cube 3066.239.185 (depth 2, 28 lits): UNSAT in 9.10s
    cube 3066.239.186 (depth 2, 28 lits): UNSAT in 2.03s
    cube 3066.239.187 (depth 2, 28 lits): UNSAT in 18.44s
    cube 3066.239.188 (depth 2, 28 lits): UNSAT in 25.32s
    cube 3066.239.189 (depth 2, 28 lits): UNSAT in 131.09s
    cube 3066.239.190 (depth 2, 28 lits): UNSAT in 0.01s
    cube 3066.239.191 (depth 2, 28 lits): UNSAT in 0.05s
    cube 3066.239.192 (depth 2, 28 lits): UNSAT in 0.10s
    cube 3066.239.193 (depth 2, 28 lits): UNSAT in 0.12s
    cube 3066.239.194 (depth 2, 28 lits): UNSAT in 0.06s
    cube 3066.239.195 (depth 2, 28 lits): UNSAT in 0.09s
    cube 3066.239.196 (depth 2, 28 lits): UNSAT in 0.16s
    cube 3066.239.197 (depth 2, 28 lits): UNSAT in 0.85s
    cube 3066.239.198 (depth 2, 28 lits): UNSAT in 0.48s
    cube 3066.239.199 (depth 2, 28 lits): UNSAT in 0.47s
    cube 3066.239.200 (depth 2, 28 lits): UNSAT in 0.71s
    cube 3066.239.201 (depth 2, 28 lits): UNSAT in 1.06s
    cube 3066.239.202 (depth 2, 28 lits): UNSAT in 0.28s
    cube 3066.239.203 (depth 2, 28 lits): UNSAT in 1.90s
    cube 3066.239.204 (depth 2, 28 lits): UNSAT in 1.22s
    cube 3066.239.205 (depth 2, 28 lits): UNSAT in 4.07s
    cube 3066.239.206 (depth 2, 28 lits): UNSAT in 0.15s
    cube 3066.239.207 (depth 2, 28 lits): UNSAT in 0.50s
    cube 3066.239.208 (depth 2, 28 lits): UNSAT in 0.17s
    cube 3066.239.209 (depth 2, 28 lits): UNSAT in 0.99s
    cube 3066.239.210 (depth 2, 28 lits): UNSAT in 0.31s
    cube 3066.239.211 (depth 2, 28 lits): UNSAT in 0.57s
    cube 3066.239.212 (depth 2, 28 lits): UNSAT in 1.30s
    cube 3066.239.213 (depth 2, 28 lits): UNSAT in 6.64s
    cube 3066.239.214 (depth 2, 28 lits): UNSAT in 0.52s
    cube 3066.239.215 (depth 2, 28 lits): UNSAT in 0.75s
    cube 3066.239.216 (depth 2, 28 lits): UNSAT in 1.04s
    cube 3066.239.217 (depth 2, 28 lits): UNSAT in 5.23s
    cube 3066.239.218 (depth 2, 28 lits): UNSAT in 1.50s
    cube 3066.239.219 (depth 2, 28 lits): UNSAT in 9.09s
    cube 3066.239.220 (depth 2, 28 lits): UNSAT in 5.51s
    cube 3066.239.221 (depth 2, 28 lits): UNSAT in 69.25s
    cube 3066.239.222 (depth 2, 28 lits): UNSAT in 0.23s
    cube 3066.239.223 (depth 2, 28 lits): UNSAT in 0.39s
    cube 3066.239.224 (depth 2, 28 lits): UNSAT in 0.21s
    cube 3066.239.225 (depth 2, 28 lits): UNSAT in 1.41s
    cube 3066.239.226 (depth 2, 28 lits): UNSAT in 0.72s
    cube 3066.239.227 (depth 2, 28 lits): UNSAT in 3.58s
    cube 3066.239.228 (depth 2, 28 lits): UNSAT in 0.93s
    cube 3066.239.229 (depth 2, 28 lits): UNSAT in 10.38s
    cube 3066.239.230 (depth 2, 28 lits): UNSAT in 0.92s
    cube 3066.239.231 (depth 2, 28 lits): UNSAT in 0.76s
    cube 3066.239.232 (depth 2, 28 lits): UNSAT in 0.55s
    cube 3066.239.233 (depth 2, 28 lits): UNSAT in 4.58s
    cube 3066.239.234 (depth 2, 28 lits): UNSAT in 1.30s
    cube 3066.239.235 (depth 2, 28 lits): UNSAT in 7.78s
    cube 3066.239.236 (depth 2, 28 lits): UNSAT in 15.10s
    cube 3066.239.237 (depth 2, 28 lits): UNSAT in 174.44s
    cube 3066.239.238 (depth 2, 28 lits): UNSAT in 0.23s
    cube 3066.239.239 (depth 2, 28 lits): UNSAT in 0.20s
    cube 3066.239.240 (depth 2, 28 lits): UNSAT in 1.21s
    cube 3066.239.241 (depth 2, 28 lits): UNSAT in 20.48s
    cube 3066.239.242 (depth 2, 28 lits): UNSAT in 1.16s
    cube 3066.239.243 (depth 2, 28 lits): UNSAT in 16.21s
    cube 3066.239.244 (depth 2, 28 lits): UNSAT in 14.29s
    cube 3066.239.245 (depth 2, 28 lits): UNSAT in 377.71s
    cube 3066.239.246 (depth 2, 28 lits): UNSAT in 0.28s
    cube 3066.239.247 (depth 2, 28 lits): UNSAT in 0.73s
    cube 3066.239.248 (depth 2, 28 lits): UNSAT in 0.79s
    cube 3066.239.249 (depth 2, 28 lits): UNSAT in 37.06s
    cube 3066.239.250 (depth 2, 28 lits): UNSAT in 3.36s
    cube 3066.239.251 (depth 2, 28 lits): UNSAT in 23.02s
    cube 3066.239.252 (depth 2, 28 lits): UNSAT in 15.14s
    cube 3066.239.253 (depth 2, 28 lits): TIMEOUT in 1200.09s
    cube 3066.239.253 TIMEOUT -> re-split into 244 sub-cubes (depth 3)
    cube 3066.239.253.0 (depth 3, 36 lits): UNSAT in 0.01s
    cube 3066.239.253.1 (depth 3, 36 lits): UNSAT in 0.01s
    cube 3066.239.253.2 (depth 3, 36 lits): UNSAT in 0.01s
    cube 3066.239.253.3 (depth 3, 36 lits): UNSAT in 0.01s
    cube 3066.239.253.4 (depth 3, 36 lits): UNSAT in 0.01s
    cube 3066.239.253.5 (depth 3, 36 lits): UNSAT in 0.02s
    cube 3066.239.253.6 (depth 3, 36 lits): UNSAT in 0.02s
    cube 3066.239.253.7 (depth 3, 36 lits): UNSAT in 0.02s
    cube 3066.239.253.8 (depth 3, 36 lits): UNSAT in 0.01s
    cube 3066.239.253.9 (depth 3, 36 lits): UNSAT in 0.01s
    cube 3066.239.253.10 (depth 3, 36 lits): UNSAT in 0.02s
    cube 3066.239.253.11 (depth 3, 36 lits): UNSAT in 0.03s
    cube 3066.239.253.12 (depth 3, 36 lits): UNSAT in 0.01s
    cube 3066.239.253.13 (depth 3, 36 lits): UNSAT in 0.04s
    cube 3066.239.253.14 (depth 3, 36 lits): UNSAT in 0.02s
    cube 3066.239.253.15 (depth 3, 36 lits): UNSAT in 0.13s
    cube 3066.239.253.16 (depth 3, 36 lits): UNSAT in 0.01s
    cube 3066.239.253.17 (depth 3, 36 lits): UNSAT in 0.01s
    cube 3066.239.253.18 (depth 3, 36 lits): UNSAT in 0.01s
    cube 3066.239.253.19 (depth 3, 36 lits): UNSAT in 0.02s
    cube 3066.239.253.20 (depth 3, 35 lits): UNSAT in 0.01s
    cube 3066.239.253.21 (depth 3, 36 lits): UNSAT in 0.02s
    cube 3066.239.253.22 (depth 3, 36 lits): UNSAT in 0.05s
    cube 3066.239.253.23 (depth 3, 36 lits): UNSAT in 0.02s
    cube 3066.239.253.24 (depth 3, 36 lits): UNSAT in 0.02s
    cube 3066.239.253.25 (depth 3, 36 lits): UNSAT in 0.03s
    cube 3066.239.253.26 (depth 3, 36 lits): UNSAT in 0.05s
    cube 3066.239.253.27 (depth 3, 36 lits): UNSAT in 0.03s
    cube 3066.239.253.28 (depth 3, 36 lits): UNSAT in 0.05s
    cube 3066.239.253.29 (depth 3, 36 lits): UNSAT in 0.19s
    cube 3066.239.253.30 (depth 3, 36 lits): UNSAT in 0.39s
    cube 3066.239.253.31 (depth 3, 34 lits): UNSAT in 0.01s
    cube 3066.239.253.32 (depth 3, 35 lits): UNSAT in 0.01s
    cube 3066.239.253.33 (depth 3, 35 lits): UNSAT in 0.01s
    cube 3066.239.253.34 (depth 3, 36 lits): UNSAT in 0.01s
    cube 3066.239.253.35 (depth 3, 36 lits): UNSAT in 0.01s
    cube 3066.239.253.36 (depth 3, 35 lits): UNSAT in 0.01s
    cube 3066.239.253.37 (depth 3, 36 lits): UNSAT in 0.01s
    cube 3066.239.253.38 (depth 3, 36 lits): UNSAT in 0.01s
    cube 3066.239.253.39 (depth 3, 36 lits): UNSAT in 0.02s
    cube 3066.239.253.40 (depth 3, 36 lits): UNSAT in 0.04s
    cube 3066.239.253.41 (depth 3, 36 lits): UNSAT in 0.01s
    cube 3066.239.253.42 (depth 3, 36 lits): UNSAT in 0.02s
    cube 3066.239.253.43 (depth 3, 36 lits): UNSAT in 0.02s
    cube 3066.239.253.44 (depth 3, 36 lits): UNSAT in 0.05s
    cube 3066.239.253.45 (depth 3, 36 lits): UNSAT in 0.04s
    cube 3066.239.253.46 (depth 3, 36 lits): UNSAT in 0.09s
    cube 3066.239.253.47 (depth 3, 36 lits): UNSAT in 0.03s
    cube 3066.239.253.48 (depth 3, 36 lits): UNSAT in 0.11s
    cube 3066.239.253.49 (depth 3, 36 lits): UNSAT in 0.02s
    cube 3066.239.253.50 (depth 3, 36 lits): UNSAT in 0.03s
    cube 3066.239.253.51 (depth 3, 36 lits): UNSAT in 0.06s
    cube 3066.239.253.52 (depth 3, 36 lits): UNSAT in 0.11s
    cube 3066.239.253.53 (depth 3, 36 lits): UNSAT in 0.01s
    cube 3066.239.253.54 (depth 3, 36 lits): UNSAT in 0.03s
    cube 3066.239.253.55 (depth 3, 36 lits): UNSAT in 0.11s
    cube 3066.239.253.56 (depth 3, 36 lits): UNSAT in 0.26s
    cube 3066.239.253.57 (depth 3, 36 lits): UNSAT in 0.01s
    cube 3066.239.253.58 (depth 3, 36 lits): UNSAT in 0.01s
    cube 3066.239.253.59 (depth 3, 36 lits): UNSAT in 0.02s
    cube 3066.239.253.60 (depth 3, 36 lits): UNSAT in 0.03s
    cube 3066.239.253.61 (depth 3, 36 lits): UNSAT in 0.02s
    cube 3066.239.253.62 (depth 3, 36 lits): UNSAT in 0.02s
    cube 3066.239.253.63 (depth 3, 36 lits): UNSAT in 0.02s
    cube 3066.239.253.64 (depth 3, 36 lits): UNSAT in 0.05s
    cube 3066.239.253.65 (depth 3, 36 lits): UNSAT in 0.02s
    cube 3066.239.253.66 (depth 3, 36 lits): UNSAT in 0.02s
    cube 3066.239.253.67 (depth 3, 36 lits): UNSAT in 0.01s
    cube 3066.239.253.68 (depth 3, 36 lits): UNSAT in 0.13s
    cube 3066.239.253.69 (depth 3, 36 lits): UNSAT in 0.03s
    cube 3066.239.253.70 (depth 3, 36 lits): UNSAT in 0.16s
    cube 3066.239.253.71 (depth 3, 36 lits): UNSAT in 0.08s
    cube 3066.239.253.72 (depth 3, 36 lits): UNSAT in 0.06s
    cube 3066.239.253.73 (depth 3, 35 lits): UNSAT in 0.01s
    cube 3066.239.253.74 (depth 3, 36 lits): UNSAT in 0.01s
    cube 3066.239.253.75 (depth 3, 36 lits): UNSAT in 0.04s
    cube 3066.239.253.76 (depth 3, 36 lits): UNSAT in 0.02s
    cube 3066.239.253.77 (depth 3, 36 lits): UNSAT in 0.03s
    cube 3066.239.253.78 (depth 3, 36 lits): UNSAT in 0.07s
    cube 3066.239.253.79 (depth 3, 36 lits): UNSAT in 0.10s
    cube 3066.239.253.80 (depth 3, 36 lits): UNSAT in 0.04s
    cube 3066.239.253.81 (depth 3, 36 lits): UNSAT in 0.06s
    cube 3066.239.253.82 (depth 3, 36 lits): UNSAT in 0.04s
    cube 3066.239.253.83 (depth 3, 36 lits): UNSAT in 0.08s
    cube 3066.239.253.84 (depth 3, 36 lits): UNSAT in 0.01s
    cube 3066.239.253.85 (depth 3, 36 lits): UNSAT in 0.02s
    cube 3066.239.253.86 (depth 3, 36 lits): UNSAT in 0.08s
    cube 3066.239.253.87 (depth 3, 36 lits): UNSAT in 0.02s
    cube 3066.239.253.88 (depth 3, 36 lits): UNSAT in 0.02s
    cube 3066.239.253.89 (depth 3, 36 lits): UNSAT in 0.03s
    cube 3066.239.253.90 (depth 3, 36 lits): UNSAT in 0.02s
    cube 3066.239.253.91 (depth 3, 36 lits): UNSAT in 0.15s
    cube 3066.239.253.92 (depth 3, 36 lits): UNSAT in 0.01s
    cube 3066.239.253.93 (depth 3, 36 lits): UNSAT in 0.05s
    cube 3066.239.253.94 (depth 3, 36 lits): UNSAT in 0.08s
    cube 3066.239.253.95 (depth 3, 36 lits): UNSAT in 0.05s
    cube 3066.239.253.96 (depth 3, 36 lits): UNSAT in 0.05s
    cube 3066.239.253.97 (depth 3, 36 lits): UNSAT in 0.13s
    cube 3066.239.253.98 (depth 3, 36 lits): UNSAT in 0.14s
    cube 3066.239.253.99 (depth 3, 36 lits): UNSAT in 0.98s
    cube 3066.239.253.100 (depth 3, 36 lits): UNSAT in 0.02s
    cube 3066.239.253.101 (depth 3, 36 lits): UNSAT in 0.18s
    cube 3066.239.253.102 (depth 3, 36 lits): UNSAT in 0.15s
    cube 3066.239.253.103 (depth 3, 36 lits): UNSAT in 0.22s
    cube 3066.239.253.104 (depth 3, 36 lits): UNSAT in 0.02s
    cube 3066.239.253.105 (depth 3, 36 lits): UNSAT in 0.14s
    cube 3066.239.253.106 (depth 3, 36 lits): UNSAT in 0.03s
    cube 3066.239.253.107 (depth 3, 36 lits): UNSAT in 0.24s
    cube 3066.239.253.108 (depth 3, 36 lits): UNSAT in 0.01s
    cube 3066.239.253.109 (depth 3, 36 lits): UNSAT in 0.14s
    cube 3066.239.253.110 (depth 3, 36 lits): UNSAT in 0.12s
    cube 3066.239.253.111 (depth 3, 36 lits): UNSAT in 0.19s
    cube 3066.239.253.112 (depth 3, 36 lits): UNSAT in 0.15s
    cube 3066.239.253.113 (depth 3, 36 lits): UNSAT in 0.06s
    cube 3066.239.253.114 (depth 3, 36 lits): UNSAT in 0.17s
    cube 3066.239.253.115 (depth 3, 36 lits): UNSAT in 1.55s
    cube 3066.239.253.116 (depth 3, 36 lits): UNSAT in 0.09s
    cube 3066.239.253.117 (depth 3, 36 lits): UNSAT in 1.23s
    cube 3066.239.253.118 (depth 3, 36 lits): UNSAT in 1.61s
    cube 3066.239.253.119 (depth 3, 36 lits): UNSAT in 1.45s
    cube 3066.239.253.120 (depth 3, 35 lits): UNSAT in 0.01s
    cube 3066.239.253.121 (depth 3, 36 lits): UNSAT in 0.01s
    cube 3066.239.253.122 (depth 3, 36 lits): UNSAT in 0.01s
    cube 3066.239.253.123 (depth 3, 35 lits): UNSAT in 0.01s
    cube 3066.239.253.124 (depth 3, 36 lits): UNSAT in 0.01s
    cube 3066.239.253.125 (depth 3, 36 lits): UNSAT in 0.02s
    cube 3066.239.253.126 (depth 3, 35 lits): UNSAT in 0.01s
    cube 3066.239.253.127 (depth 3, 36 lits): UNSAT in 0.02s
    cube 3066.239.253.128 (depth 3, 36 lits): UNSAT in 0.03s
    cube 3066.239.253.129 (depth 3, 36 lits): UNSAT in 0.02s
    cube 3066.239.253.130 (depth 3, 36 lits): UNSAT in 0.03s
    cube 3066.239.253.131 (depth 3, 36 lits): UNSAT in 0.03s
    cube 3066.239.253.132 (depth 3, 36 lits): UNSAT in 0.08s
    cube 3066.239.253.133 (depth 3, 36 lits): UNSAT in 0.01s
    cube 3066.239.253.134 (depth 3, 36 lits): UNSAT in 0.02s
    cube 3066.239.253.135 (depth 3, 36 lits): UNSAT in 0.05s
    cube 3066.239.253.136 (depth 3, 36 lits): UNSAT in 0.07s
    cube 3066.239.253.137 (depth 3, 36 lits): UNSAT in 0.02s
    cube 3066.239.253.138 (depth 3, 36 lits): UNSAT in 0.03s
    cube 3066.239.253.139 (depth 3, 36 lits): UNSAT in 0.07s
    cube 3066.239.253.140 (depth 3, 36 lits): UNSAT in 0.37s
    cube 3066.239.253.141 (depth 3, 36 lits): UNSAT in 0.02s
    cube 3066.239.253.142 (depth 3, 36 lits): UNSAT in 0.02s
    cube 3066.239.253.143 (depth 3, 36 lits): UNSAT in 0.03s
    cube 3066.239.253.144 (depth 3, 36 lits): UNSAT in 0.11s
    cube 3066.239.253.145 (depth 3, 36 lits): UNSAT in 0.04s
    cube 3066.239.253.146 (depth 3, 36 lits): UNSAT in 0.14s
    cube 3066.239.253.147 (depth 3, 36 lits): UNSAT in 0.09s
    cube 3066.239.253.148 (depth 3, 36 lits): UNSAT in 0.60s
    cube 3066.239.253.149 (depth 3, 35 lits): UNSAT in 0.01s
    cube 3066.239.253.150 (depth 3, 36 lits): UNSAT in 0.01s
    cube 3066.239.253.151 (depth 3, 36 lits): UNSAT in 0.01s
    cube 3066.239.253.152 (depth 3, 36 lits): UNSAT in 0.02s
    cube 3066.239.253.153 (depth 3, 36 lits): UNSAT in 0.02s
    cube 3066.239.253.154 (depth 3, 36 lits): UNSAT in 0.04s
    cube 3066.239.253.155 (depth 3, 36 lits): UNSAT in 0.03s
    cube 3066.239.253.156 (depth 3, 36 lits): UNSAT in 0.02s
    cube 3066.239.253.157 (depth 3, 36 lits): UNSAT in 0.05s
    cube 3066.239.253.158 (depth 3, 36 lits): UNSAT in 0.08s
    cube 3066.239.253.159 (depth 3, 36 lits): UNSAT in 0.07s
    cube 3066.239.253.160 (depth 3, 36 lits): UNSAT in 0.02s
    cube 3066.239.253.161 (depth 3, 36 lits): UNSAT in 0.03s
    cube 3066.239.253.162 (depth 3, 36 lits): UNSAT in 0.04s
    cube 3066.239.253.163 (depth 3, 36 lits): UNSAT in 0.14s
    cube 3066.239.253.164 (depth 3, 36 lits): UNSAT in 0.01s
    cube 3066.239.253.165 (depth 3, 36 lits): UNSAT in 0.03s
    cube 3066.239.253.166 (depth 3, 36 lits): UNSAT in 0.02s
    cube 3066.239.253.167 (depth 3, 36 lits): UNSAT in 0.21s
    cube 3066.239.253.168 (depth 3, 36 lits): UNSAT in 0.06s
    cube 3066.239.253.169 (depth 3, 36 lits): UNSAT in 0.07s
    cube 3066.239.253.170 (depth 3, 36 lits): UNSAT in 0.17s
    cube 3066.239.253.171 (depth 3, 36 lits): UNSAT in 0.15s
    cube 3066.239.253.172 (depth 3, 36 lits): UNSAT in 0.08s
    cube 3066.239.253.173 (depth 3, 36 lits): UNSAT in 0.13s
    cube 3066.239.253.174 (depth 3, 36 lits): UNSAT in 0.14s
    cube 3066.239.253.175 (depth 3, 36 lits): UNSAT in 0.35s
    cube 3066.239.253.176 (depth 3, 36 lits): UNSAT in 0.06s
    cube 3066.239.253.177 (depth 3, 36 lits): UNSAT in 0.76s
    cube 3066.239.253.178 (depth 3, 36 lits): UNSAT in 0.70s
    cube 3066.239.253.179 (depth 3, 36 lits): UNSAT in 1.52s
    cube 3066.239.253.180 (depth 3, 36 lits): UNSAT in 0.01s
    cube 3066.239.253.181 (depth 3, 36 lits): UNSAT in 0.02s
    cube 3066.239.253.182 (depth 3, 36 lits): UNSAT in 0.03s
    cube 3066.239.253.183 (depth 3, 36 lits): UNSAT in 0.02s
    cube 3066.239.253.184 (depth 3, 36 lits): UNSAT in 0.02s
    cube 3066.239.253.185 (depth 3, 36 lits): UNSAT in 0.06s
    cube 3066.239.253.186 (depth 3, 36 lits): UNSAT in 0.03s
    cube 3066.239.253.187 (depth 3, 36 lits): UNSAT in 0.12s
    cube 3066.239.253.188 (depth 3, 36 lits): UNSAT in 0.01s
    cube 3066.239.253.189 (depth 3, 36 lits): UNSAT in 0.02s
    cube 3066.239.253.190 (depth 3, 36 lits): UNSAT in 0.03s
    cube 3066.239.253.191 (depth 3, 36 lits): UNSAT in 0.03s
    cube 3066.239.253.192 (depth 3, 36 lits): UNSAT in 0.05s
    cube 3066.239.253.193 (depth 3, 36 lits): UNSAT in 0.11s
    cube 3066.239.253.194 (depth 3, 36 lits): UNSAT in 0.06s
    cube 3066.239.253.195 (depth 3, 36 lits): UNSAT in 0.40s
    cube 3066.239.253.196 (depth 3, 36 lits): UNSAT in 0.02s
    cube 3066.239.253.197 (depth 3, 36 lits): UNSAT in 0.05s
    cube 3066.239.253.198 (depth 3, 36 lits): UNSAT in 0.03s
    cube 3066.239.253.199 (depth 3, 36 lits): UNSAT in 0.07s
    cube 3066.239.253.200 (depth 3, 36 lits): UNSAT in 0.02s
    cube 3066.239.253.201 (depth 3, 36 lits): UNSAT in 0.04s
    cube 3066.239.253.202 (depth 3, 36 lits): UNSAT in 0.04s
    cube 3066.239.253.203 (depth 3, 36 lits): UNSAT in 0.16s
    cube 3066.239.253.204 (depth 3, 36 lits): UNSAT in 0.04s
    cube 3066.239.253.205 (depth 3, 36 lits): UNSAT in 0.11s
    cube 3066.239.253.206 (depth 3, 36 lits): UNSAT in 0.15s
    cube 3066.239.253.207 (depth 3, 36 lits): UNSAT in 0.39s
    cube 3066.239.253.208 (depth 3, 36 lits): UNSAT in 0.42s
    cube 3066.239.253.209 (depth 3, 36 lits): UNSAT in 0.69s
    cube 3066.239.253.210 (depth 3, 36 lits): UNSAT in 1.08s
    cube 3066.239.253.211 (depth 3, 36 lits): UNSAT in 3.50s
    cube 3066.239.253.212 (depth 3, 36 lits): UNSAT in 0.02s
    cube 3066.239.253.213 (depth 3, 36 lits): UNSAT in 0.05s
    cube 3066.239.253.214 (depth 3, 36 lits): UNSAT in 0.04s
    cube 3066.239.253.215 (depth 3, 36 lits): UNSAT in 0.17s
    cube 3066.239.253.216 (depth 3, 36 lits): UNSAT in 0.03s
    cube 3066.239.253.217 (depth 3, 36 lits): UNSAT in 0.06s
    cube 3066.239.253.218 (depth 3, 36 lits): UNSAT in 0.14s
    cube 3066.239.253.219 (depth 3, 36 lits): UNSAT in 1.08s
    cube 3066.239.253.220 (depth 3, 36 lits): UNSAT in 0.03s
    cube 3066.239.253.221 (depth 3, 36 lits): UNSAT in 0.02s
    cube 3066.239.253.222 (depth 3, 36 lits): UNSAT in 0.17s
    cube 3066.239.253.223 (depth 3, 36 lits): UNSAT in 0.20s
    cube 3066.239.253.224 (depth 3, 36 lits): UNSAT in 0.14s
    cube 3066.239.253.225 (depth 3, 36 lits): UNSAT in 0.65s
    cube 3066.239.253.226 (depth 3, 36 lits): UNSAT in 0.66s
    cube 3066.239.253.227 (depth 3, 36 lits): UNSAT in 2.77s
    cube 3066.239.253.228 (depth 3, 36 lits): UNSAT in 0.03s
    cube 3066.239.253.229 (depth 3, 36 lits): UNSAT in 0.13s
    cube 3066.239.253.230 (depth 3, 36 lits): UNSAT in 0.50s
    cube 3066.239.253.231 (depth 3, 36 lits): UNSAT in 1.47s
    cube 3066.239.253.232 (depth 3, 36 lits): UNSAT in 0.10s
    cube 3066.239.253.233 (depth 3, 36 lits): UNSAT in 0.74s
    cube 3066.239.253.234 (depth 3, 36 lits): UNSAT in 1.18s
    cube 3066.239.253.235 (depth 3, 36 lits): UNSAT in 9.63s
    cube 3066.239.253.236 (depth 3, 36 lits): UNSAT in 0.24s
    cube 3066.239.253.237 (depth 3, 36 lits): UNSAT in 1.99s
    cube 3066.239.253.238 (depth 3, 36 lits): UNSAT in 1.35s
    cube 3066.239.253.239 (depth 3, 36 lits): UNSAT in 12.69s
    cube 3066.239.253.240 (depth 3, 36 lits): UNSAT in 0.15s
    cube 3066.239.253.241 (depth 3, 36 lits): UNSAT in 0.88s
    cube 3066.239.253.242 (depth 3, 36 lits): UNSAT in 1.34s
    cube 3066.239.253.243 (depth 3, 36 lits): UNSAT in 10.83s
    cube 3066.240 (depth 1, 20 lits): UNSAT in 2.30s
    cube 3066.241 (depth 1, 20 lits): UNSAT in 62.31s
    cube 3066.242 (depth 1, 20 lits): UNSAT in 14.09s
    cube 3066.243 (depth 1, 20 lits): UNSAT in 806.56s
    cube 3066.244 (depth 1, 20 lits): UNSAT in 17.22s
    cube 3066.245 (depth 1, 20 lits): UNSAT in 149.96s
    cube 3066.246 (depth 1, 20 lits): UNSAT in 206.85s
    cube 3066.247 (depth 1, 20 lits): TIMEOUT in 1200.10s
    cube 3066.247 TIMEOUT -> re-split into 254 sub-cubes (depth 2)
    cube 3066.247.0 (depth 2, 27 lits): UNSAT in 0.01s
    cube 3066.247.1 (depth 2, 28 lits): UNSAT in 0.02s
    cube 3066.247.2 (depth 2, 28 lits): UNSAT in 0.01s
    cube 3066.247.3 (depth 2, 28 lits): UNSAT in 0.01s
    cube 3066.247.4 (depth 2, 28 lits): UNSAT in 0.03s
    cube 3066.247.5 (depth 2, 28 lits): UNSAT in 0.03s
    cube 3066.247.6 (depth 2, 28 lits): UNSAT in 0.12s
    cube 3066.247.7 (depth 2, 28 lits): UNSAT in 0.02s
    cube 3066.247.8 (depth 2, 28 lits): UNSAT in 0.03s
    cube 3066.247.9 (depth 2, 28 lits): UNSAT in 0.03s
    cube 3066.247.10 (depth 2, 28 lits): UNSAT in 0.08s
    cube 3066.247.11 (depth 2, 28 lits): UNSAT in 0.03s
    cube 3066.247.12 (depth 2, 28 lits): UNSAT in 0.06s
    cube 3066.247.13 (depth 2, 28 lits): UNSAT in 0.07s
    cube 3066.247.14 (depth 2, 28 lits): UNSAT in 0.15s
    cube 3066.247.15 (depth 2, 27 lits): UNSAT in 0.01s
    cube 3066.247.16 (depth 2, 28 lits): UNSAT in 0.02s
    cube 3066.247.17 (depth 2, 28 lits): UNSAT in 0.04s
    cube 3066.247.18 (depth 2, 28 lits): UNSAT in 0.02s
    cube 3066.247.19 (depth 2, 28 lits): UNSAT in 0.05s
    cube 3066.247.20 (depth 2, 28 lits): UNSAT in 0.05s
    cube 3066.247.21 (depth 2, 28 lits): UNSAT in 0.12s
    cube 3066.247.22 (depth 2, 28 lits): UNSAT in 0.04s
    cube 3066.247.23 (depth 2, 28 lits): UNSAT in 0.02s
    cube 3066.247.24 (depth 2, 28 lits): UNSAT in 0.03s
    cube 3066.247.25 (depth 2, 28 lits): UNSAT in 0.04s
    cube 3066.247.26 (depth 2, 28 lits): UNSAT in 0.02s
    cube 3066.247.27 (depth 2, 28 lits): UNSAT in 0.02s
    cube 3066.247.28 (depth 2, 28 lits): UNSAT in 0.07s
    cube 3066.247.29 (depth 2, 28 lits): UNSAT in 0.16s
    cube 3066.247.30 (depth 2, 28 lits): UNSAT in 0.02s
    cube 3066.247.31 (depth 2, 28 lits): UNSAT in 0.03s
    cube 3066.247.32 (depth 2, 28 lits): UNSAT in 0.05s
    cube 3066.247.33 (depth 2, 28 lits): UNSAT in 0.21s
    cube 3066.247.34 (depth 2, 28 lits): UNSAT in 0.10s
    cube 3066.247.35 (depth 2, 28 lits): UNSAT in 0.16s
    cube 3066.247.36 (depth 2, 28 lits): UNSAT in 0.29s
    cube 3066.247.37 (depth 2, 28 lits): UNSAT in 0.43s
    cube 3066.247.38 (depth 2, 28 lits): UNSAT in 0.03s
    cube 3066.247.39 (depth 2, 28 lits): UNSAT in 0.05s
    cube 3066.247.40 (depth 2, 28 lits): UNSAT in 0.05s
    cube 3066.247.41 (depth 2, 28 lits): UNSAT in 0.14s
    cube 3066.247.42 (depth 2, 28 lits): UNSAT in 0.09s
    cube 3066.247.43 (depth 2, 28 lits): UNSAT in 0.10s
    cube 3066.247.44 (depth 2, 28 lits): UNSAT in 0.36s
    cube 3066.247.45 (depth 2, 28 lits): UNSAT in 0.31s
    cube 3066.247.46 (depth 2, 28 lits): UNSAT in 0.07s
    cube 3066.247.47 (depth 2, 28 lits): UNSAT in 0.31s
    cube 3066.247.48 (depth 2, 28 lits): UNSAT in 0.24s
    cube 3066.247.49 (depth 2, 28 lits): UNSAT in 1.49s
    cube 3066.247.50 (depth 2, 28 lits): UNSAT in 0.20s
    cube 3066.247.51 (depth 2, 28 lits): UNSAT in 0.81s
    cube 3066.247.52 (depth 2, 28 lits): UNSAT in 0.58s
    cube 3066.247.53 (depth 2, 28 lits): UNSAT in 1.88s
    cube 3066.247.54 (depth 2, 28 lits): UNSAT in 0.25s
    cube 3066.247.55 (depth 2, 28 lits): UNSAT in 1.33s
    cube 3066.247.56 (depth 2, 28 lits): UNSAT in 1.88s
    cube 3066.247.57 (depth 2, 28 lits): UNSAT in 2.78s
    cube 3066.247.58 (depth 2, 28 lits): UNSAT in 0.14s
    cube 3066.247.59 (depth 2, 28 lits): UNSAT in 0.47s
    cube 3066.247.60 (depth 2, 28 lits): UNSAT in 1.64s
    cube 3066.247.61 (depth 2, 28 lits): UNSAT in 2.18s
    cube 3066.247.62 (depth 2, 28 lits): UNSAT in 0.01s
    cube 3066.247.63 (depth 2, 28 lits): UNSAT in 0.01s
    cube 3066.247.64 (depth 2, 28 lits): UNSAT in 0.02s
    cube 3066.247.65 (depth 2, 28 lits): UNSAT in 0.05s
    cube 3066.247.66 (depth 2, 28 lits): UNSAT in 0.02s
    cube 3066.247.67 (depth 2, 28 lits): UNSAT in 0.09s
    cube 3066.247.68 (depth 2, 28 lits): UNSAT in 0.04s
    cube 3066.247.69 (depth 2, 28 lits): UNSAT in 0.09s
    cube 3066.247.70 (depth 2, 28 lits): UNSAT in 0.02s
    cube 3066.247.71 (depth 2, 28 lits): UNSAT in 0.03s
    cube 3066.247.72 (depth 2, 28 lits): UNSAT in 0.01s
    cube 3066.247.73 (depth 2, 28 lits): UNSAT in 0.05s
    cube 3066.247.74 (depth 2, 28 lits): UNSAT in 0.03s
    cube 3066.247.75 (depth 2, 28 lits): UNSAT in 0.11s
    cube 3066.247.76 (depth 2, 28 lits): UNSAT in 0.10s
    cube 3066.247.77 (depth 2, 28 lits): UNSAT in 0.08s
    cube 3066.247.78 (depth 2, 28 lits): UNSAT in 0.02s
    cube 3066.247.79 (depth 2, 28 lits): UNSAT in 0.03s
    cube 3066.247.80 (depth 2, 28 lits): UNSAT in 0.05s
    cube 3066.247.81 (depth 2, 28 lits): UNSAT in 0.24s
    cube 3066.247.82 (depth 2, 28 lits): UNSAT in 0.10s
    cube 3066.247.83 (depth 2, 28 lits): UNSAT in 0.07s
    cube 3066.247.84 (depth 2, 28 lits): UNSAT in 0.08s
    cube 3066.247.85 (depth 2, 28 lits): UNSAT in 0.30s
    cube 3066.247.86 (depth 2, 28 lits): UNSAT in 0.05s
    cube 3066.247.87 (depth 2, 28 lits): UNSAT in 0.06s
    cube 3066.247.88 (depth 2, 28 lits): UNSAT in 0.34s
    cube 3066.247.89 (depth 2, 28 lits): UNSAT in 0.14s
    cube 3066.247.90 (depth 2, 28 lits): UNSAT in 0.15s
    cube 3066.247.91 (depth 2, 28 lits): UNSAT in 0.81s
    cube 3066.247.92 (depth 2, 28 lits): UNSAT in 1.38s
    cube 3066.247.93 (depth 2, 28 lits): UNSAT in 3.45s
    cube 3066.247.94 (depth 2, 28 lits): UNSAT in 0.03s
    cube 3066.247.95 (depth 2, 28 lits): UNSAT in 0.14s
    cube 3066.247.96 (depth 2, 28 lits): UNSAT in 0.03s
    cube 3066.247.97 (depth 2, 28 lits): UNSAT in 0.11s
    cube 3066.247.98 (depth 2, 28 lits): UNSAT in 0.28s
    cube 3066.247.99 (depth 2, 28 lits): UNSAT in 0.35s
    cube 3066.247.100 (depth 2, 28 lits): UNSAT in 0.19s
    cube 3066.247.101 (depth 2, 28 lits): UNSAT in 1.35s
    cube 3066.247.102 (depth 2, 28 lits): UNSAT in 0.12s
    cube 3066.247.103 (depth 2, 28 lits): UNSAT in 0.96s
    cube 3066.247.104 (depth 2, 28 lits): UNSAT in 0.16s
    cube 3066.247.105 (depth 2, 28 lits): UNSAT in 0.56s
    cube 3066.247.106 (depth 2, 28 lits): UNSAT in 0.36s
    cube 3066.247.107 (depth 2, 28 lits): UNSAT in 1.08s
    cube 3066.247.108 (depth 2, 28 lits): UNSAT in 5.39s
    cube 3066.247.109 (depth 2, 28 lits): UNSAT in 10.65s
    cube 3066.247.110 (depth 2, 28 lits): UNSAT in 0.03s
    cube 3066.247.111 (depth 2, 28 lits): UNSAT in 0.12s
    cube 3066.247.112 (depth 2, 28 lits): UNSAT in 0.28s
    cube 3066.247.113 (depth 2, 28 lits): UNSAT in 1.11s
    cube 3066.247.114 (depth 2, 28 lits): UNSAT in 0.43s
    cube 3066.247.115 (depth 2, 28 lits): UNSAT in 2.08s
    cube 3066.247.116 (depth 2, 28 lits): UNSAT in 1.28s
    cube 3066.247.117 (depth 2, 28 lits): UNSAT in 9.79s
    cube 3066.247.118 (depth 2, 28 lits): UNSAT in 0.38s
    cube 3066.247.119 (depth 2, 28 lits): UNSAT in 1.19s
    cube 3066.247.120 (depth 2, 28 lits): UNSAT in 4.10s
    cube 3066.247.121 (depth 2, 28 lits): UNSAT in 22.20s
    cube 3066.247.122 (depth 2, 28 lits): UNSAT in 2.52s
    cube 3066.247.123 (depth 2, 28 lits): UNSAT in 31.28s
    cube 3066.247.124 (depth 2, 28 lits): UNSAT in 52.25s
    cube 3066.247.125 (depth 2, 28 lits): UNSAT in 79.49s
    cube 3066.247.126 (depth 2, 28 lits): UNSAT in 0.02s
    cube 3066.247.127 (depth 2, 28 lits): UNSAT in 0.06s
    cube 3066.247.128 (depth 2, 28 lits): UNSAT in 0.04s
    cube 3066.247.129 (depth 2, 28 lits): UNSAT in 0.08s
    cube 3066.247.130 (depth 2, 28 lits): UNSAT in 0.08s
    cube 3066.247.131 (depth 2, 28 lits): UNSAT in 0.07s
    cube 3066.247.132 (depth 2, 28 lits): UNSAT in 0.10s
    cube 3066.247.133 (depth 2, 28 lits): UNSAT in 0.10s
    cube 3066.247.134 (depth 2, 28 lits): UNSAT in 0.03s
    cube 3066.247.135 (depth 2, 28 lits): UNSAT in 0.12s
    cube 3066.247.136 (depth 2, 28 lits): UNSAT in 0.08s
    cube 3066.247.137 (depth 2, 28 lits): UNSAT in 0.21s
    cube 3066.247.138 (depth 2, 28 lits): UNSAT in 0.07s
    cube 3066.247.139 (depth 2, 28 lits): UNSAT in 0.23s
    cube 3066.247.140 (depth 2, 28 lits): UNSAT in 0.23s
    cube 3066.247.141 (depth 2, 28 lits): UNSAT in 0.61s
    cube 3066.247.142 (depth 2, 28 lits): UNSAT in 0.02s
    cube 3066.247.143 (depth 2, 28 lits): UNSAT in 0.05s
    cube 3066.247.144 (depth 2, 28 lits): UNSAT in 0.05s
    cube 3066.247.145 (depth 2, 28 lits): UNSAT in 0.44s
    cube 3066.247.146 (depth 2, 28 lits): UNSAT in 0.08s
    cube 3066.247.147 (depth 2, 28 lits): UNSAT in 0.33s
    cube 3066.247.148 (depth 2, 28 lits): UNSAT in 0.26s
    cube 3066.247.149 (depth 2, 28 lits): UNSAT in 0.74s
    cube 3066.247.150 (depth 2, 28 lits): UNSAT in 0.07s
    cube 3066.247.151 (depth 2, 28 lits): UNSAT in 0.21s
    cube 3066.247.152 (depth 2, 28 lits): UNSAT in 0.16s
    cube 3066.247.153 (depth 2, 28 lits): UNSAT in 0.26s
    cube 3066.247.154 (depth 2, 28 lits): UNSAT in 0.50s
    cube 3066.247.155 (depth 2, 28 lits): UNSAT in 0.37s
    cube 3066.247.156 (depth 2, 28 lits): UNSAT in 0.98s
    cube 3066.247.157 (depth 2, 28 lits): UNSAT in 0.10s
    cube 3066.247.158 (depth 2, 28 lits): UNSAT in 0.05s
    cube 3066.247.159 (depth 2, 28 lits): UNSAT in 0.06s
    cube 3066.247.160 (depth 2, 28 lits): UNSAT in 0.13s
    cube 3066.247.161 (depth 2, 28 lits): UNSAT in 0.68s
    cube 3066.247.162 (depth 2, 28 lits): UNSAT in 0.12s
    cube 3066.247.163 (depth 2, 28 lits): UNSAT in 0.34s
    cube 3066.247.164 (depth 2, 28 lits): UNSAT in 0.25s
    cube 3066.247.165 (depth 2, 28 lits): UNSAT in 0.90s
    cube 3066.247.166 (depth 2, 28 lits): UNSAT in 0.03s
    cube 3066.247.167 (depth 2, 28 lits): UNSAT in 0.08s
    cube 3066.247.168 (depth 2, 28 lits): UNSAT in 0.48s
    cube 3066.247.169 (depth 2, 28 lits): UNSAT in 0.37s
    cube 3066.247.170 (depth 2, 28 lits): UNSAT in 0.16s
    cube 3066.247.171 (depth 2, 28 lits): UNSAT in 0.63s
    cube 3066.247.172 (depth 2, 28 lits): UNSAT in 0.54s
    cube 3066.247.173 (depth 2, 28 lits): UNSAT in 1.55s
    cube 3066.247.174 (depth 2, 28 lits): UNSAT in 0.04s
    cube 3066.247.175 (depth 2, 28 lits): UNSAT in 0.11s
    cube 3066.247.176 (depth 2, 28 lits): UNSAT in 0.13s
    cube 3066.247.177 (depth 2, 28 lits): UNSAT in 1.24s
    cube 3066.247.178 (depth 2, 28 lits): UNSAT in 0.20s
    cube 3066.247.179 (depth 2, 28 lits): UNSAT in 0.62s
    cube 3066.247.180 (depth 2, 28 lits): UNSAT in 0.10s
    cube 3066.247.181 (depth 2, 28 lits): UNSAT in 0.89s
    cube 3066.247.182 (depth 2, 28 lits): UNSAT in 0.56s
    cube 3066.247.183 (depth 2, 28 lits): UNSAT in 7.20s
    cube 3066.247.184 (depth 2, 28 lits): UNSAT in 3.92s
    cube 3066.247.185 (depth 2, 28 lits): UNSAT in 1.14s
    cube 3066.247.186 (depth 2, 28 lits): UNSAT in 1.13s
    cube 3066.247.187 (depth 2, 28 lits): UNSAT in 0.67s
    cube 3066.247.188 (depth 2, 28 lits): UNSAT in 3.90s
    cube 3066.247.189 (depth 2, 28 lits): UNSAT in 8.92s
    cube 3066.247.190 (depth 2, 28 lits): UNSAT in 0.02s
    cube 3066.247.191 (depth 2, 28 lits): UNSAT in 0.03s
    cube 3066.247.192 (depth 2, 28 lits): UNSAT in 0.06s
    cube 3066.247.193 (depth 2, 28 lits): UNSAT in 0.35s
    cube 3066.247.194 (depth 2, 28 lits): UNSAT in 0.01s
    cube 3066.247.195 (depth 2, 28 lits): UNSAT in 0.06s
    cube 3066.247.196 (depth 2, 28 lits): UNSAT in 0.12s
    cube 3066.247.197 (depth 2, 28 lits): UNSAT in 1.01s
    cube 3066.247.198 (depth 2, 28 lits): UNSAT in 0.32s
    cube 3066.247.199 (depth 2, 28 lits): UNSAT in 0.17s
    cube 3066.247.200 (depth 2, 28 lits): UNSAT in 0.14s
    cube 3066.247.201 (depth 2, 28 lits): UNSAT in 0.16s
    cube 3066.247.202 (depth 2, 28 lits): UNSAT in 0.39s
    cube 3066.247.203 (depth 2, 28 lits): UNSAT in 0.98s
    cube 3066.247.204 (depth 2, 28 lits): UNSAT in 2.06s
    cube 3066.247.205 (depth 2, 28 lits): UNSAT in 2.02s
    cube 3066.247.206 (depth 2, 28 lits): UNSAT in 0.29s
    cube 3066.247.207 (depth 2, 28 lits): UNSAT in 0.79s
    cube 3066.247.208 (depth 2, 28 lits): UNSAT in 0.58s
    cube 3066.247.209 (depth 2, 28 lits): UNSAT in 0.43s
    cube 3066.247.210 (depth 2, 28 lits): UNSAT in 0.43s
    cube 3066.247.211 (depth 2, 28 lits): UNSAT in 1.53s
    cube 3066.247.212 (depth 2, 28 lits): UNSAT in 1.52s
    cube 3066.247.213 (depth 2, 28 lits): UNSAT in 11.89s
    cube 3066.247.214 (depth 2, 28 lits): UNSAT in 0.82s
    cube 3066.247.215 (depth 2, 28 lits): UNSAT in 0.96s
    cube 3066.247.216 (depth 2, 28 lits): UNSAT in 1.13s
    cube 3066.247.217 (depth 2, 28 lits): UNSAT in 14.71s
    cube 3066.247.218 (depth 2, 28 lits): UNSAT in 0.87s
    cube 3066.247.219 (depth 2, 28 lits): UNSAT in 14.77s
    cube 3066.247.220 (depth 2, 28 lits): UNSAT in 26.52s
    cube 3066.247.221 (depth 2, 28 lits): UNSAT in 84.54s
    cube 3066.247.222 (depth 2, 28 lits): UNSAT in 0.04s
    cube 3066.247.223 (depth 2, 28 lits): UNSAT in 0.22s
    cube 3066.247.224 (depth 2, 28 lits): UNSAT in 0.15s
    cube 3066.247.225 (depth 2, 28 lits): UNSAT in 0.70s
    cube 3066.247.226 (depth 2, 28 lits): UNSAT in 0.17s
    cube 3066.247.227 (depth 2, 28 lits): UNSAT in 1.13s
    cube 3066.247.228 (depth 2, 28 lits): UNSAT in 0.90s
    cube 3066.247.229 (depth 2, 28 lits): UNSAT in 3.98s
    cube 3066.247.230 (depth 2, 28 lits): UNSAT in 0.13s
    cube 3066.247.231 (depth 2, 28 lits): UNSAT in 1.05s
    cube 3066.247.232 (depth 2, 28 lits): UNSAT in 0.59s
    cube 3066.247.233 (depth 2, 28 lits): UNSAT in 15.87s
    cube 3066.247.234 (depth 2, 28 lits): UNSAT in 1.21s
    cube 3066.247.235 (depth 2, 28 lits): UNSAT in 3.23s
    cube 3066.247.236 (depth 2, 28 lits): UNSAT in 8.41s
    cube 3066.247.237 (depth 2, 28 lits): UNSAT in 150.61s
    cube 3066.247.238 (depth 2, 28 lits): UNSAT in 0.54s
    cube 3066.247.239 (depth 2, 28 lits): UNSAT in 1.23s
    cube 3066.247.240 (depth 2, 28 lits): UNSAT in 1.05s
    cube 3066.247.241 (depth 2, 28 lits): UNSAT in 25.39s
    cube 3066.247.242 (depth 2, 28 lits): UNSAT in 0.35s
    cube 3066.247.243 (depth 2, 28 lits): UNSAT in 11.67s
    cube 3066.247.244 (depth 2, 28 lits): UNSAT in 9.99s
    cube 3066.247.245 (depth 2, 28 lits): UNSAT in 216.55s
    cube 3066.247.246 (depth 2, 28 lits): UNSAT in 1.89s
    cube 3066.247.247 (depth 2, 28 lits): UNSAT in 12.78s
    cube 3066.247.248 (depth 2, 28 lits): UNSAT in 4.95s
    cube 3066.247.249 (depth 2, 28 lits): UNSAT in 138.38s
    cube 3066.247.250 (depth 2, 28 lits): UNSAT in 0.40s
    cube 3066.247.251 (depth 2, 28 lits): UNSAT in 13.54s
    cube 3066.247.252 (depth 2, 28 lits): UNSAT in 6.19s
