  shard 1/4 (round-robin): 969 of 3877 cubes, per-cube cap 600.0s, re-split depth 7
    cube 1 (depth 0, 22 lits): UNSAT in 0.01s
    cube 5 (depth 0, 24 lits): UNSAT in 0.02s
    cube 9 (depth 0, 23 lits): UNSAT in 0.01s
    cube 13 (depth 0, 24 lits): UNSAT in 0.02s
    cube 17 (depth 0, 23 lits): UNSAT in 0.01s
    cube 21 (depth 0, 23 lits): UNSAT in 0.02s
    cube 25 (depth 0, 24 lits): UNSAT in 0.01s
    cube 29 (depth 0, 24 lits): UNSAT in 0.02s
    cube 33 (depth 0, 24 lits): UNSAT in 0.01s
    cube 37 (depth 0, 24 lits): UNSAT in 0.02s
    cube 41 (depth 0, 24 lits): UNSAT in 0.04s
    cube 45 (depth 0, 24 lits): UNSAT in 0.02s
    cube 49 (depth 0, 24 lits): UNSAT in 0.02s
    cube 53 (depth 0, 24 lits): UNSAT in 0.04s
    cube 57 (depth 0, 24 lits): UNSAT in 0.01s
    cube 61 (depth 0, 24 lits): UNSAT in 0.02s
    cube 65 (depth 0, 24 lits): UNSAT in 0.02s
    cube 69 (depth 0, 24 lits): UNSAT in 0.01s
    cube 73 (depth 0, 24 lits): UNSAT in 0.01s
    cube 77 (depth 0, 23 lits): UNSAT in 0.01s
    cube 81 (depth 0, 24 lits): UNSAT in 0.02s
    cube 85 (depth 0, 24 lits): UNSAT in 0.02s
    cube 89 (depth 0, 24 lits): UNSAT in 0.03s
    cube 93 (depth 0, 24 lits): UNSAT in 0.08s
    cube 97 (depth 0, 24 lits): UNSAT in 0.36s
    cube 101 (depth 0, 23 lits): UNSAT in 0.02s
    cube 105 (depth 0, 23 lits): UNSAT in 0.01s
    cube 109 (depth 0, 24 lits): UNSAT in 0.02s
    cube 113 (depth 0, 23 lits): UNSAT in 0.02s
    cube 117 (depth 0, 24 lits): UNSAT in 0.02s
    cube 121 (depth 0, 24 lits): UNSAT in 0.04s
    cube 125 (depth 0, 23 lits): UNSAT in 0.01s
    cube 129 (depth 0, 24 lits): UNSAT in 0.01s
    cube 133 (depth 0, 24 lits): UNSAT in 0.03s
    cube 137 (depth 0, 24 lits): UNSAT in 0.02s
    cube 141 (depth 0, 24 lits): UNSAT in 0.02s
    cube 145 (depth 0, 24 lits): UNSAT in 0.03s
    cube 149 (depth 0, 24 lits): UNSAT in 0.09s
    cube 153 (depth 0, 23 lits): UNSAT in 0.01s
    cube 157 (depth 0, 24 lits): UNSAT in 0.03s
    cube 161 (depth 0, 23 lits): UNSAT in 0.01s
    cube 165 (depth 0, 24 lits): UNSAT in 0.04s
    cube 169 (depth 0, 24 lits): UNSAT in 0.04s
    cube 173 (depth 0, 24 lits): UNSAT in 0.03s
    cube 177 (depth 0, 24 lits): UNSAT in 0.02s
    cube 181 (depth 0, 24 lits): UNSAT in 0.01s
    cube 185 (depth 0, 24 lits): UNSAT in 0.05s
    cube 189 (depth 0, 24 lits): UNSAT in 0.01s
    cube 193 (depth 0, 24 lits): UNSAT in 0.08s
    cube 197 (depth 0, 24 lits): UNSAT in 0.27s
    cube 201 (depth 0, 24 lits): UNSAT in 0.18s
    cube 205 (depth 0, 24 lits): UNSAT in 1.40s
    cube 209 (depth 0, 24 lits): UNSAT in 0.01s
    cube 213 (depth 0, 24 lits): UNSAT in 0.02s
    cube 217 (depth 0, 24 lits): UNSAT in 0.02s
    cube 221 (depth 0, 24 lits): UNSAT in 0.02s
    cube 225 (depth 0, 24 lits): UNSAT in 0.04s
    cube 229 (depth 0, 24 lits): UNSAT in 0.02s
    cube 233 (depth 0, 24 lits): UNSAT in 0.02s
    cube 237 (depth 0, 24 lits): UNSAT in 0.01s
    cube 241 (depth 0, 23 lits): UNSAT in 0.01s
    cube 245 (depth 0, 24 lits): UNSAT in 0.01s
    cube 249 (depth 0, 24 lits): UNSAT in 0.01s
    cube 253 (depth 0, 24 lits): UNSAT in 0.01s
    cube 257 (depth 0, 24 lits): UNSAT in 0.03s
    cube 261 (depth 0, 21 lits): UNSAT in 0.01s
    cube 265 (depth 0, 24 lits): UNSAT in 0.01s
    cube 269 (depth 0, 22 lits): UNSAT in 0.01s
    cube 273 (depth 0, 24 lits): UNSAT in 0.02s
    cube 277 (depth 0, 24 lits): UNSAT in 0.02s
    cube 281 (depth 0, 23 lits): UNSAT in 0.01s
    cube 285 (depth 0, 24 lits): UNSAT in 0.02s
    cube 289 (depth 0, 24 lits): UNSAT in 0.02s
    cube 293 (depth 0, 24 lits): UNSAT in 0.04s
    cube 297 (depth 0, 24 lits): UNSAT in 0.06s
    cube 301 (depth 0, 24 lits): UNSAT in 0.04s
    cube 305 (depth 0, 24 lits): UNSAT in 0.04s
    cube 309 (depth 0, 24 lits): UNSAT in 0.02s
    cube 313 (depth 0, 24 lits): UNSAT in 0.02s
    cube 317 (depth 0, 24 lits): UNSAT in 0.01s
    cube 321 (depth 0, 24 lits): UNSAT in 0.01s
    cube 325 (depth 0, 24 lits): UNSAT in 0.02s
    cube 329 (depth 0, 24 lits): UNSAT in 0.01s
    cube 333 (depth 0, 24 lits): UNSAT in 0.04s
    cube 337 (depth 0, 24 lits): UNSAT in 0.02s
    cube 341 (depth 0, 24 lits): UNSAT in 0.02s
    cube 345 (depth 0, 24 lits): UNSAT in 0.01s
    cube 349 (depth 0, 24 lits): UNSAT in 0.02s
    cube 353 (depth 0, 24 lits): UNSAT in 0.02s
    cube 357 (depth 0, 24 lits): UNSAT in 0.03s
    cube 361 (depth 0, 24 lits): UNSAT in 0.05s
    cube 365 (depth 0, 24 lits): UNSAT in 0.08s
    cube 369 (depth 0, 24 lits): UNSAT in 0.01s
    cube 373 (depth 0, 24 lits): UNSAT in 0.01s
    cube 377 (depth 0, 24 lits): UNSAT in 0.02s
    cube 381 (depth 0, 24 lits): UNSAT in 0.02s
    cube 385 (depth 0, 24 lits): UNSAT in 0.01s
    cube 389 (depth 0, 24 lits): UNSAT in 0.02s
    cube 393 (depth 0, 24 lits): UNSAT in 0.01s
    cube 397 (depth 0, 24 lits): UNSAT in 0.08s
    cube 401 (depth 0, 24 lits): UNSAT in 0.01s
    cube 405 (depth 0, 24 lits): UNSAT in 0.01s
    cube 409 (depth 0, 24 lits): UNSAT in 0.02s
    cube 413 (depth 0, 24 lits): UNSAT in 0.03s
    cube 417 (depth 0, 24 lits): UNSAT in 0.02s
    cube 421 (depth 0, 24 lits): UNSAT in 0.02s
    cube 425 (depth 0, 24 lits): UNSAT in 0.08s
    cube 429 (depth 0, 24 lits): UNSAT in 0.22s
    cube 433 (depth 0, 23 lits): UNSAT in 0.01s
    cube 437 (depth 0, 24 lits): UNSAT in 0.01s
    cube 441 (depth 0, 24 lits): UNSAT in 0.02s
    cube 445 (depth 0, 24 lits): UNSAT in 0.02s
    cube 449 (depth 0, 24 lits): UNSAT in 0.01s
    cube 453 (depth 0, 24 lits): UNSAT in 0.03s
    cube 457 (depth 0, 23 lits): UNSAT in 0.01s
    cube 461 (depth 0, 24 lits): UNSAT in 0.02s
    cube 465 (depth 0, 23 lits): UNSAT in 0.01s
    cube 469 (depth 0, 24 lits): UNSAT in 0.01s
    cube 473 (depth 0, 24 lits): UNSAT in 0.01s
    cube 477 (depth 0, 24 lits): UNSAT in 0.03s
    cube 481 (depth 0, 23 lits): UNSAT in 0.02s
    cube 485 (depth 0, 22 lits): UNSAT in 0.01s
    cube 489 (depth 0, 24 lits): UNSAT in 0.02s
    cube 493 (depth 0, 24 lits): UNSAT in 0.02s
    cube 497 (depth 0, 24 lits): UNSAT in 0.02s
    cube 501 (depth 0, 24 lits): UNSAT in 0.01s
    cube 505 (depth 0, 23 lits): UNSAT in 0.01s
    cube 509 (depth 0, 24 lits): UNSAT in 0.01s
    cube 513 (depth 0, 24 lits): UNSAT in 0.02s
    cube 517 (depth 0, 24 lits): UNSAT in 0.02s
    cube 521 (depth 0, 24 lits): UNSAT in 0.02s
    cube 525 (depth 0, 24 lits): UNSAT in 0.07s
    cube 529 (depth 0, 24 lits): UNSAT in 0.08s
    cube 533 (depth 0, 24 lits): UNSAT in 0.02s
    cube 537 (depth 0, 24 lits): UNSAT in 0.02s
    cube 541 (depth 0, 23 lits): UNSAT in 0.02s
    cube 545 (depth 0, 24 lits): UNSAT in 0.02s
    cube 549 (depth 0, 24 lits): UNSAT in 0.03s
    cube 553 (depth 0, 24 lits): UNSAT in 0.03s
    cube 557 (depth 0, 24 lits): UNSAT in 0.01s
    cube 561 (depth 0, 24 lits): UNSAT in 0.02s
    cube 565 (depth 0, 24 lits): UNSAT in 0.06s
    cube 569 (depth 0, 24 lits): UNSAT in 0.11s
    cube 573 (depth 0, 24 lits): UNSAT in 0.03s
    cube 577 (depth 0, 24 lits): UNSAT in 0.04s
    cube 581 (depth 0, 24 lits): UNSAT in 0.07s
    cube 585 (depth 0, 24 lits): UNSAT in 0.14s
    cube 589 (depth 0, 24 lits): UNSAT in 0.01s
    cube 593 (depth 0, 24 lits): UNSAT in 0.01s
    cube 597 (depth 0, 24 lits): UNSAT in 0.02s
    cube 601 (depth 0, 24 lits): UNSAT in 0.02s
    cube 605 (depth 0, 24 lits): UNSAT in 0.01s
    cube 609 (depth 0, 24 lits): UNSAT in 0.02s
    cube 613 (depth 0, 23 lits): UNSAT in 0.02s
    cube 617 (depth 0, 24 lits): UNSAT in 0.04s
    cube 621 (depth 0, 24 lits): UNSAT in 0.04s
    cube 625 (depth 0, 24 lits): UNSAT in 0.03s
    cube 629 (depth 0, 24 lits): UNSAT in 0.06s
    cube 633 (depth 0, 24 lits): UNSAT in 0.09s
    cube 637 (depth 0, 24 lits): UNSAT in 0.13s
    cube 641 (depth 0, 24 lits): UNSAT in 0.44s
    cube 645 (depth 0, 24 lits): UNSAT in 0.24s
    cube 649 (depth 0, 23 lits): UNSAT in 0.02s
    cube 653 (depth 0, 24 lits): UNSAT in 0.01s
    cube 657 (depth 0, 23 lits): UNSAT in 0.01s
    cube 661 (depth 0, 24 lits): UNSAT in 0.02s
    cube 665 (depth 0, 24 lits): UNSAT in 0.03s
    cube 669 (depth 0, 24 lits): UNSAT in 0.06s
    cube 673 (depth 0, 24 lits): UNSAT in 0.02s
    cube 677 (depth 0, 24 lits): UNSAT in 0.04s
    cube 681 (depth 0, 24 lits): UNSAT in 0.04s
    cube 685 (depth 0, 24 lits): UNSAT in 0.03s
    cube 689 (depth 0, 24 lits): UNSAT in 0.01s
    cube 693 (depth 0, 24 lits): UNSAT in 0.06s
    cube 697 (depth 0, 24 lits): UNSAT in 0.13s
    cube 701 (depth 0, 24 lits): UNSAT in 0.20s
    cube 705 (depth 0, 24 lits): UNSAT in 0.10s
    cube 709 (depth 0, 24 lits): UNSAT in 0.66s
    cube 713 (depth 0, 24 lits): UNSAT in 0.19s
    cube 717 (depth 0, 24 lits): UNSAT in 0.38s
    cube 721 (depth 0, 24 lits): UNSAT in 0.12s
    cube 725 (depth 0, 24 lits): UNSAT in 0.13s
    cube 729 (depth 0, 24 lits): UNSAT in 0.42s
    cube 733 (depth 0, 24 lits): UNSAT in 0.29s
    cube 737 (depth 0, 24 lits): UNSAT in 0.04s
    cube 741 (depth 0, 24 lits): UNSAT in 0.18s
    cube 745 (depth 0, 24 lits): UNSAT in 0.40s
    cube 749 (depth 0, 24 lits): UNSAT in 0.52s
    cube 753 (depth 0, 24 lits): UNSAT in 0.86s
    cube 757 (depth 0, 24 lits): UNSAT in 1.00s
    cube 761 (depth 0, 24 lits): UNSAT in 1.56s
    cube 765 (depth 0, 24 lits): UNSAT in 11.11s
    cube 769 (depth 0, 24 lits): UNSAT in 0.06s
    cube 773 (depth 0, 24 lits): UNSAT in 0.11s
    cube 777 (depth 0, 24 lits): UNSAT in 0.05s
    cube 781 (depth 0, 24 lits): UNSAT in 0.27s
    cube 785 (depth 0, 24 lits): UNSAT in 0.02s
    cube 789 (depth 0, 24 lits): UNSAT in 0.04s
    cube 793 (depth 0, 24 lits): UNSAT in 0.83s
    cube 797 (depth 0, 24 lits): UNSAT in 0.47s
    cube 801 (depth 0, 24 lits): UNSAT in 0.36s
    cube 805 (depth 0, 24 lits): UNSAT in 0.64s
    cube 809 (depth 0, 24 lits): UNSAT in 0.12s
    cube 813 (depth 0, 24 lits): UNSAT in 2.33s
    cube 817 (depth 0, 24 lits): UNSAT in 0.75s
    cube 821 (depth 0, 24 lits): UNSAT in 2.13s
    cube 825 (depth 0, 24 lits): UNSAT in 3.06s
    cube 829 (depth 0, 24 lits): UNSAT in 5.13s
    cube 833 (depth 0, 24 lits): UNSAT in 0.18s
    cube 837 (depth 0, 24 lits): UNSAT in 0.29s
    cube 841 (depth 0, 24 lits): UNSAT in 0.32s
    cube 845 (depth 0, 24 lits): UNSAT in 0.34s
    cube 849 (depth 0, 24 lits): UNSAT in 0.15s
    cube 853 (depth 0, 24 lits): UNSAT in 0.20s
    cube 857 (depth 0, 24 lits): UNSAT in 0.41s
    cube 861 (depth 0, 24 lits): UNSAT in 18.74s
    cube 865 (depth 0, 24 lits): UNSAT in 0.31s
    cube 869 (depth 0, 24 lits): UNSAT in 2.32s
    cube 873 (depth 0, 24 lits): UNSAT in 2.08s
    cube 877 (depth 0, 24 lits): UNSAT in 8.27s
    cube 881 (depth 0, 24 lits): UNSAT in 0.93s
    cube 885 (depth 0, 24 lits): UNSAT in 11.20s
    cube 889 (depth 0, 24 lits): UNSAT in 24.19s
    cube 893 (depth 0, 24 lits): UNSAT in 10.68s
    cube 897 (depth 0, 24 lits): UNSAT in 0.01s
    cube 901 (depth 0, 24 lits): UNSAT in 0.02s
    cube 905 (depth 0, 24 lits): UNSAT in 0.02s
    cube 909 (depth 0, 24 lits): UNSAT in 0.02s
    cube 913 (depth 0, 24 lits): UNSAT in 0.03s
    cube 917 (depth 0, 24 lits): UNSAT in 0.01s
    cube 921 (depth 0, 24 lits): UNSAT in 0.01s
    cube 925 (depth 0, 24 lits): UNSAT in 0.01s
    cube 929 (depth 0, 24 lits): UNSAT in 0.03s
    cube 933 (depth 0, 23 lits): UNSAT in 0.02s
    cube 937 (depth 0, 24 lits): UNSAT in 0.01s
    cube 941 (depth 0, 24 lits): UNSAT in 0.04s
    cube 945 (depth 0, 24 lits): UNSAT in 0.02s
    cube 949 (depth 0, 24 lits): UNSAT in 0.01s
    cube 953 (depth 0, 24 lits): UNSAT in 0.01s
    cube 957 (depth 0, 24 lits): UNSAT in 0.02s
    cube 961 (depth 0, 24 lits): UNSAT in 0.02s
    cube 965 (depth 0, 24 lits): UNSAT in 0.02s
    cube 969 (depth 0, 24 lits): UNSAT in 0.02s
    cube 973 (depth 0, 24 lits): UNSAT in 0.03s
    cube 977 (depth 0, 24 lits): UNSAT in 0.02s
    cube 981 (depth 0, 24 lits): UNSAT in 0.03s
    cube 985 (depth 0, 24 lits): UNSAT in 0.02s
    cube 989 (depth 0, 24 lits): UNSAT in 0.02s
    cube 993 (depth 0, 24 lits): UNSAT in 0.05s
    cube 997 (depth 0, 24 lits): UNSAT in 0.15s
    cube 1001 (depth 0, 24 lits): UNSAT in 0.09s
    cube 1005 (depth 0, 24 lits): UNSAT in 0.25s
    cube 1009 (depth 0, 24 lits): UNSAT in 0.06s
    cube 1013 (depth 0, 24 lits): UNSAT in 0.09s
    cube 1017 (depth 0, 24 lits): UNSAT in 0.07s
    cube 1021 (depth 0, 24 lits): UNSAT in 0.17s
    cube 1025 (depth 0, 24 lits): UNSAT in 0.01s
    cube 1029 (depth 0, 24 lits): UNSAT in 0.03s
    cube 1033 (depth 0, 24 lits): UNSAT in 0.04s
    cube 1037 (depth 0, 23 lits): UNSAT in 0.01s
    cube 1041 (depth 0, 24 lits): UNSAT in 0.06s
    cube 1045 (depth 0, 24 lits): UNSAT in 0.06s
    cube 1049 (depth 0, 24 lits): UNSAT in 0.02s
    cube 1053 (depth 0, 24 lits): UNSAT in 0.02s
    cube 1057 (depth 0, 24 lits): UNSAT in 0.07s
    cube 1061 (depth 0, 24 lits): UNSAT in 0.15s
    cube 1065 (depth 0, 24 lits): UNSAT in 0.22s
    cube 1069 (depth 0, 24 lits): UNSAT in 0.03s
    cube 1073 (depth 0, 24 lits): UNSAT in 0.05s
    cube 1077 (depth 0, 24 lits): UNSAT in 0.02s
    cube 1081 (depth 0, 24 lits): UNSAT in 0.13s
    cube 1085 (depth 0, 24 lits): UNSAT in 0.04s
    cube 1089 (depth 0, 24 lits): UNSAT in 0.40s
    cube 1093 (depth 0, 24 lits): UNSAT in 0.04s
    cube 1097 (depth 0, 24 lits): UNSAT in 0.31s
    cube 1101 (depth 0, 24 lits): UNSAT in 0.08s
    cube 1105 (depth 0, 24 lits): UNSAT in 0.05s
    cube 1109 (depth 0, 24 lits): UNSAT in 0.27s
    cube 1113 (depth 0, 24 lits): UNSAT in 0.13s
    cube 1117 (depth 0, 24 lits): UNSAT in 0.10s
    cube 1121 (depth 0, 24 lits): UNSAT in 0.49s
    cube 1125 (depth 0, 24 lits): UNSAT in 0.23s
    cube 1129 (depth 0, 24 lits): UNSAT in 0.52s
    cube 1133 (depth 0, 24 lits): UNSAT in 0.02s
    cube 1137 (depth 0, 24 lits): UNSAT in 0.02s
    cube 1141 (depth 0, 24 lits): UNSAT in 0.02s
    cube 1145 (depth 0, 24 lits): UNSAT in 0.06s
    cube 1149 (depth 0, 24 lits): UNSAT in 0.02s
    cube 1153 (depth 0, 24 lits): UNSAT in 0.05s
    cube 1157 (depth 0, 24 lits): UNSAT in 0.26s
    cube 1161 (depth 0, 24 lits): UNSAT in 0.14s
    cube 1165 (depth 0, 24 lits): UNSAT in 0.02s
    cube 1169 (depth 0, 24 lits): UNSAT in 0.04s
    cube 1173 (depth 0, 24 lits): UNSAT in 0.03s
    cube 1177 (depth 0, 24 lits): UNSAT in 0.05s
    cube 1181 (depth 0, 24 lits): UNSAT in 0.04s
    cube 1185 (depth 0, 24 lits): UNSAT in 0.02s
    cube 1189 (depth 0, 24 lits): UNSAT in 0.07s
    cube 1193 (depth 0, 24 lits): UNSAT in 0.22s
    cube 1197 (depth 0, 24 lits): UNSAT in 0.02s
    cube 1201 (depth 0, 24 lits): UNSAT in 0.02s
    cube 1205 (depth 0, 24 lits): UNSAT in 0.03s
    cube 1209 (depth 0, 24 lits): UNSAT in 0.39s
    cube 1213 (depth 0, 24 lits): UNSAT in 0.10s
    cube 1217 (depth 0, 24 lits): UNSAT in 0.04s
    cube 1221 (depth 0, 24 lits): UNSAT in 0.28s
    cube 1225 (depth 0, 24 lits): UNSAT in 0.68s
    cube 1229 (depth 0, 24 lits): UNSAT in 0.26s
    cube 1233 (depth 0, 24 lits): UNSAT in 0.37s
    cube 1237 (depth 0, 24 lits): UNSAT in 0.75s
    cube 1241 (depth 0, 24 lits): UNSAT in 4.71s
    cube 1245 (depth 0, 24 lits): UNSAT in 0.15s
    cube 1249 (depth 0, 24 lits): UNSAT in 1.54s
    cube 1253 (depth 0, 24 lits): UNSAT in 1.29s
    cube 1257 (depth 0, 24 lits): UNSAT in 4.93s
    cube 1261 (depth 0, 24 lits): UNSAT in 0.01s
    cube 1265 (depth 0, 24 lits): UNSAT in 0.04s
    cube 1269 (depth 0, 24 lits): UNSAT in 0.02s
    cube 1273 (depth 0, 24 lits): UNSAT in 0.03s
    cube 1277 (depth 0, 24 lits): UNSAT in 0.02s
    cube 1281 (depth 0, 24 lits): UNSAT in 0.07s
    cube 1285 (depth 0, 24 lits): UNSAT in 0.01s
    cube 1289 (depth 0, 24 lits): UNSAT in 0.30s
    cube 1293 (depth 0, 24 lits): UNSAT in 0.02s
    cube 1297 (depth 0, 24 lits): UNSAT in 0.04s
    cube 1301 (depth 0, 24 lits): UNSAT in 0.10s
    cube 1305 (depth 0, 24 lits): UNSAT in 0.11s
    cube 1309 (depth 0, 24 lits): UNSAT in 0.01s
    cube 1313 (depth 0, 24 lits): UNSAT in 0.20s
    cube 1317 (depth 0, 24 lits): UNSAT in 0.13s
    cube 1321 (depth 0, 24 lits): UNSAT in 1.34s
    cube 1325 (depth 0, 24 lits): UNSAT in 0.02s
    cube 1329 (depth 0, 24 lits): UNSAT in 0.20s
    cube 1333 (depth 0, 24 lits): UNSAT in 0.08s
    cube 1337 (depth 0, 24 lits): UNSAT in 0.31s
    cube 1341 (depth 0, 24 lits): UNSAT in 0.16s
    cube 1345 (depth 0, 24 lits): UNSAT in 0.86s
    cube 1349 (depth 0, 24 lits): UNSAT in 0.18s
    cube 1353 (depth 0, 24 lits): UNSAT in 0.95s
    cube 1357 (depth 0, 24 lits): UNSAT in 0.45s
    cube 1361 (depth 0, 24 lits): UNSAT in 3.46s
    cube 1365 (depth 0, 24 lits): UNSAT in 0.42s
    cube 1369 (depth 0, 24 lits): UNSAT in 4.59s
    cube 1373 (depth 0, 24 lits): UNSAT in 1.77s
    cube 1377 (depth 0, 24 lits): UNSAT in 2.73s
    cube 1381 (depth 0, 24 lits): UNSAT in 2.38s
    cube 1385 (depth 0, 24 lits): UNSAT in 40.70s
    cube 1389 (depth 0, 24 lits): UNSAT in 0.01s
    cube 1393 (depth 0, 24 lits): UNSAT in 0.02s
    cube 1397 (depth 0, 24 lits): UNSAT in 0.03s
    cube 1401 (depth 0, 24 lits): UNSAT in 0.08s
    cube 1405 (depth 0, 24 lits): UNSAT in 0.05s
    cube 1409 (depth 0, 24 lits): UNSAT in 0.07s
    cube 1413 (depth 0, 24 lits): UNSAT in 0.11s
    cube 1417 (depth 0, 24 lits): UNSAT in 0.07s
    cube 1421 (depth 0, 24 lits): UNSAT in 0.07s
    cube 1425 (depth 0, 24 lits): UNSAT in 0.27s
    cube 1429 (depth 0, 24 lits): UNSAT in 0.27s
    cube 1433 (depth 0, 24 lits): UNSAT in 0.51s
    cube 1437 (depth 0, 24 lits): UNSAT in 0.43s
    cube 1441 (depth 0, 24 lits): UNSAT in 1.31s
    cube 1445 (depth 0, 24 lits): UNSAT in 0.21s
    cube 1449 (depth 0, 24 lits): UNSAT in 3.53s
    cube 1453 (depth 0, 24 lits): UNSAT in 0.03s
    cube 1457 (depth 0, 24 lits): UNSAT in 0.04s
    cube 1461 (depth 0, 24 lits): UNSAT in 0.08s
    cube 1465 (depth 0, 24 lits): UNSAT in 0.56s
    cube 1469 (depth 0, 24 lits): UNSAT in 0.19s
    cube 1473 (depth 0, 24 lits): UNSAT in 0.42s
    cube 1477 (depth 0, 24 lits): UNSAT in 0.58s
    cube 1481 (depth 0, 24 lits): UNSAT in 7.38s
    cube 1485 (depth 0, 24 lits): UNSAT in 0.04s
    cube 1489 (depth 0, 24 lits): UNSAT in 0.39s
    cube 1493 (depth 0, 24 lits): UNSAT in 0.92s
    cube 1497 (depth 0, 24 lits): UNSAT in 2.62s
    cube 1501 (depth 0, 24 lits): UNSAT in 1.06s
    cube 1505 (depth 0, 24 lits): UNSAT in 2.34s
    cube 1509 (depth 0, 24 lits): UNSAT in 3.12s
    cube 1513 (depth 0, 24 lits): UNSAT in 43.21s
    cube 1517 (depth 0, 24 lits): UNSAT in 0.02s
    cube 1521 (depth 0, 24 lits): UNSAT in 0.01s
    cube 1525 (depth 0, 24 lits): UNSAT in 0.03s
    cube 1529 (depth 0, 24 lits): UNSAT in 0.02s
    cube 1533 (depth 0, 24 lits): UNSAT in 0.03s
    cube 1537 (depth 0, 24 lits): UNSAT in 0.02s
    cube 1541 (depth 0, 24 lits): UNSAT in 0.05s
    cube 1545 (depth 0, 24 lits): UNSAT in 0.02s
    cube 1549 (depth 0, 23 lits): UNSAT in 0.01s
    cube 1553 (depth 0, 24 lits): UNSAT in 0.04s
    cube 1557 (depth 0, 23 lits): UNSAT in 0.01s
    cube 1561 (depth 0, 24 lits): UNSAT in 0.06s
    cube 1565 (depth 0, 24 lits): UNSAT in 0.25s
    cube 1569 (depth 0, 24 lits): UNSAT in 0.10s
    cube 1573 (depth 0, 24 lits): UNSAT in 8.13s
    cube 1577 (depth 0, 24 lits): UNSAT in 0.09s
    cube 1581 (depth 0, 24 lits): UNSAT in 0.10s
    cube 1585 (depth 0, 24 lits): UNSAT in 0.12s
    cube 1589 (depth 0, 24 lits): UNSAT in 0.84s
    cube 1593 (depth 0, 24 lits): UNSAT in 0.10s
    cube 1597 (depth 0, 24 lits): UNSAT in 0.12s
    cube 1601 (depth 0, 24 lits): UNSAT in 0.25s
    cube 1605 (depth 0, 24 lits): UNSAT in 4.37s
    cube 1609 (depth 0, 24 lits): UNSAT in 0.95s
    cube 1613 (depth 0, 24 lits): UNSAT in 3.60s
    cube 1617 (depth 0, 24 lits): UNSAT in 0.63s
    cube 1621 (depth 0, 24 lits): UNSAT in 26.23s
    cube 1625 (depth 0, 24 lits): UNSAT in 0.90s
    cube 1629 (depth 0, 24 lits): UNSAT in 63.18s
    cube 1633 (depth 0, 24 lits): UNSAT in 19.38s
    cube 1637 (depth 0, 24 lits): UNSAT in 442.68s
    cube 1641 (depth 0, 24 lits): UNSAT in 0.08s
    cube 1645 (depth 0, 24 lits): UNSAT in 0.09s
    cube 1649 (depth 0, 24 lits): UNSAT in 0.03s
    cube 1653 (depth 0, 24 lits): UNSAT in 0.10s
    cube 1657 (depth 0, 24 lits): UNSAT in 0.10s
    cube 1661 (depth 0, 24 lits): UNSAT in 0.11s
    cube 1665 (depth 0, 24 lits): UNSAT in 0.44s
    cube 1669 (depth 0, 24 lits): UNSAT in 0.50s
    cube 1673 (depth 0, 24 lits): UNSAT in 0.05s
    cube 1677 (depth 0, 24 lits): UNSAT in 0.09s
    cube 1681 (depth 0, 24 lits): UNSAT in 0.03s
    cube 1685 (depth 0, 24 lits): UNSAT in 0.44s
    cube 1689 (depth 0, 24 lits): UNSAT in 0.06s
    cube 1693 (depth 0, 24 lits): UNSAT in 0.55s
    cube 1697 (depth 0, 24 lits): UNSAT in 0.78s
    cube 1701 (depth 0, 24 lits): UNSAT in 4.66s
    cube 1705 (depth 0, 24 lits): UNSAT in 0.10s
    cube 1709 (depth 0, 24 lits): UNSAT in 0.50s
    cube 1713 (depth 0, 24 lits): UNSAT in 0.33s
    cube 1717 (depth 0, 24 lits): UNSAT in 1.31s
    cube 1721 (depth 0, 24 lits): UNSAT in 0.13s
    cube 1725 (depth 0, 24 lits): UNSAT in 2.02s
    cube 1729 (depth 0, 24 lits): UNSAT in 0.56s
    cube 1733 (depth 0, 24 lits): UNSAT in 5.30s
    cube 1737 (depth 0, 24 lits): UNSAT in 0.34s
    cube 1741 (depth 0, 24 lits): UNSAT in 2.06s
    cube 1745 (depth 0, 24 lits): UNSAT in 3.20s
    cube 1749 (depth 0, 24 lits): UNSAT in 9.73s
    cube 1753 (depth 0, 24 lits): UNSAT in 2.71s
    cube 1757 (depth 0, 24 lits): UNSAT in 17.44s
    cube 1761 (depth 0, 24 lits): UNSAT in 15.16s
    cube 1765 (depth 0, 24 lits): UNSAT in 55.39s
    cube 1769 (depth 0, 24 lits): UNSAT in 0.03s
    cube 1773 (depth 0, 24 lits): UNSAT in 0.02s
    cube 1777 (depth 0, 24 lits): UNSAT in 0.09s
    cube 1781 (depth 0, 24 lits): UNSAT in 0.04s
    cube 1785 (depth 0, 24 lits): UNSAT in 0.02s
    cube 1789 (depth 0, 24 lits): UNSAT in 0.01s
    cube 1793 (depth 0, 24 lits): UNSAT in 0.15s
    cube 1797 (depth 0, 24 lits): UNSAT in 0.03s
    cube 1801 (depth 0, 24 lits): UNSAT in 0.06s
    cube 1805 (depth 0, 24 lits): UNSAT in 0.38s
    cube 1809 (depth 0, 24 lits): UNSAT in 1.41s
    cube 1813 (depth 0, 24 lits): UNSAT in 0.07s
    cube 1817 (depth 0, 24 lits): UNSAT in 1.84s
    cube 1821 (depth 0, 24 lits): UNSAT in 0.31s
    cube 1825 (depth 0, 24 lits): UNSAT in 3.86s
    cube 1829 (depth 0, 24 lits): UNSAT in 0.03s
    cube 1833 (depth 0, 24 lits): UNSAT in 0.04s
    cube 1837 (depth 0, 24 lits): UNSAT in 0.05s
    cube 1841 (depth 0, 24 lits): UNSAT in 0.17s
    cube 1845 (depth 0, 24 lits): UNSAT in 0.02s
    cube 1849 (depth 0, 24 lits): UNSAT in 0.18s
    cube 1853 (depth 0, 24 lits): UNSAT in 0.35s
    cube 1857 (depth 0, 24 lits): UNSAT in 4.58s
    cube 1861 (depth 0, 24 lits): UNSAT in 0.21s
    cube 1865 (depth 0, 24 lits): UNSAT in 0.08s
    cube 1869 (depth 0, 24 lits): UNSAT in 1.24s
    cube 1873 (depth 0, 24 lits): UNSAT in 3.64s
    cube 1877 (depth 0, 24 lits): UNSAT in 1.21s
    cube 1881 (depth 0, 24 lits): UNSAT in 3.06s
    cube 1885 (depth 0, 24 lits): UNSAT in 10.05s
    cube 1889 (depth 0, 24 lits): UNSAT in 81.13s
    cube 1893 (depth 0, 22 lits): UNSAT in 0.01s
    cube 1897 (depth 0, 24 lits): UNSAT in 0.01s
    cube 1901 (depth 0, 24 lits): UNSAT in 0.02s
    cube 1905 (depth 0, 24 lits): UNSAT in 0.02s
    cube 1909 (depth 0, 24 lits): UNSAT in 0.02s
    cube 1913 (depth 0, 24 lits): UNSAT in 0.04s
    cube 1917 (depth 0, 24 lits): UNSAT in 0.01s
    cube 1921 (depth 0, 24 lits): UNSAT in 0.03s
    cube 1925 (depth 0, 24 lits): UNSAT in 0.02s
    cube 1929 (depth 0, 24 lits): UNSAT in 0.03s
    cube 1933 (depth 0, 24 lits): UNSAT in 0.02s
    cube 1937 (depth 0, 24 lits): UNSAT in 0.06s
    cube 1941 (depth 0, 24 lits): UNSAT in 0.03s
    cube 1945 (depth 0, 24 lits): UNSAT in 0.16s
    cube 1949 (depth 0, 24 lits): UNSAT in 0.02s
    cube 1953 (depth 0, 23 lits): UNSAT in 0.02s
    cube 1957 (depth 0, 24 lits): UNSAT in 0.03s
    cube 1961 (depth 0, 24 lits): UNSAT in 0.02s
    cube 1965 (depth 0, 24 lits): UNSAT in 0.03s
    cube 1969 (depth 0, 24 lits): UNSAT in 0.02s
    cube 1973 (depth 0, 24 lits): UNSAT in 0.12s
    cube 1977 (depth 0, 24 lits): UNSAT in 0.01s
    cube 1981 (depth 0, 24 lits): UNSAT in 0.03s
    cube 1985 (depth 0, 24 lits): UNSAT in 0.02s
    cube 1989 (depth 0, 24 lits): UNSAT in 0.04s
    cube 1993 (depth 0, 24 lits): UNSAT in 0.02s
    cube 1997 (depth 0, 24 lits): UNSAT in 0.04s
    cube 2001 (depth 0, 24 lits): UNSAT in 0.07s
    cube 2005 (depth 0, 24 lits): UNSAT in 0.27s
    cube 2009 (depth 0, 23 lits): UNSAT in 0.01s
    cube 2013 (depth 0, 24 lits): UNSAT in 0.01s
    cube 2017 (depth 0, 23 lits): UNSAT in 0.01s
    cube 2021 (depth 0, 24 lits): UNSAT in 0.01s
    cube 2025 (depth 0, 24 lits): UNSAT in 0.02s
    cube 2029 (depth 0, 24 lits): UNSAT in 0.04s
    cube 2033 (depth 0, 24 lits): UNSAT in 0.01s
    cube 2037 (depth 0, 24 lits): UNSAT in 0.09s
    cube 2041 (depth 0, 24 lits): UNSAT in 0.23s
    cube 2045 (depth 0, 24 lits): UNSAT in 0.06s
    cube 2049 (depth 0, 24 lits): UNSAT in 0.03s
    cube 2053 (depth 0, 24 lits): UNSAT in 0.17s
    cube 2057 (depth 0, 24 lits): UNSAT in 0.01s
    cube 2061 (depth 0, 24 lits): UNSAT in 0.02s
    cube 2065 (depth 0, 24 lits): UNSAT in 0.02s
    cube 2069 (depth 0, 24 lits): UNSAT in 0.03s
    cube 2073 (depth 0, 24 lits): UNSAT in 0.02s
    cube 2077 (depth 0, 24 lits): UNSAT in 0.01s
    cube 2081 (depth 0, 24 lits): UNSAT in 0.02s
    cube 2085 (depth 0, 24 lits): UNSAT in 0.02s
    cube 2089 (depth 0, 24 lits): UNSAT in 0.02s
    cube 2093 (depth 0, 24 lits): UNSAT in 0.02s
    cube 2097 (depth 0, 24 lits): UNSAT in 0.11s
    cube 2101 (depth 0, 24 lits): UNSAT in 0.04s
    cube 2105 (depth 0, 24 lits): UNSAT in 0.08s
    cube 2109 (depth 0, 24 lits): UNSAT in 0.04s
    cube 2113 (depth 0, 24 lits): UNSAT in 0.15s
    cube 2117 (depth 0, 24 lits): UNSAT in 0.35s
    cube 2121 (depth 0, 23 lits): UNSAT in 0.01s
    cube 2125 (depth 0, 24 lits): UNSAT in 0.02s
    cube 2129 (depth 0, 24 lits): UNSAT in 0.02s
    cube 2133 (depth 0, 24 lits): UNSAT in 0.06s
    cube 2137 (depth 0, 24 lits): UNSAT in 0.02s
    cube 2141 (depth 0, 24 lits): UNSAT in 0.07s
    cube 2145 (depth 0, 24 lits): UNSAT in 0.03s
    cube 2149 (depth 0, 23 lits): UNSAT in 0.02s
    cube 2153 (depth 0, 24 lits): UNSAT in 0.02s
    cube 2157 (depth 0, 24 lits): UNSAT in 0.02s
    cube 2161 (depth 0, 24 lits): UNSAT in 0.01s
    cube 2165 (depth 0, 24 lits): UNSAT in 0.02s
    cube 2169 (depth 0, 23 lits): UNSAT in 0.01s
    cube 2173 (depth 0, 24 lits): UNSAT in 0.08s
    cube 2177 (depth 0, 24 lits): UNSAT in 0.01s
    cube 2181 (depth 0, 24 lits): UNSAT in 0.04s
    cube 2185 (depth 0, 24 lits): UNSAT in 0.04s
    cube 2189 (depth 0, 24 lits): UNSAT in 0.13s
    cube 2193 (depth 0, 24 lits): UNSAT in 0.03s
    cube 2197 (depth 0, 24 lits): UNSAT in 0.04s
    cube 2201 (depth 0, 24 lits): UNSAT in 0.05s
    cube 2205 (depth 0, 24 lits): UNSAT in 0.11s
    cube 2209 (depth 0, 24 lits): UNSAT in 0.04s
    cube 2213 (depth 0, 24 lits): UNSAT in 0.07s
    cube 2217 (depth 0, 24 lits): UNSAT in 0.03s
    cube 2221 (depth 0, 24 lits): UNSAT in 0.12s
    cube 2225 (depth 0, 24 lits): UNSAT in 0.10s
    cube 2229 (depth 0, 24 lits): UNSAT in 0.23s
    cube 2233 (depth 0, 24 lits): UNSAT in 0.31s
    cube 2237 (depth 0, 24 lits): UNSAT in 0.56s
    cube 2241 (depth 0, 24 lits): UNSAT in 0.02s
    cube 2245 (depth 0, 24 lits): UNSAT in 0.02s
    cube 2249 (depth 0, 24 lits): UNSAT in 0.03s
    cube 2253 (depth 0, 24 lits): UNSAT in 0.05s
    cube 2257 (depth 0, 23 lits): UNSAT in 0.02s
    cube 2261 (depth 0, 24 lits): UNSAT in 0.06s
    cube 2265 (depth 0, 24 lits): UNSAT in 0.05s
    cube 2269 (depth 0, 24 lits): UNSAT in 0.40s
    cube 2273 (depth 0, 24 lits): UNSAT in 0.04s
    cube 2277 (depth 0, 24 lits): UNSAT in 0.10s
    cube 2281 (depth 0, 24 lits): UNSAT in 0.04s
    cube 2285 (depth 0, 24 lits): UNSAT in 0.16s
    cube 2289 (depth 0, 24 lits): UNSAT in 0.07s
    cube 2293 (depth 0, 24 lits): UNSAT in 0.13s
    cube 2297 (depth 0, 24 lits): UNSAT in 0.39s
    cube 2301 (depth 0, 24 lits): UNSAT in 0.84s
    cube 2305 (depth 0, 24 lits): UNSAT in 0.02s
    cube 2309 (depth 0, 24 lits): UNSAT in 0.42s
    cube 2313 (depth 0, 24 lits): UNSAT in 0.32s
    cube 2317 (depth 0, 24 lits): UNSAT in 0.62s
    cube 2321 (depth 0, 24 lits): UNSAT in 0.38s
    cube 2325 (depth 0, 24 lits): UNSAT in 0.81s
    cube 2329 (depth 0, 24 lits): UNSAT in 0.74s
    cube 2333 (depth 0, 24 lits): UNSAT in 4.83s
    cube 2337 (depth 0, 24 lits): UNSAT in 0.31s
    cube 2341 (depth 0, 24 lits): UNSAT in 3.18s
    cube 2345 (depth 0, 24 lits): UNSAT in 0.74s
    cube 2349 (depth 0, 24 lits): UNSAT in 19.28s
    cube 2353 (depth 0, 24 lits): UNSAT in 4.34s
    cube 2357 (depth 0, 24 lits): UNSAT in 22.07s
    cube 2361 (depth 0, 24 lits): UNSAT in 53.60s
    cube 2365 (depth 0, 24 lits): UNSAT in 54.35s
    cube 2369 (depth 0, 24 lits): UNSAT in 0.01s
    cube 2373 (depth 0, 23 lits): UNSAT in 0.02s
    cube 2377 (depth 0, 24 lits): UNSAT in 0.02s
    cube 2381 (depth 0, 24 lits): UNSAT in 0.02s
    cube 2385 (depth 0, 24 lits): UNSAT in 0.02s
    cube 2389 (depth 0, 24 lits): UNSAT in 0.06s
    cube 2393 (depth 0, 23 lits): UNSAT in 0.02s
    cube 2397 (depth 0, 24 lits): UNSAT in 0.03s
    cube 2401 (depth 0, 24 lits): UNSAT in 0.05s
    cube 2405 (depth 0, 24 lits): UNSAT in 0.09s
    cube 2409 (depth 0, 24 lits): UNSAT in 0.04s
    cube 2413 (depth 0, 24 lits): UNSAT in 0.04s
    cube 2417 (depth 0, 24 lits): UNSAT in 0.24s
    cube 2421 (depth 0, 24 lits): UNSAT in 0.23s
    cube 2425 (depth 0, 24 lits): UNSAT in 0.02s
    cube 2429 (depth 0, 24 lits): UNSAT in 0.03s
    cube 2433 (depth 0, 24 lits): UNSAT in 0.04s
    cube 2437 (depth 0, 24 lits): UNSAT in 0.01s
    cube 2441 (depth 0, 24 lits): UNSAT in 0.06s
    cube 2445 (depth 0, 24 lits): UNSAT in 0.32s
    cube 2449 (depth 0, 24 lits): UNSAT in 0.07s
    cube 2453 (depth 0, 24 lits): UNSAT in 0.41s
    cube 2457 (depth 0, 24 lits): UNSAT in 0.04s
    cube 2461 (depth 0, 24 lits): UNSAT in 0.16s
    cube 2465 (depth 0, 24 lits): UNSAT in 0.08s
    cube 2469 (depth 0, 24 lits): UNSAT in 0.32s
    cube 2473 (depth 0, 24 lits): UNSAT in 0.17s
    cube 2477 (depth 0, 24 lits): UNSAT in 0.41s
    cube 2481 (depth 0, 24 lits): UNSAT in 0.36s
    cube 2485 (depth 0, 24 lits): UNSAT in 1.55s
    cube 2489 (depth 0, 24 lits): UNSAT in 0.02s
    cube 2493 (depth 0, 24 lits): UNSAT in 0.06s
    cube 2497 (depth 0, 24 lits): UNSAT in 0.04s
    cube 2501 (depth 0, 24 lits): UNSAT in 0.02s
    cube 2505 (depth 0, 24 lits): UNSAT in 0.02s
    cube 2509 (depth 0, 24 lits): UNSAT in 0.02s
    cube 2513 (depth 0, 24 lits): UNSAT in 0.04s
    cube 2517 (depth 0, 24 lits): UNSAT in 0.01s
    cube 2521 (depth 0, 24 lits): UNSAT in 0.03s
    cube 2525 (depth 0, 24 lits): UNSAT in 0.07s
    cube 2529 (depth 0, 24 lits): UNSAT in 0.09s
    cube 2533 (depth 0, 24 lits): UNSAT in 0.02s
    cube 2537 (depth 0, 24 lits): UNSAT in 0.30s
    cube 2541 (depth 0, 24 lits): UNSAT in 0.17s
    cube 2545 (depth 0, 24 lits): UNSAT in 0.36s
    cube 2549 (depth 0, 24 lits): UNSAT in 0.03s
    cube 2553 (depth 0, 24 lits): UNSAT in 0.04s
    cube 2557 (depth 0, 24 lits): UNSAT in 0.03s
    cube 2561 (depth 0, 24 lits): UNSAT in 0.02s
    cube 2565 (depth 0, 24 lits): UNSAT in 0.02s
    cube 2569 (depth 0, 24 lits): UNSAT in 0.03s
    cube 2573 (depth 0, 24 lits): UNSAT in 0.05s
    cube 2577 (depth 0, 24 lits): UNSAT in 0.60s
    cube 2581 (depth 0, 24 lits): UNSAT in 0.04s
    cube 2585 (depth 0, 24 lits): UNSAT in 0.03s
    cube 2589 (depth 0, 24 lits): UNSAT in 0.08s
    cube 2593 (depth 0, 24 lits): UNSAT in 0.97s
    cube 2597 (depth 0, 24 lits): UNSAT in 0.14s
    cube 2601 (depth 0, 24 lits): UNSAT in 0.53s
    cube 2605 (depth 0, 24 lits): UNSAT in 1.33s
    cube 2609 (depth 0, 24 lits): UNSAT in 2.35s
    cube 2613 (depth 0, 24 lits): UNSAT in 0.01s
    cube 2617 (depth 0, 24 lits): UNSAT in 0.02s
    cube 2621 (depth 0, 24 lits): UNSAT in 0.02s
    cube 2625 (depth 0, 24 lits): UNSAT in 0.04s
    cube 2629 (depth 0, 24 lits): UNSAT in 0.02s
    cube 2633 (depth 0, 24 lits): UNSAT in 0.03s
    cube 2637 (depth 0, 24 lits): UNSAT in 0.02s
    cube 2641 (depth 0, 24 lits): UNSAT in 0.06s
    cube 2645 (depth 0, 24 lits): UNSAT in 0.01s
    cube 2649 (depth 0, 24 lits): UNSAT in 0.05s
    cube 2653 (depth 0, 24 lits): UNSAT in 0.04s
    cube 2657 (depth 0, 24 lits): UNSAT in 0.18s
    cube 2661 (depth 0, 24 lits): UNSAT in 0.04s
    cube 2665 (depth 0, 24 lits): UNSAT in 0.02s
    cube 2669 (depth 0, 24 lits): UNSAT in 0.05s
    cube 2673 (depth 0, 24 lits): UNSAT in 0.48s
    cube 2677 (depth 0, 24 lits): UNSAT in 0.02s
    cube 2681 (depth 0, 23 lits): UNSAT in 0.01s
    cube 2685 (depth 0, 24 lits): UNSAT in 0.06s
    cube 2689 (depth 0, 24 lits): UNSAT in 0.03s
    cube 2693 (depth 0, 24 lits): UNSAT in 0.07s
    cube 2697 (depth 0, 24 lits): UNSAT in 0.22s
    cube 2701 (depth 0, 24 lits): UNSAT in 0.12s
    cube 2705 (depth 0, 24 lits): UNSAT in 1.11s
    cube 2709 (depth 0, 24 lits): UNSAT in 0.03s
    cube 2713 (depth 0, 24 lits): UNSAT in 0.03s
    cube 2717 (depth 0, 24 lits): UNSAT in 0.30s
    cube 2721 (depth 0, 24 lits): UNSAT in 1.80s
    cube 2725 (depth 0, 24 lits): UNSAT in 0.58s
    cube 2729 (depth 0, 24 lits): UNSAT in 0.94s
    cube 2733 (depth 0, 24 lits): UNSAT in 0.46s
    cube 2737 (depth 0, 24 lits): UNSAT in 73.10s
    cube 2741 (depth 0, 24 lits): UNSAT in 0.01s
    cube 2745 (depth 0, 24 lits): UNSAT in 0.02s
    cube 2749 (depth 0, 24 lits): UNSAT in 0.02s
    cube 2753 (depth 0, 24 lits): UNSAT in 0.02s
    cube 2757 (depth 0, 24 lits): UNSAT in 0.22s
    cube 2761 (depth 0, 24 lits): UNSAT in 0.34s
    cube 2765 (depth 0, 24 lits): UNSAT in 0.04s
    cube 2769 (depth 0, 24 lits): UNSAT in 0.20s
    cube 2773 (depth 0, 24 lits): UNSAT in 0.03s
    cube 2777 (depth 0, 24 lits): UNSAT in 0.15s
    cube 2781 (depth 0, 24 lits): UNSAT in 0.98s
    cube 2785 (depth 0, 24 lits): UNSAT in 0.31s
    cube 2789 (depth 0, 24 lits): UNSAT in 0.06s
    cube 2793 (depth 0, 24 lits): UNSAT in 0.33s
    cube 2797 (depth 0, 24 lits): UNSAT in 0.29s
    cube 2801 (depth 0, 24 lits): UNSAT in 17.91s
    cube 2805 (depth 0, 24 lits): UNSAT in 0.20s
    cube 2809 (depth 0, 24 lits): UNSAT in 0.48s
    cube 2813 (depth 0, 24 lits): UNSAT in 0.49s
    cube 2817 (depth 0, 24 lits): UNSAT in 7.53s
    cube 2821 (depth 0, 24 lits): UNSAT in 1.42s
    cube 2825 (depth 0, 24 lits): UNSAT in 3.40s
    cube 2829 (depth 0, 24 lits): UNSAT in 5.84s
    cube 2833 (depth 0, 24 lits): UNSAT in 87.73s
    cube 2837 (depth 0, 24 lits): UNSAT in 0.26s
    cube 2841 (depth 0, 24 lits): UNSAT in 9.24s
    cube 2845 (depth 0, 24 lits): UNSAT in 3.81s
    cube 2849 (depth 0, 24 lits): UNSAT in 41.47s
    cube 2853 (depth 0, 24 lits): UNSAT in 1.37s
    cube 2857 (depth 0, 24 lits): UNSAT in 8.91s
    cube 2861 (depth 0, 24 lits): UNSAT in 9.06s
    cube 2865 (depth 0, 24 lits): UNSAT in 172.90s
    cube 2869 (depth 0, 23 lits): UNSAT in 0.02s
    cube 2873 (depth 0, 24 lits): UNSAT in 0.01s
    cube 2877 (depth 0, 24 lits): UNSAT in 0.02s
    cube 2881 (depth 0, 24 lits): UNSAT in 0.01s
    cube 2885 (depth 0, 24 lits): UNSAT in 0.02s
    cube 2889 (depth 0, 24 lits): UNSAT in 0.03s
    cube 2893 (depth 0, 24 lits): UNSAT in 0.03s
    cube 2897 (depth 0, 24 lits): UNSAT in 0.01s
    cube 2901 (depth 0, 24 lits): UNSAT in 0.02s
    cube 2905 (depth 0, 24 lits): UNSAT in 0.01s
    cube 2909 (depth 0, 24 lits): UNSAT in 0.01s
    cube 2913 (depth 0, 24 lits): UNSAT in 0.02s
    cube 2917 (depth 0, 24 lits): UNSAT in 0.07s
    cube 2921 (depth 0, 24 lits): UNSAT in 0.04s
    cube 2925 (depth 0, 24 lits): UNSAT in 0.01s
    cube 2929 (depth 0, 24 lits): UNSAT in 0.02s
    cube 2933 (depth 0, 24 lits): UNSAT in 0.02s
    cube 2937 (depth 0, 24 lits): UNSAT in 0.09s
    cube 2941 (depth 0, 24 lits): UNSAT in 0.02s
    cube 2945 (depth 0, 24 lits): UNSAT in 0.06s
    cube 2949 (depth 0, 24 lits): UNSAT in 0.11s
    cube 2953 (depth 0, 24 lits): UNSAT in 0.57s
    cube 2957 (depth 0, 24 lits): UNSAT in 0.07s
    cube 2961 (depth 0, 24 lits): UNSAT in 0.03s
    cube 2965 (depth 0, 24 lits): UNSAT in 0.02s
    cube 2969 (depth 0, 24 lits): UNSAT in 0.45s
    cube 2973 (depth 0, 24 lits): UNSAT in 0.02s
    cube 2977 (depth 0, 24 lits): UNSAT in 0.15s
    cube 2981 (depth 0, 24 lits): UNSAT in 0.08s
    cube 2985 (depth 0, 24 lits): UNSAT in 0.01s
    cube 2989 (depth 0, 24 lits): UNSAT in 0.02s
    cube 2993 (depth 0, 24 lits): UNSAT in 0.01s
    cube 2997 (depth 0, 24 lits): UNSAT in 0.03s
    cube 3001 (depth 0, 24 lits): UNSAT in 0.01s
    cube 3005 (depth 0, 24 lits): UNSAT in 0.02s
    cube 3009 (depth 0, 24 lits): UNSAT in 0.05s
    cube 3013 (depth 0, 24 lits): UNSAT in 0.16s
    cube 3017 (depth 0, 24 lits): UNSAT in 0.02s
    cube 3021 (depth 0, 24 lits): UNSAT in 0.06s
    cube 3025 (depth 0, 24 lits): UNSAT in 0.03s
    cube 3029 (depth 0, 24 lits): UNSAT in 0.05s
    cube 3033 (depth 0, 24 lits): UNSAT in 0.04s
    cube 3037 (depth 0, 24 lits): UNSAT in 0.07s
    cube 3041 (depth 0, 24 lits): UNSAT in 0.08s
    cube 3045 (depth 0, 24 lits): UNSAT in 0.09s
    cube 3049 (depth 0, 24 lits): UNSAT in 0.01s
    cube 3053 (depth 0, 24 lits): UNSAT in 0.03s
    cube 3057 (depth 0, 24 lits): UNSAT in 0.08s
    cube 3061 (depth 0, 24 lits): UNSAT in 0.18s
    cube 3065 (depth 0, 24 lits): UNSAT in 0.02s
    cube 3069 (depth 0, 24 lits): UNSAT in 0.08s
    cube 3073 (depth 0, 24 lits): UNSAT in 0.06s
    cube 3077 (depth 0, 24 lits): UNSAT in 0.27s
    cube 3081 (depth 0, 24 lits): UNSAT in 0.06s
    cube 3085 (depth 0, 24 lits): UNSAT in 0.34s
    cube 3089 (depth 0, 24 lits): UNSAT in 0.04s
    cube 3093 (depth 0, 24 lits): UNSAT in 1.04s
    cube 3097 (depth 0, 24 lits): UNSAT in 0.29s
    cube 3101 (depth 0, 24 lits): UNSAT in 2.06s
    cube 3105 (depth 0, 24 lits): UNSAT in 0.48s
    cube 3109 (depth 0, 24 lits): UNSAT in 20.67s
    cube 3113 (depth 0, 22 lits): UNSAT in 0.01s
    cube 3117 (depth 0, 24 lits): UNSAT in 0.02s
    cube 3121 (depth 0, 24 lits): UNSAT in 0.09s
    cube 3125 (depth 0, 24 lits): UNSAT in 0.06s
    cube 3129 (depth 0, 24 lits): UNSAT in 0.19s
    cube 3133 (depth 0, 24 lits): UNSAT in 0.29s
    cube 3137 (depth 0, 24 lits): UNSAT in 0.14s
    cube 3141 (depth 0, 24 lits): UNSAT in 2.26s
    cube 3145 (depth 0, 24 lits): UNSAT in 0.07s
    cube 3149 (depth 0, 24 lits): UNSAT in 0.43s
    cube 3153 (depth 0, 24 lits): UNSAT in 0.22s
    cube 3157 (depth 0, 24 lits): UNSAT in 2.76s
    cube 3161 (depth 0, 24 lits): UNSAT in 0.73s
    cube 3165 (depth 0, 24 lits): UNSAT in 1.52s
    cube 3169 (depth 0, 24 lits): UNSAT in 1.93s
    cube 3173 (depth 0, 24 lits): UNSAT in 23.17s
    cube 3177 (depth 0, 24 lits): UNSAT in 0.08s
    cube 3181 (depth 0, 24 lits): UNSAT in 0.14s
    cube 3185 (depth 0, 24 lits): UNSAT in 0.16s
    cube 3189 (depth 0, 24 lits): UNSAT in 3.00s
    cube 3193 (depth 0, 24 lits): UNSAT in 0.74s
    cube 3197 (depth 0, 24 lits): UNSAT in 1.31s
    cube 3201 (depth 0, 24 lits): UNSAT in 2.14s
    cube 3205 (depth 0, 24 lits): UNSAT in 20.49s
    cube 3209 (depth 0, 24 lits): UNSAT in 0.66s
    cube 3213 (depth 0, 24 lits): UNSAT in 0.91s
    cube 3217 (depth 0, 24 lits): UNSAT in 1.33s
    cube 3221 (depth 0, 24 lits): UNSAT in 91.22s
    cube 3225 (depth 0, 24 lits): UNSAT in 2.45s
    cube 3229 (depth 0, 24 lits): UNSAT in 18.26s
    cube 3233 (depth 0, 24 lits): UNSAT in 13.80s
    cube 3237 (depth 0, 24 lits): TIMEOUT in 600.10s
    cube 3237 TIMEOUT -> re-split into 249 sub-cubes (depth 1)
    cube 3237.0 (depth 1, 32 lits): UNSAT in 0.02s
    cube 3237.1 (depth 1, 32 lits): UNSAT in 0.02s
    cube 3237.2 (depth 1, 31 lits): UNSAT in 0.01s
    cube 3237.3 (depth 1, 31 lits): UNSAT in 0.01s
    cube 3237.4 (depth 1, 32 lits): UNSAT in 0.01s
    cube 3237.5 (depth 1, 32 lits): UNSAT in 0.01s
    cube 3237.6 (depth 1, 32 lits): UNSAT in 0.01s
    cube 3237.7 (depth 1, 32 lits): UNSAT in 0.02s
    cube 3237.8 (depth 1, 32 lits): UNSAT in 0.01s
    cube 3237.9 (depth 1, 32 lits): UNSAT in 0.02s
    cube 3237.10 (depth 1, 32 lits): UNSAT in 0.02s
    cube 3237.11 (depth 1, 32 lits): UNSAT in 0.01s
    cube 3237.12 (depth 1, 32 lits): UNSAT in 0.02s
    cube 3237.13 (depth 1, 32 lits): UNSAT in 0.02s
    cube 3237.14 (depth 1, 32 lits): UNSAT in 0.01s
    cube 3237.15 (depth 1, 32 lits): UNSAT in 0.02s
    cube 3237.16 (depth 1, 32 lits): UNSAT in 0.01s
    cube 3237.17 (depth 1, 32 lits): UNSAT in 0.01s
    cube 3237.18 (depth 1, 30 lits): UNSAT in 0.01s
    cube 3237.19 (depth 1, 32 lits): UNSAT in 0.02s
    cube 3237.20 (depth 1, 32 lits): UNSAT in 0.01s
    cube 3237.21 (depth 1, 32 lits): UNSAT in 0.01s
    cube 3237.22 (depth 1, 32 lits): UNSAT in 0.01s
    cube 3237.23 (depth 1, 32 lits): UNSAT in 0.02s
    cube 3237.24 (depth 1, 32 lits): UNSAT in 0.02s
    cube 3237.25 (depth 1, 32 lits): UNSAT in 0.14s
    cube 3237.26 (depth 1, 32 lits): UNSAT in 0.06s
    cube 3237.27 (depth 1, 31 lits): UNSAT in 0.01s
    cube 3237.28 (depth 1, 32 lits): UNSAT in 0.01s
    cube 3237.29 (depth 1, 32 lits): UNSAT in 0.01s
    cube 3237.30 (depth 1, 32 lits): UNSAT in 0.01s
    cube 3237.31 (depth 1, 32 lits): UNSAT in 0.01s
    cube 3237.32 (depth 1, 32 lits): UNSAT in 0.02s
    cube 3237.33 (depth 1, 32 lits): UNSAT in 0.02s
    cube 3237.34 (depth 1, 32 lits): UNSAT in 0.01s
    cube 3237.35 (depth 1, 32 lits): UNSAT in 0.04s
    cube 3237.36 (depth 1, 32 lits): UNSAT in 0.04s
    cube 3237.37 (depth 1, 32 lits): UNSAT in 0.03s
    cube 3237.38 (depth 1, 32 lits): UNSAT in 0.03s
    cube 3237.39 (depth 1, 32 lits): UNSAT in 0.02s
    cube 3237.40 (depth 1, 32 lits): UNSAT in 0.03s
    cube 3237.41 (depth 1, 32 lits): UNSAT in 0.03s
    cube 3237.42 (depth 1, 32 lits): UNSAT in 0.02s
    cube 3237.43 (depth 1, 32 lits): UNSAT in 0.05s
    cube 3237.44 (depth 1, 32 lits): UNSAT in 0.01s
    cube 3237.45 (depth 1, 32 lits): UNSAT in 0.02s
    cube 3237.46 (depth 1, 32 lits): UNSAT in 0.02s
    cube 3237.47 (depth 1, 32 lits): UNSAT in 0.06s
    cube 3237.48 (depth 1, 32 lits): UNSAT in 0.02s
    cube 3237.49 (depth 1, 32 lits): UNSAT in 0.13s
    cube 3237.50 (depth 1, 32 lits): UNSAT in 0.04s
    cube 3237.51 (depth 1, 32 lits): UNSAT in 0.06s
    cube 3237.52 (depth 1, 32 lits): UNSAT in 0.07s
    cube 3237.53 (depth 1, 32 lits): UNSAT in 0.29s
    cube 3237.54 (depth 1, 32 lits): UNSAT in 0.05s
    cube 3237.55 (depth 1, 32 lits): UNSAT in 0.18s
    cube 3237.56 (depth 1, 32 lits): UNSAT in 0.62s
    cube 3237.57 (depth 1, 32 lits): UNSAT in 1.18s
    cube 3237.58 (depth 1, 32 lits): UNSAT in 0.01s
    cube 3237.59 (depth 1, 32 lits): UNSAT in 0.02s
    cube 3237.60 (depth 1, 32 lits): UNSAT in 0.02s
    cube 3237.61 (depth 1, 32 lits): UNSAT in 0.02s
    cube 3237.62 (depth 1, 32 lits): UNSAT in 0.01s
    cube 3237.63 (depth 1, 32 lits): UNSAT in 0.02s
    cube 3237.64 (depth 1, 32 lits): UNSAT in 0.03s
    cube 3237.65 (depth 1, 32 lits): UNSAT in 0.03s
    cube 3237.66 (depth 1, 32 lits): UNSAT in 0.02s
    cube 3237.67 (depth 1, 32 lits): UNSAT in 0.03s
    cube 3237.68 (depth 1, 32 lits): UNSAT in 0.04s
    cube 3237.69 (depth 1, 32 lits): UNSAT in 0.09s
    cube 3237.70 (depth 1, 32 lits): UNSAT in 0.05s
    cube 3237.71 (depth 1, 32 lits): UNSAT in 0.08s
    cube 3237.72 (depth 1, 32 lits): UNSAT in 0.08s
    cube 3237.73 (depth 1, 32 lits): UNSAT in 0.11s
    cube 3237.74 (depth 1, 31 lits): UNSAT in 0.02s
    cube 3237.75 (depth 1, 32 lits): UNSAT in 0.02s
    cube 3237.76 (depth 1, 32 lits): UNSAT in 0.02s
    cube 3237.77 (depth 1, 32 lits): UNSAT in 0.03s
    cube 3237.78 (depth 1, 32 lits): UNSAT in 0.06s
    cube 3237.79 (depth 1, 32 lits): UNSAT in 0.20s
    cube 3237.80 (depth 1, 32 lits): UNSAT in 0.26s
    cube 3237.81 (depth 1, 32 lits): UNSAT in 0.03s
    cube 3237.82 (depth 1, 32 lits): UNSAT in 0.05s
    cube 3237.83 (depth 1, 32 lits): UNSAT in 0.12s
    cube 3237.84 (depth 1, 32 lits): UNSAT in 0.11s
    cube 3237.85 (depth 1, 32 lits): UNSAT in 0.43s
    cube 3237.86 (depth 1, 32 lits): UNSAT in 0.18s
    cube 3237.87 (depth 1, 32 lits): UNSAT in 0.26s
    cube 3237.88 (depth 1, 32 lits): UNSAT in 0.56s
    cube 3237.89 (depth 1, 32 lits): UNSAT in 0.04s
    cube 3237.90 (depth 1, 32 lits): UNSAT in 0.07s
    cube 3237.91 (depth 1, 32 lits): UNSAT in 0.02s
    cube 3237.92 (depth 1, 32 lits): UNSAT in 0.11s
    cube 3237.93 (depth 1, 32 lits): UNSAT in 0.02s
    cube 3237.94 (depth 1, 32 lits): UNSAT in 0.03s
    cube 3237.95 (depth 1, 32 lits): UNSAT in 0.08s
    cube 3237.96 (depth 1, 32 lits): UNSAT in 0.14s
    cube 3237.97 (depth 1, 32 lits): UNSAT in 0.02s
    cube 3237.98 (depth 1, 32 lits): UNSAT in 0.05s
    cube 3237.99 (depth 1, 32 lits): UNSAT in 0.08s
    cube 3237.100 (depth 1, 32 lits): UNSAT in 0.34s
    cube 3237.101 (depth 1, 32 lits): UNSAT in 0.19s
    cube 3237.102 (depth 1, 32 lits): UNSAT in 0.38s
    cube 3237.103 (depth 1, 32 lits): UNSAT in 0.12s
    cube 3237.104 (depth 1, 32 lits): UNSAT in 0.56s
    cube 3237.105 (depth 1, 32 lits): UNSAT in 0.09s
    cube 3237.106 (depth 1, 32 lits): UNSAT in 0.22s
    cube 3237.107 (depth 1, 32 lits): UNSAT in 0.10s
    cube 3237.108 (depth 1, 32 lits): UNSAT in 0.13s
    cube 3237.109 (depth 1, 32 lits): UNSAT in 0.46s
    cube 3237.110 (depth 1, 32 lits): UNSAT in 0.31s
    cube 3237.111 (depth 1, 32 lits): UNSAT in 0.28s
    cube 3237.112 (depth 1, 32 lits): UNSAT in 1.39s
    cube 3237.113 (depth 1, 32 lits): UNSAT in 0.14s
    cube 3237.114 (depth 1, 32 lits): UNSAT in 0.42s
    cube 3237.115 (depth 1, 32 lits): UNSAT in 1.15s
    cube 3237.116 (depth 1, 32 lits): UNSAT in 2.98s
    cube 3237.117 (depth 1, 32 lits): UNSAT in 0.61s
    cube 3237.118 (depth 1, 32 lits): UNSAT in 1.85s
    cube 3237.119 (depth 1, 32 lits): UNSAT in 5.85s
    cube 3237.120 (depth 1, 32 lits): UNSAT in 12.12s
    cube 3237.121 (depth 1, 32 lits): UNSAT in 0.01s
    cube 3237.122 (depth 1, 32 lits): UNSAT in 0.02s
    cube 3237.123 (depth 1, 32 lits): UNSAT in 0.01s
    cube 3237.124 (depth 1, 32 lits): UNSAT in 0.02s
    cube 3237.125 (depth 1, 32 lits): UNSAT in 0.01s
    cube 3237.126 (depth 1, 32 lits): UNSAT in 0.02s
    cube 3237.127 (depth 1, 32 lits): UNSAT in 0.01s
    cube 3237.128 (depth 1, 32 lits): UNSAT in 0.03s
    cube 3237.129 (depth 1, 32 lits): UNSAT in 0.01s
    cube 3237.130 (depth 1, 32 lits): UNSAT in 0.02s
    cube 3237.131 (depth 1, 32 lits): UNSAT in 0.02s
    cube 3237.132 (depth 1, 32 lits): UNSAT in 0.04s
    cube 3237.133 (depth 1, 32 lits): UNSAT in 0.01s
    cube 3237.134 (depth 1, 32 lits): UNSAT in 0.02s
    cube 3237.135 (depth 1, 32 lits): UNSAT in 0.03s
    cube 3237.136 (depth 1, 32 lits): UNSAT in 0.24s
    cube 3237.137 (depth 1, 32 lits): UNSAT in 0.02s
    cube 3237.138 (depth 1, 32 lits): UNSAT in 0.02s
    cube 3237.139 (depth 1, 32 lits): UNSAT in 0.03s
    cube 3237.140 (depth 1, 32 lits): UNSAT in 0.04s
    cube 3237.141 (depth 1, 32 lits): UNSAT in 0.02s
    cube 3237.142 (depth 1, 32 lits): UNSAT in 0.02s
    cube 3237.143 (depth 1, 32 lits): UNSAT in 0.02s
    cube 3237.144 (depth 1, 32 lits): UNSAT in 0.06s
    cube 3237.145 (depth 1, 32 lits): UNSAT in 0.03s
    cube 3237.146 (depth 1, 32 lits): UNSAT in 0.12s
    cube 3237.147 (depth 1, 32 lits): UNSAT in 0.08s
    cube 3237.148 (depth 1, 32 lits): UNSAT in 0.30s
    cube 3237.149 (depth 1, 32 lits): UNSAT in 0.04s
    cube 3237.150 (depth 1, 32 lits): UNSAT in 0.14s
    cube 3237.151 (depth 1, 32 lits): UNSAT in 0.45s
    cube 3237.152 (depth 1, 32 lits): UNSAT in 1.60s
    cube 3237.153 (depth 1, 32 lits): UNSAT in 0.02s
    cube 3237.154 (depth 1, 32 lits): UNSAT in 0.02s
    cube 3237.155 (depth 1, 32 lits): UNSAT in 0.02s
    cube 3237.156 (depth 1, 32 lits): UNSAT in 0.03s
    cube 3237.157 (depth 1, 32 lits): UNSAT in 0.03s
    cube 3237.158 (depth 1, 32 lits): UNSAT in 0.05s
    cube 3237.159 (depth 1, 32 lits): UNSAT in 0.06s
    cube 3237.160 (depth 1, 32 lits): UNSAT in 0.10s
    cube 3237.161 (depth 1, 32 lits): UNSAT in 0.05s
    cube 3237.162 (depth 1, 32 lits): UNSAT in 0.15s
    cube 3237.163 (depth 1, 32 lits): UNSAT in 0.02s
    cube 3237.164 (depth 1, 32 lits): UNSAT in 0.14s
    cube 3237.165 (depth 1, 32 lits): UNSAT in 0.03s
    cube 3237.166 (depth 1, 32 lits): UNSAT in 0.04s
    cube 3237.167 (depth 1, 32 lits): UNSAT in 0.12s
    cube 3237.168 (depth 1, 32 lits): UNSAT in 0.56s
    cube 3237.169 (depth 1, 32 lits): UNSAT in 0.02s
    cube 3237.170 (depth 1, 32 lits): UNSAT in 0.04s
    cube 3237.171 (depth 1, 32 lits): UNSAT in 0.09s
    cube 3237.172 (depth 1, 32 lits): UNSAT in 0.14s
    cube 3237.173 (depth 1, 32 lits): UNSAT in 0.02s
    cube 3237.174 (depth 1, 32 lits): UNSAT in 0.15s
    cube 3237.175 (depth 1, 32 lits): UNSAT in 0.10s
    cube 3237.176 (depth 1, 32 lits): UNSAT in 0.87s
    cube 3237.177 (depth 1, 32 lits): UNSAT in 0.10s
    cube 3237.178 (depth 1, 32 lits): UNSAT in 0.60s
    cube 3237.179 (depth 1, 32 lits): UNSAT in 0.18s
    cube 3237.180 (depth 1, 32 lits): UNSAT in 0.88s
    cube 3237.181 (depth 1, 32 lits): UNSAT in 0.23s
    cube 3237.182 (depth 1, 32 lits): UNSAT in 1.34s
    cube 3237.183 (depth 1, 32 lits): UNSAT in 1.55s
    cube 3237.184 (depth 1, 32 lits): UNSAT in 18.11s
    cube 3237.185 (depth 1, 32 lits): UNSAT in 0.02s
    cube 3237.186 (depth 1, 32 lits): UNSAT in 0.03s
    cube 3237.187 (depth 1, 32 lits): UNSAT in 0.01s
    cube 3237.188 (depth 1, 32 lits): UNSAT in 0.06s
    cube 3237.189 (depth 1, 32 lits): UNSAT in 0.03s
    cube 3237.190 (depth 1, 32 lits): UNSAT in 0.04s
    cube 3237.191 (depth 1, 32 lits): UNSAT in 0.07s
    cube 3237.192 (depth 1, 32 lits): UNSAT in 1.20s
    cube 3237.193 (depth 1, 32 lits): UNSAT in 0.06s
    cube 3237.194 (depth 1, 32 lits): UNSAT in 0.04s
    cube 3237.195 (depth 1, 32 lits): UNSAT in 0.02s
    cube 3237.196 (depth 1, 32 lits): UNSAT in 0.45s
    cube 3237.197 (depth 1, 32 lits): UNSAT in 0.07s
    cube 3237.198 (depth 1, 32 lits): UNSAT in 0.47s
    cube 3237.199 (depth 1, 32 lits): UNSAT in 0.14s
    cube 3237.200 (depth 1, 32 lits): UNSAT in 1.64s
    cube 3237.201 (depth 1, 32 lits): UNSAT in 0.04s
    cube 3237.202 (depth 1, 32 lits): UNSAT in 0.02s
    cube 3237.203 (depth 1, 32 lits): UNSAT in 0.01s
    cube 3237.204 (depth 1, 32 lits): UNSAT in 0.04s
    cube 3237.205 (depth 1, 32 lits): UNSAT in 0.05s
    cube 3237.206 (depth 1, 32 lits): UNSAT in 0.08s
    cube 3237.207 (depth 1, 32 lits): UNSAT in 0.06s
    cube 3237.208 (depth 1, 32 lits): UNSAT in 0.21s
    cube 3237.209 (depth 1, 32 lits): UNSAT in 0.02s
    cube 3237.210 (depth 1, 32 lits): UNSAT in 0.15s
    cube 3237.211 (depth 1, 32 lits): UNSAT in 0.05s
    cube 3237.212 (depth 1, 32 lits): UNSAT in 0.69s
    cube 3237.213 (depth 1, 32 lits): UNSAT in 0.56s
    cube 3237.214 (depth 1, 32 lits): UNSAT in 1.30s
    cube 3237.215 (depth 1, 32 lits): UNSAT in 2.64s
    cube 3237.216 (depth 1, 32 lits): UNSAT in 32.56s
    cube 3237.217 (depth 1, 32 lits): UNSAT in 0.01s
    cube 3237.218 (depth 1, 32 lits): UNSAT in 0.01s
    cube 3237.219 (depth 1, 32 lits): UNSAT in 0.02s
    cube 3237.220 (depth 1, 32 lits): UNSAT in 0.02s
    cube 3237.221 (depth 1, 32 lits): UNSAT in 0.02s
    cube 3237.222 (depth 1, 32 lits): UNSAT in 0.03s
    cube 3237.223 (depth 1, 32 lits): UNSAT in 0.19s
    cube 3237.224 (depth 1, 32 lits): UNSAT in 0.90s
    cube 3237.225 (depth 1, 32 lits): UNSAT in 0.04s
    cube 3237.226 (depth 1, 32 lits): UNSAT in 0.09s
    cube 3237.227 (depth 1, 32 lits): UNSAT in 0.04s
    cube 3237.228 (depth 1, 32 lits): UNSAT in 0.32s
    cube 3237.229 (depth 1, 32 lits): UNSAT in 0.14s
    cube 3237.230 (depth 1, 32 lits): UNSAT in 0.45s
    cube 3237.231 (depth 1, 32 lits): UNSAT in 0.62s
    cube 3237.232 (depth 1, 32 lits): UNSAT in 3.36s
    cube 3237.233 (depth 1, 32 lits): UNSAT in 0.02s
    cube 3237.234 (depth 1, 32 lits): UNSAT in 0.04s
    cube 3237.235 (depth 1, 32 lits): UNSAT in 0.05s
    cube 3237.236 (depth 1, 32 lits): UNSAT in 0.17s
    cube 3237.237 (depth 1, 32 lits): UNSAT in 0.08s
    cube 3237.238 (depth 1, 32 lits): UNSAT in 0.07s
    cube 3237.239 (depth 1, 32 lits): UNSAT in 0.21s
    cube 3237.240 (depth 1, 32 lits): UNSAT in 2.06s
    cube 3237.241 (depth 1, 32 lits): UNSAT in 0.03s
    cube 3237.242 (depth 1, 32 lits): UNSAT in 0.29s
    cube 3237.243 (depth 1, 32 lits): UNSAT in 0.83s
    cube 3237.244 (depth 1, 32 lits): UNSAT in 1.42s
    cube 3237.245 (depth 1, 32 lits): UNSAT in 0.24s
    cube 3237.246 (depth 1, 32 lits): UNSAT in 3.05s
    cube 3237.247 (depth 1, 32 lits): UNSAT in 2.88s
    cube 3237.248 (depth 1, 32 lits): UNSAT in 47.03s
    cube 3241 (depth 0, 24 lits): UNSAT in 0.20s
    cube 3245 (depth 0, 24 lits): UNSAT in 0.64s
    cube 3249 (depth 0, 24 lits): UNSAT in 0.38s
    cube 3253 (depth 0, 24 lits): UNSAT in 5.65s
    cube 3257 (depth 0, 24 lits): UNSAT in 0.03s
    cube 3261 (depth 0, 24 lits): UNSAT in 0.50s
    cube 3265 (depth 0, 24 lits): UNSAT in 0.55s
    cube 3269 (depth 0, 24 lits): UNSAT in 2.40s
    cube 3273 (depth 0, 24 lits): UNSAT in 0.39s
    cube 3277 (depth 0, 24 lits): UNSAT in 1.42s
    cube 3281 (depth 0, 24 lits): UNSAT in 0.75s
    cube 3285 (depth 0, 24 lits): UNSAT in 12.84s
    cube 3289 (depth 0, 24 lits): UNSAT in 1.64s
    cube 3293 (depth 0, 24 lits): UNSAT in 3.30s
    cube 3297 (depth 0, 24 lits): UNSAT in 13.29s
    cube 3301 (depth 0, 24 lits): TIMEOUT in 600.10s
    cube 3301 TIMEOUT -> re-split into 247 sub-cubes (depth 1)
    cube 3301.0 (depth 1, 32 lits): UNSAT in 0.01s
    cube 3301.1 (depth 1, 32 lits): UNSAT in 0.02s
    cube 3301.2 (depth 1, 32 lits): UNSAT in 0.02s
    cube 3301.3 (depth 1, 32 lits): UNSAT in 0.01s
    cube 3301.4 (depth 1, 32 lits): UNSAT in 0.01s
    cube 3301.5 (depth 1, 32 lits): UNSAT in 0.01s
    cube 3301.6 (depth 1, 32 lits): UNSAT in 0.02s
    cube 3301.7 (depth 1, 32 lits): UNSAT in 0.03s
    cube 3301.8 (depth 1, 31 lits): UNSAT in 0.01s
    cube 3301.9 (depth 1, 32 lits): UNSAT in 0.01s
    cube 3301.10 (depth 1, 32 lits): UNSAT in 0.01s
    cube 3301.11 (depth 1, 32 lits): UNSAT in 0.02s
    cube 3301.12 (depth 1, 32 lits): UNSAT in 0.02s
    cube 3301.13 (depth 1, 32 lits): UNSAT in 0.01s
    cube 3301.14 (depth 1, 32 lits): UNSAT in 0.03s
    cube 3301.15 (depth 1, 31 lits): UNSAT in 0.02s
    cube 3301.16 (depth 1, 32 lits): UNSAT in 0.01s
    cube 3301.17 (depth 1, 32 lits): UNSAT in 0.02s
    cube 3301.18 (depth 1, 32 lits): UNSAT in 0.01s
    cube 3301.19 (depth 1, 32 lits): UNSAT in 0.05s
    cube 3301.20 (depth 1, 32 lits): UNSAT in 0.01s
    cube 3301.21 (depth 1, 32 lits): UNSAT in 0.03s
    cube 3301.22 (depth 1, 32 lits): UNSAT in 0.02s
    cube 3301.23 (depth 1, 32 lits): UNSAT in 0.04s
    cube 3301.24 (depth 1, 32 lits): UNSAT in 0.04s
    cube 3301.25 (depth 1, 32 lits): UNSAT in 0.07s
    cube 3301.26 (depth 1, 32 lits): UNSAT in 0.05s
    cube 3301.27 (depth 1, 32 lits): UNSAT in 0.06s
    cube 3301.28 (depth 1, 32 lits): UNSAT in 0.13s
    cube 3301.29 (depth 1, 32 lits): UNSAT in 0.11s
    cube 3301.30 (depth 1, 32 lits): UNSAT in 0.01s
    cube 3301.31 (depth 1, 32 lits): UNSAT in 0.02s
    cube 3301.32 (depth 1, 32 lits): UNSAT in 0.01s
    cube 3301.33 (depth 1, 32 lits): UNSAT in 0.02s
    cube 3301.34 (depth 1, 32 lits): UNSAT in 0.02s
    cube 3301.35 (depth 1, 32 lits): UNSAT in 0.02s
    cube 3301.36 (depth 1, 32 lits): UNSAT in 0.03s
    cube 3301.37 (depth 1, 32 lits): UNSAT in 0.04s
    cube 3301.38 (depth 1, 32 lits): UNSAT in 0.02s
    cube 3301.39 (depth 1, 32 lits): UNSAT in 0.03s
    cube 3301.40 (depth 1, 32 lits): UNSAT in 0.05s
    cube 3301.41 (depth 1, 32 lits): UNSAT in 0.06s
    cube 3301.42 (depth 1, 32 lits): UNSAT in 0.06s
    cube 3301.43 (depth 1, 32 lits): UNSAT in 0.10s
    cube 3301.44 (depth 1, 32 lits): UNSAT in 0.13s
    cube 3301.45 (depth 1, 32 lits): UNSAT in 0.40s
    cube 3301.46 (depth 1, 32 lits): UNSAT in 0.02s
    cube 3301.47 (depth 1, 32 lits): UNSAT in 0.05s
    cube 3301.48 (depth 1, 32 lits): UNSAT in 0.10s
    cube 3301.49 (depth 1, 32 lits): UNSAT in 0.10s
    cube 3301.50 (depth 1, 32 lits): UNSAT in 0.02s
    cube 3301.51 (depth 1, 32 lits): UNSAT in 0.07s
    cube 3301.52 (depth 1, 32 lits): UNSAT in 0.12s
    cube 3301.53 (depth 1, 32 lits): UNSAT in 0.47s
    cube 3301.54 (depth 1, 32 lits): UNSAT in 0.03s
    cube 3301.55 (depth 1, 32 lits): UNSAT in 0.05s
    cube 3301.56 (depth 1, 32 lits): UNSAT in 0.05s
    cube 3301.57 (depth 1, 32 lits): UNSAT in 0.26s
    cube 3301.58 (depth 1, 32 lits): UNSAT in 0.07s
    cube 3301.59 (depth 1, 32 lits): UNSAT in 0.18s
    cube 3301.60 (depth 1, 32 lits): UNSAT in 0.40s
    cube 3301.61 (depth 1, 32 lits): UNSAT in 0.99s
    cube 3301.62 (depth 1, 31 lits): UNSAT in 0.01s
    cube 3301.63 (depth 1, 32 lits): UNSAT in 0.01s
    cube 3301.64 (depth 1, 32 lits): UNSAT in 0.01s
    cube 3301.65 (depth 1, 32 lits): UNSAT in 0.02s
    cube 3301.66 (depth 1, 32 lits): UNSAT in 0.02s
    cube 3301.67 (depth 1, 32 lits): UNSAT in 0.02s
    cube 3301.68 (depth 1, 32 lits): UNSAT in 0.02s
    cube 3301.69 (depth 1, 31 lits): UNSAT in 0.01s
    cube 3301.70 (depth 1, 32 lits): UNSAT in 0.02s
    cube 3301.71 (depth 1, 32 lits): UNSAT in 0.03s
    cube 3301.72 (depth 1, 32 lits): UNSAT in 0.02s
    cube 3301.73 (depth 1, 32 lits): UNSAT in 0.03s
    cube 3301.74 (depth 1, 32 lits): UNSAT in 0.04s
    cube 3301.75 (depth 1, 32 lits): UNSAT in 0.06s
    cube 3301.76 (depth 1, 31 lits): UNSAT in 0.01s
    cube 3301.77 (depth 1, 31 lits): UNSAT in 0.02s
    cube 3301.78 (depth 1, 32 lits): UNSAT in 0.01s
    cube 3301.79 (depth 1, 32 lits): UNSAT in 0.03s
    cube 3301.80 (depth 1, 32 lits): UNSAT in 0.04s
    cube 3301.81 (depth 1, 32 lits): UNSAT in 0.06s
    cube 3301.82 (depth 1, 32 lits): UNSAT in 0.03s
    cube 3301.83 (depth 1, 32 lits): UNSAT in 0.11s
    cube 3301.84 (depth 1, 32 lits): UNSAT in 0.04s
    cube 3301.85 (depth 1, 32 lits): UNSAT in 0.13s
    cube 3301.86 (depth 1, 32 lits): UNSAT in 0.05s
    cube 3301.87 (depth 1, 32 lits): UNSAT in 0.18s
    cube 3301.88 (depth 1, 32 lits): UNSAT in 0.39s
    cube 3301.89 (depth 1, 32 lits): UNSAT in 0.79s
    cube 3301.90 (depth 1, 32 lits): UNSAT in 0.01s
    cube 3301.91 (depth 1, 32 lits): UNSAT in 0.02s
    cube 3301.92 (depth 1, 32 lits): UNSAT in 0.02s
    cube 3301.93 (depth 1, 32 lits): UNSAT in 0.03s
    cube 3301.94 (depth 1, 32 lits): UNSAT in 0.01s
    cube 3301.95 (depth 1, 32 lits): UNSAT in 0.01s
    cube 3301.96 (depth 1, 32 lits): UNSAT in 0.06s
    cube 3301.97 (depth 1, 32 lits): UNSAT in 0.11s
    cube 3301.98 (depth 1, 32 lits): UNSAT in 0.01s
    cube 3301.99 (depth 1, 32 lits): UNSAT in 0.01s
    cube 3301.100 (depth 1, 32 lits): UNSAT in 0.01s
    cube 3301.101 (depth 1, 32 lits): UNSAT in 0.04s
    cube 3301.102 (depth 1, 32 lits): UNSAT in 0.02s
    cube 3301.103 (depth 1, 32 lits): UNSAT in 0.05s
    cube 3301.104 (depth 1, 32 lits): UNSAT in 0.06s
    cube 3301.105 (depth 1, 32 lits): UNSAT in 0.18s
    cube 3301.106 (depth 1, 32 lits): UNSAT in 0.02s
    cube 3301.107 (depth 1, 32 lits): UNSAT in 0.05s
    cube 3301.108 (depth 1, 32 lits): UNSAT in 0.03s
    cube 3301.109 (depth 1, 32 lits): UNSAT in 0.05s
    cube 3301.110 (depth 1, 32 lits): UNSAT in 0.04s
    cube 3301.111 (depth 1, 32 lits): UNSAT in 0.05s
    cube 3301.112 (depth 1, 32 lits): UNSAT in 0.26s
    cube 3301.113 (depth 1, 32 lits): UNSAT in 0.18s
    cube 3301.114 (depth 1, 32 lits): UNSAT in 0.06s
    cube 3301.115 (depth 1, 32 lits): UNSAT in 0.18s
    cube 3301.116 (depth 1, 32 lits): UNSAT in 0.05s
    cube 3301.117 (depth 1, 32 lits): UNSAT in 0.23s
    cube 3301.118 (depth 1, 32 lits): UNSAT in 0.32s
    cube 3301.119 (depth 1, 32 lits): UNSAT in 1.65s
    cube 3301.120 (depth 1, 32 lits): UNSAT in 0.65s
    cube 3301.121 (depth 1, 32 lits): UNSAT in 5.09s
    cube 3301.122 (depth 1, 31 lits): UNSAT in 0.01s
    cube 3301.123 (depth 1, 31 lits): UNSAT in 0.02s
    cube 3301.124 (depth 1, 32 lits): UNSAT in 0.02s
    cube 3301.125 (depth 1, 32 lits): UNSAT in 0.02s
    cube 3301.126 (depth 1, 32 lits): UNSAT in 0.03s
    cube 3301.127 (depth 1, 32 lits): UNSAT in 0.04s
    cube 3301.128 (depth 1, 31 lits): UNSAT in 0.01s
    cube 3301.129 (depth 1, 32 lits): UNSAT in 0.02s
    cube 3301.130 (depth 1, 32 lits): UNSAT in 0.04s
    cube 3301.131 (depth 1, 32 lits): UNSAT in 0.03s
    cube 3301.132 (depth 1, 32 lits): UNSAT in 0.03s
    cube 3301.133 (depth 1, 32 lits): UNSAT in 0.05s
    cube 3301.134 (depth 1, 32 lits): UNSAT in 0.12s
    cube 3301.135 (depth 1, 32 lits): UNSAT in 0.02s
    cube 3301.136 (depth 1, 32 lits): UNSAT in 0.03s
    cube 3301.137 (depth 1, 32 lits): UNSAT in 0.02s
    cube 3301.138 (depth 1, 32 lits): UNSAT in 0.09s
    cube 3301.139 (depth 1, 32 lits): UNSAT in 0.03s
    cube 3301.140 (depth 1, 32 lits): UNSAT in 0.03s
    cube 3301.141 (depth 1, 32 lits): UNSAT in 0.07s
    cube 3301.142 (depth 1, 32 lits): UNSAT in 0.07s
    cube 3301.143 (depth 1, 32 lits): UNSAT in 0.02s
    cube 3301.144 (depth 1, 32 lits): UNSAT in 0.03s
    cube 3301.145 (depth 1, 32 lits): UNSAT in 0.05s
    cube 3301.146 (depth 1, 32 lits): UNSAT in 0.11s
    cube 3301.147 (depth 1, 32 lits): UNSAT in 0.07s
    cube 3301.148 (depth 1, 32 lits): UNSAT in 0.21s
    cube 3301.149 (depth 1, 32 lits): UNSAT in 0.41s
    cube 3301.150 (depth 1, 32 lits): UNSAT in 0.70s
    cube 3301.151 (depth 1, 32 lits): UNSAT in 0.02s
    cube 3301.152 (depth 1, 32 lits): UNSAT in 0.06s
    cube 3301.153 (depth 1, 32 lits): UNSAT in 0.06s
    cube 3301.154 (depth 1, 32 lits): UNSAT in 0.18s
    cube 3301.155 (depth 1, 32 lits): UNSAT in 0.04s
    cube 3301.156 (depth 1, 32 lits): UNSAT in 0.17s
    cube 3301.157 (depth 1, 32 lits): UNSAT in 0.08s
    cube 3301.158 (depth 1, 32 lits): UNSAT in 0.63s
    cube 3301.159 (depth 1, 32 lits): UNSAT in 0.06s
    cube 3301.160 (depth 1, 32 lits): UNSAT in 0.27s
    cube 3301.161 (depth 1, 32 lits): UNSAT in 0.25s
    cube 3301.162 (depth 1, 32 lits): UNSAT in 1.00s
    cube 3301.163 (depth 1, 32 lits): UNSAT in 0.10s
    cube 3301.164 (depth 1, 32 lits): UNSAT in 0.49s
    cube 3301.165 (depth 1, 32 lits): UNSAT in 0.49s
    cube 3301.166 (depth 1, 32 lits): UNSAT in 3.44s
    cube 3301.167 (depth 1, 32 lits): UNSAT in 0.02s
    cube 3301.168 (depth 1, 32 lits): UNSAT in 0.05s
    cube 3301.169 (depth 1, 32 lits): UNSAT in 0.11s
    cube 3301.170 (depth 1, 32 lits): UNSAT in 0.33s
    cube 3301.171 (depth 1, 32 lits): UNSAT in 0.04s
    cube 3301.172 (depth 1, 32 lits): UNSAT in 0.16s
    cube 3301.173 (depth 1, 32 lits): UNSAT in 0.16s
    cube 3301.174 (depth 1, 32 lits): UNSAT in 0.86s
    cube 3301.175 (depth 1, 32 lits): UNSAT in 0.04s
    cube 3301.176 (depth 1, 32 lits): UNSAT in 0.14s
    cube 3301.177 (depth 1, 32 lits): UNSAT in 0.40s
    cube 3301.178 (depth 1, 32 lits): UNSAT in 0.87s
    cube 3301.179 (depth 1, 32 lits): UNSAT in 0.63s
    cube 3301.180 (depth 1, 32 lits): UNSAT in 2.11s
    cube 3301.181 (depth 1, 32 lits): UNSAT in 0.73s
    cube 3301.182 (depth 1, 32 lits): UNSAT in 10.56s
    cube 3301.183 (depth 1, 32 lits): UNSAT in 0.01s
    cube 3301.184 (depth 1, 32 lits): UNSAT in 0.03s
    cube 3301.185 (depth 1, 32 lits): UNSAT in 0.02s
    cube 3301.186 (depth 1, 32 lits): UNSAT in 0.05s
    cube 3301.187 (depth 1, 32 lits): UNSAT in 0.04s
    cube 3301.188 (depth 1, 32 lits): UNSAT in 0.07s
    cube 3301.189 (depth 1, 32 lits): UNSAT in 0.12s
    cube 3301.190 (depth 1, 32 lits): UNSAT in 0.08s
    cube 3301.191 (depth 1, 32 lits): UNSAT in 0.03s
    cube 3301.192 (depth 1, 32 lits): UNSAT in 0.07s
    cube 3301.193 (depth 1, 32 lits): UNSAT in 0.08s
    cube 3301.194 (depth 1, 32 lits): UNSAT in 0.22s
    cube 3301.195 (depth 1, 32 lits): UNSAT in 0.11s
    cube 3301.196 (depth 1, 32 lits): UNSAT in 0.41s
    cube 3301.197 (depth 1, 32 lits): UNSAT in 0.24s
    cube 3301.198 (depth 1, 32 lits): UNSAT in 2.90s
    cube 3301.199 (depth 1, 32 lits): UNSAT in 0.02s
    cube 3301.200 (depth 1, 32 lits): UNSAT in 0.05s
    cube 3301.201 (depth 1, 32 lits): UNSAT in 0.03s
    cube 3301.202 (depth 1, 32 lits): UNSAT in 0.22s
    cube 3301.203 (depth 1, 32 lits): UNSAT in 0.02s
    cube 3301.204 (depth 1, 32 lits): UNSAT in 0.06s
    cube 3301.205 (depth 1, 32 lits): UNSAT in 0.20s
    cube 3301.206 (depth 1, 32 lits): UNSAT in 0.87s
    cube 3301.207 (depth 1, 32 lits): UNSAT in 0.04s
    cube 3301.208 (depth 1, 32 lits): UNSAT in 0.31s
    cube 3301.209 (depth 1, 32 lits): UNSAT in 0.12s
    cube 3301.210 (depth 1, 32 lits): UNSAT in 0.27s
    cube 3301.211 (depth 1, 32 lits): UNSAT in 0.09s
    cube 3301.212 (depth 1, 32 lits): UNSAT in 0.60s
    cube 3301.213 (depth 1, 32 lits): UNSAT in 0.83s
    cube 3301.214 (depth 1, 32 lits): UNSAT in 3.88s
    cube 3301.215 (depth 1, 32 lits): UNSAT in 0.07s
    cube 3301.216 (depth 1, 32 lits): UNSAT in 0.43s
    cube 3301.217 (depth 1, 32 lits): UNSAT in 0.09s
    cube 3301.218 (depth 1, 32 lits): UNSAT in 0.85s
    cube 3301.219 (depth 1, 32 lits): UNSAT in 0.33s
    cube 3301.220 (depth 1, 32 lits): UNSAT in 0.76s
    cube 3301.221 (depth 1, 32 lits): UNSAT in 0.91s
    cube 3301.222 (depth 1, 32 lits): UNSAT in 3.68s
    cube 3301.223 (depth 1, 32 lits): UNSAT in 0.15s
    cube 3301.224 (depth 1, 32 lits): UNSAT in 0.30s
    cube 3301.225 (depth 1, 32 lits): UNSAT in 0.19s
    cube 3301.226 (depth 1, 32 lits): UNSAT in 1.56s
    cube 3301.227 (depth 1, 32 lits): UNSAT in 0.42s
    cube 3301.228 (depth 1, 32 lits): UNSAT in 1.19s
    cube 3301.229 (depth 1, 32 lits): UNSAT in 1.05s
    cube 3301.230 (depth 1, 32 lits): UNSAT in 8.23s
    cube 3301.231 (depth 1, 32 lits): UNSAT in 0.07s
    cube 3301.232 (depth 1, 32 lits): UNSAT in 0.35s
    cube 3301.233 (depth 1, 32 lits): UNSAT in 0.24s
    cube 3301.234 (depth 1, 32 lits): UNSAT in 0.95s
    cube 3301.235 (depth 1, 32 lits): UNSAT in 0.67s
    cube 3301.236 (depth 1, 32 lits): UNSAT in 0.50s
    cube 3301.237 (depth 1, 32 lits): UNSAT in 0.55s
    cube 3301.238 (depth 1, 32 lits): UNSAT in 4.20s
    cube 3301.239 (depth 1, 32 lits): UNSAT in 0.02s
    cube 3301.240 (depth 1, 32 lits): UNSAT in 0.09s
    cube 3301.241 (depth 1, 32 lits): UNSAT in 0.13s
    cube 3301.242 (depth 1, 32 lits): UNSAT in 0.57s
    cube 3301.243 (depth 1, 32 lits): UNSAT in 0.22s
    cube 3301.244 (depth 1, 32 lits): UNSAT in 3.30s
    cube 3301.245 (depth 1, 32 lits): UNSAT in 3.48s
    cube 3301.246 (depth 1, 32 lits): UNSAT in 12.53s
    cube 3305 (depth 0, 24 lits): UNSAT in 0.23s
    cube 3309 (depth 0, 24 lits): UNSAT in 3.82s
    cube 3313 (depth 0, 24 lits): UNSAT in 1.12s
    cube 3317 (depth 0, 24 lits): UNSAT in 7.12s
    cube 3321 (depth 0, 24 lits): UNSAT in 0.51s
    cube 3325 (depth 0, 24 lits): UNSAT in 19.02s
    cube 3329 (depth 0, 24 lits): UNSAT in 6.85s
    cube 3333 (depth 0, 24 lits): UNSAT in 117.98s
    cube 3337 (depth 0, 24 lits): UNSAT in 0.46s
    cube 3341 (depth 0, 24 lits): UNSAT in 45.44s
    cube 3345 (depth 0, 24 lits): UNSAT in 7.32s
    cube 3349 (depth 0, 24 lits): UNSAT in 190.64s
    cube 3353 (depth 0, 24 lits): UNSAT in 28.05s
    cube 3357 (depth 0, 24 lits): UNSAT in 283.49s
    cube 3361 (depth 0, 24 lits): TIMEOUT in 600.10s
    cube 3361 TIMEOUT -> re-split into 227 sub-cubes (depth 1)
    cube 3361.0 (depth 1, 30 lits): UNSAT in 0.01s
    cube 3361.1 (depth 1, 30 lits): UNSAT in 0.01s
    cube 3361.2 (depth 1, 29 lits): UNSAT in 0.01s
    cube 3361.3 (depth 1, 30 lits): UNSAT in 0.01s
    cube 3361.4 (depth 1, 30 lits): UNSAT in 0.02s
    cube 3361.5 (depth 1, 32 lits): UNSAT in 0.01s
    cube 3361.6 (depth 1, 32 lits): UNSAT in 0.01s
    cube 3361.7 (depth 1, 32 lits): UNSAT in 0.01s
    cube 3361.8 (depth 1, 32 lits): UNSAT in 0.02s
    cube 3361.9 (depth 1, 32 lits): UNSAT in 0.02s
    cube 3361.10 (depth 1, 32 lits): UNSAT in 0.03s
    cube 3361.11 (depth 1, 32 lits): UNSAT in 0.01s
    cube 3361.12 (depth 1, 32 lits): UNSAT in 0.04s
    cube 3361.13 (depth 1, 31 lits): UNSAT in 0.01s
    cube 3361.14 (depth 1, 32 lits): UNSAT in 0.01s
    cube 3361.15 (depth 1, 32 lits): UNSAT in 0.01s
    cube 3361.16 (depth 1, 30 lits): UNSAT in 0.02s
    cube 3361.17 (depth 1, 30 lits): UNSAT in 0.01s
    cube 3361.18 (depth 1, 32 lits): UNSAT in 0.02s
    cube 3361.19 (depth 1, 32 lits): UNSAT in 0.02s
    cube 3361.20 (depth 1, 32 lits): UNSAT in 0.01s
    cube 3361.21 (depth 1, 32 lits): UNSAT in 0.02s
    cube 3361.22 (depth 1, 31 lits): UNSAT in 0.01s
    cube 3361.23 (depth 1, 32 lits): UNSAT in 0.01s
    cube 3361.24 (depth 1, 32 lits): UNSAT in 0.02s
    cube 3361.25 (depth 1, 32 lits): UNSAT in 0.01s
    cube 3361.26 (depth 1, 32 lits): UNSAT in 0.02s
    cube 3361.27 (depth 1, 32 lits): UNSAT in 0.01s
    cube 3361.28 (depth 1, 32 lits): UNSAT in 0.07s
    cube 3361.29 (depth 1, 32 lits): UNSAT in 0.01s
    cube 3361.30 (depth 1, 32 lits): UNSAT in 0.02s
    cube 3361.31 (depth 1, 32 lits): UNSAT in 0.02s
    cube 3361.32 (depth 1, 32 lits): UNSAT in 0.07s
    cube 3361.33 (depth 1, 32 lits): UNSAT in 0.02s
    cube 3361.34 (depth 1, 32 lits): UNSAT in 0.11s
    cube 3361.35 (depth 1, 32 lits): UNSAT in 0.07s
    cube 3361.36 (depth 1, 32 lits): UNSAT in 0.11s
    cube 3361.37 (depth 1, 32 lits): UNSAT in 0.01s
    cube 3361.38 (depth 1, 32 lits): UNSAT in 0.02s
    cube 3361.39 (depth 1, 32 lits): UNSAT in 0.01s
    cube 3361.40 (depth 1, 32 lits): UNSAT in 0.02s
    cube 3361.41 (depth 1, 32 lits): UNSAT in 0.02s
    cube 3361.42 (depth 1, 32 lits): UNSAT in 0.04s
    cube 3361.43 (depth 1, 32 lits): UNSAT in 0.04s
    cube 3361.44 (depth 1, 32 lits): UNSAT in 0.14s
    cube 3361.45 (depth 1, 31 lits): UNSAT in 0.02s
    cube 3361.46 (depth 1, 32 lits): UNSAT in 0.02s
    cube 3361.47 (depth 1, 32 lits): UNSAT in 0.02s
    cube 3361.48 (depth 1, 32 lits): UNSAT in 0.05s
    cube 3361.49 (depth 1, 32 lits): UNSAT in 0.21s
    cube 3361.50 (depth 1, 32 lits): UNSAT in 0.04s
    cube 3361.51 (depth 1, 32 lits): UNSAT in 0.11s
    cube 3361.52 (depth 1, 32 lits): UNSAT in 0.02s
    cube 3361.53 (depth 1, 32 lits): UNSAT in 0.04s
    cube 3361.54 (depth 1, 32 lits): UNSAT in 0.03s
    cube 3361.55 (depth 1, 32 lits): UNSAT in 0.06s
    cube 3361.56 (depth 1, 32 lits): UNSAT in 0.02s
    cube 3361.57 (depth 1, 32 lits): UNSAT in 0.05s
    cube 3361.58 (depth 1, 32 lits): UNSAT in 0.08s
    cube 3361.59 (depth 1, 32 lits): UNSAT in 0.12s
    cube 3361.60 (depth 1, 32 lits): UNSAT in 0.02s
    cube 3361.61 (depth 1, 32 lits): UNSAT in 0.02s
    cube 3361.62 (depth 1, 32 lits): UNSAT in 0.04s
    cube 3361.63 (depth 1, 32 lits): UNSAT in 0.03s
    cube 3361.64 (depth 1, 32 lits): UNSAT in 0.08s
    cube 3361.65 (depth 1, 32 lits): UNSAT in 0.09s
    cube 3361.66 (depth 1, 32 lits): UNSAT in 0.08s
    cube 3361.67 (depth 1, 32 lits): UNSAT in 0.42s
    cube 3361.68 (depth 1, 32 lits): UNSAT in 0.02s
    cube 3361.69 (depth 1, 32 lits): UNSAT in 0.03s
    cube 3361.70 (depth 1, 32 lits): UNSAT in 0.04s
    cube 3361.71 (depth 1, 32 lits): UNSAT in 0.05s
    cube 3361.72 (depth 1, 32 lits): UNSAT in 0.02s
    cube 3361.73 (depth 1, 32 lits): UNSAT in 0.06s
    cube 3361.74 (depth 1, 32 lits): UNSAT in 0.03s
    cube 3361.75 (depth 1, 32 lits): UNSAT in 0.18s
    cube 3361.76 (depth 1, 32 lits): UNSAT in 0.07s
    cube 3361.77 (depth 1, 32 lits): UNSAT in 0.14s
    cube 3361.78 (depth 1, 32 lits): UNSAT in 0.11s
    cube 3361.79 (depth 1, 32 lits): UNSAT in 0.33s
    cube 3361.80 (depth 1, 32 lits): UNSAT in 0.07s
    cube 3361.81 (depth 1, 32 lits): UNSAT in 0.25s
    cube 3361.82 (depth 1, 32 lits): UNSAT in 0.12s
    cube 3361.83 (depth 1, 32 lits): UNSAT in 0.62s
    cube 3361.84 (depth 1, 32 lits): UNSAT in 0.02s
    cube 3361.85 (depth 1, 32 lits): UNSAT in 0.08s
    cube 3361.86 (depth 1, 32 lits): UNSAT in 0.12s
    cube 3361.87 (depth 1, 32 lits): UNSAT in 0.60s
    cube 3361.88 (depth 1, 32 lits): UNSAT in 0.10s
    cube 3361.89 (depth 1, 32 lits): UNSAT in 0.24s
    cube 3361.90 (depth 1, 32 lits): UNSAT in 0.31s
    cube 3361.91 (depth 1, 32 lits): UNSAT in 3.23s
    cube 3361.92 (depth 1, 32 lits): UNSAT in 0.04s
    cube 3361.93 (depth 1, 32 lits): UNSAT in 0.30s
    cube 3361.94 (depth 1, 32 lits): UNSAT in 0.12s
    cube 3361.95 (depth 1, 32 lits): UNSAT in 0.17s
    cube 3361.96 (depth 1, 32 lits): UNSAT in 0.41s
    cube 3361.97 (depth 1, 32 lits): UNSAT in 0.37s
    cube 3361.98 (depth 1, 32 lits): UNSAT in 3.16s
    cube 3361.99 (depth 1, 32 lits): UNSAT in 4.15s
    cube 3361.100 (depth 1, 32 lits): UNSAT in 0.01s
    cube 3361.101 (depth 1, 32 lits): UNSAT in 0.02s
    cube 3361.102 (depth 1, 32 lits): UNSAT in 0.02s
    cube 3361.103 (depth 1, 32 lits): UNSAT in 0.02s
    cube 3361.104 (depth 1, 32 lits): UNSAT in 0.02s
    cube 3361.105 (depth 1, 32 lits): UNSAT in 0.02s
    cube 3361.106 (depth 1, 32 lits): UNSAT in 0.03s
    cube 3361.107 (depth 1, 32 lits): UNSAT in 0.03s
    cube 3361.108 (depth 1, 32 lits): UNSAT in 0.02s
    cube 3361.109 (depth 1, 32 lits): UNSAT in 0.03s
    cube 3361.110 (depth 1, 32 lits): UNSAT in 0.02s
    cube 3361.111 (depth 1, 32 lits): UNSAT in 0.03s
    cube 3361.112 (depth 1, 32 lits): UNSAT in 0.02s
    cube 3361.113 (depth 1, 32 lits): UNSAT in 0.04s
    cube 3361.114 (depth 1, 32 lits): UNSAT in 0.04s
    cube 3361.115 (depth 1, 32 lits): UNSAT in 0.15s
    cube 3361.116 (depth 1, 32 lits): UNSAT in 0.01s
    cube 3361.117 (depth 1, 32 lits): UNSAT in 0.03s
    cube 3361.118 (depth 1, 32 lits): UNSAT in 0.03s
    cube 3361.119 (depth 1, 32 lits): UNSAT in 0.09s
    cube 3361.120 (depth 1, 32 lits): UNSAT in 0.03s
    cube 3361.121 (depth 1, 32 lits): UNSAT in 0.07s
    cube 3361.122 (depth 1, 32 lits): UNSAT in 0.03s
    cube 3361.123 (depth 1, 32 lits): UNSAT in 0.18s
    cube 3361.124 (depth 1, 32 lits): UNSAT in 0.01s
    cube 3361.125 (depth 1, 32 lits): UNSAT in 0.02s
    cube 3361.126 (depth 1, 32 lits): UNSAT in 0.03s
    cube 3361.127 (depth 1, 32 lits): UNSAT in 0.05s
    cube 3361.128 (depth 1, 32 lits): UNSAT in 0.03s
    cube 3361.129 (depth 1, 32 lits): UNSAT in 0.06s
    cube 3361.130 (depth 1, 32 lits): UNSAT in 0.25s
    cube 3361.131 (depth 1, 32 lits): UNSAT in 0.45s
    cube 3361.132 (depth 1, 31 lits): UNSAT in 0.02s
    cube 3361.133 (depth 1, 32 lits): UNSAT in 0.03s
    cube 3361.134 (depth 1, 32 lits): UNSAT in 0.05s
    cube 3361.135 (depth 1, 32 lits): UNSAT in 0.03s
    cube 3361.136 (depth 1, 32 lits): UNSAT in 0.04s
    cube 3361.137 (depth 1, 32 lits): UNSAT in 0.03s
    cube 3361.138 (depth 1, 32 lits): UNSAT in 0.19s
    cube 3361.139 (depth 1, 32 lits): UNSAT in 0.02s
    cube 3361.140 (depth 1, 32 lits): UNSAT in 0.05s
    cube 3361.141 (depth 1, 32 lits): UNSAT in 0.03s
    cube 3361.142 (depth 1, 32 lits): UNSAT in 0.09s
    cube 3361.143 (depth 1, 32 lits): UNSAT in 0.03s
    cube 3361.144 (depth 1, 32 lits): UNSAT in 0.10s
    cube 3361.145 (depth 1, 32 lits): UNSAT in 0.04s
    cube 3361.146 (depth 1, 32 lits): UNSAT in 0.08s
    cube 3361.147 (depth 1, 32 lits): UNSAT in 0.04s
    cube 3361.148 (depth 1, 32 lits): UNSAT in 0.09s
    cube 3361.149 (depth 1, 32 lits): UNSAT in 0.07s
    cube 3361.150 (depth 1, 32 lits): UNSAT in 0.18s
    cube 3361.151 (depth 1, 32 lits): UNSAT in 0.03s
    cube 3361.152 (depth 1, 32 lits): UNSAT in 0.06s
    cube 3361.153 (depth 1, 32 lits): UNSAT in 0.05s
    cube 3361.154 (depth 1, 32 lits): UNSAT in 0.17s
    cube 3361.155 (depth 1, 32 lits): UNSAT in 0.03s
    cube 3361.156 (depth 1, 32 lits): UNSAT in 0.08s
    cube 3361.157 (depth 1, 32 lits): UNSAT in 0.12s
    cube 3361.158 (depth 1, 32 lits): UNSAT in 0.39s
    cube 3361.159 (depth 1, 32 lits): UNSAT in 0.11s
    cube 3361.160 (depth 1, 32 lits): UNSAT in 0.13s
    cube 3361.161 (depth 1, 32 lits): UNSAT in 0.65s
    cube 3361.162 (depth 1, 32 lits): UNSAT in 2.98s
    cube 3361.163 (depth 1, 32 lits): UNSAT in 0.10s
    cube 3361.164 (depth 1, 32 lits): UNSAT in 0.19s
    cube 3361.165 (depth 1, 32 lits): UNSAT in 0.06s
    cube 3361.166 (depth 1, 32 lits): UNSAT in 0.04s
    cube 3361.167 (depth 1, 32 lits): UNSAT in 0.02s
    cube 3361.168 (depth 1, 32 lits): UNSAT in 0.04s
    cube 3361.169 (depth 1, 32 lits): UNSAT in 0.10s
    cube 3361.170 (depth 1, 32 lits): UNSAT in 0.16s
    cube 3361.171 (depth 1, 32 lits): UNSAT in 0.02s
    cube 3361.172 (depth 1, 32 lits): UNSAT in 0.04s
    cube 3361.173 (depth 1, 32 lits): UNSAT in 0.04s
    cube 3361.174 (depth 1, 32 lits): UNSAT in 0.12s
    cube 3361.175 (depth 1, 32 lits): UNSAT in 0.12s
    cube 3361.176 (depth 1, 32 lits): UNSAT in 0.22s
    cube 3361.177 (depth 1, 32 lits): UNSAT in 0.18s
    cube 3361.178 (depth 1, 32 lits): UNSAT in 0.71s
    cube 3361.179 (depth 1, 32 lits): UNSAT in 0.11s
    cube 3361.180 (depth 1, 32 lits): UNSAT in 0.23s
    cube 3361.181 (depth 1, 32 lits): UNSAT in 0.06s
    cube 3361.182 (depth 1, 32 lits): UNSAT in 0.21s
    cube 3361.183 (depth 1, 32 lits): UNSAT in 0.02s
    cube 3361.184 (depth 1, 32 lits): UNSAT in 0.19s
    cube 3361.185 (depth 1, 32 lits): UNSAT in 0.07s
    cube 3361.186 (depth 1, 32 lits): UNSAT in 0.59s
    cube 3361.187 (depth 1, 32 lits): UNSAT in 0.07s
    cube 3361.188 (depth 1, 32 lits): UNSAT in 0.11s
    cube 3361.189 (depth 1, 32 lits): UNSAT in 0.26s
    cube 3361.190 (depth 1, 32 lits): UNSAT in 0.67s
    cube 3361.191 (depth 1, 32 lits): UNSAT in 1.02s
    cube 3361.192 (depth 1, 32 lits): UNSAT in 6.27s
    cube 3361.193 (depth 1, 32 lits): UNSAT in 1.73s
    cube 3361.194 (depth 1, 32 lits): UNSAT in 9.08s
    cube 3361.195 (depth 1, 32 lits): UNSAT in 0.02s
    cube 3361.196 (depth 1, 32 lits): UNSAT in 0.03s
    cube 3361.197 (depth 1, 32 lits): UNSAT in 0.02s
    cube 3361.198 (depth 1, 32 lits): UNSAT in 0.04s
    cube 3361.199 (depth 1, 32 lits): UNSAT in 0.16s
    cube 3361.200 (depth 1, 32 lits): UNSAT in 0.44s
    cube 3361.201 (depth 1, 32 lits): UNSAT in 0.17s
    cube 3361.202 (depth 1, 32 lits): UNSAT in 1.35s
    cube 3361.203 (depth 1, 32 lits): UNSAT in 0.17s
    cube 3361.204 (depth 1, 32 lits): UNSAT in 0.19s
    cube 3361.205 (depth 1, 32 lits): UNSAT in 0.45s
    cube 3361.206 (depth 1, 32 lits): UNSAT in 0.40s
    cube 3361.207 (depth 1, 32 lits): UNSAT in 0.31s
    cube 3361.208 (depth 1, 32 lits): UNSAT in 0.84s
    cube 3361.209 (depth 1, 32 lits): UNSAT in 1.23s
    cube 3361.210 (depth 1, 32 lits): UNSAT in 10.73s
    cube 3361.211 (depth 1, 32 lits): UNSAT in 0.05s
    cube 3361.212 (depth 1, 32 lits): UNSAT in 0.16s
    cube 3361.213 (depth 1, 32 lits): UNSAT in 0.27s
    cube 3361.214 (depth 1, 32 lits): UNSAT in 4.17s
    cube 3361.215 (depth 1, 32 lits): UNSAT in 0.26s
    cube 3361.216 (depth 1, 32 lits): UNSAT in 1.04s
    cube 3361.217 (depth 1, 32 lits): UNSAT in 0.94s
    cube 3361.218 (depth 1, 32 lits): UNSAT in 5.23s
    cube 3361.219 (depth 1, 32 lits): UNSAT in 0.10s
    cube 3361.220 (depth 1, 32 lits): UNSAT in 0.41s
    cube 3361.221 (depth 1, 32 lits): UNSAT in 0.19s
    cube 3361.222 (depth 1, 32 lits): UNSAT in 1.12s
    cube 3361.223 (depth 1, 32 lits): UNSAT in 0.05s
    cube 3361.224 (depth 1, 32 lits): UNSAT in 0.65s
    cube 3361.225 (depth 1, 32 lits): UNSAT in 0.86s
    cube 3361.226 (depth 1, 32 lits): UNSAT in 11.15s
    cube 3365 (depth 0, 24 lits): TIMEOUT in 600.10s
    cube 3365 TIMEOUT -> re-split into 255 sub-cubes (depth 1)
    cube 3365.0 (depth 1, 32 lits): UNSAT in 0.01s
    cube 3365.1 (depth 1, 32 lits): UNSAT in 0.02s
    cube 3365.2 (depth 1, 32 lits): UNSAT in 0.01s
    cube 3365.3 (depth 1, 32 lits): UNSAT in 0.04s
    cube 3365.4 (depth 1, 32 lits): UNSAT in 0.03s
    cube 3365.5 (depth 1, 32 lits): UNSAT in 0.06s
    cube 3365.6 (depth 1, 32 lits): UNSAT in 0.05s
    cube 3365.7 (depth 1, 32 lits): UNSAT in 0.14s
    cube 3365.8 (depth 1, 32 lits): UNSAT in 0.06s
    cube 3365.9 (depth 1, 32 lits): UNSAT in 0.13s
    cube 3365.10 (depth 1, 32 lits): UNSAT in 0.09s
    cube 3365.11 (depth 1, 32 lits): UNSAT in 0.28s
    cube 3365.12 (depth 1, 32 lits): UNSAT in 0.08s
    cube 3365.13 (depth 1, 32 lits): UNSAT in 0.11s
    cube 3365.14 (depth 1, 32 lits): UNSAT in 0.09s
    cube 3365.15 (depth 1, 32 lits): UNSAT in 0.35s
    cube 3365.16 (depth 1, 31 lits): UNSAT in 0.02s
    cube 3365.17 (depth 1, 32 lits): UNSAT in 0.02s
    cube 3365.18 (depth 1, 32 lits): UNSAT in 0.04s
    cube 3365.19 (depth 1, 32 lits): UNSAT in 0.03s
    cube 3365.20 (depth 1, 32 lits): UNSAT in 0.17s
    cube 3365.21 (depth 1, 32 lits): UNSAT in 0.11s
    cube 3365.22 (depth 1, 32 lits): UNSAT in 0.33s
    cube 3365.23 (depth 1, 32 lits): UNSAT in 0.04s
    cube 3365.24 (depth 1, 32 lits): UNSAT in 0.11s
    cube 3365.25 (depth 1, 32 lits): UNSAT in 0.08s
    cube 3365.26 (depth 1, 32 lits): UNSAT in 0.28s
    cube 3365.27 (depth 1, 32 lits): UNSAT in 0.26s
    cube 3365.28 (depth 1, 32 lits): UNSAT in 0.14s
    cube 3365.29 (depth 1, 32 lits): UNSAT in 0.49s
    cube 3365.30 (depth 1, 32 lits): UNSAT in 0.88s
    cube 3365.31 (depth 1, 32 lits): UNSAT in 0.03s
    cube 3365.32 (depth 1, 32 lits): UNSAT in 0.04s
    cube 3365.33 (depth 1, 32 lits): UNSAT in 0.07s
    cube 3365.34 (depth 1, 32 lits): UNSAT in 0.23s
    cube 3365.35 (depth 1, 32 lits): UNSAT in 0.05s
    cube 3365.36 (depth 1, 32 lits): UNSAT in 0.17s
    cube 3365.37 (depth 1, 32 lits): UNSAT in 0.19s
    cube 3365.38 (depth 1, 32 lits): UNSAT in 0.48s
    cube 3365.39 (depth 1, 32 lits): UNSAT in 0.03s
    cube 3365.40 (depth 1, 32 lits): UNSAT in 0.13s
    cube 3365.41 (depth 1, 32 lits): UNSAT in 0.05s
    cube 3365.42 (depth 1, 32 lits): UNSAT in 0.21s
    cube 3365.43 (depth 1, 32 lits): UNSAT in 0.25s
    cube 3365.44 (depth 1, 32 lits): UNSAT in 0.53s
    cube 3365.45 (depth 1, 32 lits): UNSAT in 1.97s
    cube 3365.46 (depth 1, 32 lits): UNSAT in 8.09s
    cube 3365.47 (depth 1, 32 lits): UNSAT in 0.02s
    cube 3365.48 (depth 1, 32 lits): UNSAT in 0.08s
    cube 3365.49 (depth 1, 32 lits): UNSAT in 0.05s
    cube 3365.50 (depth 1, 32 lits): UNSAT in 0.61s
    cube 3365.51 (depth 1, 32 lits): UNSAT in 0.10s
    cube 3365.52 (depth 1, 32 lits): UNSAT in 0.30s
    cube 3365.53 (depth 1, 32 lits): UNSAT in 0.35s
    cube 3365.54 (depth 1, 32 lits): UNSAT in 1.79s
    cube 3365.55 (depth 1, 32 lits): UNSAT in 0.24s
    cube 3365.56 (depth 1, 32 lits): UNSAT in 0.23s
    cube 3365.57 (depth 1, 32 lits): UNSAT in 0.55s
    cube 3365.58 (depth 1, 32 lits): UNSAT in 13.47s
    cube 3365.59 (depth 1, 32 lits): UNSAT in 0.48s
    cube 3365.60 (depth 1, 32 lits): UNSAT in 6.34s
    cube 3365.61 (depth 1, 32 lits): UNSAT in 1.23s
    cube 3365.62 (depth 1, 32 lits): UNSAT in 6.68s
    cube 3365.63 (depth 1, 32 lits): UNSAT in 0.01s
    cube 3365.64 (depth 1, 32 lits): UNSAT in 0.02s
    cube 3365.65 (depth 1, 32 lits): UNSAT in 0.02s
    cube 3365.66 (depth 1, 32 lits): UNSAT in 0.02s
    cube 3365.67 (depth 1, 32 lits): UNSAT in 0.02s
    cube 3365.68 (depth 1, 32 lits): UNSAT in 0.02s
    cube 3365.69 (depth 1, 32 lits): UNSAT in 0.02s
    cube 3365.70 (depth 1, 32 lits): UNSAT in 0.02s
    cube 3365.71 (depth 1, 32 lits): UNSAT in 0.02s
    cube 3365.72 (depth 1, 32 lits): UNSAT in 0.08s
    cube 3365.73 (depth 1, 32 lits): UNSAT in 0.06s
    cube 3365.74 (depth 1, 32 lits): UNSAT in 0.12s
    cube 3365.75 (depth 1, 32 lits): UNSAT in 0.05s
    cube 3365.76 (depth 1, 32 lits): UNSAT in 0.11s
    cube 3365.77 (depth 1, 32 lits): UNSAT in 0.11s
    cube 3365.78 (depth 1, 32 lits): UNSAT in 0.25s
    cube 3365.79 (depth 1, 32 lits): UNSAT in 0.05s
    cube 3365.80 (depth 1, 32 lits): UNSAT in 0.11s
    cube 3365.81 (depth 1, 32 lits): UNSAT in 0.14s
    cube 3365.82 (depth 1, 32 lits): UNSAT in 0.48s
    cube 3365.83 (depth 1, 32 lits): UNSAT in 0.07s
    cube 3365.84 (depth 1, 32 lits): UNSAT in 0.28s
    cube 3365.85 (depth 1, 32 lits): UNSAT in 0.59s
    cube 3365.86 (depth 1, 32 lits): UNSAT in 2.17s
    cube 3365.87 (depth 1, 32 lits): UNSAT in 0.13s
    cube 3365.88 (depth 1, 32 lits): UNSAT in 0.21s
    cube 3365.89 (depth 1, 32 lits): UNSAT in 0.10s
    cube 3365.90 (depth 1, 32 lits): UNSAT in 0.52s
    cube 3365.91 (depth 1, 32 lits): UNSAT in 0.62s
    cube 3365.92 (depth 1, 32 lits): UNSAT in 0.41s
    cube 3365.93 (depth 1, 32 lits): UNSAT in 0.86s
    cube 3365.94 (depth 1, 32 lits): UNSAT in 9.55s
    cube 3365.95 (depth 1, 32 lits): UNSAT in 0.06s
    cube 3365.96 (depth 1, 32 lits): UNSAT in 0.10s
    cube 3365.97 (depth 1, 32 lits): UNSAT in 0.05s
    cube 3365.98 (depth 1, 32 lits): UNSAT in 0.32s
    cube 3365.99 (depth 1, 32 lits): UNSAT in 0.19s
    cube 3365.100 (depth 1, 32 lits): UNSAT in 0.39s
    cube 3365.101 (depth 1, 32 lits): UNSAT in 0.20s
    cube 3365.102 (depth 1, 32 lits): UNSAT in 1.64s
    cube 3365.103 (depth 1, 32 lits): UNSAT in 0.41s
    cube 3365.104 (depth 1, 32 lits): UNSAT in 0.35s
    cube 3365.105 (depth 1, 32 lits): UNSAT in 0.28s
    cube 3365.106 (depth 1, 32 lits): UNSAT in 1.56s
    cube 3365.107 (depth 1, 32 lits): UNSAT in 0.29s
    cube 3365.108 (depth 1, 32 lits): UNSAT in 4.95s
    cube 3365.109 (depth 1, 32 lits): UNSAT in 1.42s
    cube 3365.110 (depth 1, 32 lits): UNSAT in 12.97s
    cube 3365.111 (depth 1, 32 lits): UNSAT in 0.04s
    cube 3365.112 (depth 1, 32 lits): UNSAT in 0.09s
    cube 3365.113 (depth 1, 32 lits): UNSAT in 0.29s
    cube 3365.114 (depth 1, 32 lits): UNSAT in 1.45s
    cube 3365.115 (depth 1, 32 lits): UNSAT in 0.08s
    cube 3365.116 (depth 1, 32 lits): UNSAT in 0.99s
    cube 3365.117 (depth 1, 32 lits): UNSAT in 0.44s
    cube 3365.118 (depth 1, 32 lits): UNSAT in 7.69s
    cube 3365.119 (depth 1, 32 lits): UNSAT in 0.44s
    cube 3365.120 (depth 1, 32 lits): UNSAT in 0.96s
    cube 3365.121 (depth 1, 32 lits): UNSAT in 2.19s
    cube 3365.122 (depth 1, 32 lits): UNSAT in 31.83s
    cube 3365.123 (depth 1, 32 lits): UNSAT in 2.97s
    cube 3365.124 (depth 1, 32 lits): UNSAT in 25.97s
    cube 3365.125 (depth 1, 32 lits): UNSAT in 9.32s
    cube 3365.126 (depth 1, 32 lits): UNSAT in 13.64s
    cube 3365.127 (depth 1, 32 lits): UNSAT in 0.02s
    cube 3365.128 (depth 1, 32 lits): UNSAT in 0.01s
    cube 3365.129 (depth 1, 32 lits): UNSAT in 0.01s
    cube 3365.130 (depth 1, 32 lits): UNSAT in 0.03s
    cube 3365.131 (depth 1, 32 lits): UNSAT in 0.01s
    cube 3365.132 (depth 1, 32 lits): UNSAT in 0.04s
    cube 3365.133 (depth 1, 32 lits): UNSAT in 0.01s
    cube 3365.134 (depth 1, 32 lits): UNSAT in 0.12s
    cube 3365.135 (depth 1, 32 lits): UNSAT in 0.06s
    cube 3365.136 (depth 1, 32 lits): UNSAT in 0.17s
    cube 3365.137 (depth 1, 32 lits): UNSAT in 0.07s
    cube 3365.138 (depth 1, 32 lits): UNSAT in 0.09s
    cube 3365.139 (depth 1, 32 lits): UNSAT in 0.06s
    cube 3365.140 (depth 1, 32 lits): UNSAT in 0.11s
    cube 3365.141 (depth 1, 32 lits): UNSAT in 0.45s
    cube 3365.142 (depth 1, 32 lits): UNSAT in 0.73s
    cube 3365.143 (depth 1, 32 lits): UNSAT in 0.03s
    cube 3365.144 (depth 1, 32 lits): UNSAT in 0.09s
    cube 3365.145 (depth 1, 32 lits): UNSAT in 0.32s
    cube 3365.146 (depth 1, 32 lits): UNSAT in 0.60s
    cube 3365.147 (depth 1, 32 lits): UNSAT in 0.07s
    cube 3365.148 (depth 1, 32 lits): UNSAT in 0.24s
    cube 3365.149 (depth 1, 32 lits): UNSAT in 0.87s
    cube 3365.150 (depth 1, 32 lits): UNSAT in 2.02s
    cube 3365.151 (depth 1, 32 lits): UNSAT in 0.30s
    cube 3365.152 (depth 1, 32 lits): UNSAT in 1.23s
    cube 3365.153 (depth 1, 32 lits): UNSAT in 0.54s
    cube 3365.154 (depth 1, 32 lits): UNSAT in 1.98s
    cube 3365.155 (depth 1, 32 lits): UNSAT in 1.78s
    cube 3365.156 (depth 1, 32 lits): UNSAT in 4.07s
    cube 3365.157 (depth 1, 32 lits): UNSAT in 27.69s
    cube 3365.158 (depth 1, 32 lits): UNSAT in 95.00s
    cube 3365.159 (depth 1, 32 lits): UNSAT in 0.03s
    cube 3365.160 (depth 1, 32 lits): UNSAT in 0.02s
    cube 3365.161 (depth 1, 32 lits): UNSAT in 0.18s
    cube 3365.162 (depth 1, 32 lits): UNSAT in 0.89s
    cube 3365.163 (depth 1, 32 lits): UNSAT in 0.18s
    cube 3365.164 (depth 1, 32 lits): UNSAT in 1.14s
    cube 3365.165 (depth 1, 32 lits): UNSAT in 1.55s
    cube 3365.166 (depth 1, 32 lits): UNSAT in 4.28s
    cube 3365.167 (depth 1, 32 lits): UNSAT in 0.08s
    cube 3365.168 (depth 1, 32 lits): UNSAT in 0.06s
    cube 3365.169 (depth 1, 32 lits): UNSAT in 0.74s
    cube 3365.170 (depth 1, 32 lits): UNSAT in 1.38s
    cube 3365.171 (depth 1, 32 lits): UNSAT in 0.31s
    cube 3365.172 (depth 1, 32 lits): UNSAT in 0.85s
    cube 3365.173 (depth 1, 32 lits): UNSAT in 2.23s
    cube 3365.174 (depth 1, 32 lits): UNSAT in 16.97s
    cube 3365.175 (depth 1, 32 lits): UNSAT in 0.07s
    cube 3365.176 (depth 1, 32 lits): UNSAT in 0.38s
    cube 3365.177 (depth 1, 32 lits): UNSAT in 0.49s
    cube 3365.178 (depth 1, 32 lits): UNSAT in 5.21s
    cube 3365.179 (depth 1, 32 lits): UNSAT in 0.22s
    cube 3365.180 (depth 1, 32 lits): UNSAT in 0.62s
    cube 3365.181 (depth 1, 32 lits): UNSAT in 0.94s
    cube 3365.182 (depth 1, 32 lits): UNSAT in 19.73s
    cube 3365.183 (depth 1, 32 lits): UNSAT in 0.18s
    cube 3365.184 (depth 1, 32 lits): UNSAT in 1.07s
    cube 3365.185 (depth 1, 32 lits): UNSAT in 1.77s
    cube 3365.186 (depth 1, 32 lits): UNSAT in 9.42s
    cube 3365.187 (depth 1, 32 lits): UNSAT in 4.71s
    cube 3365.188 (depth 1, 32 lits): UNSAT in 60.94s
    cube 3365.189 (depth 1, 32 lits): UNSAT in 35.08s
    cube 3365.190 (depth 1, 32 lits): UNSAT in 68.51s
    cube 3365.191 (depth 1, 32 lits): UNSAT in 0.02s
    cube 3365.192 (depth 1, 32 lits): UNSAT in 0.02s
    cube 3365.193 (depth 1, 32 lits): UNSAT in 0.02s
    cube 3365.194 (depth 1, 32 lits): UNSAT in 0.01s
    cube 3365.195 (depth 1, 32 lits): UNSAT in 0.02s
    cube 3365.196 (depth 1, 32 lits): UNSAT in 0.04s
    cube 3365.197 (depth 1, 32 lits): UNSAT in 0.09s
    cube 3365.198 (depth 1, 32 lits): UNSAT in 0.15s
    cube 3365.199 (depth 1, 32 lits): UNSAT in 0.05s
    cube 3365.200 (depth 1, 32 lits): UNSAT in 0.13s
    cube 3365.201 (depth 1, 32 lits): UNSAT in 0.10s
    cube 3365.202 (depth 1, 32 lits): UNSAT in 0.14s
    cube 3365.203 (depth 1, 32 lits): UNSAT in 0.09s
    cube 3365.204 (depth 1, 32 lits): UNSAT in 0.13s
    cube 3365.205 (depth 1, 32 lits): UNSAT in 0.88s
    cube 3365.206 (depth 1, 32 lits): UNSAT in 0.87s
    cube 3365.207 (depth 1, 32 lits): UNSAT in 0.03s
    cube 3365.208 (depth 1, 32 lits): UNSAT in 0.03s
    cube 3365.209 (depth 1, 32 lits): UNSAT in 0.08s
    cube 3365.210 (depth 1, 32 lits): UNSAT in 0.31s
    cube 3365.211 (depth 1, 32 lits): UNSAT in 0.07s
    cube 3365.212 (depth 1, 32 lits): UNSAT in 0.45s
    cube 3365.213 (depth 1, 32 lits): UNSAT in 0.68s
    cube 3365.214 (depth 1, 32 lits): UNSAT in 3.48s
    cube 3365.215 (depth 1, 32 lits): UNSAT in 0.24s
    cube 3365.216 (depth 1, 32 lits): UNSAT in 0.70s
    cube 3365.217 (depth 1, 32 lits): UNSAT in 1.00s
    cube 3365.218 (depth 1, 32 lits): UNSAT in 3.08s
    cube 3365.219 (depth 1, 32 lits): UNSAT in 2.22s
    cube 3365.220 (depth 1, 32 lits): UNSAT in 3.73s
    cube 3365.221 (depth 1, 32 lits): UNSAT in 17.31s
    cube 3365.222 (depth 1, 32 lits): UNSAT in 108.77s
    cube 3365.223 (depth 1, 32 lits): UNSAT in 0.02s
    cube 3365.224 (depth 1, 32 lits): UNSAT in 0.07s
    cube 3365.225 (depth 1, 32 lits): UNSAT in 0.04s
    cube 3365.226 (depth 1, 32 lits): UNSAT in 0.23s
    cube 3365.227 (depth 1, 32 lits): UNSAT in 0.49s
    cube 3365.228 (depth 1, 32 lits): UNSAT in 0.92s
    cube 3365.229 (depth 1, 32 lits): UNSAT in 1.45s
    cube 3365.230 (depth 1, 32 lits): UNSAT in 3.62s
    cube 3365.231 (depth 1, 32 lits): UNSAT in 0.07s
    cube 3365.232 (depth 1, 32 lits): UNSAT in 0.47s
    cube 3365.233 (depth 1, 32 lits): UNSAT in 0.33s
    cube 3365.234 (depth 1, 32 lits): UNSAT in 1.25s
    cube 3365.235 (depth 1, 32 lits): UNSAT in 0.24s
    cube 3365.236 (depth 1, 32 lits): UNSAT in 4.46s
    cube 3365.237 (depth 1, 32 lits): UNSAT in 4.17s
    cube 3365.238 (depth 1, 32 lits): UNSAT in 25.10s
    cube 3365.239 (depth 1, 32 lits): UNSAT in 0.04s
    cube 3365.240 (depth 1, 32 lits): UNSAT in 0.70s
    cube 3365.241 (depth 1, 32 lits): UNSAT in 0.17s
    cube 3365.242 (depth 1, 32 lits): UNSAT in 1.04s
    cube 3365.243 (depth 1, 32 lits): UNSAT in 0.17s
    cube 3365.244 (depth 1, 32 lits): UNSAT in 2.27s
    cube 3365.245 (depth 1, 32 lits): UNSAT in 3.57s
    cube 3365.246 (depth 1, 32 lits): UNSAT in 48.91s
    cube 3365.247 (depth 1, 32 lits): UNSAT in 0.50s
    cube 3365.248 (depth 1, 32 lits): UNSAT in 4.51s
    cube 3365.249 (depth 1, 32 lits): UNSAT in 0.37s
    cube 3365.250 (depth 1, 32 lits): UNSAT in 20.32s
    cube 3365.251 (depth 1, 32 lits): UNSAT in 1.17s
    cube 3365.252 (depth 1, 32 lits): UNSAT in 16.06s
    cube 3365.253 (depth 1, 32 lits): UNSAT in 58.16s
    cube 3365.254 (depth 1, 32 lits): UNSAT in 203.90s
    cube 3369 (depth 0, 24 lits): UNSAT in 0.04s
    cube 3373 (depth 0, 24 lits): UNSAT in 0.09s
    cube 3377 (depth 0, 24 lits): UNSAT in 0.08s
    cube 3381 (depth 0, 24 lits): UNSAT in 0.03s
    cube 3385 (depth 0, 24 lits): UNSAT in 0.03s
    cube 3389 (depth 0, 24 lits): UNSAT in 0.04s
    cube 3393 (depth 0, 24 lits): UNSAT in 0.06s
    cube 3397 (depth 0, 24 lits): UNSAT in 0.01s
    cube 3401 (depth 0, 24 lits): UNSAT in 0.03s
    cube 3405 (depth 0, 24 lits): UNSAT in 0.05s
    cube 3409 (depth 0, 24 lits): UNSAT in 0.19s
    cube 3413 (depth 0, 24 lits): UNSAT in 0.04s
    cube 3417 (depth 0, 24 lits): UNSAT in 0.12s
    cube 3421 (depth 0, 24 lits): UNSAT in 0.05s
    cube 3425 (depth 0, 24 lits): UNSAT in 0.76s
    cube 3429 (depth 0, 24 lits): UNSAT in 0.02s
    cube 3433 (depth 0, 24 lits): UNSAT in 0.12s
    cube 3437 (depth 0, 24 lits): UNSAT in 0.05s
    cube 3441 (depth 0, 24 lits): UNSAT in 0.13s
    cube 3445 (depth 0, 24 lits): UNSAT in 0.19s
    cube 3449 (depth 0, 24 lits): UNSAT in 0.41s
    cube 3453 (depth 0, 24 lits): UNSAT in 0.56s
    cube 3457 (depth 0, 24 lits): UNSAT in 4.72s
    cube 3461 (depth 0, 24 lits): UNSAT in 0.11s
    cube 3465 (depth 0, 24 lits): UNSAT in 0.07s
    cube 3469 (depth 0, 24 lits): UNSAT in 0.09s
    cube 3473 (depth 0, 24 lits): UNSAT in 0.59s
    cube 3477 (depth 0, 24 lits): UNSAT in 0.18s
    cube 3481 (depth 0, 24 lits): UNSAT in 1.51s
    cube 3485 (depth 0, 24 lits): UNSAT in 1.26s
    cube 3489 (depth 0, 24 lits): UNSAT in 5.76s
    cube 3493 (depth 0, 24 lits): UNSAT in 0.02s
    cube 3497 (depth 0, 24 lits): UNSAT in 0.05s
    cube 3501 (depth 0, 24 lits): UNSAT in 0.09s
    cube 3505 (depth 0, 24 lits): UNSAT in 0.15s
    cube 3509 (depth 0, 24 lits): UNSAT in 0.03s
    cube 3513 (depth 0, 24 lits): UNSAT in 0.41s
    cube 3517 (depth 0, 24 lits): UNSAT in 0.09s
    cube 3521 (depth 0, 24 lits): UNSAT in 0.76s
    cube 3525 (depth 0, 24 lits): UNSAT in 0.21s
    cube 3529 (depth 0, 24 lits): UNSAT in 0.19s
    cube 3533 (depth 0, 24 lits): UNSAT in 0.10s
    cube 3537 (depth 0, 24 lits): UNSAT in 0.72s
    cube 3541 (depth 0, 24 lits): UNSAT in 0.03s
    cube 3545 (depth 0, 24 lits): UNSAT in 0.26s
    cube 3549 (depth 0, 24 lits): UNSAT in 1.43s
    cube 3553 (depth 0, 24 lits): UNSAT in 3.57s
    cube 3557 (depth 0, 24 lits): UNSAT in 0.04s
    cube 3561 (depth 0, 24 lits): UNSAT in 0.04s
    cube 3565 (depth 0, 24 lits): UNSAT in 0.03s
    cube 3569 (depth 0, 24 lits): UNSAT in 0.35s
    cube 3573 (depth 0, 24 lits): UNSAT in 0.06s
    cube 3577 (depth 0, 24 lits): UNSAT in 0.30s
    cube 3581 (depth 0, 24 lits): UNSAT in 0.18s
    cube 3585 (depth 0, 24 lits): UNSAT in 9.99s
    cube 3589 (depth 0, 24 lits): UNSAT in 0.05s
    cube 3593 (depth 0, 24 lits): UNSAT in 0.89s
    cube 3597 (depth 0, 24 lits): UNSAT in 0.20s
    cube 3601 (depth 0, 24 lits): UNSAT in 3.81s
    cube 3605 (depth 0, 24 lits): UNSAT in 1.18s
    cube 3609 (depth 0, 24 lits): UNSAT in 4.59s
    cube 3613 (depth 0, 24 lits): UNSAT in 0.80s
    cube 3617 (depth 0, 24 lits): UNSAT in 9.35s
    cube 3621 (depth 0, 24 lits): UNSAT in 0.03s
    cube 3625 (depth 0, 24 lits): UNSAT in 0.05s
    cube 3629 (depth 0, 24 lits): UNSAT in 0.03s
    cube 3633 (depth 0, 24 lits): UNSAT in 0.09s
    cube 3637 (depth 0, 24 lits): UNSAT in 0.03s
    cube 3641 (depth 0, 24 lits): UNSAT in 0.23s
    cube 3645 (depth 0, 24 lits): UNSAT in 0.10s
    cube 3649 (depth 0, 24 lits): UNSAT in 0.96s
    cube 3653 (depth 0, 24 lits): UNSAT in 0.05s
    cube 3657 (depth 0, 24 lits): UNSAT in 0.09s
    cube 3661 (depth 0, 24 lits): UNSAT in 0.26s
    cube 3665 (depth 0, 24 lits): UNSAT in 1.08s
    cube 3669 (depth 0, 24 lits): UNSAT in 0.28s
    cube 3673 (depth 0, 24 lits): UNSAT in 0.43s
    cube 3677 (depth 0, 24 lits): UNSAT in 0.69s
    cube 3681 (depth 0, 24 lits): UNSAT in 5.80s
    cube 3685 (depth 0, 24 lits): UNSAT in 0.04s
    cube 3689 (depth 0, 24 lits): UNSAT in 0.07s
    cube 3693 (depth 0, 24 lits): UNSAT in 0.05s
    cube 3697 (depth 0, 24 lits): UNSAT in 0.69s
    cube 3701 (depth 0, 24 lits): UNSAT in 0.05s
    cube 3705 (depth 0, 24 lits): UNSAT in 0.34s
    cube 3709 (depth 0, 24 lits): UNSAT in 0.37s
    cube 3713 (depth 0, 24 lits): UNSAT in 3.84s
    cube 3717 (depth 0, 24 lits): UNSAT in 0.24s
    cube 3721 (depth 0, 24 lits): UNSAT in 0.77s
    cube 3725 (depth 0, 24 lits): UNSAT in 0.13s
    cube 3729 (depth 0, 24 lits): UNSAT in 2.36s
    cube 3733 (depth 0, 24 lits): UNSAT in 0.79s
    cube 3737 (depth 0, 24 lits): UNSAT in 4.13s
    cube 3741 (depth 0, 24 lits): UNSAT in 0.76s
    cube 3745 (depth 0, 24 lits): UNSAT in 2.39s
    cube 3749 (depth 0, 24 lits): UNSAT in 0.02s
    cube 3753 (depth 0, 24 lits): UNSAT in 0.17s
    cube 3757 (depth 0, 24 lits): UNSAT in 0.05s
    cube 3761 (depth 0, 24 lits): UNSAT in 0.20s
    cube 3765 (depth 0, 24 lits): UNSAT in 0.35s
    cube 3769 (depth 0, 24 lits): UNSAT in 0.45s
    cube 3773 (depth 0, 24 lits): UNSAT in 0.38s
    cube 3777 (depth 0, 24 lits): UNSAT in 6.04s
    cube 3781 (depth 0, 24 lits): UNSAT in 0.07s
    cube 3785 (depth 0, 24 lits): UNSAT in 0.05s
    cube 3789 (depth 0, 24 lits): UNSAT in 0.30s
    cube 3793 (depth 0, 24 lits): UNSAT in 3.68s
    cube 3797 (depth 0, 24 lits): UNSAT in 0.50s
    cube 3801 (depth 0, 24 lits): UNSAT in 0.40s
    cube 3805 (depth 0, 24 lits): UNSAT in 2.10s
    cube 3809 (depth 0, 24 lits): UNSAT in 10.82s
    cube 3813 (depth 0, 24 lits): UNSAT in 0.05s
    cube 3817 (depth 0, 24 lits): UNSAT in 0.88s
    cube 3821 (depth 0, 24 lits): UNSAT in 2.33s
    cube 3825 (depth 0, 24 lits): UNSAT in 7.67s
    cube 3829 (depth 0, 24 lits): UNSAT in 0.26s
    cube 3833 (depth 0, 24 lits): UNSAT in 1.33s
    cube 3837 (depth 0, 24 lits): UNSAT in 1.47s
    cube 3841 (depth 0, 24 lits): UNSAT in 163.05s
    cube 3845 (depth 0, 24 lits): UNSAT in 0.49s
    cube 3849 (depth 0, 24 lits): UNSAT in 0.52s
    cube 3853 (depth 0, 24 lits): UNSAT in 0.34s
    cube 3857 (depth 0, 24 lits): UNSAT in 27.65s
    cube 3861 (depth 0, 24 lits): UNSAT in 26.46s
    cube 3865 (depth 0, 24 lits): UNSAT in 17.14s
    cube 3869 (depth 0, 24 lits): UNSAT in 2.56s
    cube 3873 (depth 0, 24 lits): UNSAT in 31.48s

  shard 1 verdict: UNSAT [parent cube 4028's children only] (969 UNSAT, 0 unresolved) in 7009.7s
