  shard 11/24 (explicit): 1 of 4095 cubes, per-cube cap 1200.0s, re-split depth 7
    cube 3833 (depth 0, 12 lits): TIMEOUT in 1200.06s
    cube 3833 TIMEOUT -> re-split into 255 sub-cubes (depth 1)
    cube 3833.0 (depth 1, 19 lits): UNSAT in 0.02s
    cube 3833.1 (depth 1, 20 lits): UNSAT in 0.01s
    cube 3833.2 (depth 1, 20 lits): UNSAT in 0.02s
    cube 3833.3 (depth 1, 20 lits): UNSAT in 0.02s
    cube 3833.4 (depth 1, 20 lits): UNSAT in 0.02s
    cube 3833.5 (depth 1, 20 lits): UNSAT in 0.03s
    cube 3833.6 (depth 1, 20 lits): UNSAT in 0.08s
    cube 3833.7 (depth 1, 20 lits): UNSAT in 0.02s
    cube 3833.8 (depth 1, 20 lits): UNSAT in 0.02s
    cube 3833.9 (depth 1, 20 lits): UNSAT in 0.02s
    cube 3833.10 (depth 1, 20 lits): UNSAT in 0.03s
    cube 3833.11 (depth 1, 20 lits): UNSAT in 0.03s
    cube 3833.12 (depth 1, 20 lits): UNSAT in 0.05s
    cube 3833.13 (depth 1, 20 lits): UNSAT in 0.03s
    cube 3833.14 (depth 1, 20 lits): UNSAT in 0.12s
    cube 3833.15 (depth 1, 20 lits): UNSAT in 0.02s
    cube 3833.16 (depth 1, 20 lits): UNSAT in 0.05s
    cube 3833.17 (depth 1, 20 lits): UNSAT in 0.04s
    cube 3833.18 (depth 1, 20 lits): UNSAT in 0.30s
    cube 3833.19 (depth 1, 20 lits): UNSAT in 0.02s
    cube 3833.20 (depth 1, 20 lits): UNSAT in 0.07s
    cube 3833.21 (depth 1, 20 lits): UNSAT in 0.11s
    cube 3833.22 (depth 1, 20 lits): UNSAT in 0.57s
    cube 3833.23 (depth 1, 20 lits): UNSAT in 0.02s
    cube 3833.24 (depth 1, 20 lits): UNSAT in 0.04s
    cube 3833.25 (depth 1, 20 lits): UNSAT in 0.08s
    cube 3833.26 (depth 1, 20 lits): UNSAT in 0.12s
    cube 3833.27 (depth 1, 20 lits): UNSAT in 0.04s
    cube 3833.28 (depth 1, 20 lits): UNSAT in 0.15s
    cube 3833.29 (depth 1, 20 lits): UNSAT in 0.35s
    cube 3833.30 (depth 1, 20 lits): UNSAT in 0.79s
    cube 3833.31 (depth 1, 20 lits): UNSAT in 0.02s
    cube 3833.32 (depth 1, 20 lits): UNSAT in 0.04s
    cube 3833.33 (depth 1, 20 lits): UNSAT in 0.02s
    cube 3833.34 (depth 1, 20 lits): UNSAT in 0.78s
    cube 3833.35 (depth 1, 20 lits): UNSAT in 0.12s
    cube 3833.36 (depth 1, 20 lits): UNSAT in 1.23s
    cube 3833.37 (depth 1, 20 lits): UNSAT in 0.31s
    cube 3833.38 (depth 1, 20 lits): UNSAT in 0.90s
    cube 3833.39 (depth 1, 20 lits): UNSAT in 0.16s
    cube 3833.40 (depth 1, 20 lits): UNSAT in 0.54s
    cube 3833.41 (depth 1, 20 lits): UNSAT in 0.19s
    cube 3833.42 (depth 1, 20 lits): UNSAT in 5.06s
    cube 3833.43 (depth 1, 20 lits): UNSAT in 0.89s
    cube 3833.44 (depth 1, 20 lits): UNSAT in 1.91s
    cube 3833.45 (depth 1, 20 lits): UNSAT in 4.54s
    cube 3833.46 (depth 1, 20 lits): UNSAT in 14.06s
    cube 3833.47 (depth 1, 20 lits): UNSAT in 0.04s
    cube 3833.48 (depth 1, 20 lits): UNSAT in 0.13s
    cube 3833.49 (depth 1, 20 lits): UNSAT in 0.06s
    cube 3833.50 (depth 1, 20 lits): UNSAT in 0.47s
    cube 3833.51 (depth 1, 20 lits): UNSAT in 0.04s
    cube 3833.52 (depth 1, 20 lits): UNSAT in 0.38s
    cube 3833.53 (depth 1, 20 lits): UNSAT in 0.46s
    cube 3833.54 (depth 1, 20 lits): UNSAT in 2.89s
    cube 3833.55 (depth 1, 20 lits): UNSAT in 0.09s
    cube 3833.56 (depth 1, 20 lits): UNSAT in 1.46s
    cube 3833.57 (depth 1, 20 lits): UNSAT in 1.07s
    cube 3833.58 (depth 1, 20 lits): UNSAT in 10.39s
    cube 3833.59 (depth 1, 20 lits): UNSAT in 3.01s
    cube 3833.60 (depth 1, 20 lits): UNSAT in 13.97s
    cube 3833.61 (depth 1, 20 lits): UNSAT in 5.79s
    cube 3833.62 (depth 1, 20 lits): UNSAT in 344.78s
    cube 3833.63 (depth 1, 20 lits): UNSAT in 0.02s
    cube 3833.64 (depth 1, 20 lits): UNSAT in 0.09s
    cube 3833.65 (depth 1, 20 lits): UNSAT in 0.05s
    cube 3833.66 (depth 1, 20 lits): UNSAT in 0.15s
    cube 3833.67 (depth 1, 20 lits): UNSAT in 0.03s
    cube 3833.68 (depth 1, 20 lits): UNSAT in 0.16s
    cube 3833.69 (depth 1, 20 lits): UNSAT in 0.12s
    cube 3833.70 (depth 1, 20 lits): UNSAT in 0.43s
    cube 3833.71 (depth 1, 20 lits): UNSAT in 0.05s
    cube 3833.72 (depth 1, 20 lits): UNSAT in 0.17s
    cube 3833.73 (depth 1, 20 lits): UNSAT in 0.02s
    cube 3833.74 (depth 1, 20 lits): UNSAT in 0.53s
    cube 3833.75 (depth 1, 20 lits): UNSAT in 0.03s
    cube 3833.76 (depth 1, 20 lits): UNSAT in 0.05s
    cube 3833.77 (depth 1, 20 lits): UNSAT in 0.31s
    cube 3833.78 (depth 1, 20 lits): UNSAT in 5.88s
    cube 3833.79 (depth 1, 20 lits): UNSAT in 0.05s
    cube 3833.80 (depth 1, 20 lits): UNSAT in 0.19s
    cube 3833.81 (depth 1, 20 lits): UNSAT in 0.23s
    cube 3833.82 (depth 1, 20 lits): UNSAT in 1.44s
    cube 3833.83 (depth 1, 20 lits): UNSAT in 0.23s
    cube 3833.84 (depth 1, 20 lits): UNSAT in 0.42s
    cube 3833.85 (depth 1, 20 lits): UNSAT in 0.41s
    cube 3833.86 (depth 1, 20 lits): UNSAT in 7.15s
    cube 3833.87 (depth 1, 20 lits): UNSAT in 0.11s
    cube 3833.88 (depth 1, 20 lits): UNSAT in 0.84s
    cube 3833.89 (depth 1, 20 lits): UNSAT in 0.50s
    cube 3833.90 (depth 1, 20 lits): UNSAT in 5.43s
    cube 3833.91 (depth 1, 20 lits): UNSAT in 1.31s
    cube 3833.92 (depth 1, 20 lits): UNSAT in 8.13s
    cube 3833.93 (depth 1, 20 lits): UNSAT in 11.43s
    cube 3833.94 (depth 1, 20 lits): UNSAT in 83.52s
    cube 3833.95 (depth 1, 20 lits): UNSAT in 0.05s
    cube 3833.96 (depth 1, 20 lits): UNSAT in 0.07s
    cube 3833.97 (depth 1, 20 lits): UNSAT in 0.24s
    cube 3833.98 (depth 1, 20 lits): UNSAT in 1.28s
    cube 3833.99 (depth 1, 20 lits): UNSAT in 0.23s
    cube 3833.100 (depth 1, 20 lits): UNSAT in 0.40s
    cube 3833.101 (depth 1, 20 lits): UNSAT in 0.38s
    cube 3833.102 (depth 1, 20 lits): UNSAT in 1.86s
    cube 3833.103 (depth 1, 20 lits): UNSAT in 0.32s
    cube 3833.104 (depth 1, 20 lits): UNSAT in 0.78s
    cube 3833.105 (depth 1, 20 lits): UNSAT in 0.83s
    cube 3833.106 (depth 1, 20 lits): UNSAT in 3.26s
    cube 3833.107 (depth 1, 20 lits): UNSAT in 0.31s
    cube 3833.108 (depth 1, 20 lits): UNSAT in 3.84s
    cube 3833.109 (depth 1, 20 lits): UNSAT in 5.40s
    cube 3833.110 (depth 1, 20 lits): UNSAT in 23.85s
    cube 3833.111 (depth 1, 20 lits): UNSAT in 0.25s
    cube 3833.112 (depth 1, 20 lits): UNSAT in 1.96s
    cube 3833.113 (depth 1, 20 lits): UNSAT in 0.49s
    cube 3833.114 (depth 1, 20 lits): UNSAT in 2.47s
    cube 3833.115 (depth 1, 20 lits): UNSAT in 0.95s
    cube 3833.116 (depth 1, 20 lits): UNSAT in 6.79s
    cube 3833.117 (depth 1, 20 lits): UNSAT in 1.76s
    cube 3833.118 (depth 1, 20 lits): UNSAT in 50.34s
    cube 3833.119 (depth 1, 20 lits): UNSAT in 0.66s
    cube 3833.120 (depth 1, 20 lits): UNSAT in 9.53s
    cube 3833.121 (depth 1, 20 lits): UNSAT in 12.70s
    cube 3833.122 (depth 1, 20 lits): UNSAT in 230.88s
    cube 3833.123 (depth 1, 20 lits): UNSAT in 8.18s
    cube 3833.124 (depth 1, 20 lits): UNSAT in 205.50s
    cube 3833.125 (depth 1, 20 lits): UNSAT in 200.69s
    cube 3833.126 (depth 1, 20 lits): TIMEOUT in 1200.07s
    cube 3833.126 TIMEOUT -> re-split into 244 sub-cubes (depth 2)
    cube 3833.126.0 (depth 2, 28 lits): UNSAT in 0.01s
    cube 3833.126.1 (depth 2, 28 lits): UNSAT in 0.02s
    cube 3833.126.2 (depth 2, 28 lits): UNSAT in 0.02s
    cube 3833.126.3 (depth 2, 28 lits): UNSAT in 0.02s
    cube 3833.126.4 (depth 2, 26 lits): UNSAT in 0.02s
    cube 3833.126.5 (depth 2, 28 lits): UNSAT in 0.01s
    cube 3833.126.6 (depth 2, 28 lits): UNSAT in 0.02s
    cube 3833.126.7 (depth 2, 27 lits): UNSAT in 0.02s
    cube 3833.126.8 (depth 2, 28 lits): UNSAT in 0.01s
    cube 3833.126.9 (depth 2, 28 lits): UNSAT in 0.02s
    cube 3833.126.10 (depth 2, 28 lits): UNSAT in 0.03s
    cube 3833.126.11 (depth 2, 28 lits): UNSAT in 0.03s
    cube 3833.126.12 (depth 2, 28 lits): UNSAT in 0.01s
    cube 3833.126.13 (depth 2, 28 lits): UNSAT in 0.02s
    cube 3833.126.14 (depth 2, 28 lits): UNSAT in 0.02s
    cube 3833.126.15 (depth 2, 28 lits): UNSAT in 0.02s
    cube 3833.126.16 (depth 2, 28 lits): UNSAT in 0.02s
    cube 3833.126.17 (depth 2, 28 lits): UNSAT in 0.02s
    cube 3833.126.18 (depth 2, 28 lits): UNSAT in 0.07s
    cube 3833.126.19 (depth 2, 28 lits): UNSAT in 0.13s
    cube 3833.126.20 (depth 2, 28 lits): UNSAT in 0.02s
    cube 3833.126.21 (depth 2, 28 lits): UNSAT in 0.04s
    cube 3833.126.22 (depth 2, 28 lits): UNSAT in 0.03s
    cube 3833.126.23 (depth 2, 28 lits): UNSAT in 0.04s
    cube 3833.126.24 (depth 2, 28 lits): UNSAT in 0.09s
    cube 3833.126.25 (depth 2, 28 lits): UNSAT in 0.12s
    cube 3833.126.26 (depth 2, 28 lits): UNSAT in 0.17s
    cube 3833.126.27 (depth 2, 28 lits): UNSAT in 0.71s
    cube 3833.126.28 (depth 2, 27 lits): UNSAT in 0.01s
    cube 3833.126.29 (depth 2, 27 lits): UNSAT in 0.02s
    cube 3833.126.30 (depth 2, 28 lits): UNSAT in 0.01s
    cube 3833.126.31 (depth 2, 28 lits): UNSAT in 0.03s
    cube 3833.126.32 (depth 2, 28 lits): UNSAT in 0.02s
    cube 3833.126.33 (depth 2, 28 lits): UNSAT in 0.06s
    cube 3833.126.34 (depth 2, 28 lits): UNSAT in 0.01s
    cube 3833.126.35 (depth 2, 28 lits): UNSAT in 0.02s
    cube 3833.126.36 (depth 2, 28 lits): UNSAT in 0.03s
    cube 3833.126.37 (depth 2, 28 lits): UNSAT in 0.06s
    cube 3833.126.38 (depth 2, 28 lits): UNSAT in 0.03s
    cube 3833.126.39 (depth 2, 28 lits): UNSAT in 0.07s
    cube 3833.126.40 (depth 2, 28 lits): UNSAT in 0.05s
    cube 3833.126.41 (depth 2, 28 lits): UNSAT in 0.12s
    cube 3833.126.42 (depth 2, 28 lits): UNSAT in 0.03s
    cube 3833.126.43 (depth 2, 28 lits): UNSAT in 0.07s
    cube 3833.126.44 (depth 2, 28 lits): UNSAT in 0.05s
    cube 3833.126.45 (depth 2, 28 lits): UNSAT in 0.08s
    cube 3833.126.46 (depth 2, 28 lits): UNSAT in 0.01s
    cube 3833.126.47 (depth 2, 28 lits): UNSAT in 0.04s
    cube 3833.126.48 (depth 2, 28 lits): UNSAT in 0.07s
    cube 3833.126.49 (depth 2, 28 lits): UNSAT in 0.29s
    cube 3833.126.50 (depth 2, 28 lits): UNSAT in 0.09s
    cube 3833.126.51 (depth 2, 28 lits): UNSAT in 0.42s
    cube 3833.126.52 (depth 2, 28 lits): UNSAT in 0.07s
    cube 3833.126.53 (depth 2, 28 lits): UNSAT in 0.92s
    cube 3833.126.54 (depth 2, 28 lits): UNSAT in 0.03s
    cube 3833.126.55 (depth 2, 28 lits): UNSAT in 0.07s
    cube 3833.126.56 (depth 2, 28 lits): UNSAT in 0.47s
    cube 3833.126.57 (depth 2, 28 lits): UNSAT in 2.04s
    cube 3833.126.58 (depth 2, 26 lits): UNSAT in 0.02s
    cube 3833.126.59 (depth 2, 28 lits): UNSAT in 0.03s
    cube 3833.126.60 (depth 2, 28 lits): UNSAT in 0.01s
    cube 3833.126.61 (depth 2, 28 lits): UNSAT in 0.02s
    cube 3833.126.62 (depth 2, 28 lits): UNSAT in 0.02s
    cube 3833.126.63 (depth 2, 28 lits): UNSAT in 0.02s
    cube 3833.126.64 (depth 2, 28 lits): UNSAT in 0.03s
    cube 3833.126.65 (depth 2, 28 lits): UNSAT in 0.03s
    cube 3833.126.66 (depth 2, 28 lits): UNSAT in 0.04s
    cube 3833.126.67 (depth 2, 28 lits): UNSAT in 0.03s
    cube 3833.126.68 (depth 2, 28 lits): UNSAT in 0.03s
    cube 3833.126.69 (depth 2, 28 lits): UNSAT in 0.07s
    cube 3833.126.70 (depth 2, 28 lits): UNSAT in 0.18s
    cube 3833.126.71 (depth 2, 28 lits): UNSAT in 0.02s
    cube 3833.126.72 (depth 2, 28 lits): UNSAT in 0.03s
    cube 3833.126.73 (depth 2, 28 lits): UNSAT in 0.02s
    cube 3833.126.74 (depth 2, 28 lits): UNSAT in 0.04s
    cube 3833.126.75 (depth 2, 27 lits): UNSAT in 0.01s
    cube 3833.126.76 (depth 2, 28 lits): UNSAT in 0.03s
    cube 3833.126.77 (depth 2, 28 lits): UNSAT in 0.09s
    cube 3833.126.78 (depth 2, 28 lits): UNSAT in 0.05s
    cube 3833.126.79 (depth 2, 28 lits): UNSAT in 0.08s
    cube 3833.126.80 (depth 2, 28 lits): UNSAT in 0.13s
    cube 3833.126.81 (depth 2, 28 lits): UNSAT in 1.30s
    cube 3833.126.82 (depth 2, 28 lits): UNSAT in 0.05s
    cube 3833.126.83 (depth 2, 28 lits): UNSAT in 0.11s
    cube 3833.126.84 (depth 2, 28 lits): UNSAT in 0.23s
    cube 3833.126.85 (depth 2, 28 lits): UNSAT in 1.15s
    cube 3833.126.86 (depth 2, 28 lits): UNSAT in 0.01s
    cube 3833.126.87 (depth 2, 28 lits): UNSAT in 0.02s
    cube 3833.126.88 (depth 2, 28 lits): UNSAT in 0.03s
    cube 3833.126.89 (depth 2, 28 lits): UNSAT in 0.03s
    cube 3833.126.90 (depth 2, 28 lits): UNSAT in 0.03s
    cube 3833.126.91 (depth 2, 28 lits): UNSAT in 0.07s
    cube 3833.126.92 (depth 2, 28 lits): UNSAT in 0.03s
    cube 3833.126.93 (depth 2, 28 lits): UNSAT in 0.46s
    cube 3833.126.94 (depth 2, 28 lits): UNSAT in 0.06s
    cube 3833.126.95 (depth 2, 28 lits): UNSAT in 0.14s
    cube 3833.126.96 (depth 2, 28 lits): UNSAT in 0.16s
    cube 3833.126.97 (depth 2, 28 lits): UNSAT in 0.34s
    cube 3833.126.98 (depth 2, 28 lits): UNSAT in 0.33s
    cube 3833.126.99 (depth 2, 28 lits): UNSAT in 0.52s
    cube 3833.126.100 (depth 2, 28 lits): UNSAT in 1.29s
    cube 3833.126.101 (depth 2, 28 lits): UNSAT in 4.45s
    cube 3833.126.102 (depth 2, 28 lits): UNSAT in 0.02s
    cube 3833.126.103 (depth 2, 28 lits): UNSAT in 0.08s
    cube 3833.126.104 (depth 2, 28 lits): UNSAT in 0.07s
    cube 3833.126.105 (depth 2, 28 lits): UNSAT in 0.53s
    cube 3833.126.106 (depth 2, 28 lits): UNSAT in 0.04s
    cube 3833.126.107 (depth 2, 28 lits): UNSAT in 0.22s
    cube 3833.126.108 (depth 2, 28 lits): UNSAT in 0.79s
    cube 3833.126.109 (depth 2, 28 lits): UNSAT in 1.25s
    cube 3833.126.110 (depth 2, 28 lits): UNSAT in 0.09s
    cube 3833.126.111 (depth 2, 28 lits): UNSAT in 0.76s
    cube 3833.126.112 (depth 2, 28 lits): UNSAT in 0.71s
    cube 3833.126.113 (depth 2, 28 lits): UNSAT in 3.75s
    cube 3833.126.114 (depth 2, 28 lits): UNSAT in 0.90s
    cube 3833.126.115 (depth 2, 28 lits): UNSAT in 6.01s
    cube 3833.126.116 (depth 2, 28 lits): UNSAT in 4.74s
    cube 3833.126.117 (depth 2, 28 lits): UNSAT in 105.45s
    cube 3833.126.118 (depth 2, 27 lits): UNSAT in 0.01s
    cube 3833.126.119 (depth 2, 28 lits): UNSAT in 0.02s
    cube 3833.126.120 (depth 2, 28 lits): UNSAT in 0.02s
    cube 3833.126.121 (depth 2, 28 lits): UNSAT in 0.02s
    cube 3833.126.122 (depth 2, 28 lits): UNSAT in 0.03s
    cube 3833.126.123 (depth 2, 28 lits): UNSAT in 0.03s
    cube 3833.126.124 (depth 2, 28 lits): UNSAT in 0.09s
    cube 3833.126.125 (depth 2, 27 lits): UNSAT in 0.02s
    cube 3833.126.126 (depth 2, 28 lits): UNSAT in 0.03s
    cube 3833.126.127 (depth 2, 28 lits): UNSAT in 0.06s
    cube 3833.126.128 (depth 2, 28 lits): UNSAT in 0.02s
    cube 3833.126.129 (depth 2, 28 lits): UNSAT in 0.02s
    cube 3833.126.130 (depth 2, 28 lits): UNSAT in 0.02s
    cube 3833.126.131 (depth 2, 28 lits): UNSAT in 0.13s
    cube 3833.126.132 (depth 2, 28 lits): UNSAT in 0.02s
    cube 3833.126.133 (depth 2, 28 lits): UNSAT in 0.04s
    cube 3833.126.134 (depth 2, 28 lits): UNSAT in 0.03s
    cube 3833.126.135 (depth 2, 28 lits): UNSAT in 0.27s
    cube 3833.126.136 (depth 2, 28 lits): UNSAT in 0.05s
    cube 3833.126.137 (depth 2, 28 lits): UNSAT in 0.41s
    cube 3833.126.138 (depth 2, 28 lits): UNSAT in 0.11s
    cube 3833.126.139 (depth 2, 28 lits): UNSAT in 1.15s
    cube 3833.126.140 (depth 2, 28 lits): UNSAT in 0.03s
    cube 3833.126.141 (depth 2, 28 lits): UNSAT in 0.04s
    cube 3833.126.142 (depth 2, 28 lits): UNSAT in 0.08s
    cube 3833.126.143 (depth 2, 28 lits): UNSAT in 0.24s
    cube 3833.126.144 (depth 2, 28 lits): UNSAT in 0.02s
    cube 3833.126.145 (depth 2, 28 lits): UNSAT in 0.13s
    cube 3833.126.146 (depth 2, 28 lits): UNSAT in 0.23s
    cube 3833.126.147 (depth 2, 28 lits): UNSAT in 1.30s
    cube 3833.126.148 (depth 2, 28 lits): UNSAT in 0.02s
    cube 3833.126.149 (depth 2, 28 lits): UNSAT in 0.02s
    cube 3833.126.150 (depth 2, 28 lits): UNSAT in 0.02s
    cube 3833.126.151 (depth 2, 28 lits): UNSAT in 0.15s
    cube 3833.126.152 (depth 2, 28 lits): UNSAT in 0.02s
    cube 3833.126.153 (depth 2, 28 lits): UNSAT in 0.03s
    cube 3833.126.154 (depth 2, 28 lits): UNSAT in 0.16s
    cube 3833.126.155 (depth 2, 28 lits): UNSAT in 0.43s
    cube 3833.126.156 (depth 2, 28 lits): UNSAT in 0.04s
    cube 3833.126.157 (depth 2, 28 lits): UNSAT in 0.06s
    cube 3833.126.158 (depth 2, 28 lits): UNSAT in 0.09s
    cube 3833.126.159 (depth 2, 28 lits): UNSAT in 0.20s
    cube 3833.126.160 (depth 2, 28 lits): UNSAT in 0.15s
    cube 3833.126.161 (depth 2, 28 lits): UNSAT in 1.43s
    cube 3833.126.162 (depth 2, 28 lits): UNSAT in 0.59s
    cube 3833.126.163 (depth 2, 28 lits): UNSAT in 5.04s
    cube 3833.126.164 (depth 2, 28 lits): UNSAT in 0.03s
    cube 3833.126.165 (depth 2, 28 lits): UNSAT in 0.22s
    cube 3833.126.166 (depth 2, 28 lits): UNSAT in 0.25s
    cube 3833.126.167 (depth 2, 28 lits): UNSAT in 1.14s
    cube 3833.126.168 (depth 2, 28 lits): UNSAT in 0.17s
    cube 3833.126.169 (depth 2, 28 lits): UNSAT in 0.37s
    cube 3833.126.170 (depth 2, 28 lits): UNSAT in 0.12s
    cube 3833.126.171 (depth 2, 28 lits): UNSAT in 2.49s
    cube 3833.126.172 (depth 2, 28 lits): UNSAT in 0.54s
    cube 3833.126.173 (depth 2, 28 lits): UNSAT in 3.34s
    cube 3833.126.174 (depth 2, 28 lits): UNSAT in 1.56s
    cube 3833.126.175 (depth 2, 28 lits): UNSAT in 4.07s
    cube 3833.126.176 (depth 2, 28 lits): UNSAT in 0.90s
    cube 3833.126.177 (depth 2, 28 lits): UNSAT in 4.11s
    cube 3833.126.178 (depth 2, 28 lits): UNSAT in 4.93s
    cube 3833.126.179 (depth 2, 28 lits): UNSAT in 63.32s
    cube 3833.126.180 (depth 2, 28 lits): UNSAT in 0.02s
    cube 3833.126.181 (depth 2, 28 lits): UNSAT in 0.04s
    cube 3833.126.182 (depth 2, 28 lits): UNSAT in 0.03s
    cube 3833.126.183 (depth 2, 28 lits): UNSAT in 0.04s
    cube 3833.126.184 (depth 2, 28 lits): UNSAT in 0.03s
    cube 3833.126.185 (depth 2, 28 lits): UNSAT in 0.10s
    cube 3833.126.186 (depth 2, 28 lits): UNSAT in 0.18s
    cube 3833.126.187 (depth 2, 28 lits): UNSAT in 0.84s
    cube 3833.126.188 (depth 2, 28 lits): UNSAT in 0.02s
    cube 3833.126.189 (depth 2, 28 lits): UNSAT in 0.10s
    cube 3833.126.190 (depth 2, 28 lits): UNSAT in 0.40s
    cube 3833.126.191 (depth 2, 28 lits): UNSAT in 1.37s
    cube 3833.126.192 (depth 2, 28 lits): UNSAT in 0.15s
    cube 3833.126.193 (depth 2, 28 lits): UNSAT in 0.71s
    cube 3833.126.194 (depth 2, 28 lits): UNSAT in 0.23s
    cube 3833.126.195 (depth 2, 28 lits): UNSAT in 9.35s
    cube 3833.126.196 (depth 2, 28 lits): UNSAT in 0.04s
    cube 3833.126.197 (depth 2, 28 lits): UNSAT in 0.14s
    cube 3833.126.198 (depth 2, 28 lits): UNSAT in 0.06s
    cube 3833.126.199 (depth 2, 28 lits): UNSAT in 0.79s
    cube 3833.126.200 (depth 2, 28 lits): UNSAT in 0.32s
    cube 3833.126.201 (depth 2, 28 lits): UNSAT in 1.24s
    cube 3833.126.202 (depth 2, 28 lits): UNSAT in 0.16s
    cube 3833.126.203 (depth 2, 28 lits): UNSAT in 2.49s
    cube 3833.126.204 (depth 2, 28 lits): UNSAT in 0.07s
    cube 3833.126.205 (depth 2, 28 lits): UNSAT in 0.39s
    cube 3833.126.206 (depth 2, 28 lits): UNSAT in 0.33s
    cube 3833.126.207 (depth 2, 28 lits): UNSAT in 11.22s
    cube 3833.126.208 (depth 2, 28 lits): UNSAT in 1.32s
    cube 3833.126.209 (depth 2, 28 lits): UNSAT in 7.35s
    cube 3833.126.210 (depth 2, 28 lits): UNSAT in 5.63s
    cube 3833.126.211 (depth 2, 28 lits): UNSAT in 202.76s
    cube 3833.126.212 (depth 2, 28 lits): UNSAT in 0.04s
    cube 3833.126.213 (depth 2, 28 lits): UNSAT in 0.11s
    cube 3833.126.214 (depth 2, 28 lits): UNSAT in 0.12s
    cube 3833.126.215 (depth 2, 28 lits): UNSAT in 0.96s
    cube 3833.126.216 (depth 2, 28 lits): UNSAT in 0.06s
    cube 3833.126.217 (depth 2, 28 lits): UNSAT in 0.54s
    cube 3833.126.218 (depth 2, 28 lits): UNSAT in 0.34s
    cube 3833.126.219 (depth 2, 28 lits): UNSAT in 8.29s
    cube 3833.126.220 (depth 2, 28 lits): UNSAT in 0.21s
    cube 3833.126.221 (depth 2, 28 lits): UNSAT in 0.76s
    cube 3833.126.222 (depth 2, 28 lits): UNSAT in 0.21s
    cube 3833.126.223 (depth 2, 28 lits): UNSAT in 1.61s
    cube 3833.126.224 (depth 2, 28 lits): UNSAT in 0.47s
    cube 3833.126.225 (depth 2, 28 lits): UNSAT in 4.79s
    cube 3833.126.226 (depth 2, 28 lits): UNSAT in 7.94s
    cube 3833.126.227 (depth 2, 28 lits): UNSAT in 185.08s
    cube 3833.126.228 (depth 2, 28 lits): UNSAT in 0.09s
    cube 3833.126.229 (depth 2, 28 lits): UNSAT in 0.62s
    cube 3833.126.230 (depth 2, 28 lits): UNSAT in 0.13s
    cube 3833.126.231 (depth 2, 28 lits): UNSAT in 4.92s
    cube 3833.126.232 (depth 2, 28 lits): UNSAT in 0.60s
    cube 3833.126.233 (depth 2, 28 lits): UNSAT in 5.42s
    cube 3833.126.234 (depth 2, 28 lits): UNSAT in 6.18s
    cube 3833.126.235 (depth 2, 28 lits): UNSAT in 199.06s
    cube 3833.126.236 (depth 2, 28 lits): UNSAT in 0.11s
    cube 3833.126.237 (depth 2, 28 lits): UNSAT in 0.35s
    cube 3833.126.238 (depth 2, 28 lits): UNSAT in 0.88s
    cube 3833.126.239 (depth 2, 28 lits): UNSAT in 8.16s
    cube 3833.126.240 (depth 2, 28 lits): UNSAT in 0.85s
    cube 3833.126.241 (depth 2, 28 lits): UNSAT in 14.63s
    cube 3833.126.242 (depth 2, 28 lits): UNSAT in 6.52s
    cube 3833.126.243 (depth 2, 28 lits): UNSAT in 178.02s
    cube 3833.127 (depth 1, 20 lits): UNSAT in 0.02s
    cube 3833.128 (depth 1, 20 lits): UNSAT in 0.03s
    cube 3833.129 (depth 1, 20 lits): UNSAT in 0.02s
    cube 3833.130 (depth 1, 20 lits): UNSAT in 0.04s
    cube 3833.131 (depth 1, 20 lits): UNSAT in 0.07s
    cube 3833.132 (depth 1, 20 lits): UNSAT in 0.12s
    cube 3833.133 (depth 1, 20 lits): UNSAT in 0.10s
    cube 3833.134 (depth 1, 20 lits): UNSAT in 0.16s
    cube 3833.135 (depth 1, 20 lits): UNSAT in 0.03s
    cube 3833.136 (depth 1, 20 lits): UNSAT in 0.06s
    cube 3833.137 (depth 1, 20 lits): UNSAT in 0.10s
    cube 3833.138 (depth 1, 20 lits): UNSAT in 0.20s
    cube 3833.139 (depth 1, 20 lits): UNSAT in 0.02s
    cube 3833.140 (depth 1, 20 lits): UNSAT in 0.03s
    cube 3833.141 (depth 1, 20 lits): UNSAT in 0.16s
    cube 3833.142 (depth 1, 20 lits): UNSAT in 0.74s
    cube 3833.143 (depth 1, 20 lits): UNSAT in 0.14s
    cube 3833.144 (depth 1, 20 lits): UNSAT in 0.27s
    cube 3833.145 (depth 1, 20 lits): UNSAT in 0.41s
    cube 3833.146 (depth 1, 20 lits): UNSAT in 0.33s
    cube 3833.147 (depth 1, 20 lits): UNSAT in 0.14s
    cube 3833.148 (depth 1, 20 lits): UNSAT in 0.44s
    cube 3833.149 (depth 1, 20 lits): UNSAT in 0.78s
    cube 3833.150 (depth 1, 20 lits): UNSAT in 2.99s
    cube 3833.151 (depth 1, 20 lits): UNSAT in 0.27s
    cube 3833.152 (depth 1, 20 lits): UNSAT in 0.54s
    cube 3833.153 (depth 1, 20 lits): UNSAT in 0.74s
    cube 3833.154 (depth 1, 20 lits): UNSAT in 3.52s
    cube 3833.155 (depth 1, 20 lits): UNSAT in 0.31s
    cube 3833.156 (depth 1, 20 lits): UNSAT in 0.22s
    cube 3833.157 (depth 1, 20 lits): UNSAT in 1.74s
    cube 3833.158 (depth 1, 20 lits): UNSAT in 3.45s
    cube 3833.159 (depth 1, 20 lits): UNSAT in 0.05s
    cube 3833.160 (depth 1, 20 lits): UNSAT in 0.13s
    cube 3833.161 (depth 1, 20 lits): UNSAT in 0.30s
    cube 3833.162 (depth 1, 20 lits): UNSAT in 2.11s
    cube 3833.163 (depth 1, 20 lits): UNSAT in 0.10s
    cube 3833.164 (depth 1, 20 lits): UNSAT in 1.07s
    cube 3833.165 (depth 1, 20 lits): UNSAT in 0.90s
    cube 3833.166 (depth 1, 20 lits): UNSAT in 5.74s
    cube 3833.167 (depth 1, 20 lits): UNSAT in 0.19s
    cube 3833.168 (depth 1, 20 lits): UNSAT in 0.56s
    cube 3833.169 (depth 1, 20 lits): UNSAT in 0.21s
    cube 3833.170 (depth 1, 20 lits): UNSAT in 1.30s
    cube 3833.171 (depth 1, 20 lits): UNSAT in 0.29s
    cube 3833.172 (depth 1, 20 lits): UNSAT in 0.38s
    cube 3833.173 (depth 1, 20 lits): UNSAT in 0.93s
    cube 3833.174 (depth 1, 20 lits): UNSAT in 7.69s
    cube 3833.175 (depth 1, 20 lits): UNSAT in 0.26s
    cube 3833.176 (depth 1, 20 lits): UNSAT in 0.28s
    cube 3833.177 (depth 1, 20 lits): UNSAT in 0.08s
    cube 3833.178 (depth 1, 20 lits): UNSAT in 2.94s
    cube 3833.179 (depth 1, 20 lits): UNSAT in 1.20s
    cube 3833.180 (depth 1, 20 lits): UNSAT in 1.30s
    cube 3833.181 (depth 1, 20 lits): UNSAT in 4.56s
    cube 3833.182 (depth 1, 20 lits): UNSAT in 27.17s
    cube 3833.183 (depth 1, 20 lits): UNSAT in 0.43s
    cube 3833.184 (depth 1, 20 lits): UNSAT in 5.98s
    cube 3833.185 (depth 1, 20 lits): UNSAT in 48.83s
    cube 3833.186 (depth 1, 20 lits): UNSAT in 240.15s
    cube 3833.187 (depth 1, 20 lits): UNSAT in 31.43s
    cube 3833.188 (depth 1, 20 lits): UNSAT in 450.93s
    cube 3833.189 (depth 1, 20 lits): UNSAT in 179.71s
    cube 3833.190 (depth 1, 20 lits): TIMEOUT in 1200.10s
    cube 3833.190 TIMEOUT -> re-split into 252 sub-cubes (depth 2)
    cube 3833.190.0 (depth 2, 27 lits): UNSAT in 0.01s
    cube 3833.190.1 (depth 2, 28 lits): UNSAT in 0.01s
    cube 3833.190.2 (depth 2, 28 lits): UNSAT in 0.02s
    cube 3833.190.3 (depth 2, 28 lits): UNSAT in 0.02s
    cube 3833.190.4 (depth 2, 28 lits): UNSAT in 0.03s
    cube 3833.190.5 (depth 2, 28 lits): UNSAT in 0.01s
    cube 3833.190.6 (depth 2, 28 lits): UNSAT in 0.02s
    cube 3833.190.7 (depth 2, 28 lits): UNSAT in 0.01s
    cube 3833.190.8 (depth 2, 28 lits): UNSAT in 0.03s
    cube 3833.190.9 (depth 2, 28 lits): UNSAT in 0.02s
    cube 3833.190.10 (depth 2, 28 lits): UNSAT in 0.03s
    cube 3833.190.11 (depth 2, 28 lits): UNSAT in 0.03s
    cube 3833.190.12 (depth 2, 28 lits): UNSAT in 0.05s
    cube 3833.190.13 (depth 2, 28 lits): UNSAT in 0.05s
    cube 3833.190.14 (depth 2, 28 lits): UNSAT in 0.26s
    cube 3833.190.15 (depth 2, 28 lits): UNSAT in 0.02s
    cube 3833.190.16 (depth 2, 28 lits): UNSAT in 0.02s
    cube 3833.190.17 (depth 2, 28 lits): UNSAT in 0.02s
    cube 3833.190.18 (depth 2, 28 lits): UNSAT in 0.02s
    cube 3833.190.19 (depth 2, 28 lits): UNSAT in 0.01s
    cube 3833.190.20 (depth 2, 28 lits): UNSAT in 0.02s
    cube 3833.190.21 (depth 2, 28 lits): UNSAT in 0.02s
    cube 3833.190.22 (depth 2, 28 lits): UNSAT in 0.03s
    cube 3833.190.23 (depth 2, 27 lits): UNSAT in 0.02s
    cube 3833.190.24 (depth 2, 28 lits): UNSAT in 0.02s
    cube 3833.190.25 (depth 2, 28 lits): UNSAT in 0.03s
    cube 3833.190.26 (depth 2, 28 lits): UNSAT in 0.05s
    cube 3833.190.27 (depth 2, 28 lits): UNSAT in 0.12s
    cube 3833.190.28 (depth 2, 28 lits): UNSAT in 0.11s
    cube 3833.190.29 (depth 2, 28 lits): UNSAT in 0.42s
    cube 3833.190.30 (depth 2, 28 lits): UNSAT in 0.02s
    cube 3833.190.31 (depth 2, 28 lits): UNSAT in 0.02s
    cube 3833.190.32 (depth 2, 28 lits): UNSAT in 0.02s
    cube 3833.190.33 (depth 2, 28 lits): UNSAT in 0.07s
    cube 3833.190.34 (depth 2, 28 lits): UNSAT in 0.04s
    cube 3833.190.35 (depth 2, 28 lits): UNSAT in 0.08s
    cube 3833.190.36 (depth 2, 28 lits): UNSAT in 0.03s
    cube 3833.190.37 (depth 2, 28 lits): UNSAT in 0.05s
    cube 3833.190.38 (depth 2, 28 lits): UNSAT in 0.03s
    cube 3833.190.39 (depth 2, 28 lits): UNSAT in 0.10s
    cube 3833.190.40 (depth 2, 28 lits): UNSAT in 0.05s
    cube 3833.190.41 (depth 2, 28 lits): UNSAT in 0.21s
    cube 3833.190.42 (depth 2, 28 lits): UNSAT in 0.02s
    cube 3833.190.43 (depth 2, 28 lits): UNSAT in 0.07s
    cube 3833.190.44 (depth 2, 28 lits): UNSAT in 0.08s
    cube 3833.190.45 (depth 2, 28 lits): UNSAT in 0.13s
    cube 3833.190.46 (depth 2, 28 lits): UNSAT in 0.03s
    cube 3833.190.47 (depth 2, 28 lits): UNSAT in 0.06s
    cube 3833.190.48 (depth 2, 28 lits): UNSAT in 0.04s
    cube 3833.190.49 (depth 2, 28 lits): UNSAT in 0.13s
    cube 3833.190.50 (depth 2, 28 lits): UNSAT in 0.13s
    cube 3833.190.51 (depth 2, 28 lits): UNSAT in 0.10s
    cube 3833.190.52 (depth 2, 28 lits): UNSAT in 0.11s
    cube 3833.190.53 (depth 2, 28 lits): UNSAT in 0.30s
    cube 3833.190.54 (depth 2, 28 lits): UNSAT in 0.02s
    cube 3833.190.55 (depth 2, 28 lits): UNSAT in 0.02s
    cube 3833.190.56 (depth 2, 28 lits): UNSAT in 0.06s
    cube 3833.190.57 (depth 2, 28 lits): UNSAT in 0.07s
    cube 3833.190.58 (depth 2, 28 lits): UNSAT in 0.08s
    cube 3833.190.59 (depth 2, 28 lits): UNSAT in 0.31s
    cube 3833.190.60 (depth 2, 28 lits): UNSAT in 0.16s
    cube 3833.190.61 (depth 2, 28 lits): UNSAT in 3.92s
    cube 3833.190.62 (depth 2, 28 lits): UNSAT in 0.02s
    cube 3833.190.63 (depth 2, 28 lits): UNSAT in 0.04s
    cube 3833.190.64 (depth 2, 28 lits): UNSAT in 0.02s
    cube 3833.190.65 (depth 2, 28 lits): UNSAT in 0.06s
    cube 3833.190.66 (depth 2, 28 lits): UNSAT in 0.04s
    cube 3833.190.67 (depth 2, 28 lits): UNSAT in 0.11s
    cube 3833.190.68 (depth 2, 28 lits): UNSAT in 0.10s
    cube 3833.190.69 (depth 2, 28 lits): UNSAT in 0.47s
    cube 3833.190.70 (depth 2, 28 lits): UNSAT in 0.06s
    cube 3833.190.71 (depth 2, 28 lits): UNSAT in 0.08s
    cube 3833.190.72 (depth 2, 28 lits): UNSAT in 0.16s
    cube 3833.190.73 (depth 2, 28 lits): UNSAT in 0.89s
    cube 3833.190.74 (depth 2, 28 lits): UNSAT in 0.04s
    cube 3833.190.75 (depth 2, 28 lits): UNSAT in 0.34s
    cube 3833.190.76 (depth 2, 28 lits): UNSAT in 0.42s
    cube 3833.190.77 (depth 2, 28 lits): UNSAT in 2.01s
    cube 3833.190.78 (depth 2, 28 lits): UNSAT in 0.02s
    cube 3833.190.79 (depth 2, 28 lits): UNSAT in 0.05s
    cube 3833.190.80 (depth 2, 28 lits): UNSAT in 0.02s
    cube 3833.190.81 (depth 2, 28 lits): UNSAT in 0.10s
    cube 3833.190.82 (depth 2, 28 lits): UNSAT in 0.05s
    cube 3833.190.83 (depth 2, 28 lits): UNSAT in 0.11s
    cube 3833.190.84 (depth 2, 28 lits): UNSAT in 0.22s
    cube 3833.190.85 (depth 2, 28 lits): UNSAT in 2.12s
    cube 3833.190.86 (depth 2, 28 lits): UNSAT in 0.30s
    cube 3833.190.87 (depth 2, 28 lits): UNSAT in 0.24s
    cube 3833.190.88 (depth 2, 28 lits): UNSAT in 0.56s
    cube 3833.190.89 (depth 2, 28 lits): UNSAT in 2.44s
    cube 3833.190.90 (depth 2, 28 lits): UNSAT in 0.39s
    cube 3833.190.91 (depth 2, 28 lits): UNSAT in 3.02s
    cube 3833.190.92 (depth 2, 28 lits): UNSAT in 5.36s
    cube 3833.190.93 (depth 2, 28 lits): UNSAT in 16.30s
    cube 3833.190.94 (depth 2, 28 lits): UNSAT in 0.03s
    cube 3833.190.95 (depth 2, 28 lits): UNSAT in 0.22s
    cube 3833.190.96 (depth 2, 28 lits): UNSAT in 0.08s
    cube 3833.190.97 (depth 2, 28 lits): UNSAT in 0.68s
    cube 3833.190.98 (depth 2, 28 lits): UNSAT in 0.12s
    cube 3833.190.99 (depth 2, 28 lits): UNSAT in 0.50s
    cube 3833.190.100 (depth 2, 28 lits): UNSAT in 0.14s
    cube 3833.190.101 (depth 2, 28 lits): UNSAT in 0.95s
    cube 3833.190.102 (depth 2, 28 lits): UNSAT in 0.02s
    cube 3833.190.103 (depth 2, 28 lits): UNSAT in 0.03s
    cube 3833.190.104 (depth 2, 28 lits): UNSAT in 0.04s
    cube 3833.190.105 (depth 2, 28 lits): UNSAT in 0.09s
    cube 3833.190.106 (depth 2, 28 lits): UNSAT in 0.96s
    cube 3833.190.107 (depth 2, 28 lits): UNSAT in 1.05s
    cube 3833.190.108 (depth 2, 28 lits): UNSAT in 0.41s
    cube 3833.190.109 (depth 2, 28 lits): UNSAT in 2.12s
    cube 3833.190.110 (depth 2, 28 lits): UNSAT in 0.02s
    cube 3833.190.111 (depth 2, 28 lits): UNSAT in 0.21s
    cube 3833.190.112 (depth 2, 28 lits): UNSAT in 0.06s
    cube 3833.190.113 (depth 2, 28 lits): UNSAT in 0.25s
    cube 3833.190.114 (depth 2, 28 lits): UNSAT in 0.10s
    cube 3833.190.115 (depth 2, 28 lits): UNSAT in 0.30s
    cube 3833.190.116 (depth 2, 28 lits): UNSAT in 0.26s
    cube 3833.190.117 (depth 2, 28 lits): UNSAT in 1.63s
    cube 3833.190.118 (depth 2, 28 lits): UNSAT in 0.07s
    cube 3833.190.119 (depth 2, 28 lits): UNSAT in 0.16s
    cube 3833.190.120 (depth 2, 28 lits): UNSAT in 0.14s
    cube 3833.190.121 (depth 2, 28 lits): UNSAT in 1.95s
    cube 3833.190.122 (depth 2, 28 lits): UNSAT in 1.09s
    cube 3833.190.123 (depth 2, 28 lits): UNSAT in 5.45s
    cube 3833.190.124 (depth 2, 28 lits): UNSAT in 5.74s
    cube 3833.190.125 (depth 2, 28 lits): UNSAT in 108.23s
    cube 3833.190.126 (depth 2, 27 lits): UNSAT in 0.01s
    cube 3833.190.127 (depth 2, 28 lits): UNSAT in 0.01s
    cube 3833.190.128 (depth 2, 28 lits): UNSAT in 0.01s
    cube 3833.190.129 (depth 2, 28 lits): UNSAT in 0.02s
    cube 3833.190.130 (depth 2, 28 lits): UNSAT in 0.04s
    cube 3833.190.131 (depth 2, 28 lits): UNSAT in 0.05s
    cube 3833.190.132 (depth 2, 28 lits): UNSAT in 0.13s
    cube 3833.190.133 (depth 2, 27 lits): UNSAT in 0.02s
    cube 3833.190.134 (depth 2, 28 lits): UNSAT in 0.04s
    cube 3833.190.135 (depth 2, 28 lits): UNSAT in 0.06s
    cube 3833.190.136 (depth 2, 28 lits): UNSAT in 0.02s
    cube 3833.190.137 (depth 2, 28 lits): UNSAT in 0.10s
    cube 3833.190.138 (depth 2, 28 lits): UNSAT in 0.03s
    cube 3833.190.139 (depth 2, 28 lits): UNSAT in 0.13s
    cube 3833.190.140 (depth 2, 28 lits): UNSAT in 0.01s
    cube 3833.190.141 (depth 2, 28 lits): UNSAT in 0.02s
    cube 3833.190.142 (depth 2, 28 lits): UNSAT in 0.02s
    cube 3833.190.143 (depth 2, 28 lits): UNSAT in 0.10s
    cube 3833.190.144 (depth 2, 28 lits): UNSAT in 0.07s
    cube 3833.190.145 (depth 2, 28 lits): UNSAT in 0.09s
    cube 3833.190.146 (depth 2, 28 lits): UNSAT in 0.06s
    cube 3833.190.147 (depth 2, 28 lits): UNSAT in 0.69s
    cube 3833.190.148 (depth 2, 28 lits): UNSAT in 0.01s
    cube 3833.190.149 (depth 2, 28 lits): UNSAT in 0.01s
    cube 3833.190.150 (depth 2, 28 lits): UNSAT in 0.09s
    cube 3833.190.151 (depth 2, 28 lits): UNSAT in 0.07s
    cube 3833.190.152 (depth 2, 28 lits): UNSAT in 0.15s
    cube 3833.190.153 (depth 2, 28 lits): UNSAT in 0.23s
    cube 3833.190.154 (depth 2, 28 lits): UNSAT in 0.23s
    cube 3833.190.155 (depth 2, 28 lits): UNSAT in 1.56s
    cube 3833.190.156 (depth 2, 28 lits): UNSAT in 0.04s
    cube 3833.190.157 (depth 2, 28 lits): UNSAT in 0.08s
    cube 3833.190.158 (depth 2, 28 lits): UNSAT in 0.09s
    cube 3833.190.159 (depth 2, 28 lits): UNSAT in 0.20s
    cube 3833.190.160 (depth 2, 28 lits): UNSAT in 0.02s
    cube 3833.190.161 (depth 2, 28 lits): UNSAT in 0.49s
    cube 3833.190.162 (depth 2, 28 lits): UNSAT in 0.36s
    cube 3833.190.163 (depth 2, 28 lits): UNSAT in 0.97s
    cube 3833.190.164 (depth 2, 28 lits): UNSAT in 0.10s
    cube 3833.190.165 (depth 2, 28 lits): UNSAT in 0.26s
    cube 3833.190.166 (depth 2, 28 lits): UNSAT in 0.27s
    cube 3833.190.167 (depth 2, 28 lits): UNSAT in 1.23s
    cube 3833.190.168 (depth 2, 28 lits): UNSAT in 0.15s
    cube 3833.190.169 (depth 2, 28 lits): UNSAT in 3.29s
    cube 3833.190.170 (depth 2, 28 lits): UNSAT in 3.60s
    cube 3833.190.171 (depth 2, 28 lits): UNSAT in 30.17s
    cube 3833.190.172 (depth 2, 28 lits): UNSAT in 0.65s
    cube 3833.190.173 (depth 2, 28 lits): UNSAT in 1.17s
    cube 3833.190.174 (depth 2, 28 lits): UNSAT in 0.80s
    cube 3833.190.175 (depth 2, 28 lits): UNSAT in 1.27s
    cube 3833.190.176 (depth 2, 28 lits): UNSAT in 0.33s
    cube 3833.190.177 (depth 2, 28 lits): UNSAT in 1.27s
    cube 3833.190.178 (depth 2, 28 lits): UNSAT in 0.28s
    cube 3833.190.179 (depth 2, 28 lits): UNSAT in 3.75s
    cube 3833.190.180 (depth 2, 28 lits): UNSAT in 0.37s
    cube 3833.190.181 (depth 2, 28 lits): UNSAT in 2.48s
    cube 3833.190.182 (depth 2, 28 lits): UNSAT in 0.30s
    cube 3833.190.183 (depth 2, 28 lits): UNSAT in 2.75s
    cube 3833.190.184 (depth 2, 28 lits): UNSAT in 0.21s
    cube 3833.190.185 (depth 2, 28 lits): UNSAT in 0.75s
    cube 3833.190.186 (depth 2, 28 lits): UNSAT in 12.39s
    cube 3833.190.187 (depth 2, 28 lits): UNSAT in 200.03s
    cube 3833.190.188 (depth 2, 28 lits): UNSAT in 0.02s
    cube 3833.190.189 (depth 2, 28 lits): UNSAT in 0.07s
    cube 3833.190.190 (depth 2, 28 lits): UNSAT in 0.04s
    cube 3833.190.191 (depth 2, 28 lits): UNSAT in 0.24s
    cube 3833.190.192 (depth 2, 28 lits): UNSAT in 0.13s
    cube 3833.190.193 (depth 2, 28 lits): UNSAT in 0.14s
    cube 3833.190.194 (depth 2, 28 lits): UNSAT in 0.22s
    cube 3833.190.195 (depth 2, 28 lits): UNSAT in 0.38s
    cube 3833.190.196 (depth 2, 28 lits): UNSAT in 0.10s
    cube 3833.190.197 (depth 2, 28 lits): UNSAT in 0.38s
    cube 3833.190.198 (depth 2, 28 lits): UNSAT in 0.98s
    cube 3833.190.199 (depth 2, 28 lits): UNSAT in 1.57s
    cube 3833.190.200 (depth 2, 28 lits): UNSAT in 0.28s
    cube 3833.190.201 (depth 2, 28 lits): UNSAT in 0.93s
    cube 3833.190.202 (depth 2, 28 lits): UNSAT in 1.81s
    cube 3833.190.203 (depth 2, 28 lits): UNSAT in 5.61s
    cube 3833.190.204 (depth 2, 28 lits): UNSAT in 0.03s
    cube 3833.190.205 (depth 2, 28 lits): UNSAT in 0.09s
    cube 3833.190.206 (depth 2, 28 lits): UNSAT in 0.44s
    cube 3833.190.207 (depth 2, 28 lits): UNSAT in 2.74s
    cube 3833.190.208 (depth 2, 28 lits): UNSAT in 0.15s
    cube 3833.190.209 (depth 2, 28 lits): UNSAT in 0.27s
    cube 3833.190.210 (depth 2, 28 lits): UNSAT in 3.52s
    cube 3833.190.211 (depth 2, 28 lits): UNSAT in 5.29s
    cube 3833.190.212 (depth 2, 28 lits): UNSAT in 1.03s
    cube 3833.190.213 (depth 2, 28 lits): UNSAT in 3.46s
    cube 3833.190.214 (depth 2, 28 lits): UNSAT in 0.65s
    cube 3833.190.215 (depth 2, 28 lits): UNSAT in 5.76s
    cube 3833.190.216 (depth 2, 28 lits): UNSAT in 0.94s
    cube 3833.190.217 (depth 2, 28 lits): UNSAT in 37.98s
    cube 3833.190.218 (depth 2, 28 lits): UNSAT in 8.76s
    cube 3833.190.219 (depth 2, 28 lits): UNSAT in 284.71s
    cube 3833.190.220 (depth 2, 28 lits): UNSAT in 0.11s
    cube 3833.190.221 (depth 2, 28 lits): UNSAT in 0.33s
    cube 3833.190.222 (depth 2, 28 lits): UNSAT in 0.24s
    cube 3833.190.223 (depth 2, 28 lits): UNSAT in 0.85s
    cube 3833.190.224 (depth 2, 28 lits): UNSAT in 0.23s
    cube 3833.190.225 (depth 2, 28 lits): UNSAT in 1.99s
    cube 3833.190.226 (depth 2, 28 lits): UNSAT in 2.09s
    cube 3833.190.227 (depth 2, 28 lits): UNSAT in 9.39s
    cube 3833.190.228 (depth 2, 28 lits): UNSAT in 0.29s
    cube 3833.190.229 (depth 2, 28 lits): UNSAT in 2.12s
    cube 3833.190.230 (depth 2, 28 lits): UNSAT in 2.11s
    cube 3833.190.231 (depth 2, 28 lits): UNSAT in 15.70s
    cube 3833.190.232 (depth 2, 28 lits): UNSAT in 0.60s
    cube 3833.190.233 (depth 2, 28 lits): UNSAT in 8.82s
    cube 3833.190.234 (depth 2, 28 lits): UNSAT in 26.22s
    cube 3833.190.235 (depth 2, 28 lits): UNSAT in 382.36s
    cube 3833.190.236 (depth 2, 28 lits): UNSAT in 0.03s
    cube 3833.190.237 (depth 2, 28 lits): UNSAT in 0.18s
    cube 3833.190.238 (depth 2, 28 lits): UNSAT in 0.06s
    cube 3833.190.239 (depth 2, 28 lits): UNSAT in 0.53s
    cube 3833.190.240 (depth 2, 28 lits): UNSAT in 0.45s
    cube 3833.190.241 (depth 2, 28 lits): UNSAT in 0.95s
    cube 3833.190.242 (depth 2, 28 lits): UNSAT in 1.18s
    cube 3833.190.243 (depth 2, 28 lits): UNSAT in 6.31s
    cube 3833.190.244 (depth 2, 28 lits): UNSAT in 0.16s
    cube 3833.190.245 (depth 2, 28 lits): UNSAT in 0.93s
    cube 3833.190.246 (depth 2, 28 lits): UNSAT in 1.69s
    cube 3833.190.247 (depth 2, 28 lits): UNSAT in 13.98s
    cube 3833.190.248 (depth 2, 28 lits): UNSAT in 0.60s
    cube 3833.190.249 (depth 2, 28 lits): UNSAT in 7.66s
    cube 3833.190.250 (depth 2, 28 lits): UNSAT in 48.81s
    cube 3833.190.251 (depth 2, 28 lits): UNSAT in 600.97s
    cube 3833.191 (depth 1, 20 lits): UNSAT in 0.14s
    cube 3833.192 (depth 1, 20 lits): UNSAT in 0.26s
    cube 3833.193 (depth 1, 20 lits): UNSAT in 0.36s
    cube 3833.194 (depth 1, 20 lits): UNSAT in 1.61s
    cube 3833.195 (depth 1, 20 lits): UNSAT in 0.22s
    cube 3833.196 (depth 1, 20 lits): UNSAT in 0.88s
    cube 3833.197 (depth 1, 20 lits): UNSAT in 0.54s
    cube 3833.198 (depth 1, 20 lits): UNSAT in 18.43s
    cube 3833.199 (depth 1, 20 lits): UNSAT in 0.05s
    cube 3833.200 (depth 1, 20 lits): UNSAT in 0.25s
    cube 3833.201 (depth 1, 20 lits): UNSAT in 1.59s
    cube 3833.202 (depth 1, 20 lits): UNSAT in 4.33s
    cube 3833.203 (depth 1, 20 lits): UNSAT in 0.13s
    cube 3833.204 (depth 1, 20 lits): UNSAT in 0.73s
    cube 3833.205 (depth 1, 20 lits): UNSAT in 2.42s
    cube 3833.206 (depth 1, 20 lits): UNSAT in 116.43s
    cube 3833.207 (depth 1, 20 lits): UNSAT in 0.26s
    cube 3833.208 (depth 1, 20 lits): UNSAT in 0.68s
    cube 3833.209 (depth 1, 20 lits): UNSAT in 0.17s
    cube 3833.210 (depth 1, 20 lits): UNSAT in 0.48s
    cube 3833.211 (depth 1, 20 lits): UNSAT in 0.37s
    cube 3833.212 (depth 1, 20 lits): UNSAT in 0.57s
    cube 3833.213 (depth 1, 20 lits): UNSAT in 1.65s
    cube 3833.214 (depth 1, 20 lits): UNSAT in 3.81s
    cube 3833.215 (depth 1, 20 lits): UNSAT in 0.72s
    cube 3833.216 (depth 1, 20 lits): UNSAT in 5.58s
    cube 3833.217 (depth 1, 20 lits): UNSAT in 4.23s
    cube 3833.218 (depth 1, 20 lits): UNSAT in 109.32s
    cube 3833.219 (depth 1, 20 lits): UNSAT in 1.80s
    cube 3833.220 (depth 1, 20 lits): UNSAT in 25.07s
    cube 3833.221 (depth 1, 20 lits): UNSAT in 126.78s
    cube 3833.222 (depth 1, 20 lits): TIMEOUT in 1200.05s
    cube 3833.222 TIMEOUT -> re-split into 253 sub-cubes (depth 2)
    cube 3833.222.0 (depth 2, 27 lits): UNSAT in 0.01s
    cube 3833.222.1 (depth 2, 28 lits): UNSAT in 0.02s
    cube 3833.222.2 (depth 2, 28 lits): UNSAT in 0.02s
    cube 3833.222.3 (depth 2, 28 lits): UNSAT in 0.01s
    cube 3833.222.4 (depth 2, 28 lits): UNSAT in 0.03s
    cube 3833.222.5 (depth 2, 28 lits): UNSAT in 0.02s
    cube 3833.222.6 (depth 2, 28 lits): UNSAT in 0.03s
    cube 3833.222.7 (depth 2, 28 lits): UNSAT in 0.01s
    cube 3833.222.8 (depth 2, 28 lits): UNSAT in 0.02s
    cube 3833.222.9 (depth 2, 28 lits): UNSAT in 0.02s
    cube 3833.222.10 (depth 2, 28 lits): UNSAT in 0.04s
    cube 3833.222.11 (depth 2, 28 lits): UNSAT in 0.02s
    cube 3833.222.12 (depth 2, 28 lits): UNSAT in 0.05s
    cube 3833.222.13 (depth 2, 28 lits): UNSAT in 0.04s
    cube 3833.222.14 (depth 2, 28 lits): UNSAT in 0.15s
    cube 3833.222.15 (depth 2, 28 lits): UNSAT in 0.01s
    cube 3833.222.16 (depth 2, 28 lits): UNSAT in 0.01s
    cube 3833.222.17 (depth 2, 28 lits): UNSAT in 0.01s
    cube 3833.222.18 (depth 2, 28 lits): UNSAT in 0.02s
    cube 3833.222.19 (depth 2, 28 lits): UNSAT in 0.01s
    cube 3833.222.20 (depth 2, 28 lits): UNSAT in 0.01s
    cube 3833.222.21 (depth 2, 28 lits): UNSAT in 0.02s
    cube 3833.222.22 (depth 2, 28 lits): UNSAT in 0.03s
    cube 3833.222.23 (depth 2, 28 lits): UNSAT in 0.02s
    cube 3833.222.24 (depth 2, 28 lits): UNSAT in 0.03s
    cube 3833.222.25 (depth 2, 28 lits): UNSAT in 0.03s
    cube 3833.222.26 (depth 2, 28 lits): UNSAT in 0.06s
    cube 3833.222.27 (depth 2, 28 lits): UNSAT in 0.02s
    cube 3833.222.28 (depth 2, 28 lits): UNSAT in 0.02s
    cube 3833.222.29 (depth 2, 28 lits): UNSAT in 0.04s
    cube 3833.222.30 (depth 2, 28 lits): UNSAT in 0.19s
    cube 3833.222.31 (depth 2, 27 lits): UNSAT in 0.01s
    cube 3833.222.32 (depth 2, 28 lits): UNSAT in 0.02s
    cube 3833.222.33 (depth 2, 28 lits): UNSAT in 0.02s
    cube 3833.222.34 (depth 2, 28 lits): UNSAT in 0.02s
    cube 3833.222.35 (depth 2, 28 lits): UNSAT in 0.01s
    cube 3833.222.36 (depth 2, 28 lits): UNSAT in 0.02s
    cube 3833.222.37 (depth 2, 28 lits): UNSAT in 0.07s
    cube 3833.222.38 (depth 2, 28 lits): UNSAT in 0.02s
    cube 3833.222.39 (depth 2, 28 lits): UNSAT in 0.03s
    cube 3833.222.40 (depth 2, 28 lits): UNSAT in 0.04s
    cube 3833.222.41 (depth 2, 28 lits): UNSAT in 0.08s
    cube 3833.222.42 (depth 2, 28 lits): UNSAT in 0.05s
    cube 3833.222.43 (depth 2, 28 lits): UNSAT in 0.10s
    cube 3833.222.44 (depth 2, 28 lits): UNSAT in 0.13s
    cube 3833.222.45 (depth 2, 28 lits): UNSAT in 0.60s
    cube 3833.222.46 (depth 2, 28 lits): UNSAT in 0.02s
    cube 3833.222.47 (depth 2, 28 lits): UNSAT in 0.04s
    cube 3833.222.48 (depth 2, 28 lits): UNSAT in 0.09s
    cube 3833.222.49 (depth 2, 28 lits): UNSAT in 0.05s
    cube 3833.222.50 (depth 2, 28 lits): UNSAT in 0.02s
    cube 3833.222.51 (depth 2, 28 lits): UNSAT in 0.03s
    cube 3833.222.52 (depth 2, 28 lits): UNSAT in 0.06s
    cube 3833.222.53 (depth 2, 28 lits): UNSAT in 0.12s
    cube 3833.222.54 (depth 2, 28 lits): UNSAT in 0.03s
    cube 3833.222.55 (depth 2, 28 lits): UNSAT in 0.25s
    cube 3833.222.56 (depth 2, 28 lits): UNSAT in 0.04s
    cube 3833.222.57 (depth 2, 28 lits): UNSAT in 0.07s
    cube 3833.222.58 (depth 2, 28 lits): UNSAT in 0.08s
    cube 3833.222.59 (depth 2, 28 lits): UNSAT in 0.17s
    cube 3833.222.60 (depth 2, 28 lits): UNSAT in 0.11s
    cube 3833.222.61 (depth 2, 28 lits): UNSAT in 2.66s
    cube 3833.222.62 (depth 2, 28 lits): UNSAT in 0.01s
    cube 3833.222.63 (depth 2, 28 lits): UNSAT in 0.02s
    cube 3833.222.64 (depth 2, 28 lits): UNSAT in 0.01s
    cube 3833.222.65 (depth 2, 28 lits): UNSAT in 0.03s
    cube 3833.222.66 (depth 2, 28 lits): UNSAT in 0.02s
    cube 3833.222.67 (depth 2, 28 lits): UNSAT in 0.02s
    cube 3833.222.68 (depth 2, 28 lits): UNSAT in 0.02s
    cube 3833.222.69 (depth 2, 28 lits): UNSAT in 0.02s
    cube 3833.222.70 (depth 2, 28 lits): UNSAT in 0.01s
    cube 3833.222.71 (depth 2, 28 lits): UNSAT in 0.03s
    cube 3833.222.72 (depth 2, 28 lits): UNSAT in 0.03s
    cube 3833.222.73 (depth 2, 28 lits): UNSAT in 0.07s
    cube 3833.222.74 (depth 2, 28 lits): UNSAT in 0.02s
    cube 3833.222.75 (depth 2, 28 lits): UNSAT in 0.06s
    cube 3833.222.76 (depth 2, 28 lits): UNSAT in 0.07s
    cube 3833.222.77 (depth 2, 28 lits): UNSAT in 0.24s
    cube 3833.222.78 (depth 2, 28 lits): UNSAT in 0.02s
    cube 3833.222.79 (depth 2, 28 lits): UNSAT in 0.02s
    cube 3833.222.80 (depth 2, 28 lits): UNSAT in 0.02s
    cube 3833.222.81 (depth 2, 28 lits): UNSAT in 0.02s
    cube 3833.222.82 (depth 2, 28 lits): UNSAT in 0.02s
    cube 3833.222.83 (depth 2, 28 lits): UNSAT in 0.02s
    cube 3833.222.84 (depth 2, 28 lits): UNSAT in 0.02s
    cube 3833.222.85 (depth 2, 28 lits): UNSAT in 0.05s
    cube 3833.222.86 (depth 2, 28 lits): UNSAT in 0.02s
    cube 3833.222.87 (depth 2, 28 lits): UNSAT in 0.04s
    cube 3833.222.88 (depth 2, 28 lits): UNSAT in 0.05s
    cube 3833.222.89 (depth 2, 28 lits): UNSAT in 0.12s
    cube 3833.222.90 (depth 2, 28 lits): UNSAT in 0.05s
    cube 3833.222.91 (depth 2, 28 lits): UNSAT in 0.04s
    cube 3833.222.92 (depth 2, 28 lits): UNSAT in 0.11s
    cube 3833.222.93 (depth 2, 28 lits): UNSAT in 1.35s
    cube 3833.222.94 (depth 2, 28 lits): UNSAT in 0.02s
    cube 3833.222.95 (depth 2, 28 lits): UNSAT in 0.02s
    cube 3833.222.96 (depth 2, 28 lits): UNSAT in 0.02s
    cube 3833.222.97 (depth 2, 28 lits): UNSAT in 0.04s
    cube 3833.222.98 (depth 2, 28 lits): UNSAT in 0.03s
    cube 3833.222.99 (depth 2, 28 lits): UNSAT in 0.05s
    cube 3833.222.100 (depth 2, 28 lits): UNSAT in 0.05s
    cube 3833.222.101 (depth 2, 28 lits): UNSAT in 0.17s
    cube 3833.222.102 (depth 2, 28 lits): UNSAT in 0.04s
    cube 3833.222.103 (depth 2, 28 lits): UNSAT in 0.14s
    cube 3833.222.104 (depth 2, 28 lits): UNSAT in 0.28s
    cube 3833.222.105 (depth 2, 28 lits): UNSAT in 0.55s
    cube 3833.222.106 (depth 2, 28 lits): UNSAT in 0.07s
    cube 3833.222.107 (depth 2, 28 lits): UNSAT in 0.19s
    cube 3833.222.108 (depth 2, 28 lits): UNSAT in 0.40s
    cube 3833.222.109 (depth 2, 28 lits): UNSAT in 0.88s
    cube 3833.222.110 (depth 2, 28 lits): UNSAT in 0.04s
    cube 3833.222.111 (depth 2, 28 lits): UNSAT in 0.22s
    cube 3833.222.112 (depth 2, 28 lits): UNSAT in 0.19s
    cube 3833.222.113 (depth 2, 28 lits): UNSAT in 0.65s
    cube 3833.222.114 (depth 2, 28 lits): UNSAT in 0.16s
    cube 3833.222.115 (depth 2, 28 lits): UNSAT in 0.72s
    cube 3833.222.116 (depth 2, 28 lits): UNSAT in 0.50s
    cube 3833.222.117 (depth 2, 28 lits): UNSAT in 1.15s
    cube 3833.222.118 (depth 2, 28 lits): UNSAT in 0.20s
    cube 3833.222.119 (depth 2, 28 lits): UNSAT in 2.22s
    cube 3833.222.120 (depth 2, 28 lits): UNSAT in 0.47s
    cube 3833.222.121 (depth 2, 28 lits): UNSAT in 1.89s
    cube 3833.222.122 (depth 2, 28 lits): UNSAT in 0.22s
    cube 3833.222.123 (depth 2, 28 lits): UNSAT in 0.87s
    cube 3833.222.124 (depth 2, 28 lits): UNSAT in 5.38s
    cube 3833.222.125 (depth 2, 28 lits): UNSAT in 45.03s
    cube 3833.222.126 (depth 2, 28 lits): UNSAT in 0.01s
    cube 3833.222.127 (depth 2, 28 lits): UNSAT in 0.02s
    cube 3833.222.128 (depth 2, 28 lits): UNSAT in 0.02s
    cube 3833.222.129 (depth 2, 28 lits): UNSAT in 0.03s
    cube 3833.222.130 (depth 2, 28 lits): UNSAT in 0.02s
    cube 3833.222.131 (depth 2, 28 lits): UNSAT in 0.03s
    cube 3833.222.132 (depth 2, 28 lits): UNSAT in 0.05s
    cube 3833.222.133 (depth 2, 28 lits): UNSAT in 0.04s
    cube 3833.222.134 (depth 2, 28 lits): UNSAT in 0.02s
    cube 3833.222.135 (depth 2, 28 lits): UNSAT in 0.04s
    cube 3833.222.136 (depth 2, 28 lits): UNSAT in 0.02s
    cube 3833.222.137 (depth 2, 28 lits): UNSAT in 0.03s
    cube 3833.222.138 (depth 2, 28 lits): UNSAT in 0.04s
    cube 3833.222.139 (depth 2, 28 lits): UNSAT in 0.07s
    cube 3833.222.140 (depth 2, 28 lits): UNSAT in 0.08s
    cube 3833.222.141 (depth 2, 28 lits): UNSAT in 0.20s
    cube 3833.222.142 (depth 2, 28 lits): UNSAT in 0.03s
    cube 3833.222.143 (depth 2, 28 lits): UNSAT in 0.08s
    cube 3833.222.144 (depth 2, 28 lits): UNSAT in 0.03s
    cube 3833.222.145 (depth 2, 28 lits): UNSAT in 0.11s
    cube 3833.222.146 (depth 2, 28 lits): UNSAT in 0.04s
    cube 3833.222.147 (depth 2, 28 lits): UNSAT in 0.08s
    cube 3833.222.148 (depth 2, 28 lits): UNSAT in 0.08s
    cube 3833.222.149 (depth 2, 28 lits): UNSAT in 0.56s
    cube 3833.222.150 (depth 2, 28 lits): UNSAT in 0.09s
    cube 3833.222.151 (depth 2, 28 lits): UNSAT in 0.04s
    cube 3833.222.152 (depth 2, 28 lits): UNSAT in 0.14s
    cube 3833.222.153 (depth 2, 28 lits): UNSAT in 0.53s
    cube 3833.222.154 (depth 2, 28 lits): UNSAT in 0.52s
    cube 3833.222.155 (depth 2, 28 lits): UNSAT in 0.31s
    cube 3833.222.156 (depth 2, 28 lits): UNSAT in 0.20s
    cube 3833.222.157 (depth 2, 28 lits): UNSAT in 2.29s
    cube 3833.222.158 (depth 2, 28 lits): UNSAT in 0.03s
    cube 3833.222.159 (depth 2, 28 lits): UNSAT in 0.12s
    cube 3833.222.160 (depth 2, 28 lits): UNSAT in 0.21s
    cube 3833.222.161 (depth 2, 28 lits): UNSAT in 0.48s
    cube 3833.222.162 (depth 2, 28 lits): UNSAT in 0.03s
    cube 3833.222.163 (depth 2, 28 lits): UNSAT in 0.06s
    cube 3833.222.164 (depth 2, 28 lits): UNSAT in 0.07s
    cube 3833.222.165 (depth 2, 28 lits): UNSAT in 0.46s
    cube 3833.222.166 (depth 2, 28 lits): UNSAT in 0.02s
    cube 3833.222.167 (depth 2, 28 lits): UNSAT in 0.05s
    cube 3833.222.168 (depth 2, 28 lits): UNSAT in 0.08s
    cube 3833.222.169 (depth 2, 28 lits): UNSAT in 0.61s
    cube 3833.222.170 (depth 2, 28 lits): UNSAT in 0.05s
    cube 3833.222.171 (depth 2, 28 lits): UNSAT in 2.19s
    cube 3833.222.172 (depth 2, 28 lits): UNSAT in 0.78s
    cube 3833.222.173 (depth 2, 28 lits): UNSAT in 10.98s
    cube 3833.222.174 (depth 2, 28 lits): UNSAT in 0.05s
    cube 3833.222.175 (depth 2, 28 lits): UNSAT in 0.12s
    cube 3833.222.176 (depth 2, 28 lits): UNSAT in 0.31s
    cube 3833.222.177 (depth 2, 28 lits): UNSAT in 0.83s
    cube 3833.222.178 (depth 2, 28 lits): UNSAT in 0.21s
    cube 3833.222.179 (depth 2, 28 lits): UNSAT in 1.07s
    cube 3833.222.180 (depth 2, 28 lits): UNSAT in 0.29s
    cube 3833.222.181 (depth 2, 28 lits): UNSAT in 3.81s
    cube 3833.222.182 (depth 2, 28 lits): UNSAT in 0.05s
    cube 3833.222.183 (depth 2, 28 lits): UNSAT in 0.13s
    cube 3833.222.184 (depth 2, 28 lits): UNSAT in 0.87s
    cube 3833.222.185 (depth 2, 28 lits): UNSAT in 3.25s
    cube 3833.222.186 (depth 2, 28 lits): UNSAT in 3.65s
    cube 3833.222.187 (depth 2, 28 lits): UNSAT in 9.14s
    cube 3833.222.188 (depth 2, 28 lits): UNSAT in 6.11s
    cube 3833.222.189 (depth 2, 28 lits): UNSAT in 219.83s
    cube 3833.222.190 (depth 2, 27 lits): UNSAT in 0.01s
    cube 3833.222.191 (depth 2, 28 lits): UNSAT in 0.05s
    cube 3833.222.192 (depth 2, 28 lits): UNSAT in 0.18s
    cube 3833.222.193 (depth 2, 28 lits): UNSAT in 0.02s
    cube 3833.222.194 (depth 2, 28 lits): UNSAT in 0.13s
    cube 3833.222.195 (depth 2, 28 lits): UNSAT in 0.16s
    cube 3833.222.196 (depth 2, 28 lits): UNSAT in 0.25s
    cube 3833.222.197 (depth 2, 28 lits): UNSAT in 0.13s
    cube 3833.222.198 (depth 2, 28 lits): UNSAT in 0.33s
    cube 3833.222.199 (depth 2, 28 lits): UNSAT in 0.23s
    cube 3833.222.200 (depth 2, 28 lits): UNSAT in 0.65s
    cube 3833.222.201 (depth 2, 28 lits): UNSAT in 1.22s
    cube 3833.222.202 (depth 2, 28 lits): UNSAT in 0.71s
    cube 3833.222.203 (depth 2, 28 lits): UNSAT in 1.24s
    cube 3833.222.204 (depth 2, 28 lits): UNSAT in 24.56s
    cube 3833.222.205 (depth 2, 28 lits): UNSAT in 0.01s
    cube 3833.222.206 (depth 2, 28 lits): UNSAT in 0.03s
    cube 3833.222.207 (depth 2, 28 lits): UNSAT in 0.03s
    cube 3833.222.208 (depth 2, 28 lits): UNSAT in 0.05s
    cube 3833.222.209 (depth 2, 28 lits): UNSAT in 0.06s
    cube 3833.222.210 (depth 2, 28 lits): UNSAT in 0.13s
    cube 3833.222.211 (depth 2, 28 lits): UNSAT in 0.13s
    cube 3833.222.212 (depth 2, 28 lits): UNSAT in 1.38s
    cube 3833.222.213 (depth 2, 28 lits): UNSAT in 0.05s
    cube 3833.222.214 (depth 2, 28 lits): UNSAT in 0.36s
    cube 3833.222.215 (depth 2, 28 lits): UNSAT in 1.50s
    cube 3833.222.216 (depth 2, 28 lits): UNSAT in 5.03s
    cube 3833.222.217 (depth 2, 28 lits): UNSAT in 1.68s
    cube 3833.222.218 (depth 2, 28 lits): UNSAT in 23.42s
    cube 3833.222.219 (depth 2, 28 lits): UNSAT in 13.79s
    cube 3833.222.220 (depth 2, 28 lits): UNSAT in 248.74s
    cube 3833.222.221 (depth 2, 28 lits): UNSAT in 0.06s
    cube 3833.222.222 (depth 2, 28 lits): UNSAT in 0.14s
    cube 3833.222.223 (depth 2, 28 lits): UNSAT in 0.36s
    cube 3833.222.224 (depth 2, 28 lits): UNSAT in 0.43s
    cube 3833.222.225 (depth 2, 28 lits): UNSAT in 0.16s
    cube 3833.222.226 (depth 2, 28 lits): UNSAT in 1.99s
    cube 3833.222.227 (depth 2, 28 lits): UNSAT in 0.68s
    cube 3833.222.228 (depth 2, 28 lits): UNSAT in 7.79s
    cube 3833.222.229 (depth 2, 28 lits): UNSAT in 0.25s
    cube 3833.222.230 (depth 2, 28 lits): UNSAT in 2.33s
    cube 3833.222.231 (depth 2, 28 lits): UNSAT in 0.49s
    cube 3833.222.232 (depth 2, 28 lits): UNSAT in 36.80s
    cube 3833.222.233 (depth 2, 28 lits): UNSAT in 0.50s
    cube 3833.222.234 (depth 2, 28 lits): UNSAT in 6.01s
    cube 3833.222.235 (depth 2, 28 lits): UNSAT in 12.70s
    cube 3833.222.236 (depth 2, 28 lits): UNSAT in 169.77s
    cube 3833.222.237 (depth 2, 28 lits): UNSAT in 1.14s
    cube 3833.222.238 (depth 2, 28 lits): UNSAT in 0.72s
    cube 3833.222.239 (depth 2, 28 lits): UNSAT in 0.70s
    cube 3833.222.240 (depth 2, 28 lits): UNSAT in 23.35s
    cube 3833.222.241 (depth 2, 28 lits): UNSAT in 2.94s
    cube 3833.222.242 (depth 2, 28 lits): UNSAT in 45.22s
    cube 3833.222.243 (depth 2, 28 lits): UNSAT in 2.29s
    cube 3833.222.244 (depth 2, 28 lits): UNSAT in 600.65s
    cube 3833.222.245 (depth 2, 28 lits): UNSAT in 0.30s
    cube 3833.222.246 (depth 2, 28 lits): UNSAT in 0.56s
    cube 3833.222.247 (depth 2, 28 lits): UNSAT in 2.76s
    cube 3833.222.248 (depth 2, 28 lits): UNSAT in 20.72s
    cube 3833.222.249 (depth 2, 28 lits): UNSAT in 1.87s
    cube 3833.222.250 (depth 2, 28 lits): UNSAT in 45.94s
    cube 3833.222.251 (depth 2, 28 lits): UNSAT in 2.91s
    cube 3833.222.252 (depth 2, 28 lits): UNSAT in 917.89s
    cube 3833.223 (depth 1, 20 lits): UNSAT in 0.03s
    cube 3833.224 (depth 1, 20 lits): UNSAT in 0.57s
    cube 3833.225 (depth 1, 20 lits): UNSAT in 1.54s
    cube 3833.226 (depth 1, 20 lits): UNSAT in 19.95s
    cube 3833.227 (depth 1, 20 lits): UNSAT in 22.45s
    cube 3833.228 (depth 1, 20 lits): UNSAT in 103.41s
    cube 3833.229 (depth 1, 20 lits): UNSAT in 5.72s
    cube 3833.230 (depth 1, 20 lits): TIMEOUT in 1200.03s
    cube 3833.230 TIMEOUT -> re-split into 242 sub-cubes (depth 2)
    cube 3833.230.0 (depth 2, 27 lits): UNSAT in 0.01s
    cube 3833.230.1 (depth 2, 28 lits): UNSAT in 0.01s
    cube 3833.230.2 (depth 2, 28 lits): UNSAT in 0.02s
    cube 3833.230.3 (depth 2, 28 lits): UNSAT in 0.01s
    cube 3833.230.4 (depth 2, 28 lits): UNSAT in 0.02s
    cube 3833.230.5 (depth 2, 28 lits): UNSAT in 0.02s
    cube 3833.230.6 (depth 2, 28 lits): UNSAT in 0.04s
    cube 3833.230.7 (depth 2, 28 lits): UNSAT in 0.01s
    cube 3833.230.8 (depth 2, 28 lits): UNSAT in 0.02s
    cube 3833.230.9 (depth 2, 28 lits): UNSAT in 0.02s
    cube 3833.230.10 (depth 2, 28 lits): UNSAT in 0.04s
    cube 3833.230.11 (depth 2, 28 lits): UNSAT in 0.02s
    cube 3833.230.12 (depth 2, 28 lits): UNSAT in 0.02s
    cube 3833.230.13 (depth 2, 28 lits): UNSAT in 0.02s
    cube 3833.230.14 (depth 2, 28 lits): UNSAT in 0.07s
    cube 3833.230.15 (depth 2, 26 lits): UNSAT in 0.01s
    cube 3833.230.16 (depth 2, 28 lits): UNSAT in 0.01s
    cube 3833.230.17 (depth 2, 28 lits): UNSAT in 0.02s
    cube 3833.230.18 (depth 2, 28 lits): UNSAT in 0.02s
    cube 3833.230.19 (depth 2, 28 lits): UNSAT in 0.03s
    cube 3833.230.20 (depth 2, 28 lits): UNSAT in 0.03s
    cube 3833.230.21 (depth 2, 28 lits): UNSAT in 0.04s
    cube 3833.230.22 (depth 2, 28 lits): UNSAT in 0.02s
    cube 3833.230.23 (depth 2, 28 lits): UNSAT in 0.06s
    cube 3833.230.24 (depth 2, 28 lits): UNSAT in 0.01s
    cube 3833.230.25 (depth 2, 28 lits): UNSAT in 0.04s
    cube 3833.230.26 (depth 2, 28 lits): UNSAT in 0.08s
    cube 3833.230.27 (depth 2, 28 lits): UNSAT in 0.73s
    cube 3833.230.28 (depth 2, 28 lits): UNSAT in 0.01s
    cube 3833.230.29 (depth 2, 28 lits): UNSAT in 0.02s
    cube 3833.230.30 (depth 2, 28 lits): UNSAT in 0.03s
    cube 3833.230.31 (depth 2, 28 lits): UNSAT in 0.04s
    cube 3833.230.32 (depth 2, 28 lits): UNSAT in 0.01s
    cube 3833.230.33 (depth 2, 28 lits): UNSAT in 0.01s
    cube 3833.230.34 (depth 2, 28 lits): UNSAT in 0.03s
    cube 3833.230.35 (depth 2, 28 lits): UNSAT in 0.03s
    cube 3833.230.36 (depth 2, 28 lits): UNSAT in 0.02s
    cube 3833.230.37 (depth 2, 28 lits): UNSAT in 0.03s
    cube 3833.230.38 (depth 2, 28 lits): UNSAT in 0.05s
    cube 3833.230.39 (depth 2, 28 lits): UNSAT in 0.06s
    cube 3833.230.40 (depth 2, 28 lits): UNSAT in 0.02s
    cube 3833.230.41 (depth 2, 28 lits): UNSAT in 0.06s
    cube 3833.230.42 (depth 2, 28 lits): UNSAT in 0.02s
    cube 3833.230.43 (depth 2, 28 lits): UNSAT in 0.51s
    cube 3833.230.44 (depth 2, 28 lits): UNSAT in 0.02s
    cube 3833.230.45 (depth 2, 28 lits): UNSAT in 0.03s
    cube 3833.230.46 (depth 2, 28 lits): UNSAT in 0.02s
    cube 3833.230.47 (depth 2, 28 lits): UNSAT in 0.02s
    cube 3833.230.48 (depth 2, 28 lits): UNSAT in 0.03s
    cube 3833.230.49 (depth 2, 28 lits): UNSAT in 0.04s
    cube 3833.230.50 (depth 2, 28 lits): UNSAT in 0.05s
    cube 3833.230.51 (depth 2, 28 lits): UNSAT in 0.45s
    cube 3833.230.52 (depth 2, 28 lits): UNSAT in 0.09s
    cube 3833.230.53 (depth 2, 28 lits): UNSAT in 0.09s
    cube 3833.230.54 (depth 2, 28 lits): UNSAT in 0.10s
    cube 3833.230.55 (depth 2, 28 lits): UNSAT in 0.27s
    cube 3833.230.56 (depth 2, 28 lits): UNSAT in 0.05s
    cube 3833.230.57 (depth 2, 28 lits): UNSAT in 0.08s
    cube 3833.230.58 (depth 2, 28 lits): UNSAT in 0.20s
    cube 3833.230.59 (depth 2, 28 lits): UNSAT in 0.45s
    cube 3833.230.60 (depth 2, 26 lits): UNSAT in 0.02s
    cube 3833.230.61 (depth 2, 27 lits): UNSAT in 0.02s
    cube 3833.230.62 (depth 2, 28 lits): UNSAT in 0.03s
    cube 3833.230.63 (depth 2, 28 lits): UNSAT in 0.04s
    cube 3833.230.64 (depth 2, 28 lits): UNSAT in 0.01s
    cube 3833.230.65 (depth 2, 28 lits): UNSAT in 0.02s
    cube 3833.230.66 (depth 2, 28 lits): UNSAT in 0.01s
    cube 3833.230.67 (depth 2, 28 lits): UNSAT in 0.02s
    cube 3833.230.68 (depth 2, 28 lits): UNSAT in 0.01s
    cube 3833.230.69 (depth 2, 28 lits): UNSAT in 0.02s
    cube 3833.230.70 (depth 2, 28 lits): UNSAT in 0.06s
    cube 3833.230.71 (depth 2, 28 lits): UNSAT in 0.09s
    cube 3833.230.72 (depth 2, 28 lits): UNSAT in 0.02s
    cube 3833.230.73 (depth 2, 28 lits): UNSAT in 0.02s
    cube 3833.230.74 (depth 2, 28 lits): UNSAT in 0.02s
    cube 3833.230.75 (depth 2, 28 lits): UNSAT in 0.02s
    cube 3833.230.76 (depth 2, 28 lits): UNSAT in 0.01s
    cube 3833.230.77 (depth 2, 28 lits): UNSAT in 0.01s
    cube 3833.230.78 (depth 2, 28 lits): UNSAT in 0.02s
    cube 3833.230.79 (depth 2, 28 lits): UNSAT in 0.08s
    cube 3833.230.80 (depth 2, 28 lits): UNSAT in 0.02s
    cube 3833.230.81 (depth 2, 28 lits): UNSAT in 0.03s
    cube 3833.230.82 (depth 2, 28 lits): UNSAT in 0.05s
    cube 3833.230.83 (depth 2, 28 lits): UNSAT in 0.09s
    cube 3833.230.84 (depth 2, 28 lits): UNSAT in 0.03s
    cube 3833.230.85 (depth 2, 28 lits): UNSAT in 0.06s
    cube 3833.230.86 (depth 2, 28 lits): UNSAT in 0.05s
    cube 3833.230.87 (depth 2, 28 lits): UNSAT in 0.11s
    cube 3833.230.88 (depth 2, 28 lits): UNSAT in 0.01s
    cube 3833.230.89 (depth 2, 28 lits): UNSAT in 0.02s
    cube 3833.230.90 (depth 2, 28 lits): UNSAT in 0.02s
    cube 3833.230.91 (depth 2, 28 lits): UNSAT in 0.03s
    cube 3833.230.92 (depth 2, 28 lits): UNSAT in 0.02s
    cube 3833.230.93 (depth 2, 28 lits): UNSAT in 0.02s
    cube 3833.230.94 (depth 2, 28 lits): UNSAT in 0.03s
    cube 3833.230.95 (depth 2, 28 lits): UNSAT in 0.17s
    cube 3833.230.96 (depth 2, 28 lits): UNSAT in 0.02s
    cube 3833.230.97 (depth 2, 28 lits): UNSAT in 0.02s
    cube 3833.230.98 (depth 2, 28 lits): UNSAT in 0.02s
    cube 3833.230.99 (depth 2, 28 lits): UNSAT in 0.05s
    cube 3833.230.100 (depth 2, 28 lits): UNSAT in 0.04s
    cube 3833.230.101 (depth 2, 28 lits): UNSAT in 0.08s
    cube 3833.230.102 (depth 2, 28 lits): UNSAT in 0.05s
    cube 3833.230.103 (depth 2, 28 lits): UNSAT in 0.14s
    cube 3833.230.104 (depth 2, 28 lits): UNSAT in 0.03s
    cube 3833.230.105 (depth 2, 28 lits): UNSAT in 0.04s
    cube 3833.230.106 (depth 2, 28 lits): UNSAT in 0.03s
    cube 3833.230.107 (depth 2, 28 lits): UNSAT in 0.06s
    cube 3833.230.108 (depth 2, 28 lits): UNSAT in 0.12s
    cube 3833.230.109 (depth 2, 28 lits): UNSAT in 0.09s
    cube 3833.230.110 (depth 2, 28 lits): UNSAT in 0.06s
    cube 3833.230.111 (depth 2, 28 lits): UNSAT in 0.09s
    cube 3833.230.112 (depth 2, 28 lits): UNSAT in 0.04s
    cube 3833.230.113 (depth 2, 28 lits): UNSAT in 0.09s
    cube 3833.230.114 (depth 2, 28 lits): UNSAT in 0.14s
    cube 3833.230.115 (depth 2, 28 lits): UNSAT in 0.47s
    cube 3833.230.116 (depth 2, 28 lits): UNSAT in 0.31s
    cube 3833.230.117 (depth 2, 28 lits): UNSAT in 0.81s
    cube 3833.230.118 (depth 2, 28 lits): UNSAT in 0.52s
    cube 3833.230.119 (depth 2, 28 lits): UNSAT in 3.44s
    cube 3833.230.120 (depth 2, 26 lits): UNSAT in 0.02s
    cube 3833.230.121 (depth 2, 27 lits): UNSAT in 0.02s
    cube 3833.230.122 (depth 2, 28 lits): UNSAT in 0.02s
    cube 3833.230.123 (depth 2, 28 lits): UNSAT in 0.01s
    cube 3833.230.124 (depth 2, 28 lits): UNSAT in 0.01s
    cube 3833.230.125 (depth 2, 28 lits): UNSAT in 0.02s
    cube 3833.230.126 (depth 2, 28 lits): UNSAT in 0.02s
    cube 3833.230.127 (depth 2, 28 lits): UNSAT in 0.02s
    cube 3833.230.128 (depth 2, 28 lits): UNSAT in 0.01s
    cube 3833.230.129 (depth 2, 28 lits): UNSAT in 0.02s
    cube 3833.230.130 (depth 2, 28 lits): UNSAT in 0.02s
    cube 3833.230.131 (depth 2, 28 lits): UNSAT in 0.05s
    cube 3833.230.132 (depth 2, 27 lits): UNSAT in 0.01s
    cube 3833.230.133 (depth 2, 28 lits): UNSAT in 0.02s
    cube 3833.230.134 (depth 2, 28 lits): UNSAT in 0.04s
    cube 3833.230.135 (depth 2, 28 lits): UNSAT in 0.03s
    cube 3833.230.136 (depth 2, 28 lits): UNSAT in 0.04s
    cube 3833.230.137 (depth 2, 28 lits): UNSAT in 0.06s
    cube 3833.230.138 (depth 2, 28 lits): UNSAT in 0.11s
    cube 3833.230.139 (depth 2, 28 lits): UNSAT in 0.01s
    cube 3833.230.140 (depth 2, 28 lits): UNSAT in 0.02s
    cube 3833.230.141 (depth 2, 28 lits): UNSAT in 0.08s
    cube 3833.230.142 (depth 2, 28 lits): UNSAT in 0.05s
    cube 3833.230.143 (depth 2, 28 lits): UNSAT in 0.02s
    cube 3833.230.144 (depth 2, 28 lits): UNSAT in 0.05s
    cube 3833.230.145 (depth 2, 28 lits): UNSAT in 0.23s
    cube 3833.230.146 (depth 2, 28 lits): UNSAT in 0.33s
    cube 3833.230.147 (depth 2, 28 lits): UNSAT in 0.02s
    cube 3833.230.148 (depth 2, 28 lits): UNSAT in 0.03s
    cube 3833.230.149 (depth 2, 28 lits): UNSAT in 0.03s
    cube 3833.230.150 (depth 2, 28 lits): UNSAT in 0.07s
    cube 3833.230.151 (depth 2, 28 lits): UNSAT in 0.04s
    cube 3833.230.152 (depth 2, 28 lits): UNSAT in 0.10s
    cube 3833.230.153 (depth 2, 28 lits): UNSAT in 0.03s
    cube 3833.230.154 (depth 2, 28 lits): UNSAT in 0.04s
    cube 3833.230.155 (depth 2, 28 lits): UNSAT in 0.03s
    cube 3833.230.156 (depth 2, 28 lits): UNSAT in 0.25s
    cube 3833.230.157 (depth 2, 28 lits): UNSAT in 0.06s
    cube 3833.230.158 (depth 2, 28 lits): UNSAT in 0.12s
    cube 3833.230.159 (depth 2, 28 lits): UNSAT in 0.03s
    cube 3833.230.160 (depth 2, 28 lits): UNSAT in 0.10s
    cube 3833.230.161 (depth 2, 28 lits): UNSAT in 0.08s
    cube 3833.230.162 (depth 2, 28 lits): UNSAT in 2.03s
    cube 3833.230.163 (depth 2, 28 lits): UNSAT in 0.03s
    cube 3833.230.164 (depth 2, 28 lits): UNSAT in 0.20s
    cube 3833.230.165 (depth 2, 28 lits): UNSAT in 0.04s
    cube 3833.230.166 (depth 2, 28 lits): UNSAT in 0.18s
    cube 3833.230.167 (depth 2, 28 lits): UNSAT in 0.15s
    cube 3833.230.168 (depth 2, 28 lits): UNSAT in 0.14s
    cube 3833.230.169 (depth 2, 28 lits): UNSAT in 0.34s
    cube 3833.230.170 (depth 2, 28 lits): UNSAT in 1.60s
    cube 3833.230.171 (depth 2, 28 lits): UNSAT in 0.04s
    cube 3833.230.172 (depth 2, 28 lits): UNSAT in 0.10s
    cube 3833.230.173 (depth 2, 28 lits): UNSAT in 0.11s
    cube 3833.230.174 (depth 2, 28 lits): UNSAT in 0.49s
    cube 3833.230.175 (depth 2, 28 lits): UNSAT in 0.48s
    cube 3833.230.176 (depth 2, 28 lits): UNSAT in 2.10s
    cube 3833.230.177 (depth 2, 28 lits): UNSAT in 1.67s
    cube 3833.230.178 (depth 2, 28 lits): UNSAT in 3.11s
    cube 3833.230.179 (depth 2, 27 lits): UNSAT in 0.02s
    cube 3833.230.180 (depth 2, 28 lits): UNSAT in 0.02s
    cube 3833.230.181 (depth 2, 28 lits): UNSAT in 0.02s
    cube 3833.230.182 (depth 2, 28 lits): UNSAT in 0.02s
    cube 3833.230.183 (depth 2, 28 lits): UNSAT in 0.04s
    cube 3833.230.184 (depth 2, 28 lits): UNSAT in 0.05s
    cube 3833.230.185 (depth 2, 28 lits): UNSAT in 0.10s
    cube 3833.230.186 (depth 2, 28 lits): UNSAT in 0.02s
    cube 3833.230.187 (depth 2, 28 lits): UNSAT in 0.03s
    cube 3833.230.188 (depth 2, 28 lits): UNSAT in 0.09s
    cube 3833.230.189 (depth 2, 28 lits): UNSAT in 0.11s
    cube 3833.230.190 (depth 2, 28 lits): UNSAT in 0.08s
    cube 3833.230.191 (depth 2, 28 lits): UNSAT in 0.11s
    cube 3833.230.192 (depth 2, 28 lits): UNSAT in 0.18s
    cube 3833.230.193 (depth 2, 28 lits): UNSAT in 0.75s
    cube 3833.230.194 (depth 2, 28 lits): UNSAT in 0.03s
    cube 3833.230.195 (depth 2, 28 lits): UNSAT in 0.24s
    cube 3833.230.196 (depth 2, 28 lits): UNSAT in 0.18s
    cube 3833.230.197 (depth 2, 28 lits): UNSAT in 0.55s
    cube 3833.230.198 (depth 2, 28 lits): UNSAT in 0.07s
    cube 3833.230.199 (depth 2, 28 lits): UNSAT in 0.13s
    cube 3833.230.200 (depth 2, 28 lits): UNSAT in 0.27s
    cube 3833.230.201 (depth 2, 28 lits): UNSAT in 1.14s
    cube 3833.230.202 (depth 2, 28 lits): UNSAT in 0.39s
    cube 3833.230.203 (depth 2, 28 lits): UNSAT in 0.54s
    cube 3833.230.204 (depth 2, 28 lits): UNSAT in 0.15s
    cube 3833.230.205 (depth 2, 28 lits): UNSAT in 1.07s
    cube 3833.230.206 (depth 2, 28 lits): UNSAT in 0.16s
    cube 3833.230.207 (depth 2, 28 lits): UNSAT in 1.50s
    cube 3833.230.208 (depth 2, 28 lits): UNSAT in 2.73s
    cube 3833.230.209 (depth 2, 28 lits): UNSAT in 19.62s
    cube 3833.230.210 (depth 2, 28 lits): UNSAT in 0.05s
    cube 3833.230.211 (depth 2, 28 lits): UNSAT in 0.13s
    cube 3833.230.212 (depth 2, 28 lits): UNSAT in 0.24s
    cube 3833.230.213 (depth 2, 28 lits): UNSAT in 0.25s
    cube 3833.230.214 (depth 2, 28 lits): UNSAT in 0.17s
    cube 3833.230.215 (depth 2, 28 lits): UNSAT in 0.18s
    cube 3833.230.216 (depth 2, 28 lits): UNSAT in 0.74s
    cube 3833.230.217 (depth 2, 28 lits): UNSAT in 9.40s
    cube 3833.230.218 (depth 2, 28 lits): UNSAT in 0.08s
    cube 3833.230.219 (depth 2, 28 lits): UNSAT in 0.76s
    cube 3833.230.220 (depth 2, 28 lits): UNSAT in 1.43s
    cube 3833.230.221 (depth 2, 28 lits): UNSAT in 1.19s
    cube 3833.230.222 (depth 2, 28 lits): UNSAT in 0.19s
    cube 3833.230.223 (depth 2, 28 lits): UNSAT in 1.06s
    cube 3833.230.224 (depth 2, 28 lits): UNSAT in 0.90s
    cube 3833.230.225 (depth 2, 28 lits): UNSAT in 6.35s
    cube 3833.230.226 (depth 2, 28 lits): UNSAT in 0.30s
    cube 3833.230.227 (depth 2, 28 lits): UNSAT in 3.47s
    cube 3833.230.228 (depth 2, 28 lits): UNSAT in 3.10s
    cube 3833.230.229 (depth 2, 28 lits): UNSAT in 7.61s
    cube 3833.230.230 (depth 2, 28 lits): UNSAT in 1.05s
    cube 3833.230.231 (depth 2, 28 lits): UNSAT in 10.08s
    cube 3833.230.232 (depth 2, 28 lits): UNSAT in 10.06s
    cube 3833.230.233 (depth 2, 28 lits): UNSAT in 71.54s
    cube 3833.230.234 (depth 2, 28 lits): UNSAT in 0.50s
    cube 3833.230.235 (depth 2, 28 lits): UNSAT in 4.74s
    cube 3833.230.236 (depth 2, 28 lits): UNSAT in 2.37s
    cube 3833.230.237 (depth 2, 28 lits): UNSAT in 91.98s
    cube 3833.230.238 (depth 2, 28 lits): UNSAT in 3.76s
    cube 3833.230.239 (depth 2, 28 lits): UNSAT in 22.55s
    cube 3833.230.240 (depth 2, 28 lits): UNSAT in 59.53s
    cube 3833.230.241 (depth 2, 28 lits): UNSAT in 645.81s
    cube 3833.231 (depth 1, 20 lits): UNSAT in 0.65s
    cube 3833.232 (depth 1, 20 lits): UNSAT in 3.03s
    cube 3833.233 (depth 1, 20 lits): UNSAT in 25.05s
    cube 3833.234 (depth 1, 20 lits): UNSAT in 271.68s
    cube 3833.235 (depth 1, 20 lits): UNSAT in 13.82s
    cube 3833.236 (depth 1, 20 lits): UNSAT in 1056.48s
    cube 3833.237 (depth 1, 20 lits): TIMEOUT in 1200.10s
    cube 3833.237 TIMEOUT -> re-split into 252 sub-cubes (depth 2)
    cube 3833.237.0 (depth 2, 27 lits): UNSAT in 0.01s
    cube 3833.237.1 (depth 2, 27 lits): UNSAT in 0.01s
    cube 3833.237.2 (depth 2, 27 lits): UNSAT in 0.02s
    cube 3833.237.3 (depth 2, 28 lits): UNSAT in 0.02s
    cube 3833.237.4 (depth 2, 28 lits): UNSAT in 0.02s
    cube 3833.237.5 (depth 2, 28 lits): UNSAT in 0.01s
    cube 3833.237.6 (depth 2, 28 lits): UNSAT in 0.02s
    cube 3833.237.7 (depth 2, 28 lits): UNSAT in 0.01s
    cube 3833.237.8 (depth 2, 28 lits): UNSAT in 0.03s
    cube 3833.237.9 (depth 2, 28 lits): UNSAT in 0.04s
    cube 3833.237.10 (depth 2, 28 lits): UNSAT in 0.10s
    cube 3833.237.11 (depth 2, 28 lits): UNSAT in 0.03s
    cube 3833.237.12 (depth 2, 28 lits): UNSAT in 0.16s
    cube 3833.237.13 (depth 2, 28 lits): UNSAT in 0.01s
    cube 3833.237.14 (depth 2, 28 lits): UNSAT in 0.02s
    cube 3833.237.15 (depth 2, 28 lits): UNSAT in 0.02s
    cube 3833.237.16 (depth 2, 28 lits): UNSAT in 0.06s
    cube 3833.237.17 (depth 2, 28 lits): UNSAT in 0.05s
    cube 3833.237.18 (depth 2, 28 lits): UNSAT in 0.07s
    cube 3833.237.19 (depth 2, 28 lits): UNSAT in 0.06s
    cube 3833.237.20 (depth 2, 28 lits): UNSAT in 0.12s
    cube 3833.237.21 (depth 2, 28 lits): UNSAT in 0.01s
    cube 3833.237.22 (depth 2, 28 lits): UNSAT in 0.06s
    cube 3833.237.23 (depth 2, 28 lits): UNSAT in 0.07s
    cube 3833.237.24 (depth 2, 28 lits): UNSAT in 0.08s
    cube 3833.237.25 (depth 2, 28 lits): UNSAT in 0.03s
    cube 3833.237.26 (depth 2, 28 lits): UNSAT in 0.08s
    cube 3833.237.27 (depth 2, 28 lits): UNSAT in 0.10s
    cube 3833.237.28 (depth 2, 28 lits): UNSAT in 0.26s
    cube 3833.237.29 (depth 2, 27 lits): UNSAT in 0.01s
    cube 3833.237.30 (depth 2, 28 lits): UNSAT in 0.02s
    cube 3833.237.31 (depth 2, 28 lits): UNSAT in 0.04s
    cube 3833.237.32 (depth 2, 28 lits): UNSAT in 0.02s
    cube 3833.237.33 (depth 2, 28 lits): UNSAT in 0.03s
    cube 3833.237.34 (depth 2, 28 lits): UNSAT in 0.03s
    cube 3833.237.35 (depth 2, 28 lits): UNSAT in 0.28s
    cube 3833.237.36 (depth 2, 28 lits): UNSAT in 0.06s
    cube 3833.237.37 (depth 2, 28 lits): UNSAT in 0.09s
    cube 3833.237.38 (depth 2, 28 lits): UNSAT in 0.09s
    cube 3833.237.39 (depth 2, 28 lits): UNSAT in 0.18s
    cube 3833.237.40 (depth 2, 28 lits): UNSAT in 0.17s
    cube 3833.237.41 (depth 2, 28 lits): UNSAT in 0.19s
    cube 3833.237.42 (depth 2, 28 lits): UNSAT in 0.19s
    cube 3833.237.43 (depth 2, 28 lits): UNSAT in 0.48s
    cube 3833.237.44 (depth 2, 28 lits): UNSAT in 0.02s
    cube 3833.237.45 (depth 2, 28 lits): UNSAT in 0.03s
    cube 3833.237.46 (depth 2, 28 lits): UNSAT in 0.03s
    cube 3833.237.47 (depth 2, 28 lits): UNSAT in 0.16s
    cube 3833.237.48 (depth 2, 28 lits): UNSAT in 0.14s
    cube 3833.237.49 (depth 2, 28 lits): UNSAT in 0.23s
    cube 3833.237.50 (depth 2, 28 lits): UNSAT in 0.16s
    cube 3833.237.51 (depth 2, 28 lits): UNSAT in 0.54s
    cube 3833.237.52 (depth 2, 28 lits): UNSAT in 0.12s
    cube 3833.237.53 (depth 2, 28 lits): UNSAT in 0.16s
    cube 3833.237.54 (depth 2, 28 lits): UNSAT in 0.20s
    cube 3833.237.55 (depth 2, 28 lits): UNSAT in 0.70s
    cube 3833.237.56 (depth 2, 28 lits): UNSAT in 0.09s
    cube 3833.237.57 (depth 2, 28 lits): UNSAT in 0.24s
    cube 3833.237.58 (depth 2, 28 lits): UNSAT in 0.28s
    cube 3833.237.59 (depth 2, 28 lits): UNSAT in 0.54s
    cube 3833.237.60 (depth 2, 28 lits): UNSAT in 0.01s
    cube 3833.237.61 (depth 2, 28 lits): UNSAT in 0.01s
    cube 3833.237.62 (depth 2, 28 lits): UNSAT in 0.01s
    cube 3833.237.63 (depth 2, 28 lits): UNSAT in 0.03s
    cube 3833.237.64 (depth 2, 28 lits): UNSAT in 0.02s
    cube 3833.237.65 (depth 2, 28 lits): UNSAT in 0.01s
    cube 3833.237.66 (depth 2, 28 lits): UNSAT in 0.02s
    cube 3833.237.67 (depth 2, 28 lits): UNSAT in 0.06s
    cube 3833.237.68 (depth 2, 28 lits): UNSAT in 0.02s
    cube 3833.237.69 (depth 2, 28 lits): UNSAT in 0.01s
    cube 3833.237.70 (depth 2, 28 lits): UNSAT in 0.03s
    cube 3833.237.71 (depth 2, 28 lits): UNSAT in 0.05s
    cube 3833.237.72 (depth 2, 28 lits): UNSAT in 0.02s
    cube 3833.237.73 (depth 2, 28 lits): UNSAT in 0.02s
    cube 3833.237.74 (depth 2, 28 lits): UNSAT in 0.05s
    cube 3833.237.75 (depth 2, 28 lits): UNSAT in 0.31s
    cube 3833.237.76 (depth 2, 28 lits): UNSAT in 0.01s
    cube 3833.237.77 (depth 2, 28 lits): UNSAT in 0.03s
    cube 3833.237.78 (depth 2, 28 lits): UNSAT in 0.03s
    cube 3833.237.79 (depth 2, 28 lits): UNSAT in 0.05s
    cube 3833.237.80 (depth 2, 28 lits): UNSAT in 0.03s
    cube 3833.237.81 (depth 2, 28 lits): UNSAT in 0.02s
    cube 3833.237.82 (depth 2, 28 lits): UNSAT in 0.08s
    cube 3833.237.83 (depth 2, 28 lits): UNSAT in 0.07s
    cube 3833.237.84 (depth 2, 28 lits): UNSAT in 0.03s
    cube 3833.237.85 (depth 2, 28 lits): UNSAT in 0.18s
    cube 3833.237.86 (depth 2, 28 lits): UNSAT in 0.06s
    cube 3833.237.87 (depth 2, 28 lits): UNSAT in 0.33s
    cube 3833.237.88 (depth 2, 28 lits): UNSAT in 0.20s
    cube 3833.237.89 (depth 2, 28 lits): UNSAT in 0.34s
    cube 3833.237.90 (depth 2, 28 lits): UNSAT in 0.48s
    cube 3833.237.91 (depth 2, 28 lits): UNSAT in 2.27s
    cube 3833.237.92 (depth 2, 28 lits): UNSAT in 0.02s
    cube 3833.237.93 (depth 2, 28 lits): UNSAT in 0.03s
    cube 3833.237.94 (depth 2, 28 lits): UNSAT in 0.02s
    cube 3833.237.95 (depth 2, 28 lits): UNSAT in 0.06s
    cube 3833.237.96 (depth 2, 28 lits): UNSAT in 0.05s
    cube 3833.237.97 (depth 2, 28 lits): UNSAT in 0.09s
    cube 3833.237.98 (depth 2, 28 lits): UNSAT in 0.05s
    cube 3833.237.99 (depth 2, 28 lits): UNSAT in 0.21s
    cube 3833.237.100 (depth 2, 28 lits): UNSAT in 0.03s
    cube 3833.237.101 (depth 2, 28 lits): UNSAT in 0.06s
    cube 3833.237.102 (depth 2, 28 lits): UNSAT in 0.08s
    cube 3833.237.103 (depth 2, 28 lits): UNSAT in 0.25s
    cube 3833.237.104 (depth 2, 28 lits): UNSAT in 0.09s
    cube 3833.237.105 (depth 2, 28 lits): UNSAT in 0.26s
    cube 3833.237.106 (depth 2, 28 lits): UNSAT in 0.40s
    cube 3833.237.107 (depth 2, 28 lits): UNSAT in 1.95s
    cube 3833.237.108 (depth 2, 28 lits): UNSAT in 0.02s
    cube 3833.237.109 (depth 2, 28 lits): UNSAT in 0.17s
    cube 3833.237.110 (depth 2, 28 lits): UNSAT in 0.35s
    cube 3833.237.111 (depth 2, 28 lits): UNSAT in 0.56s
    cube 3833.237.112 (depth 2, 28 lits): UNSAT in 0.10s
    cube 3833.237.113 (depth 2, 28 lits): UNSAT in 0.38s
    cube 3833.237.114 (depth 2, 28 lits): UNSAT in 0.22s
    cube 3833.237.115 (depth 2, 28 lits): UNSAT in 1.35s
    cube 3833.237.116 (depth 2, 28 lits): UNSAT in 0.10s
    cube 3833.237.117 (depth 2, 28 lits): UNSAT in 0.34s
    cube 3833.237.118 (depth 2, 28 lits): UNSAT in 0.94s
    cube 3833.237.119 (depth 2, 28 lits): UNSAT in 2.72s
    cube 3833.237.120 (depth 2, 28 lits): UNSAT in 0.57s
    cube 3833.237.121 (depth 2, 28 lits): UNSAT in 1.13s
    cube 3833.237.122 (depth 2, 28 lits): UNSAT in 3.60s
    cube 3833.237.123 (depth 2, 28 lits): UNSAT in 11.13s
    cube 3833.237.124 (depth 2, 28 lits): UNSAT in 0.01s
    cube 3833.237.125 (depth 2, 28 lits): UNSAT in 0.01s
    cube 3833.237.126 (depth 2, 28 lits): UNSAT in 0.01s
    cube 3833.237.127 (depth 2, 28 lits): UNSAT in 0.02s
    cube 3833.237.128 (depth 2, 28 lits): UNSAT in 0.01s
    cube 3833.237.129 (depth 2, 28 lits): UNSAT in 0.05s
    cube 3833.237.130 (depth 2, 28 lits): UNSAT in 0.09s
    cube 3833.237.131 (depth 2, 28 lits): UNSAT in 0.30s
    cube 3833.237.132 (depth 2, 28 lits): UNSAT in 0.06s
    cube 3833.237.133 (depth 2, 28 lits): UNSAT in 0.07s
    cube 3833.237.134 (depth 2, 28 lits): UNSAT in 0.04s
    cube 3833.237.135 (depth 2, 28 lits): UNSAT in 0.17s
    cube 3833.237.136 (depth 2, 28 lits): UNSAT in 0.22s
    cube 3833.237.137 (depth 2, 28 lits): UNSAT in 0.31s
    cube 3833.237.138 (depth 2, 28 lits): UNSAT in 0.67s
    cube 3833.237.139 (depth 2, 28 lits): UNSAT in 1.32s
    cube 3833.237.140 (depth 2, 28 lits): UNSAT in 0.02s
    cube 3833.237.141 (depth 2, 28 lits): UNSAT in 0.03s
    cube 3833.237.142 (depth 2, 28 lits): UNSAT in 0.02s
    cube 3833.237.143 (depth 2, 28 lits): UNSAT in 0.08s
    cube 3833.237.144 (depth 2, 28 lits): UNSAT in 0.02s
    cube 3833.237.145 (depth 2, 28 lits): UNSAT in 0.02s
    cube 3833.237.146 (depth 2, 28 lits): UNSAT in 0.04s
    cube 3833.237.147 (depth 2, 28 lits): UNSAT in 0.36s
    cube 3833.237.148 (depth 2, 28 lits): UNSAT in 0.03s
    cube 3833.237.149 (depth 2, 28 lits): UNSAT in 0.09s
    cube 3833.237.150 (depth 2, 28 lits): UNSAT in 0.22s
    cube 3833.237.151 (depth 2, 28 lits): UNSAT in 0.60s
    cube 3833.237.152 (depth 2, 28 lits): UNSAT in 0.37s
    cube 3833.237.153 (depth 2, 28 lits): UNSAT in 0.43s
    cube 3833.237.154 (depth 2, 28 lits): UNSAT in 0.17s
    cube 3833.237.155 (depth 2, 28 lits): UNSAT in 2.69s
    cube 3833.237.156 (depth 2, 28 lits): UNSAT in 0.09s
    cube 3833.237.157 (depth 2, 28 lits): UNSAT in 0.13s
    cube 3833.237.158 (depth 2, 28 lits): UNSAT in 0.12s
    cube 3833.237.159 (depth 2, 28 lits): UNSAT in 0.31s
    cube 3833.237.160 (depth 2, 28 lits): UNSAT in 0.08s
    cube 3833.237.161 (depth 2, 28 lits): UNSAT in 0.23s
    cube 3833.237.162 (depth 2, 28 lits): UNSAT in 0.38s
    cube 3833.237.163 (depth 2, 28 lits): UNSAT in 1.00s
    cube 3833.237.164 (depth 2, 28 lits): UNSAT in 0.19s
    cube 3833.237.165 (depth 2, 28 lits): UNSAT in 0.19s
    cube 3833.237.166 (depth 2, 28 lits): UNSAT in 0.30s
    cube 3833.237.167 (depth 2, 28 lits): UNSAT in 0.90s
    cube 3833.237.168 (depth 2, 28 lits): UNSAT in 0.17s
    cube 3833.237.169 (depth 2, 28 lits): UNSAT in 1.39s
    cube 3833.237.170 (depth 2, 28 lits): UNSAT in 0.51s
    cube 3833.237.171 (depth 2, 28 lits): UNSAT in 3.53s
    cube 3833.237.172 (depth 2, 28 lits): UNSAT in 0.07s
    cube 3833.237.173 (depth 2, 28 lits): UNSAT in 0.33s
    cube 3833.237.174 (depth 2, 28 lits): UNSAT in 0.35s
    cube 3833.237.175 (depth 2, 28 lits): UNSAT in 0.55s
    cube 3833.237.176 (depth 2, 28 lits): UNSAT in 0.07s
    cube 3833.237.177 (depth 2, 28 lits): UNSAT in 0.42s
    cube 3833.237.178 (depth 2, 28 lits): UNSAT in 1.46s
    cube 3833.237.179 (depth 2, 28 lits): UNSAT in 2.16s
    cube 3833.237.180 (depth 2, 28 lits): UNSAT in 0.11s
    cube 3833.237.181 (depth 2, 28 lits): UNSAT in 0.33s
    cube 3833.237.182 (depth 2, 28 lits): UNSAT in 1.21s
    cube 3833.237.183 (depth 2, 28 lits): UNSAT in 4.32s
    cube 3833.237.184 (depth 2, 28 lits): UNSAT in 0.90s
    cube 3833.237.185 (depth 2, 28 lits): UNSAT in 4.74s
    cube 3833.237.186 (depth 2, 28 lits): UNSAT in 3.55s
    cube 3833.237.187 (depth 2, 28 lits): UNSAT in 21.43s
    cube 3833.237.188 (depth 2, 28 lits): UNSAT in 0.03s
    cube 3833.237.189 (depth 2, 28 lits): UNSAT in 0.03s
    cube 3833.237.190 (depth 2, 28 lits): UNSAT in 0.02s
    cube 3833.237.191 (depth 2, 28 lits): UNSAT in 0.08s
    cube 3833.237.192 (depth 2, 28 lits): UNSAT in 0.02s
    cube 3833.237.193 (depth 2, 28 lits): UNSAT in 0.04s
    cube 3833.237.194 (depth 2, 28 lits): UNSAT in 0.06s
    cube 3833.237.195 (depth 2, 28 lits): UNSAT in 0.16s
    cube 3833.237.196 (depth 2, 28 lits): UNSAT in 0.02s
    cube 3833.237.197 (depth 2, 28 lits): UNSAT in 0.04s
    cube 3833.237.198 (depth 2, 28 lits): UNSAT in 0.02s
    cube 3833.237.199 (depth 2, 28 lits): UNSAT in 0.14s
    cube 3833.237.200 (depth 2, 28 lits): UNSAT in 0.05s
    cube 3833.237.201 (depth 2, 28 lits): UNSAT in 0.37s
    cube 3833.237.202 (depth 2, 28 lits): UNSAT in 0.14s
    cube 3833.237.203 (depth 2, 28 lits): UNSAT in 3.06s
    cube 3833.237.204 (depth 2, 28 lits): UNSAT in 0.03s
    cube 3833.237.205 (depth 2, 28 lits): UNSAT in 0.12s
    cube 3833.237.206 (depth 2, 28 lits): UNSAT in 0.27s
    cube 3833.237.207 (depth 2, 28 lits): UNSAT in 0.29s
    cube 3833.237.208 (depth 2, 28 lits): UNSAT in 0.05s
    cube 3833.237.209 (depth 2, 28 lits): UNSAT in 0.25s
    cube 3833.237.210 (depth 2, 28 lits): UNSAT in 0.44s
    cube 3833.237.211 (depth 2, 28 lits): UNSAT in 2.17s
    cube 3833.237.212 (depth 2, 28 lits): UNSAT in 0.09s
    cube 3833.237.213 (depth 2, 28 lits): UNSAT in 0.17s
    cube 3833.237.214 (depth 2, 28 lits): UNSAT in 0.62s
    cube 3833.237.215 (depth 2, 28 lits): UNSAT in 3.08s
    cube 3833.237.216 (depth 2, 28 lits): UNSAT in 0.70s
    cube 3833.237.217 (depth 2, 28 lits): UNSAT in 2.03s
    cube 3833.237.218 (depth 2, 28 lits): UNSAT in 2.09s
    cube 3833.237.219 (depth 2, 28 lits): UNSAT in 2.64s
    cube 3833.237.220 (depth 2, 28 lits): UNSAT in 0.04s
    cube 3833.237.221 (depth 2, 28 lits): UNSAT in 0.09s
    cube 3833.237.222 (depth 2, 28 lits): UNSAT in 0.07s
    cube 3833.237.223 (depth 2, 28 lits): UNSAT in 0.48s
    cube 3833.237.224 (depth 2, 28 lits): UNSAT in 0.12s
    cube 3833.237.225 (depth 2, 28 lits): UNSAT in 0.20s
    cube 3833.237.226 (depth 2, 28 lits): UNSAT in 0.68s
    cube 3833.237.227 (depth 2, 28 lits): UNSAT in 1.39s
    cube 3833.237.228 (depth 2, 28 lits): UNSAT in 0.10s
    cube 3833.237.229 (depth 2, 28 lits): UNSAT in 0.28s
    cube 3833.237.230 (depth 2, 28 lits): UNSAT in 0.20s
    cube 3833.237.231 (depth 2, 28 lits): UNSAT in 0.35s
    cube 3833.237.232 (depth 2, 28 lits): UNSAT in 0.67s
    cube 3833.237.233 (depth 2, 28 lits): UNSAT in 2.39s
    cube 3833.237.234 (depth 2, 28 lits): UNSAT in 3.59s
    cube 3833.237.235 (depth 2, 28 lits): UNSAT in 11.55s
    cube 3833.237.236 (depth 2, 28 lits): UNSAT in 0.11s
    cube 3833.237.237 (depth 2, 28 lits): UNSAT in 1.21s
    cube 3833.237.238 (depth 2, 28 lits): UNSAT in 0.47s
    cube 3833.237.239 (depth 2, 28 lits): UNSAT in 6.31s
    cube 3833.237.240 (depth 2, 28 lits): UNSAT in 0.46s
    cube 3833.237.241 (depth 2, 28 lits): UNSAT in 3.76s
    cube 3833.237.242 (depth 2, 28 lits): UNSAT in 4.78s
    cube 3833.237.243 (depth 2, 28 lits): UNSAT in 39.55s
    cube 3833.237.244 (depth 2, 28 lits): UNSAT in 1.55s
    cube 3833.237.245 (depth 2, 28 lits): UNSAT in 7.18s
    cube 3833.237.246 (depth 2, 28 lits): UNSAT in 7.04s
    cube 3833.237.247 (depth 2, 28 lits): UNSAT in 87.41s
    cube 3833.237.248 (depth 2, 28 lits): UNSAT in 8.53s
    cube 3833.237.249 (depth 2, 28 lits): UNSAT in 140.82s
    cube 3833.237.250 (depth 2, 28 lits): UNSAT in 15.77s
    cube 3833.237.251 (depth 2, 28 lits): UNSAT in 289.08s
    cube 3833.238 (depth 1, 20 lits): TIMEOUT in 1200.06s
    cube 3833.238 TIMEOUT -> re-split into 254 sub-cubes (depth 2)
    cube 3833.238.0 (depth 2, 27 lits): UNSAT in 0.01s
    cube 3833.238.1 (depth 2, 28 lits): UNSAT in 0.01s
    cube 3833.238.2 (depth 2, 28 lits): UNSAT in 0.01s
    cube 3833.238.3 (depth 2, 28 lits): UNSAT in 0.01s
    cube 3833.238.4 (depth 2, 28 lits): UNSAT in 0.02s
    cube 3833.238.5 (depth 2, 28 lits): UNSAT in 0.01s
    cube 3833.238.6 (depth 2, 28 lits): UNSAT in 0.02s
    cube 3833.238.7 (depth 2, 28 lits): UNSAT in 0.01s
    cube 3833.238.8 (depth 2, 28 lits): UNSAT in 0.01s
    cube 3833.238.9 (depth 2, 28 lits): UNSAT in 0.01s
    cube 3833.238.10 (depth 2, 28 lits): UNSAT in 0.03s
    cube 3833.238.11 (depth 2, 28 lits): UNSAT in 0.01s
    cube 3833.238.12 (depth 2, 28 lits): UNSAT in 0.03s
    cube 3833.238.13 (depth 2, 28 lits): UNSAT in 0.02s
    cube 3833.238.14 (depth 2, 28 lits): UNSAT in 0.02s
    cube 3833.238.15 (depth 2, 28 lits): UNSAT in 0.01s
    cube 3833.238.16 (depth 2, 28 lits): UNSAT in 0.01s
    cube 3833.238.17 (depth 2, 28 lits): UNSAT in 0.02s
    cube 3833.238.18 (depth 2, 28 lits): UNSAT in 0.02s
    cube 3833.238.19 (depth 2, 28 lits): UNSAT in 0.01s
    cube 3833.238.20 (depth 2, 28 lits): UNSAT in 0.03s
    cube 3833.238.21 (depth 2, 28 lits): UNSAT in 0.02s
    cube 3833.238.22 (depth 2, 28 lits): UNSAT in 0.01s
    cube 3833.238.23 (depth 2, 27 lits): UNSAT in 0.01s
    cube 3833.238.24 (depth 2, 28 lits): UNSAT in 0.01s
    cube 3833.238.25 (depth 2, 28 lits): UNSAT in 0.02s
    cube 3833.238.26 (depth 2, 28 lits): UNSAT in 0.01s
    cube 3833.238.27 (depth 2, 28 lits): UNSAT in 0.02s
    cube 3833.238.28 (depth 2, 28 lits): UNSAT in 0.03s
    cube 3833.238.29 (depth 2, 28 lits): UNSAT in 0.07s
    cube 3833.238.30 (depth 2, 28 lits): UNSAT in 0.02s
    cube 3833.238.31 (depth 2, 28 lits): UNSAT in 0.02s
    cube 3833.238.32 (depth 2, 28 lits): UNSAT in 0.04s
    cube 3833.238.33 (depth 2, 28 lits): UNSAT in 0.09s
    cube 3833.238.34 (depth 2, 28 lits): UNSAT in 0.03s
    cube 3833.238.35 (depth 2, 28 lits): UNSAT in 0.09s
    cube 3833.238.36 (depth 2, 28 lits): UNSAT in 0.08s
    cube 3833.238.37 (depth 2, 28 lits): UNSAT in 0.30s
    cube 3833.238.38 (depth 2, 28 lits): UNSAT in 0.02s
    cube 3833.238.39 (depth 2, 28 lits): UNSAT in 0.08s
    cube 3833.238.40 (depth 2, 28 lits): UNSAT in 0.12s
    cube 3833.238.41 (depth 2, 28 lits): UNSAT in 0.19s
    cube 3833.238.42 (depth 2, 28 lits): UNSAT in 0.17s
    cube 3833.238.43 (depth 2, 28 lits): UNSAT in 0.52s
    cube 3833.238.44 (depth 2, 28 lits): UNSAT in 0.24s
    cube 3833.238.45 (depth 2, 28 lits): UNSAT in 1.30s
    cube 3833.238.46 (depth 2, 28 lits): UNSAT in 0.03s
    cube 3833.238.47 (depth 2, 28 lits): UNSAT in 0.12s
    cube 3833.238.48 (depth 2, 28 lits): UNSAT in 0.17s
    cube 3833.238.49 (depth 2, 28 lits): UNSAT in 0.28s
    cube 3833.238.50 (depth 2, 28 lits): UNSAT in 0.02s
    cube 3833.238.51 (depth 2, 28 lits): UNSAT in 0.06s
    cube 3833.238.52 (depth 2, 28 lits): UNSAT in 0.25s
    cube 3833.238.53 (depth 2, 28 lits): UNSAT in 1.65s
    cube 3833.238.54 (depth 2, 28 lits): UNSAT in 0.06s
    cube 3833.238.55 (depth 2, 28 lits): UNSAT in 0.11s
    cube 3833.238.56 (depth 2, 28 lits): UNSAT in 0.10s
    cube 3833.238.57 (depth 2, 28 lits): UNSAT in 0.89s
    cube 3833.238.58 (depth 2, 28 lits): UNSAT in 0.26s
    cube 3833.238.59 (depth 2, 28 lits): UNSAT in 1.65s
    cube 3833.238.60 (depth 2, 28 lits): UNSAT in 3.77s
    cube 3833.238.61 (depth 2, 28 lits): UNSAT in 18.84s
    cube 3833.238.62 (depth 2, 28 lits): UNSAT in 0.02s
    cube 3833.238.63 (depth 2, 28 lits): UNSAT in 0.03s
    cube 3833.238.64 (depth 2, 28 lits): UNSAT in 0.03s
    cube 3833.238.65 (depth 2, 28 lits): UNSAT in 0.07s
    cube 3833.238.66 (depth 2, 28 lits): UNSAT in 0.02s
    cube 3833.238.67 (depth 2, 28 lits): UNSAT in 0.11s
    cube 3833.238.68 (depth 2, 28 lits): UNSAT in 0.07s
    cube 3833.238.69 (depth 2, 28 lits): UNSAT in 0.38s
    cube 3833.238.70 (depth 2, 28 lits): UNSAT in 0.02s
    cube 3833.238.71 (depth 2, 28 lits): UNSAT in 0.12s
    cube 3833.238.72 (depth 2, 28 lits): UNSAT in 0.16s
    cube 3833.238.73 (depth 2, 28 lits): UNSAT in 0.66s
    cube 3833.238.74 (depth 2, 28 lits): UNSAT in 0.16s
    cube 3833.238.75 (depth 2, 28 lits): UNSAT in 0.53s
    cube 3833.238.76 (depth 2, 28 lits): UNSAT in 0.48s
    cube 3833.238.77 (depth 2, 28 lits): UNSAT in 2.31s
    cube 3833.238.78 (depth 2, 28 lits): UNSAT in 0.02s
    cube 3833.238.79 (depth 2, 28 lits): UNSAT in 0.03s
    cube 3833.238.80 (depth 2, 28 lits): UNSAT in 0.06s
    cube 3833.238.81 (depth 2, 28 lits): UNSAT in 0.70s
    cube 3833.238.82 (depth 2, 28 lits): UNSAT in 0.07s
    cube 3833.238.83 (depth 2, 28 lits): UNSAT in 0.73s
    cube 3833.238.84 (depth 2, 28 lits): UNSAT in 0.44s
    cube 3833.238.85 (depth 2, 28 lits): UNSAT in 2.68s
    cube 3833.238.86 (depth 2, 28 lits): UNSAT in 0.03s
    cube 3833.238.87 (depth 2, 28 lits): UNSAT in 0.16s
    cube 3833.238.88 (depth 2, 28 lits): UNSAT in 0.23s
    cube 3833.238.89 (depth 2, 28 lits): UNSAT in 1.45s
    cube 3833.238.90 (depth 2, 28 lits): UNSAT in 0.95s
    cube 3833.238.91 (depth 2, 28 lits): UNSAT in 2.41s
    cube 3833.238.92 (depth 2, 28 lits): UNSAT in 2.96s
    cube 3833.238.93 (depth 2, 28 lits): UNSAT in 13.06s
    cube 3833.238.94 (depth 2, 28 lits): UNSAT in 0.03s
    cube 3833.238.95 (depth 2, 28 lits): UNSAT in 0.05s
    cube 3833.238.96 (depth 2, 28 lits): UNSAT in 0.03s
    cube 3833.238.97 (depth 2, 28 lits): UNSAT in 0.16s
    cube 3833.238.98 (depth 2, 28 lits): UNSAT in 0.05s
    cube 3833.238.99 (depth 2, 28 lits): UNSAT in 0.15s
    cube 3833.238.100 (depth 2, 28 lits): UNSAT in 0.03s
    cube 3833.238.101 (depth 2, 28 lits): UNSAT in 0.50s
    cube 3833.238.102 (depth 2, 28 lits): UNSAT in 0.20s
    cube 3833.238.103 (depth 2, 28 lits): UNSAT in 0.39s
    cube 3833.238.104 (depth 2, 28 lits): UNSAT in 0.27s
    cube 3833.238.105 (depth 2, 28 lits): UNSAT in 1.35s
    cube 3833.238.106 (depth 2, 28 lits): UNSAT in 0.26s
    cube 3833.238.107 (depth 2, 28 lits): UNSAT in 0.84s
    cube 3833.238.108 (depth 2, 28 lits): UNSAT in 2.85s
    cube 3833.238.109 (depth 2, 28 lits): UNSAT in 27.84s
    cube 3833.238.110 (depth 2, 28 lits): UNSAT in 0.06s
    cube 3833.238.111 (depth 2, 28 lits): UNSAT in 0.12s
    cube 3833.238.112 (depth 2, 28 lits): UNSAT in 0.23s
    cube 3833.238.113 (depth 2, 28 lits): UNSAT in 0.70s
    cube 3833.238.114 (depth 2, 28 lits): UNSAT in 0.50s
    cube 3833.238.115 (depth 2, 28 lits): UNSAT in 3.23s
    cube 3833.238.116 (depth 2, 28 lits): UNSAT in 0.71s
    cube 3833.238.117 (depth 2, 28 lits): UNSAT in 40.14s
    cube 3833.238.118 (depth 2, 28 lits): UNSAT in 0.52s
    cube 3833.238.119 (depth 2, 28 lits): UNSAT in 1.96s
    cube 3833.238.120 (depth 2, 28 lits): UNSAT in 5.02s
    cube 3833.238.121 (depth 2, 28 lits): UNSAT in 79.88s
    cube 3833.238.122 (depth 2, 28 lits): UNSAT in 10.39s
    cube 3833.238.123 (depth 2, 28 lits): UNSAT in 116.64s
    cube 3833.238.124 (depth 2, 28 lits): UNSAT in 18.77s
    cube 3833.238.125 (depth 2, 28 lits): UNSAT in 233.50s
    cube 3833.238.126 (depth 2, 28 lits): UNSAT in 0.02s
    cube 3833.238.127 (depth 2, 28 lits): UNSAT in 0.03s
    cube 3833.238.128 (depth 2, 28 lits): UNSAT in 0.04s
    cube 3833.238.129 (depth 2, 28 lits): UNSAT in 0.21s
    cube 3833.238.130 (depth 2, 28 lits): UNSAT in 0.05s
    cube 3833.238.131 (depth 2, 28 lits): UNSAT in 0.29s
    cube 3833.238.132 (depth 2, 28 lits): UNSAT in 0.16s
    cube 3833.238.133 (depth 2, 28 lits): UNSAT in 0.61s
    cube 3833.238.134 (depth 2, 28 lits): UNSAT in 0.08s
    cube 3833.238.135 (depth 2, 28 lits): UNSAT in 0.19s
    cube 3833.238.136 (depth 2, 28 lits): UNSAT in 0.14s
    cube 3833.238.137 (depth 2, 28 lits): UNSAT in 0.61s
    cube 3833.238.138 (depth 2, 28 lits): UNSAT in 0.21s
    cube 3833.238.139 (depth 2, 28 lits): UNSAT in 0.61s
    cube 3833.238.140 (depth 2, 28 lits): UNSAT in 0.26s
    cube 3833.238.141 (depth 2, 28 lits): UNSAT in 1.75s
    cube 3833.238.142 (depth 2, 28 lits): UNSAT in 0.08s
    cube 3833.238.143 (depth 2, 28 lits): UNSAT in 0.19s
    cube 3833.238.144 (depth 2, 28 lits): UNSAT in 0.05s
    cube 3833.238.145 (depth 2, 28 lits): UNSAT in 0.46s
    cube 3833.238.146 (depth 2, 28 lits): UNSAT in 0.08s
    cube 3833.238.147 (depth 2, 28 lits): UNSAT in 0.11s
    cube 3833.238.148 (depth 2, 28 lits): UNSAT in 0.16s
    cube 3833.238.149 (depth 2, 28 lits): UNSAT in 1.05s
    cube 3833.238.150 (depth 2, 28 lits): UNSAT in 0.05s
    cube 3833.238.151 (depth 2, 28 lits): UNSAT in 0.21s
    cube 3833.238.152 (depth 2, 28 lits): UNSAT in 0.49s
    cube 3833.238.153 (depth 2, 28 lits): UNSAT in 1.33s
    cube 3833.238.154 (depth 2, 28 lits): UNSAT in 0.98s
    cube 3833.238.155 (depth 2, 28 lits): UNSAT in 8.60s
    cube 3833.238.156 (depth 2, 28 lits): UNSAT in 1.17s
    cube 3833.238.157 (depth 2, 28 lits): UNSAT in 41.60s
    cube 3833.238.158 (depth 2, 28 lits): UNSAT in 0.03s
    cube 3833.238.159 (depth 2, 28 lits): UNSAT in 0.04s
    cube 3833.238.160 (depth 2, 28 lits): UNSAT in 0.09s
    cube 3833.238.161 (depth 2, 28 lits): UNSAT in 0.21s
    cube 3833.238.162 (depth 2, 28 lits): UNSAT in 0.06s
    cube 3833.238.163 (depth 2, 28 lits): UNSAT in 0.62s
    cube 3833.238.164 (depth 2, 28 lits): UNSAT in 0.11s
    cube 3833.238.165 (depth 2, 28 lits): UNSAT in 1.79s
    cube 3833.238.166 (depth 2, 28 lits): UNSAT in 0.81s
    cube 3833.238.167 (depth 2, 28 lits): UNSAT in 1.09s
    cube 3833.238.168 (depth 2, 28 lits): UNSAT in 1.20s
    cube 3833.238.169 (depth 2, 28 lits): UNSAT in 4.01s
    cube 3833.238.170 (depth 2, 28 lits): UNSAT in 0.20s
    cube 3833.238.171 (depth 2, 28 lits): UNSAT in 2.43s
    cube 3833.238.172 (depth 2, 28 lits): UNSAT in 3.57s
    cube 3833.238.173 (depth 2, 28 lits): UNSAT in 57.11s
    cube 3833.238.174 (depth 2, 28 lits): UNSAT in 0.11s
    cube 3833.238.175 (depth 2, 28 lits): UNSAT in 0.94s
    cube 3833.238.176 (depth 2, 28 lits): UNSAT in 0.48s
    cube 3833.238.177 (depth 2, 28 lits): UNSAT in 6.36s
    cube 3833.238.178 (depth 2, 28 lits): UNSAT in 0.25s
    cube 3833.238.179 (depth 2, 28 lits): UNSAT in 3.95s
    cube 3833.238.180 (depth 2, 28 lits): UNSAT in 3.08s
    cube 3833.238.181 (depth 2, 28 lits): UNSAT in 44.95s
    cube 3833.238.182 (depth 2, 28 lits): UNSAT in 0.92s
