  shard 4/24 (explicit): 1 of 4095 cubes, per-cube cap 1200.0s, re-split depth 7
    cube 4016 (depth 0, 12 lits): TIMEOUT in 1200.08s
    cube 4016 TIMEOUT -> re-split into 254 sub-cubes (depth 1)
    cube 4016.0 (depth 1, 19 lits): UNSAT in 0.02s
    cube 4016.1 (depth 1, 20 lits): UNSAT in 0.02s
    cube 4016.2 (depth 1, 20 lits): UNSAT in 0.03s
    cube 4016.3 (depth 1, 20 lits): UNSAT in 0.02s
    cube 4016.4 (depth 1, 20 lits): UNSAT in 0.02s
    cube 4016.5 (depth 1, 20 lits): UNSAT in 0.04s
    cube 4016.6 (depth 1, 20 lits): UNSAT in 0.13s
    cube 4016.7 (depth 1, 20 lits): UNSAT in 0.02s
    cube 4016.8 (depth 1, 20 lits): UNSAT in 0.02s
    cube 4016.9 (depth 1, 20 lits): UNSAT in 0.02s
    cube 4016.10 (depth 1, 20 lits): UNSAT in 0.04s
    cube 4016.11 (depth 1, 20 lits): UNSAT in 0.02s
    cube 4016.12 (depth 1, 20 lits): UNSAT in 0.03s
    cube 4016.13 (depth 1, 20 lits): UNSAT in 0.02s
    cube 4016.14 (depth 1, 20 lits): UNSAT in 0.02s
    cube 4016.15 (depth 1, 20 lits): UNSAT in 0.01s
    cube 4016.16 (depth 1, 20 lits): UNSAT in 0.02s
    cube 4016.17 (depth 1, 20 lits): UNSAT in 0.02s
    cube 4016.18 (depth 1, 20 lits): UNSAT in 0.04s
    cube 4016.19 (depth 1, 20 lits): UNSAT in 0.01s
    cube 4016.20 (depth 1, 20 lits): UNSAT in 0.02s
    cube 4016.21 (depth 1, 20 lits): UNSAT in 0.02s
    cube 4016.22 (depth 1, 20 lits): UNSAT in 0.03s
    cube 4016.23 (depth 1, 20 lits): UNSAT in 0.02s
    cube 4016.24 (depth 1, 20 lits): UNSAT in 0.04s
    cube 4016.25 (depth 1, 20 lits): UNSAT in 0.02s
    cube 4016.26 (depth 1, 20 lits): UNSAT in 0.05s
    cube 4016.27 (depth 1, 20 lits): UNSAT in 0.01s
    cube 4016.28 (depth 1, 20 lits): UNSAT in 0.03s
    cube 4016.29 (depth 1, 20 lits): UNSAT in 0.06s
    cube 4016.30 (depth 1, 20 lits): UNSAT in 0.16s
    cube 4016.31 (depth 1, 20 lits): UNSAT in 0.01s
    cube 4016.32 (depth 1, 20 lits): UNSAT in 0.02s
    cube 4016.33 (depth 1, 20 lits): UNSAT in 0.02s
    cube 4016.34 (depth 1, 20 lits): UNSAT in 0.02s
    cube 4016.35 (depth 1, 20 lits): UNSAT in 0.02s
    cube 4016.36 (depth 1, 20 lits): UNSAT in 0.02s
    cube 4016.37 (depth 1, 20 lits): UNSAT in 0.03s
    cube 4016.38 (depth 1, 20 lits): UNSAT in 0.15s
    cube 4016.39 (depth 1, 20 lits): UNSAT in 0.02s
    cube 4016.40 (depth 1, 20 lits): UNSAT in 0.08s
    cube 4016.41 (depth 1, 20 lits): UNSAT in 0.04s
    cube 4016.42 (depth 1, 20 lits): UNSAT in 0.06s
    cube 4016.43 (depth 1, 20 lits): UNSAT in 0.04s
    cube 4016.44 (depth 1, 20 lits): UNSAT in 0.05s
    cube 4016.45 (depth 1, 20 lits): UNSAT in 0.21s
    cube 4016.46 (depth 1, 20 lits): UNSAT in 0.80s
    cube 4016.47 (depth 1, 20 lits): UNSAT in 0.02s
    cube 4016.48 (depth 1, 20 lits): UNSAT in 0.02s
    cube 4016.49 (depth 1, 20 lits): UNSAT in 0.02s
    cube 4016.50 (depth 1, 20 lits): UNSAT in 0.02s
    cube 4016.51 (depth 1, 20 lits): UNSAT in 0.02s
    cube 4016.52 (depth 1, 20 lits): UNSAT in 0.02s
    cube 4016.53 (depth 1, 20 lits): UNSAT in 0.04s
    cube 4016.54 (depth 1, 20 lits): UNSAT in 0.06s
    cube 4016.55 (depth 1, 20 lits): UNSAT in 0.04s
    cube 4016.56 (depth 1, 20 lits): UNSAT in 0.08s
    cube 4016.57 (depth 1, 20 lits): UNSAT in 0.06s
    cube 4016.58 (depth 1, 20 lits): UNSAT in 0.20s
    cube 4016.59 (depth 1, 20 lits): UNSAT in 0.04s
    cube 4016.60 (depth 1, 20 lits): UNSAT in 0.22s
    cube 4016.61 (depth 1, 20 lits): UNSAT in 0.23s
    cube 4016.62 (depth 1, 20 lits): UNSAT in 1.24s
    cube 4016.63 (depth 1, 20 lits): UNSAT in 0.01s
    cube 4016.64 (depth 1, 20 lits): UNSAT in 0.02s
    cube 4016.65 (depth 1, 20 lits): UNSAT in 0.01s
    cube 4016.66 (depth 1, 20 lits): UNSAT in 0.02s
    cube 4016.67 (depth 1, 20 lits): UNSAT in 0.01s
    cube 4016.68 (depth 1, 20 lits): UNSAT in 0.03s
    cube 4016.69 (depth 1, 20 lits): UNSAT in 0.03s
    cube 4016.70 (depth 1, 20 lits): UNSAT in 0.06s
    cube 4016.71 (depth 1, 20 lits): UNSAT in 0.02s
    cube 4016.72 (depth 1, 20 lits): UNSAT in 0.03s
    cube 4016.73 (depth 1, 20 lits): UNSAT in 0.04s
    cube 4016.74 (depth 1, 20 lits): UNSAT in 0.09s
    cube 4016.75 (depth 1, 20 lits): UNSAT in 0.03s
    cube 4016.76 (depth 1, 20 lits): UNSAT in 0.11s
    cube 4016.77 (depth 1, 20 lits): UNSAT in 0.07s
    cube 4016.78 (depth 1, 20 lits): UNSAT in 0.27s
    cube 4016.79 (depth 1, 20 lits): UNSAT in 0.02s
    cube 4016.80 (depth 1, 20 lits): UNSAT in 0.01s
    cube 4016.81 (depth 1, 20 lits): UNSAT in 0.02s
    cube 4016.82 (depth 1, 20 lits): UNSAT in 0.10s
    cube 4016.83 (depth 1, 20 lits): UNSAT in 0.04s
    cube 4016.84 (depth 1, 20 lits): UNSAT in 0.14s
    cube 4016.85 (depth 1, 20 lits): UNSAT in 0.07s
    cube 4016.86 (depth 1, 20 lits): UNSAT in 0.27s
    cube 4016.87 (depth 1, 20 lits): UNSAT in 0.04s
    cube 4016.88 (depth 1, 20 lits): UNSAT in 0.09s
    cube 4016.89 (depth 1, 20 lits): UNSAT in 0.12s
    cube 4016.90 (depth 1, 20 lits): UNSAT in 0.28s
    cube 4016.91 (depth 1, 20 lits): UNSAT in 0.06s
    cube 4016.92 (depth 1, 20 lits): UNSAT in 0.27s
    cube 4016.93 (depth 1, 20 lits): UNSAT in 0.28s
    cube 4016.94 (depth 1, 20 lits): UNSAT in 2.89s
    cube 4016.95 (depth 1, 20 lits): UNSAT in 0.01s
    cube 4016.96 (depth 1, 20 lits): UNSAT in 0.02s
    cube 4016.97 (depth 1, 20 lits): UNSAT in 0.04s
    cube 4016.98 (depth 1, 20 lits): UNSAT in 0.13s
    cube 4016.99 (depth 1, 20 lits): UNSAT in 0.02s
    cube 4016.100 (depth 1, 20 lits): UNSAT in 0.12s
    cube 4016.101 (depth 1, 20 lits): UNSAT in 0.18s
    cube 4016.102 (depth 1, 20 lits): UNSAT in 0.24s
    cube 4016.103 (depth 1, 20 lits): UNSAT in 0.03s
    cube 4016.104 (depth 1, 20 lits): UNSAT in 0.10s
    cube 4016.105 (depth 1, 20 lits): UNSAT in 0.14s
    cube 4016.106 (depth 1, 20 lits): UNSAT in 1.44s
    cube 4016.107 (depth 1, 20 lits): UNSAT in 0.02s
    cube 4016.108 (depth 1, 20 lits): UNSAT in 0.37s
    cube 4016.109 (depth 1, 20 lits): UNSAT in 0.14s
    cube 4016.110 (depth 1, 20 lits): UNSAT in 4.28s
    cube 4016.111 (depth 1, 20 lits): UNSAT in 0.17s
    cube 4016.112 (depth 1, 20 lits): UNSAT in 0.43s
    cube 4016.113 (depth 1, 20 lits): UNSAT in 0.23s
    cube 4016.114 (depth 1, 20 lits): UNSAT in 0.58s
    cube 4016.115 (depth 1, 20 lits): UNSAT in 0.38s
    cube 4016.116 (depth 1, 20 lits): UNSAT in 0.88s
    cube 4016.117 (depth 1, 20 lits): UNSAT in 0.59s
    cube 4016.118 (depth 1, 20 lits): UNSAT in 11.54s
    cube 4016.119 (depth 1, 20 lits): UNSAT in 0.23s
    cube 4016.120 (depth 1, 20 lits): UNSAT in 2.88s
    cube 4016.121 (depth 1, 20 lits): UNSAT in 1.15s
    cube 4016.122 (depth 1, 20 lits): UNSAT in 20.59s
    cube 4016.123 (depth 1, 20 lits): UNSAT in 1.04s
    cube 4016.124 (depth 1, 20 lits): UNSAT in 12.68s
    cube 4016.125 (depth 1, 20 lits): UNSAT in 44.26s
    cube 4016.126 (depth 1, 20 lits): UNSAT in 200.35s
    cube 4016.127 (depth 1, 20 lits): UNSAT in 0.02s
    cube 4016.128 (depth 1, 20 lits): UNSAT in 0.02s
    cube 4016.129 (depth 1, 20 lits): UNSAT in 0.03s
    cube 4016.130 (depth 1, 20 lits): UNSAT in 0.04s
    cube 4016.131 (depth 1, 20 lits): UNSAT in 0.02s
    cube 4016.132 (depth 1, 20 lits): UNSAT in 0.02s
    cube 4016.133 (depth 1, 20 lits): UNSAT in 0.04s
    cube 4016.134 (depth 1, 20 lits): UNSAT in 0.06s
    cube 4016.135 (depth 1, 20 lits): UNSAT in 0.02s
    cube 4016.136 (depth 1, 20 lits): UNSAT in 0.02s
    cube 4016.137 (depth 1, 20 lits): UNSAT in 0.03s
    cube 4016.138 (depth 1, 20 lits): UNSAT in 0.03s
    cube 4016.139 (depth 1, 20 lits): UNSAT in 0.03s
    cube 4016.140 (depth 1, 20 lits): UNSAT in 0.16s
    cube 4016.141 (depth 1, 20 lits): UNSAT in 0.09s
    cube 4016.142 (depth 1, 20 lits): UNSAT in 0.33s
    cube 4016.143 (depth 1, 20 lits): UNSAT in 0.02s
    cube 4016.144 (depth 1, 20 lits): UNSAT in 0.06s
    cube 4016.145 (depth 1, 20 lits): UNSAT in 0.06s
    cube 4016.146 (depth 1, 20 lits): UNSAT in 0.09s
    cube 4016.147 (depth 1, 20 lits): UNSAT in 0.03s
    cube 4016.148 (depth 1, 20 lits): UNSAT in 0.19s
    cube 4016.149 (depth 1, 20 lits): UNSAT in 0.10s
    cube 4016.150 (depth 1, 20 lits): UNSAT in 0.45s
    cube 4016.151 (depth 1, 20 lits): UNSAT in 0.05s
    cube 4016.152 (depth 1, 20 lits): UNSAT in 0.09s
    cube 4016.153 (depth 1, 20 lits): UNSAT in 0.06s
    cube 4016.154 (depth 1, 20 lits): UNSAT in 0.05s
    cube 4016.155 (depth 1, 20 lits): UNSAT in 0.08s
    cube 4016.156 (depth 1, 20 lits): UNSAT in 0.27s
    cube 4016.157 (depth 1, 20 lits): UNSAT in 0.40s
    cube 4016.158 (depth 1, 20 lits): UNSAT in 1.23s
    cube 4016.159 (depth 1, 20 lits): UNSAT in 0.02s
    cube 4016.160 (depth 1, 20 lits): UNSAT in 0.05s
    cube 4016.161 (depth 1, 20 lits): UNSAT in 0.04s
    cube 4016.162 (depth 1, 20 lits): UNSAT in 0.06s
    cube 4016.163 (depth 1, 20 lits): UNSAT in 0.07s
    cube 4016.164 (depth 1, 20 lits): UNSAT in 0.17s
    cube 4016.165 (depth 1, 20 lits): UNSAT in 0.09s
    cube 4016.166 (depth 1, 20 lits): UNSAT in 0.36s
    cube 4016.167 (depth 1, 20 lits): UNSAT in 0.04s
    cube 4016.168 (depth 1, 20 lits): UNSAT in 0.13s
    cube 4016.169 (depth 1, 20 lits): UNSAT in 0.13s
    cube 4016.170 (depth 1, 20 lits): UNSAT in 0.24s
    cube 4016.171 (depth 1, 20 lits): UNSAT in 0.24s
    cube 4016.172 (depth 1, 20 lits): UNSAT in 1.15s
    cube 4016.173 (depth 1, 20 lits): UNSAT in 0.55s
    cube 4016.174 (depth 1, 20 lits): UNSAT in 2.61s
    cube 4016.175 (depth 1, 20 lits): UNSAT in 0.09s
    cube 4016.176 (depth 1, 20 lits): UNSAT in 0.12s
    cube 4016.177 (depth 1, 20 lits): UNSAT in 0.33s
    cube 4016.178 (depth 1, 20 lits): UNSAT in 0.69s
    cube 4016.179 (depth 1, 20 lits): UNSAT in 0.27s
    cube 4016.180 (depth 1, 20 lits): UNSAT in 1.02s
    cube 4016.181 (depth 1, 20 lits): UNSAT in 0.20s
    cube 4016.182 (depth 1, 20 lits): UNSAT in 4.41s
    cube 4016.183 (depth 1, 20 lits): UNSAT in 0.07s
    cube 4016.184 (depth 1, 20 lits): UNSAT in 0.68s
    cube 4016.185 (depth 1, 20 lits): UNSAT in 0.69s
    cube 4016.186 (depth 1, 20 lits): UNSAT in 1.66s
    cube 4016.187 (depth 1, 20 lits): UNSAT in 0.34s
    cube 4016.188 (depth 1, 20 lits): UNSAT in 0.99s
    cube 4016.189 (depth 1, 20 lits): UNSAT in 3.04s
    cube 4016.190 (depth 1, 20 lits): UNSAT in 1.89s
    cube 4016.191 (depth 1, 19 lits): UNSAT in 0.01s
    cube 4016.192 (depth 1, 20 lits): UNSAT in 0.02s
    cube 4016.193 (depth 1, 20 lits): UNSAT in 0.06s
    cube 4016.194 (depth 1, 20 lits): UNSAT in 0.03s
    cube 4016.195 (depth 1, 20 lits): UNSAT in 0.07s
    cube 4016.196 (depth 1, 20 lits): UNSAT in 0.04s
    cube 4016.197 (depth 1, 20 lits): UNSAT in 0.09s
    cube 4016.198 (depth 1, 20 lits): UNSAT in 0.06s
    cube 4016.199 (depth 1, 20 lits): UNSAT in 0.17s
    cube 4016.200 (depth 1, 20 lits): UNSAT in 0.45s
    cube 4016.201 (depth 1, 20 lits): UNSAT in 1.00s
    cube 4016.202 (depth 1, 20 lits): UNSAT in 0.07s
    cube 4016.203 (depth 1, 20 lits): UNSAT in 0.29s
    cube 4016.204 (depth 1, 20 lits): UNSAT in 1.13s
    cube 4016.205 (depth 1, 20 lits): UNSAT in 3.92s
    cube 4016.206 (depth 1, 20 lits): UNSAT in 0.05s
    cube 4016.207 (depth 1, 20 lits): UNSAT in 0.20s
    cube 4016.208 (depth 1, 20 lits): UNSAT in 0.21s
    cube 4016.209 (depth 1, 20 lits): UNSAT in 0.24s
    cube 4016.210 (depth 1, 20 lits): UNSAT in 0.70s
    cube 4016.211 (depth 1, 20 lits): UNSAT in 5.48s
    cube 4016.212 (depth 1, 20 lits): UNSAT in 2.43s
    cube 4016.213 (depth 1, 20 lits): UNSAT in 19.99s
    cube 4016.214 (depth 1, 20 lits): UNSAT in 0.10s
    cube 4016.215 (depth 1, 20 lits): UNSAT in 0.36s
    cube 4016.216 (depth 1, 20 lits): UNSAT in 0.69s
    cube 4016.217 (depth 1, 20 lits): UNSAT in 8.13s
    cube 4016.218 (depth 1, 20 lits): UNSAT in 1.99s
    cube 4016.219 (depth 1, 20 lits): UNSAT in 1.25s
    cube 4016.220 (depth 1, 20 lits): UNSAT in 1.80s
    cube 4016.221 (depth 1, 20 lits): UNSAT in 3.87s
    cube 4016.222 (depth 1, 20 lits): UNSAT in 0.09s
    cube 4016.223 (depth 1, 20 lits): UNSAT in 0.08s
    cube 4016.224 (depth 1, 20 lits): UNSAT in 0.10s
    cube 4016.225 (depth 1, 20 lits): UNSAT in 0.84s
    cube 4016.226 (depth 1, 20 lits): UNSAT in 0.20s
    cube 4016.227 (depth 1, 20 lits): UNSAT in 1.52s
    cube 4016.228 (depth 1, 20 lits): UNSAT in 0.63s
    cube 4016.229 (depth 1, 20 lits): UNSAT in 2.10s
    cube 4016.230 (depth 1, 20 lits): UNSAT in 0.12s
    cube 4016.231 (depth 1, 20 lits): UNSAT in 0.86s
    cube 4016.232 (depth 1, 20 lits): UNSAT in 1.90s
    cube 4016.233 (depth 1, 20 lits): UNSAT in 5.75s
    cube 4016.234 (depth 1, 20 lits): UNSAT in 0.40s
    cube 4016.235 (depth 1, 20 lits): UNSAT in 8.40s
    cube 4016.236 (depth 1, 20 lits): UNSAT in 13.78s
    cube 4016.237 (depth 1, 20 lits): UNSAT in 9.21s
    cube 4016.238 (depth 1, 20 lits): UNSAT in 0.45s
    cube 4016.239 (depth 1, 20 lits): UNSAT in 3.92s
    cube 4016.240 (depth 1, 20 lits): UNSAT in 2.64s
    cube 4016.241 (depth 1, 20 lits): UNSAT in 2.95s
    cube 4016.242 (depth 1, 20 lits): UNSAT in 1.22s
    cube 4016.243 (depth 1, 20 lits): UNSAT in 6.28s
    cube 4016.244 (depth 1, 20 lits): UNSAT in 4.16s
    cube 4016.245 (depth 1, 20 lits): UNSAT in 13.25s
    cube 4016.246 (depth 1, 20 lits): UNSAT in 1.34s
    cube 4016.247 (depth 1, 20 lits): UNSAT in 21.06s
    cube 4016.248 (depth 1, 20 lits): UNSAT in 3.01s
    cube 4016.249 (depth 1, 20 lits): UNSAT in 91.48s
    cube 4016.250 (depth 1, 20 lits): UNSAT in 6.41s
    cube 4016.251 (depth 1, 20 lits): UNSAT in 61.92s
    cube 4016.252 (depth 1, 20 lits): UNSAT in 100.98s
    cube 4016.253 (depth 1, 20 lits): TIMEOUT in 1200.10s
    cube 4016.253 TIMEOUT -> re-split into 252 sub-cubes (depth 2)
    cube 4016.253.0 (depth 2, 27 lits): UNSAT in 0.02s
    cube 4016.253.1 (depth 2, 28 lits): UNSAT in 0.01s
    cube 4016.253.2 (depth 2, 28 lits): UNSAT in 0.02s
    cube 4016.253.3 (depth 2, 28 lits): UNSAT in 0.02s
    cube 4016.253.4 (depth 2, 28 lits): UNSAT in 0.03s
    cube 4016.253.5 (depth 2, 28 lits): UNSAT in 0.02s
    cube 4016.253.6 (depth 2, 28 lits): UNSAT in 0.04s
    cube 4016.253.7 (depth 2, 28 lits): UNSAT in 0.02s
    cube 4016.253.8 (depth 2, 28 lits): UNSAT in 0.02s
    cube 4016.253.9 (depth 2, 28 lits): UNSAT in 0.02s
    cube 4016.253.10 (depth 2, 28 lits): UNSAT in 0.03s
    cube 4016.253.11 (depth 2, 28 lits): UNSAT in 0.02s
    cube 4016.253.12 (depth 2, 28 lits): UNSAT in 0.04s
    cube 4016.253.13 (depth 2, 28 lits): UNSAT in 0.06s
    cube 4016.253.14 (depth 2, 28 lits): UNSAT in 0.40s
    cube 4016.253.15 (depth 2, 28 lits): UNSAT in 0.02s
    cube 4016.253.16 (depth 2, 28 lits): UNSAT in 0.04s
    cube 4016.253.17 (depth 2, 28 lits): UNSAT in 0.04s
    cube 4016.253.18 (depth 2, 28 lits): UNSAT in 0.09s
    cube 4016.253.19 (depth 2, 28 lits): UNSAT in 0.02s
    cube 4016.253.20 (depth 2, 28 lits): UNSAT in 0.06s
    cube 4016.253.21 (depth 2, 28 lits): UNSAT in 0.05s
    cube 4016.253.22 (depth 2, 28 lits): UNSAT in 0.15s
    cube 4016.253.23 (depth 2, 28 lits): UNSAT in 0.03s
    cube 4016.253.24 (depth 2, 28 lits): UNSAT in 0.06s
    cube 4016.253.25 (depth 2, 28 lits): UNSAT in 0.07s
    cube 4016.253.26 (depth 2, 28 lits): UNSAT in 0.30s
    cube 4016.253.27 (depth 2, 28 lits): UNSAT in 0.06s
    cube 4016.253.28 (depth 2, 28 lits): UNSAT in 0.18s
    cube 4016.253.29 (depth 2, 28 lits): UNSAT in 0.44s
    cube 4016.253.30 (depth 2, 28 lits): UNSAT in 1.40s
    cube 4016.253.31 (depth 2, 28 lits): UNSAT in 0.02s
    cube 4016.253.32 (depth 2, 28 lits): UNSAT in 0.03s
    cube 4016.253.33 (depth 2, 28 lits): UNSAT in 0.03s
    cube 4016.253.34 (depth 2, 28 lits): UNSAT in 0.03s
    cube 4016.253.35 (depth 2, 28 lits): UNSAT in 0.02s
    cube 4016.253.36 (depth 2, 28 lits): UNSAT in 0.02s
    cube 4016.253.37 (depth 2, 28 lits): UNSAT in 0.03s
    cube 4016.253.38 (depth 2, 28 lits): UNSAT in 0.05s
    cube 4016.253.39 (depth 2, 28 lits): UNSAT in 0.01s
    cube 4016.253.40 (depth 2, 28 lits): UNSAT in 0.03s
    cube 4016.253.41 (depth 2, 28 lits): UNSAT in 0.02s
    cube 4016.253.42 (depth 2, 28 lits): UNSAT in 0.05s
    cube 4016.253.43 (depth 2, 28 lits): UNSAT in 0.03s
    cube 4016.253.44 (depth 2, 28 lits): UNSAT in 0.05s
    cube 4016.253.45 (depth 2, 28 lits): UNSAT in 0.04s
    cube 4016.253.46 (depth 2, 28 lits): UNSAT in 0.11s
    cube 4016.253.47 (depth 2, 28 lits): UNSAT in 0.03s
    cube 4016.253.48 (depth 2, 28 lits): UNSAT in 0.05s
    cube 4016.253.49 (depth 2, 28 lits): UNSAT in 0.05s
    cube 4016.253.50 (depth 2, 28 lits): UNSAT in 0.12s
    cube 4016.253.51 (depth 2, 28 lits): UNSAT in 0.03s
    cube 4016.253.52 (depth 2, 28 lits): UNSAT in 0.10s
    cube 4016.253.53 (depth 2, 28 lits): UNSAT in 0.07s
    cube 4016.253.54 (depth 2, 28 lits): UNSAT in 0.44s
    cube 4016.253.55 (depth 2, 28 lits): UNSAT in 0.03s
    cube 4016.253.56 (depth 2, 28 lits): UNSAT in 0.13s
    cube 4016.253.57 (depth 2, 28 lits): UNSAT in 0.41s
    cube 4016.253.58 (depth 2, 28 lits): UNSAT in 1.37s
    cube 4016.253.59 (depth 2, 28 lits): UNSAT in 0.17s
    cube 4016.253.60 (depth 2, 28 lits): UNSAT in 3.32s
    cube 4016.253.61 (depth 2, 28 lits): UNSAT in 2.10s
    cube 4016.253.62 (depth 2, 28 lits): UNSAT in 7.14s
    cube 4016.253.63 (depth 2, 28 lits): UNSAT in 0.02s
    cube 4016.253.64 (depth 2, 28 lits): UNSAT in 0.03s
    cube 4016.253.65 (depth 2, 28 lits): UNSAT in 0.02s
    cube 4016.253.66 (depth 2, 28 lits): UNSAT in 0.23s
    cube 4016.253.67 (depth 2, 28 lits): UNSAT in 0.02s
    cube 4016.253.68 (depth 2, 28 lits): UNSAT in 0.03s
    cube 4016.253.69 (depth 2, 28 lits): UNSAT in 0.03s
    cube 4016.253.70 (depth 2, 28 lits): UNSAT in 0.08s
    cube 4016.253.71 (depth 2, 28 lits): UNSAT in 0.02s
    cube 4016.253.72 (depth 2, 28 lits): UNSAT in 0.10s
    cube 4016.253.73 (depth 2, 28 lits): UNSAT in 0.06s
    cube 4016.253.74 (depth 2, 28 lits): UNSAT in 0.36s
    cube 4016.253.75 (depth 2, 28 lits): UNSAT in 0.11s
    cube 4016.253.76 (depth 2, 28 lits): UNSAT in 0.41s
    cube 4016.253.77 (depth 2, 28 lits): UNSAT in 0.44s
    cube 4016.253.78 (depth 2, 28 lits): UNSAT in 3.92s
    cube 4016.253.79 (depth 2, 28 lits): UNSAT in 0.04s
    cube 4016.253.80 (depth 2, 28 lits): UNSAT in 0.08s
    cube 4016.253.81 (depth 2, 28 lits): UNSAT in 0.08s
    cube 4016.253.82 (depth 2, 28 lits): UNSAT in 0.36s
    cube 4016.253.83 (depth 2, 28 lits): UNSAT in 0.09s
    cube 4016.253.84 (depth 2, 28 lits): UNSAT in 0.39s
    cube 4016.253.85 (depth 2, 28 lits): UNSAT in 0.47s
    cube 4016.253.86 (depth 2, 28 lits): UNSAT in 4.92s
    cube 4016.253.87 (depth 2, 28 lits): UNSAT in 0.07s
    cube 4016.253.88 (depth 2, 28 lits): UNSAT in 0.45s
    cube 4016.253.89 (depth 2, 28 lits): UNSAT in 0.70s
    cube 4016.253.90 (depth 2, 28 lits): UNSAT in 14.50s
    cube 4016.253.91 (depth 2, 28 lits): UNSAT in 0.38s
    cube 4016.253.92 (depth 2, 28 lits): UNSAT in 12.18s
    cube 4016.253.93 (depth 2, 28 lits): UNSAT in 22.56s
    cube 4016.253.94 (depth 2, 28 lits): UNSAT in 16.49s
    cube 4016.253.95 (depth 2, 28 lits): UNSAT in 0.04s
    cube 4016.253.96 (depth 2, 28 lits): UNSAT in 0.08s
    cube 4016.253.97 (depth 2, 28 lits): UNSAT in 0.03s
    cube 4016.253.98 (depth 2, 28 lits): UNSAT in 0.15s
    cube 4016.253.99 (depth 2, 28 lits): UNSAT in 0.03s
    cube 4016.253.100 (depth 2, 28 lits): UNSAT in 0.09s
    cube 4016.253.101 (depth 2, 28 lits): UNSAT in 0.34s
    cube 4016.253.102 (depth 2, 28 lits): UNSAT in 1.04s
    cube 4016.253.103 (depth 2, 28 lits): UNSAT in 0.15s
    cube 4016.253.104 (depth 2, 28 lits): UNSAT in 0.44s
    cube 4016.253.105 (depth 2, 28 lits): UNSAT in 0.16s
    cube 4016.253.106 (depth 2, 28 lits): UNSAT in 1.48s
    cube 4016.253.107 (depth 2, 28 lits): UNSAT in 0.21s
    cube 4016.253.108 (depth 2, 28 lits): UNSAT in 0.21s
    cube 4016.253.109 (depth 2, 28 lits): UNSAT in 0.11s
    cube 4016.253.110 (depth 2, 28 lits): UNSAT in 16.32s
    cube 4016.253.111 (depth 2, 28 lits): UNSAT in 0.03s
    cube 4016.253.112 (depth 2, 28 lits): UNSAT in 0.27s
    cube 4016.253.113 (depth 2, 28 lits): UNSAT in 0.19s
    cube 4016.253.114 (depth 2, 28 lits): UNSAT in 0.25s
    cube 4016.253.115 (depth 2, 28 lits): UNSAT in 0.27s
    cube 4016.253.116 (depth 2, 28 lits): UNSAT in 1.04s
    cube 4016.253.117 (depth 2, 28 lits): UNSAT in 1.90s
    cube 4016.253.118 (depth 2, 28 lits): UNSAT in 13.19s
    cube 4016.253.119 (depth 2, 28 lits): UNSAT in 0.24s
    cube 4016.253.120 (depth 2, 28 lits): UNSAT in 1.03s
    cube 4016.253.121 (depth 2, 28 lits): UNSAT in 1.01s
    cube 4016.253.122 (depth 2, 28 lits): UNSAT in 11.94s
    cube 4016.253.123 (depth 2, 28 lits): UNSAT in 0.22s
    cube 4016.253.124 (depth 2, 28 lits): UNSAT in 2.32s
    cube 4016.253.125 (depth 2, 28 lits): UNSAT in 4.34s
    cube 4016.253.126 (depth 2, 28 lits): UNSAT in 10.63s
    cube 4016.253.127 (depth 2, 27 lits): UNSAT in 0.01s
    cube 4016.253.128 (depth 2, 27 lits): UNSAT in 0.01s
    cube 4016.253.129 (depth 2, 28 lits): UNSAT in 0.02s
    cube 4016.253.130 (depth 2, 28 lits): UNSAT in 0.02s
    cube 4016.253.131 (depth 2, 28 lits): UNSAT in 0.01s
    cube 4016.253.132 (depth 2, 28 lits): UNSAT in 0.03s
    cube 4016.253.133 (depth 2, 27 lits): UNSAT in 0.01s
    cube 4016.253.134 (depth 2, 28 lits): UNSAT in 0.02s
    cube 4016.253.135 (depth 2, 28 lits): UNSAT in 0.03s
    cube 4016.253.136 (depth 2, 28 lits): UNSAT in 0.02s
    cube 4016.253.137 (depth 2, 28 lits): UNSAT in 0.04s
    cube 4016.253.138 (depth 2, 28 lits): UNSAT in 0.09s
    cube 4016.253.139 (depth 2, 28 lits): UNSAT in 0.11s
    cube 4016.253.140 (depth 2, 28 lits): UNSAT in 0.01s
    cube 4016.253.141 (depth 2, 28 lits): UNSAT in 0.02s
    cube 4016.253.142 (depth 2, 28 lits): UNSAT in 0.02s
    cube 4016.253.143 (depth 2, 28 lits): UNSAT in 0.01s
    cube 4016.253.144 (depth 2, 28 lits): UNSAT in 0.01s
    cube 4016.253.145 (depth 2, 28 lits): UNSAT in 0.02s
    cube 4016.253.146 (depth 2, 28 lits): UNSAT in 0.03s
    cube 4016.253.147 (depth 2, 28 lits): UNSAT in 0.07s
    cube 4016.253.148 (depth 2, 28 lits): UNSAT in 0.02s
    cube 4016.253.149 (depth 2, 28 lits): UNSAT in 0.03s
    cube 4016.253.150 (depth 2, 28 lits): UNSAT in 0.04s
    cube 4016.253.151 (depth 2, 28 lits): UNSAT in 0.51s
    cube 4016.253.152 (depth 2, 28 lits): UNSAT in 0.02s
    cube 4016.253.153 (depth 2, 28 lits): UNSAT in 0.10s
    cube 4016.253.154 (depth 2, 28 lits): UNSAT in 0.05s
    cube 4016.253.155 (depth 2, 28 lits): UNSAT in 0.41s
    cube 4016.253.156 (depth 2, 28 lits): UNSAT in 0.02s
    cube 4016.253.157 (depth 2, 28 lits): UNSAT in 0.02s
    cube 4016.253.158 (depth 2, 28 lits): UNSAT in 0.04s
    cube 4016.253.159 (depth 2, 28 lits): UNSAT in 0.06s
    cube 4016.253.160 (depth 2, 28 lits): UNSAT in 0.02s
    cube 4016.253.161 (depth 2, 28 lits): UNSAT in 0.10s
    cube 4016.253.162 (depth 2, 28 lits): UNSAT in 0.08s
    cube 4016.253.163 (depth 2, 28 lits): UNSAT in 0.20s
    cube 4016.253.164 (depth 2, 28 lits): UNSAT in 0.02s
    cube 4016.253.165 (depth 2, 28 lits): UNSAT in 0.04s
    cube 4016.253.166 (depth 2, 28 lits): UNSAT in 0.06s
    cube 4016.253.167 (depth 2, 28 lits): UNSAT in 0.05s
    cube 4016.253.168 (depth 2, 28 lits): UNSAT in 0.10s
    cube 4016.253.169 (depth 2, 28 lits): UNSAT in 0.21s
    cube 4016.253.170 (depth 2, 28 lits): UNSAT in 0.06s
    cube 4016.253.171 (depth 2, 28 lits): UNSAT in 0.18s
    cube 4016.253.172 (depth 2, 28 lits): UNSAT in 0.02s
    cube 4016.253.173 (depth 2, 28 lits): UNSAT in 0.08s
    cube 4016.253.174 (depth 2, 28 lits): UNSAT in 0.04s
    cube 4016.253.175 (depth 2, 28 lits): UNSAT in 0.12s
    cube 4016.253.176 (depth 2, 28 lits): UNSAT in 0.05s
    cube 4016.253.177 (depth 2, 28 lits): UNSAT in 0.12s
    cube 4016.253.178 (depth 2, 28 lits): UNSAT in 0.14s
    cube 4016.253.179 (depth 2, 28 lits): UNSAT in 1.42s
    cube 4016.253.180 (depth 2, 28 lits): UNSAT in 0.15s
    cube 4016.253.181 (depth 2, 28 lits): UNSAT in 0.30s
    cube 4016.253.182 (depth 2, 28 lits): UNSAT in 0.23s
    cube 4016.253.183 (depth 2, 28 lits): UNSAT in 1.49s
    cube 4016.253.184 (depth 2, 28 lits): UNSAT in 0.20s
    cube 4016.253.185 (depth 2, 28 lits): UNSAT in 1.60s
    cube 4016.253.186 (depth 2, 28 lits): UNSAT in 3.24s
    cube 4016.253.187 (depth 2, 28 lits): UNSAT in 28.71s
    cube 4016.253.188 (depth 2, 28 lits): UNSAT in 0.01s
    cube 4016.253.189 (depth 2, 28 lits): UNSAT in 0.02s
    cube 4016.253.190 (depth 2, 28 lits): UNSAT in 0.02s
    cube 4016.253.191 (depth 2, 28 lits): UNSAT in 0.02s
    cube 4016.253.192 (depth 2, 28 lits): UNSAT in 0.02s
    cube 4016.253.193 (depth 2, 28 lits): UNSAT in 0.05s
    cube 4016.253.194 (depth 2, 28 lits): UNSAT in 0.11s
    cube 4016.253.195 (depth 2, 28 lits): UNSAT in 0.33s
    cube 4016.253.196 (depth 2, 28 lits): UNSAT in 0.02s
    cube 4016.253.197 (depth 2, 28 lits): UNSAT in 0.07s
    cube 4016.253.198 (depth 2, 28 lits): UNSAT in 0.08s
    cube 4016.253.199 (depth 2, 28 lits): UNSAT in 0.18s
    cube 4016.253.200 (depth 2, 28 lits): UNSAT in 0.14s
    cube 4016.253.201 (depth 2, 28 lits): UNSAT in 0.55s
    cube 4016.253.202 (depth 2, 28 lits): UNSAT in 0.76s
    cube 4016.253.203 (depth 2, 28 lits): UNSAT in 2.17s
    cube 4016.253.204 (depth 2, 28 lits): UNSAT in 0.02s
    cube 4016.253.205 (depth 2, 28 lits): UNSAT in 0.02s
    cube 4016.253.206 (depth 2, 28 lits): UNSAT in 0.03s
    cube 4016.253.207 (depth 2, 28 lits): UNSAT in 0.10s
    cube 4016.253.208 (depth 2, 28 lits): UNSAT in 0.03s
    cube 4016.253.209 (depth 2, 28 lits): UNSAT in 0.04s
    cube 4016.253.210 (depth 2, 28 lits): UNSAT in 0.05s
    cube 4016.253.211 (depth 2, 28 lits): UNSAT in 0.39s
    cube 4016.253.212 (depth 2, 28 lits): UNSAT in 0.01s
    cube 4016.253.213 (depth 2, 28 lits): UNSAT in 0.03s
    cube 4016.253.214 (depth 2, 28 lits): UNSAT in 0.14s
    cube 4016.253.215 (depth 2, 28 lits): UNSAT in 0.26s
    cube 4016.253.216 (depth 2, 28 lits): UNSAT in 0.08s
    cube 4016.253.217 (depth 2, 28 lits): UNSAT in 1.72s
    cube 4016.253.218 (depth 2, 28 lits): UNSAT in 0.49s
    cube 4016.253.219 (depth 2, 28 lits): UNSAT in 13.63s
    cube 4016.253.220 (depth 2, 28 lits): UNSAT in 0.02s
    cube 4016.253.221 (depth 2, 28 lits): UNSAT in 0.04s
    cube 4016.253.222 (depth 2, 28 lits): UNSAT in 0.07s
    cube 4016.253.223 (depth 2, 28 lits): UNSAT in 0.18s
    cube 4016.253.224 (depth 2, 28 lits): UNSAT in 0.03s
    cube 4016.253.225 (depth 2, 28 lits): UNSAT in 0.11s
    cube 4016.253.226 (depth 2, 28 lits): UNSAT in 0.16s
    cube 4016.253.227 (depth 2, 28 lits): UNSAT in 0.33s
    cube 4016.253.228 (depth 2, 28 lits): UNSAT in 0.08s
    cube 4016.253.229 (depth 2, 28 lits): UNSAT in 0.10s
    cube 4016.253.230 (depth 2, 28 lits): UNSAT in 0.10s
    cube 4016.253.231 (depth 2, 28 lits): UNSAT in 0.57s
    cube 4016.253.232 (depth 2, 28 lits): UNSAT in 0.09s
    cube 4016.253.233 (depth 2, 28 lits): UNSAT in 0.27s
    cube 4016.253.234 (depth 2, 28 lits): UNSAT in 0.72s
    cube 4016.253.235 (depth 2, 28 lits): UNSAT in 1.28s
    cube 4016.253.236 (depth 2, 28 lits): UNSAT in 0.07s
    cube 4016.253.237 (depth 2, 28 lits): UNSAT in 0.19s
    cube 4016.253.238 (depth 2, 28 lits): UNSAT in 0.46s
    cube 4016.253.239 (depth 2, 28 lits): UNSAT in 0.72s
    cube 4016.253.240 (depth 2, 28 lits): UNSAT in 0.56s
    cube 4016.253.241 (depth 2, 28 lits): UNSAT in 1.64s
    cube 4016.253.242 (depth 2, 28 lits): UNSAT in 2.43s
    cube 4016.253.243 (depth 2, 28 lits): UNSAT in 5.53s
    cube 4016.253.244 (depth 2, 28 lits): UNSAT in 0.50s
    cube 4016.253.245 (depth 2, 28 lits): UNSAT in 0.66s
    cube 4016.253.246 (depth 2, 28 lits): UNSAT in 0.48s
    cube 4016.253.247 (depth 2, 28 lits): UNSAT in 6.56s
    cube 4016.253.248 (depth 2, 28 lits): UNSAT in 0.90s
    cube 4016.253.249 (depth 2, 28 lits): UNSAT in 4.71s
    cube 4016.253.250 (depth 2, 28 lits): UNSAT in 2.66s
    cube 4016.253.251 (depth 2, 28 lits): UNSAT in 5.58s

  shard 4 verdict: UNSAT (1 UNSAT, 0 unresolved) in 3443.4s
