  shard 18/24 (explicit): 1 of 4095 cubes, per-cube cap 1200.0s, re-split depth 7
    cube 4056 (depth 0, 12 lits): TIMEOUT in 1200.10s
    cube 4056 TIMEOUT -> re-split into 255 sub-cubes (depth 1)
    cube 4056.0 (depth 1, 20 lits): UNSAT in 0.01s
    cube 4056.1 (depth 1, 20 lits): UNSAT in 0.02s
    cube 4056.2 (depth 1, 20 lits): UNSAT in 0.05s
    cube 4056.3 (depth 1, 20 lits): UNSAT in 0.07s
    cube 4056.4 (depth 1, 20 lits): UNSAT in 0.06s
    cube 4056.5 (depth 1, 20 lits): UNSAT in 0.18s
    cube 4056.6 (depth 1, 20 lits): UNSAT in 0.05s
    cube 4056.7 (depth 1, 20 lits): UNSAT in 0.38s
    cube 4056.8 (depth 1, 19 lits): UNSAT in 0.02s
    cube 4056.9 (depth 1, 20 lits): UNSAT in 0.02s
    cube 4056.10 (depth 1, 20 lits): UNSAT in 0.13s
    cube 4056.11 (depth 1, 20 lits): UNSAT in 0.02s
    cube 4056.12 (depth 1, 20 lits): UNSAT in 0.14s
    cube 4056.13 (depth 1, 20 lits): UNSAT in 0.08s
    cube 4056.14 (depth 1, 20 lits): UNSAT in 0.98s
    cube 4056.15 (depth 1, 20 lits): UNSAT in 0.05s
    cube 4056.16 (depth 1, 20 lits): UNSAT in 0.10s
    cube 4056.17 (depth 1, 20 lits): UNSAT in 0.05s
    cube 4056.18 (depth 1, 20 lits): UNSAT in 0.32s
    cube 4056.19 (depth 1, 20 lits): UNSAT in 0.05s
    cube 4056.20 (depth 1, 20 lits): UNSAT in 0.15s
    cube 4056.21 (depth 1, 20 lits): UNSAT in 0.14s
    cube 4056.22 (depth 1, 20 lits): UNSAT in 0.75s
    cube 4056.23 (depth 1, 20 lits): UNSAT in 0.04s
    cube 4056.24 (depth 1, 20 lits): UNSAT in 0.05s
    cube 4056.25 (depth 1, 20 lits): UNSAT in 0.11s
    cube 4056.26 (depth 1, 20 lits): UNSAT in 0.45s
    cube 4056.27 (depth 1, 20 lits): UNSAT in 0.05s
    cube 4056.28 (depth 1, 20 lits): UNSAT in 0.44s
    cube 4056.29 (depth 1, 20 lits): UNSAT in 0.64s
    cube 4056.30 (depth 1, 20 lits): UNSAT in 2.71s
    cube 4056.31 (depth 1, 20 lits): UNSAT in 0.04s
    cube 4056.32 (depth 1, 20 lits): UNSAT in 0.07s
    cube 4056.33 (depth 1, 20 lits): UNSAT in 0.02s
    cube 4056.34 (depth 1, 20 lits): UNSAT in 0.05s
    cube 4056.35 (depth 1, 20 lits): UNSAT in 0.07s
    cube 4056.36 (depth 1, 20 lits): UNSAT in 0.06s
    cube 4056.37 (depth 1, 20 lits): UNSAT in 0.11s
    cube 4056.38 (depth 1, 20 lits): UNSAT in 0.13s
    cube 4056.39 (depth 1, 20 lits): UNSAT in 0.04s
    cube 4056.40 (depth 1, 20 lits): UNSAT in 0.11s
    cube 4056.41 (depth 1, 20 lits): UNSAT in 0.26s
    cube 4056.42 (depth 1, 20 lits): UNSAT in 0.09s
    cube 4056.43 (depth 1, 20 lits): UNSAT in 0.13s
    cube 4056.44 (depth 1, 20 lits): UNSAT in 0.33s
    cube 4056.45 (depth 1, 20 lits): UNSAT in 0.16s
    cube 4056.46 (depth 1, 20 lits): UNSAT in 0.89s
    cube 4056.47 (depth 1, 20 lits): UNSAT in 0.02s
    cube 4056.48 (depth 1, 20 lits): UNSAT in 0.09s
    cube 4056.49 (depth 1, 20 lits): UNSAT in 0.06s
    cube 4056.50 (depth 1, 20 lits): UNSAT in 0.82s
    cube 4056.51 (depth 1, 20 lits): UNSAT in 0.14s
    cube 4056.52 (depth 1, 20 lits): UNSAT in 0.79s
    cube 4056.53 (depth 1, 20 lits): UNSAT in 0.73s
    cube 4056.54 (depth 1, 20 lits): UNSAT in 1.58s
    cube 4056.55 (depth 1, 20 lits): UNSAT in 0.70s
    cube 4056.56 (depth 1, 20 lits): UNSAT in 0.64s
    cube 4056.57 (depth 1, 20 lits): UNSAT in 0.80s
    cube 4056.58 (depth 1, 20 lits): UNSAT in 4.33s
    cube 4056.59 (depth 1, 20 lits): UNSAT in 1.67s
    cube 4056.60 (depth 1, 20 lits): UNSAT in 11.00s
    cube 4056.61 (depth 1, 20 lits): UNSAT in 26.93s
    cube 4056.62 (depth 1, 20 lits): UNSAT in 96.60s
    cube 4056.63 (depth 1, 20 lits): UNSAT in 0.03s
    cube 4056.64 (depth 1, 20 lits): UNSAT in 0.04s
    cube 4056.65 (depth 1, 20 lits): UNSAT in 0.04s
    cube 4056.66 (depth 1, 20 lits): UNSAT in 0.06s
    cube 4056.67 (depth 1, 20 lits): UNSAT in 0.05s
    cube 4056.68 (depth 1, 20 lits): UNSAT in 0.07s
    cube 4056.69 (depth 1, 20 lits): UNSAT in 0.05s
    cube 4056.70 (depth 1, 20 lits): UNSAT in 0.18s
    cube 4056.71 (depth 1, 20 lits): UNSAT in 0.02s
    cube 4056.72 (depth 1, 20 lits): UNSAT in 0.04s
    cube 4056.73 (depth 1, 20 lits): UNSAT in 0.04s
    cube 4056.74 (depth 1, 20 lits): UNSAT in 0.13s
    cube 4056.75 (depth 1, 20 lits): UNSAT in 0.03s
    cube 4056.76 (depth 1, 20 lits): UNSAT in 0.14s
    cube 4056.77 (depth 1, 20 lits): UNSAT in 0.09s
    cube 4056.78 (depth 1, 20 lits): UNSAT in 0.33s
    cube 4056.79 (depth 1, 20 lits): UNSAT in 0.09s
    cube 4056.80 (depth 1, 20 lits): UNSAT in 0.13s
    cube 4056.81 (depth 1, 20 lits): UNSAT in 0.10s
    cube 4056.82 (depth 1, 20 lits): UNSAT in 0.75s
    cube 4056.83 (depth 1, 20 lits): UNSAT in 0.23s
    cube 4056.84 (depth 1, 20 lits): UNSAT in 0.73s
    cube 4056.85 (depth 1, 20 lits): UNSAT in 2.19s
    cube 4056.86 (depth 1, 20 lits): UNSAT in 3.33s
    cube 4056.87 (depth 1, 20 lits): UNSAT in 0.10s
    cube 4056.88 (depth 1, 20 lits): UNSAT in 0.55s
    cube 4056.89 (depth 1, 20 lits): UNSAT in 0.12s
    cube 4056.90 (depth 1, 20 lits): UNSAT in 2.08s
    cube 4056.91 (depth 1, 20 lits): UNSAT in 0.31s
    cube 4056.92 (depth 1, 20 lits): UNSAT in 1.79s
    cube 4056.93 (depth 1, 20 lits): UNSAT in 1.33s
    cube 4056.94 (depth 1, 20 lits): UNSAT in 7.21s
    cube 4056.95 (depth 1, 20 lits): UNSAT in 0.04s
    cube 4056.96 (depth 1, 20 lits): UNSAT in 0.07s
    cube 4056.97 (depth 1, 20 lits): UNSAT in 0.17s
    cube 4056.98 (depth 1, 20 lits): UNSAT in 0.53s
    cube 4056.99 (depth 1, 20 lits): UNSAT in 0.10s
    cube 4056.100 (depth 1, 20 lits): UNSAT in 0.54s
    cube 4056.101 (depth 1, 20 lits): UNSAT in 0.61s
    cube 4056.102 (depth 1, 20 lits): UNSAT in 5.18s
    cube 4056.103 (depth 1, 20 lits): UNSAT in 0.04s
    cube 4056.104 (depth 1, 20 lits): UNSAT in 0.32s
    cube 4056.105 (depth 1, 20 lits): UNSAT in 0.10s
    cube 4056.106 (depth 1, 20 lits): UNSAT in 0.56s
    cube 4056.107 (depth 1, 20 lits): UNSAT in 0.87s
    cube 4056.108 (depth 1, 20 lits): UNSAT in 0.74s
    cube 4056.109 (depth 1, 20 lits): UNSAT in 0.40s
    cube 4056.110 (depth 1, 20 lits): UNSAT in 13.79s
    cube 4056.111 (depth 1, 20 lits): UNSAT in 0.10s
    cube 4056.112 (depth 1, 20 lits): UNSAT in 0.37s
    cube 4056.113 (depth 1, 20 lits): UNSAT in 0.59s
    cube 4056.114 (depth 1, 20 lits): UNSAT in 1.23s
    cube 4056.115 (depth 1, 20 lits): UNSAT in 0.33s
    cube 4056.116 (depth 1, 20 lits): UNSAT in 3.20s
    cube 4056.117 (depth 1, 20 lits): UNSAT in 2.28s
    cube 4056.118 (depth 1, 20 lits): UNSAT in 17.56s
    cube 4056.119 (depth 1, 20 lits): UNSAT in 0.32s
    cube 4056.120 (depth 1, 20 lits): UNSAT in 2.96s
    cube 4056.121 (depth 1, 20 lits): UNSAT in 4.98s
    cube 4056.122 (depth 1, 20 lits): UNSAT in 50.01s
    cube 4056.123 (depth 1, 20 lits): UNSAT in 2.61s
    cube 4056.124 (depth 1, 20 lits): UNSAT in 52.02s
    cube 4056.125 (depth 1, 20 lits): UNSAT in 74.78s
    cube 4056.126 (depth 1, 20 lits): UNSAT in 409.29s
    cube 4056.127 (depth 1, 20 lits): UNSAT in 0.02s
    cube 4056.128 (depth 1, 20 lits): UNSAT in 0.03s
    cube 4056.129 (depth 1, 20 lits): UNSAT in 0.03s
    cube 4056.130 (depth 1, 20 lits): UNSAT in 0.11s
    cube 4056.131 (depth 1, 20 lits): UNSAT in 0.07s
    cube 4056.132 (depth 1, 20 lits): UNSAT in 0.21s
    cube 4056.133 (depth 1, 20 lits): UNSAT in 0.05s
    cube 4056.134 (depth 1, 20 lits): UNSAT in 0.23s
    cube 4056.135 (depth 1, 20 lits): UNSAT in 0.05s
    cube 4056.136 (depth 1, 20 lits): UNSAT in 0.06s
    cube 4056.137 (depth 1, 20 lits): UNSAT in 0.04s
    cube 4056.138 (depth 1, 20 lits): UNSAT in 0.14s
    cube 4056.139 (depth 1, 20 lits): UNSAT in 0.05s
    cube 4056.140 (depth 1, 20 lits): UNSAT in 0.09s
    cube 4056.141 (depth 1, 20 lits): UNSAT in 0.21s
    cube 4056.142 (depth 1, 20 lits): UNSAT in 0.35s
    cube 4056.143 (depth 1, 20 lits): UNSAT in 0.02s
    cube 4056.144 (depth 1, 20 lits): UNSAT in 0.28s
    cube 4056.145 (depth 1, 20 lits): UNSAT in 0.12s
    cube 4056.146 (depth 1, 20 lits): UNSAT in 0.18s
    cube 4056.147 (depth 1, 20 lits): UNSAT in 0.25s
    cube 4056.148 (depth 1, 20 lits): UNSAT in 1.27s
    cube 4056.149 (depth 1, 20 lits): UNSAT in 1.47s
    cube 4056.150 (depth 1, 20 lits): UNSAT in 5.10s
    cube 4056.151 (depth 1, 20 lits): UNSAT in 0.03s
    cube 4056.152 (depth 1, 20 lits): UNSAT in 0.34s
    cube 4056.153 (depth 1, 20 lits): UNSAT in 0.22s
    cube 4056.154 (depth 1, 20 lits): UNSAT in 0.95s
    cube 4056.155 (depth 1, 20 lits): UNSAT in 0.09s
    cube 4056.156 (depth 1, 20 lits): UNSAT in 0.98s
    cube 4056.157 (depth 1, 20 lits): UNSAT in 3.79s
    cube 4056.158 (depth 1, 20 lits): UNSAT in 33.96s
    cube 4056.159 (depth 1, 20 lits): UNSAT in 0.03s
    cube 4056.160 (depth 1, 20 lits): UNSAT in 0.05s
    cube 4056.161 (depth 1, 20 lits): UNSAT in 0.02s
    cube 4056.162 (depth 1, 20 lits): UNSAT in 0.05s
    cube 4056.163 (depth 1, 20 lits): UNSAT in 0.01s
    cube 4056.164 (depth 1, 20 lits): UNSAT in 0.10s
    cube 4056.165 (depth 1, 20 lits): UNSAT in 0.05s
    cube 4056.166 (depth 1, 20 lits): UNSAT in 0.23s
    cube 4056.167 (depth 1, 20 lits): UNSAT in 0.02s
    cube 4056.168 (depth 1, 20 lits): UNSAT in 0.04s
    cube 4056.169 (depth 1, 20 lits): UNSAT in 0.07s
    cube 4056.170 (depth 1, 20 lits): UNSAT in 0.10s
    cube 4056.171 (depth 1, 20 lits): UNSAT in 0.10s
    cube 4056.172 (depth 1, 20 lits): UNSAT in 1.04s
    cube 4056.173 (depth 1, 20 lits): UNSAT in 1.59s
    cube 4056.174 (depth 1, 20 lits): UNSAT in 5.71s
    cube 4056.175 (depth 1, 20 lits): UNSAT in 0.14s
    cube 4056.176 (depth 1, 20 lits): UNSAT in 0.57s
    cube 4056.177 (depth 1, 20 lits): UNSAT in 0.45s
    cube 4056.178 (depth 1, 20 lits): UNSAT in 2.49s
    cube 4056.179 (depth 1, 20 lits): UNSAT in 0.18s
    cube 4056.180 (depth 1, 20 lits): UNSAT in 0.57s
    cube 4056.181 (depth 1, 20 lits): UNSAT in 0.80s
    cube 4056.182 (depth 1, 20 lits): UNSAT in 23.83s
    cube 4056.183 (depth 1, 20 lits): UNSAT in 1.03s
    cube 4056.184 (depth 1, 20 lits): UNSAT in 3.80s
    cube 4056.185 (depth 1, 20 lits): UNSAT in 2.76s
    cube 4056.186 (depth 1, 20 lits): UNSAT in 50.62s
    cube 4056.187 (depth 1, 20 lits): UNSAT in 3.63s
    cube 4056.188 (depth 1, 20 lits): UNSAT in 39.53s
    cube 4056.189 (depth 1, 20 lits): UNSAT in 9.29s
    cube 4056.190 (depth 1, 20 lits): UNSAT in 616.95s
    cube 4056.191 (depth 1, 20 lits): UNSAT in 0.07s
    cube 4056.192 (depth 1, 20 lits): UNSAT in 0.06s
    cube 4056.193 (depth 1, 20 lits): UNSAT in 0.25s
    cube 4056.194 (depth 1, 20 lits): UNSAT in 0.41s
    cube 4056.195 (depth 1, 20 lits): UNSAT in 0.05s
    cube 4056.196 (depth 1, 20 lits): UNSAT in 0.31s
    cube 4056.197 (depth 1, 20 lits): UNSAT in 0.75s
    cube 4056.198 (depth 1, 20 lits): UNSAT in 1.46s
    cube 4056.199 (depth 1, 20 lits): UNSAT in 3.24s
    cube 4056.200 (depth 1, 20 lits): UNSAT in 6.25s
    cube 4056.201 (depth 1, 20 lits): UNSAT in 2.35s
    cube 4056.202 (depth 1, 20 lits): UNSAT in 10.04s
    cube 4056.203 (depth 1, 20 lits): UNSAT in 3.66s
    cube 4056.204 (depth 1, 20 lits): UNSAT in 20.43s
    cube 4056.205 (depth 1, 20 lits): UNSAT in 6.17s
    cube 4056.206 (depth 1, 20 lits): UNSAT in 696.43s
    cube 4056.207 (depth 1, 20 lits): UNSAT in 0.25s
    cube 4056.208 (depth 1, 20 lits): UNSAT in 0.68s
    cube 4056.209 (depth 1, 20 lits): UNSAT in 1.38s
    cube 4056.210 (depth 1, 20 lits): UNSAT in 4.28s
    cube 4056.211 (depth 1, 20 lits): UNSAT in 1.79s
    cube 4056.212 (depth 1, 20 lits): UNSAT in 12.65s
    cube 4056.213 (depth 1, 20 lits): UNSAT in 7.17s
    cube 4056.214 (depth 1, 20 lits): UNSAT in 84.71s
    cube 4056.215 (depth 1, 20 lits): UNSAT in 0.66s
    cube 4056.216 (depth 1, 20 lits): UNSAT in 6.41s
    cube 4056.217 (depth 1, 20 lits): UNSAT in 15.46s
    cube 4056.218 (depth 1, 20 lits): UNSAT in 250.77s
    cube 4056.219 (depth 1, 20 lits): UNSAT in 2.79s
    cube 4056.220 (depth 1, 20 lits): UNSAT in 154.99s
    cube 4056.221 (depth 1, 20 lits): UNSAT in 214.30s
    cube 4056.222 (depth 1, 20 lits): TIMEOUT in 1200.06s
    cube 4056.222 TIMEOUT -> re-split into 250 sub-cubes (depth 2)
    cube 4056.222.0 (depth 2, 26 lits): UNSAT in 0.01s
    cube 4056.222.1 (depth 2, 28 lits): UNSAT in 0.02s
    cube 4056.222.2 (depth 2, 28 lits): UNSAT in 0.02s
    cube 4056.222.3 (depth 2, 28 lits): UNSAT in 0.01s
    cube 4056.222.4 (depth 2, 28 lits): UNSAT in 0.01s
    cube 4056.222.5 (depth 2, 27 lits): UNSAT in 0.01s
    cube 4056.222.6 (depth 2, 28 lits): UNSAT in 0.02s
    cube 4056.222.7 (depth 2, 28 lits): UNSAT in 0.02s
    cube 4056.222.8 (depth 2, 28 lits): UNSAT in 0.02s
    cube 4056.222.9 (depth 2, 28 lits): UNSAT in 0.03s
    cube 4056.222.10 (depth 2, 28 lits): UNSAT in 0.03s
    cube 4056.222.11 (depth 2, 28 lits): UNSAT in 0.07s
    cube 4056.222.12 (depth 2, 27 lits): UNSAT in 0.01s
    cube 4056.222.13 (depth 2, 28 lits): UNSAT in 0.01s
    cube 4056.222.14 (depth 2, 28 lits): UNSAT in 0.01s
    cube 4056.222.15 (depth 2, 28 lits): UNSAT in 0.02s
    cube 4056.222.16 (depth 2, 28 lits): UNSAT in 0.02s
    cube 4056.222.17 (depth 2, 28 lits): UNSAT in 0.02s
    cube 4056.222.18 (depth 2, 28 lits): UNSAT in 0.03s
    cube 4056.222.19 (depth 2, 28 lits): UNSAT in 0.01s
    cube 4056.222.20 (depth 2, 28 lits): UNSAT in 0.02s
    cube 4056.222.21 (depth 2, 28 lits): UNSAT in 0.04s
    cube 4056.222.22 (depth 2, 28 lits): UNSAT in 0.05s
    cube 4056.222.23 (depth 2, 28 lits): UNSAT in 0.02s
    cube 4056.222.24 (depth 2, 28 lits): UNSAT in 0.03s
    cube 4056.222.25 (depth 2, 28 lits): UNSAT in 0.06s
    cube 4056.222.26 (depth 2, 28 lits): UNSAT in 0.49s
    cube 4056.222.27 (depth 2, 27 lits): UNSAT in 0.01s
    cube 4056.222.28 (depth 2, 28 lits): UNSAT in 0.02s
    cube 4056.222.29 (depth 2, 28 lits): UNSAT in 0.02s
    cube 4056.222.30 (depth 2, 28 lits): UNSAT in 0.02s
    cube 4056.222.31 (depth 2, 28 lits): UNSAT in 0.03s
    cube 4056.222.32 (depth 2, 28 lits): UNSAT in 0.02s
    cube 4056.222.33 (depth 2, 28 lits): UNSAT in 0.05s
    cube 4056.222.34 (depth 2, 28 lits): UNSAT in 0.01s
    cube 4056.222.35 (depth 2, 28 lits): UNSAT in 0.02s
    cube 4056.222.36 (depth 2, 28 lits): UNSAT in 0.03s
    cube 4056.222.37 (depth 2, 28 lits): UNSAT in 0.06s
    cube 4056.222.38 (depth 2, 28 lits): UNSAT in 0.04s
    cube 4056.222.39 (depth 2, 28 lits): UNSAT in 0.10s
    cube 4056.222.40 (depth 2, 28 lits): UNSAT in 0.11s
    cube 4056.222.41 (depth 2, 28 lits): UNSAT in 0.19s
    cube 4056.222.42 (depth 2, 28 lits): UNSAT in 0.01s
    cube 4056.222.43 (depth 2, 28 lits): UNSAT in 0.02s
    cube 4056.222.44 (depth 2, 28 lits): UNSAT in 0.02s
    cube 4056.222.45 (depth 2, 28 lits): UNSAT in 0.03s
    cube 4056.222.46 (depth 2, 28 lits): UNSAT in 0.02s
    cube 4056.222.47 (depth 2, 28 lits): UNSAT in 0.02s
    cube 4056.222.48 (depth 2, 28 lits): UNSAT in 0.05s
    cube 4056.222.49 (depth 2, 28 lits): UNSAT in 0.18s
    cube 4056.222.50 (depth 2, 28 lits): UNSAT in 0.03s
    cube 4056.222.51 (depth 2, 28 lits): UNSAT in 0.12s
    cube 4056.222.52 (depth 2, 28 lits): UNSAT in 0.14s
    cube 4056.222.53 (depth 2, 28 lits): UNSAT in 0.23s
    cube 4056.222.54 (depth 2, 28 lits): UNSAT in 0.05s
    cube 4056.222.55 (depth 2, 28 lits): UNSAT in 0.18s
    cube 4056.222.56 (depth 2, 28 lits): UNSAT in 0.20s
    cube 4056.222.57 (depth 2, 28 lits): UNSAT in 0.64s
    cube 4056.222.58 (depth 2, 28 lits): UNSAT in 0.01s
    cube 4056.222.59 (depth 2, 28 lits): UNSAT in 0.02s
    cube 4056.222.60 (depth 2, 28 lits): UNSAT in 0.02s
    cube 4056.222.61 (depth 2, 28 lits): UNSAT in 0.04s
    cube 4056.222.62 (depth 2, 28 lits): UNSAT in 0.02s
    cube 4056.222.63 (depth 2, 28 lits): UNSAT in 0.02s
    cube 4056.222.64 (depth 2, 28 lits): UNSAT in 0.07s
    cube 4056.222.65 (depth 2, 28 lits): UNSAT in 0.10s
    cube 4056.222.66 (depth 2, 28 lits): UNSAT in 0.01s
    cube 4056.222.67 (depth 2, 28 lits): UNSAT in 0.04s
    cube 4056.222.68 (depth 2, 28 lits): UNSAT in 0.01s
    cube 4056.222.69 (depth 2, 28 lits): UNSAT in 0.05s
    cube 4056.222.70 (depth 2, 28 lits): UNSAT in 0.01s
    cube 4056.222.71 (depth 2, 28 lits): UNSAT in 0.02s
    cube 4056.222.72 (depth 2, 28 lits): UNSAT in 0.11s
    cube 4056.222.73 (depth 2, 28 lits): UNSAT in 0.30s
    cube 4056.222.74 (depth 2, 28 lits): UNSAT in 0.02s
    cube 4056.222.75 (depth 2, 28 lits): UNSAT in 0.03s
    cube 4056.222.76 (depth 2, 28 lits): UNSAT in 0.04s
    cube 4056.222.77 (depth 2, 28 lits): UNSAT in 0.15s
    cube 4056.222.78 (depth 2, 28 lits): UNSAT in 0.12s
    cube 4056.222.79 (depth 2, 28 lits): UNSAT in 0.20s
    cube 4056.222.80 (depth 2, 28 lits): UNSAT in 0.30s
    cube 4056.222.81 (depth 2, 28 lits): UNSAT in 0.55s
    cube 4056.222.82 (depth 2, 28 lits): UNSAT in 0.06s
    cube 4056.222.83 (depth 2, 28 lits): UNSAT in 0.14s
    cube 4056.222.84 (depth 2, 28 lits): UNSAT in 0.09s
    cube 4056.222.85 (depth 2, 28 lits): UNSAT in 0.29s
    cube 4056.222.86 (depth 2, 28 lits): UNSAT in 0.05s
    cube 4056.222.87 (depth 2, 28 lits): UNSAT in 0.09s
    cube 4056.222.88 (depth 2, 28 lits): UNSAT in 0.92s
    cube 4056.222.89 (depth 2, 28 lits): UNSAT in 0.73s
    cube 4056.222.90 (depth 2, 28 lits): UNSAT in 0.03s
    cube 4056.222.91 (depth 2, 28 lits): UNSAT in 0.05s
    cube 4056.222.92 (depth 2, 28 lits): UNSAT in 0.03s
    cube 4056.222.93 (depth 2, 28 lits): UNSAT in 0.11s
    cube 4056.222.94 (depth 2, 28 lits): UNSAT in 0.06s
    cube 4056.222.95 (depth 2, 28 lits): UNSAT in 0.10s
    cube 4056.222.96 (depth 2, 28 lits): UNSAT in 0.07s
    cube 4056.222.97 (depth 2, 28 lits): UNSAT in 0.67s
    cube 4056.222.98 (depth 2, 28 lits): UNSAT in 0.18s
    cube 4056.222.99 (depth 2, 28 lits): UNSAT in 0.74s
    cube 4056.222.100 (depth 2, 28 lits): UNSAT in 0.69s
    cube 4056.222.101 (depth 2, 28 lits): UNSAT in 0.47s
    cube 4056.222.102 (depth 2, 28 lits): UNSAT in 0.16s
    cube 4056.222.103 (depth 2, 28 lits): UNSAT in 0.69s
    cube 4056.222.104 (depth 2, 28 lits): UNSAT in 2.77s
    cube 4056.222.105 (depth 2, 28 lits): UNSAT in 5.41s
    cube 4056.222.106 (depth 2, 28 lits): UNSAT in 0.03s
    cube 4056.222.107 (depth 2, 28 lits): UNSAT in 0.20s
    cube 4056.222.108 (depth 2, 28 lits): UNSAT in 0.03s
    cube 4056.222.109 (depth 2, 28 lits): UNSAT in 0.46s
    cube 4056.222.110 (depth 2, 28 lits): UNSAT in 0.04s
    cube 4056.222.111 (depth 2, 28 lits): UNSAT in 0.21s
    cube 4056.222.112 (depth 2, 28 lits): UNSAT in 0.97s
    cube 4056.222.113 (depth 2, 28 lits): UNSAT in 4.52s
    cube 4056.222.114 (depth 2, 28 lits): UNSAT in 0.20s
    cube 4056.222.115 (depth 2, 28 lits): UNSAT in 1.14s
    cube 4056.222.116 (depth 2, 28 lits): UNSAT in 2.47s
    cube 4056.222.117 (depth 2, 28 lits): UNSAT in 13.65s
    cube 4056.222.118 (depth 2, 28 lits): UNSAT in 1.07s
    cube 4056.222.119 (depth 2, 28 lits): UNSAT in 9.52s
    cube 4056.222.120 (depth 2, 28 lits): UNSAT in 9.25s
    cube 4056.222.121 (depth 2, 28 lits): UNSAT in 112.90s
    cube 4056.222.122 (depth 2, 28 lits): UNSAT in 0.01s
    cube 4056.222.123 (depth 2, 28 lits): UNSAT in 0.02s
    cube 4056.222.124 (depth 2, 28 lits): UNSAT in 0.02s
    cube 4056.222.125 (depth 2, 28 lits): UNSAT in 0.02s
    cube 4056.222.126 (depth 2, 28 lits): UNSAT in 0.01s
    cube 4056.222.127 (depth 2, 28 lits): UNSAT in 0.02s
    cube 4056.222.128 (depth 2, 28 lits): UNSAT in 0.02s
    cube 4056.222.129 (depth 2, 28 lits): UNSAT in 0.05s
    cube 4056.222.130 (depth 2, 28 lits): UNSAT in 0.01s
    cube 4056.222.131 (depth 2, 28 lits): UNSAT in 0.02s
    cube 4056.222.132 (depth 2, 28 lits): UNSAT in 0.04s
    cube 4056.222.133 (depth 2, 28 lits): UNSAT in 0.11s
    cube 4056.222.134 (depth 2, 28 lits): UNSAT in 0.04s
    cube 4056.222.135 (depth 2, 28 lits): UNSAT in 0.07s
    cube 4056.222.136 (depth 2, 28 lits): UNSAT in 0.10s
    cube 4056.222.137 (depth 2, 28 lits): UNSAT in 0.41s
    cube 4056.222.138 (depth 2, 28 lits): UNSAT in 0.02s
    cube 4056.222.139 (depth 2, 28 lits): UNSAT in 0.02s
    cube 4056.222.140 (depth 2, 28 lits): UNSAT in 0.02s
    cube 4056.222.141 (depth 2, 28 lits): UNSAT in 0.03s
    cube 4056.222.142 (depth 2, 28 lits): UNSAT in 0.01s
    cube 4056.222.143 (depth 2, 28 lits): UNSAT in 0.05s
    cube 4056.222.144 (depth 2, 28 lits): UNSAT in 0.13s
    cube 4056.222.145 (depth 2, 28 lits): UNSAT in 0.22s
    cube 4056.222.146 (depth 2, 28 lits): UNSAT in 0.04s
    cube 4056.222.147 (depth 2, 28 lits): UNSAT in 0.09s
    cube 4056.222.148 (depth 2, 28 lits): UNSAT in 0.07s
    cube 4056.222.149 (depth 2, 28 lits): UNSAT in 0.36s
    cube 4056.222.150 (depth 2, 28 lits): UNSAT in 0.06s
    cube 4056.222.151 (depth 2, 28 lits): UNSAT in 0.11s
    cube 4056.222.152 (depth 2, 28 lits): UNSAT in 0.13s
    cube 4056.222.153 (depth 2, 28 lits): UNSAT in 0.79s
    cube 4056.222.154 (depth 2, 28 lits): UNSAT in 0.01s
    cube 4056.222.155 (depth 2, 28 lits): UNSAT in 0.02s
    cube 4056.222.156 (depth 2, 28 lits): UNSAT in 0.02s
    cube 4056.222.157 (depth 2, 28 lits): UNSAT in 0.05s
    cube 4056.222.158 (depth 2, 28 lits): UNSAT in 0.03s
    cube 4056.222.159 (depth 2, 28 lits): UNSAT in 0.10s
    cube 4056.222.160 (depth 2, 28 lits): UNSAT in 0.22s
    cube 4056.222.161 (depth 2, 28 lits): UNSAT in 0.40s
    cube 4056.222.162 (depth 2, 28 lits): UNSAT in 0.03s
    cube 4056.222.163 (depth 2, 28 lits): UNSAT in 0.10s
    cube 4056.222.164 (depth 2, 28 lits): UNSAT in 0.08s
    cube 4056.222.165 (depth 2, 28 lits): UNSAT in 0.28s
    cube 4056.222.166 (depth 2, 28 lits): UNSAT in 0.12s
    cube 4056.222.167 (depth 2, 28 lits): UNSAT in 1.27s
    cube 4056.222.168 (depth 2, 28 lits): UNSAT in 0.52s
    cube 4056.222.169 (depth 2, 28 lits): UNSAT in 8.03s
    cube 4056.222.170 (depth 2, 28 lits): UNSAT in 0.03s
    cube 4056.222.171 (depth 2, 28 lits): UNSAT in 0.06s
    cube 4056.222.172 (depth 2, 28 lits): UNSAT in 0.09s
    cube 4056.222.173 (depth 2, 28 lits): UNSAT in 0.28s
    cube 4056.222.174 (depth 2, 28 lits): UNSAT in 0.18s
    cube 4056.222.175 (depth 2, 28 lits): UNSAT in 0.86s
    cube 4056.222.176 (depth 2, 28 lits): UNSAT in 2.44s
    cube 4056.222.177 (depth 2, 28 lits): UNSAT in 3.86s
    cube 4056.222.178 (depth 2, 28 lits): UNSAT in 0.71s
    cube 4056.222.179 (depth 2, 28 lits): UNSAT in 2.75s
    cube 4056.222.180 (depth 2, 28 lits): UNSAT in 0.75s
    cube 4056.222.181 (depth 2, 28 lits): UNSAT in 3.34s
    cube 4056.222.182 (depth 2, 28 lits): UNSAT in 1.50s
    cube 4056.222.183 (depth 2, 28 lits): UNSAT in 7.27s
    cube 4056.222.184 (depth 2, 28 lits): UNSAT in 3.60s
    cube 4056.222.185 (depth 2, 28 lits): UNSAT in 43.56s
    cube 4056.222.186 (depth 2, 28 lits): UNSAT in 0.02s
    cube 4056.222.187 (depth 2, 28 lits): UNSAT in 0.02s
    cube 4056.222.188 (depth 2, 28 lits): UNSAT in 0.05s
    cube 4056.222.189 (depth 2, 28 lits): UNSAT in 0.11s
    cube 4056.222.190 (depth 2, 28 lits): UNSAT in 0.04s
    cube 4056.222.191 (depth 2, 28 lits): UNSAT in 0.14s
    cube 4056.222.192 (depth 2, 28 lits): UNSAT in 0.14s
    cube 4056.222.193 (depth 2, 28 lits): UNSAT in 0.46s
    cube 4056.222.194 (depth 2, 28 lits): UNSAT in 0.08s
    cube 4056.222.195 (depth 2, 28 lits): UNSAT in 0.36s
    cube 4056.222.196 (depth 2, 28 lits): UNSAT in 0.07s
    cube 4056.222.197 (depth 2, 28 lits): UNSAT in 1.32s
    cube 4056.222.198 (depth 2, 28 lits): UNSAT in 0.06s
    cube 4056.222.199 (depth 2, 28 lits): UNSAT in 0.13s
    cube 4056.222.200 (depth 2, 28 lits): UNSAT in 0.53s
    cube 4056.222.201 (depth 2, 28 lits): UNSAT in 6.66s
    cube 4056.222.202 (depth 2, 28 lits): UNSAT in 0.03s
    cube 4056.222.203 (depth 2, 28 lits): UNSAT in 0.06s
    cube 4056.222.204 (depth 2, 28 lits): UNSAT in 0.09s
    cube 4056.222.205 (depth 2, 28 lits): UNSAT in 1.13s
    cube 4056.222.206 (depth 2, 28 lits): UNSAT in 0.20s
    cube 4056.222.207 (depth 2, 28 lits): UNSAT in 2.53s
    cube 4056.222.208 (depth 2, 28 lits): UNSAT in 1.88s
    cube 4056.222.209 (depth 2, 28 lits): UNSAT in 15.68s
    cube 4056.222.210 (depth 2, 28 lits): UNSAT in 0.32s
    cube 4056.222.211 (depth 2, 28 lits): UNSAT in 2.46s
    cube 4056.222.212 (depth 2, 28 lits): UNSAT in 3.44s
    cube 4056.222.213 (depth 2, 28 lits): UNSAT in 19.72s
    cube 4056.222.214 (depth 2, 28 lits): UNSAT in 3.26s
    cube 4056.222.215 (depth 2, 28 lits): UNSAT in 20.90s
    cube 4056.222.216 (depth 2, 28 lits): UNSAT in 15.93s
    cube 4056.222.217 (depth 2, 28 lits): UNSAT in 87.49s
    cube 4056.222.218 (depth 2, 28 lits): UNSAT in 0.05s
    cube 4056.222.219 (depth 2, 28 lits): UNSAT in 0.03s
    cube 4056.222.220 (depth 2, 28 lits): UNSAT in 0.02s
    cube 4056.222.221 (depth 2, 28 lits): UNSAT in 0.21s
    cube 4056.222.222 (depth 2, 28 lits): UNSAT in 0.12s
    cube 4056.222.223 (depth 2, 28 lits): UNSAT in 0.48s
    cube 4056.222.224 (depth 2, 28 lits): UNSAT in 0.37s
    cube 4056.222.225 (depth 2, 28 lits): UNSAT in 1.62s
    cube 4056.222.226 (depth 2, 28 lits): UNSAT in 0.28s
    cube 4056.222.227 (depth 2, 28 lits): UNSAT in 0.42s
    cube 4056.222.228 (depth 2, 28 lits): UNSAT in 1.60s
    cube 4056.222.229 (depth 2, 28 lits): UNSAT in 4.84s
    cube 4056.222.230 (depth 2, 28 lits): UNSAT in 0.26s
    cube 4056.222.231 (depth 2, 28 lits): UNSAT in 1.11s
    cube 4056.222.232 (depth 2, 28 lits): UNSAT in 2.86s
    cube 4056.222.233 (depth 2, 28 lits): UNSAT in 63.55s
    cube 4056.222.234 (depth 2, 28 lits): UNSAT in 0.30s
    cube 4056.222.235 (depth 2, 28 lits): UNSAT in 2.28s
    cube 4056.222.236 (depth 2, 28 lits): UNSAT in 1.36s
    cube 4056.222.237 (depth 2, 28 lits): UNSAT in 7.63s
    cube 4056.222.238 (depth 2, 28 lits): UNSAT in 0.97s
    cube 4056.222.239 (depth 2, 28 lits): UNSAT in 2.69s
    cube 4056.222.240 (depth 2, 28 lits): UNSAT in 7.76s
    cube 4056.222.241 (depth 2, 28 lits): UNSAT in 118.25s
    cube 4056.222.242 (depth 2, 28 lits): UNSAT in 0.10s
    cube 4056.222.243 (depth 2, 28 lits): UNSAT in 0.45s
    cube 4056.222.244 (depth 2, 28 lits): UNSAT in 0.25s
    cube 4056.222.245 (depth 2, 28 lits): UNSAT in 2.78s
    cube 4056.222.246 (depth 2, 28 lits): UNSAT in 0.49s
    cube 4056.222.247 (depth 2, 28 lits): UNSAT in 5.08s
    cube 4056.222.248 (depth 2, 28 lits): UNSAT in 9.30s
    cube 4056.222.249 (depth 2, 28 lits): UNSAT in 87.60s
    cube 4056.223 (depth 1, 20 lits): UNSAT in 0.18s
    cube 4056.224 (depth 1, 20 lits): UNSAT in 1.40s
    cube 4056.225 (depth 1, 20 lits): UNSAT in 2.08s
    cube 4056.226 (depth 1, 20 lits): UNSAT in 14.72s
    cube 4056.227 (depth 1, 20 lits): UNSAT in 0.58s
    cube 4056.228 (depth 1, 20 lits): UNSAT in 8.27s
    cube 4056.229 (depth 1, 20 lits): UNSAT in 33.32s
    cube 4056.230 (depth 1, 20 lits): TIMEOUT in 1200.10s
    cube 4056.230 TIMEOUT -> re-split into 248 sub-cubes (depth 2)
    cube 4056.230.0 (depth 2, 27 lits): UNSAT in 0.01s
    cube 4056.230.1 (depth 2, 28 lits): UNSAT in 0.01s
    cube 4056.230.2 (depth 2, 28 lits): UNSAT in 0.01s
    cube 4056.230.3 (depth 2, 28 lits): UNSAT in 0.01s
    cube 4056.230.4 (depth 2, 28 lits): UNSAT in 0.01s
    cube 4056.230.5 (depth 2, 28 lits): UNSAT in 0.01s
    cube 4056.230.6 (depth 2, 28 lits): UNSAT in 0.01s
    cube 4056.230.7 (depth 2, 26 lits): UNSAT in 0.01s
    cube 4056.230.8 (depth 2, 26 lits): UNSAT in 0.01s
    cube 4056.230.9 (depth 2, 28 lits): UNSAT in 0.01s
    cube 4056.230.10 (depth 2, 28 lits): UNSAT in 0.01s
    cube 4056.230.11 (depth 2, 28 lits): UNSAT in 0.01s
    cube 4056.230.12 (depth 2, 28 lits): UNSAT in 0.01s
    cube 4056.230.13 (depth 2, 28 lits): UNSAT in 0.01s
    cube 4056.230.14 (depth 2, 28 lits): UNSAT in 0.01s
    cube 4056.230.15 (depth 2, 28 lits): UNSAT in 0.01s
    cube 4056.230.16 (depth 2, 28 lits): UNSAT in 0.01s
    cube 4056.230.17 (depth 2, 28 lits): UNSAT in 0.01s
    cube 4056.230.18 (depth 2, 28 lits): UNSAT in 0.02s
    cube 4056.230.19 (depth 2, 28 lits): UNSAT in 0.02s
    cube 4056.230.20 (depth 2, 28 lits): UNSAT in 0.02s
    cube 4056.230.21 (depth 2, 28 lits): UNSAT in 0.02s
    cube 4056.230.22 (depth 2, 28 lits): UNSAT in 0.02s
    cube 4056.230.23 (depth 2, 28 lits): UNSAT in 0.02s
    cube 4056.230.24 (depth 2, 28 lits): UNSAT in 0.02s
    cube 4056.230.25 (depth 2, 28 lits): UNSAT in 0.02s
    cube 4056.230.26 (depth 2, 28 lits): UNSAT in 0.02s
    cube 4056.230.27 (depth 2, 28 lits): UNSAT in 0.02s
    cube 4056.230.28 (depth 2, 28 lits): UNSAT in 0.02s
    cube 4056.230.29 (depth 2, 28 lits): UNSAT in 0.01s
    cube 4056.230.30 (depth 2, 28 lits): UNSAT in 0.03s
    cube 4056.230.31 (depth 2, 28 lits): UNSAT in 0.02s
    cube 4056.230.32 (depth 2, 28 lits): UNSAT in 0.03s
    cube 4056.230.33 (depth 2, 28 lits): UNSAT in 0.02s
    cube 4056.230.34 (depth 2, 28 lits): UNSAT in 0.01s
    cube 4056.230.35 (depth 2, 28 lits): UNSAT in 0.02s
    cube 4056.230.36 (depth 2, 28 lits): UNSAT in 0.02s
    cube 4056.230.37 (depth 2, 28 lits): UNSAT in 0.01s
    cube 4056.230.38 (depth 2, 28 lits): UNSAT in 0.01s
    cube 4056.230.39 (depth 2, 28 lits): UNSAT in 0.01s
    cube 4056.230.40 (depth 2, 28 lits): UNSAT in 0.01s
    cube 4056.230.41 (depth 2, 28 lits): UNSAT in 0.01s
    cube 4056.230.42 (depth 2, 28 lits): UNSAT in 0.02s
    cube 4056.230.43 (depth 2, 28 lits): UNSAT in 0.01s
    cube 4056.230.44 (depth 2, 28 lits): UNSAT in 0.02s
    cube 4056.230.45 (depth 2, 28 lits): UNSAT in 0.03s
    cube 4056.230.46 (depth 2, 28 lits): UNSAT in 0.04s
    cube 4056.230.47 (depth 2, 28 lits): UNSAT in 0.04s
    cube 4056.230.48 (depth 2, 28 lits): UNSAT in 0.04s
    cube 4056.230.49 (depth 2, 28 lits): UNSAT in 0.02s
    cube 4056.230.50 (depth 2, 28 lits): UNSAT in 0.02s
    cube 4056.230.51 (depth 2, 28 lits): UNSAT in 0.07s
    cube 4056.230.52 (depth 2, 28 lits): UNSAT in 0.07s
    cube 4056.230.53 (depth 2, 28 lits): UNSAT in 0.05s
    cube 4056.230.54 (depth 2, 28 lits): UNSAT in 0.06s
    cube 4056.230.55 (depth 2, 28 lits): UNSAT in 0.05s
    cube 4056.230.56 (depth 2, 28 lits): UNSAT in 0.10s
    cube 4056.230.57 (depth 2, 28 lits): UNSAT in 0.01s
    cube 4056.230.58 (depth 2, 28 lits): UNSAT in 0.01s
    cube 4056.230.59 (depth 2, 28 lits): UNSAT in 0.02s
    cube 4056.230.60 (depth 2, 28 lits): UNSAT in 0.02s
    cube 4056.230.61 (depth 2, 28 lits): UNSAT in 0.01s
    cube 4056.230.62 (depth 2, 28 lits): UNSAT in 0.02s
    cube 4056.230.63 (depth 2, 28 lits): UNSAT in 0.02s
    cube 4056.230.64 (depth 2, 28 lits): UNSAT in 0.04s
    cube 4056.230.65 (depth 2, 27 lits): UNSAT in 0.02s
    cube 4056.230.66 (depth 2, 28 lits): UNSAT in 0.02s
    cube 4056.230.67 (depth 2, 28 lits): UNSAT in 0.09s
    cube 4056.230.68 (depth 2, 28 lits): UNSAT in 0.02s
    cube 4056.230.69 (depth 2, 28 lits): UNSAT in 0.07s
    cube 4056.230.70 (depth 2, 28 lits): UNSAT in 0.05s
    cube 4056.230.71 (depth 2, 28 lits): UNSAT in 0.15s
    cube 4056.230.72 (depth 2, 28 lits): UNSAT in 0.01s
    cube 4056.230.73 (depth 2, 28 lits): UNSAT in 0.02s
    cube 4056.230.74 (depth 2, 28 lits): UNSAT in 0.02s
    cube 4056.230.75 (depth 2, 28 lits): UNSAT in 0.02s
    cube 4056.230.76 (depth 2, 28 lits): UNSAT in 0.01s
    cube 4056.230.77 (depth 2, 28 lits): UNSAT in 0.02s
    cube 4056.230.78 (depth 2, 28 lits): UNSAT in 0.04s
    cube 4056.230.79 (depth 2, 28 lits): UNSAT in 0.05s
    cube 4056.230.80 (depth 2, 28 lits): UNSAT in 0.02s
    cube 4056.230.81 (depth 2, 28 lits): UNSAT in 0.04s
    cube 4056.230.82 (depth 2, 28 lits): UNSAT in 0.13s
    cube 4056.230.83 (depth 2, 28 lits): UNSAT in 0.12s
    cube 4056.230.84 (depth 2, 28 lits): UNSAT in 0.02s
    cube 4056.230.85 (depth 2, 28 lits): UNSAT in 0.06s
    cube 4056.230.86 (depth 2, 28 lits): UNSAT in 0.19s
    cube 4056.230.87 (depth 2, 28 lits): UNSAT in 0.35s
    cube 4056.230.88 (depth 2, 28 lits): UNSAT in 0.01s
    cube 4056.230.89 (depth 2, 28 lits): UNSAT in 0.02s
    cube 4056.230.90 (depth 2, 28 lits): UNSAT in 0.02s
    cube 4056.230.91 (depth 2, 28 lits): UNSAT in 0.02s
    cube 4056.230.92 (depth 2, 28 lits): UNSAT in 0.02s
    cube 4056.230.93 (depth 2, 28 lits): UNSAT in 0.04s
    cube 4056.230.94 (depth 2, 28 lits): UNSAT in 0.01s
    cube 4056.230.95 (depth 2, 28 lits): UNSAT in 0.05s
    cube 4056.230.96 (depth 2, 28 lits): UNSAT in 0.02s
    cube 4056.230.97 (depth 2, 28 lits): UNSAT in 0.05s
    cube 4056.230.98 (depth 2, 28 lits): UNSAT in 0.09s
    cube 4056.230.99 (depth 2, 28 lits): UNSAT in 0.09s
    cube 4056.230.100 (depth 2, 28 lits): UNSAT in 0.10s
    cube 4056.230.101 (depth 2, 28 lits): UNSAT in 0.13s
    cube 4056.230.102 (depth 2, 28 lits): UNSAT in 0.08s
    cube 4056.230.103 (depth 2, 28 lits): UNSAT in 0.33s
    cube 4056.230.104 (depth 2, 28 lits): UNSAT in 0.02s
    cube 4056.230.105 (depth 2, 28 lits): UNSAT in 0.05s
    cube 4056.230.106 (depth 2, 28 lits): UNSAT in 0.04s
    cube 4056.230.107 (depth 2, 28 lits): UNSAT in 0.12s
    cube 4056.230.108 (depth 2, 28 lits): UNSAT in 0.04s
    cube 4056.230.109 (depth 2, 28 lits): UNSAT in 0.31s
    cube 4056.230.110 (depth 2, 28 lits): UNSAT in 0.50s
    cube 4056.230.111 (depth 2, 28 lits): UNSAT in 1.42s
    cube 4056.230.112 (depth 2, 28 lits): UNSAT in 0.02s
    cube 4056.230.113 (depth 2, 28 lits): UNSAT in 0.13s
    cube 4056.230.114 (depth 2, 28 lits): UNSAT in 0.15s
    cube 4056.230.115 (depth 2, 28 lits): UNSAT in 0.46s
    cube 4056.230.116 (depth 2, 28 lits): UNSAT in 0.14s
    cube 4056.230.117 (depth 2, 28 lits): UNSAT in 1.18s
    cube 4056.230.118 (depth 2, 28 lits): UNSAT in 2.05s
    cube 4056.230.119 (depth 2, 28 lits): UNSAT in 7.25s
    cube 4056.230.120 (depth 2, 28 lits): UNSAT in 0.02s
    cube 4056.230.121 (depth 2, 28 lits): UNSAT in 0.03s
    cube 4056.230.122 (depth 2, 28 lits): UNSAT in 0.02s
    cube 4056.230.123 (depth 2, 28 lits): UNSAT in 0.03s
    cube 4056.230.124 (depth 2, 28 lits): UNSAT in 0.01s
    cube 4056.230.125 (depth 2, 28 lits): UNSAT in 0.02s
    cube 4056.230.126 (depth 2, 28 lits): UNSAT in 0.02s
    cube 4056.230.127 (depth 2, 28 lits): UNSAT in 0.05s
    cube 4056.230.128 (depth 2, 28 lits): UNSAT in 0.01s
    cube 4056.230.129 (depth 2, 28 lits): UNSAT in 0.01s
    cube 4056.230.130 (depth 2, 28 lits): UNSAT in 0.02s
    cube 4056.230.131 (depth 2, 28 lits): UNSAT in 0.04s
    cube 4056.230.132 (depth 2, 28 lits): UNSAT in 0.02s
    cube 4056.230.133 (depth 2, 28 lits): UNSAT in 0.06s
    cube 4056.230.134 (depth 2, 28 lits): UNSAT in 0.08s
    cube 4056.230.135 (depth 2, 28 lits): UNSAT in 0.31s
    cube 4056.230.136 (depth 2, 28 lits): UNSAT in 0.01s
    cube 4056.230.137 (depth 2, 28 lits): UNSAT in 0.02s
    cube 4056.230.138 (depth 2, 28 lits): UNSAT in 0.03s
    cube 4056.230.139 (depth 2, 28 lits): UNSAT in 0.13s
    cube 4056.230.140 (depth 2, 28 lits): UNSAT in 0.02s
    cube 4056.230.141 (depth 2, 28 lits): UNSAT in 0.05s
    cube 4056.230.142 (depth 2, 28 lits): UNSAT in 0.05s
    cube 4056.230.143 (depth 2, 28 lits): UNSAT in 0.33s
    cube 4056.230.144 (depth 2, 28 lits): UNSAT in 0.03s
    cube 4056.230.145 (depth 2, 28 lits): UNSAT in 0.09s
    cube 4056.230.146 (depth 2, 28 lits): UNSAT in 0.11s
    cube 4056.230.147 (depth 2, 28 lits): UNSAT in 0.25s
    cube 4056.230.148 (depth 2, 28 lits): UNSAT in 0.12s
    cube 4056.230.149 (depth 2, 28 lits): UNSAT in 0.36s
    cube 4056.230.150 (depth 2, 28 lits): UNSAT in 0.96s
    cube 4056.230.151 (depth 2, 28 lits): UNSAT in 7.11s
    cube 4056.230.152 (depth 2, 28 lits): UNSAT in 0.01s
    cube 4056.230.153 (depth 2, 28 lits): UNSAT in 0.04s
    cube 4056.230.154 (depth 2, 28 lits): UNSAT in 0.03s
    cube 4056.230.155 (depth 2, 28 lits): UNSAT in 0.16s
    cube 4056.230.156 (depth 2, 28 lits): UNSAT in 0.03s
    cube 4056.230.157 (depth 2, 28 lits): UNSAT in 0.04s
    cube 4056.230.158 (depth 2, 28 lits): UNSAT in 0.13s
    cube 4056.230.159 (depth 2, 28 lits): UNSAT in 0.84s
    cube 4056.230.160 (depth 2, 28 lits): UNSAT in 0.01s
    cube 4056.230.161 (depth 2, 28 lits): UNSAT in 0.15s
    cube 4056.230.162 (depth 2, 28 lits): UNSAT in 0.08s
    cube 4056.230.163 (depth 2, 28 lits): UNSAT in 0.22s
    cube 4056.230.164 (depth 2, 28 lits): UNSAT in 0.07s
    cube 4056.230.165 (depth 2, 28 lits): UNSAT in 0.31s
    cube 4056.230.166 (depth 2, 28 lits): UNSAT in 0.09s
    cube 4056.230.167 (depth 2, 28 lits): UNSAT in 2.85s
    cube 4056.230.168 (depth 2, 28 lits): UNSAT in 0.02s
    cube 4056.230.169 (depth 2, 28 lits): UNSAT in 0.03s
    cube 4056.230.170 (depth 2, 28 lits): UNSAT in 0.06s
    cube 4056.230.171 (depth 2, 28 lits): UNSAT in 0.43s
    cube 4056.230.172 (depth 2, 28 lits): UNSAT in 0.05s
    cube 4056.230.173 (depth 2, 28 lits): UNSAT in 0.38s
    cube 4056.230.174 (depth 2, 28 lits): UNSAT in 0.14s
    cube 4056.230.175 (depth 2, 28 lits): UNSAT in 2.29s
    cube 4056.230.176 (depth 2, 28 lits): UNSAT in 0.05s
    cube 4056.230.177 (depth 2, 28 lits): UNSAT in 1.04s
    cube 4056.230.178 (depth 2, 28 lits): UNSAT in 0.69s
    cube 4056.230.179 (depth 2, 28 lits): UNSAT in 2.70s
    cube 4056.230.180 (depth 2, 28 lits): UNSAT in 0.45s
    cube 4056.230.181 (depth 2, 28 lits): UNSAT in 5.61s
    cube 4056.230.182 (depth 2, 28 lits): UNSAT in 6.43s
    cube 4056.230.183 (depth 2, 28 lits): UNSAT in 42.87s
    cube 4056.230.184 (depth 2, 28 lits): UNSAT in 0.02s
    cube 4056.230.185 (depth 2, 28 lits): UNSAT in 0.03s
    cube 4056.230.186 (depth 2, 28 lits): UNSAT in 0.03s
    cube 4056.230.187 (depth 2, 28 lits): UNSAT in 0.08s
    cube 4056.230.188 (depth 2, 28 lits): UNSAT in 0.02s
    cube 4056.230.189 (depth 2, 28 lits): UNSAT in 0.09s
    cube 4056.230.190 (depth 2, 28 lits): UNSAT in 0.06s
    cube 4056.230.191 (depth 2, 28 lits): UNSAT in 0.54s
    cube 4056.230.192 (depth 2, 28 lits): UNSAT in 0.02s
    cube 4056.230.193 (depth 2, 28 lits): UNSAT in 0.04s
    cube 4056.230.194 (depth 2, 28 lits): UNSAT in 0.08s
    cube 4056.230.195 (depth 2, 28 lits): UNSAT in 0.24s
    cube 4056.230.196 (depth 2, 28 lits): UNSAT in 0.08s
    cube 4056.230.197 (depth 2, 28 lits): UNSAT in 0.44s
    cube 4056.230.198 (depth 2, 28 lits): UNSAT in 0.13s
    cube 4056.230.199 (depth 2, 28 lits): UNSAT in 1.14s
    cube 4056.230.200 (depth 2, 28 lits): UNSAT in 0.02s
    cube 4056.230.201 (depth 2, 28 lits): UNSAT in 0.05s
    cube 4056.230.202 (depth 2, 28 lits): UNSAT in 0.11s
    cube 4056.230.203 (depth 2, 28 lits): UNSAT in 0.59s
    cube 4056.230.204 (depth 2, 28 lits): UNSAT in 0.07s
    cube 4056.230.205 (depth 2, 28 lits): UNSAT in 0.38s
    cube 4056.230.206 (depth 2, 28 lits): UNSAT in 0.24s
    cube 4056.230.207 (depth 2, 28 lits): UNSAT in 5.51s
    cube 4056.230.208 (depth 2, 28 lits): UNSAT in 0.10s
    cube 4056.230.209 (depth 2, 28 lits): UNSAT in 0.23s
    cube 4056.230.210 (depth 2, 28 lits): UNSAT in 0.32s
    cube 4056.230.211 (depth 2, 28 lits): UNSAT in 2.36s
    cube 4056.230.212 (depth 2, 28 lits): UNSAT in 0.38s
    cube 4056.230.213 (depth 2, 28 lits): UNSAT in 0.77s
    cube 4056.230.214 (depth 2, 28 lits): UNSAT in 2.47s
    cube 4056.230.215 (depth 2, 28 lits): UNSAT in 23.24s
    cube 4056.230.216 (depth 2, 28 lits): UNSAT in 0.04s
    cube 4056.230.217 (depth 2, 28 lits): UNSAT in 0.07s
    cube 4056.230.218 (depth 2, 28 lits): UNSAT in 0.23s
    cube 4056.230.219 (depth 2, 28 lits): UNSAT in 1.16s
    cube 4056.230.220 (depth 2, 28 lits): UNSAT in 0.18s
    cube 4056.230.221 (depth 2, 28 lits): UNSAT in 2.73s
    cube 4056.230.222 (depth 2, 28 lits): UNSAT in 2.21s
    cube 4056.230.223 (depth 2, 28 lits): UNSAT in 7.17s
    cube 4056.230.224 (depth 2, 28 lits): UNSAT in 0.07s
    cube 4056.230.225 (depth 2, 28 lits): UNSAT in 0.80s
    cube 4056.230.226 (depth 2, 28 lits): UNSAT in 0.26s
    cube 4056.230.227 (depth 2, 28 lits): UNSAT in 1.64s
    cube 4056.230.228 (depth 2, 28 lits): UNSAT in 0.69s
    cube 4056.230.229 (depth 2, 28 lits): UNSAT in 6.59s
    cube 4056.230.230 (depth 2, 28 lits): UNSAT in 4.02s
    cube 4056.230.231 (depth 2, 28 lits): UNSAT in 32.35s
    cube 4056.230.232 (depth 2, 28 lits): UNSAT in 0.10s
    cube 4056.230.233 (depth 2, 28 lits): UNSAT in 0.48s
    cube 4056.230.234 (depth 2, 28 lits): UNSAT in 0.98s
    cube 4056.230.235 (depth 2, 28 lits): UNSAT in 6.55s
    cube 4056.230.236 (depth 2, 28 lits): UNSAT in 1.25s
    cube 4056.230.237 (depth 2, 28 lits): UNSAT in 6.84s
    cube 4056.230.238 (depth 2, 28 lits): UNSAT in 7.89s
    cube 4056.230.239 (depth 2, 28 lits): UNSAT in 89.98s
    cube 4056.230.240 (depth 2, 28 lits): UNSAT in 1.44s
    cube 4056.230.241 (depth 2, 28 lits): UNSAT in 13.99s
    cube 4056.230.242 (depth 2, 28 lits): UNSAT in 7.15s
    cube 4056.230.243 (depth 2, 28 lits): UNSAT in 72.10s
    cube 4056.230.244 (depth 2, 28 lits): UNSAT in 14.74s
    cube 4056.230.245 (depth 2, 28 lits): UNSAT in 165.18s
    cube 4056.230.246 (depth 2, 28 lits): UNSAT in 587.30s
    cube 4056.230.247 (depth 2, 28 lits): UNSAT in 1015.53s
    cube 4056.231 (depth 1, 20 lits): UNSAT in 0.36s
    cube 4056.232 (depth 1, 20 lits): UNSAT in 1.79s
    cube 4056.233 (depth 1, 20 lits): UNSAT in 5.21s
    cube 4056.234 (depth 1, 20 lits): UNSAT in 148.84s
    cube 4056.235 (depth 1, 20 lits): UNSAT in 24.94s
    cube 4056.236 (depth 1, 20 lits): UNSAT in 850.37s
    cube 4056.237 (depth 1, 20 lits): UNSAT in 424.90s
    cube 4056.238 (depth 1, 20 lits): TIMEOUT in 1200.01s
    cube 4056.238 TIMEOUT -> re-split into 252 sub-cubes (depth 2)
    cube 4056.238.0 (depth 2, 28 lits): UNSAT in 0.01s
    cube 4056.238.1 (depth 2, 28 lits): UNSAT in 0.02s
    cube 4056.238.2 (depth 2, 27 lits): UNSAT in 0.01s
    cube 4056.238.3 (depth 2, 27 lits): UNSAT in 0.01s
    cube 4056.238.4 (depth 2, 28 lits): UNSAT in 0.02s
    cube 4056.238.5 (depth 2, 28 lits): UNSAT in 0.02s
    cube 4056.238.6 (depth 2, 27 lits): UNSAT in 0.01s
    cube 4056.238.7 (depth 2, 28 lits): UNSAT in 0.01s
    cube 4056.238.8 (depth 2, 28 lits): UNSAT in 0.02s
    cube 4056.238.9 (depth 2, 28 lits): UNSAT in 0.01s
    cube 4056.238.10 (depth 2, 28 lits): UNSAT in 0.02s
    cube 4056.238.11 (depth 2, 28 lits): UNSAT in 0.02s
    cube 4056.238.12 (depth 2, 28 lits): UNSAT in 0.03s
    cube 4056.238.13 (depth 2, 27 lits): UNSAT in 0.01s
    cube 4056.238.14 (depth 2, 28 lits): UNSAT in 0.02s
    cube 4056.238.15 (depth 2, 28 lits): UNSAT in 0.02s
    cube 4056.238.16 (depth 2, 28 lits): UNSAT in 0.01s
    cube 4056.238.17 (depth 2, 28 lits): UNSAT in 0.02s
    cube 4056.238.18 (depth 2, 28 lits): UNSAT in 0.02s
    cube 4056.238.19 (depth 2, 28 lits): UNSAT in 0.02s
    cube 4056.238.20 (depth 2, 28 lits): UNSAT in 0.01s
    cube 4056.238.21 (depth 2, 28 lits): UNSAT in 0.02s
    cube 4056.238.22 (depth 2, 28 lits): UNSAT in 0.02s
    cube 4056.238.23 (depth 2, 28 lits): UNSAT in 0.08s
    cube 4056.238.24 (depth 2, 28 lits): UNSAT in 0.08s
    cube 4056.238.25 (depth 2, 28 lits): UNSAT in 0.10s
    cube 4056.238.26 (depth 2, 28 lits): UNSAT in 0.10s
    cube 4056.238.27 (depth 2, 28 lits): UNSAT in 0.08s
    cube 4056.238.28 (depth 2, 28 lits): UNSAT in 0.01s
    cube 4056.238.29 (depth 2, 28 lits): UNSAT in 0.01s
    cube 4056.238.30 (depth 2, 28 lits): UNSAT in 0.01s
    cube 4056.238.31 (depth 2, 28 lits): UNSAT in 0.01s
    cube 4056.238.32 (depth 2, 28 lits): UNSAT in 0.01s
    cube 4056.238.33 (depth 2, 28 lits): UNSAT in 0.02s
    cube 4056.238.34 (depth 2, 28 lits): UNSAT in 0.02s
    cube 4056.238.35 (depth 2, 28 lits): UNSAT in 0.03s
    cube 4056.238.36 (depth 2, 28 lits): UNSAT in 0.02s
    cube 4056.238.37 (depth 2, 28 lits): UNSAT in 0.02s
    cube 4056.238.38 (depth 2, 28 lits): UNSAT in 0.01s
    cube 4056.238.39 (depth 2, 28 lits): UNSAT in 0.04s
    cube 4056.238.40 (depth 2, 28 lits): UNSAT in 0.02s
    cube 4056.238.41 (depth 2, 28 lits): UNSAT in 0.05s
    cube 4056.238.42 (depth 2, 28 lits): UNSAT in 0.04s
    cube 4056.238.43 (depth 2, 28 lits): UNSAT in 0.08s
    cube 4056.238.44 (depth 2, 28 lits): UNSAT in 0.02s
    cube 4056.238.45 (depth 2, 28 lits): UNSAT in 0.02s
    cube 4056.238.46 (depth 2, 28 lits): UNSAT in 0.02s
    cube 4056.238.47 (depth 2, 28 lits): UNSAT in 0.03s
    cube 4056.238.48 (depth 2, 28 lits): UNSAT in 0.01s
    cube 4056.238.49 (depth 2, 28 lits): UNSAT in 0.03s
    cube 4056.238.50 (depth 2, 28 lits): UNSAT in 0.05s
    cube 4056.238.51 (depth 2, 28 lits): UNSAT in 0.10s
    cube 4056.238.52 (depth 2, 28 lits): UNSAT in 0.05s
    cube 4056.238.53 (depth 2, 28 lits): UNSAT in 0.13s
    cube 4056.238.54 (depth 2, 28 lits): UNSAT in 0.11s
    cube 4056.238.55 (depth 2, 28 lits): UNSAT in 0.25s
    cube 4056.238.56 (depth 2, 28 lits): UNSAT in 0.15s
    cube 4056.238.57 (depth 2, 28 lits): UNSAT in 0.37s
    cube 4056.238.58 (depth 2, 28 lits): UNSAT in 0.39s
    cube 4056.238.59 (depth 2, 28 lits): UNSAT in 0.15s
    cube 4056.238.60 (depth 2, 28 lits): UNSAT in 0.02s
    cube 4056.238.61 (depth 2, 28 lits): UNSAT in 0.02s
    cube 4056.238.62 (depth 2, 28 lits): UNSAT in 0.03s
    cube 4056.238.63 (depth 2, 28 lits): UNSAT in 0.02s
    cube 4056.238.64 (depth 2, 28 lits): UNSAT in 0.02s
    cube 4056.238.65 (depth 2, 28 lits): UNSAT in 0.02s
    cube 4056.238.66 (depth 2, 28 lits): UNSAT in 0.02s
    cube 4056.238.67 (depth 2, 28 lits): UNSAT in 0.03s
    cube 4056.238.68 (depth 2, 28 lits): UNSAT in 0.01s
    cube 4056.238.69 (depth 2, 28 lits): UNSAT in 0.03s
    cube 4056.238.70 (depth 2, 28 lits): UNSAT in 0.04s
    cube 4056.238.71 (depth 2, 28 lits): UNSAT in 0.06s
    cube 4056.238.72 (depth 2, 28 lits): UNSAT in 0.03s
    cube 4056.238.73 (depth 2, 28 lits): UNSAT in 0.09s
    cube 4056.238.74 (depth 2, 28 lits): UNSAT in 0.12s
    cube 4056.238.75 (depth 2, 28 lits): UNSAT in 0.43s
    cube 4056.238.76 (depth 2, 28 lits): UNSAT in 0.03s
    cube 4056.238.77 (depth 2, 28 lits): UNSAT in 0.09s
    cube 4056.238.78 (depth 2, 28 lits): UNSAT in 0.09s
    cube 4056.238.79 (depth 2, 28 lits): UNSAT in 0.23s
    cube 4056.238.80 (depth 2, 28 lits): UNSAT in 0.10s
    cube 4056.238.81 (depth 2, 28 lits): UNSAT in 0.11s
    cube 4056.238.82 (depth 2, 28 lits): UNSAT in 0.13s
    cube 4056.238.83 (depth 2, 28 lits): UNSAT in 0.31s
    cube 4056.238.84 (depth 2, 28 lits): UNSAT in 0.18s
    cube 4056.238.85 (depth 2, 28 lits): UNSAT in 0.24s
    cube 4056.238.86 (depth 2, 28 lits): UNSAT in 0.34s
    cube 4056.238.87 (depth 2, 28 lits): UNSAT in 0.50s
    cube 4056.238.88 (depth 2, 28 lits): UNSAT in 0.03s
    cube 4056.238.89 (depth 2, 28 lits): UNSAT in 0.19s
    cube 4056.238.90 (depth 2, 28 lits): UNSAT in 0.46s
    cube 4056.238.91 (depth 2, 28 lits): UNSAT in 0.42s
    cube 4056.238.92 (depth 2, 28 lits): UNSAT in 0.01s
    cube 4056.238.93 (depth 2, 28 lits): UNSAT in 0.02s
    cube 4056.238.94 (depth 2, 28 lits): UNSAT in 0.04s
    cube 4056.238.95 (depth 2, 28 lits): UNSAT in 0.16s
    cube 4056.238.96 (depth 2, 28 lits): UNSAT in 0.10s
    cube 4056.238.97 (depth 2, 28 lits): UNSAT in 0.38s
    cube 4056.238.98 (depth 2, 28 lits): UNSAT in 0.10s
    cube 4056.238.99 (depth 2, 28 lits): UNSAT in 0.47s
    cube 4056.238.100 (depth 2, 28 lits): UNSAT in 0.03s
    cube 4056.238.101 (depth 2, 28 lits): UNSAT in 0.04s
    cube 4056.238.102 (depth 2, 28 lits): UNSAT in 0.06s
    cube 4056.238.103 (depth 2, 28 lits): UNSAT in 0.18s
    cube 4056.238.104 (depth 2, 28 lits): UNSAT in 0.15s
    cube 4056.238.105 (depth 2, 28 lits): UNSAT in 1.11s
    cube 4056.238.106 (depth 2, 28 lits): UNSAT in 0.17s
    cube 4056.238.107 (depth 2, 28 lits): UNSAT in 1.74s
    cube 4056.238.108 (depth 2, 28 lits): UNSAT in 0.03s
    cube 4056.238.109 (depth 2, 28 lits): UNSAT in 0.02s
    cube 4056.238.110 (depth 2, 28 lits): UNSAT in 0.05s
    cube 4056.238.111 (depth 2, 28 lits): UNSAT in 0.22s
    cube 4056.238.112 (depth 2, 28 lits): UNSAT in 0.22s
    cube 4056.238.113 (depth 2, 28 lits): UNSAT in 0.38s
    cube 4056.238.114 (depth 2, 28 lits): UNSAT in 0.66s
    cube 4056.238.115 (depth 2, 28 lits): UNSAT in 1.72s
    cube 4056.238.116 (depth 2, 28 lits): UNSAT in 0.44s
    cube 4056.238.117 (depth 2, 28 lits): UNSAT in 0.85s
    cube 4056.238.118 (depth 2, 28 lits): UNSAT in 0.68s
    cube 4056.238.119 (depth 2, 28 lits): UNSAT in 2.90s
    cube 4056.238.120 (depth 2, 28 lits): UNSAT in 0.28s
    cube 4056.238.121 (depth 2, 28 lits): UNSAT in 5.77s
    cube 4056.238.122 (depth 2, 28 lits): UNSAT in 8.47s
    cube 4056.238.123 (depth 2, 28 lits): UNSAT in 50.58s
    cube 4056.238.124 (depth 2, 28 lits): UNSAT in 0.02s
    cube 4056.238.125 (depth 2, 28 lits): UNSAT in 0.04s
    cube 4056.238.126 (depth 2, 28 lits): UNSAT in 0.03s
    cube 4056.238.127 (depth 2, 28 lits): UNSAT in 0.13s
    cube 4056.238.128 (depth 2, 28 lits): UNSAT in 0.10s
    cube 4056.238.129 (depth 2, 28 lits): UNSAT in 0.17s
    cube 4056.238.130 (depth 2, 28 lits): UNSAT in 0.16s
    cube 4056.238.131 (depth 2, 28 lits): UNSAT in 0.32s
    cube 4056.238.132 (depth 2, 28 lits): UNSAT in 0.02s
    cube 4056.238.133 (depth 2, 28 lits): UNSAT in 0.09s
    cube 4056.238.134 (depth 2, 28 lits): UNSAT in 0.03s
    cube 4056.238.135 (depth 2, 28 lits): UNSAT in 0.25s
    cube 4056.238.136 (depth 2, 28 lits): UNSAT in 0.11s
    cube 4056.238.137 (depth 2, 28 lits): UNSAT in 0.25s
    cube 4056.238.138 (depth 2, 28 lits): UNSAT in 0.12s
    cube 4056.238.139 (depth 2, 28 lits): UNSAT in 0.80s
    cube 4056.238.140 (depth 2, 28 lits): UNSAT in 0.02s
    cube 4056.238.141 (depth 2, 28 lits): UNSAT in 0.04s
    cube 4056.238.142 (depth 2, 28 lits): UNSAT in 0.02s
    cube 4056.238.143 (depth 2, 28 lits): UNSAT in 0.12s
    cube 4056.238.144 (depth 2, 28 lits): UNSAT in 0.09s
    cube 4056.238.145 (depth 2, 28 lits): UNSAT in 0.30s
    cube 4056.238.146 (depth 2, 28 lits): UNSAT in 0.09s
    cube 4056.238.147 (depth 2, 28 lits): UNSAT in 0.48s
    cube 4056.238.148 (depth 2, 28 lits): UNSAT in 0.12s
    cube 4056.238.149 (depth 2, 28 lits): UNSAT in 0.25s
    cube 4056.238.150 (depth 2, 28 lits): UNSAT in 0.62s
    cube 4056.238.151 (depth 2, 28 lits): UNSAT in 1.07s
    cube 4056.238.152 (depth 2, 28 lits): UNSAT in 0.39s
    cube 4056.238.153 (depth 2, 28 lits): UNSAT in 1.67s
    cube 4056.238.154 (depth 2, 28 lits): UNSAT in 1.83s
    cube 4056.238.155 (depth 2, 28 lits): UNSAT in 3.82s
    cube 4056.238.156 (depth 2, 28 lits): UNSAT in 0.06s
    cube 4056.238.157 (depth 2, 28 lits): UNSAT in 0.08s
    cube 4056.238.158 (depth 2, 28 lits): UNSAT in 0.10s
    cube 4056.238.159 (depth 2, 28 lits): UNSAT in 0.15s
    cube 4056.238.160 (depth 2, 28 lits): UNSAT in 0.22s
    cube 4056.238.161 (depth 2, 28 lits): UNSAT in 0.25s
    cube 4056.238.162 (depth 2, 28 lits): UNSAT in 0.35s
    cube 4056.238.163 (depth 2, 28 lits): UNSAT in 0.87s
    cube 4056.238.164 (depth 2, 28 lits): UNSAT in 0.02s
    cube 4056.238.165 (depth 2, 28 lits): UNSAT in 0.06s
    cube 4056.238.166 (depth 2, 28 lits): UNSAT in 0.06s
    cube 4056.238.167 (depth 2, 28 lits): UNSAT in 0.15s
    cube 4056.238.168 (depth 2, 28 lits): UNSAT in 0.22s
    cube 4056.238.169 (depth 2, 28 lits): UNSAT in 0.80s
    cube 4056.238.170 (depth 2, 28 lits): UNSAT in 0.95s
    cube 4056.238.171 (depth 2, 28 lits): UNSAT in 2.29s
    cube 4056.238.172 (depth 2, 28 lits): UNSAT in 0.11s
    cube 4056.238.173 (depth 2, 28 lits): UNSAT in 0.19s
    cube 4056.238.174 (depth 2, 28 lits): UNSAT in 0.23s
    cube 4056.238.175 (depth 2, 28 lits): UNSAT in 0.52s
    cube 4056.238.176 (depth 2, 28 lits): UNSAT in 0.50s
    cube 4056.238.177 (depth 2, 28 lits): UNSAT in 0.81s
    cube 4056.238.178 (depth 2, 28 lits): UNSAT in 3.15s
    cube 4056.238.179 (depth 2, 28 lits): UNSAT in 5.49s
    cube 4056.238.180 (depth 2, 28 lits): UNSAT in 0.09s
    cube 4056.238.181 (depth 2, 28 lits): UNSAT in 0.37s
    cube 4056.238.182 (depth 2, 28 lits): UNSAT in 0.15s
    cube 4056.238.183 (depth 2, 28 lits): UNSAT in 2.87s
    cube 4056.238.184 (depth 2, 28 lits): UNSAT in 1.58s
    cube 4056.238.185 (depth 2, 28 lits): UNSAT in 6.29s
    cube 4056.238.186 (depth 2, 28 lits): UNSAT in 8.64s
    cube 4056.238.187 (depth 2, 28 lits): UNSAT in 26.29s
    cube 4056.238.188 (depth 2, 28 lits): UNSAT in 0.01s
    cube 4056.238.189 (depth 2, 28 lits): UNSAT in 0.03s
    cube 4056.238.190 (depth 2, 28 lits): UNSAT in 0.03s
    cube 4056.238.191 (depth 2, 28 lits): UNSAT in 0.08s
    cube 4056.238.192 (depth 2, 28 lits): UNSAT in 0.01s
    cube 4056.238.193 (depth 2, 28 lits): UNSAT in 0.02s
    cube 4056.238.194 (depth 2, 28 lits): UNSAT in 0.11s
    cube 4056.238.195 (depth 2, 28 lits): UNSAT in 0.06s
    cube 4056.238.196 (depth 2, 28 lits): UNSAT in 0.02s
    cube 4056.238.197 (depth 2, 28 lits): UNSAT in 0.08s
    cube 4056.238.198 (depth 2, 28 lits): UNSAT in 0.08s
    cube 4056.238.199 (depth 2, 28 lits): UNSAT in 0.26s
    cube 4056.238.200 (depth 2, 28 lits): UNSAT in 0.17s
    cube 4056.238.201 (depth 2, 28 lits): UNSAT in 0.48s
    cube 4056.238.202 (depth 2, 28 lits): UNSAT in 0.13s
    cube 4056.238.203 (depth 2, 28 lits): UNSAT in 1.06s
    cube 4056.238.204 (depth 2, 28 lits): UNSAT in 0.04s
    cube 4056.238.205 (depth 2, 28 lits): UNSAT in 0.07s
    cube 4056.238.206 (depth 2, 28 lits): UNSAT in 0.15s
    cube 4056.238.207 (depth 2, 28 lits): UNSAT in 0.15s
    cube 4056.238.208 (depth 2, 28 lits): UNSAT in 0.19s
    cube 4056.238.209 (depth 2, 28 lits): UNSAT in 0.67s
    cube 4056.238.210 (depth 2, 28 lits): UNSAT in 0.19s
    cube 4056.238.211 (depth 2, 28 lits): UNSAT in 1.72s
    cube 4056.238.212 (depth 2, 28 lits): UNSAT in 0.05s
    cube 4056.238.213 (depth 2, 28 lits): UNSAT in 0.51s
    cube 4056.238.214 (depth 2, 28 lits): UNSAT in 0.56s
    cube 4056.238.215 (depth 2, 28 lits): UNSAT in 3.95s
    cube 4056.238.216 (depth 2, 28 lits): UNSAT in 1.13s
    cube 4056.238.217 (depth 2, 28 lits): UNSAT in 9.39s
    cube 4056.238.218 (depth 2, 28 lits): UNSAT in 6.02s
    cube 4056.238.219 (depth 2, 28 lits): UNSAT in 132.73s
    cube 4056.238.220 (depth 2, 28 lits): UNSAT in 0.04s
    cube 4056.238.221 (depth 2, 28 lits): UNSAT in 0.10s
    cube 4056.238.222 (depth 2, 28 lits): UNSAT in 0.05s
    cube 4056.238.223 (depth 2, 28 lits): UNSAT in 0.17s
    cube 4056.238.224 (depth 2, 28 lits): UNSAT in 0.17s
    cube 4056.238.225 (depth 2, 28 lits): UNSAT in 0.73s
    cube 4056.238.226 (depth 2, 28 lits): UNSAT in 0.16s
    cube 4056.238.227 (depth 2, 28 lits): UNSAT in 0.96s
    cube 4056.238.228 (depth 2, 28 lits): UNSAT in 0.17s
    cube 4056.238.229 (depth 2, 28 lits): UNSAT in 0.82s
    cube 4056.238.230 (depth 2, 28 lits): UNSAT in 0.64s
    cube 4056.238.231 (depth 2, 28 lits): UNSAT in 2.59s
    cube 4056.238.232 (depth 2, 28 lits): UNSAT in 0.66s
    cube 4056.238.233 (depth 2, 28 lits): UNSAT in 3.06s
    cube 4056.238.234 (depth 2, 28 lits): UNSAT in 2.84s
    cube 4056.238.235 (depth 2, 28 lits): UNSAT in 91.33s
    cube 4056.238.236 (depth 2, 28 lits): UNSAT in 0.12s
    cube 4056.238.237 (depth 2, 28 lits): UNSAT in 0.95s
    cube 4056.238.238 (depth 2, 28 lits): UNSAT in 0.63s
    cube 4056.238.239 (depth 2, 28 lits): UNSAT in 4.36s
    cube 4056.238.240 (depth 2, 28 lits): UNSAT in 0.75s
    cube 4056.238.241 (depth 2, 28 lits): UNSAT in 3.94s
    cube 4056.238.242 (depth 2, 28 lits): UNSAT in 9.75s
    cube 4056.238.243 (depth 2, 28 lits): UNSAT in 162.62s
    cube 4056.238.244 (depth 2, 28 lits): UNSAT in 0.64s
    cube 4056.238.245 (depth 2, 28 lits): UNSAT in 8.63s
    cube 4056.238.246 (depth 2, 28 lits): UNSAT in 13.51s
    cube 4056.238.247 (depth 2, 28 lits): UNSAT in 367.77s
    cube 4056.238.248 (depth 2, 28 lits): UNSAT in 1.83s
    cube 4056.238.249 (depth 2, 28 lits): UNSAT in 5.30s
    cube 4056.238.250 (depth 2, 28 lits): UNSAT in 6.22s
    cube 4056.238.251 (depth 2, 28 lits): UNSAT in 172.92s
    cube 4056.239 (depth 1, 20 lits): UNSAT in 2.11s
    cube 4056.240 (depth 1, 20 lits): UNSAT in 3.92s
    cube 4056.241 (depth 1, 20 lits): UNSAT in 225.41s
    cube 4056.242 (depth 1, 20 lits): TIMEOUT in 1200.06s
    cube 4056.242 TIMEOUT -> re-split into 241 sub-cubes (depth 2)
    cube 4056.242.0 (depth 2, 26 lits): UNSAT in 0.01s
    cube 4056.242.1 (depth 2, 27 lits): UNSAT in 0.02s
    cube 4056.242.2 (depth 2, 28 lits): UNSAT in 0.01s
    cube 4056.242.3 (depth 2, 28 lits): UNSAT in 0.02s
    cube 4056.242.4 (depth 2, 28 lits): UNSAT in 0.01s
    cube 4056.242.5 (depth 2, 28 lits): UNSAT in 0.01s
    cube 4056.242.6 (depth 2, 27 lits): UNSAT in 0.02s
    cube 4056.242.7 (depth 2, 28 lits): UNSAT in 0.01s
    cube 4056.242.8 (depth 2, 28 lits): UNSAT in 0.01s
    cube 4056.242.9 (depth 2, 28 lits): UNSAT in 0.02s
    cube 4056.242.10 (depth 2, 28 lits): UNSAT in 0.01s
    cube 4056.242.11 (depth 2, 26 lits): UNSAT in 0.01s
    cube 4056.242.12 (depth 2, 27 lits): UNSAT in 0.02s
    cube 4056.242.13 (depth 2, 28 lits): UNSAT in 0.02s
    cube 4056.242.14 (depth 2, 28 lits): UNSAT in 0.02s
    cube 4056.242.15 (depth 2, 28 lits): UNSAT in 0.01s
    cube 4056.242.16 (depth 2, 28 lits): UNSAT in 0.02s
    cube 4056.242.17 (depth 2, 28 lits): UNSAT in 0.01s
    cube 4056.242.18 (depth 2, 28 lits): UNSAT in 0.03s
    cube 4056.242.19 (depth 2, 28 lits): UNSAT in 0.02s
    cube 4056.242.20 (depth 2, 28 lits): UNSAT in 0.02s
    cube 4056.242.21 (depth 2, 28 lits): UNSAT in 0.02s
    cube 4056.242.22 (depth 2, 28 lits): UNSAT in 0.03s
    cube 4056.242.23 (depth 2, 26 lits): UNSAT in 0.02s
    cube 4056.242.24 (depth 2, 28 lits): UNSAT in 0.02s
    cube 4056.242.25 (depth 2, 28 lits): UNSAT in 0.02s
    cube 4056.242.26 (depth 2, 28 lits): UNSAT in 0.02s
    cube 4056.242.27 (depth 2, 28 lits): UNSAT in 0.02s
    cube 4056.242.28 (depth 2, 28 lits): UNSAT in 0.02s
    cube 4056.242.29 (depth 2, 28 lits): UNSAT in 0.02s
    cube 4056.242.30 (depth 2, 28 lits): UNSAT in 0.02s
    cube 4056.242.31 (depth 2, 28 lits): UNSAT in 0.03s
    cube 4056.242.32 (depth 2, 28 lits): UNSAT in 0.03s
    cube 4056.242.33 (depth 2, 28 lits): UNSAT in 0.06s
    cube 4056.242.34 (depth 2, 28 lits): UNSAT in 0.04s
    cube 4056.242.35 (depth 2, 28 lits): UNSAT in 0.04s
    cube 4056.242.36 (depth 2, 28 lits): UNSAT in 0.02s
    cube 4056.242.37 (depth 2, 28 lits): UNSAT in 0.02s
    cube 4056.242.38 (depth 2, 28 lits): UNSAT in 0.02s
    cube 4056.242.39 (depth 2, 28 lits): UNSAT in 0.07s
    cube 4056.242.40 (depth 2, 28 lits): UNSAT in 0.01s
    cube 4056.242.41 (depth 2, 28 lits): UNSAT in 0.02s
    cube 4056.242.42 (depth 2, 28 lits): UNSAT in 0.02s
    cube 4056.242.43 (depth 2, 28 lits): UNSAT in 0.08s
    cube 4056.242.44 (depth 2, 28 lits): UNSAT in 0.02s
    cube 4056.242.45 (depth 2, 28 lits): UNSAT in 0.03s
    cube 4056.242.46 (depth 2, 28 lits): UNSAT in 0.04s
    cube 4056.242.47 (depth 2, 28 lits): UNSAT in 0.12s
    cube 4056.242.48 (depth 2, 28 lits): UNSAT in 0.03s
    cube 4056.242.49 (depth 2, 28 lits): UNSAT in 0.13s
    cube 4056.242.50 (depth 2, 28 lits): UNSAT in 0.20s
    cube 4056.242.51 (depth 2, 28 lits): UNSAT in 0.22s
    cube 4056.242.52 (depth 2, 28 lits): UNSAT in 0.01s
    cube 4056.242.53 (depth 2, 28 lits): UNSAT in 0.02s
    cube 4056.242.54 (depth 2, 27 lits): UNSAT in 0.02s
    cube 4056.242.55 (depth 2, 28 lits): UNSAT in 0.02s
    cube 4056.242.56 (depth 2, 28 lits): UNSAT in 0.02s
    cube 4056.242.57 (depth 2, 28 lits): UNSAT in 0.03s
    cube 4056.242.58 (depth 2, 28 lits): UNSAT in 0.03s
    cube 4056.242.59 (depth 2, 28 lits): UNSAT in 0.01s
    cube 4056.242.60 (depth 2, 28 lits): UNSAT in 0.01s
    cube 4056.242.61 (depth 2, 28 lits): UNSAT in 0.02s
    cube 4056.242.62 (depth 2, 28 lits): UNSAT in 0.04s
    cube 4056.242.63 (depth 2, 28 lits): UNSAT in 0.03s
    cube 4056.242.64 (depth 2, 28 lits): UNSAT in 0.05s
    cube 4056.242.65 (depth 2, 28 lits): UNSAT in 0.07s
    cube 4056.242.66 (depth 2, 28 lits): UNSAT in 0.08s
    cube 4056.242.67 (depth 2, 27 lits): UNSAT in 0.02s
    cube 4056.242.68 (depth 2, 28 lits): UNSAT in 0.02s
    cube 4056.242.69 (depth 2, 28 lits): UNSAT in 0.02s
    cube 4056.242.70 (depth 2, 28 lits): UNSAT in 0.02s
    cube 4056.242.71 (depth 2, 28 lits): UNSAT in 0.07s
    cube 4056.242.72 (depth 2, 28 lits): UNSAT in 0.02s
    cube 4056.242.73 (depth 2, 28 lits): UNSAT in 0.05s
    cube 4056.242.74 (depth 2, 28 lits): UNSAT in 0.03s
    cube 4056.242.75 (depth 2, 28 lits): UNSAT in 0.04s
    cube 4056.242.76 (depth 2, 28 lits): UNSAT in 0.04s
    cube 4056.242.77 (depth 2, 28 lits): UNSAT in 0.05s
    cube 4056.242.78 (depth 2, 28 lits): UNSAT in 0.03s
    cube 4056.242.79 (depth 2, 28 lits): UNSAT in 0.03s
    cube 4056.242.80 (depth 2, 28 lits): UNSAT in 0.12s
    cube 4056.242.81 (depth 2, 28 lits): UNSAT in 0.16s
    cube 4056.242.82 (depth 2, 28 lits): UNSAT in 0.02s
    cube 4056.242.83 (depth 2, 28 lits): UNSAT in 0.02s
    cube 4056.242.84 (depth 2, 28 lits): UNSAT in 0.02s
    cube 4056.242.85 (depth 2, 28 lits): UNSAT in 0.03s
    cube 4056.242.86 (depth 2, 28 lits): UNSAT in 0.03s
    cube 4056.242.87 (depth 2, 28 lits): UNSAT in 0.09s
    cube 4056.242.88 (depth 2, 28 lits): UNSAT in 0.09s
    cube 4056.242.89 (depth 2, 28 lits): UNSAT in 0.38s
    cube 4056.242.90 (depth 2, 28 lits): UNSAT in 0.02s
    cube 4056.242.91 (depth 2, 28 lits): UNSAT in 0.05s
    cube 4056.242.92 (depth 2, 28 lits): UNSAT in 0.03s
    cube 4056.242.93 (depth 2, 28 lits): UNSAT in 0.21s
    cube 4056.242.94 (depth 2, 28 lits): UNSAT in 0.04s
    cube 4056.242.95 (depth 2, 28 lits): UNSAT in 0.15s
    cube 4056.242.96 (depth 2, 28 lits): UNSAT in 0.27s
    cube 4056.242.97 (depth 2, 28 lits): UNSAT in 0.95s
    cube 4056.242.98 (depth 2, 28 lits): UNSAT in 0.04s
    cube 4056.242.99 (depth 2, 28 lits): UNSAT in 0.14s
    cube 4056.242.100 (depth 2, 28 lits): UNSAT in 0.05s
    cube 4056.242.101 (depth 2, 28 lits): UNSAT in 0.28s
    cube 4056.242.102 (depth 2, 28 lits): UNSAT in 0.08s
    cube 4056.242.103 (depth 2, 28 lits): UNSAT in 0.43s
    cube 4056.242.104 (depth 2, 28 lits): UNSAT in 0.17s
    cube 4056.242.105 (depth 2, 28 lits): UNSAT in 0.76s
    cube 4056.242.106 (depth 2, 28 lits): UNSAT in 0.06s
    cube 4056.242.107 (depth 2, 28 lits): UNSAT in 0.91s
    cube 4056.242.108 (depth 2, 28 lits): UNSAT in 0.29s
    cube 4056.242.109 (depth 2, 28 lits): UNSAT in 0.91s
    cube 4056.242.110 (depth 2, 28 lits): UNSAT in 0.61s
    cube 4056.242.111 (depth 2, 28 lits): UNSAT in 1.48s
    cube 4056.242.112 (depth 2, 28 lits): UNSAT in 2.54s
    cube 4056.242.113 (depth 2, 28 lits): UNSAT in 2.15s
    cube 4056.242.114 (depth 2, 28 lits): UNSAT in 0.01s
    cube 4056.242.115 (depth 2, 28 lits): UNSAT in 0.01s
    cube 4056.242.116 (depth 2, 28 lits): UNSAT in 0.01s
    cube 4056.242.117 (depth 2, 28 lits): UNSAT in 0.02s
    cube 4056.242.118 (depth 2, 28 lits): UNSAT in 0.01s
    cube 4056.242.119 (depth 2, 28 lits): UNSAT in 0.02s
    cube 4056.242.120 (depth 2, 28 lits): UNSAT in 0.03s
    cube 4056.242.121 (depth 2, 28 lits): UNSAT in 0.03s
    cube 4056.242.122 (depth 2, 28 lits): UNSAT in 0.01s
    cube 4056.242.123 (depth 2, 28 lits): UNSAT in 0.02s
    cube 4056.242.124 (depth 2, 28 lits): UNSAT in 0.02s
    cube 4056.242.125 (depth 2, 28 lits): UNSAT in 0.03s
    cube 4056.242.126 (depth 2, 28 lits): UNSAT in 0.03s
    cube 4056.242.127 (depth 2, 28 lits): UNSAT in 0.04s
    cube 4056.242.128 (depth 2, 28 lits): UNSAT in 0.04s
    cube 4056.242.129 (depth 2, 28 lits): UNSAT in 0.13s
    cube 4056.242.130 (depth 2, 28 lits): UNSAT in 0.02s
    cube 4056.242.131 (depth 2, 28 lits): UNSAT in 0.02s
    cube 4056.242.132 (depth 2, 28 lits): UNSAT in 0.03s
    cube 4056.242.133 (depth 2, 28 lits): UNSAT in 0.09s
    cube 4056.242.134 (depth 2, 28 lits): UNSAT in 0.04s
    cube 4056.242.135 (depth 2, 28 lits): UNSAT in 0.09s
    cube 4056.242.136 (depth 2, 28 lits): UNSAT in 0.09s
    cube 4056.242.137 (depth 2, 28 lits): UNSAT in 0.29s
    cube 4056.242.138 (depth 2, 28 lits): UNSAT in 0.05s
    cube 4056.242.139 (depth 2, 28 lits): UNSAT in 0.12s
    cube 4056.242.140 (depth 2, 28 lits): UNSAT in 0.11s
    cube 4056.242.141 (depth 2, 28 lits): UNSAT in 0.39s
    cube 4056.242.142 (depth 2, 28 lits): UNSAT in 0.05s
    cube 4056.242.143 (depth 2, 28 lits): UNSAT in 0.12s
    cube 4056.242.144 (depth 2, 28 lits): UNSAT in 0.56s
    cube 4056.242.145 (depth 2, 28 lits): UNSAT in 0.82s
    cube 4056.242.146 (depth 2, 28 lits): UNSAT in 0.02s
    cube 4056.242.147 (depth 2, 28 lits): UNSAT in 0.04s
    cube 4056.242.148 (depth 2, 28 lits): UNSAT in 0.03s
    cube 4056.242.149 (depth 2, 28 lits): UNSAT in 0.13s
    cube 4056.242.150 (depth 2, 28 lits): UNSAT in 0.01s
    cube 4056.242.151 (depth 2, 28 lits): UNSAT in 0.09s
    cube 4056.242.152 (depth 2, 28 lits): UNSAT in 0.28s
    cube 4056.242.153 (depth 2, 28 lits): UNSAT in 0.21s
    cube 4056.242.154 (depth 2, 28 lits): UNSAT in 0.05s
    cube 4056.242.155 (depth 2, 28 lits): UNSAT in 0.13s
    cube 4056.242.156 (depth 2, 28 lits): UNSAT in 0.09s
    cube 4056.242.157 (depth 2, 28 lits): UNSAT in 0.40s
    cube 4056.242.158 (depth 2, 28 lits): UNSAT in 0.12s
    cube 4056.242.159 (depth 2, 28 lits): UNSAT in 0.36s
    cube 4056.242.160 (depth 2, 28 lits): UNSAT in 0.45s
    cube 4056.242.161 (depth 2, 28 lits): UNSAT in 2.40s
    cube 4056.242.162 (depth 2, 28 lits): UNSAT in 0.03s
    cube 4056.242.163 (depth 2, 28 lits): UNSAT in 0.09s
    cube 4056.242.164 (depth 2, 28 lits): UNSAT in 0.22s
    cube 4056.242.165 (depth 2, 28 lits): UNSAT in 0.46s
    cube 4056.242.166 (depth 2, 28 lits): UNSAT in 0.08s
    cube 4056.242.167 (depth 2, 28 lits): UNSAT in 0.14s
    cube 4056.242.168 (depth 2, 28 lits): UNSAT in 0.20s
    cube 4056.242.169 (depth 2, 28 lits): UNSAT in 0.91s
    cube 4056.242.170 (depth 2, 28 lits): UNSAT in 0.26s
    cube 4056.242.171 (depth 2, 28 lits): UNSAT in 1.36s
    cube 4056.242.172 (depth 2, 28 lits): UNSAT in 0.79s
    cube 4056.242.173 (depth 2, 28 lits): UNSAT in 4.90s
    cube 4056.242.174 (depth 2, 28 lits): UNSAT in 1.04s
    cube 4056.242.175 (depth 2, 28 lits): UNSAT in 6.26s
    cube 4056.242.176 (depth 2, 28 lits): UNSAT in 5.53s
    cube 4056.242.177 (depth 2, 28 lits): UNSAT in 51.75s
    cube 4056.242.178 (depth 2, 27 lits): UNSAT in 0.02s
    cube 4056.242.179 (depth 2, 28 lits): UNSAT in 0.01s
    cube 4056.242.180 (depth 2, 28 lits): UNSAT in 0.04s
    cube 4056.242.181 (depth 2, 28 lits): UNSAT in 0.02s
    cube 4056.242.182 (depth 2, 28 lits): UNSAT in 0.07s
    cube 4056.242.183 (depth 2, 28 lits): UNSAT in 0.10s
    cube 4056.242.184 (depth 2, 28 lits): UNSAT in 0.08s
    cube 4056.242.185 (depth 2, 28 lits): UNSAT in 0.02s
    cube 4056.242.186 (depth 2, 28 lits): UNSAT in 0.04s
    cube 4056.242.187 (depth 2, 28 lits): UNSAT in 0.05s
    cube 4056.242.188 (depth 2, 28 lits): UNSAT in 0.21s
    cube 4056.242.189 (depth 2, 28 lits): UNSAT in 0.11s
    cube 4056.242.190 (depth 2, 28 lits): UNSAT in 0.34s
    cube 4056.242.191 (depth 2, 28 lits): UNSAT in 0.40s
    cube 4056.242.192 (depth 2, 28 lits): UNSAT in 0.94s
    cube 4056.242.193 (depth 2, 28 lits): UNSAT in 0.02s
    cube 4056.242.194 (depth 2, 28 lits): UNSAT in 0.07s
    cube 4056.242.195 (depth 2, 28 lits): UNSAT in 0.06s
    cube 4056.242.196 (depth 2, 28 lits): UNSAT in 0.42s
    cube 4056.242.197 (depth 2, 28 lits): UNSAT in 0.06s
    cube 4056.242.198 (depth 2, 28 lits): UNSAT in 0.19s
    cube 4056.242.199 (depth 2, 28 lits): UNSAT in 0.24s
    cube 4056.242.200 (depth 2, 28 lits): UNSAT in 1.28s
    cube 4056.242.201 (depth 2, 28 lits): UNSAT in 0.11s
    cube 4056.242.202 (depth 2, 28 lits): UNSAT in 0.67s
    cube 4056.242.203 (depth 2, 28 lits): UNSAT in 0.15s
    cube 4056.242.204 (depth 2, 28 lits): UNSAT in 0.47s
    cube 4056.242.205 (depth 2, 28 lits): UNSAT in 0.27s
    cube 4056.242.206 (depth 2, 28 lits): UNSAT in 1.48s
    cube 4056.242.207 (depth 2, 28 lits): UNSAT in 2.55s
    cube 4056.242.208 (depth 2, 28 lits): UNSAT in 27.51s
    cube 4056.242.209 (depth 2, 28 lits): UNSAT in 0.02s
    cube 4056.242.210 (depth 2, 28 lits): UNSAT in 0.10s
    cube 4056.242.211 (depth 2, 28 lits): UNSAT in 0.10s
    cube 4056.242.212 (depth 2, 28 lits): UNSAT in 0.13s
    cube 4056.242.213 (depth 2, 28 lits): UNSAT in 0.11s
    cube 4056.242.214 (depth 2, 28 lits): UNSAT in 0.53s
    cube 4056.242.215 (depth 2, 28 lits): UNSAT in 0.51s
    cube 4056.242.216 (depth 2, 28 lits): UNSAT in 2.63s
    cube 4056.242.217 (depth 2, 28 lits): UNSAT in 0.22s
    cube 4056.242.218 (depth 2, 28 lits): UNSAT in 0.66s
    cube 4056.242.219 (depth 2, 28 lits): UNSAT in 0.79s
    cube 4056.242.220 (depth 2, 28 lits): UNSAT in 5.98s
    cube 4056.242.221 (depth 2, 28 lits): UNSAT in 0.59s
    cube 4056.242.222 (depth 2, 28 lits): UNSAT in 1.68s
    cube 4056.242.223 (depth 2, 28 lits): UNSAT in 3.92s
    cube 4056.242.224 (depth 2, 28 lits): UNSAT in 60.70s
    cube 4056.242.225 (depth 2, 28 lits): UNSAT in 0.24s
    cube 4056.242.226 (depth 2, 28 lits): UNSAT in 0.63s
    cube 4056.242.227 (depth 2, 28 lits): UNSAT in 0.13s
    cube 4056.242.228 (depth 2, 28 lits): UNSAT in 1.32s
    cube 4056.242.229 (depth 2, 28 lits): UNSAT in 0.84s
    cube 4056.242.230 (depth 2, 28 lits): UNSAT in 4.20s
    cube 4056.242.231 (depth 2, 28 lits): UNSAT in 2.49s
    cube 4056.242.232 (depth 2, 28 lits): UNSAT in 90.30s
    cube 4056.242.233 (depth 2, 28 lits): UNSAT in 0.55s
    cube 4056.242.234 (depth 2, 28 lits): UNSAT in 10.07s
    cube 4056.242.235 (depth 2, 28 lits): UNSAT in 5.43s
    cube 4056.242.236 (depth 2, 28 lits): UNSAT in 243.05s
    cube 4056.242.237 (depth 2, 28 lits): UNSAT in 7.30s
    cube 4056.242.238 (depth 2, 28 lits): UNSAT in 404.75s
    cube 4056.242.239 (depth 2, 28 lits): UNSAT in 17.04s
    cube 4056.242.240 (depth 2, 28 lits): UNSAT in 1109.89s
    cube 4056.243 (depth 1, 20 lits): UNSAT in 4.06s
    cube 4056.244 (depth 1, 20 lits): TIMEOUT in 1200.10s
    cube 4056.244 TIMEOUT -> re-split into 244 sub-cubes (depth 2)
    cube 4056.244.0 (depth 2, 26 lits): UNSAT in 0.02s
    cube 4056.244.1 (depth 2, 27 lits): UNSAT in 0.01s
    cube 4056.244.2 (depth 2, 28 lits): UNSAT in 0.02s
    cube 4056.244.3 (depth 2, 28 lits): UNSAT in 0.03s
    cube 4056.244.4 (depth 2, 27 lits): UNSAT in 0.02s
    cube 4056.244.5 (depth 2, 28 lits): UNSAT in 0.03s
    cube 4056.244.6 (depth 2, 28 lits): UNSAT in 0.06s
    cube 4056.244.7 (depth 2, 28 lits): UNSAT in 0.02s
    cube 4056.244.8 (depth 2, 28 lits): UNSAT in 0.03s
    cube 4056.244.9 (depth 2, 28 lits): UNSAT in 0.04s
    cube 4056.244.10 (depth 2, 28 lits): UNSAT in 0.32s
    cube 4056.244.11 (depth 2, 27 lits): UNSAT in 0.01s
    cube 4056.244.12 (depth 2, 28 lits): UNSAT in 0.02s
    cube 4056.244.13 (depth 2, 28 lits): UNSAT in 0.03s
    cube 4056.244.14 (depth 2, 28 lits): UNSAT in 0.02s
    cube 4056.244.15 (depth 2, 28 lits): UNSAT in 0.03s
    cube 4056.244.16 (depth 2, 28 lits): UNSAT in 0.07s
    cube 4056.244.17 (depth 2, 28 lits): UNSAT in 0.12s
    cube 4056.244.18 (depth 2, 28 lits): UNSAT in 0.02s
    cube 4056.244.19 (depth 2, 28 lits): UNSAT in 0.03s
    cube 4056.244.20 (depth 2, 28 lits): UNSAT in 0.02s
    cube 4056.244.21 (depth 2, 28 lits): UNSAT in 0.13s
    cube 4056.244.22 (depth 2, 28 lits): UNSAT in 0.13s
    cube 4056.244.23 (depth 2, 28 lits): UNSAT in 0.39s
    cube 4056.244.24 (depth 2, 28 lits): UNSAT in 0.10s
    cube 4056.244.25 (depth 2, 28 lits): UNSAT in 1.27s
    cube 4056.244.26 (depth 2, 27 lits): UNSAT in 0.02s
    cube 4056.244.27 (depth 2, 28 lits): UNSAT in 0.02s
    cube 4056.244.28 (depth 2, 28 lits): UNSAT in 0.02s
    cube 4056.244.29 (depth 2, 28 lits): UNSAT in 0.02s
    cube 4056.244.30 (depth 2, 28 lits): UNSAT in 0.02s
    cube 4056.244.31 (depth 2, 28 lits): UNSAT in 0.04s
    cube 4056.244.32 (depth 2, 28 lits): UNSAT in 0.03s
    cube 4056.244.33 (depth 2, 28 lits): UNSAT in 0.01s
    cube 4056.244.34 (depth 2, 28 lits): UNSAT in 0.04s
    cube 4056.244.35 (depth 2, 28 lits): UNSAT in 0.01s
    cube 4056.244.36 (depth 2, 28 lits): UNSAT in 0.03s
    cube 4056.244.37 (depth 2, 28 lits): UNSAT in 0.04s
    cube 4056.244.38 (depth 2, 28 lits): UNSAT in 0.09s
    cube 4056.244.39 (depth 2, 28 lits): UNSAT in 0.12s
    cube 4056.244.40 (depth 2, 28 lits): UNSAT in 0.66s
    cube 4056.244.41 (depth 2, 28 lits): UNSAT in 0.02s
    cube 4056.244.42 (depth 2, 28 lits): UNSAT in 0.04s
    cube 4056.244.43 (depth 2, 28 lits): UNSAT in 0.04s
    cube 4056.244.44 (depth 2, 28 lits): UNSAT in 0.60s
    cube 4056.244.45 (depth 2, 28 lits): UNSAT in 0.04s
    cube 4056.244.46 (depth 2, 28 lits): UNSAT in 0.10s
    cube 4056.244.47 (depth 2, 28 lits): UNSAT in 0.13s
    cube 4056.244.48 (depth 2, 28 lits): UNSAT in 0.31s
    cube 4056.244.49 (depth 2, 28 lits): UNSAT in 0.03s
    cube 4056.244.50 (depth 2, 28 lits): UNSAT in 0.03s
    cube 4056.244.51 (depth 2, 28 lits): UNSAT in 0.04s
    cube 4056.244.52 (depth 2, 28 lits): UNSAT in 0.13s
    cube 4056.244.53 (depth 2, 28 lits): UNSAT in 0.07s
    cube 4056.244.54 (depth 2, 28 lits): UNSAT in 0.67s
    cube 4056.244.55 (depth 2, 28 lits): UNSAT in 0.23s
    cube 4056.244.56 (depth 2, 28 lits): UNSAT in 5.29s
    cube 4056.244.57 (depth 2, 28 lits): UNSAT in 0.02s
    cube 4056.244.58 (depth 2, 28 lits): UNSAT in 0.01s
    cube 4056.244.59 (depth 2, 28 lits): UNSAT in 0.02s
    cube 4056.244.60 (depth 2, 28 lits): UNSAT in 0.03s
    cube 4056.244.61 (depth 2, 28 lits): UNSAT in 0.02s
    cube 4056.244.62 (depth 2, 28 lits): UNSAT in 0.02s
    cube 4056.244.63 (depth 2, 28 lits): UNSAT in 0.05s
    cube 4056.244.64 (depth 2, 28 lits): UNSAT in 0.07s
    cube 4056.244.65 (depth 2, 28 lits): UNSAT in 0.02s
    cube 4056.244.66 (depth 2, 28 lits): UNSAT in 0.02s
    cube 4056.244.67 (depth 2, 28 lits): UNSAT in 0.07s
    cube 4056.244.68 (depth 2, 28 lits): UNSAT in 0.08s
    cube 4056.244.69 (depth 2, 28 lits): UNSAT in 0.02s
    cube 4056.244.70 (depth 2, 28 lits): UNSAT in 0.03s
    cube 4056.244.71 (depth 2, 28 lits): UNSAT in 0.03s
    cube 4056.244.72 (depth 2, 28 lits): UNSAT in 0.21s
    cube 4056.244.73 (depth 2, 28 lits): UNSAT in 0.02s
    cube 4056.244.74 (depth 2, 28 lits): UNSAT in 0.02s
    cube 4056.244.75 (depth 2, 28 lits): UNSAT in 0.03s
    cube 4056.244.76 (depth 2, 28 lits): UNSAT in 0.03s
    cube 4056.244.77 (depth 2, 28 lits): UNSAT in 0.02s
    cube 4056.244.78 (depth 2, 28 lits): UNSAT in 0.03s
    cube 4056.244.79 (depth 2, 28 lits): UNSAT in 0.02s
    cube 4056.244.80 (depth 2, 28 lits): UNSAT in 0.04s
    cube 4056.244.81 (depth 2, 28 lits): UNSAT in 0.03s
    cube 4056.244.82 (depth 2, 28 lits): UNSAT in 0.09s
    cube 4056.244.83 (depth 2, 28 lits): UNSAT in 0.11s
    cube 4056.244.84 (depth 2, 28 lits): UNSAT in 0.16s
    cube 4056.244.85 (depth 2, 28 lits): UNSAT in 0.04s
    cube 4056.244.86 (depth 2, 28 lits): UNSAT in 0.11s
    cube 4056.244.87 (depth 2, 28 lits): UNSAT in 0.18s
    cube 4056.244.88 (depth 2, 28 lits): UNSAT in 0.87s
    cube 4056.244.89 (depth 2, 27 lits): UNSAT in 0.02s
    cube 4056.244.90 (depth 2, 27 lits): UNSAT in 0.02s
    cube 4056.244.91 (depth 2, 28 lits): UNSAT in 0.02s
    cube 4056.244.92 (depth 2, 28 lits): UNSAT in 0.02s
    cube 4056.244.93 (depth 2, 28 lits): UNSAT in 0.01s
    cube 4056.244.94 (depth 2, 28 lits): UNSAT in 0.02s
    cube 4056.244.95 (depth 2, 28 lits): UNSAT in 0.01s
    cube 4056.244.96 (depth 2, 28 lits): UNSAT in 0.03s
    cube 4056.244.97 (depth 2, 28 lits): UNSAT in 0.02s
    cube 4056.244.98 (depth 2, 28 lits): UNSAT in 0.05s
    cube 4056.244.99 (depth 2, 28 lits): UNSAT in 0.07s
    cube 4056.244.100 (depth 2, 28 lits): UNSAT in 0.03s
    cube 4056.244.101 (depth 2, 28 lits): UNSAT in 0.06s
    cube 4056.244.102 (depth 2, 28 lits): UNSAT in 0.16s
    cube 4056.244.103 (depth 2, 28 lits): UNSAT in 0.03s
    cube 4056.244.104 (depth 2, 28 lits): UNSAT in 0.04s
    cube 4056.244.105 (depth 2, 28 lits): UNSAT in 0.07s
    cube 4056.244.106 (depth 2, 28 lits): UNSAT in 0.15s
    cube 4056.244.107 (depth 2, 28 lits): UNSAT in 0.07s
    cube 4056.244.108 (depth 2, 28 lits): UNSAT in 0.06s
    cube 4056.244.109 (depth 2, 28 lits): UNSAT in 0.03s
    cube 4056.244.110 (depth 2, 28 lits): UNSAT in 0.08s
    cube 4056.244.111 (depth 2, 28 lits): UNSAT in 0.19s
    cube 4056.244.112 (depth 2, 28 lits): UNSAT in 0.50s
    cube 4056.244.113 (depth 2, 28 lits): UNSAT in 0.46s
    cube 4056.244.114 (depth 2, 28 lits): UNSAT in 0.94s
    cube 4056.244.115 (depth 2, 28 lits): UNSAT in 0.09s
    cube 4056.244.116 (depth 2, 28 lits): UNSAT in 0.25s
    cube 4056.244.117 (depth 2, 28 lits): UNSAT in 0.99s
    cube 4056.244.118 (depth 2, 28 lits): UNSAT in 2.70s
    cube 4056.244.119 (depth 2, 28 lits): UNSAT in 0.01s
    cube 4056.244.120 (depth 2, 28 lits): UNSAT in 0.02s
    cube 4056.244.121 (depth 2, 28 lits): UNSAT in 0.01s
    cube 4056.244.122 (depth 2, 28 lits): UNSAT in 0.03s
    cube 4056.244.123 (depth 2, 28 lits): UNSAT in 0.02s
    cube 4056.244.124 (depth 2, 28 lits): UNSAT in 0.03s
    cube 4056.244.125 (depth 2, 28 lits): UNSAT in 0.03s
    cube 4056.244.126 (depth 2, 28 lits): UNSAT in 0.08s
    cube 4056.244.127 (depth 2, 28 lits): UNSAT in 0.02s
    cube 4056.244.128 (depth 2, 28 lits): UNSAT in 0.02s
    cube 4056.244.129 (depth 2, 28 lits): UNSAT in 0.03s
    cube 4056.244.130 (depth 2, 28 lits): UNSAT in 0.06s
    cube 4056.244.131 (depth 2, 28 lits): UNSAT in 0.03s
    cube 4056.244.132 (depth 2, 28 lits): UNSAT in 0.04s
    cube 4056.244.133 (depth 2, 28 lits): UNSAT in 0.06s
    cube 4056.244.134 (depth 2, 28 lits): UNSAT in 0.31s
    cube 4056.244.135 (depth 2, 28 lits): UNSAT in 0.02s
    cube 4056.244.136 (depth 2, 28 lits): UNSAT in 0.03s
    cube 4056.244.137 (depth 2, 28 lits): UNSAT in 0.02s
    cube 4056.244.138 (depth 2, 28 lits): UNSAT in 0.04s
    cube 4056.244.139 (depth 2, 28 lits): UNSAT in 0.03s
    cube 4056.244.140 (depth 2, 28 lits): UNSAT in 0.03s
    cube 4056.244.141 (depth 2, 28 lits): UNSAT in 0.06s
    cube 4056.244.142 (depth 2, 28 lits): UNSAT in 0.13s
    cube 4056.244.143 (depth 2, 28 lits): UNSAT in 0.02s
    cube 4056.244.144 (depth 2, 28 lits): UNSAT in 0.04s
    cube 4056.244.145 (depth 2, 28 lits): UNSAT in 0.02s
    cube 4056.244.146 (depth 2, 28 lits): UNSAT in 0.06s
    cube 4056.244.147 (depth 2, 28 lits): UNSAT in 0.02s
    cube 4056.244.148 (depth 2, 28 lits): UNSAT in 0.07s
    cube 4056.244.149 (depth 2, 28 lits): UNSAT in 0.25s
    cube 4056.244.150 (depth 2, 28 lits): UNSAT in 0.16s
    cube 4056.244.151 (depth 2, 26 lits): UNSAT in 0.01s
    cube 4056.244.152 (depth 2, 28 lits): UNSAT in 0.02s
    cube 4056.244.153 (depth 2, 28 lits): UNSAT in 0.01s
    cube 4056.244.154 (depth 2, 28 lits): UNSAT in 0.02s
    cube 4056.244.155 (depth 2, 28 lits): UNSAT in 0.04s
    cube 4056.244.156 (depth 2, 28 lits): UNSAT in 0.01s
    cube 4056.244.157 (depth 2, 28 lits): UNSAT in 0.03s
    cube 4056.244.158 (depth 2, 28 lits): UNSAT in 0.04s
    cube 4056.244.159 (depth 2, 28 lits): UNSAT in 0.03s
    cube 4056.244.160 (depth 2, 28 lits): UNSAT in 0.02s
    cube 4056.244.161 (depth 2, 28 lits): UNSAT in 0.06s
    cube 4056.244.162 (depth 2, 28 lits): UNSAT in 0.05s
    cube 4056.244.163 (depth 2, 28 lits): UNSAT in 0.07s
    cube 4056.244.164 (depth 2, 28 lits): UNSAT in 0.02s
    cube 4056.244.165 (depth 2, 28 lits): UNSAT in 0.03s
    cube 4056.244.166 (depth 2, 28 lits): UNSAT in 0.02s
    cube 4056.244.167 (depth 2, 28 lits): UNSAT in 0.07s
    cube 4056.244.168 (depth 2, 28 lits): UNSAT in 0.03s
    cube 4056.244.169 (depth 2, 28 lits): UNSAT in 0.07s
    cube 4056.244.170 (depth 2, 28 lits): UNSAT in 0.10s
    cube 4056.244.171 (depth 2, 28 lits): UNSAT in 0.46s
    cube 4056.244.172 (depth 2, 28 lits): UNSAT in 0.03s
    cube 4056.244.173 (depth 2, 28 lits): UNSAT in 0.13s
    cube 4056.244.174 (depth 2, 28 lits): UNSAT in 0.19s
    cube 4056.244.175 (depth 2, 28 lits): UNSAT in 0.27s
    cube 4056.244.176 (depth 2, 28 lits): UNSAT in 0.03s
    cube 4056.244.177 (depth 2, 28 lits): UNSAT in 0.06s
    cube 4056.244.178 (depth 2, 28 lits): UNSAT in 0.27s
    cube 4056.244.179 (depth 2, 28 lits): UNSAT in 0.83s
    cube 4056.244.180 (depth 2, 28 lits): UNSAT in 0.02s
    cube 4056.244.181 (depth 2, 28 lits): UNSAT in 0.02s
    cube 4056.244.182 (depth 2, 28 lits): UNSAT in 0.06s
    cube 4056.244.183 (depth 2, 28 lits): UNSAT in 0.12s
    cube 4056.244.184 (depth 2, 28 lits): UNSAT in 0.04s
    cube 4056.244.185 (depth 2, 28 lits): UNSAT in 0.08s
    cube 4056.244.186 (depth 2, 28 lits): UNSAT in 0.06s
    cube 4056.244.187 (depth 2, 28 lits): UNSAT in 0.42s
    cube 4056.244.188 (depth 2, 28 lits): UNSAT in 0.03s
    cube 4056.244.189 (depth 2, 28 lits): UNSAT in 0.07s
    cube 4056.244.190 (depth 2, 28 lits): UNSAT in 0.04s
    cube 4056.244.191 (depth 2, 28 lits): UNSAT in 0.07s
    cube 4056.244.192 (depth 2, 28 lits): UNSAT in 0.11s
    cube 4056.244.193 (depth 2, 28 lits): UNSAT in 0.38s
    cube 4056.244.194 (depth 2, 28 lits): UNSAT in 0.53s
    cube 4056.244.195 (depth 2, 28 lits): UNSAT in 7.18s
    cube 4056.244.196 (depth 2, 28 lits): UNSAT in 0.05s
    cube 4056.244.197 (depth 2, 28 lits): UNSAT in 0.07s
    cube 4056.244.198 (depth 2, 28 lits): UNSAT in 0.16s
    cube 4056.244.199 (depth 2, 28 lits): UNSAT in 0.51s
    cube 4056.244.200 (depth 2, 28 lits): UNSAT in 0.08s
    cube 4056.244.201 (depth 2, 28 lits): UNSAT in 0.14s
    cube 4056.244.202 (depth 2, 28 lits): UNSAT in 0.12s
    cube 4056.244.203 (depth 2, 28 lits): UNSAT in 3.47s
    cube 4056.244.204 (depth 2, 28 lits): UNSAT in 0.12s
    cube 4056.244.205 (depth 2, 28 lits): UNSAT in 1.63s
    cube 4056.244.206 (depth 2, 28 lits): UNSAT in 0.30s
    cube 4056.244.207 (depth 2, 28 lits): UNSAT in 7.38s
    cube 4056.244.208 (depth 2, 28 lits): UNSAT in 1.07s
    cube 4056.244.209 (depth 2, 28 lits): UNSAT in 5.16s
    cube 4056.244.210 (depth 2, 28 lits): UNSAT in 7.91s
    cube 4056.244.211 (depth 2, 28 lits): UNSAT in 26.02s
    cube 4056.244.212 (depth 2, 28 lits): UNSAT in 0.06s
    cube 4056.244.213 (depth 2, 28 lits): UNSAT in 0.14s
    cube 4056.244.214 (depth 2, 28 lits): UNSAT in 0.36s
    cube 4056.244.215 (depth 2, 28 lits): UNSAT in 0.49s
    cube 4056.244.216 (depth 2, 28 lits): UNSAT in 0.12s
    cube 4056.244.217 (depth 2, 28 lits): UNSAT in 0.30s
    cube 4056.244.218 (depth 2, 28 lits): UNSAT in 0.44s
    cube 4056.244.219 (depth 2, 28 lits): UNSAT in 1.38s
    cube 4056.244.220 (depth 2, 28 lits): UNSAT in 0.21s
    cube 4056.244.221 (depth 2, 28 lits): UNSAT in 0.32s
    cube 4056.244.222 (depth 2, 28 lits): UNSAT in 0.21s
    cube 4056.244.223 (depth 2, 28 lits): UNSAT in 1.39s
    cube 4056.244.224 (depth 2, 28 lits): UNSAT in 2.31s
    cube 4056.244.225 (depth 2, 28 lits): UNSAT in 2.30s
    cube 4056.244.226 (depth 2, 28 lits): UNSAT in 3.32s
    cube 4056.244.227 (depth 2, 28 lits): UNSAT in 24.71s
    cube 4056.244.228 (depth 2, 28 lits): UNSAT in 0.12s
    cube 4056.244.229 (depth 2, 28 lits): UNSAT in 0.58s
    cube 4056.244.230 (depth 2, 28 lits): UNSAT in 0.67s
    cube 4056.244.231 (depth 2, 28 lits): UNSAT in 2.42s
    cube 4056.244.232 (depth 2, 28 lits): UNSAT in 0.37s
    cube 4056.244.233 (depth 2, 28 lits): UNSAT in 0.81s
    cube 4056.244.234 (depth 2, 28 lits): UNSAT in 3.98s
    cube 4056.244.235 (depth 2, 28 lits): UNSAT in 27.71s
    cube 4056.244.236 (depth 2, 28 lits): UNSAT in 0.27s
    cube 4056.244.237 (depth 2, 28 lits): UNSAT in 5.06s
    cube 4056.244.238 (depth 2, 28 lits): UNSAT in 4.23s
    cube 4056.244.239 (depth 2, 28 lits): UNSAT in 48.62s
    cube 4056.244.240 (depth 2, 28 lits): UNSAT in 3.77s
    cube 4056.244.241 (depth 2, 28 lits): UNSAT in 105.46s
    cube 4056.244.242 (depth 2, 28 lits): UNSAT in 68.52s
    cube 4056.244.243 (depth 2, 28 lits): UNSAT in 84.12s
    cube 4056.245 (depth 1, 20 lits): UNSAT in 708.78s
    cube 4056.246 (depth 1, 20 lits): TIMEOUT in 1200.10s
    cube 4056.246 TIMEOUT -> re-split into 254 sub-cubes (depth 2)
    cube 4056.246.0 (depth 2, 28 lits): UNSAT in 0.02s
    cube 4056.246.1 (depth 2, 28 lits): UNSAT in 0.02s
    cube 4056.246.2 (depth 2, 28 lits): UNSAT in 0.02s
    cube 4056.246.3 (depth 2, 28 lits): UNSAT in 0.03s
    cube 4056.246.4 (depth 2, 28 lits): UNSAT in 0.03s
    cube 4056.246.5 (depth 2, 28 lits): UNSAT in 0.05s
    cube 4056.246.6 (depth 2, 28 lits): UNSAT in 0.08s
    cube 4056.246.7 (depth 2, 28 lits): UNSAT in 0.11s
    cube 4056.246.8 (depth 2, 28 lits): UNSAT in 0.01s
    cube 4056.246.9 (depth 2, 28 lits): UNSAT in 0.03s
    cube 4056.246.10 (depth 2, 28 lits): UNSAT in 0.03s
    cube 4056.246.11 (depth 2, 28 lits): UNSAT in 0.09s
    cube 4056.246.12 (depth 2, 28 lits): UNSAT in 0.02s
    cube 4056.246.13 (depth 2, 28 lits): UNSAT in 0.05s
    cube 4056.246.14 (depth 2, 28 lits): UNSAT in 0.08s
    cube 4056.246.15 (depth 2, 28 lits): UNSAT in 0.08s
    cube 4056.246.16 (depth 2, 28 lits): UNSAT in 0.01s
    cube 4056.246.17 (depth 2, 28 lits): UNSAT in 0.02s
    cube 4056.246.18 (depth 2, 27 lits): UNSAT in 0.02s
    cube 4056.246.19 (depth 2, 28 lits): UNSAT in 0.02s
    cube 4056.246.20 (depth 2, 28 lits): UNSAT in 0.03s
    cube 4056.246.21 (depth 2, 28 lits): UNSAT in 0.04s
    cube 4056.246.22 (depth 2, 28 lits): UNSAT in 0.05s
    cube 4056.246.23 (depth 2, 28 lits): UNSAT in 0.02s
    cube 4056.246.24 (depth 2, 28 lits): UNSAT in 0.03s
    cube 4056.246.25 (depth 2, 28 lits): UNSAT in 0.01s
    cube 4056.246.26 (depth 2, 28 lits): UNSAT in 0.07s
    cube 4056.246.27 (depth 2, 28 lits): UNSAT in 0.06s
    cube 4056.246.28 (depth 2, 28 lits): UNSAT in 0.08s
    cube 4056.246.29 (depth 2, 28 lits): UNSAT in 0.02s
    cube 4056.246.30 (depth 2, 28 lits): UNSAT in 0.03s
    cube 4056.246.31 (depth 2, 28 lits): UNSAT in 0.02s
    cube 4056.246.32 (depth 2, 28 lits): UNSAT in 0.02s
    cube 4056.246.33 (depth 2, 28 lits): UNSAT in 0.02s
    cube 4056.246.34 (depth 2, 28 lits): UNSAT in 0.02s
    cube 4056.246.35 (depth 2, 28 lits): UNSAT in 0.02s
    cube 4056.246.36 (depth 2, 28 lits): UNSAT in 0.02s
    cube 4056.246.37 (depth 2, 28 lits): UNSAT in 0.03s
    cube 4056.246.38 (depth 2, 28 lits): UNSAT in 0.03s
    cube 4056.246.39 (depth 2, 28 lits): UNSAT in 0.02s
    cube 4056.246.40 (depth 2, 28 lits): UNSAT in 0.05s
    cube 4056.246.41 (depth 2, 28 lits): UNSAT in 0.03s
    cube 4056.246.42 (depth 2, 28 lits): UNSAT in 0.02s
    cube 4056.246.43 (depth 2, 28 lits): UNSAT in 0.02s
    cube 4056.246.44 (depth 2, 28 lits): UNSAT in 0.06s
    cube 4056.246.45 (depth 2, 28 lits): UNSAT in 0.07s
    cube 4056.246.46 (depth 2, 28 lits): UNSAT in 0.15s
    cube 4056.246.47 (depth 2, 28 lits): UNSAT in 0.01s
    cube 4056.246.48 (depth 2, 28 lits): UNSAT in 0.03s
    cube 4056.246.49 (depth 2, 28 lits): UNSAT in 0.02s
    cube 4056.246.50 (depth 2, 28 lits): UNSAT in 0.05s
    cube 4056.246.51 (depth 2, 28 lits): UNSAT in 0.01s
    cube 4056.246.52 (depth 2, 28 lits): UNSAT in 0.04s
    cube 4056.246.53 (depth 2, 28 lits): UNSAT in 0.04s
    cube 4056.246.54 (depth 2, 28 lits): UNSAT in 0.05s
    cube 4056.246.55 (depth 2, 28 lits): UNSAT in 0.08s
    cube 4056.246.56 (depth 2, 28 lits): UNSAT in 0.10s
    cube 4056.246.57 (depth 2, 28 lits): UNSAT in 0.05s
    cube 4056.246.58 (depth 2, 28 lits): UNSAT in 0.09s
    cube 4056.246.59 (depth 2, 28 lits): UNSAT in 0.04s
    cube 4056.246.60 (depth 2, 28 lits): UNSAT in 0.08s
    cube 4056.246.61 (depth 2, 28 lits): UNSAT in 0.34s
    cube 4056.246.62 (depth 2, 28 lits): UNSAT in 4.63s
    cube 4056.246.63 (depth 2, 27 lits): UNSAT in 0.01s
    cube 4056.246.64 (depth 2, 28 lits): UNSAT in 0.01s
    cube 4056.246.65 (depth 2, 28 lits): UNSAT in 0.02s
    cube 4056.246.66 (depth 2, 28 lits): UNSAT in 0.02s
    cube 4056.246.67 (depth 2, 28 lits): UNSAT in 0.02s
    cube 4056.246.68 (depth 2, 28 lits): UNSAT in 0.02s
    cube 4056.246.69 (depth 2, 28 lits): UNSAT in 0.04s
    cube 4056.246.70 (depth 2, 28 lits): UNSAT in 0.02s
    cube 4056.246.71 (depth 2, 28 lits): UNSAT in 0.02s
    cube 4056.246.72 (depth 2, 28 lits): UNSAT in 0.02s
    cube 4056.246.73 (depth 2, 28 lits): UNSAT in 0.04s
    cube 4056.246.74 (depth 2, 28 lits): UNSAT in 0.02s
    cube 4056.246.75 (depth 2, 28 lits): UNSAT in 0.04s
    cube 4056.246.76 (depth 2, 28 lits): UNSAT in 0.07s
    cube 4056.246.77 (depth 2, 28 lits): UNSAT in 0.16s
    cube 4056.246.78 (depth 2, 28 lits): UNSAT in 0.02s
    cube 4056.246.79 (depth 2, 28 lits): UNSAT in 0.02s
    cube 4056.246.80 (depth 2, 28 lits): UNSAT in 0.02s
    cube 4056.246.81 (depth 2, 28 lits): UNSAT in 0.05s
    cube 4056.246.82 (depth 2, 28 lits): UNSAT in 0.01s
    cube 4056.246.83 (depth 2, 28 lits): UNSAT in 0.04s
    cube 4056.246.84 (depth 2, 28 lits): UNSAT in 0.04s
    cube 4056.246.85 (depth 2, 28 lits): UNSAT in 0.13s
    cube 4056.246.86 (depth 2, 28 lits): UNSAT in 0.05s
    cube 4056.246.87 (depth 2, 28 lits): UNSAT in 0.06s
    cube 4056.246.88 (depth 2, 28 lits): UNSAT in 0.04s
    cube 4056.246.89 (depth 2, 28 lits): UNSAT in 0.11s
    cube 4056.246.90 (depth 2, 28 lits): UNSAT in 0.05s
    cube 4056.246.91 (depth 2, 28 lits): UNSAT in 0.13s
    cube 4056.246.92 (depth 2, 28 lits): UNSAT in 0.15s
    cube 4056.246.93 (depth 2, 28 lits): UNSAT in 0.41s
    cube 4056.246.94 (depth 2, 28 lits): UNSAT in 0.03s
    cube 4056.246.95 (depth 2, 28 lits): UNSAT in 0.08s
    cube 4056.246.96 (depth 2, 28 lits): UNSAT in 0.10s
    cube 4056.246.97 (depth 2, 28 lits): UNSAT in 0.29s
    cube 4056.246.98 (depth 2, 28 lits): UNSAT in 0.10s
    cube 4056.246.99 (depth 2, 28 lits): UNSAT in 0.19s
    cube 4056.246.100 (depth 2, 28 lits): UNSAT in 0.53s
    cube 4056.246.101 (depth 2, 28 lits): UNSAT in 4.26s
    cube 4056.246.102 (depth 2, 28 lits): UNSAT in 0.12s
    cube 4056.246.103 (depth 2, 28 lits): UNSAT in 0.12s
    cube 4056.246.104 (depth 2, 28 lits): UNSAT in 0.26s
    cube 4056.246.105 (depth 2, 28 lits): UNSAT in 0.59s
    cube 4056.246.106 (depth 2, 28 lits): UNSAT in 0.08s
    cube 4056.246.107 (depth 2, 28 lits): UNSAT in 0.26s
    cube 4056.246.108 (depth 2, 28 lits): UNSAT in 0.42s
    cube 4056.246.109 (depth 2, 28 lits): UNSAT in 2.79s
    cube 4056.246.110 (depth 2, 28 lits): UNSAT in 0.11s
    cube 4056.246.111 (depth 2, 28 lits): UNSAT in 0.28s
    cube 4056.246.112 (depth 2, 28 lits): UNSAT in 0.51s
    cube 4056.246.113 (depth 2, 28 lits): UNSAT in 2.54s
    cube 4056.246.114 (depth 2, 28 lits): UNSAT in 0.13s
    cube 4056.246.115 (depth 2, 28 lits): UNSAT in 0.62s
    cube 4056.246.116 (depth 2, 28 lits): UNSAT in 0.46s
    cube 4056.246.117 (depth 2, 28 lits): UNSAT in 1.79s
    cube 4056.246.118 (depth 2, 28 lits): UNSAT in 0.71s
    cube 4056.246.119 (depth 2, 28 lits): UNSAT in 6.44s
    cube 4056.246.120 (depth 2, 28 lits): UNSAT in 0.81s
    cube 4056.246.121 (depth 2, 28 lits): UNSAT in 3.87s
    cube 4056.246.122 (depth 2, 28 lits): UNSAT in 3.05s
    cube 4056.246.123 (depth 2, 28 lits): UNSAT in 17.30s
    cube 4056.246.124 (depth 2, 28 lits): UNSAT in 26.77s
    cube 4056.246.125 (depth 2, 28 lits): UNSAT in 63.49s
    cube 4056.246.126 (depth 2, 28 lits): UNSAT in 0.02s
    cube 4056.246.127 (depth 2, 28 lits): UNSAT in 0.02s
    cube 4056.246.128 (depth 2, 28 lits): UNSAT in 0.01s
    cube 4056.246.129 (depth 2, 28 lits): UNSAT in 0.02s
    cube 4056.246.130 (depth 2, 28 lits): UNSAT in 0.01s
    cube 4056.246.131 (depth 2, 28 lits): UNSAT in 0.03s
    cube 4056.246.132 (depth 2, 28 lits): UNSAT in 0.03s
    cube 4056.246.133 (depth 2, 28 lits): UNSAT in 0.12s
    cube 4056.246.134 (depth 2, 28 lits): UNSAT in 0.02s
    cube 4056.246.135 (depth 2, 28 lits): UNSAT in 0.02s
    cube 4056.246.136 (depth 2, 28 lits): UNSAT in 0.02s
    cube 4056.246.137 (depth 2, 28 lits): UNSAT in 0.02s
    cube 4056.246.138 (depth 2, 28 lits): UNSAT in 0.02s
    cube 4056.246.139 (depth 2, 28 lits): UNSAT in 0.04s
    cube 4056.246.140 (depth 2, 28 lits): UNSAT in 0.10s
    cube 4056.246.141 (depth 2, 28 lits): UNSAT in 0.05s
    cube 4056.246.142 (depth 2, 28 lits): UNSAT in 0.02s
    cube 4056.246.143 (depth 2, 28 lits): UNSAT in 0.02s
    cube 4056.246.144 (depth 2, 28 lits): UNSAT in 0.02s
    cube 4056.246.145 (depth 2, 28 lits): UNSAT in 0.03s
    cube 4056.246.146 (depth 2, 28 lits): UNSAT in 0.01s
    cube 4056.246.147 (depth 2, 28 lits): UNSAT in 0.02s
    cube 4056.246.148 (depth 2, 28 lits): UNSAT in 0.08s
    cube 4056.246.149 (depth 2, 28 lits): UNSAT in 0.20s
    cube 4056.246.150 (depth 2, 28 lits): UNSAT in 0.03s
    cube 4056.246.151 (depth 2, 28 lits): UNSAT in 0.08s
    cube 4056.246.152 (depth 2, 28 lits): UNSAT in 0.16s
    cube 4056.246.153 (depth 2, 28 lits): UNSAT in 0.13s
    cube 4056.246.154 (depth 2, 28 lits): UNSAT in 0.06s
    cube 4056.246.155 (depth 2, 28 lits): UNSAT in 0.17s
    cube 4056.246.156 (depth 2, 28 lits): UNSAT in 0.11s
    cube 4056.246.157 (depth 2, 28 lits): UNSAT in 0.72s
    cube 4056.246.158 (depth 2, 28 lits): UNSAT in 0.02s
    cube 4056.246.159 (depth 2, 28 lits): UNSAT in 0.07s
    cube 4056.246.160 (depth 2, 28 lits): UNSAT in 0.07s
    cube 4056.246.161 (depth 2, 28 lits): UNSAT in 0.13s
    cube 4056.246.162 (depth 2, 28 lits): UNSAT in 0.02s
    cube 4056.246.163 (depth 2, 28 lits): UNSAT in 0.04s
    cube 4056.246.164 (depth 2, 28 lits): UNSAT in 0.12s
    cube 4056.246.165 (depth 2, 28 lits): UNSAT in 0.12s
    cube 4056.246.166 (depth 2, 28 lits): UNSAT in 0.03s
    cube 4056.246.167 (depth 2, 28 lits): UNSAT in 0.20s
    cube 4056.246.168 (depth 2, 28 lits): UNSAT in 0.04s
    cube 4056.246.169 (depth 2, 28 lits): UNSAT in 0.20s
    cube 4056.246.170 (depth 2, 28 lits): UNSAT in 0.06s
    cube 4056.246.171 (depth 2, 28 lits): UNSAT in 0.48s
    cube 4056.246.172 (depth 2, 28 lits): UNSAT in 0.34s
    cube 4056.246.173 (depth 2, 28 lits): UNSAT in 1.41s
    cube 4056.246.174 (depth 2, 28 lits): UNSAT in 0.03s
    cube 4056.246.175 (depth 2, 28 lits): UNSAT in 0.09s
    cube 4056.246.176 (depth 2, 28 lits): UNSAT in 0.08s
    cube 4056.246.177 (depth 2, 28 lits): UNSAT in 0.27s
    cube 4056.246.178 (depth 2, 28 lits): UNSAT in 0.17s
    cube 4056.246.179 (depth 2, 28 lits): UNSAT in 0.26s
    cube 4056.246.180 (depth 2, 28 lits): UNSAT in 0.42s
    cube 4056.246.181 (depth 2, 28 lits): UNSAT in 0.91s
    cube 4056.246.182 (depth 2, 28 lits): UNSAT in 0.25s
    cube 4056.246.183 (depth 2, 28 lits): UNSAT in 1.36s
    cube 4056.246.184 (depth 2, 28 lits): UNSAT in 1.03s
    cube 4056.246.185 (depth 2, 28 lits): UNSAT in 9.73s
    cube 4056.246.186 (depth 2, 28 lits): UNSAT in 2.10s
    cube 4056.246.187 (depth 2, 28 lits): UNSAT in 6.07s
    cube 4056.246.188 (depth 2, 28 lits): UNSAT in 5.87s
