  shard 17/24 (explicit): 1 of 4095 cubes, per-cube cap 1200.0s, re-split depth 7
    cube 4055 (depth 0, 12 lits): TIMEOUT in 1200.10s
    cube 4055 TIMEOUT -> re-split into 256 sub-cubes (depth 1)
    cube 4055.0 (depth 1, 20 lits): UNSAT in 0.01s
    cube 4055.1 (depth 1, 20 lits): UNSAT in 0.02s
    cube 4055.2 (depth 1, 20 lits): UNSAT in 0.02s
    cube 4055.3 (depth 1, 20 lits): UNSAT in 0.03s
    cube 4055.4 (depth 1, 20 lits): UNSAT in 0.01s
    cube 4055.5 (depth 1, 20 lits): UNSAT in 0.02s
    cube 4055.6 (depth 1, 20 lits): UNSAT in 0.03s
    cube 4055.7 (depth 1, 20 lits): UNSAT in 0.04s
    cube 4055.8 (depth 1, 20 lits): UNSAT in 0.01s
    cube 4055.9 (depth 1, 20 lits): UNSAT in 0.02s
    cube 4055.10 (depth 1, 20 lits): UNSAT in 0.02s
    cube 4055.11 (depth 1, 20 lits): UNSAT in 0.05s
    cube 4055.12 (depth 1, 20 lits): UNSAT in 0.04s
    cube 4055.13 (depth 1, 20 lits): UNSAT in 0.05s
    cube 4055.14 (depth 1, 20 lits): UNSAT in 0.05s
    cube 4055.15 (depth 1, 20 lits): UNSAT in 0.26s
    cube 4055.16 (depth 1, 20 lits): UNSAT in 0.01s
    cube 4055.17 (depth 1, 20 lits): UNSAT in 0.02s
    cube 4055.18 (depth 1, 20 lits): UNSAT in 0.03s
    cube 4055.19 (depth 1, 20 lits): UNSAT in 0.08s
    cube 4055.20 (depth 1, 20 lits): UNSAT in 0.02s
    cube 4055.21 (depth 1, 20 lits): UNSAT in 0.05s
    cube 4055.22 (depth 1, 20 lits): UNSAT in 0.12s
    cube 4055.23 (depth 1, 20 lits): UNSAT in 0.18s
    cube 4055.24 (depth 1, 20 lits): UNSAT in 0.03s
    cube 4055.25 (depth 1, 20 lits): UNSAT in 0.06s
    cube 4055.26 (depth 1, 20 lits): UNSAT in 0.04s
    cube 4055.27 (depth 1, 20 lits): UNSAT in 0.23s
    cube 4055.28 (depth 1, 20 lits): UNSAT in 0.06s
    cube 4055.29 (depth 1, 20 lits): UNSAT in 0.19s
    cube 4055.30 (depth 1, 20 lits): UNSAT in 0.29s
    cube 4055.31 (depth 1, 20 lits): UNSAT in 0.99s
    cube 4055.32 (depth 1, 20 lits): UNSAT in 0.01s
    cube 4055.33 (depth 1, 20 lits): UNSAT in 0.03s
    cube 4055.34 (depth 1, 20 lits): UNSAT in 0.02s
    cube 4055.35 (depth 1, 20 lits): UNSAT in 0.01s
    cube 4055.36 (depth 1, 20 lits): UNSAT in 0.02s
    cube 4055.37 (depth 1, 20 lits): UNSAT in 0.07s
    cube 4055.38 (depth 1, 20 lits): UNSAT in 0.09s
    cube 4055.39 (depth 1, 20 lits): UNSAT in 0.33s
    cube 4055.40 (depth 1, 20 lits): UNSAT in 0.02s
    cube 4055.41 (depth 1, 20 lits): UNSAT in 0.08s
    cube 4055.42 (depth 1, 20 lits): UNSAT in 0.02s
    cube 4055.43 (depth 1, 20 lits): UNSAT in 0.06s
    cube 4055.44 (depth 1, 20 lits): UNSAT in 0.06s
    cube 4055.45 (depth 1, 20 lits): UNSAT in 0.19s
    cube 4055.46 (depth 1, 20 lits): UNSAT in 0.14s
    cube 4055.47 (depth 1, 20 lits): UNSAT in 1.03s
    cube 4055.48 (depth 1, 20 lits): UNSAT in 0.05s
    cube 4055.49 (depth 1, 20 lits): UNSAT in 0.04s
    cube 4055.50 (depth 1, 20 lits): UNSAT in 0.13s
    cube 4055.51 (depth 1, 20 lits): UNSAT in 0.20s
    cube 4055.52 (depth 1, 20 lits): UNSAT in 0.04s
    cube 4055.53 (depth 1, 20 lits): UNSAT in 0.16s
    cube 4055.54 (depth 1, 20 lits): UNSAT in 0.41s
    cube 4055.55 (depth 1, 20 lits): UNSAT in 1.91s
    cube 4055.56 (depth 1, 20 lits): UNSAT in 0.23s
    cube 4055.57 (depth 1, 20 lits): UNSAT in 0.94s
    cube 4055.58 (depth 1, 20 lits): UNSAT in 0.68s
    cube 4055.59 (depth 1, 20 lits): UNSAT in 2.57s
    cube 4055.60 (depth 1, 20 lits): UNSAT in 0.32s
    cube 4055.61 (depth 1, 20 lits): UNSAT in 0.93s
    cube 4055.62 (depth 1, 20 lits): UNSAT in 2.93s
    cube 4055.63 (depth 1, 20 lits): UNSAT in 19.20s
    cube 4055.64 (depth 1, 20 lits): UNSAT in 0.03s
    cube 4055.65 (depth 1, 20 lits): UNSAT in 0.09s
    cube 4055.66 (depth 1, 20 lits): UNSAT in 0.05s
    cube 4055.67 (depth 1, 20 lits): UNSAT in 0.31s
    cube 4055.68 (depth 1, 20 lits): UNSAT in 0.06s
    cube 4055.69 (depth 1, 20 lits): UNSAT in 0.39s
    cube 4055.70 (depth 1, 20 lits): UNSAT in 0.38s
    cube 4055.71 (depth 1, 20 lits): UNSAT in 1.06s
    cube 4055.72 (depth 1, 20 lits): UNSAT in 0.03s
    cube 4055.73 (depth 1, 20 lits): UNSAT in 0.13s
    cube 4055.74 (depth 1, 20 lits): UNSAT in 0.07s
    cube 4055.75 (depth 1, 20 lits): UNSAT in 0.59s
    cube 4055.76 (depth 1, 20 lits): UNSAT in 0.39s
    cube 4055.77 (depth 1, 20 lits): UNSAT in 1.27s
    cube 4055.78 (depth 1, 20 lits): UNSAT in 0.96s
    cube 4055.79 (depth 1, 20 lits): UNSAT in 2.48s
    cube 4055.80 (depth 1, 20 lits): UNSAT in 0.11s
    cube 4055.81 (depth 1, 20 lits): UNSAT in 0.41s
    cube 4055.82 (depth 1, 20 lits): UNSAT in 0.60s
    cube 4055.83 (depth 1, 20 lits): UNSAT in 0.95s
    cube 4055.84 (depth 1, 20 lits): UNSAT in 0.36s
    cube 4055.85 (depth 1, 20 lits): UNSAT in 0.66s
    cube 4055.86 (depth 1, 20 lits): UNSAT in 1.08s
    cube 4055.87 (depth 1, 20 lits): UNSAT in 2.27s
    cube 4055.88 (depth 1, 20 lits): UNSAT in 0.08s
    cube 4055.89 (depth 1, 20 lits): UNSAT in 0.19s
    cube 4055.90 (depth 1, 20 lits): UNSAT in 0.66s
    cube 4055.91 (depth 1, 20 lits): UNSAT in 4.11s
    cube 4055.92 (depth 1, 20 lits): UNSAT in 1.40s
    cube 4055.93 (depth 1, 20 lits): UNSAT in 2.73s
    cube 4055.94 (depth 1, 20 lits): UNSAT in 2.43s
    cube 4055.95 (depth 1, 20 lits): UNSAT in 10.06s
    cube 4055.96 (depth 1, 20 lits): UNSAT in 0.01s
    cube 4055.97 (depth 1, 20 lits): UNSAT in 0.02s
    cube 4055.98 (depth 1, 20 lits): UNSAT in 0.02s
    cube 4055.99 (depth 1, 20 lits): UNSAT in 0.05s
    cube 4055.100 (depth 1, 20 lits): UNSAT in 0.02s
    cube 4055.101 (depth 1, 20 lits): UNSAT in 0.04s
    cube 4055.102 (depth 1, 20 lits): UNSAT in 0.06s
    cube 4055.103 (depth 1, 20 lits): UNSAT in 0.14s
    cube 4055.104 (depth 1, 20 lits): UNSAT in 0.03s
    cube 4055.105 (depth 1, 20 lits): UNSAT in 0.12s
    cube 4055.106 (depth 1, 20 lits): UNSAT in 0.09s
    cube 4055.107 (depth 1, 20 lits): UNSAT in 0.20s
    cube 4055.108 (depth 1, 20 lits): UNSAT in 0.20s
    cube 4055.109 (depth 1, 20 lits): UNSAT in 1.19s
    cube 4055.110 (depth 1, 20 lits): UNSAT in 0.87s
    cube 4055.111 (depth 1, 20 lits): UNSAT in 4.53s
    cube 4055.112 (depth 1, 20 lits): UNSAT in 0.03s
    cube 4055.113 (depth 1, 20 lits): UNSAT in 0.10s
    cube 4055.114 (depth 1, 20 lits): UNSAT in 0.07s
    cube 4055.115 (depth 1, 20 lits): UNSAT in 0.72s
    cube 4055.116 (depth 1, 20 lits): UNSAT in 0.33s
    cube 4055.117 (depth 1, 20 lits): UNSAT in 0.36s
    cube 4055.118 (depth 1, 20 lits): UNSAT in 0.44s
    cube 4055.119 (depth 1, 20 lits): UNSAT in 3.40s
    cube 4055.120 (depth 1, 20 lits): UNSAT in 2.73s
    cube 4055.121 (depth 1, 20 lits): UNSAT in 2.96s
    cube 4055.122 (depth 1, 20 lits): UNSAT in 2.57s
    cube 4055.123 (depth 1, 20 lits): UNSAT in 32.35s
    cube 4055.124 (depth 1, 20 lits): UNSAT in 0.70s
    cube 4055.125 (depth 1, 20 lits): UNSAT in 5.43s
    cube 4055.126 (depth 1, 20 lits): UNSAT in 22.75s
    cube 4055.127 (depth 1, 20 lits): UNSAT in 234.10s
    cube 4055.128 (depth 1, 20 lits): UNSAT in 0.02s
    cube 4055.129 (depth 1, 20 lits): UNSAT in 0.02s
    cube 4055.130 (depth 1, 20 lits): UNSAT in 0.02s
    cube 4055.131 (depth 1, 20 lits): UNSAT in 0.02s
    cube 4055.132 (depth 1, 20 lits): UNSAT in 0.02s
    cube 4055.133 (depth 1, 20 lits): UNSAT in 0.02s
    cube 4055.134 (depth 1, 20 lits): UNSAT in 0.04s
    cube 4055.135 (depth 1, 20 lits): UNSAT in 0.03s
    cube 4055.136 (depth 1, 20 lits): UNSAT in 0.02s
    cube 4055.137 (depth 1, 20 lits): UNSAT in 0.04s
    cube 4055.138 (depth 1, 20 lits): UNSAT in 0.01s
    cube 4055.139 (depth 1, 20 lits): UNSAT in 0.04s
    cube 4055.140 (depth 1, 20 lits): UNSAT in 0.02s
    cube 4055.141 (depth 1, 20 lits): UNSAT in 0.03s
    cube 4055.142 (depth 1, 20 lits): UNSAT in 0.04s
    cube 4055.143 (depth 1, 20 lits): UNSAT in 0.19s
    cube 4055.144 (depth 1, 20 lits): UNSAT in 0.02s
    cube 4055.145 (depth 1, 20 lits): UNSAT in 0.03s
    cube 4055.146 (depth 1, 20 lits): UNSAT in 0.04s
    cube 4055.147 (depth 1, 20 lits): UNSAT in 0.09s
    cube 4055.148 (depth 1, 20 lits): UNSAT in 0.04s
    cube 4055.149 (depth 1, 20 lits): UNSAT in 0.05s
    cube 4055.150 (depth 1, 20 lits): UNSAT in 0.04s
    cube 4055.151 (depth 1, 20 lits): UNSAT in 0.10s
    cube 4055.152 (depth 1, 20 lits): UNSAT in 0.03s
    cube 4055.153 (depth 1, 20 lits): UNSAT in 0.10s
    cube 4055.154 (depth 1, 20 lits): UNSAT in 0.18s
    cube 4055.155 (depth 1, 20 lits): UNSAT in 0.32s
    cube 4055.156 (depth 1, 20 lits): UNSAT in 0.04s
    cube 4055.157 (depth 1, 20 lits): UNSAT in 0.06s
    cube 4055.158 (depth 1, 20 lits): UNSAT in 0.16s
    cube 4055.159 (depth 1, 20 lits): UNSAT in 0.70s
    cube 4055.160 (depth 1, 20 lits): UNSAT in 0.01s
    cube 4055.161 (depth 1, 20 lits): UNSAT in 0.01s
    cube 4055.162 (depth 1, 20 lits): UNSAT in 0.02s
    cube 4055.163 (depth 1, 20 lits): UNSAT in 0.03s
    cube 4055.164 (depth 1, 20 lits): UNSAT in 0.02s
    cube 4055.165 (depth 1, 20 lits): UNSAT in 0.04s
    cube 4055.166 (depth 1, 20 lits): UNSAT in 0.03s
    cube 4055.167 (depth 1, 20 lits): UNSAT in 0.13s
    cube 4055.168 (depth 1, 20 lits): UNSAT in 0.04s
    cube 4055.169 (depth 1, 20 lits): UNSAT in 0.06s
    cube 4055.170 (depth 1, 20 lits): UNSAT in 0.15s
    cube 4055.171 (depth 1, 20 lits): UNSAT in 0.47s
    cube 4055.172 (depth 1, 20 lits): UNSAT in 0.15s
    cube 4055.173 (depth 1, 20 lits): UNSAT in 0.49s
    cube 4055.174 (depth 1, 20 lits): UNSAT in 0.30s
    cube 4055.175 (depth 1, 20 lits): UNSAT in 2.34s
    cube 4055.176 (depth 1, 20 lits): UNSAT in 0.02s
    cube 4055.177 (depth 1, 20 lits): UNSAT in 0.52s
    cube 4055.178 (depth 1, 20 lits): UNSAT in 0.51s
    cube 4055.179 (depth 1, 20 lits): UNSAT in 0.75s
    cube 4055.180 (depth 1, 20 lits): UNSAT in 0.17s
    cube 4055.181 (depth 1, 20 lits): UNSAT in 0.89s
    cube 4055.182 (depth 1, 20 lits): UNSAT in 0.58s
    cube 4055.183 (depth 1, 20 lits): UNSAT in 3.98s
    cube 4055.184 (depth 1, 20 lits): UNSAT in 0.10s
    cube 4055.185 (depth 1, 20 lits): UNSAT in 0.53s
    cube 4055.186 (depth 1, 20 lits): UNSAT in 1.14s
    cube 4055.187 (depth 1, 20 lits): UNSAT in 9.92s
    cube 4055.188 (depth 1, 20 lits): UNSAT in 0.40s
    cube 4055.189 (depth 1, 20 lits): UNSAT in 4.92s
    cube 4055.190 (depth 1, 20 lits): UNSAT in 4.90s
    cube 4055.191 (depth 1, 20 lits): UNSAT in 36.94s
    cube 4055.192 (depth 1, 20 lits): UNSAT in 0.02s
    cube 4055.193 (depth 1, 20 lits): UNSAT in 0.02s
    cube 4055.194 (depth 1, 20 lits): UNSAT in 0.02s
    cube 4055.195 (depth 1, 20 lits): UNSAT in 0.03s
    cube 4055.196 (depth 1, 20 lits): UNSAT in 0.03s
    cube 4055.197 (depth 1, 20 lits): UNSAT in 0.04s
    cube 4055.198 (depth 1, 20 lits): UNSAT in 0.10s
    cube 4055.199 (depth 1, 20 lits): UNSAT in 0.20s
    cube 4055.200 (depth 1, 20 lits): UNSAT in 0.04s
    cube 4055.201 (depth 1, 20 lits): UNSAT in 0.13s
    cube 4055.202 (depth 1, 20 lits): UNSAT in 0.06s
    cube 4055.203 (depth 1, 20 lits): UNSAT in 0.29s
    cube 4055.204 (depth 1, 20 lits): UNSAT in 0.04s
    cube 4055.205 (depth 1, 20 lits): UNSAT in 0.14s
    cube 4055.206 (depth 1, 20 lits): UNSAT in 0.39s
    cube 4055.207 (depth 1, 20 lits): UNSAT in 1.01s
    cube 4055.208 (depth 1, 20 lits): UNSAT in 0.03s
    cube 4055.209 (depth 1, 20 lits): UNSAT in 0.06s
    cube 4055.210 (depth 1, 20 lits): UNSAT in 0.17s
    cube 4055.211 (depth 1, 20 lits): UNSAT in 0.24s
    cube 4055.212 (depth 1, 20 lits): UNSAT in 0.05s
    cube 4055.213 (depth 1, 20 lits): UNSAT in 0.24s
    cube 4055.214 (depth 1, 20 lits): UNSAT in 0.72s
    cube 4055.215 (depth 1, 20 lits): UNSAT in 1.71s
    cube 4055.216 (depth 1, 20 lits): UNSAT in 0.14s
    cube 4055.217 (depth 1, 20 lits): UNSAT in 0.53s
    cube 4055.218 (depth 1, 20 lits): UNSAT in 0.70s
    cube 4055.219 (depth 1, 20 lits): UNSAT in 4.46s
    cube 4055.220 (depth 1, 20 lits): UNSAT in 0.54s
    cube 4055.221 (depth 1, 20 lits): UNSAT in 3.19s
    cube 4055.222 (depth 1, 20 lits): UNSAT in 1.28s
    cube 4055.223 (depth 1, 20 lits): UNSAT in 15.94s
    cube 4055.224 (depth 1, 20 lits): UNSAT in 0.05s
    cube 4055.225 (depth 1, 20 lits): UNSAT in 0.12s
    cube 4055.226 (depth 1, 20 lits): UNSAT in 0.06s
    cube 4055.227 (depth 1, 20 lits): UNSAT in 0.82s
    cube 4055.228 (depth 1, 20 lits): UNSAT in 0.13s
    cube 4055.229 (depth 1, 20 lits): UNSAT in 0.53s
    cube 4055.230 (depth 1, 20 lits): UNSAT in 0.39s
    cube 4055.231 (depth 1, 20 lits): UNSAT in 2.39s
    cube 4055.232 (depth 1, 20 lits): UNSAT in 0.14s
    cube 4055.233 (depth 1, 20 lits): UNSAT in 1.26s
    cube 4055.234 (depth 1, 20 lits): UNSAT in 0.59s
    cube 4055.235 (depth 1, 20 lits): UNSAT in 10.52s
    cube 4055.236 (depth 1, 20 lits): UNSAT in 2.95s
    cube 4055.237 (depth 1, 20 lits): UNSAT in 20.32s
    cube 4055.238 (depth 1, 20 lits): UNSAT in 2.76s
    cube 4055.239 (depth 1, 20 lits): UNSAT in 96.31s
    cube 4055.240 (depth 1, 20 lits): UNSAT in 0.05s
    cube 4055.241 (depth 1, 20 lits): UNSAT in 0.17s
    cube 4055.242 (depth 1, 20 lits): UNSAT in 0.58s
    cube 4055.243 (depth 1, 20 lits): UNSAT in 2.20s
    cube 4055.244 (depth 1, 20 lits): UNSAT in 0.31s
    cube 4055.245 (depth 1, 20 lits): UNSAT in 1.99s
    cube 4055.246 (depth 1, 20 lits): UNSAT in 6.58s
    cube 4055.247 (depth 1, 20 lits): UNSAT in 107.46s
    cube 4055.248 (depth 1, 20 lits): UNSAT in 0.75s
    cube 4055.249 (depth 1, 20 lits): UNSAT in 3.83s
    cube 4055.250 (depth 1, 20 lits): UNSAT in 11.61s
    cube 4055.251 (depth 1, 20 lits): UNSAT in 116.91s
    cube 4055.252 (depth 1, 20 lits): UNSAT in 12.31s
    cube 4055.253 (depth 1, 20 lits): UNSAT in 108.84s
    cube 4055.254 (depth 1, 20 lits): UNSAT in 210.95s
    cube 4055.255 (depth 1, 20 lits): TIMEOUT in 1200.10s
    cube 4055.255 TIMEOUT -> re-split into 253 sub-cubes (depth 2)
    cube 4055.255.0 (depth 2, 27 lits): UNSAT in 0.01s
    cube 4055.255.1 (depth 2, 28 lits): UNSAT in 0.01s
    cube 4055.255.2 (depth 2, 28 lits): UNSAT in 0.02s
    cube 4055.255.3 (depth 2, 28 lits): UNSAT in 0.01s
    cube 4055.255.4 (depth 2, 28 lits): UNSAT in 0.01s
    cube 4055.255.5 (depth 2, 28 lits): UNSAT in 0.01s
    cube 4055.255.6 (depth 2, 28 lits): UNSAT in 0.02s
    cube 4055.255.7 (depth 2, 27 lits): UNSAT in 0.01s
    cube 4055.255.8 (depth 2, 28 lits): UNSAT in 0.02s
    cube 4055.255.9 (depth 2, 28 lits): UNSAT in 0.02s
    cube 4055.255.10 (depth 2, 28 lits): UNSAT in 0.02s
    cube 4055.255.11 (depth 2, 28 lits): UNSAT in 0.02s
    cube 4055.255.12 (depth 2, 28 lits): UNSAT in 0.02s
    cube 4055.255.13 (depth 2, 28 lits): UNSAT in 0.04s
    cube 4055.255.14 (depth 2, 28 lits): UNSAT in 0.01s
    cube 4055.255.15 (depth 2, 28 lits): UNSAT in 0.01s
    cube 4055.255.16 (depth 2, 28 lits): UNSAT in 0.01s
    cube 4055.255.17 (depth 2, 28 lits): UNSAT in 0.02s
    cube 4055.255.18 (depth 2, 28 lits): UNSAT in 0.01s
    cube 4055.255.19 (depth 2, 28 lits): UNSAT in 0.02s
    cube 4055.255.20 (depth 2, 28 lits): UNSAT in 0.01s
    cube 4055.255.21 (depth 2, 28 lits): UNSAT in 0.03s
    cube 4055.255.22 (depth 2, 28 lits): UNSAT in 0.02s
    cube 4055.255.23 (depth 2, 28 lits): UNSAT in 0.02s
    cube 4055.255.24 (depth 2, 28 lits): UNSAT in 0.03s
    cube 4055.255.25 (depth 2, 28 lits): UNSAT in 0.12s
    cube 4055.255.26 (depth 2, 28 lits): UNSAT in 0.03s
    cube 4055.255.27 (depth 2, 28 lits): UNSAT in 0.04s
    cube 4055.255.28 (depth 2, 28 lits): UNSAT in 0.05s
    cube 4055.255.29 (depth 2, 28 lits): UNSAT in 0.24s
    cube 4055.255.30 (depth 2, 27 lits): UNSAT in 0.02s
    cube 4055.255.31 (depth 2, 28 lits): UNSAT in 0.02s
    cube 4055.255.32 (depth 2, 28 lits): UNSAT in 0.03s
    cube 4055.255.33 (depth 2, 28 lits): UNSAT in 0.03s
    cube 4055.255.34 (depth 2, 28 lits): UNSAT in 0.04s
    cube 4055.255.35 (depth 2, 28 lits): UNSAT in 0.04s
    cube 4055.255.36 (depth 2, 28 lits): UNSAT in 0.07s
    cube 4055.255.37 (depth 2, 28 lits): UNSAT in 0.01s
    cube 4055.255.38 (depth 2, 28 lits): UNSAT in 0.02s
    cube 4055.255.39 (depth 2, 28 lits): UNSAT in 0.02s
    cube 4055.255.40 (depth 2, 28 lits): UNSAT in 0.08s
    cube 4055.255.41 (depth 2, 28 lits): UNSAT in 0.02s
    cube 4055.255.42 (depth 2, 28 lits): UNSAT in 0.04s
    cube 4055.255.43 (depth 2, 28 lits): UNSAT in 0.14s
    cube 4055.255.44 (depth 2, 28 lits): UNSAT in 0.21s
    cube 4055.255.45 (depth 2, 28 lits): UNSAT in 0.01s
    cube 4055.255.46 (depth 2, 28 lits): UNSAT in 0.03s
    cube 4055.255.47 (depth 2, 28 lits): UNSAT in 0.05s
    cube 4055.255.48 (depth 2, 28 lits): UNSAT in 0.07s
    cube 4055.255.49 (depth 2, 28 lits): UNSAT in 0.05s
    cube 4055.255.50 (depth 2, 28 lits): UNSAT in 0.13s
    cube 4055.255.51 (depth 2, 28 lits): UNSAT in 0.12s
    cube 4055.255.52 (depth 2, 28 lits): UNSAT in 0.76s
    cube 4055.255.53 (depth 2, 28 lits): UNSAT in 0.17s
    cube 4055.255.54 (depth 2, 28 lits): UNSAT in 0.26s
    cube 4055.255.55 (depth 2, 28 lits): UNSAT in 0.16s
    cube 4055.255.56 (depth 2, 28 lits): UNSAT in 0.84s
    cube 4055.255.57 (depth 2, 28 lits): UNSAT in 0.19s
    cube 4055.255.58 (depth 2, 28 lits): UNSAT in 0.35s
    cube 4055.255.59 (depth 2, 28 lits): UNSAT in 0.21s
    cube 4055.255.60 (depth 2, 28 lits): UNSAT in 1.01s
    cube 4055.255.61 (depth 2, 28 lits): UNSAT in 0.01s
    cube 4055.255.62 (depth 2, 28 lits): UNSAT in 0.02s
    cube 4055.255.63 (depth 2, 28 lits): UNSAT in 0.02s
    cube 4055.255.64 (depth 2, 28 lits): UNSAT in 0.03s
    cube 4055.255.65 (depth 2, 28 lits): UNSAT in 0.01s
    cube 4055.255.66 (depth 2, 28 lits): UNSAT in 0.03s
    cube 4055.255.67 (depth 2, 28 lits): UNSAT in 0.03s
    cube 4055.255.68 (depth 2, 28 lits): UNSAT in 0.06s
    cube 4055.255.69 (depth 2, 28 lits): UNSAT in 0.02s
    cube 4055.255.70 (depth 2, 28 lits): UNSAT in 0.04s
    cube 4055.255.71 (depth 2, 28 lits): UNSAT in 0.02s
    cube 4055.255.72 (depth 2, 28 lits): UNSAT in 0.10s
    cube 4055.255.73 (depth 2, 28 lits): UNSAT in 0.03s
    cube 4055.255.74 (depth 2, 28 lits): UNSAT in 0.11s
    cube 4055.255.75 (depth 2, 28 lits): UNSAT in 0.13s
    cube 4055.255.76 (depth 2, 28 lits): UNSAT in 0.64s
    cube 4055.255.77 (depth 2, 28 lits): UNSAT in 0.02s
    cube 4055.255.78 (depth 2, 28 lits): UNSAT in 0.04s
    cube 4055.255.79 (depth 2, 28 lits): UNSAT in 0.09s
    cube 4055.255.80 (depth 2, 28 lits): UNSAT in 0.08s
    cube 4055.255.81 (depth 2, 28 lits): UNSAT in 0.06s
    cube 4055.255.82 (depth 2, 28 lits): UNSAT in 0.08s
    cube 4055.255.83 (depth 2, 28 lits): UNSAT in 0.04s
    cube 4055.255.84 (depth 2, 28 lits): UNSAT in 0.42s
    cube 4055.255.85 (depth 2, 28 lits): UNSAT in 0.03s
    cube 4055.255.86 (depth 2, 28 lits): UNSAT in 0.04s
    cube 4055.255.87 (depth 2, 28 lits): UNSAT in 0.20s
    cube 4055.255.88 (depth 2, 28 lits): UNSAT in 0.19s
    cube 4055.255.89 (depth 2, 28 lits): UNSAT in 0.63s
    cube 4055.255.90 (depth 2, 28 lits): UNSAT in 0.28s
    cube 4055.255.91 (depth 2, 28 lits): UNSAT in 1.28s
    cube 4055.255.92 (depth 2, 28 lits): UNSAT in 18.74s
    cube 4055.255.93 (depth 2, 28 lits): UNSAT in 0.04s
    cube 4055.255.94 (depth 2, 28 lits): UNSAT in 0.03s
    cube 4055.255.95 (depth 2, 28 lits): UNSAT in 0.04s
    cube 4055.255.96 (depth 2, 28 lits): UNSAT in 0.23s
    cube 4055.255.97 (depth 2, 28 lits): UNSAT in 0.03s
    cube 4055.255.98 (depth 2, 28 lits): UNSAT in 0.12s
    cube 4055.255.99 (depth 2, 28 lits): UNSAT in 0.30s
    cube 4055.255.100 (depth 2, 28 lits): UNSAT in 0.44s
    cube 4055.255.101 (depth 2, 28 lits): UNSAT in 0.05s
    cube 4055.255.102 (depth 2, 28 lits): UNSAT in 0.18s
    cube 4055.255.103 (depth 2, 28 lits): UNSAT in 0.13s
    cube 4055.255.104 (depth 2, 28 lits): UNSAT in 0.53s
    cube 4055.255.105 (depth 2, 28 lits): UNSAT in 0.16s
    cube 4055.255.106 (depth 2, 28 lits): UNSAT in 0.63s
    cube 4055.255.107 (depth 2, 28 lits): UNSAT in 0.39s
    cube 4055.255.108 (depth 2, 28 lits): UNSAT in 2.54s
    cube 4055.255.109 (depth 2, 28 lits): UNSAT in 0.06s
    cube 4055.255.110 (depth 2, 28 lits): UNSAT in 0.07s
    cube 4055.255.111 (depth 2, 28 lits): UNSAT in 0.16s
    cube 4055.255.112 (depth 2, 28 lits): UNSAT in 0.47s
    cube 4055.255.113 (depth 2, 28 lits): UNSAT in 0.06s
    cube 4055.255.114 (depth 2, 28 lits): UNSAT in 0.08s
    cube 4055.255.115 (depth 2, 28 lits): UNSAT in 4.21s
    cube 4055.255.116 (depth 2, 28 lits): UNSAT in 10.13s
    cube 4055.255.117 (depth 2, 28 lits): UNSAT in 0.07s
    cube 4055.255.118 (depth 2, 28 lits): UNSAT in 2.28s
    cube 4055.255.119 (depth 2, 28 lits): UNSAT in 1.13s
    cube 4055.255.120 (depth 2, 28 lits): UNSAT in 6.58s
    cube 4055.255.121 (depth 2, 28 lits): UNSAT in 2.21s
    cube 4055.255.122 (depth 2, 28 lits): UNSAT in 22.09s
    cube 4055.255.123 (depth 2, 28 lits): UNSAT in 21.35s
    cube 4055.255.124 (depth 2, 28 lits): UNSAT in 157.75s
    cube 4055.255.125 (depth 2, 28 lits): UNSAT in 0.01s
    cube 4055.255.126 (depth 2, 28 lits): UNSAT in 0.02s
    cube 4055.255.127 (depth 2, 28 lits): UNSAT in 0.01s
    cube 4055.255.128 (depth 2, 28 lits): UNSAT in 0.02s
    cube 4055.255.129 (depth 2, 28 lits): UNSAT in 0.02s
    cube 4055.255.130 (depth 2, 28 lits): UNSAT in 0.03s
    cube 4055.255.131 (depth 2, 28 lits): UNSAT in 0.03s
    cube 4055.255.132 (depth 2, 28 lits): UNSAT in 0.06s
    cube 4055.255.133 (depth 2, 28 lits): UNSAT in 0.02s
    cube 4055.255.134 (depth 2, 28 lits): UNSAT in 0.02s
    cube 4055.255.135 (depth 2, 28 lits): UNSAT in 0.02s
    cube 4055.255.136 (depth 2, 28 lits): UNSAT in 0.08s
    cube 4055.255.137 (depth 2, 28 lits): UNSAT in 0.03s
    cube 4055.255.138 (depth 2, 28 lits): UNSAT in 0.10s
    cube 4055.255.139 (depth 2, 28 lits): UNSAT in 0.04s
    cube 4055.255.140 (depth 2, 28 lits): UNSAT in 0.41s
    cube 4055.255.141 (depth 2, 28 lits): UNSAT in 0.02s
    cube 4055.255.142 (depth 2, 28 lits): UNSAT in 0.04s
    cube 4055.255.143 (depth 2, 28 lits): UNSAT in 0.02s
    cube 4055.255.144 (depth 2, 28 lits): UNSAT in 0.08s
    cube 4055.255.145 (depth 2, 28 lits): UNSAT in 0.03s
    cube 4055.255.146 (depth 2, 28 lits): UNSAT in 0.09s
    cube 4055.255.147 (depth 2, 28 lits): UNSAT in 0.09s
    cube 4055.255.148 (depth 2, 28 lits): UNSAT in 0.32s
    cube 4055.255.149 (depth 2, 28 lits): UNSAT in 0.04s
    cube 4055.255.150 (depth 2, 28 lits): UNSAT in 0.31s
    cube 4055.255.151 (depth 2, 28 lits): UNSAT in 0.09s
    cube 4055.255.152 (depth 2, 28 lits): UNSAT in 0.60s
    cube 4055.255.153 (depth 2, 28 lits): UNSAT in 0.06s
    cube 4055.255.154 (depth 2, 28 lits): UNSAT in 0.32s
    cube 4055.255.155 (depth 2, 28 lits): UNSAT in 0.25s
    cube 4055.255.156 (depth 2, 28 lits): UNSAT in 1.33s
    cube 4055.255.157 (depth 2, 28 lits): UNSAT in 0.04s
    cube 4055.255.158 (depth 2, 28 lits): UNSAT in 0.07s
    cube 4055.255.159 (depth 2, 28 lits): UNSAT in 0.25s
    cube 4055.255.160 (depth 2, 28 lits): UNSAT in 0.87s
    cube 4055.255.161 (depth 2, 28 lits): UNSAT in 0.15s
    cube 4055.255.162 (depth 2, 28 lits): UNSAT in 0.26s
    cube 4055.255.163 (depth 2, 28 lits): UNSAT in 0.72s
    cube 4055.255.164 (depth 2, 28 lits): UNSAT in 2.92s
    cube 4055.255.165 (depth 2, 28 lits): UNSAT in 0.03s
    cube 4055.255.166 (depth 2, 28 lits): UNSAT in 0.07s
    cube 4055.255.167 (depth 2, 28 lits): UNSAT in 0.13s
    cube 4055.255.168 (depth 2, 28 lits): UNSAT in 0.30s
    cube 4055.255.169 (depth 2, 28 lits): UNSAT in 0.17s
    cube 4055.255.170 (depth 2, 28 lits): UNSAT in 0.54s
    cube 4055.255.171 (depth 2, 28 lits): UNSAT in 0.83s
    cube 4055.255.172 (depth 2, 28 lits): UNSAT in 5.35s
    cube 4055.255.173 (depth 2, 28 lits): UNSAT in 0.03s
    cube 4055.255.174 (depth 2, 28 lits): UNSAT in 0.08s
    cube 4055.255.175 (depth 2, 28 lits): UNSAT in 0.09s
    cube 4055.255.176 (depth 2, 28 lits): UNSAT in 1.11s
    cube 4055.255.177 (depth 2, 28 lits): UNSAT in 0.26s
    cube 4055.255.178 (depth 2, 28 lits): UNSAT in 1.37s
    cube 4055.255.179 (depth 2, 28 lits): UNSAT in 1.04s
    cube 4055.255.180 (depth 2, 28 lits): UNSAT in 21.96s
    cube 4055.255.181 (depth 2, 28 lits): UNSAT in 0.14s
    cube 4055.255.182 (depth 2, 28 lits): UNSAT in 0.41s
    cube 4055.255.183 (depth 2, 28 lits): UNSAT in 0.32s
    cube 4055.255.184 (depth 2, 28 lits): UNSAT in 3.53s
    cube 4055.255.185 (depth 2, 28 lits): UNSAT in 1.26s
    cube 4055.255.186 (depth 2, 28 lits): UNSAT in 6.77s
    cube 4055.255.187 (depth 2, 28 lits): UNSAT in 7.86s
    cube 4055.255.188 (depth 2, 28 lits): UNSAT in 81.99s
    cube 4055.255.189 (depth 2, 28 lits): UNSAT in 0.09s
    cube 4055.255.190 (depth 2, 28 lits): UNSAT in 0.41s
    cube 4055.255.191 (depth 2, 28 lits): UNSAT in 0.24s
    cube 4055.255.192 (depth 2, 28 lits): UNSAT in 1.42s
    cube 4055.255.193 (depth 2, 28 lits): UNSAT in 0.07s
    cube 4055.255.194 (depth 2, 28 lits): UNSAT in 0.18s
    cube 4055.255.195 (depth 2, 28 lits): UNSAT in 0.30s
    cube 4055.255.196 (depth 2, 28 lits): UNSAT in 6.53s
    cube 4055.255.197 (depth 2, 28 lits): UNSAT in 0.07s
    cube 4055.255.198 (depth 2, 28 lits): UNSAT in 0.38s
    cube 4055.255.199 (depth 2, 28 lits): UNSAT in 0.26s
    cube 4055.255.200 (depth 2, 28 lits): UNSAT in 7.53s
    cube 4055.255.201 (depth 2, 28 lits): UNSAT in 1.26s
    cube 4055.255.202 (depth 2, 28 lits): UNSAT in 7.68s
    cube 4055.255.203 (depth 2, 28 lits): UNSAT in 12.94s
    cube 4055.255.204 (depth 2, 28 lits): UNSAT in 37.02s
    cube 4055.255.205 (depth 2, 28 lits): UNSAT in 0.05s
    cube 4055.255.206 (depth 2, 28 lits): UNSAT in 0.27s
    cube 4055.255.207 (depth 2, 28 lits): UNSAT in 0.06s
    cube 4055.255.208 (depth 2, 28 lits): UNSAT in 1.31s
    cube 4055.255.209 (depth 2, 28 lits): UNSAT in 1.09s
    cube 4055.255.210 (depth 2, 28 lits): UNSAT in 3.78s
    cube 4055.255.211 (depth 2, 28 lits): UNSAT in 3.07s
    cube 4055.255.212 (depth 2, 28 lits): UNSAT in 29.76s
    cube 4055.255.213 (depth 2, 28 lits): UNSAT in 0.07s
    cube 4055.255.214 (depth 2, 28 lits): UNSAT in 1.46s
    cube 4055.255.215 (depth 2, 28 lits): UNSAT in 2.07s
    cube 4055.255.216 (depth 2, 28 lits): UNSAT in 15.07s
    cube 4055.255.217 (depth 2, 28 lits): UNSAT in 2.22s
    cube 4055.255.218 (depth 2, 28 lits): UNSAT in 14.82s
    cube 4055.255.219 (depth 2, 28 lits): UNSAT in 10.81s
    cube 4055.255.220 (depth 2, 28 lits): UNSAT in 182.70s
    cube 4055.255.221 (depth 2, 28 lits): UNSAT in 0.12s
    cube 4055.255.222 (depth 2, 28 lits): UNSAT in 0.77s
    cube 4055.255.223 (depth 2, 28 lits): UNSAT in 0.08s
    cube 4055.255.224 (depth 2, 28 lits): UNSAT in 0.52s
    cube 4055.255.225 (depth 2, 28 lits): UNSAT in 0.07s
    cube 4055.255.226 (depth 2, 28 lits): UNSAT in 0.92s
    cube 4055.255.227 (depth 2, 28 lits): UNSAT in 0.87s
    cube 4055.255.228 (depth 2, 28 lits): UNSAT in 3.76s
    cube 4055.255.229 (depth 2, 28 lits): UNSAT in 0.03s
    cube 4055.255.230 (depth 2, 28 lits): UNSAT in 0.42s
    cube 4055.255.231 (depth 2, 28 lits): UNSAT in 0.50s
    cube 4055.255.232 (depth 2, 28 lits): UNSAT in 1.31s
    cube 4055.255.233 (depth 2, 28 lits): UNSAT in 0.37s
    cube 4055.255.234 (depth 2, 28 lits): UNSAT in 0.82s
    cube 4055.255.235 (depth 2, 28 lits): UNSAT in 0.75s
    cube 4055.255.236 (depth 2, 28 lits): UNSAT in 14.16s
    cube 4055.255.237 (depth 2, 28 lits): UNSAT in 0.04s
    cube 4055.255.238 (depth 2, 28 lits): UNSAT in 0.04s
    cube 4055.255.239 (depth 2, 28 lits): UNSAT in 0.11s
    cube 4055.255.240 (depth 2, 28 lits): UNSAT in 0.38s
    cube 4055.255.241 (depth 2, 28 lits): UNSAT in 0.05s
    cube 4055.255.242 (depth 2, 28 lits): UNSAT in 0.42s
    cube 4055.255.243 (depth 2, 28 lits): UNSAT in 0.65s
    cube 4055.255.244 (depth 2, 28 lits): UNSAT in 7.32s
    cube 4055.255.245 (depth 2, 28 lits): UNSAT in 0.17s
    cube 4055.255.246 (depth 2, 28 lits): UNSAT in 0.69s
    cube 4055.255.247 (depth 2, 28 lits): UNSAT in 0.49s
    cube 4055.255.248 (depth 2, 28 lits): UNSAT in 18.74s
    cube 4055.255.249 (depth 2, 28 lits): UNSAT in 0.58s
    cube 4055.255.250 (depth 2, 28 lits): UNSAT in 2.07s
    cube 4055.255.251 (depth 2, 28 lits): UNSAT in 10.73s
    cube 4055.255.252 (depth 2, 28 lits): UNSAT in 247.71s

  shard 17 verdict: UNSAT (1 UNSAT, 0 unresolved) in 4698.9s
