  shard 1/24 (explicit): 1 of 4095 cubes, per-cube cap 1200.0s, re-split depth 7
    cube 3940 (depth 0, 12 lits): TIMEOUT in 1200.10s
    cube 3940 TIMEOUT -> re-split into 256 sub-cubes (depth 1)
    cube 3940.0 (depth 1, 20 lits): UNSAT in 0.02s
    cube 3940.1 (depth 1, 20 lits): UNSAT in 0.03s
    cube 3940.2 (depth 1, 20 lits): UNSAT in 0.03s
    cube 3940.3 (depth 1, 20 lits): UNSAT in 0.05s
    cube 3940.4 (depth 1, 20 lits): UNSAT in 0.03s
    cube 3940.5 (depth 1, 20 lits): UNSAT in 0.04s
    cube 3940.6 (depth 1, 20 lits): UNSAT in 0.05s
    cube 3940.7 (depth 1, 20 lits): UNSAT in 0.05s
    cube 3940.8 (depth 1, 20 lits): UNSAT in 0.02s
    cube 3940.9 (depth 1, 20 lits): UNSAT in 0.04s
    cube 3940.10 (depth 1, 20 lits): UNSAT in 0.04s
    cube 3940.11 (depth 1, 20 lits): UNSAT in 0.05s
    cube 3940.12 (depth 1, 20 lits): UNSAT in 0.02s
    cube 3940.13 (depth 1, 20 lits): UNSAT in 0.03s
    cube 3940.14 (depth 1, 20 lits): UNSAT in 0.04s
    cube 3940.15 (depth 1, 20 lits): UNSAT in 0.07s
    cube 3940.16 (depth 1, 20 lits): UNSAT in 0.03s
    cube 3940.17 (depth 1, 20 lits): UNSAT in 0.02s
    cube 3940.18 (depth 1, 20 lits): UNSAT in 0.04s
    cube 3940.19 (depth 1, 20 lits): UNSAT in 0.05s
    cube 3940.20 (depth 1, 20 lits): UNSAT in 0.02s
    cube 3940.21 (depth 1, 20 lits): UNSAT in 0.03s
    cube 3940.22 (depth 1, 20 lits): UNSAT in 0.03s
    cube 3940.23 (depth 1, 20 lits): UNSAT in 0.04s
    cube 3940.24 (depth 1, 20 lits): UNSAT in 0.04s
    cube 3940.25 (depth 1, 20 lits): UNSAT in 0.08s
    cube 3940.26 (depth 1, 20 lits): UNSAT in 0.06s
    cube 3940.27 (depth 1, 20 lits): UNSAT in 0.06s
    cube 3940.28 (depth 1, 20 lits): UNSAT in 0.04s
    cube 3940.29 (depth 1, 20 lits): UNSAT in 0.05s
    cube 3940.30 (depth 1, 20 lits): UNSAT in 0.01s
    cube 3940.31 (depth 1, 20 lits): UNSAT in 0.07s
    cube 3940.32 (depth 1, 20 lits): UNSAT in 0.01s
    cube 3940.33 (depth 1, 20 lits): UNSAT in 0.01s
    cube 3940.34 (depth 1, 20 lits): UNSAT in 0.01s
    cube 3940.35 (depth 1, 20 lits): UNSAT in 0.06s
    cube 3940.36 (depth 1, 20 lits): UNSAT in 0.04s
    cube 3940.37 (depth 1, 20 lits): UNSAT in 0.08s
    cube 3940.38 (depth 1, 20 lits): UNSAT in 0.05s
    cube 3940.39 (depth 1, 20 lits): UNSAT in 0.12s
    cube 3940.40 (depth 1, 20 lits): UNSAT in 0.04s
    cube 3940.41 (depth 1, 20 lits): UNSAT in 0.06s
    cube 3940.42 (depth 1, 20 lits): UNSAT in 0.03s
    cube 3940.43 (depth 1, 20 lits): UNSAT in 0.08s
    cube 3940.44 (depth 1, 20 lits): UNSAT in 0.06s
    cube 3940.45 (depth 1, 20 lits): UNSAT in 0.12s
    cube 3940.46 (depth 1, 20 lits): UNSAT in 0.12s
    cube 3940.47 (depth 1, 20 lits): UNSAT in 0.13s
    cube 3940.48 (depth 1, 20 lits): UNSAT in 0.01s
    cube 3940.49 (depth 1, 20 lits): UNSAT in 0.07s
    cube 3940.50 (depth 1, 20 lits): UNSAT in 0.06s
    cube 3940.51 (depth 1, 20 lits): UNSAT in 0.08s
    cube 3940.52 (depth 1, 20 lits): UNSAT in 0.08s
    cube 3940.53 (depth 1, 20 lits): UNSAT in 0.21s
    cube 3940.54 (depth 1, 20 lits): UNSAT in 0.20s
    cube 3940.55 (depth 1, 20 lits): UNSAT in 0.18s
    cube 3940.56 (depth 1, 20 lits): UNSAT in 0.11s
    cube 3940.57 (depth 1, 20 lits): UNSAT in 0.23s
    cube 3940.58 (depth 1, 20 lits): UNSAT in 0.19s
    cube 3940.59 (depth 1, 20 lits): UNSAT in 0.18s
    cube 3940.60 (depth 1, 20 lits): UNSAT in 0.44s
    cube 3940.61 (depth 1, 20 lits): UNSAT in 0.66s
    cube 3940.62 (depth 1, 20 lits): UNSAT in 0.27s
    cube 3940.63 (depth 1, 20 lits): UNSAT in 0.62s
    cube 3940.64 (depth 1, 20 lits): UNSAT in 0.04s
    cube 3940.65 (depth 1, 20 lits): UNSAT in 0.07s
    cube 3940.66 (depth 1, 20 lits): UNSAT in 0.05s
    cube 3940.67 (depth 1, 20 lits): UNSAT in 0.05s
    cube 3940.68 (depth 1, 20 lits): UNSAT in 0.05s
    cube 3940.69 (depth 1, 20 lits): UNSAT in 0.07s
    cube 3940.70 (depth 1, 20 lits): UNSAT in 0.11s
    cube 3940.71 (depth 1, 20 lits): UNSAT in 0.18s
    cube 3940.72 (depth 1, 20 lits): UNSAT in 0.05s
    cube 3940.73 (depth 1, 20 lits): UNSAT in 0.07s
    cube 3940.74 (depth 1, 20 lits): UNSAT in 0.07s
    cube 3940.75 (depth 1, 20 lits): UNSAT in 0.21s
    cube 3940.76 (depth 1, 20 lits): UNSAT in 0.08s
    cube 3940.77 (depth 1, 20 lits): UNSAT in 0.13s
    cube 3940.78 (depth 1, 20 lits): UNSAT in 0.10s
    cube 3940.79 (depth 1, 20 lits): UNSAT in 0.34s
    cube 3940.80 (depth 1, 20 lits): UNSAT in 0.01s
    cube 3940.81 (depth 1, 20 lits): UNSAT in 0.02s
    cube 3940.82 (depth 1, 20 lits): UNSAT in 0.02s
    cube 3940.83 (depth 1, 20 lits): UNSAT in 0.09s
    cube 3940.84 (depth 1, 20 lits): UNSAT in 0.01s
    cube 3940.85 (depth 1, 20 lits): UNSAT in 0.02s
    cube 3940.86 (depth 1, 20 lits): UNSAT in 0.12s
    cube 3940.87 (depth 1, 20 lits): UNSAT in 0.37s
    cube 3940.88 (depth 1, 20 lits): UNSAT in 0.05s
    cube 3940.89 (depth 1, 20 lits): UNSAT in 0.10s
    cube 3940.90 (depth 1, 20 lits): UNSAT in 0.22s
    cube 3940.91 (depth 1, 20 lits): UNSAT in 0.30s
    cube 3940.92 (depth 1, 20 lits): UNSAT in 0.06s
    cube 3940.93 (depth 1, 20 lits): UNSAT in 0.31s
    cube 3940.94 (depth 1, 20 lits): UNSAT in 0.35s
    cube 3940.95 (depth 1, 20 lits): UNSAT in 0.41s
    cube 3940.96 (depth 1, 20 lits): UNSAT in 0.01s
    cube 3940.97 (depth 1, 20 lits): UNSAT in 0.01s
    cube 3940.98 (depth 1, 20 lits): UNSAT in 0.01s
    cube 3940.99 (depth 1, 20 lits): UNSAT in 0.01s
    cube 3940.100 (depth 1, 20 lits): UNSAT in 0.01s
    cube 3940.101 (depth 1, 20 lits): UNSAT in 0.01s
    cube 3940.102 (depth 1, 20 lits): UNSAT in 0.03s
    cube 3940.103 (depth 1, 20 lits): UNSAT in 0.26s
    cube 3940.104 (depth 1, 20 lits): UNSAT in 0.03s
    cube 3940.105 (depth 1, 20 lits): UNSAT in 0.09s
    cube 3940.106 (depth 1, 20 lits): UNSAT in 0.02s
    cube 3940.107 (depth 1, 20 lits): UNSAT in 0.18s
    cube 3940.108 (depth 1, 20 lits): UNSAT in 0.21s
    cube 3940.109 (depth 1, 20 lits): UNSAT in 0.25s
    cube 3940.110 (depth 1, 20 lits): UNSAT in 0.25s
    cube 3940.111 (depth 1, 20 lits): UNSAT in 0.82s
    cube 3940.112 (depth 1, 20 lits): UNSAT in 0.06s
    cube 3940.113 (depth 1, 20 lits): UNSAT in 0.11s
    cube 3940.114 (depth 1, 20 lits): UNSAT in 0.12s
    cube 3940.115 (depth 1, 20 lits): UNSAT in 0.28s
    cube 3940.116 (depth 1, 20 lits): UNSAT in 0.19s
    cube 3940.117 (depth 1, 20 lits): UNSAT in 0.53s
    cube 3940.118 (depth 1, 20 lits): UNSAT in 0.68s
    cube 3940.119 (depth 1, 20 lits): UNSAT in 1.83s
    cube 3940.120 (depth 1, 20 lits): UNSAT in 0.12s
    cube 3940.121 (depth 1, 20 lits): UNSAT in 0.36s
    cube 3940.122 (depth 1, 20 lits): UNSAT in 0.33s
    cube 3940.123 (depth 1, 20 lits): UNSAT in 2.17s
    cube 3940.124 (depth 1, 20 lits): UNSAT in 0.35s
    cube 3940.125 (depth 1, 20 lits): UNSAT in 1.83s
    cube 3940.126 (depth 1, 20 lits): UNSAT in 1.56s
    cube 3940.127 (depth 1, 20 lits): UNSAT in 10.74s
    cube 3940.128 (depth 1, 20 lits): UNSAT in 0.01s
    cube 3940.129 (depth 1, 20 lits): UNSAT in 0.01s
    cube 3940.130 (depth 1, 20 lits): UNSAT in 0.02s
    cube 3940.131 (depth 1, 20 lits): UNSAT in 0.04s
    cube 3940.132 (depth 1, 20 lits): UNSAT in 0.01s
    cube 3940.133 (depth 1, 20 lits): UNSAT in 0.03s
    cube 3940.134 (depth 1, 20 lits): UNSAT in 0.03s
    cube 3940.135 (depth 1, 20 lits): UNSAT in 0.10s
    cube 3940.136 (depth 1, 20 lits): UNSAT in 0.02s
    cube 3940.137 (depth 1, 20 lits): UNSAT in 0.04s
    cube 3940.138 (depth 1, 20 lits): UNSAT in 0.03s
    cube 3940.139 (depth 1, 20 lits): UNSAT in 0.09s
    cube 3940.140 (depth 1, 20 lits): UNSAT in 0.03s
    cube 3940.141 (depth 1, 20 lits): UNSAT in 0.08s
    cube 3940.142 (depth 1, 20 lits): UNSAT in 0.08s
    cube 3940.143 (depth 1, 20 lits): UNSAT in 0.42s
    cube 3940.144 (depth 1, 20 lits): UNSAT in 0.01s
    cube 3940.145 (depth 1, 20 lits): UNSAT in 0.03s
    cube 3940.146 (depth 1, 20 lits): UNSAT in 0.02s
    cube 3940.147 (depth 1, 20 lits): UNSAT in 0.14s
    cube 3940.148 (depth 1, 20 lits): UNSAT in 0.01s
    cube 3940.149 (depth 1, 20 lits): UNSAT in 0.08s
    cube 3940.150 (depth 1, 20 lits): UNSAT in 0.12s
    cube 3940.151 (depth 1, 20 lits): UNSAT in 0.31s
    cube 3940.152 (depth 1, 20 lits): UNSAT in 0.01s
    cube 3940.153 (depth 1, 20 lits): UNSAT in 0.05s
    cube 3940.154 (depth 1, 20 lits): UNSAT in 0.06s
    cube 3940.155 (depth 1, 20 lits): UNSAT in 0.26s
    cube 3940.156 (depth 1, 20 lits): UNSAT in 0.18s
    cube 3940.157 (depth 1, 20 lits): UNSAT in 0.58s
    cube 3940.158 (depth 1, 20 lits): UNSAT in 0.26s
    cube 3940.159 (depth 1, 20 lits): UNSAT in 2.47s
    cube 3940.160 (depth 1, 20 lits): UNSAT in 0.02s
    cube 3940.161 (depth 1, 20 lits): UNSAT in 0.04s
    cube 3940.162 (depth 1, 20 lits): UNSAT in 0.07s
    cube 3940.163 (depth 1, 20 lits): UNSAT in 0.15s
    cube 3940.164 (depth 1, 20 lits): UNSAT in 0.07s
    cube 3940.165 (depth 1, 20 lits): UNSAT in 0.20s
    cube 3940.166 (depth 1, 20 lits): UNSAT in 0.05s
    cube 3940.167 (depth 1, 20 lits): UNSAT in 0.37s
    cube 3940.168 (depth 1, 20 lits): UNSAT in 0.03s
    cube 3940.169 (depth 1, 20 lits): UNSAT in 0.06s
    cube 3940.170 (depth 1, 20 lits): UNSAT in 0.11s
    cube 3940.171 (depth 1, 20 lits): UNSAT in 0.71s
    cube 3940.172 (depth 1, 20 lits): UNSAT in 0.12s
    cube 3940.173 (depth 1, 20 lits): UNSAT in 0.69s
    cube 3940.174 (depth 1, 20 lits): UNSAT in 0.25s
    cube 3940.175 (depth 1, 20 lits): UNSAT in 2.36s
    cube 3940.176 (depth 1, 20 lits): UNSAT in 0.13s
    cube 3940.177 (depth 1, 20 lits): UNSAT in 0.26s
    cube 3940.178 (depth 1, 20 lits): UNSAT in 0.47s
    cube 3940.179 (depth 1, 20 lits): UNSAT in 1.92s
    cube 3940.180 (depth 1, 20 lits): UNSAT in 0.17s
    cube 3940.181 (depth 1, 20 lits): UNSAT in 0.24s
    cube 3940.182 (depth 1, 20 lits): UNSAT in 0.80s
    cube 3940.183 (depth 1, 20 lits): UNSAT in 0.83s
    cube 3940.184 (depth 1, 20 lits): UNSAT in 0.38s
    cube 3940.185 (depth 1, 20 lits): UNSAT in 1.08s
    cube 3940.186 (depth 1, 20 lits): UNSAT in 0.24s
    cube 3940.187 (depth 1, 20 lits): UNSAT in 1.25s
    cube 3940.188 (depth 1, 20 lits): UNSAT in 1.30s
    cube 3940.189 (depth 1, 20 lits): UNSAT in 3.53s
    cube 3940.190 (depth 1, 20 lits): UNSAT in 4.45s
    cube 3940.191 (depth 1, 20 lits): UNSAT in 2.55s
    cube 3940.192 (depth 1, 20 lits): UNSAT in 0.02s
    cube 3940.193 (depth 1, 20 lits): UNSAT in 0.05s
    cube 3940.194 (depth 1, 20 lits): UNSAT in 0.03s
    cube 3940.195 (depth 1, 20 lits): UNSAT in 0.13s
    cube 3940.196 (depth 1, 20 lits): UNSAT in 0.02s
    cube 3940.197 (depth 1, 20 lits): UNSAT in 0.04s
    cube 3940.198 (depth 1, 20 lits): UNSAT in 0.08s
    cube 3940.199 (depth 1, 20 lits): UNSAT in 0.13s
    cube 3940.200 (depth 1, 20 lits): UNSAT in 0.05s
    cube 3940.201 (depth 1, 20 lits): UNSAT in 0.23s
    cube 3940.202 (depth 1, 20 lits): UNSAT in 0.09s
    cube 3940.203 (depth 1, 20 lits): UNSAT in 0.79s
    cube 3940.204 (depth 1, 20 lits): UNSAT in 0.20s
    cube 3940.205 (depth 1, 20 lits): UNSAT in 0.56s
    cube 3940.206 (depth 1, 20 lits): UNSAT in 0.40s
    cube 3940.207 (depth 1, 20 lits): UNSAT in 1.86s
    cube 3940.208 (depth 1, 20 lits): UNSAT in 0.05s
    cube 3940.209 (depth 1, 20 lits): UNSAT in 0.49s
    cube 3940.210 (depth 1, 20 lits): UNSAT in 0.21s
    cube 3940.211 (depth 1, 20 lits): UNSAT in 1.46s
    cube 3940.212 (depth 1, 20 lits): UNSAT in 0.26s
    cube 3940.213 (depth 1, 20 lits): UNSAT in 0.59s
    cube 3940.214 (depth 1, 20 lits): UNSAT in 0.62s
    cube 3940.215 (depth 1, 20 lits): UNSAT in 2.98s
    cube 3940.216 (depth 1, 20 lits): UNSAT in 0.21s
    cube 3940.217 (depth 1, 20 lits): UNSAT in 0.54s
    cube 3940.218 (depth 1, 20 lits): UNSAT in 0.20s
    cube 3940.219 (depth 1, 20 lits): UNSAT in 1.20s
    cube 3940.220 (depth 1, 20 lits): UNSAT in 1.45s
    cube 3940.221 (depth 1, 20 lits): UNSAT in 3.08s
    cube 3940.222 (depth 1, 20 lits): UNSAT in 0.85s
    cube 3940.223 (depth 1, 20 lits): UNSAT in 2.86s
    cube 3940.224 (depth 1, 20 lits): UNSAT in 0.02s
    cube 3940.225 (depth 1, 20 lits): UNSAT in 0.07s
    cube 3940.226 (depth 1, 20 lits): UNSAT in 0.13s
    cube 3940.227 (depth 1, 20 lits): UNSAT in 0.05s
    cube 3940.228 (depth 1, 20 lits): UNSAT in 0.03s
    cube 3940.229 (depth 1, 20 lits): UNSAT in 0.07s
    cube 3940.230 (depth 1, 20 lits): UNSAT in 0.17s
    cube 3940.231 (depth 1, 20 lits): UNSAT in 0.44s
    cube 3940.232 (depth 1, 20 lits): UNSAT in 0.06s
    cube 3940.233 (depth 1, 20 lits): UNSAT in 0.44s
    cube 3940.234 (depth 1, 20 lits): UNSAT in 0.06s
    cube 3940.235 (depth 1, 20 lits): UNSAT in 0.68s
    cube 3940.236 (depth 1, 20 lits): UNSAT in 0.59s
    cube 3940.237 (depth 1, 20 lits): UNSAT in 1.59s
    cube 3940.238 (depth 1, 20 lits): UNSAT in 1.49s
    cube 3940.239 (depth 1, 20 lits): UNSAT in 5.53s
    cube 3940.240 (depth 1, 20 lits): UNSAT in 0.22s
    cube 3940.241 (depth 1, 20 lits): UNSAT in 0.48s
    cube 3940.242 (depth 1, 20 lits): UNSAT in 0.85s
    cube 3940.243 (depth 1, 20 lits): UNSAT in 2.54s
    cube 3940.244 (depth 1, 20 lits): UNSAT in 0.40s
    cube 3940.245 (depth 1, 20 lits): UNSAT in 1.85s
    cube 3940.246 (depth 1, 20 lits): UNSAT in 1.11s
    cube 3940.247 (depth 1, 20 lits): UNSAT in 16.77s
    cube 3940.248 (depth 1, 20 lits): UNSAT in 0.09s
    cube 3940.249 (depth 1, 20 lits): UNSAT in 0.79s
    cube 3940.250 (depth 1, 20 lits): UNSAT in 0.86s
    cube 3940.251 (depth 1, 20 lits): UNSAT in 32.36s
    cube 3940.252 (depth 1, 20 lits): UNSAT in 2.37s
    cube 3940.253 (depth 1, 20 lits): UNSAT in 19.13s
    cube 3940.254 (depth 1, 20 lits): UNSAT in 26.28s
    cube 3940.255 (depth 1, 20 lits): UNSAT in 115.53s

  shard 1 verdict: UNSAT (1 UNSAT, 0 unresolved) in 1521.5s
