  shard 12/24 (explicit): 1 of 4095 cubes, per-cube cap 1200.0s, re-split depth 7
    cube 4050 (depth 0, 12 lits): TIMEOUT in 1200.10s
    cube 4050 TIMEOUT -> re-split into 254 sub-cubes (depth 1)
    cube 4050.0 (depth 1, 19 lits): UNSAT in 0.01s
    cube 4050.1 (depth 1, 20 lits): UNSAT in 0.01s
    cube 4050.2 (depth 1, 20 lits): UNSAT in 0.01s
    cube 4050.3 (depth 1, 20 lits): UNSAT in 0.01s
    cube 4050.4 (depth 1, 20 lits): UNSAT in 0.02s
    cube 4050.5 (depth 1, 20 lits): UNSAT in 0.03s
    cube 4050.6 (depth 1, 20 lits): UNSAT in 0.04s
    cube 4050.7 (depth 1, 20 lits): UNSAT in 0.01s
    cube 4050.8 (depth 1, 20 lits): UNSAT in 0.01s
    cube 4050.9 (depth 1, 20 lits): UNSAT in 0.01s
    cube 4050.10 (depth 1, 20 lits): UNSAT in 0.03s
    cube 4050.11 (depth 1, 20 lits): UNSAT in 0.03s
    cube 4050.12 (depth 1, 20 lits): UNSAT in 0.03s
    cube 4050.13 (depth 1, 20 lits): UNSAT in 0.02s
    cube 4050.14 (depth 1, 20 lits): UNSAT in 0.18s
    cube 4050.15 (depth 1, 20 lits): UNSAT in 0.02s
    cube 4050.16 (depth 1, 20 lits): UNSAT in 0.02s
    cube 4050.17 (depth 1, 20 lits): UNSAT in 0.01s
    cube 4050.18 (depth 1, 20 lits): UNSAT in 0.01s
    cube 4050.19 (depth 1, 20 lits): UNSAT in 0.02s
    cube 4050.20 (depth 1, 20 lits): UNSAT in 0.02s
    cube 4050.21 (depth 1, 20 lits): UNSAT in 0.03s
    cube 4050.22 (depth 1, 20 lits): UNSAT in 0.03s
    cube 4050.23 (depth 1, 20 lits): UNSAT in 0.01s
    cube 4050.24 (depth 1, 20 lits): UNSAT in 0.06s
    cube 4050.25 (depth 1, 20 lits): UNSAT in 0.04s
    cube 4050.26 (depth 1, 20 lits): UNSAT in 0.15s
    cube 4050.27 (depth 1, 20 lits): UNSAT in 0.11s
    cube 4050.28 (depth 1, 20 lits): UNSAT in 0.26s
    cube 4050.29 (depth 1, 20 lits): UNSAT in 0.84s
    cube 4050.30 (depth 1, 20 lits): UNSAT in 0.56s
    cube 4050.31 (depth 1, 19 lits): UNSAT in 0.01s
    cube 4050.32 (depth 1, 20 lits): UNSAT in 0.02s
    cube 4050.33 (depth 1, 20 lits): UNSAT in 0.03s
    cube 4050.34 (depth 1, 20 lits): UNSAT in 0.01s
    cube 4050.35 (depth 1, 20 lits): UNSAT in 0.02s
    cube 4050.36 (depth 1, 20 lits): UNSAT in 0.05s
    cube 4050.37 (depth 1, 20 lits): UNSAT in 0.21s
    cube 4050.38 (depth 1, 20 lits): UNSAT in 0.04s
    cube 4050.39 (depth 1, 20 lits): UNSAT in 0.08s
    cube 4050.40 (depth 1, 20 lits): UNSAT in 0.02s
    cube 4050.41 (depth 1, 20 lits): UNSAT in 0.09s
    cube 4050.42 (depth 1, 20 lits): UNSAT in 0.04s
    cube 4050.43 (depth 1, 20 lits): UNSAT in 0.16s
    cube 4050.44 (depth 1, 20 lits): UNSAT in 0.08s
    cube 4050.45 (depth 1, 20 lits): UNSAT in 0.40s
    cube 4050.46 (depth 1, 20 lits): UNSAT in 0.02s
    cube 4050.47 (depth 1, 20 lits): UNSAT in 0.05s
    cube 4050.48 (depth 1, 20 lits): UNSAT in 0.06s
    cube 4050.49 (depth 1, 20 lits): UNSAT in 0.21s
    cube 4050.50 (depth 1, 20 lits): UNSAT in 0.03s
    cube 4050.51 (depth 1, 20 lits): UNSAT in 0.13s
    cube 4050.52 (depth 1, 20 lits): UNSAT in 0.16s
    cube 4050.53 (depth 1, 20 lits): UNSAT in 0.35s
    cube 4050.54 (depth 1, 20 lits): UNSAT in 0.06s
    cube 4050.55 (depth 1, 20 lits): UNSAT in 0.11s
    cube 4050.56 (depth 1, 20 lits): UNSAT in 0.11s
    cube 4050.57 (depth 1, 20 lits): UNSAT in 0.28s
    cube 4050.58 (depth 1, 20 lits): UNSAT in 0.44s
    cube 4050.59 (depth 1, 20 lits): UNSAT in 0.29s
    cube 4050.60 (depth 1, 20 lits): UNSAT in 0.41s
    cube 4050.61 (depth 1, 20 lits): UNSAT in 0.86s
    cube 4050.62 (depth 1, 20 lits): UNSAT in 0.01s
    cube 4050.63 (depth 1, 20 lits): UNSAT in 0.02s
    cube 4050.64 (depth 1, 20 lits): UNSAT in 0.02s
    cube 4050.65 (depth 1, 20 lits): UNSAT in 0.04s
    cube 4050.66 (depth 1, 20 lits): UNSAT in 0.01s
    cube 4050.67 (depth 1, 20 lits): UNSAT in 0.02s
    cube 4050.68 (depth 1, 20 lits): UNSAT in 0.02s
    cube 4050.69 (depth 1, 20 lits): UNSAT in 0.03s
    cube 4050.70 (depth 1, 20 lits): UNSAT in 0.02s
    cube 4050.71 (depth 1, 20 lits): UNSAT in 0.01s
    cube 4050.72 (depth 1, 20 lits): UNSAT in 0.04s
    cube 4050.73 (depth 1, 20 lits): UNSAT in 0.05s
    cube 4050.74 (depth 1, 20 lits): UNSAT in 0.06s
    cube 4050.75 (depth 1, 20 lits): UNSAT in 0.08s
    cube 4050.76 (depth 1, 20 lits): UNSAT in 0.13s
    cube 4050.77 (depth 1, 20 lits): UNSAT in 0.14s
    cube 4050.78 (depth 1, 20 lits): UNSAT in 0.01s
    cube 4050.79 (depth 1, 20 lits): UNSAT in 0.02s
    cube 4050.80 (depth 1, 20 lits): UNSAT in 0.05s
    cube 4050.81 (depth 1, 20 lits): UNSAT in 0.11s
    cube 4050.82 (depth 1, 20 lits): UNSAT in 0.07s
    cube 4050.83 (depth 1, 20 lits): UNSAT in 0.09s
    cube 4050.84 (depth 1, 20 lits): UNSAT in 0.04s
    cube 4050.85 (depth 1, 20 lits): UNSAT in 0.13s
    cube 4050.86 (depth 1, 20 lits): UNSAT in 0.03s
    cube 4050.87 (depth 1, 20 lits): UNSAT in 0.03s
    cube 4050.88 (depth 1, 20 lits): UNSAT in 0.04s
    cube 4050.89 (depth 1, 20 lits): UNSAT in 0.02s
    cube 4050.90 (depth 1, 20 lits): UNSAT in 0.04s
    cube 4050.91 (depth 1, 20 lits): UNSAT in 0.07s
    cube 4050.92 (depth 1, 20 lits): UNSAT in 0.04s
    cube 4050.93 (depth 1, 20 lits): UNSAT in 1.12s
    cube 4050.94 (depth 1, 20 lits): UNSAT in 0.03s
    cube 4050.95 (depth 1, 20 lits): UNSAT in 0.03s
    cube 4050.96 (depth 1, 20 lits): UNSAT in 0.05s
    cube 4050.97 (depth 1, 20 lits): UNSAT in 0.21s
    cube 4050.98 (depth 1, 20 lits): UNSAT in 0.04s
    cube 4050.99 (depth 1, 20 lits): UNSAT in 0.03s
    cube 4050.100 (depth 1, 20 lits): UNSAT in 0.10s
    cube 4050.101 (depth 1, 20 lits): UNSAT in 0.04s
    cube 4050.102 (depth 1, 20 lits): UNSAT in 0.02s
    cube 4050.103 (depth 1, 20 lits): UNSAT in 0.03s
    cube 4050.104 (depth 1, 20 lits): UNSAT in 0.06s
    cube 4050.105 (depth 1, 20 lits): UNSAT in 0.34s
    cube 4050.106 (depth 1, 20 lits): UNSAT in 0.07s
    cube 4050.107 (depth 1, 20 lits): UNSAT in 0.76s
    cube 4050.108 (depth 1, 20 lits): UNSAT in 1.04s
    cube 4050.109 (depth 1, 20 lits): UNSAT in 4.80s
    cube 4050.110 (depth 1, 20 lits): UNSAT in 0.02s
    cube 4050.111 (depth 1, 20 lits): UNSAT in 0.09s
    cube 4050.112 (depth 1, 20 lits): UNSAT in 0.13s
    cube 4050.113 (depth 1, 20 lits): UNSAT in 0.37s
    cube 4050.114 (depth 1, 20 lits): UNSAT in 0.10s
    cube 4050.115 (depth 1, 20 lits): UNSAT in 1.04s
    cube 4050.116 (depth 1, 20 lits): UNSAT in 1.97s
    cube 4050.117 (depth 1, 20 lits): UNSAT in 11.59s
    cube 4050.118 (depth 1, 20 lits): UNSAT in 0.23s
    cube 4050.119 (depth 1, 20 lits): UNSAT in 0.58s
    cube 4050.120 (depth 1, 20 lits): UNSAT in 1.62s
    cube 4050.121 (depth 1, 20 lits): UNSAT in 2.09s
    cube 4050.122 (depth 1, 20 lits): UNSAT in 1.41s
    cube 4050.123 (depth 1, 20 lits): UNSAT in 10.07s
    cube 4050.124 (depth 1, 20 lits): UNSAT in 9.20s
    cube 4050.125 (depth 1, 20 lits): UNSAT in 8.22s
    cube 4050.126 (depth 1, 20 lits): UNSAT in 0.01s
    cube 4050.127 (depth 1, 20 lits): UNSAT in 0.01s
    cube 4050.128 (depth 1, 20 lits): UNSAT in 0.01s
    cube 4050.129 (depth 1, 20 lits): UNSAT in 0.02s
    cube 4050.130 (depth 1, 20 lits): UNSAT in 0.01s
    cube 4050.131 (depth 1, 20 lits): UNSAT in 0.04s
    cube 4050.132 (depth 1, 20 lits): UNSAT in 0.02s
    cube 4050.133 (depth 1, 20 lits): UNSAT in 0.03s
    cube 4050.134 (depth 1, 20 lits): UNSAT in 0.01s
    cube 4050.135 (depth 1, 20 lits): UNSAT in 0.02s
    cube 4050.136 (depth 1, 20 lits): UNSAT in 0.05s
    cube 4050.137 (depth 1, 20 lits): UNSAT in 0.05s
    cube 4050.138 (depth 1, 20 lits): UNSAT in 0.01s
    cube 4050.139 (depth 1, 20 lits): UNSAT in 0.02s
    cube 4050.140 (depth 1, 20 lits): UNSAT in 0.08s
    cube 4050.141 (depth 1, 20 lits): UNSAT in 0.14s
    cube 4050.142 (depth 1, 20 lits): UNSAT in 0.01s
    cube 4050.143 (depth 1, 20 lits): UNSAT in 0.01s
    cube 4050.144 (depth 1, 20 lits): UNSAT in 0.01s
    cube 4050.145 (depth 1, 20 lits): UNSAT in 0.02s
    cube 4050.146 (depth 1, 20 lits): UNSAT in 0.02s
    cube 4050.147 (depth 1, 20 lits): UNSAT in 0.02s
    cube 4050.148 (depth 1, 20 lits): UNSAT in 0.05s
    cube 4050.149 (depth 1, 20 lits): UNSAT in 0.04s
    cube 4050.150 (depth 1, 20 lits): UNSAT in 0.03s
    cube 4050.151 (depth 1, 20 lits): UNSAT in 0.03s
    cube 4050.152 (depth 1, 20 lits): UNSAT in 0.07s
    cube 4050.153 (depth 1, 20 lits): UNSAT in 0.07s
    cube 4050.154 (depth 1, 20 lits): UNSAT in 0.03s
    cube 4050.155 (depth 1, 20 lits): UNSAT in 0.19s
    cube 4050.156 (depth 1, 20 lits): UNSAT in 0.38s
    cube 4050.157 (depth 1, 20 lits): UNSAT in 0.57s
    cube 4050.158 (depth 1, 20 lits): UNSAT in 0.02s
    cube 4050.159 (depth 1, 20 lits): UNSAT in 0.04s
    cube 4050.160 (depth 1, 20 lits): UNSAT in 0.09s
    cube 4050.161 (depth 1, 20 lits): UNSAT in 0.14s
    cube 4050.162 (depth 1, 20 lits): UNSAT in 0.05s
    cube 4050.163 (depth 1, 20 lits): UNSAT in 0.18s
    cube 4050.164 (depth 1, 20 lits): UNSAT in 0.19s
    cube 4050.165 (depth 1, 20 lits): UNSAT in 0.59s
    cube 4050.166 (depth 1, 20 lits): UNSAT in 0.06s
    cube 4050.167 (depth 1, 20 lits): UNSAT in 0.12s
    cube 4050.168 (depth 1, 20 lits): UNSAT in 0.12s
    cube 4050.169 (depth 1, 20 lits): UNSAT in 2.70s
    cube 4050.170 (depth 1, 20 lits): UNSAT in 0.14s
    cube 4050.171 (depth 1, 20 lits): UNSAT in 0.31s
    cube 4050.172 (depth 1, 20 lits): UNSAT in 0.29s
    cube 4050.173 (depth 1, 20 lits): UNSAT in 8.99s
    cube 4050.174 (depth 1, 20 lits): UNSAT in 0.16s
    cube 4050.175 (depth 1, 20 lits): UNSAT in 0.47s
    cube 4050.176 (depth 1, 20 lits): UNSAT in 0.07s
    cube 4050.177 (depth 1, 20 lits): UNSAT in 0.57s
    cube 4050.178 (depth 1, 20 lits): UNSAT in 0.24s
    cube 4050.179 (depth 1, 20 lits): UNSAT in 0.56s
    cube 4050.180 (depth 1, 20 lits): UNSAT in 0.79s
    cube 4050.181 (depth 1, 20 lits): UNSAT in 12.02s
    cube 4050.182 (depth 1, 20 lits): UNSAT in 0.46s
    cube 4050.183 (depth 1, 20 lits): UNSAT in 1.70s
    cube 4050.184 (depth 1, 20 lits): UNSAT in 2.91s
    cube 4050.185 (depth 1, 20 lits): UNSAT in 7.06s
    cube 4050.186 (depth 1, 20 lits): UNSAT in 3.39s
    cube 4050.187 (depth 1, 20 lits): UNSAT in 9.14s
    cube 4050.188 (depth 1, 20 lits): UNSAT in 8.31s
    cube 4050.189 (depth 1, 20 lits): UNSAT in 79.98s
    cube 4050.190 (depth 1, 20 lits): UNSAT in 0.02s
    cube 4050.191 (depth 1, 20 lits): UNSAT in 0.06s
    cube 4050.192 (depth 1, 20 lits): UNSAT in 0.07s
    cube 4050.193 (depth 1, 20 lits): UNSAT in 0.11s
    cube 4050.194 (depth 1, 20 lits): UNSAT in 0.04s
    cube 4050.195 (depth 1, 20 lits): UNSAT in 0.15s
    cube 4050.196 (depth 1, 20 lits): UNSAT in 0.03s
    cube 4050.197 (depth 1, 20 lits): UNSAT in 0.40s
    cube 4050.198 (depth 1, 20 lits): UNSAT in 0.07s
    cube 4050.199 (depth 1, 20 lits): UNSAT in 0.13s
    cube 4050.200 (depth 1, 20 lits): UNSAT in 0.09s
    cube 4050.201 (depth 1, 20 lits): UNSAT in 0.39s
    cube 4050.202 (depth 1, 20 lits): UNSAT in 0.03s
    cube 4050.203 (depth 1, 20 lits): UNSAT in 0.12s
    cube 4050.204 (depth 1, 20 lits): UNSAT in 0.46s
    cube 4050.205 (depth 1, 20 lits): UNSAT in 1.23s
    cube 4050.206 (depth 1, 20 lits): UNSAT in 0.08s
    cube 4050.207 (depth 1, 20 lits): UNSAT in 0.09s
    cube 4050.208 (depth 1, 20 lits): UNSAT in 0.07s
    cube 4050.209 (depth 1, 20 lits): UNSAT in 0.18s
    cube 4050.210 (depth 1, 20 lits): UNSAT in 0.12s
    cube 4050.211 (depth 1, 20 lits): UNSAT in 0.24s
    cube 4050.212 (depth 1, 20 lits): UNSAT in 0.34s
    cube 4050.213 (depth 1, 20 lits): UNSAT in 1.54s
    cube 4050.214 (depth 1, 20 lits): UNSAT in 0.18s
    cube 4050.215 (depth 1, 20 lits): UNSAT in 0.43s
    cube 4050.216 (depth 1, 20 lits): UNSAT in 0.50s
    cube 4050.217 (depth 1, 20 lits): UNSAT in 1.99s
    cube 4050.218 (depth 1, 20 lits): UNSAT in 1.60s
    cube 4050.219 (depth 1, 20 lits): UNSAT in 2.56s
    cube 4050.220 (depth 1, 20 lits): UNSAT in 2.83s
    cube 4050.221 (depth 1, 20 lits): UNSAT in 4.26s
    cube 4050.222 (depth 1, 20 lits): UNSAT in 0.03s
    cube 4050.223 (depth 1, 20 lits): UNSAT in 0.16s
    cube 4050.224 (depth 1, 20 lits): UNSAT in 0.11s
    cube 4050.225 (depth 1, 20 lits): UNSAT in 0.52s
    cube 4050.226 (depth 1, 20 lits): UNSAT in 0.17s
    cube 4050.227 (depth 1, 20 lits): UNSAT in 0.82s
    cube 4050.228 (depth 1, 20 lits): UNSAT in 0.25s
    cube 4050.229 (depth 1, 20 lits): UNSAT in 7.23s
    cube 4050.230 (depth 1, 20 lits): UNSAT in 0.02s
    cube 4050.231 (depth 1, 20 lits): UNSAT in 0.05s
    cube 4050.232 (depth 1, 20 lits): UNSAT in 0.38s
    cube 4050.233 (depth 1, 20 lits): UNSAT in 0.59s
    cube 4050.234 (depth 1, 20 lits): UNSAT in 0.35s
    cube 4050.235 (depth 1, 20 lits): UNSAT in 3.34s
    cube 4050.236 (depth 1, 20 lits): UNSAT in 3.33s
    cube 4050.237 (depth 1, 20 lits): UNSAT in 11.52s
    cube 4050.238 (depth 1, 20 lits): UNSAT in 0.11s
    cube 4050.239 (depth 1, 20 lits): UNSAT in 0.28s
    cube 4050.240 (depth 1, 20 lits): UNSAT in 0.54s
    cube 4050.241 (depth 1, 20 lits): UNSAT in 7.47s
    cube 4050.242 (depth 1, 20 lits): UNSAT in 3.19s
    cube 4050.243 (depth 1, 20 lits): UNSAT in 11.39s
    cube 4050.244 (depth 1, 20 lits): UNSAT in 5.11s
    cube 4050.245 (depth 1, 20 lits): UNSAT in 55.66s
    cube 4050.246 (depth 1, 20 lits): UNSAT in 1.32s
    cube 4050.247 (depth 1, 20 lits): UNSAT in 8.12s
    cube 4050.248 (depth 1, 20 lits): UNSAT in 2.37s
    cube 4050.249 (depth 1, 20 lits): UNSAT in 51.08s
    cube 4050.250 (depth 1, 20 lits): UNSAT in 2.75s
    cube 4050.251 (depth 1, 20 lits): UNSAT in 31.18s
    cube 4050.252 (depth 1, 20 lits): UNSAT in 56.43s
    cube 4050.253 (depth 1, 20 lits): UNSAT in 17.38s

  shard 12 verdict: UNSAT (1 UNSAT, 0 unresolved) in 1718.3s
