  shard 10/24 (explicit): 1 of 4095 cubes, per-cube cap 1200.0s, re-split depth 7
    cube 4023 (depth 0, 12 lits): TIMEOUT in 1200.10s
    cube 4023 TIMEOUT -> re-split into 251 sub-cubes (depth 1)
    cube 4023.0 (depth 1, 19 lits): UNSAT in 0.01s
    cube 4023.1 (depth 1, 19 lits): UNSAT in 0.01s
    cube 4023.2 (depth 1, 20 lits): UNSAT in 0.01s
    cube 4023.3 (depth 1, 20 lits): UNSAT in 0.03s
    cube 4023.4 (depth 1, 20 lits): UNSAT in 0.01s
    cube 4023.5 (depth 1, 20 lits): UNSAT in 0.03s
    cube 4023.6 (depth 1, 20 lits): UNSAT in 0.03s
    cube 4023.7 (depth 1, 20 lits): UNSAT in 0.05s
    cube 4023.8 (depth 1, 20 lits): UNSAT in 0.02s
    cube 4023.9 (depth 1, 20 lits): UNSAT in 0.03s
    cube 4023.10 (depth 1, 20 lits): UNSAT in 0.03s
    cube 4023.11 (depth 1, 20 lits): UNSAT in 0.03s
    cube 4023.12 (depth 1, 20 lits): UNSAT in 0.09s
    cube 4023.13 (depth 1, 20 lits): UNSAT in 0.13s
    cube 4023.14 (depth 1, 20 lits): UNSAT in 0.02s
    cube 4023.15 (depth 1, 20 lits): UNSAT in 0.02s
    cube 4023.16 (depth 1, 20 lits): UNSAT in 0.01s
    cube 4023.17 (depth 1, 20 lits): UNSAT in 0.07s
    cube 4023.18 (depth 1, 20 lits): UNSAT in 0.02s
    cube 4023.19 (depth 1, 20 lits): UNSAT in 0.04s
    cube 4023.20 (depth 1, 20 lits): UNSAT in 0.11s
    cube 4023.21 (depth 1, 20 lits): UNSAT in 0.25s
    cube 4023.22 (depth 1, 20 lits): UNSAT in 0.06s
    cube 4023.23 (depth 1, 20 lits): UNSAT in 0.16s
    cube 4023.24 (depth 1, 20 lits): UNSAT in 0.04s
    cube 4023.25 (depth 1, 20 lits): UNSAT in 0.38s
    cube 4023.26 (depth 1, 20 lits): UNSAT in 0.12s
    cube 4023.27 (depth 1, 20 lits): UNSAT in 0.28s
    cube 4023.28 (depth 1, 20 lits): UNSAT in 0.39s
    cube 4023.29 (depth 1, 20 lits): UNSAT in 1.50s
    cube 4023.30 (depth 1, 20 lits): UNSAT in 0.02s
    cube 4023.31 (depth 1, 20 lits): UNSAT in 0.02s
    cube 4023.32 (depth 1, 20 lits): UNSAT in 0.02s
    cube 4023.33 (depth 1, 20 lits): UNSAT in 0.04s
    cube 4023.34 (depth 1, 20 lits): UNSAT in 0.03s
    cube 4023.35 (depth 1, 20 lits): UNSAT in 0.05s
    cube 4023.36 (depth 1, 20 lits): UNSAT in 0.12s
    cube 4023.37 (depth 1, 20 lits): UNSAT in 0.24s
    cube 4023.38 (depth 1, 20 lits): UNSAT in 0.02s
    cube 4023.39 (depth 1, 20 lits): UNSAT in 0.09s
    cube 4023.40 (depth 1, 20 lits): UNSAT in 0.11s
    cube 4023.41 (depth 1, 20 lits): UNSAT in 0.23s
    cube 4023.42 (depth 1, 20 lits): UNSAT in 0.06s
    cube 4023.43 (depth 1, 20 lits): UNSAT in 0.24s
    cube 4023.44 (depth 1, 20 lits): UNSAT in 0.17s
    cube 4023.45 (depth 1, 20 lits): UNSAT in 1.68s
    cube 4023.46 (depth 1, 20 lits): UNSAT in 0.03s
    cube 4023.47 (depth 1, 20 lits): UNSAT in 0.05s
    cube 4023.48 (depth 1, 20 lits): UNSAT in 0.04s
    cube 4023.49 (depth 1, 20 lits): UNSAT in 0.14s
    cube 4023.50 (depth 1, 20 lits): UNSAT in 0.23s
    cube 4023.51 (depth 1, 20 lits): UNSAT in 0.24s
    cube 4023.52 (depth 1, 20 lits): UNSAT in 0.42s
    cube 4023.53 (depth 1, 20 lits): UNSAT in 1.28s
    cube 4023.54 (depth 1, 20 lits): UNSAT in 0.06s
    cube 4023.55 (depth 1, 20 lits): UNSAT in 0.18s
    cube 4023.56 (depth 1, 20 lits): UNSAT in 0.07s
    cube 4023.57 (depth 1, 20 lits): UNSAT in 0.41s
    cube 4023.58 (depth 1, 20 lits): UNSAT in 0.25s
    cube 4023.59 (depth 1, 20 lits): UNSAT in 0.96s
    cube 4023.60 (depth 1, 20 lits): UNSAT in 1.31s
    cube 4023.61 (depth 1, 20 lits): UNSAT in 8.43s
    cube 4023.62 (depth 1, 19 lits): UNSAT in 0.01s
    cube 4023.63 (depth 1, 20 lits): UNSAT in 0.02s
    cube 4023.64 (depth 1, 20 lits): UNSAT in 0.03s
    cube 4023.65 (depth 1, 19 lits): UNSAT in 0.02s
    cube 4023.66 (depth 1, 20 lits): UNSAT in 0.02s
    cube 4023.67 (depth 1, 20 lits): UNSAT in 0.02s
    cube 4023.68 (depth 1, 20 lits): UNSAT in 0.01s
    cube 4023.69 (depth 1, 20 lits): UNSAT in 0.01s
    cube 4023.70 (depth 1, 20 lits): UNSAT in 0.01s
    cube 4023.71 (depth 1, 20 lits): UNSAT in 0.02s
    cube 4023.72 (depth 1, 20 lits): UNSAT in 0.02s
    cube 4023.73 (depth 1, 20 lits): UNSAT in 0.02s
    cube 4023.74 (depth 1, 20 lits): UNSAT in 0.03s
    cube 4023.75 (depth 1, 20 lits): UNSAT in 0.08s
    cube 4023.76 (depth 1, 20 lits): UNSAT in 0.03s
    cube 4023.77 (depth 1, 20 lits): UNSAT in 0.04s
    cube 4023.78 (depth 1, 20 lits): UNSAT in 0.05s
    cube 4023.79 (depth 1, 20 lits): UNSAT in 0.08s
    cube 4023.80 (depth 1, 20 lits): UNSAT in 0.03s
    cube 4023.81 (depth 1, 20 lits): UNSAT in 0.05s
    cube 4023.82 (depth 1, 20 lits): UNSAT in 0.13s
    cube 4023.83 (depth 1, 20 lits): UNSAT in 0.34s
    cube 4023.84 (depth 1, 20 lits): UNSAT in 0.02s
    cube 4023.85 (depth 1, 20 lits): UNSAT in 0.06s
    cube 4023.86 (depth 1, 20 lits): UNSAT in 0.06s
    cube 4023.87 (depth 1, 20 lits): UNSAT in 0.09s
    cube 4023.88 (depth 1, 20 lits): UNSAT in 0.08s
    cube 4023.89 (depth 1, 20 lits): UNSAT in 0.10s
    cube 4023.90 (depth 1, 20 lits): UNSAT in 0.31s
    cube 4023.91 (depth 1, 20 lits): UNSAT in 0.90s
    cube 4023.92 (depth 1, 20 lits): UNSAT in 0.02s
    cube 4023.93 (depth 1, 20 lits): UNSAT in 0.03s
    cube 4023.94 (depth 1, 20 lits): UNSAT in 0.03s
    cube 4023.95 (depth 1, 20 lits): UNSAT in 0.04s
    cube 4023.96 (depth 1, 20 lits): UNSAT in 0.03s
    cube 4023.97 (depth 1, 20 lits): UNSAT in 0.12s
    cube 4023.98 (depth 1, 20 lits): UNSAT in 0.04s
    cube 4023.99 (depth 1, 20 lits): UNSAT in 0.34s
    cube 4023.100 (depth 1, 20 lits): UNSAT in 0.01s
    cube 4023.101 (depth 1, 20 lits): UNSAT in 0.04s
    cube 4023.102 (depth 1, 20 lits): UNSAT in 0.08s
    cube 4023.103 (depth 1, 20 lits): UNSAT in 0.48s
    cube 4023.104 (depth 1, 20 lits): UNSAT in 0.05s
    cube 4023.105 (depth 1, 20 lits): UNSAT in 0.37s
    cube 4023.106 (depth 1, 20 lits): UNSAT in 0.14s
    cube 4023.107 (depth 1, 20 lits): UNSAT in 2.02s
    cube 4023.108 (depth 1, 20 lits): UNSAT in 0.04s
    cube 4023.109 (depth 1, 20 lits): UNSAT in 0.08s
    cube 4023.110 (depth 1, 20 lits): UNSAT in 0.13s
    cube 4023.111 (depth 1, 20 lits): UNSAT in 0.90s
    cube 4023.112 (depth 1, 20 lits): UNSAT in 0.09s
    cube 4023.113 (depth 1, 20 lits): UNSAT in 0.28s
    cube 4023.114 (depth 1, 20 lits): UNSAT in 0.42s
    cube 4023.115 (depth 1, 20 lits): UNSAT in 3.14s
    cube 4023.116 (depth 1, 20 lits): UNSAT in 0.37s
    cube 4023.117 (depth 1, 20 lits): UNSAT in 0.83s
    cube 4023.118 (depth 1, 20 lits): UNSAT in 0.24s
    cube 4023.119 (depth 1, 20 lits): UNSAT in 7.89s
    cube 4023.120 (depth 1, 20 lits): UNSAT in 0.50s
    cube 4023.121 (depth 1, 20 lits): UNSAT in 8.47s
    cube 4023.122 (depth 1, 20 lits): UNSAT in 12.15s
    cube 4023.123 (depth 1, 20 lits): UNSAT in 93.59s
    cube 4023.124 (depth 1, 19 lits): UNSAT in 0.02s
    cube 4023.125 (depth 1, 20 lits): UNSAT in 0.01s
    cube 4023.126 (depth 1, 20 lits): UNSAT in 0.02s
    cube 4023.127 (depth 1, 20 lits): UNSAT in 0.02s
    cube 4023.128 (depth 1, 20 lits): UNSAT in 0.02s
    cube 4023.129 (depth 1, 20 lits): UNSAT in 0.02s
    cube 4023.130 (depth 1, 20 lits): UNSAT in 0.03s
    cube 4023.131 (depth 1, 20 lits): UNSAT in 0.01s
    cube 4023.132 (depth 1, 20 lits): UNSAT in 0.02s
    cube 4023.133 (depth 1, 20 lits): UNSAT in 0.02s
    cube 4023.134 (depth 1, 20 lits): UNSAT in 0.06s
    cube 4023.135 (depth 1, 20 lits): UNSAT in 0.06s
    cube 4023.136 (depth 1, 20 lits): UNSAT in 0.11s
    cube 4023.137 (depth 1, 20 lits): UNSAT in 0.03s
    cube 4023.138 (depth 1, 20 lits): UNSAT in 0.06s
    cube 4023.139 (depth 1, 20 lits): UNSAT in 0.02s
    cube 4023.140 (depth 1, 20 lits): UNSAT in 0.02s
    cube 4023.141 (depth 1, 20 lits): UNSAT in 0.02s
    cube 4023.142 (depth 1, 20 lits): UNSAT in 0.04s
    cube 4023.143 (depth 1, 20 lits): UNSAT in 0.04s
    cube 4023.144 (depth 1, 20 lits): UNSAT in 0.11s
    cube 4023.145 (depth 1, 20 lits): UNSAT in 0.15s
    cube 4023.146 (depth 1, 20 lits): UNSAT in 0.31s
    cube 4023.147 (depth 1, 20 lits): UNSAT in 0.07s
    cube 4023.148 (depth 1, 20 lits): UNSAT in 0.10s
    cube 4023.149 (depth 1, 20 lits): UNSAT in 0.06s
    cube 4023.150 (depth 1, 20 lits): UNSAT in 0.06s
    cube 4023.151 (depth 1, 20 lits): UNSAT in 0.06s
    cube 4023.152 (depth 1, 20 lits): UNSAT in 0.07s
    cube 4023.153 (depth 1, 20 lits): UNSAT in 0.26s
    cube 4023.154 (depth 1, 20 lits): UNSAT in 0.91s
    cube 4023.155 (depth 1, 20 lits): UNSAT in 0.01s
    cube 4023.156 (depth 1, 20 lits): UNSAT in 0.02s
    cube 4023.157 (depth 1, 20 lits): UNSAT in 0.03s
    cube 4023.158 (depth 1, 20 lits): UNSAT in 0.11s
    cube 4023.159 (depth 1, 20 lits): UNSAT in 0.04s
    cube 4023.160 (depth 1, 20 lits): UNSAT in 0.30s
    cube 4023.161 (depth 1, 20 lits): UNSAT in 0.11s
    cube 4023.162 (depth 1, 20 lits): UNSAT in 0.82s
    cube 4023.163 (depth 1, 20 lits): UNSAT in 0.03s
    cube 4023.164 (depth 1, 20 lits): UNSAT in 0.09s
    cube 4023.165 (depth 1, 20 lits): UNSAT in 0.11s
    cube 4023.166 (depth 1, 20 lits): UNSAT in 1.01s
    cube 4023.167 (depth 1, 20 lits): UNSAT in 0.13s
    cube 4023.168 (depth 1, 20 lits): UNSAT in 0.85s
    cube 4023.169 (depth 1, 20 lits): UNSAT in 0.89s
    cube 4023.170 (depth 1, 20 lits): UNSAT in 4.58s
    cube 4023.171 (depth 1, 20 lits): UNSAT in 0.03s
    cube 4023.172 (depth 1, 20 lits): UNSAT in 0.10s
    cube 4023.173 (depth 1, 20 lits): UNSAT in 0.04s
    cube 4023.174 (depth 1, 20 lits): UNSAT in 0.40s
    cube 4023.175 (depth 1, 20 lits): UNSAT in 0.06s
    cube 4023.176 (depth 1, 20 lits): UNSAT in 0.31s
    cube 4023.177 (depth 1, 20 lits): UNSAT in 0.70s
    cube 4023.178 (depth 1, 20 lits): UNSAT in 1.71s
    cube 4023.179 (depth 1, 20 lits): UNSAT in 0.34s
    cube 4023.180 (depth 1, 20 lits): UNSAT in 2.02s
    cube 4023.181 (depth 1, 20 lits): UNSAT in 1.94s
    cube 4023.182 (depth 1, 20 lits): UNSAT in 8.67s
    cube 4023.183 (depth 1, 20 lits): UNSAT in 0.50s
    cube 4023.184 (depth 1, 20 lits): UNSAT in 3.18s
    cube 4023.185 (depth 1, 20 lits): UNSAT in 6.04s
    cube 4023.186 (depth 1, 20 lits): UNSAT in 231.02s
    cube 4023.187 (depth 1, 20 lits): UNSAT in 0.02s
    cube 4023.188 (depth 1, 20 lits): UNSAT in 0.11s
    cube 4023.189 (depth 1, 20 lits): UNSAT in 0.10s
    cube 4023.190 (depth 1, 20 lits): UNSAT in 0.16s
    cube 4023.191 (depth 1, 20 lits): UNSAT in 0.03s
    cube 4023.192 (depth 1, 20 lits): UNSAT in 0.08s
    cube 4023.193 (depth 1, 20 lits): UNSAT in 0.05s
    cube 4023.194 (depth 1, 20 lits): UNSAT in 0.30s
    cube 4023.195 (depth 1, 20 lits): UNSAT in 0.04s
    cube 4023.196 (depth 1, 20 lits): UNSAT in 0.10s
    cube 4023.197 (depth 1, 20 lits): UNSAT in 0.04s
    cube 4023.198 (depth 1, 20 lits): UNSAT in 0.17s
    cube 4023.199 (depth 1, 20 lits): UNSAT in 0.11s
    cube 4023.200 (depth 1, 20 lits): UNSAT in 0.09s
    cube 4023.201 (depth 1, 20 lits): UNSAT in 0.21s
    cube 4023.202 (depth 1, 20 lits): UNSAT in 0.73s
    cube 4023.203 (depth 1, 20 lits): UNSAT in 0.02s
    cube 4023.204 (depth 1, 20 lits): UNSAT in 0.05s
    cube 4023.205 (depth 1, 20 lits): UNSAT in 0.05s
    cube 4023.206 (depth 1, 20 lits): UNSAT in 0.22s
    cube 4023.207 (depth 1, 20 lits): UNSAT in 0.17s
    cube 4023.208 (depth 1, 20 lits): UNSAT in 0.23s
    cube 4023.209 (depth 1, 20 lits): UNSAT in 0.40s
    cube 4023.210 (depth 1, 20 lits): UNSAT in 0.58s
    cube 4023.211 (depth 1, 20 lits): UNSAT in 0.04s
    cube 4023.212 (depth 1, 20 lits): UNSAT in 0.14s
    cube 4023.213 (depth 1, 20 lits): UNSAT in 0.04s
    cube 4023.214 (depth 1, 20 lits): UNSAT in 0.12s
    cube 4023.215 (depth 1, 20 lits): UNSAT in 0.07s
    cube 4023.216 (depth 1, 20 lits): UNSAT in 0.09s
    cube 4023.217 (depth 1, 20 lits): UNSAT in 0.41s
    cube 4023.218 (depth 1, 20 lits): UNSAT in 3.19s
    cube 4023.219 (depth 1, 20 lits): UNSAT in 0.06s
    cube 4023.220 (depth 1, 20 lits): UNSAT in 0.08s
    cube 4023.221 (depth 1, 20 lits): UNSAT in 0.14s
    cube 4023.222 (depth 1, 20 lits): UNSAT in 0.79s
    cube 4023.223 (depth 1, 20 lits): UNSAT in 0.04s
    cube 4023.224 (depth 1, 20 lits): UNSAT in 0.14s
    cube 4023.225 (depth 1, 20 lits): UNSAT in 0.22s
    cube 4023.226 (depth 1, 20 lits): UNSAT in 0.35s
    cube 4023.227 (depth 1, 20 lits): UNSAT in 0.10s
    cube 4023.228 (depth 1, 20 lits): UNSAT in 0.24s
    cube 4023.229 (depth 1, 20 lits): UNSAT in 0.19s
    cube 4023.230 (depth 1, 20 lits): UNSAT in 1.51s
    cube 4023.231 (depth 1, 20 lits): UNSAT in 0.15s
    cube 4023.232 (depth 1, 20 lits): UNSAT in 1.24s
    cube 4023.233 (depth 1, 20 lits): UNSAT in 9.10s
    cube 4023.234 (depth 1, 20 lits): UNSAT in 37.38s
    cube 4023.235 (depth 1, 20 lits): UNSAT in 0.06s
    cube 4023.236 (depth 1, 20 lits): UNSAT in 0.45s
    cube 4023.237 (depth 1, 20 lits): UNSAT in 0.07s
    cube 4023.238 (depth 1, 20 lits): UNSAT in 0.52s
    cube 4023.239 (depth 1, 20 lits): UNSAT in 1.08s
    cube 4023.240 (depth 1, 20 lits): UNSAT in 3.02s
    cube 4023.241 (depth 1, 20 lits): UNSAT in 1.49s
    cube 4023.242 (depth 1, 20 lits): UNSAT in 43.55s
    cube 4023.243 (depth 1, 20 lits): UNSAT in 0.44s
    cube 4023.244 (depth 1, 20 lits): UNSAT in 0.57s
    cube 4023.245 (depth 1, 20 lits): UNSAT in 4.27s
    cube 4023.246 (depth 1, 20 lits): UNSAT in 43.45s
    cube 4023.247 (depth 1, 20 lits): UNSAT in 2.46s
    cube 4023.248 (depth 1, 20 lits): UNSAT in 48.75s
    cube 4023.249 (depth 1, 20 lits): UNSAT in 167.80s
    cube 4023.250 (depth 1, 20 lits): TIMEOUT in 1200.10s
    cube 4023.250 TIMEOUT -> re-split into 232 sub-cubes (depth 2)
    cube 4023.250.0 (depth 2, 26 lits): UNSAT in 0.01s
    cube 4023.250.1 (depth 2, 26 lits): UNSAT in 0.02s
    cube 4023.250.2 (depth 2, 26 lits): UNSAT in 0.01s
    cube 4023.250.3 (depth 2, 27 lits): UNSAT in 0.01s
    cube 4023.250.4 (depth 2, 27 lits): UNSAT in 0.01s
    cube 4023.250.5 (depth 2, 26 lits): UNSAT in 0.01s
    cube 4023.250.6 (depth 2, 27 lits): UNSAT in 0.02s
    cube 4023.250.7 (depth 2, 28 lits): UNSAT in 0.01s
    cube 4023.250.8 (depth 2, 28 lits): UNSAT in 0.02s
    cube 4023.250.9 (depth 2, 27 lits): UNSAT in 0.01s
    cube 4023.250.10 (depth 2, 28 lits): UNSAT in 0.02s
    cube 4023.250.11 (depth 2, 28 lits): UNSAT in 0.02s
    cube 4023.250.12 (depth 2, 28 lits): UNSAT in 0.01s
    cube 4023.250.13 (depth 2, 28 lits): UNSAT in 0.02s
    cube 4023.250.14 (depth 2, 28 lits): UNSAT in 0.02s
    cube 4023.250.15 (depth 2, 28 lits): UNSAT in 0.03s
    cube 4023.250.16 (depth 2, 27 lits): UNSAT in 0.01s
    cube 4023.250.17 (depth 2, 28 lits): UNSAT in 0.02s
    cube 4023.250.18 (depth 2, 28 lits): UNSAT in 0.02s
    cube 4023.250.19 (depth 2, 28 lits): UNSAT in 0.01s
    cube 4023.250.20 (depth 2, 28 lits): UNSAT in 0.02s
    cube 4023.250.21 (depth 2, 28 lits): UNSAT in 0.03s
    cube 4023.250.22 (depth 2, 28 lits): UNSAT in 0.05s
    cube 4023.250.23 (depth 2, 26 lits): UNSAT in 0.02s
    cube 4023.250.24 (depth 2, 28 lits): UNSAT in 0.02s
    cube 4023.250.25 (depth 2, 28 lits): UNSAT in 0.03s
    cube 4023.250.26 (depth 2, 28 lits): UNSAT in 0.04s
    cube 4023.250.27 (depth 2, 28 lits): UNSAT in 0.10s
    cube 4023.250.28 (depth 2, 28 lits): UNSAT in 0.01s
    cube 4023.250.29 (depth 2, 28 lits): UNSAT in 0.03s
    cube 4023.250.30 (depth 2, 28 lits): UNSAT in 0.02s
    cube 4023.250.31 (depth 2, 28 lits): UNSAT in 0.05s
    cube 4023.250.32 (depth 2, 28 lits): UNSAT in 0.04s
    cube 4023.250.33 (depth 2, 28 lits): UNSAT in 0.05s
    cube 4023.250.34 (depth 2, 28 lits): UNSAT in 0.02s
    cube 4023.250.35 (depth 2, 28 lits): UNSAT in 0.07s
    cube 4023.250.36 (depth 2, 28 lits): UNSAT in 0.02s
    cube 4023.250.37 (depth 2, 28 lits): UNSAT in 0.05s
    cube 4023.250.38 (depth 2, 28 lits): UNSAT in 0.06s
    cube 4023.250.39 (depth 2, 28 lits): UNSAT in 0.13s
    cube 4023.250.40 (depth 2, 28 lits): UNSAT in 0.05s
    cube 4023.250.41 (depth 2, 28 lits): UNSAT in 0.28s
    cube 4023.250.42 (depth 2, 28 lits): UNSAT in 0.11s
    cube 4023.250.43 (depth 2, 28 lits): UNSAT in 0.45s
    cube 4023.250.44 (depth 2, 27 lits): UNSAT in 0.02s
    cube 4023.250.45 (depth 2, 28 lits): UNSAT in 0.02s
    cube 4023.250.46 (depth 2, 28 lits): UNSAT in 0.05s
    cube 4023.250.47 (depth 2, 28 lits): UNSAT in 0.03s
    cube 4023.250.48 (depth 2, 28 lits): UNSAT in 0.04s
    cube 4023.250.49 (depth 2, 28 lits): UNSAT in 0.05s
    cube 4023.250.50 (depth 2, 28 lits): UNSAT in 0.10s
    cube 4023.250.51 (depth 2, 28 lits): UNSAT in 0.02s
    cube 4023.250.52 (depth 2, 28 lits): UNSAT in 0.03s
    cube 4023.250.53 (depth 2, 28 lits): UNSAT in 0.03s
    cube 4023.250.54 (depth 2, 28 lits): UNSAT in 0.06s
    cube 4023.250.55 (depth 2, 28 lits): UNSAT in 0.03s
    cube 4023.250.56 (depth 2, 28 lits): UNSAT in 0.03s
    cube 4023.250.57 (depth 2, 28 lits): UNSAT in 0.04s
    cube 4023.250.58 (depth 2, 28 lits): UNSAT in 0.15s
    cube 4023.250.59 (depth 2, 28 lits): UNSAT in 0.02s
    cube 4023.250.60 (depth 2, 28 lits): UNSAT in 0.06s
    cube 4023.250.61 (depth 2, 28 lits): UNSAT in 0.02s
    cube 4023.250.62 (depth 2, 28 lits): UNSAT in 0.03s
    cube 4023.250.63 (depth 2, 28 lits): UNSAT in 0.02s
    cube 4023.250.64 (depth 2, 28 lits): UNSAT in 0.03s
    cube 4023.250.65 (depth 2, 28 lits): UNSAT in 0.06s
    cube 4023.250.66 (depth 2, 28 lits): UNSAT in 0.24s
    cube 4023.250.67 (depth 2, 28 lits): UNSAT in 0.02s
    cube 4023.250.68 (depth 2, 28 lits): UNSAT in 0.04s
    cube 4023.250.69 (depth 2, 28 lits): UNSAT in 0.16s
    cube 4023.250.70 (depth 2, 28 lits): UNSAT in 0.36s
    cube 4023.250.71 (depth 2, 28 lits): UNSAT in 0.05s
    cube 4023.250.72 (depth 2, 28 lits): UNSAT in 0.19s
    cube 4023.250.73 (depth 2, 28 lits): UNSAT in 0.16s
    cube 4023.250.74 (depth 2, 28 lits): UNSAT in 1.32s
    cube 4023.250.75 (depth 2, 28 lits): UNSAT in 0.03s
    cube 4023.250.76 (depth 2, 28 lits): UNSAT in 0.05s
    cube 4023.250.77 (depth 2, 28 lits): UNSAT in 0.03s
    cube 4023.250.78 (depth 2, 28 lits): UNSAT in 0.07s
    cube 4023.250.79 (depth 2, 28 lits): UNSAT in 0.04s
    cube 4023.250.80 (depth 2, 28 lits): UNSAT in 0.09s
    cube 4023.250.81 (depth 2, 28 lits): UNSAT in 0.10s
    cube 4023.250.82 (depth 2, 28 lits): UNSAT in 0.35s
    cube 4023.250.83 (depth 2, 28 lits): UNSAT in 0.04s
    cube 4023.250.84 (depth 2, 28 lits): UNSAT in 0.07s
    cube 4023.250.85 (depth 2, 28 lits): UNSAT in 0.03s
    cube 4023.250.86 (depth 2, 28 lits): UNSAT in 0.28s
    cube 4023.250.87 (depth 2, 28 lits): UNSAT in 0.06s
    cube 4023.250.88 (depth 2, 28 lits): UNSAT in 0.21s
    cube 4023.250.89 (depth 2, 28 lits): UNSAT in 0.59s
    cube 4023.250.90 (depth 2, 28 lits): UNSAT in 2.10s
    cube 4023.250.91 (depth 2, 28 lits): UNSAT in 0.06s
    cube 4023.250.92 (depth 2, 28 lits): UNSAT in 0.16s
    cube 4023.250.93 (depth 2, 28 lits): UNSAT in 0.04s
    cube 4023.250.94 (depth 2, 28 lits): UNSAT in 0.26s
    cube 4023.250.95 (depth 2, 28 lits): UNSAT in 0.12s
    cube 4023.250.96 (depth 2, 28 lits): UNSAT in 0.33s
    cube 4023.250.97 (depth 2, 28 lits): UNSAT in 0.85s
    cube 4023.250.98 (depth 2, 28 lits): UNSAT in 1.45s
    cube 4023.250.99 (depth 2, 28 lits): UNSAT in 0.05s
    cube 4023.250.100 (depth 2, 28 lits): UNSAT in 0.49s
    cube 4023.250.101 (depth 2, 28 lits): UNSAT in 0.49s
    cube 4023.250.102 (depth 2, 28 lits): UNSAT in 3.27s
    cube 4023.250.103 (depth 2, 28 lits): UNSAT in 0.61s
    cube 4023.250.104 (depth 2, 28 lits): UNSAT in 9.39s
    cube 4023.250.105 (depth 2, 28 lits): UNSAT in 9.26s
    cube 4023.250.106 (depth 2, 28 lits): UNSAT in 43.69s
    cube 4023.250.107 (depth 2, 28 lits): UNSAT in 0.02s
    cube 4023.250.108 (depth 2, 28 lits): UNSAT in 0.02s
    cube 4023.250.109 (depth 2, 28 lits): UNSAT in 0.03s
    cube 4023.250.110 (depth 2, 28 lits): UNSAT in 0.05s
    cube 4023.250.111 (depth 2, 27 lits): UNSAT in 0.02s
    cube 4023.250.112 (depth 2, 28 lits): UNSAT in 0.05s
    cube 4023.250.113 (depth 2, 28 lits): UNSAT in 0.15s
    cube 4023.250.114 (depth 2, 28 lits): UNSAT in 0.03s
    cube 4023.250.115 (depth 2, 28 lits): UNSAT in 0.05s
    cube 4023.250.116 (depth 2, 28 lits): UNSAT in 0.11s
    cube 4023.250.117 (depth 2, 28 lits): UNSAT in 0.14s
    cube 4023.250.118 (depth 2, 28 lits): UNSAT in 0.05s
    cube 4023.250.119 (depth 2, 28 lits): UNSAT in 0.28s
    cube 4023.250.120 (depth 2, 28 lits): UNSAT in 0.11s
    cube 4023.250.121 (depth 2, 28 lits): UNSAT in 1.20s
    cube 4023.250.122 (depth 2, 28 lits): UNSAT in 0.02s
    cube 4023.250.123 (depth 2, 28 lits): UNSAT in 0.06s
    cube 4023.250.124 (depth 2, 28 lits): UNSAT in 0.07s
    cube 4023.250.125 (depth 2, 28 lits): UNSAT in 0.14s
    cube 4023.250.126 (depth 2, 28 lits): UNSAT in 0.05s
    cube 4023.250.127 (depth 2, 28 lits): UNSAT in 0.05s
    cube 4023.250.128 (depth 2, 28 lits): UNSAT in 0.14s
    cube 4023.250.129 (depth 2, 28 lits): UNSAT in 0.83s
    cube 4023.250.130 (depth 2, 28 lits): UNSAT in 0.07s
    cube 4023.250.131 (depth 2, 28 lits): UNSAT in 0.22s
    cube 4023.250.132 (depth 2, 28 lits): UNSAT in 0.13s
    cube 4023.250.133 (depth 2, 28 lits): UNSAT in 0.72s
    cube 4023.250.134 (depth 2, 28 lits): UNSAT in 0.59s
    cube 4023.250.135 (depth 2, 28 lits): UNSAT in 0.68s
    cube 4023.250.136 (depth 2, 28 lits): UNSAT in 0.21s
    cube 4023.250.137 (depth 2, 28 lits): UNSAT in 5.41s
    cube 4023.250.138 (depth 2, 27 lits): UNSAT in 0.02s
    cube 4023.250.139 (depth 2, 28 lits): UNSAT in 0.03s
    cube 4023.250.140 (depth 2, 28 lits): UNSAT in 0.05s
    cube 4023.250.141 (depth 2, 27 lits): UNSAT in 0.01s
    cube 4023.250.142 (depth 2, 28 lits): UNSAT in 0.04s
    cube 4023.250.143 (depth 2, 28 lits): UNSAT in 0.13s
    cube 4023.250.144 (depth 2, 28 lits): UNSAT in 0.02s
    cube 4023.250.145 (depth 2, 28 lits): UNSAT in 0.04s
    cube 4023.250.146 (depth 2, 28 lits): UNSAT in 0.07s
    cube 4023.250.147 (depth 2, 28 lits): UNSAT in 0.05s
    cube 4023.250.148 (depth 2, 28 lits): UNSAT in 0.06s
    cube 4023.250.149 (depth 2, 28 lits): UNSAT in 0.12s
    cube 4023.250.150 (depth 2, 28 lits): UNSAT in 0.21s
    cube 4023.250.151 (depth 2, 28 lits): UNSAT in 0.46s
    cube 4023.250.152 (depth 2, 28 lits): UNSAT in 0.03s
    cube 4023.250.153 (depth 2, 28 lits): UNSAT in 0.06s
    cube 4023.250.154 (depth 2, 28 lits): UNSAT in 0.04s
    cube 4023.250.155 (depth 2, 28 lits): UNSAT in 0.29s
    cube 4023.250.156 (depth 2, 28 lits): UNSAT in 0.11s
    cube 4023.250.157 (depth 2, 28 lits): UNSAT in 0.77s
    cube 4023.250.158 (depth 2, 28 lits): UNSAT in 0.77s
    cube 4023.250.159 (depth 2, 28 lits): UNSAT in 2.88s
    cube 4023.250.160 (depth 2, 28 lits): UNSAT in 0.09s
    cube 4023.250.161 (depth 2, 28 lits): UNSAT in 0.34s
    cube 4023.250.162 (depth 2, 28 lits): UNSAT in 0.85s
    cube 4023.250.163 (depth 2, 28 lits): UNSAT in 1.43s
    cube 4023.250.164 (depth 2, 28 lits): UNSAT in 0.92s
    cube 4023.250.165 (depth 2, 28 lits): UNSAT in 1.39s
    cube 4023.250.166 (depth 2, 28 lits): UNSAT in 9.09s
    cube 4023.250.167 (depth 2, 28 lits): UNSAT in 153.57s
    cube 4023.250.168 (depth 2, 28 lits): UNSAT in 0.03s
    cube 4023.250.169 (depth 2, 28 lits): UNSAT in 0.09s
    cube 4023.250.170 (depth 2, 28 lits): UNSAT in 0.09s
    cube 4023.250.171 (depth 2, 28 lits): UNSAT in 0.72s
    cube 4023.250.172 (depth 2, 28 lits): UNSAT in 0.03s
    cube 4023.250.173 (depth 2, 28 lits): UNSAT in 0.19s
    cube 4023.250.174 (depth 2, 28 lits): UNSAT in 0.40s
    cube 4023.250.175 (depth 2, 28 lits): UNSAT in 1.78s
    cube 4023.250.176 (depth 2, 28 lits): UNSAT in 0.13s
    cube 4023.250.177 (depth 2, 28 lits): UNSAT in 0.67s
    cube 4023.250.178 (depth 2, 28 lits): UNSAT in 0.70s
    cube 4023.250.179 (depth 2, 28 lits): UNSAT in 4.32s
    cube 4023.250.180 (depth 2, 28 lits): UNSAT in 0.33s
    cube 4023.250.181 (depth 2, 28 lits): UNSAT in 3.87s
    cube 4023.250.182 (depth 2, 28 lits): UNSAT in 2.42s
    cube 4023.250.183 (depth 2, 28 lits): UNSAT in 13.86s
    cube 4023.250.184 (depth 2, 28 lits): UNSAT in 0.01s
    cube 4023.250.185 (depth 2, 28 lits): UNSAT in 0.03s
    cube 4023.250.186 (depth 2, 28 lits): UNSAT in 0.05s
    cube 4023.250.187 (depth 2, 28 lits): UNSAT in 0.12s
    cube 4023.250.188 (depth 2, 28 lits): UNSAT in 0.20s
    cube 4023.250.189 (depth 2, 28 lits): UNSAT in 0.22s
    cube 4023.250.190 (depth 2, 28 lits): UNSAT in 0.22s
    cube 4023.250.191 (depth 2, 28 lits): UNSAT in 2.35s
    cube 4023.250.192 (depth 2, 28 lits): UNSAT in 0.41s
    cube 4023.250.193 (depth 2, 28 lits): UNSAT in 1.11s
    cube 4023.250.194 (depth 2, 28 lits): UNSAT in 4.30s
    cube 4023.250.195 (depth 2, 28 lits): UNSAT in 10.57s
    cube 4023.250.196 (depth 2, 28 lits): UNSAT in 1.73s
    cube 4023.250.197 (depth 2, 28 lits): UNSAT in 3.58s
    cube 4023.250.198 (depth 2, 28 lits): UNSAT in 25.49s
    cube 4023.250.199 (depth 2, 28 lits): UNSAT in 283.02s
    cube 4023.250.200 (depth 2, 28 lits): UNSAT in 0.02s
    cube 4023.250.201 (depth 2, 28 lits): UNSAT in 0.03s
    cube 4023.250.202 (depth 2, 28 lits): UNSAT in 0.03s
    cube 4023.250.203 (depth 2, 28 lits): UNSAT in 0.27s
    cube 4023.250.204 (depth 2, 28 lits): UNSAT in 0.14s
    cube 4023.250.205 (depth 2, 28 lits): UNSAT in 0.40s
    cube 4023.250.206 (depth 2, 28 lits): UNSAT in 8.22s
    cube 4023.250.207 (depth 2, 28 lits): UNSAT in 13.80s
    cube 4023.250.208 (depth 2, 28 lits): UNSAT in 0.20s
    cube 4023.250.209 (depth 2, 28 lits): UNSAT in 0.65s
    cube 4023.250.210 (depth 2, 28 lits): UNSAT in 1.35s
    cube 4023.250.211 (depth 2, 28 lits): UNSAT in 6.77s
    cube 4023.250.212 (depth 2, 28 lits): UNSAT in 0.16s
    cube 4023.250.213 (depth 2, 28 lits): UNSAT in 1.20s
    cube 4023.250.214 (depth 2, 28 lits): UNSAT in 3.81s
    cube 4023.250.215 (depth 2, 28 lits): UNSAT in 263.16s
    cube 4023.250.216 (depth 2, 28 lits): UNSAT in 0.03s
    cube 4023.250.217 (depth 2, 28 lits): UNSAT in 0.11s
    cube 4023.250.218 (depth 2, 28 lits): UNSAT in 0.02s
    cube 4023.250.219 (depth 2, 28 lits): UNSAT in 0.24s
    cube 4023.250.220 (depth 2, 28 lits): UNSAT in 0.11s
    cube 4023.250.221 (depth 2, 28 lits): UNSAT in 0.21s
    cube 4023.250.222 (depth 2, 28 lits): UNSAT in 0.25s
    cube 4023.250.223 (depth 2, 28 lits): UNSAT in 2.03s
    cube 4023.250.224 (depth 2, 28 lits): UNSAT in 0.13s
    cube 4023.250.225 (depth 2, 28 lits): UNSAT in 1.66s
    cube 4023.250.226 (depth 2, 28 lits): UNSAT in 0.51s
    cube 4023.250.227 (depth 2, 28 lits): UNSAT in 9.18s
    cube 4023.250.228 (depth 2, 28 lits): UNSAT in 0.86s
    cube 4023.250.229 (depth 2, 28 lits): UNSAT in 4.61s
    cube 4023.250.230 (depth 2, 28 lits): UNSAT in 5.80s
    cube 4023.250.231 (depth 2, 28 lits): TIMEOUT in 1200.10s
    cube 4023.250.231 TIMEOUT -> re-split into 230 sub-cubes (depth 3)
    cube 4023.250.231.0 (depth 3, 33 lits): UNSAT in 0.01s
    cube 4023.250.231.1 (depth 3, 36 lits): UNSAT in 0.02s
    cube 4023.250.231.2 (depth 3, 36 lits): UNSAT in 0.02s
    cube 4023.250.231.3 (depth 3, 36 lits): UNSAT in 0.01s
    cube 4023.250.231.4 (depth 3, 36 lits): UNSAT in 0.02s
    cube 4023.250.231.5 (depth 3, 35 lits): UNSAT in 0.02s
    cube 4023.250.231.6 (depth 3, 36 lits): UNSAT in 0.02s
    cube 4023.250.231.7 (depth 3, 36 lits): UNSAT in 0.02s
    cube 4023.250.231.8 (depth 3, 35 lits): UNSAT in 0.02s
    cube 4023.250.231.9 (depth 3, 35 lits): UNSAT in 0.02s
    cube 4023.250.231.10 (depth 3, 36 lits): UNSAT in 0.01s
    cube 4023.250.231.11 (depth 3, 36 lits): UNSAT in 0.01s
    cube 4023.250.231.12 (depth 3, 36 lits): UNSAT in 0.01s
    cube 4023.250.231.13 (depth 3, 36 lits): UNSAT in 0.03s
    cube 4023.250.231.14 (depth 3, 36 lits): UNSAT in 0.02s
    cube 4023.250.231.15 (depth 3, 36 lits): UNSAT in 0.02s
    cube 4023.250.231.16 (depth 3, 36 lits): UNSAT in 0.02s
    cube 4023.250.231.17 (depth 3, 36 lits): UNSAT in 0.02s
    cube 4023.250.231.18 (depth 3, 36 lits): UNSAT in 0.02s
    cube 4023.250.231.19 (depth 3, 36 lits): UNSAT in 0.02s
    cube 4023.250.231.20 (depth 3, 36 lits): UNSAT in 0.09s
    cube 4023.250.231.21 (depth 3, 36 lits): UNSAT in 0.14s
    cube 4023.250.231.22 (depth 3, 34 lits): UNSAT in 0.01s
    cube 4023.250.231.23 (depth 3, 35 lits): UNSAT in 0.01s
    cube 4023.250.231.24 (depth 3, 36 lits): UNSAT in 0.02s
    cube 4023.250.231.25 (depth 3, 36 lits): UNSAT in 0.02s
    cube 4023.250.231.26 (depth 3, 35 lits): UNSAT in 0.01s
    cube 4023.250.231.27 (depth 3, 35 lits): UNSAT in 0.01s
    cube 4023.250.231.28 (depth 3, 36 lits): UNSAT in 0.03s
    cube 4023.250.231.29 (depth 3, 36 lits): UNSAT in 0.02s
    cube 4023.250.231.30 (depth 3, 36 lits): UNSAT in 0.02s
    cube 4023.250.231.31 (depth 3, 36 lits): UNSAT in 0.03s
    cube 4023.250.231.32 (depth 3, 35 lits): UNSAT in 0.02s
    cube 4023.250.231.33 (depth 3, 36 lits): UNSAT in 0.02s
    cube 4023.250.231.34 (depth 3, 36 lits): UNSAT in 0.05s
    cube 4023.250.231.35 (depth 3, 36 lits): UNSAT in 0.01s
    cube 4023.250.231.36 (depth 3, 36 lits): UNSAT in 0.01s
    cube 4023.250.231.37 (depth 3, 36 lits): UNSAT in 0.05s
    cube 4023.250.231.38 (depth 3, 36 lits): UNSAT in 0.16s
    cube 4023.250.231.39 (depth 3, 36 lits): UNSAT in 0.01s
    cube 4023.250.231.40 (depth 3, 36 lits): UNSAT in 0.03s
    cube 4023.250.231.41 (depth 3, 36 lits): UNSAT in 0.02s
    cube 4023.250.231.42 (depth 3, 36 lits): UNSAT in 0.06s
    cube 4023.250.231.43 (depth 3, 36 lits): UNSAT in 0.03s
    cube 4023.250.231.44 (depth 3, 36 lits): UNSAT in 0.03s
    cube 4023.250.231.45 (depth 3, 36 lits): UNSAT in 0.07s
    cube 4023.250.231.46 (depth 3, 36 lits): UNSAT in 0.27s
    cube 4023.250.231.47 (depth 3, 35 lits): UNSAT in 0.01s
    cube 4023.250.231.48 (depth 3, 35 lits): UNSAT in 0.01s
    cube 4023.250.231.49 (depth 3, 35 lits): UNSAT in 0.02s
    cube 4023.250.231.50 (depth 3, 36 lits): UNSAT in 0.01s
    cube 4023.250.231.51 (depth 3, 36 lits): UNSAT in 0.02s
    cube 4023.250.231.52 (depth 3, 35 lits): UNSAT in 0.02s
    cube 4023.250.231.53 (depth 3, 36 lits): UNSAT in 0.01s
    cube 4023.250.231.54 (depth 3, 36 lits): UNSAT in 0.02s
    cube 4023.250.231.55 (depth 3, 36 lits): UNSAT in 0.02s
    cube 4023.250.231.56 (depth 3, 36 lits): UNSAT in 0.02s
    cube 4023.250.231.57 (depth 3, 36 lits): UNSAT in 0.03s
    cube 4023.250.231.58 (depth 3, 36 lits): UNSAT in 0.04s
    cube 4023.250.231.59 (depth 3, 36 lits): UNSAT in 0.01s
    cube 4023.250.231.60 (depth 3, 36 lits): UNSAT in 0.02s
    cube 4023.250.231.61 (depth 3, 36 lits): UNSAT in 0.02s
    cube 4023.250.231.62 (depth 3, 36 lits): UNSAT in 0.03s
    cube 4023.250.231.63 (depth 3, 36 lits): UNSAT in 0.02s
    cube 4023.250.231.64 (depth 3, 36 lits): UNSAT in 0.04s
    cube 4023.250.231.65 (depth 3, 36 lits): UNSAT in 0.02s
    cube 4023.250.231.66 (depth 3, 36 lits): UNSAT in 0.08s
    cube 4023.250.231.67 (depth 3, 36 lits): UNSAT in 0.01s
    cube 4023.250.231.68 (depth 3, 36 lits): UNSAT in 0.02s
    cube 4023.250.231.69 (depth 3, 36 lits): UNSAT in 0.02s
    cube 4023.250.231.70 (depth 3, 36 lits): UNSAT in 0.07s
    cube 4023.250.231.71 (depth 3, 36 lits): UNSAT in 0.05s
    cube 4023.250.231.72 (depth 3, 36 lits): UNSAT in 0.04s
    cube 4023.250.231.73 (depth 3, 36 lits): UNSAT in 0.13s
    cube 4023.250.231.74 (depth 3, 36 lits): UNSAT in 0.36s
    cube 4023.250.231.75 (depth 3, 36 lits): UNSAT in 0.01s
    cube 4023.250.231.76 (depth 3, 36 lits): UNSAT in 0.02s
    cube 4023.250.231.77 (depth 3, 36 lits): UNSAT in 0.01s
    cube 4023.250.231.78 (depth 3, 36 lits): UNSAT in 0.03s
    cube 4023.250.231.79 (depth 3, 36 lits): UNSAT in 0.02s
    cube 4023.250.231.80 (depth 3, 36 lits): UNSAT in 0.03s
    cube 4023.250.231.81 (depth 3, 36 lits): UNSAT in 0.04s
    cube 4023.250.231.82 (depth 3, 36 lits): UNSAT in 0.12s
    cube 4023.250.231.83 (depth 3, 36 lits): UNSAT in 0.02s
    cube 4023.250.231.84 (depth 3, 36 lits): UNSAT in 0.04s
    cube 4023.250.231.85 (depth 3, 36 lits): UNSAT in 0.03s
    cube 4023.250.231.86 (depth 3, 36 lits): UNSAT in 0.10s
    cube 4023.250.231.87 (depth 3, 36 lits): UNSAT in 0.02s
    cube 4023.250.231.88 (depth 3, 36 lits): UNSAT in 0.06s
    cube 4023.250.231.89 (depth 3, 36 lits): UNSAT in 0.17s
    cube 4023.250.231.90 (depth 3, 36 lits): UNSAT in 0.25s
    cube 4023.250.231.91 (depth 3, 36 lits): UNSAT in 0.01s
    cube 4023.250.231.92 (depth 3, 36 lits): UNSAT in 0.02s
    cube 4023.250.231.93 (depth 3, 36 lits): UNSAT in 0.02s
    cube 4023.250.231.94 (depth 3, 36 lits): UNSAT in 0.03s
    cube 4023.250.231.95 (depth 3, 36 lits): UNSAT in 0.02s
    cube 4023.250.231.96 (depth 3, 36 lits): UNSAT in 0.03s
    cube 4023.250.231.97 (depth 3, 36 lits): UNSAT in 0.02s
    cube 4023.250.231.98 (depth 3, 36 lits): UNSAT in 0.18s
    cube 4023.250.231.99 (depth 3, 36 lits): UNSAT in 0.03s
    cube 4023.250.231.100 (depth 3, 36 lits): UNSAT in 0.07s
    cube 4023.250.231.101 (depth 3, 36 lits): UNSAT in 0.11s
    cube 4023.250.231.102 (depth 3, 36 lits): UNSAT in 0.53s
    cube 4023.250.231.103 (depth 3, 36 lits): UNSAT in 0.06s
    cube 4023.250.231.104 (depth 3, 36 lits): UNSAT in 0.47s
    cube 4023.250.231.105 (depth 3, 36 lits): UNSAT in 0.34s
    cube 4023.250.231.106 (depth 3, 36 lits): UNSAT in 1.41s
    cube 4023.250.231.107 (depth 3, 35 lits): UNSAT in 0.01s
    cube 4023.250.231.108 (depth 3, 35 lits): UNSAT in 0.01s
    cube 4023.250.231.109 (depth 3, 35 lits): UNSAT in 0.02s
    cube 4023.250.231.110 (depth 3, 36 lits): UNSAT in 0.02s
    cube 4023.250.231.111 (depth 3, 36 lits): UNSAT in 0.02s
    cube 4023.250.231.112 (depth 3, 35 lits): UNSAT in 0.01s
    cube 4023.250.231.113 (depth 3, 36 lits): UNSAT in 0.01s
    cube 4023.250.231.114 (depth 3, 36 lits): UNSAT in 0.01s
    cube 4023.250.231.115 (depth 3, 36 lits): UNSAT in 0.02s
    cube 4023.250.231.116 (depth 3, 36 lits): UNSAT in 0.02s
    cube 4023.250.231.117 (depth 3, 36 lits): UNSAT in 0.03s
    cube 4023.250.231.118 (depth 3, 36 lits): UNSAT in 0.05s
    cube 4023.250.231.119 (depth 3, 36 lits): UNSAT in 0.02s
    cube 4023.250.231.120 (depth 3, 36 lits): UNSAT in 0.04s
    cube 4023.250.231.121 (depth 3, 36 lits): UNSAT in 0.02s
    cube 4023.250.231.122 (depth 3, 36 lits): UNSAT in 0.08s
    cube 4023.250.231.123 (depth 3, 36 lits): UNSAT in 0.02s
    cube 4023.250.231.124 (depth 3, 36 lits): UNSAT in 0.05s
    cube 4023.250.231.125 (depth 3, 36 lits): UNSAT in 0.04s
    cube 4023.250.231.126 (depth 3, 36 lits): UNSAT in 0.17s
    cube 4023.250.231.127 (depth 3, 36 lits): UNSAT in 0.02s
    cube 4023.250.231.128 (depth 3, 36 lits): UNSAT in 0.04s
    cube 4023.250.231.129 (depth 3, 36 lits): UNSAT in 0.03s
    cube 4023.250.231.130 (depth 3, 36 lits): UNSAT in 0.07s
    cube 4023.250.231.131 (depth 3, 36 lits): UNSAT in 0.08s
    cube 4023.250.231.132 (depth 3, 36 lits): UNSAT in 0.12s
    cube 4023.250.231.133 (depth 3, 36 lits): UNSAT in 0.10s
    cube 4023.250.231.134 (depth 3, 36 lits): UNSAT in 0.47s
    cube 4023.250.231.135 (depth 3, 36 lits): UNSAT in 0.01s
    cube 4023.250.231.136 (depth 3, 36 lits): UNSAT in 0.02s
    cube 4023.250.231.137 (depth 3, 35 lits): UNSAT in 0.02s
    cube 4023.250.231.138 (depth 3, 36 lits): UNSAT in 0.02s
    cube 4023.250.231.139 (depth 3, 36 lits): UNSAT in 0.03s
    cube 4023.250.231.140 (depth 3, 36 lits): UNSAT in 0.02s
    cube 4023.250.231.141 (depth 3, 36 lits): UNSAT in 0.03s
    cube 4023.250.231.142 (depth 3, 36 lits): UNSAT in 0.02s
    cube 4023.250.231.143 (depth 3, 36 lits): UNSAT in 0.05s
    cube 4023.250.231.144 (depth 3, 36 lits): UNSAT in 0.03s
    cube 4023.250.231.145 (depth 3, 36 lits): UNSAT in 0.24s
    cube 4023.250.231.146 (depth 3, 36 lits): UNSAT in 0.02s
    cube 4023.250.231.147 (depth 3, 36 lits): UNSAT in 0.08s
    cube 4023.250.231.148 (depth 3, 36 lits): UNSAT in 0.07s
    cube 4023.250.231.149 (depth 3, 36 lits): UNSAT in 0.38s
    cube 4023.250.231.150 (depth 3, 36 lits): UNSAT in 0.02s
    cube 4023.250.231.151 (depth 3, 36 lits): UNSAT in 0.04s
    cube 4023.250.231.152 (depth 3, 36 lits): UNSAT in 0.02s
    cube 4023.250.231.153 (depth 3, 36 lits): UNSAT in 0.12s
    cube 4023.250.231.154 (depth 3, 36 lits): UNSAT in 0.10s
    cube 4023.250.231.155 (depth 3, 36 lits): UNSAT in 0.17s
    cube 4023.250.231.156 (depth 3, 36 lits): UNSAT in 0.09s
    cube 4023.250.231.157 (depth 3, 36 lits): UNSAT in 0.54s
    cube 4023.250.231.158 (depth 3, 36 lits): UNSAT in 0.02s
    cube 4023.250.231.159 (depth 3, 36 lits): UNSAT in 0.07s
    cube 4023.250.231.160 (depth 3, 36 lits): UNSAT in 0.02s
    cube 4023.250.231.161 (depth 3, 36 lits): UNSAT in 0.23s
    cube 4023.250.231.162 (depth 3, 36 lits): UNSAT in 0.11s
    cube 4023.250.231.163 (depth 3, 36 lits): UNSAT in 0.38s
    cube 4023.250.231.164 (depth 3, 36 lits): UNSAT in 0.27s
    cube 4023.250.231.165 (depth 3, 36 lits): UNSAT in 5.27s
    cube 4023.250.231.166 (depth 3, 36 lits): UNSAT in 0.01s
    cube 4023.250.231.167 (depth 3, 36 lits): UNSAT in 0.02s
    cube 4023.250.231.168 (depth 3, 36 lits): UNSAT in 0.02s
    cube 4023.250.231.169 (depth 3, 36 lits): UNSAT in 0.03s
    cube 4023.250.231.170 (depth 3, 36 lits): UNSAT in 0.01s
    cube 4023.250.231.171 (depth 3, 36 lits): UNSAT in 0.03s
    cube 4023.250.231.172 (depth 3, 36 lits): UNSAT in 0.03s
    cube 4023.250.231.173 (depth 3, 36 lits): UNSAT in 0.07s
    cube 4023.250.231.174 (depth 3, 36 lits): UNSAT in 0.02s
    cube 4023.250.231.175 (depth 3, 36 lits): UNSAT in 0.05s
    cube 4023.250.231.176 (depth 3, 36 lits): UNSAT in 0.03s
    cube 4023.250.231.177 (depth 3, 36 lits): UNSAT in 0.10s
    cube 4023.250.231.178 (depth 3, 36 lits): UNSAT in 0.03s
    cube 4023.250.231.179 (depth 3, 36 lits): UNSAT in 0.04s
    cube 4023.250.231.180 (depth 3, 36 lits): UNSAT in 0.13s
    cube 4023.250.231.181 (depth 3, 36 lits): UNSAT in 0.41s
    cube 4023.250.231.182 (depth 3, 36 lits): UNSAT in 0.03s
    cube 4023.250.231.183 (depth 3, 36 lits): UNSAT in 0.03s
    cube 4023.250.231.184 (depth 3, 36 lits): UNSAT in 0.09s
    cube 4023.250.231.185 (depth 3, 36 lits): UNSAT in 0.24s
    cube 4023.250.231.186 (depth 3, 36 lits): UNSAT in 0.06s
    cube 4023.250.231.187 (depth 3, 36 lits): UNSAT in 0.25s
    cube 4023.250.231.188 (depth 3, 36 lits): UNSAT in 0.04s
    cube 4023.250.231.189 (depth 3, 36 lits): UNSAT in 0.52s
    cube 4023.250.231.190 (depth 3, 36 lits): UNSAT in 0.02s
    cube 4023.250.231.191 (depth 3, 36 lits): UNSAT in 0.02s
    cube 4023.250.231.192 (depth 3, 36 lits): UNSAT in 0.03s
    cube 4023.250.231.193 (depth 3, 36 lits): UNSAT in 0.09s
    cube 4023.250.231.194 (depth 3, 36 lits): UNSAT in 0.27s
    cube 4023.250.231.195 (depth 3, 36 lits): UNSAT in 0.45s
    cube 4023.250.231.196 (depth 3, 36 lits): UNSAT in 0.39s
    cube 4023.250.231.197 (depth 3, 36 lits): UNSAT in 4.09s
    cube 4023.250.231.198 (depth 3, 36 lits): UNSAT in 0.02s
    cube 4023.250.231.199 (depth 3, 36 lits): UNSAT in 0.02s
    cube 4023.250.231.200 (depth 3, 36 lits): UNSAT in 0.05s
    cube 4023.250.231.201 (depth 3, 36 lits): UNSAT in 0.06s
    cube 4023.250.231.202 (depth 3, 36 lits): UNSAT in 0.03s
    cube 4023.250.231.203 (depth 3, 36 lits): UNSAT in 0.04s
    cube 4023.250.231.204 (depth 3, 36 lits): UNSAT in 0.21s
    cube 4023.250.231.205 (depth 3, 36 lits): UNSAT in 0.25s
    cube 4023.250.231.206 (depth 3, 36 lits): UNSAT in 0.04s
    cube 4023.250.231.207 (depth 3, 36 lits): UNSAT in 0.17s
    cube 4023.250.231.208 (depth 3, 36 lits): UNSAT in 0.15s
    cube 4023.250.231.209 (depth 3, 36 lits): UNSAT in 1.17s
    cube 4023.250.231.210 (depth 3, 36 lits): UNSAT in 0.08s
    cube 4023.250.231.211 (depth 3, 36 lits): UNSAT in 0.95s
    cube 4023.250.231.212 (depth 3, 36 lits): UNSAT in 0.61s
    cube 4023.250.231.213 (depth 3, 36 lits): UNSAT in 1.74s
    cube 4023.250.231.214 (depth 3, 36 lits): UNSAT in 0.03s
    cube 4023.250.231.215 (depth 3, 36 lits): UNSAT in 0.16s
    cube 4023.250.231.216 (depth 3, 36 lits): UNSAT in 0.16s
    cube 4023.250.231.217 (depth 3, 36 lits): UNSAT in 0.74s
    cube 4023.250.231.218 (depth 3, 36 lits): UNSAT in 0.22s
    cube 4023.250.231.219 (depth 3, 36 lits): UNSAT in 1.69s
    cube 4023.250.231.220 (depth 3, 36 lits): UNSAT in 2.01s
    cube 4023.250.231.221 (depth 3, 36 lits): UNSAT in 5.58s
    cube 4023.250.231.222 (depth 3, 36 lits): UNSAT in 0.43s
    cube 4023.250.231.223 (depth 3, 36 lits): UNSAT in 2.04s
    cube 4023.250.231.224 (depth 3, 36 lits): UNSAT in 2.70s
    cube 4023.250.231.225 (depth 3, 36 lits): UNSAT in 12.34s
    cube 4023.250.231.226 (depth 3, 36 lits): UNSAT in 0.43s
    cube 4023.250.231.227 (depth 3, 36 lits): UNSAT in 1.83s
    cube 4023.250.231.228 (depth 3, 36 lits): UNSAT in 3.91s
    cube 4023.250.231.229 (depth 3, 36 lits): UNSAT in 12.39s

  shard 10 verdict: UNSAT (1 UNSAT, 0 unresolved) in 5448.7s
