  shard 3/24 (explicit): 1 of 4095 cubes, per-cube cap 1200.0s, re-split depth 7
    cube 3805 (depth 0, 12 lits): TIMEOUT in 1200.10s
    cube 3805 TIMEOUT -> re-split into 256 sub-cubes (depth 1)
    cube 3805.0 (depth 1, 20 lits): UNSAT in 0.02s
    cube 3805.1 (depth 1, 20 lits): UNSAT in 0.06s
    cube 3805.2 (depth 1, 20 lits): UNSAT in 0.07s
    cube 3805.3 (depth 1, 20 lits): UNSAT in 1.32s
    cube 3805.4 (depth 1, 20 lits): UNSAT in 0.10s
    cube 3805.5 (depth 1, 20 lits): UNSAT in 1.61s
    cube 3805.6 (depth 1, 20 lits): UNSAT in 1.52s
    cube 3805.7 (depth 1, 20 lits): UNSAT in 2.91s
    cube 3805.8 (depth 1, 20 lits): UNSAT in 0.53s
    cube 3805.9 (depth 1, 20 lits): UNSAT in 0.96s
    cube 3805.10 (depth 1, 20 lits): UNSAT in 0.70s
    cube 3805.11 (depth 1, 20 lits): UNSAT in 2.30s
    cube 3805.12 (depth 1, 20 lits): UNSAT in 0.94s
    cube 3805.13 (depth 1, 20 lits): UNSAT in 2.95s
    cube 3805.14 (depth 1, 20 lits): UNSAT in 2.39s
    cube 3805.15 (depth 1, 20 lits): UNSAT in 6.00s
    cube 3805.16 (depth 1, 20 lits): UNSAT in 0.11s
    cube 3805.17 (depth 1, 20 lits): UNSAT in 1.25s
    cube 3805.18 (depth 1, 20 lits): UNSAT in 1.47s
    cube 3805.19 (depth 1, 20 lits): UNSAT in 2.34s
    cube 3805.20 (depth 1, 20 lits): UNSAT in 0.37s
    cube 3805.21 (depth 1, 20 lits): UNSAT in 1.41s
    cube 3805.22 (depth 1, 20 lits): UNSAT in 1.49s
    cube 3805.23 (depth 1, 20 lits): UNSAT in 5.45s
    cube 3805.24 (depth 1, 20 lits): UNSAT in 0.42s
    cube 3805.25 (depth 1, 20 lits): UNSAT in 0.81s
    cube 3805.26 (depth 1, 20 lits): UNSAT in 0.83s
    cube 3805.27 (depth 1, 20 lits): UNSAT in 1.97s
    cube 3805.28 (depth 1, 20 lits): UNSAT in 1.82s
    cube 3805.29 (depth 1, 20 lits): UNSAT in 4.66s
    cube 3805.30 (depth 1, 20 lits): UNSAT in 5.38s
    cube 3805.31 (depth 1, 20 lits): UNSAT in 14.34s
    cube 3805.32 (depth 1, 20 lits): UNSAT in 0.07s
    cube 3805.33 (depth 1, 20 lits): UNSAT in 0.16s
    cube 3805.34 (depth 1, 20 lits): UNSAT in 0.19s
    cube 3805.35 (depth 1, 20 lits): UNSAT in 0.29s
    cube 3805.36 (depth 1, 20 lits): UNSAT in 0.07s
    cube 3805.37 (depth 1, 20 lits): UNSAT in 0.33s
    cube 3805.38 (depth 1, 20 lits): UNSAT in 0.77s
    cube 3805.39 (depth 1, 20 lits): UNSAT in 3.95s
    cube 3805.40 (depth 1, 20 lits): UNSAT in 0.23s
    cube 3805.41 (depth 1, 20 lits): UNSAT in 0.40s
    cube 3805.42 (depth 1, 20 lits): UNSAT in 0.33s
    cube 3805.43 (depth 1, 20 lits): UNSAT in 0.81s
    cube 3805.44 (depth 1, 20 lits): UNSAT in 1.55s
    cube 3805.45 (depth 1, 20 lits): UNSAT in 3.44s
    cube 3805.46 (depth 1, 20 lits): UNSAT in 3.57s
    cube 3805.47 (depth 1, 20 lits): UNSAT in 9.51s
    cube 3805.48 (depth 1, 20 lits): UNSAT in 0.19s
    cube 3805.49 (depth 1, 20 lits): UNSAT in 0.79s
    cube 3805.50 (depth 1, 20 lits): UNSAT in 0.55s
    cube 3805.51 (depth 1, 20 lits): UNSAT in 2.56s
    cube 3805.52 (depth 1, 20 lits): UNSAT in 1.31s
    cube 3805.53 (depth 1, 20 lits): UNSAT in 6.84s
    cube 3805.54 (depth 1, 20 lits): UNSAT in 1.98s
    cube 3805.55 (depth 1, 20 lits): UNSAT in 25.29s
    cube 3805.56 (depth 1, 20 lits): UNSAT in 1.32s
    cube 3805.57 (depth 1, 20 lits): UNSAT in 2.35s
    cube 3805.58 (depth 1, 20 lits): UNSAT in 2.33s
    cube 3805.59 (depth 1, 20 lits): UNSAT in 3.76s
    cube 3805.60 (depth 1, 20 lits): UNSAT in 1.38s
    cube 3805.61 (depth 1, 20 lits): UNSAT in 4.20s
    cube 3805.62 (depth 1, 20 lits): UNSAT in 11.60s
    cube 3805.63 (depth 1, 20 lits): UNSAT in 177.95s
    cube 3805.64 (depth 1, 20 lits): UNSAT in 0.07s
    cube 3805.65 (depth 1, 20 lits): UNSAT in 0.13s
    cube 3805.66 (depth 1, 20 lits): UNSAT in 0.17s
    cube 3805.67 (depth 1, 20 lits): UNSAT in 0.37s
    cube 3805.68 (depth 1, 20 lits): UNSAT in 0.17s
    cube 3805.69 (depth 1, 20 lits): UNSAT in 0.34s
    cube 3805.70 (depth 1, 20 lits): UNSAT in 0.52s
    cube 3805.71 (depth 1, 20 lits): UNSAT in 1.33s
    cube 3805.72 (depth 1, 20 lits): UNSAT in 0.47s
    cube 3805.73 (depth 1, 20 lits): UNSAT in 0.95s
    cube 3805.74 (depth 1, 20 lits): UNSAT in 0.91s
    cube 3805.75 (depth 1, 20 lits): UNSAT in 2.80s
    cube 3805.76 (depth 1, 20 lits): UNSAT in 0.52s
    cube 3805.77 (depth 1, 20 lits): UNSAT in 2.10s
    cube 3805.78 (depth 1, 20 lits): UNSAT in 2.06s
    cube 3805.79 (depth 1, 20 lits): UNSAT in 18.77s
    cube 3805.80 (depth 1, 20 lits): UNSAT in 0.18s
    cube 3805.81 (depth 1, 20 lits): UNSAT in 0.66s
    cube 3805.82 (depth 1, 20 lits): UNSAT in 0.46s
    cube 3805.83 (depth 1, 20 lits): UNSAT in 2.44s
    cube 3805.84 (depth 1, 20 lits): UNSAT in 0.50s
    cube 3805.85 (depth 1, 20 lits): UNSAT in 1.52s
    cube 3805.86 (depth 1, 20 lits): UNSAT in 1.75s
    cube 3805.87 (depth 1, 20 lits): UNSAT in 5.53s
    cube 3805.88 (depth 1, 20 lits): UNSAT in 0.53s
    cube 3805.89 (depth 1, 20 lits): UNSAT in 2.93s
    cube 3805.90 (depth 1, 20 lits): UNSAT in 1.07s
    cube 3805.91 (depth 1, 20 lits): UNSAT in 25.63s
    cube 3805.92 (depth 1, 20 lits): UNSAT in 2.81s
    cube 3805.93 (depth 1, 20 lits): UNSAT in 9.84s
    cube 3805.94 (depth 1, 20 lits): UNSAT in 7.28s
    cube 3805.95 (depth 1, 20 lits): UNSAT in 165.51s
    cube 3805.96 (depth 1, 20 lits): UNSAT in 0.19s
    cube 3805.97 (depth 1, 20 lits): UNSAT in 0.49s
    cube 3805.98 (depth 1, 20 lits): UNSAT in 0.19s
    cube 3805.99 (depth 1, 20 lits): UNSAT in 1.23s
    cube 3805.100 (depth 1, 20 lits): UNSAT in 0.14s
    cube 3805.101 (depth 1, 20 lits): UNSAT in 0.69s
    cube 3805.102 (depth 1, 20 lits): UNSAT in 0.43s
    cube 3805.103 (depth 1, 20 lits): UNSAT in 4.03s
    cube 3805.104 (depth 1, 20 lits): UNSAT in 0.09s
    cube 3805.105 (depth 1, 20 lits): UNSAT in 0.30s
    cube 3805.106 (depth 1, 20 lits): UNSAT in 0.29s
    cube 3805.107 (depth 1, 20 lits): UNSAT in 1.12s
    cube 3805.108 (depth 1, 20 lits): UNSAT in 0.69s
    cube 3805.109 (depth 1, 20 lits): UNSAT in 3.15s
    cube 3805.110 (depth 1, 20 lits): UNSAT in 3.25s
    cube 3805.111 (depth 1, 20 lits): UNSAT in 35.78s
    cube 3805.112 (depth 1, 20 lits): UNSAT in 0.14s
    cube 3805.113 (depth 1, 20 lits): UNSAT in 0.74s
    cube 3805.114 (depth 1, 20 lits): UNSAT in 0.70s
    cube 3805.115 (depth 1, 20 lits): UNSAT in 3.10s
    cube 3805.116 (depth 1, 20 lits): UNSAT in 0.84s
    cube 3805.117 (depth 1, 20 lits): UNSAT in 2.19s
    cube 3805.118 (depth 1, 20 lits): UNSAT in 1.65s
    cube 3805.119 (depth 1, 20 lits): UNSAT in 25.84s
    cube 3805.120 (depth 1, 20 lits): UNSAT in 0.37s
    cube 3805.121 (depth 1, 20 lits): UNSAT in 3.33s
    cube 3805.122 (depth 1, 20 lits): UNSAT in 2.79s
    cube 3805.123 (depth 1, 20 lits): UNSAT in 50.03s
    cube 3805.124 (depth 1, 20 lits): UNSAT in 13.70s
    cube 3805.125 (depth 1, 20 lits): UNSAT in 486.64s
    cube 3805.126 (depth 1, 20 lits): UNSAT in 450.91s
    cube 3805.127 (depth 1, 20 lits): TIMEOUT in 1200.10s
    cube 3805.127 TIMEOUT -> re-split into 256 sub-cubes (depth 2)
    cube 3805.127.0 (depth 2, 28 lits): UNSAT in 0.02s
    cube 3805.127.1 (depth 2, 28 lits): UNSAT in 0.02s
    cube 3805.127.2 (depth 2, 28 lits): UNSAT in 0.02s
    cube 3805.127.3 (depth 2, 28 lits): UNSAT in 0.02s
    cube 3805.127.4 (depth 2, 28 lits): UNSAT in 0.01s
    cube 3805.127.5 (depth 2, 28 lits): UNSAT in 0.02s
    cube 3805.127.6 (depth 2, 28 lits): UNSAT in 0.02s
    cube 3805.127.7 (depth 2, 28 lits): UNSAT in 0.04s
    cube 3805.127.8 (depth 2, 28 lits): UNSAT in 0.01s
    cube 3805.127.9 (depth 2, 28 lits): UNSAT in 0.02s
    cube 3805.127.10 (depth 2, 28 lits): UNSAT in 0.02s
    cube 3805.127.11 (depth 2, 28 lits): UNSAT in 0.04s
    cube 3805.127.12 (depth 2, 28 lits): UNSAT in 0.03s
    cube 3805.127.13 (depth 2, 28 lits): UNSAT in 0.09s
    cube 3805.127.14 (depth 2, 28 lits): UNSAT in 0.08s
    cube 3805.127.15 (depth 2, 28 lits): UNSAT in 0.13s
    cube 3805.127.16 (depth 2, 28 lits): UNSAT in 0.02s
    cube 3805.127.17 (depth 2, 28 lits): UNSAT in 0.02s
    cube 3805.127.18 (depth 2, 28 lits): UNSAT in 0.03s
    cube 3805.127.19 (depth 2, 28 lits): UNSAT in 0.08s
    cube 3805.127.20 (depth 2, 28 lits): UNSAT in 0.03s
    cube 3805.127.21 (depth 2, 28 lits): UNSAT in 0.06s
    cube 3805.127.22 (depth 2, 28 lits): UNSAT in 0.03s
    cube 3805.127.23 (depth 2, 28 lits): UNSAT in 0.11s
    cube 3805.127.24 (depth 2, 28 lits): UNSAT in 0.04s
    cube 3805.127.25 (depth 2, 28 lits): UNSAT in 0.04s
    cube 3805.127.26 (depth 2, 28 lits): UNSAT in 0.03s
    cube 3805.127.27 (depth 2, 28 lits): UNSAT in 0.19s
    cube 3805.127.28 (depth 2, 28 lits): UNSAT in 0.12s
    cube 3805.127.29 (depth 2, 28 lits): UNSAT in 0.35s
    cube 3805.127.30 (depth 2, 28 lits): UNSAT in 0.44s
    cube 3805.127.31 (depth 2, 28 lits): UNSAT in 0.71s
    cube 3805.127.32 (depth 2, 28 lits): UNSAT in 0.02s
    cube 3805.127.33 (depth 2, 28 lits): UNSAT in 0.05s
    cube 3805.127.34 (depth 2, 28 lits): UNSAT in 0.10s
    cube 3805.127.35 (depth 2, 28 lits): UNSAT in 0.14s
    cube 3805.127.36 (depth 2, 28 lits): UNSAT in 0.11s
    cube 3805.127.37 (depth 2, 28 lits): UNSAT in 0.18s
    cube 3805.127.38 (depth 2, 28 lits): UNSAT in 0.30s
    cube 3805.127.39 (depth 2, 28 lits): UNSAT in 0.44s
    cube 3805.127.40 (depth 2, 28 lits): UNSAT in 0.04s
    cube 3805.127.41 (depth 2, 28 lits): UNSAT in 0.04s
    cube 3805.127.42 (depth 2, 28 lits): UNSAT in 0.06s
    cube 3805.127.43 (depth 2, 28 lits): UNSAT in 0.09s
    cube 3805.127.44 (depth 2, 28 lits): UNSAT in 0.12s
    cube 3805.127.45 (depth 2, 28 lits): UNSAT in 0.35s
    cube 3805.127.46 (depth 2, 28 lits): UNSAT in 0.18s
    cube 3805.127.47 (depth 2, 28 lits): UNSAT in 0.58s
    cube 3805.127.48 (depth 2, 28 lits): UNSAT in 0.05s
    cube 3805.127.49 (depth 2, 28 lits): UNSAT in 0.09s
    cube 3805.127.50 (depth 2, 28 lits): UNSAT in 0.10s
    cube 3805.127.51 (depth 2, 28 lits): UNSAT in 0.15s
    cube 3805.127.52 (depth 2, 28 lits): UNSAT in 0.09s
    cube 3805.127.53 (depth 2, 28 lits): UNSAT in 0.16s
    cube 3805.127.54 (depth 2, 28 lits): UNSAT in 0.20s
    cube 3805.127.55 (depth 2, 28 lits): UNSAT in 0.86s
    cube 3805.127.56 (depth 2, 28 lits): UNSAT in 0.13s
    cube 3805.127.57 (depth 2, 28 lits): UNSAT in 0.29s
    cube 3805.127.58 (depth 2, 28 lits): UNSAT in 0.26s
    cube 3805.127.59 (depth 2, 28 lits): UNSAT in 0.75s
    cube 3805.127.60 (depth 2, 28 lits): UNSAT in 0.20s
    cube 3805.127.61 (depth 2, 28 lits): UNSAT in 1.31s
    cube 3805.127.62 (depth 2, 28 lits): UNSAT in 1.40s
    cube 3805.127.63 (depth 2, 28 lits): UNSAT in 10.01s
    cube 3805.127.64 (depth 2, 28 lits): UNSAT in 0.05s
    cube 3805.127.65 (depth 2, 28 lits): UNSAT in 0.07s
    cube 3805.127.66 (depth 2, 28 lits): UNSAT in 0.06s
    cube 3805.127.67 (depth 2, 28 lits): UNSAT in 0.10s
    cube 3805.127.68 (depth 2, 28 lits): UNSAT in 0.09s
    cube 3805.127.69 (depth 2, 28 lits): UNSAT in 0.14s
    cube 3805.127.70 (depth 2, 28 lits): UNSAT in 0.17s
    cube 3805.127.71 (depth 2, 28 lits): UNSAT in 0.24s
    cube 3805.127.72 (depth 2, 28 lits): UNSAT in 0.05s
    cube 3805.127.73 (depth 2, 28 lits): UNSAT in 0.11s
    cube 3805.127.74 (depth 2, 28 lits): UNSAT in 0.08s
    cube 3805.127.75 (depth 2, 28 lits): UNSAT in 0.34s
    cube 3805.127.76 (depth 2, 28 lits): UNSAT in 0.18s
    cube 3805.127.77 (depth 2, 28 lits): UNSAT in 0.30s
    cube 3805.127.78 (depth 2, 28 lits): UNSAT in 0.34s
    cube 3805.127.79 (depth 2, 28 lits): UNSAT in 0.29s
    cube 3805.127.80 (depth 2, 28 lits): UNSAT in 0.10s
    cube 3805.127.81 (depth 2, 28 lits): UNSAT in 0.13s
    cube 3805.127.82 (depth 2, 28 lits): UNSAT in 0.17s
    cube 3805.127.83 (depth 2, 28 lits): UNSAT in 0.41s
    cube 3805.127.84 (depth 2, 28 lits): UNSAT in 0.12s
    cube 3805.127.85 (depth 2, 28 lits): UNSAT in 0.72s
    cube 3805.127.86 (depth 2, 28 lits): UNSAT in 0.52s
    cube 3805.127.87 (depth 2, 28 lits): UNSAT in 1.63s
    cube 3805.127.88 (depth 2, 28 lits): UNSAT in 0.10s
    cube 3805.127.89 (depth 2, 28 lits): UNSAT in 0.55s
    cube 3805.127.90 (depth 2, 28 lits): UNSAT in 0.81s
    cube 3805.127.91 (depth 2, 28 lits): UNSAT in 1.85s
    cube 3805.127.92 (depth 2, 28 lits): UNSAT in 0.31s
    cube 3805.127.93 (depth 2, 28 lits): UNSAT in 1.06s
    cube 3805.127.94 (depth 2, 28 lits): UNSAT in 1.62s
    cube 3805.127.95 (depth 2, 28 lits): UNSAT in 7.40s
    cube 3805.127.96 (depth 2, 28 lits): UNSAT in 0.03s
    cube 3805.127.97 (depth 2, 28 lits): UNSAT in 0.12s
    cube 3805.127.98 (depth 2, 28 lits): UNSAT in 0.13s
    cube 3805.127.99 (depth 2, 28 lits): UNSAT in 0.18s
    cube 3805.127.100 (depth 2, 28 lits): UNSAT in 0.17s
    cube 3805.127.101 (depth 2, 28 lits): UNSAT in 0.13s
    cube 3805.127.102 (depth 2, 28 lits): UNSAT in 0.08s
    cube 3805.127.103 (depth 2, 28 lits): UNSAT in 0.38s
    cube 3805.127.104 (depth 2, 28 lits): UNSAT in 0.03s
    cube 3805.127.105 (depth 2, 28 lits): UNSAT in 0.05s
    cube 3805.127.106 (depth 2, 28 lits): UNSAT in 0.03s
    cube 3805.127.107 (depth 2, 28 lits): UNSAT in 0.61s
    cube 3805.127.108 (depth 2, 28 lits): UNSAT in 0.09s
    cube 3805.127.109 (depth 2, 28 lits): UNSAT in 0.39s
    cube 3805.127.110 (depth 2, 28 lits): UNSAT in 0.52s
    cube 3805.127.111 (depth 2, 28 lits): UNSAT in 5.38s
    cube 3805.127.112 (depth 2, 28 lits): UNSAT in 0.04s
    cube 3805.127.113 (depth 2, 28 lits): UNSAT in 0.07s
    cube 3805.127.114 (depth 2, 28 lits): UNSAT in 0.36s
    cube 3805.127.115 (depth 2, 28 lits): UNSAT in 0.98s
    cube 3805.127.116 (depth 2, 28 lits): UNSAT in 0.05s
    cube 3805.127.117 (depth 2, 28 lits): UNSAT in 0.16s
    cube 3805.127.118 (depth 2, 28 lits): UNSAT in 0.46s
    cube 3805.127.119 (depth 2, 28 lits): UNSAT in 4.25s
    cube 3805.127.120 (depth 2, 28 lits): UNSAT in 0.67s
    cube 3805.127.121 (depth 2, 28 lits): UNSAT in 1.00s
    cube 3805.127.122 (depth 2, 28 lits): UNSAT in 0.59s
    cube 3805.127.123 (depth 2, 28 lits): UNSAT in 2.48s
    cube 3805.127.124 (depth 2, 28 lits): UNSAT in 0.33s
    cube 3805.127.125 (depth 2, 28 lits): UNSAT in 11.71s
    cube 3805.127.126 (depth 2, 28 lits): UNSAT in 6.97s
    cube 3805.127.127 (depth 2, 28 lits): UNSAT in 74.68s
    cube 3805.127.128 (depth 2, 28 lits): UNSAT in 0.14s
    cube 3805.127.129 (depth 2, 28 lits): UNSAT in 0.43s
    cube 3805.127.130 (depth 2, 28 lits): UNSAT in 0.29s
    cube 3805.127.131 (depth 2, 28 lits): UNSAT in 0.68s
    cube 3805.127.132 (depth 2, 28 lits): UNSAT in 0.20s
    cube 3805.127.133 (depth 2, 28 lits): UNSAT in 0.31s
    cube 3805.127.134 (depth 2, 28 lits): UNSAT in 0.63s
    cube 3805.127.135 (depth 2, 28 lits): UNSAT in 1.26s
    cube 3805.127.136 (depth 2, 28 lits): UNSAT in 0.05s
    cube 3805.127.137 (depth 2, 28 lits): UNSAT in 0.12s
    cube 3805.127.138 (depth 2, 28 lits): UNSAT in 0.92s
    cube 3805.127.139 (depth 2, 28 lits): UNSAT in 0.88s
    cube 3805.127.140 (depth 2, 28 lits): UNSAT in 0.65s
    cube 3805.127.141 (depth 2, 28 lits): UNSAT in 1.78s
    cube 3805.127.142 (depth 2, 28 lits): UNSAT in 1.62s
    cube 3805.127.143 (depth 2, 28 lits): UNSAT in 1.03s
    cube 3805.127.144 (depth 2, 28 lits): UNSAT in 0.22s
    cube 3805.127.145 (depth 2, 28 lits): UNSAT in 0.37s
    cube 3805.127.146 (depth 2, 28 lits): UNSAT in 0.22s
    cube 3805.127.147 (depth 2, 28 lits): UNSAT in 1.06s
    cube 3805.127.148 (depth 2, 28 lits): UNSAT in 0.30s
    cube 3805.127.149 (depth 2, 28 lits): UNSAT in 1.03s
    cube 3805.127.150 (depth 2, 28 lits): UNSAT in 1.44s
    cube 3805.127.151 (depth 2, 28 lits): UNSAT in 3.46s
    cube 3805.127.152 (depth 2, 28 lits): UNSAT in 0.32s
    cube 3805.127.153 (depth 2, 28 lits): UNSAT in 2.02s
    cube 3805.127.154 (depth 2, 28 lits): UNSAT in 1.17s
    cube 3805.127.155 (depth 2, 28 lits): UNSAT in 3.46s
    cube 3805.127.156 (depth 2, 28 lits): UNSAT in 0.84s
    cube 3805.127.157 (depth 2, 28 lits): UNSAT in 3.23s
    cube 3805.127.158 (depth 2, 28 lits): UNSAT in 3.04s
    cube 3805.127.159 (depth 2, 28 lits): UNSAT in 7.03s
    cube 3805.127.160 (depth 2, 28 lits): UNSAT in 0.27s
    cube 3805.127.161 (depth 2, 28 lits): UNSAT in 0.31s
    cube 3805.127.162 (depth 2, 28 lits): UNSAT in 0.48s
    cube 3805.127.163 (depth 2, 28 lits): UNSAT in 1.24s
    cube 3805.127.164 (depth 2, 28 lits): UNSAT in 0.14s
    cube 3805.127.165 (depth 2, 28 lits): UNSAT in 0.44s
    cube 3805.127.166 (depth 2, 28 lits): UNSAT in 0.70s
    cube 3805.127.167 (depth 2, 28 lits): UNSAT in 2.07s
    cube 3805.127.168 (depth 2, 28 lits): UNSAT in 0.37s
    cube 3805.127.169 (depth 2, 28 lits): UNSAT in 1.48s
    cube 3805.127.170 (depth 2, 28 lits): UNSAT in 2.52s
    cube 3805.127.171 (depth 2, 28 lits): UNSAT in 5.23s
    cube 3805.127.172 (depth 2, 28 lits): UNSAT in 1.71s
    cube 3805.127.173 (depth 2, 28 lits): UNSAT in 2.74s
    cube 3805.127.174 (depth 2, 28 lits): UNSAT in 3.78s
    cube 3805.127.175 (depth 2, 28 lits): UNSAT in 15.38s
    cube 3805.127.176 (depth 2, 28 lits): UNSAT in 0.31s
    cube 3805.127.177 (depth 2, 28 lits): UNSAT in 0.57s
    cube 3805.127.178 (depth 2, 28 lits): UNSAT in 0.99s
    cube 3805.127.179 (depth 2, 28 lits): UNSAT in 5.71s
    cube 3805.127.180 (depth 2, 28 lits): UNSAT in 1.11s
    cube 3805.127.181 (depth 2, 28 lits): UNSAT in 4.98s
    cube 3805.127.182 (depth 2, 28 lits): UNSAT in 3.60s
    cube 3805.127.183 (depth 2, 28 lits): UNSAT in 6.36s
    cube 3805.127.184 (depth 2, 28 lits): UNSAT in 3.23s
    cube 3805.127.185 (depth 2, 28 lits): UNSAT in 7.74s
    cube 3805.127.186 (depth 2, 28 lits): UNSAT in 3.80s
    cube 3805.127.187 (depth 2, 28 lits): UNSAT in 22.27s
    cube 3805.127.188 (depth 2, 28 lits): UNSAT in 3.42s
    cube 3805.127.189 (depth 2, 28 lits): UNSAT in 33.42s
    cube 3805.127.190 (depth 2, 28 lits): UNSAT in 15.12s
    cube 3805.127.191 (depth 2, 28 lits): UNSAT in 203.87s
    cube 3805.127.192 (depth 2, 28 lits): UNSAT in 0.02s
    cube 3805.127.193 (depth 2, 28 lits): UNSAT in 0.08s
    cube 3805.127.194 (depth 2, 28 lits): UNSAT in 0.08s
    cube 3805.127.195 (depth 2, 28 lits): UNSAT in 0.30s
    cube 3805.127.196 (depth 2, 28 lits): UNSAT in 0.15s
    cube 3805.127.197 (depth 2, 28 lits): UNSAT in 0.33s
    cube 3805.127.198 (depth 2, 28 lits): UNSAT in 0.18s
    cube 3805.127.199 (depth 2, 28 lits): UNSAT in 2.68s
    cube 3805.127.200 (depth 2, 28 lits): UNSAT in 0.25s
    cube 3805.127.201 (depth 2, 28 lits): UNSAT in 0.73s
    cube 3805.127.202 (depth 2, 28 lits): UNSAT in 0.20s
    cube 3805.127.203 (depth 2, 28 lits): UNSAT in 1.43s
    cube 3805.127.204 (depth 2, 28 lits): UNSAT in 0.27s
    cube 3805.127.205 (depth 2, 28 lits): UNSAT in 2.92s
    cube 3805.127.206 (depth 2, 28 lits): UNSAT in 2.92s
    cube 3805.127.207 (depth 2, 28 lits): UNSAT in 14.48s
    cube 3805.127.208 (depth 2, 28 lits): UNSAT in 0.08s
    cube 3805.127.209 (depth 2, 28 lits): UNSAT in 0.82s
    cube 3805.127.210 (depth 2, 28 lits): UNSAT in 0.82s
    cube 3805.127.211 (depth 2, 28 lits): UNSAT in 1.80s
    cube 3805.127.212 (depth 2, 28 lits): UNSAT in 1.26s
    cube 3805.127.213 (depth 2, 28 lits): UNSAT in 3.56s
    cube 3805.127.214 (depth 2, 28 lits): UNSAT in 1.79s
    cube 3805.127.215 (depth 2, 28 lits): UNSAT in 17.44s
    cube 3805.127.216 (depth 2, 28 lits): UNSAT in 0.69s
    cube 3805.127.217 (depth 2, 28 lits): UNSAT in 3.12s
    cube 3805.127.218 (depth 2, 28 lits): UNSAT in 0.94s
    cube 3805.127.219 (depth 2, 28 lits): UNSAT in 6.84s
    cube 3805.127.220 (depth 2, 28 lits): UNSAT in 2.71s
    cube 3805.127.221 (depth 2, 28 lits): UNSAT in 21.34s
    cube 3805.127.222 (depth 2, 28 lits): UNSAT in 9.94s
    cube 3805.127.223 (depth 2, 28 lits): UNSAT in 294.61s
    cube 3805.127.224 (depth 2, 28 lits): UNSAT in 0.15s
    cube 3805.127.225 (depth 2, 28 lits): UNSAT in 0.61s
    cube 3805.127.226 (depth 2, 28 lits): UNSAT in 0.32s
    cube 3805.127.227 (depth 2, 28 lits): UNSAT in 2.45s
    cube 3805.127.228 (depth 2, 28 lits): UNSAT in 0.63s
    cube 3805.127.229 (depth 2, 28 lits): UNSAT in 3.78s
    cube 3805.127.230 (depth 2, 28 lits): UNSAT in 2.70s
    cube 3805.127.231 (depth 2, 28 lits): UNSAT in 21.89s
    cube 3805.127.232 (depth 2, 28 lits): UNSAT in 0.39s
    cube 3805.127.233 (depth 2, 28 lits): UNSAT in 1.62s
    cube 3805.127.234 (depth 2, 28 lits): UNSAT in 2.52s
    cube 3805.127.235 (depth 2, 28 lits): UNSAT in 20.89s
    cube 3805.127.236 (depth 2, 28 lits): UNSAT in 1.81s
    cube 3805.127.237 (depth 2, 28 lits): UNSAT in 22.29s
    cube 3805.127.238 (depth 2, 28 lits): UNSAT in 18.93s
    cube 3805.127.239 (depth 2, 28 lits): UNSAT in 570.80s
    cube 3805.127.240 (depth 2, 28 lits): UNSAT in 0.31s
    cube 3805.127.241 (depth 2, 28 lits): UNSAT in 0.69s
    cube 3805.127.242 (depth 2, 28 lits): UNSAT in 0.94s
    cube 3805.127.243 (depth 2, 28 lits): UNSAT in 3.86s
    cube 3805.127.244 (depth 2, 28 lits): UNSAT in 1.24s
    cube 3805.127.245 (depth 2, 28 lits): UNSAT in 3.13s
    cube 3805.127.246 (depth 2, 28 lits): UNSAT in 6.34s
    cube 3805.127.247 (depth 2, 28 lits): UNSAT in 24.36s
    cube 3805.127.248 (depth 2, 28 lits): UNSAT in 0.77s
    cube 3805.127.249 (depth 2, 28 lits): UNSAT in 3.98s
    cube 3805.127.250 (depth 2, 28 lits): UNSAT in 5.13s
    cube 3805.127.251 (depth 2, 28 lits): UNSAT in 44.41s
    cube 3805.127.252 (depth 2, 28 lits): UNSAT in 3.47s
    cube 3805.127.253 (depth 2, 28 lits): UNSAT in 47.40s
    cube 3805.127.254 (depth 2, 28 lits): UNSAT in 33.93s
    cube 3805.127.255 (depth 2, 28 lits): UNSAT in 829.91s
    cube 3805.128 (depth 1, 20 lits): UNSAT in 0.02s
    cube 3805.129 (depth 1, 20 lits): UNSAT in 0.03s
    cube 3805.130 (depth 1, 20 lits): UNSAT in 0.03s
    cube 3805.131 (depth 1, 20 lits): UNSAT in 0.05s
    cube 3805.132 (depth 1, 20 lits): UNSAT in 0.02s
    cube 3805.133 (depth 1, 20 lits): UNSAT in 0.02s
    cube 3805.134 (depth 1, 20 lits): UNSAT in 0.04s
    cube 3805.135 (depth 1, 20 lits): UNSAT in 0.18s
    cube 3805.136 (depth 1, 20 lits): UNSAT in 0.03s
    cube 3805.137 (depth 1, 20 lits): UNSAT in 0.05s
    cube 3805.138 (depth 1, 20 lits): UNSAT in 0.05s
    cube 3805.139 (depth 1, 20 lits): UNSAT in 0.17s
    cube 3805.140 (depth 1, 20 lits): UNSAT in 0.03s
    cube 3805.141 (depth 1, 20 lits): UNSAT in 0.06s
    cube 3805.142 (depth 1, 20 lits): UNSAT in 0.29s
    cube 3805.143 (depth 1, 20 lits): UNSAT in 1.47s
    cube 3805.144 (depth 1, 20 lits): UNSAT in 0.06s
    cube 3805.145 (depth 1, 20 lits): UNSAT in 0.05s
    cube 3805.146 (depth 1, 20 lits): UNSAT in 0.26s
    cube 3805.147 (depth 1, 20 lits): UNSAT in 0.50s
    cube 3805.148 (depth 1, 20 lits): UNSAT in 0.19s
    cube 3805.149 (depth 1, 20 lits): UNSAT in 0.45s
    cube 3805.150 (depth 1, 20 lits): UNSAT in 0.66s
    cube 3805.151 (depth 1, 20 lits): UNSAT in 4.86s
    cube 3805.152 (depth 1, 20 lits): UNSAT in 0.87s
    cube 3805.153 (depth 1, 20 lits): UNSAT in 2.28s
    cube 3805.154 (depth 1, 20 lits): UNSAT in 0.58s
    cube 3805.155 (depth 1, 20 lits): UNSAT in 5.34s
    cube 3805.156 (depth 1, 20 lits): UNSAT in 0.41s
    cube 3805.157 (depth 1, 20 lits): UNSAT in 3.84s
    cube 3805.158 (depth 1, 20 lits): UNSAT in 3.64s
    cube 3805.159 (depth 1, 20 lits): UNSAT in 22.73s
    cube 3805.160 (depth 1, 20 lits): UNSAT in 0.28s
    cube 3805.161 (depth 1, 20 lits): UNSAT in 0.33s
    cube 3805.162 (depth 1, 20 lits): UNSAT in 0.38s
    cube 3805.163 (depth 1, 20 lits): UNSAT in 0.73s
    cube 3805.164 (depth 1, 20 lits): UNSAT in 0.25s
    cube 3805.165 (depth 1, 20 lits): UNSAT in 0.50s
    cube 3805.166 (depth 1, 20 lits): UNSAT in 0.97s
    cube 3805.167 (depth 1, 20 lits): UNSAT in 2.17s
    cube 3805.168 (depth 1, 20 lits): UNSAT in 0.80s
    cube 3805.169 (depth 1, 20 lits): UNSAT in 1.57s
    cube 3805.170 (depth 1, 20 lits): UNSAT in 0.60s
    cube 3805.171 (depth 1, 20 lits): UNSAT in 3.48s
    cube 3805.172 (depth 1, 20 lits): UNSAT in 1.22s
    cube 3805.173 (depth 1, 20 lits): UNSAT in 2.56s
    cube 3805.174 (depth 1, 20 lits): UNSAT in 2.16s
    cube 3805.175 (depth 1, 20 lits): UNSAT in 5.90s
    cube 3805.176 (depth 1, 20 lits): UNSAT in 0.39s
    cube 3805.177 (depth 1, 20 lits): UNSAT in 2.23s
    cube 3805.178 (depth 1, 20 lits): UNSAT in 2.31s
    cube 3805.179 (depth 1, 20 lits): UNSAT in 6.56s
    cube 3805.180 (depth 1, 20 lits): UNSAT in 2.00s
    cube 3805.181 (depth 1, 20 lits): UNSAT in 5.32s
    cube 3805.182 (depth 1, 20 lits): UNSAT in 7.44s
    cube 3805.183 (depth 1, 20 lits): UNSAT in 21.57s
    cube 3805.184 (depth 1, 20 lits): UNSAT in 3.43s
    cube 3805.185 (depth 1, 20 lits): UNSAT in 13.77s
    cube 3805.186 (depth 1, 20 lits): UNSAT in 8.49s
    cube 3805.187 (depth 1, 20 lits): UNSAT in 102.35s
    cube 3805.188 (depth 1, 20 lits): UNSAT in 3.84s
    cube 3805.189 (depth 1, 20 lits): UNSAT in 62.53s
    cube 3805.190 (depth 1, 20 lits): UNSAT in 88.74s
    cube 3805.191 (depth 1, 20 lits): UNSAT in 532.61s
    cube 3805.192 (depth 1, 20 lits): UNSAT in 0.09s
    cube 3805.193 (depth 1, 20 lits): UNSAT in 0.08s
    cube 3805.194 (depth 1, 20 lits): UNSAT in 0.11s
    cube 3805.195 (depth 1, 20 lits): UNSAT in 2.12s
    cube 3805.196 (depth 1, 20 lits): UNSAT in 0.70s
    cube 3805.197 (depth 1, 20 lits): UNSAT in 0.89s
    cube 3805.198 (depth 1, 20 lits): UNSAT in 0.55s
    cube 3805.199 (depth 1, 20 lits): UNSAT in 7.28s
    cube 3805.200 (depth 1, 20 lits): UNSAT in 0.09s
    cube 3805.201 (depth 1, 20 lits): UNSAT in 0.40s
    cube 3805.202 (depth 1, 20 lits): UNSAT in 0.24s
    cube 3805.203 (depth 1, 20 lits): UNSAT in 0.52s
    cube 3805.204 (depth 1, 20 lits): UNSAT in 1.21s
    cube 3805.205 (depth 1, 20 lits): UNSAT in 3.12s
    cube 3805.206 (depth 1, 20 lits): UNSAT in 2.96s
    cube 3805.207 (depth 1, 20 lits): UNSAT in 90.28s
    cube 3805.208 (depth 1, 20 lits): UNSAT in 0.64s
    cube 3805.209 (depth 1, 20 lits): UNSAT in 0.77s
    cube 3805.210 (depth 1, 20 lits): UNSAT in 1.85s
    cube 3805.211 (depth 1, 20 lits): UNSAT in 4.87s
    cube 3805.212 (depth 1, 20 lits): UNSAT in 0.83s
    cube 3805.213 (depth 1, 20 lits): UNSAT in 2.28s
    cube 3805.214 (depth 1, 20 lits): UNSAT in 5.60s
    cube 3805.215 (depth 1, 20 lits): UNSAT in 42.75s
    cube 3805.216 (depth 1, 20 lits): UNSAT in 2.26s
    cube 3805.217 (depth 1, 20 lits): UNSAT in 4.69s
    cube 3805.218 (depth 1, 20 lits): UNSAT in 5.72s
    cube 3805.219 (depth 1, 20 lits): UNSAT in 110.45s
    cube 3805.220 (depth 1, 20 lits): UNSAT in 2.85s
    cube 3805.221 (depth 1, 20 lits): UNSAT in 64.29s
    cube 3805.222 (depth 1, 20 lits): UNSAT in 141.99s
    cube 3805.223 (depth 1, 20 lits): TIMEOUT in 1200.10s
    cube 3805.223 TIMEOUT -> re-split into 256 sub-cubes (depth 2)
    cube 3805.223.0 (depth 2, 28 lits): UNSAT in 0.04s
    cube 3805.223.1 (depth 2, 28 lits): UNSAT in 0.11s
    cube 3805.223.2 (depth 2, 28 lits): UNSAT in 0.16s
    cube 3805.223.3 (depth 2, 28 lits): UNSAT in 0.19s
    cube 3805.223.4 (depth 2, 28 lits): UNSAT in 0.10s
    cube 3805.223.5 (depth 2, 28 lits): UNSAT in 0.15s
    cube 3805.223.6 (depth 2, 28 lits): UNSAT in 0.21s
    cube 3805.223.7 (depth 2, 28 lits): UNSAT in 0.19s
    cube 3805.223.8 (depth 2, 28 lits): UNSAT in 0.15s
    cube 3805.223.9 (depth 2, 28 lits): UNSAT in 0.22s
    cube 3805.223.10 (depth 2, 28 lits): UNSAT in 0.17s
    cube 3805.223.11 (depth 2, 28 lits): UNSAT in 0.29s
    cube 3805.223.12 (depth 2, 28 lits): UNSAT in 0.22s
    cube 3805.223.13 (depth 2, 28 lits): UNSAT in 0.34s
    cube 3805.223.14 (depth 2, 28 lits): UNSAT in 0.31s
    cube 3805.223.15 (depth 2, 28 lits): UNSAT in 0.54s
    cube 3805.223.16 (depth 2, 28 lits): UNSAT in 0.04s
    cube 3805.223.17 (depth 2, 28 lits): UNSAT in 0.17s
    cube 3805.223.18 (depth 2, 28 lits): UNSAT in 0.25s
    cube 3805.223.19 (depth 2, 28 lits): UNSAT in 0.22s
    cube 3805.223.20 (depth 2, 28 lits): UNSAT in 0.31s
    cube 3805.223.21 (depth 2, 28 lits): UNSAT in 0.24s
    cube 3805.223.22 (depth 2, 28 lits): UNSAT in 0.27s
    cube 3805.223.23 (depth 2, 28 lits): UNSAT in 0.47s
    cube 3805.223.24 (depth 2, 28 lits): UNSAT in 0.17s
    cube 3805.223.25 (depth 2, 28 lits): UNSAT in 0.27s
    cube 3805.223.26 (depth 2, 28 lits): UNSAT in 0.19s
    cube 3805.223.27 (depth 2, 28 lits): UNSAT in 0.35s
    cube 3805.223.28 (depth 2, 28 lits): UNSAT in 0.21s
    cube 3805.223.29 (depth 2, 28 lits): UNSAT in 0.43s
    cube 3805.223.30 (depth 2, 28 lits): UNSAT in 0.47s
    cube 3805.223.31 (depth 2, 28 lits): UNSAT in 0.38s
    cube 3805.223.32 (depth 2, 28 lits): UNSAT in 0.02s
    cube 3805.223.33 (depth 2, 28 lits): UNSAT in 0.07s
    cube 3805.223.34 (depth 2, 28 lits): UNSAT in 0.16s
    cube 3805.223.35 (depth 2, 28 lits): UNSAT in 0.34s
    cube 3805.223.36 (depth 2, 28 lits): UNSAT in 0.06s
    cube 3805.223.37 (depth 2, 28 lits): UNSAT in 0.46s
    cube 3805.223.38 (depth 2, 28 lits): UNSAT in 0.64s
    cube 3805.223.39 (depth 2, 28 lits): UNSAT in 0.97s
    cube 3805.223.40 (depth 2, 28 lits): UNSAT in 0.27s
    cube 3805.223.41 (depth 2, 28 lits): UNSAT in 0.31s
    cube 3805.223.42 (depth 2, 28 lits): UNSAT in 0.86s
    cube 3805.223.43 (depth 2, 28 lits): UNSAT in 1.02s
    cube 3805.223.44 (depth 2, 28 lits): UNSAT in 0.41s
    cube 3805.223.45 (depth 2, 28 lits): UNSAT in 0.96s
    cube 3805.223.46 (depth 2, 28 lits): UNSAT in 0.73s
    cube 3805.223.47 (depth 2, 28 lits): UNSAT in 1.12s
    cube 3805.223.48 (depth 2, 28 lits): UNSAT in 0.18s
    cube 3805.223.49 (depth 2, 28 lits): UNSAT in 0.43s
    cube 3805.223.50 (depth 2, 28 lits): UNSAT in 0.28s
    cube 3805.223.51 (depth 2, 28 lits): UNSAT in 0.56s
    cube 3805.223.52 (depth 2, 28 lits): UNSAT in 0.27s
    cube 3805.223.53 (depth 2, 28 lits): UNSAT in 0.58s
    cube 3805.223.54 (depth 2, 28 lits): UNSAT in 0.61s
    cube 3805.223.55 (depth 2, 28 lits): UNSAT in 1.14s
    cube 3805.223.56 (depth 2, 28 lits): UNSAT in 0.34s
    cube 3805.223.57 (depth 2, 28 lits): UNSAT in 0.99s
    cube 3805.223.58 (depth 2, 28 lits): UNSAT in 1.04s
    cube 3805.223.59 (depth 2, 28 lits): UNSAT in 2.41s
    cube 3805.223.60 (depth 2, 28 lits): UNSAT in 0.85s
    cube 3805.223.61 (depth 2, 28 lits): UNSAT in 3.00s
    cube 3805.223.62 (depth 2, 28 lits): UNSAT in 1.58s
    cube 3805.223.63 (depth 2, 28 lits): UNSAT in 1.66s
    cube 3805.223.64 (depth 2, 28 lits): UNSAT in 0.06s
    cube 3805.223.65 (depth 2, 28 lits): UNSAT in 0.17s
    cube 3805.223.66 (depth 2, 28 lits): UNSAT in 0.22s
    cube 3805.223.67 (depth 2, 28 lits): UNSAT in 0.38s
    cube 3805.223.68 (depth 2, 28 lits): UNSAT in 0.24s
    cube 3805.223.69 (depth 2, 28 lits): UNSAT in 0.46s
    cube 3805.223.70 (depth 2, 28 lits): UNSAT in 0.40s
    cube 3805.223.71 (depth 2, 28 lits): UNSAT in 0.51s
    cube 3805.223.72 (depth 2, 28 lits): UNSAT in 0.13s
    cube 3805.223.73 (depth 2, 28 lits): UNSAT in 0.14s
    cube 3805.223.74 (depth 2, 28 lits): UNSAT in 0.29s
    cube 3805.223.75 (depth 2, 28 lits): UNSAT in 0.38s
    cube 3805.223.76 (depth 2, 28 lits): UNSAT in 0.22s
    cube 3805.223.77 (depth 2, 28 lits): UNSAT in 0.36s
    cube 3805.223.78 (depth 2, 28 lits): UNSAT in 0.35s
    cube 3805.223.79 (depth 2, 28 lits): UNSAT in 0.39s
    cube 3805.223.80 (depth 2, 28 lits): UNSAT in 0.14s
    cube 3805.223.81 (depth 2, 28 lits): UNSAT in 0.64s
    cube 3805.223.82 (depth 2, 28 lits): UNSAT in 0.51s
    cube 3805.223.83 (depth 2, 28 lits): UNSAT in 0.88s
    cube 3805.223.84 (depth 2, 28 lits): UNSAT in 0.28s
    cube 3805.223.85 (depth 2, 28 lits): UNSAT in 0.61s
    cube 3805.223.86 (depth 2, 28 lits): UNSAT in 0.90s
    cube 3805.223.87 (depth 2, 28 lits): UNSAT in 1.69s
    cube 3805.223.88 (depth 2, 28 lits): UNSAT in 0.05s
    cube 3805.223.89 (depth 2, 28 lits): UNSAT in 0.83s
    cube 3805.223.90 (depth 2, 28 lits): UNSAT in 0.64s
    cube 3805.223.91 (depth 2, 28 lits): UNSAT in 1.86s
    cube 3805.223.92 (depth 2, 28 lits): UNSAT in 0.31s
    cube 3805.223.93 (depth 2, 28 lits): UNSAT in 0.72s
    cube 3805.223.94 (depth 2, 28 lits): UNSAT in 0.92s
    cube 3805.223.95 (depth 2, 28 lits): UNSAT in 1.47s
    cube 3805.223.96 (depth 2, 28 lits): UNSAT in 0.28s
    cube 3805.223.97 (depth 2, 28 lits): UNSAT in 0.33s
    cube 3805.223.98 (depth 2, 28 lits): UNSAT in 0.59s
    cube 3805.223.99 (depth 2, 28 lits): UNSAT in 1.33s
    cube 3805.223.100 (depth 2, 28 lits): UNSAT in 0.33s
    cube 3805.223.101 (depth 2, 28 lits): UNSAT in 0.72s
    cube 3805.223.102 (depth 2, 28 lits): UNSAT in 0.61s
    cube 3805.223.103 (depth 2, 28 lits): UNSAT in 2.37s
    cube 3805.223.104 (depth 2, 28 lits): UNSAT in 0.47s
    cube 3805.223.105 (depth 2, 28 lits): UNSAT in 1.73s
    cube 3805.223.106 (depth 2, 28 lits): UNSAT in 1.03s
    cube 3805.223.107 (depth 2, 28 lits): UNSAT in 2.44s
    cube 3805.223.108 (depth 2, 28 lits): UNSAT in 1.36s
    cube 3805.223.109 (depth 2, 28 lits): UNSAT in 2.29s
    cube 3805.223.110 (depth 2, 28 lits): UNSAT in 1.39s
    cube 3805.223.111 (depth 2, 28 lits): UNSAT in 2.13s
    cube 3805.223.112 (depth 2, 28 lits): UNSAT in 0.41s
    cube 3805.223.113 (depth 2, 28 lits): UNSAT in 0.70s
    cube 3805.223.114 (depth 2, 28 lits): UNSAT in 0.85s
    cube 3805.223.115 (depth 2, 28 lits): UNSAT in 2.20s
    cube 3805.223.116 (depth 2, 28 lits): UNSAT in 0.65s
    cube 3805.223.117 (depth 2, 28 lits): UNSAT in 1.77s
    cube 3805.223.118 (depth 2, 28 lits): UNSAT in 2.47s
    cube 3805.223.119 (depth 2, 28 lits): UNSAT in 2.87s
    cube 3805.223.120 (depth 2, 28 lits): UNSAT in 1.20s
    cube 3805.223.121 (depth 2, 28 lits): UNSAT in 2.09s
    cube 3805.223.122 (depth 2, 28 lits): UNSAT in 3.17s
    cube 3805.223.123 (depth 2, 28 lits): UNSAT in 4.80s
    cube 3805.223.124 (depth 2, 28 lits): UNSAT in 4.95s
    cube 3805.223.125 (depth 2, 28 lits): UNSAT in 6.93s
    cube 3805.223.126 (depth 2, 28 lits): UNSAT in 7.59s
    cube 3805.223.127 (depth 2, 28 lits): UNSAT in 11.08s
    cube 3805.223.128 (depth 2, 28 lits): UNSAT in 0.16s
    cube 3805.223.129 (depth 2, 28 lits): UNSAT in 0.45s
    cube 3805.223.130 (depth 2, 28 lits): UNSAT in 0.03s
    cube 3805.223.131 (depth 2, 28 lits): UNSAT in 0.49s
    cube 3805.223.132 (depth 2, 28 lits): UNSAT in 0.10s
    cube 3805.223.133 (depth 2, 28 lits): UNSAT in 0.36s
    cube 3805.223.134 (depth 2, 28 lits): UNSAT in 0.56s
    cube 3805.223.135 (depth 2, 28 lits): UNSAT in 0.75s
    cube 3805.223.136 (depth 2, 28 lits): UNSAT in 0.42s
    cube 3805.223.137 (depth 2, 28 lits): UNSAT in 0.50s
    cube 3805.223.138 (depth 2, 28 lits): UNSAT in 0.57s
    cube 3805.223.139 (depth 2, 28 lits): UNSAT in 1.24s
    cube 3805.223.140 (depth 2, 28 lits): UNSAT in 0.24s
    cube 3805.223.141 (depth 2, 28 lits): UNSAT in 0.99s
    cube 3805.223.142 (depth 2, 28 lits): UNSAT in 0.84s
    cube 3805.223.143 (depth 2, 28 lits): UNSAT in 1.77s
    cube 3805.223.144 (depth 2, 28 lits): UNSAT in 0.03s
    cube 3805.223.145 (depth 2, 28 lits): UNSAT in 0.16s
    cube 3805.223.146 (depth 2, 28 lits): UNSAT in 0.39s
    cube 3805.223.147 (depth 2, 28 lits): UNSAT in 0.80s
    cube 3805.223.148 (depth 2, 28 lits): UNSAT in 0.95s
    cube 3805.223.149 (depth 2, 28 lits): UNSAT in 1.22s
    cube 3805.223.150 (depth 2, 28 lits): UNSAT in 2.01s
    cube 3805.223.151 (depth 2, 28 lits): UNSAT in 2.95s
    cube 3805.223.152 (depth 2, 28 lits): UNSAT in 0.38s
    cube 3805.223.153 (depth 2, 28 lits): UNSAT in 0.76s
    cube 3805.223.154 (depth 2, 28 lits): UNSAT in 0.83s
    cube 3805.223.155 (depth 2, 28 lits): UNSAT in 1.70s
    cube 3805.223.156 (depth 2, 28 lits): UNSAT in 1.40s
    cube 3805.223.157 (depth 2, 28 lits): UNSAT in 2.83s
    cube 3805.223.158 (depth 2, 28 lits): UNSAT in 2.60s
    cube 3805.223.159 (depth 2, 28 lits): UNSAT in 5.43s
    cube 3805.223.160 (depth 2, 28 lits): UNSAT in 0.18s
    cube 3805.223.161 (depth 2, 28 lits): UNSAT in 0.21s
    cube 3805.223.162 (depth 2, 28 lits): UNSAT in 0.16s
    cube 3805.223.163 (depth 2, 28 lits): UNSAT in 0.69s
    cube 3805.223.164 (depth 2, 28 lits): UNSAT in 0.54s
    cube 3805.223.165 (depth 2, 28 lits): UNSAT in 0.47s
    cube 3805.223.166 (depth 2, 28 lits): UNSAT in 0.77s
    cube 3805.223.167 (depth 2, 28 lits): UNSAT in 1.22s
    cube 3805.223.168 (depth 2, 28 lits): UNSAT in 0.62s
    cube 3805.223.169 (depth 2, 28 lits): UNSAT in 0.95s
    cube 3805.223.170 (depth 2, 28 lits): UNSAT in 0.86s
    cube 3805.223.171 (depth 2, 28 lits): UNSAT in 0.80s
    cube 3805.223.172 (depth 2, 28 lits): UNSAT in 0.79s
    cube 3805.223.173 (depth 2, 28 lits): UNSAT in 3.05s
    cube 3805.223.174 (depth 2, 28 lits): UNSAT in 3.36s
    cube 3805.223.175 (depth 2, 28 lits): UNSAT in 12.83s
    cube 3805.223.176 (depth 2, 28 lits): UNSAT in 0.32s
    cube 3805.223.177 (depth 2, 28 lits): UNSAT in 0.41s
    cube 3805.223.178 (depth 2, 28 lits): UNSAT in 0.60s
    cube 3805.223.179 (depth 2, 28 lits): UNSAT in 1.00s
    cube 3805.223.180 (depth 2, 28 lits): UNSAT in 0.78s
    cube 3805.223.181 (depth 2, 28 lits): UNSAT in 2.99s
    cube 3805.223.182 (depth 2, 28 lits): UNSAT in 1.77s
    cube 3805.223.183 (depth 2, 28 lits): UNSAT in 7.47s
    cube 3805.223.184 (depth 2, 28 lits): UNSAT in 0.78s
    cube 3805.223.185 (depth 2, 28 lits): UNSAT in 1.14s
    cube 3805.223.186 (depth 2, 28 lits): UNSAT in 4.50s
    cube 3805.223.187 (depth 2, 28 lits): UNSAT in 11.09s
    cube 3805.223.188 (depth 2, 28 lits): UNSAT in 5.40s
    cube 3805.223.189 (depth 2, 28 lits): UNSAT in 14.63s
    cube 3805.223.190 (depth 2, 28 lits): UNSAT in 16.54s
    cube 3805.223.191 (depth 2, 28 lits): UNSAT in 20.37s
    cube 3805.223.192 (depth 2, 28 lits): UNSAT in 0.12s
    cube 3805.223.193 (depth 2, 28 lits): UNSAT in 0.34s
    cube 3805.223.194 (depth 2, 28 lits): UNSAT in 0.44s
    cube 3805.223.195 (depth 2, 28 lits): UNSAT in 0.45s
    cube 3805.223.196 (depth 2, 28 lits): UNSAT in 0.33s
    cube 3805.223.197 (depth 2, 28 lits): UNSAT in 0.55s
    cube 3805.223.198 (depth 2, 28 lits): UNSAT in 0.39s
    cube 3805.223.199 (depth 2, 28 lits): UNSAT in 0.70s
    cube 3805.223.200 (depth 2, 28 lits): UNSAT in 0.67s
    cube 3805.223.201 (depth 2, 28 lits): UNSAT in 1.00s
    cube 3805.223.202 (depth 2, 28 lits): UNSAT in 0.87s
    cube 3805.223.203 (depth 2, 28 lits): UNSAT in 1.96s
    cube 3805.223.204 (depth 2, 28 lits): UNSAT in 0.95s
    cube 3805.223.205 (depth 2, 28 lits): UNSAT in 1.63s
    cube 3805.223.206 (depth 2, 28 lits): UNSAT in 2.07s
    cube 3805.223.207 (depth 2, 28 lits): UNSAT in 1.79s
    cube 3805.223.208 (depth 2, 28 lits): UNSAT in 0.37s
    cube 3805.223.209 (depth 2, 28 lits): UNSAT in 0.98s
    cube 3805.223.210 (depth 2, 28 lits): UNSAT in 1.08s
    cube 3805.223.211 (depth 2, 28 lits): UNSAT in 1.51s
    cube 3805.223.212 (depth 2, 28 lits): UNSAT in 0.26s
    cube 3805.223.213 (depth 2, 28 lits): UNSAT in 1.22s
    cube 3805.223.214 (depth 2, 28 lits): UNSAT in 2.45s
    cube 3805.223.215 (depth 2, 28 lits): UNSAT in 4.77s
    cube 3805.223.216 (depth 2, 28 lits): UNSAT in 0.68s
    cube 3805.223.217 (depth 2, 28 lits): UNSAT in 0.56s
    cube 3805.223.218 (depth 2, 28 lits): UNSAT in 2.40s
    cube 3805.223.219 (depth 2, 28 lits): UNSAT in 1.36s
    cube 3805.223.220 (depth 2, 28 lits): UNSAT in 0.68s
    cube 3805.223.221 (depth 2, 28 lits): UNSAT in 0.96s
    cube 3805.223.222 (depth 2, 28 lits): UNSAT in 2.29s
    cube 3805.223.223 (depth 2, 28 lits): UNSAT in 4.86s
    cube 3805.223.224 (depth 2, 28 lits): UNSAT in 0.25s
    cube 3805.223.225 (depth 2, 28 lits): UNSAT in 0.70s
    cube 3805.223.226 (depth 2, 28 lits): UNSAT in 0.26s
    cube 3805.223.227 (depth 2, 28 lits): UNSAT in 1.47s
    cube 3805.223.228 (depth 2, 28 lits): UNSAT in 0.43s
    cube 3805.223.229 (depth 2, 28 lits): UNSAT in 1.27s
    cube 3805.223.230 (depth 2, 28 lits): UNSAT in 1.23s
    cube 3805.223.231 (depth 2, 28 lits): UNSAT in 2.26s
    cube 3805.223.232 (depth 2, 28 lits): UNSAT in 0.35s
    cube 3805.223.233 (depth 2, 28 lits): UNSAT in 1.39s
    cube 3805.223.234 (depth 2, 28 lits): UNSAT in 1.80s
    cube 3805.223.235 (depth 2, 28 lits): UNSAT in 1.46s
    cube 3805.223.236 (depth 2, 28 lits): UNSAT in 0.78s
    cube 3805.223.237 (depth 2, 28 lits): UNSAT in 1.18s
    cube 3805.223.238 (depth 2, 28 lits): UNSAT in 2.45s
    cube 3805.223.239 (depth 2, 28 lits): UNSAT in 12.76s
    cube 3805.223.240 (depth 2, 28 lits): UNSAT in 0.93s
    cube 3805.223.241 (depth 2, 28 lits): UNSAT in 2.91s
    cube 3805.223.242 (depth 2, 28 lits): UNSAT in 3.44s
    cube 3805.223.243 (depth 2, 28 lits): UNSAT in 9.67s
    cube 3805.223.244 (depth 2, 28 lits): UNSAT in 1.47s
    cube 3805.223.245 (depth 2, 28 lits): UNSAT in 10.31s
    cube 3805.223.246 (depth 2, 28 lits): UNSAT in 15.01s
    cube 3805.223.247 (depth 2, 28 lits): UNSAT in 37.75s
    cube 3805.223.248 (depth 2, 28 lits): UNSAT in 1.87s
    cube 3805.223.249 (depth 2, 28 lits): UNSAT in 15.46s
    cube 3805.223.250 (depth 2, 28 lits): UNSAT in 11.69s
    cube 3805.223.251 (depth 2, 28 lits): UNSAT in 23.87s
    cube 3805.223.252 (depth 2, 28 lits): UNSAT in 2.21s
    cube 3805.223.253 (depth 2, 28 lits): UNSAT in 12.68s
    cube 3805.223.254 (depth 2, 28 lits): UNSAT in 16.14s
    cube 3805.223.255 (depth 2, 28 lits): UNSAT in 20.69s
    cube 3805.224 (depth 1, 20 lits): UNSAT in 1.01s
    cube 3805.225 (depth 1, 20 lits): UNSAT in 2.16s
    cube 3805.226 (depth 1, 20 lits): UNSAT in 1.40s
    cube 3805.227 (depth 1, 20 lits): UNSAT in 6.42s
    cube 3805.228 (depth 1, 20 lits): UNSAT in 6.94s
    cube 3805.229 (depth 1, 20 lits): UNSAT in 17.02s
    cube 3805.230 (depth 1, 20 lits): UNSAT in 13.32s
    cube 3805.231 (depth 1, 20 lits): UNSAT in 241.34s
    cube 3805.232 (depth 1, 20 lits): UNSAT in 7.05s
    cube 3805.233 (depth 1, 20 lits): UNSAT in 31.42s
    cube 3805.234 (depth 1, 20 lits): UNSAT in 3.62s
    cube 3805.235 (depth 1, 20 lits): UNSAT in 692.13s
    cube 3805.236 (depth 1, 20 lits): UNSAT in 20.85s
    cube 3805.237 (depth 1, 20 lits): UNSAT in 165.47s
    cube 3805.238 (depth 1, 20 lits): UNSAT in 234.39s
    cube 3805.239 (depth 1, 20 lits): TIMEOUT in 1200.10s
    cube 3805.239 TIMEOUT -> re-split into 256 sub-cubes (depth 2)
    cube 3805.239.0 (depth 2, 28 lits): UNSAT in 0.17s
    cube 3805.239.1 (depth 2, 28 lits): UNSAT in 0.15s
    cube 3805.239.2 (depth 2, 28 lits): UNSAT in 0.24s
    cube 3805.239.3 (depth 2, 28 lits): UNSAT in 0.25s
    cube 3805.239.4 (depth 2, 28 lits): UNSAT in 0.16s
    cube 3805.239.5 (depth 2, 28 lits): UNSAT in 0.11s
    cube 3805.239.6 (depth 2, 28 lits): UNSAT in 0.18s
    cube 3805.239.7 (depth 2, 28 lits): UNSAT in 0.47s
    cube 3805.239.8 (depth 2, 28 lits): UNSAT in 0.09s
    cube 3805.239.9 (depth 2, 28 lits): UNSAT in 0.14s
    cube 3805.239.10 (depth 2, 28 lits): UNSAT in 0.21s
    cube 3805.239.11 (depth 2, 28 lits): UNSAT in 0.55s
    cube 3805.239.12 (depth 2, 28 lits): UNSAT in 0.12s
    cube 3805.239.13 (depth 2, 28 lits): UNSAT in 0.16s
    cube 3805.239.14 (depth 2, 28 lits): UNSAT in 0.29s
    cube 3805.239.15 (depth 2, 28 lits): UNSAT in 0.40s
    cube 3805.239.16 (depth 2, 28 lits): UNSAT in 0.02s
    cube 3805.239.17 (depth 2, 28 lits): UNSAT in 0.16s
    cube 3805.239.18 (depth 2, 28 lits): UNSAT in 0.20s
    cube 3805.239.19 (depth 2, 28 lits): UNSAT in 0.25s
    cube 3805.239.20 (depth 2, 28 lits): UNSAT in 0.24s
    cube 3805.239.21 (depth 2, 28 lits): UNSAT in 0.34s
    cube 3805.239.22 (depth 2, 28 lits): UNSAT in 0.45s
    cube 3805.239.23 (depth 2, 28 lits): UNSAT in 0.59s
    cube 3805.239.24 (depth 2, 28 lits): UNSAT in 0.21s
    cube 3805.239.25 (depth 2, 28 lits): UNSAT in 0.66s
    cube 3805.239.26 (depth 2, 28 lits): UNSAT in 0.53s
    cube 3805.239.27 (depth 2, 28 lits): UNSAT in 0.94s
    cube 3805.239.28 (depth 2, 28 lits): UNSAT in 0.29s
    cube 3805.239.29 (depth 2, 28 lits): UNSAT in 0.59s
    cube 3805.239.30 (depth 2, 28 lits): UNSAT in 0.49s
    cube 3805.239.31 (depth 2, 28 lits): UNSAT in 0.85s
    cube 3805.239.32 (depth 2, 28 lits): UNSAT in 0.57s
    cube 3805.239.33 (depth 2, 28 lits): UNSAT in 0.94s
    cube 3805.239.34 (depth 2, 28 lits): UNSAT in 0.79s
    cube 3805.239.35 (depth 2, 28 lits): UNSAT in 1.58s
    cube 3805.239.36 (depth 2, 28 lits): UNSAT in 0.89s
    cube 3805.239.37 (depth 2, 28 lits): UNSAT in 2.09s
    cube 3805.239.38 (depth 2, 28 lits): UNSAT in 1.44s
    cube 3805.239.39 (depth 2, 28 lits): UNSAT in 2.31s
    cube 3805.239.40 (depth 2, 28 lits): UNSAT in 0.53s
    cube 3805.239.41 (depth 2, 28 lits): UNSAT in 1.50s
    cube 3805.239.42 (depth 2, 28 lits): UNSAT in 1.06s
    cube 3805.239.43 (depth 2, 28 lits): UNSAT in 2.14s
    cube 3805.239.44 (depth 2, 28 lits): UNSAT in 0.93s
    cube 3805.239.45 (depth 2, 28 lits): UNSAT in 2.52s
    cube 3805.239.46 (depth 2, 28 lits): UNSAT in 1.26s
    cube 3805.239.47 (depth 2, 28 lits): UNSAT in 5.25s
    cube 3805.239.48 (depth 2, 28 lits): UNSAT in 1.10s
    cube 3805.239.49 (depth 2, 28 lits): UNSAT in 1.06s
    cube 3805.239.50 (depth 2, 28 lits): UNSAT in 1.28s
    cube 3805.239.51 (depth 2, 28 lits): UNSAT in 1.32s
    cube 3805.239.52 (depth 2, 28 lits): UNSAT in 2.18s
    cube 3805.239.53 (depth 2, 28 lits): UNSAT in 2.97s
    cube 3805.239.54 (depth 2, 28 lits): UNSAT in 4.17s
    cube 3805.239.55 (depth 2, 28 lits): UNSAT in 5.64s
    cube 3805.239.56 (depth 2, 28 lits): UNSAT in 0.75s
    cube 3805.239.57 (depth 2, 28 lits): UNSAT in 2.03s
    cube 3805.239.58 (depth 2, 28 lits): UNSAT in 1.70s
    cube 3805.239.59 (depth 2, 28 lits): UNSAT in 6.40s
    cube 3805.239.60 (depth 2, 28 lits): UNSAT in 1.60s
    cube 3805.239.61 (depth 2, 28 lits): UNSAT in 4.31s
    cube 3805.239.62 (depth 2, 28 lits): UNSAT in 9.46s
    cube 3805.239.63 (depth 2, 28 lits): UNSAT in 6.98s
    cube 3805.239.64 (depth 2, 28 lits): UNSAT in 0.18s
    cube 3805.239.65 (depth 2, 28 lits): UNSAT in 0.17s
    cube 3805.239.66 (depth 2, 28 lits): UNSAT in 0.19s
    cube 3805.239.67 (depth 2, 28 lits): UNSAT in 0.37s
    cube 3805.239.68 (depth 2, 28 lits): UNSAT in 0.32s
    cube 3805.239.69 (depth 2, 28 lits): UNSAT in 0.39s
    cube 3805.239.70 (depth 2, 28 lits): UNSAT in 0.47s
    cube 3805.239.71 (depth 2, 28 lits): UNSAT in 0.52s
    cube 3805.239.72 (depth 2, 28 lits): UNSAT in 0.08s
    cube 3805.239.73 (depth 2, 28 lits): UNSAT in 0.33s
    cube 3805.239.74 (depth 2, 28 lits): UNSAT in 0.44s
    cube 3805.239.75 (depth 2, 28 lits): UNSAT in 0.44s
    cube 3805.239.76 (depth 2, 28 lits): UNSAT in 0.19s
    cube 3805.239.77 (depth 2, 28 lits): UNSAT in 0.57s
    cube 3805.239.78 (depth 2, 28 lits): UNSAT in 0.49s
    cube 3805.239.79 (depth 2, 28 lits): UNSAT in 1.27s
    cube 3805.239.80 (depth 2, 28 lits): UNSAT in 0.24s
    cube 3805.239.81 (depth 2, 28 lits): UNSAT in 0.54s
    cube 3805.239.82 (depth 2, 28 lits): UNSAT in 0.40s
    cube 3805.239.83 (depth 2, 28 lits): UNSAT in 0.85s
    cube 3805.239.84 (depth 2, 28 lits): UNSAT in 0.52s
    cube 3805.239.85 (depth 2, 28 lits): UNSAT in 0.73s
    cube 3805.239.86 (depth 2, 28 lits): UNSAT in 0.48s
    cube 3805.239.87 (depth 2, 28 lits): UNSAT in 1.39s
    cube 3805.239.88 (depth 2, 28 lits): UNSAT in 0.42s
    cube 3805.239.89 (depth 2, 28 lits): UNSAT in 1.66s
    cube 3805.239.90 (depth 2, 28 lits): UNSAT in 1.09s
    cube 3805.239.91 (depth 2, 28 lits): UNSAT in 4.32s
    cube 3805.239.92 (depth 2, 28 lits): UNSAT in 0.91s
    cube 3805.239.93 (depth 2, 28 lits): UNSAT in 2.11s
    cube 3805.239.94 (depth 2, 28 lits): UNSAT in 3.29s
    cube 3805.239.95 (depth 2, 28 lits): UNSAT in 5.78s
    cube 3805.239.96 (depth 2, 28 lits): UNSAT in 0.31s
    cube 3805.239.97 (depth 2, 28 lits): UNSAT in 0.34s
    cube 3805.239.98 (depth 2, 28 lits): UNSAT in 0.57s
    cube 3805.239.99 (depth 2, 28 lits): UNSAT in 0.94s
    cube 3805.239.100 (depth 2, 28 lits): UNSAT in 0.33s
    cube 3805.239.101 (depth 2, 28 lits): UNSAT in 0.61s
    cube 3805.239.102 (depth 2, 28 lits): UNSAT in 0.35s
    cube 3805.239.103 (depth 2, 28 lits): UNSAT in 0.59s
    cube 3805.239.104 (depth 2, 28 lits): UNSAT in 0.44s
    cube 3805.239.105 (depth 2, 28 lits): UNSAT in 0.42s
    cube 3805.239.106 (depth 2, 28 lits): UNSAT in 0.58s
    cube 3805.239.107 (depth 2, 28 lits): UNSAT in 1.14s
    cube 3805.239.108 (depth 2, 28 lits): UNSAT in 0.57s
    cube 3805.239.109 (depth 2, 28 lits): UNSAT in 1.61s
    cube 3805.239.110 (depth 2, 28 lits): UNSAT in 2.00s
    cube 3805.239.111 (depth 2, 28 lits): UNSAT in 4.84s
    cube 3805.239.112 (depth 2, 28 lits): UNSAT in 0.50s
    cube 3805.239.113 (depth 2, 28 lits): UNSAT in 0.95s
    cube 3805.239.114 (depth 2, 28 lits): UNSAT in 0.86s
    cube 3805.239.115 (depth 2, 28 lits): UNSAT in 1.78s
    cube 3805.239.116 (depth 2, 28 lits): UNSAT in 0.41s
    cube 3805.239.117 (depth 2, 28 lits): UNSAT in 3.84s
    cube 3805.239.118 (depth 2, 28 lits): UNSAT in 1.08s
    cube 3805.239.119 (depth 2, 28 lits): UNSAT in 11.81s
    cube 3805.239.120 (depth 2, 28 lits): UNSAT in 0.31s
    cube 3805.239.121 (depth 2, 28 lits): UNSAT in 2.16s
    cube 3805.239.122 (depth 2, 28 lits): UNSAT in 3.75s
    cube 3805.239.123 (depth 2, 28 lits): UNSAT in 24.41s
    cube 3805.239.124 (depth 2, 28 lits): UNSAT in 6.26s
    cube 3805.239.125 (depth 2, 28 lits): UNSAT in 14.15s
    cube 3805.239.126 (depth 2, 28 lits): UNSAT in 6.19s
    cube 3805.239.127 (depth 2, 28 lits): UNSAT in 12.12s
    cube 3805.239.128 (depth 2, 28 lits): UNSAT in 0.06s
    cube 3805.239.129 (depth 2, 28 lits): UNSAT in 0.20s
    cube 3805.239.130 (depth 2, 28 lits): UNSAT in 0.21s
    cube 3805.239.131 (depth 2, 28 lits): UNSAT in 0.24s
    cube 3805.239.132 (depth 2, 28 lits): UNSAT in 0.28s
    cube 3805.239.133 (depth 2, 28 lits): UNSAT in 0.71s
    cube 3805.239.134 (depth 2, 28 lits): UNSAT in 0.48s
    cube 3805.239.135 (depth 2, 28 lits): UNSAT in 1.31s
    cube 3805.239.136 (depth 2, 28 lits): UNSAT in 0.61s
    cube 3805.239.137 (depth 2, 28 lits): UNSAT in 1.72s
    cube 3805.239.138 (depth 2, 28 lits): UNSAT in 2.21s
    cube 3805.239.139 (depth 2, 28 lits): UNSAT in 2.03s
    cube 3805.239.140 (depth 2, 28 lits): UNSAT in 0.93s
    cube 3805.239.141 (depth 2, 28 lits): UNSAT in 2.26s
    cube 3805.239.142 (depth 2, 28 lits): UNSAT in 1.58s
    cube 3805.239.143 (depth 2, 28 lits): UNSAT in 4.04s
    cube 3805.239.144 (depth 2, 28 lits): UNSAT in 0.55s
    cube 3805.239.145 (depth 2, 28 lits): UNSAT in 0.97s
    cube 3805.239.146 (depth 2, 28 lits): UNSAT in 0.91s
    cube 3805.239.147 (depth 2, 28 lits): UNSAT in 1.18s
    cube 3805.239.148 (depth 2, 28 lits): UNSAT in 0.91s
    cube 3805.239.149 (depth 2, 28 lits): UNSAT in 1.53s
    cube 3805.239.150 (depth 2, 28 lits): UNSAT in 0.68s
    cube 3805.239.151 (depth 2, 28 lits): UNSAT in 3.17s
    cube 3805.239.152 (depth 2, 28 lits): UNSAT in 0.96s
    cube 3805.239.153 (depth 2, 28 lits): UNSAT in 1.36s
    cube 3805.239.154 (depth 2, 28 lits): UNSAT in 0.62s
    cube 3805.239.155 (depth 2, 28 lits): UNSAT in 1.16s
    cube 3805.239.156 (depth 2, 28 lits): UNSAT in 0.81s
    cube 3805.239.157 (depth 2, 28 lits): UNSAT in 3.87s
    cube 3805.239.158 (depth 2, 28 lits): UNSAT in 4.34s
    cube 3805.239.159 (depth 2, 28 lits): UNSAT in 4.55s
    cube 3805.239.160 (depth 2, 28 lits): UNSAT in 0.29s
    cube 3805.239.161 (depth 2, 28 lits): UNSAT in 0.34s
    cube 3805.239.162 (depth 2, 28 lits): UNSAT in 0.38s
    cube 3805.239.163 (depth 2, 28 lits): UNSAT in 0.83s
    cube 3805.239.164 (depth 2, 28 lits): UNSAT in 0.25s
    cube 3805.239.165 (depth 2, 28 lits): UNSAT in 0.37s
    cube 3805.239.166 (depth 2, 28 lits): UNSAT in 0.51s
    cube 3805.239.167 (depth 2, 28 lits): UNSAT in 1.77s
    cube 3805.239.168 (depth 2, 28 lits): UNSAT in 0.83s
    cube 3805.239.169 (depth 2, 28 lits): UNSAT in 1.29s
    cube 3805.239.170 (depth 2, 28 lits): UNSAT in 0.57s
    cube 3805.239.171 (depth 2, 28 lits): UNSAT in 1.82s
    cube 3805.239.172 (depth 2, 28 lits): UNSAT in 1.15s
    cube 3805.239.173 (depth 2, 28 lits): UNSAT in 4.27s
    cube 3805.239.174 (depth 2, 28 lits): UNSAT in 2.04s
    cube 3805.239.175 (depth 2, 28 lits): UNSAT in 3.48s
    cube 3805.239.176 (depth 2, 28 lits): UNSAT in 0.75s
    cube 3805.239.177 (depth 2, 28 lits): UNSAT in 1.63s
    cube 3805.239.178 (depth 2, 28 lits): UNSAT in 1.16s
    cube 3805.239.179 (depth 2, 28 lits): UNSAT in 2.67s
    cube 3805.239.180 (depth 2, 28 lits): UNSAT in 0.93s
    cube 3805.239.181 (depth 2, 28 lits): UNSAT in 2.44s
    cube 3805.239.182 (depth 2, 28 lits): UNSAT in 1.29s
    cube 3805.239.183 (depth 2, 28 lits): UNSAT in 4.16s
    cube 3805.239.184 (depth 2, 28 lits): UNSAT in 0.38s
    cube 3805.239.185 (depth 2, 28 lits): UNSAT in 1.18s
    cube 3805.239.186 (depth 2, 28 lits): UNSAT in 1.36s
    cube 3805.239.187 (depth 2, 28 lits): UNSAT in 1.71s
    cube 3805.239.188 (depth 2, 28 lits): UNSAT in 0.52s
    cube 3805.239.189 (depth 2, 28 lits): UNSAT in 0.91s
    cube 3805.239.190 (depth 2, 28 lits): UNSAT in 2.71s
    cube 3805.239.191 (depth 2, 28 lits): UNSAT in 2.63s
    cube 3805.239.192 (depth 2, 28 lits): UNSAT in 0.29s
    cube 3805.239.193 (depth 2, 28 lits): UNSAT in 1.57s
    cube 3805.239.194 (depth 2, 28 lits): UNSAT in 1.76s
    cube 3805.239.195 (depth 2, 28 lits): UNSAT in 2.93s
    cube 3805.239.196 (depth 2, 28 lits): UNSAT in 1.09s
    cube 3805.239.197 (depth 2, 28 lits): UNSAT in 1.82s
    cube 3805.239.198 (depth 2, 28 lits): UNSAT in 2.92s
    cube 3805.239.199 (depth 2, 28 lits): UNSAT in 6.60s
    cube 3805.239.200 (depth 2, 28 lits): UNSAT in 0.70s
    cube 3805.239.201 (depth 2, 28 lits): UNSAT in 3.20s
    cube 3805.239.202 (depth 2, 28 lits): UNSAT in 0.91s
    cube 3805.239.203 (depth 2, 28 lits): UNSAT in 5.50s
    cube 3805.239.204 (depth 2, 28 lits): UNSAT in 1.26s
    cube 3805.239.205 (depth 2, 28 lits): UNSAT in 4.82s
    cube 3805.239.206 (depth 2, 28 lits): UNSAT in 8.65s
    cube 3805.239.207 (depth 2, 28 lits): UNSAT in 16.94s
    cube 3805.239.208 (depth 2, 28 lits): UNSAT in 0.54s
    cube 3805.239.209 (depth 2, 28 lits): UNSAT in 1.10s
    cube 3805.239.210 (depth 2, 28 lits): UNSAT in 1.08s
    cube 3805.239.211 (depth 2, 28 lits): UNSAT in 2.87s
    cube 3805.239.212 (depth 2, 28 lits): UNSAT in 0.80s
    cube 3805.239.213 (depth 2, 28 lits): UNSAT in 1.10s
    cube 3805.239.214 (depth 2, 28 lits): UNSAT in 2.31s
    cube 3805.239.215 (depth 2, 28 lits): UNSAT in 2.40s
    cube 3805.239.216 (depth 2, 28 lits): UNSAT in 1.97s
    cube 3805.239.217 (depth 2, 28 lits): UNSAT in 5.13s
    cube 3805.239.218 (depth 2, 28 lits): UNSAT in 4.68s
    cube 3805.239.219 (depth 2, 28 lits): UNSAT in 8.20s
    cube 3805.239.220 (depth 2, 28 lits): UNSAT in 2.81s
    cube 3805.239.221 (depth 2, 28 lits): UNSAT in 4.47s
    cube 3805.239.222 (depth 2, 28 lits): UNSAT in 6.86s
    cube 3805.239.223 (depth 2, 28 lits): UNSAT in 32.63s
    cube 3805.239.224 (depth 2, 28 lits): UNSAT in 0.59s
    cube 3805.239.225 (depth 2, 28 lits): UNSAT in 0.65s
    cube 3805.239.226 (depth 2, 28 lits): UNSAT in 0.83s
    cube 3805.239.227 (depth 2, 28 lits): UNSAT in 1.60s
    cube 3805.239.228 (depth 2, 28 lits): UNSAT in 0.93s
    cube 3805.239.229 (depth 2, 28 lits): UNSAT in 3.49s
    cube 3805.239.230 (depth 2, 28 lits): UNSAT in 3.41s
    cube 3805.239.231 (depth 2, 28 lits): UNSAT in 9.48s
    cube 3805.239.232 (depth 2, 28 lits): UNSAT in 0.86s
    cube 3805.239.233 (depth 2, 28 lits): UNSAT in 1.04s
    cube 3805.239.234 (depth 2, 28 lits): UNSAT in 4.24s
    cube 3805.239.235 (depth 2, 28 lits): UNSAT in 8.14s
    cube 3805.239.236 (depth 2, 28 lits): UNSAT in 1.61s
    cube 3805.239.237 (depth 2, 28 lits): UNSAT in 3.45s
    cube 3805.239.238 (depth 2, 28 lits): UNSAT in 7.09s
    cube 3805.239.239 (depth 2, 28 lits): UNSAT in 9.26s
    cube 3805.239.240 (depth 2, 28 lits): UNSAT in 0.59s
    cube 3805.239.241 (depth 2, 28 lits): UNSAT in 4.03s
    cube 3805.239.242 (depth 2, 28 lits): UNSAT in 1.61s
    cube 3805.239.243 (depth 2, 28 lits): UNSAT in 13.14s
    cube 3805.239.244 (depth 2, 28 lits): UNSAT in 4.51s
    cube 3805.239.245 (depth 2, 28 lits): UNSAT in 11.66s
    cube 3805.239.246 (depth 2, 28 lits): UNSAT in 5.11s
    cube 3805.239.247 (depth 2, 28 lits): UNSAT in 12.93s
    cube 3805.239.248 (depth 2, 28 lits): UNSAT in 1.55s
    cube 3805.239.249 (depth 2, 28 lits): UNSAT in 16.74s
    cube 3805.239.250 (depth 2, 28 lits): UNSAT in 9.11s
    cube 3805.239.251 (depth 2, 28 lits): UNSAT in 30.20s
    cube 3805.239.252 (depth 2, 28 lits): UNSAT in 1.90s
    cube 3805.239.253 (depth 2, 28 lits): UNSAT in 19.88s
    cube 3805.239.254 (depth 2, 28 lits): UNSAT in 15.99s
    cube 3805.239.255 (depth 2, 28 lits): UNSAT in 38.08s
    cube 3805.240 (depth 1, 20 lits): UNSAT in 7.38s
    cube 3805.241 (depth 1, 20 lits): UNSAT in 29.53s
    cube 3805.242 (depth 1, 20 lits): UNSAT in 3.98s
    cube 3805.243 (depth 1, 20 lits): UNSAT in 471.91s
    cube 3805.244 (depth 1, 20 lits): UNSAT in 34.56s
    cube 3805.245 (depth 1, 20 lits): UNSAT in 256.40s
    cube 3805.246 (depth 1, 20 lits): UNSAT in 730.35s
    cube 3805.247 (depth 1, 20 lits): TIMEOUT in 1200.09s
    cube 3805.247 TIMEOUT -> re-split into 256 sub-cubes (depth 2)
    cube 3805.247.0 (depth 2, 28 lits): UNSAT in 0.05s
    cube 3805.247.1 (depth 2, 28 lits): UNSAT in 0.06s
    cube 3805.247.2 (depth 2, 28 lits): UNSAT in 0.02s
    cube 3805.247.3 (depth 2, 28 lits): UNSAT in 0.10s
    cube 3805.247.4 (depth 2, 28 lits): UNSAT in 0.02s
    cube 3805.247.5 (depth 2, 28 lits): UNSAT in 0.08s
    cube 3805.247.6 (depth 2, 28 lits): UNSAT in 0.05s
    cube 3805.247.7 (depth 2, 28 lits): UNSAT in 0.40s
    cube 3805.247.8 (depth 2, 28 lits): UNSAT in 0.06s
    cube 3805.247.9 (depth 2, 28 lits): UNSAT in 0.20s
    cube 3805.247.10 (depth 2, 28 lits): UNSAT in 0.29s
    cube 3805.247.11 (depth 2, 28 lits): UNSAT in 0.38s
    cube 3805.247.12 (depth 2, 28 lits): UNSAT in 0.27s
    cube 3805.247.13 (depth 2, 28 lits): UNSAT in 0.68s
    cube 3805.247.14 (depth 2, 28 lits): UNSAT in 0.56s
    cube 3805.247.15 (depth 2, 28 lits): UNSAT in 1.09s
    cube 3805.247.16 (depth 2, 28 lits): UNSAT in 0.18s
    cube 3805.247.17 (depth 2, 28 lits): UNSAT in 0.25s
    cube 3805.247.18 (depth 2, 28 lits): UNSAT in 0.19s
    cube 3805.247.19 (depth 2, 28 lits): UNSAT in 0.61s
    cube 3805.247.20 (depth 2, 28 lits): UNSAT in 0.24s
    cube 3805.247.21 (depth 2, 28 lits): UNSAT in 0.53s
    cube 3805.247.22 (depth 2, 28 lits): UNSAT in 0.37s
    cube 3805.247.23 (depth 2, 28 lits): UNSAT in 0.82s
    cube 3805.247.24 (depth 2, 28 lits): UNSAT in 0.22s
    cube 3805.247.25 (depth 2, 28 lits): UNSAT in 0.38s
    cube 3805.247.26 (depth 2, 28 lits): UNSAT in 0.34s
    cube 3805.247.27 (depth 2, 28 lits): UNSAT in 0.75s
    cube 3805.247.28 (depth 2, 28 lits): UNSAT in 0.48s
    cube 3805.247.29 (depth 2, 28 lits): UNSAT in 0.46s
    cube 3805.247.30 (depth 2, 28 lits): UNSAT in 0.65s
    cube 3805.247.31 (depth 2, 28 lits): UNSAT in 0.65s
    cube 3805.247.32 (depth 2, 28 lits): UNSAT in 0.24s
    cube 3805.247.33 (depth 2, 28 lits): UNSAT in 0.25s
    cube 3805.247.34 (depth 2, 28 lits): UNSAT in 0.27s
    cube 3805.247.35 (depth 2, 28 lits): UNSAT in 0.28s
    cube 3805.247.36 (depth 2, 28 lits): UNSAT in 0.27s
    cube 3805.247.37 (depth 2, 28 lits): UNSAT in 0.29s
    cube 3805.247.38 (depth 2, 28 lits): UNSAT in 0.29s
    cube 3805.247.39 (depth 2, 28 lits): UNSAT in 0.55s
    cube 3805.247.40 (depth 2, 28 lits): UNSAT in 0.25s
    cube 3805.247.41 (depth 2, 28 lits): UNSAT in 0.33s
    cube 3805.247.42 (depth 2, 28 lits): UNSAT in 0.68s
    cube 3805.247.43 (depth 2, 28 lits): UNSAT in 0.91s
    cube 3805.247.44 (depth 2, 28 lits): UNSAT in 0.40s
    cube 3805.247.45 (depth 2, 28 lits): UNSAT in 0.73s
    cube 3805.247.46 (depth 2, 28 lits): UNSAT in 0.79s
    cube 3805.247.47 (depth 2, 28 lits): UNSAT in 1.83s
    cube 3805.247.48 (depth 2, 28 lits): UNSAT in 0.17s
    cube 3805.247.49 (depth 2, 28 lits): UNSAT in 0.65s
    cube 3805.247.50 (depth 2, 28 lits): UNSAT in 0.26s
    cube 3805.247.51 (depth 2, 28 lits): UNSAT in 0.67s
    cube 3805.247.52 (depth 2, 28 lits): UNSAT in 1.00s
    cube 3805.247.53 (depth 2, 28 lits): UNSAT in 1.18s
    cube 3805.247.54 (depth 2, 28 lits): UNSAT in 0.56s
    cube 3805.247.55 (depth 2, 28 lits): UNSAT in 2.74s
    cube 3805.247.56 (depth 2, 28 lits): UNSAT in 0.77s
    cube 3805.247.57 (depth 2, 28 lits): UNSAT in 1.34s
    cube 3805.247.58 (depth 2, 28 lits): UNSAT in 1.01s
    cube 3805.247.59 (depth 2, 28 lits): UNSAT in 2.49s
    cube 3805.247.60 (depth 2, 28 lits): UNSAT in 1.65s
    cube 3805.247.61 (depth 2, 28 lits): UNSAT in 3.19s
    cube 3805.247.62 (depth 2, 28 lits): UNSAT in 3.10s
    cube 3805.247.63 (depth 2, 28 lits): UNSAT in 4.40s
    cube 3805.247.64 (depth 2, 28 lits): UNSAT in 0.02s
    cube 3805.247.65 (depth 2, 28 lits): UNSAT in 0.07s
    cube 3805.247.66 (depth 2, 28 lits): UNSAT in 0.05s
    cube 3805.247.67 (depth 2, 28 lits): UNSAT in 0.49s
    cube 3805.247.68 (depth 2, 28 lits): UNSAT in 0.54s
    cube 3805.247.69 (depth 2, 28 lits): UNSAT in 0.72s
    cube 3805.247.70 (depth 2, 28 lits): UNSAT in 0.46s
    cube 3805.247.71 (depth 2, 28 lits): UNSAT in 0.99s
    cube 3805.247.72 (depth 2, 28 lits): UNSAT in 0.06s
    cube 3805.247.73 (depth 2, 28 lits): UNSAT in 0.12s
    cube 3805.247.74 (depth 2, 28 lits): UNSAT in 0.08s
    cube 3805.247.75 (depth 2, 28 lits): UNSAT in 0.86s
    cube 3805.247.76 (depth 2, 28 lits): UNSAT in 0.23s
    cube 3805.247.77 (depth 2, 28 lits): UNSAT in 0.84s
    cube 3805.247.78 (depth 2, 28 lits): UNSAT in 1.64s
    cube 3805.247.79 (depth 2, 28 lits): UNSAT in 2.65s
    cube 3805.247.80 (depth 2, 28 lits): UNSAT in 0.06s
    cube 3805.247.81 (depth 2, 28 lits): UNSAT in 0.40s
    cube 3805.247.82 (depth 2, 28 lits): UNSAT in 0.08s
    cube 3805.247.83 (depth 2, 28 lits): UNSAT in 0.84s
    cube 3805.247.84 (depth 2, 28 lits): UNSAT in 0.08s
    cube 3805.247.85 (depth 2, 28 lits): UNSAT in 0.58s
    cube 3805.247.86 (depth 2, 28 lits): UNSAT in 0.27s
    cube 3805.247.87 (depth 2, 28 lits): UNSAT in 2.64s
    cube 3805.247.88 (depth 2, 28 lits): UNSAT in 0.50s
    cube 3805.247.89 (depth 2, 28 lits): UNSAT in 0.72s
    cube 3805.247.90 (depth 2, 28 lits): UNSAT in 1.02s
    cube 3805.247.91 (depth 2, 28 lits): UNSAT in 2.33s
    cube 3805.247.92 (depth 2, 28 lits): UNSAT in 1.37s
    cube 3805.247.93 (depth 2, 28 lits): UNSAT in 1.18s
    cube 3805.247.94 (depth 2, 28 lits): UNSAT in 2.91s
    cube 3805.247.95 (depth 2, 28 lits): UNSAT in 13.32s
    cube 3805.247.96 (depth 2, 28 lits): UNSAT in 0.25s
    cube 3805.247.97 (depth 2, 28 lits): UNSAT in 0.26s
    cube 3805.247.98 (depth 2, 28 lits): UNSAT in 0.26s
    cube 3805.247.99 (depth 2, 28 lits): UNSAT in 0.45s
    cube 3805.247.100 (depth 2, 28 lits): UNSAT in 0.41s
    cube 3805.247.101 (depth 2, 28 lits): UNSAT in 0.68s
    cube 3805.247.102 (depth 2, 28 lits): UNSAT in 0.66s
    cube 3805.247.103 (depth 2, 28 lits): UNSAT in 1.59s
    cube 3805.247.104 (depth 2, 28 lits): UNSAT in 0.55s
    cube 3805.247.105 (depth 2, 28 lits): UNSAT in 2.05s
    cube 3805.247.106 (depth 2, 28 lits): UNSAT in 0.55s
    cube 3805.247.107 (depth 2, 28 lits): UNSAT in 2.69s
    cube 3805.247.108 (depth 2, 28 lits): UNSAT in 1.00s
    cube 3805.247.109 (depth 2, 28 lits): UNSAT in 2.16s
    cube 3805.247.110 (depth 2, 28 lits): UNSAT in 1.91s
    cube 3805.247.111 (depth 2, 28 lits): UNSAT in 10.00s
    cube 3805.247.112 (depth 2, 28 lits): UNSAT in 0.47s
    cube 3805.247.113 (depth 2, 28 lits): UNSAT in 1.03s
    cube 3805.247.114 (depth 2, 28 lits): UNSAT in 0.91s
    cube 3805.247.115 (depth 2, 28 lits): UNSAT in 1.29s
    cube 3805.247.116 (depth 2, 28 lits): UNSAT in 0.62s
    cube 3805.247.117 (depth 2, 28 lits): UNSAT in 1.13s
    cube 3805.247.118 (depth 2, 28 lits): UNSAT in 3.04s
    cube 3805.247.119 (depth 2, 28 lits): UNSAT in 11.15s
    cube 3805.247.120 (depth 2, 28 lits): UNSAT in 0.49s
    cube 3805.247.121 (depth 2, 28 lits): UNSAT in 2.91s
    cube 3805.247.122 (depth 2, 28 lits): UNSAT in 2.80s
    cube 3805.247.123 (depth 2, 28 lits): UNSAT in 16.39s
    cube 3805.247.124 (depth 2, 28 lits): UNSAT in 2.68s
    cube 3805.247.125 (depth 2, 28 lits): UNSAT in 18.32s
    cube 3805.247.126 (depth 2, 28 lits): UNSAT in 19.24s
    cube 3805.247.127 (depth 2, 28 lits): UNSAT in 18.96s
    cube 3805.247.128 (depth 2, 28 lits): UNSAT in 0.49s
    cube 3805.247.129 (depth 2, 28 lits): UNSAT in 0.34s
    cube 3805.247.130 (depth 2, 28 lits): UNSAT in 0.35s
    cube 3805.247.131 (depth 2, 28 lits): UNSAT in 0.83s
    cube 3805.247.132 (depth 2, 28 lits): UNSAT in 0.44s
    cube 3805.247.133 (depth 2, 28 lits): UNSAT in 0.47s
    cube 3805.247.134 (depth 2, 28 lits): UNSAT in 0.50s
    cube 3805.247.135 (depth 2, 28 lits): UNSAT in 0.78s
    cube 3805.247.136 (depth 2, 28 lits): UNSAT in 0.05s
    cube 3805.247.137 (depth 2, 28 lits): UNSAT in 0.29s
    cube 3805.247.138 (depth 2, 28 lits): UNSAT in 0.64s
    cube 3805.247.139 (depth 2, 28 lits): UNSAT in 1.12s
    cube 3805.247.140 (depth 2, 28 lits): UNSAT in 0.88s
    cube 3805.247.141 (depth 2, 28 lits): UNSAT in 1.45s
    cube 3805.247.142 (depth 2, 28 lits): UNSAT in 1.33s
    cube 3805.247.143 (depth 2, 28 lits): UNSAT in 2.89s
    cube 3805.247.144 (depth 2, 28 lits): UNSAT in 0.09s
    cube 3805.247.145 (depth 2, 28 lits): UNSAT in 0.36s
    cube 3805.247.146 (depth 2, 28 lits): UNSAT in 0.38s
    cube 3805.247.147 (depth 2, 28 lits): UNSAT in 1.53s
    cube 3805.247.148 (depth 2, 28 lits): UNSAT in 0.40s
    cube 3805.247.149 (depth 2, 28 lits): UNSAT in 1.25s
    cube 3805.247.150 (depth 2, 28 lits): UNSAT in 1.34s
    cube 3805.247.151 (depth 2, 28 lits): UNSAT in 3.02s
    cube 3805.247.152 (depth 2, 28 lits): UNSAT in 0.49s
    cube 3805.247.153 (depth 2, 28 lits): UNSAT in 1.05s
    cube 3805.247.154 (depth 2, 28 lits): UNSAT in 1.48s
    cube 3805.247.155 (depth 2, 28 lits): UNSAT in 3.02s
    cube 3805.247.156 (depth 2, 28 lits): UNSAT in 1.51s
    cube 3805.247.157 (depth 2, 28 lits): UNSAT in 4.78s
    cube 3805.247.158 (depth 2, 28 lits): UNSAT in 2.55s
    cube 3805.247.159 (depth 2, 28 lits): UNSAT in 6.59s
    cube 3805.247.160 (depth 2, 28 lits): UNSAT in 0.08s
    cube 3805.247.161 (depth 2, 28 lits): UNSAT in 0.25s
    cube 3805.247.162 (depth 2, 28 lits): UNSAT in 0.16s
    cube 3805.247.163 (depth 2, 28 lits): UNSAT in 1.54s
    cube 3805.247.164 (depth 2, 28 lits): UNSAT in 0.43s
    cube 3805.247.165 (depth 2, 28 lits): UNSAT in 0.85s
    cube 3805.247.166 (depth 2, 28 lits): UNSAT in 0.61s
    cube 3805.247.167 (depth 2, 28 lits): UNSAT in 4.02s
    cube 3805.247.168 (depth 2, 28 lits): UNSAT in 0.28s
    cube 3805.247.169 (depth 2, 28 lits): UNSAT in 1.06s
    cube 3805.247.170 (depth 2, 28 lits): UNSAT in 2.16s
    cube 3805.247.171 (depth 2, 28 lits): UNSAT in 2.01s
    cube 3805.247.172 (depth 2, 28 lits): UNSAT in 0.86s
    cube 3805.247.173 (depth 2, 28 lits): UNSAT in 5.04s
    cube 3805.247.174 (depth 2, 28 lits): UNSAT in 5.30s
    cube 3805.247.175 (depth 2, 28 lits): UNSAT in 10.26s
    cube 3805.247.176 (depth 2, 28 lits): UNSAT in 0.45s
    cube 3805.247.177 (depth 2, 28 lits): UNSAT in 0.83s
    cube 3805.247.178 (depth 2, 28 lits): UNSAT in 1.15s
    cube 3805.247.179 (depth 2, 28 lits): UNSAT in 3.97s
    cube 3805.247.180 (depth 2, 28 lits): UNSAT in 1.19s
    cube 3805.247.181 (depth 2, 28 lits): UNSAT in 1.81s
    cube 3805.247.182 (depth 2, 28 lits): UNSAT in 10.34s
    cube 3805.247.183 (depth 2, 28 lits): UNSAT in 29.61s
    cube 3805.247.184 (depth 2, 28 lits): UNSAT in 1.76s
    cube 3805.247.185 (depth 2, 28 lits): UNSAT in 6.47s
    cube 3805.247.186 (depth 2, 28 lits): UNSAT in 2.54s
    cube 3805.247.187 (depth 2, 28 lits): UNSAT in 19.84s
    cube 3805.247.188 (depth 2, 28 lits): UNSAT in 2.68s
    cube 3805.247.189 (depth 2, 28 lits): UNSAT in 11.75s
    cube 3805.247.190 (depth 2, 28 lits): UNSAT in 10.59s
    cube 3805.247.191 (depth 2, 28 lits): UNSAT in 51.80s
    cube 3805.247.192 (depth 2, 28 lits): UNSAT in 0.06s
    cube 3805.247.193 (depth 2, 28 lits): UNSAT in 0.34s
    cube 3805.247.194 (depth 2, 28 lits): UNSAT in 0.52s
    cube 3805.247.195 (depth 2, 28 lits): UNSAT in 0.80s
    cube 3805.247.196 (depth 2, 28 lits): UNSAT in 0.43s
    cube 3805.247.197 (depth 2, 28 lits): UNSAT in 0.70s
    cube 3805.247.198 (depth 2, 28 lits): UNSAT in 0.35s
    cube 3805.247.199 (depth 2, 28 lits): UNSAT in 0.43s
    cube 3805.247.200 (depth 2, 28 lits): UNSAT in 0.25s
    cube 3805.247.201 (depth 2, 28 lits): UNSAT in 0.57s
    cube 3805.247.202 (depth 2, 28 lits): UNSAT in 0.47s
    cube 3805.247.203 (depth 2, 28 lits): UNSAT in 0.86s
    cube 3805.247.204 (depth 2, 28 lits): UNSAT in 0.81s
    cube 3805.247.205 (depth 2, 28 lits): UNSAT in 2.16s
    cube 3805.247.206 (depth 2, 28 lits): UNSAT in 1.46s
    cube 3805.247.207 (depth 2, 28 lits): UNSAT in 4.36s
    cube 3805.247.208 (depth 2, 28 lits): UNSAT in 0.72s
    cube 3805.247.209 (depth 2, 28 lits): UNSAT in 0.78s
    cube 3805.247.210 (depth 2, 28 lits): UNSAT in 1.04s
    cube 3805.247.211 (depth 2, 28 lits): UNSAT in 1.79s
    cube 3805.247.212 (depth 2, 28 lits): UNSAT in 0.33s
    cube 3805.247.213 (depth 2, 28 lits): UNSAT in 1.04s
    cube 3805.247.214 (depth 2, 28 lits): UNSAT in 1.12s
    cube 3805.247.215 (depth 2, 28 lits): UNSAT in 3.53s
    cube 3805.247.216 (depth 2, 28 lits): UNSAT in 1.32s
    cube 3805.247.217 (depth 2, 28 lits): UNSAT in 1.85s
    cube 3805.247.218 (depth 2, 28 lits): UNSAT in 2.21s
    cube 3805.247.219 (depth 2, 28 lits): UNSAT in 4.55s
    cube 3805.247.220 (depth 2, 28 lits): UNSAT in 2.88s
    cube 3805.247.221 (depth 2, 28 lits): UNSAT in 4.22s
    cube 3805.247.222 (depth 2, 28 lits): UNSAT in 1.70s
    cube 3805.247.223 (depth 2, 28 lits): UNSAT in 7.01s
    cube 3805.247.224 (depth 2, 28 lits): UNSAT in 0.08s
    cube 3805.247.225 (depth 2, 28 lits): UNSAT in 0.33s
    cube 3805.247.226 (depth 2, 28 lits): UNSAT in 0.99s
    cube 3805.247.227 (depth 2, 28 lits): UNSAT in 3.10s
    cube 3805.247.228 (depth 2, 28 lits): UNSAT in 0.60s
    cube 3805.247.229 (depth 2, 28 lits): UNSAT in 2.22s
    cube 3805.247.230 (depth 2, 28 lits): UNSAT in 2.52s
    cube 3805.247.231 (depth 2, 28 lits): UNSAT in 8.11s
    cube 3805.247.232 (depth 2, 28 lits): UNSAT in 0.67s
    cube 3805.247.233 (depth 2, 28 lits): UNSAT in 1.35s
    cube 3805.247.234 (depth 2, 28 lits): UNSAT in 2.87s
    cube 3805.247.235 (depth 2, 28 lits): UNSAT in 10.99s
    cube 3805.247.236 (depth 2, 28 lits): UNSAT in 2.48s
    cube 3805.247.237 (depth 2, 28 lits): UNSAT in 12.61s
    cube 3805.247.238 (depth 2, 28 lits): UNSAT in 3.16s
    cube 3805.247.239 (depth 2, 28 lits): UNSAT in 5.61s
    cube 3805.247.240 (depth 2, 28 lits): UNSAT in 0.23s
    cube 3805.247.241 (depth 2, 28 lits): UNSAT in 0.50s
    cube 3805.247.242 (depth 2, 28 lits): UNSAT in 1.35s
    cube 3805.247.243 (depth 2, 28 lits): UNSAT in 5.04s
    cube 3805.247.244 (depth 2, 28 lits): UNSAT in 3.37s
    cube 3805.247.245 (depth 2, 28 lits): UNSAT in 10.06s
    cube 3805.247.246 (depth 2, 28 lits): UNSAT in 4.43s
    cube 3805.247.247 (depth 2, 28 lits): UNSAT in 6.04s
    cube 3805.247.248 (depth 2, 28 lits): UNSAT in 2.58s
    cube 3805.247.249 (depth 2, 28 lits): UNSAT in 5.95s
    cube 3805.247.250 (depth 2, 28 lits): UNSAT in 4.45s
    cube 3805.247.251 (depth 2, 28 lits): UNSAT in 18.36s
    cube 3805.247.252 (depth 2, 28 lits): UNSAT in 3.29s
    cube 3805.247.253 (depth 2, 28 lits): UNSAT in 14.16s
    cube 3805.247.254 (depth 2, 28 lits): UNSAT in 5.94s
    cube 3805.247.255 (depth 2, 28 lits): UNSAT in 23.10s
    cube 3805.248 (depth 1, 20 lits): UNSAT in 33.55s
    cube 3805.249 (depth 1, 20 lits): UNSAT in 795.91s
    cube 3805.250 (depth 1, 20 lits): TIMEOUT in 1200.10s
    cube 3805.250 TIMEOUT -> re-split into 256 sub-cubes (depth 2)
    cube 3805.250.0 (depth 2, 28 lits): UNSAT in 0.01s
    cube 3805.250.1 (depth 2, 28 lits): UNSAT in 0.04s
    cube 3805.250.2 (depth 2, 28 lits): UNSAT in 0.04s
    cube 3805.250.3 (depth 2, 28 lits): UNSAT in 0.04s
    cube 3805.250.4 (depth 2, 28 lits): UNSAT in 0.05s
    cube 3805.250.5 (depth 2, 28 lits): UNSAT in 0.06s
    cube 3805.250.6 (depth 2, 28 lits): UNSAT in 0.06s
    cube 3805.250.7 (depth 2, 28 lits): UNSAT in 0.09s
    cube 3805.250.8 (depth 2, 28 lits): UNSAT in 0.03s
    cube 3805.250.9 (depth 2, 28 lits): UNSAT in 0.05s
    cube 3805.250.10 (depth 2, 28 lits): UNSAT in 0.09s
    cube 3805.250.11 (depth 2, 28 lits): UNSAT in 0.12s
    cube 3805.250.12 (depth 2, 28 lits): UNSAT in 0.10s
    cube 3805.250.13 (depth 2, 28 lits): UNSAT in 0.19s
    cube 3805.250.14 (depth 2, 28 lits): UNSAT in 0.14s
    cube 3805.250.15 (depth 2, 28 lits): UNSAT in 0.35s
    cube 3805.250.16 (depth 2, 28 lits): UNSAT in 0.01s
    cube 3805.250.17 (depth 2, 28 lits): UNSAT in 0.02s
    cube 3805.250.18 (depth 2, 28 lits): UNSAT in 0.02s
    cube 3805.250.19 (depth 2, 28 lits): UNSAT in 0.05s
    cube 3805.250.20 (depth 2, 28 lits): UNSAT in 0.02s
    cube 3805.250.21 (depth 2, 28 lits): UNSAT in 0.04s
    cube 3805.250.22 (depth 2, 28 lits): UNSAT in 0.03s
    cube 3805.250.23 (depth 2, 28 lits): UNSAT in 0.33s
    cube 3805.250.24 (depth 2, 28 lits): UNSAT in 0.02s
    cube 3805.250.25 (depth 2, 28 lits): UNSAT in 0.16s
    cube 3805.250.26 (depth 2, 28 lits): UNSAT in 0.27s
    cube 3805.250.27 (depth 2, 28 lits): UNSAT in 0.66s
    cube 3805.250.28 (depth 2, 28 lits): UNSAT in 0.16s
    cube 3805.250.29 (depth 2, 28 lits): UNSAT in 0.40s
    cube 3805.250.30 (depth 2, 28 lits): UNSAT in 0.44s
    cube 3805.250.31 (depth 2, 28 lits): UNSAT in 0.80s
    cube 3805.250.32 (depth 2, 28 lits): UNSAT in 0.02s
    cube 3805.250.33 (depth 2, 28 lits): UNSAT in 0.06s
    cube 3805.250.34 (depth 2, 28 lits): UNSAT in 0.08s
    cube 3805.250.35 (depth 2, 28 lits): UNSAT in 0.11s
    cube 3805.250.36 (depth 2, 28 lits): UNSAT in 0.05s
    cube 3805.250.37 (depth 2, 28 lits): UNSAT in 0.07s
    cube 3805.250.38 (depth 2, 28 lits): UNSAT in 0.15s
    cube 3805.250.39 (depth 2, 28 lits): UNSAT in 0.27s
    cube 3805.250.40 (depth 2, 28 lits): UNSAT in 0.02s
    cube 3805.250.41 (depth 2, 28 lits): UNSAT in 0.03s
    cube 3805.250.42 (depth 2, 28 lits): UNSAT in 0.03s
    cube 3805.250.43 (depth 2, 28 lits): UNSAT in 0.33s
    cube 3805.250.44 (depth 2, 28 lits): UNSAT in 0.13s
    cube 3805.250.45 (depth 2, 28 lits): UNSAT in 0.23s
    cube 3805.250.46 (depth 2, 28 lits): UNSAT in 0.39s
    cube 3805.250.47 (depth 2, 28 lits): UNSAT in 0.86s
    cube 3805.250.48 (depth 2, 28 lits): UNSAT in 0.02s
    cube 3805.250.49 (depth 2, 28 lits): UNSAT in 0.04s
    cube 3805.250.50 (depth 2, 28 lits): UNSAT in 0.07s
    cube 3805.250.51 (depth 2, 28 lits): UNSAT in 0.09s
    cube 3805.250.52 (depth 2, 28 lits): UNSAT in 0.08s
    cube 3805.250.53 (depth 2, 28 lits): UNSAT in 0.18s
    cube 3805.250.54 (depth 2, 28 lits): UNSAT in 0.14s
    cube 3805.250.55 (depth 2, 28 lits): UNSAT in 0.58s
    cube 3805.250.56 (depth 2, 28 lits): UNSAT in 0.07s
    cube 3805.250.57 (depth 2, 28 lits): UNSAT in 0.11s
    cube 3805.250.58 (depth 2, 28 lits): UNSAT in 0.21s
    cube 3805.250.59 (depth 2, 28 lits): UNSAT in 1.33s
    cube 3805.250.60 (depth 2, 28 lits): UNSAT in 0.50s
    cube 3805.250.61 (depth 2, 28 lits): UNSAT in 2.11s
    cube 3805.250.62 (depth 2, 28 lits): UNSAT in 1.95s
    cube 3805.250.63 (depth 2, 28 lits): UNSAT in 3.91s
    cube 3805.250.64 (depth 2, 28 lits): UNSAT in 0.01s
    cube 3805.250.65 (depth 2, 28 lits): UNSAT in 0.02s
    cube 3805.250.66 (depth 2, 28 lits): UNSAT in 0.03s
    cube 3805.250.67 (depth 2, 28 lits): UNSAT in 0.16s
    cube 3805.250.68 (depth 2, 28 lits): UNSAT in 0.03s
    cube 3805.250.69 (depth 2, 28 lits): UNSAT in 0.19s
    cube 3805.250.70 (depth 2, 28 lits): UNSAT in 0.18s
    cube 3805.250.71 (depth 2, 28 lits): UNSAT in 0.32s
    cube 3805.250.72 (depth 2, 28 lits): UNSAT in 0.02s
    cube 3805.250.73 (depth 2, 28 lits): UNSAT in 0.04s
    cube 3805.250.74 (depth 2, 28 lits): UNSAT in 0.05s
    cube 3805.250.75 (depth 2, 28 lits): UNSAT in 0.24s
    cube 3805.250.76 (depth 2, 28 lits): UNSAT in 0.06s
    cube 3805.250.77 (depth 2, 28 lits): UNSAT in 0.13s
    cube 3805.250.78 (depth 2, 28 lits): UNSAT in 0.16s
    cube 3805.250.79 (depth 2, 28 lits): UNSAT in 0.43s
    cube 3805.250.80 (depth 2, 28 lits): UNSAT in 0.02s
    cube 3805.250.81 (depth 2, 28 lits): UNSAT in 0.20s
    cube 3805.250.82 (depth 2, 28 lits): UNSAT in 0.23s
    cube 3805.250.83 (depth 2, 28 lits): UNSAT in 0.41s
    cube 3805.250.84 (depth 2, 28 lits): UNSAT in 0.56s
    cube 3805.250.85 (depth 2, 28 lits): UNSAT in 0.62s
    cube 3805.250.86 (depth 2, 28 lits): UNSAT in 0.41s
    cube 3805.250.87 (depth 2, 28 lits): UNSAT in 1.16s
    cube 3805.250.88 (depth 2, 28 lits): UNSAT in 0.07s
    cube 3805.250.89 (depth 2, 28 lits): UNSAT in 0.18s
    cube 3805.250.90 (depth 2, 28 lits): UNSAT in 0.18s
    cube 3805.250.91 (depth 2, 28 lits): UNSAT in 0.31s
    cube 3805.250.92 (depth 2, 28 lits): UNSAT in 0.11s
    cube 3805.250.93 (depth 2, 28 lits): UNSAT in 0.63s
    cube 3805.250.94 (depth 2, 28 lits): UNSAT in 0.31s
    cube 3805.250.95 (depth 2, 28 lits): UNSAT in 2.35s
    cube 3805.250.96 (depth 2, 28 lits): UNSAT in 0.04s
    cube 3805.250.97 (depth 2, 28 lits): UNSAT in 0.03s
    cube 3805.250.98 (depth 2, 28 lits): UNSAT in 0.06s
    cube 3805.250.99 (depth 2, 28 lits): UNSAT in 0.82s
    cube 3805.250.100 (depth 2, 28 lits): UNSAT in 0.19s
    cube 3805.250.101 (depth 2, 28 lits): UNSAT in 0.79s
    cube 3805.250.102 (depth 2, 28 lits): UNSAT in 0.86s
    cube 3805.250.103 (depth 2, 28 lits): UNSAT in 2.24s
    cube 3805.250.104 (depth 2, 28 lits): UNSAT in 0.10s
    cube 3805.250.105 (depth 2, 28 lits): UNSAT in 0.35s
    cube 3805.250.106 (depth 2, 28 lits): UNSAT in 0.56s
    cube 3805.250.107 (depth 2, 28 lits): UNSAT in 2.20s
    cube 3805.250.108 (depth 2, 28 lits): UNSAT in 0.53s
    cube 3805.250.109 (depth 2, 28 lits): UNSAT in 1.87s
    cube 3805.250.110 (depth 2, 28 lits): UNSAT in 2.19s
    cube 3805.250.111 (depth 2, 28 lits): UNSAT in 8.24s
    cube 3805.250.112 (depth 2, 28 lits): UNSAT in 0.10s
    cube 3805.250.113 (depth 2, 28 lits): UNSAT in 0.23s
    cube 3805.250.114 (depth 2, 28 lits): UNSAT in 0.24s
    cube 3805.250.115 (depth 2, 28 lits): UNSAT in 0.66s
    cube 3805.250.116 (depth 2, 28 lits): UNSAT in 0.44s
    cube 3805.250.117 (depth 2, 28 lits): UNSAT in 0.83s
    cube 3805.250.118 (depth 2, 28 lits): UNSAT in 0.87s
    cube 3805.250.119 (depth 2, 28 lits): UNSAT in 3.28s
    cube 3805.250.120 (depth 2, 28 lits): UNSAT in 0.22s
    cube 3805.250.121 (depth 2, 28 lits): UNSAT in 0.49s
    cube 3805.250.122 (depth 2, 28 lits): UNSAT in 0.46s
    cube 3805.250.123 (depth 2, 28 lits): UNSAT in 2.89s
    cube 3805.250.124 (depth 2, 28 lits): UNSAT in 1.19s
    cube 3805.250.125 (depth 2, 28 lits): UNSAT in 6.13s
    cube 3805.250.126 (depth 2, 28 lits): UNSAT in 11.28s
    cube 3805.250.127 (depth 2, 28 lits): UNSAT in 45.03s
    cube 3805.250.128 (depth 2, 28 lits): UNSAT in 0.12s
    cube 3805.250.129 (depth 2, 28 lits): UNSAT in 0.37s
    cube 3805.250.130 (depth 2, 28 lits): UNSAT in 0.36s
    cube 3805.250.131 (depth 2, 28 lits): UNSAT in 0.52s
    cube 3805.250.132 (depth 2, 28 lits): UNSAT in 0.25s
    cube 3805.250.133 (depth 2, 28 lits): UNSAT in 0.50s
    cube 3805.250.134 (depth 2, 28 lits): UNSAT in 0.19s
    cube 3805.250.135 (depth 2, 28 lits): UNSAT in 0.51s
    cube 3805.250.136 (depth 2, 28 lits): UNSAT in 0.25s
    cube 3805.250.137 (depth 2, 28 lits): UNSAT in 0.59s
    cube 3805.250.138 (depth 2, 28 lits): UNSAT in 0.24s
    cube 3805.250.139 (depth 2, 28 lits): UNSAT in 0.38s
    cube 3805.250.140 (depth 2, 28 lits): UNSAT in 0.72s
    cube 3805.250.141 (depth 2, 28 lits): UNSAT in 1.61s
    cube 3805.250.142 (depth 2, 28 lits): UNSAT in 0.75s
    cube 3805.250.143 (depth 2, 28 lits): UNSAT in 1.87s
    cube 3805.250.144 (depth 2, 28 lits): UNSAT in 0.14s
    cube 3805.250.145 (depth 2, 28 lits): UNSAT in 0.32s
    cube 3805.250.146 (depth 2, 28 lits): UNSAT in 0.38s
    cube 3805.250.147 (depth 2, 28 lits): UNSAT in 0.68s
    cube 3805.250.148 (depth 2, 28 lits): UNSAT in 0.45s
    cube 3805.250.149 (depth 2, 28 lits): UNSAT in 0.70s
    cube 3805.250.150 (depth 2, 28 lits): UNSAT in 0.63s
    cube 3805.250.151 (depth 2, 28 lits): UNSAT in 1.03s
    cube 3805.250.152 (depth 2, 28 lits): UNSAT in 0.46s
    cube 3805.250.153 (depth 2, 28 lits): UNSAT in 0.91s
    cube 3805.250.154 (depth 2, 28 lits): UNSAT in 0.36s
    cube 3805.250.155 (depth 2, 28 lits): UNSAT in 1.29s
    cube 3805.250.156 (depth 2, 28 lits): UNSAT in 0.64s
    cube 3805.250.157 (depth 2, 28 lits): UNSAT in 1.79s
    cube 3805.250.158 (depth 2, 28 lits): UNSAT in 1.01s
    cube 3805.250.159 (depth 2, 28 lits): UNSAT in 1.69s
    cube 3805.250.160 (depth 2, 28 lits): UNSAT in 0.15s
    cube 3805.250.161 (depth 2, 28 lits): UNSAT in 0.13s
    cube 3805.250.162 (depth 2, 28 lits): UNSAT in 0.25s
    cube 3805.250.163 (depth 2, 28 lits): UNSAT in 0.36s
    cube 3805.250.164 (depth 2, 28 lits): UNSAT in 0.30s
    cube 3805.250.165 (depth 2, 28 lits): UNSAT in 0.54s
    cube 3805.250.166 (depth 2, 28 lits): UNSAT in 0.60s
    cube 3805.250.167 (depth 2, 28 lits): UNSAT in 0.95s
    cube 3805.250.168 (depth 2, 28 lits): UNSAT in 0.19s
    cube 3805.250.169 (depth 2, 28 lits): UNSAT in 0.45s
    cube 3805.250.170 (depth 2, 28 lits): UNSAT in 0.47s
    cube 3805.250.171 (depth 2, 28 lits): UNSAT in 1.09s
    cube 3805.250.172 (depth 2, 28 lits): UNSAT in 0.38s
    cube 3805.250.173 (depth 2, 28 lits): UNSAT in 1.36s
    cube 3805.250.174 (depth 2, 28 lits): UNSAT in 0.40s
    cube 3805.250.175 (depth 2, 28 lits): UNSAT in 3.58s
    cube 3805.250.176 (depth 2, 28 lits): UNSAT in 0.03s
    cube 3805.250.177 (depth 2, 28 lits): UNSAT in 0.12s
    cube 3805.250.178 (depth 2, 28 lits): UNSAT in 0.05s
    cube 3805.250.179 (depth 2, 28 lits): UNSAT in 0.76s
    cube 3805.250.180 (depth 2, 28 lits): UNSAT in 0.52s
    cube 3805.250.181 (depth 2, 28 lits): UNSAT in 1.63s
    cube 3805.250.182 (depth 2, 28 lits): UNSAT in 0.79s
    cube 3805.250.183 (depth 2, 28 lits): UNSAT in 2.69s
    cube 3805.250.184 (depth 2, 28 lits): UNSAT in 0.36s
    cube 3805.250.185 (depth 2, 28 lits): UNSAT in 0.68s
    cube 3805.250.186 (depth 2, 28 lits): UNSAT in 1.94s
    cube 3805.250.187 (depth 2, 28 lits): UNSAT in 4.74s
    cube 3805.250.188 (depth 2, 28 lits): UNSAT in 1.31s
    cube 3805.250.189 (depth 2, 28 lits): UNSAT in 5.78s
    cube 3805.250.190 (depth 2, 28 lits): UNSAT in 2.63s
    cube 3805.250.191 (depth 2, 28 lits): UNSAT in 7.35s
    cube 3805.250.192 (depth 2, 28 lits): UNSAT in 0.01s
    cube 3805.250.193 (depth 2, 28 lits): UNSAT in 0.02s
    cube 3805.250.194 (depth 2, 28 lits): UNSAT in 0.03s
    cube 3805.250.195 (depth 2, 28 lits): UNSAT in 0.06s
    cube 3805.250.196 (depth 2, 28 lits): UNSAT in 0.03s
    cube 3805.250.197 (depth 2, 28 lits): UNSAT in 0.04s
    cube 3805.250.198 (depth 2, 28 lits): UNSAT in 0.09s
    cube 3805.250.199 (depth 2, 28 lits): UNSAT in 0.30s
    cube 3805.250.200 (depth 2, 28 lits): UNSAT in 0.01s
    cube 3805.250.201 (depth 2, 28 lits): UNSAT in 0.04s
    cube 3805.250.202 (depth 2, 28 lits): UNSAT in 0.05s
    cube 3805.250.203 (depth 2, 28 lits): UNSAT in 0.09s
    cube 3805.250.204 (depth 2, 28 lits): UNSAT in 0.09s
    cube 3805.250.205 (depth 2, 28 lits): UNSAT in 0.13s
    cube 3805.250.206 (depth 2, 28 lits): UNSAT in 0.12s
    cube 3805.250.207 (depth 2, 28 lits): UNSAT in 0.63s
    cube 3805.250.208 (depth 2, 28 lits): UNSAT in 0.02s
    cube 3805.250.209 (depth 2, 28 lits): UNSAT in 0.07s
    cube 3805.250.210 (depth 2, 28 lits): UNSAT in 0.09s
    cube 3805.250.211 (depth 2, 28 lits): UNSAT in 0.15s
    cube 3805.250.212 (depth 2, 28 lits): UNSAT in 0.03s
    cube 3805.250.213 (depth 2, 28 lits): UNSAT in 0.07s
    cube 3805.250.214 (depth 2, 28 lits): UNSAT in 0.40s
    cube 3805.250.215 (depth 2, 28 lits): UNSAT in 1.10s
    cube 3805.250.216 (depth 2, 28 lits): UNSAT in 0.19s
    cube 3805.250.217 (depth 2, 28 lits): UNSAT in 0.17s
    cube 3805.250.218 (depth 2, 28 lits): UNSAT in 0.15s
    cube 3805.250.219 (depth 2, 28 lits): UNSAT in 1.78s
    cube 3805.250.220 (depth 2, 28 lits): UNSAT in 0.13s
    cube 3805.250.221 (depth 2, 28 lits): UNSAT in 0.20s
    cube 3805.250.222 (depth 2, 28 lits): UNSAT in 0.92s
    cube 3805.250.223 (depth 2, 28 lits): UNSAT in 1.13s
    cube 3805.250.224 (depth 2, 28 lits): UNSAT in 0.01s
    cube 3805.250.225 (depth 2, 28 lits): UNSAT in 0.04s
    cube 3805.250.226 (depth 2, 28 lits): UNSAT in 0.05s
    cube 3805.250.227 (depth 2, 28 lits): UNSAT in 0.11s
    cube 3805.250.228 (depth 2, 28 lits): UNSAT in 0.10s
    cube 3805.250.229 (depth 2, 28 lits): UNSAT in 0.12s
    cube 3805.250.230 (depth 2, 28 lits): UNSAT in 0.21s
    cube 3805.250.231 (depth 2, 28 lits): UNSAT in 0.76s
    cube 3805.250.232 (depth 2, 28 lits): UNSAT in 0.06s
    cube 3805.250.233 (depth 2, 28 lits): UNSAT in 0.76s
    cube 3805.250.234 (depth 2, 28 lits): UNSAT in 0.38s
    cube 3805.250.235 (depth 2, 28 lits): UNSAT in 3.66s
    cube 3805.250.236 (depth 2, 28 lits): UNSAT in 0.92s
    cube 3805.250.237 (depth 2, 28 lits): UNSAT in 3.23s
    cube 3805.250.238 (depth 2, 28 lits): UNSAT in 1.73s
    cube 3805.250.239 (depth 2, 28 lits): UNSAT in 14.36s
    cube 3805.250.240 (depth 2, 28 lits): UNSAT in 0.04s
    cube 3805.250.241 (depth 2, 28 lits): UNSAT in 0.23s
    cube 3805.250.242 (depth 2, 28 lits): UNSAT in 0.10s
    cube 3805.250.243 (depth 2, 28 lits): UNSAT in 0.80s
    cube 3805.250.244 (depth 2, 28 lits): UNSAT in 0.04s
    cube 3805.250.245 (depth 2, 28 lits): UNSAT in 0.13s
    cube 3805.250.246 (depth 2, 28 lits): UNSAT in 1.54s
    cube 3805.250.247 (depth 2, 28 lits): UNSAT in 6.61s
    cube 3805.250.248 (depth 2, 28 lits): UNSAT in 0.16s
    cube 3805.250.249 (depth 2, 28 lits): UNSAT in 1.72s
    cube 3805.250.250 (depth 2, 28 lits): UNSAT in 1.58s
    cube 3805.250.251 (depth 2, 28 lits): UNSAT in 5.80s
    cube 3805.250.252 (depth 2, 28 lits): UNSAT in 1.13s
    cube 3805.250.253 (depth 2, 28 lits): UNSAT in 15.62s
    cube 3805.250.254 (depth 2, 28 lits): UNSAT in 11.73s
    cube 3805.250.255 (depth 2, 28 lits): UNSAT in 65.38s
    cube 3805.251 (depth 1, 20 lits): TIMEOUT in 1200.10s
    cube 3805.251 TIMEOUT -> re-split into 256 sub-cubes (depth 2)
    cube 3805.251.0 (depth 2, 28 lits): UNSAT in 0.05s
    cube 3805.251.1 (depth 2, 28 lits): UNSAT in 0.12s
    cube 3805.251.2 (depth 2, 28 lits): UNSAT in 0.17s
    cube 3805.251.3 (depth 2, 28 lits): UNSAT in 0.19s
    cube 3805.251.4 (depth 2, 28 lits): UNSAT in 0.15s
    cube 3805.251.5 (depth 2, 28 lits): UNSAT in 0.15s
    cube 3805.251.6 (depth 2, 28 lits): UNSAT in 0.26s
    cube 3805.251.7 (depth 2, 28 lits): UNSAT in 0.24s
    cube 3805.251.8 (depth 2, 28 lits): UNSAT in 0.15s
    cube 3805.251.9 (depth 2, 28 lits): UNSAT in 0.17s
    cube 3805.251.10 (depth 2, 28 lits): UNSAT in 0.24s
    cube 3805.251.11 (depth 2, 28 lits): UNSAT in 0.30s
    cube 3805.251.12 (depth 2, 28 lits): UNSAT in 0.15s
    cube 3805.251.13 (depth 2, 28 lits): UNSAT in 0.44s
    cube 3805.251.14 (depth 2, 28 lits): UNSAT in 0.43s
    cube 3805.251.15 (depth 2, 28 lits): UNSAT in 0.51s
    cube 3805.251.16 (depth 2, 28 lits): UNSAT in 0.02s
    cube 3805.251.17 (depth 2, 28 lits): UNSAT in 0.08s
    cube 3805.251.18 (depth 2, 28 lits): UNSAT in 0.04s
    cube 3805.251.19 (depth 2, 28 lits): UNSAT in 0.30s
    cube 3805.251.20 (depth 2, 28 lits): UNSAT in 0.22s
    cube 3805.251.21 (depth 2, 28 lits): UNSAT in 0.37s
    cube 3805.251.22 (depth 2, 28 lits): UNSAT in 0.35s
    cube 3805.251.23 (depth 2, 28 lits): UNSAT in 0.99s
    cube 3805.251.24 (depth 2, 28 lits): UNSAT in 0.20s
    cube 3805.251.25 (depth 2, 28 lits): UNSAT in 0.38s
    cube 3805.251.26 (depth 2, 28 lits): UNSAT in 0.21s
    cube 3805.251.27 (depth 2, 28 lits): UNSAT in 0.67s
    cube 3805.251.28 (depth 2, 28 lits): UNSAT in 0.28s
    cube 3805.251.29 (depth 2, 28 lits): UNSAT in 0.87s
    cube 3805.251.30 (depth 2, 28 lits): UNSAT in 1.29s
    cube 3805.251.31 (depth 2, 28 lits): UNSAT in 1.71s
    cube 3805.251.32 (depth 2, 28 lits): UNSAT in 0.16s
    cube 3805.251.33 (depth 2, 28 lits): UNSAT in 0.16s
    cube 3805.251.34 (depth 2, 28 lits): UNSAT in 0.13s
    cube 3805.251.35 (depth 2, 28 lits): UNSAT in 0.64s
    cube 3805.251.36 (depth 2, 28 lits): UNSAT in 0.15s
    cube 3805.251.37 (depth 2, 28 lits): UNSAT in 0.42s
    cube 3805.251.38 (depth 2, 28 lits): UNSAT in 0.35s
    cube 3805.251.39 (depth 2, 28 lits): UNSAT in 0.96s
    cube 3805.251.40 (depth 2, 28 lits): UNSAT in 0.13s
    cube 3805.251.41 (depth 2, 28 lits): UNSAT in 0.21s
    cube 3805.251.42 (depth 2, 28 lits): UNSAT in 0.32s
    cube 3805.251.43 (depth 2, 28 lits): UNSAT in 0.71s
    cube 3805.251.44 (depth 2, 28 lits): UNSAT in 0.42s
    cube 3805.251.45 (depth 2, 28 lits): UNSAT in 0.63s
    cube 3805.251.46 (depth 2, 28 lits): UNSAT in 0.72s
    cube 3805.251.47 (depth 2, 28 lits): UNSAT in 1.54s
    cube 3805.251.48 (depth 2, 28 lits): UNSAT in 0.35s
    cube 3805.251.49 (depth 2, 28 lits): UNSAT in 0.63s
    cube 3805.251.50 (depth 2, 28 lits): UNSAT in 0.49s
    cube 3805.251.51 (depth 2, 28 lits): UNSAT in 0.87s
    cube 3805.251.52 (depth 2, 28 lits): UNSAT in 0.73s
    cube 3805.251.53 (depth 2, 28 lits): UNSAT in 0.82s
    cube 3805.251.54 (depth 2, 28 lits): UNSAT in 0.67s
    cube 3805.251.55 (depth 2, 28 lits): UNSAT in 0.79s
    cube 3805.251.56 (depth 2, 28 lits): UNSAT in 0.46s
    cube 3805.251.57 (depth 2, 28 lits): UNSAT in 0.79s
    cube 3805.251.58 (depth 2, 28 lits): UNSAT in 0.80s
    cube 3805.251.59 (depth 2, 28 lits): UNSAT in 3.55s
    cube 3805.251.60 (depth 2, 28 lits): UNSAT in 0.94s
    cube 3805.251.61 (depth 2, 28 lits): UNSAT in 3.75s
    cube 3805.251.62 (depth 2, 28 lits): UNSAT in 4.44s
    cube 3805.251.63 (depth 2, 28 lits): UNSAT in 18.99s
    cube 3805.251.64 (depth 2, 28 lits): UNSAT in 0.33s
    cube 3805.251.65 (depth 2, 28 lits): UNSAT in 0.29s
    cube 3805.251.66 (depth 2, 28 lits): UNSAT in 0.53s
    cube 3805.251.67 (depth 2, 28 lits): UNSAT in 0.69s
    cube 3805.251.68 (depth 2, 28 lits): UNSAT in 0.35s
    cube 3805.251.69 (depth 2, 28 lits): UNSAT in 0.65s
    cube 3805.251.70 (depth 2, 28 lits): UNSAT in 1.16s
    cube 3805.251.71 (depth 2, 28 lits): UNSAT in 0.82s
    cube 3805.251.72 (depth 2, 28 lits): UNSAT in 0.17s
    cube 3805.251.73 (depth 2, 28 lits): UNSAT in 0.59s
    cube 3805.251.74 (depth 2, 28 lits): UNSAT in 0.77s
    cube 3805.251.75 (depth 2, 28 lits): UNSAT in 0.98s
    cube 3805.251.76 (depth 2, 28 lits): UNSAT in 0.89s
    cube 3805.251.77 (depth 2, 28 lits): UNSAT in 1.31s
    cube 3805.251.78 (depth 2, 28 lits): UNSAT in 1.75s
    cube 3805.251.79 (depth 2, 28 lits): UNSAT in 2.34s
    cube 3805.251.80 (depth 2, 28 lits): UNSAT in 0.50s
    cube 3805.251.81 (depth 2, 28 lits): UNSAT in 0.43s
    cube 3805.251.82 (depth 2, 28 lits): UNSAT in 0.67s
    cube 3805.251.83 (depth 2, 28 lits): UNSAT in 1.38s
    cube 3805.251.84 (depth 2, 28 lits): UNSAT in 0.59s
    cube 3805.251.85 (depth 2, 28 lits): UNSAT in 1.17s
    cube 3805.251.86 (depth 2, 28 lits): UNSAT in 1.48s
    cube 3805.251.87 (depth 2, 28 lits): UNSAT in 3.80s
    cube 3805.251.88 (depth 2, 28 lits): UNSAT in 0.55s
    cube 3805.251.89 (depth 2, 28 lits): UNSAT in 0.78s
    cube 3805.251.90 (depth 2, 28 lits): UNSAT in 0.66s
    cube 3805.251.91 (depth 2, 28 lits): UNSAT in 1.71s
    cube 3805.251.92 (depth 2, 28 lits): UNSAT in 0.82s
    cube 3805.251.93 (depth 2, 28 lits): UNSAT in 4.66s
    cube 3805.251.94 (depth 2, 28 lits): UNSAT in 3.90s
    cube 3805.251.95 (depth 2, 28 lits): UNSAT in 13.15s
    cube 3805.251.96 (depth 2, 28 lits): UNSAT in 0.12s
    cube 3805.251.97 (depth 2, 28 lits): UNSAT in 0.60s
    cube 3805.251.98 (depth 2, 28 lits): UNSAT in 0.86s
    cube 3805.251.99 (depth 2, 28 lits): UNSAT in 2.45s
    cube 3805.251.100 (depth 2, 28 lits): UNSAT in 0.18s
    cube 3805.251.101 (depth 2, 28 lits): UNSAT in 0.96s
    cube 3805.251.102 (depth 2, 28 lits): UNSAT in 0.59s
    cube 3805.251.103 (depth 2, 28 lits): UNSAT in 2.95s
    cube 3805.251.104 (depth 2, 28 lits): UNSAT in 0.64s
    cube 3805.251.105 (depth 2, 28 lits): UNSAT in 2.18s
    cube 3805.251.106 (depth 2, 28 lits): UNSAT in 0.93s
    cube 3805.251.107 (depth 2, 28 lits): UNSAT in 4.04s
    cube 3805.251.108 (depth 2, 28 lits): UNSAT in 0.61s
    cube 3805.251.109 (depth 2, 28 lits): UNSAT in 1.24s
    cube 3805.251.110 (depth 2, 28 lits): UNSAT in 2.26s
    cube 3805.251.111 (depth 2, 28 lits): UNSAT in 12.99s
    cube 3805.251.112 (depth 2, 28 lits): UNSAT in 0.44s
    cube 3805.251.113 (depth 2, 28 lits): UNSAT in 1.00s
    cube 3805.251.114 (depth 2, 28 lits): UNSAT in 0.49s
    cube 3805.251.115 (depth 2, 28 lits): UNSAT in 4.29s
    cube 3805.251.116 (depth 2, 28 lits): UNSAT in 1.60s
    cube 3805.251.117 (depth 2, 28 lits): UNSAT in 5.51s
    cube 3805.251.118 (depth 2, 28 lits): UNSAT in 3.66s
    cube 3805.251.119 (depth 2, 28 lits): UNSAT in 6.28s
    cube 3805.251.120 (depth 2, 28 lits): UNSAT in 1.30s
    cube 3805.251.121 (depth 2, 28 lits): UNSAT in 3.64s
    cube 3805.251.122 (depth 2, 28 lits): UNSAT in 4.58s
    cube 3805.251.123 (depth 2, 28 lits): UNSAT in 35.07s
    cube 3805.251.124 (depth 2, 28 lits): UNSAT in 4.29s
    cube 3805.251.125 (depth 2, 28 lits): UNSAT in 9.00s
    cube 3805.251.126 (depth 2, 28 lits): UNSAT in 23.75s
    cube 3805.251.127 (depth 2, 28 lits): UNSAT in 107.97s
    cube 3805.251.128 (depth 2, 28 lits): UNSAT in 0.23s
    cube 3805.251.129 (depth 2, 28 lits): UNSAT in 0.18s
    cube 3805.251.130 (depth 2, 28 lits): UNSAT in 0.16s
    cube 3805.251.131 (depth 2, 28 lits): UNSAT in 0.51s
    cube 3805.251.132 (depth 2, 28 lits): UNSAT in 0.17s
    cube 3805.251.133 (depth 2, 28 lits): UNSAT in 0.93s
    cube 3805.251.134 (depth 2, 28 lits): UNSAT in 0.61s
    cube 3805.251.135 (depth 2, 28 lits): UNSAT in 1.52s
    cube 3805.251.136 (depth 2, 28 lits): UNSAT in 0.20s
    cube 3805.251.137 (depth 2, 28 lits): UNSAT in 0.71s
    cube 3805.251.138 (depth 2, 28 lits): UNSAT in 0.99s
    cube 3805.251.139 (depth 2, 28 lits): UNSAT in 2.16s
    cube 3805.251.140 (depth 2, 28 lits): UNSAT in 0.54s
    cube 3805.251.141 (depth 2, 28 lits): UNSAT in 0.86s
    cube 3805.251.142 (depth 2, 28 lits): UNSAT in 1.48s
    cube 3805.251.143 (depth 2, 28 lits): UNSAT in 2.78s
    cube 3805.251.144 (depth 2, 28 lits): UNSAT in 0.26s
    cube 3805.251.145 (depth 2, 28 lits): UNSAT in 0.48s
    cube 3805.251.146 (depth 2, 28 lits): UNSAT in 0.45s
    cube 3805.251.147 (depth 2, 28 lits): UNSAT in 0.97s
    cube 3805.251.148 (depth 2, 28 lits): UNSAT in 0.81s
    cube 3805.251.149 (depth 2, 28 lits): UNSAT in 1.18s
    cube 3805.251.150 (depth 2, 28 lits): UNSAT in 1.96s
    cube 3805.251.151 (depth 2, 28 lits): UNSAT in 1.35s
    cube 3805.251.152 (depth 2, 28 lits): UNSAT in 0.24s
    cube 3805.251.153 (depth 2, 28 lits): UNSAT in 1.37s
    cube 3805.251.154 (depth 2, 28 lits): UNSAT in 1.41s
    cube 3805.251.155 (depth 2, 28 lits): UNSAT in 3.60s
    cube 3805.251.156 (depth 2, 28 lits): UNSAT in 0.62s
    cube 3805.251.157 (depth 2, 28 lits): UNSAT in 4.03s
    cube 3805.251.158 (depth 2, 28 lits): UNSAT in 7.92s
    cube 3805.251.159 (depth 2, 28 lits): UNSAT in 13.42s
    cube 3805.251.160 (depth 2, 28 lits): UNSAT in 0.11s
    cube 3805.251.161 (depth 2, 28 lits): UNSAT in 0.43s
    cube 3805.251.162 (depth 2, 28 lits): UNSAT in 0.57s
    cube 3805.251.163 (depth 2, 28 lits): UNSAT in 1.59s
    cube 3805.251.164 (depth 2, 28 lits): UNSAT in 0.52s
    cube 3805.251.165 (depth 2, 28 lits): UNSAT in 0.86s
    cube 3805.251.166 (depth 2, 28 lits): UNSAT in 0.82s
    cube 3805.251.167 (depth 2, 28 lits): UNSAT in 2.02s
    cube 3805.251.168 (depth 2, 28 lits): UNSAT in 0.52s
    cube 3805.251.169 (depth 2, 28 lits): UNSAT in 0.99s
    cube 3805.251.170 (depth 2, 28 lits): UNSAT in 1.06s
    cube 3805.251.171 (depth 2, 28 lits): UNSAT in 4.08s
    cube 3805.251.172 (depth 2, 28 lits): UNSAT in 1.29s
    cube 3805.251.173 (depth 2, 28 lits): UNSAT in 2.49s
    cube 3805.251.174 (depth 2, 28 lits): UNSAT in 3.79s
    cube 3805.251.175 (depth 2, 28 lits): UNSAT in 13.31s
    cube 3805.251.176 (depth 2, 28 lits): UNSAT in 0.48s
    cube 3805.251.177 (depth 2, 28 lits): UNSAT in 1.34s
    cube 3805.251.178 (depth 2, 28 lits): UNSAT in 4.82s
    cube 3805.251.179 (depth 2, 28 lits): UNSAT in 13.68s
    cube 3805.251.180 (depth 2, 28 lits): UNSAT in 1.63s
    cube 3805.251.181 (depth 2, 28 lits): UNSAT in 3.74s
    cube 3805.251.182 (depth 2, 28 lits): UNSAT in 7.17s
    cube 3805.251.183 (depth 2, 28 lits): UNSAT in 34.29s
    cube 3805.251.184 (depth 2, 28 lits): UNSAT in 0.74s
    cube 3805.251.185 (depth 2, 28 lits): UNSAT in 3.37s
    cube 3805.251.186 (depth 2, 28 lits): UNSAT in 4.81s
    cube 3805.251.187 (depth 2, 28 lits): UNSAT in 11.87s
    cube 3805.251.188 (depth 2, 28 lits): UNSAT in 6.82s
    cube 3805.251.189 (depth 2, 28 lits): UNSAT in 18.72s
    cube 3805.251.190 (depth 2, 28 lits): UNSAT in 43.60s
