  shard 0/4 (round-robin): 983 of 3930 cubes, per-cube cap 600.0s, re-split depth 7
    cube 0 (depth 0, 22 lits): UNSAT in 0.01s
    cube 4 (depth 0, 22 lits): UNSAT in 0.02s
    cube 8 (depth 0, 23 lits): UNSAT in 0.02s
    cube 12 (depth 0, 23 lits): UNSAT in 0.01s
    cube 16 (depth 0, 23 lits): UNSAT in 0.02s
    cube 20 (depth 0, 23 lits): UNSAT in 0.01s
    cube 24 (depth 0, 24 lits): UNSAT in 0.02s
    cube 28 (depth 0, 24 lits): UNSAT in 0.04s
    cube 32 (depth 0, 24 lits): UNSAT in 0.01s
    cube 36 (depth 0, 23 lits): UNSAT in 0.01s
    cube 40 (depth 0, 24 lits): UNSAT in 0.03s
    cube 44 (depth 0, 24 lits): UNSAT in 0.02s
    cube 48 (depth 0, 24 lits): UNSAT in 0.01s
    cube 52 (depth 0, 24 lits): UNSAT in 0.01s
    cube 56 (depth 0, 24 lits): UNSAT in 0.02s
    cube 60 (depth 0, 24 lits): UNSAT in 0.02s
    cube 64 (depth 0, 24 lits): UNSAT in 0.02s
    cube 68 (depth 0, 24 lits): UNSAT in 0.02s
    cube 72 (depth 0, 24 lits): UNSAT in 0.10s
    cube 76 (depth 0, 24 lits): UNSAT in 0.03s
    cube 80 (depth 0, 24 lits): UNSAT in 0.13s
    cube 84 (depth 0, 24 lits): UNSAT in 0.03s
    cube 88 (depth 0, 24 lits): UNSAT in 0.19s
    cube 92 (depth 0, 24 lits): UNSAT in 0.02s
    cube 96 (depth 0, 24 lits): UNSAT in 0.02s
    cube 100 (depth 0, 24 lits): UNSAT in 0.02s
    cube 104 (depth 0, 24 lits): UNSAT in 0.02s
    cube 108 (depth 0, 24 lits): UNSAT in 0.05s
    cube 112 (depth 0, 24 lits): UNSAT in 0.02s
    cube 116 (depth 0, 24 lits): UNSAT in 0.04s
    cube 120 (depth 0, 24 lits): UNSAT in 0.02s
    cube 124 (depth 0, 24 lits): UNSAT in 0.02s
    cube 128 (depth 0, 23 lits): UNSAT in 0.02s
    cube 132 (depth 0, 24 lits): UNSAT in 0.27s
    cube 136 (depth 0, 24 lits): UNSAT in 0.16s
    cube 140 (depth 0, 24 lits): UNSAT in 0.07s
    cube 144 (depth 0, 24 lits): UNSAT in 0.03s
    cube 148 (depth 0, 24 lits): UNSAT in 0.18s
    cube 152 (depth 0, 24 lits): UNSAT in 0.03s
    cube 156 (depth 0, 24 lits): UNSAT in 0.05s
    cube 160 (depth 0, 24 lits): UNSAT in 0.05s
    cube 164 (depth 0, 24 lits): UNSAT in 0.22s
    cube 168 (depth 0, 24 lits): UNSAT in 0.03s
    cube 172 (depth 0, 24 lits): UNSAT in 0.04s
    cube 176 (depth 0, 24 lits): UNSAT in 0.07s
    cube 180 (depth 0, 24 lits): UNSAT in 0.02s
    cube 184 (depth 0, 24 lits): UNSAT in 0.02s
    cube 188 (depth 0, 24 lits): UNSAT in 0.02s
    cube 192 (depth 0, 24 lits): UNSAT in 0.03s
    cube 196 (depth 0, 24 lits): UNSAT in 0.02s
    cube 200 (depth 0, 24 lits): UNSAT in 0.03s
    cube 204 (depth 0, 24 lits): UNSAT in 0.39s
    cube 208 (depth 0, 24 lits): UNSAT in 0.12s
    cube 212 (depth 0, 22 lits): UNSAT in 0.01s
    cube 216 (depth 0, 24 lits): UNSAT in 0.02s
    cube 220 (depth 0, 22 lits): UNSAT in 0.02s
    cube 224 (depth 0, 24 lits): UNSAT in 0.02s
    cube 228 (depth 0, 24 lits): UNSAT in 0.03s
    cube 232 (depth 0, 23 lits): UNSAT in 0.02s
    cube 236 (depth 0, 24 lits): UNSAT in 0.02s
    cube 240 (depth 0, 24 lits): UNSAT in 0.02s
    cube 244 (depth 0, 24 lits): UNSAT in 0.08s
    cube 248 (depth 0, 24 lits): UNSAT in 0.03s
    cube 252 (depth 0, 24 lits): UNSAT in 0.06s
    cube 256 (depth 0, 24 lits): UNSAT in 0.06s
    cube 260 (depth 0, 24 lits): UNSAT in 0.26s
    cube 264 (depth 0, 24 lits): UNSAT in 0.02s
    cube 268 (depth 0, 24 lits): UNSAT in 0.03s
    cube 272 (depth 0, 24 lits): UNSAT in 0.02s
    cube 276 (depth 0, 24 lits): UNSAT in 0.02s
    cube 280 (depth 0, 24 lits): UNSAT in 0.04s
    cube 284 (depth 0, 24 lits): UNSAT in 0.04s
    cube 288 (depth 0, 24 lits): UNSAT in 0.05s
    cube 292 (depth 0, 24 lits): UNSAT in 0.03s
    cube 296 (depth 0, 23 lits): UNSAT in 0.01s
    cube 300 (depth 0, 24 lits): UNSAT in 0.14s
    cube 304 (depth 0, 24 lits): UNSAT in 0.05s
    cube 308 (depth 0, 24 lits): UNSAT in 0.06s
    cube 312 (depth 0, 24 lits): UNSAT in 0.08s
    cube 316 (depth 0, 24 lits): UNSAT in 0.10s
    cube 320 (depth 0, 24 lits): UNSAT in 0.02s
    cube 324 (depth 0, 24 lits): UNSAT in 0.01s
    cube 328 (depth 0, 24 lits): UNSAT in 0.02s
    cube 332 (depth 0, 24 lits): UNSAT in 0.04s
    cube 336 (depth 0, 24 lits): UNSAT in 0.02s
    cube 340 (depth 0, 24 lits): UNSAT in 0.02s
    cube 344 (depth 0, 24 lits): UNSAT in 0.09s
    cube 348 (depth 0, 24 lits): UNSAT in 0.07s
    cube 352 (depth 0, 24 lits): UNSAT in 0.02s
    cube 356 (depth 0, 24 lits): UNSAT in 0.04s
    cube 360 (depth 0, 24 lits): UNSAT in 0.05s
    cube 364 (depth 0, 24 lits): UNSAT in 0.05s
    cube 368 (depth 0, 24 lits): UNSAT in 0.02s
    cube 372 (depth 0, 24 lits): UNSAT in 0.04s
    cube 376 (depth 0, 24 lits): UNSAT in 0.25s
    cube 380 (depth 0, 24 lits): UNSAT in 0.18s
    cube 384 (depth 0, 24 lits): UNSAT in 0.03s
    cube 388 (depth 0, 24 lits): UNSAT in 0.08s
    cube 392 (depth 0, 24 lits): UNSAT in 0.03s
    cube 396 (depth 0, 24 lits): UNSAT in 0.14s
    cube 400 (depth 0, 24 lits): UNSAT in 0.05s
    cube 404 (depth 0, 24 lits): UNSAT in 0.11s
    cube 408 (depth 0, 24 lits): UNSAT in 1.15s
    cube 412 (depth 0, 24 lits): UNSAT in 3.56s
    cube 416 (depth 0, 24 lits): UNSAT in 0.22s
    cube 420 (depth 0, 24 lits): UNSAT in 1.19s
    cube 424 (depth 0, 24 lits): UNSAT in 0.10s
    cube 428 (depth 0, 24 lits): UNSAT in 5.08s
    cube 432 (depth 0, 24 lits): UNSAT in 0.99s
    cube 436 (depth 0, 24 lits): UNSAT in 8.87s
    cube 440 (depth 0, 24 lits): UNSAT in 7.46s
    cube 444 (depth 0, 24 lits): UNSAT in 38.58s
    cube 448 (depth 0, 23 lits): UNSAT in 0.01s
    cube 452 (depth 0, 23 lits): UNSAT in 0.02s
    cube 456 (depth 0, 24 lits): UNSAT in 0.03s
    cube 460 (depth 0, 24 lits): UNSAT in 0.01s
    cube 464 (depth 0, 24 lits): UNSAT in 0.02s
    cube 468 (depth 0, 24 lits): UNSAT in 0.02s
    cube 472 (depth 0, 24 lits): UNSAT in 0.02s
    cube 476 (depth 0, 24 lits): UNSAT in 0.07s
    cube 480 (depth 0, 24 lits): UNSAT in 0.02s
    cube 484 (depth 0, 24 lits): UNSAT in 0.04s
    cube 488 (depth 0, 24 lits): UNSAT in 0.04s
    cube 492 (depth 0, 23 lits): UNSAT in 0.02s
    cube 496 (depth 0, 24 lits): UNSAT in 0.02s
    cube 500 (depth 0, 23 lits): UNSAT in 0.02s
    cube 504 (depth 0, 24 lits): UNSAT in 0.01s
    cube 508 (depth 0, 23 lits): UNSAT in 0.01s
    cube 512 (depth 0, 24 lits): UNSAT in 0.02s
    cube 516 (depth 0, 24 lits): UNSAT in 0.05s
    cube 520 (depth 0, 24 lits): UNSAT in 0.02s
    cube 524 (depth 0, 24 lits): UNSAT in 0.03s
    cube 528 (depth 0, 24 lits): UNSAT in 0.03s
    cube 532 (depth 0, 24 lits): UNSAT in 0.08s
    cube 536 (depth 0, 23 lits): UNSAT in 0.01s
    cube 540 (depth 0, 24 lits): UNSAT in 0.02s
    cube 544 (depth 0, 24 lits): UNSAT in 0.10s
    cube 548 (depth 0, 24 lits): UNSAT in 0.61s
    cube 552 (depth 0, 24 lits): UNSAT in 0.04s
    cube 556 (depth 0, 24 lits): UNSAT in 0.08s
    cube 560 (depth 0, 24 lits): UNSAT in 0.09s
    cube 564 (depth 0, 24 lits): UNSAT in 0.09s
    cube 568 (depth 0, 24 lits): UNSAT in 0.14s
    cube 572 (depth 0, 24 lits): UNSAT in 0.14s
    cube 576 (depth 0, 24 lits): UNSAT in 0.15s
    cube 580 (depth 0, 24 lits): UNSAT in 0.23s
    cube 584 (depth 0, 24 lits): UNSAT in 0.06s
    cube 588 (depth 0, 24 lits): UNSAT in 0.11s
    cube 592 (depth 0, 24 lits): UNSAT in 0.06s
    cube 596 (depth 0, 24 lits): UNSAT in 0.48s
    cube 600 (depth 0, 24 lits): UNSAT in 0.04s
    cube 604 (depth 0, 24 lits): UNSAT in 0.17s
    cube 608 (depth 0, 24 lits): UNSAT in 0.15s
    cube 612 (depth 0, 24 lits): UNSAT in 1.10s
    cube 616 (depth 0, 24 lits): UNSAT in 0.02s
    cube 620 (depth 0, 24 lits): UNSAT in 0.04s
    cube 624 (depth 0, 24 lits): UNSAT in 0.08s
    cube 628 (depth 0, 24 lits): UNSAT in 0.09s
    cube 632 (depth 0, 24 lits): UNSAT in 0.05s
    cube 636 (depth 0, 24 lits): UNSAT in 0.21s
    cube 640 (depth 0, 24 lits): UNSAT in 0.15s
    cube 644 (depth 0, 24 lits): UNSAT in 0.28s
    cube 648 (depth 0, 24 lits): UNSAT in 0.04s
    cube 652 (depth 0, 24 lits): UNSAT in 0.13s
    cube 656 (depth 0, 24 lits): UNSAT in 0.09s
    cube 660 (depth 0, 24 lits): UNSAT in 2.43s
    cube 664 (depth 0, 24 lits): UNSAT in 0.70s
    cube 668 (depth 0, 24 lits): UNSAT in 1.59s
    cube 672 (depth 0, 24 lits): UNSAT in 1.07s
    cube 676 (depth 0, 24 lits): UNSAT in 7.71s
    cube 680 (depth 0, 24 lits): UNSAT in 0.02s
    cube 684 (depth 0, 24 lits): UNSAT in 0.03s
    cube 688 (depth 0, 24 lits): UNSAT in 0.03s
    cube 692 (depth 0, 24 lits): UNSAT in 0.04s
    cube 696 (depth 0, 24 lits): UNSAT in 0.13s
    cube 700 (depth 0, 24 lits): UNSAT in 0.37s
    cube 704 (depth 0, 24 lits): UNSAT in 0.02s
    cube 708 (depth 0, 24 lits): UNSAT in 0.05s
    cube 712 (depth 0, 23 lits): UNSAT in 0.01s
    cube 716 (depth 0, 24 lits): UNSAT in 0.02s
    cube 720 (depth 0, 24 lits): UNSAT in 0.09s
    cube 724 (depth 0, 24 lits): UNSAT in 0.02s
    cube 728 (depth 0, 24 lits): UNSAT in 0.14s
    cube 732 (depth 0, 24 lits): UNSAT in 0.02s
    cube 736 (depth 0, 24 lits): UNSAT in 0.03s
    cube 740 (depth 0, 24 lits): UNSAT in 0.04s
    cube 744 (depth 0, 24 lits): UNSAT in 0.09s
    cube 748 (depth 0, 24 lits): UNSAT in 0.04s
    cube 752 (depth 0, 24 lits): UNSAT in 0.12s
    cube 756 (depth 0, 24 lits): UNSAT in 0.31s
    cube 760 (depth 0, 24 lits): UNSAT in 0.16s
    cube 764 (depth 0, 24 lits): UNSAT in 0.03s
    cube 768 (depth 0, 24 lits): UNSAT in 0.02s
    cube 772 (depth 0, 24 lits): UNSAT in 0.09s
    cube 776 (depth 0, 24 lits): UNSAT in 0.33s
    cube 780 (depth 0, 24 lits): UNSAT in 0.06s
    cube 784 (depth 0, 24 lits): UNSAT in 0.09s
    cube 788 (depth 0, 24 lits): UNSAT in 0.12s
    cube 792 (depth 0, 24 lits): UNSAT in 0.76s
    cube 796 (depth 0, 24 lits): UNSAT in 0.02s
    cube 800 (depth 0, 24 lits): UNSAT in 0.07s
    cube 804 (depth 0, 24 lits): UNSAT in 0.08s
    cube 808 (depth 0, 24 lits): UNSAT in 0.17s
    cube 812 (depth 0, 24 lits): UNSAT in 0.04s
    cube 816 (depth 0, 24 lits): UNSAT in 0.10s
    cube 820 (depth 0, 24 lits): UNSAT in 0.08s
    cube 824 (depth 0, 24 lits): UNSAT in 0.13s
    cube 828 (depth 0, 24 lits): UNSAT in 0.03s
    cube 832 (depth 0, 24 lits): UNSAT in 0.08s
    cube 836 (depth 0, 24 lits): UNSAT in 0.13s
    cube 840 (depth 0, 24 lits): UNSAT in 0.40s
    cube 844 (depth 0, 24 lits): UNSAT in 0.05s
    cube 848 (depth 0, 24 lits): UNSAT in 0.29s
    cube 852 (depth 0, 24 lits): UNSAT in 1.00s
    cube 856 (depth 0, 24 lits): UNSAT in 1.03s
    cube 860 (depth 0, 24 lits): UNSAT in 0.05s
    cube 864 (depth 0, 24 lits): UNSAT in 0.33s
    cube 868 (depth 0, 24 lits): UNSAT in 0.04s
    cube 872 (depth 0, 24 lits): UNSAT in 1.82s
    cube 876 (depth 0, 24 lits): UNSAT in 0.04s
    cube 880 (depth 0, 24 lits): UNSAT in 0.17s
    cube 884 (depth 0, 24 lits): UNSAT in 0.17s
    cube 888 (depth 0, 24 lits): UNSAT in 0.71s
    cube 892 (depth 0, 24 lits): UNSAT in 0.04s
    cube 896 (depth 0, 24 lits): UNSAT in 0.29s
    cube 900 (depth 0, 24 lits): UNSAT in 0.50s
    cube 904 (depth 0, 24 lits): UNSAT in 3.84s
    cube 908 (depth 0, 24 lits): UNSAT in 0.11s
    cube 912 (depth 0, 24 lits): UNSAT in 0.45s
    cube 916 (depth 0, 24 lits): UNSAT in 1.83s
    cube 920 (depth 0, 24 lits): UNSAT in 33.53s
    cube 924 (depth 0, 24 lits): UNSAT in 0.01s
    cube 928 (depth 0, 24 lits): UNSAT in 0.02s
    cube 932 (depth 0, 24 lits): UNSAT in 0.02s
    cube 936 (depth 0, 24 lits): UNSAT in 0.02s
    cube 940 (depth 0, 24 lits): UNSAT in 0.02s
    cube 944 (depth 0, 24 lits): UNSAT in 0.04s
    cube 948 (depth 0, 24 lits): UNSAT in 0.02s
    cube 952 (depth 0, 24 lits): UNSAT in 0.04s
    cube 956 (depth 0, 23 lits): UNSAT in 0.02s
    cube 960 (depth 0, 24 lits): UNSAT in 0.03s
    cube 964 (depth 0, 24 lits): UNSAT in 0.02s
    cube 968 (depth 0, 24 lits): UNSAT in 0.02s
    cube 972 (depth 0, 24 lits): UNSAT in 0.02s
    cube 976 (depth 0, 24 lits): UNSAT in 0.02s
    cube 980 (depth 0, 24 lits): UNSAT in 0.02s
    cube 984 (depth 0, 24 lits): UNSAT in 0.02s
    cube 988 (depth 0, 24 lits): UNSAT in 0.03s
    cube 992 (depth 0, 24 lits): UNSAT in 0.02s
    cube 996 (depth 0, 24 lits): UNSAT in 0.02s
    cube 1000 (depth 0, 24 lits): UNSAT in 0.02s
    cube 1004 (depth 0, 24 lits): UNSAT in 0.12s
    cube 1008 (depth 0, 24 lits): UNSAT in 0.03s
    cube 1012 (depth 0, 24 lits): UNSAT in 0.21s
    cube 1016 (depth 0, 24 lits): UNSAT in 0.02s
    cube 1020 (depth 0, 24 lits): UNSAT in 0.07s
    cube 1024 (depth 0, 24 lits): UNSAT in 0.08s
    cube 1028 (depth 0, 24 lits): UNSAT in 0.29s
    cube 1032 (depth 0, 24 lits): UNSAT in 0.07s
    cube 1036 (depth 0, 24 lits): UNSAT in 0.22s
    cube 1040 (depth 0, 24 lits): UNSAT in 0.29s
    cube 1044 (depth 0, 24 lits): UNSAT in 1.61s
    cube 1048 (depth 0, 24 lits): UNSAT in 0.02s
    cube 1052 (depth 0, 24 lits): UNSAT in 0.01s
    cube 1056 (depth 0, 24 lits): UNSAT in 0.02s
    cube 1060 (depth 0, 23 lits): UNSAT in 0.01s
    cube 1064 (depth 0, 24 lits): UNSAT in 0.02s
    cube 1068 (depth 0, 24 lits): UNSAT in 0.02s
    cube 1072 (depth 0, 24 lits): UNSAT in 0.05s
    cube 1076 (depth 0, 24 lits): UNSAT in 0.05s
    cube 1080 (depth 0, 24 lits): UNSAT in 0.09s
    cube 1084 (depth 0, 24 lits): UNSAT in 0.02s
    cube 1088 (depth 0, 24 lits): UNSAT in 0.17s
    cube 1092 (depth 0, 24 lits): UNSAT in 0.02s
    cube 1096 (depth 0, 24 lits): UNSAT in 0.16s
    cube 1100 (depth 0, 24 lits): UNSAT in 0.18s
    cube 1104 (depth 0, 24 lits): UNSAT in 0.73s
    cube 1108 (depth 0, 24 lits): UNSAT in 0.02s
    cube 1112 (depth 0, 24 lits): UNSAT in 0.03s
    cube 1116 (depth 0, 24 lits): UNSAT in 0.04s
    cube 1120 (depth 0, 24 lits): UNSAT in 0.12s
    cube 1124 (depth 0, 24 lits): UNSAT in 0.05s
    cube 1128 (depth 0, 24 lits): UNSAT in 0.23s
    cube 1132 (depth 0, 24 lits): UNSAT in 0.05s
    cube 1136 (depth 0, 24 lits): UNSAT in 3.68s
    cube 1140 (depth 0, 24 lits): UNSAT in 0.04s
    cube 1144 (depth 0, 24 lits): UNSAT in 0.07s
    cube 1148 (depth 0, 24 lits): UNSAT in 0.23s
    cube 1152 (depth 0, 24 lits): UNSAT in 0.65s
    cube 1156 (depth 0, 24 lits): UNSAT in 0.08s
    cube 1160 (depth 0, 24 lits): UNSAT in 0.47s
    cube 1164 (depth 0, 24 lits): UNSAT in 0.07s
    cube 1168 (depth 0, 24 lits): UNSAT in 1.15s
    cube 1172 (depth 0, 24 lits): UNSAT in 0.01s
    cube 1176 (depth 0, 24 lits): UNSAT in 0.02s
    cube 1180 (depth 0, 24 lits): UNSAT in 0.01s
    cube 1184 (depth 0, 24 lits): UNSAT in 0.02s
    cube 1188 (depth 0, 24 lits): UNSAT in 0.02s
    cube 1192 (depth 0, 24 lits): UNSAT in 0.01s
    cube 1196 (depth 0, 24 lits): UNSAT in 0.02s
    cube 1200 (depth 0, 24 lits): UNSAT in 0.06s
    cube 1204 (depth 0, 24 lits): UNSAT in 0.02s
    cube 1208 (depth 0, 24 lits): UNSAT in 0.03s
    cube 1212 (depth 0, 24 lits): UNSAT in 0.12s
    cube 1216 (depth 0, 24 lits): UNSAT in 0.31s
    cube 1220 (depth 0, 24 lits): UNSAT in 0.04s
    cube 1224 (depth 0, 24 lits): UNSAT in 0.16s
    cube 1228 (depth 0, 24 lits): UNSAT in 0.06s
    cube 1232 (depth 0, 24 lits): UNSAT in 0.35s
    cube 1236 (depth 0, 24 lits): UNSAT in 0.02s
    cube 1240 (depth 0, 24 lits): UNSAT in 0.04s
    cube 1244 (depth 0, 24 lits): UNSAT in 0.02s
    cube 1248 (depth 0, 24 lits): UNSAT in 0.04s
    cube 1252 (depth 0, 24 lits): UNSAT in 0.21s
    cube 1256 (depth 0, 24 lits): UNSAT in 0.10s
    cube 1260 (depth 0, 24 lits): UNSAT in 0.15s
    cube 1264 (depth 0, 24 lits): UNSAT in 0.02s
    cube 1268 (depth 0, 24 lits): UNSAT in 0.07s
    cube 1272 (depth 0, 24 lits): UNSAT in 0.13s
    cube 1276 (depth 0, 24 lits): UNSAT in 0.09s
    cube 1280 (depth 0, 24 lits): UNSAT in 0.03s
    cube 1284 (depth 0, 24 lits): UNSAT in 0.03s
    cube 1288 (depth 0, 24 lits): UNSAT in 0.05s
    cube 1292 (depth 0, 24 lits): UNSAT in 0.07s
    cube 1296 (depth 0, 24 lits): UNSAT in 0.01s
    cube 1300 (depth 0, 24 lits): UNSAT in 0.01s
    cube 1304 (depth 0, 24 lits): UNSAT in 0.04s
    cube 1308 (depth 0, 24 lits): UNSAT in 0.03s
    cube 1312 (depth 0, 22 lits): UNSAT in 0.02s
    cube 1316 (depth 0, 24 lits): UNSAT in 0.08s
    cube 1320 (depth 0, 24 lits): UNSAT in 0.24s
    cube 1324 (depth 0, 24 lits): UNSAT in 0.52s
    cube 1328 (depth 0, 24 lits): UNSAT in 0.06s
    cube 1332 (depth 0, 24 lits): UNSAT in 0.10s
    cube 1336 (depth 0, 24 lits): UNSAT in 0.03s
    cube 1340 (depth 0, 24 lits): UNSAT in 0.54s
    cube 1344 (depth 0, 24 lits): UNSAT in 0.30s
    cube 1348 (depth 0, 24 lits): UNSAT in 1.77s
    cube 1352 (depth 0, 24 lits): UNSAT in 2.61s
    cube 1356 (depth 0, 24 lits): UNSAT in 11.52s
    cube 1360 (depth 0, 24 lits): UNSAT in 0.06s
    cube 1364 (depth 0, 24 lits): UNSAT in 0.26s
    cube 1368 (depth 0, 24 lits): UNSAT in 0.49s
    cube 1372 (depth 0, 24 lits): UNSAT in 11.43s
    cube 1376 (depth 0, 24 lits): UNSAT in 0.34s
    cube 1380 (depth 0, 24 lits): UNSAT in 2.22s
    cube 1384 (depth 0, 24 lits): UNSAT in 2.49s
    cube 1388 (depth 0, 24 lits): UNSAT in 32.38s
    cube 1392 (depth 0, 24 lits): UNSAT in 0.85s
    cube 1396 (depth 0, 24 lits): UNSAT in 1.37s
    cube 1400 (depth 0, 24 lits): UNSAT in 4.58s
    cube 1404 (depth 0, 24 lits): UNSAT in 44.19s
    cube 1408 (depth 0, 24 lits): UNSAT in 2.35s
    cube 1412 (depth 0, 24 lits): UNSAT in 81.62s
    cube 1416 (depth 0, 24 lits): UNSAT in 49.82s
    cube 1420 (depth 0, 24 lits): UNSAT in 260.28s
    cube 1424 (depth 0, 23 lits): UNSAT in 0.01s
    cube 1428 (depth 0, 24 lits): UNSAT in 0.02s
    cube 1432 (depth 0, 24 lits): UNSAT in 0.02s
    cube 1436 (depth 0, 23 lits): UNSAT in 0.02s
    cube 1440 (depth 0, 24 lits): UNSAT in 0.04s
    cube 1444 (depth 0, 24 lits): UNSAT in 0.07s
    cube 1448 (depth 0, 24 lits): UNSAT in 0.04s
    cube 1452 (depth 0, 24 lits): UNSAT in 0.06s
    cube 1456 (depth 0, 24 lits): UNSAT in 0.11s
    cube 1460 (depth 0, 24 lits): UNSAT in 0.17s
    cube 1464 (depth 0, 24 lits): UNSAT in 0.05s
    cube 1468 (depth 0, 24 lits): UNSAT in 0.19s
    cube 1472 (depth 0, 24 lits): UNSAT in 0.29s
    cube 1476 (depth 0, 24 lits): UNSAT in 0.56s
    cube 1480 (depth 0, 24 lits): UNSAT in 0.04s
    cube 1484 (depth 0, 24 lits): UNSAT in 0.29s
    cube 1488 (depth 0, 24 lits): UNSAT in 0.14s
    cube 1492 (depth 0, 24 lits): UNSAT in 0.47s
    cube 1496 (depth 0, 24 lits): UNSAT in 0.04s
    cube 1500 (depth 0, 24 lits): UNSAT in 0.08s
    cube 1504 (depth 0, 24 lits): UNSAT in 0.23s
    cube 1508 (depth 0, 24 lits): UNSAT in 0.91s
    cube 1512 (depth 0, 24 lits): UNSAT in 0.09s
    cube 1516 (depth 0, 24 lits): UNSAT in 0.16s
    cube 1520 (depth 0, 24 lits): UNSAT in 0.33s
    cube 1524 (depth 0, 24 lits): UNSAT in 1.58s
    cube 1528 (depth 0, 24 lits): UNSAT in 1.29s
    cube 1532 (depth 0, 24 lits): UNSAT in 1.65s
    cube 1536 (depth 0, 24 lits): UNSAT in 0.52s
    cube 1540 (depth 0, 24 lits): UNSAT in 5.72s
    cube 1544 (depth 0, 24 lits): UNSAT in 0.04s
    cube 1548 (depth 0, 24 lits): UNSAT in 0.04s
    cube 1552 (depth 0, 24 lits): UNSAT in 0.02s
    cube 1556 (depth 0, 24 lits): UNSAT in 0.03s
    cube 1560 (depth 0, 24 lits): UNSAT in 0.58s
    cube 1564 (depth 0, 24 lits): UNSAT in 0.18s
    cube 1568 (depth 0, 24 lits): UNSAT in 0.38s
    cube 1572 (depth 0, 24 lits): UNSAT in 0.13s
    cube 1576 (depth 0, 24 lits): UNSAT in 0.02s
    cube 1580 (depth 0, 24 lits): UNSAT in 0.03s
    cube 1584 (depth 0, 24 lits): UNSAT in 0.17s
    cube 1588 (depth 0, 24 lits): UNSAT in 0.29s
    cube 1592 (depth 0, 24 lits): UNSAT in 0.17s
    cube 1596 (depth 0, 24 lits): UNSAT in 0.65s
    cube 1600 (depth 0, 24 lits): UNSAT in 9.74s
    cube 1604 (depth 0, 24 lits): UNSAT in 0.06s
    cube 1608 (depth 0, 24 lits): UNSAT in 0.06s
    cube 1612 (depth 0, 24 lits): UNSAT in 0.37s
    cube 1616 (depth 0, 24 lits): UNSAT in 0.10s
    cube 1620 (depth 0, 24 lits): UNSAT in 0.42s
    cube 1624 (depth 0, 24 lits): UNSAT in 0.45s
    cube 1628 (depth 0, 24 lits): UNSAT in 0.48s
    cube 1632 (depth 0, 24 lits): UNSAT in 12.51s
    cube 1636 (depth 0, 24 lits): UNSAT in 0.03s
    cube 1640 (depth 0, 24 lits): UNSAT in 0.15s
    cube 1644 (depth 0, 24 lits): UNSAT in 0.27s
    cube 1648 (depth 0, 24 lits): UNSAT in 10.81s
    cube 1652 (depth 0, 24 lits): UNSAT in 6.30s
    cube 1656 (depth 0, 24 lits): UNSAT in 9.52s
    cube 1660 (depth 0, 24 lits): UNSAT in 22.86s
    cube 1664 (depth 0, 24 lits): UNSAT in 45.82s
    cube 1668 (depth 0, 24 lits): UNSAT in 0.04s
    cube 1672 (depth 0, 24 lits): UNSAT in 0.02s
    cube 1676 (depth 0, 24 lits): UNSAT in 0.03s
    cube 1680 (depth 0, 24 lits): UNSAT in 0.06s
    cube 1684 (depth 0, 24 lits): UNSAT in 0.06s
    cube 1688 (depth 0, 24 lits): UNSAT in 0.11s
    cube 1692 (depth 0, 24 lits): UNSAT in 0.16s
    cube 1696 (depth 0, 24 lits): UNSAT in 0.26s
    cube 1700 (depth 0, 24 lits): UNSAT in 0.03s
    cube 1704 (depth 0, 24 lits): UNSAT in 0.07s
    cube 1708 (depth 0, 24 lits): UNSAT in 0.17s
    cube 1712 (depth 0, 24 lits): UNSAT in 0.14s
    cube 1716 (depth 0, 24 lits): UNSAT in 0.14s
    cube 1720 (depth 0, 24 lits): UNSAT in 1.87s
    cube 1724 (depth 0, 24 lits): UNSAT in 1.61s
    cube 1728 (depth 0, 24 lits): UNSAT in 10.26s
    cube 1732 (depth 0, 24 lits): UNSAT in 0.11s
    cube 1736 (depth 0, 24 lits): UNSAT in 0.24s
    cube 1740 (depth 0, 24 lits): UNSAT in 0.73s
    cube 1744 (depth 0, 24 lits): UNSAT in 5.26s
    cube 1748 (depth 0, 24 lits): UNSAT in 0.64s
    cube 1752 (depth 0, 24 lits): UNSAT in 0.84s
    cube 1756 (depth 0, 24 lits): UNSAT in 2.19s
    cube 1760 (depth 0, 24 lits): UNSAT in 63.73s
    cube 1764 (depth 0, 24 lits): UNSAT in 0.84s
    cube 1768 (depth 0, 24 lits): UNSAT in 8.58s
    cube 1772 (depth 0, 24 lits): UNSAT in 5.41s
    cube 1776 (depth 0, 24 lits): UNSAT in 39.00s
    cube 1780 (depth 0, 24 lits): UNSAT in 8.06s
    cube 1784 (depth 0, 24 lits): UNSAT in 93.56s
    cube 1788 (depth 0, 24 lits): UNSAT in 52.07s
    cube 1792 (depth 0, 24 lits): UNSAT in 286.09s
    cube 1796 (depth 0, 24 lits): UNSAT in 0.09s
    cube 1800 (depth 0, 24 lits): UNSAT in 1.15s
    cube 1804 (depth 0, 24 lits): UNSAT in 2.01s
    cube 1808 (depth 0, 24 lits): UNSAT in 1.38s
    cube 1812 (depth 0, 24 lits): UNSAT in 0.47s
    cube 1816 (depth 0, 24 lits): UNSAT in 2.89s
    cube 1820 (depth 0, 24 lits): UNSAT in 4.67s
    cube 1824 (depth 0, 24 lits): UNSAT in 12.43s
    cube 1828 (depth 0, 24 lits): UNSAT in 1.10s
    cube 1832 (depth 0, 24 lits): UNSAT in 8.42s
    cube 1836 (depth 0, 24 lits): UNSAT in 6.24s
    cube 1840 (depth 0, 24 lits): UNSAT in 23.50s
    cube 1844 (depth 0, 24 lits): UNSAT in 5.73s
    cube 1848 (depth 0, 24 lits): UNSAT in 38.59s
    cube 1852 (depth 0, 24 lits): UNSAT in 124.27s
    cube 1856 (depth 0, 24 lits): TIMEOUT in 600.10s
    cube 1856 TIMEOUT -> re-split into 247 sub-cubes (depth 1)
    cube 1856.0 (depth 1, 32 lits): UNSAT in 0.01s
    cube 1856.1 (depth 1, 32 lits): UNSAT in 0.02s
    cube 1856.2 (depth 1, 32 lits): UNSAT in 0.02s
    cube 1856.3 (depth 1, 32 lits): UNSAT in 0.03s
    cube 1856.4 (depth 1, 32 lits): UNSAT in 0.02s
    cube 1856.5 (depth 1, 32 lits): UNSAT in 0.07s
    cube 1856.6 (depth 1, 32 lits): UNSAT in 0.05s
    cube 1856.7 (depth 1, 32 lits): UNSAT in 0.07s
    cube 1856.8 (depth 1, 32 lits): UNSAT in 0.02s
    cube 1856.9 (depth 1, 32 lits): UNSAT in 0.04s
    cube 1856.10 (depth 1, 32 lits): UNSAT in 0.03s
    cube 1856.11 (depth 1, 32 lits): UNSAT in 0.10s
    cube 1856.12 (depth 1, 32 lits): UNSAT in 0.02s
    cube 1856.13 (depth 1, 32 lits): UNSAT in 0.02s
    cube 1856.14 (depth 1, 32 lits): UNSAT in 0.06s
    cube 1856.15 (depth 1, 32 lits): UNSAT in 0.13s
    cube 1856.16 (depth 1, 32 lits): UNSAT in 0.01s
    cube 1856.17 (depth 1, 32 lits): UNSAT in 0.03s
    cube 1856.18 (depth 1, 32 lits): UNSAT in 0.05s
    cube 1856.19 (depth 1, 32 lits): UNSAT in 0.16s
    cube 1856.20 (depth 1, 32 lits): UNSAT in 0.07s
    cube 1856.21 (depth 1, 32 lits): UNSAT in 0.07s
    cube 1856.22 (depth 1, 32 lits): UNSAT in 0.06s
    cube 1856.23 (depth 1, 32 lits): UNSAT in 0.23s
    cube 1856.24 (depth 1, 32 lits): UNSAT in 0.02s
    cube 1856.25 (depth 1, 32 lits): UNSAT in 0.02s
    cube 1856.26 (depth 1, 32 lits): UNSAT in 0.02s
    cube 1856.27 (depth 1, 32 lits): UNSAT in 0.06s
    cube 1856.28 (depth 1, 32 lits): UNSAT in 0.03s
    cube 1856.29 (depth 1, 32 lits): UNSAT in 0.15s
    cube 1856.30 (depth 1, 32 lits): UNSAT in 0.11s
    cube 1856.31 (depth 1, 32 lits): UNSAT in 0.59s
    cube 1856.32 (depth 1, 32 lits): UNSAT in 0.02s
    cube 1856.33 (depth 1, 32 lits): UNSAT in 0.02s
    cube 1856.34 (depth 1, 32 lits): UNSAT in 0.03s
    cube 1856.35 (depth 1, 32 lits): UNSAT in 0.03s
    cube 1856.36 (depth 1, 32 lits): UNSAT in 0.02s
    cube 1856.37 (depth 1, 32 lits): UNSAT in 0.02s
    cube 1856.38 (depth 1, 32 lits): UNSAT in 0.03s
    cube 1856.39 (depth 1, 32 lits): UNSAT in 0.10s
    cube 1856.40 (depth 1, 32 lits): UNSAT in 0.02s
    cube 1856.41 (depth 1, 32 lits): UNSAT in 0.02s
    cube 1856.42 (depth 1, 32 lits): UNSAT in 0.04s
    cube 1856.43 (depth 1, 32 lits): UNSAT in 0.08s
    cube 1856.44 (depth 1, 32 lits): UNSAT in 0.06s
    cube 1856.45 (depth 1, 32 lits): UNSAT in 0.18s
    cube 1856.46 (depth 1, 32 lits): UNSAT in 0.05s
    cube 1856.47 (depth 1, 32 lits): UNSAT in 0.12s
    cube 1856.48 (depth 1, 32 lits): UNSAT in 0.03s
    cube 1856.49 (depth 1, 32 lits): UNSAT in 0.07s
    cube 1856.50 (depth 1, 32 lits): UNSAT in 0.07s
    cube 1856.51 (depth 1, 32 lits): UNSAT in 0.12s
    cube 1856.52 (depth 1, 32 lits): UNSAT in 0.04s
    cube 1856.53 (depth 1, 32 lits): UNSAT in 0.07s
    cube 1856.54 (depth 1, 32 lits): UNSAT in 0.04s
    cube 1856.55 (depth 1, 32 lits): UNSAT in 0.15s
    cube 1856.56 (depth 1, 32 lits): UNSAT in 0.06s
    cube 1856.57 (depth 1, 32 lits): UNSAT in 0.22s
    cube 1856.58 (depth 1, 32 lits): UNSAT in 0.07s
    cube 1856.59 (depth 1, 32 lits): UNSAT in 0.15s
    cube 1856.60 (depth 1, 32 lits): UNSAT in 0.33s
    cube 1856.61 (depth 1, 32 lits): UNSAT in 0.38s
    cube 1856.62 (depth 1, 32 lits): UNSAT in 0.90s
    cube 1856.63 (depth 1, 32 lits): UNSAT in 4.62s
    cube 1856.64 (depth 1, 31 lits): UNSAT in 0.02s
    cube 1856.65 (depth 1, 32 lits): UNSAT in 0.01s
    cube 1856.66 (depth 1, 32 lits): UNSAT in 0.02s
    cube 1856.67 (depth 1, 32 lits): UNSAT in 0.01s
    cube 1856.68 (depth 1, 32 lits): UNSAT in 0.02s
    cube 1856.69 (depth 1, 32 lits): UNSAT in 0.02s
    cube 1856.70 (depth 1, 32 lits): UNSAT in 0.02s
    cube 1856.71 (depth 1, 32 lits): UNSAT in 0.04s
    cube 1856.72 (depth 1, 32 lits): UNSAT in 0.05s
    cube 1856.73 (depth 1, 32 lits): UNSAT in 0.04s
    cube 1856.74 (depth 1, 32 lits): UNSAT in 0.08s
    cube 1856.75 (depth 1, 32 lits): UNSAT in 0.04s
    cube 1856.76 (depth 1, 32 lits): UNSAT in 0.13s
    cube 1856.77 (depth 1, 32 lits): UNSAT in 0.18s
    cube 1856.78 (depth 1, 32 lits): UNSAT in 0.29s
    cube 1856.79 (depth 1, 32 lits): UNSAT in 0.01s
    cube 1856.80 (depth 1, 32 lits): UNSAT in 0.02s
    cube 1856.81 (depth 1, 32 lits): UNSAT in 0.02s
    cube 1856.82 (depth 1, 32 lits): UNSAT in 0.04s
    cube 1856.83 (depth 1, 32 lits): UNSAT in 0.02s
    cube 1856.84 (depth 1, 32 lits): UNSAT in 0.05s
    cube 1856.85 (depth 1, 32 lits): UNSAT in 0.06s
    cube 1856.86 (depth 1, 32 lits): UNSAT in 0.17s
    cube 1856.87 (depth 1, 32 lits): UNSAT in 0.02s
    cube 1856.88 (depth 1, 32 lits): UNSAT in 0.02s
    cube 1856.89 (depth 1, 32 lits): UNSAT in 0.04s
    cube 1856.90 (depth 1, 32 lits): UNSAT in 0.11s
    cube 1856.91 (depth 1, 32 lits): UNSAT in 0.16s
    cube 1856.92 (depth 1, 32 lits): UNSAT in 0.27s
    cube 1856.93 (depth 1, 32 lits): UNSAT in 1.20s
    cube 1856.94 (depth 1, 32 lits): UNSAT in 0.85s
    cube 1856.95 (depth 1, 32 lits): UNSAT in 0.03s
    cube 1856.96 (depth 1, 32 lits): UNSAT in 0.07s
    cube 1856.97 (depth 1, 32 lits): UNSAT in 0.04s
    cube 1856.98 (depth 1, 32 lits): UNSAT in 0.34s
    cube 1856.99 (depth 1, 32 lits): UNSAT in 0.12s
    cube 1856.100 (depth 1, 32 lits): UNSAT in 0.26s
    cube 1856.101 (depth 1, 32 lits): UNSAT in 0.31s
    cube 1856.102 (depth 1, 32 lits): UNSAT in 0.18s
    cube 1856.103 (depth 1, 32 lits): UNSAT in 0.05s
    cube 1856.104 (depth 1, 32 lits): UNSAT in 0.52s
    cube 1856.105 (depth 1, 32 lits): UNSAT in 0.17s
    cube 1856.106 (depth 1, 32 lits): UNSAT in 0.63s
    cube 1856.107 (depth 1, 32 lits): UNSAT in 0.64s
    cube 1856.108 (depth 1, 32 lits): UNSAT in 1.56s
    cube 1856.109 (depth 1, 32 lits): UNSAT in 0.63s
    cube 1856.110 (depth 1, 32 lits): UNSAT in 4.96s
    cube 1856.111 (depth 1, 32 lits): UNSAT in 0.04s
    cube 1856.112 (depth 1, 32 lits): UNSAT in 0.14s
    cube 1856.113 (depth 1, 32 lits): UNSAT in 0.08s
    cube 1856.114 (depth 1, 32 lits): UNSAT in 1.85s
    cube 1856.115 (depth 1, 32 lits): UNSAT in 0.22s
    cube 1856.116 (depth 1, 32 lits): UNSAT in 0.74s
    cube 1856.117 (depth 1, 32 lits): UNSAT in 1.80s
    cube 1856.118 (depth 1, 32 lits): UNSAT in 2.61s
    cube 1856.119 (depth 1, 32 lits): UNSAT in 0.34s
    cube 1856.120 (depth 1, 32 lits): UNSAT in 0.70s
    cube 1856.121 (depth 1, 32 lits): UNSAT in 0.54s
    cube 1856.122 (depth 1, 32 lits): UNSAT in 1.29s
    cube 1856.123 (depth 1, 32 lits): UNSAT in 0.35s
    cube 1856.124 (depth 1, 32 lits): UNSAT in 4.41s
    cube 1856.125 (depth 1, 32 lits): UNSAT in 7.37s
    cube 1856.126 (depth 1, 32 lits): UNSAT in 32.87s
    cube 1856.127 (depth 1, 32 lits): UNSAT in 0.02s
    cube 1856.128 (depth 1, 32 lits): UNSAT in 0.02s
    cube 1856.129 (depth 1, 31 lits): UNSAT in 0.02s
    cube 1856.130 (depth 1, 31 lits): UNSAT in 0.01s
    cube 1856.131 (depth 1, 32 lits): UNSAT in 0.02s
    cube 1856.132 (depth 1, 32 lits): UNSAT in 0.02s
    cube 1856.133 (depth 1, 31 lits): UNSAT in 0.01s
    cube 1856.134 (depth 1, 32 lits): UNSAT in 0.02s
    cube 1856.135 (depth 1, 32 lits): UNSAT in 0.02s
    cube 1856.136 (depth 1, 31 lits): UNSAT in 0.01s
    cube 1856.137 (depth 1, 32 lits): UNSAT in 0.03s
    cube 1856.138 (depth 1, 32 lits): UNSAT in 0.03s
    cube 1856.139 (depth 1, 32 lits): UNSAT in 0.01s
    cube 1856.140 (depth 1, 32 lits): UNSAT in 0.02s
    cube 1856.141 (depth 1, 32 lits): UNSAT in 0.02s
    cube 1856.142 (depth 1, 32 lits): UNSAT in 0.02s
    cube 1856.143 (depth 1, 32 lits): UNSAT in 0.02s
    cube 1856.144 (depth 1, 32 lits): UNSAT in 0.02s
    cube 1856.145 (depth 1, 32 lits): UNSAT in 0.03s
    cube 1856.146 (depth 1, 32 lits): UNSAT in 0.04s
    cube 1856.147 (depth 1, 32 lits): UNSAT in 0.01s
    cube 1856.148 (depth 1, 32 lits): UNSAT in 0.02s
    cube 1856.149 (depth 1, 32 lits): UNSAT in 0.03s
    cube 1856.150 (depth 1, 32 lits): UNSAT in 0.06s
    cube 1856.151 (depth 1, 32 lits): UNSAT in 0.02s
    cube 1856.152 (depth 1, 32 lits): UNSAT in 0.04s
    cube 1856.153 (depth 1, 32 lits): UNSAT in 0.05s
    cube 1856.154 (depth 1, 32 lits): UNSAT in 0.07s
    cube 1856.155 (depth 1, 32 lits): UNSAT in 0.01s
    cube 1856.156 (depth 1, 32 lits): UNSAT in 0.03s
    cube 1856.157 (depth 1, 32 lits): UNSAT in 0.02s
    cube 1856.158 (depth 1, 32 lits): UNSAT in 0.04s
    cube 1856.159 (depth 1, 32 lits): UNSAT in 0.03s
    cube 1856.160 (depth 1, 32 lits): UNSAT in 0.05s
    cube 1856.161 (depth 1, 32 lits): UNSAT in 0.04s
    cube 1856.162 (depth 1, 32 lits): UNSAT in 0.09s
    cube 1856.163 (depth 1, 32 lits): UNSAT in 0.04s
    cube 1856.164 (depth 1, 32 lits): UNSAT in 0.05s
    cube 1856.165 (depth 1, 32 lits): UNSAT in 0.04s
    cube 1856.166 (depth 1, 32 lits): UNSAT in 0.09s
    cube 1856.167 (depth 1, 32 lits): UNSAT in 0.03s
    cube 1856.168 (depth 1, 32 lits): UNSAT in 0.08s
    cube 1856.169 (depth 1, 32 lits): UNSAT in 0.22s
    cube 1856.170 (depth 1, 32 lits): UNSAT in 0.08s
    cube 1856.171 (depth 1, 32 lits): UNSAT in 0.02s
    cube 1856.172 (depth 1, 32 lits): UNSAT in 0.05s
    cube 1856.173 (depth 1, 32 lits): UNSAT in 0.03s
    cube 1856.174 (depth 1, 32 lits): UNSAT in 0.15s
    cube 1856.175 (depth 1, 32 lits): UNSAT in 0.09s
    cube 1856.176 (depth 1, 32 lits): UNSAT in 0.33s
    cube 1856.177 (depth 1, 32 lits): UNSAT in 0.11s
    cube 1856.178 (depth 1, 32 lits): UNSAT in 0.80s
    cube 1856.179 (depth 1, 32 lits): UNSAT in 0.22s
    cube 1856.180 (depth 1, 32 lits): UNSAT in 0.08s
    cube 1856.181 (depth 1, 32 lits): UNSAT in 0.07s
    cube 1856.182 (depth 1, 32 lits): UNSAT in 0.60s
    cube 1856.183 (depth 1, 32 lits): UNSAT in 0.16s
    cube 1856.184 (depth 1, 32 lits): UNSAT in 0.67s
    cube 1856.185 (depth 1, 32 lits): UNSAT in 0.87s
    cube 1856.186 (depth 1, 32 lits): UNSAT in 0.97s
    cube 1856.187 (depth 1, 30 lits): UNSAT in 0.02s
    cube 1856.188 (depth 1, 31 lits): UNSAT in 0.02s
    cube 1856.189 (depth 1, 32 lits): UNSAT in 0.02s
    cube 1856.190 (depth 1, 32 lits): UNSAT in 0.04s
    cube 1856.191 (depth 1, 32 lits): UNSAT in 0.01s
    cube 1856.192 (depth 1, 32 lits): UNSAT in 0.04s
    cube 1856.193 (depth 1, 32 lits): UNSAT in 0.05s
    cube 1856.194 (depth 1, 32 lits): UNSAT in 0.10s
    cube 1856.195 (depth 1, 32 lits): UNSAT in 0.04s
    cube 1856.196 (depth 1, 32 lits): UNSAT in 0.06s
    cube 1856.197 (depth 1, 32 lits): UNSAT in 0.03s
    cube 1856.198 (depth 1, 32 lits): UNSAT in 0.22s
    cube 1856.199 (depth 1, 32 lits): UNSAT in 0.06s
    cube 1856.200 (depth 1, 32 lits): UNSAT in 0.10s
    cube 1856.201 (depth 1, 32 lits): UNSAT in 0.08s
    cube 1856.202 (depth 1, 32 lits): UNSAT in 0.12s
    cube 1856.203 (depth 1, 32 lits): UNSAT in 0.09s
    cube 1856.204 (depth 1, 32 lits): UNSAT in 0.08s
    cube 1856.205 (depth 1, 32 lits): UNSAT in 0.14s
    cube 1856.206 (depth 1, 32 lits): UNSAT in 0.44s
    cube 1856.207 (depth 1, 32 lits): UNSAT in 0.05s
    cube 1856.208 (depth 1, 32 lits): UNSAT in 0.11s
    cube 1856.209 (depth 1, 32 lits): UNSAT in 0.08s
    cube 1856.210 (depth 1, 32 lits): UNSAT in 0.20s
    cube 1856.211 (depth 1, 32 lits): UNSAT in 0.12s
    cube 1856.212 (depth 1, 32 lits): UNSAT in 0.18s
    cube 1856.213 (depth 1, 32 lits): UNSAT in 0.49s
    cube 1856.214 (depth 1, 32 lits): UNSAT in 0.99s
    cube 1856.215 (depth 1, 32 lits): UNSAT in 0.02s
    cube 1856.216 (depth 1, 32 lits): UNSAT in 0.02s
    cube 1856.217 (depth 1, 32 lits): UNSAT in 0.05s
    cube 1856.218 (depth 1, 32 lits): UNSAT in 0.08s
    cube 1856.219 (depth 1, 32 lits): UNSAT in 0.06s
    cube 1856.220 (depth 1, 32 lits): UNSAT in 0.09s
    cube 1856.221 (depth 1, 32 lits): UNSAT in 0.17s
    cube 1856.222 (depth 1, 32 lits): UNSAT in 0.81s
    cube 1856.223 (depth 1, 32 lits): UNSAT in 0.07s
    cube 1856.224 (depth 1, 32 lits): UNSAT in 0.08s
    cube 1856.225 (depth 1, 32 lits): UNSAT in 0.08s
    cube 1856.226 (depth 1, 32 lits): UNSAT in 0.25s
    cube 1856.227 (depth 1, 32 lits): UNSAT in 0.17s
    cube 1856.228 (depth 1, 32 lits): UNSAT in 0.80s
    cube 1856.229 (depth 1, 32 lits): UNSAT in 0.73s
    cube 1856.230 (depth 1, 32 lits): UNSAT in 1.21s
    cube 1856.231 (depth 1, 32 lits): UNSAT in 0.10s
    cube 1856.232 (depth 1, 32 lits): UNSAT in 0.10s
    cube 1856.233 (depth 1, 32 lits): UNSAT in 0.04s
    cube 1856.234 (depth 1, 32 lits): UNSAT in 0.06s
    cube 1856.235 (depth 1, 32 lits): UNSAT in 0.34s
    cube 1856.236 (depth 1, 32 lits): UNSAT in 0.21s
    cube 1856.237 (depth 1, 32 lits): UNSAT in 1.47s
    cube 1856.238 (depth 1, 32 lits): UNSAT in 3.64s
    cube 1856.239 (depth 1, 32 lits): UNSAT in 0.71s
    cube 1856.240 (depth 1, 32 lits): UNSAT in 2.39s
    cube 1856.241 (depth 1, 32 lits): UNSAT in 1.78s
    cube 1856.242 (depth 1, 32 lits): UNSAT in 6.23s
    cube 1856.243 (depth 1, 32 lits): UNSAT in 1.35s
    cube 1856.244 (depth 1, 32 lits): UNSAT in 4.84s
    cube 1856.245 (depth 1, 32 lits): UNSAT in 6.77s
    cube 1856.246 (depth 1, 32 lits): UNSAT in 70.40s
    cube 1860 (depth 0, 24 lits): UNSAT in 0.47s
    cube 1864 (depth 0, 24 lits): UNSAT in 4.61s
    cube 1868 (depth 0, 24 lits): UNSAT in 1.61s
    cube 1872 (depth 0, 24 lits): UNSAT in 84.50s
    cube 1876 (depth 0, 24 lits): UNSAT in 5.00s
    cube 1880 (depth 0, 24 lits): UNSAT in 83.05s
    cube 1884 (depth 0, 24 lits): UNSAT in 225.54s
    cube 1888 (depth 0, 24 lits): TIMEOUT in 600.08s
    cube 1888 TIMEOUT -> re-split into 247 sub-cubes (depth 1)
    cube 1888.0 (depth 1, 29 lits): UNSAT in 0.02s
    cube 1888.1 (depth 1, 32 lits): UNSAT in 0.01s
    cube 1888.2 (depth 1, 32 lits): UNSAT in 0.02s
    cube 1888.3 (depth 1, 32 lits): UNSAT in 0.01s
    cube 1888.4 (depth 1, 32 lits): UNSAT in 0.02s
    cube 1888.5 (depth 1, 32 lits): UNSAT in 0.03s
    cube 1888.6 (depth 1, 32 lits): UNSAT in 0.04s
    cube 1888.7 (depth 1, 32 lits): UNSAT in 0.02s
    cube 1888.8 (depth 1, 32 lits): UNSAT in 0.01s
    cube 1888.9 (depth 1, 32 lits): UNSAT in 0.02s
    cube 1888.10 (depth 1, 32 lits): UNSAT in 0.03s
    cube 1888.11 (depth 1, 32 lits): UNSAT in 0.02s
    cube 1888.12 (depth 1, 32 lits): UNSAT in 0.05s
    cube 1888.13 (depth 1, 32 lits): UNSAT in 0.04s
    cube 1888.14 (depth 1, 32 lits): UNSAT in 0.08s
    cube 1888.15 (depth 1, 32 lits): UNSAT in 0.07s
    cube 1888.16 (depth 1, 32 lits): UNSAT in 0.24s
    cube 1888.17 (depth 1, 32 lits): UNSAT in 0.02s
    cube 1888.18 (depth 1, 32 lits): UNSAT in 0.02s
    cube 1888.19 (depth 1, 32 lits): UNSAT in 0.02s
    cube 1888.20 (depth 1, 32 lits): UNSAT in 0.07s
    cube 1888.21 (depth 1, 32 lits): UNSAT in 0.04s
    cube 1888.22 (depth 1, 32 lits): UNSAT in 0.08s
    cube 1888.23 (depth 1, 32 lits): UNSAT in 0.10s
    cube 1888.24 (depth 1, 32 lits): UNSAT in 0.26s
    cube 1888.25 (depth 1, 31 lits): UNSAT in 0.02s
    cube 1888.26 (depth 1, 32 lits): UNSAT in 0.02s
    cube 1888.27 (depth 1, 32 lits): UNSAT in 0.03s
    cube 1888.28 (depth 1, 32 lits): UNSAT in 0.02s
    cube 1888.29 (depth 1, 32 lits): UNSAT in 0.02s
    cube 1888.30 (depth 1, 32 lits): UNSAT in 0.02s
    cube 1888.31 (depth 1, 32 lits): UNSAT in 0.04s
    cube 1888.32 (depth 1, 32 lits): UNSAT in 0.02s
    cube 1888.33 (depth 1, 32 lits): UNSAT in 0.04s
    cube 1888.34 (depth 1, 32 lits): UNSAT in 0.04s
    cube 1888.35 (depth 1, 32 lits): UNSAT in 0.07s
    cube 1888.36 (depth 1, 32 lits): UNSAT in 0.02s
    cube 1888.37 (depth 1, 32 lits): UNSAT in 0.06s
    cube 1888.38 (depth 1, 32 lits): UNSAT in 0.13s
    cube 1888.39 (depth 1, 32 lits): UNSAT in 0.12s
    cube 1888.40 (depth 1, 32 lits): UNSAT in 0.02s
    cube 1888.41 (depth 1, 32 lits): UNSAT in 0.02s
    cube 1888.42 (depth 1, 32 lits): UNSAT in 0.04s
    cube 1888.43 (depth 1, 32 lits): UNSAT in 0.15s
    cube 1888.44 (depth 1, 32 lits): UNSAT in 0.06s
    cube 1888.45 (depth 1, 32 lits): UNSAT in 0.26s
    cube 1888.46 (depth 1, 32 lits): UNSAT in 0.08s
    cube 1888.47 (depth 1, 32 lits): UNSAT in 0.28s
    cube 1888.48 (depth 1, 32 lits): UNSAT in 0.10s
    cube 1888.49 (depth 1, 32 lits): UNSAT in 0.23s
    cube 1888.50 (depth 1, 32 lits): UNSAT in 0.20s
    cube 1888.51 (depth 1, 32 lits): UNSAT in 1.08s
    cube 1888.52 (depth 1, 32 lits): UNSAT in 0.12s
    cube 1888.53 (depth 1, 32 lits): UNSAT in 0.52s
    cube 1888.54 (depth 1, 32 lits): UNSAT in 1.73s
    cube 1888.55 (depth 1, 32 lits): UNSAT in 9.15s
    cube 1888.56 (depth 1, 32 lits): UNSAT in 0.03s
    cube 1888.57 (depth 1, 32 lits): UNSAT in 0.04s
    cube 1888.58 (depth 1, 32 lits): UNSAT in 0.05s
    cube 1888.59 (depth 1, 32 lits): UNSAT in 0.22s
    cube 1888.60 (depth 1, 32 lits): UNSAT in 0.02s
    cube 1888.61 (depth 1, 32 lits): UNSAT in 0.04s
    cube 1888.62 (depth 1, 32 lits): UNSAT in 0.05s
    cube 1888.63 (depth 1, 32 lits): UNSAT in 0.28s
    cube 1888.64 (depth 1, 32 lits): UNSAT in 0.02s
    cube 1888.65 (depth 1, 32 lits): UNSAT in 0.04s
    cube 1888.66 (depth 1, 32 lits): UNSAT in 0.13s
    cube 1888.67 (depth 1, 32 lits): UNSAT in 0.08s
    cube 1888.68 (depth 1, 32 lits): UNSAT in 0.13s
    cube 1888.69 (depth 1, 32 lits): UNSAT in 0.15s
    cube 1888.70 (depth 1, 32 lits): UNSAT in 0.03s
    cube 1888.71 (depth 1, 32 lits): UNSAT in 0.24s
    cube 1888.72 (depth 1, 32 lits): UNSAT in 0.03s
    cube 1888.73 (depth 1, 32 lits): UNSAT in 0.08s
    cube 1888.74 (depth 1, 32 lits): UNSAT in 0.04s
    cube 1888.75 (depth 1, 32 lits): UNSAT in 0.28s
    cube 1888.76 (depth 1, 32 lits): UNSAT in 0.02s
    cube 1888.77 (depth 1, 32 lits): UNSAT in 0.05s
    cube 1888.78 (depth 1, 32 lits): UNSAT in 0.07s
    cube 1888.79 (depth 1, 32 lits): UNSAT in 0.29s
    cube 1888.80 (depth 1, 32 lits): UNSAT in 0.03s
    cube 1888.81 (depth 1, 32 lits): UNSAT in 0.10s
    cube 1888.82 (depth 1, 32 lits): UNSAT in 0.27s
    cube 1888.83 (depth 1, 32 lits): UNSAT in 0.65s
    cube 1888.84 (depth 1, 32 lits): UNSAT in 0.16s
    cube 1888.85 (depth 1, 32 lits): UNSAT in 0.84s
    cube 1888.86 (depth 1, 32 lits): UNSAT in 1.06s
    cube 1888.87 (depth 1, 32 lits): UNSAT in 9.45s
    cube 1888.88 (depth 1, 32 lits): UNSAT in 0.02s
    cube 1888.89 (depth 1, 32 lits): UNSAT in 0.03s
    cube 1888.90 (depth 1, 32 lits): UNSAT in 0.02s
    cube 1888.91 (depth 1, 32 lits): UNSAT in 0.08s
    cube 1888.92 (depth 1, 32 lits): UNSAT in 0.04s
    cube 1888.93 (depth 1, 32 lits): UNSAT in 0.10s
    cube 1888.94 (depth 1, 32 lits): UNSAT in 0.07s
    cube 1888.95 (depth 1, 32 lits): UNSAT in 0.24s
    cube 1888.96 (depth 1, 32 lits): UNSAT in 0.05s
    cube 1888.97 (depth 1, 32 lits): UNSAT in 0.09s
    cube 1888.98 (depth 1, 32 lits): UNSAT in 0.14s
    cube 1888.99 (depth 1, 32 lits): UNSAT in 0.40s
    cube 1888.100 (depth 1, 32 lits): UNSAT in 0.06s
    cube 1888.101 (depth 1, 32 lits): UNSAT in 0.58s
    cube 1888.102 (depth 1, 32 lits): UNSAT in 1.13s
    cube 1888.103 (depth 1, 32 lits): UNSAT in 9.19s
    cube 1888.104 (depth 1, 32 lits): UNSAT in 0.10s
    cube 1888.105 (depth 1, 32 lits): UNSAT in 0.56s
    cube 1888.106 (depth 1, 32 lits): UNSAT in 0.15s
    cube 1888.107 (depth 1, 32 lits): UNSAT in 1.18s
    cube 1888.108 (depth 1, 32 lits): UNSAT in 0.04s
    cube 1888.109 (depth 1, 32 lits): UNSAT in 0.41s
    cube 1888.110 (depth 1, 32 lits): UNSAT in 0.69s
    cube 1888.111 (depth 1, 32 lits): UNSAT in 6.91s
    cube 1888.112 (depth 1, 32 lits): UNSAT in 0.10s
    cube 1888.113 (depth 1, 32 lits): UNSAT in 0.54s
    cube 1888.114 (depth 1, 32 lits): UNSAT in 0.73s
    cube 1888.115 (depth 1, 32 lits): UNSAT in 7.58s
    cube 1888.116 (depth 1, 32 lits): UNSAT in 1.16s
    cube 1888.117 (depth 1, 32 lits): UNSAT in 6.06s
    cube 1888.118 (depth 1, 32 lits): UNSAT in 2.44s
    cube 1888.119 (depth 1, 32 lits): UNSAT in 32.70s
    cube 1888.120 (depth 1, 32 lits): UNSAT in 0.02s
    cube 1888.121 (depth 1, 32 lits): UNSAT in 0.02s
    cube 1888.122 (depth 1, 32 lits): UNSAT in 0.01s
    cube 1888.123 (depth 1, 32 lits): UNSAT in 0.03s
    cube 1888.124 (depth 1, 32 lits): UNSAT in 0.01s
    cube 1888.125 (depth 1, 32 lits): UNSAT in 0.03s
    cube 1888.126 (depth 1, 32 lits): UNSAT in 0.05s
    cube 1888.127 (depth 1, 32 lits): UNSAT in 0.10s
    cube 1888.128 (depth 1, 32 lits): UNSAT in 0.02s
    cube 1888.129 (depth 1, 32 lits): UNSAT in 0.02s
    cube 1888.130 (depth 1, 32 lits): UNSAT in 0.02s
    cube 1888.131 (depth 1, 32 lits): UNSAT in 0.09s
    cube 1888.132 (depth 1, 32 lits): UNSAT in 0.02s
    cube 1888.133 (depth 1, 32 lits): UNSAT in 0.16s
    cube 1888.134 (depth 1, 32 lits): UNSAT in 0.07s
    cube 1888.135 (depth 1, 32 lits): UNSAT in 0.08s
    cube 1888.136 (depth 1, 32 lits): UNSAT in 0.02s
    cube 1888.137 (depth 1, 32 lits): UNSAT in 0.02s
    cube 1888.138 (depth 1, 32 lits): UNSAT in 0.04s
    cube 1888.139 (depth 1, 32 lits): UNSAT in 0.07s
    cube 1888.140 (depth 1, 32 lits): UNSAT in 0.01s
    cube 1888.141 (depth 1, 32 lits): UNSAT in 0.02s
    cube 1888.142 (depth 1, 32 lits): UNSAT in 0.02s
    cube 1888.143 (depth 1, 32 lits): UNSAT in 0.05s
    cube 1888.144 (depth 1, 32 lits): UNSAT in 0.04s
    cube 1888.145 (depth 1, 32 lits): UNSAT in 0.03s
    cube 1888.146 (depth 1, 32 lits): UNSAT in 0.13s
    cube 1888.147 (depth 1, 32 lits): UNSAT in 0.34s
    cube 1888.148 (depth 1, 32 lits): UNSAT in 0.13s
    cube 1888.149 (depth 1, 32 lits): UNSAT in 0.13s
    cube 1888.150 (depth 1, 32 lits): UNSAT in 0.13s
    cube 1888.151 (depth 1, 32 lits): UNSAT in 0.57s
    cube 1888.152 (depth 1, 31 lits): UNSAT in 0.01s
    cube 1888.153 (depth 1, 32 lits): UNSAT in 0.02s
    cube 1888.154 (depth 1, 32 lits): UNSAT in 0.03s
    cube 1888.155 (depth 1, 32 lits): UNSAT in 0.02s
    cube 1888.156 (depth 1, 32 lits): UNSAT in 0.04s
    cube 1888.157 (depth 1, 32 lits): UNSAT in 0.02s
    cube 1888.158 (depth 1, 32 lits): UNSAT in 0.07s
    cube 1888.159 (depth 1, 32 lits): UNSAT in 0.02s
    cube 1888.160 (depth 1, 32 lits): UNSAT in 0.05s
    cube 1888.161 (depth 1, 32 lits): UNSAT in 0.02s
    cube 1888.162 (depth 1, 32 lits): UNSAT in 0.05s
    cube 1888.163 (depth 1, 32 lits): UNSAT in 0.04s
    cube 1888.164 (depth 1, 32 lits): UNSAT in 0.04s
    cube 1888.165 (depth 1, 32 lits): UNSAT in 0.04s
    cube 1888.166 (depth 1, 32 lits): UNSAT in 0.16s
    cube 1888.167 (depth 1, 32 lits): UNSAT in 0.02s
    cube 1888.168 (depth 1, 32 lits): UNSAT in 0.02s
    cube 1888.169 (depth 1, 32 lits): UNSAT in 0.03s
    cube 1888.170 (depth 1, 32 lits): UNSAT in 0.06s
    cube 1888.171 (depth 1, 32 lits): UNSAT in 0.06s
    cube 1888.172 (depth 1, 32 lits): UNSAT in 0.11s
    cube 1888.173 (depth 1, 32 lits): UNSAT in 0.07s
    cube 1888.174 (depth 1, 32 lits): UNSAT in 0.26s
    cube 1888.175 (depth 1, 32 lits): UNSAT in 0.04s
    cube 1888.176 (depth 1, 32 lits): UNSAT in 0.15s
    cube 1888.177 (depth 1, 32 lits): UNSAT in 0.25s
    cube 1888.178 (depth 1, 32 lits): UNSAT in 0.87s
    cube 1888.179 (depth 1, 32 lits): UNSAT in 0.04s
    cube 1888.180 (depth 1, 32 lits): UNSAT in 0.74s
    cube 1888.181 (depth 1, 32 lits): UNSAT in 0.53s
    cube 1888.182 (depth 1, 32 lits): UNSAT in 4.31s
    cube 1888.183 (depth 1, 32 lits): UNSAT in 0.02s
    cube 1888.184 (depth 1, 32 lits): UNSAT in 0.05s
    cube 1888.185 (depth 1, 32 lits): UNSAT in 0.14s
    cube 1888.186 (depth 1, 32 lits): UNSAT in 0.11s
    cube 1888.187 (depth 1, 32 lits): UNSAT in 0.04s
    cube 1888.188 (depth 1, 32 lits): UNSAT in 0.02s
    cube 1888.189 (depth 1, 32 lits): UNSAT in 0.05s
    cube 1888.190 (depth 1, 32 lits): UNSAT in 0.12s
    cube 1888.191 (depth 1, 32 lits): UNSAT in 0.02s
    cube 1888.192 (depth 1, 32 lits): UNSAT in 0.02s
    cube 1888.193 (depth 1, 32 lits): UNSAT in 0.08s
    cube 1888.194 (depth 1, 32 lits): UNSAT in 0.08s
    cube 1888.195 (depth 1, 32 lits): UNSAT in 0.02s
    cube 1888.196 (depth 1, 32 lits): UNSAT in 0.06s
    cube 1888.197 (depth 1, 32 lits): UNSAT in 0.31s
    cube 1888.198 (depth 1, 32 lits): UNSAT in 0.85s
    cube 1888.199 (depth 1, 32 lits): UNSAT in 0.03s
    cube 1888.200 (depth 1, 32 lits): UNSAT in 0.04s
    cube 1888.201 (depth 1, 32 lits): UNSAT in 0.09s
    cube 1888.202 (depth 1, 32 lits): UNSAT in 0.28s
    cube 1888.203 (depth 1, 32 lits): UNSAT in 0.03s
    cube 1888.204 (depth 1, 32 lits): UNSAT in 0.26s
    cube 1888.205 (depth 1, 32 lits): UNSAT in 0.67s
    cube 1888.206 (depth 1, 32 lits): UNSAT in 1.65s
    cube 1888.207 (depth 1, 32 lits): UNSAT in 0.04s
    cube 1888.208 (depth 1, 32 lits): UNSAT in 0.11s
    cube 1888.209 (depth 1, 32 lits): UNSAT in 0.09s
    cube 1888.210 (depth 1, 32 lits): UNSAT in 0.39s
    cube 1888.211 (depth 1, 32 lits): UNSAT in 0.14s
    cube 1888.212 (depth 1, 32 lits): UNSAT in 0.35s
    cube 1888.213 (depth 1, 32 lits): UNSAT in 0.48s
    cube 1888.214 (depth 1, 32 lits): UNSAT in 2.68s
    cube 1888.215 (depth 1, 32 lits): UNSAT in 0.02s
    cube 1888.216 (depth 1, 32 lits): UNSAT in 0.04s
    cube 1888.217 (depth 1, 32 lits): UNSAT in 0.05s
    cube 1888.218 (depth 1, 32 lits): UNSAT in 0.04s
    cube 1888.219 (depth 1, 32 lits): UNSAT in 0.03s
    cube 1888.220 (depth 1, 32 lits): UNSAT in 0.09s
    cube 1888.221 (depth 1, 32 lits): UNSAT in 0.11s
    cube 1888.222 (depth 1, 32 lits): UNSAT in 0.43s
    cube 1888.223 (depth 1, 32 lits): UNSAT in 0.04s
    cube 1888.224 (depth 1, 32 lits): UNSAT in 0.08s
    cube 1888.225 (depth 1, 32 lits): UNSAT in 0.11s
    cube 1888.226 (depth 1, 32 lits): UNSAT in 0.16s
    cube 1888.227 (depth 1, 32 lits): UNSAT in 0.26s
    cube 1888.228 (depth 1, 32 lits): UNSAT in 0.14s
    cube 1888.229 (depth 1, 32 lits): UNSAT in 0.54s
    cube 1888.230 (depth 1, 32 lits): UNSAT in 4.47s
    cube 1888.231 (depth 1, 32 lits): UNSAT in 0.04s
    cube 1888.232 (depth 1, 32 lits): UNSAT in 0.20s
    cube 1888.233 (depth 1, 32 lits): UNSAT in 0.30s
    cube 1888.234 (depth 1, 32 lits): UNSAT in 1.27s
    cube 1888.235 (depth 1, 32 lits): UNSAT in 0.15s
    cube 1888.236 (depth 1, 32 lits): UNSAT in 0.29s
    cube 1888.237 (depth 1, 32 lits): UNSAT in 0.85s
    cube 1888.238 (depth 1, 32 lits): UNSAT in 3.36s
    cube 1888.239 (depth 1, 32 lits): UNSAT in 0.10s
    cube 1888.240 (depth 1, 32 lits): UNSAT in 2.75s
    cube 1888.241 (depth 1, 32 lits): UNSAT in 0.32s
    cube 1888.242 (depth 1, 32 lits): UNSAT in 8.21s
    cube 1888.243 (depth 1, 32 lits): UNSAT in 1.58s
    cube 1888.244 (depth 1, 32 lits): UNSAT in 2.49s
    cube 1888.245 (depth 1, 32 lits): UNSAT in 3.07s
    cube 1888.246 (depth 1, 32 lits): UNSAT in 30.09s
    cube 1892 (depth 0, 24 lits): UNSAT in 8.55s
    cube 1896 (depth 0, 24 lits): UNSAT in 351.09s
    cube 1900 (depth 0, 24 lits): UNSAT in 138.39s
    cube 1904 (depth 0, 24 lits): TIMEOUT in 600.10s
    cube 1904 TIMEOUT -> re-split into 249 sub-cubes (depth 1)
    cube 1904.0 (depth 1, 30 lits): UNSAT in 0.02s
    cube 1904.1 (depth 1, 30 lits): UNSAT in 0.01s
    cube 1904.2 (depth 1, 32 lits): UNSAT in 0.01s
    cube 1904.3 (depth 1, 32 lits): UNSAT in 0.02s
    cube 1904.4 (depth 1, 32 lits): UNSAT in 0.02s
    cube 1904.5 (depth 1, 32 lits): UNSAT in 0.02s
    cube 1904.6 (depth 1, 32 lits): UNSAT in 0.03s
    cube 1904.7 (depth 1, 32 lits): UNSAT in 0.02s
    cube 1904.8 (depth 1, 32 lits): UNSAT in 0.05s
    cube 1904.9 (depth 1, 32 lits): UNSAT in 0.10s
    cube 1904.10 (depth 1, 32 lits): UNSAT in 0.01s
    cube 1904.11 (depth 1, 32 lits): UNSAT in 0.02s
    cube 1904.12 (depth 1, 32 lits): UNSAT in 0.03s
    cube 1904.13 (depth 1, 32 lits): UNSAT in 0.03s
    cube 1904.14 (depth 1, 32 lits): UNSAT in 0.01s
    cube 1904.15 (depth 1, 32 lits): UNSAT in 0.04s
    cube 1904.16 (depth 1, 32 lits): UNSAT in 0.01s
    cube 1904.17 (depth 1, 32 lits): UNSAT in 0.05s
    cube 1904.18 (depth 1, 32 lits): UNSAT in 0.02s
    cube 1904.19 (depth 1, 32 lits): UNSAT in 0.05s
    cube 1904.20 (depth 1, 32 lits): UNSAT in 0.05s
    cube 1904.21 (depth 1, 32 lits): UNSAT in 0.15s
    cube 1904.22 (depth 1, 32 lits): UNSAT in 0.07s
    cube 1904.23 (depth 1, 32 lits): UNSAT in 0.17s
    cube 1904.24 (depth 1, 32 lits): UNSAT in 0.04s
    cube 1904.25 (depth 1, 32 lits): UNSAT in 0.28s
    cube 1904.26 (depth 1, 32 lits): UNSAT in 0.02s
    cube 1904.27 (depth 1, 32 lits): UNSAT in 0.02s
    cube 1904.28 (depth 1, 32 lits): UNSAT in 0.04s
    cube 1904.29 (depth 1, 32 lits): UNSAT in 0.09s
    cube 1904.30 (depth 1, 32 lits): UNSAT in 0.03s
    cube 1904.31 (depth 1, 32 lits): UNSAT in 0.10s
    cube 1904.32 (depth 1, 32 lits): UNSAT in 0.13s
    cube 1904.33 (depth 1, 32 lits): UNSAT in 0.32s
    cube 1904.34 (depth 1, 32 lits): UNSAT in 0.02s
    cube 1904.35 (depth 1, 32 lits): UNSAT in 0.04s
    cube 1904.36 (depth 1, 32 lits): UNSAT in 0.05s
    cube 1904.37 (depth 1, 32 lits): UNSAT in 0.14s
    cube 1904.38 (depth 1, 32 lits): UNSAT in 0.09s
    cube 1904.39 (depth 1, 32 lits): UNSAT in 0.09s
    cube 1904.40 (depth 1, 32 lits): UNSAT in 0.39s
    cube 1904.41 (depth 1, 32 lits): UNSAT in 2.40s
    cube 1904.42 (depth 1, 32 lits): UNSAT in 0.02s
    cube 1904.43 (depth 1, 32 lits): UNSAT in 0.03s
    cube 1904.44 (depth 1, 32 lits): UNSAT in 0.05s
    cube 1904.45 (depth 1, 32 lits): UNSAT in 0.15s
    cube 1904.46 (depth 1, 32 lits): UNSAT in 0.07s
    cube 1904.47 (depth 1, 32 lits): UNSAT in 0.26s
    cube 1904.48 (depth 1, 32 lits): UNSAT in 0.25s
    cube 1904.49 (depth 1, 32 lits): UNSAT in 1.16s
    cube 1904.50 (depth 1, 32 lits): UNSAT in 0.06s
    cube 1904.51 (depth 1, 32 lits): UNSAT in 0.15s
    cube 1904.52 (depth 1, 32 lits): UNSAT in 0.45s
    cube 1904.53 (depth 1, 32 lits): UNSAT in 0.29s
    cube 1904.54 (depth 1, 32 lits): UNSAT in 0.21s
    cube 1904.55 (depth 1, 32 lits): UNSAT in 1.15s
    cube 1904.56 (depth 1, 32 lits): UNSAT in 0.42s
    cube 1904.57 (depth 1, 32 lits): UNSAT in 2.28s
    cube 1904.58 (depth 1, 32 lits): UNSAT in 0.05s
    cube 1904.59 (depth 1, 32 lits): UNSAT in 0.12s
    cube 1904.60 (depth 1, 32 lits): UNSAT in 0.17s
    cube 1904.61 (depth 1, 32 lits): UNSAT in 0.43s
    cube 1904.62 (depth 1, 32 lits): UNSAT in 0.08s
    cube 1904.63 (depth 1, 32 lits): UNSAT in 0.26s
    cube 1904.64 (depth 1, 32 lits): UNSAT in 0.12s
    cube 1904.65 (depth 1, 32 lits): UNSAT in 0.71s
    cube 1904.66 (depth 1, 32 lits): UNSAT in 0.02s
    cube 1904.67 (depth 1, 32 lits): UNSAT in 0.07s
    cube 1904.68 (depth 1, 32 lits): UNSAT in 0.03s
    cube 1904.69 (depth 1, 32 lits): UNSAT in 0.41s
    cube 1904.70 (depth 1, 32 lits): UNSAT in 0.03s
    cube 1904.71 (depth 1, 32 lits): UNSAT in 0.27s
    cube 1904.72 (depth 1, 32 lits): UNSAT in 1.98s
    cube 1904.73 (depth 1, 32 lits): UNSAT in 6.24s
    cube 1904.74 (depth 1, 32 lits): UNSAT in 0.02s
    cube 1904.75 (depth 1, 32 lits): UNSAT in 0.05s
    cube 1904.76 (depth 1, 32 lits): UNSAT in 0.02s
    cube 1904.77 (depth 1, 32 lits): UNSAT in 0.04s
    cube 1904.78 (depth 1, 32 lits): UNSAT in 0.12s
    cube 1904.79 (depth 1, 32 lits): UNSAT in 0.23s
    cube 1904.80 (depth 1, 32 lits): UNSAT in 0.18s
    cube 1904.81 (depth 1, 32 lits): UNSAT in 0.49s
    cube 1904.82 (depth 1, 32 lits): UNSAT in 0.15s
    cube 1904.83 (depth 1, 32 lits): UNSAT in 0.18s
    cube 1904.84 (depth 1, 32 lits): UNSAT in 0.11s
    cube 1904.85 (depth 1, 32 lits): UNSAT in 0.55s
    cube 1904.86 (depth 1, 32 lits): UNSAT in 0.23s
    cube 1904.87 (depth 1, 32 lits): UNSAT in 0.51s
    cube 1904.88 (depth 1, 32 lits): UNSAT in 0.89s
    cube 1904.89 (depth 1, 32 lits): UNSAT in 4.82s
    cube 1904.90 (depth 1, 32 lits): UNSAT in 0.05s
    cube 1904.91 (depth 1, 32 lits): UNSAT in 0.13s
    cube 1904.92 (depth 1, 32 lits): UNSAT in 0.11s
    cube 1904.93 (depth 1, 32 lits): UNSAT in 0.44s
    cube 1904.94 (depth 1, 32 lits): UNSAT in 0.15s
    cube 1904.95 (depth 1, 32 lits): UNSAT in 0.44s
    cube 1904.96 (depth 1, 32 lits): UNSAT in 0.83s
    cube 1904.97 (depth 1, 32 lits): UNSAT in 2.49s
    cube 1904.98 (depth 1, 32 lits): UNSAT in 0.04s
    cube 1904.99 (depth 1, 32 lits): UNSAT in 0.40s
    cube 1904.100 (depth 1, 32 lits): UNSAT in 0.70s
    cube 1904.101 (depth 1, 32 lits): UNSAT in 1.81s
    cube 1904.102 (depth 1, 32 lits): UNSAT in 0.24s
    cube 1904.103 (depth 1, 32 lits): UNSAT in 0.43s
    cube 1904.104 (depth 1, 32 lits): UNSAT in 0.26s
    cube 1904.105 (depth 1, 32 lits): UNSAT in 14.49s
    cube 1904.106 (depth 1, 32 lits): UNSAT in 0.05s
    cube 1904.107 (depth 1, 32 lits): UNSAT in 0.23s
    cube 1904.108 (depth 1, 32 lits): UNSAT in 0.34s
    cube 1904.109 (depth 1, 32 lits): UNSAT in 0.52s
    cube 1904.110 (depth 1, 32 lits): UNSAT in 0.23s
    cube 1904.111 (depth 1, 32 lits): UNSAT in 2.01s
    cube 1904.112 (depth 1, 32 lits): UNSAT in 1.48s
    cube 1904.113 (depth 1, 32 lits): UNSAT in 10.70s
    cube 1904.114 (depth 1, 32 lits): UNSAT in 0.26s
    cube 1904.115 (depth 1, 32 lits): UNSAT in 1.45s
    cube 1904.116 (depth 1, 32 lits): UNSAT in 1.40s
    cube 1904.117 (depth 1, 32 lits): UNSAT in 8.08s
    cube 1904.118 (depth 1, 32 lits): UNSAT in 1.36s
    cube 1904.119 (depth 1, 32 lits): UNSAT in 56.26s
    cube 1904.120 (depth 1, 32 lits): UNSAT in 25.88s
    cube 1904.121 (depth 1, 32 lits): UNSAT in 151.99s
    cube 1904.122 (depth 1, 32 lits): UNSAT in 0.02s
    cube 1904.123 (depth 1, 32 lits): UNSAT in 0.04s
    cube 1904.124 (depth 1, 32 lits): UNSAT in 0.02s
    cube 1904.125 (depth 1, 32 lits): UNSAT in 0.14s
    cube 1904.126 (depth 1, 32 lits): UNSAT in 0.04s
    cube 1904.127 (depth 1, 32 lits): UNSAT in 0.13s
    cube 1904.128 (depth 1, 32 lits): UNSAT in 0.09s
    cube 1904.129 (depth 1, 32 lits): UNSAT in 0.69s
    cube 1904.130 (depth 1, 32 lits): UNSAT in 0.06s
    cube 1904.131 (depth 1, 32 lits): UNSAT in 0.16s
    cube 1904.132 (depth 1, 32 lits): UNSAT in 0.11s
    cube 1904.133 (depth 1, 32 lits): UNSAT in 0.36s
    cube 1904.134 (depth 1, 32 lits): UNSAT in 0.05s
    cube 1904.135 (depth 1, 32 lits): UNSAT in 0.21s
    cube 1904.136 (depth 1, 32 lits): UNSAT in 0.69s
    cube 1904.137 (depth 1, 32 lits): UNSAT in 2.56s
    cube 1904.138 (depth 1, 32 lits): UNSAT in 0.03s
    cube 1904.139 (depth 1, 32 lits): UNSAT in 0.13s
    cube 1904.140 (depth 1, 32 lits): UNSAT in 0.09s
    cube 1904.141 (depth 1, 32 lits): UNSAT in 0.25s
    cube 1904.142 (depth 1, 32 lits): UNSAT in 0.05s
    cube 1904.143 (depth 1, 32 lits): UNSAT in 0.13s
    cube 1904.144 (depth 1, 32 lits): UNSAT in 0.08s
    cube 1904.145 (depth 1, 32 lits): UNSAT in 0.37s
    cube 1904.146 (depth 1, 32 lits): UNSAT in 0.21s
    cube 1904.147 (depth 1, 32 lits): UNSAT in 0.57s
    cube 1904.148 (depth 1, 32 lits): UNSAT in 1.48s
    cube 1904.149 (depth 1, 32 lits): UNSAT in 6.98s
    cube 1904.150 (depth 1, 32 lits): UNSAT in 0.31s
    cube 1904.151 (depth 1, 32 lits): UNSAT in 2.68s
    cube 1904.152 (depth 1, 32 lits): UNSAT in 0.47s
    cube 1904.153 (depth 1, 32 lits): UNSAT in 11.19s
    cube 1904.154 (depth 1, 32 lits): UNSAT in 0.02s
    cube 1904.155 (depth 1, 32 lits): UNSAT in 0.01s
    cube 1904.156 (depth 1, 32 lits): UNSAT in 0.05s
    cube 1904.157 (depth 1, 32 lits): UNSAT in 0.15s
    cube 1904.158 (depth 1, 32 lits): UNSAT in 0.14s
    cube 1904.159 (depth 1, 32 lits): UNSAT in 0.23s
    cube 1904.160 (depth 1, 32 lits): UNSAT in 0.40s
    cube 1904.161 (depth 1, 32 lits): UNSAT in 1.17s
    cube 1904.162 (depth 1, 32 lits): UNSAT in 0.02s
    cube 1904.163 (depth 1, 32 lits): UNSAT in 0.14s
    cube 1904.164 (depth 1, 32 lits): UNSAT in 0.07s
    cube 1904.165 (depth 1, 32 lits): UNSAT in 0.32s
    cube 1904.166 (depth 1, 32 lits): UNSAT in 2.35s
    cube 1904.167 (depth 1, 32 lits): UNSAT in 0.85s
    cube 1904.168 (depth 1, 32 lits): UNSAT in 1.61s
    cube 1904.169 (depth 1, 32 lits): UNSAT in 22.83s
    cube 1904.170 (depth 1, 32 lits): UNSAT in 0.04s
    cube 1904.171 (depth 1, 32 lits): UNSAT in 0.11s
    cube 1904.172 (depth 1, 32 lits): UNSAT in 0.32s
    cube 1904.173 (depth 1, 32 lits): UNSAT in 0.40s
    cube 1904.174 (depth 1, 32 lits): UNSAT in 0.36s
    cube 1904.175 (depth 1, 32 lits): UNSAT in 1.05s
    cube 1904.176 (depth 1, 32 lits): UNSAT in 0.89s
    cube 1904.177 (depth 1, 32 lits): UNSAT in 5.41s
    cube 1904.178 (depth 1, 32 lits): UNSAT in 0.27s
    cube 1904.179 (depth 1, 32 lits): UNSAT in 1.63s
    cube 1904.180 (depth 1, 32 lits): UNSAT in 1.69s
    cube 1904.181 (depth 1, 32 lits): UNSAT in 13.47s
    cube 1904.182 (depth 1, 32 lits): UNSAT in 2.69s
    cube 1904.183 (depth 1, 32 lits): UNSAT in 11.12s
    cube 1904.184 (depth 1, 32 lits): UNSAT in 37.06s
