  shard 13/24 (explicit): 1 of 4095 cubes, per-cube cap 1200.0s, re-split depth 7
    cube 3042 (depth 0, 12 lits): TIMEOUT in 1200.06s
    cube 3042 TIMEOUT -> re-split into 251 sub-cubes (depth 1)
    cube 3042.0 (depth 1, 19 lits): UNSAT in 0.01s
    cube 3042.1 (depth 1, 19 lits): UNSAT in 0.02s
    cube 3042.2 (depth 1, 20 lits): UNSAT in 0.01s
    cube 3042.3 (depth 1, 20 lits): UNSAT in 0.01s
    cube 3042.4 (depth 1, 20 lits): UNSAT in 0.02s
    cube 3042.5 (depth 1, 20 lits): UNSAT in 0.02s
    cube 3042.6 (depth 1, 19 lits): UNSAT in 0.01s
    cube 3042.7 (depth 1, 20 lits): UNSAT in 0.02s
    cube 3042.8 (depth 1, 20 lits): UNSAT in 0.03s
    cube 3042.9 (depth 1, 20 lits): UNSAT in 0.02s
    cube 3042.10 (depth 1, 20 lits): UNSAT in 0.03s
    cube 3042.11 (depth 1, 20 lits): UNSAT in 0.04s
    cube 3042.12 (depth 1, 20 lits): UNSAT in 0.07s
    cube 3042.13 (depth 1, 19 lits): UNSAT in 0.02s
    cube 3042.14 (depth 1, 20 lits): UNSAT in 0.02s
    cube 3042.15 (depth 1, 20 lits): UNSAT in 0.03s
    cube 3042.16 (depth 1, 20 lits): UNSAT in 0.02s
    cube 3042.17 (depth 1, 20 lits): UNSAT in 0.01s
    cube 3042.18 (depth 1, 20 lits): UNSAT in 0.01s
    cube 3042.19 (depth 1, 20 lits): UNSAT in 0.03s
    cube 3042.20 (depth 1, 20 lits): UNSAT in 0.02s
    cube 3042.21 (depth 1, 20 lits): UNSAT in 0.02s
    cube 3042.22 (depth 1, 20 lits): UNSAT in 0.02s
    cube 3042.23 (depth 1, 20 lits): UNSAT in 0.05s
    cube 3042.24 (depth 1, 20 lits): UNSAT in 0.02s
    cube 3042.25 (depth 1, 20 lits): UNSAT in 0.10s
    cube 3042.26 (depth 1, 20 lits): UNSAT in 0.09s
    cube 3042.27 (depth 1, 20 lits): UNSAT in 0.29s
    cube 3042.28 (depth 1, 20 lits): UNSAT in 0.01s
    cube 3042.29 (depth 1, 20 lits): UNSAT in 0.01s
    cube 3042.30 (depth 1, 20 lits): UNSAT in 0.01s
    cube 3042.31 (depth 1, 20 lits): UNSAT in 0.03s
    cube 3042.32 (depth 1, 20 lits): UNSAT in 0.02s
    cube 3042.33 (depth 1, 20 lits): UNSAT in 0.02s
    cube 3042.34 (depth 1, 20 lits): UNSAT in 0.03s
    cube 3042.35 (depth 1, 20 lits): UNSAT in 0.03s
    cube 3042.36 (depth 1, 20 lits): UNSAT in 0.02s
    cube 3042.37 (depth 1, 20 lits): UNSAT in 0.04s
    cube 3042.38 (depth 1, 20 lits): UNSAT in 0.03s
    cube 3042.39 (depth 1, 20 lits): UNSAT in 0.07s
    cube 3042.40 (depth 1, 20 lits): UNSAT in 0.02s
    cube 3042.41 (depth 1, 20 lits): UNSAT in 0.08s
    cube 3042.42 (depth 1, 20 lits): UNSAT in 0.15s
    cube 3042.43 (depth 1, 20 lits): UNSAT in 0.23s
    cube 3042.44 (depth 1, 20 lits): UNSAT in 0.01s
    cube 3042.45 (depth 1, 20 lits): UNSAT in 0.02s
    cube 3042.46 (depth 1, 20 lits): UNSAT in 0.05s
    cube 3042.47 (depth 1, 20 lits): UNSAT in 0.06s
    cube 3042.48 (depth 1, 20 lits): UNSAT in 0.06s
    cube 3042.49 (depth 1, 20 lits): UNSAT in 0.07s
    cube 3042.50 (depth 1, 20 lits): UNSAT in 0.04s
    cube 3042.51 (depth 1, 20 lits): UNSAT in 0.19s
    cube 3042.52 (depth 1, 20 lits): UNSAT in 0.07s
    cube 3042.53 (depth 1, 20 lits): UNSAT in 0.21s
    cube 3042.54 (depth 1, 20 lits): UNSAT in 0.07s
    cube 3042.55 (depth 1, 20 lits): UNSAT in 0.39s
    cube 3042.56 (depth 1, 20 lits): UNSAT in 0.08s
    cube 3042.57 (depth 1, 20 lits): UNSAT in 0.24s
    cube 3042.58 (depth 1, 20 lits): UNSAT in 0.24s
    cube 3042.59 (depth 1, 20 lits): UNSAT in 0.51s
    cube 3042.60 (depth 1, 20 lits): UNSAT in 0.01s
    cube 3042.61 (depth 1, 20 lits): UNSAT in 0.01s
    cube 3042.62 (depth 1, 20 lits): UNSAT in 0.01s
    cube 3042.63 (depth 1, 20 lits): UNSAT in 0.03s
    cube 3042.64 (depth 1, 20 lits): UNSAT in 0.02s
    cube 3042.65 (depth 1, 20 lits): UNSAT in 0.03s
    cube 3042.66 (depth 1, 20 lits): UNSAT in 0.02s
    cube 3042.67 (depth 1, 20 lits): UNSAT in 0.04s
    cube 3042.68 (depth 1, 20 lits): UNSAT in 0.03s
    cube 3042.69 (depth 1, 20 lits): UNSAT in 0.04s
    cube 3042.70 (depth 1, 20 lits): UNSAT in 0.05s
    cube 3042.71 (depth 1, 20 lits): UNSAT in 0.10s
    cube 3042.72 (depth 1, 20 lits): UNSAT in 0.04s
    cube 3042.73 (depth 1, 20 lits): UNSAT in 0.07s
    cube 3042.74 (depth 1, 20 lits): UNSAT in 0.03s
    cube 3042.75 (depth 1, 20 lits): UNSAT in 0.22s
    cube 3042.76 (depth 1, 19 lits): UNSAT in 0.01s
    cube 3042.77 (depth 1, 20 lits): UNSAT in 0.02s
    cube 3042.78 (depth 1, 20 lits): UNSAT in 0.03s
    cube 3042.79 (depth 1, 20 lits): UNSAT in 0.02s
    cube 3042.80 (depth 1, 20 lits): UNSAT in 0.08s
    cube 3042.81 (depth 1, 20 lits): UNSAT in 0.04s
    cube 3042.82 (depth 1, 20 lits): UNSAT in 0.16s
    cube 3042.83 (depth 1, 20 lits): UNSAT in 0.02s
    cube 3042.84 (depth 1, 20 lits): UNSAT in 0.06s
    cube 3042.85 (depth 1, 20 lits): UNSAT in 0.16s
    cube 3042.86 (depth 1, 20 lits): UNSAT in 0.36s
    cube 3042.87 (depth 1, 20 lits): UNSAT in 0.25s
    cube 3042.88 (depth 1, 20 lits): UNSAT in 0.55s
    cube 3042.89 (depth 1, 20 lits): UNSAT in 0.40s
    cube 3042.90 (depth 1, 20 lits): UNSAT in 0.92s
    cube 3042.91 (depth 1, 20 lits): UNSAT in 0.02s
    cube 3042.92 (depth 1, 20 lits): UNSAT in 0.03s
    cube 3042.93 (depth 1, 20 lits): UNSAT in 0.02s
    cube 3042.94 (depth 1, 20 lits): UNSAT in 0.11s
    cube 3042.95 (depth 1, 20 lits): UNSAT in 0.02s
    cube 3042.96 (depth 1, 20 lits): UNSAT in 0.03s
    cube 3042.97 (depth 1, 20 lits): UNSAT in 0.05s
    cube 3042.98 (depth 1, 20 lits): UNSAT in 0.27s
    cube 3042.99 (depth 1, 20 lits): UNSAT in 0.02s
    cube 3042.100 (depth 1, 20 lits): UNSAT in 0.05s
    cube 3042.101 (depth 1, 20 lits): UNSAT in 0.03s
    cube 3042.102 (depth 1, 20 lits): UNSAT in 0.12s
    cube 3042.103 (depth 1, 20 lits): UNSAT in 0.04s
    cube 3042.104 (depth 1, 20 lits): UNSAT in 0.21s
    cube 3042.105 (depth 1, 20 lits): UNSAT in 0.10s
    cube 3042.106 (depth 1, 20 lits): UNSAT in 0.27s
    cube 3042.107 (depth 1, 20 lits): UNSAT in 0.02s
    cube 3042.108 (depth 1, 20 lits): UNSAT in 0.05s
    cube 3042.109 (depth 1, 20 lits): UNSAT in 0.09s
    cube 3042.110 (depth 1, 20 lits): UNSAT in 0.35s
    cube 3042.111 (depth 1, 20 lits): UNSAT in 0.09s
    cube 3042.112 (depth 1, 20 lits): UNSAT in 0.34s
    cube 3042.113 (depth 1, 20 lits): UNSAT in 0.11s
    cube 3042.114 (depth 1, 20 lits): UNSAT in 1.07s
    cube 3042.115 (depth 1, 20 lits): UNSAT in 0.15s
    cube 3042.116 (depth 1, 20 lits): UNSAT in 0.73s
    cube 3042.117 (depth 1, 20 lits): UNSAT in 0.13s
    cube 3042.118 (depth 1, 20 lits): UNSAT in 0.54s
    cube 3042.119 (depth 1, 20 lits): UNSAT in 2.54s
    cube 3042.120 (depth 1, 20 lits): UNSAT in 3.17s
    cube 3042.121 (depth 1, 20 lits): UNSAT in 0.80s
    cube 3042.122 (depth 1, 20 lits): UNSAT in 11.96s
    cube 3042.123 (depth 1, 20 lits): UNSAT in 0.01s
    cube 3042.124 (depth 1, 20 lits): UNSAT in 0.01s
    cube 3042.125 (depth 1, 20 lits): UNSAT in 0.02s
    cube 3042.126 (depth 1, 20 lits): UNSAT in 0.03s
    cube 3042.127 (depth 1, 20 lits): UNSAT in 0.02s
    cube 3042.128 (depth 1, 20 lits): UNSAT in 0.02s
    cube 3042.129 (depth 1, 20 lits): UNSAT in 0.02s
    cube 3042.130 (depth 1, 20 lits): UNSAT in 0.06s
    cube 3042.131 (depth 1, 20 lits): UNSAT in 0.01s
    cube 3042.132 (depth 1, 20 lits): UNSAT in 0.02s
    cube 3042.133 (depth 1, 20 lits): UNSAT in 0.03s
    cube 3042.134 (depth 1, 20 lits): UNSAT in 0.02s
    cube 3042.135 (depth 1, 20 lits): UNSAT in 0.05s
    cube 3042.136 (depth 1, 20 lits): UNSAT in 0.13s
    cube 3042.137 (depth 1, 20 lits): UNSAT in 0.06s
    cube 3042.138 (depth 1, 20 lits): UNSAT in 0.92s
    cube 3042.139 (depth 1, 20 lits): UNSAT in 0.02s
    cube 3042.140 (depth 1, 20 lits): UNSAT in 0.02s
    cube 3042.141 (depth 1, 20 lits): UNSAT in 0.11s
    cube 3042.142 (depth 1, 20 lits): UNSAT in 0.43s
    cube 3042.143 (depth 1, 20 lits): UNSAT in 0.07s
    cube 3042.144 (depth 1, 20 lits): UNSAT in 0.12s
    cube 3042.145 (depth 1, 20 lits): UNSAT in 0.12s
    cube 3042.146 (depth 1, 20 lits): UNSAT in 0.51s
    cube 3042.147 (depth 1, 20 lits): UNSAT in 0.33s
    cube 3042.148 (depth 1, 20 lits): UNSAT in 0.85s
    cube 3042.149 (depth 1, 20 lits): UNSAT in 0.12s
    cube 3042.150 (depth 1, 20 lits): UNSAT in 2.72s
    cube 3042.151 (depth 1, 20 lits): UNSAT in 0.54s
    cube 3042.152 (depth 1, 20 lits): UNSAT in 1.57s
    cube 3042.153 (depth 1, 20 lits): UNSAT in 0.20s
    cube 3042.154 (depth 1, 20 lits): UNSAT in 5.40s
    cube 3042.155 (depth 1, 20 lits): UNSAT in 0.02s
    cube 3042.156 (depth 1, 20 lits): UNSAT in 0.03s
    cube 3042.157 (depth 1, 20 lits): UNSAT in 0.04s
    cube 3042.158 (depth 1, 20 lits): UNSAT in 0.06s
    cube 3042.159 (depth 1, 20 lits): UNSAT in 0.02s
    cube 3042.160 (depth 1, 20 lits): UNSAT in 0.05s
    cube 3042.161 (depth 1, 20 lits): UNSAT in 0.10s
    cube 3042.162 (depth 1, 20 lits): UNSAT in 0.18s
    cube 3042.163 (depth 1, 20 lits): UNSAT in 0.03s
    cube 3042.164 (depth 1, 20 lits): UNSAT in 0.03s
    cube 3042.165 (depth 1, 20 lits): UNSAT in 0.10s
    cube 3042.166 (depth 1, 20 lits): UNSAT in 0.18s
    cube 3042.167 (depth 1, 20 lits): UNSAT in 0.15s
    cube 3042.168 (depth 1, 20 lits): UNSAT in 0.29s
    cube 3042.169 (depth 1, 20 lits): UNSAT in 0.64s
    cube 3042.170 (depth 1, 20 lits): UNSAT in 2.91s
    cube 3042.171 (depth 1, 20 lits): UNSAT in 0.08s
    cube 3042.172 (depth 1, 20 lits): UNSAT in 0.08s
    cube 3042.173 (depth 1, 20 lits): UNSAT in 0.03s
    cube 3042.174 (depth 1, 20 lits): UNSAT in 0.07s
    cube 3042.175 (depth 1, 20 lits): UNSAT in 0.09s
    cube 3042.176 (depth 1, 20 lits): UNSAT in 0.29s
    cube 3042.177 (depth 1, 20 lits): UNSAT in 0.38s
    cube 3042.178 (depth 1, 20 lits): UNSAT in 2.24s
    cube 3042.179 (depth 1, 20 lits): UNSAT in 0.04s
    cube 3042.180 (depth 1, 20 lits): UNSAT in 0.34s
    cube 3042.181 (depth 1, 20 lits): UNSAT in 0.05s
    cube 3042.182 (depth 1, 20 lits): UNSAT in 2.77s
    cube 3042.183 (depth 1, 20 lits): UNSAT in 0.47s
    cube 3042.184 (depth 1, 20 lits): UNSAT in 5.10s
    cube 3042.185 (depth 1, 20 lits): UNSAT in 8.75s
    cube 3042.186 (depth 1, 20 lits): UNSAT in 112.55s
    cube 3042.187 (depth 1, 20 lits): UNSAT in 0.02s
    cube 3042.188 (depth 1, 20 lits): UNSAT in 0.05s
    cube 3042.189 (depth 1, 20 lits): UNSAT in 0.02s
    cube 3042.190 (depth 1, 20 lits): UNSAT in 0.04s
    cube 3042.191 (depth 1, 20 lits): UNSAT in 0.03s
    cube 3042.192 (depth 1, 20 lits): UNSAT in 0.05s
    cube 3042.193 (depth 1, 20 lits): UNSAT in 0.04s
    cube 3042.194 (depth 1, 20 lits): UNSAT in 0.19s
    cube 3042.195 (depth 1, 20 lits): UNSAT in 0.03s
    cube 3042.196 (depth 1, 20 lits): UNSAT in 0.10s
    cube 3042.197 (depth 1, 20 lits): UNSAT in 0.08s
    cube 3042.198 (depth 1, 20 lits): UNSAT in 0.27s
    cube 3042.199 (depth 1, 20 lits): UNSAT in 0.11s
    cube 3042.200 (depth 1, 20 lits): UNSAT in 0.66s
    cube 3042.201 (depth 1, 20 lits): UNSAT in 0.18s
    cube 3042.202 (depth 1, 20 lits): UNSAT in 0.54s
    cube 3042.203 (depth 1, 20 lits): UNSAT in 0.03s
    cube 3042.204 (depth 1, 20 lits): UNSAT in 0.07s
    cube 3042.205 (depth 1, 20 lits): UNSAT in 0.14s
    cube 3042.206 (depth 1, 20 lits): UNSAT in 0.66s
    cube 3042.207 (depth 1, 20 lits): UNSAT in 0.11s
    cube 3042.208 (depth 1, 20 lits): UNSAT in 0.58s
    cube 3042.209 (depth 1, 20 lits): UNSAT in 0.50s
    cube 3042.210 (depth 1, 20 lits): UNSAT in 3.81s
    cube 3042.211 (depth 1, 20 lits): UNSAT in 0.20s
    cube 3042.212 (depth 1, 20 lits): UNSAT in 0.13s
    cube 3042.213 (depth 1, 20 lits): UNSAT in 0.61s
    cube 3042.214 (depth 1, 20 lits): UNSAT in 7.17s
    cube 3042.215 (depth 1, 20 lits): UNSAT in 2.11s
    cube 3042.216 (depth 1, 20 lits): UNSAT in 4.95s
    cube 3042.217 (depth 1, 20 lits): UNSAT in 2.24s
    cube 3042.218 (depth 1, 20 lits): UNSAT in 28.27s
    cube 3042.219 (depth 1, 20 lits): UNSAT in 0.03s
    cube 3042.220 (depth 1, 20 lits): UNSAT in 0.11s
    cube 3042.221 (depth 1, 20 lits): UNSAT in 0.27s
    cube 3042.222 (depth 1, 20 lits): UNSAT in 0.29s
    cube 3042.223 (depth 1, 20 lits): UNSAT in 0.05s
    cube 3042.224 (depth 1, 20 lits): UNSAT in 0.39s
    cube 3042.225 (depth 1, 20 lits): UNSAT in 0.21s
    cube 3042.226 (depth 1, 20 lits): UNSAT in 1.05s
    cube 3042.227 (depth 1, 20 lits): UNSAT in 0.16s
    cube 3042.228 (depth 1, 20 lits): UNSAT in 0.25s
    cube 3042.229 (depth 1, 20 lits): UNSAT in 0.49s
    cube 3042.230 (depth 1, 20 lits): UNSAT in 1.64s
    cube 3042.231 (depth 1, 20 lits): UNSAT in 0.07s
    cube 3042.232 (depth 1, 20 lits): UNSAT in 1.18s
    cube 3042.233 (depth 1, 20 lits): UNSAT in 0.66s
    cube 3042.234 (depth 1, 20 lits): UNSAT in 21.39s
    cube 3042.235 (depth 1, 20 lits): UNSAT in 0.13s
    cube 3042.236 (depth 1, 20 lits): UNSAT in 0.56s
    cube 3042.237 (depth 1, 20 lits): UNSAT in 1.20s
    cube 3042.238 (depth 1, 20 lits): UNSAT in 3.52s
    cube 3042.239 (depth 1, 20 lits): UNSAT in 0.25s
    cube 3042.240 (depth 1, 20 lits): UNSAT in 2.90s
    cube 3042.241 (depth 1, 20 lits): UNSAT in 1.62s
    cube 3042.242 (depth 1, 20 lits): UNSAT in 42.83s
    cube 3042.243 (depth 1, 20 lits): UNSAT in 0.46s
    cube 3042.244 (depth 1, 20 lits): UNSAT in 2.27s
    cube 3042.245 (depth 1, 20 lits): UNSAT in 2.46s
    cube 3042.246 (depth 1, 20 lits): UNSAT in 40.47s
    cube 3042.247 (depth 1, 20 lits): UNSAT in 5.15s
    cube 3042.248 (depth 1, 20 lits): UNSAT in 126.61s
    cube 3042.249 (depth 1, 20 lits): UNSAT in 102.78s
    cube 3042.250 (depth 1, 20 lits): UNSAT in 831.95s

  shard 13 verdict: UNSAT (1 UNSAT, 0 unresolved) in 2635.5s
