  shard 14/24 (explicit): 1 of 4095 cubes, per-cube cap 1200.0s, re-split depth 7
    cube 3044 (depth 0, 12 lits): TIMEOUT in 1200.02s
    cube 3044 TIMEOUT -> re-split into 238 sub-cubes (depth 1)
    cube 3044.0 (depth 1, 17 lits): UNSAT in 0.01s
    cube 3044.1 (depth 1, 20 lits): UNSAT in 0.01s
    cube 3044.2 (depth 1, 20 lits): UNSAT in 0.01s
    cube 3044.3 (depth 1, 20 lits): UNSAT in 0.01s
    cube 3044.4 (depth 1, 20 lits): UNSAT in 0.01s
    cube 3044.5 (depth 1, 20 lits): UNSAT in 0.01s
    cube 3044.6 (depth 1, 20 lits): UNSAT in 0.01s
    cube 3044.7 (depth 1, 20 lits): UNSAT in 0.01s
    cube 3044.8 (depth 1, 20 lits): UNSAT in 0.01s
    cube 3044.9 (depth 1, 19 lits): UNSAT in 0.01s
    cube 3044.10 (depth 1, 20 lits): UNSAT in 0.01s
    cube 3044.11 (depth 1, 20 lits): UNSAT in 0.01s
    cube 3044.12 (depth 1, 20 lits): UNSAT in 0.01s
    cube 3044.13 (depth 1, 20 lits): UNSAT in 0.01s
    cube 3044.14 (depth 1, 19 lits): UNSAT in 0.01s
    cube 3044.15 (depth 1, 18 lits): UNSAT in 0.01s
    cube 3044.16 (depth 1, 18 lits): UNSAT in 0.01s
    cube 3044.17 (depth 1, 20 lits): UNSAT in 0.01s
    cube 3044.18 (depth 1, 20 lits): UNSAT in 0.01s
    cube 3044.19 (depth 1, 20 lits): UNSAT in 0.01s
    cube 3044.20 (depth 1, 20 lits): UNSAT in 0.02s
    cube 3044.21 (depth 1, 19 lits): UNSAT in 0.01s
    cube 3044.22 (depth 1, 20 lits): UNSAT in 0.02s
    cube 3044.23 (depth 1, 20 lits): UNSAT in 0.02s
    cube 3044.24 (depth 1, 20 lits): UNSAT in 0.01s
    cube 3044.25 (depth 1, 20 lits): UNSAT in 0.04s
    cube 3044.26 (depth 1, 20 lits): UNSAT in 0.03s
    cube 3044.27 (depth 1, 20 lits): UNSAT in 0.04s
    cube 3044.28 (depth 1, 20 lits): UNSAT in 0.01s
    cube 3044.29 (depth 1, 20 lits): UNSAT in 0.03s
    cube 3044.30 (depth 1, 20 lits): UNSAT in 0.02s
    cube 3044.31 (depth 1, 20 lits): UNSAT in 0.05s
    cube 3044.32 (depth 1, 20 lits): UNSAT in 0.02s
    cube 3044.33 (depth 1, 20 lits): UNSAT in 0.02s
    cube 3044.34 (depth 1, 20 lits): UNSAT in 0.02s
    cube 3044.35 (depth 1, 20 lits): UNSAT in 0.05s
    cube 3044.36 (depth 1, 20 lits): UNSAT in 0.02s
    cube 3044.37 (depth 1, 20 lits): UNSAT in 0.02s
    cube 3044.38 (depth 1, 20 lits): UNSAT in 0.03s
    cube 3044.39 (depth 1, 20 lits): UNSAT in 0.07s
    cube 3044.40 (depth 1, 20 lits): UNSAT in 0.04s
    cube 3044.41 (depth 1, 20 lits): UNSAT in 0.06s
    cube 3044.42 (depth 1, 20 lits): UNSAT in 0.07s
    cube 3044.43 (depth 1, 20 lits): UNSAT in 0.06s
    cube 3044.44 (depth 1, 20 lits): UNSAT in 0.15s
    cube 3044.45 (depth 1, 20 lits): UNSAT in 0.31s
    cube 3044.46 (depth 1, 20 lits): UNSAT in 0.06s
    cube 3044.47 (depth 1, 20 lits): UNSAT in 0.13s
    cube 3044.48 (depth 1, 19 lits): UNSAT in 0.01s
    cube 3044.49 (depth 1, 20 lits): UNSAT in 0.02s
    cube 3044.50 (depth 1, 20 lits): UNSAT in 0.02s
    cube 3044.51 (depth 1, 20 lits): UNSAT in 0.02s
    cube 3044.52 (depth 1, 20 lits): UNSAT in 0.03s
    cube 3044.53 (depth 1, 20 lits): UNSAT in 0.03s
    cube 3044.54 (depth 1, 20 lits): UNSAT in 0.07s
    cube 3044.55 (depth 1, 20 lits): UNSAT in 0.02s
    cube 3044.56 (depth 1, 20 lits): UNSAT in 0.02s
    cube 3044.57 (depth 1, 20 lits): UNSAT in 0.01s
    cube 3044.58 (depth 1, 20 lits): UNSAT in 0.04s
    cube 3044.59 (depth 1, 20 lits): UNSAT in 0.03s
    cube 3044.60 (depth 1, 20 lits): UNSAT in 0.02s
    cube 3044.61 (depth 1, 20 lits): UNSAT in 0.06s
    cube 3044.62 (depth 1, 20 lits): UNSAT in 0.11s
    cube 3044.63 (depth 1, 20 lits): UNSAT in 0.01s
    cube 3044.64 (depth 1, 20 lits): UNSAT in 0.02s
    cube 3044.65 (depth 1, 20 lits): UNSAT in 0.02s
    cube 3044.66 (depth 1, 20 lits): UNSAT in 0.03s
    cube 3044.67 (depth 1, 20 lits): UNSAT in 0.01s
    cube 3044.68 (depth 1, 20 lits): UNSAT in 0.02s
    cube 3044.69 (depth 1, 20 lits): UNSAT in 0.10s
    cube 3044.70 (depth 1, 20 lits): UNSAT in 0.03s
    cube 3044.71 (depth 1, 20 lits): UNSAT in 0.02s
    cube 3044.72 (depth 1, 20 lits): UNSAT in 0.06s
    cube 3044.73 (depth 1, 20 lits): UNSAT in 0.12s
    cube 3044.74 (depth 1, 20 lits): UNSAT in 0.19s
    cube 3044.75 (depth 1, 20 lits): UNSAT in 0.05s
    cube 3044.76 (depth 1, 20 lits): UNSAT in 0.22s
    cube 3044.77 (depth 1, 20 lits): UNSAT in 0.46s
    cube 3044.78 (depth 1, 20 lits): UNSAT in 1.99s
    cube 3044.79 (depth 1, 20 lits): UNSAT in 0.01s
    cube 3044.80 (depth 1, 20 lits): UNSAT in 0.02s
    cube 3044.81 (depth 1, 20 lits): UNSAT in 0.02s
    cube 3044.82 (depth 1, 20 lits): UNSAT in 0.03s
    cube 3044.83 (depth 1, 20 lits): UNSAT in 0.04s
    cube 3044.84 (depth 1, 20 lits): UNSAT in 0.13s
    cube 3044.85 (depth 1, 20 lits): UNSAT in 0.07s
    cube 3044.86 (depth 1, 20 lits): UNSAT in 0.16s
    cube 3044.87 (depth 1, 20 lits): UNSAT in 0.02s
    cube 3044.88 (depth 1, 20 lits): UNSAT in 0.02s
    cube 3044.89 (depth 1, 20 lits): UNSAT in 0.11s
    cube 3044.90 (depth 1, 20 lits): UNSAT in 0.14s
    cube 3044.91 (depth 1, 20 lits): UNSAT in 0.08s
    cube 3044.92 (depth 1, 20 lits): UNSAT in 0.13s
    cube 3044.93 (depth 1, 20 lits): UNSAT in 0.32s
    cube 3044.94 (depth 1, 20 lits): UNSAT in 1.16s
    cube 3044.95 (depth 1, 20 lits): UNSAT in 0.02s
    cube 3044.96 (depth 1, 20 lits): UNSAT in 0.02s
    cube 3044.97 (depth 1, 20 lits): UNSAT in 0.02s
    cube 3044.98 (depth 1, 20 lits): UNSAT in 0.03s
    cube 3044.99 (depth 1, 20 lits): UNSAT in 0.04s
    cube 3044.100 (depth 1, 20 lits): UNSAT in 0.08s
    cube 3044.101 (depth 1, 20 lits): UNSAT in 0.06s
    cube 3044.102 (depth 1, 20 lits): UNSAT in 0.15s
    cube 3044.103 (depth 1, 20 lits): UNSAT in 0.05s
    cube 3044.104 (depth 1, 20 lits): UNSAT in 0.20s
    cube 3044.105 (depth 1, 20 lits): UNSAT in 0.25s
    cube 3044.106 (depth 1, 20 lits): UNSAT in 2.08s
    cube 3044.107 (depth 1, 20 lits): UNSAT in 0.07s
    cube 3044.108 (depth 1, 20 lits): UNSAT in 0.31s
    cube 3044.109 (depth 1, 20 lits): UNSAT in 0.46s
    cube 3044.110 (depth 1, 20 lits): UNSAT in 2.05s
    cube 3044.111 (depth 1, 19 lits): UNSAT in 0.01s
    cube 3044.112 (depth 1, 20 lits): UNSAT in 0.01s
    cube 3044.113 (depth 1, 20 lits): UNSAT in 0.02s
    cube 3044.114 (depth 1, 20 lits): UNSAT in 0.01s
    cube 3044.115 (depth 1, 20 lits): UNSAT in 0.02s
    cube 3044.116 (depth 1, 20 lits): UNSAT in 0.04s
    cube 3044.117 (depth 1, 20 lits): UNSAT in 0.02s
    cube 3044.118 (depth 1, 20 lits): UNSAT in 0.01s
    cube 3044.119 (depth 1, 20 lits): UNSAT in 0.02s
    cube 3044.120 (depth 1, 20 lits): UNSAT in 0.01s
    cube 3044.121 (depth 1, 20 lits): UNSAT in 0.03s
    cube 3044.122 (depth 1, 20 lits): UNSAT in 0.01s
    cube 3044.123 (depth 1, 20 lits): UNSAT in 0.04s
    cube 3044.124 (depth 1, 20 lits): UNSAT in 0.03s
    cube 3044.125 (depth 1, 20 lits): UNSAT in 0.17s
    cube 3044.126 (depth 1, 20 lits): UNSAT in 0.01s
    cube 3044.127 (depth 1, 20 lits): UNSAT in 0.02s
    cube 3044.128 (depth 1, 20 lits): UNSAT in 0.02s
    cube 3044.129 (depth 1, 20 lits): UNSAT in 0.05s
    cube 3044.130 (depth 1, 20 lits): UNSAT in 0.02s
    cube 3044.131 (depth 1, 20 lits): UNSAT in 0.04s
    cube 3044.132 (depth 1, 20 lits): UNSAT in 0.17s
    cube 3044.133 (depth 1, 20 lits): UNSAT in 0.06s
    cube 3044.134 (depth 1, 20 lits): UNSAT in 0.03s
    cube 3044.135 (depth 1, 20 lits): UNSAT in 0.04s
    cube 3044.136 (depth 1, 20 lits): UNSAT in 0.01s
    cube 3044.137 (depth 1, 20 lits): UNSAT in 0.07s
    cube 3044.138 (depth 1, 20 lits): UNSAT in 0.11s
    cube 3044.139 (depth 1, 20 lits): UNSAT in 0.24s
    cube 3044.140 (depth 1, 20 lits): UNSAT in 0.24s
    cube 3044.141 (depth 1, 20 lits): UNSAT in 1.20s
    cube 3044.142 (depth 1, 20 lits): UNSAT in 0.02s
    cube 3044.143 (depth 1, 20 lits): UNSAT in 0.05s
    cube 3044.144 (depth 1, 20 lits): UNSAT in 0.04s
    cube 3044.145 (depth 1, 20 lits): UNSAT in 0.10s
    cube 3044.146 (depth 1, 20 lits): UNSAT in 0.04s
    cube 3044.147 (depth 1, 20 lits): UNSAT in 0.06s
    cube 3044.148 (depth 1, 20 lits): UNSAT in 0.32s
    cube 3044.149 (depth 1, 20 lits): UNSAT in 0.49s
    cube 3044.150 (depth 1, 20 lits): UNSAT in 0.01s
    cube 3044.151 (depth 1, 20 lits): UNSAT in 0.02s
    cube 3044.152 (depth 1, 20 lits): UNSAT in 0.02s
    cube 3044.153 (depth 1, 20 lits): UNSAT in 0.14s
    cube 3044.154 (depth 1, 20 lits): UNSAT in 0.04s
    cube 3044.155 (depth 1, 20 lits): UNSAT in 0.03s
    cube 3044.156 (depth 1, 20 lits): UNSAT in 0.06s
    cube 3044.157 (depth 1, 20 lits): UNSAT in 0.20s
    cube 3044.158 (depth 1, 20 lits): UNSAT in 0.03s
    cube 3044.159 (depth 1, 20 lits): UNSAT in 0.03s
    cube 3044.160 (depth 1, 20 lits): UNSAT in 0.02s
    cube 3044.161 (depth 1, 20 lits): UNSAT in 0.10s
    cube 3044.162 (depth 1, 20 lits): UNSAT in 0.04s
    cube 3044.163 (depth 1, 20 lits): UNSAT in 0.26s
    cube 3044.164 (depth 1, 20 lits): UNSAT in 0.18s
    cube 3044.165 (depth 1, 20 lits): UNSAT in 0.20s
    cube 3044.166 (depth 1, 20 lits): UNSAT in 0.03s
    cube 3044.167 (depth 1, 20 lits): UNSAT in 0.03s
    cube 3044.168 (depth 1, 20 lits): UNSAT in 0.09s
    cube 3044.169 (depth 1, 20 lits): UNSAT in 0.24s
    cube 3044.170 (depth 1, 20 lits): UNSAT in 0.77s
    cube 3044.171 (depth 1, 20 lits): UNSAT in 2.27s
    cube 3044.172 (depth 1, 20 lits): UNSAT in 0.55s
    cube 3044.173 (depth 1, 20 lits): UNSAT in 5.47s
    cube 3044.174 (depth 1, 20 lits): UNSAT in 0.04s
    cube 3044.175 (depth 1, 20 lits): UNSAT in 0.09s
    cube 3044.176 (depth 1, 20 lits): UNSAT in 0.11s
    cube 3044.177 (depth 1, 20 lits): UNSAT in 0.48s
    cube 3044.178 (depth 1, 20 lits): UNSAT in 0.02s
    cube 3044.179 (depth 1, 20 lits): UNSAT in 0.06s
    cube 3044.180 (depth 1, 20 lits): UNSAT in 0.17s
    cube 3044.181 (depth 1, 20 lits): UNSAT in 1.39s
    cube 3044.182 (depth 1, 20 lits): UNSAT in 0.04s
    cube 3044.183 (depth 1, 20 lits): UNSAT in 0.28s
    cube 3044.184 (depth 1, 20 lits): UNSAT in 0.19s
    cube 3044.185 (depth 1, 20 lits): UNSAT in 0.55s
    cube 3044.186 (depth 1, 20 lits): UNSAT in 0.18s
    cube 3044.187 (depth 1, 20 lits): UNSAT in 0.55s
    cube 3044.188 (depth 1, 20 lits): UNSAT in 2.75s
    cube 3044.189 (depth 1, 20 lits): UNSAT in 13.61s
    cube 3044.190 (depth 1, 20 lits): UNSAT in 0.03s
    cube 3044.191 (depth 1, 20 lits): UNSAT in 0.14s
    cube 3044.192 (depth 1, 20 lits): UNSAT in 0.03s
    cube 3044.193 (depth 1, 20 lits): UNSAT in 0.25s
    cube 3044.194 (depth 1, 20 lits): UNSAT in 0.12s
    cube 3044.195 (depth 1, 20 lits): UNSAT in 0.89s
    cube 3044.196 (depth 1, 20 lits): UNSAT in 0.52s
    cube 3044.197 (depth 1, 20 lits): UNSAT in 1.29s
    cube 3044.198 (depth 1, 20 lits): UNSAT in 0.61s
    cube 3044.199 (depth 1, 20 lits): UNSAT in 1.86s
    cube 3044.200 (depth 1, 20 lits): UNSAT in 0.87s
    cube 3044.201 (depth 1, 20 lits): UNSAT in 3.45s
    cube 3044.202 (depth 1, 20 lits): UNSAT in 0.38s
    cube 3044.203 (depth 1, 20 lits): UNSAT in 2.86s
    cube 3044.204 (depth 1, 20 lits): UNSAT in 2.32s
    cube 3044.205 (depth 1, 20 lits): UNSAT in 4.36s
    cube 3044.206 (depth 1, 20 lits): UNSAT in 0.03s
    cube 3044.207 (depth 1, 20 lits): UNSAT in 0.37s
    cube 3044.208 (depth 1, 20 lits): UNSAT in 0.35s
    cube 3044.209 (depth 1, 20 lits): UNSAT in 1.21s
    cube 3044.210 (depth 1, 20 lits): UNSAT in 0.38s
    cube 3044.211 (depth 1, 20 lits): UNSAT in 1.25s
    cube 3044.212 (depth 1, 20 lits): UNSAT in 0.14s
    cube 3044.213 (depth 1, 20 lits): UNSAT in 1.59s
    cube 3044.214 (depth 1, 20 lits): UNSAT in 0.07s
    cube 3044.215 (depth 1, 20 lits): UNSAT in 0.13s
    cube 3044.216 (depth 1, 20 lits): UNSAT in 0.18s
    cube 3044.217 (depth 1, 20 lits): UNSAT in 0.60s
    cube 3044.218 (depth 1, 20 lits): UNSAT in 0.53s
    cube 3044.219 (depth 1, 20 lits): UNSAT in 0.78s
    cube 3044.220 (depth 1, 20 lits): UNSAT in 0.87s
    cube 3044.221 (depth 1, 20 lits): UNSAT in 5.32s
    cube 3044.222 (depth 1, 20 lits): UNSAT in 0.33s
    cube 3044.223 (depth 1, 20 lits): UNSAT in 1.07s
    cube 3044.224 (depth 1, 20 lits): UNSAT in 0.13s
    cube 3044.225 (depth 1, 20 lits): UNSAT in 1.32s
    cube 3044.226 (depth 1, 20 lits): UNSAT in 0.13s
    cube 3044.227 (depth 1, 20 lits): UNSAT in 0.35s
    cube 3044.228 (depth 1, 20 lits): UNSAT in 0.64s
    cube 3044.229 (depth 1, 20 lits): UNSAT in 9.70s
    cube 3044.230 (depth 1, 20 lits): UNSAT in 0.14s
    cube 3044.231 (depth 1, 20 lits): UNSAT in 0.20s
    cube 3044.232 (depth 1, 20 lits): UNSAT in 2.93s
    cube 3044.233 (depth 1, 20 lits): UNSAT in 14.93s
    cube 3044.234 (depth 1, 20 lits): UNSAT in 2.89s
    cube 3044.235 (depth 1, 20 lits): UNSAT in 15.74s
    cube 3044.236 (depth 1, 20 lits): UNSAT in 32.04s
    cube 3044.237 (depth 1, 20 lits): UNSAT in 166.74s

  shard 14 verdict: UNSAT (1 UNSAT, 0 unresolved) in 1535.6s
