  shard 3/4 (round-robin): 855 of 3423 cubes, per-cube cap 600.0s, re-split depth 7
    cube 3 (depth 0, 23 lits): UNSAT in 0.01s
    cube 7 (depth 0, 23 lits): UNSAT in 0.01s
    cube 11 (depth 0, 24 lits): UNSAT in 0.02s
    cube 15 (depth 0, 24 lits): UNSAT in 0.01s
    cube 19 (depth 0, 24 lits): UNSAT in 0.02s
    cube 23 (depth 0, 23 lits): UNSAT in 0.01s
    cube 27 (depth 0, 23 lits): UNSAT in 0.01s
    cube 31 (depth 0, 23 lits): UNSAT in 0.01s
    cube 35 (depth 0, 24 lits): UNSAT in 0.02s
    cube 39 (depth 0, 23 lits): UNSAT in 0.01s
    cube 43 (depth 0, 24 lits): UNSAT in 0.02s
    cube 47 (depth 0, 24 lits): UNSAT in 0.01s
    cube 51 (depth 0, 24 lits): UNSAT in 0.02s
    cube 55 (depth 0, 23 lits): UNSAT in 0.01s
    cube 59 (depth 0, 24 lits): UNSAT in 0.02s
    cube 63 (depth 0, 24 lits): UNSAT in 0.02s
    cube 67 (depth 0, 24 lits): UNSAT in 0.04s
    cube 71 (depth 0, 21 lits): UNSAT in 0.02s
    cube 75 (depth 0, 23 lits): UNSAT in 0.02s
    cube 79 (depth 0, 24 lits): UNSAT in 0.01s
    cube 83 (depth 0, 22 lits): UNSAT in 0.01s
    cube 87 (depth 0, 24 lits): UNSAT in 0.01s
    cube 91 (depth 0, 24 lits): UNSAT in 0.02s
    cube 95 (depth 0, 24 lits): UNSAT in 0.01s
    cube 99 (depth 0, 24 lits): UNSAT in 0.02s
    cube 103 (depth 0, 24 lits): UNSAT in 0.05s
    cube 107 (depth 0, 24 lits): UNSAT in 0.03s
    cube 111 (depth 0, 24 lits): UNSAT in 0.02s
    cube 115 (depth 0, 23 lits): UNSAT in 0.01s
    cube 119 (depth 0, 24 lits): UNSAT in 0.02s
    cube 123 (depth 0, 24 lits): UNSAT in 0.05s
    cube 127 (depth 0, 24 lits): UNSAT in 0.03s
    cube 131 (depth 0, 24 lits): UNSAT in 0.02s
    cube 135 (depth 0, 24 lits): UNSAT in 0.02s
    cube 139 (depth 0, 24 lits): UNSAT in 0.02s
    cube 143 (depth 0, 24 lits): UNSAT in 0.01s
    cube 147 (depth 0, 24 lits): UNSAT in 0.03s
    cube 151 (depth 0, 24 lits): UNSAT in 0.02s
    cube 155 (depth 0, 24 lits): UNSAT in 0.05s
    cube 159 (depth 0, 19 lits): UNSAT in 0.02s
    cube 163 (depth 0, 23 lits): UNSAT in 0.02s
    cube 167 (depth 0, 21 lits): UNSAT in 0.02s
    cube 171 (depth 0, 24 lits): UNSAT in 0.01s
    cube 175 (depth 0, 24 lits): UNSAT in 0.02s
    cube 179 (depth 0, 24 lits): UNSAT in 0.02s
    cube 183 (depth 0, 22 lits): UNSAT in 0.02s
    cube 187 (depth 0, 24 lits): UNSAT in 0.01s
    cube 191 (depth 0, 24 lits): UNSAT in 0.02s
    cube 195 (depth 0, 24 lits): UNSAT in 0.02s
    cube 199 (depth 0, 24 lits): UNSAT in 0.03s
    cube 203 (depth 0, 24 lits): UNSAT in 0.01s
    cube 207 (depth 0, 22 lits): UNSAT in 0.01s
    cube 211 (depth 0, 23 lits): UNSAT in 0.01s
    cube 215 (depth 0, 24 lits): UNSAT in 0.01s
    cube 219 (depth 0, 24 lits): UNSAT in 0.02s
    cube 223 (depth 0, 24 lits): UNSAT in 0.04s
    cube 227 (depth 0, 23 lits): UNSAT in 0.02s
    cube 231 (depth 0, 24 lits): UNSAT in 0.01s
    cube 235 (depth 0, 24 lits): UNSAT in 0.02s
    cube 239 (depth 0, 24 lits): UNSAT in 0.03s
    cube 243 (depth 0, 24 lits): UNSAT in 0.02s
    cube 247 (depth 0, 24 lits): UNSAT in 0.03s
    cube 251 (depth 0, 21 lits): UNSAT in 0.01s
    cube 255 (depth 0, 24 lits): UNSAT in 0.02s
    cube 259 (depth 0, 23 lits): UNSAT in 0.02s
    cube 263 (depth 0, 24 lits): UNSAT in 0.03s
    cube 267 (depth 0, 24 lits): UNSAT in 0.02s
    cube 271 (depth 0, 24 lits): UNSAT in 0.02s
    cube 275 (depth 0, 24 lits): UNSAT in 0.02s
    cube 279 (depth 0, 24 lits): UNSAT in 0.03s
    cube 283 (depth 0, 24 lits): UNSAT in 0.12s
    cube 287 (depth 0, 24 lits): UNSAT in 0.08s
    cube 291 (depth 0, 24 lits): UNSAT in 0.28s
    cube 295 (depth 0, 24 lits): UNSAT in 0.08s
    cube 299 (depth 0, 24 lits): UNSAT in 1.44s
    cube 303 (depth 0, 23 lits): UNSAT in 0.02s
    cube 307 (depth 0, 21 lits): UNSAT in 0.01s
    cube 311 (depth 0, 24 lits): UNSAT in 0.01s
    cube 315 (depth 0, 24 lits): UNSAT in 0.02s
    cube 319 (depth 0, 21 lits): UNSAT in 0.02s
    cube 323 (depth 0, 24 lits): UNSAT in 0.01s
    cube 327 (depth 0, 21 lits): UNSAT in 0.02s
    cube 331 (depth 0, 24 lits): UNSAT in 0.02s
    cube 335 (depth 0, 24 lits): UNSAT in 0.02s
    cube 339 (depth 0, 24 lits): UNSAT in 0.03s
    cube 343 (depth 0, 24 lits): UNSAT in 0.03s
    cube 347 (depth 0, 24 lits): UNSAT in 0.02s
    cube 351 (depth 0, 22 lits): UNSAT in 0.01s
    cube 355 (depth 0, 23 lits): UNSAT in 0.02s
    cube 359 (depth 0, 24 lits): UNSAT in 0.01s
    cube 363 (depth 0, 24 lits): UNSAT in 0.02s
    cube 367 (depth 0, 22 lits): UNSAT in 0.01s
    cube 371 (depth 0, 24 lits): UNSAT in 0.03s
    cube 375 (depth 0, 24 lits): UNSAT in 0.04s
    cube 379 (depth 0, 24 lits): UNSAT in 0.02s
    cube 383 (depth 0, 24 lits): UNSAT in 0.03s
    cube 387 (depth 0, 24 lits): UNSAT in 0.03s
    cube 391 (depth 0, 24 lits): UNSAT in 0.21s
    cube 395 (depth 0, 23 lits): UNSAT in 0.02s
    cube 399 (depth 0, 24 lits): UNSAT in 0.04s
    cube 403 (depth 0, 24 lits): UNSAT in 0.01s
    cube 407 (depth 0, 24 lits): UNSAT in 0.03s
    cube 411 (depth 0, 24 lits): UNSAT in 0.02s
    cube 415 (depth 0, 24 lits): UNSAT in 0.02s
    cube 419 (depth 0, 24 lits): UNSAT in 0.01s
    cube 423 (depth 0, 24 lits): UNSAT in 0.03s
    cube 427 (depth 0, 24 lits): UNSAT in 0.02s
    cube 431 (depth 0, 24 lits): UNSAT in 0.04s
    cube 435 (depth 0, 24 lits): UNSAT in 0.02s
    cube 439 (depth 0, 24 lits): UNSAT in 0.03s
    cube 443 (depth 0, 24 lits): UNSAT in 0.02s
    cube 447 (depth 0, 24 lits): UNSAT in 0.07s
    cube 451 (depth 0, 22 lits): UNSAT in 0.02s
    cube 455 (depth 0, 24 lits): UNSAT in 0.02s
    cube 459 (depth 0, 24 lits): UNSAT in 0.02s
    cube 463 (depth 0, 23 lits): UNSAT in 0.01s
    cube 467 (depth 0, 24 lits): UNSAT in 0.01s
    cube 471 (depth 0, 24 lits): UNSAT in 0.04s
    cube 475 (depth 0, 24 lits): UNSAT in 0.12s
    cube 479 (depth 0, 24 lits): UNSAT in 0.02s
    cube 483 (depth 0, 24 lits): UNSAT in 0.02s
    cube 487 (depth 0, 24 lits): UNSAT in 0.06s
    cube 491 (depth 0, 24 lits): UNSAT in 0.02s
    cube 495 (depth 0, 24 lits): UNSAT in 0.01s
    cube 499 (depth 0, 23 lits): UNSAT in 0.02s
    cube 503 (depth 0, 24 lits): UNSAT in 0.03s
    cube 507 (depth 0, 24 lits): UNSAT in 0.02s
    cube 511 (depth 0, 23 lits): UNSAT in 0.02s
    cube 515 (depth 0, 24 lits): UNSAT in 0.02s
    cube 519 (depth 0, 24 lits): UNSAT in 0.02s
    cube 523 (depth 0, 24 lits): UNSAT in 0.03s
    cube 527 (depth 0, 24 lits): UNSAT in 0.01s
    cube 531 (depth 0, 24 lits): UNSAT in 0.09s
    cube 535 (depth 0, 24 lits): UNSAT in 0.05s
    cube 539 (depth 0, 24 lits): UNSAT in 0.04s
    cube 543 (depth 0, 24 lits): UNSAT in 0.02s
    cube 547 (depth 0, 24 lits): UNSAT in 0.31s
    cube 551 (depth 0, 24 lits): UNSAT in 0.02s
    cube 555 (depth 0, 24 lits): UNSAT in 0.02s
    cube 559 (depth 0, 24 lits): UNSAT in 0.02s
    cube 563 (depth 0, 24 lits): UNSAT in 0.01s
    cube 567 (depth 0, 24 lits): UNSAT in 0.09s
    cube 571 (depth 0, 24 lits): UNSAT in 0.02s
    cube 575 (depth 0, 24 lits): UNSAT in 0.14s
    cube 579 (depth 0, 24 lits): UNSAT in 0.02s
    cube 583 (depth 0, 24 lits): UNSAT in 0.04s
    cube 587 (depth 0, 24 lits): UNSAT in 0.02s
    cube 591 (depth 0, 24 lits): UNSAT in 0.11s
    cube 595 (depth 0, 24 lits): UNSAT in 0.03s
    cube 599 (depth 0, 24 lits): UNSAT in 0.02s
    cube 603 (depth 0, 24 lits): UNSAT in 0.13s
    cube 607 (depth 0, 24 lits): UNSAT in 0.04s
    cube 611 (depth 0, 24 lits): UNSAT in 0.02s
    cube 615 (depth 0, 24 lits): UNSAT in 0.09s
    cube 619 (depth 0, 24 lits): UNSAT in 0.04s
    cube 623 (depth 0, 24 lits): UNSAT in 0.18s
    cube 627 (depth 0, 24 lits): UNSAT in 0.02s
    cube 631 (depth 0, 24 lits): UNSAT in 0.09s
    cube 635 (depth 0, 24 lits): UNSAT in 0.17s
    cube 639 (depth 0, 24 lits): UNSAT in 0.54s
    cube 643 (depth 0, 24 lits): UNSAT in 0.03s
    cube 647 (depth 0, 24 lits): UNSAT in 0.03s
    cube 651 (depth 0, 24 lits): UNSAT in 0.04s
    cube 655 (depth 0, 24 lits): UNSAT in 0.12s
    cube 659 (depth 0, 24 lits): UNSAT in 0.06s
    cube 663 (depth 0, 24 lits): UNSAT in 0.14s
    cube 667 (depth 0, 24 lits): UNSAT in 0.32s
    cube 671 (depth 0, 24 lits): UNSAT in 3.08s
    cube 675 (depth 0, 23 lits): UNSAT in 0.01s
    cube 679 (depth 0, 22 lits): UNSAT in 0.01s
    cube 683 (depth 0, 24 lits): UNSAT in 0.02s
    cube 687 (depth 0, 23 lits): UNSAT in 0.02s
    cube 691 (depth 0, 23 lits): UNSAT in 0.01s
    cube 695 (depth 0, 24 lits): UNSAT in 0.02s
    cube 699 (depth 0, 24 lits): UNSAT in 0.02s
    cube 703 (depth 0, 23 lits): UNSAT in 0.02s
    cube 707 (depth 0, 24 lits): UNSAT in 0.02s
    cube 711 (depth 0, 24 lits): UNSAT in 0.01s
    cube 715 (depth 0, 23 lits): UNSAT in 0.01s
    cube 719 (depth 0, 23 lits): UNSAT in 0.02s
    cube 723 (depth 0, 24 lits): UNSAT in 0.03s
    cube 727 (depth 0, 24 lits): UNSAT in 0.02s
    cube 731 (depth 0, 24 lits): UNSAT in 0.03s
    cube 735 (depth 0, 24 lits): UNSAT in 0.02s
    cube 739 (depth 0, 24 lits): UNSAT in 0.02s
    cube 743 (depth 0, 24 lits): UNSAT in 0.02s
    cube 747 (depth 0, 24 lits): UNSAT in 0.03s
    cube 751 (depth 0, 24 lits): UNSAT in 0.02s
    cube 755 (depth 0, 22 lits): UNSAT in 0.01s
    cube 759 (depth 0, 22 lits): UNSAT in 0.02s
    cube 763 (depth 0, 24 lits): UNSAT in 0.03s
    cube 767 (depth 0, 22 lits): UNSAT in 0.02s
    cube 771 (depth 0, 24 lits): UNSAT in 0.02s
    cube 775 (depth 0, 24 lits): UNSAT in 0.08s
    cube 779 (depth 0, 24 lits): UNSAT in 0.02s
    cube 783 (depth 0, 24 lits): UNSAT in 0.04s
    cube 787 (depth 0, 24 lits): UNSAT in 0.04s
    cube 791 (depth 0, 22 lits): UNSAT in 0.01s
    cube 795 (depth 0, 24 lits): UNSAT in 0.02s
    cube 799 (depth 0, 23 lits): UNSAT in 0.01s
    cube 803 (depth 0, 24 lits): UNSAT in 0.01s
    cube 807 (depth 0, 24 lits): UNSAT in 0.01s
    cube 811 (depth 0, 23 lits): UNSAT in 0.02s
    cube 815 (depth 0, 24 lits): UNSAT in 0.07s
    cube 819 (depth 0, 24 lits): UNSAT in 0.06s
    cube 823 (depth 0, 24 lits): UNSAT in 0.01s
    cube 827 (depth 0, 24 lits): UNSAT in 0.07s
    cube 831 (depth 0, 24 lits): UNSAT in 0.05s
    cube 835 (depth 0, 24 lits): UNSAT in 0.39s
    cube 839 (depth 0, 21 lits): UNSAT in 0.02s
    cube 843 (depth 0, 23 lits): UNSAT in 0.01s
    cube 847 (depth 0, 24 lits): UNSAT in 0.01s
    cube 851 (depth 0, 22 lits): UNSAT in 0.02s
    cube 855 (depth 0, 24 lits): UNSAT in 0.01s
    cube 859 (depth 0, 24 lits): UNSAT in 0.02s
    cube 863 (depth 0, 24 lits): UNSAT in 0.03s
    cube 867 (depth 0, 24 lits): UNSAT in 0.02s
    cube 871 (depth 0, 24 lits): UNSAT in 0.06s
    cube 875 (depth 0, 22 lits): UNSAT in 0.01s
    cube 879 (depth 0, 24 lits): UNSAT in 0.01s
    cube 883 (depth 0, 23 lits): UNSAT in 0.02s
    cube 887 (depth 0, 24 lits): UNSAT in 0.01s
    cube 891 (depth 0, 24 lits): UNSAT in 0.02s
    cube 895 (depth 0, 24 lits): UNSAT in 0.01s
    cube 899 (depth 0, 24 lits): UNSAT in 0.03s
    cube 903 (depth 0, 24 lits): UNSAT in 0.01s
    cube 907 (depth 0, 24 lits): UNSAT in 0.03s
    cube 911 (depth 0, 24 lits): UNSAT in 0.02s
    cube 915 (depth 0, 24 lits): UNSAT in 0.02s
    cube 919 (depth 0, 24 lits): UNSAT in 0.06s
    cube 923 (depth 0, 24 lits): UNSAT in 0.10s
    cube 927 (depth 0, 22 lits): UNSAT in 0.02s
    cube 931 (depth 0, 23 lits): UNSAT in 0.01s
    cube 935 (depth 0, 24 lits): UNSAT in 0.01s
    cube 939 (depth 0, 22 lits): UNSAT in 0.01s
    cube 943 (depth 0, 24 lits): UNSAT in 0.02s
    cube 947 (depth 0, 24 lits): UNSAT in 0.01s
    cube 951 (depth 0, 24 lits): UNSAT in 0.01s
    cube 955 (depth 0, 23 lits): UNSAT in 0.01s
    cube 959 (depth 0, 24 lits): UNSAT in 0.09s
    cube 963 (depth 0, 24 lits): UNSAT in 0.02s
    cube 967 (depth 0, 22 lits): UNSAT in 0.01s
    cube 971 (depth 0, 24 lits): UNSAT in 0.02s
    cube 975 (depth 0, 24 lits): UNSAT in 0.02s
    cube 979 (depth 0, 24 lits): UNSAT in 0.04s
    cube 983 (depth 0, 24 lits): UNSAT in 0.39s
    cube 987 (depth 0, 24 lits): UNSAT in 0.48s
    cube 991 (depth 0, 24 lits): UNSAT in 0.07s
    cube 995 (depth 0, 24 lits): UNSAT in 0.32s
    cube 999 (depth 0, 24 lits): UNSAT in 0.30s
    cube 1003 (depth 0, 24 lits): UNSAT in 0.55s
    cube 1007 (depth 0, 24 lits): UNSAT in 0.12s
    cube 1011 (depth 0, 24 lits): UNSAT in 0.75s
    cube 1015 (depth 0, 24 lits): UNSAT in 0.36s
    cube 1019 (depth 0, 24 lits): UNSAT in 2.43s
    cube 1023 (depth 0, 24 lits): UNSAT in 0.02s
    cube 1027 (depth 0, 24 lits): UNSAT in 0.02s
    cube 1031 (depth 0, 24 lits): UNSAT in 0.01s
    cube 1035 (depth 0, 24 lits): UNSAT in 0.02s
    cube 1039 (depth 0, 24 lits): UNSAT in 0.02s
    cube 1043 (depth 0, 23 lits): UNSAT in 0.02s
    cube 1047 (depth 0, 24 lits): UNSAT in 0.02s
    cube 1051 (depth 0, 24 lits): UNSAT in 0.01s
    cube 1055 (depth 0, 24 lits): UNSAT in 0.04s
    cube 1059 (depth 0, 24 lits): UNSAT in 0.02s
    cube 1063 (depth 0, 24 lits): UNSAT in 0.04s
    cube 1067 (depth 0, 24 lits): UNSAT in 0.04s
    cube 1071 (depth 0, 24 lits): UNSAT in 0.06s
    cube 1075 (depth 0, 24 lits): UNSAT in 0.03s
    cube 1079 (depth 0, 24 lits): UNSAT in 0.03s
    cube 1083 (depth 0, 24 lits): UNSAT in 0.02s
    cube 1087 (depth 0, 24 lits): UNSAT in 0.21s
    cube 1091 (depth 0, 24 lits): UNSAT in 0.02s
    cube 1095 (depth 0, 24 lits): UNSAT in 0.03s
    cube 1099 (depth 0, 24 lits): UNSAT in 0.04s
    cube 1103 (depth 0, 24 lits): UNSAT in 0.01s
    cube 1107 (depth 0, 24 lits): UNSAT in 0.03s
    cube 1111 (depth 0, 24 lits): UNSAT in 0.04s
    cube 1115 (depth 0, 24 lits): UNSAT in 0.06s
    cube 1119 (depth 0, 24 lits): UNSAT in 0.07s
    cube 1123 (depth 0, 24 lits): UNSAT in 0.18s
    cube 1127 (depth 0, 24 lits): UNSAT in 1.17s
    cube 1131 (depth 0, 24 lits): UNSAT in 1.77s
    cube 1135 (depth 0, 24 lits): UNSAT in 0.01s
    cube 1139 (depth 0, 23 lits): UNSAT in 0.01s
    cube 1143 (depth 0, 24 lits): UNSAT in 0.02s
    cube 1147 (depth 0, 24 lits): UNSAT in 0.02s
    cube 1151 (depth 0, 24 lits): UNSAT in 0.04s
    cube 1155 (depth 0, 24 lits): UNSAT in 0.02s
    cube 1159 (depth 0, 24 lits): UNSAT in 0.06s
    cube 1163 (depth 0, 24 lits): UNSAT in 0.01s
    cube 1167 (depth 0, 24 lits): UNSAT in 0.02s
    cube 1171 (depth 0, 24 lits): UNSAT in 0.02s
    cube 1175 (depth 0, 24 lits): UNSAT in 0.03s
    cube 1179 (depth 0, 24 lits): UNSAT in 0.05s
    cube 1183 (depth 0, 24 lits): UNSAT in 0.02s
    cube 1187 (depth 0, 24 lits): UNSAT in 0.20s
    cube 1191 (depth 0, 24 lits): UNSAT in 0.27s
    cube 1195 (depth 0, 24 lits): UNSAT in 0.04s
    cube 1199 (depth 0, 24 lits): UNSAT in 0.05s
    cube 1203 (depth 0, 24 lits): UNSAT in 0.03s
    cube 1207 (depth 0, 24 lits): UNSAT in 0.03s
    cube 1211 (depth 0, 24 lits): UNSAT in 0.01s
    cube 1215 (depth 0, 24 lits): UNSAT in 0.04s
    cube 1219 (depth 0, 24 lits): UNSAT in 0.06s
    cube 1223 (depth 0, 24 lits): UNSAT in 0.88s
    cube 1227 (depth 0, 24 lits): UNSAT in 0.03s
    cube 1231 (depth 0, 24 lits): UNSAT in 0.15s
    cube 1235 (depth 0, 24 lits): UNSAT in 0.07s
    cube 1239 (depth 0, 24 lits): UNSAT in 0.79s
    cube 1243 (depth 0, 24 lits): UNSAT in 0.12s
    cube 1247 (depth 0, 24 lits): UNSAT in 0.31s
    cube 1251 (depth 0, 24 lits): UNSAT in 0.86s
    cube 1255 (depth 0, 24 lits): UNSAT in 2.30s
    cube 1259 (depth 0, 24 lits): UNSAT in 0.02s
    cube 1263 (depth 0, 24 lits): UNSAT in 0.01s
    cube 1267 (depth 0, 23 lits): UNSAT in 0.02s
    cube 1271 (depth 0, 24 lits): UNSAT in 0.05s
    cube 1275 (depth 0, 23 lits): UNSAT in 0.01s
    cube 1279 (depth 0, 24 lits): UNSAT in 0.02s
    cube 1283 (depth 0, 24 lits): UNSAT in 0.09s
    cube 1287 (depth 0, 24 lits): UNSAT in 0.02s
    cube 1291 (depth 0, 24 lits): UNSAT in 0.09s
    cube 1295 (depth 0, 24 lits): UNSAT in 0.03s
    cube 1299 (depth 0, 24 lits): UNSAT in 0.09s
    cube 1303 (depth 0, 24 lits): UNSAT in 0.04s
    cube 1307 (depth 0, 24 lits): UNSAT in 0.07s
    cube 1311 (depth 0, 24 lits): UNSAT in 0.10s
    cube 1315 (depth 0, 24 lits): UNSAT in 0.62s
    cube 1319 (depth 0, 24 lits): UNSAT in 0.02s
    cube 1323 (depth 0, 24 lits): UNSAT in 0.05s
    cube 1327 (depth 0, 24 lits): UNSAT in 0.05s
    cube 1331 (depth 0, 24 lits): UNSAT in 0.03s
    cube 1335 (depth 0, 24 lits): UNSAT in 0.07s
    cube 1339 (depth 0, 24 lits): UNSAT in 0.19s
    cube 1343 (depth 0, 24 lits): UNSAT in 0.13s
    cube 1347 (depth 0, 24 lits): UNSAT in 0.34s
    cube 1351 (depth 0, 24 lits): UNSAT in 0.01s
    cube 1355 (depth 0, 24 lits): UNSAT in 0.11s
    cube 1359 (depth 0, 24 lits): UNSAT in 0.12s
    cube 1363 (depth 0, 24 lits): UNSAT in 0.26s
    cube 1367 (depth 0, 24 lits): UNSAT in 0.15s
    cube 1371 (depth 0, 24 lits): UNSAT in 0.33s
    cube 1375 (depth 0, 24 lits): UNSAT in 1.39s
    cube 1379 (depth 0, 24 lits): UNSAT in 8.41s
    cube 1383 (depth 0, 24 lits): UNSAT in 0.01s
    cube 1387 (depth 0, 24 lits): UNSAT in 0.03s
    cube 1391 (depth 0, 24 lits): UNSAT in 0.02s
    cube 1395 (depth 0, 24 lits): UNSAT in 0.07s
    cube 1399 (depth 0, 24 lits): UNSAT in 0.09s
    cube 1403 (depth 0, 24 lits): UNSAT in 0.09s
    cube 1407 (depth 0, 24 lits): UNSAT in 0.03s
    cube 1411 (depth 0, 24 lits): UNSAT in 0.23s
    cube 1415 (depth 0, 24 lits): UNSAT in 0.05s
    cube 1419 (depth 0, 24 lits): UNSAT in 0.08s
    cube 1423 (depth 0, 24 lits): UNSAT in 0.13s
    cube 1427 (depth 0, 24 lits): UNSAT in 0.48s
    cube 1431 (depth 0, 24 lits): UNSAT in 0.11s
    cube 1435 (depth 0, 24 lits): UNSAT in 0.72s
    cube 1439 (depth 0, 24 lits): UNSAT in 0.54s
    cube 1443 (depth 0, 24 lits): UNSAT in 51.95s
    cube 1447 (depth 0, 24 lits): UNSAT in 0.02s
    cube 1451 (depth 0, 24 lits): UNSAT in 0.11s
    cube 1455 (depth 0, 24 lits): UNSAT in 0.29s
    cube 1459 (depth 0, 24 lits): UNSAT in 0.59s
    cube 1463 (depth 0, 24 lits): UNSAT in 0.33s
    cube 1467 (depth 0, 24 lits): UNSAT in 0.54s
    cube 1471 (depth 0, 24 lits): UNSAT in 2.37s
    cube 1475 (depth 0, 24 lits): UNSAT in 4.44s
    cube 1479 (depth 0, 24 lits): UNSAT in 0.20s
    cube 1483 (depth 0, 24 lits): UNSAT in 1.00s
    cube 1487 (depth 0, 24 lits): UNSAT in 0.60s
    cube 1491 (depth 0, 24 lits): UNSAT in 5.25s
    cube 1495 (depth 0, 24 lits): UNSAT in 0.63s
    cube 1499 (depth 0, 24 lits): UNSAT in 3.71s
    cube 1503 (depth 0, 24 lits): UNSAT in 8.15s
    cube 1507 (depth 0, 24 lits): UNSAT in 297.02s
    cube 1511 (depth 0, 24 lits): UNSAT in 0.02s
    cube 1515 (depth 0, 23 lits): UNSAT in 0.01s
    cube 1519 (depth 0, 24 lits): UNSAT in 0.02s
    cube 1523 (depth 0, 21 lits): UNSAT in 0.01s
    cube 1527 (depth 0, 24 lits): UNSAT in 0.02s
    cube 1531 (depth 0, 24 lits): UNSAT in 0.02s
    cube 1535 (depth 0, 24 lits): UNSAT in 0.01s
    cube 1539 (depth 0, 24 lits): UNSAT in 0.02s
    cube 1543 (depth 0, 23 lits): UNSAT in 0.02s
    cube 1547 (depth 0, 24 lits): UNSAT in 0.02s
    cube 1551 (depth 0, 24 lits): UNSAT in 0.02s
    cube 1555 (depth 0, 22 lits): UNSAT in 0.01s
    cube 1559 (depth 0, 24 lits): UNSAT in 0.02s
    cube 1563 (depth 0, 22 lits): UNSAT in 0.01s
    cube 1567 (depth 0, 24 lits): UNSAT in 0.03s
    cube 1571 (depth 0, 24 lits): UNSAT in 0.02s
    cube 1575 (depth 0, 24 lits): UNSAT in 0.03s
    cube 1579 (depth 0, 24 lits): UNSAT in 0.05s
    cube 1583 (depth 0, 24 lits): UNSAT in 0.02s
    cube 1587 (depth 0, 24 lits): UNSAT in 0.19s
    cube 1591 (depth 0, 23 lits): UNSAT in 0.01s
    cube 1595 (depth 0, 24 lits): UNSAT in 0.02s
    cube 1599 (depth 0, 24 lits): UNSAT in 0.05s
    cube 1603 (depth 0, 23 lits): UNSAT in 0.02s
    cube 1607 (depth 0, 24 lits): UNSAT in 0.02s
    cube 1611 (depth 0, 24 lits): UNSAT in 0.03s
    cube 1615 (depth 0, 24 lits): UNSAT in 0.01s
    cube 1619 (depth 0, 24 lits): UNSAT in 0.02s
    cube 1623 (depth 0, 24 lits): UNSAT in 0.05s
    cube 1627 (depth 0, 24 lits): UNSAT in 0.02s
    cube 1631 (depth 0, 24 lits): UNSAT in 0.06s
    cube 1635 (depth 0, 24 lits): UNSAT in 0.19s
    cube 1639 (depth 0, 24 lits): UNSAT in 0.31s
    cube 1643 (depth 0, 24 lits): UNSAT in 0.03s
    cube 1647 (depth 0, 24 lits): UNSAT in 0.06s
    cube 1651 (depth 0, 24 lits): UNSAT in 0.01s
    cube 1655 (depth 0, 24 lits): UNSAT in 0.02s
    cube 1659 (depth 0, 24 lits): UNSAT in 0.02s
    cube 1663 (depth 0, 24 lits): UNSAT in 0.08s
    cube 1667 (depth 0, 24 lits): UNSAT in 0.06s
    cube 1671 (depth 0, 23 lits): UNSAT in 0.02s
    cube 1675 (depth 0, 24 lits): UNSAT in 0.03s
    cube 1679 (depth 0, 24 lits): UNSAT in 0.03s
    cube 1683 (depth 0, 24 lits): UNSAT in 0.05s
    cube 1687 (depth 0, 24 lits): UNSAT in 0.15s
    cube 1691 (depth 0, 24 lits): UNSAT in 0.41s
    cube 1695 (depth 0, 24 lits): UNSAT in 0.05s
    cube 1699 (depth 0, 24 lits): UNSAT in 0.17s
    cube 1703 (depth 0, 22 lits): UNSAT in 0.02s
    cube 1707 (depth 0, 24 lits): UNSAT in 0.01s
    cube 1711 (depth 0, 24 lits): UNSAT in 0.02s
    cube 1715 (depth 0, 24 lits): UNSAT in 0.03s
    cube 1719 (depth 0, 24 lits): UNSAT in 0.04s
    cube 1723 (depth 0, 24 lits): UNSAT in 0.02s
    cube 1727 (depth 0, 24 lits): UNSAT in 0.02s
    cube 1731 (depth 0, 24 lits): UNSAT in 0.02s
    cube 1735 (depth 0, 24 lits): UNSAT in 0.03s
    cube 1739 (depth 0, 24 lits): UNSAT in 0.02s
    cube 1743 (depth 0, 24 lits): UNSAT in 0.02s
    cube 1747 (depth 0, 24 lits): UNSAT in 0.05s
    cube 1751 (depth 0, 24 lits): UNSAT in 0.17s
    cube 1755 (depth 0, 24 lits): UNSAT in 0.01s
    cube 1759 (depth 0, 24 lits): UNSAT in 0.02s
    cube 1763 (depth 0, 24 lits): UNSAT in 0.02s
    cube 1767 (depth 0, 24 lits): UNSAT in 0.08s
    cube 1771 (depth 0, 24 lits): UNSAT in 0.02s
    cube 1775 (depth 0, 24 lits): UNSAT in 0.02s
    cube 1779 (depth 0, 24 lits): UNSAT in 0.05s
    cube 1783 (depth 0, 24 lits): UNSAT in 0.04s
    cube 1787 (depth 0, 24 lits): UNSAT in 0.03s
    cube 1791 (depth 0, 24 lits): UNSAT in 0.04s
    cube 1795 (depth 0, 24 lits): UNSAT in 0.04s
    cube 1799 (depth 0, 24 lits): UNSAT in 0.10s
    cube 1803 (depth 0, 24 lits): UNSAT in 0.06s
    cube 1807 (depth 0, 24 lits): UNSAT in 0.19s
    cube 1811 (depth 0, 24 lits): UNSAT in 0.18s
    cube 1815 (depth 0, 24 lits): UNSAT in 0.51s
    cube 1819 (depth 0, 24 lits): UNSAT in 0.02s
    cube 1823 (depth 0, 24 lits): UNSAT in 0.03s
    cube 1827 (depth 0, 24 lits): UNSAT in 0.02s
    cube 1831 (depth 0, 24 lits): UNSAT in 0.03s
    cube 1835 (depth 0, 24 lits): UNSAT in 0.04s
    cube 1839 (depth 0, 24 lits): UNSAT in 0.08s
    cube 1843 (depth 0, 24 lits): UNSAT in 0.03s
    cube 1847 (depth 0, 24 lits): UNSAT in 0.07s
    cube 1851 (depth 0, 24 lits): UNSAT in 0.06s
    cube 1855 (depth 0, 24 lits): UNSAT in 0.05s
    cube 1859 (depth 0, 24 lits): UNSAT in 0.03s
    cube 1863 (depth 0, 24 lits): UNSAT in 0.39s
    cube 1867 (depth 0, 24 lits): UNSAT in 0.11s
    cube 1871 (depth 0, 24 lits): UNSAT in 0.17s
    cube 1875 (depth 0, 24 lits): UNSAT in 0.13s
    cube 1879 (depth 0, 24 lits): UNSAT in 3.72s
    cube 1883 (depth 0, 24 lits): UNSAT in 0.05s
    cube 1887 (depth 0, 24 lits): UNSAT in 0.09s
    cube 1891 (depth 0, 24 lits): UNSAT in 0.04s
    cube 1895 (depth 0, 24 lits): UNSAT in 0.32s
    cube 1899 (depth 0, 24 lits): UNSAT in 0.14s
    cube 1903 (depth 0, 24 lits): UNSAT in 0.18s
    cube 1907 (depth 0, 24 lits): UNSAT in 0.39s
    cube 1911 (depth 0, 24 lits): UNSAT in 3.37s
    cube 1915 (depth 0, 24 lits): UNSAT in 0.10s
    cube 1919 (depth 0, 24 lits): UNSAT in 1.20s
    cube 1923 (depth 0, 24 lits): UNSAT in 0.80s
    cube 1927 (depth 0, 24 lits): UNSAT in 16.54s
    cube 1931 (depth 0, 24 lits): UNSAT in 1.35s
    cube 1935 (depth 0, 24 lits): UNSAT in 17.12s
    cube 1939 (depth 0, 24 lits): UNSAT in 11.40s
    cube 1943 (depth 0, 24 lits): TIMEOUT in 600.10s
    cube 1943 TIMEOUT -> re-split into 249 sub-cubes (depth 1)
    cube 1943.0 (depth 1, 31 lits): UNSAT in 0.01s
    cube 1943.1 (depth 1, 32 lits): UNSAT in 0.01s
    cube 1943.2 (depth 1, 32 lits): UNSAT in 0.02s
    cube 1943.3 (depth 1, 31 lits): UNSAT in 0.02s
    cube 1943.4 (depth 1, 32 lits): UNSAT in 0.02s
    cube 1943.5 (depth 1, 32 lits): UNSAT in 0.04s
    cube 1943.6 (depth 1, 32 lits): UNSAT in 0.01s
    cube 1943.7 (depth 1, 32 lits): UNSAT in 0.02s
    cube 1943.8 (depth 1, 32 lits): UNSAT in 0.02s
    cube 1943.9 (depth 1, 32 lits): UNSAT in 0.02s
    cube 1943.10 (depth 1, 32 lits): UNSAT in 0.02s
    cube 1943.11 (depth 1, 32 lits): UNSAT in 0.03s
    cube 1943.12 (depth 1, 32 lits): UNSAT in 0.02s
    cube 1943.13 (depth 1, 32 lits): UNSAT in 0.04s
    cube 1943.14 (depth 1, 31 lits): UNSAT in 0.01s
    cube 1943.15 (depth 1, 32 lits): UNSAT in 0.01s
    cube 1943.16 (depth 1, 32 lits): UNSAT in 0.02s
    cube 1943.17 (depth 1, 32 lits): UNSAT in 0.02s
    cube 1943.18 (depth 1, 32 lits): UNSAT in 0.02s
    cube 1943.19 (depth 1, 32 lits): UNSAT in 0.03s
    cube 1943.20 (depth 1, 32 lits): UNSAT in 0.03s
    cube 1943.21 (depth 1, 32 lits): UNSAT in 0.01s
    cube 1943.22 (depth 1, 32 lits): UNSAT in 0.02s
    cube 1943.23 (depth 1, 32 lits): UNSAT in 0.03s
    cube 1943.24 (depth 1, 32 lits): UNSAT in 0.07s
    cube 1943.25 (depth 1, 32 lits): UNSAT in 0.03s
    cube 1943.26 (depth 1, 32 lits): UNSAT in 0.07s
    cube 1943.27 (depth 1, 32 lits): UNSAT in 0.12s
    cube 1943.28 (depth 1, 32 lits): UNSAT in 0.28s
    cube 1943.29 (depth 1, 31 lits): UNSAT in 0.02s
    cube 1943.30 (depth 1, 31 lits): UNSAT in 0.02s
    cube 1943.31 (depth 1, 32 lits): UNSAT in 0.02s
    cube 1943.32 (depth 1, 32 lits): UNSAT in 0.02s
    cube 1943.33 (depth 1, 32 lits): UNSAT in 0.02s
    cube 1943.34 (depth 1, 32 lits): UNSAT in 0.05s
    cube 1943.35 (depth 1, 32 lits): UNSAT in 0.01s
    cube 1943.36 (depth 1, 32 lits): UNSAT in 0.04s
    cube 1943.37 (depth 1, 32 lits): UNSAT in 0.04s
    cube 1943.38 (depth 1, 32 lits): UNSAT in 0.05s
    cube 1943.39 (depth 1, 32 lits): UNSAT in 0.02s
    cube 1943.40 (depth 1, 32 lits): UNSAT in 0.03s
    cube 1943.41 (depth 1, 32 lits): UNSAT in 0.06s
    cube 1943.42 (depth 1, 32 lits): UNSAT in 0.26s
    cube 1943.43 (depth 1, 32 lits): UNSAT in 0.01s
    cube 1943.44 (depth 1, 32 lits): UNSAT in 0.02s
    cube 1943.45 (depth 1, 32 lits): UNSAT in 0.02s
    cube 1943.46 (depth 1, 32 lits): UNSAT in 0.02s
    cube 1943.47 (depth 1, 32 lits): UNSAT in 0.03s
    cube 1943.48 (depth 1, 32 lits): UNSAT in 0.06s
    cube 1943.49 (depth 1, 32 lits): UNSAT in 0.04s
    cube 1943.50 (depth 1, 32 lits): UNSAT in 0.28s
    cube 1943.51 (depth 1, 32 lits): UNSAT in 0.01s
    cube 1943.52 (depth 1, 32 lits): UNSAT in 0.03s
    cube 1943.53 (depth 1, 32 lits): UNSAT in 0.07s
    cube 1943.54 (depth 1, 32 lits): UNSAT in 0.18s
    cube 1943.55 (depth 1, 32 lits): UNSAT in 0.05s
    cube 1943.56 (depth 1, 32 lits): UNSAT in 0.39s
    cube 1943.57 (depth 1, 32 lits): UNSAT in 0.39s
    cube 1943.58 (depth 1, 32 lits): UNSAT in 2.98s
    cube 1943.59 (depth 1, 32 lits): UNSAT in 0.01s
    cube 1943.60 (depth 1, 32 lits): UNSAT in 0.01s
    cube 1943.61 (depth 1, 32 lits): UNSAT in 0.01s
    cube 1943.62 (depth 1, 32 lits): UNSAT in 0.04s
    cube 1943.63 (depth 1, 32 lits): UNSAT in 0.02s
    cube 1943.64 (depth 1, 32 lits): UNSAT in 0.03s
    cube 1943.65 (depth 1, 32 lits): UNSAT in 0.05s
    cube 1943.66 (depth 1, 32 lits): UNSAT in 0.08s
    cube 1943.67 (depth 1, 32 lits): UNSAT in 0.02s
    cube 1943.68 (depth 1, 32 lits): UNSAT in 0.02s
    cube 1943.69 (depth 1, 32 lits): UNSAT in 0.03s
    cube 1943.70 (depth 1, 32 lits): UNSAT in 0.10s
    cube 1943.71 (depth 1, 32 lits): UNSAT in 0.04s
    cube 1943.72 (depth 1, 32 lits): UNSAT in 0.10s
    cube 1943.73 (depth 1, 32 lits): UNSAT in 0.04s
    cube 1943.74 (depth 1, 32 lits): UNSAT in 0.29s
    cube 1943.75 (depth 1, 32 lits): UNSAT in 0.01s
    cube 1943.76 (depth 1, 32 lits): UNSAT in 0.02s
    cube 1943.77 (depth 1, 32 lits): UNSAT in 0.01s
    cube 1943.78 (depth 1, 32 lits): UNSAT in 0.03s
    cube 1943.79 (depth 1, 32 lits): UNSAT in 0.02s
    cube 1943.80 (depth 1, 32 lits): UNSAT in 0.05s
    cube 1943.81 (depth 1, 32 lits): UNSAT in 0.05s
    cube 1943.82 (depth 1, 32 lits): UNSAT in 0.10s
    cube 1943.83 (depth 1, 32 lits): UNSAT in 0.01s
    cube 1943.84 (depth 1, 32 lits): UNSAT in 0.03s
    cube 1943.85 (depth 1, 32 lits): UNSAT in 0.07s
    cube 1943.86 (depth 1, 32 lits): UNSAT in 0.19s
    cube 1943.87 (depth 1, 32 lits): UNSAT in 0.09s
    cube 1943.88 (depth 1, 32 lits): UNSAT in 0.10s
    cube 1943.89 (depth 1, 32 lits): UNSAT in 0.52s
    cube 1943.90 (depth 1, 32 lits): UNSAT in 3.42s
    cube 1943.91 (depth 1, 32 lits): UNSAT in 0.01s
    cube 1943.92 (depth 1, 32 lits): UNSAT in 0.02s
    cube 1943.93 (depth 1, 32 lits): UNSAT in 0.02s
    cube 1943.94 (depth 1, 32 lits): UNSAT in 0.03s
    cube 1943.95 (depth 1, 32 lits): UNSAT in 0.03s
    cube 1943.96 (depth 1, 32 lits): UNSAT in 0.03s
    cube 1943.97 (depth 1, 32 lits): UNSAT in 0.04s
    cube 1943.98 (depth 1, 32 lits): UNSAT in 0.07s
    cube 1943.99 (depth 1, 32 lits): UNSAT in 0.02s
    cube 1943.100 (depth 1, 32 lits): UNSAT in 0.05s
    cube 1943.101 (depth 1, 32 lits): UNSAT in 0.05s
    cube 1943.102 (depth 1, 32 lits): UNSAT in 0.36s
    cube 1943.103 (depth 1, 32 lits): UNSAT in 0.05s
    cube 1943.104 (depth 1, 32 lits): UNSAT in 0.20s
    cube 1943.105 (depth 1, 32 lits): UNSAT in 0.51s
    cube 1943.106 (depth 1, 32 lits): UNSAT in 1.51s
    cube 1943.107 (depth 1, 32 lits): UNSAT in 0.04s
    cube 1943.108 (depth 1, 32 lits): UNSAT in 0.17s
    cube 1943.109 (depth 1, 32 lits): UNSAT in 0.15s
    cube 1943.110 (depth 1, 32 lits): UNSAT in 1.17s
    cube 1943.111 (depth 1, 32 lits): UNSAT in 0.11s
    cube 1943.112 (depth 1, 32 lits): UNSAT in 1.17s
    cube 1943.113 (depth 1, 32 lits): UNSAT in 0.66s
    cube 1943.114 (depth 1, 32 lits): UNSAT in 8.11s
    cube 1943.115 (depth 1, 32 lits): UNSAT in 0.15s
    cube 1943.116 (depth 1, 32 lits): UNSAT in 0.88s
    cube 1943.117 (depth 1, 32 lits): UNSAT in 0.43s
    cube 1943.118 (depth 1, 32 lits): UNSAT in 6.20s
    cube 1943.119 (depth 1, 32 lits): UNSAT in 0.54s
    cube 1943.120 (depth 1, 32 lits): UNSAT in 1.97s
    cube 1943.121 (depth 1, 32 lits): UNSAT in 5.61s
    cube 1943.122 (depth 1, 32 lits): UNSAT in 24.09s
    cube 1943.123 (depth 1, 32 lits): UNSAT in 0.01s
    cube 1943.124 (depth 1, 32 lits): UNSAT in 0.03s
    cube 1943.125 (depth 1, 32 lits): UNSAT in 0.01s
    cube 1943.126 (depth 1, 32 lits): UNSAT in 0.04s
    cube 1943.127 (depth 1, 32 lits): UNSAT in 0.03s
    cube 1943.128 (depth 1, 32 lits): UNSAT in 0.04s
    cube 1943.129 (depth 1, 32 lits): UNSAT in 0.03s
    cube 1943.130 (depth 1, 32 lits): UNSAT in 0.12s
    cube 1943.131 (depth 1, 32 lits): UNSAT in 0.01s
    cube 1943.132 (depth 1, 32 lits): UNSAT in 0.03s
    cube 1943.133 (depth 1, 32 lits): UNSAT in 0.02s
    cube 1943.134 (depth 1, 32 lits): UNSAT in 0.05s
    cube 1943.135 (depth 1, 32 lits): UNSAT in 0.02s
    cube 1943.136 (depth 1, 32 lits): UNSAT in 0.24s
    cube 1943.137 (depth 1, 32 lits): UNSAT in 0.35s
    cube 1943.138 (depth 1, 32 lits): UNSAT in 0.36s
    cube 1943.139 (depth 1, 32 lits): UNSAT in 0.01s
    cube 1943.140 (depth 1, 32 lits): UNSAT in 0.02s
    cube 1943.141 (depth 1, 32 lits): UNSAT in 0.02s
    cube 1943.142 (depth 1, 32 lits): UNSAT in 0.04s
    cube 1943.143 (depth 1, 32 lits): UNSAT in 0.01s
    cube 1943.144 (depth 1, 32 lits): UNSAT in 0.04s
    cube 1943.145 (depth 1, 32 lits): UNSAT in 0.13s
    cube 1943.146 (depth 1, 32 lits): UNSAT in 0.31s
    cube 1943.147 (depth 1, 32 lits): UNSAT in 0.04s
    cube 1943.148 (depth 1, 32 lits): UNSAT in 0.08s
    cube 1943.149 (depth 1, 32 lits): UNSAT in 0.08s
    cube 1943.150 (depth 1, 32 lits): UNSAT in 0.59s
    cube 1943.151 (depth 1, 32 lits): UNSAT in 0.07s
    cube 1943.152 (depth 1, 32 lits): UNSAT in 0.15s
    cube 1943.153 (depth 1, 32 lits): UNSAT in 0.31s
    cube 1943.154 (depth 1, 32 lits): UNSAT in 4.34s
    cube 1943.155 (depth 1, 32 lits): UNSAT in 0.02s
    cube 1943.156 (depth 1, 32 lits): UNSAT in 0.02s
    cube 1943.157 (depth 1, 32 lits): UNSAT in 0.02s
    cube 1943.158 (depth 1, 32 lits): UNSAT in 0.05s
    cube 1943.159 (depth 1, 32 lits): UNSAT in 0.01s
    cube 1943.160 (depth 1, 32 lits): UNSAT in 0.02s
    cube 1943.161 (depth 1, 32 lits): UNSAT in 0.08s
    cube 1943.162 (depth 1, 32 lits): UNSAT in 0.30s
    cube 1943.163 (depth 1, 32 lits): UNSAT in 0.02s
    cube 1943.164 (depth 1, 32 lits): UNSAT in 0.05s
    cube 1943.165 (depth 1, 32 lits): UNSAT in 0.05s
    cube 1943.166 (depth 1, 32 lits): UNSAT in 0.12s
    cube 1943.167 (depth 1, 32 lits): UNSAT in 0.07s
    cube 1943.168 (depth 1, 32 lits): UNSAT in 0.14s
    cube 1943.169 (depth 1, 32 lits): UNSAT in 0.42s
    cube 1943.170 (depth 1, 32 lits): UNSAT in 0.54s
    cube 1943.171 (depth 1, 32 lits): UNSAT in 0.02s
    cube 1943.172 (depth 1, 32 lits): UNSAT in 0.03s
    cube 1943.173 (depth 1, 32 lits): UNSAT in 0.11s
    cube 1943.174 (depth 1, 32 lits): UNSAT in 0.21s
    cube 1943.175 (depth 1, 32 lits): UNSAT in 0.08s
    cube 1943.176 (depth 1, 32 lits): UNSAT in 0.46s
    cube 1943.177 (depth 1, 32 lits): UNSAT in 0.14s
    cube 1943.178 (depth 1, 32 lits): UNSAT in 4.03s
    cube 1943.179 (depth 1, 32 lits): UNSAT in 0.05s
    cube 1943.180 (depth 1, 32 lits): UNSAT in 0.17s
    cube 1943.181 (depth 1, 32 lits): UNSAT in 0.19s
    cube 1943.182 (depth 1, 32 lits): UNSAT in 0.86s
    cube 1943.183 (depth 1, 32 lits): UNSAT in 0.24s
    cube 1943.184 (depth 1, 32 lits): UNSAT in 1.71s
    cube 1943.185 (depth 1, 32 lits): UNSAT in 1.36s
    cube 1943.186 (depth 1, 32 lits): UNSAT in 31.01s
    cube 1943.187 (depth 1, 31 lits): UNSAT in 0.01s
    cube 1943.188 (depth 1, 32 lits): UNSAT in 0.01s
    cube 1943.189 (depth 1, 32 lits): UNSAT in 0.01s
    cube 1943.190 (depth 1, 32 lits): UNSAT in 0.01s
    cube 1943.191 (depth 1, 32 lits): UNSAT in 0.02s
    cube 1943.192 (depth 1, 32 lits): UNSAT in 0.02s
    cube 1943.193 (depth 1, 32 lits): UNSAT in 0.03s
    cube 1943.194 (depth 1, 31 lits): UNSAT in 0.01s
    cube 1943.195 (depth 1, 32 lits): UNSAT in 0.02s
    cube 1943.196 (depth 1, 32 lits): UNSAT in 0.03s
    cube 1943.197 (depth 1, 32 lits): UNSAT in 0.02s
    cube 1943.198 (depth 1, 32 lits): UNSAT in 0.03s
    cube 1943.199 (depth 1, 32 lits): UNSAT in 0.04s
    cube 1943.200 (depth 1, 32 lits): UNSAT in 0.07s
    cube 1943.201 (depth 1, 32 lits): UNSAT in 0.02s
    cube 1943.202 (depth 1, 32 lits): UNSAT in 0.03s
    cube 1943.203 (depth 1, 32 lits): UNSAT in 0.02s
    cube 1943.204 (depth 1, 32 lits): UNSAT in 0.03s
    cube 1943.205 (depth 1, 32 lits): UNSAT in 0.02s
    cube 1943.206 (depth 1, 32 lits): UNSAT in 0.03s
    cube 1943.207 (depth 1, 32 lits): UNSAT in 0.04s
    cube 1943.208 (depth 1, 32 lits): UNSAT in 0.15s
    cube 1943.209 (depth 1, 32 lits): UNSAT in 0.02s
    cube 1943.210 (depth 1, 32 lits): UNSAT in 0.05s
    cube 1943.211 (depth 1, 32 lits): UNSAT in 0.05s
    cube 1943.212 (depth 1, 32 lits): UNSAT in 0.12s
    cube 1943.213 (depth 1, 32 lits): UNSAT in 0.07s
    cube 1943.214 (depth 1, 32 lits): UNSAT in 0.22s
    cube 1943.215 (depth 1, 32 lits): UNSAT in 0.53s
    cube 1943.216 (depth 1, 32 lits): UNSAT in 1.34s
    cube 1943.217 (depth 1, 32 lits): UNSAT in 0.02s
    cube 1943.218 (depth 1, 32 lits): UNSAT in 0.03s
    cube 1943.219 (depth 1, 32 lits): UNSAT in 0.03s
    cube 1943.220 (depth 1, 32 lits): UNSAT in 0.03s
    cube 1943.221 (depth 1, 32 lits): UNSAT in 0.02s
    cube 1943.222 (depth 1, 32 lits): UNSAT in 0.04s
    cube 1943.223 (depth 1, 32 lits): UNSAT in 0.12s
    cube 1943.224 (depth 1, 32 lits): UNSAT in 0.26s
    cube 1943.225 (depth 1, 32 lits): UNSAT in 0.06s
    cube 1943.226 (depth 1, 32 lits): UNSAT in 0.13s
    cube 1943.227 (depth 1, 32 lits): UNSAT in 0.07s
    cube 1943.228 (depth 1, 32 lits): UNSAT in 0.27s
    cube 1943.229 (depth 1, 32 lits): UNSAT in 0.09s
    cube 1943.230 (depth 1, 32 lits): UNSAT in 0.42s
    cube 1943.231 (depth 1, 32 lits): UNSAT in 0.58s
    cube 1943.232 (depth 1, 32 lits): UNSAT in 2.78s
    cube 1943.233 (depth 1, 32 lits): UNSAT in 0.05s
    cube 1943.234 (depth 1, 32 lits): UNSAT in 0.14s
    cube 1943.235 (depth 1, 32 lits): UNSAT in 0.08s
    cube 1943.236 (depth 1, 32 lits): UNSAT in 0.82s
    cube 1943.237 (depth 1, 32 lits): UNSAT in 0.13s
    cube 1943.238 (depth 1, 32 lits): UNSAT in 0.15s
    cube 1943.239 (depth 1, 32 lits): UNSAT in 0.22s
    cube 1943.240 (depth 1, 32 lits): UNSAT in 0.71s
    cube 1943.241 (depth 1, 32 lits): UNSAT in 0.05s
    cube 1943.242 (depth 1, 32 lits): UNSAT in 0.31s
    cube 1943.243 (depth 1, 32 lits): UNSAT in 0.22s
    cube 1943.244 (depth 1, 32 lits): UNSAT in 3.58s
    cube 1943.245 (depth 1, 32 lits): UNSAT in 1.31s
    cube 1943.246 (depth 1, 32 lits): UNSAT in 6.31s
    cube 1943.247 (depth 1, 32 lits): UNSAT in 3.54s
    cube 1943.248 (depth 1, 32 lits): UNSAT in 27.79s
    cube 1947 (depth 0, 24 lits): UNSAT in 0.02s
    cube 1951 (depth 0, 24 lits): UNSAT in 0.01s
    cube 1955 (depth 0, 24 lits): UNSAT in 0.02s
    cube 1959 (depth 0, 24 lits): UNSAT in 0.04s
    cube 1963 (depth 0, 24 lits): UNSAT in 0.02s
    cube 1967 (depth 0, 24 lits): UNSAT in 0.05s
    cube 1971 (depth 0, 24 lits): UNSAT in 0.03s
    cube 1975 (depth 0, 24 lits): UNSAT in 0.04s
    cube 1979 (depth 0, 24 lits): UNSAT in 0.04s
    cube 1983 (depth 0, 24 lits): UNSAT in 0.11s
    cube 1987 (depth 0, 24 lits): UNSAT in 0.03s
    cube 1991 (depth 0, 24 lits): UNSAT in 0.09s
    cube 1995 (depth 0, 24 lits): UNSAT in 0.09s
    cube 1999 (depth 0, 24 lits): UNSAT in 0.16s
    cube 2003 (depth 0, 24 lits): UNSAT in 0.02s
    cube 2007 (depth 0, 24 lits): UNSAT in 0.03s
    cube 2011 (depth 0, 24 lits): UNSAT in 0.05s
    cube 2015 (depth 0, 24 lits): UNSAT in 0.23s
    cube 2019 (depth 0, 24 lits): UNSAT in 0.03s
    cube 2023 (depth 0, 24 lits): UNSAT in 0.08s
    cube 2027 (depth 0, 24 lits): UNSAT in 0.08s
    cube 2031 (depth 0, 24 lits): UNSAT in 0.67s
    cube 2035 (depth 0, 24 lits): UNSAT in 0.07s
    cube 2039 (depth 0, 24 lits): UNSAT in 0.09s
    cube 2043 (depth 0, 24 lits): UNSAT in 0.15s
    cube 2047 (depth 0, 24 lits): UNSAT in 0.34s
    cube 2051 (depth 0, 24 lits): UNSAT in 0.18s
    cube 2055 (depth 0, 24 lits): UNSAT in 0.85s
    cube 2059 (depth 0, 24 lits): UNSAT in 1.07s
    cube 2063 (depth 0, 24 lits): UNSAT in 2.74s
    cube 2067 (depth 0, 24 lits): UNSAT in 0.02s
    cube 2071 (depth 0, 24 lits): UNSAT in 0.03s
    cube 2075 (depth 0, 24 lits): UNSAT in 0.01s
    cube 2079 (depth 0, 24 lits): UNSAT in 0.02s
    cube 2083 (depth 0, 24 lits): UNSAT in 0.02s
    cube 2087 (depth 0, 24 lits): UNSAT in 0.03s
    cube 2091 (depth 0, 24 lits): UNSAT in 0.04s
    cube 2095 (depth 0, 24 lits): UNSAT in 0.04s
    cube 2099 (depth 0, 24 lits): UNSAT in 0.02s
    cube 2103 (depth 0, 24 lits): UNSAT in 0.10s
    cube 2107 (depth 0, 24 lits): UNSAT in 0.08s
    cube 2111 (depth 0, 24 lits): UNSAT in 0.10s
    cube 2115 (depth 0, 24 lits): UNSAT in 0.16s
    cube 2119 (depth 0, 24 lits): UNSAT in 0.55s
    cube 2123 (depth 0, 24 lits): UNSAT in 0.02s
    cube 2127 (depth 0, 24 lits): UNSAT in 0.02s
    cube 2131 (depth 0, 24 lits): UNSAT in 0.03s
    cube 2135 (depth 0, 24 lits): UNSAT in 0.25s
    cube 2139 (depth 0, 24 lits): UNSAT in 0.05s
    cube 2143 (depth 0, 24 lits): UNSAT in 0.18s
    cube 2147 (depth 0, 24 lits): UNSAT in 0.26s
    cube 2151 (depth 0, 24 lits): UNSAT in 1.96s
    cube 2155 (depth 0, 24 lits): UNSAT in 0.18s
    cube 2159 (depth 0, 24 lits): UNSAT in 0.49s
    cube 2163 (depth 0, 24 lits): UNSAT in 0.40s
    cube 2167 (depth 0, 24 lits): UNSAT in 2.86s
    cube 2171 (depth 0, 24 lits): UNSAT in 0.22s
    cube 2175 (depth 0, 24 lits): UNSAT in 1.31s
    cube 2179 (depth 0, 24 lits): UNSAT in 4.67s
    cube 2183 (depth 0, 24 lits): UNSAT in 35.20s
    cube 2187 (depth 0, 24 lits): UNSAT in 0.02s
    cube 2191 (depth 0, 24 lits): UNSAT in 0.02s
    cube 2195 (depth 0, 24 lits): UNSAT in 0.04s
    cube 2199 (depth 0, 24 lits): UNSAT in 0.03s
    cube 2203 (depth 0, 24 lits): UNSAT in 0.08s
    cube 2207 (depth 0, 24 lits): UNSAT in 0.03s
    cube 2211 (depth 0, 24 lits): UNSAT in 0.15s
    cube 2215 (depth 0, 23 lits): UNSAT in 0.02s
    cube 2219 (depth 0, 24 lits): UNSAT in 0.02s
    cube 2223 (depth 0, 24 lits): UNSAT in 0.07s
    cube 2227 (depth 0, 24 lits): UNSAT in 0.02s
    cube 2231 (depth 0, 24 lits): UNSAT in 0.08s
    cube 2235 (depth 0, 24 lits): UNSAT in 0.19s
    cube 2239 (depth 0, 24 lits): UNSAT in 2.65s
    cube 2243 (depth 0, 24 lits): UNSAT in 0.01s
    cube 2247 (depth 0, 24 lits): UNSAT in 0.02s
    cube 2251 (depth 0, 24 lits): UNSAT in 0.03s
    cube 2255 (depth 0, 24 lits): UNSAT in 0.06s
    cube 2259 (depth 0, 24 lits): UNSAT in 0.02s
    cube 2263 (depth 0, 24 lits): UNSAT in 0.09s
    cube 2267 (depth 0, 24 lits): UNSAT in 0.07s
    cube 2271 (depth 0, 24 lits): UNSAT in 0.61s
    cube 2275 (depth 0, 24 lits): UNSAT in 0.02s
    cube 2279 (depth 0, 24 lits): UNSAT in 0.11s
    cube 2283 (depth 0, 24 lits): UNSAT in 0.19s
    cube 2287 (depth 0, 24 lits): UNSAT in 0.22s
    cube 2291 (depth 0, 24 lits): UNSAT in 0.76s
    cube 2295 (depth 0, 24 lits): UNSAT in 1.21s
    cube 2299 (depth 0, 24 lits): UNSAT in 1.06s
    cube 2303 (depth 0, 24 lits): UNSAT in 24.28s
    cube 2307 (depth 0, 24 lits): UNSAT in 0.03s
    cube 2311 (depth 0, 24 lits): UNSAT in 0.13s
    cube 2315 (depth 0, 24 lits): UNSAT in 0.15s
    cube 2319 (depth 0, 24 lits): UNSAT in 0.26s
    cube 2323 (depth 0, 24 lits): UNSAT in 0.21s
    cube 2327 (depth 0, 24 lits): UNSAT in 0.82s
    cube 2331 (depth 0, 24 lits): UNSAT in 0.23s
    cube 2335 (depth 0, 24 lits): UNSAT in 1.06s
    cube 2339 (depth 0, 24 lits): UNSAT in 0.11s
    cube 2343 (depth 0, 24 lits): UNSAT in 0.03s
    cube 2347 (depth 0, 24 lits): UNSAT in 0.40s
    cube 2351 (depth 0, 24 lits): UNSAT in 0.54s
    cube 2355 (depth 0, 24 lits): UNSAT in 0.20s
    cube 2359 (depth 0, 24 lits): UNSAT in 1.34s
    cube 2363 (depth 0, 24 lits): UNSAT in 4.04s
    cube 2367 (depth 0, 24 lits): UNSAT in 32.32s
    cube 2371 (depth 0, 24 lits): UNSAT in 0.04s
    cube 2375 (depth 0, 24 lits): UNSAT in 0.24s
    cube 2379 (depth 0, 24 lits): UNSAT in 0.24s
    cube 2383 (depth 0, 24 lits): UNSAT in 0.46s
    cube 2387 (depth 0, 24 lits): UNSAT in 0.12s
    cube 2391 (depth 0, 24 lits): UNSAT in 1.25s
    cube 2395 (depth 0, 24 lits): UNSAT in 0.66s
    cube 2399 (depth 0, 24 lits): UNSAT in 23.66s
    cube 2403 (depth 0, 24 lits): UNSAT in 0.57s
    cube 2407 (depth 0, 24 lits): UNSAT in 7.46s
    cube 2411 (depth 0, 24 lits): UNSAT in 2.06s
    cube 2415 (depth 0, 24 lits): UNSAT in 40.14s
    cube 2419 (depth 0, 24 lits): UNSAT in 3.28s
    cube 2423 (depth 0, 24 lits): UNSAT in 119.33s
    cube 2427 (depth 0, 24 lits): UNSAT in 160.97s
    cube 2431 (depth 0, 24 lits): TIMEOUT in 600.03s
    cube 2431 TIMEOUT -> re-split into 255 sub-cubes (depth 1)
    cube 2431.0 (depth 1, 32 lits): UNSAT in 0.01s
    cube 2431.1 (depth 1, 32 lits): UNSAT in 0.02s
    cube 2431.2 (depth 1, 32 lits): UNSAT in 0.02s
    cube 2431.3 (depth 1, 32 lits): UNSAT in 0.03s
    cube 2431.4 (depth 1, 32 lits): UNSAT in 0.03s
    cube 2431.5 (depth 1, 32 lits): UNSAT in 0.03s
    cube 2431.6 (depth 1, 32 lits): UNSAT in 0.04s
    cube 2431.7 (depth 1, 32 lits): UNSAT in 0.06s
    cube 2431.8 (depth 1, 32 lits): UNSAT in 0.02s
    cube 2431.9 (depth 1, 32 lits): UNSAT in 0.02s
    cube 2431.10 (depth 1, 32 lits): UNSAT in 0.03s
    cube 2431.11 (depth 1, 32 lits): UNSAT in 0.03s
    cube 2431.12 (depth 1, 32 lits): UNSAT in 0.04s
    cube 2431.13 (depth 1, 32 lits): UNSAT in 0.06s
    cube 2431.14 (depth 1, 32 lits): UNSAT in 0.06s
    cube 2431.15 (depth 1, 32 lits): UNSAT in 0.22s
    cube 2431.16 (depth 1, 32 lits): UNSAT in 0.01s
    cube 2431.17 (depth 1, 32 lits): UNSAT in 0.02s
    cube 2431.18 (depth 1, 32 lits): UNSAT in 0.02s
    cube 2431.19 (depth 1, 32 lits): UNSAT in 0.03s
    cube 2431.20 (depth 1, 32 lits): UNSAT in 0.04s
    cube 2431.21 (depth 1, 32 lits): UNSAT in 0.04s
    cube 2431.22 (depth 1, 32 lits): UNSAT in 0.02s
    cube 2431.23 (depth 1, 32 lits): UNSAT in 0.04s
    cube 2431.24 (depth 1, 32 lits): UNSAT in 0.04s
    cube 2431.25 (depth 1, 32 lits): UNSAT in 0.13s
    cube 2431.26 (depth 1, 32 lits): UNSAT in 0.06s
    cube 2431.27 (depth 1, 32 lits): UNSAT in 0.29s
    cube 2431.28 (depth 1, 32 lits): UNSAT in 0.10s
    cube 2431.29 (depth 1, 32 lits): UNSAT in 0.27s
    cube 2431.30 (depth 1, 32 lits): UNSAT in 0.39s
    cube 2431.31 (depth 1, 32 lits): UNSAT in 0.40s
    cube 2431.32 (depth 1, 32 lits): UNSAT in 0.03s
    cube 2431.33 (depth 1, 32 lits): UNSAT in 0.04s
    cube 2431.34 (depth 1, 32 lits): UNSAT in 0.05s
    cube 2431.35 (depth 1, 32 lits): UNSAT in 0.05s
    cube 2431.36 (depth 1, 32 lits): UNSAT in 0.04s
    cube 2431.37 (depth 1, 32 lits): UNSAT in 0.05s
    cube 2431.38 (depth 1, 32 lits): UNSAT in 0.08s
    cube 2431.39 (depth 1, 32 lits): UNSAT in 0.08s
    cube 2431.40 (depth 1, 32 lits): UNSAT in 0.06s
    cube 2431.41 (depth 1, 32 lits): UNSAT in 0.08s
    cube 2431.42 (depth 1, 32 lits): UNSAT in 0.04s
    cube 2431.43 (depth 1, 32 lits): UNSAT in 0.17s
    cube 2431.44 (depth 1, 32 lits): UNSAT in 0.07s
    cube 2431.45 (depth 1, 32 lits): UNSAT in 0.20s
    cube 2431.46 (depth 1, 32 lits): UNSAT in 0.12s
    cube 2431.47 (depth 1, 32 lits): UNSAT in 0.32s
    cube 2431.48 (depth 1, 32 lits): UNSAT in 0.02s
    cube 2431.49 (depth 1, 32 lits): UNSAT in 0.07s
    cube 2431.50 (depth 1, 32 lits): UNSAT in 0.06s
    cube 2431.51 (depth 1, 32 lits): UNSAT in 0.21s
    cube 2431.52 (depth 1, 32 lits): UNSAT in 0.09s
    cube 2431.53 (depth 1, 32 lits): UNSAT in 0.34s
    cube 2431.54 (depth 1, 32 lits): UNSAT in 0.25s
    cube 2431.55 (depth 1, 32 lits): UNSAT in 1.55s
    cube 2431.56 (depth 1, 32 lits): UNSAT in 0.11s
    cube 2431.57 (depth 1, 32 lits): UNSAT in 0.43s
    cube 2431.58 (depth 1, 32 lits): UNSAT in 0.73s
    cube 2431.59 (depth 1, 32 lits): UNSAT in 2.84s
    cube 2431.60 (depth 1, 32 lits): UNSAT in 2.93s
    cube 2431.61 (depth 1, 32 lits): UNSAT in 5.06s
    cube 2431.62 (depth 1, 32 lits): UNSAT in 8.98s
    cube 2431.63 (depth 1, 32 lits): UNSAT in 29.79s
    cube 2431.64 (depth 1, 31 lits): UNSAT in 0.02s
    cube 2431.65 (depth 1, 32 lits): UNSAT in 0.03s
    cube 2431.66 (depth 1, 32 lits): UNSAT in 0.06s
    cube 2431.67 (depth 1, 32 lits): UNSAT in 0.02s
    cube 2431.68 (depth 1, 32 lits): UNSAT in 0.03s
    cube 2431.69 (depth 1, 32 lits): UNSAT in 0.04s
    cube 2431.70 (depth 1, 32 lits): UNSAT in 0.05s
    cube 2431.71 (depth 1, 32 lits): UNSAT in 0.02s
    cube 2431.72 (depth 1, 32 lits): UNSAT in 0.02s
    cube 2431.73 (depth 1, 32 lits): UNSAT in 0.05s
    cube 2431.74 (depth 1, 32 lits): UNSAT in 0.04s
    cube 2431.75 (depth 1, 32 lits): UNSAT in 0.03s
    cube 2431.76 (depth 1, 32 lits): UNSAT in 0.11s
    cube 2431.77 (depth 1, 32 lits): UNSAT in 0.22s
    cube 2431.78 (depth 1, 32 lits): UNSAT in 0.09s
    cube 2431.79 (depth 1, 32 lits): UNSAT in 0.02s
    cube 2431.80 (depth 1, 32 lits): UNSAT in 0.02s
    cube 2431.81 (depth 1, 32 lits): UNSAT in 0.02s
    cube 2431.82 (depth 1, 32 lits): UNSAT in 0.04s
    cube 2431.83 (depth 1, 32 lits): UNSAT in 0.04s
    cube 2431.84 (depth 1, 32 lits): UNSAT in 0.10s
    cube 2431.85 (depth 1, 32 lits): UNSAT in 0.05s
    cube 2431.86 (depth 1, 32 lits): UNSAT in 0.31s
    cube 2431.87 (depth 1, 32 lits): UNSAT in 0.02s
    cube 2431.88 (depth 1, 32 lits): UNSAT in 0.16s
    cube 2431.89 (depth 1, 32 lits): UNSAT in 0.08s
    cube 2431.90 (depth 1, 32 lits): UNSAT in 0.77s
    cube 2431.91 (depth 1, 32 lits): UNSAT in 0.12s
    cube 2431.92 (depth 1, 32 lits): UNSAT in 0.43s
    cube 2431.93 (depth 1, 32 lits): UNSAT in 0.66s
    cube 2431.94 (depth 1, 32 lits): UNSAT in 2.56s
    cube 2431.95 (depth 1, 32 lits): UNSAT in 0.03s
    cube 2431.96 (depth 1, 32 lits): UNSAT in 0.07s
    cube 2431.97 (depth 1, 32 lits): UNSAT in 0.06s
    cube 2431.98 (depth 1, 32 lits): UNSAT in 0.15s
    cube 2431.99 (depth 1, 32 lits): UNSAT in 0.04s
    cube 2431.100 (depth 1, 32 lits): UNSAT in 0.12s
    cube 2431.101 (depth 1, 32 lits): UNSAT in 0.13s
    cube 2431.102 (depth 1, 32 lits): UNSAT in 0.42s
    cube 2431.103 (depth 1, 32 lits): UNSAT in 0.06s
    cube 2431.104 (depth 1, 32 lits): UNSAT in 0.15s
    cube 2431.105 (depth 1, 32 lits): UNSAT in 0.11s
    cube 2431.106 (depth 1, 32 lits): UNSAT in 0.34s
    cube 2431.107 (depth 1, 32 lits): UNSAT in 0.08s
    cube 2431.108 (depth 1, 32 lits): UNSAT in 0.49s
    cube 2431.109 (depth 1, 32 lits): UNSAT in 0.32s
    cube 2431.110 (depth 1, 32 lits): UNSAT in 1.62s
    cube 2431.111 (depth 1, 32 lits): UNSAT in 0.05s
    cube 2431.112 (depth 1, 32 lits): UNSAT in 0.04s
    cube 2431.113 (depth 1, 32 lits): UNSAT in 0.06s
    cube 2431.114 (depth 1, 32 lits): UNSAT in 0.35s
    cube 2431.115 (depth 1, 32 lits): UNSAT in 0.04s
    cube 2431.116 (depth 1, 32 lits): UNSAT in 0.27s
    cube 2431.117 (depth 1, 32 lits): UNSAT in 0.29s
    cube 2431.118 (depth 1, 32 lits): UNSAT in 1.95s
    cube 2431.119 (depth 1, 32 lits): UNSAT in 0.10s
    cube 2431.120 (depth 1, 32 lits): UNSAT in 0.61s
    cube 2431.121 (depth 1, 32 lits): UNSAT in 0.50s
    cube 2431.122 (depth 1, 32 lits): UNSAT in 6.57s
    cube 2431.123 (depth 1, 32 lits): UNSAT in 0.53s
    cube 2431.124 (depth 1, 32 lits): UNSAT in 5.99s
    cube 2431.125 (depth 1, 32 lits): UNSAT in 6.33s
    cube 2431.126 (depth 1, 32 lits): UNSAT in 63.53s
    cube 2431.127 (depth 1, 32 lits): UNSAT in 0.02s
    cube 2431.128 (depth 1, 32 lits): UNSAT in 0.03s
    cube 2431.129 (depth 1, 32 lits): UNSAT in 0.02s
    cube 2431.130 (depth 1, 32 lits): UNSAT in 0.02s
    cube 2431.131 (depth 1, 32 lits): UNSAT in 0.02s
    cube 2431.132 (depth 1, 32 lits): UNSAT in 0.03s
    cube 2431.133 (depth 1, 32 lits): UNSAT in 0.03s
    cube 2431.134 (depth 1, 32 lits): UNSAT in 0.08s
    cube 2431.135 (depth 1, 32 lits): UNSAT in 0.02s
    cube 2431.136 (depth 1, 32 lits): UNSAT in 0.03s
    cube 2431.137 (depth 1, 32 lits): UNSAT in 0.06s
    cube 2431.138 (depth 1, 32 lits): UNSAT in 0.24s
    cube 2431.139 (depth 1, 32 lits): UNSAT in 0.05s
    cube 2431.140 (depth 1, 32 lits): UNSAT in 0.16s
    cube 2431.141 (depth 1, 32 lits): UNSAT in 0.26s
    cube 2431.142 (depth 1, 32 lits): UNSAT in 1.58s
    cube 2431.143 (depth 1, 32 lits): UNSAT in 0.03s
    cube 2431.144 (depth 1, 32 lits): UNSAT in 0.04s
    cube 2431.145 (depth 1, 32 lits): UNSAT in 0.13s
    cube 2431.146 (depth 1, 32 lits): UNSAT in 0.19s
    cube 2431.147 (depth 1, 32 lits): UNSAT in 0.05s
    cube 2431.148 (depth 1, 32 lits): UNSAT in 0.14s
    cube 2431.149 (depth 1, 32 lits): UNSAT in 0.14s
    cube 2431.150 (depth 1, 32 lits): UNSAT in 1.17s
    cube 2431.151 (depth 1, 32 lits): UNSAT in 0.09s
    cube 2431.152 (depth 1, 32 lits): UNSAT in 0.47s
    cube 2431.153 (depth 1, 32 lits): UNSAT in 0.48s
    cube 2431.154 (depth 1, 32 lits): UNSAT in 1.93s
    cube 2431.155 (depth 1, 32 lits): UNSAT in 0.68s
    cube 2431.156 (depth 1, 32 lits): UNSAT in 3.17s
    cube 2431.157 (depth 1, 32 lits): UNSAT in 9.19s
    cube 2431.158 (depth 1, 32 lits): UNSAT in 29.49s
    cube 2431.159 (depth 1, 32 lits): UNSAT in 0.03s
    cube 2431.160 (depth 1, 32 lits): UNSAT in 0.09s
    cube 2431.161 (depth 1, 32 lits): UNSAT in 0.04s
    cube 2431.162 (depth 1, 32 lits): UNSAT in 0.09s
    cube 2431.163 (depth 1, 32 lits): UNSAT in 0.03s
    cube 2431.164 (depth 1, 32 lits): UNSAT in 0.04s
    cube 2431.165 (depth 1, 32 lits): UNSAT in 0.12s
    cube 2431.166 (depth 1, 32 lits): UNSAT in 0.22s
    cube 2431.167 (depth 1, 32 lits): UNSAT in 0.07s
    cube 2431.168 (depth 1, 32 lits): UNSAT in 0.04s
    cube 2431.169 (depth 1, 32 lits): UNSAT in 0.07s
    cube 2431.170 (depth 1, 32 lits): UNSAT in 0.40s
    cube 2431.171 (depth 1, 32 lits): UNSAT in 0.14s
    cube 2431.172 (depth 1, 32 lits): UNSAT in 0.55s
    cube 2431.173 (depth 1, 32 lits): UNSAT in 0.43s
    cube 2431.174 (depth 1, 32 lits): UNSAT in 4.30s
    cube 2431.175 (depth 1, 32 lits): UNSAT in 0.10s
    cube 2431.176 (depth 1, 32 lits): UNSAT in 0.34s
    cube 2431.177 (depth 1, 32 lits): UNSAT in 0.10s
    cube 2431.178 (depth 1, 32 lits): UNSAT in 0.58s
    cube 2431.179 (depth 1, 32 lits): UNSAT in 0.38s
    cube 2431.180 (depth 1, 32 lits): UNSAT in 0.71s
    cube 2431.181 (depth 1, 32 lits): UNSAT in 0.27s
    cube 2431.182 (depth 1, 32 lits): UNSAT in 1.47s
    cube 2431.183 (depth 1, 32 lits): UNSAT in 0.14s
    cube 2431.184 (depth 1, 32 lits): UNSAT in 0.45s
    cube 2431.185 (depth 1, 32 lits): UNSAT in 0.63s
    cube 2431.186 (depth 1, 32 lits): UNSAT in 4.30s
    cube 2431.187 (depth 1, 32 lits): UNSAT in 0.50s
    cube 2431.188 (depth 1, 32 lits): UNSAT in 5.42s
    cube 2431.189 (depth 1, 32 lits): UNSAT in 9.61s
    cube 2431.190 (depth 1, 32 lits): UNSAT in 227.52s
    cube 2431.191 (depth 1, 32 lits): UNSAT in 0.02s
    cube 2431.192 (depth 1, 32 lits): UNSAT in 0.01s
    cube 2431.193 (depth 1, 32 lits): UNSAT in 0.03s
    cube 2431.194 (depth 1, 32 lits): UNSAT in 0.08s
    cube 2431.195 (depth 1, 32 lits): UNSAT in 0.03s
    cube 2431.196 (depth 1, 32 lits): UNSAT in 0.04s
    cube 2431.197 (depth 1, 32 lits): UNSAT in 0.07s
    cube 2431.198 (depth 1, 32 lits): UNSAT in 0.31s
    cube 2431.199 (depth 1, 32 lits): UNSAT in 0.02s
    cube 2431.200 (depth 1, 32 lits): UNSAT in 0.09s
    cube 2431.201 (depth 1, 32 lits): UNSAT in 0.07s
    cube 2431.202 (depth 1, 32 lits): UNSAT in 0.21s
    cube 2431.203 (depth 1, 32 lits): UNSAT in 0.07s
    cube 2431.204 (depth 1, 32 lits): UNSAT in 0.20s
    cube 2431.205 (depth 1, 32 lits): UNSAT in 0.41s
    cube 2431.206 (depth 1, 32 lits): UNSAT in 3.20s
    cube 2431.207 (depth 1, 32 lits): UNSAT in 0.04s
    cube 2431.208 (depth 1, 32 lits): UNSAT in 0.18s
    cube 2431.209 (depth 1, 32 lits): UNSAT in 0.26s
    cube 2431.210 (depth 1, 32 lits): UNSAT in 0.47s
    cube 2431.211 (depth 1, 32 lits): UNSAT in 0.11s
    cube 2431.212 (depth 1, 32 lits): UNSAT in 0.33s
    cube 2431.213 (depth 1, 32 lits): UNSAT in 0.22s
    cube 2431.214 (depth 1, 32 lits): UNSAT in 1.39s
    cube 2431.215 (depth 1, 32 lits): UNSAT in 0.13s
    cube 2431.216 (depth 1, 32 lits): UNSAT in 0.17s
    cube 2431.217 (depth 1, 32 lits): UNSAT in 0.39s
    cube 2431.218 (depth 1, 32 lits): UNSAT in 0.85s
    cube 2431.219 (depth 1, 32 lits): UNSAT in 0.16s
    cube 2431.220 (depth 1, 32 lits): UNSAT in 0.31s
    cube 2431.221 (depth 1, 32 lits): UNSAT in 2.44s
    cube 2431.222 (depth 1, 32 lits): UNSAT in 9.72s
    cube 2431.223 (depth 1, 32 lits): UNSAT in 0.03s
    cube 2431.224 (depth 1, 32 lits): UNSAT in 0.05s
    cube 2431.225 (depth 1, 32 lits): UNSAT in 0.05s
    cube 2431.226 (depth 1, 32 lits): UNSAT in 0.15s
    cube 2431.227 (depth 1, 32 lits): UNSAT in 0.05s
    cube 2431.228 (depth 1, 32 lits): UNSAT in 0.25s
    cube 2431.229 (depth 1, 32 lits): UNSAT in 0.45s
    cube 2431.230 (depth 1, 32 lits): UNSAT in 3.63s
    cube 2431.231 (depth 1, 32 lits): UNSAT in 0.10s
    cube 2431.232 (depth 1, 32 lits): UNSAT in 0.43s
    cube 2431.233 (depth 1, 32 lits): UNSAT in 0.78s
    cube 2431.234 (depth 1, 32 lits): UNSAT in 2.03s
    cube 2431.235 (depth 1, 32 lits): UNSAT in 0.66s
    cube 2431.236 (depth 1, 32 lits): UNSAT in 2.03s
    cube 2431.237 (depth 1, 32 lits): UNSAT in 1.40s
    cube 2431.238 (depth 1, 32 lits): UNSAT in 28.94s
    cube 2431.239 (depth 1, 32 lits): UNSAT in 0.03s
    cube 2431.240 (depth 1, 32 lits): UNSAT in 0.10s
    cube 2431.241 (depth 1, 32 lits): UNSAT in 0.16s
    cube 2431.242 (depth 1, 32 lits): UNSAT in 0.41s
    cube 2431.243 (depth 1, 32 lits): UNSAT in 0.12s
    cube 2431.244 (depth 1, 32 lits): UNSAT in 0.72s
    cube 2431.245 (depth 1, 32 lits): UNSAT in 0.98s
    cube 2431.246 (depth 1, 32 lits): UNSAT in 7.37s
    cube 2431.247 (depth 1, 32 lits): UNSAT in 0.32s
    cube 2431.248 (depth 1, 32 lits): UNSAT in 0.64s
    cube 2431.249 (depth 1, 32 lits): UNSAT in 0.28s
    cube 2431.250 (depth 1, 32 lits): UNSAT in 7.06s
    cube 2431.251 (depth 1, 32 lits): UNSAT in 0.75s
    cube 2431.252 (depth 1, 32 lits): UNSAT in 4.97s
    cube 2431.253 (depth 1, 32 lits): UNSAT in 11.58s
    cube 2431.254 (depth 1, 32 lits): UNSAT in 297.37s
    cube 2435 (depth 0, 23 lits): UNSAT in 0.02s
    cube 2439 (depth 0, 24 lits): UNSAT in 0.02s
    cube 2443 (depth 0, 24 lits): UNSAT in 0.01s
    cube 2447 (depth 0, 24 lits): UNSAT in 0.04s
    cube 2451 (depth 0, 24 lits): UNSAT in 0.02s
    cube 2455 (depth 0, 24 lits): UNSAT in 0.05s
    cube 2459 (depth 0, 24 lits): UNSAT in 0.02s
    cube 2463 (depth 0, 24 lits): UNSAT in 0.02s
    cube 2467 (depth 0, 24 lits): UNSAT in 0.02s
    cube 2471 (depth 0, 23 lits): UNSAT in 0.02s
    cube 2475 (depth 0, 24 lits): UNSAT in 0.02s
    cube 2479 (depth 0, 24 lits): UNSAT in 0.02s
    cube 2483 (depth 0, 24 lits): UNSAT in 0.02s
    cube 2487 (depth 0, 24 lits): UNSAT in 0.01s
    cube 2491 (depth 0, 24 lits): UNSAT in 0.02s
    cube 2495 (depth 0, 24 lits): UNSAT in 0.02s
    cube 2499 (depth 0, 24 lits): UNSAT in 0.13s
    cube 2503 (depth 0, 24 lits): UNSAT in 0.04s
    cube 2507 (depth 0, 24 lits): UNSAT in 0.13s
    cube 2511 (depth 0, 24 lits): UNSAT in 0.14s
    cube 2515 (depth 0, 24 lits): UNSAT in 1.58s
    cube 2519 (depth 0, 24 lits): UNSAT in 0.10s
    cube 2523 (depth 0, 24 lits): UNSAT in 0.17s
    cube 2527 (depth 0, 24 lits): UNSAT in 0.05s
    cube 2531 (depth 0, 24 lits): UNSAT in 0.19s
    cube 2535 (depth 0, 24 lits): UNSAT in 0.05s
    cube 2539 (depth 0, 24 lits): UNSAT in 0.20s
    cube 2543 (depth 0, 24 lits): UNSAT in 0.29s
    cube 2547 (depth 0, 24 lits): UNSAT in 1.21s
    cube 2551 (depth 0, 23 lits): UNSAT in 0.02s
    cube 2555 (depth 0, 24 lits): UNSAT in 0.02s
    cube 2559 (depth 0, 24 lits): UNSAT in 0.02s
    cube 2563 (depth 0, 24 lits): UNSAT in 0.02s
    cube 2567 (depth 0, 24 lits): UNSAT in 0.05s
    cube 2571 (depth 0, 24 lits): UNSAT in 0.06s
    cube 2575 (depth 0, 24 lits): UNSAT in 0.17s
    cube 2579 (depth 0, 24 lits): UNSAT in 0.04s
    cube 2583 (depth 0, 24 lits): UNSAT in 0.02s
    cube 2587 (depth 0, 24 lits): UNSAT in 0.04s
    cube 2591 (depth 0, 24 lits): UNSAT in 0.02s
    cube 2595 (depth 0, 24 lits): UNSAT in 0.07s
    cube 2599 (depth 0, 24 lits): UNSAT in 0.12s
    cube 2603 (depth 0, 24 lits): UNSAT in 0.27s
    cube 2607 (depth 0, 23 lits): UNSAT in 0.01s
    cube 2611 (depth 0, 24 lits): UNSAT in 0.02s
    cube 2615 (depth 0, 24 lits): UNSAT in 0.07s
    cube 2619 (depth 0, 24 lits): UNSAT in 0.13s
    cube 2623 (depth 0, 24 lits): UNSAT in 0.02s
    cube 2627 (depth 0, 24 lits): UNSAT in 0.05s
    cube 2631 (depth 0, 24 lits): UNSAT in 0.05s
    cube 2635 (depth 0, 24 lits): UNSAT in 0.11s
    cube 2639 (depth 0, 24 lits): UNSAT in 0.02s
    cube 2643 (depth 0, 24 lits): UNSAT in 0.05s
    cube 2647 (depth 0, 24 lits): UNSAT in 0.13s
    cube 2651 (depth 0, 24 lits): UNSAT in 0.36s
    cube 2655 (depth 0, 24 lits): UNSAT in 0.18s
    cube 2659 (depth 0, 24 lits): UNSAT in 0.67s
    cube 2663 (depth 0, 24 lits): UNSAT in 2.47s
    cube 2667 (depth 0, 24 lits): UNSAT in 34.73s
    cube 2671 (depth 0, 23 lits): UNSAT in 0.02s
    cube 2675 (depth 0, 24 lits): UNSAT in 0.02s
    cube 2679 (depth 0, 24 lits): UNSAT in 0.09s
    cube 2683 (depth 0, 24 lits): UNSAT in 0.02s
    cube 2687 (depth 0, 24 lits): UNSAT in 0.07s
    cube 2691 (depth 0, 24 lits): UNSAT in 0.05s
    cube 2695 (depth 0, 24 lits): UNSAT in 0.16s
    cube 2699 (depth 0, 24 lits): UNSAT in 0.01s
    cube 2703 (depth 0, 24 lits): UNSAT in 0.02s
    cube 2707 (depth 0, 24 lits): UNSAT in 0.02s
    cube 2711 (depth 0, 24 lits): UNSAT in 0.07s
    cube 2715 (depth 0, 24 lits): UNSAT in 0.02s
    cube 2719 (depth 0, 24 lits): UNSAT in 0.10s
    cube 2723 (depth 0, 24 lits): UNSAT in 0.09s
    cube 2727 (depth 0, 24 lits): UNSAT in 0.93s
    cube 2731 (depth 0, 24 lits): UNSAT in 0.03s
    cube 2735 (depth 0, 24 lits): UNSAT in 0.19s
    cube 2739 (depth 0, 24 lits): UNSAT in 0.06s
    cube 2743 (depth 0, 24 lits): UNSAT in 0.33s
    cube 2747 (depth 0, 24 lits): UNSAT in 0.08s
    cube 2751 (depth 0, 24 lits): UNSAT in 0.19s
    cube 2755 (depth 0, 24 lits): UNSAT in 0.81s
    cube 2759 (depth 0, 24 lits): UNSAT in 9.64s
    cube 2763 (depth 0, 24 lits): UNSAT in 0.99s
    cube 2767 (depth 0, 24 lits): UNSAT in 1.62s
    cube 2771 (depth 0, 24 lits): UNSAT in 0.75s
    cube 2775 (depth 0, 24 lits): UNSAT in 4.96s
    cube 2779 (depth 0, 24 lits): UNSAT in 0.66s
    cube 2783 (depth 0, 24 lits): UNSAT in 12.77s
    cube 2787 (depth 0, 24 lits): UNSAT in 10.36s
    cube 2791 (depth 0, 24 lits): TIMEOUT in 600.02s
    cube 2791 TIMEOUT -> re-split into 232 sub-cubes (depth 1)
    cube 2791.0 (depth 1, 29 lits): UNSAT in 0.02s
    cube 2791.1 (depth 1, 31 lits): UNSAT in 0.01s
    cube 2791.2 (depth 1, 32 lits): UNSAT in 0.01s
    cube 2791.3 (depth 1, 32 lits): UNSAT in 0.02s
    cube 2791.4 (depth 1, 31 lits): UNSAT in 0.01s
    cube 2791.5 (depth 1, 32 lits): UNSAT in 0.01s
    cube 2791.6 (depth 1, 32 lits): UNSAT in 0.02s
    cube 2791.7 (depth 1, 31 lits): UNSAT in 0.01s
    cube 2791.8 (depth 1, 31 lits): UNSAT in 0.01s
    cube 2791.9 (depth 1, 32 lits): UNSAT in 0.01s
    cube 2791.10 (depth 1, 32 lits): UNSAT in 0.01s
    cube 2791.11 (depth 1, 32 lits): UNSAT in 0.01s
    cube 2791.12 (depth 1, 32 lits): UNSAT in 0.02s
    cube 2791.13 (depth 1, 32 lits): UNSAT in 0.02s
    cube 2791.14 (depth 1, 32 lits): UNSAT in 0.02s
    cube 2791.15 (depth 1, 32 lits): UNSAT in 0.02s
    cube 2791.16 (depth 1, 32 lits): UNSAT in 0.02s
    cube 2791.17 (depth 1, 32 lits): UNSAT in 0.03s
    cube 2791.18 (depth 1, 32 lits): UNSAT in 0.02s
    cube 2791.19 (depth 1, 32 lits): UNSAT in 0.03s
    cube 2791.20 (depth 1, 32 lits): UNSAT in 0.10s
    cube 2791.21 (depth 1, 30 lits): UNSAT in 0.02s
    cube 2791.22 (depth 1, 31 lits): UNSAT in 0.01s
    cube 2791.23 (depth 1, 32 lits): UNSAT in 0.02s
    cube 2791.24 (depth 1, 32 lits): UNSAT in 0.02s
    cube 2791.25 (depth 1, 31 lits): UNSAT in 0.01s
    cube 2791.26 (depth 1, 32 lits): UNSAT in 0.02s
    cube 2791.27 (depth 1, 32 lits): UNSAT in 0.02s
    cube 2791.28 (depth 1, 32 lits): UNSAT in 0.01s
    cube 2791.29 (depth 1, 32 lits): UNSAT in 0.01s
    cube 2791.30 (depth 1, 32 lits): UNSAT in 0.02s
    cube 2791.31 (depth 1, 32 lits): UNSAT in 0.05s
    cube 2791.32 (depth 1, 32 lits): UNSAT in 0.01s
    cube 2791.33 (depth 1, 32 lits): UNSAT in 0.02s
    cube 2791.34 (depth 1, 31 lits): UNSAT in 0.02s
    cube 2791.35 (depth 1, 32 lits): UNSAT in 0.02s
    cube 2791.36 (depth 1, 32 lits): UNSAT in 0.04s
    cube 2791.37 (depth 1, 32 lits): UNSAT in 0.04s
    cube 2791.38 (depth 1, 32 lits): UNSAT in 0.13s
    cube 2791.39 (depth 1, 32 lits): UNSAT in 0.01s
    cube 2791.40 (depth 1, 32 lits): UNSAT in 0.04s
    cube 2791.41 (depth 1, 32 lits): UNSAT in 0.13s
    cube 2791.42 (depth 1, 32 lits): UNSAT in 0.11s
    cube 2791.43 (depth 1, 32 lits): UNSAT in 0.04s
    cube 2791.44 (depth 1, 32 lits): UNSAT in 0.12s
    cube 2791.45 (depth 1, 32 lits): UNSAT in 0.31s
    cube 2791.46 (depth 1, 32 lits): UNSAT in 0.28s
    cube 2791.47 (depth 1, 32 lits): UNSAT in 0.01s
    cube 2791.48 (depth 1, 32 lits): UNSAT in 0.01s
    cube 2791.49 (depth 1, 32 lits): UNSAT in 0.01s
    cube 2791.50 (depth 1, 32 lits): UNSAT in 0.02s
    cube 2791.51 (depth 1, 32 lits): UNSAT in 0.01s
    cube 2791.52 (depth 1, 32 lits): UNSAT in 0.02s
    cube 2791.53 (depth 1, 32 lits): UNSAT in 0.03s
    cube 2791.54 (depth 1, 32 lits): UNSAT in 0.02s
    cube 2791.55 (depth 1, 32 lits): UNSAT in 0.01s
    cube 2791.56 (depth 1, 32 lits): UNSAT in 0.01s
    cube 2791.57 (depth 1, 32 lits): UNSAT in 0.01s
    cube 2791.58 (depth 1, 32 lits): UNSAT in 0.03s
    cube 2791.59 (depth 1, 32 lits): UNSAT in 0.02s
    cube 2791.60 (depth 1, 32 lits): UNSAT in 0.02s
    cube 2791.61 (depth 1, 32 lits): UNSAT in 0.04s
    cube 2791.62 (depth 1, 32 lits): UNSAT in 0.15s
    cube 2791.63 (depth 1, 32 lits): UNSAT in 0.01s
    cube 2791.64 (depth 1, 32 lits): UNSAT in 0.02s
    cube 2791.65 (depth 1, 32 lits): UNSAT in 0.02s
    cube 2791.66 (depth 1, 32 lits): UNSAT in 0.04s
    cube 2791.67 (depth 1, 32 lits): UNSAT in 0.02s
    cube 2791.68 (depth 1, 32 lits): UNSAT in 0.02s
    cube 2791.69 (depth 1, 32 lits): UNSAT in 0.03s
    cube 2791.70 (depth 1, 32 lits): UNSAT in 0.08s
    cube 2791.71 (depth 1, 32 lits): UNSAT in 0.02s
    cube 2791.72 (depth 1, 32 lits): UNSAT in 0.02s
    cube 2791.73 (depth 1, 32 lits): UNSAT in 0.05s
    cube 2791.74 (depth 1, 32 lits): UNSAT in 0.21s
    cube 2791.75 (depth 1, 32 lits): UNSAT in 0.04s
    cube 2791.76 (depth 1, 32 lits): UNSAT in 0.04s
    cube 2791.77 (depth 1, 32 lits): UNSAT in 0.13s
    cube 2791.78 (depth 1, 32 lits): UNSAT in 0.57s
    cube 2791.79 (depth 1, 32 lits): UNSAT in 0.01s
    cube 2791.80 (depth 1, 32 lits): UNSAT in 0.02s
    cube 2791.81 (depth 1, 32 lits): UNSAT in 0.02s
    cube 2791.82 (depth 1, 32 lits): UNSAT in 0.04s
    cube 2791.83 (depth 1, 32 lits): UNSAT in 0.02s
    cube 2791.84 (depth 1, 32 lits): UNSAT in 0.04s
    cube 2791.85 (depth 1, 32 lits): UNSAT in 0.03s
    cube 2791.86 (depth 1, 32 lits): UNSAT in 0.12s
    cube 2791.87 (depth 1, 32 lits): UNSAT in 0.02s
    cube 2791.88 (depth 1, 32 lits): UNSAT in 0.04s
    cube 2791.89 (depth 1, 32 lits): UNSAT in 0.02s
    cube 2791.90 (depth 1, 32 lits): UNSAT in 0.07s
    cube 2791.91 (depth 1, 32 lits): UNSAT in 0.02s
    cube 2791.92 (depth 1, 32 lits): UNSAT in 0.07s
    cube 2791.93 (depth 1, 32 lits): UNSAT in 0.06s
    cube 2791.94 (depth 1, 32 lits): UNSAT in 0.27s
    cube 2791.95 (depth 1, 32 lits): UNSAT in 0.02s
    cube 2791.96 (depth 1, 32 lits): UNSAT in 0.04s
    cube 2791.97 (depth 1, 32 lits): UNSAT in 0.02s
    cube 2791.98 (depth 1, 32 lits): UNSAT in 0.14s
    cube 2791.99 (depth 1, 32 lits): UNSAT in 0.08s
    cube 2791.100 (depth 1, 32 lits): UNSAT in 0.16s
    cube 2791.101 (depth 1, 32 lits): UNSAT in 0.20s
    cube 2791.102 (depth 1, 32 lits): UNSAT in 1.60s
    cube 2791.103 (depth 1, 32 lits): UNSAT in 0.02s
    cube 2791.104 (depth 1, 32 lits): UNSAT in 0.05s
    cube 2791.105 (depth 1, 32 lits): UNSAT in 0.08s
    cube 2791.106 (depth 1, 32 lits): UNSAT in 0.29s
    cube 2791.107 (depth 1, 32 lits): UNSAT in 0.39s
    cube 2791.108 (depth 1, 32 lits): UNSAT in 1.61s
    cube 2791.109 (depth 1, 32 lits): UNSAT in 2.99s
    cube 2791.110 (depth 1, 32 lits): UNSAT in 14.56s
    cube 2791.111 (depth 1, 30 lits): UNSAT in 0.01s
    cube 2791.112 (depth 1, 31 lits): UNSAT in 0.01s
    cube 2791.113 (depth 1, 32 lits): UNSAT in 0.01s
    cube 2791.114 (depth 1, 32 lits): UNSAT in 0.02s
    cube 2791.115 (depth 1, 31 lits): UNSAT in 0.01s
    cube 2791.116 (depth 1, 32 lits): UNSAT in 0.02s
    cube 2791.117 (depth 1, 32 lits): UNSAT in 0.02s
    cube 2791.118 (depth 1, 32 lits): UNSAT in 0.02s
    cube 2791.119 (depth 1, 32 lits): UNSAT in 0.01s
    cube 2791.120 (depth 1, 32 lits): UNSAT in 0.03s
    cube 2791.121 (depth 1, 32 lits): UNSAT in 0.05s
    cube 2791.122 (depth 1, 31 lits): UNSAT in 0.01s
    cube 2791.123 (depth 1, 32 lits): UNSAT in 0.01s
    cube 2791.124 (depth 1, 32 lits): UNSAT in 0.02s
    cube 2791.125 (depth 1, 32 lits): UNSAT in 0.02s
    cube 2791.126 (depth 1, 32 lits): UNSAT in 0.02s
    cube 2791.127 (depth 1, 32 lits): UNSAT in 0.04s
    cube 2791.128 (depth 1, 32 lits): UNSAT in 0.13s
    cube 2791.129 (depth 1, 32 lits): UNSAT in 0.01s
    cube 2791.130 (depth 1, 32 lits): UNSAT in 0.02s
    cube 2791.131 (depth 1, 32 lits): UNSAT in 0.04s
    cube 2791.132 (depth 1, 32 lits): UNSAT in 0.09s
    cube 2791.133 (depth 1, 32 lits): UNSAT in 0.01s
    cube 2791.134 (depth 1, 32 lits): UNSAT in 0.04s
    cube 2791.135 (depth 1, 32 lits): UNSAT in 0.08s
    cube 2791.136 (depth 1, 32 lits): UNSAT in 0.34s
    cube 2791.137 (depth 1, 31 lits): UNSAT in 0.02s
    cube 2791.138 (depth 1, 32 lits): UNSAT in 0.02s
    cube 2791.139 (depth 1, 32 lits): UNSAT in 0.03s
    cube 2791.140 (depth 1, 32 lits): UNSAT in 0.01s
    cube 2791.141 (depth 1, 32 lits): UNSAT in 0.05s
    cube 2791.142 (depth 1, 32 lits): UNSAT in 0.02s
    cube 2791.143 (depth 1, 32 lits): UNSAT in 0.17s
    cube 2791.144 (depth 1, 32 lits): UNSAT in 0.01s
    cube 2791.145 (depth 1, 32 lits): UNSAT in 0.02s
    cube 2791.146 (depth 1, 32 lits): UNSAT in 0.03s
    cube 2791.147 (depth 1, 32 lits): UNSAT in 0.04s
    cube 2791.148 (depth 1, 32 lits): UNSAT in 0.04s
    cube 2791.149 (depth 1, 32 lits): UNSAT in 0.10s
    cube 2791.150 (depth 1, 32 lits): UNSAT in 0.13s
    cube 2791.151 (depth 1, 32 lits): UNSAT in 1.53s
    cube 2791.152 (depth 1, 32 lits): UNSAT in 0.02s
    cube 2791.153 (depth 1, 32 lits): UNSAT in 0.03s
    cube 2791.154 (depth 1, 32 lits): UNSAT in 0.04s
    cube 2791.155 (depth 1, 32 lits): UNSAT in 0.15s
    cube 2791.156 (depth 1, 32 lits): UNSAT in 0.04s
    cube 2791.157 (depth 1, 32 lits): UNSAT in 0.04s
    cube 2791.158 (depth 1, 32 lits): UNSAT in 0.08s
    cube 2791.159 (depth 1, 32 lits): UNSAT in 0.46s
    cube 2791.160 (depth 1, 32 lits): UNSAT in 0.03s
    cube 2791.161 (depth 1, 32 lits): UNSAT in 0.11s
    cube 2791.162 (depth 1, 32 lits): UNSAT in 0.21s
    cube 2791.163 (depth 1, 32 lits): UNSAT in 1.16s
    cube 2791.164 (depth 1, 32 lits): UNSAT in 0.32s
    cube 2791.165 (depth 1, 32 lits): UNSAT in 2.08s
    cube 2791.166 (depth 1, 32 lits): UNSAT in 3.71s
    cube 2791.167 (depth 1, 32 lits): UNSAT in 22.15s
    cube 2791.168 (depth 1, 32 lits): UNSAT in 0.02s
    cube 2791.169 (depth 1, 32 lits): UNSAT in 0.03s
    cube 2791.170 (depth 1, 32 lits): UNSAT in 0.03s
    cube 2791.171 (depth 1, 32 lits): UNSAT in 0.05s
    cube 2791.172 (depth 1, 32 lits): UNSAT in 0.02s
    cube 2791.173 (depth 1, 32 lits): UNSAT in 0.08s
    cube 2791.174 (depth 1, 32 lits): UNSAT in 0.07s
    cube 2791.175 (depth 1, 32 lits): UNSAT in 0.21s
    cube 2791.176 (depth 1, 32 lits): UNSAT in 0.04s
    cube 2791.177 (depth 1, 32 lits): UNSAT in 0.06s
    cube 2791.178 (depth 1, 32 lits): UNSAT in 0.06s
    cube 2791.179 (depth 1, 32 lits): UNSAT in 0.22s
    cube 2791.180 (depth 1, 32 lits): UNSAT in 0.06s
    cube 2791.181 (depth 1, 32 lits): UNSAT in 0.24s
    cube 2791.182 (depth 1, 32 lits): UNSAT in 0.28s
    cube 2791.183 (depth 1, 32 lits): UNSAT in 1.55s
    cube 2791.184 (depth 1, 32 lits): UNSAT in 0.03s
    cube 2791.185 (depth 1, 32 lits): UNSAT in 0.07s
    cube 2791.186 (depth 1, 32 lits): UNSAT in 0.10s
    cube 2791.187 (depth 1, 32 lits): UNSAT in 0.19s
    cube 2791.188 (depth 1, 32 lits): UNSAT in 0.04s
    cube 2791.189 (depth 1, 32 lits): UNSAT in 0.55s
    cube 2791.190 (depth 1, 32 lits): UNSAT in 0.42s
    cube 2791.191 (depth 1, 32 lits): UNSAT in 1.13s
    cube 2791.192 (depth 1, 32 lits): UNSAT in 0.09s
    cube 2791.193 (depth 1, 32 lits): UNSAT in 0.55s
    cube 2791.194 (depth 1, 32 lits): UNSAT in 0.83s
    cube 2791.195 (depth 1, 32 lits): UNSAT in 2.77s
    cube 2791.196 (depth 1, 32 lits): UNSAT in 0.23s
    cube 2791.197 (depth 1, 32 lits): UNSAT in 0.95s
    cube 2791.198 (depth 1, 32 lits): UNSAT in 1.82s
    cube 2791.199 (depth 1, 32 lits): UNSAT in 11.10s
    cube 2791.200 (depth 1, 32 lits): UNSAT in 0.03s
    cube 2791.201 (depth 1, 32 lits): UNSAT in 0.13s
    cube 2791.202 (depth 1, 32 lits): UNSAT in 0.05s
    cube 2791.203 (depth 1, 32 lits): UNSAT in 0.58s
    cube 2791.204 (depth 1, 32 lits): UNSAT in 0.05s
    cube 2791.205 (depth 1, 32 lits): UNSAT in 0.15s
    cube 2791.206 (depth 1, 32 lits): UNSAT in 0.44s
    cube 2791.207 (depth 1, 32 lits): UNSAT in 2.80s
    cube 2791.208 (depth 1, 32 lits): UNSAT in 0.17s
    cube 2791.209 (depth 1, 32 lits): UNSAT in 0.48s
    cube 2791.210 (depth 1, 32 lits): UNSAT in 0.19s
    cube 2791.211 (depth 1, 32 lits): UNSAT in 1.30s
    cube 2791.212 (depth 1, 32 lits): UNSAT in 0.49s
    cube 2791.213 (depth 1, 32 lits): UNSAT in 3.45s
    cube 2791.214 (depth 1, 32 lits): UNSAT in 2.18s
    cube 2791.215 (depth 1, 32 lits): UNSAT in 9.54s
    cube 2791.216 (depth 1, 32 lits): UNSAT in 0.03s
    cube 2791.217 (depth 1, 32 lits): UNSAT in 0.10s
    cube 2791.218 (depth 1, 32 lits): UNSAT in 0.09s
    cube 2791.219 (depth 1, 32 lits): UNSAT in 0.46s
    cube 2791.220 (depth 1, 32 lits): UNSAT in 0.13s
    cube 2791.221 (depth 1, 32 lits): UNSAT in 0.46s
    cube 2791.222 (depth 1, 32 lits): UNSAT in 0.64s
    cube 2791.223 (depth 1, 32 lits): UNSAT in 1.31s
    cube 2791.224 (depth 1, 32 lits): UNSAT in 0.08s
    cube 2791.225 (depth 1, 32 lits): UNSAT in 0.31s
    cube 2791.226 (depth 1, 32 lits): UNSAT in 0.69s
    cube 2791.227 (depth 1, 32 lits): UNSAT in 5.03s
    cube 2791.228 (depth 1, 32 lits): UNSAT in 0.54s
    cube 2791.229 (depth 1, 32 lits): UNSAT in 2.04s
    cube 2791.230 (depth 1, 32 lits): UNSAT in 2.54s
    cube 2791.231 (depth 1, 32 lits): UNSAT in 24.80s
    cube 2795 (depth 0, 24 lits): UNSAT in 0.01s
    cube 2799 (depth 0, 24 lits): UNSAT in 0.03s
    cube 2803 (depth 0, 24 lits): UNSAT in 0.07s
    cube 2807 (depth 0, 24 lits): UNSAT in 0.02s
    cube 2811 (depth 0, 24 lits): UNSAT in 0.01s
    cube 2815 (depth 0, 24 lits): UNSAT in 0.03s
    cube 2819 (depth 0, 24 lits): UNSAT in 0.02s
    cube 2823 (depth 0, 24 lits): UNSAT in 0.02s
    cube 2827 (depth 0, 24 lits): UNSAT in 0.03s
    cube 2831 (depth 0, 24 lits): UNSAT in 0.02s
    cube 2835 (depth 0, 24 lits): UNSAT in 0.14s
    cube 2839 (depth 0, 24 lits): UNSAT in 0.05s
    cube 2843 (depth 0, 24 lits): UNSAT in 0.19s
    cube 2847 (depth 0, 24 lits): UNSAT in 0.10s
    cube 2851 (depth 0, 24 lits): UNSAT in 1.21s
    cube 2855 (depth 0, 24 lits): UNSAT in 0.01s
    cube 2859 (depth 0, 24 lits): UNSAT in 0.02s
    cube 2863 (depth 0, 24 lits): UNSAT in 0.07s
    cube 2867 (depth 0, 24 lits): UNSAT in 0.08s
    cube 2871 (depth 0, 24 lits): UNSAT in 0.02s
    cube 2875 (depth 0, 24 lits): UNSAT in 0.03s
    cube 2879 (depth 0, 24 lits): UNSAT in 0.18s
    cube 2883 (depth 0, 24 lits): UNSAT in 0.10s
    cube 2887 (depth 0, 24 lits): UNSAT in 0.04s
    cube 2891 (depth 0, 24 lits): UNSAT in 0.14s
    cube 2895 (depth 0, 24 lits): UNSAT in 0.67s
    cube 2899 (depth 0, 24 lits): UNSAT in 1.15s
    cube 2903 (depth 0, 24 lits): UNSAT in 0.31s
    cube 2907 (depth 0, 24 lits): UNSAT in 0.29s
    cube 2911 (depth 0, 24 lits): UNSAT in 0.74s
    cube 2915 (depth 0, 24 lits): UNSAT in 13.64s
    cube 2919 (depth 0, 22 lits): UNSAT in 0.01s
    cube 2923 (depth 0, 23 lits): UNSAT in 0.01s
    cube 2927 (depth 0, 24 lits): UNSAT in 0.02s
    cube 2931 (depth 0, 24 lits): UNSAT in 0.02s
    cube 2935 (depth 0, 24 lits): UNSAT in 0.02s
    cube 2939 (depth 0, 24 lits): UNSAT in 0.06s
    cube 2943 (depth 0, 24 lits): UNSAT in 0.13s
    cube 2947 (depth 0, 24 lits): UNSAT in 0.02s
    cube 2951 (depth 0, 24 lits): UNSAT in 0.02s
    cube 2955 (depth 0, 24 lits): UNSAT in 0.02s
    cube 2959 (depth 0, 24 lits): UNSAT in 0.10s
    cube 2963 (depth 0, 24 lits): UNSAT in 0.03s
    cube 2967 (depth 0, 24 lits): UNSAT in 0.27s
    cube 2971 (depth 0, 24 lits): UNSAT in 0.18s
    cube 2975 (depth 0, 24 lits): UNSAT in 0.39s
    cube 2979 (depth 0, 24 lits): UNSAT in 0.02s
    cube 2983 (depth 0, 24 lits): UNSAT in 0.26s
    cube 2987 (depth 0, 24 lits): UNSAT in 0.05s
    cube 2991 (depth 0, 24 lits): UNSAT in 0.60s
    cube 2995 (depth 0, 24 lits): UNSAT in 0.06s
    cube 2999 (depth 0, 24 lits): UNSAT in 0.13s
    cube 3003 (depth 0, 24 lits): UNSAT in 0.24s
    cube 3007 (depth 0, 24 lits): UNSAT in 0.22s
    cube 3011 (depth 0, 24 lits): UNSAT in 0.03s
    cube 3015 (depth 0, 24 lits): UNSAT in 0.08s
    cube 3019 (depth 0, 24 lits): UNSAT in 0.18s
    cube 3023 (depth 0, 24 lits): UNSAT in 1.20s
    cube 3027 (depth 0, 24 lits): UNSAT in 0.19s
    cube 3031 (depth 0, 24 lits): UNSAT in 1.06s
    cube 3035 (depth 0, 24 lits): UNSAT in 2.98s
    cube 3039 (depth 0, 24 lits): UNSAT in 50.15s
    cube 3043 (depth 0, 24 lits): UNSAT in 0.02s
    cube 3047 (depth 0, 24 lits): UNSAT in 0.02s
    cube 3051 (depth 0, 24 lits): UNSAT in 0.04s
    cube 3055 (depth 0, 24 lits): UNSAT in 0.24s
    cube 3059 (depth 0, 24 lits): UNSAT in 0.09s
    cube 3063 (depth 0, 24 lits): UNSAT in 0.06s
    cube 3067 (depth 0, 24 lits): UNSAT in 0.11s
    cube 3071 (depth 0, 24 lits): UNSAT in 0.76s
    cube 3075 (depth 0, 24 lits): UNSAT in 0.03s
    cube 3079 (depth 0, 24 lits): UNSAT in 0.04s
    cube 3083 (depth 0, 24 lits): UNSAT in 0.04s
    cube 3087 (depth 0, 24 lits): UNSAT in 0.19s
    cube 3091 (depth 0, 24 lits): UNSAT in 0.09s
    cube 3095 (depth 0, 24 lits): UNSAT in 0.30s
    cube 3099 (depth 0, 24 lits): UNSAT in 0.40s
    cube 3103 (depth 0, 24 lits): UNSAT in 7.36s
    cube 3107 (depth 0, 24 lits): UNSAT in 0.04s
    cube 3111 (depth 0, 24 lits): UNSAT in 0.15s
    cube 3115 (depth 0, 24 lits): UNSAT in 0.15s
    cube 3119 (depth 0, 24 lits): UNSAT in 0.43s
    cube 3123 (depth 0, 24 lits): UNSAT in 0.07s
    cube 3127 (depth 0, 24 lits): UNSAT in 0.30s
    cube 3131 (depth 0, 24 lits): UNSAT in 0.33s
    cube 3135 (depth 0, 24 lits): UNSAT in 1.37s
    cube 3139 (depth 0, 24 lits): UNSAT in 0.43s
    cube 3143 (depth 0, 24 lits): UNSAT in 0.81s
    cube 3147 (depth 0, 24 lits): UNSAT in 0.40s
    cube 3151 (depth 0, 24 lits): UNSAT in 6.92s
    cube 3155 (depth 0, 24 lits): UNSAT in 0.51s
    cube 3159 (depth 0, 24 lits): UNSAT in 2.07s
    cube 3163 (depth 0, 24 lits): UNSAT in 18.66s
    cube 3167 (depth 0, 24 lits): UNSAT in 326.07s
    cube 3171 (depth 0, 24 lits): UNSAT in 0.02s
    cube 3175 (depth 0, 24 lits): UNSAT in 0.07s
    cube 3179 (depth 0, 24 lits): UNSAT in 0.02s
    cube 3183 (depth 0, 24 lits): UNSAT in 0.38s
    cube 3187 (depth 0, 24 lits): UNSAT in 0.08s
    cube 3191 (depth 0, 24 lits): UNSAT in 0.17s
    cube 3195 (depth 0, 24 lits): UNSAT in 0.49s
    cube 3199 (depth 0, 24 lits): UNSAT in 1.35s
    cube 3203 (depth 0, 24 lits): UNSAT in 0.01s
    cube 3207 (depth 0, 24 lits): UNSAT in 0.02s
    cube 3211 (depth 0, 24 lits): UNSAT in 0.11s
    cube 3215 (depth 0, 24 lits): UNSAT in 0.02s
    cube 3219 (depth 0, 24 lits): UNSAT in 0.21s
    cube 3223 (depth 0, 24 lits): UNSAT in 0.06s
    cube 3227 (depth 0, 24 lits): UNSAT in 0.17s
    cube 3231 (depth 0, 24 lits): UNSAT in 0.03s
    cube 3235 (depth 0, 24 lits): UNSAT in 0.02s
    cube 3239 (depth 0, 24 lits): UNSAT in 0.02s
    cube 3243 (depth 0, 24 lits): UNSAT in 0.04s
    cube 3247 (depth 0, 24 lits): UNSAT in 0.01s
    cube 3251 (depth 0, 24 lits): UNSAT in 0.06s
    cube 3255 (depth 0, 24 lits): UNSAT in 0.08s
    cube 3259 (depth 0, 24 lits): UNSAT in 0.11s
    cube 3263 (depth 0, 24 lits): UNSAT in 0.02s
    cube 3267 (depth 0, 24 lits): UNSAT in 0.04s
    cube 3271 (depth 0, 24 lits): UNSAT in 0.04s
    cube 3275 (depth 0, 24 lits): UNSAT in 0.23s
    cube 3279 (depth 0, 24 lits): UNSAT in 0.12s
    cube 3283 (depth 0, 24 lits): UNSAT in 0.97s
    cube 3287 (depth 0, 24 lits): UNSAT in 0.28s
    cube 3291 (depth 0, 24 lits): UNSAT in 2.50s
    cube 3295 (depth 0, 24 lits): UNSAT in 0.02s
    cube 3299 (depth 0, 24 lits): UNSAT in 0.02s
    cube 3303 (depth 0, 24 lits): UNSAT in 0.02s
    cube 3307 (depth 0, 24 lits): UNSAT in 0.03s
    cube 3311 (depth 0, 24 lits): UNSAT in 0.02s
    cube 3315 (depth 0, 24 lits): UNSAT in 0.07s
    cube 3319 (depth 0, 24 lits): UNSAT in 0.02s
    cube 3323 (depth 0, 24 lits): UNSAT in 0.13s
    cube 3327 (depth 0, 24 lits): UNSAT in 0.02s
    cube 3331 (depth 0, 24 lits): UNSAT in 0.05s
    cube 3335 (depth 0, 24 lits): UNSAT in 0.05s
    cube 3339 (depth 0, 24 lits): UNSAT in 0.26s
    cube 3343 (depth 0, 24 lits): UNSAT in 0.03s
    cube 3347 (depth 0, 24 lits): UNSAT in 0.24s
    cube 3351 (depth 0, 24 lits): UNSAT in 0.32s
    cube 3355 (depth 0, 24 lits): UNSAT in 1.13s
    cube 3359 (depth 0, 24 lits): UNSAT in 0.02s
    cube 3363 (depth 0, 24 lits): UNSAT in 0.02s
    cube 3367 (depth 0, 24 lits): UNSAT in 0.07s
    cube 3371 (depth 0, 24 lits): UNSAT in 0.34s
    cube 3375 (depth 0, 24 lits): UNSAT in 0.03s
    cube 3379 (depth 0, 24 lits): UNSAT in 0.10s
    cube 3383 (depth 0, 24 lits): UNSAT in 0.03s
    cube 3387 (depth 0, 24 lits): UNSAT in 0.41s
    cube 3391 (depth 0, 24 lits): UNSAT in 0.08s
    cube 3395 (depth 0, 24 lits): UNSAT in 0.06s
    cube 3399 (depth 0, 24 lits): UNSAT in 0.16s
    cube 3403 (depth 0, 24 lits): UNSAT in 1.31s
    cube 3407 (depth 0, 24 lits): UNSAT in 0.36s
    cube 3411 (depth 0, 24 lits): UNSAT in 0.72s
    cube 3415 (depth 0, 24 lits): UNSAT in 5.05s
    cube 3419 (depth 0, 24 lits): UNSAT in 15.38s

  shard 3 verdict: UNSAT [parent cube 2430's children only] (855 UNSAT, 0 unresolved) in 4542.4s
