  shard 3/4 (round-robin): 959 of 3839 cubes, per-cube cap 600.0s, re-split depth 7
    cube 3 (depth 0, 24 lits): UNSAT in 0.01s
    cube 7 (depth 0, 24 lits): UNSAT in 0.01s
    cube 11 (depth 0, 24 lits): UNSAT in 0.01s
    cube 15 (depth 0, 23 lits): UNSAT in 0.01s
    cube 19 (depth 0, 24 lits): UNSAT in 0.01s
    cube 23 (depth 0, 24 lits): UNSAT in 0.01s
    cube 27 (depth 0, 24 lits): UNSAT in 0.04s
    cube 31 (depth 0, 24 lits): UNSAT in 0.02s
    cube 35 (depth 0, 24 lits): UNSAT in 0.09s
    cube 39 (depth 0, 24 lits): UNSAT in 0.01s
    cube 43 (depth 0, 24 lits): UNSAT in 0.07s
    cube 47 (depth 0, 24 lits): UNSAT in 0.01s
    cube 51 (depth 0, 23 lits): UNSAT in 0.01s
    cube 55 (depth 0, 24 lits): UNSAT in 0.02s
    cube 59 (depth 0, 23 lits): UNSAT in 0.01s
    cube 63 (depth 0, 24 lits): UNSAT in 0.02s
    cube 67 (depth 0, 24 lits): UNSAT in 0.03s
    cube 71 (depth 0, 24 lits): UNSAT in 0.01s
    cube 75 (depth 0, 24 lits): UNSAT in 0.04s
    cube 79 (depth 0, 24 lits): UNSAT in 0.03s
    cube 83 (depth 0, 24 lits): UNSAT in 0.04s
    cube 87 (depth 0, 24 lits): UNSAT in 0.02s
    cube 91 (depth 0, 24 lits): UNSAT in 0.05s
    cube 95 (depth 0, 24 lits): UNSAT in 0.03s
    cube 99 (depth 0, 24 lits): UNSAT in 0.11s
    cube 103 (depth 0, 24 lits): UNSAT in 0.01s
    cube 107 (depth 0, 24 lits): UNSAT in 0.01s
    cube 111 (depth 0, 23 lits): UNSAT in 0.01s
    cube 115 (depth 0, 24 lits): UNSAT in 0.02s
    cube 119 (depth 0, 24 lits): UNSAT in 0.08s
    cube 123 (depth 0, 24 lits): UNSAT in 0.03s
    cube 127 (depth 0, 23 lits): UNSAT in 0.01s
    cube 131 (depth 0, 24 lits): UNSAT in 0.01s
    cube 135 (depth 0, 24 lits): UNSAT in 0.01s
    cube 139 (depth 0, 23 lits): UNSAT in 0.01s
    cube 143 (depth 0, 24 lits): UNSAT in 0.03s
    cube 147 (depth 0, 24 lits): UNSAT in 0.06s
    cube 151 (depth 0, 22 lits): UNSAT in 0.01s
    cube 155 (depth 0, 24 lits): UNSAT in 0.02s
    cube 159 (depth 0, 23 lits): UNSAT in 0.01s
    cube 163 (depth 0, 24 lits): UNSAT in 0.04s
    cube 167 (depth 0, 24 lits): UNSAT in 0.01s
    cube 171 (depth 0, 24 lits): UNSAT in 0.01s
    cube 175 (depth 0, 24 lits): UNSAT in 0.02s
    cube 179 (depth 0, 24 lits): UNSAT in 0.02s
    cube 183 (depth 0, 24 lits): UNSAT in 0.03s
    cube 187 (depth 0, 24 lits): UNSAT in 0.07s
    cube 191 (depth 0, 24 lits): UNSAT in 0.02s
    cube 195 (depth 0, 24 lits): UNSAT in 0.07s
    cube 199 (depth 0, 24 lits): UNSAT in 0.03s
    cube 203 (depth 0, 24 lits): UNSAT in 0.23s
    cube 207 (depth 0, 24 lits): UNSAT in 0.01s
    cube 211 (depth 0, 23 lits): UNSAT in 0.01s
    cube 215 (depth 0, 24 lits): UNSAT in 0.01s
    cube 219 (depth 0, 24 lits): UNSAT in 0.01s
    cube 223 (depth 0, 24 lits): UNSAT in 0.01s
    cube 227 (depth 0, 23 lits): UNSAT in 0.01s
    cube 231 (depth 0, 24 lits): UNSAT in 0.02s
    cube 235 (depth 0, 24 lits): UNSAT in 0.02s
    cube 239 (depth 0, 24 lits): UNSAT in 0.04s
    cube 243 (depth 0, 24 lits): UNSAT in 0.04s
    cube 247 (depth 0, 24 lits): UNSAT in 0.04s
    cube 251 (depth 0, 24 lits): UNSAT in 0.07s
    cube 255 (depth 0, 24 lits): UNSAT in 0.29s
    cube 259 (depth 0, 24 lits): UNSAT in 0.02s
    cube 263 (depth 0, 24 lits): UNSAT in 0.02s
    cube 267 (depth 0, 24 lits): UNSAT in 0.01s
    cube 271 (depth 0, 24 lits): UNSAT in 0.02s
    cube 275 (depth 0, 24 lits): UNSAT in 0.02s
    cube 279 (depth 0, 24 lits): UNSAT in 0.12s
    cube 283 (depth 0, 24 lits): UNSAT in 0.01s
    cube 287 (depth 0, 24 lits): UNSAT in 0.01s
    cube 291 (depth 0, 24 lits): UNSAT in 0.02s
    cube 295 (depth 0, 24 lits): UNSAT in 0.01s
    cube 299 (depth 0, 24 lits): UNSAT in 0.01s
    cube 303 (depth 0, 24 lits): UNSAT in 0.02s
    cube 307 (depth 0, 24 lits): UNSAT in 0.06s
    cube 311 (depth 0, 22 lits): UNSAT in 0.01s
    cube 315 (depth 0, 24 lits): UNSAT in 0.01s
    cube 319 (depth 0, 24 lits): UNSAT in 0.02s
    cube 323 (depth 0, 24 lits): UNSAT in 0.01s
    cube 327 (depth 0, 24 lits): UNSAT in 0.05s
    cube 331 (depth 0, 24 lits): UNSAT in 0.03s
    cube 335 (depth 0, 24 lits): UNSAT in 0.08s
    cube 339 (depth 0, 24 lits): UNSAT in 0.01s
    cube 343 (depth 0, 24 lits): UNSAT in 0.04s
    cube 347 (depth 0, 24 lits): UNSAT in 0.05s
    cube 351 (depth 0, 24 lits): UNSAT in 0.07s
    cube 355 (depth 0, 24 lits): UNSAT in 0.14s
    cube 359 (depth 0, 24 lits): UNSAT in 0.08s
    cube 363 (depth 0, 24 lits): UNSAT in 0.08s
    cube 367 (depth 0, 24 lits): UNSAT in 1.57s
    cube 371 (depth 0, 24 lits): UNSAT in 0.01s
    cube 375 (depth 0, 24 lits): UNSAT in 0.04s
    cube 379 (depth 0, 24 lits): UNSAT in 0.04s
    cube 383 (depth 0, 24 lits): UNSAT in 0.23s
    cube 387 (depth 0, 24 lits): UNSAT in 0.05s
    cube 391 (depth 0, 24 lits): UNSAT in 0.25s
    cube 395 (depth 0, 24 lits): UNSAT in 0.07s
    cube 399 (depth 0, 24 lits): UNSAT in 0.77s
    cube 403 (depth 0, 24 lits): UNSAT in 0.07s
    cube 407 (depth 0, 24 lits): UNSAT in 0.38s
    cube 411 (depth 0, 24 lits): UNSAT in 0.22s
    cube 415 (depth 0, 24 lits): UNSAT in 0.87s
    cube 419 (depth 0, 24 lits): UNSAT in 0.21s
    cube 423 (depth 0, 24 lits): UNSAT in 0.43s
    cube 427 (depth 0, 24 lits): UNSAT in 3.77s
    cube 431 (depth 0, 24 lits): UNSAT in 4.49s
    cube 435 (depth 0, 24 lits): UNSAT in 0.01s
    cube 439 (depth 0, 24 lits): UNSAT in 0.01s
    cube 443 (depth 0, 23 lits): UNSAT in 0.01s
    cube 447 (depth 0, 24 lits): UNSAT in 0.02s
    cube 451 (depth 0, 24 lits): UNSAT in 0.02s
    cube 455 (depth 0, 24 lits): UNSAT in 0.01s
    cube 459 (depth 0, 24 lits): UNSAT in 0.01s
    cube 463 (depth 0, 23 lits): UNSAT in 0.01s
    cube 467 (depth 0, 24 lits): UNSAT in 0.02s
    cube 471 (depth 0, 24 lits): UNSAT in 0.01s
    cube 475 (depth 0, 24 lits): UNSAT in 0.02s
    cube 479 (depth 0, 24 lits): UNSAT in 0.01s
    cube 483 (depth 0, 24 lits): UNSAT in 0.10s
    cube 487 (depth 0, 24 lits): UNSAT in 0.01s
    cube 491 (depth 0, 24 lits): UNSAT in 0.03s
    cube 495 (depth 0, 24 lits): UNSAT in 0.02s
    cube 499 (depth 0, 23 lits): UNSAT in 0.01s
    cube 503 (depth 0, 24 lits): UNSAT in 0.02s
    cube 507 (depth 0, 24 lits): UNSAT in 0.03s
    cube 511 (depth 0, 24 lits): UNSAT in 0.04s
    cube 515 (depth 0, 24 lits): UNSAT in 0.01s
    cube 519 (depth 0, 24 lits): UNSAT in 0.02s
    cube 523 (depth 0, 24 lits): UNSAT in 0.02s
    cube 527 (depth 0, 24 lits): UNSAT in 0.04s
    cube 531 (depth 0, 24 lits): UNSAT in 0.06s
    cube 535 (depth 0, 24 lits): UNSAT in 0.09s
    cube 539 (depth 0, 24 lits): UNSAT in 0.26s
    cube 543 (depth 0, 24 lits): UNSAT in 0.63s
    cube 547 (depth 0, 23 lits): UNSAT in 0.02s
    cube 551 (depth 0, 24 lits): UNSAT in 0.01s
    cube 555 (depth 0, 24 lits): UNSAT in 0.02s
    cube 559 (depth 0, 24 lits): UNSAT in 0.01s
    cube 563 (depth 0, 24 lits): UNSAT in 0.01s
    cube 567 (depth 0, 24 lits): UNSAT in 0.12s
    cube 571 (depth 0, 24 lits): UNSAT in 0.24s
    cube 575 (depth 0, 24 lits): UNSAT in 0.04s
    cube 579 (depth 0, 24 lits): UNSAT in 0.23s
    cube 583 (depth 0, 24 lits): UNSAT in 0.05s
    cube 587 (depth 0, 24 lits): UNSAT in 0.18s
    cube 591 (depth 0, 24 lits): UNSAT in 0.03s
    cube 595 (depth 0, 24 lits): UNSAT in 0.06s
    cube 599 (depth 0, 24 lits): UNSAT in 0.09s
    cube 603 (depth 0, 24 lits): UNSAT in 0.53s
    cube 607 (depth 0, 24 lits): UNSAT in 0.01s
    cube 611 (depth 0, 24 lits): UNSAT in 0.01s
    cube 615 (depth 0, 24 lits): UNSAT in 0.03s
    cube 619 (depth 0, 24 lits): UNSAT in 0.02s
    cube 623 (depth 0, 24 lits): UNSAT in 0.02s
    cube 627 (depth 0, 24 lits): UNSAT in 0.05s
    cube 631 (depth 0, 24 lits): UNSAT in 0.05s
    cube 635 (depth 0, 24 lits): UNSAT in 0.02s
    cube 639 (depth 0, 24 lits): UNSAT in 0.04s
    cube 643 (depth 0, 24 lits): UNSAT in 0.02s
    cube 647 (depth 0, 24 lits): UNSAT in 0.14s
    cube 651 (depth 0, 24 lits): UNSAT in 0.01s
    cube 655 (depth 0, 24 lits): UNSAT in 0.03s
    cube 659 (depth 0, 24 lits): UNSAT in 0.06s
    cube 663 (depth 0, 24 lits): UNSAT in 1.28s
    cube 667 (depth 0, 23 lits): UNSAT in 0.01s
    cube 671 (depth 0, 24 lits): UNSAT in 0.02s
    cube 675 (depth 0, 24 lits): UNSAT in 0.02s
    cube 679 (depth 0, 24 lits): UNSAT in 0.12s
    cube 683 (depth 0, 24 lits): UNSAT in 0.01s
    cube 687 (depth 0, 24 lits): UNSAT in 0.01s
    cube 691 (depth 0, 24 lits): UNSAT in 0.01s
    cube 695 (depth 0, 24 lits): UNSAT in 0.02s
    cube 699 (depth 0, 24 lits): UNSAT in 0.02s
    cube 703 (depth 0, 24 lits): UNSAT in 0.02s
    cube 707 (depth 0, 24 lits): UNSAT in 0.01s
    cube 711 (depth 0, 24 lits): UNSAT in 0.02s
    cube 715 (depth 0, 24 lits): UNSAT in 0.02s
    cube 719 (depth 0, 24 lits): UNSAT in 0.05s
    cube 723 (depth 0, 24 lits): UNSAT in 0.01s
    cube 727 (depth 0, 24 lits): UNSAT in 0.01s
    cube 731 (depth 0, 24 lits): UNSAT in 0.02s
    cube 735 (depth 0, 24 lits): UNSAT in 0.07s
    cube 739 (depth 0, 24 lits): UNSAT in 0.01s
    cube 743 (depth 0, 24 lits): UNSAT in 0.13s
    cube 747 (depth 0, 24 lits): UNSAT in 0.06s
    cube 751 (depth 0, 24 lits): UNSAT in 0.16s
    cube 755 (depth 0, 24 lits): UNSAT in 0.10s
    cube 759 (depth 0, 24 lits): UNSAT in 0.05s
    cube 763 (depth 0, 24 lits): UNSAT in 0.10s
    cube 767 (depth 0, 24 lits): UNSAT in 2.13s
    cube 771 (depth 0, 24 lits): UNSAT in 0.10s
    cube 775 (depth 0, 24 lits): UNSAT in 0.18s
    cube 779 (depth 0, 24 lits): UNSAT in 0.71s
    cube 783 (depth 0, 24 lits): UNSAT in 2.11s
    cube 787 (depth 0, 24 lits): UNSAT in 0.02s
    cube 791 (depth 0, 24 lits): UNSAT in 0.01s
    cube 795 (depth 0, 24 lits): UNSAT in 0.03s
    cube 799 (depth 0, 24 lits): UNSAT in 0.10s
    cube 803 (depth 0, 24 lits): UNSAT in 0.04s
    cube 807 (depth 0, 24 lits): UNSAT in 0.04s
    cube 811 (depth 0, 24 lits): UNSAT in 0.02s
    cube 815 (depth 0, 24 lits): UNSAT in 0.05s
    cube 819 (depth 0, 24 lits): UNSAT in 0.04s
    cube 823 (depth 0, 24 lits): UNSAT in 0.24s
    cube 827 (depth 0, 24 lits): UNSAT in 0.02s
    cube 831 (depth 0, 24 lits): UNSAT in 0.25s
    cube 835 (depth 0, 24 lits): UNSAT in 0.10s
    cube 839 (depth 0, 24 lits): UNSAT in 0.28s
    cube 843 (depth 0, 24 lits): UNSAT in 0.10s
    cube 847 (depth 0, 24 lits): UNSAT in 1.10s
    cube 851 (depth 0, 24 lits): UNSAT in 0.03s
    cube 855 (depth 0, 24 lits): UNSAT in 0.32s
    cube 859 (depth 0, 24 lits): UNSAT in 0.21s
    cube 863 (depth 0, 24 lits): UNSAT in 0.98s
    cube 867 (depth 0, 24 lits): UNSAT in 0.02s
    cube 871 (depth 0, 24 lits): UNSAT in 0.16s
    cube 875 (depth 0, 24 lits): UNSAT in 0.60s
    cube 879 (depth 0, 24 lits): UNSAT in 8.12s
    cube 883 (depth 0, 24 lits): UNSAT in 0.57s
    cube 887 (depth 0, 24 lits): UNSAT in 0.95s
    cube 891 (depth 0, 24 lits): UNSAT in 1.21s
    cube 895 (depth 0, 24 lits): UNSAT in 29.87s
    cube 899 (depth 0, 24 lits): UNSAT in 0.18s
    cube 903 (depth 0, 24 lits): UNSAT in 3.28s
    cube 907 (depth 0, 24 lits): UNSAT in 2.91s
    cube 911 (depth 0, 24 lits): UNSAT in 113.42s
    cube 915 (depth 0, 24 lits): UNSAT in 0.01s
    cube 919 (depth 0, 24 lits): UNSAT in 0.01s
    cube 923 (depth 0, 24 lits): UNSAT in 0.02s
    cube 927 (depth 0, 24 lits): UNSAT in 0.01s
    cube 931 (depth 0, 24 lits): UNSAT in 0.02s
    cube 935 (depth 0, 24 lits): UNSAT in 0.02s
    cube 939 (depth 0, 23 lits): UNSAT in 0.01s
    cube 943 (depth 0, 24 lits): UNSAT in 0.02s
    cube 947 (depth 0, 24 lits): UNSAT in 0.06s
    cube 951 (depth 0, 24 lits): UNSAT in 0.04s
    cube 955 (depth 0, 24 lits): UNSAT in 0.04s
    cube 959 (depth 0, 24 lits): UNSAT in 0.53s
    cube 963 (depth 0, 24 lits): UNSAT in 0.01s
    cube 967 (depth 0, 24 lits): UNSAT in 0.01s
    cube 971 (depth 0, 24 lits): UNSAT in 0.01s
    cube 975 (depth 0, 23 lits): UNSAT in 0.01s
    cube 979 (depth 0, 24 lits): UNSAT in 0.01s
    cube 983 (depth 0, 24 lits): UNSAT in 0.02s
    cube 987 (depth 0, 24 lits): UNSAT in 0.14s
    cube 991 (depth 0, 24 lits): UNSAT in 0.03s
    cube 995 (depth 0, 24 lits): UNSAT in 0.03s
    cube 999 (depth 0, 24 lits): UNSAT in 0.03s
    cube 1003 (depth 0, 24 lits): UNSAT in 0.15s
    cube 1007 (depth 0, 24 lits): UNSAT in 0.06s
    cube 1011 (depth 0, 24 lits): UNSAT in 0.12s
    cube 1015 (depth 0, 24 lits): UNSAT in 0.15s
    cube 1019 (depth 0, 24 lits): UNSAT in 0.73s
    cube 1023 (depth 0, 24 lits): UNSAT in 0.01s
    cube 1027 (depth 0, 24 lits): UNSAT in 0.01s
    cube 1031 (depth 0, 24 lits): UNSAT in 0.01s
    cube 1035 (depth 0, 24 lits): UNSAT in 0.02s
    cube 1039 (depth 0, 24 lits): UNSAT in 0.01s
    cube 1043 (depth 0, 24 lits): UNSAT in 0.04s
    cube 1047 (depth 0, 24 lits): UNSAT in 0.25s
    cube 1051 (depth 0, 24 lits): UNSAT in 0.77s
    cube 1055 (depth 0, 24 lits): UNSAT in 0.03s
    cube 1059 (depth 0, 24 lits): UNSAT in 0.07s
    cube 1063 (depth 0, 24 lits): UNSAT in 0.15s
    cube 1067 (depth 0, 24 lits): UNSAT in 0.71s
    cube 1071 (depth 0, 24 lits): UNSAT in 0.09s
    cube 1075 (depth 0, 24 lits): UNSAT in 0.18s
    cube 1079 (depth 0, 24 lits): UNSAT in 0.11s
    cube 1083 (depth 0, 24 lits): UNSAT in 2.15s
    cube 1087 (depth 0, 24 lits): UNSAT in 0.04s
    cube 1091 (depth 0, 24 lits): UNSAT in 0.12s
    cube 1095 (depth 0, 24 lits): UNSAT in 0.01s
    cube 1099 (depth 0, 24 lits): UNSAT in 0.49s
    cube 1103 (depth 0, 24 lits): UNSAT in 0.03s
    cube 1107 (depth 0, 24 lits): UNSAT in 0.13s
    cube 1111 (depth 0, 24 lits): UNSAT in 0.30s
    cube 1115 (depth 0, 24 lits): UNSAT in 1.07s
    cube 1119 (depth 0, 24 lits): UNSAT in 0.14s
    cube 1123 (depth 0, 24 lits): UNSAT in 0.29s
    cube 1127 (depth 0, 24 lits): UNSAT in 0.39s
    cube 1131 (depth 0, 24 lits): UNSAT in 2.60s
    cube 1135 (depth 0, 24 lits): UNSAT in 0.90s
    cube 1139 (depth 0, 24 lits): UNSAT in 2.42s
    cube 1143 (depth 0, 24 lits): UNSAT in 3.18s
    cube 1147 (depth 0, 24 lits): UNSAT in 134.45s
    cube 1151 (depth 0, 22 lits): UNSAT in 0.02s
    cube 1155 (depth 0, 24 lits): UNSAT in 0.02s
    cube 1159 (depth 0, 24 lits): UNSAT in 0.03s
    cube 1163 (depth 0, 24 lits): UNSAT in 0.01s
    cube 1167 (depth 0, 24 lits): UNSAT in 0.01s
    cube 1171 (depth 0, 24 lits): UNSAT in 0.02s
    cube 1175 (depth 0, 24 lits): UNSAT in 0.01s
    cube 1179 (depth 0, 24 lits): UNSAT in 0.01s
    cube 1183 (depth 0, 24 lits): UNSAT in 0.01s
    cube 1187 (depth 0, 24 lits): UNSAT in 0.02s
    cube 1191 (depth 0, 23 lits): UNSAT in 0.01s
    cube 1195 (depth 0, 24 lits): UNSAT in 0.01s
    cube 1199 (depth 0, 24 lits): UNSAT in 0.02s
    cube 1203 (depth 0, 24 lits): UNSAT in 0.12s
    cube 1207 (depth 0, 24 lits): UNSAT in 0.01s
    cube 1211 (depth 0, 24 lits): UNSAT in 0.02s
    cube 1215 (depth 0, 24 lits): UNSAT in 0.02s
    cube 1219 (depth 0, 24 lits): UNSAT in 0.07s
    cube 1223 (depth 0, 24 lits): UNSAT in 0.02s
    cube 1227 (depth 0, 24 lits): UNSAT in 0.09s
    cube 1231 (depth 0, 24 lits): UNSAT in 0.07s
    cube 1235 (depth 0, 24 lits): UNSAT in 0.88s
    cube 1239 (depth 0, 24 lits): UNSAT in 0.06s
    cube 1243 (depth 0, 24 lits): UNSAT in 0.15s
    cube 1247 (depth 0, 24 lits): UNSAT in 0.18s
    cube 1251 (depth 0, 24 lits): UNSAT in 1.09s
    cube 1255 (depth 0, 24 lits): UNSAT in 0.42s
    cube 1259 (depth 0, 24 lits): UNSAT in 1.72s
    cube 1263 (depth 0, 24 lits): UNSAT in 0.45s
    cube 1267 (depth 0, 24 lits): UNSAT in 2.86s
    cube 1271 (depth 0, 24 lits): UNSAT in 0.03s
    cube 1275 (depth 0, 24 lits): UNSAT in 0.08s
    cube 1279 (depth 0, 24 lits): UNSAT in 0.07s
    cube 1283 (depth 0, 24 lits): UNSAT in 1.14s
    cube 1287 (depth 0, 24 lits): UNSAT in 0.04s
    cube 1291 (depth 0, 24 lits): UNSAT in 0.19s
    cube 1295 (depth 0, 24 lits): UNSAT in 0.59s
    cube 1299 (depth 0, 24 lits): UNSAT in 0.63s
    cube 1303 (depth 0, 24 lits): UNSAT in 0.03s
    cube 1307 (depth 0, 24 lits): UNSAT in 0.32s
    cube 1311 (depth 0, 24 lits): UNSAT in 0.18s
    cube 1315 (depth 0, 24 lits): UNSAT in 3.93s
    cube 1319 (depth 0, 24 lits): UNSAT in 0.14s
    cube 1323 (depth 0, 24 lits): UNSAT in 0.91s
    cube 1327 (depth 0, 24 lits): UNSAT in 2.76s
    cube 1331 (depth 0, 24 lits): UNSAT in 30.30s
    cube 1335 (depth 0, 24 lits): UNSAT in 0.10s
    cube 1339 (depth 0, 24 lits): UNSAT in 0.37s
    cube 1343 (depth 0, 24 lits): UNSAT in 0.19s
    cube 1347 (depth 0, 24 lits): UNSAT in 2.50s
    cube 1351 (depth 0, 24 lits): UNSAT in 0.76s
    cube 1355 (depth 0, 24 lits): UNSAT in 13.29s
    cube 1359 (depth 0, 24 lits): UNSAT in 3.09s
    cube 1363 (depth 0, 24 lits): UNSAT in 51.10s
    cube 1367 (depth 0, 24 lits): UNSAT in 0.53s
    cube 1371 (depth 0, 24 lits): UNSAT in 5.85s
    cube 1375 (depth 0, 24 lits): UNSAT in 3.03s
    cube 1379 (depth 0, 24 lits): UNSAT in 78.13s
    cube 1383 (depth 0, 24 lits): UNSAT in 8.84s
    cube 1387 (depth 0, 24 lits): UNSAT in 343.29s
    cube 1391 (depth 0, 24 lits): UNSAT in 425.11s
    cube 1395 (depth 0, 24 lits): TIMEOUT in 600.03s
    cube 1395 TIMEOUT -> re-split into 253 sub-cubes (depth 1)
    cube 1395.0 (depth 1, 31 lits): UNSAT in 0.01s
    cube 1395.1 (depth 1, 31 lits): UNSAT in 0.01s
    cube 1395.2 (depth 1, 32 lits): UNSAT in 0.01s
    cube 1395.3 (depth 1, 32 lits): UNSAT in 0.02s
    cube 1395.4 (depth 1, 32 lits): UNSAT in 0.02s
    cube 1395.5 (depth 1, 32 lits): UNSAT in 0.03s
    cube 1395.6 (depth 1, 32 lits): UNSAT in 0.01s
    cube 1395.7 (depth 1, 32 lits): UNSAT in 0.02s
    cube 1395.8 (depth 1, 32 lits): UNSAT in 0.02s
    cube 1395.9 (depth 1, 32 lits): UNSAT in 0.05s
    cube 1395.10 (depth 1, 32 lits): UNSAT in 0.01s
    cube 1395.11 (depth 1, 32 lits): UNSAT in 0.04s
    cube 1395.12 (depth 1, 32 lits): UNSAT in 0.03s
    cube 1395.13 (depth 1, 32 lits): UNSAT in 0.13s
    cube 1395.14 (depth 1, 32 lits): UNSAT in 0.01s
    cube 1395.15 (depth 1, 32 lits): UNSAT in 0.03s
    cube 1395.16 (depth 1, 32 lits): UNSAT in 0.02s
    cube 1395.17 (depth 1, 32 lits): UNSAT in 0.05s
    cube 1395.18 (depth 1, 32 lits): UNSAT in 0.02s
    cube 1395.19 (depth 1, 32 lits): UNSAT in 0.03s
    cube 1395.20 (depth 1, 32 lits): UNSAT in 0.06s
    cube 1395.21 (depth 1, 32 lits): UNSAT in 0.15s
    cube 1395.22 (depth 1, 32 lits): UNSAT in 0.04s
    cube 1395.23 (depth 1, 32 lits): UNSAT in 0.11s
    cube 1395.24 (depth 1, 32 lits): UNSAT in 0.05s
    cube 1395.25 (depth 1, 32 lits): UNSAT in 0.17s
    cube 1395.26 (depth 1, 32 lits): UNSAT in 0.07s
    cube 1395.27 (depth 1, 32 lits): UNSAT in 0.12s
    cube 1395.28 (depth 1, 32 lits): UNSAT in 0.24s
    cube 1395.29 (depth 1, 32 lits): UNSAT in 1.12s
    cube 1395.30 (depth 1, 32 lits): UNSAT in 0.01s
    cube 1395.31 (depth 1, 32 lits): UNSAT in 0.01s
    cube 1395.32 (depth 1, 32 lits): UNSAT in 0.05s
    cube 1395.33 (depth 1, 32 lits): UNSAT in 0.07s
    cube 1395.34 (depth 1, 32 lits): UNSAT in 0.08s
    cube 1395.35 (depth 1, 32 lits): UNSAT in 0.11s
    cube 1395.36 (depth 1, 32 lits): UNSAT in 0.05s
    cube 1395.37 (depth 1, 32 lits): UNSAT in 0.36s
    cube 1395.38 (depth 1, 32 lits): UNSAT in 0.02s
    cube 1395.39 (depth 1, 32 lits): UNSAT in 0.05s
    cube 1395.40 (depth 1, 32 lits): UNSAT in 0.02s
    cube 1395.41 (depth 1, 32 lits): UNSAT in 0.12s
    cube 1395.42 (depth 1, 32 lits): UNSAT in 0.08s
    cube 1395.43 (depth 1, 32 lits): UNSAT in 0.24s
    cube 1395.44 (depth 1, 32 lits): UNSAT in 0.10s
    cube 1395.45 (depth 1, 32 lits): UNSAT in 0.48s
    cube 1395.46 (depth 1, 32 lits): UNSAT in 0.01s
    cube 1395.47 (depth 1, 32 lits): UNSAT in 0.04s
    cube 1395.48 (depth 1, 32 lits): UNSAT in 0.02s
    cube 1395.49 (depth 1, 32 lits): UNSAT in 0.17s
    cube 1395.50 (depth 1, 32 lits): UNSAT in 0.10s
    cube 1395.51 (depth 1, 32 lits): UNSAT in 0.30s
    cube 1395.52 (depth 1, 32 lits): UNSAT in 0.31s
    cube 1395.53 (depth 1, 32 lits): UNSAT in 0.31s
    cube 1395.54 (depth 1, 32 lits): UNSAT in 0.09s
    cube 1395.55 (depth 1, 32 lits): UNSAT in 0.13s
    cube 1395.56 (depth 1, 32 lits): UNSAT in 0.24s
    cube 1395.57 (depth 1, 32 lits): UNSAT in 0.78s
    cube 1395.58 (depth 1, 32 lits): UNSAT in 0.82s
    cube 1395.59 (depth 1, 32 lits): UNSAT in 1.61s
    cube 1395.60 (depth 1, 32 lits): UNSAT in 1.90s
    cube 1395.61 (depth 1, 32 lits): UNSAT in 20.76s
    cube 1395.62 (depth 1, 32 lits): UNSAT in 0.02s
    cube 1395.63 (depth 1, 32 lits): UNSAT in 0.02s
    cube 1395.64 (depth 1, 32 lits): UNSAT in 0.02s
    cube 1395.65 (depth 1, 32 lits): UNSAT in 0.04s
    cube 1395.66 (depth 1, 32 lits): UNSAT in 0.04s
    cube 1395.67 (depth 1, 32 lits): UNSAT in 0.09s
    cube 1395.68 (depth 1, 32 lits): UNSAT in 0.09s
    cube 1395.69 (depth 1, 32 lits): UNSAT in 0.23s
    cube 1395.70 (depth 1, 32 lits): UNSAT in 0.02s
    cube 1395.71 (depth 1, 32 lits): UNSAT in 0.03s
    cube 1395.72 (depth 1, 32 lits): UNSAT in 0.07s
    cube 1395.73 (depth 1, 32 lits): UNSAT in 0.25s
    cube 1395.74 (depth 1, 32 lits): UNSAT in 0.09s
    cube 1395.75 (depth 1, 32 lits): UNSAT in 0.22s
    cube 1395.76 (depth 1, 32 lits): UNSAT in 0.14s
    cube 1395.77 (depth 1, 32 lits): UNSAT in 0.55s
    cube 1395.78 (depth 1, 32 lits): UNSAT in 0.01s
    cube 1395.79 (depth 1, 32 lits): UNSAT in 0.02s
    cube 1395.80 (depth 1, 32 lits): UNSAT in 0.03s
    cube 1395.81 (depth 1, 32 lits): UNSAT in 0.08s
    cube 1395.82 (depth 1, 32 lits): UNSAT in 0.06s
    cube 1395.83 (depth 1, 32 lits): UNSAT in 0.22s
    cube 1395.84 (depth 1, 32 lits): UNSAT in 0.46s
    cube 1395.85 (depth 1, 32 lits): UNSAT in 0.48s
    cube 1395.86 (depth 1, 32 lits): UNSAT in 0.04s
    cube 1395.87 (depth 1, 32 lits): UNSAT in 0.13s
    cube 1395.88 (depth 1, 32 lits): UNSAT in 0.12s
    cube 1395.89 (depth 1, 32 lits): UNSAT in 0.20s
    cube 1395.90 (depth 1, 32 lits): UNSAT in 0.08s
    cube 1395.91 (depth 1, 32 lits): UNSAT in 0.44s
    cube 1395.92 (depth 1, 32 lits): UNSAT in 0.47s
    cube 1395.93 (depth 1, 32 lits): UNSAT in 11.36s
    cube 1395.94 (depth 1, 32 lits): UNSAT in 0.01s
    cube 1395.95 (depth 1, 32 lits): UNSAT in 0.03s
    cube 1395.96 (depth 1, 32 lits): UNSAT in 0.03s
    cube 1395.97 (depth 1, 32 lits): UNSAT in 0.06s
    cube 1395.98 (depth 1, 32 lits): UNSAT in 0.01s
    cube 1395.99 (depth 1, 32 lits): UNSAT in 0.02s
    cube 1395.100 (depth 1, 32 lits): UNSAT in 0.05s
    cube 1395.101 (depth 1, 32 lits): UNSAT in 0.18s
    cube 1395.102 (depth 1, 32 lits): UNSAT in 0.03s
    cube 1395.103 (depth 1, 32 lits): UNSAT in 0.08s
    cube 1395.104 (depth 1, 32 lits): UNSAT in 0.07s
    cube 1395.105 (depth 1, 32 lits): UNSAT in 0.25s
    cube 1395.106 (depth 1, 32 lits): UNSAT in 0.08s
    cube 1395.107 (depth 1, 32 lits): UNSAT in 0.58s
    cube 1395.108 (depth 1, 32 lits): UNSAT in 0.12s
    cube 1395.109 (depth 1, 32 lits): UNSAT in 1.58s
    cube 1395.110 (depth 1, 32 lits): UNSAT in 0.07s
    cube 1395.111 (depth 1, 32 lits): UNSAT in 0.17s
    cube 1395.112 (depth 1, 32 lits): UNSAT in 0.12s
    cube 1395.113 (depth 1, 32 lits): UNSAT in 1.80s
    cube 1395.114 (depth 1, 32 lits): UNSAT in 0.12s
    cube 1395.115 (depth 1, 32 lits): UNSAT in 0.62s
    cube 1395.116 (depth 1, 32 lits): UNSAT in 0.55s
    cube 1395.117 (depth 1, 32 lits): UNSAT in 14.52s
    cube 1395.118 (depth 1, 32 lits): UNSAT in 0.06s
    cube 1395.119 (depth 1, 32 lits): UNSAT in 0.48s
    cube 1395.120 (depth 1, 32 lits): UNSAT in 0.47s
    cube 1395.121 (depth 1, 32 lits): UNSAT in 5.84s
    cube 1395.122 (depth 1, 32 lits): UNSAT in 1.15s
    cube 1395.123 (depth 1, 32 lits): UNSAT in 5.86s
    cube 1395.124 (depth 1, 32 lits): UNSAT in 16.61s
    cube 1395.125 (depth 1, 32 lits): UNSAT in 167.33s
    cube 1395.126 (depth 1, 31 lits): UNSAT in 0.01s
    cube 1395.127 (depth 1, 32 lits): UNSAT in 0.01s
    cube 1395.128 (depth 1, 32 lits): UNSAT in 0.02s
    cube 1395.129 (depth 1, 32 lits): UNSAT in 0.01s
    cube 1395.130 (depth 1, 32 lits): UNSAT in 0.02s
    cube 1395.131 (depth 1, 32 lits): UNSAT in 0.02s
    cube 1395.132 (depth 1, 32 lits): UNSAT in 0.02s
    cube 1395.133 (depth 1, 32 lits): UNSAT in 0.01s
    cube 1395.134 (depth 1, 32 lits): UNSAT in 0.01s
    cube 1395.135 (depth 1, 32 lits): UNSAT in 0.02s
    cube 1395.136 (depth 1, 32 lits): UNSAT in 0.07s
    cube 1395.137 (depth 1, 32 lits): UNSAT in 0.02s
    cube 1395.138 (depth 1, 32 lits): UNSAT in 0.04s
    cube 1395.139 (depth 1, 32 lits): UNSAT in 0.04s
    cube 1395.140 (depth 1, 32 lits): UNSAT in 0.13s
    cube 1395.141 (depth 1, 32 lits): UNSAT in 0.01s
    cube 1395.142 (depth 1, 32 lits): UNSAT in 0.02s
    cube 1395.143 (depth 1, 32 lits): UNSAT in 0.02s
    cube 1395.144 (depth 1, 32 lits): UNSAT in 0.06s
    cube 1395.145 (depth 1, 32 lits): UNSAT in 0.04s
    cube 1395.146 (depth 1, 32 lits): UNSAT in 0.03s
    cube 1395.147 (depth 1, 32 lits): UNSAT in 0.03s
    cube 1395.148 (depth 1, 32 lits): UNSAT in 0.19s
    cube 1395.149 (depth 1, 32 lits): UNSAT in 0.06s
    cube 1395.150 (depth 1, 32 lits): UNSAT in 0.09s
    cube 1395.151 (depth 1, 32 lits): UNSAT in 0.09s
    cube 1395.152 (depth 1, 32 lits): UNSAT in 0.23s
    cube 1395.153 (depth 1, 32 lits): UNSAT in 0.06s
    cube 1395.154 (depth 1, 32 lits): UNSAT in 0.18s
    cube 1395.155 (depth 1, 32 lits): UNSAT in 0.21s
    cube 1395.156 (depth 1, 32 lits): UNSAT in 0.62s
    cube 1395.157 (depth 1, 32 lits): UNSAT in 0.01s
    cube 1395.158 (depth 1, 32 lits): UNSAT in 0.01s
    cube 1395.159 (depth 1, 32 lits): UNSAT in 0.01s
    cube 1395.160 (depth 1, 32 lits): UNSAT in 0.02s
    cube 1395.161 (depth 1, 32 lits): UNSAT in 0.01s
    cube 1395.162 (depth 1, 32 lits): UNSAT in 0.02s
    cube 1395.163 (depth 1, 32 lits): UNSAT in 0.06s
    cube 1395.164 (depth 1, 32 lits): UNSAT in 0.37s
    cube 1395.165 (depth 1, 32 lits): UNSAT in 0.01s
    cube 1395.166 (depth 1, 32 lits): UNSAT in 0.04s
    cube 1395.167 (depth 1, 32 lits): UNSAT in 0.04s
    cube 1395.168 (depth 1, 32 lits): UNSAT in 0.05s
    cube 1395.169 (depth 1, 32 lits): UNSAT in 0.04s
    cube 1395.170 (depth 1, 32 lits): UNSAT in 0.19s
    cube 1395.171 (depth 1, 32 lits): UNSAT in 0.09s
    cube 1395.172 (depth 1, 32 lits): UNSAT in 0.33s
    cube 1395.173 (depth 1, 32 lits): UNSAT in 0.03s
    cube 1395.174 (depth 1, 32 lits): UNSAT in 0.04s
    cube 1395.175 (depth 1, 32 lits): UNSAT in 0.02s
    cube 1395.176 (depth 1, 32 lits): UNSAT in 0.09s
    cube 1395.177 (depth 1, 32 lits): UNSAT in 0.03s
    cube 1395.178 (depth 1, 32 lits): UNSAT in 0.46s
    cube 1395.179 (depth 1, 32 lits): UNSAT in 0.27s
    cube 1395.180 (depth 1, 32 lits): UNSAT in 0.49s
    cube 1395.181 (depth 1, 32 lits): UNSAT in 0.15s
    cube 1395.182 (depth 1, 32 lits): UNSAT in 0.53s
    cube 1395.183 (depth 1, 32 lits): UNSAT in 0.17s
    cube 1395.184 (depth 1, 32 lits): UNSAT in 1.41s
    cube 1395.185 (depth 1, 32 lits): UNSAT in 0.76s
    cube 1395.186 (depth 1, 32 lits): UNSAT in 1.11s
    cube 1395.187 (depth 1, 32 lits): UNSAT in 1.63s
    cube 1395.188 (depth 1, 32 lits): UNSAT in 23.64s
    cube 1395.189 (depth 1, 32 lits): UNSAT in 0.01s
    cube 1395.190 (depth 1, 32 lits): UNSAT in 0.02s
    cube 1395.191 (depth 1, 32 lits): UNSAT in 0.03s
    cube 1395.192 (depth 1, 32 lits): UNSAT in 0.07s
    cube 1395.193 (depth 1, 32 lits): UNSAT in 0.03s
    cube 1395.194 (depth 1, 32 lits): UNSAT in 0.04s
    cube 1395.195 (depth 1, 32 lits): UNSAT in 0.03s
    cube 1395.196 (depth 1, 32 lits): UNSAT in 0.11s
    cube 1395.197 (depth 1, 32 lits): UNSAT in 0.02s
    cube 1395.198 (depth 1, 32 lits): UNSAT in 0.03s
    cube 1395.199 (depth 1, 32 lits): UNSAT in 0.04s
    cube 1395.200 (depth 1, 32 lits): UNSAT in 0.10s
    cube 1395.201 (depth 1, 32 lits): UNSAT in 0.04s
    cube 1395.202 (depth 1, 32 lits): UNSAT in 0.09s
    cube 1395.203 (depth 1, 32 lits): UNSAT in 0.17s
    cube 1395.204 (depth 1, 32 lits): UNSAT in 0.61s
    cube 1395.205 (depth 1, 32 lits): UNSAT in 0.03s
    cube 1395.206 (depth 1, 32 lits): UNSAT in 0.11s
    cube 1395.207 (depth 1, 32 lits): UNSAT in 0.03s
    cube 1395.208 (depth 1, 32 lits): UNSAT in 0.24s
    cube 1395.209 (depth 1, 32 lits): UNSAT in 0.05s
    cube 1395.210 (depth 1, 32 lits): UNSAT in 0.19s
    cube 1395.211 (depth 1, 32 lits): UNSAT in 0.35s
    cube 1395.212 (depth 1, 32 lits): UNSAT in 0.65s
    cube 1395.213 (depth 1, 32 lits): UNSAT in 0.03s
    cube 1395.214 (depth 1, 32 lits): UNSAT in 0.05s
    cube 1395.215 (depth 1, 32 lits): UNSAT in 0.12s
    cube 1395.216 (depth 1, 32 lits): UNSAT in 0.25s
    cube 1395.217 (depth 1, 32 lits): UNSAT in 0.44s
    cube 1395.218 (depth 1, 32 lits): UNSAT in 1.15s
    cube 1395.219 (depth 1, 32 lits): UNSAT in 1.13s
    cube 1395.220 (depth 1, 32 lits): UNSAT in 12.15s
    cube 1395.221 (depth 1, 32 lits): UNSAT in 0.01s
    cube 1395.222 (depth 1, 32 lits): UNSAT in 0.05s
    cube 1395.223 (depth 1, 32 lits): UNSAT in 0.08s
    cube 1395.224 (depth 1, 32 lits): UNSAT in 0.23s
    cube 1395.225 (depth 1, 32 lits): UNSAT in 0.05s
    cube 1395.226 (depth 1, 32 lits): UNSAT in 0.30s
    cube 1395.227 (depth 1, 32 lits): UNSAT in 0.31s
    cube 1395.228 (depth 1, 32 lits): UNSAT in 1.59s
    cube 1395.229 (depth 1, 32 lits): UNSAT in 0.03s
    cube 1395.230 (depth 1, 32 lits): UNSAT in 0.08s
    cube 1395.231 (depth 1, 32 lits): UNSAT in 0.10s
    cube 1395.232 (depth 1, 32 lits): UNSAT in 0.42s
    cube 1395.233 (depth 1, 32 lits): UNSAT in 0.11s
    cube 1395.234 (depth 1, 32 lits): UNSAT in 0.50s
    cube 1395.235 (depth 1, 32 lits): UNSAT in 0.49s
    cube 1395.236 (depth 1, 32 lits): UNSAT in 8.99s
    cube 1395.237 (depth 1, 32 lits): UNSAT in 0.04s
    cube 1395.238 (depth 1, 32 lits): UNSAT in 0.11s
    cube 1395.239 (depth 1, 32 lits): UNSAT in 0.17s
    cube 1395.240 (depth 1, 32 lits): UNSAT in 0.20s
    cube 1395.241 (depth 1, 32 lits): UNSAT in 0.12s
    cube 1395.242 (depth 1, 32 lits): UNSAT in 0.50s
    cube 1395.243 (depth 1, 32 lits): UNSAT in 0.70s
    cube 1395.244 (depth 1, 32 lits): UNSAT in 4.80s
    cube 1395.245 (depth 1, 32 lits): UNSAT in 0.11s
    cube 1395.246 (depth 1, 32 lits): UNSAT in 0.56s
    cube 1395.247 (depth 1, 32 lits): UNSAT in 0.20s
    cube 1395.248 (depth 1, 32 lits): UNSAT in 6.67s
    cube 1395.249 (depth 1, 32 lits): UNSAT in 3.31s
    cube 1395.250 (depth 1, 32 lits): UNSAT in 18.67s
    cube 1395.251 (depth 1, 32 lits): UNSAT in 21.31s
    cube 1395.252 (depth 1, 32 lits): UNSAT in 223.02s
    cube 1399 (depth 0, 24 lits): UNSAT in 0.02s
    cube 1403 (depth 0, 24 lits): UNSAT in 0.01s
    cube 1407 (depth 0, 24 lits): UNSAT in 0.02s
    cube 1411 (depth 0, 24 lits): UNSAT in 0.02s
    cube 1415 (depth 0, 24 lits): UNSAT in 0.01s
    cube 1419 (depth 0, 24 lits): UNSAT in 0.01s
    cube 1423 (depth 0, 24 lits): UNSAT in 0.03s
    cube 1427 (depth 0, 24 lits): UNSAT in 0.01s
    cube 1431 (depth 0, 24 lits): UNSAT in 0.02s
    cube 1435 (depth 0, 24 lits): UNSAT in 0.02s
    cube 1439 (depth 0, 24 lits): UNSAT in 0.02s
    cube 1443 (depth 0, 24 lits): UNSAT in 0.01s
    cube 1447 (depth 0, 24 lits): UNSAT in 0.11s
    cube 1451 (depth 0, 24 lits): UNSAT in 0.03s
    cube 1455 (depth 0, 24 lits): UNSAT in 0.13s
    cube 1459 (depth 0, 23 lits): UNSAT in 0.01s
    cube 1463 (depth 0, 24 lits): UNSAT in 0.02s
    cube 1467 (depth 0, 24 lits): UNSAT in 0.02s
    cube 1471 (depth 0, 24 lits): UNSAT in 0.06s
    cube 1475 (depth 0, 24 lits): UNSAT in 0.03s
    cube 1479 (depth 0, 24 lits): UNSAT in 0.09s
    cube 1483 (depth 0, 24 lits): UNSAT in 0.21s
    cube 1487 (depth 0, 24 lits): UNSAT in 0.66s
    cube 1491 (depth 0, 24 lits): UNSAT in 0.04s
    cube 1495 (depth 0, 24 lits): UNSAT in 0.08s
    cube 1499 (depth 0, 24 lits): UNSAT in 0.09s
    cube 1503 (depth 0, 24 lits): UNSAT in 0.20s
    cube 1507 (depth 0, 24 lits): UNSAT in 0.06s
    cube 1511 (depth 0, 24 lits): UNSAT in 0.19s
    cube 1515 (depth 0, 24 lits): UNSAT in 1.19s
    cube 1519 (depth 0, 24 lits): UNSAT in 6.45s
    cube 1523 (depth 0, 24 lits): UNSAT in 0.02s
    cube 1527 (depth 0, 24 lits): UNSAT in 0.03s
    cube 1531 (depth 0, 24 lits): UNSAT in 0.02s
    cube 1535 (depth 0, 24 lits): UNSAT in 0.02s
    cube 1539 (depth 0, 24 lits): UNSAT in 0.12s
    cube 1543 (depth 0, 24 lits): UNSAT in 0.18s
    cube 1547 (depth 0, 24 lits): UNSAT in 0.07s
    cube 1551 (depth 0, 24 lits): UNSAT in 0.16s
    cube 1555 (depth 0, 24 lits): UNSAT in 0.02s
    cube 1559 (depth 0, 24 lits): UNSAT in 0.03s
    cube 1563 (depth 0, 24 lits): UNSAT in 0.05s
    cube 1567 (depth 0, 24 lits): UNSAT in 0.04s
    cube 1571 (depth 0, 24 lits): UNSAT in 0.07s
    cube 1575 (depth 0, 24 lits): UNSAT in 0.07s
    cube 1579 (depth 0, 24 lits): UNSAT in 0.33s
    cube 1583 (depth 0, 24 lits): UNSAT in 2.72s
    cube 1587 (depth 0, 24 lits): UNSAT in 0.02s
    cube 1591 (depth 0, 24 lits): UNSAT in 0.08s
    cube 1595 (depth 0, 24 lits): UNSAT in 0.02s
    cube 1599 (depth 0, 24 lits): UNSAT in 0.17s
    cube 1603 (depth 0, 24 lits): UNSAT in 0.07s
    cube 1607 (depth 0, 24 lits): UNSAT in 0.12s
    cube 1611 (depth 0, 24 lits): UNSAT in 0.08s
    cube 1615 (depth 0, 24 lits): UNSAT in 1.97s
    cube 1619 (depth 0, 24 lits): UNSAT in 0.05s
    cube 1623 (depth 0, 24 lits): UNSAT in 0.22s
    cube 1627 (depth 0, 24 lits): UNSAT in 0.58s
    cube 1631 (depth 0, 24 lits): UNSAT in 3.26s
    cube 1635 (depth 0, 24 lits): UNSAT in 0.17s
    cube 1639 (depth 0, 24 lits): UNSAT in 2.18s
    cube 1643 (depth 0, 24 lits): UNSAT in 5.51s
    cube 1647 (depth 0, 24 lits): TIMEOUT in 600.07s
    cube 1647 TIMEOUT -> re-split into 219 sub-cubes (depth 1)
    cube 1647.0 (depth 1, 29 lits): UNSAT in 0.01s
    cube 1647.1 (depth 1, 31 lits): UNSAT in 0.01s
    cube 1647.2 (depth 1, 32 lits): UNSAT in 0.01s
    cube 1647.3 (depth 1, 32 lits): UNSAT in 0.01s
    cube 1647.4 (depth 1, 31 lits): UNSAT in 0.01s
    cube 1647.5 (depth 1, 31 lits): UNSAT in 0.02s
    cube 1647.6 (depth 1, 32 lits): UNSAT in 0.01s
    cube 1647.7 (depth 1, 32 lits): UNSAT in 0.01s
    cube 1647.8 (depth 1, 31 lits): UNSAT in 0.01s
    cube 1647.9 (depth 1, 31 lits): UNSAT in 0.01s
    cube 1647.10 (depth 1, 32 lits): UNSAT in 0.01s
    cube 1647.11 (depth 1, 32 lits): UNSAT in 0.02s
    cube 1647.12 (depth 1, 32 lits): UNSAT in 0.01s
    cube 1647.13 (depth 1, 32 lits): UNSAT in 0.02s
    cube 1647.14 (depth 1, 32 lits): UNSAT in 0.02s
    cube 1647.15 (depth 1, 32 lits): UNSAT in 0.03s
    cube 1647.16 (depth 1, 32 lits): UNSAT in 0.01s
    cube 1647.17 (depth 1, 32 lits): UNSAT in 0.01s
    cube 1647.18 (depth 1, 32 lits): UNSAT in 0.02s
    cube 1647.19 (depth 1, 32 lits): UNSAT in 0.04s
    cube 1647.20 (depth 1, 30 lits): UNSAT in 0.01s
    cube 1647.21 (depth 1, 31 lits): UNSAT in 0.01s
    cube 1647.22 (depth 1, 32 lits): UNSAT in 0.02s
    cube 1647.23 (depth 1, 32 lits): UNSAT in 0.01s
    cube 1647.24 (depth 1, 31 lits): UNSAT in 0.01s
    cube 1647.25 (depth 1, 32 lits): UNSAT in 0.01s
    cube 1647.26 (depth 1, 32 lits): UNSAT in 0.02s
    cube 1647.27 (depth 1, 32 lits): UNSAT in 0.01s
    cube 1647.28 (depth 1, 32 lits): UNSAT in 0.02s
    cube 1647.29 (depth 1, 32 lits): UNSAT in 0.02s
    cube 1647.30 (depth 1, 32 lits): UNSAT in 0.05s
    cube 1647.31 (depth 1, 30 lits): UNSAT in 0.01s
    cube 1647.32 (depth 1, 32 lits): UNSAT in 0.01s
    cube 1647.33 (depth 1, 32 lits): UNSAT in 0.01s
    cube 1647.34 (depth 1, 32 lits): UNSAT in 0.02s
    cube 1647.35 (depth 1, 32 lits): UNSAT in 0.02s
    cube 1647.36 (depth 1, 32 lits): UNSAT in 0.02s
    cube 1647.37 (depth 1, 32 lits): UNSAT in 0.02s
    cube 1647.38 (depth 1, 32 lits): UNSAT in 0.02s
    cube 1647.39 (depth 1, 32 lits): UNSAT in 0.03s
    cube 1647.40 (depth 1, 32 lits): UNSAT in 0.01s
    cube 1647.41 (depth 1, 32 lits): UNSAT in 0.02s
    cube 1647.42 (depth 1, 32 lits): UNSAT in 0.08s
    cube 1647.43 (depth 1, 32 lits): UNSAT in 0.11s
    cube 1647.44 (depth 1, 29 lits): UNSAT in 0.01s
    cube 1647.45 (depth 1, 30 lits): UNSAT in 0.01s
    cube 1647.46 (depth 1, 30 lits): UNSAT in 0.02s
    cube 1647.47 (depth 1, 31 lits): UNSAT in 0.01s
    cube 1647.48 (depth 1, 32 lits): UNSAT in 0.01s
    cube 1647.49 (depth 1, 32 lits): UNSAT in 0.02s
    cube 1647.50 (depth 1, 31 lits): UNSAT in 0.01s
    cube 1647.51 (depth 1, 32 lits): UNSAT in 0.02s
    cube 1647.52 (depth 1, 32 lits): UNSAT in 0.02s
    cube 1647.53 (depth 1, 32 lits): UNSAT in 0.01s
    cube 1647.54 (depth 1, 32 lits): UNSAT in 0.01s
    cube 1647.55 (depth 1, 31 lits): UNSAT in 0.01s
    cube 1647.56 (depth 1, 32 lits): UNSAT in 0.01s
    cube 1647.57 (depth 1, 32 lits): UNSAT in 0.02s
    cube 1647.58 (depth 1, 32 lits): UNSAT in 0.04s
    cube 1647.59 (depth 1, 32 lits): UNSAT in 0.02s
    cube 1647.60 (depth 1, 32 lits): UNSAT in 0.01s
    cube 1647.61 (depth 1, 32 lits): UNSAT in 0.02s
    cube 1647.62 (depth 1, 32 lits): UNSAT in 0.02s
    cube 1647.63 (depth 1, 32 lits): UNSAT in 0.02s
    cube 1647.64 (depth 1, 31 lits): UNSAT in 0.01s
    cube 1647.65 (depth 1, 32 lits): UNSAT in 0.02s
    cube 1647.66 (depth 1, 32 lits): UNSAT in 0.03s
    cube 1647.67 (depth 1, 32 lits): UNSAT in 0.01s
    cube 1647.68 (depth 1, 32 lits): UNSAT in 0.02s
    cube 1647.69 (depth 1, 32 lits): UNSAT in 0.01s
    cube 1647.70 (depth 1, 32 lits): UNSAT in 0.03s
    cube 1647.71 (depth 1, 32 lits): UNSAT in 0.02s
    cube 1647.72 (depth 1, 32 lits): UNSAT in 0.04s
    cube 1647.73 (depth 1, 32 lits): UNSAT in 0.08s
    cube 1647.74 (depth 1, 32 lits): UNSAT in 0.12s
    cube 1647.75 (depth 1, 32 lits): UNSAT in 0.02s
    cube 1647.76 (depth 1, 32 lits): UNSAT in 0.02s
    cube 1647.77 (depth 1, 32 lits): UNSAT in 0.02s
    cube 1647.78 (depth 1, 32 lits): UNSAT in 0.05s
    cube 1647.79 (depth 1, 32 lits): UNSAT in 0.06s
    cube 1647.80 (depth 1, 32 lits): UNSAT in 0.02s
    cube 1647.81 (depth 1, 32 lits): UNSAT in 0.07s
    cube 1647.82 (depth 1, 32 lits): UNSAT in 0.19s
    cube 1647.83 (depth 1, 32 lits): UNSAT in 0.02s
    cube 1647.84 (depth 1, 32 lits): UNSAT in 0.06s
    cube 1647.85 (depth 1, 32 lits): UNSAT in 0.07s
    cube 1647.86 (depth 1, 32 lits): UNSAT in 0.39s
    cube 1647.87 (depth 1, 32 lits): UNSAT in 0.08s
    cube 1647.88 (depth 1, 32 lits): UNSAT in 0.40s
    cube 1647.89 (depth 1, 32 lits): UNSAT in 0.65s
    cube 1647.90 (depth 1, 32 lits): UNSAT in 0.88s
    cube 1647.91 (depth 1, 32 lits): UNSAT in 0.01s
    cube 1647.92 (depth 1, 32 lits): UNSAT in 0.01s
    cube 1647.93 (depth 1, 32 lits): UNSAT in 0.01s
    cube 1647.94 (depth 1, 32 lits): UNSAT in 0.01s
    cube 1647.95 (depth 1, 32 lits): UNSAT in 0.01s
    cube 1647.96 (depth 1, 32 lits): UNSAT in 0.02s
    cube 1647.97 (depth 1, 32 lits): UNSAT in 0.03s
    cube 1647.98 (depth 1, 32 lits): UNSAT in 0.04s
    cube 1647.99 (depth 1, 32 lits): UNSAT in 0.01s
    cube 1647.100 (depth 1, 32 lits): UNSAT in 0.03s
    cube 1647.101 (depth 1, 32 lits): UNSAT in 0.02s
    cube 1647.102 (depth 1, 32 lits): UNSAT in 0.04s
    cube 1647.103 (depth 1, 32 lits): UNSAT in 0.02s
    cube 1647.104 (depth 1, 32 lits): UNSAT in 0.04s
    cube 1647.105 (depth 1, 32 lits): UNSAT in 0.04s
    cube 1647.106 (depth 1, 32 lits): UNSAT in 0.12s
    cube 1647.107 (depth 1, 32 lits): UNSAT in 0.01s
    cube 1647.108 (depth 1, 32 lits): UNSAT in 0.01s
    cube 1647.109 (depth 1, 32 lits): UNSAT in 0.01s
    cube 1647.110 (depth 1, 32 lits): UNSAT in 0.02s
    cube 1647.111 (depth 1, 32 lits): UNSAT in 0.02s
    cube 1647.112 (depth 1, 32 lits): UNSAT in 0.03s
    cube 1647.113 (depth 1, 32 lits): UNSAT in 0.02s
    cube 1647.114 (depth 1, 32 lits): UNSAT in 0.10s
    cube 1647.115 (depth 1, 32 lits): UNSAT in 0.01s
    cube 1647.116 (depth 1, 32 lits): UNSAT in 0.01s
    cube 1647.117 (depth 1, 32 lits): UNSAT in 0.03s
    cube 1647.118 (depth 1, 32 lits): UNSAT in 0.06s
    cube 1647.119 (depth 1, 32 lits): UNSAT in 0.02s
    cube 1647.120 (depth 1, 32 lits): UNSAT in 0.03s
    cube 1647.121 (depth 1, 32 lits): UNSAT in 0.10s
    cube 1647.122 (depth 1, 32 lits): UNSAT in 0.20s
    cube 1647.123 (depth 1, 32 lits): UNSAT in 0.01s
    cube 1647.124 (depth 1, 32 lits): UNSAT in 0.01s
    cube 1647.125 (depth 1, 32 lits): UNSAT in 0.01s
    cube 1647.126 (depth 1, 32 lits): UNSAT in 0.01s
    cube 1647.127 (depth 1, 32 lits): UNSAT in 0.02s
    cube 1647.128 (depth 1, 32 lits): UNSAT in 0.07s
    cube 1647.129 (depth 1, 32 lits): UNSAT in 0.04s
    cube 1647.130 (depth 1, 32 lits): UNSAT in 0.25s
    cube 1647.131 (depth 1, 32 lits): UNSAT in 0.01s
    cube 1647.132 (depth 1, 32 lits): UNSAT in 0.04s
    cube 1647.133 (depth 1, 32 lits): UNSAT in 0.03s
    cube 1647.134 (depth 1, 32 lits): UNSAT in 0.03s
    cube 1647.135 (depth 1, 32 lits): UNSAT in 0.03s
    cube 1647.136 (depth 1, 32 lits): UNSAT in 0.08s
    cube 1647.137 (depth 1, 32 lits): UNSAT in 0.11s
    cube 1647.138 (depth 1, 32 lits): UNSAT in 1.22s
    cube 1647.139 (depth 1, 32 lits): UNSAT in 0.01s
    cube 1647.140 (depth 1, 32 lits): UNSAT in 0.02s
    cube 1647.141 (depth 1, 32 lits): UNSAT in 0.01s
    cube 1647.142 (depth 1, 32 lits): UNSAT in 0.04s
    cube 1647.143 (depth 1, 32 lits): UNSAT in 0.01s
    cube 1647.144 (depth 1, 32 lits): UNSAT in 0.03s
    cube 1647.145 (depth 1, 32 lits): UNSAT in 0.05s
    cube 1647.146 (depth 1, 32 lits): UNSAT in 0.17s
    cube 1647.147 (depth 1, 32 lits): UNSAT in 0.04s
    cube 1647.148 (depth 1, 32 lits): UNSAT in 0.12s
    cube 1647.149 (depth 1, 32 lits): UNSAT in 0.09s
    cube 1647.150 (depth 1, 32 lits): UNSAT in 1.25s
    cube 1647.151 (depth 1, 32 lits): UNSAT in 0.21s
    cube 1647.152 (depth 1, 32 lits): UNSAT in 1.36s
    cube 1647.153 (depth 1, 32 lits): UNSAT in 1.80s
    cube 1647.154 (depth 1, 32 lits): UNSAT in 3.29s
    cube 1647.155 (depth 1, 32 lits): UNSAT in 0.01s
    cube 1647.156 (depth 1, 32 lits): UNSAT in 0.02s
    cube 1647.157 (depth 1, 32 lits): UNSAT in 0.02s
    cube 1647.158 (depth 1, 32 lits): UNSAT in 0.04s
    cube 1647.159 (depth 1, 32 lits): UNSAT in 0.01s
    cube 1647.160 (depth 1, 32 lits): UNSAT in 0.02s
    cube 1647.161 (depth 1, 32 lits): UNSAT in 0.03s
    cube 1647.162 (depth 1, 32 lits): UNSAT in 0.07s
    cube 1647.163 (depth 1, 32 lits): UNSAT in 0.02s
    cube 1647.164 (depth 1, 32 lits): UNSAT in 0.03s
    cube 1647.165 (depth 1, 32 lits): UNSAT in 0.03s
    cube 1647.166 (depth 1, 32 lits): UNSAT in 0.04s
    cube 1647.167 (depth 1, 32 lits): UNSAT in 0.02s
    cube 1647.168 (depth 1, 32 lits): UNSAT in 0.08s
    cube 1647.169 (depth 1, 32 lits): UNSAT in 0.07s
    cube 1647.170 (depth 1, 32 lits): UNSAT in 0.16s
    cube 1647.171 (depth 1, 32 lits): UNSAT in 0.02s
    cube 1647.172 (depth 1, 32 lits): UNSAT in 0.02s
    cube 1647.173 (depth 1, 32 lits): UNSAT in 0.03s
    cube 1647.174 (depth 1, 32 lits): UNSAT in 0.03s
    cube 1647.175 (depth 1, 32 lits): UNSAT in 0.01s
    cube 1647.176 (depth 1, 32 lits): UNSAT in 0.04s
    cube 1647.177 (depth 1, 32 lits): UNSAT in 0.04s
    cube 1647.178 (depth 1, 32 lits): UNSAT in 0.15s
    cube 1647.179 (depth 1, 32 lits): UNSAT in 0.02s
    cube 1647.180 (depth 1, 32 lits): UNSAT in 0.11s
    cube 1647.181 (depth 1, 32 lits): UNSAT in 0.10s
    cube 1647.182 (depth 1, 32 lits): UNSAT in 0.22s
    cube 1647.183 (depth 1, 32 lits): UNSAT in 0.23s
    cube 1647.184 (depth 1, 32 lits): UNSAT in 0.65s
    cube 1647.185 (depth 1, 32 lits): UNSAT in 0.49s
    cube 1647.186 (depth 1, 32 lits): UNSAT in 1.85s
    cube 1647.187 (depth 1, 32 lits): UNSAT in 0.03s
    cube 1647.188 (depth 1, 32 lits): UNSAT in 0.06s
    cube 1647.189 (depth 1, 32 lits): UNSAT in 0.04s
    cube 1647.190 (depth 1, 32 lits): UNSAT in 0.17s
    cube 1647.191 (depth 1, 32 lits): UNSAT in 0.03s
    cube 1647.192 (depth 1, 32 lits): UNSAT in 0.11s
    cube 1647.193 (depth 1, 32 lits): UNSAT in 0.16s
    cube 1647.194 (depth 1, 32 lits): UNSAT in 0.42s
    cube 1647.195 (depth 1, 32 lits): UNSAT in 0.03s
    cube 1647.196 (depth 1, 32 lits): UNSAT in 0.13s
    cube 1647.197 (depth 1, 32 lits): UNSAT in 0.03s
    cube 1647.198 (depth 1, 32 lits): UNSAT in 0.16s
    cube 1647.199 (depth 1, 32 lits): UNSAT in 0.04s
    cube 1647.200 (depth 1, 32 lits): UNSAT in 0.20s
    cube 1647.201 (depth 1, 32 lits): UNSAT in 0.44s
    cube 1647.202 (depth 1, 32 lits): UNSAT in 4.06s
    cube 1647.203 (depth 1, 32 lits): UNSAT in 0.05s
    cube 1647.204 (depth 1, 32 lits): UNSAT in 0.17s
    cube 1647.205 (depth 1, 32 lits): UNSAT in 0.14s
    cube 1647.206 (depth 1, 32 lits): UNSAT in 0.63s
    cube 1647.207 (depth 1, 32 lits): UNSAT in 0.12s
    cube 1647.208 (depth 1, 32 lits): UNSAT in 0.73s
    cube 1647.209 (depth 1, 32 lits): UNSAT in 0.33s
    cube 1647.210 (depth 1, 32 lits): UNSAT in 7.38s
    cube 1647.211 (depth 1, 32 lits): UNSAT in 0.53s
    cube 1647.212 (depth 1, 32 lits): UNSAT in 1.72s
    cube 1647.213 (depth 1, 32 lits): UNSAT in 1.61s
    cube 1647.214 (depth 1, 32 lits): UNSAT in 13.12s
    cube 1647.215 (depth 1, 32 lits): UNSAT in 2.70s
    cube 1647.216 (depth 1, 32 lits): UNSAT in 21.17s
    cube 1647.217 (depth 1, 32 lits): UNSAT in 28.48s
    cube 1647.218 (depth 1, 32 lits): UNSAT in 32.24s
    cube 1651 (depth 0, 24 lits): UNSAT in 0.02s
    cube 1655 (depth 0, 24 lits): UNSAT in 0.07s
    cube 1659 (depth 0, 24 lits): UNSAT in 0.05s
    cube 1663 (depth 0, 24 lits): UNSAT in 0.20s
    cube 1667 (depth 0, 24 lits): UNSAT in 0.03s
    cube 1671 (depth 0, 24 lits): UNSAT in 0.19s
    cube 1675 (depth 0, 24 lits): UNSAT in 0.43s
    cube 1679 (depth 0, 24 lits): UNSAT in 1.52s
    cube 1683 (depth 0, 24 lits): UNSAT in 0.04s
    cube 1687 (depth 0, 24 lits): UNSAT in 0.26s
    cube 1691 (depth 0, 24 lits): UNSAT in 0.03s
    cube 1695 (depth 0, 24 lits): UNSAT in 0.61s
    cube 1699 (depth 0, 24 lits): UNSAT in 0.05s
    cube 1703 (depth 0, 24 lits): UNSAT in 0.05s
    cube 1707 (depth 0, 24 lits): UNSAT in 0.62s
    cube 1711 (depth 0, 24 lits): UNSAT in 0.01s
    cube 1715 (depth 0, 24 lits): UNSAT in 0.05s
    cube 1719 (depth 0, 24 lits): UNSAT in 0.03s
    cube 1723 (depth 0, 24 lits): UNSAT in 0.11s
    cube 1727 (depth 0, 24 lits): UNSAT in 0.05s
    cube 1731 (depth 0, 24 lits): UNSAT in 0.04s
    cube 1735 (depth 0, 24 lits): UNSAT in 0.04s
    cube 1739 (depth 0, 24 lits): UNSAT in 0.48s
    cube 1743 (depth 0, 24 lits): UNSAT in 0.03s
    cube 1747 (depth 0, 24 lits): UNSAT in 0.02s
    cube 1751 (depth 0, 24 lits): UNSAT in 0.05s
    cube 1755 (depth 0, 24 lits): UNSAT in 0.16s
    cube 1759 (depth 0, 24 lits): UNSAT in 0.04s
    cube 1763 (depth 0, 24 lits): UNSAT in 0.11s
    cube 1767 (depth 0, 24 lits): UNSAT in 0.22s
    cube 1771 (depth 0, 24 lits): UNSAT in 0.45s
    cube 1775 (depth 0, 24 lits): UNSAT in 0.03s
    cube 1779 (depth 0, 24 lits): UNSAT in 0.10s
    cube 1783 (depth 0, 24 lits): UNSAT in 0.04s
    cube 1787 (depth 0, 24 lits): UNSAT in 0.12s
    cube 1791 (depth 0, 24 lits): UNSAT in 0.02s
    cube 1795 (depth 0, 24 lits): UNSAT in 0.06s
    cube 1799 (depth 0, 24 lits): UNSAT in 0.18s
    cube 1803 (depth 0, 24 lits): UNSAT in 0.28s
    cube 1807 (depth 0, 24 lits): UNSAT in 0.10s
    cube 1811 (depth 0, 24 lits): UNSAT in 0.24s
    cube 1815 (depth 0, 24 lits): UNSAT in 0.22s
    cube 1819 (depth 0, 24 lits): UNSAT in 0.34s
    cube 1823 (depth 0, 24 lits): UNSAT in 0.22s
    cube 1827 (depth 0, 24 lits): UNSAT in 0.44s
    cube 1831 (depth 0, 24 lits): UNSAT in 1.03s
    cube 1835 (depth 0, 24 lits): UNSAT in 2.44s
    cube 1839 (depth 0, 24 lits): UNSAT in 0.01s
    cube 1843 (depth 0, 24 lits): UNSAT in 0.06s
    cube 1847 (depth 0, 24 lits): UNSAT in 0.22s
    cube 1851 (depth 0, 24 lits): UNSAT in 0.25s
    cube 1855 (depth 0, 24 lits): UNSAT in 0.08s
    cube 1859 (depth 0, 24 lits): UNSAT in 0.06s
    cube 1863 (depth 0, 24 lits): UNSAT in 0.34s
    cube 1867 (depth 0, 24 lits): UNSAT in 1.56s
    cube 1871 (depth 0, 24 lits): UNSAT in 0.09s
    cube 1875 (depth 0, 24 lits): UNSAT in 0.63s
    cube 1879 (depth 0, 24 lits): UNSAT in 0.59s
    cube 1883 (depth 0, 24 lits): UNSAT in 3.51s
    cube 1887 (depth 0, 24 lits): UNSAT in 0.15s
    cube 1891 (depth 0, 24 lits): UNSAT in 1.38s
    cube 1895 (depth 0, 24 lits): UNSAT in 1.90s
    cube 1899 (depth 0, 24 lits): UNSAT in 288.46s
    cube 1903 (depth 0, 21 lits): UNSAT in 0.01s
    cube 1907 (depth 0, 24 lits): UNSAT in 0.01s
    cube 1911 (depth 0, 23 lits): UNSAT in 0.01s
    cube 1915 (depth 0, 24 lits): UNSAT in 0.02s
    cube 1919 (depth 0, 24 lits): UNSAT in 0.04s
    cube 1923 (depth 0, 24 lits): UNSAT in 0.04s
    cube 1927 (depth 0, 23 lits): UNSAT in 0.01s
    cube 1931 (depth 0, 24 lits): UNSAT in 0.02s
    cube 1935 (depth 0, 24 lits): UNSAT in 0.02s
    cube 1939 (depth 0, 24 lits): UNSAT in 0.02s
    cube 1943 (depth 0, 24 lits): UNSAT in 0.02s
    cube 1947 (depth 0, 24 lits): UNSAT in 0.07s
    cube 1951 (depth 0, 24 lits): UNSAT in 0.14s
    cube 1955 (depth 0, 24 lits): UNSAT in 0.01s
    cube 1959 (depth 0, 24 lits): UNSAT in 0.01s
    cube 1963 (depth 0, 24 lits): UNSAT in 0.01s
    cube 1967 (depth 0, 24 lits): UNSAT in 0.01s
    cube 1971 (depth 0, 24 lits): UNSAT in 0.01s
    cube 1975 (depth 0, 24 lits): UNSAT in 0.01s
    cube 1979 (depth 0, 24 lits): UNSAT in 0.01s
    cube 1983 (depth 0, 24 lits): UNSAT in 0.02s
    cube 1987 (depth 0, 24 lits): UNSAT in 0.02s
    cube 1991 (depth 0, 24 lits): UNSAT in 0.01s
    cube 1995 (depth 0, 24 lits): UNSAT in 0.02s
    cube 1999 (depth 0, 24 lits): UNSAT in 0.04s
    cube 2003 (depth 0, 24 lits): UNSAT in 0.18s
    cube 2007 (depth 0, 23 lits): UNSAT in 0.01s
    cube 2011 (depth 0, 24 lits): UNSAT in 0.01s
    cube 2015 (depth 0, 24 lits): UNSAT in 0.01s
    cube 2019 (depth 0, 22 lits): UNSAT in 0.02s
    cube 2023 (depth 0, 24 lits): UNSAT in 0.07s
    cube 2027 (depth 0, 24 lits): UNSAT in 0.04s
    cube 2031 (depth 0, 24 lits): UNSAT in 0.01s
    cube 2035 (depth 0, 24 lits): UNSAT in 0.01s
    cube 2039 (depth 0, 24 lits): UNSAT in 0.01s
    cube 2043 (depth 0, 24 lits): UNSAT in 0.03s
    cube 2047 (depth 0, 23 lits): UNSAT in 0.01s
    cube 2051 (depth 0, 24 lits): UNSAT in 0.10s
    cube 2055 (depth 0, 24 lits): UNSAT in 0.01s
    cube 2059 (depth 0, 24 lits): UNSAT in 0.06s
    cube 2063 (depth 0, 24 lits): UNSAT in 0.04s
    cube 2067 (depth 0, 24 lits): UNSAT in 0.19s
    cube 2071 (depth 0, 24 lits): UNSAT in 0.02s
    cube 2075 (depth 0, 24 lits): UNSAT in 0.18s
    cube 2079 (depth 0, 24 lits): UNSAT in 0.06s
    cube 2083 (depth 0, 24 lits): UNSAT in 0.27s
    cube 2087 (depth 0, 24 lits): UNSAT in 0.09s
    cube 2091 (depth 0, 24 lits): UNSAT in 0.52s
    cube 2095 (depth 0, 24 lits): UNSAT in 0.13s
    cube 2099 (depth 0, 24 lits): UNSAT in 1.05s
    cube 2103 (depth 0, 24 lits): UNSAT in 0.16s
    cube 2107 (depth 0, 24 lits): UNSAT in 2.26s
    cube 2111 (depth 0, 24 lits): UNSAT in 3.60s
    cube 2115 (depth 0, 24 lits): UNSAT in 14.20s
    cube 2119 (depth 0, 24 lits): UNSAT in 0.01s
    cube 2123 (depth 0, 24 lits): UNSAT in 0.01s
    cube 2127 (depth 0, 23 lits): UNSAT in 0.01s
    cube 2131 (depth 0, 24 lits): UNSAT in 0.02s
    cube 2135 (depth 0, 24 lits): UNSAT in 0.02s
    cube 2139 (depth 0, 24 lits): UNSAT in 0.03s
    cube 2143 (depth 0, 24 lits): UNSAT in 0.01s
    cube 2147 (depth 0, 23 lits): UNSAT in 0.01s
    cube 2151 (depth 0, 24 lits): UNSAT in 0.01s
    cube 2155 (depth 0, 24 lits): UNSAT in 0.06s
    cube 2159 (depth 0, 24 lits): UNSAT in 0.03s
    cube 2163 (depth 0, 24 lits): UNSAT in 0.07s
    cube 2167 (depth 0, 24 lits): UNSAT in 0.06s
    cube 2171 (depth 0, 24 lits): UNSAT in 0.01s
    cube 2175 (depth 0, 24 lits): UNSAT in 0.01s
    cube 2179 (depth 0, 24 lits): UNSAT in 0.02s
    cube 2183 (depth 0, 24 lits): UNSAT in 0.02s
    cube 2187 (depth 0, 24 lits): UNSAT in 0.02s
    cube 2191 (depth 0, 24 lits): UNSAT in 0.04s
    cube 2195 (depth 0, 24 lits): UNSAT in 0.07s
    cube 2199 (depth 0, 24 lits): UNSAT in 0.11s
    cube 2203 (depth 0, 24 lits): UNSAT in 0.02s
    cube 2207 (depth 0, 24 lits): UNSAT in 0.03s
    cube 2211 (depth 0, 24 lits): UNSAT in 0.07s
    cube 2215 (depth 0, 24 lits): UNSAT in 0.23s
    cube 2219 (depth 0, 24 lits): UNSAT in 0.03s
    cube 2223 (depth 0, 24 lits): UNSAT in 0.04s
    cube 2227 (depth 0, 24 lits): UNSAT in 0.14s
    cube 2231 (depth 0, 24 lits): UNSAT in 1.21s
    cube 2235 (depth 0, 23 lits): UNSAT in 0.01s
    cube 2239 (depth 0, 24 lits): UNSAT in 0.02s
    cube 2243 (depth 0, 24 lits): UNSAT in 0.02s
    cube 2247 (depth 0, 24 lits): UNSAT in 0.03s
    cube 2251 (depth 0, 24 lits): UNSAT in 0.05s
    cube 2255 (depth 0, 24 lits): UNSAT in 0.10s
    cube 2259 (depth 0, 24 lits): UNSAT in 0.01s
    cube 2263 (depth 0, 24 lits): UNSAT in 0.01s
    cube 2267 (depth 0, 24 lits): UNSAT in 0.02s
    cube 2271 (depth 0, 24 lits): UNSAT in 0.01s
    cube 2275 (depth 0, 24 lits): UNSAT in 0.03s
    cube 2279 (depth 0, 24 lits): UNSAT in 0.05s
    cube 2283 (depth 0, 24 lits): UNSAT in 0.18s
    cube 2287 (depth 0, 24 lits): UNSAT in 0.01s
    cube 2291 (depth 0, 24 lits): UNSAT in 0.02s
    cube 2295 (depth 0, 24 lits): UNSAT in 0.03s
    cube 2299 (depth 0, 24 lits): UNSAT in 0.04s
    cube 2303 (depth 0, 24 lits): UNSAT in 0.02s
    cube 2307 (depth 0, 24 lits): UNSAT in 0.04s
    cube 2311 (depth 0, 24 lits): UNSAT in 0.10s
    cube 2315 (depth 0, 24 lits): UNSAT in 0.33s
    cube 2319 (depth 0, 24 lits): UNSAT in 0.02s
    cube 2323 (depth 0, 24 lits): UNSAT in 0.02s
    cube 2327 (depth 0, 24 lits): UNSAT in 0.13s
    cube 2331 (depth 0, 24 lits): UNSAT in 0.04s
    cube 2335 (depth 0, 24 lits): UNSAT in 0.06s
    cube 2339 (depth 0, 24 lits): UNSAT in 0.30s
    cube 2343 (depth 0, 24 lits): UNSAT in 0.79s
    cube 2347 (depth 0, 24 lits): UNSAT in 4.98s
    cube 2351 (depth 0, 21 lits): UNSAT in 0.01s
    cube 2355 (depth 0, 24 lits): UNSAT in 0.05s
    cube 2359 (depth 0, 24 lits): UNSAT in 0.01s
    cube 2363 (depth 0, 24 lits): UNSAT in 0.02s
    cube 2367 (depth 0, 24 lits): UNSAT in 0.02s
    cube 2371 (depth 0, 24 lits): UNSAT in 0.04s
    cube 2375 (depth 0, 24 lits): UNSAT in 0.01s
    cube 2379 (depth 0, 24 lits): UNSAT in 0.01s
    cube 2383 (depth 0, 24 lits): UNSAT in 0.03s
    cube 2387 (depth 0, 24 lits): UNSAT in 0.03s
    cube 2391 (depth 0, 24 lits): UNSAT in 0.03s
    cube 2395 (depth 0, 24 lits): UNSAT in 0.02s
    cube 2399 (depth 0, 24 lits): UNSAT in 0.02s
    cube 2403 (depth 0, 24 lits): UNSAT in 0.09s
    cube 2407 (depth 0, 24 lits): UNSAT in 0.03s
    cube 2411 (depth 0, 24 lits): UNSAT in 0.04s
    cube 2415 (depth 0, 24 lits): UNSAT in 0.02s
    cube 2419 (depth 0, 24 lits): UNSAT in 0.08s
    cube 2423 (depth 0, 24 lits): UNSAT in 0.01s
    cube 2427 (depth 0, 24 lits): UNSAT in 0.03s
    cube 2431 (depth 0, 24 lits): UNSAT in 0.09s
    cube 2435 (depth 0, 24 lits): UNSAT in 0.34s
    cube 2439 (depth 0, 24 lits): UNSAT in 0.03s
    cube 2443 (depth 0, 24 lits): UNSAT in 0.05s
    cube 2447 (depth 0, 24 lits): UNSAT in 0.08s
    cube 2451 (depth 0, 24 lits): UNSAT in 0.09s
    cube 2455 (depth 0, 24 lits): UNSAT in 0.15s
    cube 2459 (depth 0, 24 lits): UNSAT in 0.23s
    cube 2463 (depth 0, 24 lits): UNSAT in 0.25s
    cube 2467 (depth 0, 22 lits): UNSAT in 0.01s
    cube 2471 (depth 0, 24 lits): UNSAT in 0.01s
    cube 2475 (depth 0, 24 lits): UNSAT in 0.01s
    cube 2479 (depth 0, 24 lits): UNSAT in 0.01s
    cube 2483 (depth 0, 24 lits): UNSAT in 0.02s
    cube 2487 (depth 0, 24 lits): UNSAT in 0.02s
    cube 2491 (depth 0, 23 lits): UNSAT in 0.01s
    cube 2495 (depth 0, 24 lits): UNSAT in 0.05s
    cube 2499 (depth 0, 24 lits): UNSAT in 0.02s
    cube 2503 (depth 0, 24 lits): UNSAT in 0.07s
    cube 2507 (depth 0, 24 lits): UNSAT in 0.07s
    cube 2511 (depth 0, 24 lits): UNSAT in 0.07s
    cube 2515 (depth 0, 24 lits): UNSAT in 0.19s
    cube 2519 (depth 0, 24 lits): UNSAT in 0.94s
    cube 2523 (depth 0, 24 lits): UNSAT in 0.05s
    cube 2527 (depth 0, 24 lits): UNSAT in 0.07s
    cube 2531 (depth 0, 24 lits): UNSAT in 0.13s
    cube 2535 (depth 0, 24 lits): UNSAT in 0.19s
    cube 2539 (depth 0, 24 lits): UNSAT in 0.01s
    cube 2543 (depth 0, 24 lits): UNSAT in 0.02s
    cube 2547 (depth 0, 24 lits): UNSAT in 0.15s
    cube 2551 (depth 0, 24 lits): UNSAT in 1.89s
    cube 2555 (depth 0, 24 lits): UNSAT in 0.01s
    cube 2559 (depth 0, 24 lits): UNSAT in 0.05s
    cube 2563 (depth 0, 24 lits): UNSAT in 1.47s
    cube 2567 (depth 0, 24 lits): UNSAT in 3.59s
    cube 2571 (depth 0, 24 lits): UNSAT in 1.35s
    cube 2575 (depth 0, 24 lits): UNSAT in 3.29s
    cube 2579 (depth 0, 24 lits): UNSAT in 1.29s
    cube 2583 (depth 0, 24 lits): UNSAT in 208.05s
    cube 2587 (depth 0, 24 lits): UNSAT in 0.01s
    cube 2591 (depth 0, 24 lits): UNSAT in 0.02s
    cube 2595 (depth 0, 24 lits): UNSAT in 0.02s
    cube 2599 (depth 0, 24 lits): UNSAT in 0.04s
    cube 2603 (depth 0, 24 lits): UNSAT in 0.01s
    cube 2607 (depth 0, 24 lits): UNSAT in 0.02s
    cube 2611 (depth 0, 24 lits): UNSAT in 0.07s
    cube 2615 (depth 0, 24 lits): UNSAT in 0.03s
    cube 2619 (depth 0, 24 lits): UNSAT in 0.02s
    cube 2623 (depth 0, 24 lits): UNSAT in 0.06s
    cube 2627 (depth 0, 24 lits): UNSAT in 0.05s
    cube 2631 (depth 0, 24 lits): UNSAT in 0.55s
    cube 2635 (depth 0, 24 lits): UNSAT in 0.08s
    cube 2639 (depth 0, 24 lits): UNSAT in 0.11s
    cube 2643 (depth 0, 24 lits): UNSAT in 0.18s
    cube 2647 (depth 0, 24 lits): UNSAT in 1.28s
    cube 2651 (depth 0, 24 lits): UNSAT in 0.01s
    cube 2655 (depth 0, 24 lits): UNSAT in 0.02s
    cube 2659 (depth 0, 24 lits): UNSAT in 0.01s
    cube 2663 (depth 0, 24 lits): UNSAT in 0.07s
    cube 2667 (depth 0, 24 lits): UNSAT in 0.09s
    cube 2671 (depth 0, 24 lits): UNSAT in 0.09s
    cube 2675 (depth 0, 24 lits): UNSAT in 0.14s
    cube 2679 (depth 0, 24 lits): UNSAT in 2.47s
    cube 2683 (depth 0, 24 lits): UNSAT in 0.04s
    cube 2687 (depth 0, 24 lits): UNSAT in 0.44s
    cube 2691 (depth 0, 24 lits): UNSAT in 0.26s
    cube 2695 (depth 0, 24 lits): UNSAT in 3.33s
    cube 2699 (depth 0, 24 lits): UNSAT in 0.09s
    cube 2703 (depth 0, 24 lits): UNSAT in 1.35s
    cube 2707 (depth 0, 24 lits): UNSAT in 0.73s
    cube 2711 (depth 0, 24 lits): UNSAT in 15.35s
    cube 2715 (depth 0, 24 lits): UNSAT in 0.05s
    cube 2719 (depth 0, 24 lits): UNSAT in 0.09s
    cube 2723 (depth 0, 24 lits): UNSAT in 0.12s
    cube 2727 (depth 0, 24 lits): UNSAT in 0.15s
    cube 2731 (depth 0, 24 lits): UNSAT in 0.03s
    cube 2735 (depth 0, 24 lits): UNSAT in 0.21s
    cube 2739 (depth 0, 24 lits): UNSAT in 0.10s
    cube 2743 (depth 0, 24 lits): UNSAT in 1.07s
    cube 2747 (depth 0, 24 lits): UNSAT in 0.08s
    cube 2751 (depth 0, 24 lits): UNSAT in 0.11s
    cube 2755 (depth 0, 24 lits): UNSAT in 0.05s
    cube 2759 (depth 0, 24 lits): UNSAT in 2.94s
    cube 2763 (depth 0, 24 lits): UNSAT in 0.22s
    cube 2767 (depth 0, 24 lits): UNSAT in 1.22s
    cube 2771 (depth 0, 24 lits): UNSAT in 0.47s
    cube 2775 (depth 0, 24 lits): UNSAT in 8.46s
    cube 2779 (depth 0, 24 lits): UNSAT in 0.06s
    cube 2783 (depth 0, 24 lits): UNSAT in 0.15s
    cube 2787 (depth 0, 24 lits): UNSAT in 0.10s
    cube 2791 (depth 0, 24 lits): UNSAT in 0.38s
    cube 2795 (depth 0, 24 lits): UNSAT in 0.36s
    cube 2799 (depth 0, 24 lits): UNSAT in 0.81s
    cube 2803 (depth 0, 24 lits): UNSAT in 3.82s
    cube 2807 (depth 0, 24 lits): UNSAT in 53.56s
    cube 2811 (depth 0, 24 lits): UNSAT in 0.72s
    cube 2815 (depth 0, 24 lits): UNSAT in 0.78s
    cube 2819 (depth 0, 24 lits): UNSAT in 0.33s
    cube 2823 (depth 0, 24 lits): UNSAT in 32.48s
    cube 2827 (depth 0, 24 lits): UNSAT in 3.88s
    cube 2831 (depth 0, 24 lits): UNSAT in 15.25s
    cube 2835 (depth 0, 24 lits): UNSAT in 29.56s
    cube 2839 (depth 0, 24 lits): TIMEOUT in 600.10s
    cube 2839 TIMEOUT -> re-split into 234 sub-cubes (depth 1)
    cube 2839.0 (depth 1, 29 lits): UNSAT in 0.01s
    cube 2839.1 (depth 1, 31 lits): UNSAT in 0.01s
    cube 2839.2 (depth 1, 31 lits): UNSAT in 0.01s
    cube 2839.3 (depth 1, 32 lits): UNSAT in 0.01s
    cube 2839.4 (depth 1, 32 lits): UNSAT in 0.02s
    cube 2839.5 (depth 1, 32 lits): UNSAT in 0.02s
    cube 2839.6 (depth 1, 32 lits): UNSAT in 0.01s
    cube 2839.7 (depth 1, 31 lits): UNSAT in 0.01s
    cube 2839.8 (depth 1, 32 lits): UNSAT in 0.01s
    cube 2839.9 (depth 1, 32 lits): UNSAT in 0.01s
    cube 2839.10 (depth 1, 32 lits): UNSAT in 0.01s
    cube 2839.11 (depth 1, 32 lits): UNSAT in 0.01s
    cube 2839.12 (depth 1, 31 lits): UNSAT in 0.01s
    cube 2839.13 (depth 1, 32 lits): UNSAT in 0.01s
    cube 2839.14 (depth 1, 32 lits): UNSAT in 0.01s
    cube 2839.15 (depth 1, 32 lits): UNSAT in 0.01s
    cube 2839.16 (depth 1, 32 lits): UNSAT in 0.02s
    cube 2839.17 (depth 1, 32 lits): UNSAT in 0.02s
    cube 2839.18 (depth 1, 32 lits): UNSAT in 0.02s
    cube 2839.19 (depth 1, 32 lits): UNSAT in 0.02s
    cube 2839.20 (depth 1, 32 lits): UNSAT in 0.03s
    cube 2839.21 (depth 1, 32 lits): UNSAT in 0.01s
    cube 2839.22 (depth 1, 32 lits): UNSAT in 0.01s
    cube 2839.23 (depth 1, 32 lits): UNSAT in 0.01s
    cube 2839.24 (depth 1, 32 lits): UNSAT in 0.02s
    cube 2839.25 (depth 1, 32 lits): UNSAT in 0.02s
    cube 2839.26 (depth 1, 32 lits): UNSAT in 0.03s
    cube 2839.27 (depth 1, 32 lits): UNSAT in 0.01s
    cube 2839.28 (depth 1, 32 lits): UNSAT in 0.01s
    cube 2839.29 (depth 1, 32 lits): UNSAT in 0.01s
    cube 2839.30 (depth 1, 32 lits): UNSAT in 0.01s
    cube 2839.31 (depth 1, 32 lits): UNSAT in 0.01s
    cube 2839.32 (depth 1, 32 lits): UNSAT in 0.01s
    cube 2839.33 (depth 1, 32 lits): UNSAT in 0.01s
    cube 2839.34 (depth 1, 32 lits): UNSAT in 0.02s
    cube 2839.35 (depth 1, 32 lits): UNSAT in 0.04s
    cube 2839.36 (depth 1, 32 lits): UNSAT in 0.03s
    cube 2839.37 (depth 1, 32 lits): UNSAT in 0.01s
    cube 2839.38 (depth 1, 32 lits): UNSAT in 0.02s
    cube 2839.39 (depth 1, 32 lits): UNSAT in 0.01s
    cube 2839.40 (depth 1, 32 lits): UNSAT in 0.03s
    cube 2839.41 (depth 1, 32 lits): UNSAT in 0.04s
    cube 2839.42 (depth 1, 32 lits): UNSAT in 0.08s
    cube 2839.43 (depth 1, 32 lits): UNSAT in 0.03s
    cube 2839.44 (depth 1, 32 lits): UNSAT in 0.08s
    cube 2839.45 (depth 1, 32 lits): UNSAT in 0.02s
    cube 2839.46 (depth 1, 32 lits): UNSAT in 0.07s
    cube 2839.47 (depth 1, 32 lits): UNSAT in 0.02s
    cube 2839.48 (depth 1, 32 lits): UNSAT in 0.05s
    cube 2839.49 (depth 1, 32 lits): UNSAT in 0.03s
    cube 2839.50 (depth 1, 32 lits): UNSAT in 0.08s
    cube 2839.51 (depth 1, 32 lits): UNSAT in 0.06s
    cube 2839.52 (depth 1, 32 lits): UNSAT in 0.25s
    cube 2839.53 (depth 1, 30 lits): UNSAT in 0.01s
    cube 2839.54 (depth 1, 30 lits): UNSAT in 0.01s
    cube 2839.55 (depth 1, 32 lits): UNSAT in 0.01s
    cube 2839.56 (depth 1, 32 lits): UNSAT in 0.02s
    cube 2839.57 (depth 1, 32 lits): UNSAT in 0.01s
    cube 2839.58 (depth 1, 32 lits): UNSAT in 0.05s
    cube 2839.59 (depth 1, 32 lits): UNSAT in 0.02s
    cube 2839.60 (depth 1, 32 lits): UNSAT in 0.02s
    cube 2839.61 (depth 1, 32 lits): UNSAT in 0.03s
    cube 2839.62 (depth 1, 32 lits): UNSAT in 0.03s
    cube 2839.63 (depth 1, 31 lits): UNSAT in 0.01s
    cube 2839.64 (depth 1, 32 lits): UNSAT in 0.02s
    cube 2839.65 (depth 1, 32 lits): UNSAT in 0.03s
    cube 2839.66 (depth 1, 31 lits): UNSAT in 0.01s
    cube 2839.67 (depth 1, 32 lits): UNSAT in 0.02s
    cube 2839.68 (depth 1, 32 lits): UNSAT in 0.02s
    cube 2839.69 (depth 1, 32 lits): UNSAT in 0.02s
    cube 2839.70 (depth 1, 32 lits): UNSAT in 0.04s
    cube 2839.71 (depth 1, 32 lits): UNSAT in 0.02s
    cube 2839.72 (depth 1, 32 lits): UNSAT in 0.04s
    cube 2839.73 (depth 1, 32 lits): UNSAT in 0.05s
    cube 2839.74 (depth 1, 32 lits): UNSAT in 0.08s
    cube 2839.75 (depth 1, 32 lits): UNSAT in 0.07s
    cube 2839.76 (depth 1, 32 lits): UNSAT in 0.11s
    cube 2839.77 (depth 1, 32 lits): UNSAT in 0.01s
    cube 2839.78 (depth 1, 32 lits): UNSAT in 0.01s
    cube 2839.79 (depth 1, 32 lits): UNSAT in 0.01s
    cube 2839.80 (depth 1, 32 lits): UNSAT in 0.02s
    cube 2839.81 (depth 1, 31 lits): UNSAT in 0.01s
    cube 2839.82 (depth 1, 32 lits): UNSAT in 0.01s
    cube 2839.83 (depth 1, 32 lits): UNSAT in 0.03s
    cube 2839.84 (depth 1, 32 lits): UNSAT in 0.02s
    cube 2839.85 (depth 1, 32 lits): UNSAT in 0.08s
    cube 2839.86 (depth 1, 32 lits): UNSAT in 0.06s
    cube 2839.87 (depth 1, 32 lits): UNSAT in 0.10s
    cube 2839.88 (depth 1, 32 lits): UNSAT in 0.03s
    cube 2839.89 (depth 1, 32 lits): UNSAT in 0.07s
    cube 2839.90 (depth 1, 32 lits): UNSAT in 0.12s
    cube 2839.91 (depth 1, 32 lits): UNSAT in 0.42s
    cube 2839.92 (depth 1, 32 lits): UNSAT in 0.02s
    cube 2839.93 (depth 1, 32 lits): UNSAT in 0.03s
    cube 2839.94 (depth 1, 32 lits): UNSAT in 0.05s
    cube 2839.95 (depth 1, 32 lits): UNSAT in 0.05s
    cube 2839.96 (depth 1, 32 lits): UNSAT in 0.02s
    cube 2839.97 (depth 1, 32 lits): UNSAT in 0.09s
    cube 2839.98 (depth 1, 32 lits): UNSAT in 0.05s
    cube 2839.99 (depth 1, 32 lits): UNSAT in 0.37s
    cube 2839.100 (depth 1, 32 lits): UNSAT in 0.08s
    cube 2839.101 (depth 1, 32 lits): UNSAT in 0.12s
    cube 2839.102 (depth 1, 32 lits): UNSAT in 0.05s
    cube 2839.103 (depth 1, 32 lits): UNSAT in 0.45s
    cube 2839.104 (depth 1, 32 lits): UNSAT in 0.05s
    cube 2839.105 (depth 1, 32 lits): UNSAT in 0.29s
    cube 2839.106 (depth 1, 32 lits): UNSAT in 1.16s
    cube 2839.107 (depth 1, 32 lits): UNSAT in 4.12s
    cube 2839.108 (depth 1, 32 lits): UNSAT in 0.02s
    cube 2839.109 (depth 1, 32 lits): UNSAT in 0.01s
    cube 2839.110 (depth 1, 32 lits): UNSAT in 0.02s
    cube 2839.111 (depth 1, 32 lits): UNSAT in 0.02s
    cube 2839.112 (depth 1, 32 lits): UNSAT in 0.02s
    cube 2839.113 (depth 1, 32 lits): UNSAT in 0.04s
    cube 2839.114 (depth 1, 32 lits): UNSAT in 0.02s
    cube 2839.115 (depth 1, 32 lits): UNSAT in 0.06s
    cube 2839.116 (depth 1, 32 lits): UNSAT in 0.01s
    cube 2839.117 (depth 1, 32 lits): UNSAT in 0.03s
    cube 2839.118 (depth 1, 32 lits): UNSAT in 0.01s
    cube 2839.119 (depth 1, 32 lits): UNSAT in 0.01s
    cube 2839.120 (depth 1, 32 lits): UNSAT in 0.02s
    cube 2839.121 (depth 1, 32 lits): UNSAT in 0.02s
    cube 2839.122 (depth 1, 32 lits): UNSAT in 0.02s
    cube 2839.123 (depth 1, 32 lits): UNSAT in 0.03s
    cube 2839.124 (depth 1, 32 lits): UNSAT in 0.01s
    cube 2839.125 (depth 1, 32 lits): UNSAT in 0.02s
    cube 2839.126 (depth 1, 32 lits): UNSAT in 0.02s
    cube 2839.127 (depth 1, 32 lits): UNSAT in 0.02s
    cube 2839.128 (depth 1, 32 lits): UNSAT in 0.02s
    cube 2839.129 (depth 1, 32 lits): UNSAT in 0.05s
    cube 2839.130 (depth 1, 32 lits): UNSAT in 0.04s
    cube 2839.131 (depth 1, 32 lits): UNSAT in 0.19s
    cube 2839.132 (depth 1, 32 lits): UNSAT in 0.01s
    cube 2839.133 (depth 1, 32 lits): UNSAT in 0.04s
    cube 2839.134 (depth 1, 32 lits): UNSAT in 0.09s
    cube 2839.135 (depth 1, 32 lits): UNSAT in 0.12s
    cube 2839.136 (depth 1, 32 lits): UNSAT in 0.04s
    cube 2839.137 (depth 1, 32 lits): UNSAT in 0.14s
    cube 2839.138 (depth 1, 32 lits): UNSAT in 0.05s
    cube 2839.139 (depth 1, 32 lits): UNSAT in 0.13s
    cube 2839.140 (depth 1, 32 lits): UNSAT in 0.01s
    cube 2839.141 (depth 1, 32 lits): UNSAT in 0.02s
    cube 2839.142 (depth 1, 31 lits): UNSAT in 0.01s
    cube 2839.143 (depth 1, 32 lits): UNSAT in 0.03s
    cube 2839.144 (depth 1, 32 lits): UNSAT in 0.09s
    cube 2839.145 (depth 1, 32 lits): UNSAT in 0.04s
    cube 2839.146 (depth 1, 32 lits): UNSAT in 0.06s
    cube 2839.147 (depth 1, 32 lits): UNSAT in 0.03s
    cube 2839.148 (depth 1, 32 lits): UNSAT in 0.03s
    cube 2839.149 (depth 1, 32 lits): UNSAT in 0.01s
    cube 2839.150 (depth 1, 32 lits): UNSAT in 0.06s
    cube 2839.151 (depth 1, 32 lits): UNSAT in 0.04s
    cube 2839.152 (depth 1, 32 lits): UNSAT in 0.13s
    cube 2839.153 (depth 1, 32 lits): UNSAT in 0.30s
    cube 2839.154 (depth 1, 32 lits): UNSAT in 0.60s
    cube 2839.155 (depth 1, 32 lits): UNSAT in 0.02s
    cube 2839.156 (depth 1, 32 lits): UNSAT in 0.02s
    cube 2839.157 (depth 1, 32 lits): UNSAT in 0.03s
    cube 2839.158 (depth 1, 32 lits): UNSAT in 0.09s
    cube 2839.159 (depth 1, 32 lits): UNSAT in 0.05s
    cube 2839.160 (depth 1, 32 lits): UNSAT in 0.08s
    cube 2839.161 (depth 1, 32 lits): UNSAT in 0.02s
    cube 2839.162 (depth 1, 32 lits): UNSAT in 0.10s
    cube 2839.163 (depth 1, 32 lits): UNSAT in 0.02s
    cube 2839.164 (depth 1, 32 lits): UNSAT in 0.03s
    cube 2839.165 (depth 1, 32 lits): UNSAT in 0.18s
    cube 2839.166 (depth 1, 32 lits): UNSAT in 0.47s
    cube 2839.167 (depth 1, 32 lits): UNSAT in 0.07s
    cube 2839.168 (depth 1, 32 lits): UNSAT in 1.64s
    cube 2839.169 (depth 1, 32 lits): UNSAT in 0.53s
    cube 2839.170 (depth 1, 32 lits): UNSAT in 3.18s
    cube 2839.171 (depth 1, 32 lits): UNSAT in 0.01s
    cube 2839.172 (depth 1, 32 lits): UNSAT in 0.01s
    cube 2839.173 (depth 1, 31 lits): UNSAT in 0.01s
    cube 2839.174 (depth 1, 32 lits): UNSAT in 0.02s
    cube 2839.175 (depth 1, 32 lits): UNSAT in 0.02s
    cube 2839.176 (depth 1, 32 lits): UNSAT in 0.01s
    cube 2839.177 (depth 1, 32 lits): UNSAT in 0.02s
    cube 2839.178 (depth 1, 32 lits): UNSAT in 0.01s
    cube 2839.179 (depth 1, 32 lits): UNSAT in 0.01s
    cube 2839.180 (depth 1, 32 lits): UNSAT in 0.01s
    cube 2839.181 (depth 1, 32 lits): UNSAT in 0.02s
    cube 2839.182 (depth 1, 32 lits): UNSAT in 0.03s
    cube 2839.183 (depth 1, 32 lits): UNSAT in 0.03s
    cube 2839.184 (depth 1, 32 lits): UNSAT in 0.06s
    cube 2839.185 (depth 1, 32 lits): UNSAT in 0.05s
    cube 2839.186 (depth 1, 32 lits): UNSAT in 0.01s
    cube 2839.187 (depth 1, 32 lits): UNSAT in 0.03s
    cube 2839.188 (depth 1, 32 lits): UNSAT in 0.02s
    cube 2839.189 (depth 1, 32 lits): UNSAT in 0.09s
    cube 2839.190 (depth 1, 32 lits): UNSAT in 0.02s
    cube 2839.191 (depth 1, 32 lits): UNSAT in 0.05s
    cube 2839.192 (depth 1, 32 lits): UNSAT in 0.09s
    cube 2839.193 (depth 1, 32 lits): UNSAT in 0.17s
    cube 2839.194 (depth 1, 32 lits): UNSAT in 0.04s
    cube 2839.195 (depth 1, 32 lits): UNSAT in 0.10s
    cube 2839.196 (depth 1, 32 lits): UNSAT in 0.19s
    cube 2839.197 (depth 1, 32 lits): UNSAT in 0.27s
    cube 2839.198 (depth 1, 32 lits): UNSAT in 0.07s
    cube 2839.199 (depth 1, 32 lits): UNSAT in 0.10s
    cube 2839.200 (depth 1, 32 lits): UNSAT in 0.36s
    cube 2839.201 (depth 1, 32 lits): UNSAT in 1.33s
    cube 2839.202 (depth 1, 32 lits): UNSAT in 0.02s
    cube 2839.203 (depth 1, 32 lits): UNSAT in 0.02s
    cube 2839.204 (depth 1, 32 lits): UNSAT in 0.04s
    cube 2839.205 (depth 1, 32 lits): UNSAT in 0.09s
    cube 2839.206 (depth 1, 32 lits): UNSAT in 0.05s
    cube 2839.207 (depth 1, 32 lits): UNSAT in 0.03s
    cube 2839.208 (depth 1, 32 lits): UNSAT in 0.10s
    cube 2839.209 (depth 1, 32 lits): UNSAT in 0.11s
    cube 2839.210 (depth 1, 32 lits): UNSAT in 0.32s
    cube 2839.211 (depth 1, 32 lits): UNSAT in 0.28s
    cube 2839.212 (depth 1, 32 lits): UNSAT in 0.30s
    cube 2839.213 (depth 1, 32 lits): UNSAT in 0.50s
    cube 2839.214 (depth 1, 32 lits): UNSAT in 0.07s
    cube 2839.215 (depth 1, 32 lits): UNSAT in 0.25s
    cube 2839.216 (depth 1, 32 lits): UNSAT in 0.61s
    cube 2839.217 (depth 1, 32 lits): UNSAT in 9.71s
    cube 2839.218 (depth 1, 32 lits): UNSAT in 0.08s
    cube 2839.219 (depth 1, 32 lits): UNSAT in 0.09s
    cube 2839.220 (depth 1, 32 lits): UNSAT in 0.08s
    cube 2839.221 (depth 1, 32 lits): UNSAT in 0.24s
    cube 2839.222 (depth 1, 32 lits): UNSAT in 0.59s
    cube 2839.223 (depth 1, 32 lits): UNSAT in 1.12s
    cube 2839.224 (depth 1, 32 lits): UNSAT in 0.25s
    cube 2839.225 (depth 1, 32 lits): UNSAT in 4.74s
    cube 2839.226 (depth 1, 32 lits): UNSAT in 0.29s
    cube 2839.227 (depth 1, 32 lits): UNSAT in 0.82s
    cube 2839.228 (depth 1, 32 lits): UNSAT in 1.09s
    cube 2839.229 (depth 1, 32 lits): UNSAT in 14.62s
    cube 2839.230 (depth 1, 32 lits): UNSAT in 1.61s
    cube 2839.231 (depth 1, 32 lits): UNSAT in 22.75s
    cube 2839.232 (depth 1, 32 lits): UNSAT in 25.28s
    cube 2839.233 (depth 1, 32 lits): UNSAT in 160.02s
    cube 2843 (depth 0, 24 lits): UNSAT in 0.01s
    cube 2847 (depth 0, 24 lits): UNSAT in 0.01s
    cube 2851 (depth 0, 23 lits): UNSAT in 0.01s
    cube 2855 (depth 0, 24 lits): UNSAT in 0.01s
    cube 2859 (depth 0, 24 lits): UNSAT in 0.02s
    cube 2863 (depth 0, 24 lits): UNSAT in 0.02s
    cube 2867 (depth 0, 24 lits): UNSAT in 0.05s
    cube 2871 (depth 0, 24 lits): UNSAT in 0.02s
    cube 2875 (depth 0, 24 lits): UNSAT in 0.02s
    cube 2879 (depth 0, 23 lits): UNSAT in 0.01s
    cube 2883 (depth 0, 24 lits): UNSAT in 0.03s
    cube 2887 (depth 0, 24 lits): UNSAT in 0.08s
    cube 2891 (depth 0, 23 lits): UNSAT in 0.01s
    cube 2895 (depth 0, 24 lits): UNSAT in 0.02s
    cube 2899 (depth 0, 24 lits): UNSAT in 0.01s
    cube 2903 (depth 0, 24 lits): UNSAT in 0.01s
    cube 2907 (depth 0, 24 lits): UNSAT in 0.01s
    cube 2911 (depth 0, 24 lits): UNSAT in 0.06s
    cube 2915 (depth 0, 24 lits): UNSAT in 0.03s
    cube 2919 (depth 0, 24 lits): UNSAT in 0.12s
    cube 2923 (depth 0, 24 lits): UNSAT in 0.02s
    cube 2927 (depth 0, 24 lits): UNSAT in 0.02s
    cube 2931 (depth 0, 24 lits): UNSAT in 0.05s
    cube 2935 (depth 0, 24 lits): UNSAT in 0.02s
    cube 2939 (depth 0, 24 lits): UNSAT in 0.06s
    cube 2943 (depth 0, 24 lits): UNSAT in 0.05s
    cube 2947 (depth 0, 24 lits): UNSAT in 0.19s
    cube 2951 (depth 0, 24 lits): UNSAT in 0.01s
    cube 2955 (depth 0, 23 lits): UNSAT in 0.01s
    cube 2959 (depth 0, 23 lits): UNSAT in 0.01s
    cube 2963 (depth 0, 24 lits): UNSAT in 0.02s
    cube 2967 (depth 0, 24 lits): UNSAT in 0.04s
    cube 2971 (depth 0, 24 lits): UNSAT in 0.02s
    cube 2975 (depth 0, 24 lits): UNSAT in 0.03s
    cube 2979 (depth 0, 24 lits): UNSAT in 0.01s
    cube 2983 (depth 0, 24 lits): UNSAT in 0.01s
    cube 2987 (depth 0, 24 lits): UNSAT in 0.03s
    cube 2991 (depth 0, 24 lits): UNSAT in 0.02s
    cube 2995 (depth 0, 24 lits): UNSAT in 0.03s
    cube 2999 (depth 0, 24 lits): UNSAT in 0.01s
    cube 3003 (depth 0, 24 lits): UNSAT in 0.08s
    cube 3007 (depth 0, 24 lits): UNSAT in 0.41s
    cube 3011 (depth 0, 24 lits): UNSAT in 0.02s
    cube 3015 (depth 0, 24 lits): UNSAT in 0.02s
    cube 3019 (depth 0, 24 lits): UNSAT in 0.04s
    cube 3023 (depth 0, 24 lits): UNSAT in 0.02s
    cube 3027 (depth 0, 24 lits): UNSAT in 0.01s
    cube 3031 (depth 0, 24 lits): UNSAT in 0.02s
    cube 3035 (depth 0, 24 lits): UNSAT in 0.05s
    cube 3039 (depth 0, 24 lits): UNSAT in 0.07s
    cube 3043 (depth 0, 24 lits): UNSAT in 0.02s
    cube 3047 (depth 0, 24 lits): UNSAT in 0.12s
    cube 3051 (depth 0, 24 lits): UNSAT in 0.02s
    cube 3055 (depth 0, 24 lits): UNSAT in 0.37s
    cube 3059 (depth 0, 24 lits): UNSAT in 0.03s
    cube 3063 (depth 0, 24 lits): UNSAT in 0.03s
    cube 3067 (depth 0, 24 lits): UNSAT in 0.42s
    cube 3071 (depth 0, 24 lits): UNSAT in 0.28s
    cube 3075 (depth 0, 24 lits): UNSAT in 0.01s
    cube 3079 (depth 0, 24 lits): UNSAT in 0.02s
    cube 3083 (depth 0, 24 lits): UNSAT in 0.01s
    cube 3087 (depth 0, 24 lits): UNSAT in 0.03s
    cube 3091 (depth 0, 24 lits): UNSAT in 0.01s
    cube 3095 (depth 0, 24 lits): UNSAT in 0.02s
    cube 3099 (depth 0, 24 lits): UNSAT in 0.05s
    cube 3103 (depth 0, 24 lits): UNSAT in 0.05s
    cube 3107 (depth 0, 24 lits): UNSAT in 0.02s
    cube 3111 (depth 0, 24 lits): UNSAT in 0.03s
    cube 3115 (depth 0, 24 lits): UNSAT in 0.05s
    cube 3119 (depth 0, 24 lits): UNSAT in 0.16s
    cube 3123 (depth 0, 24 lits): UNSAT in 0.03s
    cube 3127 (depth 0, 24 lits): UNSAT in 0.16s
    cube 3131 (depth 0, 24 lits): UNSAT in 0.12s
    cube 3135 (depth 0, 24 lits): UNSAT in 0.23s
    cube 3139 (depth 0, 24 lits): UNSAT in 0.01s
    cube 3143 (depth 0, 24 lits): UNSAT in 0.01s
    cube 3147 (depth 0, 24 lits): UNSAT in 0.02s
    cube 3151 (depth 0, 24 lits): UNSAT in 0.03s
    cube 3155 (depth 0, 24 lits): UNSAT in 0.03s
    cube 3159 (depth 0, 24 lits): UNSAT in 0.02s
    cube 3163 (depth 0, 24 lits): UNSAT in 0.15s
    cube 3167 (depth 0, 24 lits): UNSAT in 0.08s
    cube 3171 (depth 0, 24 lits): UNSAT in 0.01s
    cube 3175 (depth 0, 24 lits): UNSAT in 0.05s
    cube 3179 (depth 0, 24 lits): UNSAT in 0.21s
    cube 3183 (depth 0, 24 lits): UNSAT in 0.28s
    cube 3187 (depth 0, 24 lits): UNSAT in 0.04s
    cube 3191 (depth 0, 24 lits): UNSAT in 0.18s
    cube 3195 (depth 0, 24 lits): UNSAT in 0.48s
    cube 3199 (depth 0, 24 lits): UNSAT in 1.76s
    cube 3203 (depth 0, 24 lits): UNSAT in 0.06s
    cube 3207 (depth 0, 24 lits): UNSAT in 0.09s
    cube 3211 (depth 0, 24 lits): UNSAT in 0.04s
    cube 3215 (depth 0, 24 lits): UNSAT in 0.12s
    cube 3219 (depth 0, 24 lits): UNSAT in 0.03s
    cube 3223 (depth 0, 24 lits): UNSAT in 0.05s
    cube 3227 (depth 0, 24 lits): UNSAT in 0.52s
    cube 3231 (depth 0, 24 lits): UNSAT in 5.00s
    cube 3235 (depth 0, 24 lits): UNSAT in 0.03s
    cube 3239 (depth 0, 24 lits): UNSAT in 0.09s
    cube 3243 (depth 0, 24 lits): UNSAT in 0.06s
    cube 3247 (depth 0, 24 lits): UNSAT in 0.33s
    cube 3251 (depth 0, 24 lits): UNSAT in 0.13s
    cube 3255 (depth 0, 24 lits): UNSAT in 3.99s
    cube 3259 (depth 0, 24 lits): UNSAT in 0.82s
    cube 3263 (depth 0, 24 lits): UNSAT in 8.55s
    cube 3267 (depth 0, 24 lits): UNSAT in 0.04s
    cube 3271 (depth 0, 24 lits): UNSAT in 0.08s
    cube 3275 (depth 0, 24 lits): UNSAT in 0.05s
    cube 3279 (depth 0, 24 lits): UNSAT in 1.04s
    cube 3283 (depth 0, 24 lits): UNSAT in 0.05s
    cube 3287 (depth 0, 24 lits): UNSAT in 0.04s
    cube 3291 (depth 0, 24 lits): UNSAT in 0.44s
    cube 3295 (depth 0, 24 lits): UNSAT in 2.98s
    cube 3299 (depth 0, 24 lits): UNSAT in 0.14s
    cube 3303 (depth 0, 24 lits): UNSAT in 0.41s
    cube 3307 (depth 0, 24 lits): UNSAT in 0.28s
    cube 3311 (depth 0, 24 lits): UNSAT in 2.83s
    cube 3315 (depth 0, 24 lits): UNSAT in 0.16s
    cube 3319 (depth 0, 24 lits): UNSAT in 1.95s
    cube 3323 (depth 0, 24 lits): UNSAT in 3.04s
    cube 3327 (depth 0, 24 lits): UNSAT in 37.24s
    cube 3331 (depth 0, 22 lits): UNSAT in 0.01s
    cube 3335 (depth 0, 24 lits): UNSAT in 0.03s
    cube 3339 (depth 0, 24 lits): UNSAT in 0.04s
    cube 3343 (depth 0, 24 lits): UNSAT in 0.01s
    cube 3347 (depth 0, 24 lits): UNSAT in 0.02s
    cube 3351 (depth 0, 24 lits): UNSAT in 0.02s
    cube 3355 (depth 0, 24 lits): UNSAT in 0.05s
    cube 3359 (depth 0, 24 lits): UNSAT in 0.01s
    cube 3363 (depth 0, 24 lits): UNSAT in 0.02s
    cube 3367 (depth 0, 24 lits): UNSAT in 0.04s
    cube 3371 (depth 0, 24 lits): UNSAT in 0.03s
    cube 3375 (depth 0, 24 lits): UNSAT in 0.02s
    cube 3379 (depth 0, 24 lits): UNSAT in 0.07s
    cube 3383 (depth 0, 24 lits): UNSAT in 0.08s
    cube 3387 (depth 0, 24 lits): UNSAT in 1.12s
    cube 3391 (depth 0, 24 lits): UNSAT in 0.01s
    cube 3395 (depth 0, 24 lits): UNSAT in 0.02s
    cube 3399 (depth 0, 24 lits): UNSAT in 0.03s
    cube 3403 (depth 0, 24 lits): UNSAT in 0.06s
    cube 3407 (depth 0, 24 lits): UNSAT in 0.02s
    cube 3411 (depth 0, 24 lits): UNSAT in 0.02s
    cube 3415 (depth 0, 24 lits): UNSAT in 0.03s
    cube 3419 (depth 0, 24 lits): UNSAT in 0.14s
    cube 3423 (depth 0, 24 lits): UNSAT in 0.01s
    cube 3427 (depth 0, 24 lits): UNSAT in 0.10s
    cube 3431 (depth 0, 24 lits): UNSAT in 0.03s
    cube 3435 (depth 0, 24 lits): UNSAT in 0.32s
    cube 3439 (depth 0, 24 lits): UNSAT in 0.24s
    cube 3443 (depth 0, 24 lits): UNSAT in 0.10s
    cube 3447 (depth 0, 24 lits): UNSAT in 0.33s
    cube 3451 (depth 0, 24 lits): UNSAT in 0.93s
    cube 3455 (depth 0, 24 lits): UNSAT in 0.02s
    cube 3459 (depth 0, 24 lits): UNSAT in 0.02s
    cube 3463 (depth 0, 24 lits): UNSAT in 0.02s
    cube 3467 (depth 0, 24 lits): UNSAT in 0.04s
    cube 3471 (depth 0, 24 lits): UNSAT in 0.03s
    cube 3475 (depth 0, 24 lits): UNSAT in 0.26s
    cube 3479 (depth 0, 24 lits): UNSAT in 0.08s
    cube 3483 (depth 0, 24 lits): UNSAT in 0.36s
    cube 3487 (depth 0, 24 lits): UNSAT in 0.01s
    cube 3491 (depth 0, 24 lits): UNSAT in 0.04s
    cube 3495 (depth 0, 24 lits): UNSAT in 0.31s
    cube 3499 (depth 0, 24 lits): UNSAT in 0.16s
    cube 3503 (depth 0, 24 lits): UNSAT in 0.17s
    cube 3507 (depth 0, 24 lits): UNSAT in 0.16s
    cube 3511 (depth 0, 24 lits): UNSAT in 0.10s
    cube 3515 (depth 0, 24 lits): UNSAT in 1.92s
    cube 3519 (depth 0, 24 lits): UNSAT in 0.01s
    cube 3523 (depth 0, 24 lits): UNSAT in 0.03s
    cube 3527 (depth 0, 24 lits): UNSAT in 0.03s
    cube 3531 (depth 0, 24 lits): UNSAT in 0.14s
    cube 3535 (depth 0, 24 lits): UNSAT in 0.03s
    cube 3539 (depth 0, 24 lits): UNSAT in 0.18s
    cube 3543 (depth 0, 24 lits): UNSAT in 0.09s
    cube 3547 (depth 0, 24 lits): UNSAT in 0.53s
    cube 3551 (depth 0, 24 lits): UNSAT in 0.10s
    cube 3555 (depth 0, 24 lits): UNSAT in 0.41s
    cube 3559 (depth 0, 24 lits): UNSAT in 1.24s
    cube 3563 (depth 0, 24 lits): UNSAT in 0.82s
    cube 3567 (depth 0, 24 lits): UNSAT in 0.19s
    cube 3571 (depth 0, 24 lits): UNSAT in 0.30s
    cube 3575 (depth 0, 24 lits): UNSAT in 11.36s
    cube 3579 (depth 0, 24 lits): UNSAT in 76.29s
    cube 3583 (depth 0, 24 lits): UNSAT in 0.02s
    cube 3587 (depth 0, 24 lits): UNSAT in 0.04s
    cube 3591 (depth 0, 24 lits): UNSAT in 0.03s
    cube 3595 (depth 0, 24 lits): UNSAT in 0.15s
    cube 3599 (depth 0, 24 lits): UNSAT in 0.06s
    cube 3603 (depth 0, 24 lits): UNSAT in 0.13s
    cube 3607 (depth 0, 24 lits): UNSAT in 0.07s
    cube 3611 (depth 0, 24 lits): UNSAT in 1.20s
    cube 3615 (depth 0, 24 lits): UNSAT in 0.03s
    cube 3619 (depth 0, 24 lits): UNSAT in 0.17s
    cube 3623 (depth 0, 24 lits): UNSAT in 0.04s
    cube 3627 (depth 0, 24 lits): UNSAT in 0.27s
    cube 3631 (depth 0, 24 lits): UNSAT in 0.12s
    cube 3635 (depth 0, 24 lits): UNSAT in 0.33s
    cube 3639 (depth 0, 24 lits): UNSAT in 0.42s
    cube 3643 (depth 0, 24 lits): UNSAT in 13.20s
    cube 3647 (depth 0, 24 lits): UNSAT in 0.05s
    cube 3651 (depth 0, 24 lits): UNSAT in 0.12s
    cube 3655 (depth 0, 24 lits): UNSAT in 0.17s
    cube 3659 (depth 0, 24 lits): UNSAT in 0.81s
    cube 3663 (depth 0, 24 lits): UNSAT in 0.27s
    cube 3667 (depth 0, 24 lits): UNSAT in 1.03s
    cube 3671 (depth 0, 24 lits): UNSAT in 0.82s
    cube 3675 (depth 0, 24 lits): UNSAT in 6.91s
    cube 3679 (depth 0, 24 lits): UNSAT in 0.17s
    cube 3683 (depth 0, 24 lits): UNSAT in 1.62s
    cube 3687 (depth 0, 24 lits): UNSAT in 0.38s
    cube 3691 (depth 0, 24 lits): UNSAT in 8.25s
    cube 3695 (depth 0, 24 lits): UNSAT in 0.35s
    cube 3699 (depth 0, 24 lits): UNSAT in 3.14s
    cube 3703 (depth 0, 24 lits): UNSAT in 5.98s
    cube 3707 (depth 0, 24 lits): UNSAT in 207.26s
    cube 3711 (depth 0, 24 lits): UNSAT in 0.04s
    cube 3715 (depth 0, 24 lits): UNSAT in 0.10s
    cube 3719 (depth 0, 24 lits): UNSAT in 0.20s
    cube 3723 (depth 0, 24 lits): UNSAT in 1.31s
    cube 3727 (depth 0, 24 lits): UNSAT in 0.05s
    cube 3731 (depth 0, 24 lits): UNSAT in 0.25s
    cube 3735 (depth 0, 24 lits): UNSAT in 0.52s
    cube 3739 (depth 0, 24 lits): UNSAT in 6.11s
    cube 3743 (depth 0, 24 lits): UNSAT in 0.02s
    cube 3747 (depth 0, 24 lits): UNSAT in 0.08s
    cube 3751 (depth 0, 24 lits): UNSAT in 0.64s
    cube 3755 (depth 0, 24 lits): UNSAT in 1.14s
    cube 3759 (depth 0, 24 lits): UNSAT in 0.53s
    cube 3763 (depth 0, 24 lits): UNSAT in 5.85s
    cube 3767 (depth 0, 24 lits): UNSAT in 2.47s
    cube 3771 (depth 0, 24 lits): UNSAT in 47.91s
    cube 3775 (depth 0, 24 lits): UNSAT in 0.20s
    cube 3779 (depth 0, 24 lits): UNSAT in 0.36s
    cube 3783 (depth 0, 24 lits): UNSAT in 0.86s
    cube 3787 (depth 0, 24 lits): UNSAT in 5.89s
    cube 3791 (depth 0, 24 lits): UNSAT in 0.23s
    cube 3795 (depth 0, 24 lits): UNSAT in 2.31s
    cube 3799 (depth 0, 24 lits): UNSAT in 1.61s
    cube 3803 (depth 0, 24 lits): UNSAT in 68.89s
    cube 3807 (depth 0, 24 lits): UNSAT in 0.23s
    cube 3811 (depth 0, 24 lits): UNSAT in 0.60s
    cube 3815 (depth 0, 24 lits): UNSAT in 4.29s
    cube 3819 (depth 0, 24 lits): UNSAT in 511.90s
    cube 3823 (depth 0, 24 lits): UNSAT in 4.30s
    cube 3827 (depth 0, 24 lits): UNSAT in 198.85s
    cube 3831 (depth 0, 24 lits): UNSAT in 243.21s
    cube 3835 (depth 0, 24 lits): UNSAT in 125.37s

  shard 3 verdict: UNSAT [parent cube 4029's children only] (959 UNSAT, 0 unresolved) in 6619.6s
