  shard 23/24 (explicit): 1 of 4095 cubes, per-cube cap 1200.0s, re-split depth 7
    cube 3980 (depth 0, 12 lits): TIMEOUT in 1200.10s
    cube 3980 TIMEOUT -> re-split into 247 sub-cubes (depth 1)
    cube 3980.0 (depth 1, 20 lits): UNSAT in 0.02s
    cube 3980.1 (depth 1, 20 lits): UNSAT in 0.02s
    cube 3980.2 (depth 1, 20 lits): UNSAT in 0.02s
    cube 3980.3 (depth 1, 20 lits): UNSAT in 0.05s
    cube 3980.4 (depth 1, 20 lits): UNSAT in 0.02s
    cube 3980.5 (depth 1, 20 lits): UNSAT in 0.03s
    cube 3980.6 (depth 1, 20 lits): UNSAT in 0.05s
    cube 3980.7 (depth 1, 20 lits): UNSAT in 0.04s
    cube 3980.8 (depth 1, 20 lits): UNSAT in 0.01s
    cube 3980.9 (depth 1, 20 lits): UNSAT in 0.02s
    cube 3980.10 (depth 1, 20 lits): UNSAT in 0.01s
    cube 3980.11 (depth 1, 20 lits): UNSAT in 0.01s
    cube 3980.12 (depth 1, 20 lits): UNSAT in 0.01s
    cube 3980.13 (depth 1, 20 lits): UNSAT in 0.02s
    cube 3980.14 (depth 1, 20 lits): UNSAT in 0.02s
    cube 3980.15 (depth 1, 20 lits): UNSAT in 0.03s
    cube 3980.16 (depth 1, 19 lits): UNSAT in 0.02s
    cube 3980.17 (depth 1, 20 lits): UNSAT in 0.02s
    cube 3980.18 (depth 1, 20 lits): UNSAT in 0.02s
    cube 3980.19 (depth 1, 19 lits): UNSAT in 0.02s
    cube 3980.20 (depth 1, 19 lits): UNSAT in 0.02s
    cube 3980.21 (depth 1, 20 lits): UNSAT in 0.03s
    cube 3980.22 (depth 1, 20 lits): UNSAT in 0.03s
    cube 3980.23 (depth 1, 20 lits): UNSAT in 0.02s
    cube 3980.24 (depth 1, 20 lits): UNSAT in 0.03s
    cube 3980.25 (depth 1, 20 lits): UNSAT in 0.04s
    cube 3980.26 (depth 1, 20 lits): UNSAT in 0.04s
    cube 3980.27 (depth 1, 20 lits): UNSAT in 0.05s
    cube 3980.28 (depth 1, 20 lits): UNSAT in 0.03s
    cube 3980.29 (depth 1, 20 lits): UNSAT in 0.02s
    cube 3980.30 (depth 1, 20 lits): UNSAT in 0.05s
    cube 3980.31 (depth 1, 20 lits): UNSAT in 0.02s
    cube 3980.32 (depth 1, 20 lits): UNSAT in 0.08s
    cube 3980.33 (depth 1, 20 lits): UNSAT in 0.02s
    cube 3980.34 (depth 1, 20 lits): UNSAT in 0.12s
    cube 3980.35 (depth 1, 20 lits): UNSAT in 0.11s
    cube 3980.36 (depth 1, 20 lits): UNSAT in 0.15s
    cube 3980.37 (depth 1, 19 lits): UNSAT in 0.02s
    cube 3980.38 (depth 1, 19 lits): UNSAT in 0.02s
    cube 3980.39 (depth 1, 20 lits): UNSAT in 0.02s
    cube 3980.40 (depth 1, 20 lits): UNSAT in 0.02s
    cube 3980.41 (depth 1, 20 lits): UNSAT in 0.02s
    cube 3980.42 (depth 1, 20 lits): UNSAT in 0.06s
    cube 3980.43 (depth 1, 20 lits): UNSAT in 0.02s
    cube 3980.44 (depth 1, 20 lits): UNSAT in 0.02s
    cube 3980.45 (depth 1, 20 lits): UNSAT in 0.02s
    cube 3980.46 (depth 1, 20 lits): UNSAT in 0.02s
    cube 3980.47 (depth 1, 20 lits): UNSAT in 0.02s
    cube 3980.48 (depth 1, 20 lits): UNSAT in 0.02s
    cube 3980.49 (depth 1, 20 lits): UNSAT in 0.05s
    cube 3980.50 (depth 1, 20 lits): UNSAT in 0.08s
    cube 3980.51 (depth 1, 20 lits): UNSAT in 0.03s
    cube 3980.52 (depth 1, 20 lits): UNSAT in 0.03s
    cube 3980.53 (depth 1, 20 lits): UNSAT in 0.03s
    cube 3980.54 (depth 1, 20 lits): UNSAT in 0.03s
    cube 3980.55 (depth 1, 20 lits): UNSAT in 0.02s
    cube 3980.56 (depth 1, 20 lits): UNSAT in 0.09s
    cube 3980.57 (depth 1, 20 lits): UNSAT in 0.30s
    cube 3980.58 (depth 1, 20 lits): UNSAT in 0.14s
    cube 3980.59 (depth 1, 20 lits): UNSAT in 0.01s
    cube 3980.60 (depth 1, 20 lits): UNSAT in 0.02s
    cube 3980.61 (depth 1, 20 lits): UNSAT in 0.01s
    cube 3980.62 (depth 1, 20 lits): UNSAT in 0.02s
    cube 3980.63 (depth 1, 20 lits): UNSAT in 0.01s
    cube 3980.64 (depth 1, 20 lits): UNSAT in 0.02s
    cube 3980.65 (depth 1, 20 lits): UNSAT in 0.02s
    cube 3980.66 (depth 1, 20 lits): UNSAT in 0.02s
    cube 3980.67 (depth 1, 20 lits): UNSAT in 0.01s
    cube 3980.68 (depth 1, 20 lits): UNSAT in 0.04s
    cube 3980.69 (depth 1, 20 lits): UNSAT in 0.02s
    cube 3980.70 (depth 1, 20 lits): UNSAT in 0.08s
    cube 3980.71 (depth 1, 20 lits): UNSAT in 0.04s
    cube 3980.72 (depth 1, 20 lits): UNSAT in 0.03s
    cube 3980.73 (depth 1, 20 lits): UNSAT in 0.03s
    cube 3980.74 (depth 1, 20 lits): UNSAT in 0.15s
    cube 3980.75 (depth 1, 20 lits): UNSAT in 0.02s
    cube 3980.76 (depth 1, 20 lits): UNSAT in 0.03s
    cube 3980.77 (depth 1, 20 lits): UNSAT in 0.02s
    cube 3980.78 (depth 1, 20 lits): UNSAT in 0.02s
    cube 3980.79 (depth 1, 20 lits): UNSAT in 0.01s
    cube 3980.80 (depth 1, 20 lits): UNSAT in 0.03s
    cube 3980.81 (depth 1, 20 lits): UNSAT in 0.06s
    cube 3980.82 (depth 1, 20 lits): UNSAT in 0.04s
    cube 3980.83 (depth 1, 20 lits): UNSAT in 0.02s
    cube 3980.84 (depth 1, 20 lits): UNSAT in 0.02s
    cube 3980.85 (depth 1, 20 lits): UNSAT in 0.01s
    cube 3980.86 (depth 1, 20 lits): UNSAT in 0.06s
    cube 3980.87 (depth 1, 20 lits): UNSAT in 0.02s
    cube 3980.88 (depth 1, 20 lits): UNSAT in 0.04s
    cube 3980.89 (depth 1, 20 lits): UNSAT in 0.23s
    cube 3980.90 (depth 1, 20 lits): UNSAT in 0.33s
    cube 3980.91 (depth 1, 20 lits): UNSAT in 0.02s
    cube 3980.92 (depth 1, 20 lits): UNSAT in 0.02s
    cube 3980.93 (depth 1, 19 lits): UNSAT in 0.02s
    cube 3980.94 (depth 1, 20 lits): UNSAT in 0.02s
    cube 3980.95 (depth 1, 20 lits): UNSAT in 0.04s
    cube 3980.96 (depth 1, 20 lits): UNSAT in 0.04s
    cube 3980.97 (depth 1, 20 lits): UNSAT in 0.02s
    cube 3980.98 (depth 1, 20 lits): UNSAT in 0.01s
    cube 3980.99 (depth 1, 20 lits): UNSAT in 0.02s
    cube 3980.100 (depth 1, 19 lits): UNSAT in 0.02s
    cube 3980.101 (depth 1, 20 lits): UNSAT in 0.05s
    cube 3980.102 (depth 1, 20 lits): UNSAT in 0.02s
    cube 3980.103 (depth 1, 20 lits): UNSAT in 0.01s
    cube 3980.104 (depth 1, 20 lits): UNSAT in 0.18s
    cube 3980.105 (depth 1, 20 lits): UNSAT in 0.03s
    cube 3980.106 (depth 1, 20 lits): UNSAT in 0.06s
    cube 3980.107 (depth 1, 20 lits): UNSAT in 0.02s
    cube 3980.108 (depth 1, 20 lits): UNSAT in 0.06s
    cube 3980.109 (depth 1, 20 lits): UNSAT in 0.03s
    cube 3980.110 (depth 1, 20 lits): UNSAT in 0.03s
    cube 3980.111 (depth 1, 20 lits): UNSAT in 0.15s
    cube 3980.112 (depth 1, 20 lits): UNSAT in 0.20s
    cube 3980.113 (depth 1, 19 lits): UNSAT in 0.01s
    cube 3980.114 (depth 1, 20 lits): UNSAT in 0.06s
    cube 3980.115 (depth 1, 20 lits): UNSAT in 0.12s
    cube 3980.116 (depth 1, 20 lits): UNSAT in 0.10s
    cube 3980.117 (depth 1, 20 lits): UNSAT in 0.08s
    cube 3980.118 (depth 1, 20 lits): UNSAT in 0.18s
    cube 3980.119 (depth 1, 20 lits): UNSAT in 1.21s
    cube 3980.120 (depth 1, 19 lits): UNSAT in 0.02s
    cube 3980.121 (depth 1, 20 lits): UNSAT in 0.02s
    cube 3980.122 (depth 1, 20 lits): UNSAT in 0.03s
    cube 3980.123 (depth 1, 20 lits): UNSAT in 0.02s
    cube 3980.124 (depth 1, 20 lits): UNSAT in 0.04s
    cube 3980.125 (depth 1, 20 lits): UNSAT in 0.03s
    cube 3980.126 (depth 1, 20 lits): UNSAT in 0.11s
    cube 3980.127 (depth 1, 20 lits): UNSAT in 0.03s
    cube 3980.128 (depth 1, 20 lits): UNSAT in 0.03s
    cube 3980.129 (depth 1, 20 lits): UNSAT in 0.04s
    cube 3980.130 (depth 1, 20 lits): UNSAT in 0.05s
    cube 3980.131 (depth 1, 20 lits): UNSAT in 0.03s
    cube 3980.132 (depth 1, 20 lits): UNSAT in 0.11s
    cube 3980.133 (depth 1, 20 lits): UNSAT in 0.42s
    cube 3980.134 (depth 1, 20 lits): UNSAT in 0.52s
    cube 3980.135 (depth 1, 20 lits): UNSAT in 0.02s
    cube 3980.136 (depth 1, 20 lits): UNSAT in 0.02s
    cube 3980.137 (depth 1, 20 lits): UNSAT in 0.03s
    cube 3980.138 (depth 1, 20 lits): UNSAT in 0.07s
    cube 3980.139 (depth 1, 20 lits): UNSAT in 0.03s
    cube 3980.140 (depth 1, 20 lits): UNSAT in 0.08s
    cube 3980.141 (depth 1, 20 lits): UNSAT in 0.09s
    cube 3980.142 (depth 1, 20 lits): UNSAT in 0.13s
    cube 3980.143 (depth 1, 20 lits): UNSAT in 0.06s
    cube 3980.144 (depth 1, 20 lits): UNSAT in 0.09s
    cube 3980.145 (depth 1, 20 lits): UNSAT in 0.16s
    cube 3980.146 (depth 1, 20 lits): UNSAT in 0.32s
    cube 3980.147 (depth 1, 20 lits): UNSAT in 0.17s
    cube 3980.148 (depth 1, 20 lits): UNSAT in 0.30s
    cube 3980.149 (depth 1, 20 lits): UNSAT in 0.14s
    cube 3980.150 (depth 1, 20 lits): UNSAT in 0.27s
    cube 3980.151 (depth 1, 20 lits): UNSAT in 0.01s
    cube 3980.152 (depth 1, 20 lits): UNSAT in 0.02s
    cube 3980.153 (depth 1, 20 lits): UNSAT in 0.02s
    cube 3980.154 (depth 1, 20 lits): UNSAT in 0.03s
    cube 3980.155 (depth 1, 20 lits): UNSAT in 0.03s
    cube 3980.156 (depth 1, 20 lits): UNSAT in 0.05s
    cube 3980.157 (depth 1, 20 lits): UNSAT in 0.05s
    cube 3980.158 (depth 1, 20 lits): UNSAT in 0.17s
    cube 3980.159 (depth 1, 20 lits): UNSAT in 0.02s
    cube 3980.160 (depth 1, 20 lits): UNSAT in 0.04s
    cube 3980.161 (depth 1, 20 lits): UNSAT in 0.03s
    cube 3980.162 (depth 1, 20 lits): UNSAT in 0.06s
    cube 3980.163 (depth 1, 20 lits): UNSAT in 0.13s
    cube 3980.164 (depth 1, 20 lits): UNSAT in 0.29s
    cube 3980.165 (depth 1, 20 lits): UNSAT in 0.05s
    cube 3980.166 (depth 1, 20 lits): UNSAT in 0.05s
    cube 3980.167 (depth 1, 20 lits): UNSAT in 0.01s
    cube 3980.168 (depth 1, 20 lits): UNSAT in 0.02s
    cube 3980.169 (depth 1, 20 lits): UNSAT in 0.02s
    cube 3980.170 (depth 1, 20 lits): UNSAT in 0.07s
    cube 3980.171 (depth 1, 20 lits): UNSAT in 0.20s
    cube 3980.172 (depth 1, 20 lits): UNSAT in 0.16s
    cube 3980.173 (depth 1, 20 lits): UNSAT in 0.03s
    cube 3980.174 (depth 1, 20 lits): UNSAT in 0.08s
    cube 3980.175 (depth 1, 20 lits): UNSAT in 0.09s
    cube 3980.176 (depth 1, 20 lits): UNSAT in 0.16s
    cube 3980.177 (depth 1, 20 lits): UNSAT in 0.20s
    cube 3980.178 (depth 1, 20 lits): UNSAT in 0.16s
    cube 3980.179 (depth 1, 20 lits): UNSAT in 0.26s
    cube 3980.180 (depth 1, 20 lits): UNSAT in 0.32s
    cube 3980.181 (depth 1, 20 lits): UNSAT in 0.73s
    cube 3980.182 (depth 1, 20 lits): UNSAT in 1.30s
    cube 3980.183 (depth 1, 20 lits): UNSAT in 0.02s
    cube 3980.184 (depth 1, 20 lits): UNSAT in 0.03s
    cube 3980.185 (depth 1, 20 lits): UNSAT in 0.02s
    cube 3980.186 (depth 1, 20 lits): UNSAT in 0.11s
    cube 3980.187 (depth 1, 20 lits): UNSAT in 0.06s
    cube 3980.188 (depth 1, 20 lits): UNSAT in 0.21s
    cube 3980.189 (depth 1, 20 lits): UNSAT in 0.15s
    cube 3980.190 (depth 1, 20 lits): UNSAT in 0.24s
    cube 3980.191 (depth 1, 20 lits): UNSAT in 0.11s
    cube 3980.192 (depth 1, 20 lits): UNSAT in 0.11s
    cube 3980.193 (depth 1, 20 lits): UNSAT in 0.18s
    cube 3980.194 (depth 1, 20 lits): UNSAT in 0.16s
    cube 3980.195 (depth 1, 20 lits): UNSAT in 0.04s
    cube 3980.196 (depth 1, 20 lits): UNSAT in 0.04s
    cube 3980.197 (depth 1, 20 lits): UNSAT in 0.30s
    cube 3980.198 (depth 1, 20 lits): UNSAT in 1.98s
    cube 3980.199 (depth 1, 20 lits): UNSAT in 0.05s
    cube 3980.200 (depth 1, 20 lits): UNSAT in 0.13s
    cube 3980.201 (depth 1, 20 lits): UNSAT in 0.17s
    cube 3980.202 (depth 1, 20 lits): UNSAT in 0.81s
    cube 3980.203 (depth 1, 20 lits): UNSAT in 0.43s
    cube 3980.204 (depth 1, 20 lits): UNSAT in 0.51s
    cube 3980.205 (depth 1, 20 lits): UNSAT in 0.49s
    cube 3980.206 (depth 1, 20 lits): UNSAT in 4.15s
    cube 3980.207 (depth 1, 20 lits): UNSAT in 0.35s
    cube 3980.208 (depth 1, 20 lits): UNSAT in 1.26s
    cube 3980.209 (depth 1, 20 lits): UNSAT in 0.48s
    cube 3980.210 (depth 1, 20 lits): UNSAT in 2.84s
    cube 3980.211 (depth 1, 20 lits): UNSAT in 0.73s
    cube 3980.212 (depth 1, 20 lits): UNSAT in 1.91s
    cube 3980.213 (depth 1, 20 lits): UNSAT in 3.83s
    cube 3980.214 (depth 1, 20 lits): UNSAT in 15.72s
    cube 3980.215 (depth 1, 20 lits): UNSAT in 0.03s
    cube 3980.216 (depth 1, 20 lits): UNSAT in 0.02s
    cube 3980.217 (depth 1, 20 lits): UNSAT in 0.05s
    cube 3980.218 (depth 1, 20 lits): UNSAT in 0.07s
    cube 3980.219 (depth 1, 20 lits): UNSAT in 0.18s
    cube 3980.220 (depth 1, 20 lits): UNSAT in 0.29s
    cube 3980.221 (depth 1, 20 lits): UNSAT in 0.15s
    cube 3980.222 (depth 1, 20 lits): UNSAT in 0.19s
    cube 3980.223 (depth 1, 20 lits): UNSAT in 0.16s
    cube 3980.224 (depth 1, 20 lits): UNSAT in 0.25s
    cube 3980.225 (depth 1, 20 lits): UNSAT in 0.35s
    cube 3980.226 (depth 1, 20 lits): UNSAT in 1.82s
    cube 3980.227 (depth 1, 20 lits): UNSAT in 0.42s
    cube 3980.228 (depth 1, 20 lits): UNSAT in 0.40s
    cube 3980.229 (depth 1, 20 lits): UNSAT in 0.62s
    cube 3980.230 (depth 1, 20 lits): UNSAT in 3.71s
    cube 3980.231 (depth 1, 20 lits): UNSAT in 0.16s
    cube 3980.232 (depth 1, 20 lits): UNSAT in 0.09s
    cube 3980.233 (depth 1, 20 lits): UNSAT in 0.25s
    cube 3980.234 (depth 1, 20 lits): UNSAT in 0.27s
    cube 3980.235 (depth 1, 20 lits): UNSAT in 0.19s
    cube 3980.236 (depth 1, 20 lits): UNSAT in 0.17s
    cube 3980.237 (depth 1, 20 lits): UNSAT in 0.50s
    cube 3980.238 (depth 1, 20 lits): UNSAT in 1.67s
    cube 3980.239 (depth 1, 20 lits): UNSAT in 0.36s
    cube 3980.240 (depth 1, 20 lits): UNSAT in 0.98s
    cube 3980.241 (depth 1, 20 lits): UNSAT in 2.07s
    cube 3980.242 (depth 1, 20 lits): UNSAT in 10.73s
    cube 3980.243 (depth 1, 20 lits): UNSAT in 1.24s
    cube 3980.244 (depth 1, 20 lits): UNSAT in 6.42s
    cube 3980.245 (depth 1, 20 lits): UNSAT in 11.12s
    cube 3980.246 (depth 1, 20 lits): UNSAT in 53.03s

  shard 23 verdict: UNSAT (1 UNSAT, 0 unresolved) in 1355.3s
