  shard 1/4 (round-robin): 928 of 3712 cubes, per-cube cap 2400.0s, re-split depth 9
    cube 1 (depth 0, 22 lits): UNSAT in 0.01s
    cube 5 (depth 0, 21 lits): UNSAT in 0.01s
    cube 9 (depth 0, 22 lits): UNSAT in 0.02s
    cube 13 (depth 0, 24 lits): UNSAT in 0.01s
    cube 17 (depth 0, 23 lits): UNSAT in 0.01s
    cube 21 (depth 0, 24 lits): UNSAT in 0.01s
    cube 25 (depth 0, 24 lits): UNSAT in 0.01s
    cube 29 (depth 0, 24 lits): UNSAT in 0.01s
    cube 33 (depth 0, 22 lits): UNSAT in 0.01s
    cube 37 (depth 0, 23 lits): UNSAT in 0.01s
    cube 41 (depth 0, 24 lits): UNSAT in 0.01s
    cube 45 (depth 0, 22 lits): UNSAT in 0.01s
    cube 49 (depth 0, 24 lits): UNSAT in 0.02s
    cube 53 (depth 0, 24 lits): UNSAT in 0.02s
    cube 57 (depth 0, 24 lits): UNSAT in 0.01s
    cube 61 (depth 0, 24 lits): UNSAT in 0.02s
    cube 65 (depth 0, 24 lits): UNSAT in 0.01s
    cube 69 (depth 0, 23 lits): UNSAT in 0.01s
    cube 73 (depth 0, 23 lits): UNSAT in 0.01s
    cube 77 (depth 0, 23 lits): UNSAT in 0.01s
    cube 81 (depth 0, 24 lits): UNSAT in 0.01s
    cube 85 (depth 0, 24 lits): UNSAT in 0.02s
    cube 89 (depth 0, 24 lits): UNSAT in 0.02s
    cube 93 (depth 0, 23 lits): UNSAT in 0.02s
    cube 97 (depth 0, 24 lits): UNSAT in 0.02s
    cube 101 (depth 0, 24 lits): UNSAT in 0.01s
    cube 105 (depth 0, 24 lits): UNSAT in 0.02s
    cube 109 (depth 0, 23 lits): UNSAT in 0.01s
    cube 113 (depth 0, 24 lits): UNSAT in 0.02s
    cube 117 (depth 0, 24 lits): UNSAT in 0.02s
    cube 121 (depth 0, 24 lits): UNSAT in 0.05s
    cube 125 (depth 0, 24 lits): UNSAT in 0.10s
    cube 129 (depth 0, 24 lits): UNSAT in 0.06s
    cube 133 (depth 0, 24 lits): UNSAT in 0.26s
    cube 137 (depth 0, 24 lits): UNSAT in 0.04s
    cube 141 (depth 0, 21 lits): UNSAT in 0.01s
    cube 145 (depth 0, 24 lits): UNSAT in 0.02s
    cube 149 (depth 0, 23 lits): UNSAT in 0.02s
    cube 153 (depth 0, 24 lits): UNSAT in 0.01s
    cube 157 (depth 0, 24 lits): UNSAT in 0.02s
    cube 161 (depth 0, 24 lits): UNSAT in 0.01s
    cube 165 (depth 0, 23 lits): UNSAT in 0.01s
    cube 169 (depth 0, 23 lits): UNSAT in 0.01s
    cube 173 (depth 0, 24 lits): UNSAT in 0.01s
    cube 177 (depth 0, 24 lits): UNSAT in 0.02s
    cube 181 (depth 0, 24 lits): UNSAT in 0.01s
    cube 185 (depth 0, 24 lits): UNSAT in 0.02s
    cube 189 (depth 0, 24 lits): UNSAT in 0.02s
    cube 193 (depth 0, 24 lits): UNSAT in 0.03s
    cube 197 (depth 0, 24 lits): UNSAT in 0.05s
    cube 201 (depth 0, 24 lits): UNSAT in 0.18s
    cube 205 (depth 0, 24 lits): UNSAT in 0.01s
    cube 209 (depth 0, 24 lits): UNSAT in 0.02s
    cube 213 (depth 0, 24 lits): UNSAT in 0.02s
    cube 217 (depth 0, 24 lits): UNSAT in 0.01s
    cube 221 (depth 0, 24 lits): UNSAT in 0.01s
    cube 225 (depth 0, 23 lits): UNSAT in 0.01s
    cube 229 (depth 0, 24 lits): UNSAT in 0.01s
    cube 233 (depth 0, 24 lits): UNSAT in 0.01s
    cube 237 (depth 0, 24 lits): UNSAT in 0.02s
    cube 241 (depth 0, 24 lits): UNSAT in 0.01s
    cube 245 (depth 0, 24 lits): UNSAT in 0.01s
    cube 249 (depth 0, 24 lits): UNSAT in 0.04s
    cube 253 (depth 0, 24 lits): UNSAT in 0.02s
    cube 257 (depth 0, 24 lits): UNSAT in 0.02s
    cube 261 (depth 0, 24 lits): UNSAT in 0.01s
    cube 265 (depth 0, 24 lits): UNSAT in 0.02s
    cube 269 (depth 0, 23 lits): UNSAT in 0.01s
    cube 273 (depth 0, 24 lits): UNSAT in 0.01s
    cube 277 (depth 0, 24 lits): UNSAT in 0.04s
    cube 281 (depth 0, 24 lits): UNSAT in 0.16s
    cube 285 (depth 0, 24 lits): UNSAT in 0.05s
    cube 289 (depth 0, 24 lits): UNSAT in 0.01s
    cube 293 (depth 0, 24 lits): UNSAT in 0.09s
    cube 297 (depth 0, 24 lits): UNSAT in 0.02s
    cube 301 (depth 0, 24 lits): UNSAT in 0.04s
    cube 305 (depth 0, 24 lits): UNSAT in 0.02s
    cube 309 (depth 0, 24 lits): UNSAT in 0.15s
    cube 313 (depth 0, 24 lits): UNSAT in 0.19s
    cube 317 (depth 0, 24 lits): UNSAT in 2.18s
    cube 321 (depth 0, 22 lits): UNSAT in 0.01s
    cube 325 (depth 0, 24 lits): UNSAT in 0.01s
    cube 329 (depth 0, 24 lits): UNSAT in 0.01s
    cube 333 (depth 0, 24 lits): UNSAT in 0.02s
    cube 337 (depth 0, 24 lits): UNSAT in 0.01s
    cube 341 (depth 0, 23 lits): UNSAT in 0.01s
    cube 345 (depth 0, 24 lits): UNSAT in 0.02s
    cube 349 (depth 0, 24 lits): UNSAT in 0.01s
    cube 353 (depth 0, 24 lits): UNSAT in 0.01s
    cube 357 (depth 0, 24 lits): UNSAT in 0.01s
    cube 361 (depth 0, 23 lits): UNSAT in 0.01s
    cube 365 (depth 0, 23 lits): UNSAT in 0.01s
    cube 369 (depth 0, 24 lits): UNSAT in 0.01s
    cube 373 (depth 0, 24 lits): UNSAT in 0.01s
    cube 377 (depth 0, 24 lits): UNSAT in 0.03s
    cube 381 (depth 0, 24 lits): UNSAT in 0.42s
    cube 385 (depth 0, 23 lits): UNSAT in 0.01s
    cube 389 (depth 0, 24 lits): UNSAT in 0.04s
    cube 393 (depth 0, 24 lits): UNSAT in 0.02s
    cube 397 (depth 0, 24 lits): UNSAT in 0.11s
    cube 401 (depth 0, 24 lits): UNSAT in 0.06s
    cube 405 (depth 0, 24 lits): UNSAT in 0.13s
    cube 409 (depth 0, 24 lits): UNSAT in 0.02s
    cube 413 (depth 0, 24 lits): UNSAT in 0.02s
    cube 417 (depth 0, 23 lits): UNSAT in 0.01s
    cube 421 (depth 0, 24 lits): UNSAT in 0.03s
    cube 425 (depth 0, 24 lits): UNSAT in 0.01s
    cube 429 (depth 0, 24 lits): UNSAT in 0.03s
    cube 433 (depth 0, 24 lits): UNSAT in 0.02s
    cube 437 (depth 0, 24 lits): UNSAT in 0.03s
    cube 441 (depth 0, 24 lits): UNSAT in 0.09s
    cube 445 (depth 0, 24 lits): UNSAT in 0.09s
    cube 449 (depth 0, 24 lits): UNSAT in 0.34s
    cube 453 (depth 0, 24 lits): UNSAT in 0.05s
    cube 457 (depth 0, 24 lits): UNSAT in 0.15s
    cube 461 (depth 0, 24 lits): UNSAT in 0.60s
    cube 465 (depth 0, 24 lits): UNSAT in 3.31s
    cube 469 (depth 0, 23 lits): UNSAT in 0.01s
    cube 473 (depth 0, 24 lits): UNSAT in 0.02s
    cube 477 (depth 0, 24 lits): UNSAT in 0.01s
    cube 481 (depth 0, 24 lits): UNSAT in 0.01s
    cube 485 (depth 0, 24 lits): UNSAT in 0.02s
    cube 489 (depth 0, 24 lits): UNSAT in 0.30s
    cube 493 (depth 0, 24 lits): UNSAT in 0.06s
    cube 497 (depth 0, 24 lits): UNSAT in 0.04s
    cube 501 (depth 0, 24 lits): UNSAT in 0.04s
    cube 505 (depth 0, 24 lits): UNSAT in 0.12s
    cube 509 (depth 0, 24 lits): UNSAT in 0.06s
    cube 513 (depth 0, 24 lits): UNSAT in 0.08s
    cube 517 (depth 0, 24 lits): UNSAT in 0.02s
    cube 521 (depth 0, 24 lits): UNSAT in 1.01s
    cube 525 (depth 0, 22 lits): UNSAT in 0.01s
    cube 529 (depth 0, 23 lits): UNSAT in 0.01s
    cube 533 (depth 0, 24 lits): UNSAT in 0.02s
    cube 537 (depth 0, 24 lits): UNSAT in 0.02s
    cube 541 (depth 0, 24 lits): UNSAT in 0.05s
    cube 545 (depth 0, 23 lits): UNSAT in 0.01s
    cube 549 (depth 0, 24 lits): UNSAT in 0.01s
    cube 553 (depth 0, 23 lits): UNSAT in 0.01s
    cube 557 (depth 0, 24 lits): UNSAT in 0.04s
    cube 561 (depth 0, 24 lits): UNSAT in 0.06s
    cube 565 (depth 0, 24 lits): UNSAT in 0.39s
    cube 569 (depth 0, 24 lits): UNSAT in 0.01s
    cube 573 (depth 0, 24 lits): UNSAT in 0.03s
    cube 577 (depth 0, 24 lits): UNSAT in 0.01s
    cube 581 (depth 0, 24 lits): UNSAT in 0.01s
    cube 585 (depth 0, 24 lits): UNSAT in 0.01s
    cube 589 (depth 0, 24 lits): UNSAT in 0.01s
    cube 593 (depth 0, 24 lits): UNSAT in 0.11s
    cube 597 (depth 0, 24 lits): UNSAT in 0.04s
    cube 601 (depth 0, 24 lits): UNSAT in 0.03s
    cube 605 (depth 0, 24 lits): UNSAT in 0.04s
    cube 609 (depth 0, 24 lits): UNSAT in 0.01s
    cube 613 (depth 0, 24 lits): UNSAT in 0.02s
    cube 617 (depth 0, 24 lits): UNSAT in 0.26s
    cube 621 (depth 0, 24 lits): UNSAT in 0.02s
    cube 625 (depth 0, 24 lits): UNSAT in 1.12s
    cube 629 (depth 0, 24 lits): UNSAT in 0.02s
    cube 633 (depth 0, 24 lits): UNSAT in 0.03s
    cube 637 (depth 0, 24 lits): UNSAT in 0.02s
    cube 641 (depth 0, 24 lits): UNSAT in 0.02s
    cube 645 (depth 0, 24 lits): UNSAT in 0.01s
    cube 649 (depth 0, 24 lits): UNSAT in 0.10s
    cube 653 (depth 0, 24 lits): UNSAT in 0.03s
    cube 657 (depth 0, 24 lits): UNSAT in 0.57s
    cube 661 (depth 0, 24 lits): UNSAT in 0.03s
    cube 665 (depth 0, 24 lits): UNSAT in 0.02s
    cube 669 (depth 0, 24 lits): UNSAT in 0.31s
    cube 673 (depth 0, 24 lits): UNSAT in 1.24s
    cube 677 (depth 0, 24 lits): UNSAT in 0.07s
    cube 681 (depth 0, 24 lits): UNSAT in 0.69s
    cube 685 (depth 0, 24 lits): UNSAT in 0.17s
    cube 689 (depth 0, 24 lits): UNSAT in 7.75s
    cube 693 (depth 0, 24 lits): UNSAT in 0.06s
    cube 697 (depth 0, 24 lits): UNSAT in 0.12s
    cube 701 (depth 0, 24 lits): UNSAT in 0.05s
    cube 705 (depth 0, 24 lits): UNSAT in 2.05s
    cube 709 (depth 0, 24 lits): UNSAT in 0.21s
    cube 713 (depth 0, 24 lits): UNSAT in 0.85s
    cube 717 (depth 0, 24 lits): UNSAT in 4.02s
    cube 721 (depth 0, 24 lits): UNSAT in 4.96s
    cube 725 (depth 0, 24 lits): UNSAT in 0.11s
    cube 729 (depth 0, 24 lits): UNSAT in 4.45s
    cube 733 (depth 0, 24 lits): UNSAT in 1.61s
    cube 737 (depth 0, 24 lits): UNSAT in 10.06s
    cube 741 (depth 0, 24 lits): UNSAT in 3.32s
    cube 745 (depth 0, 24 lits): UNSAT in 25.29s
    cube 749 (depth 0, 24 lits): UNSAT in 43.06s
    cube 753 (depth 0, 24 lits): UNSAT in 321.07s
    cube 757 (depth 0, 22 lits): UNSAT in 0.01s
    cube 761 (depth 0, 24 lits): UNSAT in 0.01s
    cube 765 (depth 0, 24 lits): UNSAT in 0.02s
    cube 769 (depth 0, 24 lits): UNSAT in 0.01s
    cube 773 (depth 0, 23 lits): UNSAT in 0.01s
    cube 777 (depth 0, 24 lits): UNSAT in 0.01s
    cube 781 (depth 0, 24 lits): UNSAT in 0.01s
    cube 785 (depth 0, 24 lits): UNSAT in 0.01s
    cube 789 (depth 0, 24 lits): UNSAT in 0.01s
    cube 793 (depth 0, 22 lits): UNSAT in 0.01s
    cube 797 (depth 0, 24 lits): UNSAT in 0.01s
    cube 801 (depth 0, 24 lits): UNSAT in 0.01s
    cube 805 (depth 0, 24 lits): UNSAT in 0.01s
    cube 809 (depth 0, 24 lits): UNSAT in 0.01s
    cube 813 (depth 0, 24 lits): UNSAT in 0.01s
    cube 817 (depth 0, 23 lits): UNSAT in 0.01s
    cube 821 (depth 0, 24 lits): UNSAT in 0.01s
    cube 825 (depth 0, 24 lits): UNSAT in 0.01s
    cube 829 (depth 0, 24 lits): UNSAT in 0.01s
    cube 833 (depth 0, 24 lits): UNSAT in 0.03s
    cube 837 (depth 0, 24 lits): UNSAT in 0.01s
    cube 841 (depth 0, 24 lits): UNSAT in 0.02s
    cube 845 (depth 0, 22 lits): UNSAT in 0.01s
    cube 849 (depth 0, 24 lits): UNSAT in 0.05s
    cube 853 (depth 0, 24 lits): UNSAT in 0.03s
    cube 857 (depth 0, 24 lits): UNSAT in 0.06s
    cube 861 (depth 0, 24 lits): UNSAT in 0.02s
    cube 865 (depth 0, 24 lits): UNSAT in 0.01s
    cube 869 (depth 0, 24 lits): UNSAT in 0.05s
    cube 873 (depth 0, 24 lits): UNSAT in 0.03s
    cube 877 (depth 0, 24 lits): UNSAT in 0.07s
    cube 881 (depth 0, 24 lits): UNSAT in 0.03s
    cube 885 (depth 0, 24 lits): UNSAT in 0.11s
    cube 889 (depth 0, 24 lits): UNSAT in 0.02s
    cube 893 (depth 0, 24 lits): UNSAT in 0.09s
    cube 897 (depth 0, 24 lits): UNSAT in 0.05s
    cube 901 (depth 0, 24 lits): UNSAT in 0.12s
    cube 905 (depth 0, 24 lits): UNSAT in 0.01s
    cube 909 (depth 0, 24 lits): UNSAT in 0.01s
    cube 913 (depth 0, 24 lits): UNSAT in 0.01s
    cube 917 (depth 0, 24 lits): UNSAT in 0.01s
    cube 921 (depth 0, 24 lits): UNSAT in 0.02s
    cube 925 (depth 0, 24 lits): UNSAT in 0.01s
    cube 929 (depth 0, 24 lits): UNSAT in 0.08s
    cube 933 (depth 0, 24 lits): UNSAT in 0.01s
    cube 937 (depth 0, 24 lits): UNSAT in 0.02s
    cube 941 (depth 0, 24 lits): UNSAT in 0.04s
    cube 945 (depth 0, 24 lits): UNSAT in 0.10s
    cube 949 (depth 0, 24 lits): UNSAT in 0.02s
    cube 953 (depth 0, 24 lits): UNSAT in 0.03s
    cube 957 (depth 0, 24 lits): UNSAT in 0.20s
    cube 961 (depth 0, 24 lits): UNSAT in 1.09s
    cube 965 (depth 0, 23 lits): UNSAT in 0.02s
    cube 969 (depth 0, 24 lits): UNSAT in 0.02s
    cube 973 (depth 0, 24 lits): UNSAT in 0.01s
    cube 977 (depth 0, 24 lits): UNSAT in 0.02s
    cube 981 (depth 0, 24 lits): UNSAT in 0.01s
    cube 985 (depth 0, 24 lits): UNSAT in 0.03s
    cube 989 (depth 0, 24 lits): UNSAT in 0.03s
    cube 993 (depth 0, 24 lits): UNSAT in 0.09s
    cube 997 (depth 0, 24 lits): UNSAT in 0.03s
    cube 1001 (depth 0, 24 lits): UNSAT in 0.01s
    cube 1005 (depth 0, 24 lits): UNSAT in 0.03s
    cube 1009 (depth 0, 24 lits): UNSAT in 0.12s
    cube 1013 (depth 0, 24 lits): UNSAT in 0.02s
    cube 1017 (depth 0, 24 lits): UNSAT in 0.14s
    cube 1021 (depth 0, 24 lits): UNSAT in 0.04s
    cube 1025 (depth 0, 24 lits): UNSAT in 0.62s
    cube 1029 (depth 0, 23 lits): UNSAT in 0.01s
    cube 1033 (depth 0, 24 lits): UNSAT in 0.03s
    cube 1037 (depth 0, 24 lits): UNSAT in 0.05s
    cube 1041 (depth 0, 24 lits): UNSAT in 0.61s
    cube 1045 (depth 0, 24 lits): UNSAT in 0.05s
    cube 1049 (depth 0, 24 lits): UNSAT in 0.54s
    cube 1053 (depth 0, 24 lits): UNSAT in 0.93s
    cube 1057 (depth 0, 24 lits): UNSAT in 3.39s
    cube 1061 (depth 0, 24 lits): UNSAT in 0.07s
    cube 1065 (depth 0, 24 lits): UNSAT in 0.09s
    cube 1069 (depth 0, 24 lits): UNSAT in 0.45s
    cube 1073 (depth 0, 24 lits): UNSAT in 3.04s
    cube 1077 (depth 0, 24 lits): UNSAT in 0.12s
    cube 1081 (depth 0, 24 lits): UNSAT in 1.03s
    cube 1085 (depth 0, 24 lits): UNSAT in 3.92s
    cube 1089 (depth 0, 24 lits): UNSAT in 56.39s
    cube 1093 (depth 0, 24 lits): UNSAT in 0.01s
    cube 1097 (depth 0, 24 lits): UNSAT in 0.02s
    cube 1101 (depth 0, 24 lits): UNSAT in 0.03s
    cube 1105 (depth 0, 24 lits): UNSAT in 0.03s
    cube 1109 (depth 0, 24 lits): UNSAT in 0.08s
    cube 1113 (depth 0, 24 lits): UNSAT in 0.02s
    cube 1117 (depth 0, 24 lits): UNSAT in 0.05s
    cube 1121 (depth 0, 24 lits): UNSAT in 0.06s
    cube 1125 (depth 0, 24 lits): UNSAT in 0.10s
    cube 1129 (depth 0, 24 lits): UNSAT in 0.06s
    cube 1133 (depth 0, 24 lits): UNSAT in 0.12s
    cube 1137 (depth 0, 24 lits): UNSAT in 0.09s
    cube 1141 (depth 0, 24 lits): UNSAT in 0.54s
    cube 1145 (depth 0, 24 lits): UNSAT in 0.16s
    cube 1149 (depth 0, 24 lits): UNSAT in 3.62s
    cube 1153 (depth 0, 23 lits): UNSAT in 0.01s
    cube 1157 (depth 0, 24 lits): UNSAT in 0.03s
    cube 1161 (depth 0, 24 lits): UNSAT in 0.02s
    cube 1165 (depth 0, 24 lits): UNSAT in 0.04s
    cube 1169 (depth 0, 24 lits): UNSAT in 0.09s
    cube 1173 (depth 0, 24 lits): UNSAT in 0.03s
    cube 1177 (depth 0, 24 lits): UNSAT in 0.13s
    cube 1181 (depth 0, 24 lits): UNSAT in 0.02s
    cube 1185 (depth 0, 24 lits): UNSAT in 0.02s
    cube 1189 (depth 0, 24 lits): UNSAT in 0.06s
    cube 1193 (depth 0, 24 lits): UNSAT in 0.17s
    cube 1197 (depth 0, 24 lits): UNSAT in 0.08s
    cube 1201 (depth 0, 24 lits): UNSAT in 0.99s
    cube 1205 (depth 0, 24 lits): UNSAT in 0.16s
    cube 1209 (depth 0, 24 lits): UNSAT in 1.27s
    cube 1213 (depth 0, 22 lits): UNSAT in 0.01s
    cube 1217 (depth 0, 24 lits): UNSAT in 0.01s
    cube 1221 (depth 0, 24 lits): UNSAT in 0.01s
    cube 1225 (depth 0, 24 lits): UNSAT in 0.01s
    cube 1229 (depth 0, 24 lits): UNSAT in 0.03s
    cube 1233 (depth 0, 24 lits): UNSAT in 0.03s
    cube 1237 (depth 0, 24 lits): UNSAT in 0.04s
    cube 1241 (depth 0, 24 lits): UNSAT in 0.01s
    cube 1245 (depth 0, 24 lits): UNSAT in 0.01s
    cube 1249 (depth 0, 24 lits): UNSAT in 0.01s
    cube 1253 (depth 0, 24 lits): UNSAT in 0.04s
    cube 1257 (depth 0, 24 lits): UNSAT in 0.01s
    cube 1261 (depth 0, 24 lits): UNSAT in 0.05s
    cube 1265 (depth 0, 24 lits): UNSAT in 0.06s
    cube 1269 (depth 0, 24 lits): UNSAT in 0.08s
    cube 1273 (depth 0, 24 lits): UNSAT in 0.02s
    cube 1277 (depth 0, 24 lits): UNSAT in 0.03s
    cube 1281 (depth 0, 24 lits): UNSAT in 0.03s
    cube 1285 (depth 0, 24 lits): UNSAT in 0.04s
    cube 1289 (depth 0, 24 lits): UNSAT in 0.02s
    cube 1293 (depth 0, 24 lits): UNSAT in 0.05s
    cube 1297 (depth 0, 24 lits): UNSAT in 0.02s
    cube 1301 (depth 0, 24 lits): UNSAT in 0.08s
    cube 1305 (depth 0, 24 lits): UNSAT in 0.03s
    cube 1309 (depth 0, 24 lits): UNSAT in 0.10s
    cube 1313 (depth 0, 24 lits): UNSAT in 0.02s
    cube 1317 (depth 0, 24 lits): UNSAT in 0.74s
    cube 1321 (depth 0, 24 lits): UNSAT in 0.06s
    cube 1325 (depth 0, 24 lits): UNSAT in 0.06s
    cube 1329 (depth 0, 24 lits): UNSAT in 0.12s
    cube 1333 (depth 0, 24 lits): UNSAT in 2.20s
    cube 1337 (depth 0, 23 lits): UNSAT in 0.01s
    cube 1341 (depth 0, 24 lits): UNSAT in 0.05s
    cube 1345 (depth 0, 24 lits): UNSAT in 0.04s
    cube 1349 (depth 0, 24 lits): UNSAT in 0.08s
    cube 1353 (depth 0, 24 lits): UNSAT in 0.02s
    cube 1357 (depth 0, 24 lits): UNSAT in 0.12s
    cube 1361 (depth 0, 24 lits): UNSAT in 0.07s
    cube 1365 (depth 0, 24 lits): UNSAT in 1.57s
    cube 1369 (depth 0, 24 lits): UNSAT in 0.03s
    cube 1373 (depth 0, 24 lits): UNSAT in 0.03s
    cube 1377 (depth 0, 24 lits): UNSAT in 0.07s
    cube 1381 (depth 0, 24 lits): UNSAT in 0.91s
    cube 1385 (depth 0, 24 lits): UNSAT in 0.06s
    cube 1389 (depth 0, 24 lits): UNSAT in 0.15s
    cube 1393 (depth 0, 24 lits): UNSAT in 0.37s
    cube 1397 (depth 0, 24 lits): UNSAT in 9.82s
    cube 1401 (depth 0, 24 lits): UNSAT in 0.02s
    cube 1405 (depth 0, 24 lits): UNSAT in 0.45s
    cube 1409 (depth 0, 24 lits): UNSAT in 0.12s
    cube 1413 (depth 0, 24 lits): UNSAT in 0.25s
    cube 1417 (depth 0, 24 lits): UNSAT in 0.10s
    cube 1421 (depth 0, 24 lits): UNSAT in 0.14s
    cube 1425 (depth 0, 24 lits): UNSAT in 2.61s
    cube 1429 (depth 0, 24 lits): UNSAT in 2.73s
    cube 1433 (depth 0, 24 lits): UNSAT in 0.31s
    cube 1437 (depth 0, 24 lits): UNSAT in 1.02s
    cube 1441 (depth 0, 24 lits): UNSAT in 0.46s
    cube 1445 (depth 0, 24 lits): UNSAT in 10.86s
    cube 1449 (depth 0, 24 lits): UNSAT in 2.48s
    cube 1453 (depth 0, 24 lits): UNSAT in 37.55s
    cube 1457 (depth 0, 24 lits): UNSAT in 67.58s
    cube 1461 (depth 0, 24 lits): TIMEOUT in 2400.03s
    cube 1461 TIMEOUT -> re-split into 837 sub-cubes (depth 1)
    cube 1461.0 (depth 1, 32 lits): UNSAT in 0.01s
    cube 1461.1 (depth 1, 33 lits): UNSAT in 0.01s
    cube 1461.2 (depth 1, 33 lits): UNSAT in 0.01s
    cube 1461.3 (depth 1, 32 lits): UNSAT in 0.01s
    cube 1461.4 (depth 1, 33 lits): UNSAT in 0.01s
    cube 1461.5 (depth 1, 34 lits): UNSAT in 0.01s
    cube 1461.6 (depth 1, 34 lits): UNSAT in 0.02s
    cube 1461.7 (depth 1, 32 lits): UNSAT in 0.01s
    cube 1461.8 (depth 1, 32 lits): UNSAT in 0.02s
    cube 1461.9 (depth 1, 33 lits): UNSAT in 0.01s
    cube 1461.10 (depth 1, 34 lits): UNSAT in 0.01s
    cube 1461.11 (depth 1, 34 lits): UNSAT in 0.01s
    cube 1461.12 (depth 1, 34 lits): UNSAT in 0.01s
    cube 1461.13 (depth 1, 34 lits): UNSAT in 0.01s
    cube 1461.14 (depth 1, 34 lits): UNSAT in 0.01s
    cube 1461.15 (depth 1, 34 lits): UNSAT in 0.02s
    cube 1461.16 (depth 1, 32 lits): UNSAT in 0.01s
    cube 1461.17 (depth 1, 32 lits): UNSAT in 0.01s
    cube 1461.18 (depth 1, 32 lits): UNSAT in 0.01s
    cube 1461.19 (depth 1, 32 lits): UNSAT in 0.02s
    cube 1461.20 (depth 1, 32 lits): UNSAT in 0.01s
    cube 1461.21 (depth 1, 34 lits): UNSAT in 0.01s
    cube 1461.22 (depth 1, 34 lits): UNSAT in 0.02s
    cube 1461.23 (depth 1, 34 lits): UNSAT in 0.01s
    cube 1461.24 (depth 1, 34 lits): UNSAT in 0.03s
    cube 1461.25 (depth 1, 34 lits): UNSAT in 0.01s
    cube 1461.26 (depth 1, 34 lits): UNSAT in 0.01s
    cube 1461.27 (depth 1, 33 lits): UNSAT in 0.01s
    cube 1461.28 (depth 1, 34 lits): UNSAT in 0.02s
    cube 1461.29 (depth 1, 34 lits): UNSAT in 0.02s
    cube 1461.30 (depth 1, 34 lits): UNSAT in 0.02s
    cube 1461.31 (depth 1, 34 lits): UNSAT in 0.15s
    cube 1461.32 (depth 1, 31 lits): UNSAT in 0.01s
    cube 1461.33 (depth 1, 34 lits): UNSAT in 0.01s
    cube 1461.34 (depth 1, 34 lits): UNSAT in 0.01s
    cube 1461.35 (depth 1, 34 lits): UNSAT in 0.01s
    cube 1461.36 (depth 1, 34 lits): UNSAT in 0.01s
    cube 1461.37 (depth 1, 34 lits): UNSAT in 0.01s
    cube 1461.38 (depth 1, 34 lits): UNSAT in 0.01s
    cube 1461.39 (depth 1, 34 lits): UNSAT in 0.01s
    cube 1461.40 (depth 1, 34 lits): UNSAT in 0.01s
    cube 1461.41 (depth 1, 33 lits): UNSAT in 0.01s
    cube 1461.42 (depth 1, 34 lits): UNSAT in 0.02s
    cube 1461.43 (depth 1, 34 lits): UNSAT in 0.03s
    cube 1461.44 (depth 1, 34 lits): UNSAT in 0.01s
    cube 1461.45 (depth 1, 34 lits): UNSAT in 0.02s
    cube 1461.46 (depth 1, 34 lits): UNSAT in 0.03s
    cube 1461.47 (depth 1, 34 lits): UNSAT in 0.07s
    cube 1461.48 (depth 1, 34 lits): UNSAT in 0.01s
    cube 1461.49 (depth 1, 34 lits): UNSAT in 0.02s
    cube 1461.50 (depth 1, 34 lits): UNSAT in 0.01s
    cube 1461.51 (depth 1, 34 lits): UNSAT in 0.02s
    cube 1461.52 (depth 1, 34 lits): UNSAT in 0.02s
    cube 1461.53 (depth 1, 34 lits): UNSAT in 0.03s
    cube 1461.54 (depth 1, 34 lits): UNSAT in 0.05s
    cube 1461.55 (depth 1, 34 lits): UNSAT in 0.32s
    cube 1461.56 (depth 1, 33 lits): UNSAT in 0.01s
    cube 1461.57 (depth 1, 34 lits): UNSAT in 0.01s
    cube 1461.58 (depth 1, 34 lits): UNSAT in 0.03s
    cube 1461.59 (depth 1, 34 lits): UNSAT in 0.01s
    cube 1461.60 (depth 1, 34 lits): UNSAT in 0.02s
    cube 1461.61 (depth 1, 34 lits): UNSAT in 0.02s
    cube 1461.62 (depth 1, 34 lits): UNSAT in 0.03s
    cube 1461.63 (depth 1, 33 lits): UNSAT in 0.01s
    cube 1461.64 (depth 1, 34 lits): UNSAT in 0.02s
    cube 1461.65 (depth 1, 34 lits): UNSAT in 0.02s
    cube 1461.66 (depth 1, 34 lits): UNSAT in 0.01s
    cube 1461.67 (depth 1, 34 lits): UNSAT in 0.03s
    cube 1461.68 (depth 1, 34 lits): UNSAT in 0.05s
    cube 1461.69 (depth 1, 34 lits): UNSAT in 0.21s
    cube 1461.70 (depth 1, 33 lits): UNSAT in 0.01s
    cube 1461.71 (depth 1, 33 lits): UNSAT in 0.02s
    cube 1461.72 (depth 1, 34 lits): UNSAT in 0.01s
    cube 1461.73 (depth 1, 34 lits): UNSAT in 0.04s
    cube 1461.74 (depth 1, 34 lits): UNSAT in 0.03s
    cube 1461.75 (depth 1, 34 lits): UNSAT in 0.03s
    cube 1461.76 (depth 1, 34 lits): UNSAT in 0.02s
    cube 1461.77 (depth 1, 34 lits): UNSAT in 0.07s
    cube 1461.78 (depth 1, 34 lits): UNSAT in 0.02s
    cube 1461.79 (depth 1, 34 lits): UNSAT in 0.09s
    cube 1461.80 (depth 1, 34 lits): UNSAT in 0.02s
    cube 1461.81 (depth 1, 34 lits): UNSAT in 0.14s
    cube 1461.82 (depth 1, 34 lits): UNSAT in 0.11s
    cube 1461.83 (depth 1, 34 lits): UNSAT in 0.29s
    cube 1461.84 (depth 1, 32 lits): UNSAT in 0.01s
    cube 1461.85 (depth 1, 32 lits): UNSAT in 0.01s
    cube 1461.86 (depth 1, 32 lits): UNSAT in 0.01s
    cube 1461.87 (depth 1, 33 lits): UNSAT in 0.01s
    cube 1461.88 (depth 1, 34 lits): UNSAT in 0.01s
    cube 1461.89 (depth 1, 34 lits): UNSAT in 0.02s
    cube 1461.90 (depth 1, 32 lits): UNSAT in 0.01s
    cube 1461.91 (depth 1, 34 lits): UNSAT in 0.01s
    cube 1461.92 (depth 1, 34 lits): UNSAT in 0.01s
    cube 1461.93 (depth 1, 33 lits): UNSAT in 0.01s
    cube 1461.94 (depth 1, 34 lits): UNSAT in 0.01s
    cube 1461.95 (depth 1, 34 lits): UNSAT in 0.01s
    cube 1461.96 (depth 1, 34 lits): UNSAT in 0.01s
    cube 1461.97 (depth 1, 34 lits): UNSAT in 0.01s
    cube 1461.98 (depth 1, 34 lits): UNSAT in 0.01s
    cube 1461.99 (depth 1, 34 lits): UNSAT in 0.01s
    cube 1461.100 (depth 1, 34 lits): UNSAT in 0.01s
    cube 1461.101 (depth 1, 34 lits): UNSAT in 0.03s
    cube 1461.102 (depth 1, 33 lits): UNSAT in 0.01s
    cube 1461.103 (depth 1, 33 lits): UNSAT in 0.01s
    cube 1461.104 (depth 1, 33 lits): UNSAT in 0.01s
    cube 1461.105 (depth 1, 34 lits): UNSAT in 0.01s
    cube 1461.106 (depth 1, 34 lits): UNSAT in 0.02s
    cube 1461.107 (depth 1, 34 lits): UNSAT in 0.01s
    cube 1461.108 (depth 1, 34 lits): UNSAT in 0.01s
    cube 1461.109 (depth 1, 34 lits): UNSAT in 0.01s
    cube 1461.110 (depth 1, 34 lits): UNSAT in 0.02s
    cube 1461.111 (depth 1, 34 lits): UNSAT in 0.01s
    cube 1461.112 (depth 1, 34 lits): UNSAT in 0.01s
    cube 1461.113 (depth 1, 34 lits): UNSAT in 0.02s
    cube 1461.114 (depth 1, 34 lits): UNSAT in 0.03s
    cube 1461.115 (depth 1, 34 lits): UNSAT in 0.01s
    cube 1461.116 (depth 1, 34 lits): UNSAT in 0.01s
    cube 1461.117 (depth 1, 34 lits): UNSAT in 0.01s
    cube 1461.118 (depth 1, 34 lits): UNSAT in 0.02s
    cube 1461.119 (depth 1, 34 lits): UNSAT in 0.01s
    cube 1461.120 (depth 1, 34 lits): UNSAT in 0.02s
    cube 1461.121 (depth 1, 34 lits): UNSAT in 0.01s
    cube 1461.122 (depth 1, 34 lits): UNSAT in 0.03s
    cube 1461.123 (depth 1, 33 lits): UNSAT in 0.01s
    cube 1461.124 (depth 1, 34 lits): UNSAT in 0.01s
    cube 1461.125 (depth 1, 34 lits): UNSAT in 0.01s
    cube 1461.126 (depth 1, 34 lits): UNSAT in 0.02s
    cube 1461.127 (depth 1, 34 lits): UNSAT in 0.05s
    cube 1461.128 (depth 1, 34 lits): UNSAT in 0.04s
    cube 1461.129 (depth 1, 34 lits): UNSAT in 0.18s
    cube 1461.130 (depth 1, 31 lits): UNSAT in 0.01s
    cube 1461.131 (depth 1, 33 lits): UNSAT in 0.01s
    cube 1461.132 (depth 1, 33 lits): UNSAT in 0.01s
    cube 1461.133 (depth 1, 34 lits): UNSAT in 0.01s
    cube 1461.134 (depth 1, 34 lits): UNSAT in 0.01s
    cube 1461.135 (depth 1, 34 lits): UNSAT in 0.01s
    cube 1461.136 (depth 1, 34 lits): UNSAT in 0.01s
    cube 1461.137 (depth 1, 34 lits): UNSAT in 0.01s
    cube 1461.138 (depth 1, 34 lits): UNSAT in 0.01s
    cube 1461.139 (depth 1, 34 lits): UNSAT in 0.01s
    cube 1461.140 (depth 1, 34 lits): UNSAT in 0.03s
    cube 1461.141 (depth 1, 34 lits): UNSAT in 0.02s
    cube 1461.142 (depth 1, 34 lits): UNSAT in 0.04s
    cube 1461.143 (depth 1, 34 lits): UNSAT in 0.02s
    cube 1461.144 (depth 1, 34 lits): UNSAT in 0.05s
    cube 1461.145 (depth 1, 33 lits): UNSAT in 0.01s
    cube 1461.146 (depth 1, 34 lits): UNSAT in 0.01s
    cube 1461.147 (depth 1, 34 lits): UNSAT in 0.02s
    cube 1461.148 (depth 1, 34 lits): UNSAT in 0.01s
    cube 1461.149 (depth 1, 34 lits): UNSAT in 0.03s
    cube 1461.150 (depth 1, 34 lits): UNSAT in 0.02s
    cube 1461.151 (depth 1, 34 lits): UNSAT in 0.13s
    cube 1461.152 (depth 1, 33 lits): UNSAT in 0.01s
    cube 1461.153 (depth 1, 34 lits): UNSAT in 0.01s
    cube 1461.154 (depth 1, 34 lits): UNSAT in 0.01s
    cube 1461.155 (depth 1, 34 lits): UNSAT in 0.02s
    cube 1461.156 (depth 1, 34 lits): UNSAT in 0.02s
    cube 1461.157 (depth 1, 34 lits): UNSAT in 0.03s
    cube 1461.158 (depth 1, 34 lits): UNSAT in 0.04s
    cube 1461.159 (depth 1, 34 lits): UNSAT in 0.02s
    cube 1461.160 (depth 1, 34 lits): UNSAT in 0.02s
    cube 1461.161 (depth 1, 34 lits): UNSAT in 0.01s
    cube 1461.162 (depth 1, 34 lits): UNSAT in 0.06s
    cube 1461.163 (depth 1, 34 lits): UNSAT in 0.01s
    cube 1461.164 (depth 1, 34 lits): UNSAT in 0.03s
    cube 1461.165 (depth 1, 34 lits): UNSAT in 0.01s
    cube 1461.166 (depth 1, 34 lits): UNSAT in 0.13s
    cube 1461.167 (depth 1, 34 lits): UNSAT in 0.02s
    cube 1461.168 (depth 1, 34 lits): UNSAT in 0.02s
    cube 1461.169 (depth 1, 34 lits): UNSAT in 0.02s
    cube 1461.170 (depth 1, 34 lits): UNSAT in 0.06s
    cube 1461.171 (depth 1, 34 lits): UNSAT in 0.03s
    cube 1461.172 (depth 1, 34 lits): UNSAT in 0.03s
    cube 1461.173 (depth 1, 34 lits): UNSAT in 0.02s
    cube 1461.174 (depth 1, 34 lits): UNSAT in 0.09s
    cube 1461.175 (depth 1, 34 lits): UNSAT in 0.06s
    cube 1461.176 (depth 1, 34 lits): UNSAT in 0.09s
    cube 1461.177 (depth 1, 34 lits): UNSAT in 0.05s
    cube 1461.178 (depth 1, 34 lits): UNSAT in 0.31s
    cube 1461.179 (depth 1, 34 lits): UNSAT in 0.33s
    cube 1461.180 (depth 1, 34 lits): UNSAT in 0.48s
    cube 1461.181 (depth 1, 34 lits): UNSAT in 0.35s
    cube 1461.182 (depth 1, 34 lits): UNSAT in 3.02s
    cube 1461.183 (depth 1, 33 lits): UNSAT in 0.01s
    cube 1461.184 (depth 1, 33 lits): UNSAT in 0.01s
    cube 1461.185 (depth 1, 32 lits): UNSAT in 0.01s
    cube 1461.186 (depth 1, 32 lits): UNSAT in 0.01s
    cube 1461.187 (depth 1, 33 lits): UNSAT in 0.01s
    cube 1461.188 (depth 1, 34 lits): UNSAT in 0.01s
    cube 1461.189 (depth 1, 34 lits): UNSAT in 0.02s
    cube 1461.190 (depth 1, 32 lits): UNSAT in 0.01s
    cube 1461.191 (depth 1, 33 lits): UNSAT in 0.01s
    cube 1461.192 (depth 1, 33 lits): UNSAT in 0.01s
    cube 1461.193 (depth 1, 34 lits): UNSAT in 0.01s
    cube 1461.194 (depth 1, 34 lits): UNSAT in 0.01s
    cube 1461.195 (depth 1, 34 lits): UNSAT in 0.01s
    cube 1461.196 (depth 1, 34 lits): UNSAT in 0.01s
    cube 1461.197 (depth 1, 34 lits): UNSAT in 0.01s
    cube 1461.198 (depth 1, 34 lits): UNSAT in 0.03s
    cube 1461.199 (depth 1, 34 lits): UNSAT in 0.03s
    cube 1461.200 (depth 1, 34 lits): UNSAT in 0.03s
    cube 1461.201 (depth 1, 33 lits): UNSAT in 0.01s
    cube 1461.202 (depth 1, 33 lits): UNSAT in 0.01s
    cube 1461.203 (depth 1, 33 lits): UNSAT in 0.01s
    cube 1461.204 (depth 1, 33 lits): UNSAT in 0.01s
    cube 1461.205 (depth 1, 34 lits): UNSAT in 0.01s
    cube 1461.206 (depth 1, 34 lits): UNSAT in 0.02s
    cube 1461.207 (depth 1, 33 lits): UNSAT in 0.01s
    cube 1461.208 (depth 1, 33 lits): UNSAT in 0.01s
    cube 1461.209 (depth 1, 34 lits): UNSAT in 0.01s
    cube 1461.210 (depth 1, 34 lits): UNSAT in 0.02s
    cube 1461.211 (depth 1, 33 lits): UNSAT in 0.01s
    cube 1461.212 (depth 1, 33 lits): UNSAT in 0.01s
    cube 1461.213 (depth 1, 33 lits): UNSAT in 0.01s
    cube 1461.214 (depth 1, 33 lits): UNSAT in 0.01s
    cube 1461.215 (depth 1, 33 lits): UNSAT in 0.01s
    cube 1461.216 (depth 1, 33 lits): UNSAT in 0.02s
    cube 1461.217 (depth 1, 34 lits): UNSAT in 0.01s
    cube 1461.218 (depth 1, 34 lits): UNSAT in 0.01s
    cube 1461.219 (depth 1, 34 lits): UNSAT in 0.04s
    cube 1461.220 (depth 1, 34 lits): UNSAT in 0.08s
    cube 1461.221 (depth 1, 33 lits): UNSAT in 0.01s
    cube 1461.222 (depth 1, 34 lits): UNSAT in 0.01s
    cube 1461.223 (depth 1, 34 lits): UNSAT in 0.01s
    cube 1461.224 (depth 1, 33 lits): UNSAT in 0.01s
    cube 1461.225 (depth 1, 34 lits): UNSAT in 0.01s
    cube 1461.226 (depth 1, 34 lits): UNSAT in 0.02s
    cube 1461.227 (depth 1, 33 lits): UNSAT in 0.01s
    cube 1461.228 (depth 1, 34 lits): UNSAT in 0.01s
    cube 1461.229 (depth 1, 34 lits): UNSAT in 0.02s
    cube 1461.230 (depth 1, 34 lits): UNSAT in 0.01s
    cube 1461.231 (depth 1, 34 lits): UNSAT in 0.02s
    cube 1461.232 (depth 1, 34 lits): UNSAT in 0.01s
    cube 1461.233 (depth 1, 34 lits): UNSAT in 0.04s
    cube 1461.234 (depth 1, 34 lits): UNSAT in 0.01s
    cube 1461.235 (depth 1, 34 lits): UNSAT in 0.02s
    cube 1461.236 (depth 1, 34 lits): UNSAT in 0.01s
    cube 1461.237 (depth 1, 34 lits): UNSAT in 0.04s
    cube 1461.238 (depth 1, 34 lits): UNSAT in 0.01s
    cube 1461.239 (depth 1, 34 lits): UNSAT in 0.01s
    cube 1461.240 (depth 1, 34 lits): UNSAT in 0.01s
    cube 1461.241 (depth 1, 34 lits): UNSAT in 0.02s
    cube 1461.242 (depth 1, 34 lits): UNSAT in 0.01s
    cube 1461.243 (depth 1, 34 lits): UNSAT in 0.02s
    cube 1461.244 (depth 1, 34 lits): UNSAT in 0.02s
    cube 1461.245 (depth 1, 34 lits): UNSAT in 0.05s
    cube 1461.246 (depth 1, 34 lits): UNSAT in 0.01s
    cube 1461.247 (depth 1, 34 lits): UNSAT in 0.01s
    cube 1461.248 (depth 1, 34 lits): UNSAT in 0.02s
    cube 1461.249 (depth 1, 34 lits): UNSAT in 0.06s
    cube 1461.250 (depth 1, 34 lits): UNSAT in 0.01s
    cube 1461.251 (depth 1, 34 lits): UNSAT in 0.01s
    cube 1461.252 (depth 1, 34 lits): UNSAT in 0.01s
    cube 1461.253 (depth 1, 34 lits): UNSAT in 0.02s
    cube 1461.254 (depth 1, 33 lits): UNSAT in 0.01s
    cube 1461.255 (depth 1, 34 lits): UNSAT in 0.02s
    cube 1461.256 (depth 1, 34 lits): UNSAT in 0.02s
    cube 1461.257 (depth 1, 34 lits): UNSAT in 0.01s
    cube 1461.258 (depth 1, 34 lits): UNSAT in 0.01s
    cube 1461.259 (depth 1, 34 lits): UNSAT in 0.02s
    cube 1461.260 (depth 1, 34 lits): UNSAT in 0.05s
    cube 1461.261 (depth 1, 34 lits): UNSAT in 0.02s
    cube 1461.262 (depth 1, 34 lits): UNSAT in 0.06s
    cube 1461.263 (depth 1, 34 lits): UNSAT in 0.05s
    cube 1461.264 (depth 1, 34 lits): UNSAT in 0.10s
    cube 1461.265 (depth 1, 34 lits): UNSAT in 0.01s
    cube 1461.266 (depth 1, 34 lits): UNSAT in 0.02s
    cube 1461.267 (depth 1, 34 lits): UNSAT in 0.03s
    cube 1461.268 (depth 1, 34 lits): UNSAT in 0.05s
    cube 1461.269 (depth 1, 34 lits): UNSAT in 0.03s
    cube 1461.270 (depth 1, 34 lits): UNSAT in 0.04s
    cube 1461.271 (depth 1, 34 lits): UNSAT in 0.03s
    cube 1461.272 (depth 1, 34 lits): UNSAT in 0.19s
    cube 1461.273 (depth 1, 34 lits): UNSAT in 0.03s
    cube 1461.274 (depth 1, 34 lits): UNSAT in 0.09s
    cube 1461.275 (depth 1, 34 lits): UNSAT in 0.11s
    cube 1461.276 (depth 1, 34 lits): UNSAT in 0.55s
    cube 1461.277 (depth 1, 34 lits): UNSAT in 0.04s
    cube 1461.278 (depth 1, 34 lits): UNSAT in 0.07s
    cube 1461.279 (depth 1, 34 lits): UNSAT in 0.24s
    cube 1461.280 (depth 1, 34 lits): UNSAT in 1.12s
    cube 1461.281 (depth 1, 33 lits): UNSAT in 0.01s
    cube 1461.282 (depth 1, 34 lits): UNSAT in 0.01s
    cube 1461.283 (depth 1, 34 lits): UNSAT in 0.01s
    cube 1461.284 (depth 1, 33 lits): UNSAT in 0.01s
    cube 1461.285 (depth 1, 34 lits): UNSAT in 0.01s
    cube 1461.286 (depth 1, 34 lits): UNSAT in 0.01s
    cube 1461.287 (depth 1, 33 lits): UNSAT in 0.01s
    cube 1461.288 (depth 1, 33 lits): UNSAT in 0.02s
    cube 1461.289 (depth 1, 33 lits): UNSAT in 0.01s
    cube 1461.290 (depth 1, 34 lits): UNSAT in 0.02s
    cube 1461.291 (depth 1, 34 lits): UNSAT in 0.02s
    cube 1461.292 (depth 1, 32 lits): UNSAT in 0.01s
    cube 1461.293 (depth 1, 33 lits): UNSAT in 0.01s
    cube 1461.294 (depth 1, 34 lits): UNSAT in 0.02s
    cube 1461.295 (depth 1, 34 lits): UNSAT in 0.01s
    cube 1461.296 (depth 1, 33 lits): UNSAT in 0.01s
    cube 1461.297 (depth 1, 34 lits): UNSAT in 0.01s
    cube 1461.298 (depth 1, 34 lits): UNSAT in 0.04s
    cube 1461.299 (depth 1, 34 lits): UNSAT in 0.06s
    cube 1461.300 (depth 1, 34 lits): UNSAT in 0.06s
    cube 1461.301 (depth 1, 34 lits): UNSAT in 0.03s
    cube 1461.302 (depth 1, 34 lits): UNSAT in 0.12s
    cube 1461.303 (depth 1, 34 lits): UNSAT in 0.01s
    cube 1461.304 (depth 1, 34 lits): UNSAT in 0.02s
    cube 1461.305 (depth 1, 34 lits): UNSAT in 0.01s
    cube 1461.306 (depth 1, 34 lits): UNSAT in 0.03s
    cube 1461.307 (depth 1, 34 lits): UNSAT in 0.01s
    cube 1461.308 (depth 1, 34 lits): UNSAT in 0.03s
    cube 1461.309 (depth 1, 34 lits): UNSAT in 0.02s
    cube 1461.310 (depth 1, 34 lits): UNSAT in 0.07s
    cube 1461.311 (depth 1, 34 lits): UNSAT in 0.01s
    cube 1461.312 (depth 1, 34 lits): UNSAT in 0.04s
    cube 1461.313 (depth 1, 34 lits): UNSAT in 0.05s
    cube 1461.314 (depth 1, 34 lits): UNSAT in 0.09s
    cube 1461.315 (depth 1, 34 lits): UNSAT in 0.01s
    cube 1461.316 (depth 1, 34 lits): UNSAT in 0.10s
    cube 1461.317 (depth 1, 34 lits): UNSAT in 0.08s
    cube 1461.318 (depth 1, 34 lits): UNSAT in 0.45s
    cube 1461.319 (depth 1, 34 lits): UNSAT in 0.01s
    cube 1461.320 (depth 1, 34 lits): UNSAT in 0.02s
    cube 1461.321 (depth 1, 34 lits): UNSAT in 0.03s
    cube 1461.322 (depth 1, 34 lits): UNSAT in 0.20s
    cube 1461.323 (depth 1, 34 lits): UNSAT in 0.06s
    cube 1461.324 (depth 1, 34 lits): UNSAT in 0.38s
    cube 1461.325 (depth 1, 34 lits): UNSAT in 0.25s
    cube 1461.326 (depth 1, 34 lits): UNSAT in 1.20s
    cube 1461.327 (depth 1, 34 lits): UNSAT in 0.02s
    cube 1461.328 (depth 1, 34 lits): UNSAT in 0.09s
    cube 1461.329 (depth 1, 34 lits): UNSAT in 0.12s
    cube 1461.330 (depth 1, 34 lits): UNSAT in 0.96s
    cube 1461.331 (depth 1, 34 lits): UNSAT in 0.21s
    cube 1461.332 (depth 1, 34 lits): UNSAT in 2.06s
    cube 1461.333 (depth 1, 34 lits): UNSAT in 2.64s
    cube 1461.334 (depth 1, 34 lits): UNSAT in 4.26s
    cube 1461.335 (depth 1, 33 lits): UNSAT in 0.02s
    cube 1461.336 (depth 1, 34 lits): UNSAT in 0.01s
    cube 1461.337 (depth 1, 34 lits): UNSAT in 0.05s
    cube 1461.338 (depth 1, 34 lits): UNSAT in 0.01s
    cube 1461.339 (depth 1, 34 lits): UNSAT in 0.03s
    cube 1461.340 (depth 1, 34 lits): UNSAT in 0.01s
    cube 1461.341 (depth 1, 34 lits): UNSAT in 0.02s
    cube 1461.342 (depth 1, 34 lits): UNSAT in 0.01s
    cube 1461.343 (depth 1, 34 lits): UNSAT in 0.02s
    cube 1461.344 (depth 1, 34 lits): UNSAT in 0.02s
    cube 1461.345 (depth 1, 34 lits): UNSAT in 0.04s
    cube 1461.346 (depth 1, 34 lits): UNSAT in 0.02s
    cube 1461.347 (depth 1, 34 lits): UNSAT in 0.05s
    cube 1461.348 (depth 1, 34 lits): UNSAT in 0.06s
    cube 1461.349 (depth 1, 34 lits): UNSAT in 0.14s
    cube 1461.350 (depth 1, 32 lits): UNSAT in 0.01s
    cube 1461.351 (depth 1, 34 lits): UNSAT in 0.02s
    cube 1461.352 (depth 1, 34 lits): UNSAT in 0.02s
    cube 1461.353 (depth 1, 34 lits): UNSAT in 0.02s
    cube 1461.354 (depth 1, 34 lits): UNSAT in 0.07s
    cube 1461.355 (depth 1, 34 lits): UNSAT in 0.02s
    cube 1461.356 (depth 1, 34 lits): UNSAT in 0.05s
    cube 1461.357 (depth 1, 34 lits): UNSAT in 0.02s
    cube 1461.358 (depth 1, 34 lits): UNSAT in 0.23s
    cube 1461.359 (depth 1, 34 lits): UNSAT in 0.03s
    cube 1461.360 (depth 1, 34 lits): UNSAT in 0.10s
    cube 1461.361 (depth 1, 34 lits): UNSAT in 0.05s
    cube 1461.362 (depth 1, 34 lits): UNSAT in 0.61s
    cube 1461.363 (depth 1, 34 lits): UNSAT in 0.01s
    cube 1461.364 (depth 1, 34 lits): UNSAT in 0.01s
    cube 1461.365 (depth 1, 34 lits): UNSAT in 0.04s
    cube 1461.366 (depth 1, 34 lits): UNSAT in 0.05s
    cube 1461.367 (depth 1, 34 lits): UNSAT in 0.02s
    cube 1461.368 (depth 1, 34 lits): UNSAT in 0.05s
    cube 1461.369 (depth 1, 34 lits): UNSAT in 0.08s
    cube 1461.370 (depth 1, 34 lits): UNSAT in 0.24s
    cube 1461.371 (depth 1, 34 lits): UNSAT in 0.04s
    cube 1461.372 (depth 1, 34 lits): UNSAT in 0.08s
    cube 1461.373 (depth 1, 34 lits): UNSAT in 0.08s
    cube 1461.374 (depth 1, 34 lits): UNSAT in 0.15s
    cube 1461.375 (depth 1, 34 lits): UNSAT in 0.09s
    cube 1461.376 (depth 1, 34 lits): UNSAT in 0.57s
    cube 1461.377 (depth 1, 34 lits): UNSAT in 0.22s
    cube 1461.378 (depth 1, 34 lits): UNSAT in 1.32s
    cube 1461.379 (depth 1, 34 lits): UNSAT in 0.05s
    cube 1461.380 (depth 1, 34 lits): UNSAT in 0.10s
    cube 1461.381 (depth 1, 34 lits): UNSAT in 0.08s
    cube 1461.382 (depth 1, 34 lits): UNSAT in 0.80s
    cube 1461.383 (depth 1, 34 lits): UNSAT in 0.28s
    cube 1461.384 (depth 1, 34 lits): UNSAT in 0.39s
    cube 1461.385 (depth 1, 34 lits): UNSAT in 0.48s
    cube 1461.386 (depth 1, 34 lits): UNSAT in 1.38s
    cube 1461.387 (depth 1, 34 lits): UNSAT in 0.75s
    cube 1461.388 (depth 1, 34 lits): UNSAT in 1.80s
    cube 1461.389 (depth 1, 34 lits): UNSAT in 0.37s
    cube 1461.390 (depth 1, 34 lits): UNSAT in 1.75s
    cube 1461.391 (depth 1, 34 lits): UNSAT in 0.41s
    cube 1461.392 (depth 1, 34 lits): UNSAT in 2.36s
    cube 1461.393 (depth 1, 34 lits): UNSAT in 5.04s
    cube 1461.394 (depth 1, 34 lits): UNSAT in 6.66s
    cube 1461.395 (depth 1, 32 lits): UNSAT in 0.01s
    cube 1461.396 (depth 1, 33 lits): UNSAT in 0.01s
    cube 1461.397 (depth 1, 33 lits): UNSAT in 0.01s
    cube 1461.398 (depth 1, 32 lits): UNSAT in 0.01s
    cube 1461.399 (depth 1, 33 lits): UNSAT in 0.01s
    cube 1461.400 (depth 1, 34 lits): UNSAT in 0.01s
    cube 1461.401 (depth 1, 34 lits): UNSAT in 0.02s
    cube 1461.402 (depth 1, 33 lits): UNSAT in 0.01s
    cube 1461.403 (depth 1, 33 lits): UNSAT in 0.01s
    cube 1461.404 (depth 1, 32 lits): UNSAT in 0.01s
    cube 1461.405 (depth 1, 31 lits): UNSAT in 0.01s
    cube 1461.406 (depth 1, 33 lits): UNSAT in 0.01s
    cube 1461.407 (depth 1, 34 lits): UNSAT in 0.01s
    cube 1461.408 (depth 1, 34 lits): UNSAT in 0.01s
    cube 1461.409 (depth 1, 33 lits): UNSAT in 0.01s
    cube 1461.410 (depth 1, 33 lits): UNSAT in 0.01s
    cube 1461.411 (depth 1, 34 lits): UNSAT in 0.01s
    cube 1461.412 (depth 1, 34 lits): UNSAT in 0.01s
    cube 1461.413 (depth 1, 34 lits): UNSAT in 0.01s
    cube 1461.414 (depth 1, 34 lits): UNSAT in 0.01s
    cube 1461.415 (depth 1, 32 lits): UNSAT in 0.01s
    cube 1461.416 (depth 1, 34 lits): UNSAT in 0.02s
    cube 1461.417 (depth 1, 34 lits): UNSAT in 0.01s
    cube 1461.418 (depth 1, 34 lits): UNSAT in 0.01s
    cube 1461.419 (depth 1, 34 lits): UNSAT in 0.03s
    cube 1461.420 (depth 1, 34 lits): UNSAT in 0.02s
    cube 1461.421 (depth 1, 34 lits): UNSAT in 0.01s
    cube 1461.422 (depth 1, 34 lits): UNSAT in 0.01s
    cube 1461.423 (depth 1, 34 lits): UNSAT in 0.03s
    cube 1461.424 (depth 1, 34 lits): UNSAT in 0.02s
    cube 1461.425 (depth 1, 34 lits): UNSAT in 0.02s
    cube 1461.426 (depth 1, 34 lits): UNSAT in 0.01s
    cube 1461.427 (depth 1, 34 lits): UNSAT in 0.02s
    cube 1461.428 (depth 1, 34 lits): UNSAT in 0.01s
    cube 1461.429 (depth 1, 34 lits): UNSAT in 0.01s
    cube 1461.430 (depth 1, 34 lits): UNSAT in 0.03s
    cube 1461.431 (depth 1, 34 lits): UNSAT in 0.03s
    cube 1461.432 (depth 1, 33 lits): UNSAT in 0.01s
    cube 1461.433 (depth 1, 34 lits): UNSAT in 0.01s
    cube 1461.434 (depth 1, 34 lits): UNSAT in 0.02s
    cube 1461.435 (depth 1, 34 lits): UNSAT in 0.01s
    cube 1461.436 (depth 1, 34 lits): UNSAT in 0.02s
    cube 1461.437 (depth 1, 34 lits): UNSAT in 0.02s
    cube 1461.438 (depth 1, 34 lits): UNSAT in 0.02s
    cube 1461.439 (depth 1, 34 lits): UNSAT in 0.01s
    cube 1461.440 (depth 1, 34 lits): UNSAT in 0.01s
    cube 1461.441 (depth 1, 34 lits): UNSAT in 0.02s
    cube 1461.442 (depth 1, 34 lits): UNSAT in 0.05s
    cube 1461.443 (depth 1, 34 lits): UNSAT in 0.02s
    cube 1461.444 (depth 1, 34 lits): UNSAT in 0.04s
    cube 1461.445 (depth 1, 34 lits): UNSAT in 0.04s
    cube 1461.446 (depth 1, 34 lits): UNSAT in 0.26s
    cube 1461.447 (depth 1, 33 lits): UNSAT in 0.01s
    cube 1461.448 (depth 1, 34 lits): UNSAT in 0.01s
    cube 1461.449 (depth 1, 34 lits): UNSAT in 0.05s
    cube 1461.450 (depth 1, 34 lits): UNSAT in 0.01s
    cube 1461.451 (depth 1, 34 lits): UNSAT in 0.03s
    cube 1461.452 (depth 1, 34 lits): UNSAT in 0.02s
    cube 1461.453 (depth 1, 34 lits): UNSAT in 0.10s
    cube 1461.454 (depth 1, 34 lits): UNSAT in 0.02s
    cube 1461.455 (depth 1, 34 lits): UNSAT in 0.03s
    cube 1461.456 (depth 1, 34 lits): UNSAT in 0.01s
    cube 1461.457 (depth 1, 34 lits): UNSAT in 0.03s
    cube 1461.458 (depth 1, 34 lits): UNSAT in 0.03s
    cube 1461.459 (depth 1, 34 lits): UNSAT in 0.05s
    cube 1461.460 (depth 1, 34 lits): UNSAT in 0.12s
    cube 1461.461 (depth 1, 34 lits): UNSAT in 0.48s
    cube 1461.462 (depth 1, 33 lits): UNSAT in 0.01s
    cube 1461.463 (depth 1, 34 lits): UNSAT in 0.02s
    cube 1461.464 (depth 1, 34 lits): UNSAT in 0.02s
    cube 1461.465 (depth 1, 34 lits): UNSAT in 0.01s
    cube 1461.466 (depth 1, 34 lits): UNSAT in 0.02s
    cube 1461.467 (depth 1, 34 lits): UNSAT in 0.02s
    cube 1461.468 (depth 1, 34 lits): UNSAT in 0.03s
    cube 1461.469 (depth 1, 33 lits): UNSAT in 0.01s
    cube 1461.470 (depth 1, 34 lits): UNSAT in 0.02s
    cube 1461.471 (depth 1, 34 lits): UNSAT in 0.06s
    cube 1461.472 (depth 1, 34 lits): UNSAT in 0.03s
    cube 1461.473 (depth 1, 34 lits): UNSAT in 0.13s
    cube 1461.474 (depth 1, 34 lits): UNSAT in 0.07s
    cube 1461.475 (depth 1, 34 lits): UNSAT in 0.07s
    cube 1461.476 (depth 1, 34 lits): UNSAT in 0.01s
    cube 1461.477 (depth 1, 34 lits): UNSAT in 0.01s
    cube 1461.478 (depth 1, 34 lits): UNSAT in 0.02s
    cube 1461.479 (depth 1, 34 lits): UNSAT in 0.05s
    cube 1461.480 (depth 1, 34 lits): UNSAT in 0.02s
    cube 1461.481 (depth 1, 34 lits): UNSAT in 0.08s
    cube 1461.482 (depth 1, 34 lits): UNSAT in 0.08s
    cube 1461.483 (depth 1, 34 lits): UNSAT in 0.15s
    cube 1461.484 (depth 1, 34 lits): UNSAT in 0.04s
    cube 1461.485 (depth 1, 34 lits): UNSAT in 0.16s
    cube 1461.486 (depth 1, 34 lits): UNSAT in 0.52s
    cube 1461.487 (depth 1, 34 lits): UNSAT in 1.20s
    cube 1461.488 (depth 1, 34 lits): UNSAT in 0.15s
    cube 1461.489 (depth 1, 34 lits): UNSAT in 0.55s
    cube 1461.490 (depth 1, 34 lits): UNSAT in 1.55s
    cube 1461.491 (depth 1, 34 lits): UNSAT in 4.04s
    cube 1461.492 (depth 1, 33 lits): UNSAT in 0.01s
    cube 1461.493 (depth 1, 34 lits): UNSAT in 0.01s
    cube 1461.494 (depth 1, 34 lits): UNSAT in 0.01s
    cube 1461.495 (depth 1, 33 lits): UNSAT in 0.01s
    cube 1461.496 (depth 1, 33 lits): UNSAT in 0.01s
    cube 1461.497 (depth 1, 33 lits): UNSAT in 0.01s
    cube 1461.498 (depth 1, 34 lits): UNSAT in 0.01s
    cube 1461.499 (depth 1, 34 lits): UNSAT in 0.01s
    cube 1461.500 (depth 1, 33 lits): UNSAT in 0.01s
    cube 1461.501 (depth 1, 34 lits): UNSAT in 0.02s
    cube 1461.502 (depth 1, 34 lits): UNSAT in 0.03s
    cube 1461.503 (depth 1, 34 lits): UNSAT in 0.01s
    cube 1461.504 (depth 1, 34 lits): UNSAT in 0.01s
    cube 1461.505 (depth 1, 33 lits): UNSAT in 0.01s
    cube 1461.506 (depth 1, 34 lits): UNSAT in 0.01s
    cube 1461.507 (depth 1, 34 lits): UNSAT in 0.02s
    cube 1461.508 (depth 1, 34 lits): UNSAT in 0.01s
    cube 1461.509 (depth 1, 34 lits): UNSAT in 0.02s
    cube 1461.510 (depth 1, 33 lits): UNSAT in 0.01s
    cube 1461.511 (depth 1, 33 lits): UNSAT in 0.02s
    cube 1461.512 (depth 1, 34 lits): UNSAT in 0.01s
    cube 1461.513 (depth 1, 34 lits): UNSAT in 0.01s
    cube 1461.514 (depth 1, 34 lits): UNSAT in 0.03s
    cube 1461.515 (depth 1, 34 lits): UNSAT in 0.09s
    cube 1461.516 (depth 1, 34 lits): UNSAT in 0.01s
    cube 1461.517 (depth 1, 34 lits): UNSAT in 0.01s
    cube 1461.518 (depth 1, 34 lits): UNSAT in 0.01s
    cube 1461.519 (depth 1, 34 lits): UNSAT in 0.04s
    cube 1461.520 (depth 1, 34 lits): UNSAT in 0.02s
    cube 1461.521 (depth 1, 34 lits): UNSAT in 0.06s
    cube 1461.522 (depth 1, 34 lits): UNSAT in 0.03s
    cube 1461.523 (depth 1, 34 lits): UNSAT in 0.09s
    cube 1461.524 (depth 1, 34 lits): UNSAT in 0.04s
    cube 1461.525 (depth 1, 34 lits): UNSAT in 0.06s
    cube 1461.526 (depth 1, 34 lits): UNSAT in 0.03s
    cube 1461.527 (depth 1, 34 lits): UNSAT in 0.18s
    cube 1461.528 (depth 1, 34 lits): UNSAT in 0.07s
    cube 1461.529 (depth 1, 34 lits): UNSAT in 0.10s
    cube 1461.530 (depth 1, 34 lits): UNSAT in 0.22s
    cube 1461.531 (depth 1, 34 lits): UNSAT in 0.67s
    cube 1461.532 (depth 1, 34 lits): UNSAT in 0.01s
    cube 1461.533 (depth 1, 34 lits): UNSAT in 0.01s
    cube 1461.534 (depth 1, 34 lits): UNSAT in 0.01s
    cube 1461.535 (depth 1, 34 lits): UNSAT in 0.02s
    cube 1461.536 (depth 1, 34 lits): UNSAT in 0.04s
    cube 1461.537 (depth 1, 34 lits): UNSAT in 0.04s
    cube 1461.538 (depth 1, 34 lits): UNSAT in 0.08s
    cube 1461.539 (depth 1, 34 lits): UNSAT in 0.26s
    cube 1461.540 (depth 1, 34 lits): UNSAT in 0.02s
    cube 1461.541 (depth 1, 34 lits): UNSAT in 0.02s
    cube 1461.542 (depth 1, 34 lits): UNSAT in 0.02s
    cube 1461.543 (depth 1, 34 lits): UNSAT in 0.08s
    cube 1461.544 (depth 1, 34 lits): UNSAT in 0.04s
    cube 1461.545 (depth 1, 34 lits): UNSAT in 0.37s
    cube 1461.546 (depth 1, 34 lits): UNSAT in 0.71s
    cube 1461.547 (depth 1, 34 lits): UNSAT in 1.94s
    cube 1461.548 (depth 1, 34 lits): UNSAT in 0.01s
    cube 1461.549 (depth 1, 34 lits): UNSAT in 0.02s
    cube 1461.550 (depth 1, 34 lits): UNSAT in 0.02s
    cube 1461.551 (depth 1, 34 lits): UNSAT in 0.03s
    cube 1461.552 (depth 1, 34 lits): UNSAT in 0.04s
    cube 1461.553 (depth 1, 34 lits): UNSAT in 0.04s
    cube 1461.554 (depth 1, 34 lits): UNSAT in 0.01s
    cube 1461.555 (depth 1, 34 lits): UNSAT in 0.18s
    cube 1461.556 (depth 1, 34 lits): UNSAT in 0.01s
    cube 1461.557 (depth 1, 34 lits): UNSAT in 0.02s
    cube 1461.558 (depth 1, 34 lits): UNSAT in 0.01s
    cube 1461.559 (depth 1, 34 lits): UNSAT in 0.02s
    cube 1461.560 (depth 1, 34 lits): UNSAT in 0.03s
    cube 1461.561 (depth 1, 34 lits): UNSAT in 0.10s
    cube 1461.562 (depth 1, 34 lits): UNSAT in 0.06s
    cube 1461.563 (depth 1, 34 lits): UNSAT in 0.17s
    cube 1461.564 (depth 1, 34 lits): UNSAT in 0.02s
    cube 1461.565 (depth 1, 34 lits): UNSAT in 0.04s
    cube 1461.566 (depth 1, 34 lits): UNSAT in 0.07s
    cube 1461.567 (depth 1, 34 lits): UNSAT in 0.10s
    cube 1461.568 (depth 1, 34 lits): UNSAT in 0.04s
    cube 1461.569 (depth 1, 34 lits): UNSAT in 0.09s
    cube 1461.570 (depth 1, 34 lits): UNSAT in 0.08s
    cube 1461.571 (depth 1, 34 lits): UNSAT in 1.01s
    cube 1461.572 (depth 1, 34 lits): UNSAT in 0.02s
    cube 1461.573 (depth 1, 34 lits): UNSAT in 0.06s
    cube 1461.574 (depth 1, 34 lits): UNSAT in 0.05s
    cube 1461.575 (depth 1, 34 lits): UNSAT in 0.13s
    cube 1461.576 (depth 1, 34 lits): UNSAT in 0.05s
    cube 1461.577 (depth 1, 34 lits): UNSAT in 0.42s
    cube 1461.578 (depth 1, 34 lits): UNSAT in 0.96s
    cube 1461.579 (depth 1, 34 lits): UNSAT in 3.37s
    cube 1461.580 (depth 1, 34 lits): UNSAT in 0.02s
    cube 1461.581 (depth 1, 34 lits): UNSAT in 0.03s
    cube 1461.582 (depth 1, 34 lits): UNSAT in 0.03s
    cube 1461.583 (depth 1, 34 lits): UNSAT in 0.04s
    cube 1461.584 (depth 1, 34 lits): UNSAT in 0.02s
    cube 1461.585 (depth 1, 34 lits): UNSAT in 0.02s
    cube 1461.586 (depth 1, 34 lits): UNSAT in 0.03s
    cube 1461.587 (depth 1, 34 lits): UNSAT in 0.18s
    cube 1461.588 (depth 1, 34 lits): UNSAT in 0.02s
    cube 1461.589 (depth 1, 34 lits): UNSAT in 0.04s
    cube 1461.590 (depth 1, 34 lits): UNSAT in 0.07s
    cube 1461.591 (depth 1, 34 lits): UNSAT in 0.12s
    cube 1461.592 (depth 1, 34 lits): UNSAT in 0.11s
    cube 1461.593 (depth 1, 34 lits): UNSAT in 0.18s
    cube 1461.594 (depth 1, 34 lits): UNSAT in 0.05s
    cube 1461.595 (depth 1, 34 lits): UNSAT in 0.42s
    cube 1461.596 (depth 1, 34 lits): UNSAT in 0.02s
    cube 1461.597 (depth 1, 34 lits): UNSAT in 0.05s
    cube 1461.598 (depth 1, 34 lits): UNSAT in 0.04s
    cube 1461.599 (depth 1, 34 lits): UNSAT in 0.13s
    cube 1461.600 (depth 1, 34 lits): UNSAT in 0.09s
    cube 1461.601 (depth 1, 34 lits): UNSAT in 0.25s
    cube 1461.602 (depth 1, 34 lits): UNSAT in 0.33s
    cube 1461.603 (depth 1, 34 lits): UNSAT in 2.67s
    cube 1461.604 (depth 1, 34 lits): UNSAT in 0.10s
    cube 1461.605 (depth 1, 34 lits): UNSAT in 0.38s
    cube 1461.606 (depth 1, 34 lits): UNSAT in 0.57s
    cube 1461.607 (depth 1, 34 lits): UNSAT in 1.07s
    cube 1461.608 (depth 1, 34 lits): UNSAT in 0.57s
    cube 1461.609 (depth 1, 34 lits): UNSAT in 2.79s
    cube 1461.610 (depth 1, 34 lits): UNSAT in 3.56s
    cube 1461.611 (depth 1, 34 lits): UNSAT in 10.50s
    cube 1461.612 (depth 1, 31 lits): UNSAT in 0.01s
    cube 1461.613 (depth 1, 33 lits): UNSAT in 0.01s
    cube 1461.614 (depth 1, 34 lits): UNSAT in 0.01s
    cube 1461.615 (depth 1, 34 lits): UNSAT in 0.02s
    cube 1461.616 (depth 1, 34 lits): UNSAT in 0.01s
    cube 1461.617 (depth 1, 34 lits): UNSAT in 0.02s
    cube 1461.618 (depth 1, 33 lits): UNSAT in 0.01s
    cube 1461.619 (depth 1, 34 lits): UNSAT in 0.01s
    cube 1461.620 (depth 1, 34 lits): UNSAT in 0.01s
    cube 1461.621 (depth 1, 34 lits): UNSAT in 0.01s
    cube 1461.622 (depth 1, 34 lits): UNSAT in 0.02s
    cube 1461.623 (depth 1, 34 lits): UNSAT in 0.02s
    cube 1461.624 (depth 1, 34 lits): UNSAT in 0.04s
    cube 1461.625 (depth 1, 34 lits): UNSAT in 0.02s
    cube 1461.626 (depth 1, 34 lits): UNSAT in 0.01s
    cube 1461.627 (depth 1, 33 lits): UNSAT in 0.01s
    cube 1461.628 (depth 1, 34 lits): UNSAT in 0.01s
    cube 1461.629 (depth 1, 34 lits): UNSAT in 0.01s
    cube 1461.630 (depth 1, 34 lits): UNSAT in 0.02s
    cube 1461.631 (depth 1, 34 lits): UNSAT in 0.02s
    cube 1461.632 (depth 1, 34 lits): UNSAT in 0.02s
    cube 1461.633 (depth 1, 34 lits): UNSAT in 0.05s
    cube 1461.634 (depth 1, 32 lits): UNSAT in 0.01s
    cube 1461.635 (depth 1, 34 lits): UNSAT in 0.01s
    cube 1461.636 (depth 1, 34 lits): UNSAT in 0.01s
    cube 1461.637 (depth 1, 34 lits): UNSAT in 0.01s
    cube 1461.638 (depth 1, 34 lits): UNSAT in 0.01s
    cube 1461.639 (depth 1, 34 lits): UNSAT in 0.01s
    cube 1461.640 (depth 1, 34 lits): UNSAT in 0.01s
    cube 1461.641 (depth 1, 34 lits): UNSAT in 0.01s
    cube 1461.642 (depth 1, 34 lits): UNSAT in 0.01s
    cube 1461.643 (depth 1, 34 lits): UNSAT in 0.02s
    cube 1461.644 (depth 1, 34 lits): UNSAT in 0.03s
    cube 1461.645 (depth 1, 34 lits): UNSAT in 0.03s
    cube 1461.646 (depth 1, 34 lits): UNSAT in 0.11s
    cube 1461.647 (depth 1, 33 lits): UNSAT in 0.01s
    cube 1461.648 (depth 1, 34 lits): UNSAT in 0.01s
    cube 1461.649 (depth 1, 34 lits): UNSAT in 0.02s
    cube 1461.650 (depth 1, 34 lits): UNSAT in 0.01s
    cube 1461.651 (depth 1, 34 lits): UNSAT in 0.02s
    cube 1461.652 (depth 1, 34 lits): UNSAT in 0.05s
    cube 1461.653 (depth 1, 34 lits): UNSAT in 0.04s
    cube 1461.654 (depth 1, 34 lits): UNSAT in 0.01s
    cube 1461.655 (depth 1, 34 lits): UNSAT in 0.02s
    cube 1461.656 (depth 1, 34 lits): UNSAT in 0.03s
    cube 1461.657 (depth 1, 34 lits): UNSAT in 0.07s
    cube 1461.658 (depth 1, 34 lits): UNSAT in 0.04s
    cube 1461.659 (depth 1, 34 lits): UNSAT in 0.10s
    cube 1461.660 (depth 1, 34 lits): UNSAT in 0.12s
    cube 1461.661 (depth 1, 34 lits): UNSAT in 0.75s
    cube 1461.662 (depth 1, 34 lits): UNSAT in 0.01s
    cube 1461.663 (depth 1, 34 lits): UNSAT in 0.01s
    cube 1461.664 (depth 1, 34 lits): UNSAT in 0.01s
    cube 1461.665 (depth 1, 34 lits): UNSAT in 0.02s
    cube 1461.666 (depth 1, 34 lits): UNSAT in 0.01s
    cube 1461.667 (depth 1, 34 lits): UNSAT in 0.02s
    cube 1461.668 (depth 1, 34 lits): UNSAT in 0.01s
    cube 1461.669 (depth 1, 34 lits): UNSAT in 0.03s
    cube 1461.670 (depth 1, 34 lits): UNSAT in 0.01s
    cube 1461.671 (depth 1, 34 lits): UNSAT in 0.01s
    cube 1461.672 (depth 1, 34 lits): UNSAT in 0.03s
    cube 1461.673 (depth 1, 34 lits): UNSAT in 0.03s
    cube 1461.674 (depth 1, 34 lits): UNSAT in 0.02s
    cube 1461.675 (depth 1, 34 lits): UNSAT in 0.02s
    cube 1461.676 (depth 1, 34 lits): UNSAT in 0.02s
    cube 1461.677 (depth 1, 34 lits): UNSAT in 0.09s
    cube 1461.678 (depth 1, 34 lits): UNSAT in 0.01s
    cube 1461.679 (depth 1, 34 lits): UNSAT in 0.01s
    cube 1461.680 (depth 1, 34 lits): UNSAT in 0.01s
    cube 1461.681 (depth 1, 34 lits): UNSAT in 0.01s
    cube 1461.682 (depth 1, 34 lits): UNSAT in 0.01s
    cube 1461.683 (depth 1, 34 lits): UNSAT in 0.04s
    cube 1461.684 (depth 1, 34 lits): UNSAT in 0.02s
    cube 1461.685 (depth 1, 34 lits): UNSAT in 0.10s
    cube 1461.686 (depth 1, 34 lits): UNSAT in 0.02s
    cube 1461.687 (depth 1, 34 lits): UNSAT in 0.02s
    cube 1461.688 (depth 1, 34 lits): UNSAT in 0.01s
    cube 1461.689 (depth 1, 34 lits): UNSAT in 0.03s
    cube 1461.690 (depth 1, 34 lits): UNSAT in 0.04s
    cube 1461.691 (depth 1, 34 lits): UNSAT in 0.20s
    cube 1461.692 (depth 1, 34 lits): UNSAT in 0.10s
    cube 1461.693 (depth 1, 34 lits): UNSAT in 0.47s
    cube 1461.694 (depth 1, 34 lits): UNSAT in 0.02s
    cube 1461.695 (depth 1, 34 lits): UNSAT in 0.02s
    cube 1461.696 (depth 1, 34 lits): UNSAT in 0.01s
    cube 1461.697 (depth 1, 34 lits): UNSAT in 0.07s
    cube 1461.698 (depth 1, 34 lits): UNSAT in 0.03s
    cube 1461.699 (depth 1, 34 lits): UNSAT in 0.07s
    cube 1461.700 (depth 1, 34 lits): UNSAT in 0.02s
    cube 1461.701 (depth 1, 34 lits): UNSAT in 0.14s
    cube 1461.702 (depth 1, 34 lits): UNSAT in 0.02s
    cube 1461.703 (depth 1, 34 lits): UNSAT in 0.11s
    cube 1461.704 (depth 1, 34 lits): UNSAT in 0.08s
    cube 1461.705 (depth 1, 34 lits): UNSAT in 0.27s
    cube 1461.706 (depth 1, 34 lits): UNSAT in 0.04s
    cube 1461.707 (depth 1, 34 lits): UNSAT in 0.09s
    cube 1461.708 (depth 1, 34 lits): UNSAT in 0.15s
    cube 1461.709 (depth 1, 34 lits): UNSAT in 1.86s
    cube 1461.710 (depth 1, 34 lits): UNSAT in 0.02s
    cube 1461.711 (depth 1, 34 lits): UNSAT in 0.02s
    cube 1461.712 (depth 1, 34 lits): UNSAT in 0.03s
    cube 1461.713 (depth 1, 34 lits): UNSAT in 0.04s
    cube 1461.714 (depth 1, 34 lits): UNSAT in 0.02s
    cube 1461.715 (depth 1, 34 lits): UNSAT in 0.05s
    cube 1461.716 (depth 1, 34 lits): UNSAT in 0.11s
    cube 1461.717 (depth 1, 34 lits): UNSAT in 0.47s
    cube 1461.718 (depth 1, 34 lits): UNSAT in 0.04s
    cube 1461.719 (depth 1, 34 lits): UNSAT in 0.39s
    cube 1461.720 (depth 1, 34 lits): UNSAT in 0.15s
    cube 1461.721 (depth 1, 34 lits): UNSAT in 1.94s
    cube 1461.722 (depth 1, 34 lits): UNSAT in 0.07s
    cube 1461.723 (depth 1, 34 lits): UNSAT in 0.59s
    cube 1461.724 (depth 1, 34 lits): UNSAT in 0.53s
    cube 1461.725 (depth 1, 34 lits): UNSAT in 6.78s
    cube 1461.726 (depth 1, 32 lits): UNSAT in 0.01s
    cube 1461.727 (depth 1, 34 lits): UNSAT in 0.01s
    cube 1461.728 (depth 1, 34 lits): UNSAT in 0.02s
    cube 1461.729 (depth 1, 34 lits): UNSAT in 0.02s
    cube 1461.730 (depth 1, 34 lits): UNSAT in 0.02s
    cube 1461.731 (depth 1, 34 lits): UNSAT in 0.01s
    cube 1461.732 (depth 1, 34 lits): UNSAT in 0.01s
    cube 1461.733 (depth 1, 34 lits): UNSAT in 0.01s
    cube 1461.734 (depth 1, 34 lits): UNSAT in 0.02s
    cube 1461.735 (depth 1, 34 lits): UNSAT in 0.01s
    cube 1461.736 (depth 1, 34 lits): UNSAT in 0.02s
    cube 1461.737 (depth 1, 34 lits): UNSAT in 0.03s
    cube 1461.738 (depth 1, 34 lits): UNSAT in 0.06s
    cube 1461.739 (depth 1, 34 lits): UNSAT in 0.01s
    cube 1461.740 (depth 1, 34 lits): UNSAT in 0.02s
    cube 1461.741 (depth 1, 34 lits): UNSAT in 0.01s
    cube 1461.742 (depth 1, 34 lits): UNSAT in 0.02s
    cube 1461.743 (depth 1, 34 lits): UNSAT in 0.01s
    cube 1461.744 (depth 1, 34 lits): UNSAT in 0.02s
    cube 1461.745 (depth 1, 34 lits): UNSAT in 0.02s
    cube 1461.746 (depth 1, 34 lits): UNSAT in 0.03s
    cube 1461.747 (depth 1, 33 lits): UNSAT in 0.01s
    cube 1461.748 (depth 1, 34 lits): UNSAT in 0.02s
    cube 1461.749 (depth 1, 34 lits): UNSAT in 0.05s
    cube 1461.750 (depth 1, 34 lits): UNSAT in 0.02s
    cube 1461.751 (depth 1, 34 lits): UNSAT in 0.02s
    cube 1461.752 (depth 1, 34 lits): UNSAT in 0.04s
    cube 1461.753 (depth 1, 34 lits): UNSAT in 0.18s
    cube 1461.754 (depth 1, 31 lits): UNSAT in 0.01s
    cube 1461.755 (depth 1, 33 lits): UNSAT in 0.01s
    cube 1461.756 (depth 1, 34 lits): UNSAT in 0.01s
    cube 1461.757 (depth 1, 34 lits): UNSAT in 0.02s
    cube 1461.758 (depth 1, 33 lits): UNSAT in 0.01s
    cube 1461.759 (depth 1, 34 lits): UNSAT in 0.03s
    cube 1461.760 (depth 1, 34 lits): UNSAT in 0.04s
    cube 1461.761 (depth 1, 34 lits): UNSAT in 0.02s
    cube 1461.762 (depth 1, 34 lits): UNSAT in 0.02s
    cube 1461.763 (depth 1, 34 lits): UNSAT in 0.01s
    cube 1461.764 (depth 1, 34 lits): UNSAT in 0.02s
    cube 1461.765 (depth 1, 34 lits): UNSAT in 0.03s
    cube 1461.766 (depth 1, 34 lits): UNSAT in 0.03s
    cube 1461.767 (depth 1, 34 lits): UNSAT in 0.01s
    cube 1461.768 (depth 1, 34 lits): UNSAT in 0.04s
    cube 1461.769 (depth 1, 34 lits): UNSAT in 0.03s
    cube 1461.770 (depth 1, 34 lits): UNSAT in 0.02s
    cube 1461.771 (depth 1, 34 lits): UNSAT in 0.03s
    cube 1461.772 (depth 1, 34 lits): UNSAT in 0.06s
    cube 1461.773 (depth 1, 34 lits): UNSAT in 0.14s
    cube 1461.774 (depth 1, 34 lits): UNSAT in 0.22s
    cube 1461.775 (depth 1, 34 lits): UNSAT in 0.24s
    cube 1461.776 (depth 1, 34 lits): UNSAT in 0.75s
    cube 1461.777 (depth 1, 32 lits): UNSAT in 0.02s
    cube 1461.778 (depth 1, 33 lits): UNSAT in 0.01s
    cube 1461.779 (depth 1, 34 lits): UNSAT in 0.01s
    cube 1461.780 (depth 1, 34 lits): UNSAT in 0.02s
    cube 1461.781 (depth 1, 34 lits): UNSAT in 0.01s
    cube 1461.782 (depth 1, 34 lits): UNSAT in 0.02s
    cube 1461.783 (depth 1, 34 lits): UNSAT in 0.02s
    cube 1461.784 (depth 1, 34 lits): UNSAT in 0.09s
    cube 1461.785 (depth 1, 34 lits): UNSAT in 0.01s
    cube 1461.786 (depth 1, 34 lits): UNSAT in 0.04s
    cube 1461.787 (depth 1, 34 lits): UNSAT in 0.17s
    cube 1461.788 (depth 1, 34 lits): UNSAT in 0.33s
    cube 1461.789 (depth 1, 34 lits): UNSAT in 0.02s
    cube 1461.790 (depth 1, 34 lits): UNSAT in 0.03s
    cube 1461.791 (depth 1, 34 lits): UNSAT in 0.07s
    cube 1461.792 (depth 1, 34 lits): UNSAT in 0.19s
    cube 1461.793 (depth 1, 34 lits): UNSAT in 0.02s
    cube 1461.794 (depth 1, 34 lits): UNSAT in 0.03s
    cube 1461.795 (depth 1, 34 lits): UNSAT in 0.11s
    cube 1461.796 (depth 1, 34 lits): UNSAT in 0.65s
    cube 1461.797 (depth 1, 34 lits): UNSAT in 0.01s
    cube 1461.798 (depth 1, 34 lits): UNSAT in 0.07s
    cube 1461.799 (depth 1, 34 lits): UNSAT in 0.06s
    cube 1461.800 (depth 1, 34 lits): UNSAT in 0.13s
    cube 1461.801 (depth 1, 34 lits): UNSAT in 0.14s
    cube 1461.802 (depth 1, 34 lits): UNSAT in 0.26s
    cube 1461.803 (depth 1, 34 lits): UNSAT in 0.45s
    cube 1461.804 (depth 1, 34 lits): UNSAT in 1.18s
    cube 1461.805 (depth 1, 34 lits): UNSAT in 0.02s
    cube 1461.806 (depth 1, 34 lits): UNSAT in 0.02s
    cube 1461.807 (depth 1, 34 lits): UNSAT in 0.02s
    cube 1461.808 (depth 1, 34 lits): UNSAT in 0.07s
    cube 1461.809 (depth 1, 34 lits): UNSAT in 0.01s
    cube 1461.810 (depth 1, 34 lits): UNSAT in 0.03s
    cube 1461.811 (depth 1, 34 lits): UNSAT in 0.08s
    cube 1461.812 (depth 1, 34 lits): UNSAT in 0.19s
    cube 1461.813 (depth 1, 34 lits): UNSAT in 0.02s
    cube 1461.814 (depth 1, 34 lits): UNSAT in 0.17s
    cube 1461.815 (depth 1, 34 lits): UNSAT in 0.05s
    cube 1461.816 (depth 1, 34 lits): UNSAT in 0.23s
    cube 1461.817 (depth 1, 34 lits): UNSAT in 0.04s
    cube 1461.818 (depth 1, 34 lits): UNSAT in 0.19s
    cube 1461.819 (depth 1, 34 lits): UNSAT in 0.48s
    cube 1461.820 (depth 1, 34 lits): UNSAT in 2.32s
    cube 1461.821 (depth 1, 34 lits): UNSAT in 0.01s
    cube 1461.822 (depth 1, 34 lits): UNSAT in 0.02s
    cube 1461.823 (depth 1, 34 lits): UNSAT in 0.05s
    cube 1461.824 (depth 1, 34 lits): UNSAT in 0.25s
    cube 1461.825 (depth 1, 34 lits): UNSAT in 0.08s
    cube 1461.826 (depth 1, 34 lits): UNSAT in 0.29s
    cube 1461.827 (depth 1, 34 lits): UNSAT in 0.64s
    cube 1461.828 (depth 1, 34 lits): UNSAT in 2.19s
    cube 1461.829 (depth 1, 34 lits): UNSAT in 0.04s
    cube 1461.830 (depth 1, 34 lits): UNSAT in 0.13s
    cube 1461.831 (depth 1, 34 lits): UNSAT in 0.61s
    cube 1461.832 (depth 1, 34 lits): UNSAT in 3.88s
    cube 1461.833 (depth 1, 34 lits): UNSAT in 0.62s
    cube 1461.834 (depth 1, 34 lits): UNSAT in 3.25s
    cube 1461.835 (depth 1, 34 lits): UNSAT in 8.96s
    cube 1461.836 (depth 1, 34 lits): UNSAT in 33.03s
    cube 1465 (depth 0, 24 lits): UNSAT in 0.01s
    cube 1469 (depth 0, 24 lits): UNSAT in 0.02s
    cube 1473 (depth 0, 24 lits): UNSAT in 0.11s
    cube 1477 (depth 0, 24 lits): UNSAT in 0.01s
    cube 1481 (depth 0, 24 lits): UNSAT in 0.03s
    cube 1485 (depth 0, 24 lits): UNSAT in 0.07s
    cube 1489 (depth 0, 24 lits): UNSAT in 1.92s
    cube 1493 (depth 0, 24 lits): UNSAT in 0.03s
    cube 1497 (depth 0, 24 lits): UNSAT in 0.05s
    cube 1501 (depth 0, 24 lits): UNSAT in 0.11s
    cube 1505 (depth 0, 24 lits): UNSAT in 0.56s
    cube 1509 (depth 0, 24 lits): UNSAT in 0.27s
    cube 1513 (depth 0, 24 lits): UNSAT in 0.34s
    cube 1517 (depth 0, 24 lits): UNSAT in 0.48s
    cube 1521 (depth 0, 24 lits): UNSAT in 3.98s
    cube 1525 (depth 0, 24 lits): UNSAT in 0.05s
    cube 1529 (depth 0, 24 lits): UNSAT in 0.21s
    cube 1533 (depth 0, 24 lits): UNSAT in 0.18s
    cube 1537 (depth 0, 24 lits): UNSAT in 3.19s
    cube 1541 (depth 0, 24 lits): UNSAT in 0.07s
    cube 1545 (depth 0, 24 lits): UNSAT in 0.13s
    cube 1549 (depth 0, 24 lits): UNSAT in 0.97s
    cube 1553 (depth 0, 24 lits): UNSAT in 14.85s
    cube 1557 (depth 0, 24 lits): UNSAT in 0.05s
    cube 1561 (depth 0, 24 lits): UNSAT in 0.16s
    cube 1565 (depth 0, 24 lits): UNSAT in 0.16s
    cube 1569 (depth 0, 24 lits): UNSAT in 3.68s
    cube 1573 (depth 0, 24 lits): UNSAT in 0.46s
    cube 1577 (depth 0, 24 lits): UNSAT in 0.54s
    cube 1581 (depth 0, 24 lits): UNSAT in 3.13s
    cube 1585 (depth 0, 24 lits): UNSAT in 121.80s
    cube 1589 (depth 0, 24 lits): UNSAT in 0.02s
    cube 1593 (depth 0, 24 lits): UNSAT in 0.04s
    cube 1597 (depth 0, 24 lits): UNSAT in 0.02s
    cube 1601 (depth 0, 24 lits): UNSAT in 0.21s
    cube 1605 (depth 0, 24 lits): UNSAT in 0.01s
    cube 1609 (depth 0, 24 lits): UNSAT in 0.33s
    cube 1613 (depth 0, 24 lits): UNSAT in 0.12s
    cube 1617 (depth 0, 24 lits): UNSAT in 1.93s
    cube 1621 (depth 0, 24 lits): UNSAT in 0.12s
    cube 1625 (depth 0, 24 lits): UNSAT in 0.13s
    cube 1629 (depth 0, 24 lits): UNSAT in 0.67s
    cube 1633 (depth 0, 24 lits): UNSAT in 8.98s
    cube 1637 (depth 0, 24 lits): UNSAT in 0.30s
    cube 1641 (depth 0, 24 lits): UNSAT in 2.11s
    cube 1645 (depth 0, 24 lits): UNSAT in 23.65s
    cube 1649 (depth 0, 24 lits): UNSAT in 122.67s
    cube 1653 (depth 0, 24 lits): UNSAT in 1.45s
    cube 1657 (depth 0, 24 lits): UNSAT in 2.26s
    cube 1661 (depth 0, 24 lits): UNSAT in 3.89s
    cube 1665 (depth 0, 24 lits): UNSAT in 6.26s
    cube 1669 (depth 0, 24 lits): UNSAT in 0.42s
    cube 1673 (depth 0, 24 lits): UNSAT in 7.56s
    cube 1677 (depth 0, 24 lits): UNSAT in 20.44s
    cube 1681 (depth 0, 24 lits): UNSAT in 103.91s
    cube 1685 (depth 0, 24 lits): UNSAT in 0.15s
    cube 1689 (depth 0, 24 lits): UNSAT in 1.88s
    cube 1693 (depth 0, 24 lits): UNSAT in 19.41s
    cube 1697 (depth 0, 24 lits): UNSAT in 640.89s
    cube 1701 (depth 0, 24 lits): UNSAT in 5.41s
    cube 1705 (depth 0, 24 lits): UNSAT in 399.39s
    cube 1709 (depth 0, 24 lits): UNSAT in 5.96s
    cube 1713 (depth 0, 24 lits): UNSAT in 275.21s
    cube 1717 (depth 0, 24 lits): UNSAT in 0.02s
    cube 1721 (depth 0, 23 lits): UNSAT in 0.01s
    cube 1725 (depth 0, 24 lits): UNSAT in 0.07s
    cube 1729 (depth 0, 24 lits): UNSAT in 0.01s
    cube 1733 (depth 0, 23 lits): UNSAT in 0.01s
    cube 1737 (depth 0, 24 lits): UNSAT in 0.04s
    cube 1741 (depth 0, 24 lits): UNSAT in 0.01s
    cube 1745 (depth 0, 24 lits): UNSAT in 0.03s
    cube 1749 (depth 0, 24 lits): UNSAT in 0.01s
    cube 1753 (depth 0, 24 lits): UNSAT in 0.04s
    cube 1757 (depth 0, 24 lits): UNSAT in 0.01s
    cube 1761 (depth 0, 24 lits): UNSAT in 0.02s
    cube 1765 (depth 0, 24 lits): UNSAT in 0.01s
    cube 1769 (depth 0, 24 lits): UNSAT in 0.05s
    cube 1773 (depth 0, 24 lits): UNSAT in 0.01s
    cube 1777 (depth 0, 24 lits): UNSAT in 0.01s
    cube 1781 (depth 0, 24 lits): UNSAT in 0.01s
    cube 1785 (depth 0, 24 lits): UNSAT in 0.03s
    cube 1789 (depth 0, 24 lits): UNSAT in 0.04s
    cube 1793 (depth 0, 24 lits): UNSAT in 0.01s
    cube 1797 (depth 0, 24 lits): UNSAT in 0.09s
    cube 1801 (depth 0, 24 lits): UNSAT in 0.03s
    cube 1805 (depth 0, 24 lits): UNSAT in 0.03s
    cube 1809 (depth 0, 24 lits): UNSAT in 0.03s
    cube 1813 (depth 0, 24 lits): UNSAT in 0.02s
    cube 1817 (depth 0, 24 lits): UNSAT in 0.03s
    cube 1821 (depth 0, 24 lits): UNSAT in 0.08s
    cube 1825 (depth 0, 24 lits): UNSAT in 0.14s
    cube 1829 (depth 0, 24 lits): UNSAT in 0.03s
    cube 1833 (depth 0, 24 lits): UNSAT in 0.17s
    cube 1837 (depth 0, 24 lits): UNSAT in 0.01s
    cube 1841 (depth 0, 23 lits): UNSAT in 0.01s
    cube 1845 (depth 0, 24 lits): UNSAT in 0.02s
    cube 1849 (depth 0, 24 lits): UNSAT in 0.01s
    cube 1853 (depth 0, 24 lits): UNSAT in 0.02s
    cube 1857 (depth 0, 21 lits): UNSAT in 0.01s
    cube 1861 (depth 0, 22 lits): UNSAT in 0.01s
    cube 1865 (depth 0, 24 lits): UNSAT in 0.02s
    cube 1869 (depth 0, 24 lits): UNSAT in 0.04s
    cube 1873 (depth 0, 24 lits): UNSAT in 0.05s
    cube 1877 (depth 0, 24 lits): UNSAT in 0.06s
    cube 1881 (depth 0, 24 lits): UNSAT in 0.04s
    cube 1885 (depth 0, 24 lits): UNSAT in 0.17s
    cube 1889 (depth 0, 24 lits): UNSAT in 0.02s
    cube 1893 (depth 0, 24 lits): UNSAT in 0.03s
    cube 1897 (depth 0, 24 lits): UNSAT in 0.06s
    cube 1901 (depth 0, 24 lits): UNSAT in 0.17s
    cube 1905 (depth 0, 24 lits): UNSAT in 0.10s
    cube 1909 (depth 0, 24 lits): UNSAT in 0.61s
    cube 1913 (depth 0, 24 lits): UNSAT in 0.05s
    cube 1917 (depth 0, 24 lits): UNSAT in 0.12s
    cube 1921 (depth 0, 24 lits): UNSAT in 0.14s
    cube 1925 (depth 0, 24 lits): UNSAT in 1.21s
    cube 1929 (depth 0, 24 lits): UNSAT in 0.27s
    cube 1933 (depth 0, 24 lits): UNSAT in 1.42s
    cube 1937 (depth 0, 24 lits): UNSAT in 1.55s
    cube 1941 (depth 0, 24 lits): UNSAT in 6.88s
    cube 1945 (depth 0, 24 lits): UNSAT in 0.01s
    cube 1949 (depth 0, 22 lits): UNSAT in 0.01s
    cube 1953 (depth 0, 24 lits): UNSAT in 0.02s
    cube 1957 (depth 0, 24 lits): UNSAT in 0.02s
    cube 1961 (depth 0, 24 lits): UNSAT in 0.02s
    cube 1965 (depth 0, 24 lits): UNSAT in 0.03s
    cube 1969 (depth 0, 24 lits): UNSAT in 0.16s
    cube 1973 (depth 0, 24 lits): UNSAT in 0.02s
    cube 1977 (depth 0, 24 lits): UNSAT in 0.05s
    cube 1981 (depth 0, 24 lits): UNSAT in 0.06s
    cube 1985 (depth 0, 24 lits): UNSAT in 0.53s
    cube 1989 (depth 0, 24 lits): UNSAT in 0.05s
    cube 1993 (depth 0, 24 lits): UNSAT in 0.94s
    cube 1997 (depth 0, 24 lits): UNSAT in 0.43s
    cube 2001 (depth 0, 24 lits): UNSAT in 0.55s
    cube 2005 (depth 0, 24 lits): UNSAT in 0.02s
    cube 2009 (depth 0, 24 lits): UNSAT in 0.02s
    cube 2013 (depth 0, 24 lits): UNSAT in 0.06s
    cube 2017 (depth 0, 23 lits): UNSAT in 0.01s
    cube 2021 (depth 0, 24 lits): UNSAT in 0.02s
    cube 2025 (depth 0, 24 lits): UNSAT in 0.04s
    cube 2029 (depth 0, 24 lits): UNSAT in 0.02s
    cube 2033 (depth 0, 24 lits): UNSAT in 0.05s
    cube 2037 (depth 0, 24 lits): UNSAT in 0.05s
    cube 2041 (depth 0, 24 lits): UNSAT in 0.03s
    cube 2045 (depth 0, 24 lits): UNSAT in 0.04s
    cube 2049 (depth 0, 24 lits): UNSAT in 0.06s
    cube 2053 (depth 0, 24 lits): UNSAT in 0.35s
    cube 2057 (depth 0, 24 lits): UNSAT in 0.39s
    cube 2061 (depth 0, 24 lits): UNSAT in 1.22s
    cube 2065 (depth 0, 24 lits): UNSAT in 0.01s
    cube 2069 (depth 0, 24 lits): UNSAT in 0.01s
    cube 2073 (depth 0, 24 lits): UNSAT in 0.03s
    cube 2077 (depth 0, 24 lits): UNSAT in 0.05s
    cube 2081 (depth 0, 24 lits): UNSAT in 0.06s
    cube 2085 (depth 0, 24 lits): UNSAT in 0.24s
    cube 2089 (depth 0, 24 lits): UNSAT in 0.13s
    cube 2093 (depth 0, 24 lits): UNSAT in 0.84s
    cube 2097 (depth 0, 24 lits): UNSAT in 0.04s
    cube 2101 (depth 0, 24 lits): UNSAT in 0.08s
    cube 2105 (depth 0, 24 lits): UNSAT in 0.31s
    cube 2109 (depth 0, 24 lits): UNSAT in 0.62s
    cube 2113 (depth 0, 24 lits): UNSAT in 0.11s
    cube 2117 (depth 0, 24 lits): UNSAT in 0.24s
    cube 2121 (depth 0, 24 lits): UNSAT in 0.64s
    cube 2125 (depth 0, 24 lits): UNSAT in 2.56s
    cube 2129 (depth 0, 24 lits): UNSAT in 0.07s
    cube 2133 (depth 0, 24 lits): UNSAT in 0.16s
    cube 2137 (depth 0, 24 lits): UNSAT in 0.07s
    cube 2141 (depth 0, 24 lits): UNSAT in 0.79s
    cube 2145 (depth 0, 24 lits): UNSAT in 0.07s
    cube 2149 (depth 0, 24 lits): UNSAT in 0.21s
    cube 2153 (depth 0, 24 lits): UNSAT in 0.22s
    cube 2157 (depth 0, 24 lits): UNSAT in 1.10s
    cube 2161 (depth 0, 24 lits): UNSAT in 0.17s
    cube 2165 (depth 0, 24 lits): UNSAT in 0.31s
    cube 2169 (depth 0, 24 lits): UNSAT in 0.58s
    cube 2173 (depth 0, 24 lits): UNSAT in 2.39s
    cube 2177 (depth 0, 24 lits): UNSAT in 2.83s
    cube 2181 (depth 0, 24 lits): UNSAT in 8.54s
    cube 2185 (depth 0, 24 lits): UNSAT in 14.01s
    cube 2189 (depth 0, 24 lits): UNSAT in 102.57s
    cube 2193 (depth 0, 24 lits): UNSAT in 0.03s
    cube 2197 (depth 0, 24 lits): UNSAT in 0.04s
    cube 2201 (depth 0, 24 lits): UNSAT in 0.03s
    cube 2205 (depth 0, 24 lits): UNSAT in 0.08s
    cube 2209 (depth 0, 24 lits): UNSAT in 0.03s
    cube 2213 (depth 0, 24 lits): UNSAT in 0.03s
    cube 2217 (depth 0, 24 lits): UNSAT in 0.15s
    cube 2221 (depth 0, 24 lits): UNSAT in 0.24s
    cube 2225 (depth 0, 24 lits): UNSAT in 0.03s
    cube 2229 (depth 0, 24 lits): UNSAT in 0.04s
    cube 2233 (depth 0, 24 lits): UNSAT in 0.04s
    cube 2237 (depth 0, 24 lits): UNSAT in 0.14s
    cube 2241 (depth 0, 24 lits): UNSAT in 0.07s
    cube 2245 (depth 0, 24 lits): UNSAT in 0.16s
    cube 2249 (depth 0, 24 lits): UNSAT in 0.06s
    cube 2253 (depth 0, 24 lits): UNSAT in 0.29s
    cube 2257 (depth 0, 24 lits): UNSAT in 0.01s
    cube 2261 (depth 0, 24 lits): UNSAT in 0.02s
    cube 2265 (depth 0, 24 lits): UNSAT in 0.02s
    cube 2269 (depth 0, 24 lits): UNSAT in 0.03s
    cube 2273 (depth 0, 24 lits): UNSAT in 0.01s
    cube 2277 (depth 0, 24 lits): UNSAT in 0.04s
    cube 2281 (depth 0, 24 lits): UNSAT in 0.03s
    cube 2285 (depth 0, 24 lits): UNSAT in 0.16s
    cube 2289 (depth 0, 24 lits): UNSAT in 0.02s
    cube 2293 (depth 0, 24 lits): UNSAT in 0.03s
    cube 2297 (depth 0, 24 lits): UNSAT in 0.15s
    cube 2301 (depth 0, 24 lits): UNSAT in 0.11s
    cube 2305 (depth 0, 24 lits): UNSAT in 0.05s
    cube 2309 (depth 0, 24 lits): UNSAT in 0.19s
    cube 2313 (depth 0, 24 lits): UNSAT in 0.16s
    cube 2317 (depth 0, 24 lits): UNSAT in 4.89s
    cube 2321 (depth 0, 24 lits): UNSAT in 0.01s
    cube 2325 (depth 0, 24 lits): UNSAT in 0.04s
    cube 2329 (depth 0, 24 lits): UNSAT in 0.02s
    cube 2333 (depth 0, 24 lits): UNSAT in 0.09s
    cube 2337 (depth 0, 24 lits): UNSAT in 0.02s
    cube 2341 (depth 0, 24 lits): UNSAT in 0.05s
    cube 2345 (depth 0, 24 lits): UNSAT in 0.03s
    cube 2349 (depth 0, 24 lits): UNSAT in 0.39s
    cube 2353 (depth 0, 24 lits): UNSAT in 0.04s
    cube 2357 (depth 0, 24 lits): UNSAT in 0.11s
    cube 2361 (depth 0, 24 lits): UNSAT in 0.21s
    cube 2365 (depth 0, 24 lits): UNSAT in 0.63s
    cube 2369 (depth 0, 24 lits): UNSAT in 0.14s
    cube 2373 (depth 0, 24 lits): UNSAT in 0.18s
    cube 2377 (depth 0, 24 lits): UNSAT in 0.88s
    cube 2381 (depth 0, 24 lits): UNSAT in 1.13s
    cube 2385 (depth 0, 24 lits): UNSAT in 0.10s
    cube 2389 (depth 0, 24 lits): UNSAT in 0.18s
    cube 2393 (depth 0, 24 lits): UNSAT in 0.26s
    cube 2397 (depth 0, 24 lits): UNSAT in 0.46s
    cube 2401 (depth 0, 24 lits): UNSAT in 0.29s
    cube 2405 (depth 0, 24 lits): UNSAT in 0.21s
    cube 2409 (depth 0, 24 lits): UNSAT in 0.15s
    cube 2413 (depth 0, 24 lits): UNSAT in 1.99s
    cube 2417 (depth 0, 24 lits): UNSAT in 0.13s
    cube 2421 (depth 0, 24 lits): UNSAT in 0.39s
    cube 2425 (depth 0, 24 lits): UNSAT in 0.54s
    cube 2429 (depth 0, 24 lits): UNSAT in 1.71s
    cube 2433 (depth 0, 24 lits): UNSAT in 0.32s
    cube 2437 (depth 0, 24 lits): UNSAT in 0.99s
    cube 2441 (depth 0, 24 lits): UNSAT in 1.58s
    cube 2445 (depth 0, 24 lits): UNSAT in 11.12s
    cube 2449 (depth 0, 24 lits): UNSAT in 0.01s
    cube 2453 (depth 0, 24 lits): UNSAT in 0.01s
    cube 2457 (depth 0, 24 lits): UNSAT in 0.02s
    cube 2461 (depth 0, 23 lits): UNSAT in 0.01s
    cube 2465 (depth 0, 24 lits): UNSAT in 0.02s
    cube 2469 (depth 0, 24 lits): UNSAT in 0.04s
    cube 2473 (depth 0, 24 lits): UNSAT in 0.07s
    cube 2477 (depth 0, 24 lits): UNSAT in 0.02s
    cube 2481 (depth 0, 24 lits): UNSAT in 0.10s
    cube 2485 (depth 0, 24 lits): UNSAT in 0.10s
    cube 2489 (depth 0, 24 lits): UNSAT in 0.56s
    cube 2493 (depth 0, 24 lits): UNSAT in 0.05s
    cube 2497 (depth 0, 24 lits): UNSAT in 0.23s
    cube 2501 (depth 0, 24 lits): UNSAT in 0.06s
    cube 2505 (depth 0, 24 lits): UNSAT in 1.51s
    cube 2509 (depth 0, 24 lits): UNSAT in 0.01s
    cube 2513 (depth 0, 24 lits): UNSAT in 0.06s
    cube 2517 (depth 0, 24 lits): UNSAT in 0.09s
    cube 2521 (depth 0, 24 lits): UNSAT in 0.73s
    cube 2525 (depth 0, 24 lits): UNSAT in 0.14s
    cube 2529 (depth 0, 24 lits): UNSAT in 0.34s
    cube 2533 (depth 0, 24 lits): UNSAT in 0.27s
    cube 2537 (depth 0, 24 lits): UNSAT in 1.31s
    cube 2541 (depth 0, 24 lits): UNSAT in 0.10s
    cube 2545 (depth 0, 24 lits): UNSAT in 0.57s
    cube 2549 (depth 0, 24 lits): UNSAT in 0.68s
    cube 2553 (depth 0, 24 lits): UNSAT in 3.03s
    cube 2557 (depth 0, 24 lits): UNSAT in 0.28s
    cube 2561 (depth 0, 24 lits): UNSAT in 0.77s
    cube 2565 (depth 0, 24 lits): UNSAT in 8.06s
    cube 2569 (depth 0, 24 lits): UNSAT in 179.72s
    cube 2573 (depth 0, 24 lits): UNSAT in 0.03s
    cube 2577 (depth 0, 24 lits): UNSAT in 0.06s
    cube 2581 (depth 0, 24 lits): UNSAT in 0.05s
    cube 2585 (depth 0, 24 lits): UNSAT in 0.22s
    cube 2589 (depth 0, 24 lits): UNSAT in 0.16s
    cube 2593 (depth 0, 24 lits): UNSAT in 0.12s
    cube 2597 (depth 0, 24 lits): UNSAT in 0.06s
    cube 2601 (depth 0, 24 lits): UNSAT in 1.54s
    cube 2605 (depth 0, 24 lits): UNSAT in 0.07s
    cube 2609 (depth 0, 24 lits): UNSAT in 0.39s
    cube 2613 (depth 0, 24 lits): UNSAT in 0.27s
    cube 2617 (depth 0, 24 lits): UNSAT in 0.41s
    cube 2621 (depth 0, 24 lits): UNSAT in 0.78s
    cube 2625 (depth 0, 24 lits): UNSAT in 1.47s
    cube 2629 (depth 0, 24 lits): UNSAT in 3.58s
    cube 2633 (depth 0, 24 lits): UNSAT in 75.40s
    cube 2637 (depth 0, 24 lits): UNSAT in 0.08s
    cube 2641 (depth 0, 24 lits): UNSAT in 0.19s
    cube 2645 (depth 0, 24 lits): UNSAT in 0.06s
    cube 2649 (depth 0, 24 lits): UNSAT in 1.71s
    cube 2653 (depth 0, 24 lits): UNSAT in 0.14s
    cube 2657 (depth 0, 24 lits): UNSAT in 1.13s
    cube 2661 (depth 0, 24 lits): UNSAT in 4.54s
    cube 2665 (depth 0, 24 lits): UNSAT in 29.12s
    cube 2669 (depth 0, 24 lits): UNSAT in 0.34s
    cube 2673 (depth 0, 24 lits): UNSAT in 1.65s
    cube 2677 (depth 0, 24 lits): UNSAT in 4.13s
    cube 2681 (depth 0, 24 lits): UNSAT in 2.91s
    cube 2685 (depth 0, 24 lits): UNSAT in 0.13s
    cube 2689 (depth 0, 24 lits): UNSAT in 0.88s
    cube 2693 (depth 0, 24 lits): UNSAT in 0.97s
    cube 2697 (depth 0, 24 lits): UNSAT in 34.06s
    cube 2701 (depth 0, 24 lits): UNSAT in 0.01s
    cube 2705 (depth 0, 23 lits): UNSAT in 0.01s
    cube 2709 (depth 0, 24 lits): UNSAT in 0.02s
    cube 2713 (depth 0, 24 lits): UNSAT in 0.01s
    cube 2717 (depth 0, 24 lits): UNSAT in 0.02s
    cube 2721 (depth 0, 24 lits): UNSAT in 0.02s
    cube 2725 (depth 0, 24 lits): UNSAT in 0.06s
    cube 2729 (depth 0, 24 lits): UNSAT in 0.01s
    cube 2733 (depth 0, 24 lits): UNSAT in 0.01s
    cube 2737 (depth 0, 24 lits): UNSAT in 0.01s
    cube 2741 (depth 0, 24 lits): UNSAT in 0.02s
    cube 2745 (depth 0, 24 lits): UNSAT in 0.01s
    cube 2749 (depth 0, 24 lits): UNSAT in 0.02s
    cube 2753 (depth 0, 24 lits): UNSAT in 0.09s
    cube 2757 (depth 0, 24 lits): UNSAT in 0.38s
    cube 2761 (depth 0, 24 lits): UNSAT in 0.01s
    cube 2765 (depth 0, 24 lits): UNSAT in 0.01s
    cube 2769 (depth 0, 24 lits): UNSAT in 0.01s
    cube 2773 (depth 0, 24 lits): UNSAT in 0.01s
    cube 2777 (depth 0, 24 lits): UNSAT in 0.06s
    cube 2781 (depth 0, 24 lits): UNSAT in 0.03s
    cube 2785 (depth 0, 24 lits): UNSAT in 0.29s
    cube 2789 (depth 0, 23 lits): UNSAT in 0.01s
    cube 2793 (depth 0, 24 lits): UNSAT in 0.10s
    cube 2797 (depth 0, 24 lits): UNSAT in 0.08s
    cube 2801 (depth 0, 24 lits): UNSAT in 0.33s
    cube 2805 (depth 0, 24 lits): UNSAT in 0.06s
    cube 2809 (depth 0, 24 lits): UNSAT in 0.28s
    cube 2813 (depth 0, 24 lits): UNSAT in 0.75s
    cube 2817 (depth 0, 24 lits): UNSAT in 1.40s
    cube 2821 (depth 0, 24 lits): UNSAT in 0.02s
    cube 2825 (depth 0, 24 lits): UNSAT in 0.02s
    cube 2829 (depth 0, 24 lits): UNSAT in 0.03s
    cube 2833 (depth 0, 24 lits): UNSAT in 0.04s
    cube 2837 (depth 0, 24 lits): UNSAT in 0.13s
    cube 2841 (depth 0, 24 lits): UNSAT in 0.58s
    cube 2845 (depth 0, 24 lits): UNSAT in 0.11s
    cube 2849 (depth 0, 24 lits): UNSAT in 1.05s
    cube 2853 (depth 0, 24 lits): UNSAT in 0.01s
    cube 2857 (depth 0, 24 lits): UNSAT in 0.14s
    cube 2861 (depth 0, 24 lits): UNSAT in 0.01s
    cube 2865 (depth 0, 24 lits): UNSAT in 0.02s
    cube 2869 (depth 0, 24 lits): UNSAT in 0.04s
    cube 2873 (depth 0, 24 lits): UNSAT in 0.01s
    cube 2877 (depth 0, 24 lits): UNSAT in 0.17s
    cube 2881 (depth 0, 24 lits): UNSAT in 0.02s
    cube 2885 (depth 0, 24 lits): UNSAT in 0.05s
    cube 2889 (depth 0, 24 lits): UNSAT in 0.05s
    cube 2893 (depth 0, 24 lits): UNSAT in 0.26s
    cube 2897 (depth 0, 24 lits): UNSAT in 0.03s
    cube 2901 (depth 0, 24 lits): UNSAT in 0.04s
    cube 2905 (depth 0, 24 lits): UNSAT in 0.17s
    cube 2909 (depth 0, 24 lits): UNSAT in 0.65s
    cube 2913 (depth 0, 24 lits): UNSAT in 0.03s
    cube 2917 (depth 0, 24 lits): UNSAT in 0.21s
    cube 2921 (depth 0, 24 lits): UNSAT in 0.15s
    cube 2925 (depth 0, 24 lits): UNSAT in 0.26s
    cube 2929 (depth 0, 24 lits): UNSAT in 0.14s
    cube 2933 (depth 0, 24 lits): UNSAT in 0.86s
    cube 2937 (depth 0, 24 lits): UNSAT in 0.73s
    cube 2941 (depth 0, 24 lits): UNSAT in 8.07s
    cube 2945 (depth 0, 23 lits): UNSAT in 0.01s
    cube 2949 (depth 0, 24 lits): UNSAT in 0.01s
    cube 2953 (depth 0, 24 lits): UNSAT in 0.04s
    cube 2957 (depth 0, 24 lits): UNSAT in 0.05s
    cube 2961 (depth 0, 24 lits): UNSAT in 0.02s
    cube 2965 (depth 0, 24 lits): UNSAT in 0.16s
    cube 2969 (depth 0, 24 lits): UNSAT in 0.10s
    cube 2973 (depth 0, 24 lits): UNSAT in 0.12s
    cube 2977 (depth 0, 24 lits): UNSAT in 0.01s
    cube 2981 (depth 0, 24 lits): UNSAT in 0.07s
    cube 2985 (depth 0, 24 lits): UNSAT in 0.13s
    cube 2989 (depth 0, 24 lits): UNSAT in 0.42s
    cube 2993 (depth 0, 24 lits): UNSAT in 0.15s
    cube 2997 (depth 0, 24 lits): UNSAT in 0.23s
    cube 3001 (depth 0, 24 lits): UNSAT in 0.71s
    cube 3005 (depth 0, 24 lits): UNSAT in 5.07s
    cube 3009 (depth 0, 24 lits): UNSAT in 0.08s
    cube 3013 (depth 0, 24 lits): UNSAT in 0.14s
    cube 3017 (depth 0, 24 lits): UNSAT in 0.09s
    cube 3021 (depth 0, 24 lits): UNSAT in 1.40s
    cube 3025 (depth 0, 24 lits): UNSAT in 0.08s
    cube 3029 (depth 0, 24 lits): UNSAT in 0.69s
    cube 3033 (depth 0, 24 lits): UNSAT in 0.59s
    cube 3037 (depth 0, 24 lits): UNSAT in 7.33s
    cube 3041 (depth 0, 24 lits): UNSAT in 0.06s
    cube 3045 (depth 0, 24 lits): UNSAT in 0.20s
    cube 3049 (depth 0, 24 lits): UNSAT in 0.34s
    cube 3053 (depth 0, 24 lits): UNSAT in 1.01s
    cube 3057 (depth 0, 24 lits): UNSAT in 0.30s
    cube 3061 (depth 0, 24 lits): UNSAT in 1.29s
    cube 3065 (depth 0, 24 lits): UNSAT in 6.90s
    cube 3069 (depth 0, 24 lits): UNSAT in 107.95s
    cube 3073 (depth 0, 24 lits): UNSAT in 0.21s
    cube 3077 (depth 0, 24 lits): UNSAT in 0.12s
    cube 3081 (depth 0, 24 lits): UNSAT in 0.18s
    cube 3085 (depth 0, 24 lits): UNSAT in 2.28s
    cube 3089 (depth 0, 24 lits): UNSAT in 0.29s
    cube 3093 (depth 0, 24 lits): UNSAT in 1.95s
    cube 3097 (depth 0, 24 lits): UNSAT in 2.27s
    cube 3101 (depth 0, 24 lits): UNSAT in 2.32s
    cube 3105 (depth 0, 24 lits): UNSAT in 0.09s
    cube 3109 (depth 0, 24 lits): UNSAT in 0.22s
    cube 3113 (depth 0, 24 lits): UNSAT in 0.16s
    cube 3117 (depth 0, 24 lits): UNSAT in 0.59s
    cube 3121 (depth 0, 24 lits): UNSAT in 3.44s
    cube 3125 (depth 0, 24 lits): UNSAT in 4.35s
    cube 3129 (depth 0, 24 lits): UNSAT in 2.88s
    cube 3133 (depth 0, 24 lits): UNSAT in 81.90s
    cube 3137 (depth 0, 24 lits): UNSAT in 0.18s
    cube 3141 (depth 0, 24 lits): UNSAT in 0.61s
    cube 3145 (depth 0, 24 lits): UNSAT in 1.17s
    cube 3149 (depth 0, 24 lits): UNSAT in 12.42s
    cube 3153 (depth 0, 24 lits): UNSAT in 0.51s
    cube 3157 (depth 0, 24 lits): UNSAT in 0.92s
    cube 3161 (depth 0, 24 lits): UNSAT in 1.02s
    cube 3165 (depth 0, 24 lits): UNSAT in 81.19s
    cube 3169 (depth 0, 24 lits): UNSAT in 1.31s
    cube 3173 (depth 0, 24 lits): UNSAT in 6.45s
    cube 3177 (depth 0, 24 lits): UNSAT in 0.39s
    cube 3181 (depth 0, 24 lits): UNSAT in 8.61s
    cube 3185 (depth 0, 24 lits): UNSAT in 1.49s
    cube 3189 (depth 0, 24 lits): UNSAT in 4.58s
    cube 3193 (depth 0, 24 lits): UNSAT in 3.68s
    cube 3197 (depth 0, 24 lits): UNSAT in 12.99s
    cube 3201 (depth 0, 24 lits): UNSAT in 0.01s
    cube 3205 (depth 0, 24 lits): UNSAT in 0.02s
    cube 3209 (depth 0, 24 lits): UNSAT in 0.01s
    cube 3213 (depth 0, 24 lits): UNSAT in 0.01s
    cube 3217 (depth 0, 24 lits): UNSAT in 0.01s
    cube 3221 (depth 0, 24 lits): UNSAT in 0.07s
    cube 3225 (depth 0, 24 lits): UNSAT in 0.05s
    cube 3229 (depth 0, 24 lits): UNSAT in 0.25s
    cube 3233 (depth 0, 24 lits): UNSAT in 0.01s
    cube 3237 (depth 0, 24 lits): UNSAT in 0.10s
    cube 3241 (depth 0, 24 lits): UNSAT in 0.02s
    cube 3245 (depth 0, 24 lits): UNSAT in 0.06s
    cube 3249 (depth 0, 24 lits): UNSAT in 0.04s
    cube 3253 (depth 0, 24 lits): UNSAT in 0.15s
    cube 3257 (depth 0, 24 lits): UNSAT in 0.13s
    cube 3261 (depth 0, 24 lits): UNSAT in 0.62s
    cube 3265 (depth 0, 24 lits): UNSAT in 0.01s
    cube 3269 (depth 0, 24 lits): UNSAT in 0.03s
    cube 3273 (depth 0, 24 lits): UNSAT in 0.04s
    cube 3277 (depth 0, 24 lits): UNSAT in 0.36s
    cube 3281 (depth 0, 24 lits): UNSAT in 0.02s
    cube 3285 (depth 0, 24 lits): UNSAT in 0.12s
    cube 3289 (depth 0, 24 lits): UNSAT in 0.02s
    cube 3293 (depth 0, 24 lits): UNSAT in 0.31s
    cube 3297 (depth 0, 24 lits): UNSAT in 0.04s
    cube 3301 (depth 0, 24 lits): UNSAT in 0.04s
    cube 3305 (depth 0, 24 lits): UNSAT in 0.11s
    cube 3309 (depth 0, 24 lits): UNSAT in 2.44s
    cube 3313 (depth 0, 24 lits): UNSAT in 0.07s
    cube 3317 (depth 0, 24 lits): UNSAT in 0.47s
    cube 3321 (depth 0, 24 lits): UNSAT in 2.96s
    cube 3325 (depth 0, 24 lits): UNSAT in 47.77s
    cube 3329 (depth 0, 24 lits): UNSAT in 0.05s
    cube 3333 (depth 0, 24 lits): UNSAT in 0.05s
    cube 3337 (depth 0, 24 lits): UNSAT in 0.74s
    cube 3341 (depth 0, 24 lits): UNSAT in 0.33s
    cube 3345 (depth 0, 24 lits): UNSAT in 0.17s
    cube 3349 (depth 0, 24 lits): UNSAT in 0.23s
    cube 3353 (depth 0, 24 lits): UNSAT in 0.19s
    cube 3357 (depth 0, 24 lits): UNSAT in 1.43s
    cube 3361 (depth 0, 24 lits): UNSAT in 0.03s
    cube 3365 (depth 0, 24 lits): UNSAT in 0.30s
    cube 3369 (depth 0, 24 lits): UNSAT in 0.14s
    cube 3373 (depth 0, 24 lits): UNSAT in 0.72s
    cube 3377 (depth 0, 24 lits): UNSAT in 0.35s
    cube 3381 (depth 0, 24 lits): UNSAT in 0.47s
    cube 3385 (depth 0, 24 lits): UNSAT in 2.34s
    cube 3389 (depth 0, 24 lits): UNSAT in 81.09s
    cube 3393 (depth 0, 24 lits): UNSAT in 0.07s
    cube 3397 (depth 0, 24 lits): UNSAT in 1.09s
    cube 3401 (depth 0, 24 lits): UNSAT in 3.79s
    cube 3405 (depth 0, 24 lits): UNSAT in 3.86s
    cube 3409 (depth 0, 24 lits): UNSAT in 0.08s
    cube 3413 (depth 0, 24 lits): UNSAT in 0.36s
    cube 3417 (depth 0, 24 lits): UNSAT in 0.56s
    cube 3421 (depth 0, 24 lits): UNSAT in 78.34s
    cube 3425 (depth 0, 24 lits): UNSAT in 0.83s
    cube 3429 (depth 0, 24 lits): UNSAT in 4.20s
    cube 3433 (depth 0, 24 lits): UNSAT in 3.59s
    cube 3437 (depth 0, 24 lits): UNSAT in 26.44s
    cube 3441 (depth 0, 24 lits): UNSAT in 1.03s
    cube 3445 (depth 0, 24 lits): UNSAT in 8.69s
    cube 3449 (depth 0, 24 lits): UNSAT in 1.40s
    cube 3453 (depth 0, 24 lits): UNSAT in 11.68s
    cube 3457 (depth 0, 24 lits): UNSAT in 0.04s
    cube 3461 (depth 0, 24 lits): UNSAT in 0.04s
    cube 3465 (depth 0, 24 lits): UNSAT in 0.55s
    cube 3469 (depth 0, 24 lits): UNSAT in 0.58s
    cube 3473 (depth 0, 24 lits): UNSAT in 0.17s
    cube 3477 (depth 0, 24 lits): UNSAT in 0.12s
    cube 3481 (depth 0, 24 lits): UNSAT in 0.48s
    cube 3485 (depth 0, 24 lits): UNSAT in 1.98s
    cube 3489 (depth 0, 24 lits): UNSAT in 0.15s
    cube 3493 (depth 0, 24 lits): UNSAT in 0.32s
    cube 3497 (depth 0, 24 lits): UNSAT in 0.29s
    cube 3501 (depth 0, 24 lits): UNSAT in 6.37s
    cube 3505 (depth 0, 24 lits): UNSAT in 0.52s
    cube 3509 (depth 0, 24 lits): UNSAT in 0.98s
    cube 3513 (depth 0, 24 lits): UNSAT in 1.33s
    cube 3517 (depth 0, 24 lits): UNSAT in 20.07s
    cube 3521 (depth 0, 24 lits): UNSAT in 0.15s
    cube 3525 (depth 0, 24 lits): UNSAT in 2.00s
    cube 3529 (depth 0, 24 lits): UNSAT in 0.27s
    cube 3533 (depth 0, 24 lits): UNSAT in 15.17s
    cube 3537 (depth 0, 24 lits): UNSAT in 1.64s
    cube 3541 (depth 0, 24 lits): UNSAT in 1.47s
    cube 3545 (depth 0, 24 lits): UNSAT in 14.28s
    cube 3549 (depth 0, 24 lits): UNSAT in 56.50s
    cube 3553 (depth 0, 24 lits): UNSAT in 0.76s
    cube 3557 (depth 0, 24 lits): UNSAT in 1.21s
    cube 3561 (depth 0, 24 lits): UNSAT in 7.67s
    cube 3565 (depth 0, 24 lits): UNSAT in 41.40s
    cube 3569 (depth 0, 24 lits): UNSAT in 1.08s
    cube 3573 (depth 0, 24 lits): UNSAT in 5.99s
    cube 3577 (depth 0, 24 lits): UNSAT in 8.09s
    cube 3581 (depth 0, 24 lits): UNSAT in 165.34s
    cube 3585 (depth 0, 24 lits): UNSAT in 0.23s
    cube 3589 (depth 0, 24 lits): UNSAT in 1.05s
    cube 3593 (depth 0, 24 lits): UNSAT in 0.12s
    cube 3597 (depth 0, 24 lits): UNSAT in 1.19s
    cube 3601 (depth 0, 24 lits): UNSAT in 0.18s
    cube 3605 (depth 0, 24 lits): UNSAT in 3.85s
    cube 3609 (depth 0, 24 lits): UNSAT in 3.77s
    cube 3613 (depth 0, 24 lits): UNSAT in 9.32s
    cube 3617 (depth 0, 24 lits): UNSAT in 1.93s
    cube 3621 (depth 0, 24 lits): UNSAT in 0.11s
    cube 3625 (depth 0, 24 lits): UNSAT in 2.52s
    cube 3629 (depth 0, 24 lits): UNSAT in 3.63s
    cube 3633 (depth 0, 24 lits): UNSAT in 3.67s
    cube 3637 (depth 0, 24 lits): UNSAT in 8.42s
    cube 3641 (depth 0, 24 lits): UNSAT in 42.33s
    cube 3645 (depth 0, 24 lits): UNSAT in 12.17s
    cube 3649 (depth 0, 24 lits): UNSAT in 0.45s
    cube 3653 (depth 0, 24 lits): UNSAT in 1.02s
    cube 3657 (depth 0, 24 lits): UNSAT in 4.59s
    cube 3661 (depth 0, 24 lits): UNSAT in 5.01s
    cube 3665 (depth 0, 24 lits): UNSAT in 2.16s
    cube 3669 (depth 0, 24 lits): UNSAT in 5.86s
    cube 3673 (depth 0, 24 lits): UNSAT in 8.05s
    cube 3677 (depth 0, 24 lits): UNSAT in 166.68s
    cube 3681 (depth 0, 24 lits): UNSAT in 3.52s
    cube 3685 (depth 0, 24 lits): UNSAT in 18.98s
    cube 3689 (depth 0, 24 lits): UNSAT in 4.19s
    cube 3693 (depth 0, 24 lits): UNSAT in 70.91s
    cube 3697 (depth 0, 24 lits): UNSAT in 1.40s
    cube 3701 (depth 0, 24 lits): UNSAT in 32.61s
    cube 3705 (depth 0, 24 lits): UNSAT in 3.93s
    cube 3709 (depth 0, 24 lits): UNSAT in 86.01s

  shard 1 verdict: UNSAT [parent cube 4076's children only] (928 UNSAT, 0 unresolved) in 7196.7s
