  shard 2/13 (explicit): 1 of 4095 cubes, per-cube cap 1200.0s, re-split depth 7
    cube 3882 (depth 0, 12 lits): TIMEOUT in 1200.03s
    cube 3882 TIMEOUT -> re-split into 251 sub-cubes (depth 1)
    cube 3882.0 (depth 1, 19 lits): UNSAT in 0.01s
    cube 3882.1 (depth 1, 20 lits): UNSAT in 0.02s
    cube 3882.2 (depth 1, 20 lits): UNSAT in 0.02s
    cube 3882.3 (depth 1, 19 lits): UNSAT in 0.01s
    cube 3882.4 (depth 1, 20 lits): UNSAT in 0.01s
    cube 3882.5 (depth 1, 20 lits): UNSAT in 0.02s
    cube 3882.6 (depth 1, 19 lits): UNSAT in 0.01s
    cube 3882.7 (depth 1, 20 lits): UNSAT in 0.02s
    cube 3882.8 (depth 1, 20 lits): UNSAT in 0.03s
    cube 3882.9 (depth 1, 20 lits): UNSAT in 0.02s
    cube 3882.10 (depth 1, 20 lits): UNSAT in 0.03s
    cube 3882.11 (depth 1, 20 lits): UNSAT in 0.04s
    cube 3882.12 (depth 1, 20 lits): UNSAT in 0.05s
    cube 3882.13 (depth 1, 19 lits): UNSAT in 0.02s
    cube 3882.14 (depth 1, 20 lits): UNSAT in 0.02s
    cube 3882.15 (depth 1, 20 lits): UNSAT in 0.02s
    cube 3882.16 (depth 1, 20 lits): UNSAT in 0.02s
    cube 3882.17 (depth 1, 20 lits): UNSAT in 0.02s
    cube 3882.18 (depth 1, 20 lits): UNSAT in 0.03s
    cube 3882.19 (depth 1, 20 lits): UNSAT in 0.03s
    cube 3882.20 (depth 1, 20 lits): UNSAT in 0.02s
    cube 3882.21 (depth 1, 20 lits): UNSAT in 0.02s
    cube 3882.22 (depth 1, 20 lits): UNSAT in 0.03s
    cube 3882.23 (depth 1, 20 lits): UNSAT in 0.04s
    cube 3882.24 (depth 1, 20 lits): UNSAT in 0.03s
    cube 3882.25 (depth 1, 20 lits): UNSAT in 0.02s
    cube 3882.26 (depth 1, 20 lits): UNSAT in 0.06s
    cube 3882.27 (depth 1, 20 lits): UNSAT in 0.08s
    cube 3882.28 (depth 1, 20 lits): UNSAT in 0.02s
    cube 3882.29 (depth 1, 20 lits): UNSAT in 0.02s
    cube 3882.30 (depth 1, 20 lits): UNSAT in 0.03s
    cube 3882.31 (depth 1, 20 lits): UNSAT in 0.04s
    cube 3882.32 (depth 1, 19 lits): UNSAT in 0.02s
    cube 3882.33 (depth 1, 20 lits): UNSAT in 0.04s
    cube 3882.34 (depth 1, 20 lits): UNSAT in 0.08s
    cube 3882.35 (depth 1, 20 lits): UNSAT in 0.02s
    cube 3882.36 (depth 1, 20 lits): UNSAT in 0.02s
    cube 3882.37 (depth 1, 20 lits): UNSAT in 0.02s
    cube 3882.38 (depth 1, 20 lits): UNSAT in 0.03s
    cube 3882.39 (depth 1, 20 lits): UNSAT in 0.02s
    cube 3882.40 (depth 1, 20 lits): UNSAT in 0.04s
    cube 3882.41 (depth 1, 20 lits): UNSAT in 0.03s
    cube 3882.42 (depth 1, 20 lits): UNSAT in 0.18s
    cube 3882.43 (depth 1, 20 lits): UNSAT in 0.01s
    cube 3882.44 (depth 1, 20 lits): UNSAT in 0.02s
    cube 3882.45 (depth 1, 20 lits): UNSAT in 0.02s
    cube 3882.46 (depth 1, 20 lits): UNSAT in 0.08s
    cube 3882.47 (depth 1, 20 lits): UNSAT in 0.02s
    cube 3882.48 (depth 1, 20 lits): UNSAT in 0.02s
    cube 3882.49 (depth 1, 20 lits): UNSAT in 0.05s
    cube 3882.50 (depth 1, 20 lits): UNSAT in 0.10s
    cube 3882.51 (depth 1, 20 lits): UNSAT in 0.02s
    cube 3882.52 (depth 1, 20 lits): UNSAT in 0.02s
    cube 3882.53 (depth 1, 20 lits): UNSAT in 0.02s
    cube 3882.54 (depth 1, 20 lits): UNSAT in 0.03s
    cube 3882.55 (depth 1, 20 lits): UNSAT in 0.03s
    cube 3882.56 (depth 1, 20 lits): UNSAT in 0.07s
    cube 3882.57 (depth 1, 20 lits): UNSAT in 0.09s
    cube 3882.58 (depth 1, 20 lits): UNSAT in 0.32s
    cube 3882.59 (depth 1, 20 lits): UNSAT in 0.01s
    cube 3882.60 (depth 1, 20 lits): UNSAT in 0.02s
    cube 3882.61 (depth 1, 20 lits): UNSAT in 0.01s
    cube 3882.62 (depth 1, 20 lits): UNSAT in 0.03s
    cube 3882.63 (depth 1, 20 lits): UNSAT in 0.02s
    cube 3882.64 (depth 1, 20 lits): UNSAT in 0.04s
    cube 3882.65 (depth 1, 20 lits): UNSAT in 0.03s
    cube 3882.66 (depth 1, 20 lits): UNSAT in 0.11s
    cube 3882.67 (depth 1, 20 lits): UNSAT in 0.02s
    cube 3882.68 (depth 1, 20 lits): UNSAT in 0.03s
    cube 3882.69 (depth 1, 20 lits): UNSAT in 0.02s
    cube 3882.70 (depth 1, 20 lits): UNSAT in 0.23s
    cube 3882.71 (depth 1, 20 lits): UNSAT in 0.02s
    cube 3882.72 (depth 1, 20 lits): UNSAT in 0.04s
    cube 3882.73 (depth 1, 20 lits): UNSAT in 0.08s
    cube 3882.74 (depth 1, 20 lits): UNSAT in 0.21s
    cube 3882.75 (depth 1, 20 lits): UNSAT in 0.02s
    cube 3882.76 (depth 1, 20 lits): UNSAT in 0.02s
    cube 3882.77 (depth 1, 20 lits): UNSAT in 0.02s
    cube 3882.78 (depth 1, 20 lits): UNSAT in 0.06s
    cube 3882.79 (depth 1, 20 lits): UNSAT in 0.04s
    cube 3882.80 (depth 1, 20 lits): UNSAT in 0.13s
    cube 3882.81 (depth 1, 20 lits): UNSAT in 0.04s
    cube 3882.82 (depth 1, 20 lits): UNSAT in 0.17s
    cube 3882.83 (depth 1, 20 lits): UNSAT in 0.03s
    cube 3882.84 (depth 1, 20 lits): UNSAT in 0.07s
    cube 3882.85 (depth 1, 20 lits): UNSAT in 0.06s
    cube 3882.86 (depth 1, 20 lits): UNSAT in 0.27s
    cube 3882.87 (depth 1, 20 lits): UNSAT in 0.09s
    cube 3882.88 (depth 1, 20 lits): UNSAT in 0.18s
    cube 3882.89 (depth 1, 20 lits): UNSAT in 0.15s
    cube 3882.90 (depth 1, 20 lits): UNSAT in 0.59s
    cube 3882.91 (depth 1, 20 lits): UNSAT in 0.02s
    cube 3882.92 (depth 1, 20 lits): UNSAT in 0.05s
    cube 3882.93 (depth 1, 20 lits): UNSAT in 0.05s
    cube 3882.94 (depth 1, 20 lits): UNSAT in 0.11s
    cube 3882.95 (depth 1, 20 lits): UNSAT in 0.03s
    cube 3882.96 (depth 1, 20 lits): UNSAT in 0.06s
    cube 3882.97 (depth 1, 20 lits): UNSAT in 0.14s
    cube 3882.98 (depth 1, 20 lits): UNSAT in 0.51s
    cube 3882.99 (depth 1, 20 lits): UNSAT in 0.02s
    cube 3882.100 (depth 1, 20 lits): UNSAT in 0.06s
    cube 3882.101 (depth 1, 20 lits): UNSAT in 0.03s
    cube 3882.102 (depth 1, 20 lits): UNSAT in 0.09s
    cube 3882.103 (depth 1, 20 lits): UNSAT in 0.05s
    cube 3882.104 (depth 1, 20 lits): UNSAT in 0.16s
    cube 3882.105 (depth 1, 20 lits): UNSAT in 0.28s
    cube 3882.106 (depth 1, 20 lits): UNSAT in 1.30s
    cube 3882.107 (depth 1, 20 lits): UNSAT in 0.13s
    cube 3882.108 (depth 1, 20 lits): UNSAT in 0.13s
    cube 3882.109 (depth 1, 20 lits): UNSAT in 0.07s
    cube 3882.110 (depth 1, 20 lits): UNSAT in 0.41s
    cube 3882.111 (depth 1, 20 lits): UNSAT in 0.09s
    cube 3882.112 (depth 1, 20 lits): UNSAT in 0.43s
    cube 3882.113 (depth 1, 20 lits): UNSAT in 0.91s
    cube 3882.114 (depth 1, 20 lits): UNSAT in 1.78s
    cube 3882.115 (depth 1, 20 lits): UNSAT in 0.26s
    cube 3882.116 (depth 1, 20 lits): UNSAT in 1.14s
    cube 3882.117 (depth 1, 20 lits): UNSAT in 0.36s
    cube 3882.118 (depth 1, 20 lits): UNSAT in 2.65s
    cube 3882.119 (depth 1, 20 lits): UNSAT in 0.69s
    cube 3882.120 (depth 1, 20 lits): UNSAT in 2.05s
    cube 3882.121 (depth 1, 20 lits): UNSAT in 7.24s
    cube 3882.122 (depth 1, 20 lits): UNSAT in 43.70s
    cube 3882.123 (depth 1, 20 lits): UNSAT in 0.02s
    cube 3882.124 (depth 1, 20 lits): UNSAT in 0.03s
    cube 3882.125 (depth 1, 20 lits): UNSAT in 0.03s
    cube 3882.126 (depth 1, 20 lits): UNSAT in 0.07s
    cube 3882.127 (depth 1, 20 lits): UNSAT in 0.05s
    cube 3882.128 (depth 1, 20 lits): UNSAT in 0.14s
    cube 3882.129 (depth 1, 20 lits): UNSAT in 0.12s
    cube 3882.130 (depth 1, 20 lits): UNSAT in 0.20s
    cube 3882.131 (depth 1, 20 lits): UNSAT in 0.05s
    cube 3882.132 (depth 1, 20 lits): UNSAT in 0.12s
    cube 3882.133 (depth 1, 20 lits): UNSAT in 0.11s
    cube 3882.134 (depth 1, 20 lits): UNSAT in 0.14s
    cube 3882.135 (depth 1, 20 lits): UNSAT in 0.14s
    cube 3882.136 (depth 1, 20 lits): UNSAT in 0.74s
    cube 3882.137 (depth 1, 20 lits): UNSAT in 0.19s
    cube 3882.138 (depth 1, 20 lits): UNSAT in 0.63s
    cube 3882.139 (depth 1, 20 lits): UNSAT in 0.02s
    cube 3882.140 (depth 1, 20 lits): UNSAT in 0.02s
    cube 3882.141 (depth 1, 20 lits): UNSAT in 0.05s
    cube 3882.142 (depth 1, 20 lits): UNSAT in 0.15s
    cube 3882.143 (depth 1, 20 lits): UNSAT in 0.16s
    cube 3882.144 (depth 1, 20 lits): UNSAT in 0.29s
    cube 3882.145 (depth 1, 20 lits): UNSAT in 0.10s
    cube 3882.146 (depth 1, 20 lits): UNSAT in 0.58s
    cube 3882.147 (depth 1, 20 lits): UNSAT in 0.09s
    cube 3882.148 (depth 1, 20 lits): UNSAT in 0.11s
    cube 3882.149 (depth 1, 20 lits): UNSAT in 0.06s
    cube 3882.150 (depth 1, 20 lits): UNSAT in 0.37s
    cube 3882.151 (depth 1, 20 lits): UNSAT in 0.21s
    cube 3882.152 (depth 1, 20 lits): UNSAT in 1.22s
    cube 3882.153 (depth 1, 20 lits): UNSAT in 2.13s
    cube 3882.154 (depth 1, 20 lits): UNSAT in 32.81s
    cube 3882.155 (depth 1, 20 lits): UNSAT in 0.04s
    cube 3882.156 (depth 1, 20 lits): UNSAT in 0.06s
    cube 3882.157 (depth 1, 20 lits): UNSAT in 0.11s
    cube 3882.158 (depth 1, 20 lits): UNSAT in 0.40s
    cube 3882.159 (depth 1, 20 lits): UNSAT in 0.19s
    cube 3882.160 (depth 1, 20 lits): UNSAT in 0.38s
    cube 3882.161 (depth 1, 20 lits): UNSAT in 0.59s
    cube 3882.162 (depth 1, 20 lits): UNSAT in 1.74s
    cube 3882.163 (depth 1, 20 lits): UNSAT in 0.05s
    cube 3882.164 (depth 1, 20 lits): UNSAT in 0.05s
    cube 3882.165 (depth 1, 20 lits): UNSAT in 0.11s
    cube 3882.166 (depth 1, 20 lits): UNSAT in 0.36s
    cube 3882.167 (depth 1, 20 lits): UNSAT in 0.13s
    cube 3882.168 (depth 1, 20 lits): UNSAT in 0.57s
    cube 3882.169 (depth 1, 20 lits): UNSAT in 0.74s
    cube 3882.170 (depth 1, 20 lits): UNSAT in 2.68s
    cube 3882.171 (depth 1, 20 lits): UNSAT in 0.11s
    cube 3882.172 (depth 1, 20 lits): UNSAT in 1.02s
    cube 3882.173 (depth 1, 20 lits): UNSAT in 0.67s
    cube 3882.174 (depth 1, 20 lits): UNSAT in 3.78s
    cube 3882.175 (depth 1, 20 lits): UNSAT in 0.62s
    cube 3882.176 (depth 1, 20 lits): UNSAT in 0.59s
    cube 3882.177 (depth 1, 20 lits): UNSAT in 1.37s
    cube 3882.178 (depth 1, 20 lits): UNSAT in 7.39s
    cube 3882.179 (depth 1, 20 lits): UNSAT in 0.48s
    cube 3882.180 (depth 1, 20 lits): UNSAT in 0.86s
    cube 3882.181 (depth 1, 20 lits): UNSAT in 2.79s
    cube 3882.182 (depth 1, 20 lits): UNSAT in 5.51s
    cube 3882.183 (depth 1, 20 lits): UNSAT in 1.15s
    cube 3882.184 (depth 1, 20 lits): UNSAT in 2.73s
    cube 3882.185 (depth 1, 20 lits): UNSAT in 2.81s
    cube 3882.186 (depth 1, 20 lits): UNSAT in 26.33s
    cube 3882.187 (depth 1, 20 lits): UNSAT in 0.02s
    cube 3882.188 (depth 1, 20 lits): UNSAT in 0.05s
    cube 3882.189 (depth 1, 20 lits): UNSAT in 0.07s
    cube 3882.190 (depth 1, 20 lits): UNSAT in 0.20s
    cube 3882.191 (depth 1, 20 lits): UNSAT in 0.03s
    cube 3882.192 (depth 1, 20 lits): UNSAT in 0.08s
    cube 3882.193 (depth 1, 20 lits): UNSAT in 0.09s
    cube 3882.194 (depth 1, 20 lits): UNSAT in 0.53s
    cube 3882.195 (depth 1, 20 lits): UNSAT in 0.03s
    cube 3882.196 (depth 1, 20 lits): UNSAT in 0.04s
    cube 3882.197 (depth 1, 20 lits): UNSAT in 0.07s
    cube 3882.198 (depth 1, 20 lits): UNSAT in 0.28s
    cube 3882.199 (depth 1, 20 lits): UNSAT in 0.09s
    cube 3882.200 (depth 1, 20 lits): UNSAT in 0.27s
    cube 3882.201 (depth 1, 20 lits): UNSAT in 0.31s
    cube 3882.202 (depth 1, 20 lits): UNSAT in 1.36s
    cube 3882.203 (depth 1, 20 lits): UNSAT in 0.03s
    cube 3882.204 (depth 1, 20 lits): UNSAT in 0.22s
    cube 3882.205 (depth 1, 20 lits): UNSAT in 0.13s
    cube 3882.206 (depth 1, 20 lits): UNSAT in 0.56s
    cube 3882.207 (depth 1, 20 lits): UNSAT in 0.20s
    cube 3882.208 (depth 1, 20 lits): UNSAT in 0.79s
    cube 3882.209 (depth 1, 20 lits): UNSAT in 0.27s
    cube 3882.210 (depth 1, 20 lits): UNSAT in 1.93s
    cube 3882.211 (depth 1, 20 lits): UNSAT in 0.09s
    cube 3882.212 (depth 1, 20 lits): UNSAT in 0.45s
    cube 3882.213 (depth 1, 20 lits): UNSAT in 0.53s
    cube 3882.214 (depth 1, 20 lits): UNSAT in 5.25s
    cube 3882.215 (depth 1, 20 lits): UNSAT in 0.36s
    cube 3882.216 (depth 1, 20 lits): UNSAT in 2.91s
    cube 3882.217 (depth 1, 20 lits): UNSAT in 8.65s
    cube 3882.218 (depth 1, 20 lits): UNSAT in 89.07s
    cube 3882.219 (depth 1, 20 lits): UNSAT in 0.20s
    cube 3882.220 (depth 1, 20 lits): UNSAT in 1.38s
    cube 3882.221 (depth 1, 20 lits): UNSAT in 0.23s
    cube 3882.222 (depth 1, 20 lits): UNSAT in 0.55s
    cube 3882.223 (depth 1, 20 lits): UNSAT in 0.24s
    cube 3882.224 (depth 1, 20 lits): UNSAT in 0.52s
    cube 3882.225 (depth 1, 20 lits): UNSAT in 1.13s
    cube 3882.226 (depth 1, 20 lits): UNSAT in 19.72s
    cube 3882.227 (depth 1, 20 lits): UNSAT in 0.25s
    cube 3882.228 (depth 1, 20 lits): UNSAT in 0.64s
    cube 3882.229 (depth 1, 20 lits): UNSAT in 0.89s
    cube 3882.230 (depth 1, 20 lits): UNSAT in 4.87s
    cube 3882.231 (depth 1, 20 lits): UNSAT in 0.83s
    cube 3882.232 (depth 1, 20 lits): UNSAT in 4.07s
    cube 3882.233 (depth 1, 20 lits): UNSAT in 4.49s
    cube 3882.234 (depth 1, 20 lits): UNSAT in 33.65s
    cube 3882.235 (depth 1, 20 lits): UNSAT in 0.23s
    cube 3882.236 (depth 1, 20 lits): UNSAT in 1.27s
    cube 3882.237 (depth 1, 20 lits): UNSAT in 1.13s
    cube 3882.238 (depth 1, 20 lits): UNSAT in 3.67s
    cube 3882.239 (depth 1, 20 lits): UNSAT in 1.06s
    cube 3882.240 (depth 1, 20 lits): UNSAT in 5.02s
    cube 3882.241 (depth 1, 20 lits): UNSAT in 9.64s
    cube 3882.242 (depth 1, 20 lits): UNSAT in 422.88s
    cube 3882.243 (depth 1, 20 lits): UNSAT in 0.94s
    cube 3882.244 (depth 1, 20 lits): UNSAT in 12.12s
    cube 3882.245 (depth 1, 20 lits): UNSAT in 8.76s
    cube 3882.246 (depth 1, 20 lits): UNSAT in 521.00s
    cube 3882.247 (depth 1, 20 lits): UNSAT in 8.67s
    cube 3882.248 (depth 1, 20 lits): UNSAT in 500.35s
    cube 3882.249 (depth 1, 20 lits): UNSAT in 1027.75s
    cube 3882.250 (depth 1, 20 lits): UNSAT in 928.19s

  shard 2 verdict: UNSAT (1 UNSAT, 0 unresolved) in 5023.8s
