  shard 4/13 (explicit): 1 of 4095 cubes, per-cube cap 1200.0s, re-split depth 7
    cube 3884 (depth 0, 12 lits): TIMEOUT in 1200.10s
    cube 3884 TIMEOUT -> re-split into 253 sub-cubes (depth 1)
    cube 3884.0 (depth 1, 20 lits): UNSAT in 0.01s
    cube 3884.1 (depth 1, 20 lits): UNSAT in 0.01s
    cube 3884.2 (depth 1, 20 lits): UNSAT in 0.02s
    cube 3884.3 (depth 1, 20 lits): UNSAT in 0.02s
    cube 3884.4 (depth 1, 20 lits): UNSAT in 0.01s
    cube 3884.5 (depth 1, 20 lits): UNSAT in 0.01s
    cube 3884.6 (depth 1, 20 lits): UNSAT in 0.02s
    cube 3884.7 (depth 1, 20 lits): UNSAT in 0.04s
    cube 3884.8 (depth 1, 20 lits): UNSAT in 0.02s
    cube 3884.9 (depth 1, 20 lits): UNSAT in 0.03s
    cube 3884.10 (depth 1, 20 lits): UNSAT in 0.02s
    cube 3884.11 (depth 1, 20 lits): UNSAT in 0.02s
    cube 3884.12 (depth 1, 20 lits): UNSAT in 0.01s
    cube 3884.13 (depth 1, 20 lits): UNSAT in 0.02s
    cube 3884.14 (depth 1, 20 lits): UNSAT in 0.04s
    cube 3884.15 (depth 1, 20 lits): UNSAT in 0.05s
    cube 3884.16 (depth 1, 20 lits): UNSAT in 0.01s
    cube 3884.17 (depth 1, 20 lits): UNSAT in 0.02s
    cube 3884.18 (depth 1, 20 lits): UNSAT in 0.03s
    cube 3884.19 (depth 1, 20 lits): UNSAT in 0.10s
    cube 3884.20 (depth 1, 20 lits): UNSAT in 0.02s
    cube 3884.21 (depth 1, 20 lits): UNSAT in 0.05s
    cube 3884.22 (depth 1, 20 lits): UNSAT in 0.03s
    cube 3884.23 (depth 1, 20 lits): UNSAT in 0.26s
    cube 3884.24 (depth 1, 20 lits): UNSAT in 0.02s
    cube 3884.25 (depth 1, 20 lits): UNSAT in 0.01s
    cube 3884.26 (depth 1, 20 lits): UNSAT in 0.02s
    cube 3884.27 (depth 1, 20 lits): UNSAT in 0.07s
    cube 3884.28 (depth 1, 20 lits): UNSAT in 0.02s
    cube 3884.29 (depth 1, 20 lits): UNSAT in 0.13s
    cube 3884.30 (depth 1, 20 lits): UNSAT in 0.11s
    cube 3884.31 (depth 1, 20 lits): UNSAT in 1.12s
    cube 3884.32 (depth 1, 20 lits): UNSAT in 0.01s
    cube 3884.33 (depth 1, 20 lits): UNSAT in 0.01s
    cube 3884.34 (depth 1, 20 lits): UNSAT in 0.02s
    cube 3884.35 (depth 1, 20 lits): UNSAT in 0.02s
    cube 3884.36 (depth 1, 20 lits): UNSAT in 0.02s
    cube 3884.37 (depth 1, 20 lits): UNSAT in 0.03s
    cube 3884.38 (depth 1, 20 lits): UNSAT in 0.02s
    cube 3884.39 (depth 1, 20 lits): UNSAT in 0.04s
    cube 3884.40 (depth 1, 20 lits): UNSAT in 0.03s
    cube 3884.41 (depth 1, 20 lits): UNSAT in 0.05s
    cube 3884.42 (depth 1, 20 lits): UNSAT in 0.06s
    cube 3884.43 (depth 1, 20 lits): UNSAT in 0.09s
    cube 3884.44 (depth 1, 20 lits): UNSAT in 0.04s
    cube 3884.45 (depth 1, 20 lits): UNSAT in 0.10s
    cube 3884.46 (depth 1, 20 lits): UNSAT in 0.06s
    cube 3884.47 (depth 1, 20 lits): UNSAT in 0.19s
    cube 3884.48 (depth 1, 19 lits): UNSAT in 0.01s
    cube 3884.49 (depth 1, 19 lits): UNSAT in 0.01s
    cube 3884.50 (depth 1, 20 lits): UNSAT in 0.02s
    cube 3884.51 (depth 1, 20 lits): UNSAT in 0.03s
    cube 3884.52 (depth 1, 20 lits): UNSAT in 0.02s
    cube 3884.53 (depth 1, 20 lits): UNSAT in 0.12s
    cube 3884.54 (depth 1, 20 lits): UNSAT in 0.10s
    cube 3884.55 (depth 1, 20 lits): UNSAT in 0.10s
    cube 3884.56 (depth 1, 20 lits): UNSAT in 0.08s
    cube 3884.57 (depth 1, 20 lits): UNSAT in 0.26s
    cube 3884.58 (depth 1, 20 lits): UNSAT in 0.08s
    cube 3884.59 (depth 1, 20 lits): UNSAT in 0.39s
    cube 3884.60 (depth 1, 20 lits): UNSAT in 0.33s
    cube 3884.61 (depth 1, 20 lits): UNSAT in 1.60s
    cube 3884.62 (depth 1, 20 lits): UNSAT in 0.02s
    cube 3884.63 (depth 1, 20 lits): UNSAT in 0.01s
    cube 3884.64 (depth 1, 20 lits): UNSAT in 0.02s
    cube 3884.65 (depth 1, 20 lits): UNSAT in 0.01s
    cube 3884.66 (depth 1, 20 lits): UNSAT in 0.01s
    cube 3884.67 (depth 1, 20 lits): UNSAT in 0.03s
    cube 3884.68 (depth 1, 20 lits): UNSAT in 0.04s
    cube 3884.69 (depth 1, 20 lits): UNSAT in 0.02s
    cube 3884.70 (depth 1, 20 lits): UNSAT in 0.01s
    cube 3884.71 (depth 1, 20 lits): UNSAT in 0.01s
    cube 3884.72 (depth 1, 20 lits): UNSAT in 0.02s
    cube 3884.73 (depth 1, 20 lits): UNSAT in 0.05s
    cube 3884.74 (depth 1, 19 lits): UNSAT in 0.02s
    cube 3884.75 (depth 1, 20 lits): UNSAT in 0.02s
    cube 3884.76 (depth 1, 20 lits): UNSAT in 0.03s
    cube 3884.77 (depth 1, 20 lits): UNSAT in 0.02s
    cube 3884.78 (depth 1, 20 lits): UNSAT in 0.08s
    cube 3884.79 (depth 1, 20 lits): UNSAT in 0.03s
    cube 3884.80 (depth 1, 20 lits): UNSAT in 0.14s
    cube 3884.81 (depth 1, 20 lits): UNSAT in 0.06s
    cube 3884.82 (depth 1, 20 lits): UNSAT in 0.07s
    cube 3884.83 (depth 1, 20 lits): UNSAT in 0.04s
    cube 3884.84 (depth 1, 20 lits): UNSAT in 0.22s
    cube 3884.85 (depth 1, 20 lits): UNSAT in 0.05s
    cube 3884.86 (depth 1, 20 lits): UNSAT in 0.41s
    cube 3884.87 (depth 1, 20 lits): UNSAT in 0.15s
    cube 3884.88 (depth 1, 20 lits): UNSAT in 0.71s
    cube 3884.89 (depth 1, 20 lits): UNSAT in 0.03s
    cube 3884.90 (depth 1, 20 lits): UNSAT in 0.15s
    cube 3884.91 (depth 1, 20 lits): UNSAT in 0.16s
    cube 3884.92 (depth 1, 20 lits): UNSAT in 1.28s
    cube 3884.93 (depth 1, 20 lits): UNSAT in 0.02s
    cube 3884.94 (depth 1, 20 lits): UNSAT in 0.04s
    cube 3884.95 (depth 1, 20 lits): UNSAT in 0.04s
    cube 3884.96 (depth 1, 20 lits): UNSAT in 0.14s
    cube 3884.97 (depth 1, 20 lits): UNSAT in 0.03s
    cube 3884.98 (depth 1, 20 lits): UNSAT in 0.09s
    cube 3884.99 (depth 1, 20 lits): UNSAT in 0.05s
    cube 3884.100 (depth 1, 20 lits): UNSAT in 0.10s
    cube 3884.101 (depth 1, 20 lits): UNSAT in 0.10s
    cube 3884.102 (depth 1, 20 lits): UNSAT in 0.19s
    cube 3884.103 (depth 1, 20 lits): UNSAT in 0.57s
    cube 3884.104 (depth 1, 20 lits): UNSAT in 1.21s
    cube 3884.105 (depth 1, 20 lits): UNSAT in 0.08s
    cube 3884.106 (depth 1, 20 lits): UNSAT in 0.18s
    cube 3884.107 (depth 1, 20 lits): UNSAT in 0.18s
    cube 3884.108 (depth 1, 20 lits): UNSAT in 1.36s
    cube 3884.109 (depth 1, 20 lits): UNSAT in 0.03s
    cube 3884.110 (depth 1, 20 lits): UNSAT in 0.20s
    cube 3884.111 (depth 1, 20 lits): UNSAT in 0.23s
    cube 3884.112 (depth 1, 20 lits): UNSAT in 0.42s
    cube 3884.113 (depth 1, 20 lits): UNSAT in 0.09s
    cube 3884.114 (depth 1, 20 lits): UNSAT in 0.24s
    cube 3884.115 (depth 1, 20 lits): UNSAT in 0.54s
    cube 3884.116 (depth 1, 20 lits): UNSAT in 2.23s
    cube 3884.117 (depth 1, 20 lits): UNSAT in 0.39s
    cube 3884.118 (depth 1, 20 lits): UNSAT in 0.50s
    cube 3884.119 (depth 1, 20 lits): UNSAT in 0.78s
    cube 3884.120 (depth 1, 20 lits): UNSAT in 4.11s
    cube 3884.121 (depth 1, 20 lits): UNSAT in 0.76s
    cube 3884.122 (depth 1, 20 lits): UNSAT in 1.33s
    cube 3884.123 (depth 1, 20 lits): UNSAT in 7.83s
    cube 3884.124 (depth 1, 20 lits): UNSAT in 25.43s
    cube 3884.125 (depth 1, 20 lits): UNSAT in 0.01s
    cube 3884.126 (depth 1, 20 lits): UNSAT in 0.01s
    cube 3884.127 (depth 1, 20 lits): UNSAT in 0.01s
    cube 3884.128 (depth 1, 20 lits): UNSAT in 0.02s
    cube 3884.129 (depth 1, 20 lits): UNSAT in 0.02s
    cube 3884.130 (depth 1, 20 lits): UNSAT in 0.02s
    cube 3884.131 (depth 1, 20 lits): UNSAT in 0.03s
    cube 3884.132 (depth 1, 20 lits): UNSAT in 0.03s
    cube 3884.133 (depth 1, 20 lits): UNSAT in 0.01s
    cube 3884.134 (depth 1, 20 lits): UNSAT in 0.01s
    cube 3884.135 (depth 1, 20 lits): UNSAT in 0.03s
    cube 3884.136 (depth 1, 20 lits): UNSAT in 0.03s
    cube 3884.137 (depth 1, 20 lits): UNSAT in 0.04s
    cube 3884.138 (depth 1, 20 lits): UNSAT in 0.05s
    cube 3884.139 (depth 1, 20 lits): UNSAT in 0.05s
    cube 3884.140 (depth 1, 20 lits): UNSAT in 0.31s
    cube 3884.141 (depth 1, 20 lits): UNSAT in 0.01s
    cube 3884.142 (depth 1, 20 lits): UNSAT in 0.02s
    cube 3884.143 (depth 1, 20 lits): UNSAT in 0.02s
    cube 3884.144 (depth 1, 20 lits): UNSAT in 0.10s
    cube 3884.145 (depth 1, 20 lits): UNSAT in 0.02s
    cube 3884.146 (depth 1, 20 lits): UNSAT in 0.07s
    cube 3884.147 (depth 1, 20 lits): UNSAT in 0.09s
    cube 3884.148 (depth 1, 20 lits): UNSAT in 0.52s
    cube 3884.149 (depth 1, 20 lits): UNSAT in 0.03s
    cube 3884.150 (depth 1, 20 lits): UNSAT in 0.05s
    cube 3884.151 (depth 1, 20 lits): UNSAT in 0.09s
    cube 3884.152 (depth 1, 20 lits): UNSAT in 0.13s
    cube 3884.153 (depth 1, 20 lits): UNSAT in 0.08s
    cube 3884.154 (depth 1, 20 lits): UNSAT in 0.18s
    cube 3884.155 (depth 1, 20 lits): UNSAT in 0.16s
    cube 3884.156 (depth 1, 20 lits): UNSAT in 0.52s
    cube 3884.157 (depth 1, 20 lits): UNSAT in 0.01s
    cube 3884.158 (depth 1, 20 lits): UNSAT in 0.03s
    cube 3884.159 (depth 1, 20 lits): UNSAT in 0.03s
    cube 3884.160 (depth 1, 20 lits): UNSAT in 0.04s
    cube 3884.161 (depth 1, 20 lits): UNSAT in 0.01s
    cube 3884.162 (depth 1, 20 lits): UNSAT in 0.01s
    cube 3884.163 (depth 1, 20 lits): UNSAT in 0.05s
    cube 3884.164 (depth 1, 20 lits): UNSAT in 0.11s
    cube 3884.165 (depth 1, 20 lits): UNSAT in 0.01s
    cube 3884.166 (depth 1, 20 lits): UNSAT in 0.04s
    cube 3884.167 (depth 1, 20 lits): UNSAT in 0.04s
    cube 3884.168 (depth 1, 20 lits): UNSAT in 0.27s
    cube 3884.169 (depth 1, 20 lits): UNSAT in 0.03s
    cube 3884.170 (depth 1, 20 lits): UNSAT in 0.03s
    cube 3884.171 (depth 1, 20 lits): UNSAT in 0.10s
    cube 3884.172 (depth 1, 20 lits): UNSAT in 0.45s
    cube 3884.173 (depth 1, 20 lits): UNSAT in 0.02s
    cube 3884.174 (depth 1, 20 lits): UNSAT in 0.06s
    cube 3884.175 (depth 1, 20 lits): UNSAT in 0.11s
    cube 3884.176 (depth 1, 20 lits): UNSAT in 0.53s
    cube 3884.177 (depth 1, 20 lits): UNSAT in 0.12s
    cube 3884.178 (depth 1, 20 lits): UNSAT in 0.20s
    cube 3884.179 (depth 1, 20 lits): UNSAT in 0.20s
    cube 3884.180 (depth 1, 20 lits): UNSAT in 0.54s
    cube 3884.181 (depth 1, 20 lits): UNSAT in 0.04s
    cube 3884.182 (depth 1, 20 lits): UNSAT in 0.17s
    cube 3884.183 (depth 1, 20 lits): UNSAT in 0.25s
    cube 3884.184 (depth 1, 20 lits): UNSAT in 0.27s
    cube 3884.185 (depth 1, 20 lits): UNSAT in 0.15s
    cube 3884.186 (depth 1, 20 lits): UNSAT in 0.35s
    cube 3884.187 (depth 1, 20 lits): UNSAT in 0.28s
    cube 3884.188 (depth 1, 20 lits): UNSAT in 0.64s
    cube 3884.189 (depth 1, 20 lits): UNSAT in 0.02s
    cube 3884.190 (depth 1, 20 lits): UNSAT in 0.04s
    cube 3884.191 (depth 1, 20 lits): UNSAT in 0.01s
    cube 3884.192 (depth 1, 20 lits): UNSAT in 0.02s
    cube 3884.193 (depth 1, 20 lits): UNSAT in 0.05s
    cube 3884.194 (depth 1, 20 lits): UNSAT in 0.05s
    cube 3884.195 (depth 1, 20 lits): UNSAT in 0.03s
    cube 3884.196 (depth 1, 20 lits): UNSAT in 0.15s
    cube 3884.197 (depth 1, 20 lits): UNSAT in 0.01s
    cube 3884.198 (depth 1, 20 lits): UNSAT in 0.10s
    cube 3884.199 (depth 1, 20 lits): UNSAT in 0.02s
    cube 3884.200 (depth 1, 20 lits): UNSAT in 0.17s
    cube 3884.201 (depth 1, 20 lits): UNSAT in 0.35s
    cube 3884.202 (depth 1, 20 lits): UNSAT in 0.37s
    cube 3884.203 (depth 1, 20 lits): UNSAT in 0.40s
    cube 3884.204 (depth 1, 20 lits): UNSAT in 2.34s
    cube 3884.205 (depth 1, 20 lits): UNSAT in 0.05s
    cube 3884.206 (depth 1, 20 lits): UNSAT in 0.06s
    cube 3884.207 (depth 1, 20 lits): UNSAT in 0.08s
    cube 3884.208 (depth 1, 20 lits): UNSAT in 0.81s
    cube 3884.209 (depth 1, 20 lits): UNSAT in 0.30s
    cube 3884.210 (depth 1, 20 lits): UNSAT in 0.44s
    cube 3884.211 (depth 1, 20 lits): UNSAT in 0.24s
    cube 3884.212 (depth 1, 20 lits): UNSAT in 1.35s
    cube 3884.213 (depth 1, 20 lits): UNSAT in 0.11s
    cube 3884.214 (depth 1, 20 lits): UNSAT in 0.12s
    cube 3884.215 (depth 1, 20 lits): UNSAT in 0.14s
    cube 3884.216 (depth 1, 20 lits): UNSAT in 0.49s
    cube 3884.217 (depth 1, 20 lits): UNSAT in 0.15s
    cube 3884.218 (depth 1, 20 lits): UNSAT in 0.71s
    cube 3884.219 (depth 1, 20 lits): UNSAT in 0.73s
    cube 3884.220 (depth 1, 20 lits): UNSAT in 0.86s
    cube 3884.221 (depth 1, 20 lits): UNSAT in 0.03s
    cube 3884.222 (depth 1, 20 lits): UNSAT in 0.05s
    cube 3884.223 (depth 1, 20 lits): UNSAT in 0.04s
    cube 3884.224 (depth 1, 20 lits): UNSAT in 0.18s
    cube 3884.225 (depth 1, 20 lits): UNSAT in 0.06s
    cube 3884.226 (depth 1, 20 lits): UNSAT in 0.18s
    cube 3884.227 (depth 1, 20 lits): UNSAT in 0.49s
    cube 3884.228 (depth 1, 20 lits): UNSAT in 1.65s
    cube 3884.229 (depth 1, 20 lits): UNSAT in 0.07s
    cube 3884.230 (depth 1, 20 lits): UNSAT in 0.57s
    cube 3884.231 (depth 1, 20 lits): UNSAT in 0.39s
    cube 3884.232 (depth 1, 20 lits): UNSAT in 1.22s
    cube 3884.233 (depth 1, 20 lits): UNSAT in 0.59s
    cube 3884.234 (depth 1, 20 lits): UNSAT in 0.78s
    cube 3884.235 (depth 1, 20 lits): UNSAT in 1.45s
    cube 3884.236 (depth 1, 20 lits): UNSAT in 14.42s
    cube 3884.237 (depth 1, 20 lits): UNSAT in 0.05s
    cube 3884.238 (depth 1, 20 lits): UNSAT in 0.12s
    cube 3884.239 (depth 1, 20 lits): UNSAT in 0.53s
    cube 3884.240 (depth 1, 20 lits): UNSAT in 4.11s
    cube 3884.241 (depth 1, 20 lits): UNSAT in 0.68s
    cube 3884.242 (depth 1, 20 lits): UNSAT in 7.47s
    cube 3884.243 (depth 1, 20 lits): UNSAT in 3.52s
    cube 3884.244 (depth 1, 20 lits): UNSAT in 9.03s
    cube 3884.245 (depth 1, 20 lits): UNSAT in 1.58s
    cube 3884.246 (depth 1, 20 lits): UNSAT in 4.76s
    cube 3884.247 (depth 1, 20 lits): UNSAT in 4.79s
    cube 3884.248 (depth 1, 20 lits): UNSAT in 34.73s
    cube 3884.249 (depth 1, 20 lits): UNSAT in 9.36s
    cube 3884.250 (depth 1, 20 lits): UNSAT in 51.36s
    cube 3884.251 (depth 1, 20 lits): UNSAT in 145.45s
    cube 3884.252 (depth 1, 20 lits): UNSAT in 811.95s

  shard 4 verdict: UNSAT (1 UNSAT, 0 unresolved) in 2393.8s
