  shard 23/24 (explicit): 1 of 4095 cubes, per-cube cap 1200.0s, re-split depth 7
    cube 1998 (depth 0, 12 lits): TIMEOUT in 1200.10s
    cube 1998 TIMEOUT -> re-split into 256 sub-cubes (depth 1)
    cube 1998.0 (depth 1, 20 lits): UNSAT in 0.10s
    cube 1998.1 (depth 1, 20 lits): UNSAT in 0.20s
    cube 1998.2 (depth 1, 20 lits): UNSAT in 0.21s
    cube 1998.3 (depth 1, 20 lits): UNSAT in 0.66s
    cube 1998.4 (depth 1, 20 lits): UNSAT in 0.18s
    cube 1998.5 (depth 1, 20 lits): UNSAT in 0.30s
    cube 1998.6 (depth 1, 20 lits): UNSAT in 0.55s
    cube 1998.7 (depth 1, 20 lits): UNSAT in 1.95s
    cube 1998.8 (depth 1, 20 lits): UNSAT in 0.06s
    cube 1998.9 (depth 1, 20 lits): UNSAT in 0.86s
    cube 1998.10 (depth 1, 20 lits): UNSAT in 0.89s
    cube 1998.11 (depth 1, 20 lits): UNSAT in 1.57s
    cube 1998.12 (depth 1, 20 lits): UNSAT in 0.51s
    cube 1998.13 (depth 1, 20 lits): UNSAT in 1.33s
    cube 1998.14 (depth 1, 20 lits): UNSAT in 1.36s
    cube 1998.15 (depth 1, 20 lits): UNSAT in 4.72s
    cube 1998.16 (depth 1, 20 lits): UNSAT in 0.47s
    cube 1998.17 (depth 1, 20 lits): UNSAT in 0.78s
    cube 1998.18 (depth 1, 20 lits): UNSAT in 1.64s
    cube 1998.19 (depth 1, 20 lits): UNSAT in 3.47s
    cube 1998.20 (depth 1, 20 lits): UNSAT in 0.08s
    cube 1998.21 (depth 1, 20 lits): UNSAT in 0.14s
    cube 1998.22 (depth 1, 20 lits): UNSAT in 2.66s
    cube 1998.23 (depth 1, 20 lits): UNSAT in 6.27s
    cube 1998.24 (depth 1, 20 lits): UNSAT in 1.21s
    cube 1998.25 (depth 1, 20 lits): UNSAT in 1.98s
    cube 1998.26 (depth 1, 20 lits): UNSAT in 0.67s
    cube 1998.27 (depth 1, 20 lits): UNSAT in 3.94s
    cube 1998.28 (depth 1, 20 lits): UNSAT in 2.22s
    cube 1998.29 (depth 1, 20 lits): UNSAT in 5.31s
    cube 1998.30 (depth 1, 20 lits): UNSAT in 7.46s
    cube 1998.31 (depth 1, 20 lits): UNSAT in 20.71s
    cube 1998.32 (depth 1, 20 lits): UNSAT in 0.36s
    cube 1998.33 (depth 1, 20 lits): UNSAT in 0.53s
    cube 1998.34 (depth 1, 20 lits): UNSAT in 0.43s
    cube 1998.35 (depth 1, 20 lits): UNSAT in 0.87s
    cube 1998.36 (depth 1, 20 lits): UNSAT in 0.19s
    cube 1998.37 (depth 1, 20 lits): UNSAT in 0.44s
    cube 1998.38 (depth 1, 20 lits): UNSAT in 0.89s
    cube 1998.39 (depth 1, 20 lits): UNSAT in 2.20s
    cube 1998.40 (depth 1, 20 lits): UNSAT in 0.15s
    cube 1998.41 (depth 1, 20 lits): UNSAT in 0.46s
    cube 1998.42 (depth 1, 20 lits): UNSAT in 0.32s
    cube 1998.43 (depth 1, 20 lits): UNSAT in 1.59s
    cube 1998.44 (depth 1, 20 lits): UNSAT in 0.54s
    cube 1998.45 (depth 1, 20 lits): UNSAT in 1.60s
    cube 1998.46 (depth 1, 20 lits): UNSAT in 1.72s
    cube 1998.47 (depth 1, 20 lits): UNSAT in 5.59s
    cube 1998.48 (depth 1, 20 lits): UNSAT in 0.58s
    cube 1998.49 (depth 1, 20 lits): UNSAT in 1.03s
    cube 1998.50 (depth 1, 20 lits): UNSAT in 0.89s
    cube 1998.51 (depth 1, 20 lits): UNSAT in 2.89s
    cube 1998.52 (depth 1, 20 lits): UNSAT in 1.21s
    cube 1998.53 (depth 1, 20 lits): UNSAT in 3.15s
    cube 1998.54 (depth 1, 20 lits): UNSAT in 2.50s
    cube 1998.55 (depth 1, 20 lits): UNSAT in 7.24s
    cube 1998.56 (depth 1, 20 lits): UNSAT in 0.90s
    cube 1998.57 (depth 1, 20 lits): UNSAT in 3.15s
    cube 1998.58 (depth 1, 20 lits): UNSAT in 3.25s
    cube 1998.59 (depth 1, 20 lits): UNSAT in 9.18s
    cube 1998.60 (depth 1, 20 lits): UNSAT in 3.60s
    cube 1998.61 (depth 1, 20 lits): UNSAT in 9.36s
    cube 1998.62 (depth 1, 20 lits): UNSAT in 7.72s
    cube 1998.63 (depth 1, 20 lits): UNSAT in 32.18s
    cube 1998.64 (depth 1, 20 lits): UNSAT in 0.20s
    cube 1998.65 (depth 1, 20 lits): UNSAT in 0.37s
    cube 1998.66 (depth 1, 20 lits): UNSAT in 0.30s
    cube 1998.67 (depth 1, 20 lits): UNSAT in 0.81s
    cube 1998.68 (depth 1, 20 lits): UNSAT in 0.39s
    cube 1998.69 (depth 1, 20 lits): UNSAT in 0.74s
    cube 1998.70 (depth 1, 20 lits): UNSAT in 0.87s
    cube 1998.71 (depth 1, 20 lits): UNSAT in 2.68s
    cube 1998.72 (depth 1, 20 lits): UNSAT in 0.47s
    cube 1998.73 (depth 1, 20 lits): UNSAT in 1.12s
    cube 1998.74 (depth 1, 20 lits): UNSAT in 1.25s
    cube 1998.75 (depth 1, 20 lits): UNSAT in 2.61s
    cube 1998.76 (depth 1, 20 lits): UNSAT in 1.73s
    cube 1998.77 (depth 1, 20 lits): UNSAT in 3.89s
    cube 1998.78 (depth 1, 20 lits): UNSAT in 3.04s
    cube 1998.79 (depth 1, 20 lits): UNSAT in 20.89s
    cube 1998.80 (depth 1, 20 lits): UNSAT in 0.23s
    cube 1998.81 (depth 1, 20 lits): UNSAT in 0.34s
    cube 1998.82 (depth 1, 20 lits): UNSAT in 0.47s
    cube 1998.83 (depth 1, 20 lits): UNSAT in 1.25s
    cube 1998.84 (depth 1, 20 lits): UNSAT in 0.36s
    cube 1998.85 (depth 1, 20 lits): UNSAT in 1.24s
    cube 1998.86 (depth 1, 20 lits): UNSAT in 2.15s
    cube 1998.87 (depth 1, 20 lits): UNSAT in 7.88s
    cube 1998.88 (depth 1, 20 lits): UNSAT in 0.61s
    cube 1998.89 (depth 1, 20 lits): UNSAT in 1.38s
    cube 1998.90 (depth 1, 20 lits): UNSAT in 2.70s
    cube 1998.91 (depth 1, 20 lits): UNSAT in 8.65s
    cube 1998.92 (depth 1, 20 lits): UNSAT in 3.74s
    cube 1998.93 (depth 1, 20 lits): UNSAT in 9.46s
    cube 1998.94 (depth 1, 20 lits): UNSAT in 20.96s
    cube 1998.95 (depth 1, 20 lits): UNSAT in 54.69s
    cube 1998.96 (depth 1, 20 lits): UNSAT in 0.06s
    cube 1998.97 (depth 1, 20 lits): UNSAT in 0.37s
    cube 1998.98 (depth 1, 20 lits): UNSAT in 0.28s
    cube 1998.99 (depth 1, 20 lits): UNSAT in 0.65s
    cube 1998.100 (depth 1, 20 lits): UNSAT in 0.13s
    cube 1998.101 (depth 1, 20 lits): UNSAT in 0.21s
    cube 1998.102 (depth 1, 20 lits): UNSAT in 1.67s
    cube 1998.103 (depth 1, 20 lits): UNSAT in 13.65s
    cube 1998.104 (depth 1, 20 lits): UNSAT in 0.17s
    cube 1998.105 (depth 1, 20 lits): UNSAT in 0.81s
    cube 1998.106 (depth 1, 20 lits): UNSAT in 0.08s
    cube 1998.107 (depth 1, 20 lits): UNSAT in 3.13s
    cube 1998.108 (depth 1, 20 lits): UNSAT in 2.11s
    cube 1998.109 (depth 1, 20 lits): UNSAT in 6.32s
    cube 1998.110 (depth 1, 20 lits): UNSAT in 2.76s
    cube 1998.111 (depth 1, 20 lits): UNSAT in 39.74s
    cube 1998.112 (depth 1, 20 lits): UNSAT in 0.32s
    cube 1998.113 (depth 1, 20 lits): UNSAT in 0.82s
    cube 1998.114 (depth 1, 20 lits): UNSAT in 0.63s
    cube 1998.115 (depth 1, 20 lits): UNSAT in 2.24s
    cube 1998.116 (depth 1, 20 lits): UNSAT in 3.97s
    cube 1998.117 (depth 1, 20 lits): UNSAT in 3.86s
    cube 1998.118 (depth 1, 20 lits): UNSAT in 1.58s
    cube 1998.119 (depth 1, 20 lits): UNSAT in 40.69s
    cube 1998.120 (depth 1, 20 lits): UNSAT in 0.35s
    cube 1998.121 (depth 1, 20 lits): UNSAT in 2.85s
    cube 1998.122 (depth 1, 20 lits): UNSAT in 3.30s
    cube 1998.123 (depth 1, 20 lits): UNSAT in 47.85s
    cube 1998.124 (depth 1, 20 lits): UNSAT in 9.62s
    cube 1998.125 (depth 1, 20 lits): UNSAT in 152.02s
    cube 1998.126 (depth 1, 20 lits): UNSAT in 37.97s
    cube 1998.127 (depth 1, 20 lits): TIMEOUT in 1200.10s
    cube 1998.127 TIMEOUT -> re-split into 253 sub-cubes (depth 2)
    cube 1998.127.0 (depth 2, 27 lits): UNSAT in 0.01s
    cube 1998.127.1 (depth 2, 27 lits): UNSAT in 0.01s
    cube 1998.127.2 (depth 2, 28 lits): UNSAT in 0.01s
    cube 1998.127.3 (depth 2, 28 lits): UNSAT in 0.01s
    cube 1998.127.4 (depth 2, 28 lits): UNSAT in 0.01s
    cube 1998.127.5 (depth 2, 28 lits): UNSAT in 0.03s
    cube 1998.127.6 (depth 2, 28 lits): UNSAT in 0.01s
    cube 1998.127.7 (depth 2, 28 lits): UNSAT in 0.02s
    cube 1998.127.8 (depth 2, 28 lits): UNSAT in 0.01s
    cube 1998.127.9 (depth 2, 28 lits): UNSAT in 0.03s
    cube 1998.127.10 (depth 2, 28 lits): UNSAT in 0.02s
    cube 1998.127.11 (depth 2, 28 lits): UNSAT in 0.04s
    cube 1998.127.12 (depth 2, 28 lits): UNSAT in 0.02s
    cube 1998.127.13 (depth 2, 28 lits): UNSAT in 0.07s
    cube 1998.127.14 (depth 2, 28 lits): UNSAT in 0.02s
    cube 1998.127.15 (depth 2, 28 lits): UNSAT in 0.04s
    cube 1998.127.16 (depth 2, 28 lits): UNSAT in 0.01s
    cube 1998.127.17 (depth 2, 28 lits): UNSAT in 0.05s
    cube 1998.127.18 (depth 2, 28 lits): UNSAT in 0.01s
    cube 1998.127.19 (depth 2, 28 lits): UNSAT in 0.08s
    cube 1998.127.20 (depth 2, 28 lits): UNSAT in 0.11s
    cube 1998.127.21 (depth 2, 28 lits): UNSAT in 0.14s
    cube 1998.127.22 (depth 2, 28 lits): UNSAT in 0.05s
    cube 1998.127.23 (depth 2, 28 lits): UNSAT in 0.16s
    cube 1998.127.24 (depth 2, 28 lits): UNSAT in 0.24s
    cube 1998.127.25 (depth 2, 28 lits): UNSAT in 0.38s
    cube 1998.127.26 (depth 2, 28 lits): UNSAT in 0.07s
    cube 1998.127.27 (depth 2, 28 lits): UNSAT in 0.23s
    cube 1998.127.28 (depth 2, 28 lits): UNSAT in 0.26s
    cube 1998.127.29 (depth 2, 28 lits): UNSAT in 0.38s
    cube 1998.127.30 (depth 2, 28 lits): UNSAT in 0.02s
    cube 1998.127.31 (depth 2, 28 lits): UNSAT in 0.04s
    cube 1998.127.32 (depth 2, 28 lits): UNSAT in 0.04s
    cube 1998.127.33 (depth 2, 28 lits): UNSAT in 0.05s
    cube 1998.127.34 (depth 2, 28 lits): UNSAT in 0.02s
    cube 1998.127.35 (depth 2, 28 lits): UNSAT in 0.05s
    cube 1998.127.36 (depth 2, 28 lits): UNSAT in 0.02s
    cube 1998.127.37 (depth 2, 28 lits): UNSAT in 0.05s
    cube 1998.127.38 (depth 2, 28 lits): UNSAT in 0.02s
    cube 1998.127.39 (depth 2, 28 lits): UNSAT in 0.02s
    cube 1998.127.40 (depth 2, 28 lits): UNSAT in 0.02s
    cube 1998.127.41 (depth 2, 28 lits): UNSAT in 0.03s
    cube 1998.127.42 (depth 2, 28 lits): UNSAT in 0.07s
    cube 1998.127.43 (depth 2, 28 lits): UNSAT in 0.06s
    cube 1998.127.44 (depth 2, 28 lits): UNSAT in 0.14s
    cube 1998.127.45 (depth 2, 28 lits): UNSAT in 0.07s
    cube 1998.127.46 (depth 2, 28 lits): UNSAT in 0.02s
    cube 1998.127.47 (depth 2, 28 lits): UNSAT in 0.06s
    cube 1998.127.48 (depth 2, 28 lits): UNSAT in 0.07s
    cube 1998.127.49 (depth 2, 28 lits): UNSAT in 0.12s
    cube 1998.127.50 (depth 2, 28 lits): UNSAT in 0.06s
    cube 1998.127.51 (depth 2, 28 lits): UNSAT in 0.05s
    cube 1998.127.52 (depth 2, 28 lits): UNSAT in 0.04s
    cube 1998.127.53 (depth 2, 28 lits): UNSAT in 0.08s
    cube 1998.127.54 (depth 2, 28 lits): UNSAT in 0.03s
    cube 1998.127.55 (depth 2, 28 lits): UNSAT in 0.04s
    cube 1998.127.56 (depth 2, 28 lits): UNSAT in 0.06s
    cube 1998.127.57 (depth 2, 28 lits): UNSAT in 0.10s
    cube 1998.127.58 (depth 2, 28 lits): UNSAT in 0.10s
    cube 1998.127.59 (depth 2, 28 lits): UNSAT in 0.58s
    cube 1998.127.60 (depth 2, 28 lits): UNSAT in 0.89s
    cube 1998.127.61 (depth 2, 28 lits): UNSAT in 0.44s
    cube 1998.127.62 (depth 2, 28 lits): UNSAT in 0.01s
    cube 1998.127.63 (depth 2, 28 lits): UNSAT in 0.01s
    cube 1998.127.64 (depth 2, 28 lits): UNSAT in 0.02s
    cube 1998.127.65 (depth 2, 28 lits): UNSAT in 0.03s
    cube 1998.127.66 (depth 2, 28 lits): UNSAT in 0.02s
    cube 1998.127.67 (depth 2, 28 lits): UNSAT in 0.04s
    cube 1998.127.68 (depth 2, 28 lits): UNSAT in 0.01s
    cube 1998.127.69 (depth 2, 28 lits): UNSAT in 0.08s
    cube 1998.127.70 (depth 2, 28 lits): UNSAT in 0.01s
    cube 1998.127.71 (depth 2, 28 lits): UNSAT in 0.02s
    cube 1998.127.72 (depth 2, 28 lits): UNSAT in 0.02s
    cube 1998.127.73 (depth 2, 28 lits): UNSAT in 0.01s
    cube 1998.127.74 (depth 2, 28 lits): UNSAT in 0.02s
    cube 1998.127.75 (depth 2, 28 lits): UNSAT in 0.02s
    cube 1998.127.76 (depth 2, 28 lits): UNSAT in 0.04s
    cube 1998.127.77 (depth 2, 28 lits): UNSAT in 0.11s
    cube 1998.127.78 (depth 2, 28 lits): UNSAT in 0.02s
    cube 1998.127.79 (depth 2, 28 lits): UNSAT in 0.04s
    cube 1998.127.80 (depth 2, 28 lits): UNSAT in 0.03s
    cube 1998.127.81 (depth 2, 28 lits): UNSAT in 0.01s
    cube 1998.127.82 (depth 2, 28 lits): UNSAT in 0.02s
    cube 1998.127.83 (depth 2, 28 lits): UNSAT in 0.03s
    cube 1998.127.84 (depth 2, 28 lits): UNSAT in 0.05s
    cube 1998.127.85 (depth 2, 28 lits): UNSAT in 0.06s
    cube 1998.127.86 (depth 2, 28 lits): UNSAT in 0.01s
    cube 1998.127.87 (depth 2, 28 lits): UNSAT in 0.02s
    cube 1998.127.88 (depth 2, 28 lits): UNSAT in 0.04s
    cube 1998.127.89 (depth 2, 28 lits): UNSAT in 0.10s
    cube 1998.127.90 (depth 2, 28 lits): UNSAT in 0.05s
    cube 1998.127.91 (depth 2, 28 lits): UNSAT in 0.05s
    cube 1998.127.92 (depth 2, 28 lits): UNSAT in 0.05s
    cube 1998.127.93 (depth 2, 28 lits): UNSAT in 0.49s
    cube 1998.127.94 (depth 2, 28 lits): UNSAT in 0.04s
    cube 1998.127.95 (depth 2, 28 lits): UNSAT in 0.09s
    cube 1998.127.96 (depth 2, 28 lits): UNSAT in 0.10s
    cube 1998.127.97 (depth 2, 28 lits): UNSAT in 0.36s
    cube 1998.127.98 (depth 2, 28 lits): UNSAT in 0.06s
    cube 1998.127.99 (depth 2, 28 lits): UNSAT in 0.11s
    cube 1998.127.100 (depth 2, 28 lits): UNSAT in 0.15s
    cube 1998.127.101 (depth 2, 28 lits): UNSAT in 0.41s
    cube 1998.127.102 (depth 2, 28 lits): UNSAT in 0.08s
    cube 1998.127.103 (depth 2, 28 lits): UNSAT in 0.16s
    cube 1998.127.104 (depth 2, 28 lits): UNSAT in 0.16s
    cube 1998.127.105 (depth 2, 28 lits): UNSAT in 0.33s
    cube 1998.127.106 (depth 2, 28 lits): UNSAT in 0.08s
    cube 1998.127.107 (depth 2, 28 lits): UNSAT in 0.35s
    cube 1998.127.108 (depth 2, 28 lits): UNSAT in 0.27s
    cube 1998.127.109 (depth 2, 28 lits): UNSAT in 1.12s
    cube 1998.127.110 (depth 2, 28 lits): UNSAT in 0.12s
    cube 1998.127.111 (depth 2, 28 lits): UNSAT in 0.07s
    cube 1998.127.112 (depth 2, 28 lits): UNSAT in 0.04s
    cube 1998.127.113 (depth 2, 28 lits): UNSAT in 0.32s
    cube 1998.127.114 (depth 2, 28 lits): UNSAT in 0.07s
    cube 1998.127.115 (depth 2, 28 lits): UNSAT in 0.17s
    cube 1998.127.116 (depth 2, 28 lits): UNSAT in 0.13s
    cube 1998.127.117 (depth 2, 28 lits): UNSAT in 0.63s
    cube 1998.127.118 (depth 2, 28 lits): UNSAT in 0.15s
    cube 1998.127.119 (depth 2, 28 lits): UNSAT in 0.22s
    cube 1998.127.120 (depth 2, 28 lits): UNSAT in 0.04s
    cube 1998.127.121 (depth 2, 28 lits): UNSAT in 0.93s
    cube 1998.127.122 (depth 2, 28 lits): UNSAT in 0.66s
    cube 1998.127.123 (depth 2, 28 lits): UNSAT in 4.10s
    cube 1998.127.124 (depth 2, 28 lits): UNSAT in 4.68s
    cube 1998.127.125 (depth 2, 28 lits): UNSAT in 5.67s
    cube 1998.127.126 (depth 2, 27 lits): UNSAT in 0.02s
    cube 1998.127.127 (depth 2, 28 lits): UNSAT in 0.02s
    cube 1998.127.128 (depth 2, 28 lits): UNSAT in 0.02s
    cube 1998.127.129 (depth 2, 28 lits): UNSAT in 0.03s
    cube 1998.127.130 (depth 2, 28 lits): UNSAT in 0.07s
    cube 1998.127.131 (depth 2, 28 lits): UNSAT in 0.03s
    cube 1998.127.132 (depth 2, 28 lits): UNSAT in 0.05s
    cube 1998.127.133 (depth 2, 28 lits): UNSAT in 0.02s
    cube 1998.127.134 (depth 2, 28 lits): UNSAT in 0.07s
    cube 1998.127.135 (depth 2, 28 lits): UNSAT in 0.05s
    cube 1998.127.136 (depth 2, 28 lits): UNSAT in 0.11s
    cube 1998.127.137 (depth 2, 28 lits): UNSAT in 0.02s
    cube 1998.127.138 (depth 2, 28 lits): UNSAT in 0.08s
    cube 1998.127.139 (depth 2, 28 lits): UNSAT in 0.12s
    cube 1998.127.140 (depth 2, 28 lits): UNSAT in 0.08s
    cube 1998.127.141 (depth 2, 28 lits): UNSAT in 0.01s
    cube 1998.127.142 (depth 2, 28 lits): UNSAT in 0.02s
    cube 1998.127.143 (depth 2, 28 lits): UNSAT in 0.02s
    cube 1998.127.144 (depth 2, 28 lits): UNSAT in 0.10s
    cube 1998.127.145 (depth 2, 28 lits): UNSAT in 0.03s
    cube 1998.127.146 (depth 2, 28 lits): UNSAT in 0.14s
    cube 1998.127.147 (depth 2, 28 lits): UNSAT in 0.05s
    cube 1998.127.148 (depth 2, 28 lits): UNSAT in 0.16s
    cube 1998.127.149 (depth 2, 28 lits): UNSAT in 0.04s
    cube 1998.127.150 (depth 2, 28 lits): UNSAT in 0.12s
    cube 1998.127.151 (depth 2, 28 lits): UNSAT in 0.03s
    cube 1998.127.152 (depth 2, 28 lits): UNSAT in 0.09s
    cube 1998.127.153 (depth 2, 28 lits): UNSAT in 0.17s
    cube 1998.127.154 (depth 2, 28 lits): UNSAT in 0.64s
    cube 1998.127.155 (depth 2, 28 lits): UNSAT in 0.41s
    cube 1998.127.156 (depth 2, 28 lits): UNSAT in 1.87s
    cube 1998.127.157 (depth 2, 28 lits): UNSAT in 0.04s
    cube 1998.127.158 (depth 2, 28 lits): UNSAT in 0.09s
    cube 1998.127.159 (depth 2, 28 lits): UNSAT in 0.03s
    cube 1998.127.160 (depth 2, 28 lits): UNSAT in 0.07s
    cube 1998.127.161 (depth 2, 28 lits): UNSAT in 0.06s
    cube 1998.127.162 (depth 2, 28 lits): UNSAT in 0.12s
    cube 1998.127.163 (depth 2, 28 lits): UNSAT in 0.15s
    cube 1998.127.164 (depth 2, 28 lits): UNSAT in 0.29s
    cube 1998.127.165 (depth 2, 28 lits): UNSAT in 0.05s
    cube 1998.127.166 (depth 2, 28 lits): UNSAT in 0.11s
    cube 1998.127.167 (depth 2, 28 lits): UNSAT in 0.14s
    cube 1998.127.168 (depth 2, 28 lits): UNSAT in 0.41s
    cube 1998.127.169 (depth 2, 28 lits): UNSAT in 0.22s
    cube 1998.127.170 (depth 2, 28 lits): UNSAT in 0.55s
    cube 1998.127.171 (depth 2, 28 lits): UNSAT in 0.64s
    cube 1998.127.172 (depth 2, 28 lits): UNSAT in 3.94s
    cube 1998.127.173 (depth 2, 28 lits): UNSAT in 0.04s
    cube 1998.127.174 (depth 2, 28 lits): UNSAT in 0.21s
    cube 1998.127.175 (depth 2, 28 lits): UNSAT in 0.17s
    cube 1998.127.176 (depth 2, 28 lits): UNSAT in 0.62s
    cube 1998.127.177 (depth 2, 28 lits): UNSAT in 0.18s
    cube 1998.127.178 (depth 2, 28 lits): UNSAT in 0.42s
    cube 1998.127.179 (depth 2, 28 lits): UNSAT in 0.37s
    cube 1998.127.180 (depth 2, 28 lits): UNSAT in 1.50s
    cube 1998.127.181 (depth 2, 28 lits): UNSAT in 0.26s
    cube 1998.127.182 (depth 2, 28 lits): UNSAT in 0.36s
    cube 1998.127.183 (depth 2, 28 lits): UNSAT in 0.76s
    cube 1998.127.184 (depth 2, 28 lits): UNSAT in 4.45s
    cube 1998.127.185 (depth 2, 28 lits): UNSAT in 0.71s
    cube 1998.127.186 (depth 2, 28 lits): UNSAT in 2.13s
    cube 1998.127.187 (depth 2, 28 lits): UNSAT in 2.24s
    cube 1998.127.188 (depth 2, 28 lits): UNSAT in 17.72s
    cube 1998.127.189 (depth 2, 28 lits): UNSAT in 0.01s
    cube 1998.127.190 (depth 2, 28 lits): UNSAT in 0.02s
    cube 1998.127.191 (depth 2, 28 lits): UNSAT in 0.09s
    cube 1998.127.192 (depth 2, 28 lits): UNSAT in 0.20s
    cube 1998.127.193 (depth 2, 28 lits): UNSAT in 0.07s
    cube 1998.127.194 (depth 2, 28 lits): UNSAT in 0.05s
    cube 1998.127.195 (depth 2, 28 lits): UNSAT in 0.12s
    cube 1998.127.196 (depth 2, 28 lits): UNSAT in 0.40s
    cube 1998.127.197 (depth 2, 28 lits): UNSAT in 0.13s
    cube 1998.127.198 (depth 2, 28 lits): UNSAT in 0.21s
    cube 1998.127.199 (depth 2, 28 lits): UNSAT in 0.28s
    cube 1998.127.200 (depth 2, 28 lits): UNSAT in 1.30s
    cube 1998.127.201 (depth 2, 28 lits): UNSAT in 0.17s
    cube 1998.127.202 (depth 2, 28 lits): UNSAT in 0.93s
    cube 1998.127.203 (depth 2, 28 lits): UNSAT in 1.26s
    cube 1998.127.204 (depth 2, 28 lits): UNSAT in 4.61s
    cube 1998.127.205 (depth 2, 28 lits): UNSAT in 0.10s
    cube 1998.127.206 (depth 2, 28 lits): UNSAT in 0.16s
    cube 1998.127.207 (depth 2, 28 lits): UNSAT in 0.38s
    cube 1998.127.208 (depth 2, 28 lits): UNSAT in 0.84s
    cube 1998.127.209 (depth 2, 28 lits): UNSAT in 0.37s
    cube 1998.127.210 (depth 2, 28 lits): UNSAT in 0.22s
    cube 1998.127.211 (depth 2, 28 lits): UNSAT in 0.29s
    cube 1998.127.212 (depth 2, 28 lits): UNSAT in 1.65s
    cube 1998.127.213 (depth 2, 28 lits): UNSAT in 0.20s
    cube 1998.127.214 (depth 2, 28 lits): UNSAT in 0.64s
    cube 1998.127.215 (depth 2, 28 lits): UNSAT in 0.77s
    cube 1998.127.216 (depth 2, 28 lits): UNSAT in 3.55s
    cube 1998.127.217 (depth 2, 28 lits): UNSAT in 1.31s
    cube 1998.127.218 (depth 2, 28 lits): UNSAT in 8.26s
    cube 1998.127.219 (depth 2, 28 lits): UNSAT in 1.41s
    cube 1998.127.220 (depth 2, 28 lits): UNSAT in 41.33s
    cube 1998.127.221 (depth 2, 28 lits): UNSAT in 0.01s
    cube 1998.127.222 (depth 2, 28 lits): UNSAT in 0.02s
    cube 1998.127.223 (depth 2, 28 lits): UNSAT in 0.01s
    cube 1998.127.224 (depth 2, 28 lits): UNSAT in 0.05s
    cube 1998.127.225 (depth 2, 28 lits): UNSAT in 0.02s
    cube 1998.127.226 (depth 2, 28 lits): UNSAT in 0.18s
    cube 1998.127.227 (depth 2, 28 lits): UNSAT in 0.07s
    cube 1998.127.228 (depth 2, 28 lits): UNSAT in 0.32s
    cube 1998.127.229 (depth 2, 28 lits): UNSAT in 0.02s
    cube 1998.127.230 (depth 2, 28 lits): UNSAT in 0.07s
    cube 1998.127.231 (depth 2, 28 lits): UNSAT in 0.13s
    cube 1998.127.232 (depth 2, 28 lits): UNSAT in 0.45s
    cube 1998.127.233 (depth 2, 28 lits): UNSAT in 0.27s
    cube 1998.127.234 (depth 2, 28 lits): UNSAT in 0.98s
    cube 1998.127.235 (depth 2, 28 lits): UNSAT in 1.35s
    cube 1998.127.236 (depth 2, 28 lits): UNSAT in 3.38s
    cube 1998.127.237 (depth 2, 28 lits): UNSAT in 0.06s
    cube 1998.127.238 (depth 2, 28 lits): UNSAT in 0.11s
    cube 1998.127.239 (depth 2, 28 lits): UNSAT in 0.10s
    cube 1998.127.240 (depth 2, 28 lits): UNSAT in 0.40s
    cube 1998.127.241 (depth 2, 28 lits): UNSAT in 0.03s
    cube 1998.127.242 (depth 2, 28 lits): UNSAT in 0.18s
    cube 1998.127.243 (depth 2, 28 lits): UNSAT in 0.19s
    cube 1998.127.244 (depth 2, 28 lits): UNSAT in 1.11s
    cube 1998.127.245 (depth 2, 28 lits): UNSAT in 0.18s
    cube 1998.127.246 (depth 2, 28 lits): UNSAT in 0.45s
    cube 1998.127.247 (depth 2, 28 lits): UNSAT in 0.39s
    cube 1998.127.248 (depth 2, 28 lits): UNSAT in 1.93s
    cube 1998.127.249 (depth 2, 28 lits): UNSAT in 0.30s
    cube 1998.127.250 (depth 2, 28 lits): UNSAT in 1.53s
    cube 1998.127.251 (depth 2, 28 lits): UNSAT in 3.82s
    cube 1998.127.252 (depth 2, 28 lits): UNSAT in 14.72s
    cube 1998.128 (depth 1, 20 lits): UNSAT in 0.12s
    cube 1998.129 (depth 1, 20 lits): UNSAT in 0.42s
    cube 1998.130 (depth 1, 20 lits): UNSAT in 0.56s
    cube 1998.131 (depth 1, 20 lits): UNSAT in 1.35s
    cube 1998.132 (depth 1, 20 lits): UNSAT in 0.46s
    cube 1998.133 (depth 1, 20 lits): UNSAT in 1.22s
    cube 1998.134 (depth 1, 20 lits): UNSAT in 0.58s
    cube 1998.135 (depth 1, 20 lits): UNSAT in 4.08s
    cube 1998.136 (depth 1, 20 lits): UNSAT in 0.43s
    cube 1998.137 (depth 1, 20 lits): UNSAT in 1.17s
    cube 1998.138 (depth 1, 20 lits): UNSAT in 1.78s
    cube 1998.139 (depth 1, 20 lits): UNSAT in 8.89s
    cube 1998.140 (depth 1, 20 lits): UNSAT in 1.54s
    cube 1998.141 (depth 1, 20 lits): UNSAT in 4.97s
    cube 1998.142 (depth 1, 20 lits): UNSAT in 4.87s
    cube 1998.143 (depth 1, 20 lits): UNSAT in 18.05s
    cube 1998.144 (depth 1, 20 lits): UNSAT in 0.45s
    cube 1998.145 (depth 1, 20 lits): UNSAT in 0.81s
    cube 1998.146 (depth 1, 20 lits): UNSAT in 0.71s
    cube 1998.147 (depth 1, 20 lits): UNSAT in 2.19s
    cube 1998.148 (depth 1, 20 lits): UNSAT in 0.35s
    cube 1998.149 (depth 1, 20 lits): UNSAT in 2.70s
    cube 1998.150 (depth 1, 20 lits): UNSAT in 2.17s
    cube 1998.151 (depth 1, 20 lits): UNSAT in 6.15s
    cube 1998.152 (depth 1, 20 lits): UNSAT in 0.50s
    cube 1998.153 (depth 1, 20 lits): UNSAT in 2.62s
    cube 1998.154 (depth 1, 20 lits): UNSAT in 3.21s
    cube 1998.155 (depth 1, 20 lits): UNSAT in 9.11s
    cube 1998.156 (depth 1, 20 lits): UNSAT in 3.27s
    cube 1998.157 (depth 1, 20 lits): UNSAT in 13.95s
    cube 1998.158 (depth 1, 20 lits): UNSAT in 6.32s
    cube 1998.159 (depth 1, 20 lits): UNSAT in 20.01s
    cube 1998.160 (depth 1, 20 lits): UNSAT in 0.12s
    cube 1998.161 (depth 1, 20 lits): UNSAT in 0.25s
    cube 1998.162 (depth 1, 20 lits): UNSAT in 0.39s
    cube 1998.163 (depth 1, 20 lits): UNSAT in 0.81s
    cube 1998.164 (depth 1, 20 lits): UNSAT in 0.19s
    cube 1998.165 (depth 1, 20 lits): UNSAT in 0.76s
    cube 1998.166 (depth 1, 20 lits): UNSAT in 0.46s
    cube 1998.167 (depth 1, 20 lits): UNSAT in 2.20s
    cube 1998.168 (depth 1, 20 lits): UNSAT in 0.48s
    cube 1998.169 (depth 1, 20 lits): UNSAT in 1.25s
    cube 1998.170 (depth 1, 20 lits): UNSAT in 0.62s
    cube 1998.171 (depth 1, 20 lits): UNSAT in 8.52s
    cube 1998.172 (depth 1, 20 lits): UNSAT in 2.15s
    cube 1998.173 (depth 1, 20 lits): UNSAT in 11.20s
    cube 1998.174 (depth 1, 20 lits): UNSAT in 7.08s
    cube 1998.175 (depth 1, 20 lits): UNSAT in 50.51s
    cube 1998.176 (depth 1, 20 lits): UNSAT in 0.37s
    cube 1998.177 (depth 1, 20 lits): UNSAT in 1.93s
    cube 1998.178 (depth 1, 20 lits): UNSAT in 1.46s
    cube 1998.179 (depth 1, 20 lits): UNSAT in 2.10s
    cube 1998.180 (depth 1, 20 lits): UNSAT in 0.90s
    cube 1998.181 (depth 1, 20 lits): UNSAT in 8.26s
    cube 1998.182 (depth 1, 20 lits): UNSAT in 2.41s
    cube 1998.183 (depth 1, 20 lits): UNSAT in 22.52s
    cube 1998.184 (depth 1, 20 lits): UNSAT in 0.66s
    cube 1998.185 (depth 1, 20 lits): UNSAT in 3.21s
    cube 1998.186 (depth 1, 20 lits): UNSAT in 6.07s
    cube 1998.187 (depth 1, 20 lits): UNSAT in 16.79s
    cube 1998.188 (depth 1, 20 lits): UNSAT in 1.64s
    cube 1998.189 (depth 1, 20 lits): UNSAT in 33.38s
    cube 1998.190 (depth 1, 20 lits): UNSAT in 32.17s
    cube 1998.191 (depth 1, 20 lits): TIMEOUT in 1200.10s
    cube 1998.191 TIMEOUT -> re-split into 256 sub-cubes (depth 2)
    cube 1998.191.0 (depth 2, 28 lits): UNSAT in 0.01s
    cube 1998.191.1 (depth 2, 28 lits): UNSAT in 0.02s
    cube 1998.191.2 (depth 2, 28 lits): UNSAT in 0.03s
    cube 1998.191.3 (depth 2, 28 lits): UNSAT in 0.07s
    cube 1998.191.4 (depth 2, 28 lits): UNSAT in 0.01s
    cube 1998.191.5 (depth 2, 28 lits): UNSAT in 0.05s
    cube 1998.191.6 (depth 2, 28 lits): UNSAT in 0.03s
    cube 1998.191.7 (depth 2, 28 lits): UNSAT in 0.27s
    cube 1998.191.8 (depth 2, 28 lits): UNSAT in 0.35s
    cube 1998.191.9 (depth 2, 28 lits): UNSAT in 0.61s
    cube 1998.191.10 (depth 2, 28 lits): UNSAT in 0.37s
    cube 1998.191.11 (depth 2, 28 lits): UNSAT in 0.81s
    cube 1998.191.12 (depth 2, 28 lits): UNSAT in 0.70s
    cube 1998.191.13 (depth 2, 28 lits): UNSAT in 0.69s
    cube 1998.191.14 (depth 2, 28 lits): UNSAT in 0.55s
    cube 1998.191.15 (depth 2, 28 lits): UNSAT in 1.87s
    cube 1998.191.16 (depth 2, 28 lits): UNSAT in 0.02s
    cube 1998.191.17 (depth 2, 28 lits): UNSAT in 0.07s
    cube 1998.191.18 (depth 2, 28 lits): UNSAT in 0.05s
    cube 1998.191.19 (depth 2, 28 lits): UNSAT in 0.57s
    cube 1998.191.20 (depth 2, 28 lits): UNSAT in 0.18s
    cube 1998.191.21 (depth 2, 28 lits): UNSAT in 0.36s
    cube 1998.191.22 (depth 2, 28 lits): UNSAT in 0.59s
    cube 1998.191.23 (depth 2, 28 lits): UNSAT in 0.89s
    cube 1998.191.24 (depth 2, 28 lits): UNSAT in 0.60s
    cube 1998.191.25 (depth 2, 28 lits): UNSAT in 1.00s
    cube 1998.191.26 (depth 2, 28 lits): UNSAT in 0.45s
    cube 1998.191.27 (depth 2, 28 lits): UNSAT in 1.09s
    cube 1998.191.28 (depth 2, 28 lits): UNSAT in 0.31s
    cube 1998.191.29 (depth 2, 28 lits): UNSAT in 1.47s
    cube 1998.191.30 (depth 2, 28 lits): UNSAT in 0.77s
    cube 1998.191.31 (depth 2, 28 lits): UNSAT in 2.55s
    cube 1998.191.32 (depth 2, 28 lits): UNSAT in 0.15s
    cube 1998.191.33 (depth 2, 28 lits): UNSAT in 0.31s
    cube 1998.191.34 (depth 2, 28 lits): UNSAT in 0.26s
    cube 1998.191.35 (depth 2, 28 lits): UNSAT in 0.33s
    cube 1998.191.36 (depth 2, 28 lits): UNSAT in 0.49s
    cube 1998.191.37 (depth 2, 28 lits): UNSAT in 0.66s
    cube 1998.191.38 (depth 2, 28 lits): UNSAT in 0.82s
    cube 1998.191.39 (depth 2, 28 lits): UNSAT in 1.59s
    cube 1998.191.40 (depth 2, 28 lits): UNSAT in 0.17s
    cube 1998.191.41 (depth 2, 28 lits): UNSAT in 0.67s
    cube 1998.191.42 (depth 2, 28 lits): UNSAT in 1.05s
    cube 1998.191.43 (depth 2, 28 lits): UNSAT in 2.17s
    cube 1998.191.44 (depth 2, 28 lits): UNSAT in 0.52s
    cube 1998.191.45 (depth 2, 28 lits): UNSAT in 1.16s
    cube 1998.191.46 (depth 2, 28 lits): UNSAT in 1.85s
    cube 1998.191.47 (depth 2, 28 lits): UNSAT in 5.48s
    cube 1998.191.48 (depth 2, 28 lits): UNSAT in 0.08s
    cube 1998.191.49 (depth 2, 28 lits): UNSAT in 0.28s
    cube 1998.191.50 (depth 2, 28 lits): UNSAT in 0.57s
    cube 1998.191.51 (depth 2, 28 lits): UNSAT in 1.53s
    cube 1998.191.52 (depth 2, 28 lits): UNSAT in 0.62s
    cube 1998.191.53 (depth 2, 28 lits): UNSAT in 2.49s
    cube 1998.191.54 (depth 2, 28 lits): UNSAT in 1.31s
    cube 1998.191.55 (depth 2, 28 lits): UNSAT in 9.26s
    cube 1998.191.56 (depth 2, 28 lits): UNSAT in 0.51s
    cube 1998.191.57 (depth 2, 28 lits): UNSAT in 1.29s
    cube 1998.191.58 (depth 2, 28 lits): UNSAT in 2.25s
    cube 1998.191.59 (depth 2, 28 lits): UNSAT in 5.17s
    cube 1998.191.60 (depth 2, 28 lits): UNSAT in 1.50s
    cube 1998.191.61 (depth 2, 28 lits): UNSAT in 2.93s
    cube 1998.191.62 (depth 2, 28 lits): UNSAT in 3.46s
    cube 1998.191.63 (depth 2, 28 lits): UNSAT in 12.76s
    cube 1998.191.64 (depth 2, 28 lits): UNSAT in 0.01s
    cube 1998.191.65 (depth 2, 28 lits): UNSAT in 0.03s
    cube 1998.191.66 (depth 2, 28 lits): UNSAT in 0.01s
    cube 1998.191.67 (depth 2, 28 lits): UNSAT in 0.11s
    cube 1998.191.68 (depth 2, 28 lits): UNSAT in 0.12s
    cube 1998.191.69 (depth 2, 28 lits): UNSAT in 0.23s
    cube 1998.191.70 (depth 2, 28 lits): UNSAT in 0.15s
    cube 1998.191.71 (depth 2, 28 lits): UNSAT in 0.31s
    cube 1998.191.72 (depth 2, 28 lits): UNSAT in 0.11s
    cube 1998.191.73 (depth 2, 28 lits): UNSAT in 0.16s
    cube 1998.191.74 (depth 2, 28 lits): UNSAT in 0.24s
    cube 1998.191.75 (depth 2, 28 lits): UNSAT in 0.47s
    cube 1998.191.76 (depth 2, 28 lits): UNSAT in 0.21s
    cube 1998.191.77 (depth 2, 28 lits): UNSAT in 0.33s
    cube 1998.191.78 (depth 2, 28 lits): UNSAT in 0.48s
    cube 1998.191.79 (depth 2, 28 lits): UNSAT in 0.87s
    cube 1998.191.80 (depth 2, 28 lits): UNSAT in 0.16s
    cube 1998.191.81 (depth 2, 28 lits): UNSAT in 0.24s
    cube 1998.191.82 (depth 2, 28 lits): UNSAT in 0.25s
    cube 1998.191.83 (depth 2, 28 lits): UNSAT in 0.35s
    cube 1998.191.84 (depth 2, 28 lits): UNSAT in 0.17s
    cube 1998.191.85 (depth 2, 28 lits): UNSAT in 0.33s
    cube 1998.191.86 (depth 2, 28 lits): UNSAT in 0.32s
    cube 1998.191.87 (depth 2, 28 lits): UNSAT in 0.68s
    cube 1998.191.88 (depth 2, 28 lits): UNSAT in 0.13s
    cube 1998.191.89 (depth 2, 28 lits): UNSAT in 0.29s
    cube 1998.191.90 (depth 2, 28 lits): UNSAT in 0.38s
    cube 1998.191.91 (depth 2, 28 lits): UNSAT in 0.39s
    cube 1998.191.92 (depth 2, 28 lits): UNSAT in 0.29s
    cube 1998.191.93 (depth 2, 28 lits): UNSAT in 0.62s
    cube 1998.191.94 (depth 2, 28 lits): UNSAT in 0.56s
    cube 1998.191.95 (depth 2, 28 lits): UNSAT in 2.21s
    cube 1998.191.96 (depth 2, 28 lits): UNSAT in 0.04s
    cube 1998.191.97 (depth 2, 28 lits): UNSAT in 0.08s
    cube 1998.191.98 (depth 2, 28 lits): UNSAT in 0.05s
    cube 1998.191.99 (depth 2, 28 lits): UNSAT in 0.14s
    cube 1998.191.100 (depth 2, 28 lits): UNSAT in 0.24s
    cube 1998.191.101 (depth 2, 28 lits): UNSAT in 0.44s
    cube 1998.191.102 (depth 2, 28 lits): UNSAT in 0.16s
    cube 1998.191.103 (depth 2, 28 lits): UNSAT in 0.89s
    cube 1998.191.104 (depth 2, 28 lits): UNSAT in 0.04s
    cube 1998.191.105 (depth 2, 28 lits): UNSAT in 0.12s
    cube 1998.191.106 (depth 2, 28 lits): UNSAT in 0.20s
    cube 1998.191.107 (depth 2, 28 lits): UNSAT in 0.45s
    cube 1998.191.108 (depth 2, 28 lits): UNSAT in 0.06s
    cube 1998.191.109 (depth 2, 28 lits): UNSAT in 0.72s
    cube 1998.191.110 (depth 2, 28 lits): UNSAT in 0.61s
    cube 1998.191.111 (depth 2, 28 lits): UNSAT in 3.56s
    cube 1998.191.112 (depth 2, 28 lits): UNSAT in 0.17s
    cube 1998.191.113 (depth 2, 28 lits): UNSAT in 1.22s
    cube 1998.191.114 (depth 2, 28 lits): UNSAT in 1.31s
    cube 1998.191.115 (depth 2, 28 lits): UNSAT in 2.37s
    cube 1998.191.116 (depth 2, 28 lits): UNSAT in 0.34s
    cube 1998.191.117 (depth 2, 28 lits): UNSAT in 1.44s
    cube 1998.191.118 (depth 2, 28 lits): UNSAT in 0.74s
    cube 1998.191.119 (depth 2, 28 lits): UNSAT in 7.54s
    cube 1998.191.120 (depth 2, 28 lits): UNSAT in 1.08s
    cube 1998.191.121 (depth 2, 28 lits): UNSAT in 1.48s
    cube 1998.191.122 (depth 2, 28 lits): UNSAT in 1.13s
    cube 1998.191.123 (depth 2, 28 lits): UNSAT in 3.18s
    cube 1998.191.124 (depth 2, 28 lits): UNSAT in 2.65s
    cube 1998.191.125 (depth 2, 28 lits): UNSAT in 3.68s
    cube 1998.191.126 (depth 2, 28 lits): UNSAT in 8.14s
    cube 1998.191.127 (depth 2, 28 lits): UNSAT in 9.56s
    cube 1998.191.128 (depth 2, 28 lits): UNSAT in 0.01s
    cube 1998.191.129 (depth 2, 28 lits): UNSAT in 0.02s
    cube 1998.191.130 (depth 2, 28 lits): UNSAT in 0.02s
    cube 1998.191.131 (depth 2, 28 lits): UNSAT in 0.05s
    cube 1998.191.132 (depth 2, 28 lits): UNSAT in 0.01s
    cube 1998.191.133 (depth 2, 28 lits): UNSAT in 0.02s
    cube 1998.191.134 (depth 2, 28 lits): UNSAT in 0.04s
    cube 1998.191.135 (depth 2, 28 lits): UNSAT in 0.14s
    cube 1998.191.136 (depth 2, 28 lits): UNSAT in 0.03s
    cube 1998.191.137 (depth 2, 28 lits): UNSAT in 0.08s
    cube 1998.191.138 (depth 2, 28 lits): UNSAT in 0.06s
    cube 1998.191.139 (depth 2, 28 lits): UNSAT in 0.16s
    cube 1998.191.140 (depth 2, 28 lits): UNSAT in 0.07s
    cube 1998.191.141 (depth 2, 28 lits): UNSAT in 0.19s
    cube 1998.191.142 (depth 2, 28 lits): UNSAT in 0.29s
    cube 1998.191.143 (depth 2, 28 lits): UNSAT in 0.93s
    cube 1998.191.144 (depth 2, 28 lits): UNSAT in 0.02s
    cube 1998.191.145 (depth 2, 28 lits): UNSAT in 0.01s
    cube 1998.191.146 (depth 2, 28 lits): UNSAT in 0.02s
    cube 1998.191.147 (depth 2, 28 lits): UNSAT in 0.04s
    cube 1998.191.148 (depth 2, 28 lits): UNSAT in 0.09s
    cube 1998.191.149 (depth 2, 28 lits): UNSAT in 0.30s
    cube 1998.191.150 (depth 2, 28 lits): UNSAT in 0.50s
    cube 1998.191.151 (depth 2, 28 lits): UNSAT in 1.23s
    cube 1998.191.152 (depth 2, 28 lits): UNSAT in 0.04s
    cube 1998.191.153 (depth 2, 28 lits): UNSAT in 0.10s
    cube 1998.191.154 (depth 2, 28 lits): UNSAT in 0.13s
    cube 1998.191.155 (depth 2, 28 lits): UNSAT in 0.32s
    cube 1998.191.156 (depth 2, 28 lits): UNSAT in 0.14s
    cube 1998.191.157 (depth 2, 28 lits): UNSAT in 0.33s
    cube 1998.191.158 (depth 2, 28 lits): UNSAT in 0.27s
    cube 1998.191.159 (depth 2, 28 lits): UNSAT in 2.05s
    cube 1998.191.160 (depth 2, 28 lits): UNSAT in 0.02s
    cube 1998.191.161 (depth 2, 28 lits): UNSAT in 0.03s
    cube 1998.191.162 (depth 2, 28 lits): UNSAT in 0.03s
    cube 1998.191.163 (depth 2, 28 lits): UNSAT in 0.11s
    cube 1998.191.164 (depth 2, 28 lits): UNSAT in 0.04s
    cube 1998.191.165 (depth 2, 28 lits): UNSAT in 0.09s
    cube 1998.191.166 (depth 2, 28 lits): UNSAT in 0.10s
    cube 1998.191.167 (depth 2, 28 lits): UNSAT in 0.13s
    cube 1998.191.168 (depth 2, 28 lits): UNSAT in 0.05s
    cube 1998.191.169 (depth 2, 28 lits): UNSAT in 0.16s
    cube 1998.191.170 (depth 2, 28 lits): UNSAT in 0.29s
    cube 1998.191.171 (depth 2, 28 lits): UNSAT in 0.48s
    cube 1998.191.172 (depth 2, 28 lits): UNSAT in 0.14s
    cube 1998.191.173 (depth 2, 28 lits): UNSAT in 0.43s
    cube 1998.191.174 (depth 2, 28 lits): UNSAT in 1.10s
    cube 1998.191.175 (depth 2, 28 lits): UNSAT in 3.70s
    cube 1998.191.176 (depth 2, 28 lits): UNSAT in 0.06s
    cube 1998.191.177 (depth 2, 28 lits): UNSAT in 0.07s
    cube 1998.191.178 (depth 2, 28 lits): UNSAT in 0.05s
    cube 1998.191.179 (depth 2, 28 lits): UNSAT in 0.23s
    cube 1998.191.180 (depth 2, 28 lits): UNSAT in 0.22s
    cube 1998.191.181 (depth 2, 28 lits): UNSAT in 0.14s
    cube 1998.191.182 (depth 2, 28 lits): UNSAT in 0.27s
    cube 1998.191.183 (depth 2, 28 lits): UNSAT in 0.30s
    cube 1998.191.184 (depth 2, 28 lits): UNSAT in 0.05s
    cube 1998.191.185 (depth 2, 28 lits): UNSAT in 0.08s
    cube 1998.191.186 (depth 2, 28 lits): UNSAT in 0.12s
    cube 1998.191.187 (depth 2, 28 lits): UNSAT in 0.36s
    cube 1998.191.188 (depth 2, 28 lits): UNSAT in 0.21s
    cube 1998.191.189 (depth 2, 28 lits): UNSAT in 1.04s
    cube 1998.191.190 (depth 2, 28 lits): UNSAT in 2.56s
    cube 1998.191.191 (depth 2, 28 lits): UNSAT in 9.03s
    cube 1998.191.192 (depth 2, 28 lits): UNSAT in 0.03s
    cube 1998.191.193 (depth 2, 28 lits): UNSAT in 0.07s
    cube 1998.191.194 (depth 2, 28 lits): UNSAT in 0.03s
    cube 1998.191.195 (depth 2, 28 lits): UNSAT in 0.16s
    cube 1998.191.196 (depth 2, 28 lits): UNSAT in 0.05s
    cube 1998.191.197 (depth 2, 28 lits): UNSAT in 0.10s
    cube 1998.191.198 (depth 2, 28 lits): UNSAT in 0.28s
    cube 1998.191.199 (depth 2, 28 lits): UNSAT in 0.31s
    cube 1998.191.200 (depth 2, 28 lits): UNSAT in 0.04s
    cube 1998.191.201 (depth 2, 28 lits): UNSAT in 0.12s
    cube 1998.191.202 (depth 2, 28 lits): UNSAT in 0.12s
    cube 1998.191.203 (depth 2, 28 lits): UNSAT in 0.62s
    cube 1998.191.204 (depth 2, 28 lits): UNSAT in 0.11s
    cube 1998.191.205 (depth 2, 28 lits): UNSAT in 0.18s
    cube 1998.191.206 (depth 2, 28 lits): UNSAT in 0.21s
    cube 1998.191.207 (depth 2, 28 lits): UNSAT in 0.89s
    cube 1998.191.208 (depth 2, 28 lits): UNSAT in 0.11s
    cube 1998.191.209 (depth 2, 28 lits): UNSAT in 0.13s
    cube 1998.191.210 (depth 2, 28 lits): UNSAT in 0.18s
    cube 1998.191.211 (depth 2, 28 lits): UNSAT in 1.02s
    cube 1998.191.212 (depth 2, 28 lits): UNSAT in 0.17s
    cube 1998.191.213 (depth 2, 28 lits): UNSAT in 0.75s
    cube 1998.191.214 (depth 2, 28 lits): UNSAT in 0.67s
    cube 1998.191.215 (depth 2, 28 lits): UNSAT in 2.14s
    cube 1998.191.216 (depth 2, 28 lits): UNSAT in 0.07s
    cube 1998.191.217 (depth 2, 28 lits): UNSAT in 0.36s
    cube 1998.191.218 (depth 2, 28 lits): UNSAT in 0.44s
    cube 1998.191.219 (depth 2, 28 lits): UNSAT in 1.09s
    cube 1998.191.220 (depth 2, 28 lits): UNSAT in 0.48s
    cube 1998.191.221 (depth 2, 28 lits): UNSAT in 1.73s
    cube 1998.191.222 (depth 2, 28 lits): UNSAT in 2.39s
    cube 1998.191.223 (depth 2, 28 lits): UNSAT in 13.19s
    cube 1998.191.224 (depth 2, 28 lits): UNSAT in 0.05s
    cube 1998.191.225 (depth 2, 28 lits): UNSAT in 0.40s
    cube 1998.191.226 (depth 2, 28 lits): UNSAT in 0.17s
    cube 1998.191.227 (depth 2, 28 lits): UNSAT in 0.48s
    cube 1998.191.228 (depth 2, 28 lits): UNSAT in 0.16s
    cube 1998.191.229 (depth 2, 28 lits): UNSAT in 0.44s
    cube 1998.191.230 (depth 2, 28 lits): UNSAT in 0.18s
    cube 1998.191.231 (depth 2, 28 lits): UNSAT in 1.76s
    cube 1998.191.232 (depth 2, 28 lits): UNSAT in 0.37s
    cube 1998.191.233 (depth 2, 28 lits): UNSAT in 1.12s
    cube 1998.191.234 (depth 2, 28 lits): UNSAT in 1.11s
    cube 1998.191.235 (depth 2, 28 lits): UNSAT in 6.12s
    cube 1998.191.236 (depth 2, 28 lits): UNSAT in 1.59s
    cube 1998.191.237 (depth 2, 28 lits): UNSAT in 5.63s
    cube 1998.191.238 (depth 2, 28 lits): UNSAT in 2.85s
    cube 1998.191.239 (depth 2, 28 lits): UNSAT in 35.21s
    cube 1998.191.240 (depth 2, 28 lits): UNSAT in 0.07s
    cube 1998.191.241 (depth 2, 28 lits): UNSAT in 0.50s
    cube 1998.191.242 (depth 2, 28 lits): UNSAT in 0.73s
    cube 1998.191.243 (depth 2, 28 lits): UNSAT in 1.51s
    cube 1998.191.244 (depth 2, 28 lits): UNSAT in 0.44s
    cube 1998.191.245 (depth 2, 28 lits): UNSAT in 2.43s
    cube 1998.191.246 (depth 2, 28 lits): UNSAT in 0.82s
    cube 1998.191.247 (depth 2, 28 lits): UNSAT in 5.02s
    cube 1998.191.248 (depth 2, 28 lits): UNSAT in 0.19s
    cube 1998.191.249 (depth 2, 28 lits): UNSAT in 0.61s
    cube 1998.191.250 (depth 2, 28 lits): UNSAT in 0.53s
    cube 1998.191.251 (depth 2, 28 lits): UNSAT in 2.11s
    cube 1998.191.252 (depth 2, 28 lits): UNSAT in 1.36s
    cube 1998.191.253 (depth 2, 28 lits): UNSAT in 4.10s
    cube 1998.191.254 (depth 2, 28 lits): UNSAT in 2.43s
    cube 1998.191.255 (depth 2, 28 lits): UNSAT in 56.15s
    cube 1998.192 (depth 1, 20 lits): UNSAT in 0.48s
    cube 1998.193 (depth 1, 20 lits): UNSAT in 0.87s
    cube 1998.194 (depth 1, 20 lits): UNSAT in 1.20s
    cube 1998.195 (depth 1, 20 lits): UNSAT in 3.48s
    cube 1998.196 (depth 1, 20 lits): UNSAT in 1.58s
    cube 1998.197 (depth 1, 20 lits): UNSAT in 4.36s
    cube 1998.198 (depth 1, 20 lits): UNSAT in 6.98s
    cube 1998.199 (depth 1, 20 lits): UNSAT in 22.68s
    cube 1998.200 (depth 1, 20 lits): UNSAT in 1.68s
    cube 1998.201 (depth 1, 20 lits): UNSAT in 3.27s
    cube 1998.202 (depth 1, 20 lits): UNSAT in 3.22s
    cube 1998.203 (depth 1, 20 lits): UNSAT in 13.98s
    cube 1998.204 (depth 1, 20 lits): UNSAT in 4.36s
    cube 1998.205 (depth 1, 20 lits): UNSAT in 18.90s
    cube 1998.206 (depth 1, 20 lits): UNSAT in 6.68s
    cube 1998.207 (depth 1, 20 lits): UNSAT in 83.79s
    cube 1998.208 (depth 1, 20 lits): UNSAT in 0.32s
    cube 1998.209 (depth 1, 20 lits): UNSAT in 1.07s
    cube 1998.210 (depth 1, 20 lits): UNSAT in 2.86s
    cube 1998.211 (depth 1, 20 lits): UNSAT in 5.58s
    cube 1998.212 (depth 1, 20 lits): UNSAT in 2.08s
    cube 1998.213 (depth 1, 20 lits): UNSAT in 10.69s
    cube 1998.214 (depth 1, 20 lits): UNSAT in 7.77s
    cube 1998.215 (depth 1, 20 lits): UNSAT in 168.47s
    cube 1998.216 (depth 1, 20 lits): UNSAT in 2.90s
    cube 1998.217 (depth 1, 20 lits): UNSAT in 14.19s
    cube 1998.218 (depth 1, 20 lits): UNSAT in 17.09s
    cube 1998.219 (depth 1, 20 lits): UNSAT in 115.02s
    cube 1998.220 (depth 1, 20 lits): UNSAT in 5.25s
    cube 1998.221 (depth 1, 20 lits): UNSAT in 87.77s
    cube 1998.222 (depth 1, 20 lits): UNSAT in 58.69s
    cube 1998.223 (depth 1, 20 lits): TIMEOUT in 1200.10s
    cube 1998.223 TIMEOUT -> re-split into 253 sub-cubes (depth 2)
    cube 1998.223.0 (depth 2, 27 lits): UNSAT in 0.01s
    cube 1998.223.1 (depth 2, 28 lits): UNSAT in 0.01s
    cube 1998.223.2 (depth 2, 28 lits): UNSAT in 0.02s
    cube 1998.223.3 (depth 2, 27 lits): UNSAT in 0.01s
    cube 1998.223.4 (depth 2, 28 lits): UNSAT in 0.02s
    cube 1998.223.5 (depth 2, 28 lits): UNSAT in 0.02s
    cube 1998.223.6 (depth 2, 27 lits): UNSAT in 0.01s
    cube 1998.223.7 (depth 2, 28 lits): UNSAT in 0.01s
    cube 1998.223.8 (depth 2, 28 lits): UNSAT in 0.01s
    cube 1998.223.9 (depth 2, 28 lits): UNSAT in 0.01s
    cube 1998.223.10 (depth 2, 28 lits): UNSAT in 0.01s
    cube 1998.223.11 (depth 2, 28 lits): UNSAT in 0.02s
    cube 1998.223.12 (depth 2, 28 lits): UNSAT in 0.10s
    cube 1998.223.13 (depth 2, 28 lits): UNSAT in 0.01s
    cube 1998.223.14 (depth 2, 28 lits): UNSAT in 0.02s
    cube 1998.223.15 (depth 2, 28 lits): UNSAT in 0.01s
    cube 1998.223.16 (depth 2, 28 lits): UNSAT in 0.05s
    cube 1998.223.17 (depth 2, 28 lits): UNSAT in 0.02s
    cube 1998.223.18 (depth 2, 28 lits): UNSAT in 0.03s
    cube 1998.223.19 (depth 2, 28 lits): UNSAT in 0.03s
    cube 1998.223.20 (depth 2, 28 lits): UNSAT in 0.08s
    cube 1998.223.21 (depth 2, 28 lits): UNSAT in 0.01s
    cube 1998.223.22 (depth 2, 28 lits): UNSAT in 0.03s
    cube 1998.223.23 (depth 2, 28 lits): UNSAT in 0.03s
    cube 1998.223.24 (depth 2, 28 lits): UNSAT in 0.21s
    cube 1998.223.25 (depth 2, 28 lits): UNSAT in 0.02s
    cube 1998.223.26 (depth 2, 28 lits): UNSAT in 0.04s
    cube 1998.223.27 (depth 2, 28 lits): UNSAT in 0.05s
    cube 1998.223.28 (depth 2, 28 lits): UNSAT in 0.13s
    cube 1998.223.29 (depth 2, 28 lits): UNSAT in 0.01s
    cube 1998.223.30 (depth 2, 28 lits): UNSAT in 0.01s
    cube 1998.223.31 (depth 2, 28 lits): UNSAT in 0.02s
    cube 1998.223.32 (depth 2, 28 lits): UNSAT in 0.02s
    cube 1998.223.33 (depth 2, 28 lits): UNSAT in 0.02s
    cube 1998.223.34 (depth 2, 28 lits): UNSAT in 0.05s
    cube 1998.223.35 (depth 2, 28 lits): UNSAT in 0.04s
    cube 1998.223.36 (depth 2, 28 lits): UNSAT in 0.10s
    cube 1998.223.37 (depth 2, 28 lits): UNSAT in 0.01s
    cube 1998.223.38 (depth 2, 28 lits): UNSAT in 0.02s
    cube 1998.223.39 (depth 2, 28 lits): UNSAT in 0.02s
    cube 1998.223.40 (depth 2, 28 lits): UNSAT in 0.02s
    cube 1998.223.41 (depth 2, 28 lits): UNSAT in 0.02s
    cube 1998.223.42 (depth 2, 28 lits): UNSAT in 0.07s
    cube 1998.223.43 (depth 2, 28 lits): UNSAT in 0.03s
    cube 1998.223.44 (depth 2, 28 lits): UNSAT in 0.04s
    cube 1998.223.45 (depth 2, 28 lits): UNSAT in 0.02s
    cube 1998.223.46 (depth 2, 28 lits): UNSAT in 0.04s
    cube 1998.223.47 (depth 2, 28 lits): UNSAT in 0.01s
    cube 1998.223.48 (depth 2, 28 lits): UNSAT in 0.02s
    cube 1998.223.49 (depth 2, 28 lits): UNSAT in 0.02s
    cube 1998.223.50 (depth 2, 28 lits): UNSAT in 0.03s
    cube 1998.223.51 (depth 2, 28 lits): UNSAT in 0.01s
    cube 1998.223.52 (depth 2, 28 lits): UNSAT in 0.04s
    cube 1998.223.53 (depth 2, 28 lits): UNSAT in 0.04s
    cube 1998.223.54 (depth 2, 28 lits): UNSAT in 0.05s
    cube 1998.223.55 (depth 2, 28 lits): UNSAT in 0.14s
    cube 1998.223.56 (depth 2, 28 lits): UNSAT in 0.12s
    cube 1998.223.57 (depth 2, 28 lits): UNSAT in 0.08s
    cube 1998.223.58 (depth 2, 28 lits): UNSAT in 0.46s
    cube 1998.223.59 (depth 2, 28 lits): UNSAT in 0.65s
    cube 1998.223.60 (depth 2, 28 lits): UNSAT in 0.18s
    cube 1998.223.61 (depth 2, 28 lits): UNSAT in 0.02s
    cube 1998.223.62 (depth 2, 28 lits): UNSAT in 0.03s
    cube 1998.223.63 (depth 2, 28 lits): UNSAT in 0.04s
    cube 1998.223.64 (depth 2, 28 lits): UNSAT in 0.08s
    cube 1998.223.65 (depth 2, 28 lits): UNSAT in 0.02s
    cube 1998.223.66 (depth 2, 28 lits): UNSAT in 0.04s
    cube 1998.223.67 (depth 2, 28 lits): UNSAT in 0.03s
    cube 1998.223.68 (depth 2, 28 lits): UNSAT in 0.16s
    cube 1998.223.69 (depth 2, 28 lits): UNSAT in 0.02s
    cube 1998.223.70 (depth 2, 28 lits): UNSAT in 0.04s
    cube 1998.223.71 (depth 2, 28 lits): UNSAT in 0.05s
    cube 1998.223.72 (depth 2, 28 lits): UNSAT in 0.65s
    cube 1998.223.73 (depth 2, 28 lits): UNSAT in 0.10s
    cube 1998.223.74 (depth 2, 28 lits): UNSAT in 0.15s
    cube 1998.223.75 (depth 2, 28 lits): UNSAT in 0.09s
    cube 1998.223.76 (depth 2, 28 lits): UNSAT in 0.39s
    cube 1998.223.77 (depth 2, 28 lits): UNSAT in 0.04s
    cube 1998.223.78 (depth 2, 28 lits): UNSAT in 0.08s
    cube 1998.223.79 (depth 2, 28 lits): UNSAT in 0.10s
    cube 1998.223.80 (depth 2, 28 lits): UNSAT in 0.10s
    cube 1998.223.81 (depth 2, 28 lits): UNSAT in 0.04s
    cube 1998.223.82 (depth 2, 28 lits): UNSAT in 0.11s
    cube 1998.223.83 (depth 2, 28 lits): UNSAT in 0.09s
    cube 1998.223.84 (depth 2, 28 lits): UNSAT in 0.16s
    cube 1998.223.85 (depth 2, 28 lits): UNSAT in 0.03s
    cube 1998.223.86 (depth 2, 28 lits): UNSAT in 0.08s
    cube 1998.223.87 (depth 2, 28 lits): UNSAT in 0.14s
    cube 1998.223.88 (depth 2, 28 lits): UNSAT in 0.13s
    cube 1998.223.89 (depth 2, 28 lits): UNSAT in 0.02s
    cube 1998.223.90 (depth 2, 28 lits): UNSAT in 0.13s
    cube 1998.223.91 (depth 2, 28 lits): UNSAT in 0.11s
    cube 1998.223.92 (depth 2, 28 lits): UNSAT in 0.42s
    cube 1998.223.93 (depth 2, 28 lits): UNSAT in 0.01s
    cube 1998.223.94 (depth 2, 28 lits): UNSAT in 0.02s
    cube 1998.223.95 (depth 2, 28 lits): UNSAT in 0.02s
    cube 1998.223.96 (depth 2, 28 lits): UNSAT in 0.03s
    cube 1998.223.97 (depth 2, 28 lits): UNSAT in 0.07s
    cube 1998.223.98 (depth 2, 28 lits): UNSAT in 0.05s
    cube 1998.223.99 (depth 2, 28 lits): UNSAT in 0.09s
    cube 1998.223.100 (depth 2, 28 lits): UNSAT in 0.10s
    cube 1998.223.101 (depth 2, 28 lits): UNSAT in 0.01s
    cube 1998.223.102 (depth 2, 28 lits): UNSAT in 0.02s
    cube 1998.223.103 (depth 2, 28 lits): UNSAT in 0.01s
    cube 1998.223.104 (depth 2, 28 lits): UNSAT in 0.06s
    cube 1998.223.105 (depth 2, 28 lits): UNSAT in 0.02s
    cube 1998.223.106 (depth 2, 28 lits): UNSAT in 0.04s
    cube 1998.223.107 (depth 2, 28 lits): UNSAT in 0.19s
    cube 1998.223.108 (depth 2, 28 lits): UNSAT in 0.11s
    cube 1998.223.109 (depth 2, 28 lits): UNSAT in 0.03s
    cube 1998.223.110 (depth 2, 28 lits): UNSAT in 0.06s
    cube 1998.223.111 (depth 2, 28 lits): UNSAT in 0.02s
    cube 1998.223.112 (depth 2, 28 lits): UNSAT in 0.07s
    cube 1998.223.113 (depth 2, 28 lits): UNSAT in 0.06s
    cube 1998.223.114 (depth 2, 28 lits): UNSAT in 0.15s
    cube 1998.223.115 (depth 2, 28 lits): UNSAT in 0.09s
    cube 1998.223.116 (depth 2, 28 lits): UNSAT in 0.70s
    cube 1998.223.117 (depth 2, 28 lits): UNSAT in 0.08s
    cube 1998.223.118 (depth 2, 28 lits): UNSAT in 0.20s
    cube 1998.223.119 (depth 2, 28 lits): UNSAT in 1.44s
    cube 1998.223.120 (depth 2, 28 lits): UNSAT in 1.88s
    cube 1998.223.121 (depth 2, 28 lits): UNSAT in 0.11s
    cube 1998.223.122 (depth 2, 28 lits): UNSAT in 1.53s
    cube 1998.223.123 (depth 2, 28 lits): UNSAT in 12.78s
    cube 1998.223.124 (depth 2, 28 lits): UNSAT in 1.01s
    cube 1998.223.125 (depth 2, 28 lits): UNSAT in 0.01s
    cube 1998.223.126 (depth 2, 28 lits): UNSAT in 0.02s
    cube 1998.223.127 (depth 2, 28 lits): UNSAT in 0.02s
    cube 1998.223.128 (depth 2, 28 lits): UNSAT in 0.03s
    cube 1998.223.129 (depth 2, 28 lits): UNSAT in 0.02s
    cube 1998.223.130 (depth 2, 28 lits): UNSAT in 0.02s
    cube 1998.223.131 (depth 2, 28 lits): UNSAT in 0.01s
    cube 1998.223.132 (depth 2, 28 lits): UNSAT in 0.03s
    cube 1998.223.133 (depth 2, 28 lits): UNSAT in 0.01s
    cube 1998.223.134 (depth 2, 28 lits): UNSAT in 0.02s
    cube 1998.223.135 (depth 2, 28 lits): UNSAT in 0.01s
    cube 1998.223.136 (depth 2, 28 lits): UNSAT in 0.02s
    cube 1998.223.137 (depth 2, 28 lits): UNSAT in 0.02s
    cube 1998.223.138 (depth 2, 28 lits): UNSAT in 0.03s
    cube 1998.223.139 (depth 2, 28 lits): UNSAT in 0.06s
    cube 1998.223.140 (depth 2, 28 lits): UNSAT in 0.61s
    cube 1998.223.141 (depth 2, 28 lits): UNSAT in 0.02s
    cube 1998.223.142 (depth 2, 28 lits): UNSAT in 0.05s
    cube 1998.223.143 (depth 2, 28 lits): UNSAT in 0.12s
    cube 1998.223.144 (depth 2, 28 lits): UNSAT in 0.12s
    cube 1998.223.145 (depth 2, 28 lits): UNSAT in 0.08s
    cube 1998.223.146 (depth 2, 28 lits): UNSAT in 0.14s
    cube 1998.223.147 (depth 2, 28 lits): UNSAT in 0.15s
    cube 1998.223.148 (depth 2, 28 lits): UNSAT in 0.68s
    cube 1998.223.149 (depth 2, 28 lits): UNSAT in 0.03s
    cube 1998.223.150 (depth 2, 28 lits): UNSAT in 0.04s
    cube 1998.223.151 (depth 2, 28 lits): UNSAT in 0.05s
    cube 1998.223.152 (depth 2, 28 lits): UNSAT in 0.23s
    cube 1998.223.153 (depth 2, 28 lits): UNSAT in 0.04s
    cube 1998.223.154 (depth 2, 28 lits): UNSAT in 0.17s
    cube 1998.223.155 (depth 2, 28 lits): UNSAT in 0.26s
    cube 1998.223.156 (depth 2, 28 lits): UNSAT in 0.65s
    cube 1998.223.157 (depth 2, 28 lits): UNSAT in 0.02s
    cube 1998.223.158 (depth 2, 28 lits): UNSAT in 0.02s
    cube 1998.223.159 (depth 2, 28 lits): UNSAT in 0.02s
    cube 1998.223.160 (depth 2, 28 lits): UNSAT in 0.02s
    cube 1998.223.161 (depth 2, 28 lits): UNSAT in 0.01s
    cube 1998.223.162 (depth 2, 28 lits): UNSAT in 0.02s
    cube 1998.223.163 (depth 2, 28 lits): UNSAT in 0.02s
    cube 1998.223.164 (depth 2, 28 lits): UNSAT in 0.03s
    cube 1998.223.165 (depth 2, 28 lits): UNSAT in 0.01s
    cube 1998.223.166 (depth 2, 28 lits): UNSAT in 0.02s
    cube 1998.223.167 (depth 2, 28 lits): UNSAT in 0.02s
    cube 1998.223.168 (depth 2, 28 lits): UNSAT in 0.02s
    cube 1998.223.169 (depth 2, 28 lits): UNSAT in 0.02s
    cube 1998.223.170 (depth 2, 28 lits): UNSAT in 0.02s
    cube 1998.223.171 (depth 2, 28 lits): UNSAT in 0.03s
    cube 1998.223.172 (depth 2, 28 lits): UNSAT in 0.23s
    cube 1998.223.173 (depth 2, 28 lits): UNSAT in 0.01s
    cube 1998.223.174 (depth 2, 28 lits): UNSAT in 0.06s
    cube 1998.223.175 (depth 2, 28 lits): UNSAT in 0.03s
    cube 1998.223.176 (depth 2, 28 lits): UNSAT in 0.10s
    cube 1998.223.177 (depth 2, 28 lits): UNSAT in 0.04s
    cube 1998.223.178 (depth 2, 28 lits): UNSAT in 0.26s
    cube 1998.223.179 (depth 2, 28 lits): UNSAT in 0.09s
    cube 1998.223.180 (depth 2, 28 lits): UNSAT in 0.66s
    cube 1998.223.181 (depth 2, 28 lits): UNSAT in 0.03s
    cube 1998.223.182 (depth 2, 28 lits): UNSAT in 0.12s
    cube 1998.223.183 (depth 2, 28 lits): UNSAT in 0.25s
    cube 1998.223.184 (depth 2, 28 lits): UNSAT in 0.66s
    cube 1998.223.185 (depth 2, 28 lits): UNSAT in 0.12s
    cube 1998.223.186 (depth 2, 28 lits): UNSAT in 0.97s
    cube 1998.223.187 (depth 2, 28 lits): UNSAT in 1.86s
    cube 1998.223.188 (depth 2, 28 lits): UNSAT in 2.76s
    cube 1998.223.189 (depth 2, 28 lits): UNSAT in 0.06s
    cube 1998.223.190 (depth 2, 28 lits): UNSAT in 0.15s
    cube 1998.223.191 (depth 2, 28 lits): UNSAT in 0.19s
    cube 1998.223.192 (depth 2, 28 lits): UNSAT in 0.49s
    cube 1998.223.193 (depth 2, 28 lits): UNSAT in 0.16s
    cube 1998.223.194 (depth 2, 28 lits): UNSAT in 0.26s
    cube 1998.223.195 (depth 2, 28 lits): UNSAT in 0.28s
    cube 1998.223.196 (depth 2, 28 lits): UNSAT in 0.90s
    cube 1998.223.197 (depth 2, 28 lits): UNSAT in 0.14s
    cube 1998.223.198 (depth 2, 28 lits): UNSAT in 0.26s
    cube 1998.223.199 (depth 2, 28 lits): UNSAT in 0.20s
    cube 1998.223.200 (depth 2, 28 lits): UNSAT in 0.83s
    cube 1998.223.201 (depth 2, 28 lits): UNSAT in 0.16s
    cube 1998.223.202 (depth 2, 28 lits): UNSAT in 0.64s
    cube 1998.223.203 (depth 2, 28 lits): UNSAT in 0.48s
    cube 1998.223.204 (depth 2, 28 lits): UNSAT in 4.06s
    cube 1998.223.205 (depth 2, 28 lits): UNSAT in 0.05s
    cube 1998.223.206 (depth 2, 28 lits): UNSAT in 0.13s
    cube 1998.223.207 (depth 2, 28 lits): UNSAT in 0.12s
    cube 1998.223.208 (depth 2, 28 lits): UNSAT in 0.41s
    cube 1998.223.209 (depth 2, 28 lits): UNSAT in 0.11s
    cube 1998.223.210 (depth 2, 28 lits): UNSAT in 0.50s
    cube 1998.223.211 (depth 2, 28 lits): UNSAT in 0.29s
    cube 1998.223.212 (depth 2, 28 lits): UNSAT in 1.81s
    cube 1998.223.213 (depth 2, 28 lits): UNSAT in 0.10s
    cube 1998.223.214 (depth 2, 28 lits): UNSAT in 0.30s
    cube 1998.223.215 (depth 2, 28 lits): UNSAT in 0.19s
    cube 1998.223.216 (depth 2, 28 lits): UNSAT in 0.46s
    cube 1998.223.217 (depth 2, 28 lits): UNSAT in 0.22s
    cube 1998.223.218 (depth 2, 28 lits): UNSAT in 1.57s
    cube 1998.223.219 (depth 2, 28 lits): UNSAT in 4.59s
    cube 1998.223.220 (depth 2, 28 lits): UNSAT in 24.05s
    cube 1998.223.221 (depth 2, 28 lits): UNSAT in 0.19s
    cube 1998.223.222 (depth 2, 28 lits): UNSAT in 0.13s
    cube 1998.223.223 (depth 2, 28 lits): UNSAT in 0.42s
    cube 1998.223.224 (depth 2, 28 lits): UNSAT in 0.64s
    cube 1998.223.225 (depth 2, 28 lits): UNSAT in 0.30s
    cube 1998.223.226 (depth 2, 28 lits): UNSAT in 0.61s
    cube 1998.223.227 (depth 2, 28 lits): UNSAT in 1.36s
    cube 1998.223.228 (depth 2, 28 lits): UNSAT in 2.90s
    cube 1998.223.229 (depth 2, 28 lits): UNSAT in 0.13s
    cube 1998.223.230 (depth 2, 28 lits): UNSAT in 0.32s
    cube 1998.223.231 (depth 2, 28 lits): UNSAT in 1.22s
    cube 1998.223.232 (depth 2, 28 lits): UNSAT in 2.28s
    cube 1998.223.233 (depth 2, 28 lits): UNSAT in 0.05s
    cube 1998.223.234 (depth 2, 28 lits): UNSAT in 1.27s
    cube 1998.223.235 (depth 2, 28 lits): UNSAT in 2.93s
    cube 1998.223.236 (depth 2, 28 lits): UNSAT in 19.85s
    cube 1998.223.237 (depth 2, 28 lits): UNSAT in 0.08s
    cube 1998.223.238 (depth 2, 28 lits): UNSAT in 0.36s
    cube 1998.223.239 (depth 2, 28 lits): UNSAT in 0.20s
    cube 1998.223.240 (depth 2, 28 lits): UNSAT in 0.88s
    cube 1998.223.241 (depth 2, 28 lits): UNSAT in 1.16s
    cube 1998.223.242 (depth 2, 28 lits): UNSAT in 3.04s
    cube 1998.223.243 (depth 2, 28 lits): UNSAT in 1.15s
    cube 1998.223.244 (depth 2, 28 lits): UNSAT in 31.93s
    cube 1998.223.245 (depth 2, 28 lits): UNSAT in 0.15s
    cube 1998.223.246 (depth 2, 28 lits): UNSAT in 0.84s
    cube 1998.223.247 (depth 2, 28 lits): UNSAT in 0.16s
    cube 1998.223.248 (depth 2, 28 lits): UNSAT in 4.41s
    cube 1998.223.249 (depth 2, 28 lits): UNSAT in 0.40s
    cube 1998.223.250 (depth 2, 28 lits): UNSAT in 1.90s
    cube 1998.223.251 (depth 2, 28 lits): UNSAT in 1.83s
    cube 1998.223.252 (depth 2, 28 lits): UNSAT in 32.50s
    cube 1998.224 (depth 1, 20 lits): UNSAT in 1.97s
    cube 1998.225 (depth 1, 20 lits): UNSAT in 4.69s
    cube 1998.226 (depth 1, 20 lits): UNSAT in 2.84s
    cube 1998.227 (depth 1, 20 lits): UNSAT in 27.83s
    cube 1998.228 (depth 1, 20 lits): UNSAT in 4.59s
    cube 1998.229 (depth 1, 20 lits): UNSAT in 27.33s
    cube 1998.230 (depth 1, 20 lits): UNSAT in 13.63s
    cube 1998.231 (depth 1, 20 lits): UNSAT in 219.78s
    cube 1998.232 (depth 1, 20 lits): UNSAT in 1.09s
    cube 1998.233 (depth 1, 20 lits): UNSAT in 8.78s
    cube 1998.234 (depth 1, 20 lits): UNSAT in 27.27s
    cube 1998.235 (depth 1, 20 lits): UNSAT in 253.67s
    cube 1998.236 (depth 1, 20 lits): UNSAT in 14.03s
    cube 1998.237 (depth 1, 20 lits): UNSAT in 99.93s
    cube 1998.238 (depth 1, 20 lits): UNSAT in 82.08s
    cube 1998.239 (depth 1, 20 lits): TIMEOUT in 1200.05s
    cube 1998.239 TIMEOUT -> re-split into 245 sub-cubes (depth 2)
    cube 1998.239.0 (depth 2, 25 lits): UNSAT in 0.01s
    cube 1998.239.1 (depth 2, 26 lits): UNSAT in 0.01s
    cube 1998.239.2 (depth 2, 28 lits): UNSAT in 0.01s
    cube 1998.239.3 (depth 2, 28 lits): UNSAT in 0.02s
    cube 1998.239.4 (depth 2, 28 lits): UNSAT in 0.01s
    cube 1998.239.5 (depth 2, 28 lits): UNSAT in 0.02s
    cube 1998.239.6 (depth 2, 28 lits): UNSAT in 0.01s
    cube 1998.239.7 (depth 2, 28 lits): UNSAT in 0.01s
    cube 1998.239.8 (depth 2, 28 lits): UNSAT in 0.01s
    cube 1998.239.9 (depth 2, 28 lits): UNSAT in 0.02s
    cube 1998.239.10 (depth 2, 28 lits): UNSAT in 0.01s
    cube 1998.239.11 (depth 2, 28 lits): UNSAT in 0.05s
    cube 1998.239.12 (depth 2, 28 lits): UNSAT in 0.01s
    cube 1998.239.13 (depth 2, 28 lits): UNSAT in 0.02s
    cube 1998.239.14 (depth 2, 28 lits): UNSAT in 0.02s
    cube 1998.239.15 (depth 2, 28 lits): UNSAT in 0.03s
    cube 1998.239.16 (depth 2, 28 lits): UNSAT in 0.05s
    cube 1998.239.17 (depth 2, 28 lits): UNSAT in 0.06s
    cube 1998.239.18 (depth 2, 28 lits): UNSAT in 0.04s
    cube 1998.239.19 (depth 2, 28 lits): UNSAT in 0.05s
    cube 1998.239.20 (depth 2, 28 lits): UNSAT in 0.15s
    cube 1998.239.21 (depth 2, 28 lits): UNSAT in 0.10s
    cube 1998.239.22 (depth 2, 28 lits): UNSAT in 0.02s
    cube 1998.239.23 (depth 2, 28 lits): UNSAT in 0.02s
    cube 1998.239.24 (depth 2, 28 lits): UNSAT in 0.02s
    cube 1998.239.25 (depth 2, 28 lits): UNSAT in 0.03s
    cube 1998.239.26 (depth 2, 28 lits): UNSAT in 0.03s
    cube 1998.239.27 (depth 2, 28 lits): UNSAT in 0.04s
    cube 1998.239.28 (depth 2, 28 lits): UNSAT in 0.03s
    cube 1998.239.29 (depth 2, 28 lits): UNSAT in 0.04s
    cube 1998.239.30 (depth 2, 28 lits): UNSAT in 0.03s
    cube 1998.239.31 (depth 2, 28 lits): UNSAT in 0.04s
    cube 1998.239.32 (depth 2, 28 lits): UNSAT in 0.05s
    cube 1998.239.33 (depth 2, 28 lits): UNSAT in 0.10s
    cube 1998.239.34 (depth 2, 28 lits): UNSAT in 0.04s
    cube 1998.239.35 (depth 2, 28 lits): UNSAT in 0.08s
    cube 1998.239.36 (depth 2, 28 lits): UNSAT in 0.06s
    cube 1998.239.37 (depth 2, 28 lits): UNSAT in 0.06s
    cube 1998.239.38 (depth 2, 28 lits): UNSAT in 0.02s
    cube 1998.239.39 (depth 2, 28 lits): UNSAT in 0.03s
    cube 1998.239.40 (depth 2, 28 lits): UNSAT in 0.03s
    cube 1998.239.41 (depth 2, 28 lits): UNSAT in 0.03s
    cube 1998.239.42 (depth 2, 28 lits): UNSAT in 0.03s
    cube 1998.239.43 (depth 2, 28 lits): UNSAT in 0.05s
    cube 1998.239.44 (depth 2, 28 lits): UNSAT in 0.06s
    cube 1998.239.45 (depth 2, 28 lits): UNSAT in 0.11s
    cube 1998.239.46 (depth 2, 28 lits): UNSAT in 0.03s
    cube 1998.239.47 (depth 2, 28 lits): UNSAT in 0.07s
    cube 1998.239.48 (depth 2, 28 lits): UNSAT in 0.13s
    cube 1998.239.49 (depth 2, 28 lits): UNSAT in 0.45s
    cube 1998.239.50 (depth 2, 28 lits): UNSAT in 0.12s
    cube 1998.239.51 (depth 2, 28 lits): UNSAT in 0.41s
    cube 1998.239.52 (depth 2, 28 lits): UNSAT in 0.54s
    cube 1998.239.53 (depth 2, 28 lits): UNSAT in 0.56s
    cube 1998.239.54 (depth 2, 27 lits): UNSAT in 0.01s
    cube 1998.239.55 (depth 2, 28 lits): UNSAT in 0.01s
    cube 1998.239.56 (depth 2, 28 lits): UNSAT in 0.02s
    cube 1998.239.57 (depth 2, 28 lits): UNSAT in 0.03s
    cube 1998.239.58 (depth 2, 28 lits): UNSAT in 0.02s
    cube 1998.239.59 (depth 2, 28 lits): UNSAT in 0.07s
    cube 1998.239.60 (depth 2, 28 lits): UNSAT in 0.20s
    cube 1998.239.61 (depth 2, 28 lits): UNSAT in 0.01s
    cube 1998.239.62 (depth 2, 28 lits): UNSAT in 0.02s
    cube 1998.239.63 (depth 2, 28 lits): UNSAT in 0.07s
    cube 1998.239.64 (depth 2, 28 lits): UNSAT in 0.20s
    cube 1998.239.65 (depth 2, 28 lits): UNSAT in 0.07s
    cube 1998.239.66 (depth 2, 28 lits): UNSAT in 0.13s
    cube 1998.239.67 (depth 2, 28 lits): UNSAT in 0.19s
    cube 1998.239.68 (depth 2, 28 lits): UNSAT in 0.37s
    cube 1998.239.69 (depth 2, 28 lits): UNSAT in 0.02s
    cube 1998.239.70 (depth 2, 28 lits): UNSAT in 0.03s
    cube 1998.239.71 (depth 2, 28 lits): UNSAT in 0.03s
    cube 1998.239.72 (depth 2, 28 lits): UNSAT in 0.10s
    cube 1998.239.73 (depth 2, 28 lits): UNSAT in 0.05s
    cube 1998.239.74 (depth 2, 28 lits): UNSAT in 0.07s
    cube 1998.239.75 (depth 2, 28 lits): UNSAT in 0.09s
    cube 1998.239.76 (depth 2, 28 lits): UNSAT in 0.27s
    cube 1998.239.77 (depth 2, 28 lits): UNSAT in 0.02s
    cube 1998.239.78 (depth 2, 28 lits): UNSAT in 0.04s
    cube 1998.239.79 (depth 2, 28 lits): UNSAT in 0.03s
    cube 1998.239.80 (depth 2, 28 lits): UNSAT in 0.03s
    cube 1998.239.81 (depth 2, 28 lits): UNSAT in 0.08s
    cube 1998.239.82 (depth 2, 28 lits): UNSAT in 0.06s
    cube 1998.239.83 (depth 2, 28 lits): UNSAT in 0.19s
    cube 1998.239.84 (depth 2, 28 lits): UNSAT in 0.08s
    cube 1998.239.85 (depth 2, 28 lits): UNSAT in 0.01s
    cube 1998.239.86 (depth 2, 28 lits): UNSAT in 0.04s
    cube 1998.239.87 (depth 2, 28 lits): UNSAT in 0.05s
    cube 1998.239.88 (depth 2, 28 lits): UNSAT in 0.07s
    cube 1998.239.89 (depth 2, 28 lits): UNSAT in 0.02s
    cube 1998.239.90 (depth 2, 28 lits): UNSAT in 0.02s
    cube 1998.239.91 (depth 2, 28 lits): UNSAT in 0.07s
    cube 1998.239.92 (depth 2, 28 lits): UNSAT in 0.09s
    cube 1998.239.93 (depth 2, 28 lits): UNSAT in 0.02s
    cube 1998.239.94 (depth 2, 28 lits): UNSAT in 0.04s
    cube 1998.239.95 (depth 2, 28 lits): UNSAT in 0.02s
    cube 1998.239.96 (depth 2, 28 lits): UNSAT in 0.04s
    cube 1998.239.97 (depth 2, 28 lits): UNSAT in 0.02s
    cube 1998.239.98 (depth 2, 28 lits): UNSAT in 0.09s
    cube 1998.239.99 (depth 2, 28 lits): UNSAT in 0.42s
    cube 1998.239.100 (depth 2, 28 lits): UNSAT in 0.47s
    cube 1998.239.101 (depth 2, 28 lits): UNSAT in 0.04s
    cube 1998.239.102 (depth 2, 28 lits): UNSAT in 0.09s
    cube 1998.239.103 (depth 2, 28 lits): UNSAT in 0.17s
    cube 1998.239.104 (depth 2, 28 lits): UNSAT in 0.44s
    cube 1998.239.105 (depth 2, 28 lits): UNSAT in 0.14s
    cube 1998.239.106 (depth 2, 28 lits): UNSAT in 0.15s
    cube 1998.239.107 (depth 2, 28 lits): UNSAT in 0.44s
    cube 1998.239.108 (depth 2, 28 lits): UNSAT in 3.04s
    cube 1998.239.109 (depth 2, 28 lits): UNSAT in 0.21s
    cube 1998.239.110 (depth 2, 28 lits): UNSAT in 0.37s
    cube 1998.239.111 (depth 2, 28 lits): UNSAT in 0.16s
    cube 1998.239.112 (depth 2, 28 lits): UNSAT in 1.47s
    cube 1998.239.113 (depth 2, 28 lits): UNSAT in 0.41s
    cube 1998.239.114 (depth 2, 28 lits): UNSAT in 3.91s
    cube 1998.239.115 (depth 2, 28 lits): UNSAT in 2.83s
    cube 1998.239.116 (depth 2, 28 lits): UNSAT in 7.42s
    cube 1998.239.117 (depth 2, 28 lits): UNSAT in 0.03s
    cube 1998.239.118 (depth 2, 28 lits): UNSAT in 0.04s
    cube 1998.239.119 (depth 2, 28 lits): UNSAT in 0.02s
    cube 1998.239.120 (depth 2, 28 lits): UNSAT in 0.05s
    cube 1998.239.121 (depth 2, 28 lits): UNSAT in 0.02s
    cube 1998.239.122 (depth 2, 28 lits): UNSAT in 0.07s
    cube 1998.239.123 (depth 2, 28 lits): UNSAT in 0.09s
    cube 1998.239.124 (depth 2, 28 lits): UNSAT in 0.07s
    cube 1998.239.125 (depth 2, 28 lits): UNSAT in 0.01s
    cube 1998.239.126 (depth 2, 28 lits): UNSAT in 0.01s
    cube 1998.239.127 (depth 2, 28 lits): UNSAT in 0.02s
    cube 1998.239.128 (depth 2, 28 lits): UNSAT in 0.08s
    cube 1998.239.129 (depth 2, 28 lits): UNSAT in 0.01s
    cube 1998.239.130 (depth 2, 28 lits): UNSAT in 0.09s
    cube 1998.239.131 (depth 2, 28 lits): UNSAT in 0.13s
    cube 1998.239.132 (depth 2, 28 lits): UNSAT in 0.35s
    cube 1998.239.133 (depth 2, 28 lits): UNSAT in 0.03s
    cube 1998.239.134 (depth 2, 28 lits): UNSAT in 0.04s
    cube 1998.239.135 (depth 2, 28 lits): UNSAT in 0.04s
    cube 1998.239.136 (depth 2, 28 lits): UNSAT in 0.08s
    cube 1998.239.137 (depth 2, 28 lits): UNSAT in 0.06s
    cube 1998.239.138 (depth 2, 28 lits): UNSAT in 0.09s
    cube 1998.239.139 (depth 2, 28 lits): UNSAT in 0.08s
    cube 1998.239.140 (depth 2, 28 lits): UNSAT in 0.19s
    cube 1998.239.141 (depth 2, 28 lits): UNSAT in 0.05s
    cube 1998.239.142 (depth 2, 28 lits): UNSAT in 0.16s
    cube 1998.239.143 (depth 2, 28 lits): UNSAT in 0.08s
    cube 1998.239.144 (depth 2, 28 lits): UNSAT in 0.20s
    cube 1998.239.145 (depth 2, 28 lits): UNSAT in 0.27s
    cube 1998.239.146 (depth 2, 28 lits): UNSAT in 0.60s
    cube 1998.239.147 (depth 2, 28 lits): UNSAT in 0.97s
    cube 1998.239.148 (depth 2, 28 lits): UNSAT in 2.44s
    cube 1998.239.149 (depth 2, 28 lits): UNSAT in 0.02s
    cube 1998.239.150 (depth 2, 28 lits): UNSAT in 0.02s
    cube 1998.239.151 (depth 2, 28 lits): UNSAT in 0.01s
    cube 1998.239.152 (depth 2, 28 lits): UNSAT in 0.02s
    cube 1998.239.153 (depth 2, 28 lits): UNSAT in 0.04s
    cube 1998.239.154 (depth 2, 28 lits): UNSAT in 0.06s
    cube 1998.239.155 (depth 2, 28 lits): UNSAT in 0.05s
    cube 1998.239.156 (depth 2, 28 lits): UNSAT in 0.03s
    cube 1998.239.157 (depth 2, 28 lits): UNSAT in 0.09s
    cube 1998.239.158 (depth 2, 28 lits): UNSAT in 0.34s
    cube 1998.239.159 (depth 2, 28 lits): UNSAT in 0.12s
    cube 1998.239.160 (depth 2, 28 lits): UNSAT in 1.47s
    cube 1998.239.161 (depth 2, 28 lits): UNSAT in 0.03s
    cube 1998.239.162 (depth 2, 28 lits): UNSAT in 0.13s
    cube 1998.239.163 (depth 2, 28 lits): UNSAT in 0.11s
    cube 1998.239.164 (depth 2, 28 lits): UNSAT in 0.63s
    cube 1998.239.165 (depth 2, 28 lits): UNSAT in 0.04s
    cube 1998.239.166 (depth 2, 28 lits): UNSAT in 0.04s
    cube 1998.239.167 (depth 2, 28 lits): UNSAT in 0.03s
    cube 1998.239.168 (depth 2, 28 lits): UNSAT in 0.06s
    cube 1998.239.169 (depth 2, 28 lits): UNSAT in 0.01s
    cube 1998.239.170 (depth 2, 28 lits): UNSAT in 0.11s
    cube 1998.239.171 (depth 2, 28 lits): UNSAT in 0.30s
    cube 1998.239.172 (depth 2, 28 lits): UNSAT in 0.41s
    cube 1998.239.173 (depth 2, 28 lits): UNSAT in 0.13s
    cube 1998.239.174 (depth 2, 28 lits): UNSAT in 0.26s
    cube 1998.239.175 (depth 2, 28 lits): UNSAT in 0.64s
    cube 1998.239.176 (depth 2, 28 lits): UNSAT in 2.29s
    cube 1998.239.177 (depth 2, 28 lits): UNSAT in 0.25s
    cube 1998.239.178 (depth 2, 28 lits): UNSAT in 1.04s
    cube 1998.239.179 (depth 2, 28 lits): UNSAT in 1.75s
    cube 1998.239.180 (depth 2, 28 lits): UNSAT in 6.77s
    cube 1998.239.181 (depth 2, 28 lits): UNSAT in 0.21s
    cube 1998.239.182 (depth 2, 28 lits): UNSAT in 0.25s
    cube 1998.239.183 (depth 2, 28 lits): UNSAT in 0.46s
    cube 1998.239.184 (depth 2, 28 lits): UNSAT in 1.15s
    cube 1998.239.185 (depth 2, 28 lits): UNSAT in 0.90s
    cube 1998.239.186 (depth 2, 28 lits): UNSAT in 1.94s
    cube 1998.239.187 (depth 2, 28 lits): UNSAT in 0.99s
    cube 1998.239.188 (depth 2, 28 lits): UNSAT in 2.83s
    cube 1998.239.189 (depth 2, 28 lits): UNSAT in 0.62s
    cube 1998.239.190 (depth 2, 28 lits): UNSAT in 1.24s
    cube 1998.239.191 (depth 2, 28 lits): UNSAT in 2.49s
    cube 1998.239.192 (depth 2, 28 lits): UNSAT in 4.81s
    cube 1998.239.193 (depth 2, 28 lits): UNSAT in 2.40s
    cube 1998.239.194 (depth 2, 28 lits): UNSAT in 9.08s
    cube 1998.239.195 (depth 2, 28 lits): UNSAT in 5.10s
    cube 1998.239.196 (depth 2, 28 lits): UNSAT in 18.28s
    cube 1998.239.197 (depth 2, 28 lits): UNSAT in 0.36s
    cube 1998.239.198 (depth 2, 28 lits): UNSAT in 0.82s
    cube 1998.239.199 (depth 2, 28 lits): UNSAT in 0.57s
    cube 1998.239.200 (depth 2, 28 lits): UNSAT in 2.35s
    cube 1998.239.201 (depth 2, 28 lits): UNSAT in 1.41s
    cube 1998.239.202 (depth 2, 28 lits): UNSAT in 3.17s
    cube 1998.239.203 (depth 2, 28 lits): UNSAT in 2.44s
    cube 1998.239.204 (depth 2, 28 lits): UNSAT in 9.99s
    cube 1998.239.205 (depth 2, 28 lits): UNSAT in 0.57s
    cube 1998.239.206 (depth 2, 28 lits): UNSAT in 0.90s
    cube 1998.239.207 (depth 2, 28 lits): UNSAT in 3.01s
    cube 1998.239.208 (depth 2, 28 lits): UNSAT in 7.59s
    cube 1998.239.209 (depth 2, 28 lits): UNSAT in 1.77s
    cube 1998.239.210 (depth 2, 28 lits): UNSAT in 5.68s
    cube 1998.239.211 (depth 2, 28 lits): UNSAT in 16.22s
    cube 1998.239.212 (depth 2, 28 lits): UNSAT in 39.30s
    cube 1998.239.213 (depth 2, 28 lits): UNSAT in 0.06s
    cube 1998.239.214 (depth 2, 28 lits): UNSAT in 0.16s
    cube 1998.239.215 (depth 2, 28 lits): UNSAT in 0.18s
    cube 1998.239.216 (depth 2, 28 lits): UNSAT in 0.47s
    cube 1998.239.217 (depth 2, 28 lits): UNSAT in 0.28s
    cube 1998.239.218 (depth 2, 28 lits): UNSAT in 0.79s
    cube 1998.239.219 (depth 2, 28 lits): UNSAT in 0.44s
    cube 1998.239.220 (depth 2, 28 lits): UNSAT in 4.69s
    cube 1998.239.221 (depth 2, 28 lits): UNSAT in 0.21s
    cube 1998.239.222 (depth 2, 28 lits): UNSAT in 0.43s
    cube 1998.239.223 (depth 2, 28 lits): UNSAT in 1.13s
    cube 1998.239.224 (depth 2, 28 lits): UNSAT in 3.75s
    cube 1998.239.225 (depth 2, 28 lits): UNSAT in 0.24s
    cube 1998.239.226 (depth 2, 28 lits): UNSAT in 1.16s
    cube 1998.239.227 (depth 2, 28 lits): UNSAT in 1.47s
    cube 1998.239.228 (depth 2, 28 lits): UNSAT in 41.89s
    cube 1998.239.229 (depth 2, 28 lits): UNSAT in 0.27s
    cube 1998.239.230 (depth 2, 28 lits): UNSAT in 1.39s
    cube 1998.239.231 (depth 2, 28 lits): UNSAT in 0.35s
    cube 1998.239.232 (depth 2, 28 lits): UNSAT in 4.34s
    cube 1998.239.233 (depth 2, 28 lits): UNSAT in 0.61s
    cube 1998.239.234 (depth 2, 28 lits): UNSAT in 4.21s
    cube 1998.239.235 (depth 2, 28 lits): UNSAT in 6.61s
    cube 1998.239.236 (depth 2, 28 lits): UNSAT in 30.83s
    cube 1998.239.237 (depth 2, 28 lits): UNSAT in 1.87s
    cube 1998.239.238 (depth 2, 28 lits): UNSAT in 7.97s
    cube 1998.239.239 (depth 2, 28 lits): UNSAT in 11.70s
    cube 1998.239.240 (depth 2, 28 lits): UNSAT in 132.55s
    cube 1998.239.241 (depth 2, 28 lits): UNSAT in 1.18s
    cube 1998.239.242 (depth 2, 28 lits): UNSAT in 7.73s
    cube 1998.239.243 (depth 2, 28 lits): UNSAT in 15.02s
    cube 1998.239.244 (depth 2, 28 lits): UNSAT in 127.11s
    cube 1998.240 (depth 1, 20 lits): UNSAT in 2.48s
    cube 1998.241 (depth 1, 20 lits): UNSAT in 18.74s
    cube 1998.242 (depth 1, 20 lits): UNSAT in 21.94s
    cube 1998.243 (depth 1, 20 lits): UNSAT in 437.17s
    cube 1998.244 (depth 1, 20 lits): UNSAT in 34.05s
    cube 1998.245 (depth 1, 20 lits): UNSAT in 405.60s
    cube 1998.246 (depth 1, 20 lits): UNSAT in 474.25s
    cube 1998.247 (depth 1, 20 lits): TIMEOUT in 1200.10s
    cube 1998.247 TIMEOUT -> re-split into 250 sub-cubes (depth 2)
    cube 1998.247.0 (depth 2, 26 lits): UNSAT in 0.01s
    cube 1998.247.1 (depth 2, 28 lits): UNSAT in 0.01s
    cube 1998.247.2 (depth 2, 28 lits): UNSAT in 0.02s
    cube 1998.247.3 (depth 2, 28 lits): UNSAT in 0.02s
    cube 1998.247.4 (depth 2, 28 lits): UNSAT in 0.07s
    cube 1998.247.5 (depth 2, 28 lits): UNSAT in 0.01s
    cube 1998.247.6 (depth 2, 28 lits): UNSAT in 0.01s
    cube 1998.247.7 (depth 2, 28 lits): UNSAT in 0.02s
    cube 1998.247.8 (depth 2, 28 lits): UNSAT in 0.03s
    cube 1998.247.9 (depth 2, 28 lits): UNSAT in 0.02s
    cube 1998.247.10 (depth 2, 28 lits): UNSAT in 0.05s
    cube 1998.247.11 (depth 2, 28 lits): UNSAT in 0.05s
    cube 1998.247.12 (depth 2, 28 lits): UNSAT in 0.11s
    cube 1998.247.13 (depth 2, 28 lits): UNSAT in 0.01s
    cube 1998.247.14 (depth 2, 28 lits): UNSAT in 0.01s
    cube 1998.247.15 (depth 2, 27 lits): UNSAT in 0.01s
    cube 1998.247.16 (depth 2, 27 lits): UNSAT in 0.01s
    cube 1998.247.17 (depth 2, 28 lits): UNSAT in 0.02s
    cube 1998.247.18 (depth 2, 28 lits): UNSAT in 0.04s
    cube 1998.247.19 (depth 2, 28 lits): UNSAT in 0.03s
    cube 1998.247.20 (depth 2, 28 lits): UNSAT in 0.03s
    cube 1998.247.21 (depth 2, 28 lits): UNSAT in 0.03s
    cube 1998.247.22 (depth 2, 28 lits): UNSAT in 0.01s
    cube 1998.247.23 (depth 2, 28 lits): UNSAT in 0.02s
    cube 1998.247.24 (depth 2, 28 lits): UNSAT in 0.05s
    cube 1998.247.25 (depth 2, 28 lits): UNSAT in 0.02s
    cube 1998.247.26 (depth 2, 28 lits): UNSAT in 0.10s
    cube 1998.247.27 (depth 2, 28 lits): UNSAT in 0.01s
    cube 1998.247.28 (depth 2, 28 lits): UNSAT in 0.02s
    cube 1998.247.29 (depth 2, 28 lits): UNSAT in 0.01s
    cube 1998.247.30 (depth 2, 28 lits): UNSAT in 0.03s
    cube 1998.247.31 (depth 2, 28 lits): UNSAT in 0.01s
    cube 1998.247.32 (depth 2, 28 lits): UNSAT in 0.02s
    cube 1998.247.33 (depth 2, 28 lits): UNSAT in 0.02s
    cube 1998.247.34 (depth 2, 28 lits): UNSAT in 0.07s
    cube 1998.247.35 (depth 2, 28 lits): UNSAT in 0.03s
    cube 1998.247.36 (depth 2, 28 lits): UNSAT in 0.06s
    cube 1998.247.37 (depth 2, 28 lits): UNSAT in 0.03s
    cube 1998.247.38 (depth 2, 28 lits): UNSAT in 0.16s
    cube 1998.247.39 (depth 2, 28 lits): UNSAT in 0.09s
    cube 1998.247.40 (depth 2, 28 lits): UNSAT in 0.22s
    cube 1998.247.41 (depth 2, 28 lits): UNSAT in 0.07s
    cube 1998.247.42 (depth 2, 28 lits): UNSAT in 0.20s
    cube 1998.247.43 (depth 2, 28 lits): UNSAT in 0.02s
    cube 1998.247.44 (depth 2, 28 lits): UNSAT in 0.04s
    cube 1998.247.45 (depth 2, 28 lits): UNSAT in 0.09s
    cube 1998.247.46 (depth 2, 28 lits): UNSAT in 0.22s
    cube 1998.247.47 (depth 2, 28 lits): UNSAT in 0.02s
    cube 1998.247.48 (depth 2, 28 lits): UNSAT in 0.04s
    cube 1998.247.49 (depth 2, 28 lits): UNSAT in 0.06s
    cube 1998.247.50 (depth 2, 28 lits): UNSAT in 0.41s
    cube 1998.247.51 (depth 2, 28 lits): UNSAT in 0.02s
    cube 1998.247.52 (depth 2, 28 lits): UNSAT in 0.14s
    cube 1998.247.53 (depth 2, 28 lits): UNSAT in 0.07s
    cube 1998.247.54 (depth 2, 28 lits): UNSAT in 0.13s
    cube 1998.247.55 (depth 2, 28 lits): UNSAT in 0.19s
    cube 1998.247.56 (depth 2, 28 lits): UNSAT in 0.42s
    cube 1998.247.57 (depth 2, 28 lits): UNSAT in 1.03s
    cube 1998.247.58 (depth 2, 28 lits): UNSAT in 6.14s
    cube 1998.247.59 (depth 2, 28 lits): UNSAT in 0.03s
    cube 1998.247.60 (depth 2, 28 lits): UNSAT in 0.04s
    cube 1998.247.61 (depth 2, 28 lits): UNSAT in 0.04s
    cube 1998.247.62 (depth 2, 28 lits): UNSAT in 0.07s
    cube 1998.247.63 (depth 2, 28 lits): UNSAT in 0.04s
    cube 1998.247.64 (depth 2, 28 lits): UNSAT in 0.06s
    cube 1998.247.65 (depth 2, 28 lits): UNSAT in 0.09s
    cube 1998.247.66 (depth 2, 28 lits): UNSAT in 0.09s
    cube 1998.247.67 (depth 2, 28 lits): UNSAT in 0.06s
    cube 1998.247.68 (depth 2, 28 lits): UNSAT in 0.07s
    cube 1998.247.69 (depth 2, 28 lits): UNSAT in 0.15s
    cube 1998.247.70 (depth 2, 28 lits): UNSAT in 0.20s
    cube 1998.247.71 (depth 2, 28 lits): UNSAT in 0.14s
    cube 1998.247.72 (depth 2, 28 lits): UNSAT in 0.14s
    cube 1998.247.73 (depth 2, 28 lits): UNSAT in 0.19s
    cube 1998.247.74 (depth 2, 28 lits): UNSAT in 0.57s
    cube 1998.247.75 (depth 2, 28 lits): UNSAT in 0.05s
    cube 1998.247.76 (depth 2, 28 lits): UNSAT in 0.10s
    cube 1998.247.77 (depth 2, 28 lits): UNSAT in 0.05s
    cube 1998.247.78 (depth 2, 28 lits): UNSAT in 0.11s
    cube 1998.247.79 (depth 2, 28 lits): UNSAT in 0.13s
    cube 1998.247.80 (depth 2, 28 lits): UNSAT in 0.27s
    cube 1998.247.81 (depth 2, 28 lits): UNSAT in 0.25s
    cube 1998.247.82 (depth 2, 28 lits): UNSAT in 1.12s
    cube 1998.247.83 (depth 2, 28 lits): UNSAT in 0.06s
    cube 1998.247.84 (depth 2, 28 lits): UNSAT in 0.12s
    cube 1998.247.85 (depth 2, 28 lits): UNSAT in 0.11s
    cube 1998.247.86 (depth 2, 28 lits): UNSAT in 0.24s
    cube 1998.247.87 (depth 2, 28 lits): UNSAT in 0.41s
    cube 1998.247.88 (depth 2, 28 lits): UNSAT in 1.60s
    cube 1998.247.89 (depth 2, 28 lits): UNSAT in 1.70s
    cube 1998.247.90 (depth 2, 28 lits): UNSAT in 3.76s
    cube 1998.247.91 (depth 2, 28 lits): UNSAT in 0.01s
    cube 1998.247.92 (depth 2, 28 lits): UNSAT in 0.01s
    cube 1998.247.93 (depth 2, 28 lits): UNSAT in 0.03s
    cube 1998.247.94 (depth 2, 28 lits): UNSAT in 0.07s
    cube 1998.247.95 (depth 2, 28 lits): UNSAT in 0.05s
    cube 1998.247.96 (depth 2, 28 lits): UNSAT in 0.37s
    cube 1998.247.97 (depth 2, 28 lits): UNSAT in 0.12s
    cube 1998.247.98 (depth 2, 28 lits): UNSAT in 1.28s
    cube 1998.247.99 (depth 2, 28 lits): UNSAT in 0.03s
    cube 1998.247.100 (depth 2, 28 lits): UNSAT in 0.02s
    cube 1998.247.101 (depth 2, 28 lits): UNSAT in 0.09s
    cube 1998.247.102 (depth 2, 28 lits): UNSAT in 0.15s
    cube 1998.247.103 (depth 2, 28 lits): UNSAT in 0.03s
    cube 1998.247.104 (depth 2, 28 lits): UNSAT in 0.43s
    cube 1998.247.105 (depth 2, 28 lits): UNSAT in 1.41s
    cube 1998.247.106 (depth 2, 28 lits): UNSAT in 3.13s
    cube 1998.247.107 (depth 2, 28 lits): UNSAT in 0.02s
    cube 1998.247.108 (depth 2, 28 lits): UNSAT in 0.30s
    cube 1998.247.109 (depth 2, 28 lits): UNSAT in 0.23s
    cube 1998.247.110 (depth 2, 28 lits): UNSAT in 0.46s
    cube 1998.247.111 (depth 2, 28 lits): UNSAT in 0.20s
    cube 1998.247.112 (depth 2, 28 lits): UNSAT in 0.33s
    cube 1998.247.113 (depth 2, 28 lits): UNSAT in 0.06s
    cube 1998.247.114 (depth 2, 28 lits): UNSAT in 2.82s
    cube 1998.247.115 (depth 2, 28 lits): UNSAT in 0.16s
    cube 1998.247.116 (depth 2, 28 lits): UNSAT in 1.27s
    cube 1998.247.117 (depth 2, 28 lits): UNSAT in 0.37s
    cube 1998.247.118 (depth 2, 28 lits): UNSAT in 7.71s
    cube 1998.247.119 (depth 2, 28 lits): UNSAT in 0.11s
    cube 1998.247.120 (depth 2, 28 lits): UNSAT in 0.28s
    cube 1998.247.121 (depth 2, 28 lits): UNSAT in 4.92s
    cube 1998.247.122 (depth 2, 28 lits): UNSAT in 24.27s
    cube 1998.247.123 (depth 2, 27 lits): UNSAT in 0.01s
    cube 1998.247.124 (depth 2, 28 lits): UNSAT in 0.02s
    cube 1998.247.125 (depth 2, 28 lits): UNSAT in 0.02s
    cube 1998.247.126 (depth 2, 28 lits): UNSAT in 0.02s
    cube 1998.247.127 (depth 2, 28 lits): UNSAT in 0.04s
    cube 1998.247.128 (depth 2, 28 lits): UNSAT in 0.04s
    cube 1998.247.129 (depth 2, 28 lits): UNSAT in 0.11s
    cube 1998.247.130 (depth 2, 28 lits): UNSAT in 0.01s
    cube 1998.247.131 (depth 2, 28 lits): UNSAT in 0.01s
    cube 1998.247.132 (depth 2, 28 lits): UNSAT in 0.01s
    cube 1998.247.133 (depth 2, 28 lits): UNSAT in 0.01s
    cube 1998.247.134 (depth 2, 28 lits): UNSAT in 0.01s
    cube 1998.247.135 (depth 2, 28 lits): UNSAT in 0.03s
    cube 1998.247.136 (depth 2, 28 lits): UNSAT in 0.03s
    cube 1998.247.137 (depth 2, 28 lits): UNSAT in 0.03s
    cube 1998.247.138 (depth 2, 28 lits): UNSAT in 0.01s
    cube 1998.247.139 (depth 2, 28 lits): UNSAT in 0.03s
    cube 1998.247.140 (depth 2, 28 lits): UNSAT in 0.03s
    cube 1998.247.141 (depth 2, 28 lits): UNSAT in 0.03s
    cube 1998.247.142 (depth 2, 28 lits): UNSAT in 0.03s
    cube 1998.247.143 (depth 2, 28 lits): UNSAT in 0.03s
    cube 1998.247.144 (depth 2, 28 lits): UNSAT in 0.07s
    cube 1998.247.145 (depth 2, 28 lits): UNSAT in 0.18s
    cube 1998.247.146 (depth 2, 28 lits): UNSAT in 0.05s
    cube 1998.247.147 (depth 2, 28 lits): UNSAT in 0.13s
    cube 1998.247.148 (depth 2, 28 lits): UNSAT in 0.03s
    cube 1998.247.149 (depth 2, 28 lits): UNSAT in 0.16s
    cube 1998.247.150 (depth 2, 28 lits): UNSAT in 0.30s
    cube 1998.247.151 (depth 2, 28 lits): UNSAT in 0.13s
    cube 1998.247.152 (depth 2, 28 lits): UNSAT in 0.23s
    cube 1998.247.153 (depth 2, 28 lits): UNSAT in 0.47s
    cube 1998.247.154 (depth 2, 28 lits): UNSAT in 0.06s
    cube 1998.247.155 (depth 2, 28 lits): UNSAT in 0.11s
    cube 1998.247.156 (depth 2, 28 lits): UNSAT in 0.10s
    cube 1998.247.157 (depth 2, 28 lits): UNSAT in 0.14s
    cube 1998.247.158 (depth 2, 28 lits): UNSAT in 0.04s
    cube 1998.247.159 (depth 2, 28 lits): UNSAT in 0.08s
    cube 1998.247.160 (depth 2, 28 lits): UNSAT in 0.25s
    cube 1998.247.161 (depth 2, 28 lits): UNSAT in 0.25s
    cube 1998.247.162 (depth 2, 28 lits): UNSAT in 0.02s
    cube 1998.247.163 (depth 2, 28 lits): UNSAT in 0.03s
    cube 1998.247.164 (depth 2, 28 lits): UNSAT in 0.02s
    cube 1998.247.165 (depth 2, 28 lits): UNSAT in 0.11s
    cube 1998.247.166 (depth 2, 28 lits): UNSAT in 0.32s
    cube 1998.247.167 (depth 2, 28 lits): UNSAT in 1.43s
    cube 1998.247.168 (depth 2, 28 lits): UNSAT in 0.91s
    cube 1998.247.169 (depth 2, 28 lits): UNSAT in 3.46s
    cube 1998.247.170 (depth 2, 28 lits): UNSAT in 0.03s
    cube 1998.247.171 (depth 2, 28 lits): UNSAT in 0.06s
    cube 1998.247.172 (depth 2, 28 lits): UNSAT in 0.23s
    cube 1998.247.173 (depth 2, 28 lits): UNSAT in 0.94s
    cube 1998.247.174 (depth 2, 28 lits): UNSAT in 0.04s
    cube 1998.247.175 (depth 2, 28 lits): UNSAT in 0.45s
    cube 1998.247.176 (depth 2, 28 lits): UNSAT in 1.27s
    cube 1998.247.177 (depth 2, 28 lits): UNSAT in 7.02s
    cube 1998.247.178 (depth 2, 28 lits): UNSAT in 0.06s
    cube 1998.247.179 (depth 2, 28 lits): UNSAT in 0.25s
    cube 1998.247.180 (depth 2, 28 lits): UNSAT in 0.19s
    cube 1998.247.181 (depth 2, 28 lits): UNSAT in 1.75s
    cube 1998.247.182 (depth 2, 28 lits): UNSAT in 0.78s
    cube 1998.247.183 (depth 2, 28 lits): UNSAT in 0.76s
    cube 1998.247.184 (depth 2, 28 lits): UNSAT in 6.51s
    cube 1998.247.185 (depth 2, 28 lits): UNSAT in 8.93s
    cube 1998.247.186 (depth 2, 28 lits): UNSAT in 0.02s
    cube 1998.247.187 (depth 2, 28 lits): UNSAT in 0.03s
    cube 1998.247.188 (depth 2, 28 lits): UNSAT in 0.06s
    cube 1998.247.189 (depth 2, 28 lits): UNSAT in 0.06s
    cube 1998.247.190 (depth 2, 28 lits): UNSAT in 0.02s
    cube 1998.247.191 (depth 2, 28 lits): UNSAT in 0.06s
    cube 1998.247.192 (depth 2, 28 lits): UNSAT in 0.04s
    cube 1998.247.193 (depth 2, 28 lits): UNSAT in 0.30s
    cube 1998.247.194 (depth 2, 28 lits): UNSAT in 0.04s
    cube 1998.247.195 (depth 2, 28 lits): UNSAT in 0.26s
    cube 1998.247.196 (depth 2, 28 lits): UNSAT in 0.38s
    cube 1998.247.197 (depth 2, 28 lits): UNSAT in 0.54s
    cube 1998.247.198 (depth 2, 28 lits): UNSAT in 0.10s
    cube 1998.247.199 (depth 2, 28 lits): UNSAT in 0.31s
    cube 1998.247.200 (depth 2, 28 lits): UNSAT in 0.15s
    cube 1998.247.201 (depth 2, 28 lits): UNSAT in 0.71s
    cube 1998.247.202 (depth 2, 28 lits): UNSAT in 0.03s
    cube 1998.247.203 (depth 2, 28 lits): UNSAT in 0.15s
    cube 1998.247.204 (depth 2, 28 lits): UNSAT in 0.05s
    cube 1998.247.205 (depth 2, 28 lits): UNSAT in 0.30s
    cube 1998.247.206 (depth 2, 28 lits): UNSAT in 0.10s
    cube 1998.247.207 (depth 2, 28 lits): UNSAT in 0.25s
    cube 1998.247.208 (depth 2, 28 lits): UNSAT in 0.16s
    cube 1998.247.209 (depth 2, 28 lits): UNSAT in 1.06s
    cube 1998.247.210 (depth 2, 28 lits): UNSAT in 0.08s
    cube 1998.247.211 (depth 2, 28 lits): UNSAT in 1.26s
    cube 1998.247.212 (depth 2, 28 lits): UNSAT in 0.88s
    cube 1998.247.213 (depth 2, 28 lits): UNSAT in 0.40s
    cube 1998.247.214 (depth 2, 28 lits): UNSAT in 0.39s
    cube 1998.247.215 (depth 2, 28 lits): UNSAT in 0.94s
    cube 1998.247.216 (depth 2, 28 lits): UNSAT in 3.29s
    cube 1998.247.217 (depth 2, 28 lits): UNSAT in 13.89s
    cube 1998.247.218 (depth 2, 28 lits): UNSAT in 0.04s
    cube 1998.247.219 (depth 2, 28 lits): UNSAT in 0.18s
    cube 1998.247.220 (depth 2, 28 lits): UNSAT in 0.09s
    cube 1998.247.221 (depth 2, 28 lits): UNSAT in 0.39s
    cube 1998.247.222 (depth 2, 28 lits): UNSAT in 0.06s
    cube 1998.247.223 (depth 2, 28 lits): UNSAT in 0.34s
    cube 1998.247.224 (depth 2, 28 lits): UNSAT in 0.45s
    cube 1998.247.225 (depth 2, 28 lits): UNSAT in 3.60s
    cube 1998.247.226 (depth 2, 28 lits): UNSAT in 0.12s
    cube 1998.247.227 (depth 2, 28 lits): UNSAT in 0.49s
    cube 1998.247.228 (depth 2, 28 lits): UNSAT in 0.09s
    cube 1998.247.229 (depth 2, 28 lits): UNSAT in 4.17s
    cube 1998.247.230 (depth 2, 28 lits): UNSAT in 0.38s
    cube 1998.247.231 (depth 2, 28 lits): UNSAT in 3.54s
    cube 1998.247.232 (depth 2, 28 lits): UNSAT in 1.20s
    cube 1998.247.233 (depth 2, 28 lits): UNSAT in 14.98s
    cube 1998.247.234 (depth 2, 28 lits): UNSAT in 0.90s
    cube 1998.247.235 (depth 2, 28 lits): UNSAT in 3.83s
    cube 1998.247.236 (depth 2, 28 lits): UNSAT in 3.48s
    cube 1998.247.237 (depth 2, 28 lits): UNSAT in 20.22s
    cube 1998.247.238 (depth 2, 28 lits): UNSAT in 3.17s
    cube 1998.247.239 (depth 2, 28 lits): UNSAT in 16.27s
    cube 1998.247.240 (depth 2, 28 lits): UNSAT in 11.31s
    cube 1998.247.241 (depth 2, 28 lits): UNSAT in 117.73s
    cube 1998.247.242 (depth 2, 28 lits): UNSAT in 0.31s
    cube 1998.247.243 (depth 2, 28 lits): UNSAT in 4.46s
    cube 1998.247.244 (depth 2, 28 lits): UNSAT in 5.33s
    cube 1998.247.245 (depth 2, 28 lits): UNSAT in 69.49s
    cube 1998.247.246 (depth 2, 28 lits): UNSAT in 10.44s
    cube 1998.247.247 (depth 2, 28 lits): UNSAT in 161.32s
    cube 1998.247.248 (depth 2, 28 lits): UNSAT in 11.73s
    cube 1998.247.249 (depth 2, 28 lits): UNSAT in 186.07s
    cube 1998.248 (depth 1, 20 lits): UNSAT in 6.14s
    cube 1998.249 (depth 1, 20 lits): UNSAT in 49.75s
    cube 1998.250 (depth 1, 20 lits): UNSAT in 36.91s
    cube 1998.251 (depth 1, 20 lits): UNSAT in 889.39s
    cube 1998.252 (depth 1, 20 lits): UNSAT in 18.20s
    cube 1998.253 (depth 1, 20 lits): UNSAT in 1025.71s
    cube 1998.254 (depth 1, 20 lits): UNSAT in 407.70s
    cube 1998.255 (depth 1, 20 lits): TIMEOUT in 1200.10s
    cube 1998.255 TIMEOUT -> re-split into 249 sub-cubes (depth 2)
    cube 1998.255.0 (depth 2, 26 lits): UNSAT in 0.01s
    cube 1998.255.1 (depth 2, 28 lits): UNSAT in 0.01s
    cube 1998.255.2 (depth 2, 28 lits): UNSAT in 0.01s
    cube 1998.255.3 (depth 2, 28 lits): UNSAT in 0.01s
    cube 1998.255.4 (depth 2, 28 lits): UNSAT in 0.04s
    cube 1998.255.5 (depth 2, 28 lits): UNSAT in 0.02s
    cube 1998.255.6 (depth 2, 28 lits): UNSAT in 0.02s
    cube 1998.255.7 (depth 2, 28 lits): UNSAT in 0.02s
    cube 1998.255.8 (depth 2, 28 lits): UNSAT in 0.04s
    cube 1998.255.9 (depth 2, 28 lits): UNSAT in 0.03s
    cube 1998.255.10 (depth 2, 28 lits): UNSAT in 0.09s
    cube 1998.255.11 (depth 2, 28 lits): UNSAT in 0.03s
    cube 1998.255.12 (depth 2, 28 lits): UNSAT in 0.06s
    cube 1998.255.13 (depth 2, 28 lits): UNSAT in 0.01s
    cube 1998.255.14 (depth 2, 28 lits): UNSAT in 0.01s
    cube 1998.255.15 (depth 2, 28 lits): UNSAT in 0.02s
    cube 1998.255.16 (depth 2, 28 lits): UNSAT in 0.03s
    cube 1998.255.17 (depth 2, 28 lits): UNSAT in 0.02s
    cube 1998.255.18 (depth 2, 28 lits): UNSAT in 0.03s
    cube 1998.255.19 (depth 2, 28 lits): UNSAT in 0.04s
    cube 1998.255.20 (depth 2, 28 lits): UNSAT in 0.05s
    cube 1998.255.21 (depth 2, 28 lits): UNSAT in 0.04s
    cube 1998.255.22 (depth 2, 28 lits): UNSAT in 0.06s
    cube 1998.255.23 (depth 2, 28 lits): UNSAT in 0.06s
    cube 1998.255.24 (depth 2, 28 lits): UNSAT in 0.12s
    cube 1998.255.25 (depth 2, 28 lits): UNSAT in 0.04s
    cube 1998.255.26 (depth 2, 28 lits): UNSAT in 0.05s
    cube 1998.255.27 (depth 2, 28 lits): UNSAT in 0.13s
    cube 1998.255.28 (depth 2, 28 lits): UNSAT in 0.14s
    cube 1998.255.29 (depth 2, 28 lits): UNSAT in 0.02s
    cube 1998.255.30 (depth 2, 28 lits): UNSAT in 0.04s
    cube 1998.255.31 (depth 2, 28 lits): UNSAT in 0.06s
    cube 1998.255.32 (depth 2, 28 lits): UNSAT in 0.09s
    cube 1998.255.33 (depth 2, 28 lits): UNSAT in 0.04s
    cube 1998.255.34 (depth 2, 28 lits): UNSAT in 0.09s
    cube 1998.255.35 (depth 2, 28 lits): UNSAT in 0.10s
    cube 1998.255.36 (depth 2, 28 lits): UNSAT in 0.12s
    cube 1998.255.37 (depth 2, 28 lits): UNSAT in 0.05s
    cube 1998.255.38 (depth 2, 28 lits): UNSAT in 0.09s
    cube 1998.255.39 (depth 2, 28 lits): UNSAT in 0.06s
    cube 1998.255.40 (depth 2, 28 lits): UNSAT in 0.13s
    cube 1998.255.41 (depth 2, 28 lits): UNSAT in 0.10s
    cube 1998.255.42 (depth 2, 28 lits): UNSAT in 0.19s
    cube 1998.255.43 (depth 2, 28 lits): UNSAT in 0.14s
    cube 1998.255.44 (depth 2, 28 lits): UNSAT in 0.57s
    cube 1998.255.45 (depth 2, 28 lits): UNSAT in 0.03s
    cube 1998.255.46 (depth 2, 28 lits): UNSAT in 0.06s
    cube 1998.255.47 (depth 2, 28 lits): UNSAT in 0.04s
    cube 1998.255.48 (depth 2, 28 lits): UNSAT in 0.12s
    cube 1998.255.49 (depth 2, 28 lits): UNSAT in 0.02s
    cube 1998.255.50 (depth 2, 28 lits): UNSAT in 0.04s
    cube 1998.255.51 (depth 2, 28 lits): UNSAT in 0.28s
    cube 1998.255.52 (depth 2, 28 lits): UNSAT in 0.45s
    cube 1998.255.53 (depth 2, 28 lits): UNSAT in 0.04s
    cube 1998.255.54 (depth 2, 28 lits): UNSAT in 0.10s
    cube 1998.255.55 (depth 2, 28 lits): UNSAT in 0.14s
    cube 1998.255.56 (depth 2, 28 lits): UNSAT in 0.51s
    cube 1998.255.57 (depth 2, 28 lits): UNSAT in 0.21s
    cube 1998.255.58 (depth 2, 28 lits): UNSAT in 1.05s
    cube 1998.255.59 (depth 2, 28 lits): UNSAT in 1.14s
    cube 1998.255.60 (depth 2, 28 lits): UNSAT in 2.98s
    cube 1998.255.61 (depth 2, 27 lits): UNSAT in 0.01s
    cube 1998.255.62 (depth 2, 28 lits): UNSAT in 0.01s
    cube 1998.255.63 (depth 2, 28 lits): UNSAT in 0.01s
    cube 1998.255.64 (depth 2, 27 lits): UNSAT in 0.01s
    cube 1998.255.65 (depth 2, 28 lits): UNSAT in 0.03s
    cube 1998.255.66 (depth 2, 28 lits): UNSAT in 0.03s
    cube 1998.255.67 (depth 2, 28 lits): UNSAT in 0.02s
    cube 1998.255.68 (depth 2, 28 lits): UNSAT in 0.03s
    cube 1998.255.69 (depth 2, 28 lits): UNSAT in 0.03s
    cube 1998.255.70 (depth 2, 28 lits): UNSAT in 0.18s
    cube 1998.255.71 (depth 2, 28 lits): UNSAT in 0.03s
    cube 1998.255.72 (depth 2, 28 lits): UNSAT in 0.06s
    cube 1998.255.73 (depth 2, 28 lits): UNSAT in 0.10s
    cube 1998.255.74 (depth 2, 28 lits): UNSAT in 0.14s
    cube 1998.255.75 (depth 2, 28 lits): UNSAT in 0.05s
    cube 1998.255.76 (depth 2, 28 lits): UNSAT in 0.10s
    cube 1998.255.77 (depth 2, 28 lits): UNSAT in 0.11s
    cube 1998.255.78 (depth 2, 28 lits): UNSAT in 0.62s
    cube 1998.255.79 (depth 2, 28 lits): UNSAT in 0.09s
    cube 1998.255.80 (depth 2, 28 lits): UNSAT in 0.07s
    cube 1998.255.81 (depth 2, 28 lits): UNSAT in 0.17s
    cube 1998.255.82 (depth 2, 28 lits): UNSAT in 0.61s
    cube 1998.255.83 (depth 2, 28 lits): UNSAT in 0.05s
    cube 1998.255.84 (depth 2, 28 lits): UNSAT in 0.18s
    cube 1998.255.85 (depth 2, 28 lits): UNSAT in 0.14s
    cube 1998.255.86 (depth 2, 28 lits): UNSAT in 0.51s
    cube 1998.255.87 (depth 2, 28 lits): UNSAT in 0.17s
    cube 1998.255.88 (depth 2, 28 lits): UNSAT in 0.38s
    cube 1998.255.89 (depth 2, 28 lits): UNSAT in 1.42s
    cube 1998.255.90 (depth 2, 28 lits): UNSAT in 5.39s
    cube 1998.255.91 (depth 2, 28 lits): UNSAT in 0.03s
    cube 1998.255.92 (depth 2, 28 lits): UNSAT in 0.06s
    cube 1998.255.93 (depth 2, 28 lits): UNSAT in 0.10s
    cube 1998.255.94 (depth 2, 28 lits): UNSAT in 0.18s
    cube 1998.255.95 (depth 2, 28 lits): UNSAT in 0.08s
    cube 1998.255.96 (depth 2, 28 lits): UNSAT in 0.21s
    cube 1998.255.97 (depth 2, 28 lits): UNSAT in 0.18s
    cube 1998.255.98 (depth 2, 28 lits): UNSAT in 0.75s
    cube 1998.255.99 (depth 2, 28 lits): UNSAT in 0.02s
    cube 1998.255.100 (depth 2, 28 lits): UNSAT in 0.04s
    cube 1998.255.101 (depth 2, 28 lits): UNSAT in 0.11s
    cube 1998.255.102 (depth 2, 28 lits): UNSAT in 0.78s
    cube 1998.255.103 (depth 2, 28 lits): UNSAT in 0.04s
    cube 1998.255.104 (depth 2, 28 lits): UNSAT in 0.60s
    cube 1998.255.105 (depth 2, 28 lits): UNSAT in 0.48s
    cube 1998.255.106 (depth 2, 28 lits): UNSAT in 2.47s
    cube 1998.255.107 (depth 2, 28 lits): UNSAT in 0.13s
    cube 1998.255.108 (depth 2, 28 lits): UNSAT in 0.11s
    cube 1998.255.109 (depth 2, 28 lits): UNSAT in 0.06s
    cube 1998.255.110 (depth 2, 28 lits): UNSAT in 0.34s
    cube 1998.255.111 (depth 2, 28 lits): UNSAT in 0.03s
    cube 1998.255.112 (depth 2, 28 lits): UNSAT in 0.11s
    cube 1998.255.113 (depth 2, 28 lits): UNSAT in 0.11s
    cube 1998.255.114 (depth 2, 28 lits): UNSAT in 0.43s
    cube 1998.255.115 (depth 2, 28 lits): UNSAT in 0.17s
    cube 1998.255.116 (depth 2, 28 lits): UNSAT in 0.59s
    cube 1998.255.117 (depth 2, 28 lits): UNSAT in 0.40s
    cube 1998.255.118 (depth 2, 28 lits): UNSAT in 8.67s
    cube 1998.255.119 (depth 2, 28 lits): UNSAT in 1.06s
    cube 1998.255.120 (depth 2, 28 lits): UNSAT in 2.02s
    cube 1998.255.121 (depth 2, 28 lits): UNSAT in 1.30s
    cube 1998.255.122 (depth 2, 28 lits): UNSAT in 7.49s
    cube 1998.255.123 (depth 2, 27 lits): UNSAT in 0.01s
    cube 1998.255.124 (depth 2, 28 lits): UNSAT in 0.02s
    cube 1998.255.125 (depth 2, 28 lits): UNSAT in 0.02s
    cube 1998.255.126 (depth 2, 28 lits): UNSAT in 0.01s
    cube 1998.255.127 (depth 2, 28 lits): UNSAT in 0.06s
    cube 1998.255.128 (depth 2, 28 lits): UNSAT in 0.01s
    cube 1998.255.129 (depth 2, 28 lits): UNSAT in 0.02s
    cube 1998.255.130 (depth 2, 28 lits): UNSAT in 0.02s
    cube 1998.255.131 (depth 2, 28 lits): UNSAT in 0.04s
    cube 1998.255.132 (depth 2, 28 lits): UNSAT in 0.03s
    cube 1998.255.133 (depth 2, 28 lits): UNSAT in 0.05s
    cube 1998.255.134 (depth 2, 28 lits): UNSAT in 0.05s
    cube 1998.255.135 (depth 2, 28 lits): UNSAT in 0.15s
    cube 1998.255.136 (depth 2, 28 lits): UNSAT in 0.03s
    cube 1998.255.137 (depth 2, 28 lits): UNSAT in 0.17s
    cube 1998.255.138 (depth 2, 28 lits): UNSAT in 0.01s
    cube 1998.255.139 (depth 2, 28 lits): UNSAT in 0.02s
    cube 1998.255.140 (depth 2, 28 lits): UNSAT in 0.04s
    cube 1998.255.141 (depth 2, 28 lits): UNSAT in 0.08s
    cube 1998.255.142 (depth 2, 28 lits): UNSAT in 0.04s
    cube 1998.255.143 (depth 2, 28 lits): UNSAT in 0.08s
    cube 1998.255.144 (depth 2, 28 lits): UNSAT in 0.09s
    cube 1998.255.145 (depth 2, 28 lits): UNSAT in 0.24s
    cube 1998.255.146 (depth 2, 28 lits): UNSAT in 0.03s
    cube 1998.255.147 (depth 2, 28 lits): UNSAT in 0.04s
    cube 1998.255.148 (depth 2, 28 lits): UNSAT in 0.05s
    cube 1998.255.149 (depth 2, 28 lits): UNSAT in 0.12s
    cube 1998.255.150 (depth 2, 28 lits): UNSAT in 0.11s
    cube 1998.255.151 (depth 2, 28 lits): UNSAT in 0.29s
    cube 1998.255.152 (depth 2, 28 lits): UNSAT in 0.23s
    cube 1998.255.153 (depth 2, 28 lits): UNSAT in 1.26s
    cube 1998.255.154 (depth 2, 28 lits): UNSAT in 0.02s
    cube 1998.255.155 (depth 2, 28 lits): UNSAT in 0.05s
    cube 1998.255.156 (depth 2, 28 lits): UNSAT in 0.05s
    cube 1998.255.157 (depth 2, 28 lits): UNSAT in 0.14s
    cube 1998.255.158 (depth 2, 28 lits): UNSAT in 0.08s
    cube 1998.255.159 (depth 2, 28 lits): UNSAT in 0.20s
    cube 1998.255.160 (depth 2, 28 lits): UNSAT in 0.09s
    cube 1998.255.161 (depth 2, 28 lits): UNSAT in 0.94s
    cube 1998.255.162 (depth 2, 28 lits): UNSAT in 0.10s
    cube 1998.255.163 (depth 2, 28 lits): UNSAT in 0.22s
    cube 1998.255.164 (depth 2, 28 lits): UNSAT in 0.31s
    cube 1998.255.165 (depth 2, 28 lits): UNSAT in 1.44s
    cube 1998.255.166 (depth 2, 28 lits): UNSAT in 0.08s
    cube 1998.255.167 (depth 2, 28 lits): UNSAT in 0.09s
    cube 1998.255.168 (depth 2, 28 lits): UNSAT in 0.23s
    cube 1998.255.169 (depth 2, 28 lits): UNSAT in 0.25s
    cube 1998.255.170 (depth 2, 28 lits): UNSAT in 0.05s
    cube 1998.255.171 (depth 2, 28 lits): UNSAT in 0.16s
    cube 1998.255.172 (depth 2, 28 lits): UNSAT in 0.04s
    cube 1998.255.173 (depth 2, 28 lits): UNSAT in 0.18s
    cube 1998.255.174 (depth 2, 28 lits): UNSAT in 0.02s
    cube 1998.255.175 (depth 2, 28 lits): UNSAT in 0.12s
    cube 1998.255.176 (depth 2, 28 lits): UNSAT in 0.09s
    cube 1998.255.177 (depth 2, 28 lits): UNSAT in 1.91s
    cube 1998.255.178 (depth 2, 28 lits): UNSAT in 0.54s
    cube 1998.255.179 (depth 2, 28 lits): UNSAT in 1.20s
    cube 1998.255.180 (depth 2, 28 lits): UNSAT in 0.55s
    cube 1998.255.181 (depth 2, 28 lits): UNSAT in 4.40s
    cube 1998.255.182 (depth 2, 28 lits): UNSAT in 0.54s
    cube 1998.255.183 (depth 2, 28 lits): UNSAT in 3.53s
    cube 1998.255.184 (depth 2, 28 lits): UNSAT in 7.19s
    cube 1998.255.185 (depth 2, 28 lits): UNSAT in 16.78s
    cube 1998.255.186 (depth 2, 28 lits): UNSAT in 0.02s
    cube 1998.255.187 (depth 2, 28 lits): UNSAT in 0.02s
    cube 1998.255.188 (depth 2, 27 lits): UNSAT in 0.02s
    cube 1998.255.189 (depth 2, 28 lits): UNSAT in 0.02s
    cube 1998.255.190 (depth 2, 28 lits): UNSAT in 0.11s
    cube 1998.255.191 (depth 2, 28 lits): UNSAT in 0.12s
    cube 1998.255.192 (depth 2, 28 lits): UNSAT in 0.66s
    cube 1998.255.193 (depth 2, 28 lits): UNSAT in 0.07s
    cube 1998.255.194 (depth 2, 28 lits): UNSAT in 0.14s
    cube 1998.255.195 (depth 2, 28 lits): UNSAT in 0.08s
    cube 1998.255.196 (depth 2, 28 lits): UNSAT in 0.25s
    cube 1998.255.197 (depth 2, 28 lits): UNSAT in 0.16s
    cube 1998.255.198 (depth 2, 28 lits): UNSAT in 0.51s
    cube 1998.255.199 (depth 2, 28 lits): UNSAT in 0.36s
    cube 1998.255.200 (depth 2, 28 lits): UNSAT in 3.42s
    cube 1998.255.201 (depth 2, 28 lits): UNSAT in 0.12s
    cube 1998.255.202 (depth 2, 28 lits): UNSAT in 0.42s
    cube 1998.255.203 (depth 2, 28 lits): UNSAT in 0.12s
    cube 1998.255.204 (depth 2, 28 lits): UNSAT in 0.18s
    cube 1998.255.205 (depth 2, 28 lits): UNSAT in 0.06s
    cube 1998.255.206 (depth 2, 28 lits): UNSAT in 0.22s
    cube 1998.255.207 (depth 2, 28 lits): UNSAT in 0.07s
    cube 1998.255.208 (depth 2, 28 lits): UNSAT in 2.95s
    cube 1998.255.209 (depth 2, 28 lits): UNSAT in 0.03s
    cube 1998.255.210 (depth 2, 28 lits): UNSAT in 0.03s
    cube 1998.255.211 (depth 2, 28 lits): UNSAT in 0.32s
    cube 1998.255.212 (depth 2, 28 lits): UNSAT in 0.94s
    cube 1998.255.213 (depth 2, 28 lits): UNSAT in 0.35s
    cube 1998.255.214 (depth 2, 28 lits): UNSAT in 4.49s
    cube 1998.255.215 (depth 2, 28 lits): UNSAT in 1.77s
    cube 1998.255.216 (depth 2, 28 lits): UNSAT in 14.29s
    cube 1998.255.217 (depth 2, 28 lits): UNSAT in 0.03s
    cube 1998.255.218 (depth 2, 28 lits): UNSAT in 0.12s
    cube 1998.255.219 (depth 2, 28 lits): UNSAT in 0.09s
    cube 1998.255.220 (depth 2, 28 lits): UNSAT in 0.63s
    cube 1998.255.221 (depth 2, 28 lits): UNSAT in 0.16s
    cube 1998.255.222 (depth 2, 28 lits): UNSAT in 0.61s
    cube 1998.255.223 (depth 2, 28 lits): UNSAT in 0.88s
    cube 1998.255.224 (depth 2, 28 lits): UNSAT in 9.32s
    cube 1998.255.225 (depth 2, 28 lits): UNSAT in 0.10s
    cube 1998.255.226 (depth 2, 28 lits): UNSAT in 1.02s
    cube 1998.255.227 (depth 2, 28 lits): UNSAT in 0.23s
    cube 1998.255.228 (depth 2, 28 lits): UNSAT in 7.56s
    cube 1998.255.229 (depth 2, 28 lits): UNSAT in 0.21s
    cube 1998.255.230 (depth 2, 28 lits): UNSAT in 1.75s
    cube 1998.255.231 (depth 2, 28 lits): UNSAT in 3.25s
    cube 1998.255.232 (depth 2, 28 lits): UNSAT in 55.72s
    cube 1998.255.233 (depth 2, 28 lits): UNSAT in 0.75s
    cube 1998.255.234 (depth 2, 28 lits): UNSAT in 4.11s
    cube 1998.255.235 (depth 2, 28 lits): UNSAT in 3.91s
    cube 1998.255.236 (depth 2, 28 lits): UNSAT in 28.16s
    cube 1998.255.237 (depth 2, 28 lits): UNSAT in 4.87s
    cube 1998.255.238 (depth 2, 28 lits): UNSAT in 11.49s
    cube 1998.255.239 (depth 2, 28 lits): UNSAT in 9.29s
    cube 1998.255.240 (depth 2, 28 lits): UNSAT in 153.12s
    cube 1998.255.241 (depth 2, 28 lits): UNSAT in 1.26s
    cube 1998.255.242 (depth 2, 28 lits): UNSAT in 6.47s
    cube 1998.255.243 (depth 2, 28 lits): UNSAT in 10.72s
    cube 1998.255.244 (depth 2, 28 lits): UNSAT in 116.03s
    cube 1998.255.245 (depth 2, 28 lits): UNSAT in 11.26s
    cube 1998.255.246 (depth 2, 28 lits): UNSAT in 733.40s
    cube 1998.255.247 (depth 2, 28 lits): UNSAT in 21.47s
    cube 1998.255.248 (depth 2, 28 lits): UNSAT in 256.66s

  shard 23 verdict: UNSAT (1 UNSAT, 0 unresolved) in 18493.8s
