  shard 22/24 (explicit): 1 of 4095 cubes, per-cube cap 1200.0s, re-split depth 7
    cube 1997 (depth 0, 12 lits): TIMEOUT in 1200.10s
    cube 1997 TIMEOUT -> re-split into 256 sub-cubes (depth 1)
    cube 1997.0 (depth 1, 20 lits): UNSAT in 0.01s
    cube 1997.1 (depth 1, 20 lits): UNSAT in 0.04s
    cube 1997.2 (depth 1, 20 lits): UNSAT in 0.02s
    cube 1997.3 (depth 1, 20 lits): UNSAT in 0.11s
    cube 1997.4 (depth 1, 20 lits): UNSAT in 0.06s
    cube 1997.5 (depth 1, 20 lits): UNSAT in 0.08s
    cube 1997.6 (depth 1, 20 lits): UNSAT in 0.11s
    cube 1997.7 (depth 1, 20 lits): UNSAT in 0.20s
    cube 1997.8 (depth 1, 20 lits): UNSAT in 0.02s
    cube 1997.9 (depth 1, 20 lits): UNSAT in 0.06s
    cube 1997.10 (depth 1, 20 lits): UNSAT in 0.08s
    cube 1997.11 (depth 1, 20 lits): UNSAT in 0.11s
    cube 1997.12 (depth 1, 20 lits): UNSAT in 0.11s
    cube 1997.13 (depth 1, 20 lits): UNSAT in 0.21s
    cube 1997.14 (depth 1, 20 lits): UNSAT in 0.16s
    cube 1997.15 (depth 1, 20 lits): UNSAT in 0.29s
    cube 1997.16 (depth 1, 20 lits): UNSAT in 0.05s
    cube 1997.17 (depth 1, 20 lits): UNSAT in 0.07s
    cube 1997.18 (depth 1, 20 lits): UNSAT in 0.07s
    cube 1997.19 (depth 1, 20 lits): UNSAT in 0.12s
    cube 1997.20 (depth 1, 20 lits): UNSAT in 0.05s
    cube 1997.21 (depth 1, 20 lits): UNSAT in 0.15s
    cube 1997.22 (depth 1, 20 lits): UNSAT in 0.13s
    cube 1997.23 (depth 1, 20 lits): UNSAT in 0.30s
    cube 1997.24 (depth 1, 20 lits): UNSAT in 0.05s
    cube 1997.25 (depth 1, 20 lits): UNSAT in 0.15s
    cube 1997.26 (depth 1, 20 lits): UNSAT in 0.10s
    cube 1997.27 (depth 1, 20 lits): UNSAT in 0.31s
    cube 1997.28 (depth 1, 20 lits): UNSAT in 0.17s
    cube 1997.29 (depth 1, 20 lits): UNSAT in 0.25s
    cube 1997.30 (depth 1, 20 lits): UNSAT in 0.28s
    cube 1997.31 (depth 1, 20 lits): UNSAT in 0.83s
    cube 1997.32 (depth 1, 20 lits): UNSAT in 0.04s
    cube 1997.33 (depth 1, 20 lits): UNSAT in 0.08s
    cube 1997.34 (depth 1, 20 lits): UNSAT in 0.09s
    cube 1997.35 (depth 1, 20 lits): UNSAT in 0.20s
    cube 1997.36 (depth 1, 20 lits): UNSAT in 0.06s
    cube 1997.37 (depth 1, 20 lits): UNSAT in 0.11s
    cube 1997.38 (depth 1, 20 lits): UNSAT in 0.21s
    cube 1997.39 (depth 1, 20 lits): UNSAT in 0.31s
    cube 1997.40 (depth 1, 20 lits): UNSAT in 0.11s
    cube 1997.41 (depth 1, 20 lits): UNSAT in 0.25s
    cube 1997.42 (depth 1, 20 lits): UNSAT in 0.20s
    cube 1997.43 (depth 1, 20 lits): UNSAT in 0.50s
    cube 1997.44 (depth 1, 20 lits): UNSAT in 0.14s
    cube 1997.45 (depth 1, 20 lits): UNSAT in 0.25s
    cube 1997.46 (depth 1, 20 lits): UNSAT in 0.39s
    cube 1997.47 (depth 1, 20 lits): UNSAT in 0.74s
    cube 1997.48 (depth 1, 20 lits): UNSAT in 0.07s
    cube 1997.49 (depth 1, 20 lits): UNSAT in 0.19s
    cube 1997.50 (depth 1, 20 lits): UNSAT in 0.17s
    cube 1997.51 (depth 1, 20 lits): UNSAT in 0.47s
    cube 1997.52 (depth 1, 20 lits): UNSAT in 0.29s
    cube 1997.53 (depth 1, 20 lits): UNSAT in 0.76s
    cube 1997.54 (depth 1, 20 lits): UNSAT in 0.53s
    cube 1997.55 (depth 1, 20 lits): UNSAT in 2.11s
    cube 1997.56 (depth 1, 20 lits): UNSAT in 0.16s
    cube 1997.57 (depth 1, 20 lits): UNSAT in 0.50s
    cube 1997.58 (depth 1, 20 lits): UNSAT in 0.36s
    cube 1997.59 (depth 1, 20 lits): UNSAT in 1.58s
    cube 1997.60 (depth 1, 20 lits): UNSAT in 0.52s
    cube 1997.61 (depth 1, 20 lits): UNSAT in 2.30s
    cube 1997.62 (depth 1, 20 lits): UNSAT in 0.89s
    cube 1997.63 (depth 1, 20 lits): UNSAT in 3.77s
    cube 1997.64 (depth 1, 20 lits): UNSAT in 0.10s
    cube 1997.65 (depth 1, 20 lits): UNSAT in 0.16s
    cube 1997.66 (depth 1, 20 lits): UNSAT in 0.03s
    cube 1997.67 (depth 1, 20 lits): UNSAT in 0.18s
    cube 1997.68 (depth 1, 20 lits): UNSAT in 0.05s
    cube 1997.69 (depth 1, 20 lits): UNSAT in 0.11s
    cube 1997.70 (depth 1, 20 lits): UNSAT in 0.12s
    cube 1997.71 (depth 1, 20 lits): UNSAT in 0.34s
    cube 1997.72 (depth 1, 20 lits): UNSAT in 0.01s
    cube 1997.73 (depth 1, 20 lits): UNSAT in 0.04s
    cube 1997.74 (depth 1, 20 lits): UNSAT in 0.06s
    cube 1997.75 (depth 1, 20 lits): UNSAT in 0.10s
    cube 1997.76 (depth 1, 20 lits): UNSAT in 0.03s
    cube 1997.77 (depth 1, 20 lits): UNSAT in 0.06s
    cube 1997.78 (depth 1, 20 lits): UNSAT in 0.33s
    cube 1997.79 (depth 1, 20 lits): UNSAT in 1.71s
    cube 1997.80 (depth 1, 20 lits): UNSAT in 0.02s
    cube 1997.81 (depth 1, 20 lits): UNSAT in 0.05s
    cube 1997.82 (depth 1, 20 lits): UNSAT in 0.03s
    cube 1997.83 (depth 1, 20 lits): UNSAT in 0.22s
    cube 1997.84 (depth 1, 20 lits): UNSAT in 0.03s
    cube 1997.85 (depth 1, 20 lits): UNSAT in 0.26s
    cube 1997.86 (depth 1, 20 lits): UNSAT in 0.52s
    cube 1997.87 (depth 1, 20 lits): UNSAT in 1.20s
    cube 1997.88 (depth 1, 20 lits): UNSAT in 0.03s
    cube 1997.89 (depth 1, 20 lits): UNSAT in 0.45s
    cube 1997.90 (depth 1, 20 lits): UNSAT in 0.45s
    cube 1997.91 (depth 1, 20 lits): UNSAT in 1.89s
    cube 1997.92 (depth 1, 20 lits): UNSAT in 0.44s
    cube 1997.93 (depth 1, 20 lits): UNSAT in 1.81s
    cube 1997.94 (depth 1, 20 lits): UNSAT in 2.32s
    cube 1997.95 (depth 1, 20 lits): UNSAT in 6.30s
    cube 1997.96 (depth 1, 20 lits): UNSAT in 0.12s
    cube 1997.97 (depth 1, 20 lits): UNSAT in 0.22s
    cube 1997.98 (depth 1, 20 lits): UNSAT in 0.10s
    cube 1997.99 (depth 1, 20 lits): UNSAT in 0.82s
    cube 1997.100 (depth 1, 20 lits): UNSAT in 0.15s
    cube 1997.101 (depth 1, 20 lits): UNSAT in 0.43s
    cube 1997.102 (depth 1, 20 lits): UNSAT in 0.41s
    cube 1997.103 (depth 1, 20 lits): UNSAT in 2.69s
    cube 1997.104 (depth 1, 20 lits): UNSAT in 0.16s
    cube 1997.105 (depth 1, 20 lits): UNSAT in 0.31s
    cube 1997.106 (depth 1, 20 lits): UNSAT in 0.25s
    cube 1997.107 (depth 1, 20 lits): UNSAT in 0.72s
    cube 1997.108 (depth 1, 20 lits): UNSAT in 0.19s
    cube 1997.109 (depth 1, 20 lits): UNSAT in 1.82s
    cube 1997.110 (depth 1, 20 lits): UNSAT in 1.38s
    cube 1997.111 (depth 1, 20 lits): UNSAT in 6.18s
    cube 1997.112 (depth 1, 20 lits): UNSAT in 0.04s
    cube 1997.113 (depth 1, 20 lits): UNSAT in 0.08s
    cube 1997.114 (depth 1, 20 lits): UNSAT in 0.12s
    cube 1997.115 (depth 1, 20 lits): UNSAT in 1.24s
    cube 1997.116 (depth 1, 20 lits): UNSAT in 0.17s
    cube 1997.117 (depth 1, 20 lits): UNSAT in 1.45s
    cube 1997.118 (depth 1, 20 lits): UNSAT in 2.40s
    cube 1997.119 (depth 1, 20 lits): UNSAT in 8.25s
    cube 1997.120 (depth 1, 20 lits): UNSAT in 0.08s
    cube 1997.121 (depth 1, 20 lits): UNSAT in 0.89s
    cube 1997.122 (depth 1, 20 lits): UNSAT in 0.47s
    cube 1997.123 (depth 1, 20 lits): UNSAT in 4.84s
    cube 1997.124 (depth 1, 20 lits): UNSAT in 0.20s
    cube 1997.125 (depth 1, 20 lits): UNSAT in 1.66s
    cube 1997.126 (depth 1, 20 lits): UNSAT in 0.92s
    cube 1997.127 (depth 1, 20 lits): UNSAT in 34.62s
    cube 1997.128 (depth 1, 20 lits): UNSAT in 0.03s
    cube 1997.129 (depth 1, 20 lits): UNSAT in 0.04s
    cube 1997.130 (depth 1, 20 lits): UNSAT in 0.03s
    cube 1997.131 (depth 1, 20 lits): UNSAT in 0.19s
    cube 1997.132 (depth 1, 20 lits): UNSAT in 0.04s
    cube 1997.133 (depth 1, 20 lits): UNSAT in 0.13s
    cube 1997.134 (depth 1, 20 lits): UNSAT in 0.21s
    cube 1997.135 (depth 1, 20 lits): UNSAT in 0.56s
    cube 1997.136 (depth 1, 20 lits): UNSAT in 0.01s
    cube 1997.137 (depth 1, 20 lits): UNSAT in 0.02s
    cube 1997.138 (depth 1, 20 lits): UNSAT in 0.02s
    cube 1997.139 (depth 1, 20 lits): UNSAT in 0.09s
    cube 1997.140 (depth 1, 20 lits): UNSAT in 0.05s
    cube 1997.141 (depth 1, 20 lits): UNSAT in 0.05s
    cube 1997.142 (depth 1, 20 lits): UNSAT in 0.24s
    cube 1997.143 (depth 1, 20 lits): UNSAT in 3.07s
    cube 1997.144 (depth 1, 20 lits): UNSAT in 0.17s
    cube 1997.145 (depth 1, 20 lits): UNSAT in 0.33s
    cube 1997.146 (depth 1, 20 lits): UNSAT in 0.23s
    cube 1997.147 (depth 1, 20 lits): UNSAT in 0.61s
    cube 1997.148 (depth 1, 20 lits): UNSAT in 0.25s
    cube 1997.149 (depth 1, 20 lits): UNSAT in 0.34s
    cube 1997.150 (depth 1, 20 lits): UNSAT in 0.32s
    cube 1997.151 (depth 1, 20 lits): UNSAT in 0.69s
    cube 1997.152 (depth 1, 20 lits): UNSAT in 0.03s
    cube 1997.153 (depth 1, 20 lits): UNSAT in 0.36s
    cube 1997.154 (depth 1, 20 lits): UNSAT in 0.26s
    cube 1997.155 (depth 1, 20 lits): UNSAT in 1.52s
    cube 1997.156 (depth 1, 20 lits): UNSAT in 0.44s
    cube 1997.157 (depth 1, 20 lits): UNSAT in 1.31s
    cube 1997.158 (depth 1, 20 lits): UNSAT in 0.73s
    cube 1997.159 (depth 1, 20 lits): UNSAT in 2.74s
    cube 1997.160 (depth 1, 20 lits): UNSAT in 0.07s
    cube 1997.161 (depth 1, 20 lits): UNSAT in 0.08s
    cube 1997.162 (depth 1, 20 lits): UNSAT in 0.24s
    cube 1997.163 (depth 1, 20 lits): UNSAT in 0.65s
    cube 1997.164 (depth 1, 20 lits): UNSAT in 0.33s
    cube 1997.165 (depth 1, 20 lits): UNSAT in 0.99s
    cube 1997.166 (depth 1, 20 lits): UNSAT in 1.61s
    cube 1997.167 (depth 1, 20 lits): UNSAT in 3.76s
    cube 1997.168 (depth 1, 20 lits): UNSAT in 0.40s
    cube 1997.169 (depth 1, 20 lits): UNSAT in 0.54s
    cube 1997.170 (depth 1, 20 lits): UNSAT in 1.05s
    cube 1997.171 (depth 1, 20 lits): UNSAT in 2.74s
    cube 1997.172 (depth 1, 20 lits): UNSAT in 0.64s
    cube 1997.173 (depth 1, 20 lits): UNSAT in 2.14s
    cube 1997.174 (depth 1, 20 lits): UNSAT in 0.99s
    cube 1997.175 (depth 1, 20 lits): UNSAT in 9.34s
    cube 1997.176 (depth 1, 20 lits): UNSAT in 0.38s
    cube 1997.177 (depth 1, 20 lits): UNSAT in 0.75s
    cube 1997.178 (depth 1, 20 lits): UNSAT in 0.66s
    cube 1997.179 (depth 1, 20 lits): UNSAT in 0.80s
    cube 1997.180 (depth 1, 20 lits): UNSAT in 0.99s
    cube 1997.181 (depth 1, 20 lits): UNSAT in 2.27s
    cube 1997.182 (depth 1, 20 lits): UNSAT in 1.57s
    cube 1997.183 (depth 1, 20 lits): UNSAT in 3.17s
    cube 1997.184 (depth 1, 20 lits): UNSAT in 1.25s
    cube 1997.185 (depth 1, 20 lits): UNSAT in 2.24s
    cube 1997.186 (depth 1, 20 lits): UNSAT in 2.01s
    cube 1997.187 (depth 1, 20 lits): UNSAT in 4.21s
    cube 1997.188 (depth 1, 20 lits): UNSAT in 3.69s
    cube 1997.189 (depth 1, 20 lits): UNSAT in 9.94s
    cube 1997.190 (depth 1, 20 lits): UNSAT in 4.61s
    cube 1997.191 (depth 1, 20 lits): UNSAT in 4.96s
    cube 1997.192 (depth 1, 20 lits): UNSAT in 0.01s
    cube 1997.193 (depth 1, 20 lits): UNSAT in 0.03s
    cube 1997.194 (depth 1, 20 lits): UNSAT in 0.03s
    cube 1997.195 (depth 1, 20 lits): UNSAT in 0.12s
    cube 1997.196 (depth 1, 20 lits): UNSAT in 0.05s
    cube 1997.197 (depth 1, 20 lits): UNSAT in 0.08s
    cube 1997.198 (depth 1, 20 lits): UNSAT in 0.15s
    cube 1997.199 (depth 1, 20 lits): UNSAT in 0.70s
    cube 1997.200 (depth 1, 20 lits): UNSAT in 0.02s
    cube 1997.201 (depth 1, 20 lits): UNSAT in 0.12s
    cube 1997.202 (depth 1, 20 lits): UNSAT in 0.19s
    cube 1997.203 (depth 1, 20 lits): UNSAT in 0.67s
    cube 1997.204 (depth 1, 20 lits): UNSAT in 0.25s
    cube 1997.205 (depth 1, 20 lits): UNSAT in 0.78s
    cube 1997.206 (depth 1, 20 lits): UNSAT in 0.27s
    cube 1997.207 (depth 1, 20 lits): UNSAT in 5.75s
    cube 1997.208 (depth 1, 20 lits): UNSAT in 0.03s
    cube 1997.209 (depth 1, 20 lits): UNSAT in 0.17s
    cube 1997.210 (depth 1, 20 lits): UNSAT in 0.11s
    cube 1997.211 (depth 1, 20 lits): UNSAT in 0.17s
    cube 1997.212 (depth 1, 20 lits): UNSAT in 0.23s
    cube 1997.213 (depth 1, 20 lits): UNSAT in 0.21s
    cube 1997.214 (depth 1, 20 lits): UNSAT in 1.59s
    cube 1997.215 (depth 1, 20 lits): UNSAT in 5.90s
    cube 1997.216 (depth 1, 20 lits): UNSAT in 0.63s
    cube 1997.217 (depth 1, 20 lits): UNSAT in 1.52s
    cube 1997.218 (depth 1, 20 lits): UNSAT in 1.47s
    cube 1997.219 (depth 1, 20 lits): UNSAT in 4.48s
    cube 1997.220 (depth 1, 20 lits): UNSAT in 0.54s
    cube 1997.221 (depth 1, 20 lits): UNSAT in 2.03s
    cube 1997.222 (depth 1, 20 lits): UNSAT in 7.57s
    cube 1997.223 (depth 1, 20 lits): UNSAT in 20.09s
    cube 1997.224 (depth 1, 20 lits): UNSAT in 0.02s
    cube 1997.225 (depth 1, 20 lits): UNSAT in 0.06s
    cube 1997.226 (depth 1, 20 lits): UNSAT in 0.04s
    cube 1997.227 (depth 1, 20 lits): UNSAT in 0.13s
    cube 1997.228 (depth 1, 20 lits): UNSAT in 0.06s
    cube 1997.229 (depth 1, 20 lits): UNSAT in 0.21s
    cube 1997.230 (depth 1, 20 lits): UNSAT in 0.08s
    cube 1997.231 (depth 1, 20 lits): UNSAT in 0.71s
    cube 1997.232 (depth 1, 20 lits): UNSAT in 0.08s
    cube 1997.233 (depth 1, 20 lits): UNSAT in 0.68s
    cube 1997.234 (depth 1, 20 lits): UNSAT in 0.73s
    cube 1997.235 (depth 1, 20 lits): UNSAT in 1.02s
    cube 1997.236 (depth 1, 20 lits): UNSAT in 1.21s
    cube 1997.237 (depth 1, 20 lits): UNSAT in 6.24s
    cube 1997.238 (depth 1, 20 lits): UNSAT in 10.38s
    cube 1997.239 (depth 1, 20 lits): UNSAT in 45.61s
    cube 1997.240 (depth 1, 20 lits): UNSAT in 0.04s
    cube 1997.241 (depth 1, 20 lits): UNSAT in 0.35s
    cube 1997.242 (depth 1, 20 lits): UNSAT in 0.13s
    cube 1997.243 (depth 1, 20 lits): UNSAT in 2.23s
    cube 1997.244 (depth 1, 20 lits): UNSAT in 0.94s
    cube 1997.245 (depth 1, 20 lits): UNSAT in 0.94s
    cube 1997.246 (depth 1, 20 lits): UNSAT in 0.85s
    cube 1997.247 (depth 1, 20 lits): UNSAT in 15.23s
    cube 1997.248 (depth 1, 20 lits): UNSAT in 0.84s
    cube 1997.249 (depth 1, 20 lits): UNSAT in 1.28s
    cube 1997.250 (depth 1, 20 lits): UNSAT in 9.65s
    cube 1997.251 (depth 1, 20 lits): UNSAT in 55.12s
    cube 1997.252 (depth 1, 20 lits): UNSAT in 1.55s
    cube 1997.253 (depth 1, 20 lits): UNSAT in 7.37s
    cube 1997.254 (depth 1, 20 lits): UNSAT in 41.92s
    cube 1997.255 (depth 1, 20 lits): UNSAT in 492.93s

  shard 22 verdict: UNSAT (1 UNSAT, 0 unresolved) in 2159.7s
