  shard 16/24 (explicit): 1 of 4095 cubes, per-cube cap 1200.0s, re-split depth 7
    cube 2908 (depth 0, 12 lits): TIMEOUT in 1200.10s
    cube 2908 TIMEOUT -> re-split into 253 sub-cubes (depth 1)
    cube 2908.0 (depth 1, 19 lits): UNSAT in 0.01s
    cube 2908.1 (depth 1, 19 lits): UNSAT in 0.01s
    cube 2908.2 (depth 1, 20 lits): UNSAT in 0.01s
    cube 2908.3 (depth 1, 20 lits): UNSAT in 0.02s
    cube 2908.4 (depth 1, 20 lits): UNSAT in 0.02s
    cube 2908.5 (depth 1, 20 lits): UNSAT in 0.02s
    cube 2908.6 (depth 1, 20 lits): UNSAT in 0.01s
    cube 2908.7 (depth 1, 20 lits): UNSAT in 0.02s
    cube 2908.8 (depth 1, 20 lits): UNSAT in 0.01s
    cube 2908.9 (depth 1, 20 lits): UNSAT in 0.02s
    cube 2908.10 (depth 1, 20 lits): UNSAT in 0.02s
    cube 2908.11 (depth 1, 20 lits): UNSAT in 0.03s
    cube 2908.12 (depth 1, 20 lits): UNSAT in 0.03s
    cube 2908.13 (depth 1, 20 lits): UNSAT in 0.03s
    cube 2908.14 (depth 1, 20 lits): UNSAT in 0.01s
    cube 2908.15 (depth 1, 20 lits): UNSAT in 0.02s
    cube 2908.16 (depth 1, 20 lits): UNSAT in 0.01s
    cube 2908.17 (depth 1, 20 lits): UNSAT in 0.02s
    cube 2908.18 (depth 1, 20 lits): UNSAT in 0.02s
    cube 2908.19 (depth 1, 20 lits): UNSAT in 0.06s
    cube 2908.20 (depth 1, 20 lits): UNSAT in 0.04s
    cube 2908.21 (depth 1, 20 lits): UNSAT in 0.02s
    cube 2908.22 (depth 1, 20 lits): UNSAT in 0.01s
    cube 2908.23 (depth 1, 20 lits): UNSAT in 0.02s
    cube 2908.24 (depth 1, 20 lits): UNSAT in 0.02s
    cube 2908.25 (depth 1, 20 lits): UNSAT in 0.03s
    cube 2908.26 (depth 1, 20 lits): UNSAT in 0.16s
    cube 2908.27 (depth 1, 20 lits): UNSAT in 0.18s
    cube 2908.28 (depth 1, 20 lits): UNSAT in 0.13s
    cube 2908.29 (depth 1, 20 lits): UNSAT in 0.44s
    cube 2908.30 (depth 1, 19 lits): UNSAT in 0.02s
    cube 2908.31 (depth 1, 20 lits): UNSAT in 0.01s
    cube 2908.32 (depth 1, 20 lits): UNSAT in 0.03s
    cube 2908.33 (depth 1, 20 lits): UNSAT in 0.03s
    cube 2908.34 (depth 1, 20 lits): UNSAT in 0.03s
    cube 2908.35 (depth 1, 20 lits): UNSAT in 0.02s
    cube 2908.36 (depth 1, 20 lits): UNSAT in 0.02s
    cube 2908.37 (depth 1, 20 lits): UNSAT in 0.01s
    cube 2908.38 (depth 1, 20 lits): UNSAT in 0.02s
    cube 2908.39 (depth 1, 20 lits): UNSAT in 0.04s
    cube 2908.40 (depth 1, 20 lits): UNSAT in 0.08s
    cube 2908.41 (depth 1, 20 lits): UNSAT in 0.02s
    cube 2908.42 (depth 1, 20 lits): UNSAT in 0.02s
    cube 2908.43 (depth 1, 20 lits): UNSAT in 0.03s
    cube 2908.44 (depth 1, 20 lits): UNSAT in 0.43s
    cube 2908.45 (depth 1, 20 lits): UNSAT in 0.03s
    cube 2908.46 (depth 1, 20 lits): UNSAT in 0.03s
    cube 2908.47 (depth 1, 20 lits): UNSAT in 0.03s
    cube 2908.48 (depth 1, 20 lits): UNSAT in 0.06s
    cube 2908.49 (depth 1, 20 lits): UNSAT in 0.02s
    cube 2908.50 (depth 1, 20 lits): UNSAT in 0.04s
    cube 2908.51 (depth 1, 20 lits): UNSAT in 0.15s
    cube 2908.52 (depth 1, 20 lits): UNSAT in 0.42s
    cube 2908.53 (depth 1, 20 lits): UNSAT in 0.02s
    cube 2908.54 (depth 1, 20 lits): UNSAT in 0.03s
    cube 2908.55 (depth 1, 20 lits): UNSAT in 0.03s
    cube 2908.56 (depth 1, 20 lits): UNSAT in 0.07s
    cube 2908.57 (depth 1, 20 lits): UNSAT in 0.12s
    cube 2908.58 (depth 1, 20 lits): UNSAT in 0.23s
    cube 2908.59 (depth 1, 20 lits): UNSAT in 0.08s
    cube 2908.60 (depth 1, 20 lits): UNSAT in 0.30s
    cube 2908.61 (depth 1, 20 lits): UNSAT in 0.01s
    cube 2908.62 (depth 1, 20 lits): UNSAT in 0.02s
    cube 2908.63 (depth 1, 20 lits): UNSAT in 0.02s
    cube 2908.64 (depth 1, 20 lits): UNSAT in 0.05s
    cube 2908.65 (depth 1, 20 lits): UNSAT in 0.03s
    cube 2908.66 (depth 1, 20 lits): UNSAT in 0.04s
    cube 2908.67 (depth 1, 20 lits): UNSAT in 0.02s
    cube 2908.68 (depth 1, 20 lits): UNSAT in 0.10s
    cube 2908.69 (depth 1, 20 lits): UNSAT in 0.02s
    cube 2908.70 (depth 1, 20 lits): UNSAT in 0.10s
    cube 2908.71 (depth 1, 20 lits): UNSAT in 0.07s
    cube 2908.72 (depth 1, 20 lits): UNSAT in 0.08s
    cube 2908.73 (depth 1, 20 lits): UNSAT in 0.07s
    cube 2908.74 (depth 1, 20 lits): UNSAT in 0.12s
    cube 2908.75 (depth 1, 20 lits): UNSAT in 0.09s
    cube 2908.76 (depth 1, 20 lits): UNSAT in 0.64s
    cube 2908.77 (depth 1, 20 lits): UNSAT in 0.04s
    cube 2908.78 (depth 1, 20 lits): UNSAT in 0.05s
    cube 2908.79 (depth 1, 20 lits): UNSAT in 0.02s
    cube 2908.80 (depth 1, 20 lits): UNSAT in 0.06s
    cube 2908.81 (depth 1, 20 lits): UNSAT in 0.03s
    cube 2908.82 (depth 1, 20 lits): UNSAT in 0.03s
    cube 2908.83 (depth 1, 20 lits): UNSAT in 0.04s
    cube 2908.84 (depth 1, 20 lits): UNSAT in 0.43s
    cube 2908.85 (depth 1, 20 lits): UNSAT in 0.02s
    cube 2908.86 (depth 1, 20 lits): UNSAT in 0.04s
    cube 2908.87 (depth 1, 20 lits): UNSAT in 0.08s
    cube 2908.88 (depth 1, 20 lits): UNSAT in 0.19s
    cube 2908.89 (depth 1, 20 lits): UNSAT in 0.12s
    cube 2908.90 (depth 1, 20 lits): UNSAT in 0.89s
    cube 2908.91 (depth 1, 20 lits): UNSAT in 1.10s
    cube 2908.92 (depth 1, 20 lits): UNSAT in 4.69s
    cube 2908.93 (depth 1, 20 lits): UNSAT in 0.02s
    cube 2908.94 (depth 1, 20 lits): UNSAT in 0.03s
    cube 2908.95 (depth 1, 20 lits): UNSAT in 0.02s
    cube 2908.96 (depth 1, 20 lits): UNSAT in 0.05s
    cube 2908.97 (depth 1, 20 lits): UNSAT in 0.02s
    cube 2908.98 (depth 1, 20 lits): UNSAT in 0.03s
    cube 2908.99 (depth 1, 20 lits): UNSAT in 0.06s
    cube 2908.100 (depth 1, 20 lits): UNSAT in 0.15s
    cube 2908.101 (depth 1, 20 lits): UNSAT in 0.02s
    cube 2908.102 (depth 1, 20 lits): UNSAT in 0.02s
    cube 2908.103 (depth 1, 20 lits): UNSAT in 0.03s
    cube 2908.104 (depth 1, 20 lits): UNSAT in 0.03s
    cube 2908.105 (depth 1, 20 lits): UNSAT in 0.05s
    cube 2908.106 (depth 1, 20 lits): UNSAT in 0.15s
    cube 2908.107 (depth 1, 20 lits): UNSAT in 0.58s
    cube 2908.108 (depth 1, 20 lits): UNSAT in 1.57s
    cube 2908.109 (depth 1, 20 lits): UNSAT in 0.02s
    cube 2908.110 (depth 1, 20 lits): UNSAT in 0.03s
    cube 2908.111 (depth 1, 20 lits): UNSAT in 0.06s
    cube 2908.112 (depth 1, 20 lits): UNSAT in 0.28s
    cube 2908.113 (depth 1, 20 lits): UNSAT in 0.05s
    cube 2908.114 (depth 1, 20 lits): UNSAT in 0.22s
    cube 2908.115 (depth 1, 20 lits): UNSAT in 1.04s
    cube 2908.116 (depth 1, 20 lits): UNSAT in 2.65s
    cube 2908.117 (depth 1, 20 lits): UNSAT in 0.17s
    cube 2908.118 (depth 1, 20 lits): UNSAT in 0.50s
    cube 2908.119 (depth 1, 20 lits): UNSAT in 0.12s
    cube 2908.120 (depth 1, 20 lits): UNSAT in 3.54s
    cube 2908.121 (depth 1, 20 lits): UNSAT in 0.77s
    cube 2908.122 (depth 1, 20 lits): UNSAT in 3.25s
    cube 2908.123 (depth 1, 20 lits): UNSAT in 4.70s
    cube 2908.124 (depth 1, 20 lits): UNSAT in 18.64s
    cube 2908.125 (depth 1, 20 lits): UNSAT in 0.02s
    cube 2908.126 (depth 1, 20 lits): UNSAT in 0.01s
    cube 2908.127 (depth 1, 20 lits): UNSAT in 0.02s
    cube 2908.128 (depth 1, 20 lits): UNSAT in 0.01s
    cube 2908.129 (depth 1, 20 lits): UNSAT in 0.02s
    cube 2908.130 (depth 1, 20 lits): UNSAT in 0.04s
    cube 2908.131 (depth 1, 20 lits): UNSAT in 0.02s
    cube 2908.132 (depth 1, 20 lits): UNSAT in 0.08s
    cube 2908.133 (depth 1, 20 lits): UNSAT in 0.02s
    cube 2908.134 (depth 1, 20 lits): UNSAT in 0.06s
    cube 2908.135 (depth 1, 20 lits): UNSAT in 0.03s
    cube 2908.136 (depth 1, 20 lits): UNSAT in 0.07s
    cube 2908.137 (depth 1, 20 lits): UNSAT in 0.03s
    cube 2908.138 (depth 1, 20 lits): UNSAT in 0.09s
    cube 2908.139 (depth 1, 20 lits): UNSAT in 0.11s
    cube 2908.140 (depth 1, 20 lits): UNSAT in 0.28s
    cube 2908.141 (depth 1, 20 lits): UNSAT in 0.01s
    cube 2908.142 (depth 1, 20 lits): UNSAT in 0.03s
    cube 2908.143 (depth 1, 20 lits): UNSAT in 0.03s
    cube 2908.144 (depth 1, 20 lits): UNSAT in 0.08s
    cube 2908.145 (depth 1, 20 lits): UNSAT in 0.03s
    cube 2908.146 (depth 1, 20 lits): UNSAT in 0.05s
    cube 2908.147 (depth 1, 20 lits): UNSAT in 0.05s
    cube 2908.148 (depth 1, 20 lits): UNSAT in 0.12s
    cube 2908.149 (depth 1, 20 lits): UNSAT in 0.06s
    cube 2908.150 (depth 1, 20 lits): UNSAT in 0.18s
    cube 2908.151 (depth 1, 20 lits): UNSAT in 0.12s
    cube 2908.152 (depth 1, 20 lits): UNSAT in 0.10s
    cube 2908.153 (depth 1, 20 lits): UNSAT in 0.14s
    cube 2908.154 (depth 1, 20 lits): UNSAT in 0.12s
    cube 2908.155 (depth 1, 20 lits): UNSAT in 0.71s
    cube 2908.156 (depth 1, 20 lits): UNSAT in 1.80s
    cube 2908.157 (depth 1, 20 lits): UNSAT in 0.03s
    cube 2908.158 (depth 1, 20 lits): UNSAT in 0.11s
    cube 2908.159 (depth 1, 20 lits): UNSAT in 0.03s
    cube 2908.160 (depth 1, 20 lits): UNSAT in 0.21s
    cube 2908.161 (depth 1, 20 lits): UNSAT in 0.04s
    cube 2908.162 (depth 1, 20 lits): UNSAT in 0.21s
    cube 2908.163 (depth 1, 20 lits): UNSAT in 0.06s
    cube 2908.164 (depth 1, 20 lits): UNSAT in 0.62s
    cube 2908.165 (depth 1, 20 lits): UNSAT in 0.07s
    cube 2908.166 (depth 1, 20 lits): UNSAT in 0.10s
    cube 2908.167 (depth 1, 20 lits): UNSAT in 0.23s
    cube 2908.168 (depth 1, 20 lits): UNSAT in 0.55s
    cube 2908.169 (depth 1, 20 lits): UNSAT in 0.09s
    cube 2908.170 (depth 1, 20 lits): UNSAT in 0.25s
    cube 2908.171 (depth 1, 20 lits): UNSAT in 0.95s
    cube 2908.172 (depth 1, 20 lits): UNSAT in 7.20s
    cube 2908.173 (depth 1, 20 lits): UNSAT in 0.02s
    cube 2908.174 (depth 1, 20 lits): UNSAT in 0.07s
    cube 2908.175 (depth 1, 20 lits): UNSAT in 0.13s
    cube 2908.176 (depth 1, 20 lits): UNSAT in 0.23s
    cube 2908.177 (depth 1, 20 lits): UNSAT in 0.08s
    cube 2908.178 (depth 1, 20 lits): UNSAT in 0.21s
    cube 2908.179 (depth 1, 20 lits): UNSAT in 0.21s
    cube 2908.180 (depth 1, 20 lits): UNSAT in 0.97s
    cube 2908.181 (depth 1, 20 lits): UNSAT in 0.47s
    cube 2908.182 (depth 1, 20 lits): UNSAT in 1.32s
    cube 2908.183 (depth 1, 20 lits): UNSAT in 0.31s
    cube 2908.184 (depth 1, 20 lits): UNSAT in 1.98s
    cube 2908.185 (depth 1, 20 lits): UNSAT in 0.44s
    cube 2908.186 (depth 1, 20 lits): UNSAT in 3.33s
    cube 2908.187 (depth 1, 20 lits): UNSAT in 6.44s
    cube 2908.188 (depth 1, 20 lits): UNSAT in 60.01s
    cube 2908.189 (depth 1, 20 lits): UNSAT in 0.04s
    cube 2908.190 (depth 1, 20 lits): UNSAT in 0.08s
    cube 2908.191 (depth 1, 20 lits): UNSAT in 0.10s
    cube 2908.192 (depth 1, 20 lits): UNSAT in 0.20s
    cube 2908.193 (depth 1, 20 lits): UNSAT in 0.04s
    cube 2908.194 (depth 1, 20 lits): UNSAT in 0.10s
    cube 2908.195 (depth 1, 20 lits): UNSAT in 0.34s
    cube 2908.196 (depth 1, 20 lits): UNSAT in 0.53s
    cube 2908.197 (depth 1, 20 lits): UNSAT in 0.03s
    cube 2908.198 (depth 1, 20 lits): UNSAT in 0.05s
    cube 2908.199 (depth 1, 20 lits): UNSAT in 0.04s
    cube 2908.200 (depth 1, 20 lits): UNSAT in 0.59s
    cube 2908.201 (depth 1, 20 lits): UNSAT in 0.07s
    cube 2908.202 (depth 1, 20 lits): UNSAT in 0.29s
    cube 2908.203 (depth 1, 20 lits): UNSAT in 0.44s
    cube 2908.204 (depth 1, 20 lits): UNSAT in 2.57s
    cube 2908.205 (depth 1, 20 lits): UNSAT in 0.06s
    cube 2908.206 (depth 1, 20 lits): UNSAT in 0.12s
    cube 2908.207 (depth 1, 20 lits): UNSAT in 0.17s
    cube 2908.208 (depth 1, 20 lits): UNSAT in 1.65s
    cube 2908.209 (depth 1, 20 lits): UNSAT in 0.29s
    cube 2908.210 (depth 1, 20 lits): UNSAT in 0.35s
    cube 2908.211 (depth 1, 20 lits): UNSAT in 0.92s
    cube 2908.212 (depth 1, 20 lits): UNSAT in 9.32s
    cube 2908.213 (depth 1, 20 lits): UNSAT in 0.33s
    cube 2908.214 (depth 1, 20 lits): UNSAT in 0.66s
    cube 2908.215 (depth 1, 20 lits): UNSAT in 0.44s
    cube 2908.216 (depth 1, 20 lits): UNSAT in 7.84s
    cube 2908.217 (depth 1, 20 lits): UNSAT in 6.85s
    cube 2908.218 (depth 1, 20 lits): UNSAT in 14.44s
    cube 2908.219 (depth 1, 20 lits): UNSAT in 33.05s
    cube 2908.220 (depth 1, 20 lits): UNSAT in 326.24s
    cube 2908.221 (depth 1, 20 lits): UNSAT in 0.16s
    cube 2908.222 (depth 1, 20 lits): UNSAT in 0.14s
    cube 2908.223 (depth 1, 20 lits): UNSAT in 0.33s
    cube 2908.224 (depth 1, 20 lits): UNSAT in 2.65s
    cube 2908.225 (depth 1, 20 lits): UNSAT in 0.44s
    cube 2908.226 (depth 1, 20 lits): UNSAT in 1.43s
    cube 2908.227 (depth 1, 20 lits): UNSAT in 1.42s
    cube 2908.228 (depth 1, 20 lits): UNSAT in 2.97s
    cube 2908.229 (depth 1, 20 lits): UNSAT in 1.01s
    cube 2908.230 (depth 1, 20 lits): UNSAT in 3.89s
    cube 2908.231 (depth 1, 20 lits): UNSAT in 2.01s
    cube 2908.232 (depth 1, 20 lits): UNSAT in 20.57s
    cube 2908.233 (depth 1, 20 lits): UNSAT in 0.96s
    cube 2908.234 (depth 1, 20 lits): UNSAT in 6.45s
    cube 2908.235 (depth 1, 20 lits): UNSAT in 11.23s
    cube 2908.236 (depth 1, 20 lits): UNSAT in 537.47s
    cube 2908.237 (depth 1, 20 lits): UNSAT in 0.12s
    cube 2908.238 (depth 1, 20 lits): UNSAT in 1.62s
    cube 2908.239 (depth 1, 20 lits): UNSAT in 1.48s
    cube 2908.240 (depth 1, 20 lits): UNSAT in 9.57s
    cube 2908.241 (depth 1, 20 lits): UNSAT in 4.76s
    cube 2908.242 (depth 1, 20 lits): UNSAT in 18.11s
    cube 2908.243 (depth 1, 20 lits): UNSAT in 9.45s
    cube 2908.244 (depth 1, 20 lits): TIMEOUT in 1200.10s
    cube 2908.244 TIMEOUT -> re-split into 233 sub-cubes (depth 2)
    cube 2908.244.0 (depth 2, 27 lits): UNSAT in 0.02s
    cube 2908.244.1 (depth 2, 27 lits): UNSAT in 0.02s
    cube 2908.244.2 (depth 2, 27 lits): UNSAT in 0.01s
    cube 2908.244.3 (depth 2, 27 lits): UNSAT in 0.02s
    cube 2908.244.4 (depth 2, 26 lits): UNSAT in 0.02s
    cube 2908.244.5 (depth 2, 28 lits): UNSAT in 0.02s
    cube 2908.244.6 (depth 2, 28 lits): UNSAT in 0.03s
    cube 2908.244.7 (depth 2, 28 lits): UNSAT in 0.03s
    cube 2908.244.8 (depth 2, 28 lits): UNSAT in 0.03s
    cube 2908.244.9 (depth 2, 27 lits): UNSAT in 0.01s
    cube 2908.244.10 (depth 2, 27 lits): UNSAT in 0.02s
    cube 2908.244.11 (depth 2, 28 lits): UNSAT in 0.01s
    cube 2908.244.12 (depth 2, 28 lits): UNSAT in 0.01s
    cube 2908.244.13 (depth 2, 27 lits): UNSAT in 0.02s
    cube 2908.244.14 (depth 2, 28 lits): UNSAT in 0.02s
    cube 2908.244.15 (depth 2, 28 lits): UNSAT in 0.02s
    cube 2908.244.16 (depth 2, 28 lits): UNSAT in 0.02s
    cube 2908.244.17 (depth 2, 28 lits): UNSAT in 0.04s
    cube 2908.244.18 (depth 2, 28 lits): UNSAT in 0.03s
    cube 2908.244.19 (depth 2, 28 lits): UNSAT in 0.03s
    cube 2908.244.20 (depth 2, 28 lits): UNSAT in 0.05s
    cube 2908.244.21 (depth 2, 28 lits): UNSAT in 0.06s
    cube 2908.244.22 (depth 2, 26 lits): UNSAT in 0.01s
    cube 2908.244.23 (depth 2, 27 lits): UNSAT in 0.01s
    cube 2908.244.24 (depth 2, 27 lits): UNSAT in 0.02s
    cube 2908.244.25 (depth 2, 28 lits): UNSAT in 0.01s
    cube 2908.244.26 (depth 2, 28 lits): UNSAT in 0.01s
    cube 2908.244.27 (depth 2, 28 lits): UNSAT in 0.02s
    cube 2908.244.28 (depth 2, 28 lits): UNSAT in 0.02s
    cube 2908.244.29 (depth 2, 28 lits): UNSAT in 0.02s
    cube 2908.244.30 (depth 2, 28 lits): UNSAT in 0.02s
    cube 2908.244.31 (depth 2, 28 lits): UNSAT in 0.02s
    cube 2908.244.32 (depth 2, 28 lits): UNSAT in 0.01s
    cube 2908.244.33 (depth 2, 27 lits): UNSAT in 0.01s
    cube 2908.244.34 (depth 2, 28 lits): UNSAT in 0.01s
    cube 2908.244.35 (depth 2, 28 lits): UNSAT in 0.03s
    cube 2908.244.36 (depth 2, 28 lits): UNSAT in 0.02s
    cube 2908.244.37 (depth 2, 28 lits): UNSAT in 0.03s
    cube 2908.244.38 (depth 2, 28 lits): UNSAT in 0.06s
    cube 2908.244.39 (depth 2, 28 lits): UNSAT in 0.06s
    cube 2908.244.40 (depth 2, 28 lits): UNSAT in 0.01s
    cube 2908.244.41 (depth 2, 28 lits): UNSAT in 0.01s
    cube 2908.244.42 (depth 2, 28 lits): UNSAT in 0.01s
    cube 2908.244.43 (depth 2, 28 lits): UNSAT in 0.02s
    cube 2908.244.44 (depth 2, 28 lits): UNSAT in 0.02s
    cube 2908.244.45 (depth 2, 28 lits): UNSAT in 0.10s
    cube 2908.244.46 (depth 2, 28 lits): UNSAT in 0.05s
    cube 2908.244.47 (depth 2, 28 lits): UNSAT in 0.32s
    cube 2908.244.48 (depth 2, 27 lits): UNSAT in 0.01s
    cube 2908.244.49 (depth 2, 27 lits): UNSAT in 0.02s
    cube 2908.244.50 (depth 2, 27 lits): UNSAT in 0.01s
    cube 2908.244.51 (depth 2, 27 lits): UNSAT in 0.02s
    cube 2908.244.52 (depth 2, 28 lits): UNSAT in 0.02s
    cube 2908.244.53 (depth 2, 28 lits): UNSAT in 0.02s
    cube 2908.244.54 (depth 2, 28 lits): UNSAT in 0.02s
    cube 2908.244.55 (depth 2, 28 lits): UNSAT in 0.01s
    cube 2908.244.56 (depth 2, 28 lits): UNSAT in 0.02s
    cube 2908.244.57 (depth 2, 28 lits): UNSAT in 0.02s
    cube 2908.244.58 (depth 2, 28 lits): UNSAT in 0.02s
    cube 2908.244.59 (depth 2, 28 lits): UNSAT in 0.02s
    cube 2908.244.60 (depth 2, 27 lits): UNSAT in 0.02s
    cube 2908.244.61 (depth 2, 28 lits): UNSAT in 0.02s
    cube 2908.244.62 (depth 2, 28 lits): UNSAT in 0.03s
    cube 2908.244.63 (depth 2, 27 lits): UNSAT in 0.01s
    cube 2908.244.64 (depth 2, 28 lits): UNSAT in 0.03s
    cube 2908.244.65 (depth 2, 28 lits): UNSAT in 0.08s
    cube 2908.244.66 (depth 2, 28 lits): UNSAT in 0.02s
    cube 2908.244.67 (depth 2, 28 lits): UNSAT in 0.02s
    cube 2908.244.68 (depth 2, 28 lits): UNSAT in 0.03s
    cube 2908.244.69 (depth 2, 28 lits): UNSAT in 0.02s
    cube 2908.244.70 (depth 2, 28 lits): UNSAT in 0.03s
    cube 2908.244.71 (depth 2, 28 lits): UNSAT in 0.02s
    cube 2908.244.72 (depth 2, 28 lits): UNSAT in 0.06s
    cube 2908.244.73 (depth 2, 28 lits): UNSAT in 0.10s
    cube 2908.244.74 (depth 2, 28 lits): UNSAT in 0.02s
    cube 2908.244.75 (depth 2, 28 lits): UNSAT in 0.02s
    cube 2908.244.76 (depth 2, 28 lits): UNSAT in 0.02s
    cube 2908.244.77 (depth 2, 28 lits): UNSAT in 0.04s
    cube 2908.244.78 (depth 2, 28 lits): UNSAT in 0.02s
    cube 2908.244.79 (depth 2, 28 lits): UNSAT in 0.06s
    cube 2908.244.80 (depth 2, 28 lits): UNSAT in 0.10s
    cube 2908.244.81 (depth 2, 28 lits): UNSAT in 0.37s
    cube 2908.244.82 (depth 2, 28 lits): UNSAT in 0.02s
    cube 2908.244.83 (depth 2, 28 lits): UNSAT in 0.07s
    cube 2908.244.84 (depth 2, 28 lits): UNSAT in 0.11s
    cube 2908.244.85 (depth 2, 28 lits): UNSAT in 0.25s
    cube 2908.244.86 (depth 2, 28 lits): UNSAT in 0.02s
    cube 2908.244.87 (depth 2, 28 lits): UNSAT in 0.06s
    cube 2908.244.88 (depth 2, 28 lits): UNSAT in 0.08s
    cube 2908.244.89 (depth 2, 28 lits): UNSAT in 0.86s
    cube 2908.244.90 (depth 2, 28 lits): UNSAT in 0.02s
    cube 2908.244.91 (depth 2, 28 lits): UNSAT in 0.09s
    cube 2908.244.92 (depth 2, 28 lits): UNSAT in 0.05s
    cube 2908.244.93 (depth 2, 28 lits): UNSAT in 0.39s
    cube 2908.244.94 (depth 2, 28 lits): UNSAT in 0.03s
    cube 2908.244.95 (depth 2, 28 lits): UNSAT in 0.10s
    cube 2908.244.96 (depth 2, 28 lits): UNSAT in 0.14s
    cube 2908.244.97 (depth 2, 28 lits): UNSAT in 0.48s
    cube 2908.244.98 (depth 2, 28 lits): UNSAT in 0.04s
    cube 2908.244.99 (depth 2, 28 lits): UNSAT in 0.17s
    cube 2908.244.100 (depth 2, 28 lits): UNSAT in 0.28s
    cube 2908.244.101 (depth 2, 28 lits): UNSAT in 0.63s
    cube 2908.244.102 (depth 2, 28 lits): UNSAT in 0.28s
    cube 2908.244.103 (depth 2, 28 lits): UNSAT in 0.51s
    cube 2908.244.104 (depth 2, 28 lits): UNSAT in 0.48s
    cube 2908.244.105 (depth 2, 28 lits): UNSAT in 5.27s
    cube 2908.244.106 (depth 2, 27 lits): UNSAT in 0.01s
    cube 2908.244.107 (depth 2, 28 lits): UNSAT in 0.01s
    cube 2908.244.108 (depth 2, 28 lits): UNSAT in 0.01s
    cube 2908.244.109 (depth 2, 28 lits): UNSAT in 0.01s
    cube 2908.244.110 (depth 2, 28 lits): UNSAT in 0.03s
    cube 2908.244.111 (depth 2, 28 lits): UNSAT in 0.02s
    cube 2908.244.112 (depth 2, 28 lits): UNSAT in 0.03s
    cube 2908.244.113 (depth 2, 28 lits): UNSAT in 0.01s
    cube 2908.244.114 (depth 2, 28 lits): UNSAT in 0.01s
    cube 2908.244.115 (depth 2, 28 lits): UNSAT in 0.02s
    cube 2908.244.116 (depth 2, 28 lits): UNSAT in 0.03s
    cube 2908.244.117 (depth 2, 28 lits): UNSAT in 0.03s
    cube 2908.244.118 (depth 2, 28 lits): UNSAT in 0.05s
    cube 2908.244.119 (depth 2, 28 lits): UNSAT in 0.06s
    cube 2908.244.120 (depth 2, 28 lits): UNSAT in 0.09s
    cube 2908.244.121 (depth 2, 28 lits): UNSAT in 0.02s
    cube 2908.244.122 (depth 2, 28 lits): UNSAT in 0.04s
    cube 2908.244.123 (depth 2, 28 lits): UNSAT in 0.04s
    cube 2908.244.124 (depth 2, 28 lits): UNSAT in 0.05s
    cube 2908.244.125 (depth 2, 28 lits): UNSAT in 0.03s
    cube 2908.244.126 (depth 2, 28 lits): UNSAT in 0.16s
    cube 2908.244.127 (depth 2, 28 lits): UNSAT in 0.10s
    cube 2908.244.128 (depth 2, 28 lits): UNSAT in 0.17s
    cube 2908.244.129 (depth 2, 28 lits): UNSAT in 0.02s
    cube 2908.244.130 (depth 2, 28 lits): UNSAT in 0.02s
    cube 2908.244.131 (depth 2, 28 lits): UNSAT in 0.03s
    cube 2908.244.132 (depth 2, 28 lits): UNSAT in 0.12s
    cube 2908.244.133 (depth 2, 28 lits): UNSAT in 0.05s
    cube 2908.244.134 (depth 2, 28 lits): UNSAT in 0.10s
    cube 2908.244.135 (depth 2, 28 lits): UNSAT in 0.13s
    cube 2908.244.136 (depth 2, 28 lits): UNSAT in 0.59s
    cube 2908.244.137 (depth 2, 28 lits): UNSAT in 0.02s
    cube 2908.244.138 (depth 2, 28 lits): UNSAT in 0.02s
    cube 2908.244.139 (depth 2, 28 lits): UNSAT in 0.02s
    cube 2908.244.140 (depth 2, 28 lits): UNSAT in 0.02s
    cube 2908.244.141 (depth 2, 28 lits): UNSAT in 0.01s
    cube 2908.244.142 (depth 2, 28 lits): UNSAT in 0.02s
    cube 2908.244.143 (depth 2, 28 lits): UNSAT in 0.04s
    cube 2908.244.144 (depth 2, 28 lits): UNSAT in 0.07s
    cube 2908.244.145 (depth 2, 28 lits): UNSAT in 0.02s
    cube 2908.244.146 (depth 2, 28 lits): UNSAT in 0.02s
    cube 2908.244.147 (depth 2, 28 lits): UNSAT in 0.08s
    cube 2908.244.148 (depth 2, 28 lits): UNSAT in 0.07s
    cube 2908.244.149 (depth 2, 28 lits): UNSAT in 0.02s
    cube 2908.244.150 (depth 2, 28 lits): UNSAT in 0.05s
    cube 2908.244.151 (depth 2, 28 lits): UNSAT in 0.06s
    cube 2908.244.152 (depth 2, 28 lits): UNSAT in 0.08s
    cube 2908.244.153 (depth 2, 28 lits): UNSAT in 0.04s
    cube 2908.244.154 (depth 2, 28 lits): UNSAT in 0.09s
    cube 2908.244.155 (depth 2, 28 lits): UNSAT in 0.03s
    cube 2908.244.156 (depth 2, 28 lits): UNSAT in 0.13s
    cube 2908.244.157 (depth 2, 28 lits): UNSAT in 0.04s
    cube 2908.244.158 (depth 2, 28 lits): UNSAT in 0.19s
    cube 2908.244.159 (depth 2, 28 lits): UNSAT in 0.17s
    cube 2908.244.160 (depth 2, 28 lits): UNSAT in 0.29s
    cube 2908.244.161 (depth 2, 28 lits): UNSAT in 0.03s
    cube 2908.244.162 (depth 2, 28 lits): UNSAT in 0.45s
    cube 2908.244.163 (depth 2, 28 lits): UNSAT in 0.46s
    cube 2908.244.164 (depth 2, 28 lits): UNSAT in 0.83s
    cube 2908.244.165 (depth 2, 28 lits): UNSAT in 0.57s
    cube 2908.244.166 (depth 2, 28 lits): UNSAT in 0.63s
    cube 2908.244.167 (depth 2, 28 lits): UNSAT in 1.48s
    cube 2908.244.168 (depth 2, 28 lits): UNSAT in 7.70s
    cube 2908.244.169 (depth 2, 28 lits): UNSAT in 0.01s
    cube 2908.244.170 (depth 2, 28 lits): UNSAT in 0.01s
    cube 2908.244.171 (depth 2, 28 lits): UNSAT in 0.01s
    cube 2908.244.172 (depth 2, 28 lits): UNSAT in 0.02s
    cube 2908.244.173 (depth 2, 28 lits): UNSAT in 0.03s
    cube 2908.244.174 (depth 2, 28 lits): UNSAT in 0.06s
    cube 2908.244.175 (depth 2, 28 lits): UNSAT in 0.03s
    cube 2908.244.176 (depth 2, 28 lits): UNSAT in 0.18s
    cube 2908.244.177 (depth 2, 28 lits): UNSAT in 0.04s
    cube 2908.244.178 (depth 2, 28 lits): UNSAT in 0.07s
    cube 2908.244.179 (depth 2, 28 lits): UNSAT in 0.13s
    cube 2908.244.180 (depth 2, 28 lits): UNSAT in 0.13s
    cube 2908.244.181 (depth 2, 28 lits): UNSAT in 0.04s
    cube 2908.244.182 (depth 2, 28 lits): UNSAT in 0.17s
    cube 2908.244.183 (depth 2, 28 lits): UNSAT in 0.21s
    cube 2908.244.184 (depth 2, 28 lits): UNSAT in 0.58s
    cube 2908.244.185 (depth 2, 28 lits): UNSAT in 0.02s
    cube 2908.244.186 (depth 2, 28 lits): UNSAT in 0.08s
    cube 2908.244.187 (depth 2, 28 lits): UNSAT in 0.07s
    cube 2908.244.188 (depth 2, 28 lits): UNSAT in 0.21s
    cube 2908.244.189 (depth 2, 28 lits): UNSAT in 0.08s
    cube 2908.244.190 (depth 2, 28 lits): UNSAT in 0.06s
    cube 2908.244.191 (depth 2, 28 lits): UNSAT in 0.17s
    cube 2908.244.192 (depth 2, 28 lits): UNSAT in 0.26s
    cube 2908.244.193 (depth 2, 28 lits): UNSAT in 0.09s
    cube 2908.244.194 (depth 2, 28 lits): UNSAT in 0.37s
    cube 2908.244.195 (depth 2, 28 lits): UNSAT in 0.28s
    cube 2908.244.196 (depth 2, 28 lits): UNSAT in 1.14s
    cube 2908.244.197 (depth 2, 28 lits): UNSAT in 0.25s
    cube 2908.244.198 (depth 2, 28 lits): UNSAT in 1.78s
    cube 2908.244.199 (depth 2, 28 lits): UNSAT in 0.99s
    cube 2908.244.200 (depth 2, 28 lits): UNSAT in 17.14s
    cube 2908.244.201 (depth 2, 28 lits): UNSAT in 0.01s
    cube 2908.244.202 (depth 2, 28 lits): UNSAT in 0.09s
    cube 2908.244.203 (depth 2, 28 lits): UNSAT in 0.02s
    cube 2908.244.204 (depth 2, 28 lits): UNSAT in 0.09s
    cube 2908.244.205 (depth 2, 28 lits): UNSAT in 0.04s
    cube 2908.244.206 (depth 2, 28 lits): UNSAT in 0.04s
    cube 2908.244.207 (depth 2, 28 lits): UNSAT in 0.06s
    cube 2908.244.208 (depth 2, 28 lits): UNSAT in 0.77s
    cube 2908.244.209 (depth 2, 28 lits): UNSAT in 0.13s
    cube 2908.244.210 (depth 2, 28 lits): UNSAT in 0.46s
    cube 2908.244.211 (depth 2, 28 lits): UNSAT in 0.64s
    cube 2908.244.212 (depth 2, 28 lits): UNSAT in 1.42s
    cube 2908.244.213 (depth 2, 28 lits): UNSAT in 0.19s
    cube 2908.244.214 (depth 2, 28 lits): UNSAT in 1.62s
    cube 2908.244.215 (depth 2, 28 lits): UNSAT in 2.76s
    cube 2908.244.216 (depth 2, 28 lits): UNSAT in 16.86s
    cube 2908.244.217 (depth 2, 28 lits): UNSAT in 0.10s
    cube 2908.244.218 (depth 2, 28 lits): UNSAT in 0.29s
    cube 2908.244.219 (depth 2, 28 lits): UNSAT in 0.19s
    cube 2908.244.220 (depth 2, 28 lits): UNSAT in 0.63s
    cube 2908.244.221 (depth 2, 28 lits): UNSAT in 0.61s
    cube 2908.244.222 (depth 2, 28 lits): UNSAT in 3.55s
    cube 2908.244.223 (depth 2, 28 lits): UNSAT in 3.40s
    cube 2908.244.224 (depth 2, 28 lits): UNSAT in 25.07s
    cube 2908.244.225 (depth 2, 28 lits): UNSAT in 0.07s
    cube 2908.244.226 (depth 2, 28 lits): UNSAT in 1.20s
    cube 2908.244.227 (depth 2, 28 lits): UNSAT in 3.65s
    cube 2908.244.228 (depth 2, 28 lits): UNSAT in 31.42s
    cube 2908.244.229 (depth 2, 28 lits): UNSAT in 0.14s
    cube 2908.244.230 (depth 2, 28 lits): UNSAT in 2.13s
    cube 2908.244.231 (depth 2, 28 lits): UNSAT in 4.52s
    cube 2908.244.232 (depth 2, 28 lits): UNSAT in 62.80s
    cube 2908.245 (depth 1, 20 lits): UNSAT in 3.28s
    cube 2908.246 (depth 1, 20 lits): UNSAT in 10.20s
    cube 2908.247 (depth 1, 20 lits): UNSAT in 49.07s
    cube 2908.248 (depth 1, 20 lits): TIMEOUT in 1200.10s
    cube 2908.248 TIMEOUT -> re-split into 243 sub-cubes (depth 2)
    cube 2908.248.0 (depth 2, 26 lits): UNSAT in 0.01s
    cube 2908.248.1 (depth 2, 28 lits): UNSAT in 0.02s
    cube 2908.248.2 (depth 2, 28 lits): UNSAT in 0.01s
    cube 2908.248.3 (depth 2, 28 lits): UNSAT in 0.02s
    cube 2908.248.4 (depth 2, 28 lits): UNSAT in 0.01s
    cube 2908.248.5 (depth 2, 28 lits): UNSAT in 0.01s
    cube 2908.248.6 (depth 2, 28 lits): UNSAT in 0.02s
    cube 2908.248.7 (depth 2, 28 lits): UNSAT in 0.01s
    cube 2908.248.8 (depth 2, 28 lits): UNSAT in 0.03s
    cube 2908.248.9 (depth 2, 28 lits): UNSAT in 0.03s
    cube 2908.248.10 (depth 2, 28 lits): UNSAT in 0.02s
    cube 2908.248.11 (depth 2, 28 lits): UNSAT in 0.02s
    cube 2908.248.12 (depth 2, 28 lits): UNSAT in 0.02s
    cube 2908.248.13 (depth 2, 27 lits): UNSAT in 0.02s
    cube 2908.248.14 (depth 2, 28 lits): UNSAT in 0.01s
    cube 2908.248.15 (depth 2, 28 lits): UNSAT in 0.02s
    cube 2908.248.16 (depth 2, 28 lits): UNSAT in 0.01s
    cube 2908.248.17 (depth 2, 28 lits): UNSAT in 0.02s
    cube 2908.248.18 (depth 2, 28 lits): UNSAT in 0.01s
    cube 2908.248.19 (depth 2, 28 lits): UNSAT in 0.02s
    cube 2908.248.20 (depth 2, 28 lits): UNSAT in 0.01s
    cube 2908.248.21 (depth 2, 28 lits): UNSAT in 0.02s
    cube 2908.248.22 (depth 2, 28 lits): UNSAT in 0.02s
    cube 2908.248.23 (depth 2, 28 lits): UNSAT in 0.04s
    cube 2908.248.24 (depth 2, 28 lits): UNSAT in 0.01s
    cube 2908.248.25 (depth 2, 28 lits): UNSAT in 0.02s
    cube 2908.248.26 (depth 2, 28 lits): UNSAT in 0.06s
    cube 2908.248.27 (depth 2, 28 lits): UNSAT in 0.03s
    cube 2908.248.28 (depth 2, 28 lits): UNSAT in 0.01s
    cube 2908.248.29 (depth 2, 28 lits): UNSAT in 0.01s
    cube 2908.248.30 (depth 2, 28 lits): UNSAT in 0.01s
    cube 2908.248.31 (depth 2, 28 lits): UNSAT in 0.02s
    cube 2908.248.32 (depth 2, 26 lits): UNSAT in 0.02s
    cube 2908.248.33 (depth 2, 28 lits): UNSAT in 0.01s
    cube 2908.248.34 (depth 2, 28 lits): UNSAT in 0.02s
    cube 2908.248.35 (depth 2, 28 lits): UNSAT in 0.02s
    cube 2908.248.36 (depth 2, 28 lits): UNSAT in 0.02s
    cube 2908.248.37 (depth 2, 28 lits): UNSAT in 0.01s
    cube 2908.248.38 (depth 2, 28 lits): UNSAT in 0.01s
    cube 2908.248.39 (depth 2, 28 lits): UNSAT in 0.01s
    cube 2908.248.40 (depth 2, 28 lits): UNSAT in 0.02s
    cube 2908.248.41 (depth 2, 27 lits): UNSAT in 0.01s
    cube 2908.248.42 (depth 2, 28 lits): UNSAT in 0.01s
    cube 2908.248.43 (depth 2, 28 lits): UNSAT in 0.02s
    cube 2908.248.44 (depth 2, 28 lits): UNSAT in 0.02s
    cube 2908.248.45 (depth 2, 28 lits): UNSAT in 0.02s
    cube 2908.248.46 (depth 2, 28 lits): UNSAT in 0.01s
    cube 2908.248.47 (depth 2, 28 lits): UNSAT in 0.02s
    cube 2908.248.48 (depth 2, 28 lits): UNSAT in 0.01s
    cube 2908.248.49 (depth 2, 28 lits): UNSAT in 0.05s
    cube 2908.248.50 (depth 2, 28 lits): UNSAT in 0.03s
    cube 2908.248.51 (depth 2, 28 lits): UNSAT in 0.05s
    cube 2908.248.52 (depth 2, 28 lits): UNSAT in 0.07s
    cube 2908.248.53 (depth 2, 28 lits): UNSAT in 0.12s
    cube 2908.248.54 (depth 2, 28 lits): UNSAT in 0.11s
    cube 2908.248.55 (depth 2, 28 lits): UNSAT in 0.20s
    cube 2908.248.56 (depth 2, 27 lits): UNSAT in 0.01s
    cube 2908.248.57 (depth 2, 27 lits): UNSAT in 0.02s
    cube 2908.248.58 (depth 2, 28 lits): UNSAT in 0.01s
    cube 2908.248.59 (depth 2, 28 lits): UNSAT in 0.02s
    cube 2908.248.60 (depth 2, 28 lits): UNSAT in 0.02s
    cube 2908.248.61 (depth 2, 28 lits): UNSAT in 0.01s
    cube 2908.248.62 (depth 2, 27 lits): UNSAT in 0.01s
    cube 2908.248.63 (depth 2, 28 lits): UNSAT in 0.02s
    cube 2908.248.64 (depth 2, 28 lits): UNSAT in 0.03s
    cube 2908.248.65 (depth 2, 28 lits): UNSAT in 0.01s
    cube 2908.248.66 (depth 2, 28 lits): UNSAT in 0.02s
    cube 2908.248.67 (depth 2, 28 lits): UNSAT in 0.02s
    cube 2908.248.68 (depth 2, 28 lits): UNSAT in 0.02s
    cube 2908.248.69 (depth 2, 28 lits): UNSAT in 0.02s
    cube 2908.248.70 (depth 2, 28 lits): UNSAT in 0.04s
    cube 2908.248.71 (depth 2, 28 lits): UNSAT in 0.02s
    cube 2908.248.72 (depth 2, 28 lits): UNSAT in 0.06s
    cube 2908.248.73 (depth 2, 28 lits): UNSAT in 0.01s
    cube 2908.248.74 (depth 2, 28 lits): UNSAT in 0.03s
    cube 2908.248.75 (depth 2, 28 lits): UNSAT in 0.03s
    cube 2908.248.76 (depth 2, 28 lits): UNSAT in 0.06s
    cube 2908.248.77 (depth 2, 28 lits): UNSAT in 0.04s
    cube 2908.248.78 (depth 2, 28 lits): UNSAT in 0.11s
    cube 2908.248.79 (depth 2, 28 lits): UNSAT in 0.13s
    cube 2908.248.80 (depth 2, 28 lits): UNSAT in 0.14s
    cube 2908.248.81 (depth 2, 28 lits): UNSAT in 0.03s
    cube 2908.248.82 (depth 2, 28 lits): UNSAT in 0.05s
    cube 2908.248.83 (depth 2, 28 lits): UNSAT in 0.06s
    cube 2908.248.84 (depth 2, 28 lits): UNSAT in 0.41s
    cube 2908.248.85 (depth 2, 28 lits): UNSAT in 0.02s
    cube 2908.248.86 (depth 2, 28 lits): UNSAT in 0.02s
    cube 2908.248.87 (depth 2, 28 lits): UNSAT in 0.02s
    cube 2908.248.88 (depth 2, 28 lits): UNSAT in 0.02s
    cube 2908.248.89 (depth 2, 28 lits): UNSAT in 0.02s
    cube 2908.248.90 (depth 2, 28 lits): UNSAT in 0.03s
    cube 2908.248.91 (depth 2, 28 lits): UNSAT in 0.02s
    cube 2908.248.92 (depth 2, 28 lits): UNSAT in 0.04s
    cube 2908.248.93 (depth 2, 28 lits): UNSAT in 0.02s
    cube 2908.248.94 (depth 2, 28 lits): UNSAT in 0.03s
    cube 2908.248.95 (depth 2, 28 lits): UNSAT in 0.03s
    cube 2908.248.96 (depth 2, 28 lits): UNSAT in 0.08s
    cube 2908.248.97 (depth 2, 28 lits): UNSAT in 0.07s
    cube 2908.248.98 (depth 2, 28 lits): UNSAT in 0.06s
    cube 2908.248.99 (depth 2, 28 lits): UNSAT in 0.10s
    cube 2908.248.100 (depth 2, 28 lits): UNSAT in 0.40s
    cube 2908.248.101 (depth 2, 28 lits): UNSAT in 0.02s
    cube 2908.248.102 (depth 2, 28 lits): UNSAT in 0.03s
    cube 2908.248.103 (depth 2, 28 lits): UNSAT in 0.06s
    cube 2908.248.104 (depth 2, 28 lits): UNSAT in 0.19s
    cube 2908.248.105 (depth 2, 28 lits): UNSAT in 0.10s
    cube 2908.248.106 (depth 2, 28 lits): UNSAT in 0.05s
    cube 2908.248.107 (depth 2, 28 lits): UNSAT in 0.08s
    cube 2908.248.108 (depth 2, 28 lits): UNSAT in 0.35s
    cube 2908.248.109 (depth 2, 28 lits): UNSAT in 0.03s
    cube 2908.248.110 (depth 2, 28 lits): UNSAT in 0.04s
    cube 2908.248.111 (depth 2, 28 lits): UNSAT in 0.06s
    cube 2908.248.112 (depth 2, 28 lits): UNSAT in 0.12s
    cube 2908.248.113 (depth 2, 28 lits): UNSAT in 0.14s
    cube 2908.248.114 (depth 2, 28 lits): UNSAT in 0.47s
    cube 2908.248.115 (depth 2, 28 lits): UNSAT in 0.30s
    cube 2908.248.116 (depth 2, 28 lits): UNSAT in 0.70s
    cube 2908.248.117 (depth 2, 28 lits): UNSAT in 0.01s
    cube 2908.248.118 (depth 2, 28 lits): UNSAT in 0.01s
    cube 2908.248.119 (depth 2, 28 lits): UNSAT in 0.01s
    cube 2908.248.120 (depth 2, 28 lits): UNSAT in 0.03s
    cube 2908.248.121 (depth 2, 28 lits): UNSAT in 0.01s
    cube 2908.248.122 (depth 2, 28 lits): UNSAT in 0.02s
    cube 2908.248.123 (depth 2, 28 lits): UNSAT in 0.02s
    cube 2908.248.124 (depth 2, 28 lits): UNSAT in 0.03s
    cube 2908.248.125 (depth 2, 27 lits): UNSAT in 0.02s
    cube 2908.248.126 (depth 2, 27 lits): UNSAT in 0.01s
    cube 2908.248.127 (depth 2, 28 lits): UNSAT in 0.02s
    cube 2908.248.128 (depth 2, 28 lits): UNSAT in 0.07s
    cube 2908.248.129 (depth 2, 28 lits): UNSAT in 0.11s
    cube 2908.248.130 (depth 2, 28 lits): UNSAT in 0.23s
    cube 2908.248.131 (depth 2, 28 lits): UNSAT in 0.01s
    cube 2908.248.132 (depth 2, 28 lits): UNSAT in 0.02s
    cube 2908.248.133 (depth 2, 28 lits): UNSAT in 0.04s
    cube 2908.248.134 (depth 2, 28 lits): UNSAT in 0.06s
    cube 2908.248.135 (depth 2, 28 lits): UNSAT in 0.02s
    cube 2908.248.136 (depth 2, 28 lits): UNSAT in 0.03s
    cube 2908.248.137 (depth 2, 28 lits): UNSAT in 0.04s
    cube 2908.248.138 (depth 2, 28 lits): UNSAT in 0.18s
    cube 2908.248.139 (depth 2, 28 lits): UNSAT in 0.03s
    cube 2908.248.140 (depth 2, 28 lits): UNSAT in 0.10s
    cube 2908.248.141 (depth 2, 28 lits): UNSAT in 0.04s
    cube 2908.248.142 (depth 2, 28 lits): UNSAT in 0.13s
    cube 2908.248.143 (depth 2, 28 lits): UNSAT in 0.09s
    cube 2908.248.144 (depth 2, 28 lits): UNSAT in 0.25s
    cube 2908.248.145 (depth 2, 28 lits): UNSAT in 0.17s
    cube 2908.248.146 (depth 2, 28 lits): UNSAT in 0.59s
    cube 2908.248.147 (depth 2, 28 lits): UNSAT in 0.01s
    cube 2908.248.148 (depth 2, 28 lits): UNSAT in 0.02s
    cube 2908.248.149 (depth 2, 28 lits): UNSAT in 0.02s
    cube 2908.248.150 (depth 2, 28 lits): UNSAT in 0.02s
    cube 2908.248.151 (depth 2, 28 lits): UNSAT in 0.02s
    cube 2908.248.152 (depth 2, 28 lits): UNSAT in 0.03s
    cube 2908.248.153 (depth 2, 28 lits): UNSAT in 0.04s
    cube 2908.248.154 (depth 2, 28 lits): UNSAT in 0.02s
    cube 2908.248.155 (depth 2, 28 lits): UNSAT in 0.02s
    cube 2908.248.156 (depth 2, 28 lits): UNSAT in 0.04s
    cube 2908.248.157 (depth 2, 28 lits): UNSAT in 0.01s
    cube 2908.248.158 (depth 2, 28 lits): UNSAT in 0.11s
    cube 2908.248.159 (depth 2, 28 lits): UNSAT in 0.03s
    cube 2908.248.160 (depth 2, 28 lits): UNSAT in 0.04s
    cube 2908.248.161 (depth 2, 28 lits): UNSAT in 0.12s
    cube 2908.248.162 (depth 2, 28 lits): UNSAT in 0.12s
    cube 2908.248.163 (depth 2, 28 lits): UNSAT in 0.03s
    cube 2908.248.164 (depth 2, 28 lits): UNSAT in 0.07s
    cube 2908.248.165 (depth 2, 28 lits): UNSAT in 0.05s
    cube 2908.248.166 (depth 2, 28 lits): UNSAT in 0.08s
    cube 2908.248.167 (depth 2, 28 lits): UNSAT in 0.04s
    cube 2908.248.168 (depth 2, 28 lits): UNSAT in 0.07s
    cube 2908.248.169 (depth 2, 28 lits): UNSAT in 0.07s
    cube 2908.248.170 (depth 2, 28 lits): UNSAT in 0.33s
    cube 2908.248.171 (depth 2, 28 lits): UNSAT in 0.10s
    cube 2908.248.172 (depth 2, 28 lits): UNSAT in 0.54s
    cube 2908.248.173 (depth 2, 28 lits): UNSAT in 0.18s
    cube 2908.248.174 (depth 2, 28 lits): UNSAT in 0.43s
    cube 2908.248.175 (depth 2, 28 lits): UNSAT in 0.18s
    cube 2908.248.176 (depth 2, 28 lits): UNSAT in 0.43s
    cube 2908.248.177 (depth 2, 28 lits): UNSAT in 0.89s
    cube 2908.248.178 (depth 2, 28 lits): UNSAT in 5.91s
    cube 2908.248.179 (depth 2, 28 lits): UNSAT in 0.03s
    cube 2908.248.180 (depth 2, 28 lits): UNSAT in 0.05s
    cube 2908.248.181 (depth 2, 28 lits): UNSAT in 0.07s
    cube 2908.248.182 (depth 2, 28 lits): UNSAT in 0.14s
    cube 2908.248.183 (depth 2, 28 lits): UNSAT in 0.05s
    cube 2908.248.184 (depth 2, 28 lits): UNSAT in 0.27s
    cube 2908.248.185 (depth 2, 28 lits): UNSAT in 0.11s
    cube 2908.248.186 (depth 2, 28 lits): UNSAT in 0.37s
    cube 2908.248.187 (depth 2, 28 lits): UNSAT in 0.03s
    cube 2908.248.188 (depth 2, 28 lits): UNSAT in 0.07s
    cube 2908.248.189 (depth 2, 28 lits): UNSAT in 0.05s
    cube 2908.248.190 (depth 2, 28 lits): UNSAT in 0.31s
    cube 2908.248.191 (depth 2, 28 lits): UNSAT in 0.13s
    cube 2908.248.192 (depth 2, 28 lits): UNSAT in 0.72s
    cube 2908.248.193 (depth 2, 28 lits): UNSAT in 0.33s
    cube 2908.248.194 (depth 2, 28 lits): UNSAT in 1.31s
    cube 2908.248.195 (depth 2, 28 lits): UNSAT in 0.03s
    cube 2908.248.196 (depth 2, 28 lits): UNSAT in 0.28s
    cube 2908.248.197 (depth 2, 28 lits): UNSAT in 0.08s
    cube 2908.248.198 (depth 2, 28 lits): UNSAT in 0.25s
    cube 2908.248.199 (depth 2, 28 lits): UNSAT in 0.07s
    cube 2908.248.200 (depth 2, 28 lits): UNSAT in 0.20s
    cube 2908.248.201 (depth 2, 28 lits): UNSAT in 0.23s
    cube 2908.248.202 (depth 2, 28 lits): UNSAT in 1.66s
    cube 2908.248.203 (depth 2, 28 lits): UNSAT in 0.06s
    cube 2908.248.204 (depth 2, 28 lits): UNSAT in 0.25s
    cube 2908.248.205 (depth 2, 28 lits): UNSAT in 0.41s
    cube 2908.248.206 (depth 2, 28 lits): UNSAT in 1.71s
    cube 2908.248.207 (depth 2, 28 lits): UNSAT in 0.25s
    cube 2908.248.208 (depth 2, 28 lits): UNSAT in 2.08s
    cube 2908.248.209 (depth 2, 28 lits): UNSAT in 2.11s
    cube 2908.248.210 (depth 2, 28 lits): UNSAT in 18.05s
    cube 2908.248.211 (depth 2, 28 lits): UNSAT in 0.03s
    cube 2908.248.212 (depth 2, 28 lits): UNSAT in 0.10s
    cube 2908.248.213 (depth 2, 28 lits): UNSAT in 0.11s
    cube 2908.248.214 (depth 2, 28 lits): UNSAT in 0.12s
    cube 2908.248.215 (depth 2, 28 lits): UNSAT in 0.03s
    cube 2908.248.216 (depth 2, 28 lits): UNSAT in 0.16s
    cube 2908.248.217 (depth 2, 28 lits): UNSAT in 0.48s
    cube 2908.248.218 (depth 2, 28 lits): UNSAT in 0.83s
    cube 2908.248.219 (depth 2, 28 lits): UNSAT in 0.10s
    cube 2908.248.220 (depth 2, 28 lits): UNSAT in 0.45s
    cube 2908.248.221 (depth 2, 28 lits): UNSAT in 0.37s
    cube 2908.248.222 (depth 2, 28 lits): UNSAT in 1.16s
    cube 2908.248.223 (depth 2, 28 lits): UNSAT in 0.37s
    cube 2908.248.224 (depth 2, 28 lits): UNSAT in 1.14s
    cube 2908.248.225 (depth 2, 28 lits): UNSAT in 3.01s
    cube 2908.248.226 (depth 2, 28 lits): UNSAT in 11.62s
    cube 2908.248.227 (depth 2, 28 lits): UNSAT in 0.56s
    cube 2908.248.228 (depth 2, 28 lits): UNSAT in 1.32s
    cube 2908.248.229 (depth 2, 28 lits): UNSAT in 0.64s
    cube 2908.248.230 (depth 2, 28 lits): UNSAT in 2.78s
    cube 2908.248.231 (depth 2, 28 lits): UNSAT in 0.78s
    cube 2908.248.232 (depth 2, 28 lits): UNSAT in 3.97s
    cube 2908.248.233 (depth 2, 28 lits): UNSAT in 4.32s
    cube 2908.248.234 (depth 2, 28 lits): UNSAT in 37.56s
    cube 2908.248.235 (depth 2, 28 lits): UNSAT in 1.77s
    cube 2908.248.236 (depth 2, 28 lits): UNSAT in 4.84s
    cube 2908.248.237 (depth 2, 28 lits): UNSAT in 3.67s
    cube 2908.248.238 (depth 2, 28 lits): UNSAT in 39.61s
    cube 2908.248.239 (depth 2, 28 lits): UNSAT in 0.70s
    cube 2908.248.240 (depth 2, 28 lits): UNSAT in 5.16s
    cube 2908.248.241 (depth 2, 28 lits): UNSAT in 4.39s
    cube 2908.248.242 (depth 2, 28 lits): UNSAT in 38.92s
    cube 2908.249 (depth 1, 20 lits): UNSAT in 45.12s
    cube 2908.250 (depth 1, 20 lits): TIMEOUT in 1200.01s
    cube 2908.250 TIMEOUT -> re-split into 249 sub-cubes (depth 2)
    cube 2908.250.0 (depth 2, 27 lits): UNSAT in 0.01s
    cube 2908.250.1 (depth 2, 28 lits): UNSAT in 0.01s
    cube 2908.250.2 (depth 2, 28 lits): UNSAT in 0.02s
    cube 2908.250.3 (depth 2, 28 lits): UNSAT in 0.01s
    cube 2908.250.4 (depth 2, 28 lits): UNSAT in 0.01s
    cube 2908.250.5 (depth 2, 28 lits): UNSAT in 0.01s
    cube 2908.250.6 (depth 2, 28 lits): UNSAT in 0.02s
    cube 2908.250.7 (depth 2, 28 lits): UNSAT in 0.01s
    cube 2908.250.8 (depth 2, 28 lits): UNSAT in 0.01s
    cube 2908.250.9 (depth 2, 28 lits): UNSAT in 0.02s
    cube 2908.250.10 (depth 2, 28 lits): UNSAT in 0.03s
    cube 2908.250.11 (depth 2, 28 lits): UNSAT in 0.02s
    cube 2908.250.12 (depth 2, 28 lits): UNSAT in 0.03s
    cube 2908.250.13 (depth 2, 28 lits): UNSAT in 0.04s
    cube 2908.250.14 (depth 2, 28 lits): UNSAT in 0.07s
    cube 2908.250.15 (depth 2, 28 lits): UNSAT in 0.01s
    cube 2908.250.16 (depth 2, 28 lits): UNSAT in 0.02s
    cube 2908.250.17 (depth 2, 28 lits): UNSAT in 0.02s
    cube 2908.250.18 (depth 2, 28 lits): UNSAT in 0.04s
    cube 2908.250.19 (depth 2, 28 lits): UNSAT in 0.02s
    cube 2908.250.20 (depth 2, 28 lits): UNSAT in 0.03s
    cube 2908.250.21 (depth 2, 28 lits): UNSAT in 0.02s
    cube 2908.250.22 (depth 2, 28 lits): UNSAT in 0.05s
    cube 2908.250.23 (depth 2, 28 lits): UNSAT in 0.01s
    cube 2908.250.24 (depth 2, 28 lits): UNSAT in 0.02s
    cube 2908.250.25 (depth 2, 28 lits): UNSAT in 0.02s
    cube 2908.250.26 (depth 2, 28 lits): UNSAT in 0.03s
    cube 2908.250.27 (depth 2, 28 lits): UNSAT in 0.02s
    cube 2908.250.28 (depth 2, 28 lits): UNSAT in 0.03s
    cube 2908.250.29 (depth 2, 28 lits): UNSAT in 0.05s
    cube 2908.250.30 (depth 2, 28 lits): UNSAT in 0.16s
    cube 2908.250.31 (depth 2, 27 lits): UNSAT in 0.01s
    cube 2908.250.32 (depth 2, 28 lits): UNSAT in 0.01s
    cube 2908.250.33 (depth 2, 28 lits): UNSAT in 0.02s
    cube 2908.250.34 (depth 2, 27 lits): UNSAT in 0.02s
    cube 2908.250.35 (depth 2, 27 lits): UNSAT in 0.02s
    cube 2908.250.36 (depth 2, 28 lits): UNSAT in 0.01s
    cube 2908.250.37 (depth 2, 28 lits): UNSAT in 0.01s
    cube 2908.250.38 (depth 2, 28 lits): UNSAT in 0.02s
    cube 2908.250.39 (depth 2, 28 lits): UNSAT in 0.02s
    cube 2908.250.40 (depth 2, 28 lits): UNSAT in 0.02s
    cube 2908.250.41 (depth 2, 28 lits): UNSAT in 0.04s
    cube 2908.250.42 (depth 2, 28 lits): UNSAT in 0.09s
    cube 2908.250.43 (depth 2, 28 lits): UNSAT in 0.08s
    cube 2908.250.44 (depth 2, 28 lits): UNSAT in 0.01s
    cube 2908.250.45 (depth 2, 28 lits): UNSAT in 0.02s
    cube 2908.250.46 (depth 2, 28 lits): UNSAT in 0.02s
    cube 2908.250.47 (depth 2, 28 lits): UNSAT in 0.02s
    cube 2908.250.48 (depth 2, 28 lits): UNSAT in 0.02s
    cube 2908.250.49 (depth 2, 28 lits): UNSAT in 0.02s
    cube 2908.250.50 (depth 2, 28 lits): UNSAT in 0.02s
    cube 2908.250.51 (depth 2, 28 lits): UNSAT in 0.05s
    cube 2908.250.52 (depth 2, 28 lits): UNSAT in 0.03s
    cube 2908.250.53 (depth 2, 28 lits): UNSAT in 0.08s
    cube 2908.250.54 (depth 2, 28 lits): UNSAT in 0.04s
    cube 2908.250.55 (depth 2, 28 lits): UNSAT in 0.10s
    cube 2908.250.56 (depth 2, 28 lits): UNSAT in 0.03s
    cube 2908.250.57 (depth 2, 28 lits): UNSAT in 0.09s
    cube 2908.250.58 (depth 2, 28 lits): UNSAT in 0.13s
    cube 2908.250.59 (depth 2, 28 lits): UNSAT in 0.14s
    cube 2908.250.60 (depth 2, 28 lits): UNSAT in 0.01s
    cube 2908.250.61 (depth 2, 28 lits): UNSAT in 0.02s
    cube 2908.250.62 (depth 2, 28 lits): UNSAT in 0.01s
    cube 2908.250.63 (depth 2, 28 lits): UNSAT in 0.02s
    cube 2908.250.64 (depth 2, 28 lits): UNSAT in 0.01s
    cube 2908.250.65 (depth 2, 28 lits): UNSAT in 0.02s
    cube 2908.250.66 (depth 2, 28 lits): UNSAT in 0.02s
    cube 2908.250.67 (depth 2, 28 lits): UNSAT in 0.03s
    cube 2908.250.68 (depth 2, 28 lits): UNSAT in 0.01s
    cube 2908.250.69 (depth 2, 28 lits): UNSAT in 0.02s
    cube 2908.250.70 (depth 2, 28 lits): UNSAT in 0.02s
    cube 2908.250.71 (depth 2, 28 lits): UNSAT in 0.05s
    cube 2908.250.72 (depth 2, 27 lits): UNSAT in 0.02s
    cube 2908.250.73 (depth 2, 28 lits): UNSAT in 0.02s
    cube 2908.250.74 (depth 2, 28 lits): UNSAT in 0.03s
    cube 2908.250.75 (depth 2, 28 lits): UNSAT in 0.02s
    cube 2908.250.76 (depth 2, 28 lits): UNSAT in 0.03s
    cube 2908.250.77 (depth 2, 28 lits): UNSAT in 0.02s
    cube 2908.250.78 (depth 2, 28 lits): UNSAT in 0.05s
    cube 2908.250.79 (depth 2, 28 lits): UNSAT in 0.04s
    cube 2908.250.80 (depth 2, 28 lits): UNSAT in 0.05s
    cube 2908.250.81 (depth 2, 28 lits): UNSAT in 0.04s
    cube 2908.250.82 (depth 2, 28 lits): UNSAT in 0.05s
    cube 2908.250.83 (depth 2, 28 lits): UNSAT in 0.02s
    cube 2908.250.84 (depth 2, 28 lits): UNSAT in 0.03s
    cube 2908.250.85 (depth 2, 28 lits): UNSAT in 0.02s
    cube 2908.250.86 (depth 2, 28 lits): UNSAT in 0.04s
    cube 2908.250.87 (depth 2, 28 lits): UNSAT in 0.08s
    cube 2908.250.88 (depth 2, 28 lits): UNSAT in 0.14s
    cube 2908.250.89 (depth 2, 28 lits): UNSAT in 0.22s
    cube 2908.250.90 (depth 2, 28 lits): UNSAT in 0.51s
    cube 2908.250.91 (depth 2, 28 lits): UNSAT in 0.01s
    cube 2908.250.92 (depth 2, 28 lits): UNSAT in 0.02s
    cube 2908.250.93 (depth 2, 27 lits): UNSAT in 0.02s
    cube 2908.250.94 (depth 2, 28 lits): UNSAT in 0.02s
    cube 2908.250.95 (depth 2, 28 lits): UNSAT in 0.04s
    cube 2908.250.96 (depth 2, 28 lits): UNSAT in 0.04s
    cube 2908.250.97 (depth 2, 28 lits): UNSAT in 0.03s
    cube 2908.250.98 (depth 2, 28 lits): UNSAT in 0.01s
    cube 2908.250.99 (depth 2, 28 lits): UNSAT in 0.02s
    cube 2908.250.100 (depth 2, 28 lits): UNSAT in 0.02s
    cube 2908.250.101 (depth 2, 28 lits): UNSAT in 0.01s
    cube 2908.250.102 (depth 2, 28 lits): UNSAT in 0.02s
    cube 2908.250.103 (depth 2, 28 lits): UNSAT in 0.03s
    cube 2908.250.104 (depth 2, 28 lits): UNSAT in 0.05s
    cube 2908.250.105 (depth 2, 28 lits): UNSAT in 0.06s
    cube 2908.250.106 (depth 2, 28 lits): UNSAT in 0.02s
    cube 2908.250.107 (depth 2, 28 lits): UNSAT in 0.03s
    cube 2908.250.108 (depth 2, 28 lits): UNSAT in 0.02s
    cube 2908.250.109 (depth 2, 28 lits): UNSAT in 0.06s
    cube 2908.250.110 (depth 2, 28 lits): UNSAT in 0.08s
    cube 2908.250.111 (depth 2, 28 lits): UNSAT in 0.10s
    cube 2908.250.112 (depth 2, 28 lits): UNSAT in 0.11s
    cube 2908.250.113 (depth 2, 28 lits): UNSAT in 0.55s
    cube 2908.250.114 (depth 2, 28 lits): UNSAT in 0.09s
    cube 2908.250.115 (depth 2, 28 lits): UNSAT in 0.35s
    cube 2908.250.116 (depth 2, 28 lits): UNSAT in 0.29s
    cube 2908.250.117 (depth 2, 28 lits): UNSAT in 0.53s
    cube 2908.250.118 (depth 2, 28 lits): UNSAT in 0.34s
    cube 2908.250.119 (depth 2, 28 lits): UNSAT in 0.79s
    cube 2908.250.120 (depth 2, 28 lits): UNSAT in 0.90s
    cube 2908.250.121 (depth 2, 28 lits): UNSAT in 4.33s
    cube 2908.250.122 (depth 2, 28 lits): UNSAT in 0.01s
    cube 2908.250.123 (depth 2, 28 lits): UNSAT in 0.02s
    cube 2908.250.124 (depth 2, 27 lits): UNSAT in 0.02s
    cube 2908.250.125 (depth 2, 28 lits): UNSAT in 0.02s
    cube 2908.250.126 (depth 2, 28 lits): UNSAT in 0.03s
    cube 2908.250.127 (depth 2, 28 lits): UNSAT in 0.03s
    cube 2908.250.128 (depth 2, 28 lits): UNSAT in 0.11s
    cube 2908.250.129 (depth 2, 28 lits): UNSAT in 0.02s
    cube 2908.250.130 (depth 2, 28 lits): UNSAT in 0.03s
    cube 2908.250.131 (depth 2, 28 lits): UNSAT in 0.04s
    cube 2908.250.132 (depth 2, 28 lits): UNSAT in 0.07s
    cube 2908.250.133 (depth 2, 28 lits): UNSAT in 0.03s
    cube 2908.250.134 (depth 2, 28 lits): UNSAT in 0.11s
    cube 2908.250.135 (depth 2, 28 lits): UNSAT in 0.06s
    cube 2908.250.136 (depth 2, 28 lits): UNSAT in 0.49s
    cube 2908.250.137 (depth 2, 28 lits): UNSAT in 0.01s
    cube 2908.250.138 (depth 2, 28 lits): UNSAT in 0.02s
    cube 2908.250.139 (depth 2, 28 lits): UNSAT in 0.02s
    cube 2908.250.140 (depth 2, 28 lits): UNSAT in 0.10s
    cube 2908.250.141 (depth 2, 28 lits): UNSAT in 0.02s
    cube 2908.250.142 (depth 2, 28 lits): UNSAT in 0.03s
    cube 2908.250.143 (depth 2, 28 lits): UNSAT in 0.05s
    cube 2908.250.144 (depth 2, 28 lits): UNSAT in 0.11s
    cube 2908.250.145 (depth 2, 28 lits): UNSAT in 0.02s
    cube 2908.250.146 (depth 2, 28 lits): UNSAT in 0.08s
    cube 2908.250.147 (depth 2, 28 lits): UNSAT in 0.10s
    cube 2908.250.148 (depth 2, 28 lits): UNSAT in 0.19s
    cube 2908.250.149 (depth 2, 28 lits): UNSAT in 0.17s
    cube 2908.250.150 (depth 2, 28 lits): UNSAT in 0.50s
    cube 2908.250.151 (depth 2, 28 lits): UNSAT in 0.79s
    cube 2908.250.152 (depth 2, 28 lits): UNSAT in 2.30s
    cube 2908.250.153 (depth 2, 28 lits): UNSAT in 0.02s
    cube 2908.250.154 (depth 2, 28 lits): UNSAT in 0.02s
    cube 2908.250.155 (depth 2, 28 lits): UNSAT in 0.04s
    cube 2908.250.156 (depth 2, 28 lits): UNSAT in 0.09s
    cube 2908.250.157 (depth 2, 28 lits): UNSAT in 0.04s
    cube 2908.250.158 (depth 2, 28 lits): UNSAT in 0.13s
    cube 2908.250.159 (depth 2, 28 lits): UNSAT in 0.32s
    cube 2908.250.160 (depth 2, 28 lits): UNSAT in 0.43s
    cube 2908.250.161 (depth 2, 28 lits): UNSAT in 0.03s
    cube 2908.250.162 (depth 2, 28 lits): UNSAT in 0.12s
    cube 2908.250.163 (depth 2, 28 lits): UNSAT in 0.04s
    cube 2908.250.164 (depth 2, 28 lits): UNSAT in 0.10s
    cube 2908.250.165 (depth 2, 28 lits): UNSAT in 0.03s
    cube 2908.250.166 (depth 2, 28 lits): UNSAT in 0.11s
    cube 2908.250.167 (depth 2, 28 lits): UNSAT in 0.38s
    cube 2908.250.168 (depth 2, 28 lits): UNSAT in 3.40s
    cube 2908.250.169 (depth 2, 28 lits): UNSAT in 0.14s
    cube 2908.250.170 (depth 2, 28 lits): UNSAT in 0.20s
    cube 2908.250.171 (depth 2, 28 lits): UNSAT in 0.17s
    cube 2908.250.172 (depth 2, 28 lits): UNSAT in 1.49s
    cube 2908.250.173 (depth 2, 28 lits): UNSAT in 0.06s
    cube 2908.250.174 (depth 2, 28 lits): UNSAT in 0.24s
    cube 2908.250.175 (depth 2, 28 lits): UNSAT in 0.45s
    cube 2908.250.176 (depth 2, 28 lits): UNSAT in 4.90s
    cube 2908.250.177 (depth 2, 28 lits): UNSAT in 0.34s
    cube 2908.250.178 (depth 2, 28 lits): UNSAT in 1.61s
    cube 2908.250.179 (depth 2, 28 lits): UNSAT in 0.35s
    cube 2908.250.180 (depth 2, 28 lits): UNSAT in 6.87s
    cube 2908.250.181 (depth 2, 28 lits): UNSAT in 0.72s
    cube 2908.250.182 (depth 2, 28 lits): UNSAT in 4.41s
    cube 2908.250.183 (depth 2, 28 lits): UNSAT in 12.39s
    cube 2908.250.184 (depth 2, 28 lits): UNSAT in 33.09s
    cube 2908.250.185 (depth 2, 28 lits): UNSAT in 0.01s
    cube 2908.250.186 (depth 2, 28 lits): UNSAT in 0.03s
    cube 2908.250.187 (depth 2, 28 lits): UNSAT in 0.04s
    cube 2908.250.188 (depth 2, 28 lits): UNSAT in 0.08s
    cube 2908.250.189 (depth 2, 28 lits): UNSAT in 0.01s
    cube 2908.250.190 (depth 2, 28 lits): UNSAT in 0.20s
    cube 2908.250.191 (depth 2, 28 lits): UNSAT in 0.13s
    cube 2908.250.192 (depth 2, 28 lits): UNSAT in 0.29s
    cube 2908.250.193 (depth 2, 28 lits): UNSAT in 0.01s
    cube 2908.250.194 (depth 2, 28 lits): UNSAT in 0.02s
    cube 2908.250.195 (depth 2, 28 lits): UNSAT in 0.08s
    cube 2908.250.196 (depth 2, 28 lits): UNSAT in 0.17s
    cube 2908.250.197 (depth 2, 28 lits): UNSAT in 0.04s
    cube 2908.250.198 (depth 2, 28 lits): UNSAT in 0.13s
    cube 2908.250.199 (depth 2, 28 lits): UNSAT in 0.34s
    cube 2908.250.200 (depth 2, 28 lits): UNSAT in 0.89s
    cube 2908.250.201 (depth 2, 28 lits): UNSAT in 0.03s
    cube 2908.250.202 (depth 2, 28 lits): UNSAT in 0.03s
    cube 2908.250.203 (depth 2, 28 lits): UNSAT in 0.03s
    cube 2908.250.204 (depth 2, 28 lits): UNSAT in 0.24s
    cube 2908.250.205 (depth 2, 28 lits): UNSAT in 0.04s
    cube 2908.250.206 (depth 2, 28 lits): UNSAT in 0.32s
    cube 2908.250.207 (depth 2, 28 lits): UNSAT in 0.21s
    cube 2908.250.208 (depth 2, 28 lits): UNSAT in 0.14s
    cube 2908.250.209 (depth 2, 28 lits): UNSAT in 0.07s
    cube 2908.250.210 (depth 2, 28 lits): UNSAT in 0.11s
    cube 2908.250.211 (depth 2, 28 lits): UNSAT in 0.26s
    cube 2908.250.212 (depth 2, 28 lits): UNSAT in 0.54s
    cube 2908.250.213 (depth 2, 28 lits): UNSAT in 0.38s
    cube 2908.250.214 (depth 2, 28 lits): UNSAT in 1.46s
    cube 2908.250.215 (depth 2, 28 lits): UNSAT in 1.10s
    cube 2908.250.216 (depth 2, 28 lits): UNSAT in 7.24s
    cube 2908.250.217 (depth 2, 28 lits): UNSAT in 0.02s
    cube 2908.250.218 (depth 2, 28 lits): UNSAT in 0.14s
    cube 2908.250.219 (depth 2, 28 lits): UNSAT in 0.04s
    cube 2908.250.220 (depth 2, 28 lits): UNSAT in 1.09s
    cube 2908.250.221 (depth 2, 28 lits): UNSAT in 0.09s
    cube 2908.250.222 (depth 2, 28 lits): UNSAT in 0.54s
    cube 2908.250.223 (depth 2, 28 lits): UNSAT in 0.31s
    cube 2908.250.224 (depth 2, 28 lits): UNSAT in 3.09s
    cube 2908.250.225 (depth 2, 28 lits): UNSAT in 0.43s
    cube 2908.250.226 (depth 2, 28 lits): UNSAT in 0.29s
    cube 2908.250.227 (depth 2, 28 lits): UNSAT in 0.51s
    cube 2908.250.228 (depth 2, 28 lits): UNSAT in 3.02s
    cube 2908.250.229 (depth 2, 28 lits): UNSAT in 1.11s
    cube 2908.250.230 (depth 2, 28 lits): UNSAT in 8.13s
    cube 2908.250.231 (depth 2, 28 lits): UNSAT in 7.57s
    cube 2908.250.232 (depth 2, 28 lits): UNSAT in 27.17s
    cube 2908.250.233 (depth 2, 28 lits): UNSAT in 0.08s
    cube 2908.250.234 (depth 2, 28 lits): UNSAT in 0.50s
    cube 2908.250.235 (depth 2, 28 lits): UNSAT in 0.41s
    cube 2908.250.236 (depth 2, 28 lits): UNSAT in 3.64s
    cube 2908.250.237 (depth 2, 28 lits): UNSAT in 1.13s
    cube 2908.250.238 (depth 2, 28 lits): UNSAT in 4.93s
    cube 2908.250.239 (depth 2, 28 lits): UNSAT in 12.01s
    cube 2908.250.240 (depth 2, 28 lits): UNSAT in 58.59s
    cube 2908.250.241 (depth 2, 28 lits): UNSAT in 0.63s
    cube 2908.250.242 (depth 2, 28 lits): UNSAT in 3.51s
    cube 2908.250.243 (depth 2, 28 lits): UNSAT in 1.27s
    cube 2908.250.244 (depth 2, 28 lits): UNSAT in 37.47s
    cube 2908.250.245 (depth 2, 28 lits): UNSAT in 7.40s
    cube 2908.250.246 (depth 2, 28 lits): UNSAT in 60.82s
    cube 2908.250.247 (depth 2, 28 lits): UNSAT in 108.58s
    cube 2908.250.248 (depth 2, 28 lits): UNSAT in 317.81s
    cube 2908.251 (depth 1, 20 lits): UNSAT in 41.12s
    cube 2908.252 (depth 1, 20 lits): TIMEOUT in 1200.07s
    cube 2908.252 TIMEOUT -> re-split into 242 sub-cubes (depth 2)
    cube 2908.252.0 (depth 2, 27 lits): UNSAT in 0.01s
    cube 2908.252.1 (depth 2, 27 lits): UNSAT in 0.02s
    cube 2908.252.2 (depth 2, 28 lits): UNSAT in 0.01s
    cube 2908.252.3 (depth 2, 28 lits): UNSAT in 0.01s
    cube 2908.252.4 (depth 2, 28 lits): UNSAT in 0.01s
    cube 2908.252.5 (depth 2, 28 lits): UNSAT in 0.01s
    cube 2908.252.6 (depth 2, 28 lits): UNSAT in 0.01s
    cube 2908.252.7 (depth 2, 28 lits): UNSAT in 0.01s
    cube 2908.252.8 (depth 2, 28 lits): UNSAT in 0.01s
    cube 2908.252.9 (depth 2, 28 lits): UNSAT in 0.02s
    cube 2908.252.10 (depth 2, 28 lits): UNSAT in 0.02s
    cube 2908.252.11 (depth 2, 28 lits): UNSAT in 0.03s
    cube 2908.252.12 (depth 2, 28 lits): UNSAT in 0.02s
    cube 2908.252.13 (depth 2, 28 lits): UNSAT in 0.04s
    cube 2908.252.14 (depth 2, 27 lits): UNSAT in 0.01s
    cube 2908.252.15 (depth 2, 28 lits): UNSAT in 0.01s
    cube 2908.252.16 (depth 2, 28 lits): UNSAT in 0.02s
    cube 2908.252.17 (depth 2, 28 lits): UNSAT in 0.01s
    cube 2908.252.18 (depth 2, 28 lits): UNSAT in 0.01s
    cube 2908.252.19 (depth 2, 28 lits): UNSAT in 0.02s
    cube 2908.252.20 (depth 2, 28 lits): UNSAT in 0.02s
    cube 2908.252.21 (depth 2, 28 lits): UNSAT in 0.02s
    cube 2908.252.22 (depth 2, 28 lits): UNSAT in 0.02s
    cube 2908.252.23 (depth 2, 28 lits): UNSAT in 0.02s
    cube 2908.252.24 (depth 2, 28 lits): UNSAT in 0.04s
    cube 2908.252.25 (depth 2, 28 lits): UNSAT in 0.03s
    cube 2908.252.26 (depth 2, 28 lits): UNSAT in 0.03s
    cube 2908.252.27 (depth 2, 28 lits): UNSAT in 0.08s
    cube 2908.252.28 (depth 2, 28 lits): UNSAT in 0.28s
    cube 2908.252.29 (depth 2, 27 lits): UNSAT in 0.01s
    cube 2908.252.30 (depth 2, 28 lits): UNSAT in 0.01s
    cube 2908.252.31 (depth 2, 28 lits): UNSAT in 0.02s
    cube 2908.252.32 (depth 2, 28 lits): UNSAT in 0.01s
    cube 2908.252.33 (depth 2, 28 lits): UNSAT in 0.02s
    cube 2908.252.34 (depth 2, 28 lits): UNSAT in 0.02s
    cube 2908.252.35 (depth 2, 28 lits): UNSAT in 0.03s
    cube 2908.252.36 (depth 2, 28 lits): UNSAT in 0.01s
    cube 2908.252.37 (depth 2, 28 lits): UNSAT in 0.02s
    cube 2908.252.38 (depth 2, 28 lits): UNSAT in 0.02s
    cube 2908.252.39 (depth 2, 28 lits): UNSAT in 0.04s
    cube 2908.252.40 (depth 2, 27 lits): UNSAT in 0.02s
    cube 2908.252.41 (depth 2, 28 lits): UNSAT in 0.02s
    cube 2908.252.42 (depth 2, 28 lits): UNSAT in 0.02s
    cube 2908.252.43 (depth 2, 28 lits): UNSAT in 0.02s
    cube 2908.252.44 (depth 2, 28 lits): UNSAT in 0.02s
    cube 2908.252.45 (depth 2, 28 lits): UNSAT in 0.03s
    cube 2908.252.46 (depth 2, 28 lits): UNSAT in 0.07s
    cube 2908.252.47 (depth 2, 28 lits): UNSAT in 0.02s
    cube 2908.252.48 (depth 2, 28 lits): UNSAT in 0.04s
    cube 2908.252.49 (depth 2, 28 lits): UNSAT in 0.03s
    cube 2908.252.50 (depth 2, 28 lits): UNSAT in 0.04s
    cube 2908.252.51 (depth 2, 28 lits): UNSAT in 0.04s
    cube 2908.252.52 (depth 2, 28 lits): UNSAT in 0.05s
    cube 2908.252.53 (depth 2, 28 lits): UNSAT in 0.03s
    cube 2908.252.54 (depth 2, 28 lits): UNSAT in 0.20s
    cube 2908.252.55 (depth 2, 28 lits): UNSAT in 0.08s
    cube 2908.252.56 (depth 2, 28 lits): UNSAT in 0.08s
    cube 2908.252.57 (depth 2, 28 lits): UNSAT in 0.13s
    cube 2908.252.58 (depth 2, 28 lits): UNSAT in 0.51s
    cube 2908.252.59 (depth 2, 26 lits): UNSAT in 0.02s
    cube 2908.252.60 (depth 2, 26 lits): UNSAT in 0.02s
    cube 2908.252.61 (depth 2, 27 lits): UNSAT in 0.01s
    cube 2908.252.62 (depth 2, 28 lits): UNSAT in 0.01s
    cube 2908.252.63 (depth 2, 28 lits): UNSAT in 0.03s
    cube 2908.252.64 (depth 2, 28 lits): UNSAT in 0.02s
    cube 2908.252.65 (depth 2, 28 lits): UNSAT in 0.02s
    cube 2908.252.66 (depth 2, 28 lits): UNSAT in 0.02s
    cube 2908.252.67 (depth 2, 28 lits): UNSAT in 0.04s
    cube 2908.252.68 (depth 2, 27 lits): UNSAT in 0.01s
    cube 2908.252.69 (depth 2, 28 lits): UNSAT in 0.01s
    cube 2908.252.70 (depth 2, 28 lits): UNSAT in 0.02s
    cube 2908.252.71 (depth 2, 28 lits): UNSAT in 0.01s
    cube 2908.252.72 (depth 2, 28 lits): UNSAT in 0.03s
    cube 2908.252.73 (depth 2, 28 lits): UNSAT in 0.02s
    cube 2908.252.74 (depth 2, 28 lits): UNSAT in 0.02s
    cube 2908.252.75 (depth 2, 28 lits): UNSAT in 0.01s
    cube 2908.252.76 (depth 2, 28 lits): UNSAT in 0.02s
    cube 2908.252.77 (depth 2, 28 lits): UNSAT in 0.02s
    cube 2908.252.78 (depth 2, 28 lits): UNSAT in 0.02s
    cube 2908.252.79 (depth 2, 28 lits): UNSAT in 0.02s
    cube 2908.252.80 (depth 2, 28 lits): UNSAT in 0.08s
    cube 2908.252.81 (depth 2, 28 lits): UNSAT in 0.04s
    cube 2908.252.82 (depth 2, 28 lits): UNSAT in 0.06s
    cube 2908.252.83 (depth 2, 28 lits): UNSAT in 0.01s
    cube 2908.252.84 (depth 2, 28 lits): UNSAT in 0.02s
    cube 2908.252.85 (depth 2, 28 lits): UNSAT in 0.02s
    cube 2908.252.86 (depth 2, 28 lits): UNSAT in 0.03s
    cube 2908.252.87 (depth 2, 28 lits): UNSAT in 0.02s
    cube 2908.252.88 (depth 2, 28 lits): UNSAT in 0.08s
    cube 2908.252.89 (depth 2, 28 lits): UNSAT in 0.10s
    cube 2908.252.90 (depth 2, 28 lits): UNSAT in 0.17s
    cube 2908.252.91 (depth 2, 28 lits): UNSAT in 0.03s
    cube 2908.252.92 (depth 2, 28 lits): UNSAT in 0.05s
    cube 2908.252.93 (depth 2, 28 lits): UNSAT in 0.05s
    cube 2908.252.94 (depth 2, 28 lits): UNSAT in 0.15s
    cube 2908.252.95 (depth 2, 28 lits): UNSAT in 0.05s
    cube 2908.252.96 (depth 2, 28 lits): UNSAT in 0.09s
    cube 2908.252.97 (depth 2, 28 lits): UNSAT in 0.09s
    cube 2908.252.98 (depth 2, 28 lits): UNSAT in 0.63s
    cube 2908.252.99 (depth 2, 28 lits): UNSAT in 0.02s
    cube 2908.252.100 (depth 2, 28 lits): UNSAT in 0.03s
    cube 2908.252.101 (depth 2, 28 lits): UNSAT in 0.05s
    cube 2908.252.102 (depth 2, 28 lits): UNSAT in 0.13s
    cube 2908.252.103 (depth 2, 28 lits): UNSAT in 0.07s
    cube 2908.252.104 (depth 2, 28 lits): UNSAT in 0.19s
    cube 2908.252.105 (depth 2, 28 lits): UNSAT in 0.14s
    cube 2908.252.106 (depth 2, 28 lits): UNSAT in 0.46s
    cube 2908.252.107 (depth 2, 28 lits): UNSAT in 0.07s
    cube 2908.252.108 (depth 2, 28 lits): UNSAT in 0.59s
    cube 2908.252.109 (depth 2, 28 lits): UNSAT in 0.52s
    cube 2908.252.110 (depth 2, 28 lits): UNSAT in 1.91s
    cube 2908.252.111 (depth 2, 28 lits): UNSAT in 0.12s
    cube 2908.252.112 (depth 2, 28 lits): UNSAT in 2.69s
    cube 2908.252.113 (depth 2, 28 lits): UNSAT in 1.12s
    cube 2908.252.114 (depth 2, 28 lits): UNSAT in 2.12s
    cube 2908.252.115 (depth 2, 27 lits): UNSAT in 0.01s
    cube 2908.252.116 (depth 2, 28 lits): UNSAT in 0.02s
    cube 2908.252.117 (depth 2, 28 lits): UNSAT in 0.02s
    cube 2908.252.118 (depth 2, 28 lits): UNSAT in 0.02s
    cube 2908.252.119 (depth 2, 28 lits): UNSAT in 0.10s
    cube 2908.252.120 (depth 2, 28 lits): UNSAT in 0.02s
    cube 2908.252.121 (depth 2, 28 lits): UNSAT in 0.06s
    cube 2908.252.122 (depth 2, 28 lits): UNSAT in 0.02s
    cube 2908.252.123 (depth 2, 28 lits): UNSAT in 0.02s
    cube 2908.252.124 (depth 2, 28 lits): UNSAT in 0.03s
    cube 2908.252.125 (depth 2, 28 lits): UNSAT in 0.07s
    cube 2908.252.126 (depth 2, 28 lits): UNSAT in 0.02s
    cube 2908.252.127 (depth 2, 28 lits): UNSAT in 0.05s
    cube 2908.252.128 (depth 2, 28 lits): UNSAT in 0.06s
    cube 2908.252.129 (depth 2, 28 lits): UNSAT in 0.32s
    cube 2908.252.130 (depth 2, 28 lits): UNSAT in 0.02s
    cube 2908.252.131 (depth 2, 28 lits): UNSAT in 0.02s
    cube 2908.252.132 (depth 2, 28 lits): UNSAT in 0.03s
    cube 2908.252.133 (depth 2, 28 lits): UNSAT in 0.15s
    cube 2908.252.134 (depth 2, 28 lits): UNSAT in 0.02s
    cube 2908.252.135 (depth 2, 28 lits): UNSAT in 0.02s
    cube 2908.252.136 (depth 2, 28 lits): UNSAT in 0.02s
    cube 2908.252.137 (depth 2, 28 lits): UNSAT in 0.09s
    cube 2908.252.138 (depth 2, 28 lits): UNSAT in 0.02s
    cube 2908.252.139 (depth 2, 28 lits): UNSAT in 0.08s
    cube 2908.252.140 (depth 2, 28 lits): UNSAT in 0.06s
    cube 2908.252.141 (depth 2, 28 lits): UNSAT in 0.35s
    cube 2908.252.142 (depth 2, 28 lits): UNSAT in 0.11s
    cube 2908.252.143 (depth 2, 28 lits): UNSAT in 0.69s
    cube 2908.252.144 (depth 2, 28 lits): UNSAT in 1.06s
    cube 2908.252.145 (depth 2, 28 lits): UNSAT in 4.29s
    cube 2908.252.146 (depth 2, 28 lits): UNSAT in 0.02s
    cube 2908.252.147 (depth 2, 28 lits): UNSAT in 0.02s
    cube 2908.252.148 (depth 2, 28 lits): UNSAT in 0.02s
    cube 2908.252.149 (depth 2, 28 lits): UNSAT in 0.05s
    cube 2908.252.150 (depth 2, 28 lits): UNSAT in 0.02s
    cube 2908.252.151 (depth 2, 28 lits): UNSAT in 0.03s
    cube 2908.252.152 (depth 2, 28 lits): UNSAT in 0.04s
    cube 2908.252.153 (depth 2, 28 lits): UNSAT in 0.45s
    cube 2908.252.154 (depth 2, 28 lits): UNSAT in 0.03s
    cube 2908.252.155 (depth 2, 28 lits): UNSAT in 0.08s
    cube 2908.252.156 (depth 2, 28 lits): UNSAT in 0.04s
    cube 2908.252.157 (depth 2, 28 lits): UNSAT in 0.06s
    cube 2908.252.158 (depth 2, 28 lits): UNSAT in 0.10s
    cube 2908.252.159 (depth 2, 28 lits): UNSAT in 0.12s
    cube 2908.252.160 (depth 2, 28 lits): UNSAT in 0.09s
    cube 2908.252.161 (depth 2, 28 lits): UNSAT in 0.49s
    cube 2908.252.162 (depth 2, 28 lits): UNSAT in 0.03s
    cube 2908.252.163 (depth 2, 28 lits): UNSAT in 0.03s
    cube 2908.252.164 (depth 2, 28 lits): UNSAT in 0.03s
    cube 2908.252.165 (depth 2, 28 lits): UNSAT in 0.09s
    cube 2908.252.166 (depth 2, 28 lits): UNSAT in 0.04s
    cube 2908.252.167 (depth 2, 28 lits): UNSAT in 0.12s
    cube 2908.252.168 (depth 2, 28 lits): UNSAT in 0.08s
    cube 2908.252.169 (depth 2, 28 lits): UNSAT in 0.54s
    cube 2908.252.170 (depth 2, 28 lits): UNSAT in 0.05s
    cube 2908.252.171 (depth 2, 28 lits): UNSAT in 0.33s
    cube 2908.252.172 (depth 2, 28 lits): UNSAT in 0.24s
    cube 2908.252.173 (depth 2, 28 lits): UNSAT in 1.26s
    cube 2908.252.174 (depth 2, 28 lits): UNSAT in 0.41s
    cube 2908.252.175 (depth 2, 28 lits): UNSAT in 2.40s
    cube 2908.252.176 (depth 2, 28 lits): UNSAT in 4.63s
    cube 2908.252.177 (depth 2, 28 lits): UNSAT in 28.34s
    cube 2908.252.178 (depth 2, 28 lits): UNSAT in 0.02s
    cube 2908.252.179 (depth 2, 28 lits): UNSAT in 0.04s
    cube 2908.252.180 (depth 2, 28 lits): UNSAT in 0.04s
    cube 2908.252.181 (depth 2, 28 lits): UNSAT in 0.06s
    cube 2908.252.182 (depth 2, 28 lits): UNSAT in 0.04s
    cube 2908.252.183 (depth 2, 28 lits): UNSAT in 0.04s
    cube 2908.252.184 (depth 2, 28 lits): UNSAT in 0.03s
    cube 2908.252.185 (depth 2, 28 lits): UNSAT in 0.32s
    cube 2908.252.186 (depth 2, 28 lits): UNSAT in 0.04s
    cube 2908.252.187 (depth 2, 28 lits): UNSAT in 0.10s
    cube 2908.252.188 (depth 2, 28 lits): UNSAT in 0.06s
    cube 2908.252.189 (depth 2, 28 lits): UNSAT in 0.31s
    cube 2908.252.190 (depth 2, 28 lits): UNSAT in 0.12s
    cube 2908.252.191 (depth 2, 28 lits): UNSAT in 0.16s
    cube 2908.252.192 (depth 2, 28 lits): UNSAT in 0.10s
    cube 2908.252.193 (depth 2, 28 lits): UNSAT in 0.08s
    cube 2908.252.194 (depth 2, 28 lits): UNSAT in 0.02s
    cube 2908.252.195 (depth 2, 28 lits): UNSAT in 0.11s
    cube 2908.252.196 (depth 2, 28 lits): UNSAT in 0.06s
    cube 2908.252.197 (depth 2, 28 lits): UNSAT in 0.44s
    cube 2908.252.198 (depth 2, 28 lits): UNSAT in 0.06s
    cube 2908.252.199 (depth 2, 28 lits): UNSAT in 0.18s
    cube 2908.252.200 (depth 2, 28 lits): UNSAT in 0.21s
    cube 2908.252.201 (depth 2, 28 lits): UNSAT in 0.52s
    cube 2908.252.202 (depth 2, 28 lits): UNSAT in 0.08s
    cube 2908.252.203 (depth 2, 28 lits): UNSAT in 0.11s
    cube 2908.252.204 (depth 2, 28 lits): UNSAT in 0.23s
    cube 2908.252.205 (depth 2, 28 lits): UNSAT in 1.43s
    cube 2908.252.206 (depth 2, 28 lits): UNSAT in 0.49s
    cube 2908.252.207 (depth 2, 28 lits): UNSAT in 2.05s
    cube 2908.252.208 (depth 2, 28 lits): UNSAT in 1.57s
    cube 2908.252.209 (depth 2, 28 lits): UNSAT in 14.47s
    cube 2908.252.210 (depth 2, 28 lits): UNSAT in 0.03s
    cube 2908.252.211 (depth 2, 28 lits): UNSAT in 0.13s
    cube 2908.252.212 (depth 2, 28 lits): UNSAT in 0.05s
    cube 2908.252.213 (depth 2, 28 lits): UNSAT in 0.21s
    cube 2908.252.214 (depth 2, 28 lits): UNSAT in 0.18s
    cube 2908.252.215 (depth 2, 28 lits): UNSAT in 0.41s
    cube 2908.252.216 (depth 2, 28 lits): UNSAT in 0.80s
    cube 2908.252.217 (depth 2, 28 lits): UNSAT in 0.78s
    cube 2908.252.218 (depth 2, 28 lits): UNSAT in 0.11s
    cube 2908.252.219 (depth 2, 28 lits): UNSAT in 1.29s
    cube 2908.252.220 (depth 2, 28 lits): UNSAT in 0.25s
    cube 2908.252.221 (depth 2, 28 lits): UNSAT in 0.81s
    cube 2908.252.222 (depth 2, 28 lits): UNSAT in 0.23s
    cube 2908.252.223 (depth 2, 28 lits): UNSAT in 0.88s
    cube 2908.252.224 (depth 2, 28 lits): UNSAT in 2.49s
    cube 2908.252.225 (depth 2, 28 lits): UNSAT in 46.83s
    cube 2908.252.226 (depth 2, 28 lits): UNSAT in 0.22s
    cube 2908.252.227 (depth 2, 28 lits): UNSAT in 0.54s
    cube 2908.252.228 (depth 2, 28 lits): UNSAT in 0.45s
    cube 2908.252.229 (depth 2, 28 lits): UNSAT in 2.18s
    cube 2908.252.230 (depth 2, 28 lits): UNSAT in 0.17s
    cube 2908.252.231 (depth 2, 28 lits): UNSAT in 1.29s
    cube 2908.252.232 (depth 2, 28 lits): UNSAT in 0.62s
    cube 2908.252.233 (depth 2, 28 lits): UNSAT in 25.04s
    cube 2908.252.234 (depth 2, 28 lits): UNSAT in 1.04s
    cube 2908.252.235 (depth 2, 28 lits): UNSAT in 4.10s
    cube 2908.252.236 (depth 2, 28 lits): UNSAT in 1.57s
    cube 2908.252.237 (depth 2, 28 lits): UNSAT in 55.31s
    cube 2908.252.238 (depth 2, 28 lits): UNSAT in 5.49s
    cube 2908.252.239 (depth 2, 28 lits): UNSAT in 66.88s
    cube 2908.252.240 (depth 2, 28 lits): UNSAT in 186.34s
    cube 2908.252.241 (depth 2, 28 lits): UNSAT in 124.17s

  shard 16 verdict: UNSAT (1 UNSAT, 0 unresolved) in 9195.9s
