  shard 3/24 (explicit): 1 of 4095 cubes, per-cube cap 1200.0s, re-split depth 7
    cube 2804 (depth 0, 12 lits): TIMEOUT in 1200.10s
    cube 2804 TIMEOUT -> re-split into 228 sub-cubes (depth 1)
    cube 2804.0 (depth 1, 19 lits): UNSAT in 0.01s
    cube 2804.1 (depth 1, 19 lits): UNSAT in 0.01s
    cube 2804.2 (depth 1, 18 lits): UNSAT in 0.02s
    cube 2804.3 (depth 1, 19 lits): UNSAT in 0.01s
    cube 2804.4 (depth 1, 20 lits): UNSAT in 0.01s
    cube 2804.5 (depth 1, 20 lits): UNSAT in 0.01s
    cube 2804.6 (depth 1, 18 lits): UNSAT in 0.02s
    cube 2804.7 (depth 1, 19 lits): UNSAT in 0.01s
    cube 2804.8 (depth 1, 19 lits): UNSAT in 0.01s
    cube 2804.9 (depth 1, 19 lits): UNSAT in 0.01s
    cube 2804.10 (depth 1, 19 lits): UNSAT in 0.02s
    cube 2804.11 (depth 1, 20 lits): UNSAT in 0.01s
    cube 2804.12 (depth 1, 20 lits): UNSAT in 0.01s
    cube 2804.13 (depth 1, 20 lits): UNSAT in 0.02s
    cube 2804.14 (depth 1, 20 lits): UNSAT in 0.02s
    cube 2804.15 (depth 1, 20 lits): UNSAT in 0.02s
    cube 2804.16 (depth 1, 20 lits): UNSAT in 0.01s
    cube 2804.17 (depth 1, 20 lits): UNSAT in 0.02s
    cube 2804.18 (depth 1, 20 lits): UNSAT in 0.04s
    cube 2804.19 (depth 1, 17 lits): UNSAT in 0.01s
    cube 2804.20 (depth 1, 20 lits): UNSAT in 0.01s
    cube 2804.21 (depth 1, 20 lits): UNSAT in 0.02s
    cube 2804.22 (depth 1, 20 lits): UNSAT in 0.02s
    cube 2804.23 (depth 1, 20 lits): UNSAT in 0.02s
    cube 2804.24 (depth 1, 20 lits): UNSAT in 0.01s
    cube 2804.25 (depth 1, 20 lits): UNSAT in 0.02s
    cube 2804.26 (depth 1, 20 lits): UNSAT in 0.03s
    cube 2804.27 (depth 1, 20 lits): UNSAT in 0.02s
    cube 2804.28 (depth 1, 20 lits): UNSAT in 0.01s
    cube 2804.29 (depth 1, 20 lits): UNSAT in 0.02s
    cube 2804.30 (depth 1, 20 lits): UNSAT in 0.02s
    cube 2804.31 (depth 1, 20 lits): UNSAT in 0.02s
    cube 2804.32 (depth 1, 19 lits): UNSAT in 0.01s
    cube 2804.33 (depth 1, 20 lits): UNSAT in 0.02s
    cube 2804.34 (depth 1, 20 lits): UNSAT in 0.02s
    cube 2804.35 (depth 1, 20 lits): UNSAT in 0.02s
    cube 2804.36 (depth 1, 20 lits): UNSAT in 0.03s
    cube 2804.37 (depth 1, 20 lits): UNSAT in 0.02s
    cube 2804.38 (depth 1, 20 lits): UNSAT in 0.02s
    cube 2804.39 (depth 1, 20 lits): UNSAT in 0.01s
    cube 2804.40 (depth 1, 20 lits): UNSAT in 0.02s
    cube 2804.41 (depth 1, 20 lits): UNSAT in 0.02s
    cube 2804.42 (depth 1, 20 lits): UNSAT in 0.03s
    cube 2804.43 (depth 1, 20 lits): UNSAT in 0.01s
    cube 2804.44 (depth 1, 20 lits): UNSAT in 0.01s
    cube 2804.45 (depth 1, 20 lits): UNSAT in 0.02s
    cube 2804.46 (depth 1, 20 lits): UNSAT in 0.02s
    cube 2804.47 (depth 1, 20 lits): UNSAT in 0.02s
    cube 2804.48 (depth 1, 20 lits): UNSAT in 0.01s
    cube 2804.49 (depth 1, 20 lits): UNSAT in 0.02s
    cube 2804.50 (depth 1, 20 lits): UNSAT in 0.01s
    cube 2804.51 (depth 1, 19 lits): UNSAT in 0.01s
    cube 2804.52 (depth 1, 19 lits): UNSAT in 0.02s
    cube 2804.53 (depth 1, 20 lits): UNSAT in 0.03s
    cube 2804.54 (depth 1, 20 lits): UNSAT in 0.02s
    cube 2804.55 (depth 1, 20 lits): UNSAT in 0.03s
    cube 2804.56 (depth 1, 20 lits): UNSAT in 0.02s
    cube 2804.57 (depth 1, 20 lits): UNSAT in 0.02s
    cube 2804.58 (depth 1, 20 lits): UNSAT in 0.05s
    cube 2804.59 (depth 1, 20 lits): UNSAT in 0.02s
    cube 2804.60 (depth 1, 20 lits): UNSAT in 0.04s
    cube 2804.61 (depth 1, 20 lits): UNSAT in 0.01s
    cube 2804.62 (depth 1, 20 lits): UNSAT in 0.01s
    cube 2804.63 (depth 1, 20 lits): UNSAT in 0.03s
    cube 2804.64 (depth 1, 20 lits): UNSAT in 0.05s
    cube 2804.65 (depth 1, 19 lits): UNSAT in 0.01s
    cube 2804.66 (depth 1, 20 lits): UNSAT in 0.03s
    cube 2804.67 (depth 1, 20 lits): UNSAT in 0.03s
    cube 2804.68 (depth 1, 20 lits): UNSAT in 0.01s
    cube 2804.69 (depth 1, 20 lits): UNSAT in 0.02s
    cube 2804.70 (depth 1, 20 lits): UNSAT in 0.03s
    cube 2804.71 (depth 1, 20 lits): UNSAT in 0.05s
    cube 2804.72 (depth 1, 19 lits): UNSAT in 0.01s
    cube 2804.73 (depth 1, 20 lits): UNSAT in 0.01s
    cube 2804.74 (depth 1, 20 lits): UNSAT in 0.03s
    cube 2804.75 (depth 1, 20 lits): UNSAT in 0.04s
    cube 2804.76 (depth 1, 20 lits): UNSAT in 0.03s
    cube 2804.77 (depth 1, 20 lits): UNSAT in 0.04s
    cube 2804.78 (depth 1, 20 lits): UNSAT in 0.04s
    cube 2804.79 (depth 1, 19 lits): UNSAT in 0.01s
    cube 2804.80 (depth 1, 20 lits): UNSAT in 0.02s
    cube 2804.81 (depth 1, 20 lits): UNSAT in 0.06s
    cube 2804.82 (depth 1, 20 lits): UNSAT in 0.02s
    cube 2804.83 (depth 1, 20 lits): UNSAT in 0.03s
    cube 2804.84 (depth 1, 20 lits): UNSAT in 0.08s
    cube 2804.85 (depth 1, 20 lits): UNSAT in 0.09s
    cube 2804.86 (depth 1, 20 lits): UNSAT in 0.02s
    cube 2804.87 (depth 1, 20 lits): UNSAT in 0.03s
    cube 2804.88 (depth 1, 20 lits): UNSAT in 0.01s
    cube 2804.89 (depth 1, 20 lits): UNSAT in 0.08s
    cube 2804.90 (depth 1, 20 lits): UNSAT in 0.01s
    cube 2804.91 (depth 1, 20 lits): UNSAT in 0.03s
    cube 2804.92 (depth 1, 20 lits): UNSAT in 0.17s
    cube 2804.93 (depth 1, 20 lits): UNSAT in 0.12s
    cube 2804.94 (depth 1, 20 lits): UNSAT in 0.02s
    cube 2804.95 (depth 1, 20 lits): UNSAT in 0.03s
    cube 2804.96 (depth 1, 20 lits): UNSAT in 0.02s
    cube 2804.97 (depth 1, 20 lits): UNSAT in 0.06s
    cube 2804.98 (depth 1, 20 lits): UNSAT in 0.31s
    cube 2804.99 (depth 1, 20 lits): UNSAT in 0.40s
    cube 2804.100 (depth 1, 20 lits): UNSAT in 0.44s
    cube 2804.101 (depth 1, 20 lits): UNSAT in 0.55s
    cube 2804.102 (depth 1, 19 lits): UNSAT in 0.01s
    cube 2804.103 (depth 1, 20 lits): UNSAT in 0.01s
    cube 2804.104 (depth 1, 20 lits): UNSAT in 0.01s
    cube 2804.105 (depth 1, 20 lits): UNSAT in 0.02s
    cube 2804.106 (depth 1, 20 lits): UNSAT in 0.02s
    cube 2804.107 (depth 1, 20 lits): UNSAT in 0.02s
    cube 2804.108 (depth 1, 20 lits): UNSAT in 0.02s
    cube 2804.109 (depth 1, 20 lits): UNSAT in 0.02s
    cube 2804.110 (depth 1, 20 lits): UNSAT in 0.02s
    cube 2804.111 (depth 1, 20 lits): UNSAT in 0.02s
    cube 2804.112 (depth 1, 20 lits): UNSAT in 0.02s
    cube 2804.113 (depth 1, 20 lits): UNSAT in 0.02s
    cube 2804.114 (depth 1, 20 lits): UNSAT in 0.02s
    cube 2804.115 (depth 1, 20 lits): UNSAT in 0.02s
    cube 2804.116 (depth 1, 20 lits): UNSAT in 0.07s
    cube 2804.117 (depth 1, 20 lits): UNSAT in 0.01s
    cube 2804.118 (depth 1, 20 lits): UNSAT in 0.02s
    cube 2804.119 (depth 1, 20 lits): UNSAT in 0.04s
    cube 2804.120 (depth 1, 20 lits): UNSAT in 0.03s
    cube 2804.121 (depth 1, 20 lits): UNSAT in 0.06s
    cube 2804.122 (depth 1, 20 lits): UNSAT in 0.06s
    cube 2804.123 (depth 1, 20 lits): UNSAT in 0.03s
    cube 2804.124 (depth 1, 20 lits): UNSAT in 0.02s
    cube 2804.125 (depth 1, 20 lits): UNSAT in 0.01s
    cube 2804.126 (depth 1, 20 lits): UNSAT in 0.02s
    cube 2804.127 (depth 1, 20 lits): UNSAT in 0.03s
    cube 2804.128 (depth 1, 20 lits): UNSAT in 0.03s
    cube 2804.129 (depth 1, 20 lits): UNSAT in 0.01s
    cube 2804.130 (depth 1, 20 lits): UNSAT in 0.04s
    cube 2804.131 (depth 1, 20 lits): UNSAT in 0.03s
    cube 2804.132 (depth 1, 20 lits): UNSAT in 0.24s
    cube 2804.133 (depth 1, 20 lits): UNSAT in 0.01s
    cube 2804.134 (depth 1, 20 lits): UNSAT in 0.02s
    cube 2804.135 (depth 1, 20 lits): UNSAT in 0.02s
    cube 2804.136 (depth 1, 20 lits): UNSAT in 0.03s
    cube 2804.137 (depth 1, 20 lits): UNSAT in 0.03s
    cube 2804.138 (depth 1, 20 lits): UNSAT in 0.11s
    cube 2804.139 (depth 1, 20 lits): UNSAT in 0.03s
    cube 2804.140 (depth 1, 20 lits): UNSAT in 0.09s
    cube 2804.141 (depth 1, 19 lits): UNSAT in 0.01s
    cube 2804.142 (depth 1, 20 lits): UNSAT in 0.03s
    cube 2804.143 (depth 1, 20 lits): UNSAT in 0.02s
    cube 2804.144 (depth 1, 20 lits): UNSAT in 0.02s
    cube 2804.145 (depth 1, 20 lits): UNSAT in 0.14s
    cube 2804.146 (depth 1, 20 lits): UNSAT in 0.07s
    cube 2804.147 (depth 1, 20 lits): UNSAT in 0.25s
    cube 2804.148 (depth 1, 20 lits): UNSAT in 0.03s
    cube 2804.149 (depth 1, 20 lits): UNSAT in 0.04s
    cube 2804.150 (depth 1, 20 lits): UNSAT in 0.04s
    cube 2804.151 (depth 1, 20 lits): UNSAT in 0.12s
    cube 2804.152 (depth 1, 20 lits): UNSAT in 0.04s
    cube 2804.153 (depth 1, 20 lits): UNSAT in 0.06s
    cube 2804.154 (depth 1, 20 lits): UNSAT in 0.16s
    cube 2804.155 (depth 1, 20 lits): UNSAT in 0.29s
    cube 2804.156 (depth 1, 20 lits): UNSAT in 0.02s
    cube 2804.157 (depth 1, 20 lits): UNSAT in 0.08s
    cube 2804.158 (depth 1, 20 lits): UNSAT in 0.13s
    cube 2804.159 (depth 1, 20 lits): UNSAT in 0.10s
    cube 2804.160 (depth 1, 20 lits): UNSAT in 0.06s
    cube 2804.161 (depth 1, 20 lits): UNSAT in 1.77s
    cube 2804.162 (depth 1, 20 lits): UNSAT in 0.69s
    cube 2804.163 (depth 1, 20 lits): UNSAT in 3.20s
    cube 2804.164 (depth 1, 20 lits): UNSAT in 0.01s
    cube 2804.165 (depth 1, 20 lits): UNSAT in 0.02s
    cube 2804.166 (depth 1, 20 lits): UNSAT in 0.02s
    cube 2804.167 (depth 1, 20 lits): UNSAT in 0.10s
    cube 2804.168 (depth 1, 20 lits): UNSAT in 0.03s
    cube 2804.169 (depth 1, 20 lits): UNSAT in 0.04s
    cube 2804.170 (depth 1, 20 lits): UNSAT in 0.09s
    cube 2804.171 (depth 1, 20 lits): UNSAT in 0.10s
    cube 2804.172 (depth 1, 20 lits): UNSAT in 0.02s
    cube 2804.173 (depth 1, 20 lits): UNSAT in 0.02s
    cube 2804.174 (depth 1, 20 lits): UNSAT in 0.10s
    cube 2804.175 (depth 1, 20 lits): UNSAT in 0.17s
    cube 2804.176 (depth 1, 20 lits): UNSAT in 0.10s
    cube 2804.177 (depth 1, 20 lits): UNSAT in 0.03s
    cube 2804.178 (depth 1, 20 lits): UNSAT in 0.19s
    cube 2804.179 (depth 1, 20 lits): UNSAT in 0.61s
    cube 2804.180 (depth 1, 20 lits): UNSAT in 0.03s
    cube 2804.181 (depth 1, 20 lits): UNSAT in 0.12s
    cube 2804.182 (depth 1, 20 lits): UNSAT in 0.14s
    cube 2804.183 (depth 1, 20 lits): UNSAT in 0.38s
    cube 2804.184 (depth 1, 20 lits): UNSAT in 0.09s
    cube 2804.185 (depth 1, 20 lits): UNSAT in 0.12s
    cube 2804.186 (depth 1, 20 lits): UNSAT in 0.36s
    cube 2804.187 (depth 1, 20 lits): UNSAT in 0.41s
    cube 2804.188 (depth 1, 20 lits): UNSAT in 0.04s
    cube 2804.189 (depth 1, 20 lits): UNSAT in 0.33s
    cube 2804.190 (depth 1, 20 lits): UNSAT in 0.12s
    cube 2804.191 (depth 1, 20 lits): UNSAT in 0.75s
    cube 2804.192 (depth 1, 20 lits): UNSAT in 0.30s
    cube 2804.193 (depth 1, 20 lits): UNSAT in 1.39s
    cube 2804.194 (depth 1, 20 lits): UNSAT in 1.01s
    cube 2804.195 (depth 1, 20 lits): UNSAT in 8.13s
    cube 2804.196 (depth 1, 20 lits): UNSAT in 0.02s
    cube 2804.197 (depth 1, 20 lits): UNSAT in 0.09s
    cube 2804.198 (depth 1, 20 lits): UNSAT in 0.08s
    cube 2804.199 (depth 1, 20 lits): UNSAT in 0.15s
    cube 2804.200 (depth 1, 20 lits): UNSAT in 0.06s
    cube 2804.201 (depth 1, 20 lits): UNSAT in 0.07s
    cube 2804.202 (depth 1, 20 lits): UNSAT in 0.10s
    cube 2804.203 (depth 1, 20 lits): UNSAT in 0.28s
    cube 2804.204 (depth 1, 20 lits): UNSAT in 0.04s
    cube 2804.205 (depth 1, 20 lits): UNSAT in 0.11s
    cube 2804.206 (depth 1, 20 lits): UNSAT in 0.04s
    cube 2804.207 (depth 1, 20 lits): UNSAT in 0.14s
    cube 2804.208 (depth 1, 20 lits): UNSAT in 0.39s
    cube 2804.209 (depth 1, 20 lits): UNSAT in 0.19s
    cube 2804.210 (depth 1, 20 lits): UNSAT in 0.79s
    cube 2804.211 (depth 1, 20 lits): UNSAT in 4.94s
    cube 2804.212 (depth 1, 20 lits): UNSAT in 0.04s
    cube 2804.213 (depth 1, 20 lits): UNSAT in 0.30s
    cube 2804.214 (depth 1, 20 lits): UNSAT in 0.39s
    cube 2804.215 (depth 1, 20 lits): UNSAT in 0.62s
    cube 2804.216 (depth 1, 20 lits): UNSAT in 0.66s
    cube 2804.217 (depth 1, 20 lits): UNSAT in 0.87s
    cube 2804.218 (depth 1, 20 lits): UNSAT in 0.27s
    cube 2804.219 (depth 1, 20 lits): UNSAT in 11.97s
    cube 2804.220 (depth 1, 20 lits): UNSAT in 0.41s
    cube 2804.221 (depth 1, 20 lits): UNSAT in 0.74s
    cube 2804.222 (depth 1, 20 lits): UNSAT in 2.21s
    cube 2804.223 (depth 1, 20 lits): UNSAT in 18.39s
    cube 2804.224 (depth 1, 20 lits): UNSAT in 0.85s
    cube 2804.225 (depth 1, 20 lits): UNSAT in 19.41s
    cube 2804.226 (depth 1, 20 lits): UNSAT in 34.48s
    cube 2804.227 (depth 1, 20 lits): UNSAT in 26.75s

  shard 3 verdict: UNSAT (1 UNSAT, 0 unresolved) in 1358.8s
