  shard 7/24 (explicit): 1 of 4095 cubes, per-cube cap 1200.0s, re-split depth 7
    cube 2808 (depth 0, 12 lits): TIMEOUT in 1200.10s
    cube 2808 TIMEOUT -> re-split into 241 sub-cubes (depth 1)
    cube 2808.0 (depth 1, 18 lits): UNSAT in 0.02s
    cube 2808.1 (depth 1, 20 lits): UNSAT in 0.01s
    cube 2808.2 (depth 1, 20 lits): UNSAT in 0.01s
    cube 2808.3 (depth 1, 19 lits): UNSAT in 0.01s
    cube 2808.4 (depth 1, 20 lits): UNSAT in 0.01s
    cube 2808.5 (depth 1, 20 lits): UNSAT in 0.02s
    cube 2808.6 (depth 1, 20 lits): UNSAT in 0.02s
    cube 2808.7 (depth 1, 20 lits): UNSAT in 0.02s
    cube 2808.8 (depth 1, 20 lits): UNSAT in 0.01s
    cube 2808.9 (depth 1, 20 lits): UNSAT in 0.03s
    cube 2808.10 (depth 1, 20 lits): UNSAT in 0.01s
    cube 2808.11 (depth 1, 20 lits): UNSAT in 0.04s
    cube 2808.12 (depth 1, 19 lits): UNSAT in 0.02s
    cube 2808.13 (depth 1, 19 lits): UNSAT in 0.02s
    cube 2808.14 (depth 1, 20 lits): UNSAT in 0.01s
    cube 2808.15 (depth 1, 20 lits): UNSAT in 0.04s
    cube 2808.16 (depth 1, 20 lits): UNSAT in 0.01s
    cube 2808.17 (depth 1, 20 lits): UNSAT in 0.04s
    cube 2808.18 (depth 1, 20 lits): UNSAT in 0.01s
    cube 2808.19 (depth 1, 20 lits): UNSAT in 0.03s
    cube 2808.20 (depth 1, 20 lits): UNSAT in 0.02s
    cube 2808.21 (depth 1, 20 lits): UNSAT in 0.04s
    cube 2808.22 (depth 1, 20 lits): UNSAT in 0.02s
    cube 2808.23 (depth 1, 20 lits): UNSAT in 0.03s
    cube 2808.24 (depth 1, 20 lits): UNSAT in 0.04s
    cube 2808.25 (depth 1, 20 lits): UNSAT in 0.11s
    cube 2808.26 (depth 1, 19 lits): UNSAT in 0.01s
    cube 2808.27 (depth 1, 20 lits): UNSAT in 0.02s
    cube 2808.28 (depth 1, 20 lits): UNSAT in 0.02s
    cube 2808.29 (depth 1, 19 lits): UNSAT in 0.01s
    cube 2808.30 (depth 1, 20 lits): UNSAT in 0.02s
    cube 2808.31 (depth 1, 20 lits): UNSAT in 0.01s
    cube 2808.32 (depth 1, 18 lits): UNSAT in 0.02s
    cube 2808.33 (depth 1, 20 lits): UNSAT in 0.02s
    cube 2808.34 (depth 1, 20 lits): UNSAT in 0.01s
    cube 2808.35 (depth 1, 19 lits): UNSAT in 0.02s
    cube 2808.36 (depth 1, 19 lits): UNSAT in 0.01s
    cube 2808.37 (depth 1, 20 lits): UNSAT in 0.05s
    cube 2808.38 (depth 1, 20 lits): UNSAT in 0.06s
    cube 2808.39 (depth 1, 20 lits): UNSAT in 0.01s
    cube 2808.40 (depth 1, 20 lits): UNSAT in 0.03s
    cube 2808.41 (depth 1, 20 lits): UNSAT in 0.09s
    cube 2808.42 (depth 1, 20 lits): UNSAT in 0.07s
    cube 2808.43 (depth 1, 20 lits): UNSAT in 0.03s
    cube 2808.44 (depth 1, 20 lits): UNSAT in 0.03s
    cube 2808.45 (depth 1, 20 lits): UNSAT in 0.03s
    cube 2808.46 (depth 1, 20 lits): UNSAT in 0.03s
    cube 2808.47 (depth 1, 20 lits): UNSAT in 0.04s
    cube 2808.48 (depth 1, 20 lits): UNSAT in 0.04s
    cube 2808.49 (depth 1, 20 lits): UNSAT in 0.02s
    cube 2808.50 (depth 1, 20 lits): UNSAT in 0.02s
    cube 2808.51 (depth 1, 20 lits): UNSAT in 0.04s
    cube 2808.52 (depth 1, 20 lits): UNSAT in 0.03s
    cube 2808.53 (depth 1, 20 lits): UNSAT in 0.05s
    cube 2808.54 (depth 1, 20 lits): UNSAT in 0.06s
    cube 2808.55 (depth 1, 20 lits): UNSAT in 0.04s
    cube 2808.56 (depth 1, 20 lits): UNSAT in 0.07s
    cube 2808.57 (depth 1, 20 lits): UNSAT in 0.04s
    cube 2808.58 (depth 1, 20 lits): UNSAT in 0.07s
    cube 2808.59 (depth 1, 20 lits): UNSAT in 0.02s
    cube 2808.60 (depth 1, 20 lits): UNSAT in 0.02s
    cube 2808.61 (depth 1, 20 lits): UNSAT in 0.02s
    cube 2808.62 (depth 1, 20 lits): UNSAT in 0.14s
    cube 2808.63 (depth 1, 20 lits): UNSAT in 0.03s
    cube 2808.64 (depth 1, 20 lits): UNSAT in 0.05s
    cube 2808.65 (depth 1, 20 lits): UNSAT in 0.03s
    cube 2808.66 (depth 1, 20 lits): UNSAT in 0.11s
    cube 2808.67 (depth 1, 20 lits): UNSAT in 0.03s
    cube 2808.68 (depth 1, 20 lits): UNSAT in 0.11s
    cube 2808.69 (depth 1, 20 lits): UNSAT in 0.10s
    cube 2808.70 (depth 1, 20 lits): UNSAT in 0.16s
    cube 2808.71 (depth 1, 20 lits): UNSAT in 0.06s
    cube 2808.72 (depth 1, 20 lits): UNSAT in 0.14s
    cube 2808.73 (depth 1, 20 lits): UNSAT in 0.18s
    cube 2808.74 (depth 1, 20 lits): UNSAT in 0.40s
    cube 2808.75 (depth 1, 19 lits): UNSAT in 0.01s
    cube 2808.76 (depth 1, 20 lits): UNSAT in 0.08s
    cube 2808.77 (depth 1, 20 lits): UNSAT in 0.23s
    cube 2808.78 (depth 1, 20 lits): UNSAT in 0.19s
    cube 2808.79 (depth 1, 20 lits): UNSAT in 0.32s
    cube 2808.80 (depth 1, 20 lits): UNSAT in 0.23s
    cube 2808.81 (depth 1, 20 lits): UNSAT in 0.85s
    cube 2808.82 (depth 1, 20 lits): UNSAT in 0.02s
    cube 2808.83 (depth 1, 20 lits): UNSAT in 0.03s
    cube 2808.84 (depth 1, 20 lits): UNSAT in 0.04s
    cube 2808.85 (depth 1, 20 lits): UNSAT in 0.18s
    cube 2808.86 (depth 1, 20 lits): UNSAT in 0.03s
    cube 2808.87 (depth 1, 20 lits): UNSAT in 0.13s
    cube 2808.88 (depth 1, 20 lits): UNSAT in 0.09s
    cube 2808.89 (depth 1, 20 lits): UNSAT in 0.18s
    cube 2808.90 (depth 1, 20 lits): UNSAT in 0.03s
    cube 2808.91 (depth 1, 20 lits): UNSAT in 0.05s
    cube 2808.92 (depth 1, 20 lits): UNSAT in 0.04s
    cube 2808.93 (depth 1, 20 lits): UNSAT in 0.05s
    cube 2808.94 (depth 1, 20 lits): UNSAT in 0.02s
    cube 2808.95 (depth 1, 20 lits): UNSAT in 0.07s
    cube 2808.96 (depth 1, 20 lits): UNSAT in 0.27s
    cube 2808.97 (depth 1, 20 lits): UNSAT in 0.33s
    cube 2808.98 (depth 1, 20 lits): UNSAT in 0.03s
    cube 2808.99 (depth 1, 20 lits): UNSAT in 0.13s
    cube 2808.100 (depth 1, 20 lits): UNSAT in 0.17s
    cube 2808.101 (depth 1, 20 lits): UNSAT in 0.23s
    cube 2808.102 (depth 1, 20 lits): UNSAT in 0.14s
    cube 2808.103 (depth 1, 20 lits): UNSAT in 0.15s
    cube 2808.104 (depth 1, 20 lits): UNSAT in 0.36s
    cube 2808.105 (depth 1, 20 lits): UNSAT in 1.08s
    cube 2808.106 (depth 1, 20 lits): UNSAT in 0.10s
    cube 2808.107 (depth 1, 20 lits): UNSAT in 0.20s
    cube 2808.108 (depth 1, 20 lits): UNSAT in 0.34s
    cube 2808.109 (depth 1, 20 lits): UNSAT in 1.27s
    cube 2808.110 (depth 1, 20 lits): UNSAT in 0.64s
    cube 2808.111 (depth 1, 20 lits): UNSAT in 3.46s
    cube 2808.112 (depth 1, 20 lits): UNSAT in 4.74s
    cube 2808.113 (depth 1, 20 lits): UNSAT in 7.10s
    cube 2808.114 (depth 1, 19 lits): UNSAT in 0.02s
    cube 2808.115 (depth 1, 20 lits): UNSAT in 0.02s
    cube 2808.116 (depth 1, 20 lits): UNSAT in 0.04s
    cube 2808.117 (depth 1, 20 lits): UNSAT in 0.02s
    cube 2808.118 (depth 1, 20 lits): UNSAT in 0.04s
    cube 2808.119 (depth 1, 20 lits): UNSAT in 0.03s
    cube 2808.120 (depth 1, 20 lits): UNSAT in 0.08s
    cube 2808.121 (depth 1, 20 lits): UNSAT in 0.01s
    cube 2808.122 (depth 1, 20 lits): UNSAT in 0.03s
    cube 2808.123 (depth 1, 20 lits): UNSAT in 0.02s
    cube 2808.124 (depth 1, 20 lits): UNSAT in 0.12s
    cube 2808.125 (depth 1, 20 lits): UNSAT in 0.03s
    cube 2808.126 (depth 1, 20 lits): UNSAT in 0.05s
    cube 2808.127 (depth 1, 20 lits): UNSAT in 0.12s
    cube 2808.128 (depth 1, 20 lits): UNSAT in 0.21s
    cube 2808.129 (depth 1, 20 lits): UNSAT in 0.02s
    cube 2808.130 (depth 1, 20 lits): UNSAT in 0.02s
    cube 2808.131 (depth 1, 20 lits): UNSAT in 0.07s
    cube 2808.132 (depth 1, 20 lits): UNSAT in 0.10s
    cube 2808.133 (depth 1, 20 lits): UNSAT in 0.03s
    cube 2808.134 (depth 1, 20 lits): UNSAT in 0.09s
    cube 2808.135 (depth 1, 20 lits): UNSAT in 0.03s
    cube 2808.136 (depth 1, 20 lits): UNSAT in 0.10s
    cube 2808.137 (depth 1, 20 lits): UNSAT in 0.09s
    cube 2808.138 (depth 1, 20 lits): UNSAT in 0.11s
    cube 2808.139 (depth 1, 20 lits): UNSAT in 0.16s
    cube 2808.140 (depth 1, 20 lits): UNSAT in 0.27s
    cube 2808.141 (depth 1, 20 lits): UNSAT in 0.04s
    cube 2808.142 (depth 1, 20 lits): UNSAT in 0.17s
    cube 2808.143 (depth 1, 20 lits): UNSAT in 0.19s
    cube 2808.144 (depth 1, 20 lits): UNSAT in 0.25s
    cube 2808.145 (depth 1, 20 lits): UNSAT in 0.01s
    cube 2808.146 (depth 1, 20 lits): UNSAT in 0.01s
    cube 2808.147 (depth 1, 20 lits): UNSAT in 0.02s
    cube 2808.148 (depth 1, 20 lits): UNSAT in 0.03s
    cube 2808.149 (depth 1, 20 lits): UNSAT in 0.03s
    cube 2808.150 (depth 1, 20 lits): UNSAT in 0.03s
    cube 2808.151 (depth 1, 20 lits): UNSAT in 0.01s
    cube 2808.152 (depth 1, 20 lits): UNSAT in 0.03s
    cube 2808.153 (depth 1, 20 lits): UNSAT in 0.02s
    cube 2808.154 (depth 1, 20 lits): UNSAT in 0.01s
    cube 2808.155 (depth 1, 20 lits): UNSAT in 0.04s
    cube 2808.156 (depth 1, 20 lits): UNSAT in 0.06s
    cube 2808.157 (depth 1, 20 lits): UNSAT in 0.04s
    cube 2808.158 (depth 1, 20 lits): UNSAT in 0.15s
    cube 2808.159 (depth 1, 20 lits): UNSAT in 0.04s
    cube 2808.160 (depth 1, 20 lits): UNSAT in 0.26s
    cube 2808.161 (depth 1, 20 lits): UNSAT in 0.02s
    cube 2808.162 (depth 1, 20 lits): UNSAT in 0.03s
    cube 2808.163 (depth 1, 20 lits): UNSAT in 0.08s
    cube 2808.164 (depth 1, 20 lits): UNSAT in 0.14s
    cube 2808.165 (depth 1, 20 lits): UNSAT in 0.08s
    cube 2808.166 (depth 1, 20 lits): UNSAT in 0.07s
    cube 2808.167 (depth 1, 20 lits): UNSAT in 0.09s
    cube 2808.168 (depth 1, 20 lits): UNSAT in 0.46s
    cube 2808.169 (depth 1, 20 lits): UNSAT in 0.22s
    cube 2808.170 (depth 1, 20 lits): UNSAT in 0.47s
    cube 2808.171 (depth 1, 20 lits): UNSAT in 0.44s
    cube 2808.172 (depth 1, 20 lits): UNSAT in 1.34s
    cube 2808.173 (depth 1, 20 lits): UNSAT in 0.44s
    cube 2808.174 (depth 1, 20 lits): UNSAT in 1.24s
    cube 2808.175 (depth 1, 20 lits): UNSAT in 1.67s
    cube 2808.176 (depth 1, 20 lits): UNSAT in 12.63s
    cube 2808.177 (depth 1, 20 lits): UNSAT in 0.01s
    cube 2808.178 (depth 1, 20 lits): UNSAT in 0.02s
    cube 2808.179 (depth 1, 20 lits): UNSAT in 0.02s
    cube 2808.180 (depth 1, 20 lits): UNSAT in 0.04s
    cube 2808.181 (depth 1, 20 lits): UNSAT in 0.03s
    cube 2808.182 (depth 1, 20 lits): UNSAT in 0.08s
    cube 2808.183 (depth 1, 20 lits): UNSAT in 0.07s
    cube 2808.184 (depth 1, 20 lits): UNSAT in 0.17s
    cube 2808.185 (depth 1, 20 lits): UNSAT in 0.03s
    cube 2808.186 (depth 1, 20 lits): UNSAT in 0.06s
    cube 2808.187 (depth 1, 20 lits): UNSAT in 0.05s
    cube 2808.188 (depth 1, 20 lits): UNSAT in 0.05s
    cube 2808.189 (depth 1, 20 lits): UNSAT in 0.13s
    cube 2808.190 (depth 1, 20 lits): UNSAT in 0.04s
    cube 2808.191 (depth 1, 20 lits): UNSAT in 0.14s
    cube 2808.192 (depth 1, 20 lits): UNSAT in 0.29s
    cube 2808.193 (depth 1, 20 lits): UNSAT in 0.04s
    cube 2808.194 (depth 1, 20 lits): UNSAT in 0.18s
    cube 2808.195 (depth 1, 20 lits): UNSAT in 0.06s
    cube 2808.196 (depth 1, 20 lits): UNSAT in 0.11s
    cube 2808.197 (depth 1, 20 lits): UNSAT in 0.03s
    cube 2808.198 (depth 1, 20 lits): UNSAT in 0.03s
    cube 2808.199 (depth 1, 20 lits): UNSAT in 0.13s
    cube 2808.200 (depth 1, 20 lits): UNSAT in 0.49s
    cube 2808.201 (depth 1, 20 lits): UNSAT in 0.06s
    cube 2808.202 (depth 1, 20 lits): UNSAT in 0.64s
    cube 2808.203 (depth 1, 20 lits): UNSAT in 0.28s
    cube 2808.204 (depth 1, 20 lits): UNSAT in 1.04s
    cube 2808.205 (depth 1, 20 lits): UNSAT in 0.16s
    cube 2808.206 (depth 1, 20 lits): UNSAT in 1.45s
    cube 2808.207 (depth 1, 20 lits): UNSAT in 1.16s
    cube 2808.208 (depth 1, 20 lits): UNSAT in 14.39s
    cube 2808.209 (depth 1, 20 lits): UNSAT in 0.06s
    cube 2808.210 (depth 1, 20 lits): UNSAT in 0.09s
    cube 2808.211 (depth 1, 20 lits): UNSAT in 0.04s
    cube 2808.212 (depth 1, 20 lits): UNSAT in 0.14s
    cube 2808.213 (depth 1, 20 lits): UNSAT in 0.02s
    cube 2808.214 (depth 1, 20 lits): UNSAT in 0.07s
    cube 2808.215 (depth 1, 20 lits): UNSAT in 0.09s
    cube 2808.216 (depth 1, 20 lits): UNSAT in 1.05s
    cube 2808.217 (depth 1, 20 lits): UNSAT in 0.18s
    cube 2808.218 (depth 1, 20 lits): UNSAT in 0.60s
    cube 2808.219 (depth 1, 20 lits): UNSAT in 0.25s
    cube 2808.220 (depth 1, 20 lits): UNSAT in 0.59s
    cube 2808.221 (depth 1, 20 lits): UNSAT in 0.73s
    cube 2808.222 (depth 1, 20 lits): UNSAT in 2.21s
    cube 2808.223 (depth 1, 20 lits): UNSAT in 4.87s
    cube 2808.224 (depth 1, 20 lits): UNSAT in 20.52s
    cube 2808.225 (depth 1, 20 lits): UNSAT in 0.08s
    cube 2808.226 (depth 1, 20 lits): UNSAT in 0.18s
    cube 2808.227 (depth 1, 20 lits): UNSAT in 0.46s
    cube 2808.228 (depth 1, 20 lits): UNSAT in 2.51s
    cube 2808.229 (depth 1, 20 lits): UNSAT in 0.15s
    cube 2808.230 (depth 1, 20 lits): UNSAT in 1.10s
    cube 2808.231 (depth 1, 20 lits): UNSAT in 0.83s
    cube 2808.232 (depth 1, 20 lits): UNSAT in 27.41s
    cube 2808.233 (depth 1, 20 lits): UNSAT in 0.30s
    cube 2808.234 (depth 1, 20 lits): UNSAT in 0.91s
    cube 2808.235 (depth 1, 20 lits): UNSAT in 0.26s
    cube 2808.236 (depth 1, 20 lits): UNSAT in 15.19s
    cube 2808.237 (depth 1, 20 lits): UNSAT in 0.30s
    cube 2808.238 (depth 1, 20 lits): UNSAT in 9.39s
    cube 2808.239 (depth 1, 20 lits): UNSAT in 20.75s
    cube 2808.240 (depth 1, 20 lits): UNSAT in 73.14s

  shard 7 verdict: UNSAT (1 UNSAT, 0 unresolved) in 1460.2s
