  shard 10/24 (explicit): 1 of 4095 cubes, per-cube cap 1200.0s, re-split depth 7
    cube 2811 (depth 0, 12 lits): TIMEOUT in 1200.04s
    cube 2811 TIMEOUT -> re-split into 247 sub-cubes (depth 1)
    cube 2811.0 (depth 1, 19 lits): UNSAT in 0.01s
    cube 2811.1 (depth 1, 19 lits): UNSAT in 0.02s
    cube 2811.2 (depth 1, 20 lits): UNSAT in 0.01s
    cube 2811.3 (depth 1, 20 lits): UNSAT in 0.02s
    cube 2811.4 (depth 1, 20 lits): UNSAT in 0.02s
    cube 2811.5 (depth 1, 20 lits): UNSAT in 0.02s
    cube 2811.6 (depth 1, 18 lits): UNSAT in 0.02s
    cube 2811.7 (depth 1, 20 lits): UNSAT in 0.02s
    cube 2811.8 (depth 1, 20 lits): UNSAT in 0.04s
    cube 2811.9 (depth 1, 20 lits): UNSAT in 0.02s
    cube 2811.10 (depth 1, 20 lits): UNSAT in 0.05s
    cube 2811.11 (depth 1, 20 lits): UNSAT in 0.01s
    cube 2811.12 (depth 1, 20 lits): UNSAT in 0.02s
    cube 2811.13 (depth 1, 20 lits): UNSAT in 0.02s
    cube 2811.14 (depth 1, 20 lits): UNSAT in 0.02s
    cube 2811.15 (depth 1, 20 lits): UNSAT in 0.02s
    cube 2811.16 (depth 1, 20 lits): UNSAT in 0.06s
    cube 2811.17 (depth 1, 20 lits): UNSAT in 0.05s
    cube 2811.18 (depth 1, 20 lits): UNSAT in 0.04s
    cube 2811.19 (depth 1, 20 lits): UNSAT in 0.02s
    cube 2811.20 (depth 1, 20 lits): UNSAT in 0.11s
    cube 2811.21 (depth 1, 20 lits): UNSAT in 0.08s
    cube 2811.22 (depth 1, 20 lits): UNSAT in 0.15s
    cube 2811.23 (depth 1, 20 lits): UNSAT in 0.15s
    cube 2811.24 (depth 1, 20 lits): UNSAT in 0.29s
    cube 2811.25 (depth 1, 20 lits): UNSAT in 0.24s
    cube 2811.26 (depth 1, 20 lits): UNSAT in 0.90s
    cube 2811.27 (depth 1, 20 lits): UNSAT in 0.02s
    cube 2811.28 (depth 1, 20 lits): UNSAT in 0.01s
    cube 2811.29 (depth 1, 20 lits): UNSAT in 0.03s
    cube 2811.30 (depth 1, 20 lits): UNSAT in 0.08s
    cube 2811.31 (depth 1, 20 lits): UNSAT in 0.02s
    cube 2811.32 (depth 1, 20 lits): UNSAT in 0.03s
    cube 2811.33 (depth 1, 20 lits): UNSAT in 0.02s
    cube 2811.34 (depth 1, 20 lits): UNSAT in 0.07s
    cube 2811.35 (depth 1, 20 lits): UNSAT in 0.02s
    cube 2811.36 (depth 1, 20 lits): UNSAT in 0.04s
    cube 2811.37 (depth 1, 19 lits): UNSAT in 0.02s
    cube 2811.38 (depth 1, 20 lits): UNSAT in 0.02s
    cube 2811.39 (depth 1, 20 lits): UNSAT in 0.02s
    cube 2811.40 (depth 1, 20 lits): UNSAT in 0.03s
    cube 2811.41 (depth 1, 20 lits): UNSAT in 0.13s
    cube 2811.42 (depth 1, 20 lits): UNSAT in 0.03s
    cube 2811.43 (depth 1, 20 lits): UNSAT in 0.04s
    cube 2811.44 (depth 1, 20 lits): UNSAT in 0.04s
    cube 2811.45 (depth 1, 20 lits): UNSAT in 0.25s
    cube 2811.46 (depth 1, 20 lits): UNSAT in 0.12s
    cube 2811.47 (depth 1, 20 lits): UNSAT in 0.04s
    cube 2811.48 (depth 1, 20 lits): UNSAT in 0.08s
    cube 2811.49 (depth 1, 20 lits): UNSAT in 0.09s
    cube 2811.50 (depth 1, 20 lits): UNSAT in 0.08s
    cube 2811.51 (depth 1, 20 lits): UNSAT in 0.32s
    cube 2811.52 (depth 1, 20 lits): UNSAT in 0.07s
    cube 2811.53 (depth 1, 20 lits): UNSAT in 0.23s
    cube 2811.54 (depth 1, 20 lits): UNSAT in 0.10s
    cube 2811.55 (depth 1, 20 lits): UNSAT in 1.20s
    cube 2811.56 (depth 1, 20 lits): UNSAT in 0.96s
    cube 2811.57 (depth 1, 20 lits): UNSAT in 5.52s
    cube 2811.58 (depth 1, 20 lits): UNSAT in 0.02s
    cube 2811.59 (depth 1, 20 lits): UNSAT in 0.04s
    cube 2811.60 (depth 1, 20 lits): UNSAT in 0.03s
    cube 2811.61 (depth 1, 20 lits): UNSAT in 0.09s
    cube 2811.62 (depth 1, 20 lits): UNSAT in 0.03s
    cube 2811.63 (depth 1, 20 lits): UNSAT in 0.06s
    cube 2811.64 (depth 1, 20 lits): UNSAT in 0.21s
    cube 2811.65 (depth 1, 20 lits): UNSAT in 0.65s
    cube 2811.66 (depth 1, 20 lits): UNSAT in 0.02s
    cube 2811.67 (depth 1, 20 lits): UNSAT in 0.06s
    cube 2811.68 (depth 1, 20 lits): UNSAT in 0.14s
    cube 2811.69 (depth 1, 20 lits): UNSAT in 0.12s
    cube 2811.70 (depth 1, 20 lits): UNSAT in 0.02s
    cube 2811.71 (depth 1, 20 lits): UNSAT in 0.36s
    cube 2811.72 (depth 1, 20 lits): UNSAT in 0.16s
    cube 2811.73 (depth 1, 20 lits): UNSAT in 0.70s
    cube 2811.74 (depth 1, 20 lits): UNSAT in 0.03s
    cube 2811.75 (depth 1, 20 lits): UNSAT in 0.03s
    cube 2811.76 (depth 1, 20 lits): UNSAT in 0.08s
    cube 2811.77 (depth 1, 20 lits): UNSAT in 0.17s
    cube 2811.78 (depth 1, 20 lits): UNSAT in 0.08s
    cube 2811.79 (depth 1, 20 lits): UNSAT in 0.31s
    cube 2811.80 (depth 1, 20 lits): UNSAT in 0.26s
    cube 2811.81 (depth 1, 20 lits): UNSAT in 0.53s
    cube 2811.82 (depth 1, 20 lits): UNSAT in 0.08s
    cube 2811.83 (depth 1, 20 lits): UNSAT in 0.25s
    cube 2811.84 (depth 1, 20 lits): UNSAT in 0.42s
    cube 2811.85 (depth 1, 20 lits): UNSAT in 0.64s
    cube 2811.86 (depth 1, 20 lits): UNSAT in 0.22s
    cube 2811.87 (depth 1, 20 lits): UNSAT in 0.94s
    cube 2811.88 (depth 1, 20 lits): UNSAT in 0.87s
    cube 2811.89 (depth 1, 20 lits): UNSAT in 2.88s
    cube 2811.90 (depth 1, 20 lits): UNSAT in 0.02s
    cube 2811.91 (depth 1, 20 lits): UNSAT in 0.02s
    cube 2811.92 (depth 1, 20 lits): UNSAT in 0.05s
    cube 2811.93 (depth 1, 20 lits): UNSAT in 0.12s
    cube 2811.94 (depth 1, 20 lits): UNSAT in 0.06s
    cube 2811.95 (depth 1, 20 lits): UNSAT in 0.18s
    cube 2811.96 (depth 1, 20 lits): UNSAT in 0.18s
    cube 2811.97 (depth 1, 20 lits): UNSAT in 0.82s
    cube 2811.98 (depth 1, 20 lits): UNSAT in 0.04s
    cube 2811.99 (depth 1, 20 lits): UNSAT in 0.15s
    cube 2811.100 (depth 1, 20 lits): UNSAT in 0.10s
    cube 2811.101 (depth 1, 20 lits): UNSAT in 0.15s
    cube 2811.102 (depth 1, 20 lits): UNSAT in 0.03s
    cube 2811.103 (depth 1, 20 lits): UNSAT in 0.11s
    cube 2811.104 (depth 1, 20 lits): UNSAT in 0.24s
    cube 2811.105 (depth 1, 20 lits): UNSAT in 0.79s
    cube 2811.106 (depth 1, 20 lits): UNSAT in 0.05s
    cube 2811.107 (depth 1, 20 lits): UNSAT in 0.13s
    cube 2811.108 (depth 1, 20 lits): UNSAT in 0.44s
    cube 2811.109 (depth 1, 20 lits): UNSAT in 1.00s
    cube 2811.110 (depth 1, 20 lits): UNSAT in 0.41s
    cube 2811.111 (depth 1, 20 lits): UNSAT in 0.71s
    cube 2811.112 (depth 1, 20 lits): UNSAT in 0.62s
    cube 2811.113 (depth 1, 20 lits): UNSAT in 1.52s
    cube 2811.114 (depth 1, 20 lits): UNSAT in 0.07s
    cube 2811.115 (depth 1, 20 lits): UNSAT in 0.69s
    cube 2811.116 (depth 1, 20 lits): UNSAT in 2.24s
    cube 2811.117 (depth 1, 20 lits): UNSAT in 4.58s
    cube 2811.118 (depth 1, 20 lits): UNSAT in 0.36s
    cube 2811.119 (depth 1, 20 lits): UNSAT in 1.93s
    cube 2811.120 (depth 1, 20 lits): UNSAT in 4.49s
    cube 2811.121 (depth 1, 20 lits): UNSAT in 42.49s
    cube 2811.122 (depth 1, 18 lits): UNSAT in 0.01s
    cube 2811.123 (depth 1, 20 lits): UNSAT in 0.03s
    cube 2811.124 (depth 1, 20 lits): UNSAT in 0.02s
    cube 2811.125 (depth 1, 20 lits): UNSAT in 0.03s
    cube 2811.126 (depth 1, 20 lits): UNSAT in 0.03s
    cube 2811.127 (depth 1, 20 lits): UNSAT in 0.03s
    cube 2811.128 (depth 1, 20 lits): UNSAT in 0.04s
    cube 2811.129 (depth 1, 20 lits): UNSAT in 0.03s
    cube 2811.130 (depth 1, 20 lits): UNSAT in 0.03s
    cube 2811.131 (depth 1, 20 lits): UNSAT in 0.02s
    cube 2811.132 (depth 1, 20 lits): UNSAT in 0.03s
    cube 2811.133 (depth 1, 20 lits): UNSAT in 0.02s
    cube 2811.134 (depth 1, 20 lits): UNSAT in 0.08s
    cube 2811.135 (depth 1, 20 lits): UNSAT in 0.02s
    cube 2811.136 (depth 1, 20 lits): UNSAT in 0.03s
    cube 2811.137 (depth 1, 20 lits): UNSAT in 0.02s
    cube 2811.138 (depth 1, 20 lits): UNSAT in 0.02s
    cube 2811.139 (depth 1, 20 lits): UNSAT in 0.02s
    cube 2811.140 (depth 1, 20 lits): UNSAT in 0.03s
    cube 2811.141 (depth 1, 20 lits): UNSAT in 0.05s
    cube 2811.142 (depth 1, 20 lits): UNSAT in 0.03s
    cube 2811.143 (depth 1, 20 lits): UNSAT in 0.02s
    cube 2811.144 (depth 1, 20 lits): UNSAT in 0.06s
    cube 2811.145 (depth 1, 20 lits): UNSAT in 0.02s
    cube 2811.146 (depth 1, 20 lits): UNSAT in 0.09s
    cube 2811.147 (depth 1, 20 lits): UNSAT in 0.04s
    cube 2811.148 (depth 1, 20 lits): UNSAT in 0.11s
    cube 2811.149 (depth 1, 20 lits): UNSAT in 0.24s
    cube 2811.150 (depth 1, 20 lits): UNSAT in 0.31s
    cube 2811.151 (depth 1, 20 lits): UNSAT in 0.02s
    cube 2811.152 (depth 1, 20 lits): UNSAT in 0.04s
    cube 2811.153 (depth 1, 20 lits): UNSAT in 0.02s
    cube 2811.154 (depth 1, 20 lits): UNSAT in 0.09s
    cube 2811.155 (depth 1, 20 lits): UNSAT in 0.03s
    cube 2811.156 (depth 1, 20 lits): UNSAT in 0.14s
    cube 2811.157 (depth 1, 20 lits): UNSAT in 0.15s
    cube 2811.158 (depth 1, 20 lits): UNSAT in 0.41s
    cube 2811.159 (depth 1, 20 lits): UNSAT in 0.03s
    cube 2811.160 (depth 1, 20 lits): UNSAT in 0.23s
    cube 2811.161 (depth 1, 20 lits): UNSAT in 0.34s
    cube 2811.162 (depth 1, 20 lits): UNSAT in 0.72s
    cube 2811.163 (depth 1, 20 lits): UNSAT in 0.31s
    cube 2811.164 (depth 1, 20 lits): UNSAT in 0.50s
    cube 2811.165 (depth 1, 20 lits): UNSAT in 0.38s
    cube 2811.166 (depth 1, 20 lits): UNSAT in 1.34s
    cube 2811.167 (depth 1, 20 lits): UNSAT in 0.07s
    cube 2811.168 (depth 1, 20 lits): UNSAT in 0.31s
    cube 2811.169 (depth 1, 20 lits): UNSAT in 0.22s
    cube 2811.170 (depth 1, 20 lits): UNSAT in 0.68s
    cube 2811.171 (depth 1, 20 lits): UNSAT in 0.26s
    cube 2811.172 (depth 1, 20 lits): UNSAT in 0.64s
    cube 2811.173 (depth 1, 20 lits): UNSAT in 0.37s
    cube 2811.174 (depth 1, 20 lits): UNSAT in 0.73s
    cube 2811.175 (depth 1, 20 lits): UNSAT in 0.03s
    cube 2811.176 (depth 1, 20 lits): UNSAT in 0.17s
    cube 2811.177 (depth 1, 20 lits): UNSAT in 0.17s
    cube 2811.178 (depth 1, 20 lits): UNSAT in 0.52s
    cube 2811.179 (depth 1, 20 lits): UNSAT in 0.09s
    cube 2811.180 (depth 1, 20 lits): UNSAT in 0.65s
    cube 2811.181 (depth 1, 20 lits): UNSAT in 1.42s
    cube 2811.182 (depth 1, 20 lits): UNSAT in 8.24s
    cube 2811.183 (depth 1, 20 lits): UNSAT in 0.01s
    cube 2811.184 (depth 1, 20 lits): UNSAT in 0.02s
    cube 2811.185 (depth 1, 20 lits): UNSAT in 0.02s
    cube 2811.186 (depth 1, 20 lits): UNSAT in 0.05s
    cube 2811.187 (depth 1, 20 lits): UNSAT in 0.06s
    cube 2811.188 (depth 1, 20 lits): UNSAT in 0.05s
    cube 2811.189 (depth 1, 20 lits): UNSAT in 0.11s
    cube 2811.190 (depth 1, 20 lits): UNSAT in 0.85s
    cube 2811.191 (depth 1, 20 lits): UNSAT in 0.04s
    cube 2811.192 (depth 1, 20 lits): UNSAT in 0.22s
    cube 2811.193 (depth 1, 20 lits): UNSAT in 0.05s
    cube 2811.194 (depth 1, 20 lits): UNSAT in 0.97s
    cube 2811.195 (depth 1, 20 lits): UNSAT in 0.20s
    cube 2811.196 (depth 1, 20 lits): UNSAT in 0.91s
    cube 2811.197 (depth 1, 20 lits): UNSAT in 0.34s
    cube 2811.198 (depth 1, 20 lits): UNSAT in 3.01s
    cube 2811.199 (depth 1, 20 lits): UNSAT in 0.04s
    cube 2811.200 (depth 1, 20 lits): UNSAT in 0.06s
    cube 2811.201 (depth 1, 20 lits): UNSAT in 0.09s
    cube 2811.202 (depth 1, 20 lits): UNSAT in 0.50s
    cube 2811.203 (depth 1, 20 lits): UNSAT in 0.19s
    cube 2811.204 (depth 1, 20 lits): UNSAT in 0.82s
    cube 2811.205 (depth 1, 20 lits): UNSAT in 1.02s
    cube 2811.206 (depth 1, 20 lits): UNSAT in 4.57s
    cube 2811.207 (depth 1, 20 lits): UNSAT in 0.18s
    cube 2811.208 (depth 1, 20 lits): UNSAT in 0.42s
    cube 2811.209 (depth 1, 20 lits): UNSAT in 0.45s
    cube 2811.210 (depth 1, 20 lits): UNSAT in 3.32s
    cube 2811.211 (depth 1, 20 lits): UNSAT in 0.82s
    cube 2811.212 (depth 1, 20 lits): UNSAT in 3.08s
    cube 2811.213 (depth 1, 20 lits): UNSAT in 2.22s
    cube 2811.214 (depth 1, 20 lits): UNSAT in 11.50s
    cube 2811.215 (depth 1, 20 lits): UNSAT in 0.04s
    cube 2811.216 (depth 1, 20 lits): UNSAT in 0.04s
    cube 2811.217 (depth 1, 20 lits): UNSAT in 0.04s
    cube 2811.218 (depth 1, 20 lits): UNSAT in 0.16s
    cube 2811.219 (depth 1, 20 lits): UNSAT in 0.07s
    cube 2811.220 (depth 1, 20 lits): UNSAT in 0.21s
    cube 2811.221 (depth 1, 20 lits): UNSAT in 0.26s
    cube 2811.222 (depth 1, 20 lits): UNSAT in 3.58s
    cube 2811.223 (depth 1, 20 lits): UNSAT in 0.06s
    cube 2811.224 (depth 1, 20 lits): UNSAT in 0.43s
    cube 2811.225 (depth 1, 20 lits): UNSAT in 0.21s
    cube 2811.226 (depth 1, 20 lits): UNSAT in 1.03s
    cube 2811.227 (depth 1, 20 lits): UNSAT in 0.28s
    cube 2811.228 (depth 1, 20 lits): UNSAT in 1.37s
    cube 2811.229 (depth 1, 20 lits): UNSAT in 4.77s
    cube 2811.230 (depth 1, 20 lits): UNSAT in 89.32s
    cube 2811.231 (depth 1, 20 lits): UNSAT in 0.08s
    cube 2811.232 (depth 1, 20 lits): UNSAT in 0.51s
    cube 2811.233 (depth 1, 20 lits): UNSAT in 0.10s
    cube 2811.234 (depth 1, 20 lits): UNSAT in 1.89s
    cube 2811.235 (depth 1, 20 lits): UNSAT in 0.40s
    cube 2811.236 (depth 1, 20 lits): UNSAT in 2.96s
    cube 2811.237 (depth 1, 20 lits): UNSAT in 7.86s
    cube 2811.238 (depth 1, 20 lits): UNSAT in 69.78s
    cube 2811.239 (depth 1, 20 lits): UNSAT in 0.34s
    cube 2811.240 (depth 1, 20 lits): UNSAT in 0.87s
    cube 2811.241 (depth 1, 20 lits): UNSAT in 7.84s
    cube 2811.242 (depth 1, 20 lits): UNSAT in 124.52s
    cube 2811.243 (depth 1, 20 lits): UNSAT in 7.50s
    cube 2811.244 (depth 1, 20 lits): UNSAT in 259.20s
    cube 2811.245 (depth 1, 20 lits): UNSAT in 356.24s
    cube 2811.246 (depth 1, 20 lits): TIMEOUT in 1200.10s
    cube 2811.246 TIMEOUT -> re-split into 249 sub-cubes (depth 2)
    cube 2811.246.0 (depth 2, 26 lits): UNSAT in 0.01s
    cube 2811.246.1 (depth 2, 28 lits): UNSAT in 0.01s
    cube 2811.246.2 (depth 2, 28 lits): UNSAT in 0.02s
    cube 2811.246.3 (depth 2, 28 lits): UNSAT in 0.02s
    cube 2811.246.4 (depth 2, 28 lits): UNSAT in 0.02s
    cube 2811.246.5 (depth 2, 28 lits): UNSAT in 0.02s
    cube 2811.246.6 (depth 2, 28 lits): UNSAT in 0.02s
    cube 2811.246.7 (depth 2, 28 lits): UNSAT in 0.01s
    cube 2811.246.8 (depth 2, 28 lits): UNSAT in 0.02s
    cube 2811.246.9 (depth 2, 28 lits): UNSAT in 0.02s
    cube 2811.246.10 (depth 2, 28 lits): UNSAT in 0.02s
    cube 2811.246.11 (depth 2, 28 lits): UNSAT in 0.02s
    cube 2811.246.12 (depth 2, 28 lits): UNSAT in 0.06s
    cube 2811.246.13 (depth 2, 27 lits): UNSAT in 0.02s
    cube 2811.246.14 (depth 2, 28 lits): UNSAT in 0.02s
    cube 2811.246.15 (depth 2, 28 lits): UNSAT in 0.03s
    cube 2811.246.16 (depth 2, 28 lits): UNSAT in 0.01s
    cube 2811.246.17 (depth 2, 28 lits): UNSAT in 0.04s
    cube 2811.246.18 (depth 2, 28 lits): UNSAT in 0.02s
    cube 2811.246.19 (depth 2, 28 lits): UNSAT in 0.15s
    cube 2811.246.20 (depth 2, 28 lits): UNSAT in 0.01s
    cube 2811.246.21 (depth 2, 28 lits): UNSAT in 0.05s
    cube 2811.246.22 (depth 2, 28 lits): UNSAT in 0.03s
    cube 2811.246.23 (depth 2, 28 lits): UNSAT in 0.19s
    cube 2811.246.24 (depth 2, 28 lits): UNSAT in 0.04s
    cube 2811.246.25 (depth 2, 28 lits): UNSAT in 0.23s
    cube 2811.246.26 (depth 2, 28 lits): UNSAT in 0.18s
    cube 2811.246.27 (depth 2, 28 lits): UNSAT in 0.87s
    cube 2811.246.28 (depth 2, 27 lits): UNSAT in 0.02s
    cube 2811.246.29 (depth 2, 28 lits): UNSAT in 0.01s
    cube 2811.246.30 (depth 2, 28 lits): UNSAT in 0.02s
    cube 2811.246.31 (depth 2, 28 lits): UNSAT in 0.02s
    cube 2811.246.32 (depth 2, 28 lits): UNSAT in 0.03s
    cube 2811.246.33 (depth 2, 28 lits): UNSAT in 0.05s
    cube 2811.246.34 (depth 2, 28 lits): UNSAT in 0.04s
    cube 2811.246.35 (depth 2, 28 lits): UNSAT in 0.02s
    cube 2811.246.36 (depth 2, 28 lits): UNSAT in 0.03s
    cube 2811.246.37 (depth 2, 28 lits): UNSAT in 0.03s
    cube 2811.246.38 (depth 2, 28 lits): UNSAT in 0.14s
    cube 2811.246.39 (depth 2, 28 lits): UNSAT in 0.03s
    cube 2811.246.40 (depth 2, 28 lits): UNSAT in 0.03s
    cube 2811.246.41 (depth 2, 28 lits): UNSAT in 0.14s
    cube 2811.246.42 (depth 2, 28 lits): UNSAT in 0.38s
    cube 2811.246.43 (depth 2, 28 lits): UNSAT in 0.01s
    cube 2811.246.44 (depth 2, 28 lits): UNSAT in 0.05s
    cube 2811.246.45 (depth 2, 28 lits): UNSAT in 0.02s
    cube 2811.246.46 (depth 2, 28 lits): UNSAT in 0.03s
    cube 2811.246.47 (depth 2, 28 lits): UNSAT in 0.03s
    cube 2811.246.48 (depth 2, 28 lits): UNSAT in 0.07s
    cube 2811.246.49 (depth 2, 28 lits): UNSAT in 0.10s
    cube 2811.246.50 (depth 2, 28 lits): UNSAT in 0.24s
    cube 2811.246.51 (depth 2, 28 lits): UNSAT in 0.03s
    cube 2811.246.52 (depth 2, 28 lits): UNSAT in 0.06s
    cube 2811.246.53 (depth 2, 28 lits): UNSAT in 0.06s
    cube 2811.246.54 (depth 2, 28 lits): UNSAT in 0.56s
    cube 2811.246.55 (depth 2, 28 lits): UNSAT in 0.28s
    cube 2811.246.56 (depth 2, 28 lits): UNSAT in 0.54s
    cube 2811.246.57 (depth 2, 28 lits): UNSAT in 0.42s
    cube 2811.246.58 (depth 2, 28 lits): UNSAT in 3.25s
    cube 2811.246.59 (depth 2, 28 lits): UNSAT in 0.02s
    cube 2811.246.60 (depth 2, 28 lits): UNSAT in 0.01s
    cube 2811.246.61 (depth 2, 28 lits): UNSAT in 0.01s
    cube 2811.246.62 (depth 2, 28 lits): UNSAT in 0.02s
    cube 2811.246.63 (depth 2, 28 lits): UNSAT in 0.02s
    cube 2811.246.64 (depth 2, 28 lits): UNSAT in 0.04s
    cube 2811.246.65 (depth 2, 28 lits): UNSAT in 0.04s
    cube 2811.246.66 (depth 2, 28 lits): UNSAT in 0.05s
    cube 2811.246.67 (depth 2, 27 lits): UNSAT in 0.02s
    cube 2811.246.68 (depth 2, 27 lits): UNSAT in 0.02s
    cube 2811.246.69 (depth 2, 28 lits): UNSAT in 0.03s
    cube 2811.246.70 (depth 2, 28 lits): UNSAT in 0.08s
    cube 2811.246.71 (depth 2, 28 lits): UNSAT in 0.14s
    cube 2811.246.72 (depth 2, 28 lits): UNSAT in 0.15s
    cube 2811.246.73 (depth 2, 28 lits): UNSAT in 0.01s
    cube 2811.246.74 (depth 2, 28 lits): UNSAT in 0.02s
    cube 2811.246.75 (depth 2, 28 lits): UNSAT in 0.03s
    cube 2811.246.76 (depth 2, 28 lits): UNSAT in 0.08s
    cube 2811.246.77 (depth 2, 28 lits): UNSAT in 0.03s
    cube 2811.246.78 (depth 2, 28 lits): UNSAT in 0.10s
    cube 2811.246.79 (depth 2, 28 lits): UNSAT in 0.11s
    cube 2811.246.80 (depth 2, 28 lits): UNSAT in 0.45s
    cube 2811.246.81 (depth 2, 28 lits): UNSAT in 0.04s
    cube 2811.246.82 (depth 2, 28 lits): UNSAT in 0.24s
    cube 2811.246.83 (depth 2, 28 lits): UNSAT in 0.10s
    cube 2811.246.84 (depth 2, 28 lits): UNSAT in 0.30s
    cube 2811.246.85 (depth 2, 28 lits): UNSAT in 0.15s
    cube 2811.246.86 (depth 2, 28 lits): UNSAT in 0.58s
    cube 2811.246.87 (depth 2, 28 lits): UNSAT in 2.00s
    cube 2811.246.88 (depth 2, 28 lits): UNSAT in 11.11s
    cube 2811.246.89 (depth 2, 28 lits): UNSAT in 0.02s
    cube 2811.246.90 (depth 2, 28 lits): UNSAT in 0.05s
    cube 2811.246.91 (depth 2, 28 lits): UNSAT in 0.05s
    cube 2811.246.92 (depth 2, 28 lits): UNSAT in 0.18s
    cube 2811.246.93 (depth 2, 28 lits): UNSAT in 0.06s
    cube 2811.246.94 (depth 2, 28 lits): UNSAT in 0.12s
    cube 2811.246.95 (depth 2, 28 lits): UNSAT in 0.14s
    cube 2811.246.96 (depth 2, 28 lits): UNSAT in 0.37s
    cube 2811.246.97 (depth 2, 28 lits): UNSAT in 0.06s
    cube 2811.246.98 (depth 2, 28 lits): UNSAT in 0.22s
    cube 2811.246.99 (depth 2, 28 lits): UNSAT in 0.27s
    cube 2811.246.100 (depth 2, 28 lits): UNSAT in 1.50s
    cube 2811.246.101 (depth 2, 28 lits): UNSAT in 0.08s
    cube 2811.246.102 (depth 2, 28 lits): UNSAT in 0.33s
    cube 2811.246.103 (depth 2, 28 lits): UNSAT in 1.07s
    cube 2811.246.104 (depth 2, 28 lits): UNSAT in 2.21s
    cube 2811.246.105 (depth 2, 28 lits): UNSAT in 0.05s
    cube 2811.246.106 (depth 2, 28 lits): UNSAT in 0.38s
    cube 2811.246.107 (depth 2, 28 lits): UNSAT in 0.36s
    cube 2811.246.108 (depth 2, 28 lits): UNSAT in 1.20s
    cube 2811.246.109 (depth 2, 28 lits): UNSAT in 0.10s
    cube 2811.246.110 (depth 2, 28 lits): UNSAT in 0.35s
    cube 2811.246.111 (depth 2, 28 lits): UNSAT in 0.80s
    cube 2811.246.112 (depth 2, 28 lits): UNSAT in 1.87s
    cube 2811.246.113 (depth 2, 28 lits): UNSAT in 0.24s
    cube 2811.246.114 (depth 2, 28 lits): UNSAT in 1.87s
    cube 2811.246.115 (depth 2, 28 lits): UNSAT in 0.82s
    cube 2811.246.116 (depth 2, 28 lits): UNSAT in 3.42s
    cube 2811.246.117 (depth 2, 28 lits): UNSAT in 0.83s
    cube 2811.246.118 (depth 2, 28 lits): UNSAT in 4.19s
    cube 2811.246.119 (depth 2, 28 lits): UNSAT in 8.84s
    cube 2811.246.120 (depth 2, 28 lits): UNSAT in 37.76s
    cube 2811.246.121 (depth 2, 28 lits): UNSAT in 0.01s
    cube 2811.246.122 (depth 2, 28 lits): UNSAT in 0.02s
    cube 2811.246.123 (depth 2, 28 lits): UNSAT in 0.01s
    cube 2811.246.124 (depth 2, 28 lits): UNSAT in 0.02s
    cube 2811.246.125 (depth 2, 28 lits): UNSAT in 0.02s
    cube 2811.246.126 (depth 2, 28 lits): UNSAT in 0.02s
    cube 2811.246.127 (depth 2, 28 lits): UNSAT in 0.02s
    cube 2811.246.128 (depth 2, 28 lits): UNSAT in 0.05s
    cube 2811.246.129 (depth 2, 28 lits): UNSAT in 0.02s
    cube 2811.246.130 (depth 2, 28 lits): UNSAT in 0.03s
    cube 2811.246.131 (depth 2, 28 lits): UNSAT in 0.02s
    cube 2811.246.132 (depth 2, 28 lits): UNSAT in 0.07s
    cube 2811.246.133 (depth 2, 28 lits): UNSAT in 0.02s
    cube 2811.246.134 (depth 2, 28 lits): UNSAT in 0.05s
    cube 2811.246.135 (depth 2, 28 lits): UNSAT in 0.11s
    cube 2811.246.136 (depth 2, 28 lits): UNSAT in 0.31s
    cube 2811.246.137 (depth 2, 28 lits): UNSAT in 0.02s
    cube 2811.246.138 (depth 2, 28 lits): UNSAT in 0.02s
    cube 2811.246.139 (depth 2, 28 lits): UNSAT in 0.05s
    cube 2811.246.140 (depth 2, 28 lits): UNSAT in 0.04s
    cube 2811.246.141 (depth 2, 28 lits): UNSAT in 0.03s
    cube 2811.246.142 (depth 2, 28 lits): UNSAT in 0.06s
    cube 2811.246.143 (depth 2, 28 lits): UNSAT in 0.11s
    cube 2811.246.144 (depth 2, 28 lits): UNSAT in 0.43s
    cube 2811.246.145 (depth 2, 28 lits): UNSAT in 0.03s
    cube 2811.246.146 (depth 2, 28 lits): UNSAT in 0.07s
    cube 2811.246.147 (depth 2, 28 lits): UNSAT in 0.09s
    cube 2811.246.148 (depth 2, 28 lits): UNSAT in 0.70s
    cube 2811.246.149 (depth 2, 28 lits): UNSAT in 0.08s
    cube 2811.246.150 (depth 2, 28 lits): UNSAT in 0.29s
    cube 2811.246.151 (depth 2, 28 lits): UNSAT in 0.52s
    cube 2811.246.152 (depth 2, 28 lits): UNSAT in 1.99s
    cube 2811.246.153 (depth 2, 28 lits): UNSAT in 0.02s
    cube 2811.246.154 (depth 2, 28 lits): UNSAT in 0.02s
    cube 2811.246.155 (depth 2, 28 lits): UNSAT in 0.03s
    cube 2811.246.156 (depth 2, 28 lits): UNSAT in 0.06s
    cube 2811.246.157 (depth 2, 28 lits): UNSAT in 0.04s
    cube 2811.246.158 (depth 2, 28 lits): UNSAT in 0.19s
    cube 2811.246.159 (depth 2, 28 lits): UNSAT in 0.10s
    cube 2811.246.160 (depth 2, 28 lits): UNSAT in 0.77s
    cube 2811.246.161 (depth 2, 28 lits): UNSAT in 0.04s
    cube 2811.246.162 (depth 2, 28 lits): UNSAT in 0.08s
    cube 2811.246.163 (depth 2, 28 lits): UNSAT in 0.14s
    cube 2811.246.164 (depth 2, 28 lits): UNSAT in 0.17s
    cube 2811.246.165 (depth 2, 28 lits): UNSAT in 0.10s
    cube 2811.246.166 (depth 2, 28 lits): UNSAT in 0.22s
    cube 2811.246.167 (depth 2, 28 lits): UNSAT in 0.40s
    cube 2811.246.168 (depth 2, 28 lits): UNSAT in 2.79s
    cube 2811.246.169 (depth 2, 28 lits): UNSAT in 0.03s
    cube 2811.246.170 (depth 2, 28 lits): UNSAT in 0.06s
    cube 2811.246.171 (depth 2, 28 lits): UNSAT in 0.05s
    cube 2811.246.172 (depth 2, 28 lits): UNSAT in 0.27s
    cube 2811.246.173 (depth 2, 28 lits): UNSAT in 0.04s
    cube 2811.246.174 (depth 2, 28 lits): UNSAT in 0.31s
    cube 2811.246.175 (depth 2, 28 lits): UNSAT in 0.10s
    cube 2811.246.176 (depth 2, 28 lits): UNSAT in 0.62s
    cube 2811.246.177 (depth 2, 28 lits): UNSAT in 0.06s
    cube 2811.246.178 (depth 2, 28 lits): UNSAT in 0.44s
    cube 2811.246.179 (depth 2, 28 lits): UNSAT in 0.87s
    cube 2811.246.180 (depth 2, 28 lits): UNSAT in 1.29s
    cube 2811.246.181 (depth 2, 28 lits): UNSAT in 0.53s
    cube 2811.246.182 (depth 2, 28 lits): UNSAT in 4.06s
    cube 2811.246.183 (depth 2, 28 lits): UNSAT in 8.42s
    cube 2811.246.184 (depth 2, 28 lits): UNSAT in 150.34s
    cube 2811.246.185 (depth 2, 28 lits): UNSAT in 0.02s
    cube 2811.246.186 (depth 2, 28 lits): UNSAT in 0.03s
    cube 2811.246.187 (depth 2, 28 lits): UNSAT in 0.02s
    cube 2811.246.188 (depth 2, 28 lits): UNSAT in 0.08s
    cube 2811.246.189 (depth 2, 28 lits): UNSAT in 0.02s
    cube 2811.246.190 (depth 2, 28 lits): UNSAT in 0.08s
    cube 2811.246.191 (depth 2, 28 lits): UNSAT in 0.06s
    cube 2811.246.192 (depth 2, 28 lits): UNSAT in 1.13s
    cube 2811.246.193 (depth 2, 28 lits): UNSAT in 0.05s
    cube 2811.246.194 (depth 2, 28 lits): UNSAT in 0.12s
    cube 2811.246.195 (depth 2, 28 lits): UNSAT in 0.13s
    cube 2811.246.196 (depth 2, 28 lits): UNSAT in 0.41s
    cube 2811.246.197 (depth 2, 28 lits): UNSAT in 0.03s
    cube 2811.246.198 (depth 2, 28 lits): UNSAT in 0.21s
    cube 2811.246.199 (depth 2, 28 lits): UNSAT in 0.43s
    cube 2811.246.200 (depth 2, 28 lits): UNSAT in 3.00s
    cube 2811.246.201 (depth 2, 28 lits): UNSAT in 0.03s
    cube 2811.246.202 (depth 2, 28 lits): UNSAT in 0.06s
    cube 2811.246.203 (depth 2, 28 lits): UNSAT in 0.07s
    cube 2811.246.204 (depth 2, 28 lits): UNSAT in 0.48s
    cube 2811.246.205 (depth 2, 28 lits): UNSAT in 0.03s
    cube 2811.246.206 (depth 2, 28 lits): UNSAT in 0.14s
    cube 2811.246.207 (depth 2, 28 lits): UNSAT in 0.36s
    cube 2811.246.208 (depth 2, 28 lits): UNSAT in 1.26s
    cube 2811.246.209 (depth 2, 28 lits): UNSAT in 0.09s
    cube 2811.246.210 (depth 2, 28 lits): UNSAT in 0.44s
    cube 2811.246.211 (depth 2, 28 lits): UNSAT in 0.49s
    cube 2811.246.212 (depth 2, 28 lits): UNSAT in 4.08s
    cube 2811.246.213 (depth 2, 28 lits): UNSAT in 0.89s
    cube 2811.246.214 (depth 2, 28 lits): UNSAT in 3.54s
    cube 2811.246.215 (depth 2, 28 lits): UNSAT in 16.73s
    cube 2811.246.216 (depth 2, 28 lits): UNSAT in 192.99s
    cube 2811.246.217 (depth 2, 28 lits): UNSAT in 0.02s
    cube 2811.246.218 (depth 2, 28 lits): UNSAT in 0.03s
    cube 2811.246.219 (depth 2, 28 lits): UNSAT in 0.12s
    cube 2811.246.220 (depth 2, 28 lits): UNSAT in 0.25s
    cube 2811.246.221 (depth 2, 28 lits): UNSAT in 0.15s
    cube 2811.246.222 (depth 2, 28 lits): UNSAT in 0.29s
    cube 2811.246.223 (depth 2, 28 lits): UNSAT in 0.38s
    cube 2811.246.224 (depth 2, 28 lits): UNSAT in 5.93s
    cube 2811.246.225 (depth 2, 28 lits): UNSAT in 0.11s
    cube 2811.246.226 (depth 2, 28 lits): UNSAT in 0.43s
    cube 2811.246.227 (depth 2, 28 lits): UNSAT in 0.23s
    cube 2811.246.228 (depth 2, 28 lits): UNSAT in 1.65s
    cube 2811.246.229 (depth 2, 28 lits): UNSAT in 0.59s
    cube 2811.246.230 (depth 2, 28 lits): UNSAT in 1.65s
    cube 2811.246.231 (depth 2, 28 lits): UNSAT in 5.67s
    cube 2811.246.232 (depth 2, 28 lits): UNSAT in 127.07s
    cube 2811.246.233 (depth 2, 28 lits): UNSAT in 0.03s
    cube 2811.246.234 (depth 2, 28 lits): UNSAT in 0.05s
    cube 2811.246.235 (depth 2, 28 lits): UNSAT in 0.10s
    cube 2811.246.236 (depth 2, 28 lits): UNSAT in 0.38s
    cube 2811.246.237 (depth 2, 28 lits): UNSAT in 0.06s
    cube 2811.246.238 (depth 2, 28 lits): UNSAT in 0.13s
    cube 2811.246.239 (depth 2, 28 lits): UNSAT in 0.64s
    cube 2811.246.240 (depth 2, 28 lits): UNSAT in 2.44s
    cube 2811.246.241 (depth 2, 28 lits): UNSAT in 0.97s
    cube 2811.246.242 (depth 2, 28 lits): UNSAT in 3.29s
    cube 2811.246.243 (depth 2, 28 lits): UNSAT in 2.47s
    cube 2811.246.244 (depth 2, 28 lits): UNSAT in 4.89s
    cube 2811.246.245 (depth 2, 28 lits): UNSAT in 1.01s
    cube 2811.246.246 (depth 2, 28 lits): UNSAT in 4.54s
    cube 2811.246.247 (depth 2, 28 lits): UNSAT in 7.69s
    cube 2811.246.248 (depth 2, 28 lits): UNSAT in 564.63s

  shard 10 verdict: UNSAT (1 UNSAT, 0 unresolved) in 4733.7s
