  shard 1/4 (round-robin): 861 of 3442 cubes, per-cube cap 600.0s, re-split depth 7
    cube 1 (depth 0, 21 lits): UNSAT in 0.01s
    cube 5 (depth 0, 23 lits): UNSAT in 0.01s
    cube 9 (depth 0, 23 lits): UNSAT in 0.01s
    cube 13 (depth 0, 24 lits): UNSAT in 0.02s
    cube 17 (depth 0, 24 lits): UNSAT in 0.02s
    cube 21 (depth 0, 22 lits): UNSAT in 0.01s
    cube 25 (depth 0, 21 lits): UNSAT in 0.01s
    cube 29 (depth 0, 24 lits): UNSAT in 0.02s
    cube 33 (depth 0, 23 lits): UNSAT in 0.02s
    cube 37 (depth 0, 24 lits): UNSAT in 0.01s
    cube 41 (depth 0, 24 lits): UNSAT in 0.03s
    cube 45 (depth 0, 24 lits): UNSAT in 0.02s
    cube 49 (depth 0, 24 lits): UNSAT in 0.02s
    cube 53 (depth 0, 21 lits): UNSAT in 0.02s
    cube 57 (depth 0, 24 lits): UNSAT in 0.01s
    cube 61 (depth 0, 24 lits): UNSAT in 0.03s
    cube 65 (depth 0, 24 lits): UNSAT in 0.03s
    cube 69 (depth 0, 24 lits): UNSAT in 0.02s
    cube 73 (depth 0, 23 lits): UNSAT in 0.01s
    cube 77 (depth 0, 24 lits): UNSAT in 0.02s
    cube 81 (depth 0, 24 lits): UNSAT in 0.01s
    cube 85 (depth 0, 24 lits): UNSAT in 0.01s
    cube 89 (depth 0, 24 lits): UNSAT in 0.02s
    cube 93 (depth 0, 24 lits): UNSAT in 0.01s
    cube 97 (depth 0, 24 lits): UNSAT in 0.02s
    cube 101 (depth 0, 24 lits): UNSAT in 0.01s
    cube 105 (depth 0, 24 lits): UNSAT in 0.02s
    cube 109 (depth 0, 24 lits): UNSAT in 0.12s
    cube 113 (depth 0, 21 lits): UNSAT in 0.02s
    cube 117 (depth 0, 24 lits): UNSAT in 0.01s
    cube 121 (depth 0, 24 lits): UNSAT in 0.01s
    cube 125 (depth 0, 24 lits): UNSAT in 0.02s
    cube 129 (depth 0, 24 lits): UNSAT in 0.01s
    cube 133 (depth 0, 24 lits): UNSAT in 0.02s
    cube 137 (depth 0, 21 lits): UNSAT in 0.01s
    cube 141 (depth 0, 24 lits): UNSAT in 0.02s
    cube 145 (depth 0, 23 lits): UNSAT in 0.02s
    cube 149 (depth 0, 24 lits): UNSAT in 0.01s
    cube 153 (depth 0, 24 lits): UNSAT in 0.07s
    cube 157 (depth 0, 24 lits): UNSAT in 0.02s
    cube 161 (depth 0, 24 lits): UNSAT in 0.02s
    cube 165 (depth 0, 24 lits): UNSAT in 0.02s
    cube 169 (depth 0, 24 lits): UNSAT in 0.02s
    cube 173 (depth 0, 24 lits): UNSAT in 0.03s
    cube 177 (depth 0, 24 lits): UNSAT in 0.02s
    cube 181 (depth 0, 24 lits): UNSAT in 0.03s
    cube 185 (depth 0, 24 lits): UNSAT in 0.06s
    cube 189 (depth 0, 24 lits): UNSAT in 0.08s
    cube 193 (depth 0, 24 lits): UNSAT in 0.03s
    cube 197 (depth 0, 24 lits): UNSAT in 0.08s
    cube 201 (depth 0, 24 lits): UNSAT in 0.03s
    cube 205 (depth 0, 24 lits): UNSAT in 0.19s
    cube 209 (depth 0, 24 lits): UNSAT in 0.29s
    cube 213 (depth 0, 24 lits): UNSAT in 0.31s
    cube 217 (depth 0, 23 lits): UNSAT in 0.02s
    cube 221 (depth 0, 24 lits): UNSAT in 0.02s
    cube 225 (depth 0, 24 lits): UNSAT in 0.02s
    cube 229 (depth 0, 24 lits): UNSAT in 0.01s
    cube 233 (depth 0, 24 lits): UNSAT in 0.02s
    cube 237 (depth 0, 24 lits): UNSAT in 0.01s
    cube 241 (depth 0, 24 lits): UNSAT in 0.09s
    cube 245 (depth 0, 24 lits): UNSAT in 0.04s
    cube 249 (depth 0, 24 lits): UNSAT in 0.07s
    cube 253 (depth 0, 24 lits): UNSAT in 0.04s
    cube 257 (depth 0, 24 lits): UNSAT in 0.09s
    cube 261 (depth 0, 24 lits): UNSAT in 0.07s
    cube 265 (depth 0, 24 lits): UNSAT in 0.17s
    cube 269 (depth 0, 24 lits): UNSAT in 0.18s
    cube 273 (depth 0, 24 lits): UNSAT in 0.16s
    cube 277 (depth 0, 24 lits): UNSAT in 0.02s
    cube 281 (depth 0, 24 lits): UNSAT in 0.02s
    cube 285 (depth 0, 24 lits): UNSAT in 0.02s
    cube 289 (depth 0, 24 lits): UNSAT in 0.03s
    cube 293 (depth 0, 24 lits): UNSAT in 0.05s
    cube 297 (depth 0, 24 lits): UNSAT in 0.02s
    cube 301 (depth 0, 24 lits): UNSAT in 0.09s
    cube 305 (depth 0, 24 lits): UNSAT in 0.02s
    cube 309 (depth 0, 24 lits): UNSAT in 0.02s
    cube 313 (depth 0, 24 lits): UNSAT in 0.09s
    cube 317 (depth 0, 24 lits): UNSAT in 0.15s
    cube 321 (depth 0, 24 lits): UNSAT in 0.02s
    cube 325 (depth 0, 24 lits): UNSAT in 0.12s
    cube 329 (depth 0, 24 lits): UNSAT in 0.03s
    cube 333 (depth 0, 24 lits): UNSAT in 1.16s
    cube 337 (depth 0, 22 lits): UNSAT in 0.02s
    cube 341 (depth 0, 24 lits): UNSAT in 0.02s
    cube 345 (depth 0, 24 lits): UNSAT in 0.02s
    cube 349 (depth 0, 24 lits): UNSAT in 0.01s
    cube 353 (depth 0, 23 lits): UNSAT in 0.01s
    cube 357 (depth 0, 24 lits): UNSAT in 0.01s
    cube 361 (depth 0, 24 lits): UNSAT in 0.03s
    cube 365 (depth 0, 24 lits): UNSAT in 0.01s
    cube 369 (depth 0, 24 lits): UNSAT in 0.02s
    cube 373 (depth 0, 24 lits): UNSAT in 0.01s
    cube 377 (depth 0, 24 lits): UNSAT in 0.03s
    cube 381 (depth 0, 24 lits): UNSAT in 0.02s
    cube 385 (depth 0, 24 lits): UNSAT in 0.08s
    cube 389 (depth 0, 23 lits): UNSAT in 0.02s
    cube 393 (depth 0, 24 lits): UNSAT in 0.02s
    cube 397 (depth 0, 24 lits): UNSAT in 0.02s
    cube 401 (depth 0, 24 lits): UNSAT in 0.02s
    cube 405 (depth 0, 24 lits): UNSAT in 0.03s
    cube 409 (depth 0, 24 lits): UNSAT in 0.04s
    cube 413 (depth 0, 22 lits): UNSAT in 0.02s
    cube 417 (depth 0, 24 lits): UNSAT in 0.01s
    cube 421 (depth 0, 21 lits): UNSAT in 0.02s
    cube 425 (depth 0, 24 lits): UNSAT in 0.01s
    cube 429 (depth 0, 24 lits): UNSAT in 0.01s
    cube 433 (depth 0, 23 lits): UNSAT in 0.01s
    cube 437 (depth 0, 24 lits): UNSAT in 0.03s
    cube 441 (depth 0, 24 lits): UNSAT in 0.03s
    cube 445 (depth 0, 24 lits): UNSAT in 0.01s
    cube 449 (depth 0, 24 lits): UNSAT in 0.02s
    cube 453 (depth 0, 24 lits): UNSAT in 0.02s
    cube 457 (depth 0, 24 lits): UNSAT in 0.02s
    cube 461 (depth 0, 24 lits): UNSAT in 0.01s
    cube 465 (depth 0, 24 lits): UNSAT in 0.02s
    cube 469 (depth 0, 23 lits): UNSAT in 0.02s
    cube 473 (depth 0, 24 lits): UNSAT in 0.03s
    cube 477 (depth 0, 24 lits): UNSAT in 0.02s
    cube 481 (depth 0, 24 lits): UNSAT in 0.05s
    cube 485 (depth 0, 24 lits): UNSAT in 0.02s
    cube 489 (depth 0, 24 lits): UNSAT in 0.04s
    cube 493 (depth 0, 24 lits): UNSAT in 0.02s
    cube 497 (depth 0, 24 lits): UNSAT in 0.05s
    cube 501 (depth 0, 24 lits): UNSAT in 0.02s
    cube 505 (depth 0, 24 lits): UNSAT in 0.02s
    cube 509 (depth 0, 24 lits): UNSAT in 0.02s
    cube 513 (depth 0, 24 lits): UNSAT in 0.01s
    cube 517 (depth 0, 24 lits): UNSAT in 0.02s
    cube 521 (depth 0, 24 lits): UNSAT in 0.03s
    cube 525 (depth 0, 24 lits): UNSAT in 0.04s
    cube 529 (depth 0, 23 lits): UNSAT in 0.02s
    cube 533 (depth 0, 24 lits): UNSAT in 0.04s
    cube 537 (depth 0, 24 lits): UNSAT in 0.11s
    cube 541 (depth 0, 24 lits): UNSAT in 0.02s
    cube 545 (depth 0, 24 lits): UNSAT in 0.02s
    cube 549 (depth 0, 24 lits): UNSAT in 0.05s
    cube 553 (depth 0, 23 lits): UNSAT in 0.02s
    cube 557 (depth 0, 24 lits): UNSAT in 0.02s
    cube 561 (depth 0, 24 lits): UNSAT in 0.02s
    cube 565 (depth 0, 24 lits): UNSAT in 0.09s
    cube 569 (depth 0, 24 lits): UNSAT in 0.01s
    cube 573 (depth 0, 24 lits): UNSAT in 0.02s
    cube 577 (depth 0, 24 lits): UNSAT in 0.03s
    cube 581 (depth 0, 24 lits): UNSAT in 0.02s
    cube 585 (depth 0, 23 lits): UNSAT in 0.01s
    cube 589 (depth 0, 24 lits): UNSAT in 0.03s
    cube 593 (depth 0, 24 lits): UNSAT in 0.05s
    cube 597 (depth 0, 24 lits): UNSAT in 0.01s
    cube 601 (depth 0, 24 lits): UNSAT in 0.03s
    cube 605 (depth 0, 24 lits): UNSAT in 0.28s
    cube 609 (depth 0, 24 lits): UNSAT in 1.03s
    cube 613 (depth 0, 23 lits): UNSAT in 0.01s
    cube 617 (depth 0, 24 lits): UNSAT in 0.03s
    cube 621 (depth 0, 24 lits): UNSAT in 0.02s
    cube 625 (depth 0, 24 lits): UNSAT in 0.09s
    cube 629 (depth 0, 24 lits): UNSAT in 0.01s
    cube 633 (depth 0, 24 lits): UNSAT in 0.03s
    cube 637 (depth 0, 24 lits): UNSAT in 0.02s
    cube 641 (depth 0, 24 lits): UNSAT in 0.02s
    cube 645 (depth 0, 24 lits): UNSAT in 0.02s
    cube 649 (depth 0, 24 lits): UNSAT in 0.04s
    cube 653 (depth 0, 24 lits): UNSAT in 0.03s
    cube 657 (depth 0, 24 lits): UNSAT in 0.02s
    cube 661 (depth 0, 24 lits): UNSAT in 0.04s
    cube 665 (depth 0, 24 lits): UNSAT in 0.11s
    cube 669 (depth 0, 24 lits): UNSAT in 0.02s
    cube 673 (depth 0, 24 lits): UNSAT in 0.02s
    cube 677 (depth 0, 24 lits): UNSAT in 0.02s
    cube 681 (depth 0, 24 lits): UNSAT in 0.01s
    cube 685 (depth 0, 24 lits): UNSAT in 0.05s
    cube 689 (depth 0, 24 lits): UNSAT in 0.21s
    cube 693 (depth 0, 24 lits): UNSAT in 0.05s
    cube 697 (depth 0, 24 lits): UNSAT in 0.42s
    cube 701 (depth 0, 24 lits): UNSAT in 0.04s
    cube 705 (depth 0, 24 lits): UNSAT in 0.18s
    cube 709 (depth 0, 24 lits): UNSAT in 0.10s
    cube 713 (depth 0, 24 lits): UNSAT in 0.25s
    cube 717 (depth 0, 24 lits): UNSAT in 0.06s
    cube 721 (depth 0, 24 lits): UNSAT in 0.10s
    cube 725 (depth 0, 24 lits): UNSAT in 0.27s
    cube 729 (depth 0, 24 lits): UNSAT in 0.64s
    cube 733 (depth 0, 24 lits): UNSAT in 0.01s
    cube 737 (depth 0, 24 lits): UNSAT in 0.01s
    cube 741 (depth 0, 24 lits): UNSAT in 0.01s
    cube 745 (depth 0, 24 lits): UNSAT in 0.01s
    cube 749 (depth 0, 22 lits): UNSAT in 0.01s
    cube 753 (depth 0, 24 lits): UNSAT in 0.01s
    cube 757 (depth 0, 23 lits): UNSAT in 0.01s
    cube 761 (depth 0, 24 lits): UNSAT in 0.02s
    cube 765 (depth 0, 23 lits): UNSAT in 0.02s
    cube 769 (depth 0, 24 lits): UNSAT in 0.02s
    cube 773 (depth 0, 23 lits): UNSAT in 0.01s
    cube 777 (depth 0, 24 lits): UNSAT in 0.02s
    cube 781 (depth 0, 24 lits): UNSAT in 0.01s
    cube 785 (depth 0, 24 lits): UNSAT in 0.02s
    cube 789 (depth 0, 24 lits): UNSAT in 0.02s
    cube 793 (depth 0, 24 lits): UNSAT in 0.01s
    cube 797 (depth 0, 24 lits): UNSAT in 0.02s
    cube 801 (depth 0, 23 lits): UNSAT in 0.02s
    cube 805 (depth 0, 24 lits): UNSAT in 0.03s
    cube 809 (depth 0, 24 lits): UNSAT in 0.01s
    cube 813 (depth 0, 24 lits): UNSAT in 0.03s
    cube 817 (depth 0, 24 lits): UNSAT in 0.02s
    cube 821 (depth 0, 24 lits): UNSAT in 0.06s
    cube 825 (depth 0, 24 lits): UNSAT in 0.01s
    cube 829 (depth 0, 23 lits): UNSAT in 0.02s
    cube 833 (depth 0, 24 lits): UNSAT in 0.02s
    cube 837 (depth 0, 24 lits): UNSAT in 0.01s
    cube 841 (depth 0, 24 lits): UNSAT in 0.02s
    cube 845 (depth 0, 24 lits): UNSAT in 0.02s
    cube 849 (depth 0, 24 lits): UNSAT in 0.03s
    cube 853 (depth 0, 22 lits): UNSAT in 0.02s
    cube 857 (depth 0, 24 lits): UNSAT in 0.02s
    cube 861 (depth 0, 24 lits): UNSAT in 0.08s
    cube 865 (depth 0, 24 lits): UNSAT in 0.02s
    cube 869 (depth 0, 24 lits): UNSAT in 0.02s
    cube 873 (depth 0, 24 lits): UNSAT in 0.08s
    cube 877 (depth 0, 24 lits): UNSAT in 0.48s
    cube 881 (depth 0, 24 lits): UNSAT in 0.01s
    cube 885 (depth 0, 24 lits): UNSAT in 0.02s
    cube 889 (depth 0, 24 lits): UNSAT in 0.02s
    cube 893 (depth 0, 24 lits): UNSAT in 0.02s
    cube 897 (depth 0, 24 lits): UNSAT in 0.02s
    cube 901 (depth 0, 24 lits): UNSAT in 0.03s
    cube 905 (depth 0, 24 lits): UNSAT in 0.02s
    cube 909 (depth 0, 24 lits): UNSAT in 0.05s
    cube 913 (depth 0, 24 lits): UNSAT in 0.03s
    cube 917 (depth 0, 24 lits): UNSAT in 0.21s
    cube 921 (depth 0, 24 lits): UNSAT in 0.07s
    cube 925 (depth 0, 24 lits): UNSAT in 0.07s
    cube 929 (depth 0, 24 lits): UNSAT in 0.16s
    cube 933 (depth 0, 24 lits): UNSAT in 1.98s
    cube 937 (depth 0, 24 lits): UNSAT in 0.02s
    cube 941 (depth 0, 24 lits): UNSAT in 0.02s
    cube 945 (depth 0, 24 lits): UNSAT in 0.02s
    cube 949 (depth 0, 24 lits): UNSAT in 0.04s
    cube 953 (depth 0, 24 lits): UNSAT in 0.03s
    cube 957 (depth 0, 24 lits): UNSAT in 0.04s
    cube 961 (depth 0, 24 lits): UNSAT in 0.03s
    cube 965 (depth 0, 24 lits): UNSAT in 0.09s
    cube 969 (depth 0, 24 lits): UNSAT in 0.02s
    cube 973 (depth 0, 24 lits): UNSAT in 0.02s
    cube 977 (depth 0, 24 lits): UNSAT in 0.02s
    cube 981 (depth 0, 24 lits): UNSAT in 0.02s
    cube 985 (depth 0, 24 lits): UNSAT in 0.02s
    cube 989 (depth 0, 24 lits): UNSAT in 0.01s
    cube 993 (depth 0, 24 lits): UNSAT in 0.02s
    cube 997 (depth 0, 21 lits): UNSAT in 0.01s
    cube 1001 (depth 0, 23 lits): UNSAT in 0.01s
    cube 1005 (depth 0, 24 lits): UNSAT in 0.01s
    cube 1009 (depth 0, 24 lits): UNSAT in 0.01s
    cube 1013 (depth 0, 24 lits): UNSAT in 0.02s
    cube 1017 (depth 0, 24 lits): UNSAT in 0.04s
    cube 1021 (depth 0, 24 lits): UNSAT in 0.03s
    cube 1025 (depth 0, 24 lits): UNSAT in 0.03s
    cube 1029 (depth 0, 24 lits): UNSAT in 0.02s
    cube 1033 (depth 0, 24 lits): UNSAT in 0.03s
    cube 1037 (depth 0, 24 lits): UNSAT in 0.02s
    cube 1041 (depth 0, 24 lits): UNSAT in 0.04s
    cube 1045 (depth 0, 24 lits): UNSAT in 0.12s
    cube 1049 (depth 0, 24 lits): UNSAT in 0.21s
    cube 1053 (depth 0, 23 lits): UNSAT in 0.01s
    cube 1057 (depth 0, 24 lits): UNSAT in 0.01s
    cube 1061 (depth 0, 24 lits): UNSAT in 0.02s
    cube 1065 (depth 0, 24 lits): UNSAT in 0.02s
    cube 1069 (depth 0, 24 lits): UNSAT in 0.03s
    cube 1073 (depth 0, 24 lits): UNSAT in 0.08s
    cube 1077 (depth 0, 24 lits): UNSAT in 0.30s
    cube 1081 (depth 0, 24 lits): UNSAT in 0.02s
    cube 1085 (depth 0, 24 lits): UNSAT in 0.02s
    cube 1089 (depth 0, 24 lits): UNSAT in 0.03s
    cube 1093 (depth 0, 24 lits): UNSAT in 0.10s
    cube 1097 (depth 0, 24 lits): UNSAT in 0.11s
    cube 1101 (depth 0, 24 lits): UNSAT in 0.25s
    cube 1105 (depth 0, 24 lits): UNSAT in 0.26s
    cube 1109 (depth 0, 24 lits): UNSAT in 0.47s
    cube 1113 (depth 0, 24 lits): UNSAT in 0.02s
    cube 1117 (depth 0, 24 lits): UNSAT in 0.01s
    cube 1121 (depth 0, 24 lits): UNSAT in 0.01s
    cube 1125 (depth 0, 24 lits): UNSAT in 0.02s
    cube 1129 (depth 0, 24 lits): UNSAT in 0.02s
    cube 1133 (depth 0, 24 lits): UNSAT in 0.07s
    cube 1137 (depth 0, 24 lits): UNSAT in 0.06s
    cube 1141 (depth 0, 24 lits): UNSAT in 0.01s
    cube 1145 (depth 0, 24 lits): UNSAT in 0.02s
    cube 1149 (depth 0, 24 lits): UNSAT in 0.02s
    cube 1153 (depth 0, 24 lits): UNSAT in 0.04s
    cube 1157 (depth 0, 24 lits): UNSAT in 0.04s
    cube 1161 (depth 0, 24 lits): UNSAT in 0.08s
    cube 1165 (depth 0, 24 lits): UNSAT in 0.10s
    cube 1169 (depth 0, 24 lits): UNSAT in 0.22s
    cube 1173 (depth 0, 22 lits): UNSAT in 0.01s
    cube 1177 (depth 0, 23 lits): UNSAT in 0.01s
    cube 1181 (depth 0, 23 lits): UNSAT in 0.02s
    cube 1185 (depth 0, 24 lits): UNSAT in 0.01s
    cube 1189 (depth 0, 24 lits): UNSAT in 0.02s
    cube 1193 (depth 0, 23 lits): UNSAT in 0.02s
    cube 1197 (depth 0, 24 lits): UNSAT in 0.02s
    cube 1201 (depth 0, 23 lits): UNSAT in 0.02s
    cube 1205 (depth 0, 23 lits): UNSAT in 0.01s
    cube 1209 (depth 0, 24 lits): UNSAT in 0.01s
    cube 1213 (depth 0, 22 lits): UNSAT in 0.01s
    cube 1217 (depth 0, 24 lits): UNSAT in 0.02s
    cube 1221 (depth 0, 24 lits): UNSAT in 0.02s
    cube 1225 (depth 0, 24 lits): UNSAT in 0.01s
    cube 1229 (depth 0, 24 lits): UNSAT in 0.02s
    cube 1233 (depth 0, 24 lits): UNSAT in 0.04s
    cube 1237 (depth 0, 24 lits): UNSAT in 0.02s
    cube 1241 (depth 0, 24 lits): UNSAT in 0.04s
    cube 1245 (depth 0, 24 lits): UNSAT in 0.04s
    cube 1249 (depth 0, 23 lits): UNSAT in 0.01s
    cube 1253 (depth 0, 23 lits): UNSAT in 0.02s
    cube 1257 (depth 0, 24 lits): UNSAT in 0.02s
    cube 1261 (depth 0, 24 lits): UNSAT in 0.05s
    cube 1265 (depth 0, 24 lits): UNSAT in 0.06s
    cube 1269 (depth 0, 24 lits): UNSAT in 0.08s
    cube 1273 (depth 0, 23 lits): UNSAT in 0.02s
    cube 1277 (depth 0, 24 lits): UNSAT in 0.02s
    cube 1281 (depth 0, 24 lits): UNSAT in 0.28s
    cube 1285 (depth 0, 24 lits): UNSAT in 0.02s
    cube 1289 (depth 0, 24 lits): UNSAT in 0.05s
    cube 1293 (depth 0, 24 lits): UNSAT in 0.08s
    cube 1297 (depth 0, 24 lits): UNSAT in 1.07s
    cube 1301 (depth 0, 24 lits): UNSAT in 0.01s
    cube 1305 (depth 0, 24 lits): UNSAT in 0.02s
    cube 1309 (depth 0, 24 lits): UNSAT in 0.06s
    cube 1313 (depth 0, 24 lits): UNSAT in 0.12s
    cube 1317 (depth 0, 24 lits): UNSAT in 0.02s
    cube 1321 (depth 0, 24 lits): UNSAT in 0.09s
    cube 1325 (depth 0, 24 lits): UNSAT in 0.09s
    cube 1329 (depth 0, 24 lits): UNSAT in 2.31s
    cube 1333 (depth 0, 24 lits): UNSAT in 0.03s
    cube 1337 (depth 0, 24 lits): UNSAT in 0.03s
    cube 1341 (depth 0, 24 lits): UNSAT in 0.13s
    cube 1345 (depth 0, 24 lits): UNSAT in 0.33s
    cube 1349 (depth 0, 24 lits): UNSAT in 0.14s
    cube 1353 (depth 0, 24 lits): UNSAT in 1.31s
    cube 1357 (depth 0, 24 lits): UNSAT in 0.28s
    cube 1361 (depth 0, 24 lits): UNSAT in 3.71s
    cube 1365 (depth 0, 24 lits): UNSAT in 0.04s
    cube 1369 (depth 0, 24 lits): UNSAT in 0.20s
    cube 1373 (depth 0, 24 lits): UNSAT in 0.01s
    cube 1377 (depth 0, 24 lits): UNSAT in 0.24s
    cube 1381 (depth 0, 24 lits): UNSAT in 0.01s
    cube 1385 (depth 0, 24 lits): UNSAT in 0.02s
    cube 1389 (depth 0, 24 lits): UNSAT in 0.02s
    cube 1393 (depth 0, 24 lits): UNSAT in 0.01s
    cube 1397 (depth 0, 24 lits): UNSAT in 0.01s
    cube 1401 (depth 0, 24 lits): UNSAT in 0.03s
    cube 1405 (depth 0, 24 lits): UNSAT in 0.03s
    cube 1409 (depth 0, 24 lits): UNSAT in 0.02s
    cube 1413 (depth 0, 24 lits): UNSAT in 0.02s
    cube 1417 (depth 0, 24 lits): UNSAT in 0.03s
    cube 1421 (depth 0, 24 lits): UNSAT in 0.03s
    cube 1425 (depth 0, 24 lits): UNSAT in 0.02s
    cube 1429 (depth 0, 24 lits): UNSAT in 0.02s
    cube 1433 (depth 0, 24 lits): UNSAT in 0.05s
    cube 1437 (depth 0, 24 lits): UNSAT in 0.02s
    cube 1441 (depth 0, 24 lits): UNSAT in 0.01s
    cube 1445 (depth 0, 24 lits): UNSAT in 0.02s
    cube 1449 (depth 0, 24 lits): UNSAT in 0.03s
    cube 1453 (depth 0, 24 lits): UNSAT in 0.07s
    cube 1457 (depth 0, 24 lits): UNSAT in 0.02s
    cube 1461 (depth 0, 24 lits): UNSAT in 0.01s
    cube 1465 (depth 0, 24 lits): UNSAT in 0.02s
    cube 1469 (depth 0, 24 lits): UNSAT in 0.04s
    cube 1473 (depth 0, 24 lits): UNSAT in 0.04s
    cube 1477 (depth 0, 24 lits): UNSAT in 0.07s
    cube 1481 (depth 0, 24 lits): UNSAT in 0.15s
    cube 1485 (depth 0, 24 lits): UNSAT in 0.46s
    cube 1489 (depth 0, 24 lits): UNSAT in 0.01s
    cube 1493 (depth 0, 24 lits): UNSAT in 0.01s
    cube 1497 (depth 0, 24 lits): UNSAT in 0.02s
    cube 1501 (depth 0, 24 lits): UNSAT in 0.02s
    cube 1505 (depth 0, 24 lits): UNSAT in 0.04s
    cube 1509 (depth 0, 24 lits): UNSAT in 0.03s
    cube 1513 (depth 0, 24 lits): UNSAT in 0.05s
    cube 1517 (depth 0, 24 lits): UNSAT in 0.17s
    cube 1521 (depth 0, 23 lits): UNSAT in 0.02s
    cube 1525 (depth 0, 24 lits): UNSAT in 0.06s
    cube 1529 (depth 0, 24 lits): UNSAT in 0.21s
    cube 1533 (depth 0, 24 lits): UNSAT in 0.36s
    cube 1537 (depth 0, 24 lits): UNSAT in 0.19s
    cube 1541 (depth 0, 24 lits): UNSAT in 0.23s
    cube 1545 (depth 0, 24 lits): UNSAT in 0.41s
    cube 1549 (depth 0, 24 lits): UNSAT in 4.91s
    cube 1553 (depth 0, 24 lits): UNSAT in 0.02s
    cube 1557 (depth 0, 24 lits): UNSAT in 0.08s
    cube 1561 (depth 0, 24 lits): UNSAT in 0.08s
    cube 1565 (depth 0, 24 lits): UNSAT in 0.39s
    cube 1569 (depth 0, 24 lits): UNSAT in 0.09s
    cube 1573 (depth 0, 24 lits): UNSAT in 0.14s
    cube 1577 (depth 0, 24 lits): UNSAT in 0.71s
    cube 1581 (depth 0, 24 lits): UNSAT in 2.85s
    cube 1585 (depth 0, 24 lits): UNSAT in 0.02s
    cube 1589 (depth 0, 24 lits): UNSAT in 0.34s
    cube 1593 (depth 0, 24 lits): UNSAT in 0.30s
    cube 1597 (depth 0, 24 lits): UNSAT in 2.05s
    cube 1601 (depth 0, 24 lits): UNSAT in 0.35s
    cube 1605 (depth 0, 24 lits): UNSAT in 0.94s
    cube 1609 (depth 0, 24 lits): UNSAT in 7.15s
    cube 1613 (depth 0, 24 lits): UNSAT in 4.17s
    cube 1617 (depth 0, 22 lits): UNSAT in 0.02s
    cube 1621 (depth 0, 24 lits): UNSAT in 0.02s
    cube 1625 (depth 0, 22 lits): UNSAT in 0.02s
    cube 1629 (depth 0, 23 lits): UNSAT in 0.02s
    cube 1633 (depth 0, 24 lits): UNSAT in 0.01s
    cube 1637 (depth 0, 22 lits): UNSAT in 0.02s
    cube 1641 (depth 0, 24 lits): UNSAT in 0.02s
    cube 1645 (depth 0, 24 lits): UNSAT in 0.03s
    cube 1649 (depth 0, 22 lits): UNSAT in 0.01s
    cube 1653 (depth 0, 23 lits): UNSAT in 0.01s
    cube 1657 (depth 0, 22 lits): UNSAT in 0.02s
    cube 1661 (depth 0, 24 lits): UNSAT in 0.02s
    cube 1665 (depth 0, 24 lits): UNSAT in 0.02s
    cube 1669 (depth 0, 24 lits): UNSAT in 0.02s
    cube 1673 (depth 0, 24 lits): UNSAT in 0.01s
    cube 1677 (depth 0, 24 lits): UNSAT in 0.03s
    cube 1681 (depth 0, 24 lits): UNSAT in 0.02s
    cube 1685 (depth 0, 24 lits): UNSAT in 0.13s
    cube 1689 (depth 0, 24 lits): UNSAT in 0.01s
    cube 1693 (depth 0, 23 lits): UNSAT in 0.01s
    cube 1697 (depth 0, 24 lits): UNSAT in 0.01s
    cube 1701 (depth 0, 24 lits): UNSAT in 0.03s
    cube 1705 (depth 0, 24 lits): UNSAT in 0.05s
    cube 1709 (depth 0, 24 lits): UNSAT in 0.03s
    cube 1713 (depth 0, 24 lits): UNSAT in 0.03s
    cube 1717 (depth 0, 24 lits): UNSAT in 0.03s
    cube 1721 (depth 0, 24 lits): UNSAT in 0.18s
    cube 1725 (depth 0, 24 lits): UNSAT in 0.05s
    cube 1729 (depth 0, 24 lits): UNSAT in 0.06s
    cube 1733 (depth 0, 24 lits): UNSAT in 0.03s
    cube 1737 (depth 0, 24 lits): UNSAT in 0.15s
    cube 1741 (depth 0, 24 lits): UNSAT in 0.01s
    cube 1745 (depth 0, 24 lits): UNSAT in 0.01s
    cube 1749 (depth 0, 23 lits): UNSAT in 0.01s
    cube 1753 (depth 0, 24 lits): UNSAT in 0.04s
    cube 1757 (depth 0, 24 lits): UNSAT in 0.03s
    cube 1761 (depth 0, 24 lits): UNSAT in 0.06s
    cube 1765 (depth 0, 24 lits): UNSAT in 0.03s
    cube 1769 (depth 0, 24 lits): UNSAT in 0.02s
    cube 1773 (depth 0, 24 lits): UNSAT in 0.04s
    cube 1777 (depth 0, 24 lits): UNSAT in 0.12s
    cube 1781 (depth 0, 24 lits): UNSAT in 0.02s
    cube 1785 (depth 0, 24 lits): UNSAT in 0.09s
    cube 1789 (depth 0, 24 lits): UNSAT in 0.25s
    cube 1793 (depth 0, 24 lits): UNSAT in 1.10s
    cube 1797 (depth 0, 23 lits): UNSAT in 0.02s
    cube 1801 (depth 0, 24 lits): UNSAT in 0.02s
    cube 1805 (depth 0, 23 lits): UNSAT in 0.01s
    cube 1809 (depth 0, 24 lits): UNSAT in 0.02s
    cube 1813 (depth 0, 24 lits): UNSAT in 0.02s
    cube 1817 (depth 0, 23 lits): UNSAT in 0.02s
    cube 1821 (depth 0, 24 lits): UNSAT in 0.01s
    cube 1825 (depth 0, 24 lits): UNSAT in 0.02s
    cube 1829 (depth 0, 23 lits): UNSAT in 0.02s
    cube 1833 (depth 0, 24 lits): UNSAT in 0.03s
    cube 1837 (depth 0, 24 lits): UNSAT in 0.02s
    cube 1841 (depth 0, 24 lits): UNSAT in 0.11s
    cube 1845 (depth 0, 24 lits): UNSAT in 0.02s
    cube 1849 (depth 0, 24 lits): UNSAT in 0.02s
    cube 1853 (depth 0, 24 lits): UNSAT in 0.04s
    cube 1857 (depth 0, 24 lits): UNSAT in 0.02s
    cube 1861 (depth 0, 24 lits): UNSAT in 0.02s
    cube 1865 (depth 0, 24 lits): UNSAT in 0.03s
    cube 1869 (depth 0, 24 lits): UNSAT in 0.06s
    cube 1873 (depth 0, 24 lits): UNSAT in 0.03s
    cube 1877 (depth 0, 23 lits): UNSAT in 0.02s
    cube 1881 (depth 0, 24 lits): UNSAT in 0.03s
    cube 1885 (depth 0, 24 lits): UNSAT in 0.03s
    cube 1889 (depth 0, 24 lits): UNSAT in 0.08s
    cube 1893 (depth 0, 24 lits): UNSAT in 0.02s
    cube 1897 (depth 0, 24 lits): UNSAT in 0.10s
    cube 1901 (depth 0, 24 lits): UNSAT in 0.29s
    cube 1905 (depth 0, 24 lits): UNSAT in 0.01s
    cube 1909 (depth 0, 24 lits): UNSAT in 0.02s
    cube 1913 (depth 0, 24 lits): UNSAT in 0.03s
    cube 1917 (depth 0, 24 lits): UNSAT in 0.01s
    cube 1921 (depth 0, 24 lits): UNSAT in 0.02s
    cube 1925 (depth 0, 23 lits): UNSAT in 0.02s
    cube 1929 (depth 0, 24 lits): UNSAT in 0.03s
    cube 1933 (depth 0, 24 lits): UNSAT in 0.01s
    cube 1937 (depth 0, 24 lits): UNSAT in 0.05s
    cube 1941 (depth 0, 24 lits): UNSAT in 0.04s
    cube 1945 (depth 0, 24 lits): UNSAT in 0.05s
    cube 1949 (depth 0, 24 lits): UNSAT in 0.03s
    cube 1953 (depth 0, 24 lits): UNSAT in 0.10s
    cube 1957 (depth 0, 24 lits): UNSAT in 0.13s
    cube 1961 (depth 0, 24 lits): UNSAT in 0.14s
    cube 1965 (depth 0, 24 lits): UNSAT in 0.03s
    cube 1969 (depth 0, 24 lits): UNSAT in 0.17s
    cube 1973 (depth 0, 24 lits): UNSAT in 0.19s
    cube 1977 (depth 0, 24 lits): UNSAT in 0.13s
    cube 1981 (depth 0, 24 lits): UNSAT in 0.03s
    cube 1985 (depth 0, 24 lits): UNSAT in 0.07s
    cube 1989 (depth 0, 24 lits): UNSAT in 0.14s
    cube 1993 (depth 0, 24 lits): UNSAT in 1.65s
    cube 1997 (depth 0, 24 lits): UNSAT in 0.02s
    cube 2001 (depth 0, 24 lits): UNSAT in 0.24s
    cube 2005 (depth 0, 24 lits): UNSAT in 0.62s
    cube 2009 (depth 0, 24 lits): UNSAT in 0.43s
    cube 2013 (depth 0, 24 lits): UNSAT in 0.25s
    cube 2017 (depth 0, 24 lits): UNSAT in 0.68s
    cube 2021 (depth 0, 24 lits): UNSAT in 0.57s
    cube 2025 (depth 0, 24 lits): UNSAT in 7.42s
    cube 2029 (depth 0, 22 lits): UNSAT in 0.01s
    cube 2033 (depth 0, 23 lits): UNSAT in 0.02s
    cube 2037 (depth 0, 24 lits): UNSAT in 0.02s
    cube 2041 (depth 0, 24 lits): UNSAT in 0.02s
    cube 2045 (depth 0, 24 lits): UNSAT in 0.06s
    cube 2049 (depth 0, 23 lits): UNSAT in 0.01s
    cube 2053 (depth 0, 24 lits): UNSAT in 0.02s
    cube 2057 (depth 0, 24 lits): UNSAT in 0.02s
    cube 2061 (depth 0, 24 lits): UNSAT in 0.02s
    cube 2065 (depth 0, 24 lits): UNSAT in 0.02s
    cube 2069 (depth 0, 24 lits): UNSAT in 0.03s
    cube 2073 (depth 0, 23 lits): UNSAT in 0.01s
    cube 2077 (depth 0, 24 lits): UNSAT in 0.02s
    cube 2081 (depth 0, 24 lits): UNSAT in 0.02s
    cube 2085 (depth 0, 24 lits): UNSAT in 0.03s
    cube 2089 (depth 0, 24 lits): UNSAT in 0.02s
    cube 2093 (depth 0, 24 lits): UNSAT in 0.02s
    cube 2097 (depth 0, 24 lits): UNSAT in 0.02s
    cube 2101 (depth 0, 24 lits): UNSAT in 0.01s
    cube 2105 (depth 0, 24 lits): UNSAT in 0.06s
    cube 2109 (depth 0, 23 lits): UNSAT in 0.01s
    cube 2113 (depth 0, 24 lits): UNSAT in 0.06s
    cube 2117 (depth 0, 24 lits): UNSAT in 0.02s
    cube 2121 (depth 0, 24 lits): UNSAT in 0.02s
    cube 2125 (depth 0, 24 lits): UNSAT in 0.04s
    cube 2129 (depth 0, 24 lits): UNSAT in 0.06s
    cube 2133 (depth 0, 22 lits): UNSAT in 0.02s
    cube 2137 (depth 0, 24 lits): UNSAT in 0.01s
    cube 2141 (depth 0, 24 lits): UNSAT in 0.01s
    cube 2145 (depth 0, 24 lits): UNSAT in 0.02s
    cube 2149 (depth 0, 23 lits): UNSAT in 0.01s
    cube 2153 (depth 0, 24 lits): UNSAT in 0.02s
    cube 2157 (depth 0, 23 lits): UNSAT in 0.01s
    cube 2161 (depth 0, 24 lits): UNSAT in 0.02s
    cube 2165 (depth 0, 24 lits): UNSAT in 0.01s
    cube 2169 (depth 0, 24 lits): UNSAT in 0.05s
    cube 2173 (depth 0, 24 lits): UNSAT in 0.02s
    cube 2177 (depth 0, 24 lits): UNSAT in 0.01s
    cube 2181 (depth 0, 24 lits): UNSAT in 0.04s
    cube 2185 (depth 0, 23 lits): UNSAT in 0.02s
    cube 2189 (depth 0, 24 lits): UNSAT in 0.05s
    cube 2193 (depth 0, 24 lits): UNSAT in 0.04s
    cube 2197 (depth 0, 24 lits): UNSAT in 0.03s
    cube 2201 (depth 0, 24 lits): UNSAT in 0.02s
    cube 2205 (depth 0, 24 lits): UNSAT in 0.02s
    cube 2209 (depth 0, 24 lits): UNSAT in 0.05s
    cube 2213 (depth 0, 24 lits): UNSAT in 0.04s
    cube 2217 (depth 0, 24 lits): UNSAT in 0.17s
    cube 2221 (depth 0, 24 lits): UNSAT in 0.14s
    cube 2225 (depth 0, 24 lits): UNSAT in 0.09s
    cube 2229 (depth 0, 24 lits): UNSAT in 0.02s
    cube 2233 (depth 0, 24 lits): UNSAT in 0.20s
    cube 2237 (depth 0, 24 lits): UNSAT in 0.02s
    cube 2241 (depth 0, 24 lits): UNSAT in 0.02s
    cube 2245 (depth 0, 24 lits): UNSAT in 0.02s
    cube 2249 (depth 0, 24 lits): UNSAT in 0.01s
    cube 2253 (depth 0, 24 lits): UNSAT in 0.02s
    cube 2257 (depth 0, 24 lits): UNSAT in 0.02s
    cube 2261 (depth 0, 24 lits): UNSAT in 0.08s
    cube 2265 (depth 0, 24 lits): UNSAT in 0.03s
    cube 2269 (depth 0, 24 lits): UNSAT in 0.04s
    cube 2273 (depth 0, 24 lits): UNSAT in 0.02s
    cube 2277 (depth 0, 24 lits): UNSAT in 0.03s
    cube 2281 (depth 0, 24 lits): UNSAT in 0.01s
    cube 2285 (depth 0, 24 lits): UNSAT in 0.02s
    cube 2289 (depth 0, 24 lits): UNSAT in 0.04s
    cube 2293 (depth 0, 24 lits): UNSAT in 0.16s
    cube 2297 (depth 0, 24 lits): UNSAT in 0.01s
    cube 2301 (depth 0, 24 lits): UNSAT in 0.05s
    cube 2305 (depth 0, 24 lits): UNSAT in 0.01s
    cube 2309 (depth 0, 24 lits): UNSAT in 0.06s
    cube 2313 (depth 0, 24 lits): UNSAT in 0.02s
    cube 2317 (depth 0, 24 lits): UNSAT in 0.03s
    cube 2321 (depth 0, 24 lits): UNSAT in 0.05s
    cube 2325 (depth 0, 24 lits): UNSAT in 0.04s
    cube 2329 (depth 0, 24 lits): UNSAT in 0.01s
    cube 2333 (depth 0, 24 lits): UNSAT in 0.03s
    cube 2337 (depth 0, 24 lits): UNSAT in 0.03s
    cube 2341 (depth 0, 24 lits): UNSAT in 0.13s
    cube 2345 (depth 0, 24 lits): UNSAT in 0.01s
    cube 2349 (depth 0, 24 lits): UNSAT in 0.05s
    cube 2353 (depth 0, 24 lits): UNSAT in 0.04s
    cube 2357 (depth 0, 24 lits): UNSAT in 0.05s
    cube 2361 (depth 0, 24 lits): UNSAT in 0.01s
    cube 2365 (depth 0, 24 lits): UNSAT in 0.03s
    cube 2369 (depth 0, 24 lits): UNSAT in 0.01s
    cube 2373 (depth 0, 24 lits): UNSAT in 0.03s
    cube 2377 (depth 0, 24 lits): UNSAT in 0.01s
    cube 2381 (depth 0, 24 lits): UNSAT in 0.03s
    cube 2385 (depth 0, 24 lits): UNSAT in 0.02s
    cube 2389 (depth 0, 24 lits): UNSAT in 0.13s
    cube 2393 (depth 0, 24 lits): UNSAT in 0.03s
    cube 2397 (depth 0, 24 lits): UNSAT in 0.03s
    cube 2401 (depth 0, 24 lits): UNSAT in 0.01s
    cube 2405 (depth 0, 24 lits): UNSAT in 0.10s
    cube 2409 (depth 0, 24 lits): UNSAT in 0.02s
    cube 2413 (depth 0, 24 lits): UNSAT in 0.23s
    cube 2417 (depth 0, 24 lits): UNSAT in 0.22s
    cube 2421 (depth 0, 24 lits): UNSAT in 0.70s
    cube 2425 (depth 0, 24 lits): UNSAT in 0.02s
    cube 2429 (depth 0, 24 lits): UNSAT in 0.08s
    cube 2433 (depth 0, 24 lits): UNSAT in 0.05s
    cube 2437 (depth 0, 24 lits): UNSAT in 0.30s
    cube 2441 (depth 0, 24 lits): UNSAT in 0.11s
    cube 2445 (depth 0, 24 lits): UNSAT in 0.17s
    cube 2449 (depth 0, 24 lits): UNSAT in 0.19s
    cube 2453 (depth 0, 24 lits): UNSAT in 0.78s
    cube 2457 (depth 0, 24 lits): UNSAT in 0.08s
    cube 2461 (depth 0, 24 lits): UNSAT in 0.18s
    cube 2465 (depth 0, 24 lits): UNSAT in 0.26s
    cube 2469 (depth 0, 24 lits): UNSAT in 0.71s
    cube 2473 (depth 0, 24 lits): UNSAT in 0.40s
    cube 2477 (depth 0, 24 lits): UNSAT in 2.40s
    cube 2481 (depth 0, 24 lits): UNSAT in 0.34s
    cube 2485 (depth 0, 24 lits): UNSAT in 7.10s
    cube 2489 (depth 0, 21 lits): UNSAT in 0.01s
    cube 2493 (depth 0, 23 lits): UNSAT in 0.02s
    cube 2497 (depth 0, 23 lits): UNSAT in 0.02s
    cube 2501 (depth 0, 24 lits): UNSAT in 0.01s
    cube 2505 (depth 0, 22 lits): UNSAT in 0.01s
    cube 2509 (depth 0, 24 lits): UNSAT in 0.01s
    cube 2513 (depth 0, 24 lits): UNSAT in 0.02s
    cube 2517 (depth 0, 24 lits): UNSAT in 0.02s
    cube 2521 (depth 0, 24 lits): UNSAT in 0.01s
    cube 2525 (depth 0, 24 lits): UNSAT in 0.05s
    cube 2529 (depth 0, 23 lits): UNSAT in 0.01s
    cube 2533 (depth 0, 22 lits): UNSAT in 0.02s
    cube 2537 (depth 0, 24 lits): UNSAT in 0.03s
    cube 2541 (depth 0, 24 lits): UNSAT in 0.01s
    cube 2545 (depth 0, 24 lits): UNSAT in 0.02s
    cube 2549 (depth 0, 24 lits): UNSAT in 0.03s
    cube 2553 (depth 0, 23 lits): UNSAT in 0.02s
    cube 2557 (depth 0, 24 lits): UNSAT in 0.03s
    cube 2561 (depth 0, 24 lits): UNSAT in 0.02s
    cube 2565 (depth 0, 24 lits): UNSAT in 0.07s
    cube 2569 (depth 0, 24 lits): UNSAT in 0.02s
    cube 2573 (depth 0, 24 lits): UNSAT in 0.08s
    cube 2577 (depth 0, 24 lits): UNSAT in 0.04s
    cube 2581 (depth 0, 24 lits): UNSAT in 0.38s
    cube 2585 (depth 0, 24 lits): UNSAT in 0.01s
    cube 2589 (depth 0, 24 lits): UNSAT in 0.01s
    cube 2593 (depth 0, 24 lits): UNSAT in 0.03s
    cube 2597 (depth 0, 24 lits): UNSAT in 0.01s
    cube 2601 (depth 0, 24 lits): UNSAT in 0.04s
    cube 2605 (depth 0, 24 lits): UNSAT in 0.03s
    cube 2609 (depth 0, 24 lits): UNSAT in 0.05s
    cube 2613 (depth 0, 24 lits): UNSAT in 0.03s
    cube 2617 (depth 0, 24 lits): UNSAT in 0.02s
    cube 2621 (depth 0, 24 lits): UNSAT in 0.03s
    cube 2625 (depth 0, 24 lits): UNSAT in 0.02s
    cube 2629 (depth 0, 24 lits): UNSAT in 0.03s
    cube 2633 (depth 0, 24 lits): UNSAT in 0.02s
    cube 2637 (depth 0, 24 lits): UNSAT in 0.08s
    cube 2641 (depth 0, 24 lits): UNSAT in 0.02s
    cube 2645 (depth 0, 23 lits): UNSAT in 0.01s
    cube 2649 (depth 0, 24 lits): UNSAT in 0.04s
    cube 2653 (depth 0, 24 lits): UNSAT in 0.02s
    cube 2657 (depth 0, 24 lits): UNSAT in 0.03s
    cube 2661 (depth 0, 24 lits): UNSAT in 0.15s
    cube 2665 (depth 0, 24 lits): UNSAT in 0.11s
    cube 2669 (depth 0, 24 lits): UNSAT in 0.02s
    cube 2673 (depth 0, 24 lits): UNSAT in 0.03s
    cube 2677 (depth 0, 24 lits): UNSAT in 0.02s
    cube 2681 (depth 0, 24 lits): UNSAT in 0.10s
    cube 2685 (depth 0, 24 lits): UNSAT in 0.10s
    cube 2689 (depth 0, 24 lits): UNSAT in 0.55s
    cube 2693 (depth 0, 24 lits): UNSAT in 0.04s
    cube 2697 (depth 0, 24 lits): UNSAT in 0.71s
    cube 2701 (depth 0, 24 lits): UNSAT in 0.02s
    cube 2705 (depth 0, 24 lits): UNSAT in 0.03s
    cube 2709 (depth 0, 24 lits): UNSAT in 0.02s
    cube 2713 (depth 0, 24 lits): UNSAT in 0.09s
    cube 2717 (depth 0, 24 lits): UNSAT in 0.03s
    cube 2721 (depth 0, 24 lits): UNSAT in 0.03s
    cube 2725 (depth 0, 24 lits): UNSAT in 0.08s
    cube 2729 (depth 0, 24 lits): UNSAT in 0.01s
    cube 2733 (depth 0, 24 lits): UNSAT in 0.02s
    cube 2737 (depth 0, 24 lits): UNSAT in 0.01s
    cube 2741 (depth 0, 24 lits): UNSAT in 0.04s
    cube 2745 (depth 0, 24 lits): UNSAT in 0.03s
    cube 2749 (depth 0, 24 lits): UNSAT in 0.03s
    cube 2753 (depth 0, 23 lits): UNSAT in 0.01s
    cube 2757 (depth 0, 24 lits): UNSAT in 0.21s
    cube 2761 (depth 0, 24 lits): UNSAT in 0.04s
    cube 2765 (depth 0, 24 lits): UNSAT in 0.14s
    cube 2769 (depth 0, 24 lits): UNSAT in 0.06s
    cube 2773 (depth 0, 24 lits): UNSAT in 0.03s
    cube 2777 (depth 0, 24 lits): UNSAT in 0.03s
    cube 2781 (depth 0, 24 lits): UNSAT in 0.04s
    cube 2785 (depth 0, 24 lits): UNSAT in 0.13s
    cube 2789 (depth 0, 24 lits): UNSAT in 0.02s
    cube 2793 (depth 0, 24 lits): UNSAT in 0.03s
    cube 2797 (depth 0, 24 lits): UNSAT in 0.11s
    cube 2801 (depth 0, 24 lits): UNSAT in 0.13s
    cube 2805 (depth 0, 24 lits): UNSAT in 0.07s
    cube 2809 (depth 0, 24 lits): UNSAT in 0.15s
    cube 2813 (depth 0, 24 lits): UNSAT in 0.04s
    cube 2817 (depth 0, 24 lits): UNSAT in 0.59s
    cube 2821 (depth 0, 24 lits): UNSAT in 0.03s
    cube 2825 (depth 0, 24 lits): UNSAT in 0.01s
    cube 2829 (depth 0, 24 lits): UNSAT in 0.02s
    cube 2833 (depth 0, 24 lits): UNSAT in 0.04s
    cube 2837 (depth 0, 23 lits): UNSAT in 0.02s
    cube 2841 (depth 0, 24 lits): UNSAT in 0.02s
    cube 2845 (depth 0, 24 lits): UNSAT in 0.04s
    cube 2849 (depth 0, 24 lits): UNSAT in 0.04s
    cube 2853 (depth 0, 24 lits): UNSAT in 0.01s
    cube 2857 (depth 0, 24 lits): UNSAT in 0.08s
    cube 2861 (depth 0, 24 lits): UNSAT in 0.03s
    cube 2865 (depth 0, 24 lits): UNSAT in 0.06s
    cube 2869 (depth 0, 24 lits): UNSAT in 0.02s
    cube 2873 (depth 0, 24 lits): UNSAT in 0.09s
    cube 2877 (depth 0, 24 lits): UNSAT in 0.02s
    cube 2881 (depth 0, 24 lits): UNSAT in 0.04s
    cube 2885 (depth 0, 24 lits): UNSAT in 0.03s
    cube 2889 (depth 0, 24 lits): UNSAT in 0.09s
    cube 2893 (depth 0, 24 lits): UNSAT in 0.06s
    cube 2897 (depth 0, 24 lits): UNSAT in 0.06s
    cube 2901 (depth 0, 24 lits): UNSAT in 0.14s
    cube 2905 (depth 0, 24 lits): UNSAT in 0.29s
    cube 2909 (depth 0, 24 lits): UNSAT in 0.03s
    cube 2913 (depth 0, 24 lits): UNSAT in 0.15s
    cube 2917 (depth 0, 24 lits): UNSAT in 0.22s
    cube 2921 (depth 0, 24 lits): UNSAT in 0.62s
    cube 2925 (depth 0, 24 lits): UNSAT in 0.18s
    cube 2929 (depth 0, 24 lits): UNSAT in 1.14s
    cube 2933 (depth 0, 24 lits): UNSAT in 0.84s
    cube 2937 (depth 0, 24 lits): UNSAT in 3.66s
    cube 2941 (depth 0, 22 lits): UNSAT in 0.02s
    cube 2945 (depth 0, 24 lits): UNSAT in 0.06s
    cube 2949 (depth 0, 24 lits): UNSAT in 0.01s
    cube 2953 (depth 0, 24 lits): UNSAT in 0.01s
    cube 2957 (depth 0, 24 lits): UNSAT in 0.02s
    cube 2961 (depth 0, 24 lits): UNSAT in 0.01s
    cube 2965 (depth 0, 24 lits): UNSAT in 0.05s
    cube 2969 (depth 0, 24 lits): UNSAT in 0.03s
    cube 2973 (depth 0, 24 lits): UNSAT in 0.02s
    cube 2977 (depth 0, 24 lits): UNSAT in 0.02s
    cube 2981 (depth 0, 24 lits): UNSAT in 0.02s
    cube 2985 (depth 0, 24 lits): UNSAT in 0.02s
    cube 2989 (depth 0, 24 lits): UNSAT in 0.03s
    cube 2993 (depth 0, 24 lits): UNSAT in 0.06s
    cube 2997 (depth 0, 24 lits): UNSAT in 0.07s
    cube 3001 (depth 0, 24 lits): UNSAT in 0.02s
    cube 3005 (depth 0, 24 lits): UNSAT in 0.02s
    cube 3009 (depth 0, 24 lits): UNSAT in 0.03s
    cube 3013 (depth 0, 24 lits): UNSAT in 0.05s
    cube 3017 (depth 0, 24 lits): UNSAT in 0.02s
    cube 3021 (depth 0, 24 lits): UNSAT in 0.05s
    cube 3025 (depth 0, 24 lits): UNSAT in 0.11s
    cube 3029 (depth 0, 24 lits): UNSAT in 0.27s
    cube 3033 (depth 0, 24 lits): UNSAT in 0.02s
    cube 3037 (depth 0, 24 lits): UNSAT in 0.03s
    cube 3041 (depth 0, 24 lits): UNSAT in 0.02s
    cube 3045 (depth 0, 24 lits): UNSAT in 0.09s
    cube 3049 (depth 0, 24 lits): UNSAT in 0.04s
    cube 3053 (depth 0, 24 lits): UNSAT in 0.20s
    cube 3057 (depth 0, 24 lits): UNSAT in 0.33s
    cube 3061 (depth 0, 24 lits): UNSAT in 0.17s
    cube 3065 (depth 0, 22 lits): UNSAT in 0.02s
    cube 3069 (depth 0, 24 lits): UNSAT in 0.05s
    cube 3073 (depth 0, 24 lits): UNSAT in 0.02s
    cube 3077 (depth 0, 24 lits): UNSAT in 0.48s
    cube 3081 (depth 0, 24 lits): UNSAT in 0.11s
    cube 3085 (depth 0, 24 lits): UNSAT in 0.12s
    cube 3089 (depth 0, 24 lits): UNSAT in 0.21s
    cube 3093 (depth 0, 24 lits): UNSAT in 0.14s
    cube 3097 (depth 0, 24 lits): UNSAT in 0.04s
    cube 3101 (depth 0, 24 lits): UNSAT in 0.16s
    cube 3105 (depth 0, 24 lits): UNSAT in 0.58s
    cube 3109 (depth 0, 24 lits): UNSAT in 1.97s
    cube 3113 (depth 0, 24 lits): UNSAT in 0.27s
    cube 3117 (depth 0, 24 lits): UNSAT in 1.21s
    cube 3121 (depth 0, 24 lits): UNSAT in 5.58s
    cube 3125 (depth 0, 24 lits): UNSAT in 37.84s
    cube 3129 (depth 0, 24 lits): UNSAT in 0.08s
    cube 3133 (depth 0, 24 lits): UNSAT in 0.29s
    cube 3137 (depth 0, 24 lits): UNSAT in 0.29s
    cube 3141 (depth 0, 24 lits): UNSAT in 0.35s
    cube 3145 (depth 0, 24 lits): UNSAT in 0.24s
    cube 3149 (depth 0, 24 lits): UNSAT in 0.97s
    cube 3153 (depth 0, 24 lits): UNSAT in 0.67s
    cube 3157 (depth 0, 24 lits): UNSAT in 4.60s
    cube 3161 (depth 0, 24 lits): UNSAT in 0.28s
    cube 3165 (depth 0, 24 lits): UNSAT in 1.73s
    cube 3169 (depth 0, 24 lits): UNSAT in 0.73s
    cube 3173 (depth 0, 24 lits): UNSAT in 7.82s
    cube 3177 (depth 0, 24 lits): UNSAT in 1.98s
    cube 3181 (depth 0, 24 lits): UNSAT in 19.22s
    cube 3185 (depth 0, 24 lits): UNSAT in 56.93s
    cube 3189 (depth 0, 24 lits): TIMEOUT in 600.10s
    cube 3189 TIMEOUT -> re-split into 252 sub-cubes (depth 1)
    cube 3189.0 (depth 1, 31 lits): UNSAT in 0.01s
    cube 3189.1 (depth 1, 32 lits): UNSAT in 0.01s
    cube 3189.2 (depth 1, 32 lits): UNSAT in 0.02s
    cube 3189.3 (depth 1, 32 lits): UNSAT in 0.01s
    cube 3189.4 (depth 1, 32 lits): UNSAT in 0.02s
    cube 3189.5 (depth 1, 32 lits): UNSAT in 0.01s
    cube 3189.6 (depth 1, 32 lits): UNSAT in 0.04s
    cube 3189.7 (depth 1, 32 lits): UNSAT in 0.02s
    cube 3189.8 (depth 1, 32 lits): UNSAT in 0.02s
    cube 3189.9 (depth 1, 32 lits): UNSAT in 0.02s
    cube 3189.10 (depth 1, 32 lits): UNSAT in 0.02s
    cube 3189.11 (depth 1, 31 lits): UNSAT in 0.02s
    cube 3189.12 (depth 1, 32 lits): UNSAT in 0.02s
    cube 3189.13 (depth 1, 32 lits): UNSAT in 0.03s
    cube 3189.14 (depth 1, 32 lits): UNSAT in 0.02s
    cube 3189.15 (depth 1, 32 lits): UNSAT in 0.02s
    cube 3189.16 (depth 1, 32 lits): UNSAT in 0.01s
    cube 3189.17 (depth 1, 32 lits): UNSAT in 0.02s
    cube 3189.18 (depth 1, 32 lits): UNSAT in 0.01s
    cube 3189.19 (depth 1, 32 lits): UNSAT in 0.02s
    cube 3189.20 (depth 1, 32 lits): UNSAT in 0.02s
    cube 3189.21 (depth 1, 32 lits): UNSAT in 0.02s
    cube 3189.22 (depth 1, 32 lits): UNSAT in 0.01s
    cube 3189.23 (depth 1, 32 lits): UNSAT in 0.02s
    cube 3189.24 (depth 1, 32 lits): UNSAT in 0.01s
    cube 3189.25 (depth 1, 32 lits): UNSAT in 0.02s
    cube 3189.26 (depth 1, 32 lits): UNSAT in 0.01s
    cube 3189.27 (depth 1, 32 lits): UNSAT in 0.02s
    cube 3189.28 (depth 1, 32 lits): UNSAT in 0.05s
    cube 3189.29 (depth 1, 32 lits): UNSAT in 0.03s
    cube 3189.30 (depth 1, 31 lits): UNSAT in 0.01s
    cube 3189.31 (depth 1, 32 lits): UNSAT in 0.01s
    cube 3189.32 (depth 1, 32 lits): UNSAT in 0.02s
    cube 3189.33 (depth 1, 32 lits): UNSAT in 0.02s
    cube 3189.34 (depth 1, 32 lits): UNSAT in 0.02s
    cube 3189.35 (depth 1, 32 lits): UNSAT in 0.02s
    cube 3189.36 (depth 1, 32 lits): UNSAT in 0.02s
    cube 3189.37 (depth 1, 32 lits): UNSAT in 0.02s
    cube 3189.38 (depth 1, 32 lits): UNSAT in 0.02s
    cube 3189.39 (depth 1, 32 lits): UNSAT in 0.02s
    cube 3189.40 (depth 1, 32 lits): UNSAT in 0.02s
    cube 3189.41 (depth 1, 32 lits): UNSAT in 0.02s
    cube 3189.42 (depth 1, 32 lits): UNSAT in 0.06s
    cube 3189.43 (depth 1, 32 lits): UNSAT in 0.03s
    cube 3189.44 (depth 1, 32 lits): UNSAT in 0.10s
    cube 3189.45 (depth 1, 32 lits): UNSAT in 0.02s
    cube 3189.46 (depth 1, 32 lits): UNSAT in 0.03s
    cube 3189.47 (depth 1, 32 lits): UNSAT in 0.04s
    cube 3189.48 (depth 1, 32 lits): UNSAT in 0.04s
    cube 3189.49 (depth 1, 32 lits): UNSAT in 0.04s
    cube 3189.50 (depth 1, 32 lits): UNSAT in 0.07s
    cube 3189.51 (depth 1, 32 lits): UNSAT in 0.06s
    cube 3189.52 (depth 1, 32 lits): UNSAT in 0.16s
    cube 3189.53 (depth 1, 32 lits): UNSAT in 0.02s
    cube 3189.54 (depth 1, 32 lits): UNSAT in 0.04s
    cube 3189.55 (depth 1, 32 lits): UNSAT in 0.03s
    cube 3189.56 (depth 1, 32 lits): UNSAT in 0.08s
    cube 3189.57 (depth 1, 32 lits): UNSAT in 0.04s
    cube 3189.58 (depth 1, 32 lits): UNSAT in 0.06s
    cube 3189.59 (depth 1, 32 lits): UNSAT in 0.13s
    cube 3189.60 (depth 1, 32 lits): UNSAT in 0.24s
    cube 3189.61 (depth 1, 32 lits): UNSAT in 0.02s
    cube 3189.62 (depth 1, 32 lits): UNSAT in 0.02s
    cube 3189.63 (depth 1, 32 lits): UNSAT in 0.02s
    cube 3189.64 (depth 1, 32 lits): UNSAT in 0.03s
    cube 3189.65 (depth 1, 32 lits): UNSAT in 0.02s
    cube 3189.66 (depth 1, 32 lits): UNSAT in 0.03s
    cube 3189.67 (depth 1, 32 lits): UNSAT in 0.05s
    cube 3189.68 (depth 1, 32 lits): UNSAT in 0.17s
    cube 3189.69 (depth 1, 32 lits): UNSAT in 0.02s
    cube 3189.70 (depth 1, 32 lits): UNSAT in 0.04s
    cube 3189.71 (depth 1, 32 lits): UNSAT in 0.03s
    cube 3189.72 (depth 1, 32 lits): UNSAT in 0.09s
    cube 3189.73 (depth 1, 32 lits): UNSAT in 0.04s
    cube 3189.74 (depth 1, 32 lits): UNSAT in 0.17s
    cube 3189.75 (depth 1, 32 lits): UNSAT in 0.18s
    cube 3189.76 (depth 1, 32 lits): UNSAT in 0.52s
    cube 3189.77 (depth 1, 32 lits): UNSAT in 0.05s
    cube 3189.78 (depth 1, 32 lits): UNSAT in 0.11s
    cube 3189.79 (depth 1, 32 lits): UNSAT in 0.20s
    cube 3189.80 (depth 1, 32 lits): UNSAT in 0.39s
    cube 3189.81 (depth 1, 32 lits): UNSAT in 0.05s
    cube 3189.82 (depth 1, 32 lits): UNSAT in 0.10s
    cube 3189.83 (depth 1, 32 lits): UNSAT in 0.21s
    cube 3189.84 (depth 1, 32 lits): UNSAT in 0.78s
    cube 3189.85 (depth 1, 32 lits): UNSAT in 0.02s
    cube 3189.86 (depth 1, 32 lits): UNSAT in 0.21s
    cube 3189.87 (depth 1, 32 lits): UNSAT in 0.13s
    cube 3189.88 (depth 1, 32 lits): UNSAT in 0.54s
    cube 3189.89 (depth 1, 32 lits): UNSAT in 0.31s
    cube 3189.90 (depth 1, 32 lits): UNSAT in 0.73s
    cube 3189.91 (depth 1, 32 lits): UNSAT in 0.76s
    cube 3189.92 (depth 1, 32 lits): UNSAT in 6.29s
    cube 3189.93 (depth 1, 32 lits): UNSAT in 0.03s
    cube 3189.94 (depth 1, 32 lits): UNSAT in 0.04s
    cube 3189.95 (depth 1, 32 lits): UNSAT in 0.04s
    cube 3189.96 (depth 1, 32 lits): UNSAT in 0.06s
    cube 3189.97 (depth 1, 32 lits): UNSAT in 0.04s
    cube 3189.98 (depth 1, 32 lits): UNSAT in 0.16s
    cube 3189.99 (depth 1, 32 lits): UNSAT in 0.06s
    cube 3189.100 (depth 1, 32 lits): UNSAT in 0.25s
    cube 3189.101 (depth 1, 32 lits): UNSAT in 0.03s
    cube 3189.102 (depth 1, 32 lits): UNSAT in 0.05s
    cube 3189.103 (depth 1, 32 lits): UNSAT in 0.04s
    cube 3189.104 (depth 1, 32 lits): UNSAT in 0.31s
    cube 3189.105 (depth 1, 32 lits): UNSAT in 0.11s
    cube 3189.106 (depth 1, 32 lits): UNSAT in 0.27s
    cube 3189.107 (depth 1, 32 lits): UNSAT in 0.31s
    cube 3189.108 (depth 1, 32 lits): UNSAT in 2.39s
    cube 3189.109 (depth 1, 32 lits): UNSAT in 0.04s
    cube 3189.110 (depth 1, 32 lits): UNSAT in 0.05s
    cube 3189.111 (depth 1, 32 lits): UNSAT in 0.04s
    cube 3189.112 (depth 1, 32 lits): UNSAT in 0.23s
    cube 3189.113 (depth 1, 32 lits): UNSAT in 0.13s
    cube 3189.114 (depth 1, 32 lits): UNSAT in 0.36s
    cube 3189.115 (depth 1, 32 lits): UNSAT in 0.17s
    cube 3189.116 (depth 1, 32 lits): UNSAT in 0.82s
    cube 3189.117 (depth 1, 32 lits): UNSAT in 0.16s
    cube 3189.118 (depth 1, 32 lits): UNSAT in 1.20s
    cube 3189.119 (depth 1, 32 lits): UNSAT in 0.72s
    cube 3189.120 (depth 1, 32 lits): UNSAT in 4.86s
    cube 3189.121 (depth 1, 32 lits): UNSAT in 0.66s
    cube 3189.122 (depth 1, 32 lits): UNSAT in 3.00s
    cube 3189.123 (depth 1, 32 lits): UNSAT in 7.90s
    cube 3189.124 (depth 1, 32 lits): UNSAT in 31.89s
    cube 3189.125 (depth 1, 32 lits): UNSAT in 0.02s
    cube 3189.126 (depth 1, 32 lits): UNSAT in 0.02s
    cube 3189.127 (depth 1, 32 lits): UNSAT in 0.02s
    cube 3189.128 (depth 1, 32 lits): UNSAT in 0.02s
    cube 3189.129 (depth 1, 31 lits): UNSAT in 0.02s
    cube 3189.130 (depth 1, 32 lits): UNSAT in 0.02s
    cube 3189.131 (depth 1, 32 lits): UNSAT in 0.04s
    cube 3189.132 (depth 1, 32 lits): UNSAT in 0.02s
    cube 3189.133 (depth 1, 32 lits): UNSAT in 0.02s
    cube 3189.134 (depth 1, 32 lits): UNSAT in 0.02s
    cube 3189.135 (depth 1, 32 lits): UNSAT in 0.04s
    cube 3189.136 (depth 1, 32 lits): UNSAT in 0.02s
    cube 3189.137 (depth 1, 32 lits): UNSAT in 0.04s
    cube 3189.138 (depth 1, 32 lits): UNSAT in 0.09s
    cube 3189.139 (depth 1, 32 lits): UNSAT in 0.23s
    cube 3189.140 (depth 1, 32 lits): UNSAT in 0.02s
    cube 3189.141 (depth 1, 32 lits): UNSAT in 0.05s
    cube 3189.142 (depth 1, 32 lits): UNSAT in 0.03s
    cube 3189.143 (depth 1, 32 lits): UNSAT in 0.03s
    cube 3189.144 (depth 1, 32 lits): UNSAT in 0.04s
    cube 3189.145 (depth 1, 32 lits): UNSAT in 0.13s
    cube 3189.146 (depth 1, 32 lits): UNSAT in 0.15s
    cube 3189.147 (depth 1, 32 lits): UNSAT in 1.09s
    cube 3189.148 (depth 1, 32 lits): UNSAT in 0.02s
    cube 3189.149 (depth 1, 32 lits): UNSAT in 0.08s
    cube 3189.150 (depth 1, 32 lits): UNSAT in 0.03s
    cube 3189.151 (depth 1, 32 lits): UNSAT in 0.46s
    cube 3189.152 (depth 1, 32 lits): UNSAT in 0.14s
    cube 3189.153 (depth 1, 32 lits): UNSAT in 0.77s
    cube 3189.154 (depth 1, 32 lits): UNSAT in 0.16s
    cube 3189.155 (depth 1, 32 lits): UNSAT in 2.20s
    cube 3189.156 (depth 1, 32 lits): UNSAT in 0.03s
    cube 3189.157 (depth 1, 32 lits): UNSAT in 0.05s
    cube 3189.158 (depth 1, 32 lits): UNSAT in 0.04s
    cube 3189.159 (depth 1, 32 lits): UNSAT in 0.11s
    cube 3189.160 (depth 1, 32 lits): UNSAT in 0.17s
    cube 3189.161 (depth 1, 32 lits): UNSAT in 0.28s
    cube 3189.162 (depth 1, 32 lits): UNSAT in 0.53s
    cube 3189.163 (depth 1, 32 lits): UNSAT in 0.80s
    cube 3189.164 (depth 1, 32 lits): UNSAT in 0.05s
    cube 3189.165 (depth 1, 32 lits): UNSAT in 0.14s
    cube 3189.166 (depth 1, 32 lits): UNSAT in 0.06s
    cube 3189.167 (depth 1, 32 lits): UNSAT in 0.48s
    cube 3189.168 (depth 1, 32 lits): UNSAT in 0.12s
    cube 3189.169 (depth 1, 32 lits): UNSAT in 0.27s
    cube 3189.170 (depth 1, 32 lits): UNSAT in 0.68s
    cube 3189.171 (depth 1, 32 lits): UNSAT in 2.92s
    cube 3189.172 (depth 1, 32 lits): UNSAT in 0.05s
    cube 3189.173 (depth 1, 32 lits): UNSAT in 0.04s
    cube 3189.174 (depth 1, 32 lits): UNSAT in 0.10s
    cube 3189.175 (depth 1, 32 lits): UNSAT in 0.09s
    cube 3189.176 (depth 1, 32 lits): UNSAT in 0.04s
    cube 3189.177 (depth 1, 32 lits): UNSAT in 0.19s
    cube 3189.178 (depth 1, 32 lits): UNSAT in 0.36s
    cube 3189.179 (depth 1, 32 lits): UNSAT in 0.58s
    cube 3189.180 (depth 1, 32 lits): UNSAT in 0.21s
    cube 3189.181 (depth 1, 32 lits): UNSAT in 1.33s
    cube 3189.182 (depth 1, 32 lits): UNSAT in 1.20s
    cube 3189.183 (depth 1, 32 lits): UNSAT in 1.89s
    cube 3189.184 (depth 1, 32 lits): UNSAT in 0.16s
    cube 3189.185 (depth 1, 32 lits): UNSAT in 0.43s
    cube 3189.186 (depth 1, 32 lits): UNSAT in 6.51s
    cube 3189.187 (depth 1, 32 lits): UNSAT in 43.71s
    cube 3189.188 (depth 1, 32 lits): UNSAT in 0.02s
    cube 3189.189 (depth 1, 32 lits): UNSAT in 0.02s
    cube 3189.190 (depth 1, 32 lits): UNSAT in 0.02s
    cube 3189.191 (depth 1, 32 lits): UNSAT in 0.03s
    cube 3189.192 (depth 1, 32 lits): UNSAT in 0.03s
    cube 3189.193 (depth 1, 32 lits): UNSAT in 0.05s
    cube 3189.194 (depth 1, 32 lits): UNSAT in 0.03s
    cube 3189.195 (depth 1, 32 lits): UNSAT in 0.18s
    cube 3189.196 (depth 1, 32 lits): UNSAT in 0.07s
    cube 3189.197 (depth 1, 32 lits): UNSAT in 0.14s
    cube 3189.198 (depth 1, 32 lits): UNSAT in 0.13s
    cube 3189.199 (depth 1, 32 lits): UNSAT in 0.23s
    cube 3189.200 (depth 1, 32 lits): UNSAT in 0.09s
    cube 3189.201 (depth 1, 32 lits): UNSAT in 0.14s
    cube 3189.202 (depth 1, 32 lits): UNSAT in 1.16s
    cube 3189.203 (depth 1, 32 lits): UNSAT in 2.42s
    cube 3189.204 (depth 1, 32 lits): UNSAT in 0.14s
    cube 3189.205 (depth 1, 32 lits): UNSAT in 0.30s
    cube 3189.206 (depth 1, 32 lits): UNSAT in 0.17s
    cube 3189.207 (depth 1, 32 lits): UNSAT in 0.34s
    cube 3189.208 (depth 1, 32 lits): UNSAT in 0.22s
    cube 3189.209 (depth 1, 32 lits): UNSAT in 0.56s
    cube 3189.210 (depth 1, 32 lits): UNSAT in 0.10s
    cube 3189.211 (depth 1, 32 lits): UNSAT in 0.72s
    cube 3189.212 (depth 1, 32 lits): UNSAT in 0.04s
    cube 3189.213 (depth 1, 32 lits): UNSAT in 0.12s
    cube 3189.214 (depth 1, 32 lits): UNSAT in 0.17s
    cube 3189.215 (depth 1, 32 lits): UNSAT in 0.43s
    cube 3189.216 (depth 1, 32 lits): UNSAT in 0.30s
    cube 3189.217 (depth 1, 32 lits): UNSAT in 1.54s
    cube 3189.218 (depth 1, 32 lits): UNSAT in 0.88s
    cube 3189.219 (depth 1, 32 lits): UNSAT in 5.43s
    cube 3189.220 (depth 1, 32 lits): UNSAT in 0.02s
    cube 3189.221 (depth 1, 32 lits): UNSAT in 0.04s
    cube 3189.222 (depth 1, 32 lits): UNSAT in 0.03s
    cube 3189.223 (depth 1, 32 lits): UNSAT in 0.04s
    cube 3189.224 (depth 1, 32 lits): UNSAT in 0.06s
    cube 3189.225 (depth 1, 32 lits): UNSAT in 0.09s
    cube 3189.226 (depth 1, 32 lits): UNSAT in 0.05s
    cube 3189.227 (depth 1, 32 lits): UNSAT in 0.22s
    cube 3189.228 (depth 1, 32 lits): UNSAT in 0.02s
    cube 3189.229 (depth 1, 32 lits): UNSAT in 0.07s
    cube 3189.230 (depth 1, 32 lits): UNSAT in 0.04s
    cube 3189.231 (depth 1, 32 lits): UNSAT in 0.31s
    cube 3189.232 (depth 1, 32 lits): UNSAT in 0.14s
    cube 3189.233 (depth 1, 32 lits): UNSAT in 0.24s
    cube 3189.234 (depth 1, 32 lits): UNSAT in 0.08s
    cube 3189.235 (depth 1, 32 lits): UNSAT in 0.47s
    cube 3189.236 (depth 1, 32 lits): UNSAT in 0.12s
    cube 3189.237 (depth 1, 32 lits): UNSAT in 0.38s
    cube 3189.238 (depth 1, 32 lits): UNSAT in 0.40s
    cube 3189.239 (depth 1, 32 lits): UNSAT in 0.85s
    cube 3189.240 (depth 1, 32 lits): UNSAT in 0.40s
    cube 3189.241 (depth 1, 32 lits): UNSAT in 1.02s
    cube 3189.242 (depth 1, 32 lits): UNSAT in 1.59s
    cube 3189.243 (depth 1, 32 lits): UNSAT in 5.24s
    cube 3189.244 (depth 1, 32 lits): UNSAT in 0.28s
    cube 3189.245 (depth 1, 32 lits): UNSAT in 0.68s
    cube 3189.246 (depth 1, 32 lits): UNSAT in 0.45s
    cube 3189.247 (depth 1, 32 lits): UNSAT in 3.74s
    cube 3189.248 (depth 1, 32 lits): UNSAT in 0.46s
    cube 3189.249 (depth 1, 32 lits): UNSAT in 1.33s
    cube 3189.250 (depth 1, 32 lits): UNSAT in 6.06s
    cube 3189.251 (depth 1, 32 lits): UNSAT in 62.01s
    cube 3193 (depth 0, 24 lits): UNSAT in 0.02s
    cube 3197 (depth 0, 24 lits): UNSAT in 0.07s
    cube 3201 (depth 0, 24 lits): UNSAT in 0.09s
    cube 3205 (depth 0, 24 lits): UNSAT in 0.02s
    cube 3209 (depth 0, 24 lits): UNSAT in 0.02s
    cube 3213 (depth 0, 24 lits): UNSAT in 0.04s
    cube 3217 (depth 0, 24 lits): UNSAT in 0.07s
    cube 3221 (depth 0, 24 lits): UNSAT in 0.03s
    cube 3225 (depth 0, 24 lits): UNSAT in 0.05s
    cube 3229 (depth 0, 24 lits): UNSAT in 0.09s
    cube 3233 (depth 0, 24 lits): UNSAT in 0.29s
    cube 3237 (depth 0, 24 lits): UNSAT in 0.03s
    cube 3241 (depth 0, 24 lits): UNSAT in 0.08s
    cube 3245 (depth 0, 24 lits): UNSAT in 0.13s
    cube 3249 (depth 0, 24 lits): UNSAT in 1.36s
    cube 3253 (depth 0, 24 lits): UNSAT in 0.03s
    cube 3257 (depth 0, 24 lits): UNSAT in 0.05s
    cube 3261 (depth 0, 24 lits): UNSAT in 0.12s
    cube 3265 (depth 0, 24 lits): UNSAT in 0.24s
    cube 3269 (depth 0, 24 lits): UNSAT in 0.04s
    cube 3273 (depth 0, 24 lits): UNSAT in 0.05s
    cube 3277 (depth 0, 24 lits): UNSAT in 0.04s
    cube 3281 (depth 0, 24 lits): UNSAT in 0.40s
    cube 3285 (depth 0, 23 lits): UNSAT in 0.02s
    cube 3289 (depth 0, 24 lits): UNSAT in 0.08s
    cube 3293 (depth 0, 24 lits): UNSAT in 0.22s
    cube 3297 (depth 0, 24 lits): UNSAT in 0.19s
    cube 3301 (depth 0, 24 lits): UNSAT in 0.60s
    cube 3305 (depth 0, 24 lits): UNSAT in 1.09s
    cube 3309 (depth 0, 24 lits): UNSAT in 0.58s
    cube 3313 (depth 0, 24 lits): UNSAT in 91.87s
    cube 3317 (depth 0, 24 lits): UNSAT in 0.02s
    cube 3321 (depth 0, 24 lits): UNSAT in 0.04s
    cube 3325 (depth 0, 24 lits): UNSAT in 0.01s
    cube 3329 (depth 0, 24 lits): UNSAT in 0.03s
    cube 3333 (depth 0, 24 lits): UNSAT in 0.02s
    cube 3337 (depth 0, 24 lits): UNSAT in 0.11s
    cube 3341 (depth 0, 24 lits): UNSAT in 0.39s
    cube 3345 (depth 0, 24 lits): UNSAT in 0.37s
    cube 3349 (depth 0, 24 lits): UNSAT in 0.02s
    cube 3353 (depth 0, 24 lits): UNSAT in 0.05s
    cube 3357 (depth 0, 24 lits): UNSAT in 0.06s
    cube 3361 (depth 0, 24 lits): UNSAT in 0.84s
    cube 3365 (depth 0, 24 lits): UNSAT in 0.29s
    cube 3369 (depth 0, 24 lits): UNSAT in 1.06s
    cube 3373 (depth 0, 24 lits): UNSAT in 2.91s
    cube 3377 (depth 0, 24 lits): UNSAT in 82.82s
    cube 3381 (depth 0, 24 lits): UNSAT in 0.03s
    cube 3385 (depth 0, 24 lits): UNSAT in 0.29s
    cube 3389 (depth 0, 24 lits): UNSAT in 0.10s
    cube 3393 (depth 0, 24 lits): UNSAT in 0.25s
    cube 3397 (depth 0, 24 lits): UNSAT in 0.30s
    cube 3401 (depth 0, 24 lits): UNSAT in 1.62s
    cube 3405 (depth 0, 24 lits): UNSAT in 0.14s
    cube 3409 (depth 0, 24 lits): UNSAT in 8.34s
    cube 3413 (depth 0, 24 lits): UNSAT in 0.11s
    cube 3417 (depth 0, 24 lits): UNSAT in 1.92s
    cube 3421 (depth 0, 24 lits): UNSAT in 0.98s
    cube 3425 (depth 0, 24 lits): UNSAT in 13.71s
    cube 3429 (depth 0, 24 lits): UNSAT in 2.66s
    cube 3433 (depth 0, 24 lits): UNSAT in 14.73s
    cube 3437 (depth 0, 24 lits): UNSAT in 42.83s
    cube 3441 (depth 0, 24 lits): TIMEOUT in 600.10s
    cube 3441 TIMEOUT -> re-split into 247 sub-cubes (depth 1)
    cube 3441.0 (depth 1, 30 lits): UNSAT in 0.01s
    cube 3441.1 (depth 1, 32 lits): UNSAT in 0.01s
    cube 3441.2 (depth 1, 32 lits): UNSAT in 0.02s
    cube 3441.3 (depth 1, 32 lits): UNSAT in 0.01s
    cube 3441.4 (depth 1, 32 lits): UNSAT in 0.01s
    cube 3441.5 (depth 1, 31 lits): UNSAT in 0.01s
    cube 3441.6 (depth 1, 32 lits): UNSAT in 0.02s
    cube 3441.7 (depth 1, 32 lits): UNSAT in 0.02s
    cube 3441.8 (depth 1, 32 lits): UNSAT in 0.01s
    cube 3441.9 (depth 1, 32 lits): UNSAT in 0.02s
    cube 3441.10 (depth 1, 32 lits): UNSAT in 0.02s
    cube 3441.11 (depth 1, 32 lits): UNSAT in 0.06s
    cube 3441.12 (depth 1, 32 lits): UNSAT in 0.02s
    cube 3441.13 (depth 1, 32 lits): UNSAT in 0.03s
    cube 3441.14 (depth 1, 32 lits): UNSAT in 0.02s
    cube 3441.15 (depth 1, 32 lits): UNSAT in 0.04s
    cube 3441.16 (depth 1, 32 lits): UNSAT in 0.02s
    cube 3441.17 (depth 1, 32 lits): UNSAT in 0.02s
    cube 3441.18 (depth 1, 32 lits): UNSAT in 0.02s
    cube 3441.19 (depth 1, 32 lits): UNSAT in 0.02s
    cube 3441.20 (depth 1, 31 lits): UNSAT in 0.02s
    cube 3441.21 (depth 1, 32 lits): UNSAT in 0.02s
    cube 3441.22 (depth 1, 32 lits): UNSAT in 0.04s
    cube 3441.23 (depth 1, 32 lits): UNSAT in 0.02s
    cube 3441.24 (depth 1, 32 lits): UNSAT in 0.03s
    cube 3441.25 (depth 1, 32 lits): UNSAT in 0.03s
    cube 3441.26 (depth 1, 32 lits): UNSAT in 0.03s
    cube 3441.27 (depth 1, 32 lits): UNSAT in 0.01s
    cube 3441.28 (depth 1, 32 lits): UNSAT in 0.02s
    cube 3441.29 (depth 1, 32 lits): UNSAT in 0.02s
    cube 3441.30 (depth 1, 32 lits): UNSAT in 0.03s
    cube 3441.31 (depth 1, 32 lits): UNSAT in 0.01s
    cube 3441.32 (depth 1, 32 lits): UNSAT in 0.02s
    cube 3441.33 (depth 1, 32 lits): UNSAT in 0.02s
    cube 3441.34 (depth 1, 32 lits): UNSAT in 0.06s
    cube 3441.35 (depth 1, 31 lits): UNSAT in 0.02s
    cube 3441.36 (depth 1, 32 lits): UNSAT in 0.02s
    cube 3441.37 (depth 1, 32 lits): UNSAT in 0.03s
    cube 3441.38 (depth 1, 32 lits): UNSAT in 0.04s
    cube 3441.39 (depth 1, 32 lits): UNSAT in 0.07s
    cube 3441.40 (depth 1, 32 lits): UNSAT in 0.22s
    cube 3441.41 (depth 1, 32 lits): UNSAT in 0.38s
    cube 3441.42 (depth 1, 32 lits): UNSAT in 0.02s
    cube 3441.43 (depth 1, 32 lits): UNSAT in 0.02s
    cube 3441.44 (depth 1, 32 lits): UNSAT in 0.02s
    cube 3441.45 (depth 1, 32 lits): UNSAT in 0.03s
    cube 3441.46 (depth 1, 32 lits): UNSAT in 0.05s
    cube 3441.47 (depth 1, 32 lits): UNSAT in 0.03s
    cube 3441.48 (depth 1, 32 lits): UNSAT in 0.02s
    cube 3441.49 (depth 1, 32 lits): UNSAT in 0.08s
    cube 3441.50 (depth 1, 32 lits): UNSAT in 0.01s
    cube 3441.51 (depth 1, 32 lits): UNSAT in 0.02s
    cube 3441.52 (depth 1, 32 lits): UNSAT in 0.02s
    cube 3441.53 (depth 1, 32 lits): UNSAT in 0.04s
    cube 3441.54 (depth 1, 32 lits): UNSAT in 0.06s
    cube 3441.55 (depth 1, 32 lits): UNSAT in 0.32s
    cube 3441.56 (depth 1, 32 lits): UNSAT in 0.26s
    cube 3441.57 (depth 1, 32 lits): UNSAT in 1.51s
    cube 3441.58 (depth 1, 31 lits): UNSAT in 0.01s
    cube 3441.59 (depth 1, 32 lits): UNSAT in 0.01s
    cube 3441.60 (depth 1, 32 lits): UNSAT in 0.02s
    cube 3441.61 (depth 1, 31 lits): UNSAT in 0.01s
    cube 3441.62 (depth 1, 32 lits): UNSAT in 0.01s
    cube 3441.63 (depth 1, 32 lits): UNSAT in 0.02s
    cube 3441.64 (depth 1, 32 lits): UNSAT in 0.02s
    cube 3441.65 (depth 1, 32 lits): UNSAT in 0.02s
    cube 3441.66 (depth 1, 32 lits): UNSAT in 0.02s
    cube 3441.67 (depth 1, 32 lits): UNSAT in 0.03s
    cube 3441.68 (depth 1, 32 lits): UNSAT in 0.02s
    cube 3441.69 (depth 1, 32 lits): UNSAT in 0.06s
    cube 3441.70 (depth 1, 32 lits): UNSAT in 0.05s
    cube 3441.71 (depth 1, 32 lits): UNSAT in 0.04s
    cube 3441.72 (depth 1, 32 lits): UNSAT in 0.01s
    cube 3441.73 (depth 1, 32 lits): UNSAT in 0.02s
    cube 3441.74 (depth 1, 32 lits): UNSAT in 0.03s
    cube 3441.75 (depth 1, 32 lits): UNSAT in 0.02s
    cube 3441.76 (depth 1, 32 lits): UNSAT in 0.02s
    cube 3441.77 (depth 1, 32 lits): UNSAT in 0.03s
    cube 3441.78 (depth 1, 32 lits): UNSAT in 0.02s
    cube 3441.79 (depth 1, 32 lits): UNSAT in 0.06s
    cube 3441.80 (depth 1, 32 lits): UNSAT in 0.06s
    cube 3441.81 (depth 1, 32 lits): UNSAT in 0.05s
    cube 3441.82 (depth 1, 32 lits): UNSAT in 0.08s
    cube 3441.83 (depth 1, 32 lits): UNSAT in 0.24s
    cube 3441.84 (depth 1, 32 lits): UNSAT in 0.11s
    cube 3441.85 (depth 1, 32 lits): UNSAT in 0.32s
    cube 3441.86 (depth 1, 32 lits): UNSAT in 0.78s
    cube 3441.87 (depth 1, 32 lits): UNSAT in 1.52s
    cube 3441.88 (depth 1, 32 lits): UNSAT in 0.02s
    cube 3441.89 (depth 1, 32 lits): UNSAT in 0.03s
    cube 3441.90 (depth 1, 32 lits): UNSAT in 0.03s
    cube 3441.91 (depth 1, 32 lits): UNSAT in 0.09s
    cube 3441.92 (depth 1, 32 lits): UNSAT in 0.03s
    cube 3441.93 (depth 1, 32 lits): UNSAT in 0.21s
    cube 3441.94 (depth 1, 32 lits): UNSAT in 0.06s
    cube 3441.95 (depth 1, 32 lits): UNSAT in 0.31s
    cube 3441.96 (depth 1, 32 lits): UNSAT in 0.04s
    cube 3441.97 (depth 1, 32 lits): UNSAT in 0.13s
    cube 3441.98 (depth 1, 32 lits): UNSAT in 0.05s
    cube 3441.99 (depth 1, 32 lits): UNSAT in 0.26s
    cube 3441.100 (depth 1, 32 lits): UNSAT in 0.10s
    cube 3441.101 (depth 1, 32 lits): UNSAT in 0.31s
    cube 3441.102 (depth 1, 32 lits): UNSAT in 0.07s
    cube 3441.103 (depth 1, 32 lits): UNSAT in 0.66s
    cube 3441.104 (depth 1, 32 lits): UNSAT in 0.10s
    cube 3441.105 (depth 1, 32 lits): UNSAT in 0.11s
    cube 3441.106 (depth 1, 32 lits): UNSAT in 0.10s
    cube 3441.107 (depth 1, 32 lits): UNSAT in 0.72s
    cube 3441.108 (depth 1, 32 lits): UNSAT in 0.10s
    cube 3441.109 (depth 1, 32 lits): UNSAT in 0.50s
    cube 3441.110 (depth 1, 32 lits): UNSAT in 0.49s
    cube 3441.111 (depth 1, 32 lits): UNSAT in 3.40s
    cube 3441.112 (depth 1, 32 lits): UNSAT in 0.17s
    cube 3441.113 (depth 1, 32 lits): UNSAT in 0.80s
    cube 3441.114 (depth 1, 32 lits): UNSAT in 0.78s
    cube 3441.115 (depth 1, 32 lits): UNSAT in 4.26s
    cube 3441.116 (depth 1, 32 lits): UNSAT in 1.51s
    cube 3441.117 (depth 1, 32 lits): UNSAT in 5.22s
    cube 3441.118 (depth 1, 32 lits): UNSAT in 3.65s
    cube 3441.119 (depth 1, 32 lits): UNSAT in 21.74s
    cube 3441.120 (depth 1, 32 lits): UNSAT in 0.01s
    cube 3441.121 (depth 1, 32 lits): UNSAT in 0.02s
    cube 3441.122 (depth 1, 31 lits): UNSAT in 0.02s
    cube 3441.123 (depth 1, 32 lits): UNSAT in 0.01s
    cube 3441.124 (depth 1, 32 lits): UNSAT in 0.02s
    cube 3441.125 (depth 1, 32 lits): UNSAT in 0.03s
    cube 3441.126 (depth 1, 32 lits): UNSAT in 0.08s
    cube 3441.127 (depth 1, 32 lits): UNSAT in 0.02s
    cube 3441.128 (depth 1, 32 lits): UNSAT in 0.03s
    cube 3441.129 (depth 1, 32 lits): UNSAT in 0.02s
    cube 3441.130 (depth 1, 32 lits): UNSAT in 0.06s
    cube 3441.131 (depth 1, 32 lits): UNSAT in 0.04s
    cube 3441.132 (depth 1, 32 lits): UNSAT in 0.06s
    cube 3441.133 (depth 1, 32 lits): UNSAT in 0.03s
    cube 3441.134 (depth 1, 32 lits): UNSAT in 0.12s
    cube 3441.135 (depth 1, 32 lits): UNSAT in 0.01s
    cube 3441.136 (depth 1, 32 lits): UNSAT in 0.03s
    cube 3441.137 (depth 1, 32 lits): UNSAT in 0.03s
    cube 3441.138 (depth 1, 32 lits): UNSAT in 0.10s
    cube 3441.139 (depth 1, 32 lits): UNSAT in 0.02s
    cube 3441.140 (depth 1, 32 lits): UNSAT in 0.06s
    cube 3441.141 (depth 1, 32 lits): UNSAT in 0.12s
    cube 3441.142 (depth 1, 32 lits): UNSAT in 0.36s
    cube 3441.143 (depth 1, 32 lits): UNSAT in 0.05s
    cube 3441.144 (depth 1, 32 lits): UNSAT in 0.21s
    cube 3441.145 (depth 1, 32 lits): UNSAT in 0.11s
    cube 3441.146 (depth 1, 32 lits): UNSAT in 0.24s
    cube 3441.147 (depth 1, 32 lits): UNSAT in 0.16s
    cube 3441.148 (depth 1, 32 lits): UNSAT in 0.34s
    cube 3441.149 (depth 1, 32 lits): UNSAT in 1.00s
    cube 3441.150 (depth 1, 32 lits): UNSAT in 3.21s
    cube 3441.151 (depth 1, 32 lits): UNSAT in 0.02s
    cube 3441.152 (depth 1, 32 lits): UNSAT in 0.02s
    cube 3441.153 (depth 1, 32 lits): UNSAT in 0.03s
    cube 3441.154 (depth 1, 32 lits): UNSAT in 0.06s
    cube 3441.155 (depth 1, 32 lits): UNSAT in 0.03s
    cube 3441.156 (depth 1, 32 lits): UNSAT in 0.10s
    cube 3441.157 (depth 1, 32 lits): UNSAT in 0.03s
    cube 3441.158 (depth 1, 32 lits): UNSAT in 0.18s
    cube 3441.159 (depth 1, 32 lits): UNSAT in 0.04s
    cube 3441.160 (depth 1, 32 lits): UNSAT in 0.04s
    cube 3441.161 (depth 1, 32 lits): UNSAT in 0.02s
    cube 3441.162 (depth 1, 32 lits): UNSAT in 0.09s
    cube 3441.163 (depth 1, 32 lits): UNSAT in 0.02s
    cube 3441.164 (depth 1, 32 lits): UNSAT in 0.03s
    cube 3441.165 (depth 1, 32 lits): UNSAT in 0.08s
    cube 3441.166 (depth 1, 32 lits): UNSAT in 1.12s
    cube 3441.167 (depth 1, 32 lits): UNSAT in 0.04s
    cube 3441.168 (depth 1, 32 lits): UNSAT in 0.05s
    cube 3441.169 (depth 1, 32 lits): UNSAT in 0.05s
    cube 3441.170 (depth 1, 32 lits): UNSAT in 0.07s
    cube 3441.171 (depth 1, 32 lits): UNSAT in 0.19s
    cube 3441.172 (depth 1, 32 lits): UNSAT in 0.26s
    cube 3441.173 (depth 1, 32 lits): UNSAT in 0.21s
    cube 3441.174 (depth 1, 32 lits): UNSAT in 3.72s
    cube 3441.175 (depth 1, 32 lits): UNSAT in 0.12s
    cube 3441.176 (depth 1, 32 lits): UNSAT in 0.60s
    cube 3441.177 (depth 1, 32 lits): UNSAT in 0.85s
    cube 3441.178 (depth 1, 32 lits): UNSAT in 3.62s
    cube 3441.179 (depth 1, 32 lits): UNSAT in 0.93s
    cube 3441.180 (depth 1, 32 lits): UNSAT in 7.61s
    cube 3441.181 (depth 1, 32 lits): UNSAT in 21.18s
    cube 3441.182 (depth 1, 32 lits): UNSAT in 44.36s
    cube 3441.183 (depth 1, 32 lits): UNSAT in 0.02s
    cube 3441.184 (depth 1, 32 lits): UNSAT in 0.02s
    cube 3441.185 (depth 1, 32 lits): UNSAT in 0.03s
    cube 3441.186 (depth 1, 32 lits): UNSAT in 0.05s
    cube 3441.187 (depth 1, 32 lits): UNSAT in 0.02s
    cube 3441.188 (depth 1, 32 lits): UNSAT in 0.05s
    cube 3441.189 (depth 1, 32 lits): UNSAT in 0.07s
    cube 3441.190 (depth 1, 32 lits): UNSAT in 0.27s
    cube 3441.191 (depth 1, 32 lits): UNSAT in 0.03s
    cube 3441.192 (depth 1, 32 lits): UNSAT in 0.14s
    cube 3441.193 (depth 1, 32 lits): UNSAT in 0.10s
    cube 3441.194 (depth 1, 32 lits): UNSAT in 0.47s
    cube 3441.195 (depth 1, 32 lits): UNSAT in 0.09s
    cube 3441.196 (depth 1, 32 lits): UNSAT in 0.43s
    cube 3441.197 (depth 1, 32 lits): UNSAT in 0.39s
    cube 3441.198 (depth 1, 32 lits): UNSAT in 4.16s
    cube 3441.199 (depth 1, 32 lits): UNSAT in 0.04s
    cube 3441.200 (depth 1, 32 lits): UNSAT in 0.03s
    cube 3441.201 (depth 1, 32 lits): UNSAT in 0.02s
    cube 3441.202 (depth 1, 32 lits): UNSAT in 0.07s
    cube 3441.203 (depth 1, 32 lits): UNSAT in 0.08s
    cube 3441.204 (depth 1, 32 lits): UNSAT in 0.33s
    cube 3441.205 (depth 1, 32 lits): UNSAT in 0.15s
    cube 3441.206 (depth 1, 32 lits): UNSAT in 1.62s
    cube 3441.207 (depth 1, 32 lits): UNSAT in 0.06s
    cube 3441.208 (depth 1, 32 lits): UNSAT in 0.84s
    cube 3441.209 (depth 1, 32 lits): UNSAT in 0.54s
    cube 3441.210 (depth 1, 32 lits): UNSAT in 1.36s
    cube 3441.211 (depth 1, 32 lits): UNSAT in 1.34s
    cube 3441.212 (depth 1, 32 lits): UNSAT in 3.89s
    cube 3441.213 (depth 1, 32 lits): UNSAT in 5.46s
    cube 3441.214 (depth 1, 32 lits): UNSAT in 48.14s
    cube 3441.215 (depth 1, 32 lits): UNSAT in 0.02s
    cube 3441.216 (depth 1, 32 lits): UNSAT in 0.04s
    cube 3441.217 (depth 1, 32 lits): UNSAT in 0.06s
    cube 3441.218 (depth 1, 32 lits): UNSAT in 0.11s
    cube 3441.219 (depth 1, 32 lits): UNSAT in 0.03s
    cube 3441.220 (depth 1, 32 lits): UNSAT in 0.08s
    cube 3441.221 (depth 1, 32 lits): UNSAT in 0.15s
    cube 3441.222 (depth 1, 32 lits): UNSAT in 0.35s
    cube 3441.223 (depth 1, 32 lits): UNSAT in 0.04s
    cube 3441.224 (depth 1, 32 lits): UNSAT in 0.10s
    cube 3441.225 (depth 1, 32 lits): UNSAT in 0.10s
    cube 3441.226 (depth 1, 32 lits): UNSAT in 0.41s
    cube 3441.227 (depth 1, 32 lits): UNSAT in 0.07s
    cube 3441.228 (depth 1, 32 lits): UNSAT in 0.29s
    cube 3441.229 (depth 1, 32 lits): UNSAT in 0.63s
    cube 3441.230 (depth 1, 32 lits): UNSAT in 6.09s
    cube 3441.231 (depth 1, 32 lits): UNSAT in 0.03s
    cube 3441.232 (depth 1, 32 lits): UNSAT in 0.02s
    cube 3441.233 (depth 1, 32 lits): UNSAT in 0.02s
    cube 3441.234 (depth 1, 32 lits): UNSAT in 0.07s
    cube 3441.235 (depth 1, 32 lits): UNSAT in 0.08s
    cube 3441.236 (depth 1, 32 lits): UNSAT in 0.21s
    cube 3441.237 (depth 1, 32 lits): UNSAT in 0.26s
    cube 3441.238 (depth 1, 32 lits): UNSAT in 0.84s
    cube 3441.239 (depth 1, 32 lits): UNSAT in 0.24s
    cube 3441.240 (depth 1, 32 lits): UNSAT in 0.81s
    cube 3441.241 (depth 1, 32 lits): UNSAT in 0.64s
    cube 3441.242 (depth 1, 32 lits): UNSAT in 1.79s
    cube 3441.243 (depth 1, 32 lits): UNSAT in 1.81s
    cube 3441.244 (depth 1, 32 lits): UNSAT in 11.10s
    cube 3441.245 (depth 1, 32 lits): UNSAT in 26.21s
    cube 3441.246 (depth 1, 32 lits): UNSAT in 64.34s

  shard 1 verdict: UNSAT [parent cube 2526's children only] (861 UNSAT, 0 unresolved) in 2319.5s
