  shard 2/4 (round-robin): 972 of 3890 cubes, per-cube cap 600.0s, re-split depth 5
    cube 2 (depth 0, 24 lits): UNSAT in 0.04s
    cube 6 (depth 0, 24 lits): UNSAT in 0.02s
    cube 10 (depth 0, 24 lits): UNSAT in 0.05s
    cube 14 (depth 0, 24 lits): UNSAT in 0.02s
    cube 18 (depth 0, 24 lits): UNSAT in 0.06s
    cube 22 (depth 0, 24 lits): UNSAT in 0.09s
    cube 26 (depth 0, 23 lits): UNSAT in 0.01s
    cube 30 (depth 0, 24 lits): UNSAT in 0.02s
    cube 34 (depth 0, 24 lits): UNSAT in 0.05s
    cube 38 (depth 0, 24 lits): UNSAT in 0.11s
    cube 42 (depth 0, 24 lits): UNSAT in 0.04s
    cube 46 (depth 0, 24 lits): UNSAT in 0.10s
    cube 50 (depth 0, 24 lits): UNSAT in 0.10s
    cube 54 (depth 0, 24 lits): UNSAT in 0.25s
    cube 58 (depth 0, 24 lits): UNSAT in 0.02s
    cube 62 (depth 0, 24 lits): UNSAT in 0.02s
    cube 66 (depth 0, 24 lits): UNSAT in 0.06s
    cube 70 (depth 0, 24 lits): UNSAT in 0.02s
    cube 74 (depth 0, 24 lits): UNSAT in 0.02s
    cube 78 (depth 0, 24 lits): UNSAT in 0.12s
    cube 82 (depth 0, 24 lits): UNSAT in 0.02s
    cube 86 (depth 0, 24 lits): UNSAT in 0.05s
    cube 90 (depth 0, 24 lits): UNSAT in 0.03s
    cube 94 (depth 0, 24 lits): UNSAT in 0.06s
    cube 98 (depth 0, 24 lits): UNSAT in 0.07s
    cube 102 (depth 0, 24 lits): UNSAT in 0.15s
    cube 106 (depth 0, 24 lits): UNSAT in 0.13s
    cube 110 (depth 0, 24 lits): UNSAT in 0.27s
    cube 114 (depth 0, 23 lits): UNSAT in 0.01s
    cube 118 (depth 0, 24 lits): UNSAT in 0.02s
    cube 122 (depth 0, 24 lits): UNSAT in 0.02s
    cube 126 (depth 0, 24 lits): UNSAT in 0.02s
    cube 130 (depth 0, 24 lits): UNSAT in 0.02s
    cube 134 (depth 0, 24 lits): UNSAT in 0.05s
    cube 138 (depth 0, 24 lits): UNSAT in 0.01s
    cube 142 (depth 0, 23 lits): UNSAT in 0.01s
    cube 146 (depth 0, 24 lits): UNSAT in 0.03s
    cube 150 (depth 0, 24 lits): UNSAT in 0.02s
    cube 154 (depth 0, 24 lits): UNSAT in 0.05s
    cube 158 (depth 0, 24 lits): UNSAT in 0.04s
    cube 162 (depth 0, 24 lits): UNSAT in 0.01s
    cube 166 (depth 0, 24 lits): UNSAT in 0.02s
    cube 170 (depth 0, 24 lits): UNSAT in 0.02s
    cube 174 (depth 0, 24 lits): UNSAT in 0.02s
    cube 178 (depth 0, 24 lits): UNSAT in 0.05s
    cube 182 (depth 0, 24 lits): UNSAT in 0.03s
    cube 186 (depth 0, 24 lits): UNSAT in 0.04s
    cube 190 (depth 0, 24 lits): UNSAT in 0.30s
    cube 194 (depth 0, 24 lits): UNSAT in 0.06s
    cube 198 (depth 0, 24 lits): UNSAT in 0.12s
    cube 202 (depth 0, 24 lits): UNSAT in 0.14s
    cube 206 (depth 0, 24 lits): UNSAT in 0.35s
    cube 210 (depth 0, 24 lits): UNSAT in 0.14s
    cube 214 (depth 0, 24 lits): UNSAT in 0.60s
    cube 218 (depth 0, 24 lits): UNSAT in 0.31s
    cube 222 (depth 0, 24 lits): UNSAT in 1.20s
    cube 226 (depth 0, 24 lits): UNSAT in 0.02s
    cube 230 (depth 0, 24 lits): UNSAT in 0.02s
    cube 234 (depth 0, 24 lits): UNSAT in 0.03s
    cube 238 (depth 0, 23 lits): UNSAT in 0.01s
    cube 242 (depth 0, 24 lits): UNSAT in 0.05s
    cube 246 (depth 0, 24 lits): UNSAT in 0.10s
    cube 250 (depth 0, 24 lits): UNSAT in 0.02s
    cube 254 (depth 0, 24 lits): UNSAT in 0.03s
    cube 258 (depth 0, 24 lits): UNSAT in 0.02s
    cube 262 (depth 0, 24 lits): UNSAT in 0.07s
    cube 266 (depth 0, 23 lits): UNSAT in 0.01s
    cube 270 (depth 0, 24 lits): UNSAT in 0.04s
    cube 274 (depth 0, 24 lits): UNSAT in 0.04s
    cube 278 (depth 0, 24 lits): UNSAT in 0.24s
    cube 282 (depth 0, 24 lits): UNSAT in 0.02s
    cube 286 (depth 0, 24 lits): UNSAT in 0.03s
    cube 290 (depth 0, 24 lits): UNSAT in 0.02s
    cube 294 (depth 0, 24 lits): UNSAT in 0.05s
    cube 298 (depth 0, 24 lits): UNSAT in 0.02s
    cube 302 (depth 0, 24 lits): UNSAT in 0.02s
    cube 306 (depth 0, 24 lits): UNSAT in 0.06s
    cube 310 (depth 0, 23 lits): UNSAT in 0.02s
    cube 314 (depth 0, 24 lits): UNSAT in 0.03s
    cube 318 (depth 0, 24 lits): UNSAT in 0.03s
    cube 322 (depth 0, 24 lits): UNSAT in 0.04s
    cube 326 (depth 0, 24 lits): UNSAT in 0.04s
    cube 330 (depth 0, 24 lits): UNSAT in 0.09s
    cube 334 (depth 0, 24 lits): UNSAT in 0.12s
    cube 338 (depth 0, 24 lits): UNSAT in 0.65s
    cube 342 (depth 0, 24 lits): UNSAT in 0.02s
    cube 346 (depth 0, 24 lits): UNSAT in 0.03s
    cube 350 (depth 0, 24 lits): UNSAT in 0.08s
    cube 354 (depth 0, 24 lits): UNSAT in 0.03s
    cube 358 (depth 0, 24 lits): UNSAT in 0.01s
    cube 362 (depth 0, 24 lits): UNSAT in 0.02s
    cube 366 (depth 0, 24 lits): UNSAT in 0.02s
    cube 370 (depth 0, 24 lits): UNSAT in 0.03s
    cube 374 (depth 0, 24 lits): UNSAT in 0.07s
    cube 378 (depth 0, 24 lits): UNSAT in 0.04s
    cube 382 (depth 0, 24 lits): UNSAT in 0.02s
    cube 386 (depth 0, 24 lits): UNSAT in 0.15s
    cube 390 (depth 0, 24 lits): UNSAT in 0.15s
    cube 394 (depth 0, 24 lits): UNSAT in 0.02s
    cube 398 (depth 0, 24 lits): UNSAT in 0.37s
    cube 402 (depth 0, 23 lits): UNSAT in 0.02s
    cube 406 (depth 0, 24 lits): UNSAT in 0.19s
    cube 410 (depth 0, 24 lits): UNSAT in 0.06s
    cube 414 (depth 0, 24 lits): UNSAT in 0.42s
    cube 418 (depth 0, 24 lits): UNSAT in 0.14s
    cube 422 (depth 0, 24 lits): UNSAT in 0.40s
    cube 426 (depth 0, 24 lits): UNSAT in 0.17s
    cube 430 (depth 0, 24 lits): UNSAT in 1.31s
    cube 434 (depth 0, 24 lits): UNSAT in 0.02s
    cube 438 (depth 0, 24 lits): UNSAT in 0.07s
    cube 442 (depth 0, 24 lits): UNSAT in 0.09s
    cube 446 (depth 0, 24 lits): UNSAT in 0.31s
    cube 450 (depth 0, 24 lits): UNSAT in 0.09s
    cube 454 (depth 0, 24 lits): UNSAT in 0.38s
    cube 458 (depth 0, 24 lits): UNSAT in 0.58s
    cube 462 (depth 0, 24 lits): UNSAT in 2.66s
    cube 466 (depth 0, 22 lits): UNSAT in 0.01s
    cube 470 (depth 0, 24 lits): UNSAT in 0.01s
    cube 474 (depth 0, 24 lits): UNSAT in 0.02s
    cube 478 (depth 0, 24 lits): UNSAT in 0.02s
    cube 482 (depth 0, 23 lits): UNSAT in 0.01s
    cube 486 (depth 0, 24 lits): UNSAT in 0.03s
    cube 490 (depth 0, 24 lits): UNSAT in 0.06s
    cube 494 (depth 0, 24 lits): UNSAT in 0.04s
    cube 498 (depth 0, 24 lits): UNSAT in 0.04s
    cube 502 (depth 0, 24 lits): UNSAT in 0.19s
    cube 506 (depth 0, 24 lits): UNSAT in 0.03s
    cube 510 (depth 0, 24 lits): UNSAT in 0.32s
    cube 514 (depth 0, 24 lits): UNSAT in 0.02s
    cube 518 (depth 0, 24 lits): UNSAT in 0.02s
    cube 522 (depth 0, 24 lits): UNSAT in 0.02s
    cube 526 (depth 0, 24 lits): UNSAT in 0.03s
    cube 530 (depth 0, 24 lits): UNSAT in 0.03s
    cube 534 (depth 0, 24 lits): UNSAT in 0.03s
    cube 538 (depth 0, 24 lits): UNSAT in 0.03s
    cube 542 (depth 0, 24 lits): UNSAT in 0.02s
    cube 546 (depth 0, 24 lits): UNSAT in 0.03s
    cube 550 (depth 0, 24 lits): UNSAT in 0.05s
    cube 554 (depth 0, 24 lits): UNSAT in 0.16s
    cube 558 (depth 0, 24 lits): UNSAT in 0.38s
    cube 562 (depth 0, 24 lits): UNSAT in 0.04s
    cube 566 (depth 0, 24 lits): UNSAT in 0.05s
    cube 570 (depth 0, 24 lits): UNSAT in 0.12s
    cube 574 (depth 0, 24 lits): UNSAT in 0.10s
    cube 578 (depth 0, 24 lits): UNSAT in 0.02s
    cube 582 (depth 0, 23 lits): UNSAT in 0.02s
    cube 586 (depth 0, 23 lits): UNSAT in 0.02s
    cube 590 (depth 0, 24 lits): UNSAT in 0.03s
    cube 594 (depth 0, 24 lits): UNSAT in 0.04s
    cube 598 (depth 0, 24 lits): UNSAT in 0.09s
    cube 602 (depth 0, 24 lits): UNSAT in 0.03s
    cube 606 (depth 0, 24 lits): UNSAT in 0.02s
    cube 610 (depth 0, 24 lits): UNSAT in 0.02s
    cube 614 (depth 0, 24 lits): UNSAT in 0.02s
    cube 618 (depth 0, 24 lits): UNSAT in 0.03s
    cube 622 (depth 0, 24 lits): UNSAT in 0.11s
    cube 626 (depth 0, 24 lits): UNSAT in 0.02s
    cube 630 (depth 0, 24 lits): UNSAT in 0.09s
    cube 634 (depth 0, 24 lits): UNSAT in 0.58s
    cube 638 (depth 0, 24 lits): UNSAT in 0.02s
    cube 642 (depth 0, 24 lits): UNSAT in 0.01s
    cube 646 (depth 0, 24 lits): UNSAT in 0.05s
    cube 650 (depth 0, 24 lits): UNSAT in 0.02s
    cube 654 (depth 0, 24 lits): UNSAT in 0.02s
    cube 658 (depth 0, 24 lits): UNSAT in 0.02s
    cube 662 (depth 0, 24 lits): UNSAT in 0.02s
    cube 666 (depth 0, 24 lits): UNSAT in 0.03s
    cube 670 (depth 0, 24 lits): UNSAT in 0.04s
    cube 674 (depth 0, 24 lits): UNSAT in 0.03s
    cube 678 (depth 0, 24 lits): UNSAT in 0.07s
    cube 682 (depth 0, 24 lits): UNSAT in 0.16s
    cube 686 (depth 0, 24 lits): UNSAT in 0.05s
    cube 690 (depth 0, 24 lits): UNSAT in 0.49s
    cube 694 (depth 0, 24 lits): UNSAT in 2.02s
    cube 698 (depth 0, 23 lits): UNSAT in 0.01s
    cube 702 (depth 0, 23 lits): UNSAT in 0.02s
    cube 706 (depth 0, 24 lits): UNSAT in 0.02s
    cube 710 (depth 0, 24 lits): UNSAT in 0.02s
    cube 714 (depth 0, 24 lits): UNSAT in 0.10s
    cube 718 (depth 0, 24 lits): UNSAT in 0.10s
    cube 722 (depth 0, 24 lits): UNSAT in 0.34s
    cube 726 (depth 0, 23 lits): UNSAT in 0.02s
    cube 730 (depth 0, 24 lits): UNSAT in 0.04s
    cube 734 (depth 0, 24 lits): UNSAT in 0.10s
    cube 738 (depth 0, 24 lits): UNSAT in 0.03s
    cube 742 (depth 0, 24 lits): UNSAT in 0.02s
    cube 746 (depth 0, 24 lits): UNSAT in 0.16s
    cube 750 (depth 0, 24 lits): UNSAT in 0.79s
    cube 754 (depth 0, 24 lits): UNSAT in 0.03s
    cube 758 (depth 0, 24 lits): UNSAT in 0.09s
    cube 762 (depth 0, 24 lits): UNSAT in 0.15s
    cube 766 (depth 0, 24 lits): UNSAT in 0.51s
    cube 770 (depth 0, 24 lits): UNSAT in 0.01s
    cube 774 (depth 0, 24 lits): UNSAT in 0.07s
    cube 778 (depth 0, 24 lits): UNSAT in 0.22s
    cube 782 (depth 0, 24 lits): UNSAT in 0.09s
    cube 786 (depth 0, 24 lits): UNSAT in 0.07s
    cube 790 (depth 0, 24 lits): UNSAT in 0.26s
    cube 794 (depth 0, 24 lits): UNSAT in 0.10s
    cube 798 (depth 0, 24 lits): UNSAT in 0.08s
    cube 802 (depth 0, 24 lits): UNSAT in 0.19s
    cube 806 (depth 0, 24 lits): UNSAT in 0.11s
    cube 810 (depth 0, 24 lits): UNSAT in 1.54s
    cube 814 (depth 0, 24 lits): UNSAT in 0.02s
    cube 818 (depth 0, 24 lits): UNSAT in 0.02s
    cube 822 (depth 0, 24 lits): UNSAT in 0.02s
    cube 826 (depth 0, 24 lits): UNSAT in 0.08s
    cube 830 (depth 0, 24 lits): UNSAT in 0.04s
    cube 834 (depth 0, 24 lits): UNSAT in 0.05s
    cube 838 (depth 0, 24 lits): UNSAT in 0.02s
    cube 842 (depth 0, 24 lits): UNSAT in 0.07s
    cube 846 (depth 0, 24 lits): UNSAT in 0.04s
    cube 850 (depth 0, 24 lits): UNSAT in 0.08s
    cube 854 (depth 0, 24 lits): UNSAT in 0.07s
    cube 858 (depth 0, 24 lits): UNSAT in 0.27s
    cube 862 (depth 0, 24 lits): UNSAT in 0.04s
    cube 866 (depth 0, 24 lits): UNSAT in 0.16s
    cube 870 (depth 0, 24 lits): UNSAT in 0.31s
    cube 874 (depth 0, 24 lits): UNSAT in 0.63s
    cube 878 (depth 0, 24 lits): UNSAT in 0.05s
    cube 882 (depth 0, 24 lits): UNSAT in 0.09s
    cube 886 (depth 0, 24 lits): UNSAT in 0.04s
    cube 890 (depth 0, 24 lits): UNSAT in 0.39s
    cube 894 (depth 0, 24 lits): UNSAT in 0.06s
    cube 898 (depth 0, 24 lits): UNSAT in 0.12s
    cube 902 (depth 0, 24 lits): UNSAT in 0.51s
    cube 906 (depth 0, 24 lits): UNSAT in 1.93s
    cube 910 (depth 0, 24 lits): UNSAT in 0.39s
    cube 914 (depth 0, 24 lits): UNSAT in 0.46s
    cube 918 (depth 0, 24 lits): UNSAT in 0.53s
    cube 922 (depth 0, 24 lits): UNSAT in 0.80s
    cube 926 (depth 0, 24 lits): UNSAT in 0.20s
    cube 930 (depth 0, 24 lits): UNSAT in 3.25s
    cube 934 (depth 0, 24 lits): UNSAT in 1.75s
    cube 938 (depth 0, 24 lits): UNSAT in 165.39s
    cube 942 (depth 0, 24 lits): UNSAT in 0.02s
    cube 946 (depth 0, 24 lits): UNSAT in 0.02s
    cube 950 (depth 0, 24 lits): UNSAT in 0.01s
    cube 954 (depth 0, 24 lits): UNSAT in 0.02s
    cube 958 (depth 0, 24 lits): UNSAT in 0.02s
    cube 962 (depth 0, 22 lits): UNSAT in 0.02s
    cube 966 (depth 0, 23 lits): UNSAT in 0.01s
    cube 970 (depth 0, 23 lits): UNSAT in 0.01s
    cube 974 (depth 0, 24 lits): UNSAT in 0.03s
    cube 978 (depth 0, 24 lits): UNSAT in 0.02s
    cube 982 (depth 0, 24 lits): UNSAT in 0.02s
    cube 986 (depth 0, 24 lits): UNSAT in 0.03s
    cube 990 (depth 0, 24 lits): UNSAT in 0.22s
    cube 994 (depth 0, 23 lits): UNSAT in 0.02s
    cube 998 (depth 0, 24 lits): UNSAT in 0.01s
    cube 1002 (depth 0, 24 lits): UNSAT in 0.03s
    cube 1006 (depth 0, 24 lits): UNSAT in 0.12s
    cube 1010 (depth 0, 24 lits): UNSAT in 0.10s
    cube 1014 (depth 0, 24 lits): UNSAT in 0.34s
    cube 1018 (depth 0, 24 lits): UNSAT in 0.02s
    cube 1022 (depth 0, 24 lits): UNSAT in 0.05s
    cube 1026 (depth 0, 24 lits): UNSAT in 0.21s
    cube 1030 (depth 0, 24 lits): UNSAT in 0.96s
    cube 1034 (depth 0, 24 lits): UNSAT in 0.08s
    cube 1038 (depth 0, 24 lits): UNSAT in 0.18s
    cube 1042 (depth 0, 24 lits): UNSAT in 0.41s
    cube 1046 (depth 0, 24 lits): UNSAT in 6.96s
    cube 1050 (depth 0, 24 lits): UNSAT in 0.02s
    cube 1054 (depth 0, 24 lits): UNSAT in 0.04s
    cube 1058 (depth 0, 24 lits): UNSAT in 0.08s
    cube 1062 (depth 0, 24 lits): UNSAT in 0.02s
    cube 1066 (depth 0, 24 lits): UNSAT in 0.06s
    cube 1070 (depth 0, 24 lits): UNSAT in 0.02s
    cube 1074 (depth 0, 24 lits): UNSAT in 0.12s
    cube 1078 (depth 0, 24 lits): UNSAT in 0.04s
    cube 1082 (depth 0, 24 lits): UNSAT in 0.17s
    cube 1086 (depth 0, 24 lits): UNSAT in 0.03s
    cube 1090 (depth 0, 24 lits): UNSAT in 0.10s
    cube 1094 (depth 0, 24 lits): UNSAT in 0.05s
    cube 1098 (depth 0, 24 lits): UNSAT in 0.13s
    cube 1102 (depth 0, 24 lits): UNSAT in 0.03s
    cube 1106 (depth 0, 24 lits): UNSAT in 0.18s
    cube 1110 (depth 0, 24 lits): UNSAT in 0.05s
    cube 1114 (depth 0, 24 lits): UNSAT in 0.04s
    cube 1118 (depth 0, 24 lits): UNSAT in 0.13s
    cube 1122 (depth 0, 24 lits): UNSAT in 0.03s
    cube 1126 (depth 0, 24 lits): UNSAT in 0.04s
    cube 1130 (depth 0, 24 lits): UNSAT in 0.31s
    cube 1134 (depth 0, 24 lits): UNSAT in 0.11s
    cube 1138 (depth 0, 24 lits): UNSAT in 0.05s
    cube 1142 (depth 0, 24 lits): UNSAT in 0.18s
    cube 1146 (depth 0, 24 lits): UNSAT in 0.69s
    cube 1150 (depth 0, 24 lits): UNSAT in 0.14s
    cube 1154 (depth 0, 24 lits): UNSAT in 0.45s
    cube 1158 (depth 0, 24 lits): UNSAT in 1.00s
    cube 1162 (depth 0, 24 lits): UNSAT in 5.19s
    cube 1166 (depth 0, 24 lits): UNSAT in 0.02s
    cube 1170 (depth 0, 24 lits): UNSAT in 0.02s
    cube 1174 (depth 0, 24 lits): UNSAT in 0.02s
    cube 1178 (depth 0, 24 lits): UNSAT in 0.06s
    cube 1182 (depth 0, 24 lits): UNSAT in 0.02s
    cube 1186 (depth 0, 24 lits): UNSAT in 0.05s
    cube 1190 (depth 0, 24 lits): UNSAT in 0.04s
    cube 1194 (depth 0, 24 lits): UNSAT in 0.14s
    cube 1198 (depth 0, 24 lits): UNSAT in 0.05s
    cube 1202 (depth 0, 24 lits): UNSAT in 0.05s
    cube 1206 (depth 0, 24 lits): UNSAT in 0.10s
    cube 1210 (depth 0, 24 lits): UNSAT in 0.17s
    cube 1214 (depth 0, 24 lits): UNSAT in 0.06s
    cube 1218 (depth 0, 24 lits): UNSAT in 0.03s
    cube 1222 (depth 0, 24 lits): UNSAT in 0.27s
    cube 1226 (depth 0, 24 lits): UNSAT in 0.25s
    cube 1230 (depth 0, 24 lits): UNSAT in 0.01s
    cube 1234 (depth 0, 24 lits): UNSAT in 0.02s
    cube 1238 (depth 0, 24 lits): UNSAT in 0.02s
    cube 1242 (depth 0, 24 lits): UNSAT in 0.01s
    cube 1246 (depth 0, 24 lits): UNSAT in 0.03s
    cube 1250 (depth 0, 24 lits): UNSAT in 0.05s
    cube 1254 (depth 0, 24 lits): UNSAT in 0.02s
    cube 1258 (depth 0, 24 lits): UNSAT in 0.02s
    cube 1262 (depth 0, 24 lits): UNSAT in 0.06s
    cube 1266 (depth 0, 24 lits): UNSAT in 0.04s
    cube 1270 (depth 0, 24 lits): UNSAT in 0.08s
    cube 1274 (depth 0, 24 lits): UNSAT in 0.08s
    cube 1278 (depth 0, 24 lits): UNSAT in 0.23s
    cube 1282 (depth 0, 24 lits): UNSAT in 0.68s
    cube 1286 (depth 0, 24 lits): UNSAT in 1.94s
    cube 1290 (depth 0, 24 lits): UNSAT in 0.01s
    cube 1294 (depth 0, 24 lits): UNSAT in 0.01s
    cube 1298 (depth 0, 24 lits): UNSAT in 0.02s
    cube 1302 (depth 0, 24 lits): UNSAT in 0.02s
    cube 1306 (depth 0, 24 lits): UNSAT in 0.07s
    cube 1310 (depth 0, 24 lits): UNSAT in 0.05s
    cube 1314 (depth 0, 24 lits): UNSAT in 0.13s
    cube 1318 (depth 0, 24 lits): UNSAT in 0.02s
    cube 1322 (depth 0, 24 lits): UNSAT in 0.04s
    cube 1326 (depth 0, 24 lits): UNSAT in 0.04s
    cube 1330 (depth 0, 24 lits): UNSAT in 0.23s
    cube 1334 (depth 0, 24 lits): UNSAT in 0.04s
    cube 1338 (depth 0, 24 lits): UNSAT in 0.12s
    cube 1342 (depth 0, 24 lits): UNSAT in 0.06s
    cube 1346 (depth 0, 24 lits): UNSAT in 0.90s
    cube 1350 (depth 0, 24 lits): UNSAT in 0.02s
    cube 1354 (depth 0, 24 lits): UNSAT in 0.09s
    cube 1358 (depth 0, 24 lits): UNSAT in 0.07s
    cube 1362 (depth 0, 24 lits): UNSAT in 0.10s
    cube 1366 (depth 0, 24 lits): UNSAT in 0.04s
    cube 1370 (depth 0, 24 lits): UNSAT in 0.10s
    cube 1374 (depth 0, 24 lits): UNSAT in 0.10s
    cube 1378 (depth 0, 24 lits): UNSAT in 0.36s
    cube 1382 (depth 0, 24 lits): UNSAT in 0.04s
    cube 1386 (depth 0, 24 lits): UNSAT in 0.04s
    cube 1390 (depth 0, 24 lits): UNSAT in 0.26s
    cube 1394 (depth 0, 24 lits): UNSAT in 0.70s
    cube 1398 (depth 0, 24 lits): UNSAT in 0.13s
    cube 1402 (depth 0, 24 lits): UNSAT in 1.53s
    cube 1406 (depth 0, 24 lits): UNSAT in 0.84s
    cube 1410 (depth 0, 24 lits): UNSAT in 6.58s
    cube 1414 (depth 0, 22 lits): UNSAT in 0.02s
    cube 1418 (depth 0, 24 lits): UNSAT in 0.02s
    cube 1422 (depth 0, 24 lits): UNSAT in 0.02s
    cube 1426 (depth 0, 24 lits): UNSAT in 0.12s
    cube 1430 (depth 0, 24 lits): UNSAT in 0.04s
    cube 1434 (depth 0, 24 lits): UNSAT in 0.02s
    cube 1438 (depth 0, 24 lits): UNSAT in 0.06s
    cube 1442 (depth 0, 24 lits): UNSAT in 0.02s
    cube 1446 (depth 0, 24 lits): UNSAT in 0.06s
    cube 1450 (depth 0, 24 lits): UNSAT in 0.05s
    cube 1454 (depth 0, 24 lits): UNSAT in 0.24s
    cube 1458 (depth 0, 24 lits): UNSAT in 0.20s
    cube 1462 (depth 0, 24 lits): UNSAT in 0.15s
    cube 1466 (depth 0, 24 lits): UNSAT in 0.04s
    cube 1470 (depth 0, 24 lits): UNSAT in 1.21s
    cube 1474 (depth 0, 24 lits): UNSAT in 0.04s
    cube 1478 (depth 0, 24 lits): UNSAT in 0.08s
    cube 1482 (depth 0, 24 lits): UNSAT in 0.23s
    cube 1486 (depth 0, 24 lits): UNSAT in 0.13s
    cube 1490 (depth 0, 24 lits): UNSAT in 0.08s
    cube 1494 (depth 0, 24 lits): UNSAT in 0.13s
    cube 1498 (depth 0, 24 lits): UNSAT in 0.47s
    cube 1502 (depth 0, 24 lits): UNSAT in 0.74s
    cube 1506 (depth 0, 24 lits): UNSAT in 0.11s
    cube 1510 (depth 0, 24 lits): UNSAT in 0.43s
    cube 1514 (depth 0, 24 lits): UNSAT in 0.40s
    cube 1518 (depth 0, 24 lits): UNSAT in 2.81s
    cube 1522 (depth 0, 24 lits): UNSAT in 0.32s
    cube 1526 (depth 0, 24 lits): UNSAT in 2.18s
    cube 1530 (depth 0, 24 lits): UNSAT in 3.51s
    cube 1534 (depth 0, 24 lits): UNSAT in 189.31s
    cube 1538 (depth 0, 24 lits): UNSAT in 0.02s
    cube 1542 (depth 0, 24 lits): UNSAT in 0.13s
    cube 1546 (depth 0, 24 lits): UNSAT in 0.15s
    cube 1550 (depth 0, 24 lits): UNSAT in 0.86s
    cube 1554 (depth 0, 24 lits): UNSAT in 0.04s
    cube 1558 (depth 0, 24 lits): UNSAT in 0.04s
    cube 1562 (depth 0, 24 lits): UNSAT in 0.47s
    cube 1566 (depth 0, 24 lits): UNSAT in 2.15s
    cube 1570 (depth 0, 24 lits): UNSAT in 0.02s
    cube 1574 (depth 0, 24 lits): UNSAT in 0.06s
    cube 1578 (depth 0, 24 lits): UNSAT in 0.43s
    cube 1582 (depth 0, 24 lits): UNSAT in 0.32s
    cube 1586 (depth 0, 24 lits): UNSAT in 0.15s
    cube 1590 (depth 0, 24 lits): UNSAT in 0.67s
    cube 1594 (depth 0, 24 lits): UNSAT in 2.65s
    cube 1598 (depth 0, 24 lits): UNSAT in 9.49s
    cube 1602 (depth 0, 24 lits): UNSAT in 0.10s
    cube 1606 (depth 0, 24 lits): UNSAT in 0.44s
    cube 1610 (depth 0, 24 lits): UNSAT in 0.05s
    cube 1614 (depth 0, 24 lits): UNSAT in 1.45s
    cube 1618 (depth 0, 24 lits): UNSAT in 0.18s
    cube 1622 (depth 0, 24 lits): UNSAT in 0.38s
    cube 1626 (depth 0, 24 lits): UNSAT in 3.28s
    cube 1630 (depth 0, 24 lits): UNSAT in 7.00s
    cube 1634 (depth 0, 24 lits): UNSAT in 0.10s
    cube 1638 (depth 0, 24 lits): UNSAT in 0.57s
    cube 1642 (depth 0, 24 lits): UNSAT in 0.11s
    cube 1646 (depth 0, 24 lits): UNSAT in 9.23s
    cube 1650 (depth 0, 24 lits): UNSAT in 0.38s
    cube 1654 (depth 0, 24 lits): UNSAT in 17.55s
    cube 1658 (depth 0, 24 lits): UNSAT in 110.03s
    cube 1662 (depth 0, 24 lits): TIMEOUT in 600.10s
    cube 1662 TIMEOUT -> re-split into 64 sub-cubes (depth 1)
    cube 1662.0 (depth 1, 30 lits): UNSAT in 0.02s
    cube 1662.1 (depth 1, 30 lits): UNSAT in 0.09s
    cube 1662.2 (depth 1, 30 lits): UNSAT in 0.03s
    cube 1662.3 (depth 1, 30 lits): UNSAT in 0.10s
    cube 1662.4 (depth 1, 30 lits): UNSAT in 0.07s
    cube 1662.5 (depth 1, 30 lits): UNSAT in 0.18s
    cube 1662.6 (depth 1, 30 lits): UNSAT in 0.05s
    cube 1662.7 (depth 1, 30 lits): UNSAT in 0.19s
    cube 1662.8 (depth 1, 30 lits): UNSAT in 0.05s
    cube 1662.9 (depth 1, 30 lits): UNSAT in 0.20s
    cube 1662.10 (depth 1, 30 lits): UNSAT in 0.04s
    cube 1662.11 (depth 1, 30 lits): UNSAT in 0.07s
    cube 1662.12 (depth 1, 30 lits): UNSAT in 0.16s
    cube 1662.13 (depth 1, 30 lits): UNSAT in 0.36s
    cube 1662.14 (depth 1, 30 lits): UNSAT in 0.52s
    cube 1662.15 (depth 1, 30 lits): UNSAT in 0.32s
    cube 1662.16 (depth 1, 30 lits): UNSAT in 0.02s
    cube 1662.17 (depth 1, 30 lits): UNSAT in 0.06s
    cube 1662.18 (depth 1, 30 lits): UNSAT in 0.04s
    cube 1662.19 (depth 1, 30 lits): UNSAT in 0.07s
    cube 1662.20 (depth 1, 30 lits): UNSAT in 0.16s
    cube 1662.21 (depth 1, 30 lits): UNSAT in 0.40s
    cube 1662.22 (depth 1, 30 lits): UNSAT in 0.44s
    cube 1662.23 (depth 1, 30 lits): UNSAT in 1.81s
    cube 1662.24 (depth 1, 30 lits): UNSAT in 0.36s
    cube 1662.25 (depth 1, 30 lits): UNSAT in 0.58s
    cube 1662.26 (depth 1, 30 lits): UNSAT in 1.61s
    cube 1662.27 (depth 1, 30 lits): UNSAT in 3.06s
    cube 1662.28 (depth 1, 30 lits): UNSAT in 2.07s
    cube 1662.29 (depth 1, 30 lits): UNSAT in 2.64s
    cube 1662.30 (depth 1, 30 lits): UNSAT in 5.48s
    cube 1662.31 (depth 1, 30 lits): UNSAT in 80.03s
    cube 1662.32 (depth 1, 30 lits): UNSAT in 0.05s
    cube 1662.33 (depth 1, 30 lits): UNSAT in 0.14s
    cube 1662.34 (depth 1, 30 lits): UNSAT in 0.06s
    cube 1662.35 (depth 1, 30 lits): UNSAT in 0.16s
    cube 1662.36 (depth 1, 30 lits): UNSAT in 0.20s
    cube 1662.37 (depth 1, 30 lits): UNSAT in 0.26s
    cube 1662.38 (depth 1, 30 lits): UNSAT in 0.11s
    cube 1662.39 (depth 1, 30 lits): UNSAT in 0.31s
    cube 1662.40 (depth 1, 30 lits): UNSAT in 0.12s
    cube 1662.41 (depth 1, 30 lits): UNSAT in 0.15s
    cube 1662.42 (depth 1, 30 lits): UNSAT in 0.41s
    cube 1662.43 (depth 1, 30 lits): UNSAT in 1.45s
    cube 1662.44 (depth 1, 30 lits): UNSAT in 0.33s
    cube 1662.45 (depth 1, 30 lits): UNSAT in 0.74s
    cube 1662.46 (depth 1, 30 lits): UNSAT in 0.41s
    cube 1662.47 (depth 1, 30 lits): UNSAT in 2.04s
    cube 1662.48 (depth 1, 30 lits): UNSAT in 0.10s
    cube 1662.49 (depth 1, 30 lits): UNSAT in 0.38s
    cube 1662.50 (depth 1, 30 lits): UNSAT in 0.13s
    cube 1662.51 (depth 1, 30 lits): UNSAT in 0.31s
    cube 1662.52 (depth 1, 30 lits): UNSAT in 0.41s
    cube 1662.53 (depth 1, 30 lits): UNSAT in 0.14s
    cube 1662.54 (depth 1, 30 lits): UNSAT in 0.74s
    cube 1662.55 (depth 1, 30 lits): UNSAT in 1.51s
    cube 1662.56 (depth 1, 30 lits): UNSAT in 0.17s
    cube 1662.57 (depth 1, 30 lits): UNSAT in 0.82s
    cube 1662.58 (depth 1, 30 lits): UNSAT in 0.58s
    cube 1662.59 (depth 1, 30 lits): UNSAT in 12.14s
    cube 1662.60 (depth 1, 30 lits): UNSAT in 0.74s
    cube 1662.61 (depth 1, 30 lits): UNSAT in 2.36s
    cube 1662.62 (depth 1, 30 lits): UNSAT in 4.78s
    cube 1662.63 (depth 1, 30 lits): UNSAT in 45.61s
    cube 1666 (depth 0, 24 lits): UNSAT in 0.09s
    cube 1670 (depth 0, 24 lits): UNSAT in 0.81s
    cube 1674 (depth 0, 24 lits): UNSAT in 0.18s
    cube 1678 (depth 0, 24 lits): UNSAT in 0.41s
    cube 1682 (depth 0, 24 lits): UNSAT in 0.07s
    cube 1686 (depth 0, 24 lits): UNSAT in 0.07s
    cube 1690 (depth 0, 24 lits): UNSAT in 0.46s
    cube 1694 (depth 0, 24 lits): UNSAT in 2.02s
    cube 1698 (depth 0, 24 lits): UNSAT in 0.09s
    cube 1702 (depth 0, 24 lits): UNSAT in 0.47s
    cube 1706 (depth 0, 24 lits): UNSAT in 0.10s
    cube 1710 (depth 0, 24 lits): UNSAT in 4.08s
    cube 1714 (depth 0, 24 lits): UNSAT in 0.20s
    cube 1718 (depth 0, 24 lits): UNSAT in 1.83s
    cube 1722 (depth 0, 24 lits): UNSAT in 5.71s
    cube 1726 (depth 0, 24 lits): UNSAT in 34.57s
    cube 1730 (depth 0, 24 lits): UNSAT in 0.06s
    cube 1734 (depth 0, 24 lits): UNSAT in 0.15s
    cube 1738 (depth 0, 24 lits): UNSAT in 0.38s
    cube 1742 (depth 0, 24 lits): UNSAT in 1.06s
    cube 1746 (depth 0, 24 lits): UNSAT in 0.04s
    cube 1750 (depth 0, 24 lits): UNSAT in 5.96s
    cube 1754 (depth 0, 24 lits): UNSAT in 2.69s
    cube 1758 (depth 0, 24 lits): UNSAT in 14.13s
    cube 1762 (depth 0, 24 lits): UNSAT in 1.68s
    cube 1766 (depth 0, 24 lits): UNSAT in 4.62s
    cube 1770 (depth 0, 24 lits): UNSAT in 2.55s
    cube 1774 (depth 0, 24 lits): UNSAT in 8.72s
    cube 1778 (depth 0, 24 lits): UNSAT in 0.61s
    cube 1782 (depth 0, 24 lits): UNSAT in 18.49s
    cube 1786 (depth 0, 24 lits): UNSAT in 18.31s
    cube 1790 (depth 0, 24 lits): TIMEOUT in 600.10s
    cube 1790 TIMEOUT -> re-split into 64 sub-cubes (depth 1)
    cube 1790.0 (depth 1, 30 lits): UNSAT in 0.02s
    cube 1790.1 (depth 1, 30 lits): UNSAT in 0.05s
    cube 1790.2 (depth 1, 30 lits): UNSAT in 0.07s
    cube 1790.3 (depth 1, 30 lits): UNSAT in 0.17s
    cube 1790.4 (depth 1, 30 lits): UNSAT in 0.03s
    cube 1790.5 (depth 1, 30 lits): UNSAT in 0.04s
    cube 1790.6 (depth 1, 30 lits): UNSAT in 0.02s
    cube 1790.7 (depth 1, 30 lits): UNSAT in 0.05s
    cube 1790.8 (depth 1, 30 lits): UNSAT in 0.02s
    cube 1790.9 (depth 1, 30 lits): UNSAT in 0.02s
    cube 1790.10 (depth 1, 30 lits): UNSAT in 0.05s
    cube 1790.11 (depth 1, 30 lits): UNSAT in 0.08s
    cube 1790.12 (depth 1, 30 lits): UNSAT in 0.05s
    cube 1790.13 (depth 1, 30 lits): UNSAT in 0.03s
    cube 1790.14 (depth 1, 30 lits): UNSAT in 0.26s
    cube 1790.15 (depth 1, 30 lits): UNSAT in 0.62s
    cube 1790.16 (depth 1, 30 lits): UNSAT in 0.02s
    cube 1790.17 (depth 1, 30 lits): UNSAT in 0.02s
    cube 1790.18 (depth 1, 30 lits): UNSAT in 0.03s
    cube 1790.19 (depth 1, 30 lits): UNSAT in 0.09s
    cube 1790.20 (depth 1, 30 lits): UNSAT in 0.06s
    cube 1790.21 (depth 1, 30 lits): UNSAT in 0.18s
    cube 1790.22 (depth 1, 30 lits): UNSAT in 0.18s
    cube 1790.23 (depth 1, 30 lits): UNSAT in 1.23s
    cube 1790.24 (depth 1, 30 lits): UNSAT in 0.11s
    cube 1790.25 (depth 1, 30 lits): UNSAT in 0.85s
    cube 1790.26 (depth 1, 30 lits): UNSAT in 0.29s
    cube 1790.27 (depth 1, 30 lits): UNSAT in 0.88s
    cube 1790.28 (depth 1, 30 lits): UNSAT in 3.57s
    cube 1790.29 (depth 1, 30 lits): UNSAT in 1.66s
    cube 1790.30 (depth 1, 30 lits): UNSAT in 5.79s
    cube 1790.31 (depth 1, 30 lits): UNSAT in 26.35s
    cube 1790.32 (depth 1, 30 lits): UNSAT in 0.09s
    cube 1790.33 (depth 1, 30 lits): UNSAT in 0.12s
    cube 1790.34 (depth 1, 30 lits): UNSAT in 0.12s
    cube 1790.35 (depth 1, 30 lits): UNSAT in 0.55s
    cube 1790.36 (depth 1, 30 lits): UNSAT in 0.53s
    cube 1790.37 (depth 1, 30 lits): UNSAT in 0.71s
    cube 1790.38 (depth 1, 30 lits): UNSAT in 0.49s
    cube 1790.39 (depth 1, 30 lits): UNSAT in 1.68s
    cube 1790.40 (depth 1, 30 lits): UNSAT in 0.27s
    cube 1790.41 (depth 1, 30 lits): UNSAT in 0.46s
    cube 1790.42 (depth 1, 30 lits): UNSAT in 0.34s
    cube 1790.43 (depth 1, 30 lits): UNSAT in 1.00s
    cube 1790.44 (depth 1, 30 lits): UNSAT in 0.62s
    cube 1790.45 (depth 1, 30 lits): UNSAT in 1.62s
    cube 1790.46 (depth 1, 30 lits): UNSAT in 3.99s
    cube 1790.47 (depth 1, 30 lits): UNSAT in 32.21s
    cube 1790.48 (depth 1, 30 lits): UNSAT in 0.06s
    cube 1790.49 (depth 1, 30 lits): UNSAT in 0.04s
    cube 1790.50 (depth 1, 30 lits): UNSAT in 0.05s
    cube 1790.51 (depth 1, 30 lits): UNSAT in 0.53s
    cube 1790.52 (depth 1, 30 lits): UNSAT in 0.13s
    cube 1790.53 (depth 1, 30 lits): UNSAT in 0.22s
    cube 1790.54 (depth 1, 30 lits): UNSAT in 0.36s
    cube 1790.55 (depth 1, 30 lits): UNSAT in 4.04s
    cube 1790.56 (depth 1, 30 lits): UNSAT in 0.05s
    cube 1790.57 (depth 1, 30 lits): UNSAT in 0.34s
    cube 1790.58 (depth 1, 30 lits): UNSAT in 0.74s
    cube 1790.59 (depth 1, 30 lits): UNSAT in 0.92s
    cube 1790.60 (depth 1, 30 lits): UNSAT in 1.37s
    cube 1790.61 (depth 1, 30 lits): UNSAT in 2.36s
    cube 1790.62 (depth 1, 30 lits): UNSAT in 5.09s
    cube 1790.63 (depth 1, 30 lits): UNSAT in 56.11s
    cube 1794 (depth 0, 24 lits): UNSAT in 0.03s
    cube 1798 (depth 0, 24 lits): UNSAT in 0.07s
    cube 1802 (depth 0, 24 lits): UNSAT in 0.45s
    cube 1806 (depth 0, 24 lits): UNSAT in 8.51s
    cube 1810 (depth 0, 24 lits): UNSAT in 0.61s
    cube 1814 (depth 0, 24 lits): UNSAT in 0.87s
    cube 1818 (depth 0, 24 lits): UNSAT in 6.36s
    cube 1822 (depth 0, 24 lits): UNSAT in 65.61s
    cube 1826 (depth 0, 24 lits): UNSAT in 0.52s
    cube 1830 (depth 0, 24 lits): UNSAT in 6.08s
    cube 1834 (depth 0, 24 lits): UNSAT in 3.89s
    cube 1838 (depth 0, 24 lits): UNSAT in 77.40s
    cube 1842 (depth 0, 24 lits): UNSAT in 3.73s
    cube 1846 (depth 0, 24 lits): UNSAT in 15.61s
    cube 1850 (depth 0, 24 lits): UNSAT in 19.88s
    cube 1854 (depth 0, 24 lits): TIMEOUT in 600.10s
    cube 1854 TIMEOUT -> re-split into 63 sub-cubes (depth 1)
    cube 1854.0 (depth 1, 29 lits): UNSAT in 0.02s
    cube 1854.1 (depth 1, 30 lits): UNSAT in 0.02s
    cube 1854.2 (depth 1, 30 lits): UNSAT in 0.05s
    cube 1854.3 (depth 1, 30 lits): UNSAT in 0.02s
    cube 1854.4 (depth 1, 30 lits): UNSAT in 0.10s
    cube 1854.5 (depth 1, 30 lits): UNSAT in 0.13s
    cube 1854.6 (depth 1, 30 lits): UNSAT in 0.20s
    cube 1854.7 (depth 1, 30 lits): UNSAT in 0.03s
    cube 1854.8 (depth 1, 30 lits): UNSAT in 0.03s
    cube 1854.9 (depth 1, 30 lits): UNSAT in 0.03s
    cube 1854.10 (depth 1, 30 lits): UNSAT in 0.20s
    cube 1854.11 (depth 1, 30 lits): UNSAT in 0.13s
    cube 1854.12 (depth 1, 30 lits): UNSAT in 0.39s
    cube 1854.13 (depth 1, 30 lits): UNSAT in 0.71s
    cube 1854.14 (depth 1, 30 lits): UNSAT in 2.29s
    cube 1854.15 (depth 1, 30 lits): UNSAT in 0.06s
    cube 1854.16 (depth 1, 30 lits): UNSAT in 0.08s
    cube 1854.17 (depth 1, 30 lits): UNSAT in 0.03s
    cube 1854.18 (depth 1, 30 lits): UNSAT in 0.23s
    cube 1854.19 (depth 1, 30 lits): UNSAT in 0.16s
    cube 1854.20 (depth 1, 30 lits): UNSAT in 0.97s
    cube 1854.21 (depth 1, 30 lits): UNSAT in 0.28s
    cube 1854.22 (depth 1, 30 lits): UNSAT in 3.05s
    cube 1854.23 (depth 1, 30 lits): UNSAT in 0.05s
    cube 1854.24 (depth 1, 30 lits): UNSAT in 0.20s
    cube 1854.25 (depth 1, 30 lits): UNSAT in 0.51s
    cube 1854.26 (depth 1, 30 lits): UNSAT in 3.35s
    cube 1854.27 (depth 1, 30 lits): UNSAT in 0.26s
    cube 1854.28 (depth 1, 30 lits): UNSAT in 0.54s
    cube 1854.29 (depth 1, 30 lits): UNSAT in 3.62s
    cube 1854.30 (depth 1, 30 lits): UNSAT in 17.58s
    cube 1854.31 (depth 1, 30 lits): UNSAT in 0.02s
    cube 1854.32 (depth 1, 30 lits): UNSAT in 0.06s
    cube 1854.33 (depth 1, 30 lits): UNSAT in 0.07s
    cube 1854.34 (depth 1, 30 lits): UNSAT in 0.26s
    cube 1854.35 (depth 1, 30 lits): UNSAT in 0.10s
    cube 1854.36 (depth 1, 30 lits): UNSAT in 0.40s
    cube 1854.37 (depth 1, 30 lits): UNSAT in 0.21s
    cube 1854.38 (depth 1, 30 lits): UNSAT in 1.61s
    cube 1854.39 (depth 1, 30 lits): UNSAT in 0.07s
    cube 1854.40 (depth 1, 30 lits): UNSAT in 0.20s
    cube 1854.41 (depth 1, 30 lits): UNSAT in 0.30s
    cube 1854.42 (depth 1, 30 lits): UNSAT in 1.30s
    cube 1854.43 (depth 1, 30 lits): UNSAT in 0.94s
    cube 1854.44 (depth 1, 30 lits): UNSAT in 8.20s
    cube 1854.45 (depth 1, 30 lits): UNSAT in 8.08s
    cube 1854.46 (depth 1, 30 lits): UNSAT in 41.49s
    cube 1854.47 (depth 1, 30 lits): UNSAT in 0.12s
    cube 1854.48 (depth 1, 30 lits): UNSAT in 0.88s
    cube 1854.49 (depth 1, 30 lits): UNSAT in 0.40s
    cube 1854.50 (depth 1, 30 lits): UNSAT in 7.27s
    cube 1854.51 (depth 1, 30 lits): UNSAT in 0.58s
    cube 1854.52 (depth 1, 30 lits): UNSAT in 4.28s
    cube 1854.53 (depth 1, 30 lits): UNSAT in 5.13s
    cube 1854.54 (depth 1, 30 lits): UNSAT in 106.71s
    cube 1854.55 (depth 1, 30 lits): UNSAT in 0.17s
    cube 1854.56 (depth 1, 30 lits): UNSAT in 0.75s
    cube 1854.57 (depth 1, 30 lits): UNSAT in 0.73s
    cube 1854.58 (depth 1, 30 lits): UNSAT in 1.76s
    cube 1854.59 (depth 1, 30 lits): UNSAT in 0.28s
    cube 1854.60 (depth 1, 30 lits): UNSAT in 1.31s
    cube 1854.61 (depth 1, 30 lits): UNSAT in 1.57s
    cube 1854.62 (depth 1, 30 lits): UNSAT in 32.58s
    cube 1858 (depth 0, 24 lits): UNSAT in 0.44s
    cube 1862 (depth 0, 24 lits): UNSAT in 5.12s
    cube 1866 (depth 0, 24 lits): UNSAT in 4.84s
    cube 1870 (depth 0, 24 lits): UNSAT in 58.86s
    cube 1874 (depth 0, 24 lits): UNSAT in 7.89s
    cube 1878 (depth 0, 24 lits): UNSAT in 71.58s
    cube 1882 (depth 0, 24 lits): UNSAT in 45.46s
    cube 1886 (depth 0, 24 lits): TIMEOUT in 600.10s
    cube 1886 TIMEOUT -> re-split into 64 sub-cubes (depth 1)
    cube 1886.0 (depth 1, 30 lits): UNSAT in 0.02s
    cube 1886.1 (depth 1, 30 lits): UNSAT in 0.07s
    cube 1886.2 (depth 1, 30 lits): UNSAT in 0.10s
    cube 1886.3 (depth 1, 30 lits): UNSAT in 0.30s
    cube 1886.4 (depth 1, 30 lits): UNSAT in 0.07s
    cube 1886.5 (depth 1, 30 lits): UNSAT in 0.40s
    cube 1886.6 (depth 1, 30 lits): UNSAT in 0.24s
    cube 1886.7 (depth 1, 30 lits): UNSAT in 1.10s
    cube 1886.8 (depth 1, 30 lits): UNSAT in 0.07s
    cube 1886.9 (depth 1, 30 lits): UNSAT in 0.09s
    cube 1886.10 (depth 1, 30 lits): UNSAT in 0.14s
    cube 1886.11 (depth 1, 30 lits): UNSAT in 0.15s
    cube 1886.12 (depth 1, 30 lits): UNSAT in 0.17s
    cube 1886.13 (depth 1, 30 lits): UNSAT in 0.45s
    cube 1886.14 (depth 1, 30 lits): UNSAT in 0.85s
    cube 1886.15 (depth 1, 30 lits): UNSAT in 1.38s
    cube 1886.16 (depth 1, 30 lits): UNSAT in 0.02s
    cube 1886.17 (depth 1, 30 lits): UNSAT in 0.02s
    cube 1886.18 (depth 1, 30 lits): UNSAT in 0.04s
    cube 1886.19 (depth 1, 30 lits): UNSAT in 0.14s
    cube 1886.20 (depth 1, 30 lits): UNSAT in 0.21s
    cube 1886.21 (depth 1, 30 lits): UNSAT in 0.16s
    cube 1886.22 (depth 1, 30 lits): UNSAT in 0.47s
    cube 1886.23 (depth 1, 30 lits): UNSAT in 0.78s
    cube 1886.24 (depth 1, 30 lits): UNSAT in 0.26s
    cube 1886.25 (depth 1, 30 lits): UNSAT in 0.30s
    cube 1886.26 (depth 1, 30 lits): UNSAT in 0.10s
    cube 1886.27 (depth 1, 30 lits): UNSAT in 1.28s
    cube 1886.28 (depth 1, 30 lits): UNSAT in 0.19s
    cube 1886.29 (depth 1, 30 lits): UNSAT in 1.28s
    cube 1886.30 (depth 1, 30 lits): UNSAT in 6.82s
    cube 1886.31 (depth 1, 30 lits): UNSAT in 6.11s
    cube 1886.32 (depth 1, 30 lits): UNSAT in 0.02s
    cube 1886.33 (depth 1, 30 lits): UNSAT in 0.03s
    cube 1886.34 (depth 1, 30 lits): UNSAT in 0.19s
    cube 1886.35 (depth 1, 30 lits): UNSAT in 0.73s
    cube 1886.36 (depth 1, 30 lits): UNSAT in 0.07s
    cube 1886.37 (depth 1, 30 lits): UNSAT in 0.18s
    cube 1886.38 (depth 1, 30 lits): UNSAT in 0.29s
    cube 1886.39 (depth 1, 30 lits): UNSAT in 0.99s
    cube 1886.40 (depth 1, 30 lits): UNSAT in 0.09s
    cube 1886.41 (depth 1, 30 lits): UNSAT in 0.22s
    cube 1886.42 (depth 1, 30 lits): UNSAT in 0.26s
    cube 1886.43 (depth 1, 30 lits): UNSAT in 1.72s
    cube 1886.44 (depth 1, 30 lits): UNSAT in 0.40s
    cube 1886.45 (depth 1, 30 lits): UNSAT in 2.96s
    cube 1886.46 (depth 1, 30 lits): UNSAT in 4.61s
    cube 1886.47 (depth 1, 30 lits): UNSAT in 22.18s
    cube 1886.48 (depth 1, 30 lits): UNSAT in 0.06s
    cube 1886.49 (depth 1, 30 lits): UNSAT in 0.13s
    cube 1886.50 (depth 1, 30 lits): UNSAT in 0.59s
    cube 1886.51 (depth 1, 30 lits): UNSAT in 1.42s
    cube 1886.52 (depth 1, 30 lits): UNSAT in 0.71s
    cube 1886.53 (depth 1, 30 lits): UNSAT in 1.28s
    cube 1886.54 (depth 1, 30 lits): UNSAT in 2.88s
    cube 1886.55 (depth 1, 30 lits): UNSAT in 29.35s
    cube 1886.56 (depth 1, 30 lits): UNSAT in 0.55s
    cube 1886.57 (depth 1, 30 lits): UNSAT in 7.87s
    cube 1886.58 (depth 1, 30 lits): UNSAT in 7.75s
    cube 1886.59 (depth 1, 30 lits): UNSAT in 102.09s
    cube 1886.60 (depth 1, 30 lits): UNSAT in 1.90s
    cube 1886.61 (depth 1, 30 lits): UNSAT in 3.74s
    cube 1886.62 (depth 1, 30 lits): UNSAT in 8.80s
    cube 1886.63 (depth 1, 30 lits): UNSAT in 157.96s
    cube 1890 (depth 0, 24 lits): UNSAT in 6.68s
    cube 1894 (depth 0, 24 lits): UNSAT in 119.31s
    cube 1898 (depth 0, 24 lits): UNSAT in 40.21s
    cube 1902 (depth 0, 24 lits): TIMEOUT in 600.10s
    cube 1902 TIMEOUT -> re-split into 64 sub-cubes (depth 1)
    cube 1902.0 (depth 1, 30 lits): UNSAT in 0.03s
    cube 1902.1 (depth 1, 30 lits): UNSAT in 0.05s
    cube 1902.2 (depth 1, 30 lits): UNSAT in 0.03s
    cube 1902.3 (depth 1, 30 lits): UNSAT in 0.09s
    cube 1902.4 (depth 1, 30 lits): UNSAT in 0.06s
    cube 1902.5 (depth 1, 30 lits): UNSAT in 0.18s
    cube 1902.6 (depth 1, 30 lits): UNSAT in 0.07s
    cube 1902.7 (depth 1, 30 lits): UNSAT in 0.29s
    cube 1902.8 (depth 1, 30 lits): UNSAT in 0.04s
    cube 1902.9 (depth 1, 30 lits): UNSAT in 0.06s
    cube 1902.10 (depth 1, 30 lits): UNSAT in 0.20s
    cube 1902.11 (depth 1, 30 lits): UNSAT in 0.34s
    cube 1902.12 (depth 1, 30 lits): UNSAT in 0.03s
    cube 1902.13 (depth 1, 30 lits): UNSAT in 0.09s
    cube 1902.14 (depth 1, 30 lits): UNSAT in 0.07s
    cube 1902.15 (depth 1, 30 lits): UNSAT in 0.23s
    cube 1902.16 (depth 1, 30 lits): UNSAT in 0.03s
    cube 1902.17 (depth 1, 30 lits): UNSAT in 0.11s
    cube 1902.18 (depth 1, 30 lits): UNSAT in 0.07s
    cube 1902.19 (depth 1, 30 lits): UNSAT in 0.24s
    cube 1902.20 (depth 1, 30 lits): UNSAT in 0.04s
    cube 1902.21 (depth 1, 30 lits): UNSAT in 0.11s
    cube 1902.22 (depth 1, 30 lits): UNSAT in 0.50s
    cube 1902.23 (depth 1, 30 lits): UNSAT in 1.73s
    cube 1902.24 (depth 1, 30 lits): UNSAT in 0.42s
    cube 1902.25 (depth 1, 30 lits): UNSAT in 1.01s
    cube 1902.26 (depth 1, 30 lits): UNSAT in 0.12s
    cube 1902.27 (depth 1, 30 lits): UNSAT in 1.13s
    cube 1902.28 (depth 1, 30 lits): UNSAT in 0.36s
    cube 1902.29 (depth 1, 30 lits): UNSAT in 2.02s
    cube 1902.30 (depth 1, 30 lits): UNSAT in 5.80s
    cube 1902.31 (depth 1, 30 lits): UNSAT in 22.84s
    cube 1902.32 (depth 1, 30 lits): UNSAT in 0.03s
    cube 1902.33 (depth 1, 30 lits): UNSAT in 0.20s
    cube 1902.34 (depth 1, 30 lits): UNSAT in 0.31s
    cube 1902.35 (depth 1, 30 lits): UNSAT in 0.72s
    cube 1902.36 (depth 1, 30 lits): UNSAT in 0.19s
    cube 1902.37 (depth 1, 30 lits): UNSAT in 0.26s
    cube 1902.38 (depth 1, 30 lits): UNSAT in 0.86s
    cube 1902.39 (depth 1, 30 lits): UNSAT in 2.91s
    cube 1902.40 (depth 1, 30 lits): UNSAT in 0.26s
    cube 1902.41 (depth 1, 30 lits): UNSAT in 2.67s
    cube 1902.42 (depth 1, 30 lits): UNSAT in 2.49s
    cube 1902.43 (depth 1, 30 lits): UNSAT in 6.06s
    cube 1902.44 (depth 1, 30 lits): UNSAT in 1.70s
    cube 1902.45 (depth 1, 30 lits): UNSAT in 4.58s
    cube 1902.46 (depth 1, 30 lits): UNSAT in 1.67s
    cube 1902.47 (depth 1, 30 lits): UNSAT in 113.66s
    cube 1902.48 (depth 1, 30 lits): UNSAT in 0.15s
    cube 1902.49 (depth 1, 30 lits): UNSAT in 0.78s
    cube 1902.50 (depth 1, 30 lits): UNSAT in 0.19s
    cube 1902.51 (depth 1, 30 lits): UNSAT in 2.16s
    cube 1902.52 (depth 1, 30 lits): UNSAT in 2.17s
    cube 1902.53 (depth 1, 30 lits): UNSAT in 2.54s
    cube 1902.54 (depth 1, 30 lits): UNSAT in 4.11s
    cube 1902.55 (depth 1, 30 lits): UNSAT in 49.02s
    cube 1902.56 (depth 1, 30 lits): UNSAT in 0.86s
    cube 1902.57 (depth 1, 30 lits): UNSAT in 7.09s
    cube 1902.58 (depth 1, 30 lits): UNSAT in 3.47s
    cube 1902.59 (depth 1, 30 lits): UNSAT in 88.94s
    cube 1902.60 (depth 1, 30 lits): UNSAT in 7.17s
    cube 1902.61 (depth 1, 30 lits): UNSAT in 93.49s
    cube 1902.62 (depth 1, 30 lits): UNSAT in 7.10s
    cube 1902.63 (depth 1, 30 lits): UNSAT in 189.34s
    cube 1906 (depth 0, 24 lits): UNSAT in 15.08s
    cube 1910 (depth 0, 24 lits): UNSAT in 150.96s
    cube 1914 (depth 0, 24 lits): UNSAT in 52.06s
    cube 1918 (depth 0, 24 lits): TIMEOUT in 600.03s
    cube 1918 TIMEOUT -> re-split into 64 sub-cubes (depth 1)
    cube 1918.0 (depth 1, 30 lits): UNSAT in 0.03s
    cube 1918.1 (depth 1, 30 lits): UNSAT in 0.04s
    cube 1918.2 (depth 1, 30 lits): UNSAT in 0.03s
    cube 1918.3 (depth 1, 30 lits): UNSAT in 0.11s
    cube 1918.4 (depth 1, 30 lits): UNSAT in 0.05s
    cube 1918.5 (depth 1, 30 lits): UNSAT in 0.19s
    cube 1918.6 (depth 1, 30 lits): UNSAT in 0.03s
    cube 1918.7 (depth 1, 30 lits): UNSAT in 0.33s
    cube 1918.8 (depth 1, 30 lits): UNSAT in 0.04s
    cube 1918.9 (depth 1, 30 lits): UNSAT in 0.06s
    cube 1918.10 (depth 1, 30 lits): UNSAT in 0.20s
    cube 1918.11 (depth 1, 30 lits): UNSAT in 0.35s
    cube 1918.12 (depth 1, 30 lits): UNSAT in 0.03s
    cube 1918.13 (depth 1, 30 lits): UNSAT in 0.08s
    cube 1918.14 (depth 1, 30 lits): UNSAT in 0.10s
    cube 1918.15 (depth 1, 30 lits): UNSAT in 0.24s
    cube 1918.16 (depth 1, 30 lits): UNSAT in 0.03s
    cube 1918.17 (depth 1, 30 lits): UNSAT in 0.11s
    cube 1918.18 (depth 1, 30 lits): UNSAT in 0.11s
    cube 1918.19 (depth 1, 30 lits): UNSAT in 0.40s
    cube 1918.20 (depth 1, 30 lits): UNSAT in 0.05s
    cube 1918.21 (depth 1, 30 lits): UNSAT in 0.16s
    cube 1918.22 (depth 1, 30 lits): UNSAT in 0.42s
    cube 1918.23 (depth 1, 30 lits): UNSAT in 1.88s
    cube 1918.24 (depth 1, 30 lits): UNSAT in 0.35s
    cube 1918.25 (depth 1, 30 lits): UNSAT in 0.75s
    cube 1918.26 (depth 1, 30 lits): UNSAT in 0.10s
    cube 1918.27 (depth 1, 30 lits): UNSAT in 1.41s
    cube 1918.28 (depth 1, 30 lits): UNSAT in 0.47s
    cube 1918.29 (depth 1, 30 lits): UNSAT in 3.17s
    cube 1918.30 (depth 1, 30 lits): UNSAT in 5.86s
    cube 1918.31 (depth 1, 30 lits): UNSAT in 24.63s
    cube 1918.32 (depth 1, 30 lits): UNSAT in 0.08s
    cube 1918.33 (depth 1, 30 lits): UNSAT in 0.30s
    cube 1918.34 (depth 1, 30 lits): UNSAT in 0.19s
    cube 1918.35 (depth 1, 30 lits): UNSAT in 0.77s
    cube 1918.36 (depth 1, 30 lits): UNSAT in 0.11s
    cube 1918.37 (depth 1, 30 lits): UNSAT in 0.55s
    cube 1918.38 (depth 1, 30 lits): UNSAT in 1.24s
    cube 1918.39 (depth 1, 30 lits): UNSAT in 4.68s
    cube 1918.40 (depth 1, 30 lits): UNSAT in 0.40s
    cube 1918.41 (depth 1, 30 lits): UNSAT in 0.95s
    cube 1918.42 (depth 1, 30 lits): UNSAT in 1.99s
    cube 1918.43 (depth 1, 30 lits): UNSAT in 5.24s
    cube 1918.44 (depth 1, 30 lits): UNSAT in 1.53s
    cube 1918.45 (depth 1, 30 lits): UNSAT in 5.94s
    cube 1918.46 (depth 1, 30 lits): UNSAT in 1.23s
    cube 1918.47 (depth 1, 30 lits): UNSAT in 100.38s
    cube 1918.48 (depth 1, 30 lits): UNSAT in 0.28s
    cube 1918.49 (depth 1, 30 lits): UNSAT in 0.47s
    cube 1918.50 (depth 1, 30 lits): UNSAT in 0.70s
    cube 1918.51 (depth 1, 30 lits): UNSAT in 1.94s
    cube 1918.52 (depth 1, 30 lits): UNSAT in 1.26s
    cube 1918.53 (depth 1, 30 lits): UNSAT in 2.73s
    cube 1918.54 (depth 1, 30 lits): UNSAT in 2.99s
    cube 1918.55 (depth 1, 30 lits): UNSAT in 49.50s
    cube 1918.56 (depth 1, 30 lits): UNSAT in 0.20s
    cube 1918.57 (depth 1, 30 lits): UNSAT in 2.54s
    cube 1918.58 (depth 1, 30 lits): UNSAT in 3.26s
    cube 1918.59 (depth 1, 30 lits): UNSAT in 167.62s
    cube 1918.60 (depth 1, 30 lits): UNSAT in 0.55s
    cube 1918.61 (depth 1, 30 lits): UNSAT in 9.35s
    cube 1918.62 (depth 1, 30 lits): UNSAT in 5.38s
    cube 1918.63 (depth 1, 30 lits): UNSAT in 118.34s
    cube 1922 (depth 0, 23 lits): UNSAT in 0.02s
    cube 1926 (depth 0, 24 lits): UNSAT in 0.02s
    cube 1930 (depth 0, 24 lits): UNSAT in 0.02s
    cube 1934 (depth 0, 24 lits): UNSAT in 0.02s
    cube 1938 (depth 0, 23 lits): UNSAT in 0.02s
    cube 1942 (depth 0, 24 lits): UNSAT in 0.02s
    cube 1946 (depth 0, 24 lits): UNSAT in 0.02s
    cube 1950 (depth 0, 24 lits): UNSAT in 0.01s
    cube 1954 (depth 0, 24 lits): UNSAT in 0.02s
    cube 1958 (depth 0, 24 lits): UNSAT in 0.01s
    cube 1962 (depth 0, 24 lits): UNSAT in 0.02s
    cube 1966 (depth 0, 22 lits): UNSAT in 0.02s
    cube 1970 (depth 0, 24 lits): UNSAT in 0.02s
    cube 1974 (depth 0, 24 lits): UNSAT in 0.02s
    cube 1978 (depth 0, 24 lits): UNSAT in 0.02s
    cube 1982 (depth 0, 24 lits): UNSAT in 0.03s
    cube 1986 (depth 0, 24 lits): UNSAT in 0.10s
    cube 1990 (depth 0, 24 lits): UNSAT in 0.02s
    cube 1994 (depth 0, 22 lits): UNSAT in 0.02s
    cube 1998 (depth 0, 24 lits): UNSAT in 0.05s
    cube 2002 (depth 0, 24 lits): UNSAT in 0.05s
    cube 2006 (depth 0, 24 lits): UNSAT in 0.48s
    cube 2010 (depth 0, 24 lits): UNSAT in 0.20s
    cube 2014 (depth 0, 24 lits): UNSAT in 0.32s
    cube 2018 (depth 0, 24 lits): UNSAT in 0.02s
    cube 2022 (depth 0, 23 lits): UNSAT in 0.02s
    cube 2026 (depth 0, 24 lits): UNSAT in 0.02s
    cube 2030 (depth 0, 24 lits): UNSAT in 0.02s
    cube 2034 (depth 0, 24 lits): UNSAT in 0.01s
    cube 2038 (depth 0, 23 lits): UNSAT in 0.01s
    cube 2042 (depth 0, 24 lits): UNSAT in 0.02s
    cube 2046 (depth 0, 24 lits): UNSAT in 0.03s
    cube 2050 (depth 0, 24 lits): UNSAT in 0.02s
    cube 2054 (depth 0, 24 lits): UNSAT in 0.06s
    cube 2058 (depth 0, 24 lits): UNSAT in 0.03s
    cube 2062 (depth 0, 24 lits): UNSAT in 0.02s
    cube 2066 (depth 0, 24 lits): UNSAT in 0.05s
    cube 2070 (depth 0, 24 lits): UNSAT in 0.02s
    cube 2074 (depth 0, 24 lits): UNSAT in 0.03s
    cube 2078 (depth 0, 24 lits): UNSAT in 0.05s
    cube 2082 (depth 0, 24 lits): UNSAT in 0.02s
    cube 2086 (depth 0, 24 lits): UNSAT in 0.03s
    cube 2090 (depth 0, 24 lits): UNSAT in 0.03s
    cube 2094 (depth 0, 24 lits): UNSAT in 0.03s
    cube 2098 (depth 0, 24 lits): UNSAT in 0.15s
    cube 2102 (depth 0, 24 lits): UNSAT in 0.06s
    cube 2106 (depth 0, 24 lits): UNSAT in 0.15s
    cube 2110 (depth 0, 24 lits): UNSAT in 0.08s
    cube 2114 (depth 0, 24 lits): UNSAT in 0.34s
    cube 2118 (depth 0, 24 lits): UNSAT in 0.18s
    cube 2122 (depth 0, 24 lits): UNSAT in 0.59s
    cube 2126 (depth 0, 24 lits): UNSAT in 0.15s
    cube 2130 (depth 0, 24 lits): UNSAT in 5.51s
    cube 2134 (depth 0, 24 lits): UNSAT in 0.02s
    cube 2138 (depth 0, 24 lits): UNSAT in 0.03s
    cube 2142 (depth 0, 24 lits): UNSAT in 0.04s
    cube 2146 (depth 0, 24 lits): UNSAT in 0.11s
    cube 2150 (depth 0, 24 lits): UNSAT in 0.02s
    cube 2154 (depth 0, 24 lits): UNSAT in 0.04s
    cube 2158 (depth 0, 24 lits): UNSAT in 0.05s
    cube 2162 (depth 0, 24 lits): UNSAT in 0.25s
    cube 2166 (depth 0, 24 lits): UNSAT in 0.05s
    cube 2170 (depth 0, 24 lits): UNSAT in 0.06s
    cube 2174 (depth 0, 24 lits): UNSAT in 0.03s
    cube 2178 (depth 0, 24 lits): UNSAT in 0.18s
    cube 2182 (depth 0, 24 lits): UNSAT in 0.06s
    cube 2186 (depth 0, 24 lits): UNSAT in 0.06s
    cube 2190 (depth 0, 24 lits): UNSAT in 0.33s
    cube 2194 (depth 0, 24 lits): UNSAT in 0.92s
    cube 2198 (depth 0, 23 lits): UNSAT in 0.01s
    cube 2202 (depth 0, 24 lits): UNSAT in 0.02s
    cube 2206 (depth 0, 24 lits): UNSAT in 0.05s
    cube 2210 (depth 0, 24 lits): UNSAT in 0.04s
    cube 2214 (depth 0, 24 lits): UNSAT in 0.02s
    cube 2218 (depth 0, 24 lits): UNSAT in 0.11s
    cube 2222 (depth 0, 24 lits): UNSAT in 0.02s
    cube 2226 (depth 0, 24 lits): UNSAT in 0.05s
    cube 2230 (depth 0, 24 lits): UNSAT in 0.03s
    cube 2234 (depth 0, 24 lits): UNSAT in 0.07s
    cube 2238 (depth 0, 24 lits): UNSAT in 0.11s
    cube 2242 (depth 0, 24 lits): UNSAT in 0.07s
    cube 2246 (depth 0, 24 lits): UNSAT in 0.09s
    cube 2250 (depth 0, 24 lits): UNSAT in 1.77s
    cube 2254 (depth 0, 24 lits): UNSAT in 0.03s
    cube 2258 (depth 0, 24 lits): UNSAT in 0.03s
    cube 2262 (depth 0, 24 lits): UNSAT in 0.02s
    cube 2266 (depth 0, 24 lits): UNSAT in 0.09s
    cube 2270 (depth 0, 24 lits): UNSAT in 0.15s
    cube 2274 (depth 0, 24 lits): UNSAT in 0.25s
    cube 2278 (depth 0, 24 lits): UNSAT in 0.09s
    cube 2282 (depth 0, 24 lits): UNSAT in 1.66s
    cube 2286 (depth 0, 24 lits): UNSAT in 0.26s
    cube 2290 (depth 0, 24 lits): UNSAT in 0.57s
    cube 2294 (depth 0, 24 lits): UNSAT in 0.08s
    cube 2298 (depth 0, 24 lits): UNSAT in 1.12s
    cube 2302 (depth 0, 24 lits): UNSAT in 0.11s
    cube 2306 (depth 0, 24 lits): UNSAT in 0.85s
    cube 2310 (depth 0, 24 lits): UNSAT in 0.65s
    cube 2314 (depth 0, 24 lits): UNSAT in 12.85s
    cube 2318 (depth 0, 24 lits): UNSAT in 0.02s
    cube 2322 (depth 0, 24 lits): UNSAT in 0.04s
    cube 2326 (depth 0, 24 lits): UNSAT in 0.37s
    cube 2330 (depth 0, 24 lits): UNSAT in 0.02s
    cube 2334 (depth 0, 24 lits): UNSAT in 0.43s
    cube 2338 (depth 0, 24 lits): UNSAT in 0.10s
    cube 2342 (depth 0, 24 lits): UNSAT in 0.89s
    cube 2346 (depth 0, 24 lits): UNSAT in 0.04s
    cube 2350 (depth 0, 24 lits): UNSAT in 0.17s
    cube 2354 (depth 0, 24 lits): UNSAT in 0.04s
    cube 2358 (depth 0, 24 lits): UNSAT in 0.80s
    cube 2362 (depth 0, 24 lits): UNSAT in 0.47s
    cube 2366 (depth 0, 24 lits): UNSAT in 1.47s
    cube 2370 (depth 0, 24 lits): UNSAT in 1.95s
    cube 2374 (depth 0, 24 lits): UNSAT in 28.86s
    cube 2378 (depth 0, 23 lits): UNSAT in 0.02s
    cube 2382 (depth 0, 24 lits): UNSAT in 0.02s
    cube 2386 (depth 0, 24 lits): UNSAT in 0.05s
    cube 2390 (depth 0, 24 lits): UNSAT in 0.08s
    cube 2394 (depth 0, 24 lits): UNSAT in 0.03s
    cube 2398 (depth 0, 24 lits): UNSAT in 0.05s
    cube 2402 (depth 0, 24 lits): UNSAT in 0.19s
    cube 2406 (depth 0, 24 lits): UNSAT in 0.02s
    cube 2410 (depth 0, 24 lits): UNSAT in 0.08s
    cube 2414 (depth 0, 24 lits): UNSAT in 0.04s
    cube 2418 (depth 0, 24 lits): UNSAT in 0.01s
    cube 2422 (depth 0, 24 lits): UNSAT in 0.02s
    cube 2426 (depth 0, 24 lits): UNSAT in 0.03s
    cube 2430 (depth 0, 24 lits): UNSAT in 0.07s
    cube 2434 (depth 0, 23 lits): UNSAT in 0.02s
    cube 2438 (depth 0, 24 lits): UNSAT in 0.01s
    cube 2442 (depth 0, 24 lits): UNSAT in 0.02s
    cube 2446 (depth 0, 24 lits): UNSAT in 0.02s
    cube 2450 (depth 0, 24 lits): UNSAT in 0.02s
    cube 2454 (depth 0, 24 lits): UNSAT in 0.05s
    cube 2458 (depth 0, 24 lits): UNSAT in 0.05s
    cube 2462 (depth 0, 24 lits): UNSAT in 0.02s
    cube 2466 (depth 0, 24 lits): UNSAT in 0.04s
    cube 2470 (depth 0, 24 lits): UNSAT in 0.09s
    cube 2474 (depth 0, 24 lits): UNSAT in 0.04s
    cube 2478 (depth 0, 24 lits): UNSAT in 0.02s
    cube 2482 (depth 0, 24 lits): UNSAT in 0.11s
    cube 2486 (depth 0, 24 lits): UNSAT in 0.16s
    cube 2490 (depth 0, 24 lits): UNSAT in 0.39s
    cube 2494 (depth 0, 24 lits): UNSAT in 0.02s
    cube 2498 (depth 0, 24 lits): UNSAT in 0.02s
    cube 2502 (depth 0, 24 lits): UNSAT in 0.01s
    cube 2506 (depth 0, 24 lits): UNSAT in 0.04s
    cube 2510 (depth 0, 24 lits): UNSAT in 0.06s
    cube 2514 (depth 0, 24 lits): UNSAT in 0.07s
    cube 2518 (depth 0, 24 lits): UNSAT in 0.11s
    cube 2522 (depth 0, 24 lits): UNSAT in 0.21s
    cube 2526 (depth 0, 24 lits): UNSAT in 0.05s
    cube 2530 (depth 0, 24 lits): UNSAT in 0.09s
    cube 2534 (depth 0, 24 lits): UNSAT in 0.19s
    cube 2538 (depth 0, 24 lits): UNSAT in 0.43s
    cube 2542 (depth 0, 24 lits): UNSAT in 0.06s
    cube 2546 (depth 0, 24 lits): UNSAT in 0.08s
    cube 2550 (depth 0, 24 lits): UNSAT in 0.70s
    cube 2554 (depth 0, 24 lits): UNSAT in 0.74s
    cube 2558 (depth 0, 24 lits): UNSAT in 0.03s
    cube 2562 (depth 0, 24 lits): UNSAT in 0.08s
    cube 2566 (depth 0, 24 lits): UNSAT in 0.11s
    cube 2570 (depth 0, 24 lits): UNSAT in 0.09s
    cube 2574 (depth 0, 24 lits): UNSAT in 0.06s
    cube 2578 (depth 0, 24 lits): UNSAT in 0.20s
    cube 2582 (depth 0, 24 lits): UNSAT in 0.24s
    cube 2586 (depth 0, 24 lits): UNSAT in 0.70s
    cube 2590 (depth 0, 24 lits): UNSAT in 0.17s
    cube 2594 (depth 0, 24 lits): UNSAT in 0.25s
    cube 2598 (depth 0, 24 lits): UNSAT in 0.45s
    cube 2602 (depth 0, 24 lits): UNSAT in 0.99s
    cube 2606 (depth 0, 24 lits): UNSAT in 0.08s
    cube 2610 (depth 0, 24 lits): UNSAT in 2.28s
    cube 2614 (depth 0, 24 lits): UNSAT in 1.27s
    cube 2618 (depth 0, 24 lits): UNSAT in 19.00s
    cube 2622 (depth 0, 24 lits): UNSAT in 0.02s
    cube 2626 (depth 0, 24 lits): UNSAT in 0.05s
    cube 2630 (depth 0, 24 lits): UNSAT in 0.03s
    cube 2634 (depth 0, 24 lits): UNSAT in 0.08s
    cube 2638 (depth 0, 24 lits): UNSAT in 0.04s
    cube 2642 (depth 0, 24 lits): UNSAT in 0.05s
    cube 2646 (depth 0, 24 lits): UNSAT in 0.33s
    cube 2650 (depth 0, 24 lits): UNSAT in 0.71s
    cube 2654 (depth 0, 24 lits): UNSAT in 0.02s
    cube 2658 (depth 0, 24 lits): UNSAT in 0.07s
    cube 2662 (depth 0, 24 lits): UNSAT in 0.11s
    cube 2666 (depth 0, 24 lits): UNSAT in 0.28s
    cube 2670 (depth 0, 24 lits): UNSAT in 0.11s
    cube 2674 (depth 0, 24 lits): UNSAT in 0.23s
    cube 2678 (depth 0, 24 lits): UNSAT in 0.50s
    cube 2682 (depth 0, 24 lits): UNSAT in 0.72s
    cube 2686 (depth 0, 24 lits): UNSAT in 0.02s
    cube 2690 (depth 0, 24 lits): UNSAT in 0.04s
    cube 2694 (depth 0, 24 lits): UNSAT in 0.05s
    cube 2698 (depth 0, 24 lits): UNSAT in 0.06s
    cube 2702 (depth 0, 24 lits): UNSAT in 0.09s
    cube 2706 (depth 0, 24 lits): UNSAT in 0.05s
    cube 2710 (depth 0, 24 lits): UNSAT in 0.25s
    cube 2714 (depth 0, 24 lits): UNSAT in 0.88s
    cube 2718 (depth 0, 24 lits): UNSAT in 0.03s
    cube 2722 (depth 0, 24 lits): UNSAT in 0.21s
    cube 2726 (depth 0, 24 lits): UNSAT in 0.63s
    cube 2730 (depth 0, 24 lits): UNSAT in 1.19s
    cube 2734 (depth 0, 24 lits): UNSAT in 0.56s
    cube 2738 (depth 0, 24 lits): UNSAT in 4.06s
    cube 2742 (depth 0, 24 lits): UNSAT in 1.51s
    cube 2746 (depth 0, 24 lits): UNSAT in 81.40s
    cube 2750 (depth 0, 24 lits): UNSAT in 0.10s
    cube 2754 (depth 0, 24 lits): UNSAT in 0.14s
    cube 2758 (depth 0, 24 lits): UNSAT in 0.02s
    cube 2762 (depth 0, 24 lits): UNSAT in 0.27s
    cube 2766 (depth 0, 24 lits): UNSAT in 0.04s
    cube 2770 (depth 0, 24 lits): UNSAT in 0.15s
    cube 2774 (depth 0, 24 lits): UNSAT in 0.07s
    cube 2778 (depth 0, 24 lits): UNSAT in 10.71s
    cube 2782 (depth 0, 24 lits): UNSAT in 0.15s
    cube 2786 (depth 0, 24 lits): UNSAT in 0.15s
    cube 2790 (depth 0, 24 lits): UNSAT in 0.20s
    cube 2794 (depth 0, 24 lits): UNSAT in 2.74s
    cube 2798 (depth 0, 24 lits): UNSAT in 1.20s
    cube 2802 (depth 0, 24 lits): UNSAT in 1.91s
    cube 2806 (depth 0, 24 lits): UNSAT in 2.54s
    cube 2810 (depth 0, 24 lits): UNSAT in 27.54s
    cube 2814 (depth 0, 24 lits): UNSAT in 0.17s
    cube 2818 (depth 0, 24 lits): UNSAT in 0.99s
    cube 2822 (depth 0, 24 lits): UNSAT in 1.35s
    cube 2826 (depth 0, 24 lits): UNSAT in 0.58s
    cube 2830 (depth 0, 24 lits): UNSAT in 0.32s
    cube 2834 (depth 0, 24 lits): UNSAT in 0.25s
    cube 2838 (depth 0, 24 lits): UNSAT in 1.84s
    cube 2842 (depth 0, 24 lits): UNSAT in 13.95s
    cube 2846 (depth 0, 24 lits): UNSAT in 0.97s
    cube 2850 (depth 0, 24 lits): UNSAT in 0.70s
    cube 2854 (depth 0, 24 lits): UNSAT in 1.47s
    cube 2858 (depth 0, 24 lits): UNSAT in 38.38s
    cube 2862 (depth 0, 24 lits): UNSAT in 8.04s
    cube 2866 (depth 0, 24 lits): UNSAT in 26.59s
    cube 2870 (depth 0, 24 lits): UNSAT in 5.32s
    cube 2874 (depth 0, 24 lits): UNSAT in 21.95s
    cube 2878 (depth 0, 23 lits): UNSAT in 0.01s
    cube 2882 (depth 0, 24 lits): UNSAT in 0.02s
    cube 2886 (depth 0, 24 lits): UNSAT in 0.05s
    cube 2890 (depth 0, 24 lits): UNSAT in 0.02s
    cube 2894 (depth 0, 24 lits): UNSAT in 0.02s
    cube 2898 (depth 0, 24 lits): UNSAT in 0.03s
    cube 2902 (depth 0, 24 lits): UNSAT in 0.02s
    cube 2906 (depth 0, 24 lits): UNSAT in 0.01s
    cube 2910 (depth 0, 24 lits): UNSAT in 0.01s
    cube 2914 (depth 0, 24 lits): UNSAT in 0.04s
    cube 2918 (depth 0, 24 lits): UNSAT in 0.18s
    cube 2922 (depth 0, 24 lits): UNSAT in 0.03s
    cube 2926 (depth 0, 24 lits): UNSAT in 0.02s
    cube 2930 (depth 0, 24 lits): UNSAT in 0.08s
    cube 2934 (depth 0, 24 lits): UNSAT in 0.73s
    cube 2938 (depth 0, 23 lits): UNSAT in 0.02s
    cube 2942 (depth 0, 24 lits): UNSAT in 0.01s
    cube 2946 (depth 0, 24 lits): UNSAT in 0.04s
    cube 2950 (depth 0, 24 lits): UNSAT in 0.01s
    cube 2954 (depth 0, 24 lits): UNSAT in 0.03s
    cube 2958 (depth 0, 24 lits): UNSAT in 0.03s
    cube 2962 (depth 0, 24 lits): UNSAT in 0.09s
    cube 2966 (depth 0, 24 lits): UNSAT in 0.03s
    cube 2970 (depth 0, 24 lits): UNSAT in 0.04s
    cube 2974 (depth 0, 24 lits): UNSAT in 0.09s
    cube 2978 (depth 0, 24 lits): UNSAT in 0.48s
    cube 2982 (depth 0, 24 lits): UNSAT in 0.02s
    cube 2986 (depth 0, 24 lits): UNSAT in 0.11s
    cube 2990 (depth 0, 24 lits): UNSAT in 0.24s
    cube 2994 (depth 0, 24 lits): UNSAT in 0.48s
    cube 2998 (depth 0, 24 lits): UNSAT in 0.02s
    cube 3002 (depth 0, 24 lits): UNSAT in 0.02s
    cube 3006 (depth 0, 24 lits): UNSAT in 0.03s
    cube 3010 (depth 0, 24 lits): UNSAT in 0.03s
    cube 3014 (depth 0, 24 lits): UNSAT in 0.01s
    cube 3018 (depth 0, 24 lits): UNSAT in 0.03s
    cube 3022 (depth 0, 24 lits): UNSAT in 0.09s
    cube 3026 (depth 0, 24 lits): UNSAT in 0.02s
    cube 3030 (depth 0, 24 lits): UNSAT in 0.02s
    cube 3034 (depth 0, 24 lits): UNSAT in 0.04s
    cube 3038 (depth 0, 24 lits): UNSAT in 0.02s
    cube 3042 (depth 0, 24 lits): UNSAT in 0.06s
    cube 3046 (depth 0, 24 lits): UNSAT in 0.02s
    cube 3050 (depth 0, 24 lits): UNSAT in 0.06s
    cube 3054 (depth 0, 24 lits): UNSAT in 0.04s
    cube 3058 (depth 0, 24 lits): UNSAT in 0.68s
    cube 3062 (depth 0, 23 lits): UNSAT in 0.03s
    cube 3066 (depth 0, 24 lits): UNSAT in 0.04s
    cube 3070 (depth 0, 24 lits): UNSAT in 0.02s
    cube 3074 (depth 0, 24 lits): UNSAT in 0.09s
    cube 3078 (depth 0, 24 lits): UNSAT in 0.19s
    cube 3082 (depth 0, 24 lits): UNSAT in 0.11s
    cube 3086 (depth 0, 24 lits): UNSAT in 0.67s
    cube 3090 (depth 0, 24 lits): UNSAT in 0.86s
    cube 3094 (depth 0, 24 lits): UNSAT in 0.02s
    cube 3098 (depth 0, 24 lits): UNSAT in 0.12s
    cube 3102 (depth 0, 24 lits): UNSAT in 1.26s
    cube 3106 (depth 0, 24 lits): UNSAT in 0.85s
    cube 3110 (depth 0, 24 lits): UNSAT in 0.12s
    cube 3114 (depth 0, 24 lits): UNSAT in 0.79s
    cube 3118 (depth 0, 24 lits): UNSAT in 1.92s
    cube 3122 (depth 0, 24 lits): UNSAT in 16.77s
    cube 3126 (depth 0, 24 lits): UNSAT in 0.02s
    cube 3130 (depth 0, 24 lits): UNSAT in 0.05s
    cube 3134 (depth 0, 24 lits): UNSAT in 0.05s
    cube 3138 (depth 0, 24 lits): UNSAT in 0.29s
    cube 3142 (depth 0, 24 lits): UNSAT in 0.01s
    cube 3146 (depth 0, 24 lits): UNSAT in 0.04s
    cube 3150 (depth 0, 24 lits): UNSAT in 0.12s
    cube 3154 (depth 0, 24 lits): UNSAT in 0.55s
    cube 3158 (depth 0, 24 lits): UNSAT in 0.11s
    cube 3162 (depth 0, 24 lits): UNSAT in 0.03s
    cube 3166 (depth 0, 24 lits): UNSAT in 0.05s
    cube 3170 (depth 0, 24 lits): UNSAT in 0.48s
    cube 3174 (depth 0, 24 lits): UNSAT in 0.04s
    cube 3178 (depth 0, 24 lits): UNSAT in 0.63s
    cube 3182 (depth 0, 24 lits): UNSAT in 0.63s
    cube 3186 (depth 0, 24 lits): UNSAT in 1.12s
    cube 3190 (depth 0, 24 lits): UNSAT in 0.04s
    cube 3194 (depth 0, 24 lits): UNSAT in 0.10s
    cube 3198 (depth 0, 24 lits): UNSAT in 0.13s
    cube 3202 (depth 0, 24 lits): UNSAT in 0.13s
    cube 3206 (depth 0, 24 lits): UNSAT in 0.25s
    cube 3210 (depth 0, 24 lits): UNSAT in 0.84s
    cube 3214 (depth 0, 24 lits): UNSAT in 0.31s
    cube 3218 (depth 0, 24 lits): UNSAT in 4.32s
    cube 3222 (depth 0, 24 lits): UNSAT in 0.03s
    cube 3226 (depth 0, 24 lits): UNSAT in 0.30s
    cube 3230 (depth 0, 24 lits): UNSAT in 0.54s
    cube 3234 (depth 0, 24 lits): UNSAT in 9.54s
    cube 3238 (depth 0, 24 lits): UNSAT in 0.20s
    cube 3242 (depth 0, 24 lits): UNSAT in 0.48s
    cube 3246 (depth 0, 24 lits): UNSAT in 1.34s
    cube 3250 (depth 0, 24 lits): UNSAT in 22.69s
    cube 3254 (depth 0, 24 lits): UNSAT in 0.03s
    cube 3258 (depth 0, 24 lits): UNSAT in 0.07s
    cube 3262 (depth 0, 24 lits): UNSAT in 0.04s
    cube 3266 (depth 0, 24 lits): UNSAT in 0.33s
    cube 3270 (depth 0, 24 lits): UNSAT in 0.11s
    cube 3274 (depth 0, 24 lits): UNSAT in 0.15s
    cube 3278 (depth 0, 24 lits): UNSAT in 0.36s
    cube 3282 (depth 0, 24 lits): UNSAT in 5.24s
    cube 3286 (depth 0, 24 lits): UNSAT in 0.10s
    cube 3290 (depth 0, 24 lits): UNSAT in 0.21s
    cube 3294 (depth 0, 24 lits): UNSAT in 0.62s
    cube 3298 (depth 0, 24 lits): UNSAT in 4.21s
    cube 3302 (depth 0, 24 lits): UNSAT in 2.73s
    cube 3306 (depth 0, 24 lits): UNSAT in 4.00s
    cube 3310 (depth 0, 24 lits): UNSAT in 1.18s
    cube 3314 (depth 0, 24 lits): UNSAT in 57.18s
    cube 3318 (depth 0, 24 lits): UNSAT in 0.10s
    cube 3322 (depth 0, 24 lits): UNSAT in 0.38s
    cube 3326 (depth 0, 24 lits): UNSAT in 0.97s
    cube 3330 (depth 0, 24 lits): UNSAT in 16.72s
    cube 3334 (depth 0, 24 lits): UNSAT in 0.96s
    cube 3338 (depth 0, 24 lits): UNSAT in 4.42s
    cube 3342 (depth 0, 24 lits): UNSAT in 1.63s
    cube 3346 (depth 0, 24 lits): UNSAT in 161.08s
    cube 3350 (depth 0, 24 lits): UNSAT in 0.40s
    cube 3354 (depth 0, 24 lits): UNSAT in 2.47s
    cube 3358 (depth 0, 24 lits): UNSAT in 4.04s
    cube 3362 (depth 0, 24 lits): UNSAT in 45.68s
    cube 3366 (depth 0, 24 lits): UNSAT in 7.42s
    cube 3370 (depth 0, 24 lits): UNSAT in 60.68s
    cube 3374 (depth 0, 24 lits): UNSAT in 441.85s
    cube 3378 (depth 0, 24 lits): UNSAT in 251.19s
    cube 3382 (depth 0, 24 lits): UNSAT in 0.01s
    cube 3386 (depth 0, 24 lits): UNSAT in 0.07s
    cube 3390 (depth 0, 24 lits): UNSAT in 0.02s
    cube 3394 (depth 0, 24 lits): UNSAT in 0.05s
    cube 3398 (depth 0, 24 lits): UNSAT in 0.12s
    cube 3402 (depth 0, 24 lits): UNSAT in 0.13s
    cube 3406 (depth 0, 24 lits): UNSAT in 0.19s
    cube 3410 (depth 0, 24 lits): UNSAT in 1.00s
    cube 3414 (depth 0, 24 lits): UNSAT in 0.03s
    cube 3418 (depth 0, 24 lits): UNSAT in 0.09s
    cube 3422 (depth 0, 24 lits): UNSAT in 0.12s
    cube 3426 (depth 0, 24 lits): UNSAT in 2.21s
    cube 3430 (depth 0, 24 lits): UNSAT in 0.27s
    cube 3434 (depth 0, 24 lits): UNSAT in 0.54s
    cube 3438 (depth 0, 24 lits): UNSAT in 0.44s
    cube 3442 (depth 0, 24 lits): UNSAT in 37.67s
    cube 3446 (depth 0, 24 lits): UNSAT in 0.07s
    cube 3450 (depth 0, 24 lits): UNSAT in 0.37s
    cube 3454 (depth 0, 24 lits): UNSAT in 0.56s
    cube 3458 (depth 0, 24 lits): UNSAT in 2.26s
    cube 3462 (depth 0, 24 lits): UNSAT in 0.62s
    cube 3466 (depth 0, 24 lits): UNSAT in 1.21s
    cube 3470 (depth 0, 24 lits): UNSAT in 2.62s
    cube 3474 (depth 0, 24 lits): UNSAT in 9.37s
    cube 3478 (depth 0, 24 lits): UNSAT in 0.08s
    cube 3482 (depth 0, 24 lits): UNSAT in 0.19s
    cube 3486 (depth 0, 24 lits): UNSAT in 0.35s
    cube 3490 (depth 0, 24 lits): UNSAT in 8.36s
    cube 3494 (depth 0, 24 lits): UNSAT in 0.74s
    cube 3498 (depth 0, 24 lits): UNSAT in 44.79s
    cube 3502 (depth 0, 24 lits): UNSAT in 12.46s
    cube 3506 (depth 0, 24 lits): UNSAT in 381.55s
    cube 3510 (depth 0, 24 lits): UNSAT in 0.27s
    cube 3514 (depth 0, 24 lits): UNSAT in 0.52s
    cube 3518 (depth 0, 24 lits): UNSAT in 0.32s
    cube 3522 (depth 0, 24 lits): UNSAT in 1.81s
    cube 3526 (depth 0, 24 lits): UNSAT in 1.72s
    cube 3530 (depth 0, 24 lits): UNSAT in 4.12s
    cube 3534 (depth 0, 24 lits): UNSAT in 1.81s
    cube 3538 (depth 0, 24 lits): UNSAT in 37.36s
    cube 3542 (depth 0, 24 lits): UNSAT in 0.33s
    cube 3546 (depth 0, 24 lits): UNSAT in 1.64s
    cube 3550 (depth 0, 24 lits): UNSAT in 7.18s
    cube 3554 (depth 0, 24 lits): UNSAT in 3.12s
    cube 3558 (depth 0, 24 lits): UNSAT in 0.36s
    cube 3562 (depth 0, 24 lits): UNSAT in 7.94s
    cube 3566 (depth 0, 24 lits): UNSAT in 4.57s
    cube 3570 (depth 0, 24 lits): UNSAT in 176.22s
    cube 3574 (depth 0, 24 lits): UNSAT in 0.29s
    cube 3578 (depth 0, 24 lits): UNSAT in 1.40s
    cube 3582 (depth 0, 24 lits): UNSAT in 2.33s
    cube 3586 (depth 0, 24 lits): UNSAT in 25.45s
    cube 3590 (depth 0, 24 lits): UNSAT in 3.67s
    cube 3594 (depth 0, 24 lits): UNSAT in 139.25s
    cube 3598 (depth 0, 24 lits): UNSAT in 9.65s
    cube 3602 (depth 0, 24 lits): TIMEOUT in 600.10s
    cube 3602 TIMEOUT -> re-split into 64 sub-cubes (depth 1)
    cube 3602.0 (depth 1, 30 lits): UNSAT in 0.02s
    cube 3602.1 (depth 1, 30 lits): UNSAT in 0.02s
    cube 3602.2 (depth 1, 30 lits): UNSAT in 0.02s
    cube 3602.3 (depth 1, 30 lits): UNSAT in 0.02s
    cube 3602.4 (depth 1, 30 lits): UNSAT in 0.03s
    cube 3602.5 (depth 1, 30 lits): UNSAT in 0.03s
    cube 3602.6 (depth 1, 30 lits): UNSAT in 0.03s
    cube 3602.7 (depth 1, 30 lits): UNSAT in 0.09s
    cube 3602.8 (depth 1, 30 lits): UNSAT in 0.06s
    cube 3602.9 (depth 1, 30 lits): UNSAT in 0.05s
    cube 3602.10 (depth 1, 30 lits): UNSAT in 0.30s
    cube 3602.11 (depth 1, 30 lits): UNSAT in 0.81s
    cube 3602.12 (depth 1, 30 lits): UNSAT in 0.07s
    cube 3602.13 (depth 1, 30 lits): UNSAT in 0.11s
    cube 3602.14 (depth 1, 30 lits): UNSAT in 0.49s
    cube 3602.15 (depth 1, 30 lits): UNSAT in 0.43s
    cube 3602.16 (depth 1, 30 lits): UNSAT in 0.01s
    cube 3602.17 (depth 1, 30 lits): UNSAT in 0.03s
    cube 3602.18 (depth 1, 30 lits): UNSAT in 0.01s
    cube 3602.19 (depth 1, 30 lits): UNSAT in 0.04s
    cube 3602.20 (depth 1, 30 lits): UNSAT in 0.21s
    cube 3602.21 (depth 1, 30 lits): UNSAT in 0.09s
    cube 3602.22 (depth 1, 30 lits): UNSAT in 0.44s
    cube 3602.23 (depth 1, 30 lits): UNSAT in 2.56s
    cube 3602.24 (depth 1, 30 lits): UNSAT in 0.06s
    cube 3602.25 (depth 1, 30 lits): UNSAT in 0.22s
    cube 3602.26 (depth 1, 30 lits): UNSAT in 0.11s
    cube 3602.27 (depth 1, 30 lits): UNSAT in 0.44s
    cube 3602.28 (depth 1, 30 lits): UNSAT in 0.24s
    cube 3602.29 (depth 1, 30 lits): UNSAT in 1.04s
    cube 3602.30 (depth 1, 30 lits): UNSAT in 1.34s
    cube 3602.31 (depth 1, 30 lits): UNSAT in 8.99s
    cube 3602.32 (depth 1, 30 lits): UNSAT in 0.05s
    cube 3602.33 (depth 1, 30 lits): UNSAT in 0.16s
    cube 3602.34 (depth 1, 30 lits): UNSAT in 0.34s
    cube 3602.35 (depth 1, 30 lits): UNSAT in 1.86s
    cube 3602.36 (depth 1, 30 lits): UNSAT in 0.10s
    cube 3602.37 (depth 1, 30 lits): UNSAT in 0.45s
    cube 3602.38 (depth 1, 30 lits): UNSAT in 0.11s
    cube 3602.39 (depth 1, 30 lits): UNSAT in 1.66s
    cube 3602.40 (depth 1, 30 lits): UNSAT in 0.10s
    cube 3602.41 (depth 1, 30 lits): UNSAT in 0.11s
    cube 3602.42 (depth 1, 30 lits): UNSAT in 0.18s
    cube 3602.43 (depth 1, 30 lits): UNSAT in 0.44s
    cube 3602.44 (depth 1, 30 lits): UNSAT in 0.18s
    cube 3602.45 (depth 1, 30 lits): UNSAT in 0.75s
    cube 3602.46 (depth 1, 30 lits): UNSAT in 0.23s
    cube 3602.47 (depth 1, 30 lits): UNSAT in 4.71s
    cube 3602.48 (depth 1, 30 lits): UNSAT in 0.35s
    cube 3602.49 (depth 1, 30 lits): UNSAT in 0.30s
    cube 3602.50 (depth 1, 30 lits): UNSAT in 1.36s
    cube 3602.51 (depth 1, 30 lits): UNSAT in 1.25s
    cube 3602.52 (depth 1, 30 lits): UNSAT in 0.63s
    cube 3602.53 (depth 1, 30 lits): UNSAT in 0.69s
    cube 3602.54 (depth 1, 30 lits): UNSAT in 1.39s
    cube 3602.55 (depth 1, 30 lits): UNSAT in 37.68s
    cube 3602.56 (depth 1, 30 lits): UNSAT in 0.74s
    cube 3602.57 (depth 1, 30 lits): UNSAT in 4.29s
    cube 3602.58 (depth 1, 30 lits): UNSAT in 2.32s
    cube 3602.59 (depth 1, 30 lits): UNSAT in 31.90s
    cube 3602.60 (depth 1, 30 lits): UNSAT in 0.84s
    cube 3602.61 (depth 1, 30 lits): UNSAT in 3.97s
    cube 3602.62 (depth 1, 30 lits): UNSAT in 1.37s
    cube 3602.63 (depth 1, 30 lits): UNSAT in 32.35s
    cube 3606 (depth 0, 24 lits): UNSAT in 1.73s
    cube 3610 (depth 0, 24 lits): UNSAT in 47.66s
    cube 3614 (depth 0, 24 lits): UNSAT in 33.18s
    cube 3618 (depth 0, 24 lits): TIMEOUT in 600.03s
    cube 3618 TIMEOUT -> re-split into 63 sub-cubes (depth 1)
    cube 3618.0 (depth 1, 30 lits): UNSAT in 0.01s
    cube 3618.1 (depth 1, 30 lits): UNSAT in 0.02s
    cube 3618.2 (depth 1, 30 lits): UNSAT in 0.03s
    cube 3618.3 (depth 1, 30 lits): UNSAT in 0.01s
    cube 3618.4 (depth 1, 30 lits): UNSAT in 0.01s
    cube 3618.5 (depth 1, 30 lits): UNSAT in 0.02s
    cube 3618.6 (depth 1, 30 lits): UNSAT in 0.02s
    cube 3618.7 (depth 1, 30 lits): UNSAT in 0.04s
    cube 3618.8 (depth 1, 30 lits): UNSAT in 0.02s
    cube 3618.9 (depth 1, 30 lits): UNSAT in 0.02s
    cube 3618.10 (depth 1, 30 lits): UNSAT in 0.01s
    cube 3618.11 (depth 1, 30 lits): UNSAT in 0.02s
    cube 3618.12 (depth 1, 30 lits): UNSAT in 0.03s
    cube 3618.13 (depth 1, 30 lits): UNSAT in 0.13s
    cube 3618.14 (depth 1, 30 lits): UNSAT in 0.16s
    cube 3618.15 (depth 1, 30 lits): UNSAT in 1.03s
    cube 3618.16 (depth 1, 30 lits): UNSAT in 0.02s
    cube 3618.17 (depth 1, 30 lits): UNSAT in 0.02s
    cube 3618.18 (depth 1, 30 lits): UNSAT in 0.03s
    cube 3618.19 (depth 1, 30 lits): UNSAT in 0.03s
    cube 3618.20 (depth 1, 29 lits): UNSAT in 0.02s
    cube 3618.21 (depth 1, 30 lits): UNSAT in 0.03s
    cube 3618.22 (depth 1, 30 lits): UNSAT in 0.04s
    cube 3618.23 (depth 1, 30 lits): UNSAT in 0.02s
    cube 3618.24 (depth 1, 30 lits): UNSAT in 0.04s
    cube 3618.25 (depth 1, 30 lits): UNSAT in 0.03s
    cube 3618.26 (depth 1, 30 lits): UNSAT in 0.43s
    cube 3618.27 (depth 1, 30 lits): UNSAT in 0.15s
    cube 3618.28 (depth 1, 30 lits): UNSAT in 0.45s
    cube 3618.29 (depth 1, 30 lits): UNSAT in 1.07s
    cube 3618.30 (depth 1, 30 lits): UNSAT in 3.59s
    cube 3618.31 (depth 1, 30 lits): UNSAT in 0.63s
    cube 3618.32 (depth 1, 30 lits): UNSAT in 1.42s
    cube 3618.33 (depth 1, 30 lits): UNSAT in 0.60s
    cube 3618.34 (depth 1, 30 lits): UNSAT in 1.03s
    cube 3618.35 (depth 1, 30 lits): UNSAT in 0.29s
    cube 3618.36 (depth 1, 30 lits): UNSAT in 0.25s
    cube 3618.37 (depth 1, 30 lits): UNSAT in 0.19s
    cube 3618.38 (depth 1, 30 lits): UNSAT in 1.35s
    cube 3618.39 (depth 1, 30 lits): UNSAT in 0.03s
    cube 3618.40 (depth 1, 30 lits): UNSAT in 0.05s
    cube 3618.41 (depth 1, 30 lits): UNSAT in 0.06s
    cube 3618.42 (depth 1, 30 lits): UNSAT in 1.09s
    cube 3618.43 (depth 1, 30 lits): UNSAT in 0.04s
    cube 3618.44 (depth 1, 30 lits): UNSAT in 1.56s
    cube 3618.45 (depth 1, 30 lits): UNSAT in 1.82s
    cube 3618.46 (depth 1, 30 lits): UNSAT in 16.51s
    cube 3618.47 (depth 1, 30 lits): UNSAT in 0.05s
    cube 3618.48 (depth 1, 30 lits): UNSAT in 0.35s
    cube 3618.49 (depth 1, 30 lits): UNSAT in 1.17s
    cube 3618.50 (depth 1, 30 lits): UNSAT in 2.05s
    cube 3618.51 (depth 1, 30 lits): UNSAT in 0.07s
    cube 3618.52 (depth 1, 30 lits): UNSAT in 0.56s
    cube 3618.53 (depth 1, 30 lits): UNSAT in 1.61s
    cube 3618.54 (depth 1, 30 lits): UNSAT in 9.95s
    cube 3618.55 (depth 1, 30 lits): UNSAT in 0.14s
    cube 3618.56 (depth 1, 30 lits): UNSAT in 0.79s
    cube 3618.57 (depth 1, 30 lits): UNSAT in 4.40s
    cube 3618.58 (depth 1, 30 lits): UNSAT in 25.01s
    cube 3618.59 (depth 1, 30 lits): UNSAT in 6.92s
    cube 3618.60 (depth 1, 30 lits): UNSAT in 28.23s
    cube 3618.61 (depth 1, 30 lits): UNSAT in 6.40s
    cube 3618.62 (depth 1, 30 lits): UNSAT in 20.44s
    cube 3622 (depth 0, 24 lits): UNSAT in 57.32s
    cube 3626 (depth 0, 24 lits): TIMEOUT in 600.10s
    cube 3626 TIMEOUT -> re-split into 64 sub-cubes (depth 1)
    cube 3626.0 (depth 1, 30 lits): UNSAT in 0.02s
    cube 3626.1 (depth 1, 30 lits): UNSAT in 0.04s
    cube 3626.2 (depth 1, 30 lits): UNSAT in 0.02s
    cube 3626.3 (depth 1, 30 lits): UNSAT in 0.03s
    cube 3626.4 (depth 1, 30 lits): UNSAT in 0.03s
    cube 3626.5 (depth 1, 30 lits): UNSAT in 0.02s
    cube 3626.6 (depth 1, 30 lits): UNSAT in 0.04s
    cube 3626.7 (depth 1, 30 lits): UNSAT in 0.13s
    cube 3626.8 (depth 1, 30 lits): UNSAT in 0.03s
    cube 3626.9 (depth 1, 30 lits): UNSAT in 0.04s
    cube 3626.10 (depth 1, 30 lits): UNSAT in 0.06s
    cube 3626.11 (depth 1, 30 lits): UNSAT in 0.04s
    cube 3626.12 (depth 1, 30 lits): UNSAT in 0.07s
    cube 3626.13 (depth 1, 30 lits): UNSAT in 0.12s
    cube 3626.14 (depth 1, 30 lits): UNSAT in 0.15s
    cube 3626.15 (depth 1, 30 lits): UNSAT in 0.35s
    cube 3626.16 (depth 1, 30 lits): UNSAT in 0.02s
    cube 3626.17 (depth 1, 30 lits): UNSAT in 0.02s
    cube 3626.18 (depth 1, 30 lits): UNSAT in 0.02s
    cube 3626.19 (depth 1, 30 lits): UNSAT in 0.03s
    cube 3626.20 (depth 1, 30 lits): UNSAT in 0.02s
    cube 3626.21 (depth 1, 30 lits): UNSAT in 0.02s
    cube 3626.22 (depth 1, 30 lits): UNSAT in 0.04s
    cube 3626.23 (depth 1, 30 lits): UNSAT in 0.21s
    cube 3626.24 (depth 1, 30 lits): UNSAT in 0.03s
    cube 3626.25 (depth 1, 30 lits): UNSAT in 0.03s
    cube 3626.26 (depth 1, 30 lits): UNSAT in 0.02s
    cube 3626.27 (depth 1, 30 lits): UNSAT in 0.21s
    cube 3626.28 (depth 1, 30 lits): UNSAT in 0.14s
    cube 3626.29 (depth 1, 30 lits): UNSAT in 0.87s
    cube 3626.30 (depth 1, 30 lits): UNSAT in 0.77s
    cube 3626.31 (depth 1, 30 lits): UNSAT in 5.37s
    cube 3626.32 (depth 1, 30 lits): UNSAT in 0.05s
    cube 3626.33 (depth 1, 30 lits): UNSAT in 0.10s
    cube 3626.34 (depth 1, 30 lits): UNSAT in 0.08s
    cube 3626.35 (depth 1, 30 lits): UNSAT in 0.28s
    cube 3626.36 (depth 1, 30 lits): UNSAT in 0.18s
    cube 3626.37 (depth 1, 30 lits): UNSAT in 0.21s
    cube 3626.38 (depth 1, 30 lits): UNSAT in 0.12s
    cube 3626.39 (depth 1, 30 lits): UNSAT in 1.65s
    cube 3626.40 (depth 1, 30 lits): UNSAT in 0.08s
    cube 3626.41 (depth 1, 30 lits): UNSAT in 0.36s
    cube 3626.42 (depth 1, 30 lits): UNSAT in 0.37s
    cube 3626.43 (depth 1, 30 lits): UNSAT in 1.32s
    cube 3626.44 (depth 1, 30 lits): UNSAT in 0.22s
    cube 3626.45 (depth 1, 30 lits): UNSAT in 2.95s
    cube 3626.46 (depth 1, 30 lits): UNSAT in 3.95s
    cube 3626.47 (depth 1, 30 lits): UNSAT in 8.30s
    cube 3626.48 (depth 1, 30 lits): UNSAT in 0.06s
    cube 3626.49 (depth 1, 30 lits): UNSAT in 0.20s
    cube 3626.50 (depth 1, 30 lits): UNSAT in 0.64s
    cube 3626.51 (depth 1, 30 lits): UNSAT in 0.74s
    cube 3626.52 (depth 1, 30 lits): UNSAT in 0.11s
    cube 3626.53 (depth 1, 30 lits): UNSAT in 1.57s
    cube 3626.54 (depth 1, 30 lits): UNSAT in 1.65s
    cube 3626.55 (depth 1, 30 lits): UNSAT in 8.36s
    cube 3626.56 (depth 1, 30 lits): UNSAT in 0.56s
    cube 3626.57 (depth 1, 30 lits): UNSAT in 3.10s
    cube 3626.58 (depth 1, 30 lits): UNSAT in 1.60s
    cube 3626.59 (depth 1, 30 lits): UNSAT in 9.16s
    cube 3626.60 (depth 1, 30 lits): UNSAT in 4.21s
    cube 3626.61 (depth 1, 30 lits): UNSAT in 31.71s
    cube 3626.62 (depth 1, 30 lits): UNSAT in 68.47s
    cube 3626.63 (depth 1, 30 lits): UNSAT in 46.16s
    cube 3630 (depth 0, 24 lits): TIMEOUT in 600.05s
    cube 3630 TIMEOUT -> re-split into 63 sub-cubes (depth 1)
    cube 3630.0 (depth 1, 29 lits): UNSAT in 0.02s
    cube 3630.1 (depth 1, 30 lits): UNSAT in 0.02s
    cube 3630.2 (depth 1, 30 lits): UNSAT in 0.03s
    cube 3630.3 (depth 1, 30 lits): UNSAT in 0.01s
    cube 3630.4 (depth 1, 30 lits): UNSAT in 0.02s
    cube 3630.5 (depth 1, 30 lits): UNSAT in 0.02s
    cube 3630.6 (depth 1, 30 lits): UNSAT in 0.02s
    cube 3630.7 (depth 1, 30 lits): UNSAT in 0.01s
    cube 3630.8 (depth 1, 30 lits): UNSAT in 0.05s
    cube 3630.9 (depth 1, 30 lits): UNSAT in 0.02s
    cube 3630.10 (depth 1, 30 lits): UNSAT in 0.07s
    cube 3630.11 (depth 1, 30 lits): UNSAT in 0.01s
    cube 3630.12 (depth 1, 30 lits): UNSAT in 0.02s
    cube 3630.13 (depth 1, 30 lits): UNSAT in 0.10s
    cube 3630.14 (depth 1, 30 lits): UNSAT in 1.47s
    cube 3630.15 (depth 1, 30 lits): UNSAT in 0.08s
    cube 3630.16 (depth 1, 30 lits): UNSAT in 0.05s
    cube 3630.17 (depth 1, 30 lits): UNSAT in 0.11s
    cube 3630.18 (depth 1, 30 lits): UNSAT in 0.19s
    cube 3630.19 (depth 1, 30 lits): UNSAT in 0.02s
    cube 3630.20 (depth 1, 30 lits): UNSAT in 0.03s
    cube 3630.21 (depth 1, 30 lits): UNSAT in 0.05s
    cube 3630.22 (depth 1, 30 lits): UNSAT in 0.32s
    cube 3630.23 (depth 1, 30 lits): UNSAT in 0.03s
    cube 3630.24 (depth 1, 30 lits): UNSAT in 0.05s
    cube 3630.25 (depth 1, 30 lits): UNSAT in 0.02s
    cube 3630.26 (depth 1, 30 lits): UNSAT in 0.22s
    cube 3630.27 (depth 1, 30 lits): UNSAT in 1.07s
    cube 3630.28 (depth 1, 30 lits): UNSAT in 1.62s
    cube 3630.29 (depth 1, 30 lits): UNSAT in 1.89s
    cube 3630.30 (depth 1, 30 lits): UNSAT in 8.00s
    cube 3630.31 (depth 1, 30 lits): UNSAT in 0.09s
    cube 3630.32 (depth 1, 30 lits): UNSAT in 0.29s
    cube 3630.33 (depth 1, 30 lits): UNSAT in 0.15s
    cube 3630.34 (depth 1, 30 lits): UNSAT in 0.74s
    cube 3630.35 (depth 1, 30 lits): UNSAT in 0.10s
    cube 3630.36 (depth 1, 30 lits): UNSAT in 0.34s
    cube 3630.37 (depth 1, 30 lits): UNSAT in 0.67s
    cube 3630.38 (depth 1, 30 lits): UNSAT in 4.90s
    cube 3630.39 (depth 1, 30 lits): UNSAT in 0.27s
    cube 3630.40 (depth 1, 30 lits): UNSAT in 0.53s
    cube 3630.41 (depth 1, 30 lits): UNSAT in 0.49s
    cube 3630.42 (depth 1, 30 lits): UNSAT in 12.25s
    cube 3630.43 (depth 1, 30 lits): UNSAT in 0.10s
    cube 3630.44 (depth 1, 30 lits): UNSAT in 3.38s
    cube 3630.45 (depth 1, 30 lits): UNSAT in 1.36s
    cube 3630.46 (depth 1, 30 lits): UNSAT in 24.83s
    cube 3630.47 (depth 1, 30 lits): UNSAT in 0.20s
    cube 3630.48 (depth 1, 30 lits): UNSAT in 0.24s
    cube 3630.49 (depth 1, 30 lits): UNSAT in 0.23s
    cube 3630.50 (depth 1, 30 lits): UNSAT in 1.14s
    cube 3630.51 (depth 1, 30 lits): UNSAT in 1.25s
    cube 3630.52 (depth 1, 30 lits): UNSAT in 1.54s
    cube 3630.53 (depth 1, 30 lits): UNSAT in 2.46s
    cube 3630.54 (depth 1, 30 lits): UNSAT in 32.73s
    cube 3630.55 (depth 1, 30 lits): UNSAT in 0.38s
    cube 3630.56 (depth 1, 30 lits): UNSAT in 5.20s
    cube 3630.57 (depth 1, 30 lits): UNSAT in 4.37s
    cube 3630.58 (depth 1, 30 lits): UNSAT in 53.73s
    cube 3630.59 (depth 1, 30 lits): UNSAT in 2.26s
    cube 3630.60 (depth 1, 30 lits): UNSAT in 29.43s
    cube 3630.61 (depth 1, 30 lits): UNSAT in 69.48s
    cube 3630.62 (depth 1, 30 lits): UNSAT in 52.23s
    cube 3634 (depth 0, 24 lits): TIMEOUT in 600.10s
    cube 3634 TIMEOUT -> re-split into 64 sub-cubes (depth 1)
    cube 3634.0 (depth 1, 30 lits): UNSAT in 0.02s
    cube 3634.1 (depth 1, 30 lits): UNSAT in 0.09s
    cube 3634.2 (depth 1, 30 lits): UNSAT in 0.05s
    cube 3634.3 (depth 1, 30 lits): UNSAT in 0.12s
    cube 3634.4 (depth 1, 30 lits): UNSAT in 0.03s
    cube 3634.5 (depth 1, 30 lits): UNSAT in 0.05s
    cube 3634.6 (depth 1, 30 lits): UNSAT in 0.07s
    cube 3634.7 (depth 1, 30 lits): UNSAT in 0.80s
    cube 3634.8 (depth 1, 30 lits): UNSAT in 0.04s
    cube 3634.9 (depth 1, 30 lits): UNSAT in 0.26s
    cube 3634.10 (depth 1, 30 lits): UNSAT in 0.03s
    cube 3634.11 (depth 1, 30 lits): UNSAT in 0.19s
    cube 3634.12 (depth 1, 30 lits): UNSAT in 0.18s
    cube 3634.13 (depth 1, 30 lits): UNSAT in 0.41s
    cube 3634.14 (depth 1, 30 lits): UNSAT in 3.14s
    cube 3634.15 (depth 1, 30 lits): UNSAT in 8.28s
    cube 3634.16 (depth 1, 30 lits): UNSAT in 0.15s
    cube 3634.17 (depth 1, 30 lits): UNSAT in 0.30s
    cube 3634.18 (depth 1, 30 lits): UNSAT in 0.23s
    cube 3634.19 (depth 1, 30 lits): UNSAT in 0.44s
    cube 3634.20 (depth 1, 30 lits): UNSAT in 0.12s
    cube 3634.21 (depth 1, 30 lits): UNSAT in 0.68s
    cube 3634.22 (depth 1, 30 lits): UNSAT in 2.41s
    cube 3634.23 (depth 1, 30 lits): UNSAT in 6.82s
    cube 3634.24 (depth 1, 30 lits): UNSAT in 0.30s
    cube 3634.25 (depth 1, 30 lits): UNSAT in 0.53s
    cube 3634.26 (depth 1, 30 lits): UNSAT in 0.25s
    cube 3634.27 (depth 1, 30 lits): UNSAT in 0.34s
    cube 3634.28 (depth 1, 30 lits): UNSAT in 1.33s
    cube 3634.29 (depth 1, 30 lits): UNSAT in 8.66s
    cube 3634.30 (depth 1, 30 lits): UNSAT in 4.41s
    cube 3634.31 (depth 1, 30 lits): UNSAT in 69.24s
    cube 3634.32 (depth 1, 30 lits): UNSAT in 0.04s
    cube 3634.33 (depth 1, 30 lits): UNSAT in 0.13s
    cube 3634.34 (depth 1, 30 lits): UNSAT in 0.06s
    cube 3634.35 (depth 1, 30 lits): UNSAT in 0.32s
    cube 3634.36 (depth 1, 30 lits): UNSAT in 0.17s
    cube 3634.37 (depth 1, 30 lits): UNSAT in 0.34s
    cube 3634.38 (depth 1, 30 lits): UNSAT in 0.19s
    cube 3634.39 (depth 1, 30 lits): UNSAT in 2.11s
    cube 3634.40 (depth 1, 30 lits): UNSAT in 0.13s
    cube 3634.41 (depth 1, 30 lits): UNSAT in 0.84s
    cube 3634.42 (depth 1, 30 lits): UNSAT in 0.19s
    cube 3634.43 (depth 1, 30 lits): UNSAT in 1.27s
    cube 3634.44 (depth 1, 30 lits): UNSAT in 0.12s
    cube 3634.45 (depth 1, 30 lits): UNSAT in 0.08s
    cube 3634.46 (depth 1, 30 lits): UNSAT in 0.26s
    cube 3634.47 (depth 1, 30 lits): UNSAT in 9.81s
    cube 3634.48 (depth 1, 30 lits): UNSAT in 0.09s
    cube 3634.49 (depth 1, 30 lits): UNSAT in 0.29s
    cube 3634.50 (depth 1, 30 lits): UNSAT in 0.17s
    cube 3634.51 (depth 1, 30 lits): UNSAT in 0.98s
    cube 3634.52 (depth 1, 30 lits): UNSAT in 0.08s
    cube 3634.53 (depth 1, 30 lits): UNSAT in 0.89s
    cube 3634.54 (depth 1, 30 lits): UNSAT in 0.17s
    cube 3634.55 (depth 1, 30 lits): UNSAT in 6.75s
    cube 3634.56 (depth 1, 30 lits): UNSAT in 4.12s
    cube 3634.57 (depth 1, 30 lits): UNSAT in 3.45s
    cube 3634.58 (depth 1, 30 lits): UNSAT in 1.40s
    cube 3634.59 (depth 1, 30 lits): UNSAT in 30.02s
    cube 3634.60 (depth 1, 30 lits): UNSAT in 2.51s
    cube 3634.61 (depth 1, 30 lits): UNSAT in 23.52s
    cube 3634.62 (depth 1, 30 lits): UNSAT in 16.34s
    cube 3634.63 (depth 1, 30 lits): UNSAT in 81.54s
    cube 3638 (depth 0, 24 lits): UNSAT in 0.04s
    cube 3642 (depth 0, 24 lits): UNSAT in 0.13s
    cube 3646 (depth 0, 24 lits): UNSAT in 0.12s
    cube 3650 (depth 0, 24 lits): UNSAT in 0.53s
    cube 3654 (depth 0, 24 lits): UNSAT in 0.09s
    cube 3658 (depth 0, 24 lits): UNSAT in 0.11s
    cube 3662 (depth 0, 24 lits): UNSAT in 1.06s
    cube 3666 (depth 0, 24 lits): UNSAT in 3.78s
    cube 3670 (depth 0, 24 lits): UNSAT in 0.03s
    cube 3674 (depth 0, 24 lits): UNSAT in 0.18s
    cube 3678 (depth 0, 24 lits): UNSAT in 0.24s
    cube 3682 (depth 0, 24 lits): UNSAT in 1.45s
    cube 3686 (depth 0, 24 lits): UNSAT in 0.25s
    cube 3690 (depth 0, 24 lits): UNSAT in 1.57s
    cube 3694 (depth 0, 24 lits): UNSAT in 1.58s
    cube 3698 (depth 0, 24 lits): UNSAT in 23.27s
    cube 3702 (depth 0, 24 lits): UNSAT in 0.03s
    cube 3706 (depth 0, 24 lits): UNSAT in 0.36s
    cube 3710 (depth 0, 24 lits): UNSAT in 0.11s
    cube 3714 (depth 0, 24 lits): UNSAT in 0.42s
    cube 3718 (depth 0, 24 lits): UNSAT in 0.02s
    cube 3722 (depth 0, 24 lits): UNSAT in 0.05s
    cube 3726 (depth 0, 24 lits): UNSAT in 0.22s
    cube 3730 (depth 0, 24 lits): UNSAT in 0.02s
    cube 3734 (depth 0, 24 lits): UNSAT in 0.07s
    cube 3738 (depth 0, 24 lits): UNSAT in 0.09s
    cube 3742 (depth 0, 24 lits): UNSAT in 0.10s
    cube 3746 (depth 0, 24 lits): UNSAT in 0.07s
    cube 3750 (depth 0, 24 lits): UNSAT in 0.24s
    cube 3754 (depth 0, 24 lits): UNSAT in 0.08s
    cube 3758 (depth 0, 24 lits): UNSAT in 1.48s
    cube 3762 (depth 0, 24 lits): UNSAT in 0.03s
    cube 3766 (depth 0, 24 lits): UNSAT in 0.04s
    cube 3770 (depth 0, 24 lits): UNSAT in 0.04s
    cube 3774 (depth 0, 24 lits): UNSAT in 0.12s
    cube 3778 (depth 0, 24 lits): UNSAT in 0.05s
    cube 3782 (depth 0, 24 lits): UNSAT in 0.07s
    cube 3786 (depth 0, 24 lits): UNSAT in 0.04s
    cube 3790 (depth 0, 24 lits): UNSAT in 0.25s
    cube 3794 (depth 0, 24 lits): UNSAT in 0.04s
    cube 3798 (depth 0, 24 lits): UNSAT in 0.06s
    cube 3802 (depth 0, 24 lits): UNSAT in 0.13s
    cube 3806 (depth 0, 24 lits): UNSAT in 0.37s
    cube 3810 (depth 0, 24 lits): UNSAT in 0.25s
    cube 3814 (depth 0, 24 lits): UNSAT in 0.15s
    cube 3818 (depth 0, 24 lits): UNSAT in 0.44s
    cube 3822 (depth 0, 24 lits): UNSAT in 1.17s
    cube 3826 (depth 0, 24 lits): UNSAT in 0.09s
    cube 3830 (depth 0, 24 lits): UNSAT in 0.49s
    cube 3834 (depth 0, 24 lits): UNSAT in 0.40s
    cube 3838 (depth 0, 24 lits): UNSAT in 0.09s
    cube 3842 (depth 0, 24 lits): UNSAT in 0.14s
    cube 3846 (depth 0, 24 lits): UNSAT in 1.64s
    cube 3850 (depth 0, 24 lits): UNSAT in 0.49s
    cube 3854 (depth 0, 24 lits): UNSAT in 0.55s
    cube 3858 (depth 0, 24 lits): UNSAT in 0.10s
    cube 3862 (depth 0, 24 lits): UNSAT in 0.56s
    cube 3866 (depth 0, 24 lits): UNSAT in 0.39s
    cube 3870 (depth 0, 24 lits): UNSAT in 3.12s
    cube 3874 (depth 0, 24 lits): UNSAT in 0.28s
    cube 3878 (depth 0, 24 lits): UNSAT in 4.32s
    cube 3882 (depth 0, 24 lits): UNSAT in 3.98s
    cube 3886 (depth 0, 24 lits): UNSAT in 43.07s

  shard 2 verdict: UNSAT [parent cube 1982's children only] (972 UNSAT, 0 unresolved) in 14129.7s
