  shard 10/24 (explicit): 1 of 4095 cubes, per-cube cap 1200.0s, re-split depth 7
    cube 3421 (depth 0, 12 lits): TIMEOUT in 1200.10s
    cube 3421 TIMEOUT -> re-split into 256 sub-cubes (depth 1)
    cube 3421.0 (depth 1, 20 lits): UNSAT in 0.04s
    cube 3421.1 (depth 1, 20 lits): UNSAT in 0.04s
    cube 3421.2 (depth 1, 20 lits): UNSAT in 0.02s
    cube 3421.3 (depth 1, 20 lits): UNSAT in 0.04s
    cube 3421.4 (depth 1, 20 lits): UNSAT in 0.04s
    cube 3421.5 (depth 1, 20 lits): UNSAT in 0.06s
    cube 3421.6 (depth 1, 20 lits): UNSAT in 0.06s
    cube 3421.7 (depth 1, 20 lits): UNSAT in 0.12s
    cube 3421.8 (depth 1, 20 lits): UNSAT in 0.01s
    cube 3421.9 (depth 1, 20 lits): UNSAT in 0.03s
    cube 3421.10 (depth 1, 20 lits): UNSAT in 0.02s
    cube 3421.11 (depth 1, 20 lits): UNSAT in 0.06s
    cube 3421.12 (depth 1, 20 lits): UNSAT in 0.06s
    cube 3421.13 (depth 1, 20 lits): UNSAT in 0.07s
    cube 3421.14 (depth 1, 20 lits): UNSAT in 0.14s
    cube 3421.15 (depth 1, 20 lits): UNSAT in 0.28s
    cube 3421.16 (depth 1, 20 lits): UNSAT in 0.01s
    cube 3421.17 (depth 1, 20 lits): UNSAT in 0.02s
    cube 3421.18 (depth 1, 20 lits): UNSAT in 0.03s
    cube 3421.19 (depth 1, 20 lits): UNSAT in 0.05s
    cube 3421.20 (depth 1, 20 lits): UNSAT in 0.04s
    cube 3421.21 (depth 1, 20 lits): UNSAT in 0.07s
    cube 3421.22 (depth 1, 20 lits): UNSAT in 0.04s
    cube 3421.23 (depth 1, 20 lits): UNSAT in 0.09s
    cube 3421.24 (depth 1, 20 lits): UNSAT in 0.06s
    cube 3421.25 (depth 1, 20 lits): UNSAT in 0.11s
    cube 3421.26 (depth 1, 20 lits): UNSAT in 0.07s
    cube 3421.27 (depth 1, 20 lits): UNSAT in 0.16s
    cube 3421.28 (depth 1, 20 lits): UNSAT in 0.17s
    cube 3421.29 (depth 1, 20 lits): UNSAT in 0.35s
    cube 3421.30 (depth 1, 20 lits): UNSAT in 0.21s
    cube 3421.31 (depth 1, 20 lits): UNSAT in 0.67s
    cube 3421.32 (depth 1, 20 lits): UNSAT in 0.01s
    cube 3421.33 (depth 1, 20 lits): UNSAT in 0.01s
    cube 3421.34 (depth 1, 20 lits): UNSAT in 0.02s
    cube 3421.35 (depth 1, 20 lits): UNSAT in 0.03s
    cube 3421.36 (depth 1, 20 lits): UNSAT in 0.04s
    cube 3421.37 (depth 1, 20 lits): UNSAT in 0.05s
    cube 3421.38 (depth 1, 20 lits): UNSAT in 0.05s
    cube 3421.39 (depth 1, 20 lits): UNSAT in 0.09s
    cube 3421.40 (depth 1, 20 lits): UNSAT in 0.02s
    cube 3421.41 (depth 1, 20 lits): UNSAT in 0.05s
    cube 3421.42 (depth 1, 20 lits): UNSAT in 0.04s
    cube 3421.43 (depth 1, 20 lits): UNSAT in 0.03s
    cube 3421.44 (depth 1, 20 lits): UNSAT in 0.06s
    cube 3421.45 (depth 1, 20 lits): UNSAT in 0.11s
    cube 3421.46 (depth 1, 20 lits): UNSAT in 0.10s
    cube 3421.47 (depth 1, 20 lits): UNSAT in 0.15s
    cube 3421.48 (depth 1, 20 lits): UNSAT in 0.01s
    cube 3421.49 (depth 1, 20 lits): UNSAT in 0.03s
    cube 3421.50 (depth 1, 20 lits): UNSAT in 0.03s
    cube 3421.51 (depth 1, 20 lits): UNSAT in 0.05s
    cube 3421.52 (depth 1, 20 lits): UNSAT in 0.02s
    cube 3421.53 (depth 1, 20 lits): UNSAT in 0.03s
    cube 3421.54 (depth 1, 20 lits): UNSAT in 0.09s
    cube 3421.55 (depth 1, 20 lits): UNSAT in 0.18s
    cube 3421.56 (depth 1, 20 lits): UNSAT in 0.11s
    cube 3421.57 (depth 1, 20 lits): UNSAT in 0.13s
    cube 3421.58 (depth 1, 20 lits): UNSAT in 0.12s
    cube 3421.59 (depth 1, 20 lits): UNSAT in 0.61s
    cube 3421.60 (depth 1, 20 lits): UNSAT in 0.07s
    cube 3421.61 (depth 1, 20 lits): UNSAT in 0.16s
    cube 3421.62 (depth 1, 20 lits): UNSAT in 0.48s
    cube 3421.63 (depth 1, 20 lits): UNSAT in 1.98s
    cube 3421.64 (depth 1, 20 lits): UNSAT in 0.01s
    cube 3421.65 (depth 1, 20 lits): UNSAT in 0.03s
    cube 3421.66 (depth 1, 20 lits): UNSAT in 0.02s
    cube 3421.67 (depth 1, 20 lits): UNSAT in 0.08s
    cube 3421.68 (depth 1, 20 lits): UNSAT in 0.02s
    cube 3421.69 (depth 1, 20 lits): UNSAT in 0.03s
    cube 3421.70 (depth 1, 20 lits): UNSAT in 0.05s
    cube 3421.71 (depth 1, 20 lits): UNSAT in 0.17s
    cube 3421.72 (depth 1, 20 lits): UNSAT in 0.02s
    cube 3421.73 (depth 1, 20 lits): UNSAT in 0.06s
    cube 3421.74 (depth 1, 20 lits): UNSAT in 0.04s
    cube 3421.75 (depth 1, 20 lits): UNSAT in 0.11s
    cube 3421.76 (depth 1, 20 lits): UNSAT in 0.02s
    cube 3421.77 (depth 1, 20 lits): UNSAT in 0.07s
    cube 3421.78 (depth 1, 20 lits): UNSAT in 0.06s
    cube 3421.79 (depth 1, 20 lits): UNSAT in 0.20s
    cube 3421.80 (depth 1, 20 lits): UNSAT in 0.02s
    cube 3421.81 (depth 1, 20 lits): UNSAT in 0.03s
    cube 3421.82 (depth 1, 20 lits): UNSAT in 0.02s
    cube 3421.83 (depth 1, 20 lits): UNSAT in 0.08s
    cube 3421.84 (depth 1, 20 lits): UNSAT in 0.04s
    cube 3421.85 (depth 1, 20 lits): UNSAT in 0.07s
    cube 3421.86 (depth 1, 20 lits): UNSAT in 0.18s
    cube 3421.87 (depth 1, 20 lits): UNSAT in 0.59s
    cube 3421.88 (depth 1, 20 lits): UNSAT in 0.03s
    cube 3421.89 (depth 1, 20 lits): UNSAT in 0.01s
    cube 3421.90 (depth 1, 20 lits): UNSAT in 0.05s
    cube 3421.91 (depth 1, 20 lits): UNSAT in 0.16s
    cube 3421.92 (depth 1, 20 lits): UNSAT in 0.09s
    cube 3421.93 (depth 1, 20 lits): UNSAT in 0.12s
    cube 3421.94 (depth 1, 20 lits): UNSAT in 0.89s
    cube 3421.95 (depth 1, 20 lits): UNSAT in 2.79s
    cube 3421.96 (depth 1, 20 lits): UNSAT in 0.01s
    cube 3421.97 (depth 1, 20 lits): UNSAT in 0.02s
    cube 3421.98 (depth 1, 20 lits): UNSAT in 0.01s
    cube 3421.99 (depth 1, 20 lits): UNSAT in 0.02s
    cube 3421.100 (depth 1, 20 lits): UNSAT in 0.02s
    cube 3421.101 (depth 1, 20 lits): UNSAT in 0.01s
    cube 3421.102 (depth 1, 20 lits): UNSAT in 0.05s
    cube 3421.103 (depth 1, 20 lits): UNSAT in 0.15s
    cube 3421.104 (depth 1, 20 lits): UNSAT in 0.02s
    cube 3421.105 (depth 1, 20 lits): UNSAT in 0.01s
    cube 3421.106 (depth 1, 20 lits): UNSAT in 0.04s
    cube 3421.107 (depth 1, 20 lits): UNSAT in 0.09s
    cube 3421.108 (depth 1, 20 lits): UNSAT in 0.02s
    cube 3421.109 (depth 1, 20 lits): UNSAT in 0.06s
    cube 3421.110 (depth 1, 20 lits): UNSAT in 0.13s
    cube 3421.111 (depth 1, 20 lits): UNSAT in 0.50s
    cube 3421.112 (depth 1, 20 lits): UNSAT in 0.06s
    cube 3421.113 (depth 1, 20 lits): UNSAT in 0.19s
    cube 3421.114 (depth 1, 20 lits): UNSAT in 0.14s
    cube 3421.115 (depth 1, 20 lits): UNSAT in 0.50s
    cube 3421.116 (depth 1, 20 lits): UNSAT in 0.12s
    cube 3421.117 (depth 1, 20 lits): UNSAT in 0.29s
    cube 3421.118 (depth 1, 20 lits): UNSAT in 0.20s
    cube 3421.119 (depth 1, 20 lits): UNSAT in 1.18s
    cube 3421.120 (depth 1, 20 lits): UNSAT in 0.16s
    cube 3421.121 (depth 1, 20 lits): UNSAT in 0.81s
    cube 3421.122 (depth 1, 20 lits): UNSAT in 2.13s
    cube 3421.123 (depth 1, 20 lits): UNSAT in 6.18s
    cube 3421.124 (depth 1, 20 lits): UNSAT in 0.59s
    cube 3421.125 (depth 1, 20 lits): UNSAT in 5.31s
    cube 3421.126 (depth 1, 20 lits): UNSAT in 3.72s
    cube 3421.127 (depth 1, 20 lits): UNSAT in 35.10s
    cube 3421.128 (depth 1, 20 lits): UNSAT in 0.01s
    cube 3421.129 (depth 1, 20 lits): UNSAT in 0.01s
    cube 3421.130 (depth 1, 20 lits): UNSAT in 0.02s
    cube 3421.131 (depth 1, 20 lits): UNSAT in 0.07s
    cube 3421.132 (depth 1, 20 lits): UNSAT in 0.01s
    cube 3421.133 (depth 1, 20 lits): UNSAT in 0.02s
    cube 3421.134 (depth 1, 20 lits): UNSAT in 0.04s
    cube 3421.135 (depth 1, 20 lits): UNSAT in 0.10s
    cube 3421.136 (depth 1, 20 lits): UNSAT in 0.02s
    cube 3421.137 (depth 1, 20 lits): UNSAT in 0.03s
    cube 3421.138 (depth 1, 20 lits): UNSAT in 0.02s
    cube 3421.139 (depth 1, 20 lits): UNSAT in 0.05s
    cube 3421.140 (depth 1, 20 lits): UNSAT in 0.05s
    cube 3421.141 (depth 1, 20 lits): UNSAT in 0.07s
    cube 3421.142 (depth 1, 20 lits): UNSAT in 0.27s
    cube 3421.143 (depth 1, 20 lits): UNSAT in 0.32s
    cube 3421.144 (depth 1, 20 lits): UNSAT in 0.02s
    cube 3421.145 (depth 1, 20 lits): UNSAT in 0.06s
    cube 3421.146 (depth 1, 20 lits): UNSAT in 0.09s
    cube 3421.147 (depth 1, 20 lits): UNSAT in 0.25s
    cube 3421.148 (depth 1, 20 lits): UNSAT in 0.05s
    cube 3421.149 (depth 1, 20 lits): UNSAT in 0.14s
    cube 3421.150 (depth 1, 20 lits): UNSAT in 0.19s
    cube 3421.151 (depth 1, 20 lits): UNSAT in 0.77s
    cube 3421.152 (depth 1, 20 lits): UNSAT in 0.06s
    cube 3421.153 (depth 1, 20 lits): UNSAT in 0.36s
    cube 3421.154 (depth 1, 20 lits): UNSAT in 0.08s
    cube 3421.155 (depth 1, 20 lits): UNSAT in 0.51s
    cube 3421.156 (depth 1, 20 lits): UNSAT in 0.06s
    cube 3421.157 (depth 1, 20 lits): UNSAT in 0.20s
    cube 3421.158 (depth 1, 20 lits): UNSAT in 0.72s
    cube 3421.159 (depth 1, 20 lits): UNSAT in 2.38s
    cube 3421.160 (depth 1, 20 lits): UNSAT in 0.01s
    cube 3421.161 (depth 1, 20 lits): UNSAT in 0.01s
    cube 3421.162 (depth 1, 20 lits): UNSAT in 0.02s
    cube 3421.163 (depth 1, 20 lits): UNSAT in 0.07s
    cube 3421.164 (depth 1, 20 lits): UNSAT in 0.02s
    cube 3421.165 (depth 1, 20 lits): UNSAT in 0.13s
    cube 3421.166 (depth 1, 20 lits): UNSAT in 0.12s
    cube 3421.167 (depth 1, 20 lits): UNSAT in 0.27s
    cube 3421.168 (depth 1, 20 lits): UNSAT in 0.03s
    cube 3421.169 (depth 1, 20 lits): UNSAT in 0.20s
    cube 3421.170 (depth 1, 20 lits): UNSAT in 0.11s
    cube 3421.171 (depth 1, 20 lits): UNSAT in 0.43s
    cube 3421.172 (depth 1, 20 lits): UNSAT in 0.03s
    cube 3421.173 (depth 1, 20 lits): UNSAT in 0.13s
    cube 3421.174 (depth 1, 20 lits): UNSAT in 0.06s
    cube 3421.175 (depth 1, 20 lits): UNSAT in 1.66s
    cube 3421.176 (depth 1, 20 lits): UNSAT in 0.05s
    cube 3421.177 (depth 1, 20 lits): UNSAT in 0.03s
    cube 3421.178 (depth 1, 20 lits): UNSAT in 0.02s
    cube 3421.179 (depth 1, 20 lits): UNSAT in 0.05s
    cube 3421.180 (depth 1, 20 lits): UNSAT in 0.03s
    cube 3421.181 (depth 1, 20 lits): UNSAT in 0.02s
    cube 3421.182 (depth 1, 20 lits): UNSAT in 0.05s
    cube 3421.183 (depth 1, 20 lits): UNSAT in 0.10s
    cube 3421.184 (depth 1, 20 lits): UNSAT in 0.08s
    cube 3421.185 (depth 1, 20 lits): UNSAT in 0.27s
    cube 3421.186 (depth 1, 20 lits): UNSAT in 0.18s
    cube 3421.187 (depth 1, 20 lits): UNSAT in 0.51s
    cube 3421.188 (depth 1, 20 lits): UNSAT in 0.65s
    cube 3421.189 (depth 1, 20 lits): UNSAT in 1.98s
    cube 3421.190 (depth 1, 20 lits): UNSAT in 2.15s
    cube 3421.191 (depth 1, 20 lits): UNSAT in 10.23s
    cube 3421.192 (depth 1, 20 lits): UNSAT in 0.02s
    cube 3421.193 (depth 1, 20 lits): UNSAT in 0.07s
    cube 3421.194 (depth 1, 20 lits): UNSAT in 0.04s
    cube 3421.195 (depth 1, 20 lits): UNSAT in 0.08s
    cube 3421.196 (depth 1, 20 lits): UNSAT in 0.03s
    cube 3421.197 (depth 1, 20 lits): UNSAT in 0.14s
    cube 3421.198 (depth 1, 20 lits): UNSAT in 0.06s
    cube 3421.199 (depth 1, 20 lits): UNSAT in 0.94s
    cube 3421.200 (depth 1, 20 lits): UNSAT in 0.13s
    cube 3421.201 (depth 1, 20 lits): UNSAT in 0.86s
    cube 3421.202 (depth 1, 20 lits): UNSAT in 0.54s
    cube 3421.203 (depth 1, 20 lits): UNSAT in 2.27s
    cube 3421.204 (depth 1, 20 lits): UNSAT in 0.05s
    cube 3421.205 (depth 1, 20 lits): UNSAT in 0.70s
    cube 3421.206 (depth 1, 20 lits): UNSAT in 1.22s
    cube 3421.207 (depth 1, 20 lits): UNSAT in 3.11s
    cube 3421.208 (depth 1, 20 lits): UNSAT in 0.03s
    cube 3421.209 (depth 1, 20 lits): UNSAT in 0.09s
    cube 3421.210 (depth 1, 20 lits): UNSAT in 0.17s
    cube 3421.211 (depth 1, 20 lits): UNSAT in 0.54s
    cube 3421.212 (depth 1, 20 lits): UNSAT in 0.10s
    cube 3421.213 (depth 1, 20 lits): UNSAT in 0.66s
    cube 3421.214 (depth 1, 20 lits): UNSAT in 0.52s
    cube 3421.215 (depth 1, 20 lits): UNSAT in 2.31s
    cube 3421.216 (depth 1, 20 lits): UNSAT in 0.23s
    cube 3421.217 (depth 1, 20 lits): UNSAT in 0.55s
    cube 3421.218 (depth 1, 20 lits): UNSAT in 0.62s
    cube 3421.219 (depth 1, 20 lits): UNSAT in 2.07s
    cube 3421.220 (depth 1, 20 lits): UNSAT in 0.12s
    cube 3421.221 (depth 1, 20 lits): UNSAT in 0.26s
    cube 3421.222 (depth 1, 20 lits): UNSAT in 8.59s
    cube 3421.223 (depth 1, 20 lits): UNSAT in 38.53s
    cube 3421.224 (depth 1, 20 lits): UNSAT in 0.09s
    cube 3421.225 (depth 1, 20 lits): UNSAT in 0.12s
    cube 3421.226 (depth 1, 20 lits): UNSAT in 0.13s
    cube 3421.227 (depth 1, 20 lits): UNSAT in 0.65s
    cube 3421.228 (depth 1, 20 lits): UNSAT in 0.09s
    cube 3421.229 (depth 1, 20 lits): UNSAT in 0.34s
    cube 3421.230 (depth 1, 20 lits): UNSAT in 0.69s
    cube 3421.231 (depth 1, 20 lits): UNSAT in 2.90s
    cube 3421.232 (depth 1, 20 lits): UNSAT in 0.45s
    cube 3421.233 (depth 1, 20 lits): UNSAT in 1.22s
    cube 3421.234 (depth 1, 20 lits): UNSAT in 1.25s
    cube 3421.235 (depth 1, 20 lits): UNSAT in 7.05s
    cube 3421.236 (depth 1, 20 lits): UNSAT in 1.50s
    cube 3421.237 (depth 1, 20 lits): UNSAT in 6.58s
    cube 3421.238 (depth 1, 20 lits): UNSAT in 22.41s
    cube 3421.239 (depth 1, 20 lits): UNSAT in 152.47s
    cube 3421.240 (depth 1, 20 lits): UNSAT in 0.19s
    cube 3421.241 (depth 1, 20 lits): UNSAT in 1.16s
    cube 3421.242 (depth 1, 20 lits): UNSAT in 1.57s
    cube 3421.243 (depth 1, 20 lits): UNSAT in 7.59s
    cube 3421.244 (depth 1, 20 lits): UNSAT in 0.45s
    cube 3421.245 (depth 1, 20 lits): UNSAT in 2.90s
    cube 3421.246 (depth 1, 20 lits): UNSAT in 7.44s
    cube 3421.247 (depth 1, 20 lits): UNSAT in 79.45s
    cube 3421.248 (depth 1, 20 lits): UNSAT in 2.31s
    cube 3421.249 (depth 1, 20 lits): UNSAT in 31.54s
    cube 3421.250 (depth 1, 20 lits): UNSAT in 9.09s
    cube 3421.251 (depth 1, 20 lits): UNSAT in 496.51s
    cube 3421.252 (depth 1, 20 lits): UNSAT in 32.65s
    cube 3421.253 (depth 1, 20 lits): UNSAT in 357.28s
    cube 3421.254 (depth 1, 20 lits): UNSAT in 396.17s
    cube 3421.255 (depth 1, 20 lits): TIMEOUT in 1200.10s
    cube 3421.255 TIMEOUT -> re-split into 256 sub-cubes (depth 2)
    cube 3421.255.0 (depth 2, 28 lits): UNSAT in 0.01s
    cube 3421.255.1 (depth 2, 28 lits): UNSAT in 0.02s
    cube 3421.255.2 (depth 2, 28 lits): UNSAT in 0.01s
    cube 3421.255.3 (depth 2, 28 lits): UNSAT in 0.06s
    cube 3421.255.4 (depth 2, 28 lits): UNSAT in 0.02s
    cube 3421.255.5 (depth 2, 28 lits): UNSAT in 0.07s
    cube 3421.255.6 (depth 2, 28 lits): UNSAT in 0.08s
    cube 3421.255.7 (depth 2, 28 lits): UNSAT in 0.09s
    cube 3421.255.8 (depth 2, 28 lits): UNSAT in 0.01s
    cube 3421.255.9 (depth 2, 28 lits): UNSAT in 0.04s
    cube 3421.255.10 (depth 2, 28 lits): UNSAT in 0.05s
    cube 3421.255.11 (depth 2, 28 lits): UNSAT in 0.11s
    cube 3421.255.12 (depth 2, 28 lits): UNSAT in 0.05s
    cube 3421.255.13 (depth 2, 28 lits): UNSAT in 0.11s
    cube 3421.255.14 (depth 2, 28 lits): UNSAT in 0.11s
    cube 3421.255.15 (depth 2, 28 lits): UNSAT in 0.36s
    cube 3421.255.16 (depth 2, 28 lits): UNSAT in 0.04s
    cube 3421.255.17 (depth 2, 28 lits): UNSAT in 0.06s
    cube 3421.255.18 (depth 2, 28 lits): UNSAT in 0.05s
    cube 3421.255.19 (depth 2, 28 lits): UNSAT in 0.09s
    cube 3421.255.20 (depth 2, 28 lits): UNSAT in 0.02s
    cube 3421.255.21 (depth 2, 28 lits): UNSAT in 0.04s
    cube 3421.255.22 (depth 2, 28 lits): UNSAT in 0.04s
    cube 3421.255.23 (depth 2, 28 lits): UNSAT in 0.15s
    cube 3421.255.24 (depth 2, 28 lits): UNSAT in 0.07s
    cube 3421.255.25 (depth 2, 28 lits): UNSAT in 0.13s
    cube 3421.255.26 (depth 2, 28 lits): UNSAT in 0.15s
    cube 3421.255.27 (depth 2, 28 lits): UNSAT in 0.21s
    cube 3421.255.28 (depth 2, 28 lits): UNSAT in 0.13s
    cube 3421.255.29 (depth 2, 28 lits): UNSAT in 0.20s
    cube 3421.255.30 (depth 2, 28 lits): UNSAT in 0.75s
    cube 3421.255.31 (depth 2, 28 lits): UNSAT in 1.51s
    cube 3421.255.32 (depth 2, 28 lits): UNSAT in 0.01s
    cube 3421.255.33 (depth 2, 28 lits): UNSAT in 0.02s
    cube 3421.255.34 (depth 2, 28 lits): UNSAT in 0.03s
    cube 3421.255.35 (depth 2, 28 lits): UNSAT in 0.04s
    cube 3421.255.36 (depth 2, 28 lits): UNSAT in 0.02s
    cube 3421.255.37 (depth 2, 28 lits): UNSAT in 0.03s
    cube 3421.255.38 (depth 2, 28 lits): UNSAT in 0.05s
    cube 3421.255.39 (depth 2, 28 lits): UNSAT in 0.03s
    cube 3421.255.40 (depth 2, 28 lits): UNSAT in 0.03s
    cube 3421.255.41 (depth 2, 28 lits): UNSAT in 0.03s
    cube 3421.255.42 (depth 2, 28 lits): UNSAT in 0.08s
    cube 3421.255.43 (depth 2, 28 lits): UNSAT in 0.09s
    cube 3421.255.44 (depth 2, 28 lits): UNSAT in 0.06s
    cube 3421.255.45 (depth 2, 28 lits): UNSAT in 0.12s
    cube 3421.255.46 (depth 2, 28 lits): UNSAT in 0.12s
    cube 3421.255.47 (depth 2, 28 lits): UNSAT in 0.25s
    cube 3421.255.48 (depth 2, 28 lits): UNSAT in 0.09s
    cube 3421.255.49 (depth 2, 28 lits): UNSAT in 0.17s
    cube 3421.255.50 (depth 2, 28 lits): UNSAT in 0.07s
    cube 3421.255.51 (depth 2, 28 lits): UNSAT in 0.21s
    cube 3421.255.52 (depth 2, 28 lits): UNSAT in 0.09s
    cube 3421.255.53 (depth 2, 28 lits): UNSAT in 0.14s
    cube 3421.255.54 (depth 2, 28 lits): UNSAT in 0.30s
    cube 3421.255.55 (depth 2, 28 lits): UNSAT in 0.84s
    cube 3421.255.56 (depth 2, 28 lits): UNSAT in 0.04s
    cube 3421.255.57 (depth 2, 28 lits): UNSAT in 0.08s
    cube 3421.255.58 (depth 2, 28 lits): UNSAT in 0.09s
    cube 3421.255.59 (depth 2, 28 lits): UNSAT in 0.27s
    cube 3421.255.60 (depth 2, 28 lits): UNSAT in 0.44s
    cube 3421.255.61 (depth 2, 28 lits): UNSAT in 1.18s
    cube 3421.255.62 (depth 2, 28 lits): UNSAT in 0.82s
    cube 3421.255.63 (depth 2, 28 lits): UNSAT in 4.73s
    cube 3421.255.64 (depth 2, 28 lits): UNSAT in 0.03s
    cube 3421.255.65 (depth 2, 28 lits): UNSAT in 0.03s
    cube 3421.255.66 (depth 2, 28 lits): UNSAT in 0.06s
    cube 3421.255.67 (depth 2, 28 lits): UNSAT in 0.12s
    cube 3421.255.68 (depth 2, 28 lits): UNSAT in 0.02s
    cube 3421.255.69 (depth 2, 28 lits): UNSAT in 0.03s
    cube 3421.255.70 (depth 2, 28 lits): UNSAT in 0.07s
    cube 3421.255.71 (depth 2, 28 lits): UNSAT in 0.52s
    cube 3421.255.72 (depth 2, 28 lits): UNSAT in 0.06s
    cube 3421.255.73 (depth 2, 28 lits): UNSAT in 0.23s
    cube 3421.255.74 (depth 2, 28 lits): UNSAT in 0.25s
    cube 3421.255.75 (depth 2, 28 lits): UNSAT in 0.97s
    cube 3421.255.76 (depth 2, 28 lits): UNSAT in 0.38s
    cube 3421.255.77 (depth 2, 28 lits): UNSAT in 0.39s
    cube 3421.255.78 (depth 2, 28 lits): UNSAT in 0.50s
    cube 3421.255.79 (depth 2, 28 lits): UNSAT in 3.47s
    cube 3421.255.80 (depth 2, 28 lits): UNSAT in 0.10s
    cube 3421.255.81 (depth 2, 28 lits): UNSAT in 0.28s
    cube 3421.255.82 (depth 2, 28 lits): UNSAT in 0.42s
    cube 3421.255.83 (depth 2, 28 lits): UNSAT in 0.76s
    cube 3421.255.84 (depth 2, 28 lits): UNSAT in 0.07s
    cube 3421.255.85 (depth 2, 28 lits): UNSAT in 0.34s
    cube 3421.255.86 (depth 2, 28 lits): UNSAT in 0.53s
    cube 3421.255.87 (depth 2, 28 lits): UNSAT in 2.29s
    cube 3421.255.88 (depth 2, 28 lits): UNSAT in 0.26s
    cube 3421.255.89 (depth 2, 28 lits): UNSAT in 0.78s
    cube 3421.255.90 (depth 2, 28 lits): UNSAT in 0.59s
    cube 3421.255.91 (depth 2, 28 lits): UNSAT in 3.47s
    cube 3421.255.92 (depth 2, 28 lits): UNSAT in 1.02s
    cube 3421.255.93 (depth 2, 28 lits): UNSAT in 2.83s
    cube 3421.255.94 (depth 2, 28 lits): UNSAT in 9.59s
    cube 3421.255.95 (depth 2, 28 lits): UNSAT in 29.26s
    cube 3421.255.96 (depth 2, 28 lits): UNSAT in 0.02s
    cube 3421.255.97 (depth 2, 28 lits): UNSAT in 0.06s
    cube 3421.255.98 (depth 2, 28 lits): UNSAT in 0.03s
    cube 3421.255.99 (depth 2, 28 lits): UNSAT in 0.13s
    cube 3421.255.100 (depth 2, 28 lits): UNSAT in 0.11s
    cube 3421.255.101 (depth 2, 28 lits): UNSAT in 0.21s
    cube 3421.255.102 (depth 2, 28 lits): UNSAT in 0.19s
    cube 3421.255.103 (depth 2, 28 lits): UNSAT in 1.85s
    cube 3421.255.104 (depth 2, 28 lits): UNSAT in 0.03s
    cube 3421.255.105 (depth 2, 28 lits): UNSAT in 0.11s
    cube 3421.255.106 (depth 2, 28 lits): UNSAT in 0.05s
    cube 3421.255.107 (depth 2, 28 lits): UNSAT in 1.05s
    cube 3421.255.108 (depth 2, 28 lits): UNSAT in 0.05s
    cube 3421.255.109 (depth 2, 28 lits): UNSAT in 0.15s
    cube 3421.255.110 (depth 2, 28 lits): UNSAT in 0.38s
    cube 3421.255.111 (depth 2, 28 lits): UNSAT in 8.16s
    cube 3421.255.112 (depth 2, 28 lits): UNSAT in 0.10s
    cube 3421.255.113 (depth 2, 28 lits): UNSAT in 0.32s
    cube 3421.255.114 (depth 2, 28 lits): UNSAT in 0.22s
    cube 3421.255.115 (depth 2, 28 lits): UNSAT in 0.60s
    cube 3421.255.116 (depth 2, 28 lits): UNSAT in 0.50s
    cube 3421.255.117 (depth 2, 28 lits): UNSAT in 1.32s
    cube 3421.255.118 (depth 2, 28 lits): UNSAT in 3.57s
    cube 3421.255.119 (depth 2, 28 lits): UNSAT in 9.94s
    cube 3421.255.120 (depth 2, 28 lits): UNSAT in 0.28s
    cube 3421.255.121 (depth 2, 28 lits): UNSAT in 2.38s
    cube 3421.255.122 (depth 2, 28 lits): UNSAT in 1.19s
    cube 3421.255.123 (depth 2, 28 lits): UNSAT in 7.05s
    cube 3421.255.124 (depth 2, 28 lits): UNSAT in 1.73s
    cube 3421.255.125 (depth 2, 28 lits): UNSAT in 8.99s
    cube 3421.255.126 (depth 2, 28 lits): UNSAT in 16.93s
    cube 3421.255.127 (depth 2, 28 lits): UNSAT in 41.31s
    cube 3421.255.128 (depth 2, 28 lits): UNSAT in 0.01s
    cube 3421.255.129 (depth 2, 28 lits): UNSAT in 0.02s
    cube 3421.255.130 (depth 2, 28 lits): UNSAT in 0.02s
    cube 3421.255.131 (depth 2, 28 lits): UNSAT in 0.10s
    cube 3421.255.132 (depth 2, 28 lits): UNSAT in 0.09s
    cube 3421.255.133 (depth 2, 28 lits): UNSAT in 0.11s
    cube 3421.255.134 (depth 2, 28 lits): UNSAT in 0.11s
    cube 3421.255.135 (depth 2, 28 lits): UNSAT in 0.29s
    cube 3421.255.136 (depth 2, 28 lits): UNSAT in 0.01s
    cube 3421.255.137 (depth 2, 28 lits): UNSAT in 0.02s
    cube 3421.255.138 (depth 2, 28 lits): UNSAT in 0.09s
    cube 3421.255.139 (depth 2, 28 lits): UNSAT in 0.09s
    cube 3421.255.140 (depth 2, 28 lits): UNSAT in 0.14s
    cube 3421.255.141 (depth 2, 28 lits): UNSAT in 0.26s
    cube 3421.255.142 (depth 2, 28 lits): UNSAT in 0.21s
    cube 3421.255.143 (depth 2, 28 lits): UNSAT in 0.23s
    cube 3421.255.144 (depth 2, 28 lits): UNSAT in 0.06s
    cube 3421.255.145 (depth 2, 28 lits): UNSAT in 0.11s
    cube 3421.255.146 (depth 2, 28 lits): UNSAT in 0.12s
    cube 3421.255.147 (depth 2, 28 lits): UNSAT in 0.18s
    cube 3421.255.148 (depth 2, 28 lits): UNSAT in 0.09s
    cube 3421.255.149 (depth 2, 28 lits): UNSAT in 0.19s
    cube 3421.255.150 (depth 2, 28 lits): UNSAT in 0.22s
    cube 3421.255.151 (depth 2, 28 lits): UNSAT in 0.37s
    cube 3421.255.152 (depth 2, 28 lits): UNSAT in 0.11s
    cube 3421.255.153 (depth 2, 28 lits): UNSAT in 0.70s
    cube 3421.255.154 (depth 2, 28 lits): UNSAT in 0.86s
    cube 3421.255.155 (depth 2, 28 lits): UNSAT in 1.47s
    cube 3421.255.156 (depth 2, 28 lits): UNSAT in 0.66s
    cube 3421.255.157 (depth 2, 28 lits): UNSAT in 1.20s
    cube 3421.255.158 (depth 2, 28 lits): UNSAT in 1.40s
    cube 3421.255.159 (depth 2, 28 lits): UNSAT in 4.33s
    cube 3421.255.160 (depth 2, 28 lits): UNSAT in 0.02s
    cube 3421.255.161 (depth 2, 28 lits): UNSAT in 0.03s
    cube 3421.255.162 (depth 2, 28 lits): UNSAT in 0.04s
    cube 3421.255.163 (depth 2, 28 lits): UNSAT in 0.24s
    cube 3421.255.164 (depth 2, 28 lits): UNSAT in 0.05s
    cube 3421.255.165 (depth 2, 28 lits): UNSAT in 0.12s
    cube 3421.255.166 (depth 2, 28 lits): UNSAT in 0.17s
    cube 3421.255.167 (depth 2, 28 lits): UNSAT in 2.05s
    cube 3421.255.168 (depth 2, 28 lits): UNSAT in 0.17s
    cube 3421.255.169 (depth 2, 28 lits): UNSAT in 0.62s
    cube 3421.255.170 (depth 2, 28 lits): UNSAT in 0.59s
    cube 3421.255.171 (depth 2, 28 lits): UNSAT in 4.82s
    cube 3421.255.172 (depth 2, 28 lits): UNSAT in 0.39s
    cube 3421.255.173 (depth 2, 28 lits): UNSAT in 2.76s
    cube 3421.255.174 (depth 2, 28 lits): UNSAT in 1.42s
    cube 3421.255.175 (depth 2, 28 lits): UNSAT in 16.31s
    cube 3421.255.176 (depth 2, 28 lits): UNSAT in 0.05s
    cube 3421.255.177 (depth 2, 28 lits): UNSAT in 0.12s
    cube 3421.255.178 (depth 2, 28 lits): UNSAT in 0.07s
    cube 3421.255.179 (depth 2, 28 lits): UNSAT in 1.47s
    cube 3421.255.180 (depth 2, 28 lits): UNSAT in 0.16s
    cube 3421.255.181 (depth 2, 28 lits): UNSAT in 0.63s
    cube 3421.255.182 (depth 2, 28 lits): UNSAT in 1.29s
    cube 3421.255.183 (depth 2, 28 lits): UNSAT in 16.84s
    cube 3421.255.184 (depth 2, 28 lits): UNSAT in 0.96s
    cube 3421.255.185 (depth 2, 28 lits): UNSAT in 2.10s
    cube 3421.255.186 (depth 2, 28 lits): UNSAT in 1.91s
    cube 3421.255.187 (depth 2, 28 lits): UNSAT in 9.00s
    cube 3421.255.188 (depth 2, 28 lits): UNSAT in 5.12s
    cube 3421.255.189 (depth 2, 28 lits): UNSAT in 46.89s
    cube 3421.255.190 (depth 2, 28 lits): UNSAT in 188.53s
    cube 3421.255.191 (depth 2, 28 lits): TIMEOUT in 1200.10s
    cube 3421.255.191 TIMEOUT -> re-split into 254 sub-cubes (depth 3)
    cube 3421.255.191.0 (depth 3, 35 lits): UNSAT in 0.01s
    cube 3421.255.191.1 (depth 3, 36 lits): UNSAT in 0.01s
    cube 3421.255.191.2 (depth 3, 36 lits): UNSAT in 0.01s
    cube 3421.255.191.3 (depth 3, 36 lits): UNSAT in 0.02s
    cube 3421.255.191.4 (depth 3, 36 lits): UNSAT in 0.02s
    cube 3421.255.191.5 (depth 3, 36 lits): UNSAT in 0.02s
    cube 3421.255.191.6 (depth 3, 36 lits): UNSAT in 0.04s
    cube 3421.255.191.7 (depth 3, 36 lits): UNSAT in 0.01s
    cube 3421.255.191.8 (depth 3, 36 lits): UNSAT in 0.01s
    cube 3421.255.191.9 (depth 3, 36 lits): UNSAT in 0.02s
    cube 3421.255.191.10 (depth 3, 36 lits): UNSAT in 0.04s
    cube 3421.255.191.11 (depth 3, 36 lits): UNSAT in 0.02s
    cube 3421.255.191.12 (depth 3, 36 lits): UNSAT in 0.09s
    cube 3421.255.191.13 (depth 3, 36 lits): UNSAT in 0.11s
    cube 3421.255.191.14 (depth 3, 36 lits): UNSAT in 0.19s
    cube 3421.255.191.15 (depth 3, 36 lits): UNSAT in 0.02s
    cube 3421.255.191.16 (depth 3, 36 lits): UNSAT in 0.04s
    cube 3421.255.191.17 (depth 3, 36 lits): UNSAT in 0.03s
    cube 3421.255.191.18 (depth 3, 36 lits): UNSAT in 0.07s
    cube 3421.255.191.19 (depth 3, 36 lits): UNSAT in 0.04s
    cube 3421.255.191.20 (depth 3, 36 lits): UNSAT in 0.10s
    cube 3421.255.191.21 (depth 3, 36 lits): UNSAT in 0.07s
    cube 3421.255.191.22 (depth 3, 36 lits): UNSAT in 0.09s
    cube 3421.255.191.23 (depth 3, 36 lits): UNSAT in 0.05s
    cube 3421.255.191.24 (depth 3, 36 lits): UNSAT in 0.06s
    cube 3421.255.191.25 (depth 3, 36 lits): UNSAT in 0.14s
    cube 3421.255.191.26 (depth 3, 36 lits): UNSAT in 0.16s
    cube 3421.255.191.27 (depth 3, 36 lits): UNSAT in 0.15s
    cube 3421.255.191.28 (depth 3, 36 lits): UNSAT in 0.23s
    cube 3421.255.191.29 (depth 3, 36 lits): UNSAT in 0.15s
    cube 3421.255.191.30 (depth 3, 36 lits): UNSAT in 0.55s
    cube 3421.255.191.31 (depth 3, 36 lits): UNSAT in 0.01s
    cube 3421.255.191.32 (depth 3, 36 lits): UNSAT in 0.02s
    cube 3421.255.191.33 (depth 3, 36 lits): UNSAT in 0.01s
    cube 3421.255.191.34 (depth 3, 36 lits): UNSAT in 0.04s
    cube 3421.255.191.35 (depth 3, 36 lits): UNSAT in 0.03s
    cube 3421.255.191.36 (depth 3, 36 lits): UNSAT in 0.05s
    cube 3421.255.191.37 (depth 3, 36 lits): UNSAT in 0.04s
    cube 3421.255.191.38 (depth 3, 36 lits): UNSAT in 0.12s
    cube 3421.255.191.39 (depth 3, 36 lits): UNSAT in 0.01s
    cube 3421.255.191.40 (depth 3, 36 lits): UNSAT in 0.02s
    cube 3421.255.191.41 (depth 3, 36 lits): UNSAT in 0.03s
    cube 3421.255.191.42 (depth 3, 36 lits): UNSAT in 0.06s
    cube 3421.255.191.43 (depth 3, 36 lits): UNSAT in 0.05s
    cube 3421.255.191.44 (depth 3, 36 lits): UNSAT in 0.22s
    cube 3421.255.191.45 (depth 3, 36 lits): UNSAT in 0.09s
    cube 3421.255.191.46 (depth 3, 36 lits): UNSAT in 0.48s
    cube 3421.255.191.47 (depth 3, 36 lits): UNSAT in 0.02s
    cube 3421.255.191.48 (depth 3, 36 lits): UNSAT in 0.04s
    cube 3421.255.191.49 (depth 3, 36 lits): UNSAT in 0.06s
    cube 3421.255.191.50 (depth 3, 36 lits): UNSAT in 0.35s
    cube 3421.255.191.51 (depth 3, 36 lits): UNSAT in 0.04s
    cube 3421.255.191.52 (depth 3, 36 lits): UNSAT in 0.17s
    cube 3421.255.191.53 (depth 3, 36 lits): UNSAT in 0.18s
    cube 3421.255.191.54 (depth 3, 36 lits): UNSAT in 1.07s
    cube 3421.255.191.55 (depth 3, 36 lits): UNSAT in 0.06s
    cube 3421.255.191.56 (depth 3, 36 lits): UNSAT in 0.19s
    cube 3421.255.191.57 (depth 3, 36 lits): UNSAT in 0.32s
    cube 3421.255.191.58 (depth 3, 36 lits): UNSAT in 0.46s
    cube 3421.255.191.59 (depth 3, 36 lits): UNSAT in 0.14s
    cube 3421.255.191.60 (depth 3, 36 lits): UNSAT in 0.38s
    cube 3421.255.191.61 (depth 3, 36 lits): UNSAT in 0.35s
    cube 3421.255.191.62 (depth 3, 36 lits): UNSAT in 2.77s
    cube 3421.255.191.63 (depth 3, 35 lits): UNSAT in 0.01s
    cube 3421.255.191.64 (depth 3, 36 lits): UNSAT in 0.02s
    cube 3421.255.191.65 (depth 3, 36 lits): UNSAT in 0.02s
    cube 3421.255.191.66 (depth 3, 36 lits): UNSAT in 0.04s
    cube 3421.255.191.67 (depth 3, 36 lits): UNSAT in 0.09s
    cube 3421.255.191.68 (depth 3, 36 lits): UNSAT in 0.03s
    cube 3421.255.191.69 (depth 3, 36 lits): UNSAT in 0.29s
    cube 3421.255.191.70 (depth 3, 36 lits): UNSAT in 0.02s
    cube 3421.255.191.71 (depth 3, 36 lits): UNSAT in 0.08s
    cube 3421.255.191.72 (depth 3, 36 lits): UNSAT in 0.13s
    cube 3421.255.191.73 (depth 3, 36 lits): UNSAT in 0.24s
    cube 3421.255.191.74 (depth 3, 36 lits): UNSAT in 0.15s
    cube 3421.255.191.75 (depth 3, 36 lits): UNSAT in 0.21s
    cube 3421.255.191.76 (depth 3, 36 lits): UNSAT in 0.19s
    cube 3421.255.191.77 (depth 3, 36 lits): UNSAT in 0.72s
    cube 3421.255.191.78 (depth 3, 36 lits): UNSAT in 0.02s
    cube 3421.255.191.79 (depth 3, 36 lits): UNSAT in 0.08s
    cube 3421.255.191.80 (depth 3, 36 lits): UNSAT in 0.07s
    cube 3421.255.191.81 (depth 3, 36 lits): UNSAT in 0.11s
    cube 3421.255.191.82 (depth 3, 36 lits): UNSAT in 0.04s
    cube 3421.255.191.83 (depth 3, 36 lits): UNSAT in 0.13s
    cube 3421.255.191.84 (depth 3, 36 lits): UNSAT in 0.06s
    cube 3421.255.191.85 (depth 3, 36 lits): UNSAT in 0.14s
    cube 3421.255.191.86 (depth 3, 36 lits): UNSAT in 0.03s
    cube 3421.255.191.87 (depth 3, 36 lits): UNSAT in 0.12s
    cube 3421.255.191.88 (depth 3, 36 lits): UNSAT in 0.21s
    cube 3421.255.191.89 (depth 3, 36 lits): UNSAT in 0.69s
    cube 3421.255.191.90 (depth 3, 36 lits): UNSAT in 0.29s
    cube 3421.255.191.91 (depth 3, 36 lits): UNSAT in 0.96s
    cube 3421.255.191.92 (depth 3, 36 lits): UNSAT in 0.33s
    cube 3421.255.191.93 (depth 3, 36 lits): UNSAT in 1.64s
    cube 3421.255.191.94 (depth 3, 36 lits): UNSAT in 0.05s
    cube 3421.255.191.95 (depth 3, 36 lits): UNSAT in 0.17s
    cube 3421.255.191.96 (depth 3, 36 lits): UNSAT in 0.06s
    cube 3421.255.191.97 (depth 3, 36 lits): UNSAT in 0.23s
    cube 3421.255.191.98 (depth 3, 36 lits): UNSAT in 0.11s
    cube 3421.255.191.99 (depth 3, 36 lits): UNSAT in 0.24s
    cube 3421.255.191.100 (depth 3, 36 lits): UNSAT in 0.12s
    cube 3421.255.191.101 (depth 3, 36 lits): UNSAT in 0.61s
    cube 3421.255.191.102 (depth 3, 36 lits): UNSAT in 0.13s
    cube 3421.255.191.103 (depth 3, 36 lits): UNSAT in 0.37s
    cube 3421.255.191.104 (depth 3, 36 lits): UNSAT in 0.16s
    cube 3421.255.191.105 (depth 3, 36 lits): UNSAT in 0.58s
    cube 3421.255.191.106 (depth 3, 36 lits): UNSAT in 0.14s
    cube 3421.255.191.107 (depth 3, 36 lits): UNSAT in 0.22s
    cube 3421.255.191.108 (depth 3, 36 lits): UNSAT in 0.52s
    cube 3421.255.191.109 (depth 3, 36 lits): UNSAT in 2.08s
    cube 3421.255.191.110 (depth 3, 36 lits): UNSAT in 0.29s
    cube 3421.255.191.111 (depth 3, 36 lits): UNSAT in 0.67s
    cube 3421.255.191.112 (depth 3, 36 lits): UNSAT in 0.24s
    cube 3421.255.191.113 (depth 3, 36 lits): UNSAT in 1.88s
    cube 3421.255.191.114 (depth 3, 36 lits): UNSAT in 0.40s
    cube 3421.255.191.115 (depth 3, 36 lits): UNSAT in 0.97s
    cube 3421.255.191.116 (depth 3, 36 lits): UNSAT in 1.12s
    cube 3421.255.191.117 (depth 3, 36 lits): UNSAT in 7.28s
    cube 3421.255.191.118 (depth 3, 36 lits): UNSAT in 0.16s
    cube 3421.255.191.119 (depth 3, 36 lits): UNSAT in 0.66s
    cube 3421.255.191.120 (depth 3, 36 lits): UNSAT in 0.36s
    cube 3421.255.191.121 (depth 3, 36 lits): UNSAT in 2.24s
    cube 3421.255.191.122 (depth 3, 36 lits): UNSAT in 0.37s
    cube 3421.255.191.123 (depth 3, 36 lits): UNSAT in 2.77s
    cube 3421.255.191.124 (depth 3, 36 lits): UNSAT in 2.83s
    cube 3421.255.191.125 (depth 3, 36 lits): UNSAT in 27.68s
    cube 3421.255.191.126 (depth 3, 36 lits): UNSAT in 0.02s
    cube 3421.255.191.127 (depth 3, 36 lits): UNSAT in 0.02s
    cube 3421.255.191.128 (depth 3, 36 lits): UNSAT in 0.06s
    cube 3421.255.191.129 (depth 3, 36 lits): UNSAT in 0.17s
    cube 3421.255.191.130 (depth 3, 36 lits): UNSAT in 0.02s
    cube 3421.255.191.131 (depth 3, 36 lits): UNSAT in 0.05s
    cube 3421.255.191.132 (depth 3, 36 lits): UNSAT in 0.16s
    cube 3421.255.191.133 (depth 3, 36 lits): UNSAT in 0.60s
    cube 3421.255.191.134 (depth 3, 36 lits): UNSAT in 0.02s
    cube 3421.255.191.135 (depth 3, 36 lits): UNSAT in 0.08s
    cube 3421.255.191.136 (depth 3, 36 lits): UNSAT in 0.07s
    cube 3421.255.191.137 (depth 3, 36 lits): UNSAT in 0.89s
    cube 3421.255.191.138 (depth 3, 36 lits): UNSAT in 0.28s
    cube 3421.255.191.139 (depth 3, 36 lits): UNSAT in 0.93s
    cube 3421.255.191.140 (depth 3, 36 lits): UNSAT in 0.15s
    cube 3421.255.191.141 (depth 3, 36 lits): UNSAT in 2.87s
    cube 3421.255.191.142 (depth 3, 36 lits): UNSAT in 0.01s
    cube 3421.255.191.143 (depth 3, 36 lits): UNSAT in 0.04s
    cube 3421.255.191.144 (depth 3, 36 lits): UNSAT in 0.09s
    cube 3421.255.191.145 (depth 3, 36 lits): UNSAT in 0.53s
    cube 3421.255.191.146 (depth 3, 36 lits): UNSAT in 0.11s
    cube 3421.255.191.147 (depth 3, 36 lits): UNSAT in 0.87s
    cube 3421.255.191.148 (depth 3, 36 lits): UNSAT in 0.42s
    cube 3421.255.191.149 (depth 3, 36 lits): UNSAT in 2.07s
    cube 3421.255.191.150 (depth 3, 36 lits): UNSAT in 0.18s
    cube 3421.255.191.151 (depth 3, 36 lits): UNSAT in 0.74s
    cube 3421.255.191.152 (depth 3, 36 lits): UNSAT in 0.31s
    cube 3421.255.191.153 (depth 3, 36 lits): UNSAT in 3.24s
    cube 3421.255.191.154 (depth 3, 36 lits): UNSAT in 0.53s
    cube 3421.255.191.155 (depth 3, 36 lits): UNSAT in 1.23s
    cube 3421.255.191.156 (depth 3, 36 lits): UNSAT in 1.31s
    cube 3421.255.191.157 (depth 3, 36 lits): UNSAT in 7.95s
    cube 3421.255.191.158 (depth 3, 36 lits): UNSAT in 0.04s
    cube 3421.255.191.159 (depth 3, 36 lits): UNSAT in 0.05s
    cube 3421.255.191.160 (depth 3, 36 lits): UNSAT in 0.07s
    cube 3421.255.191.161 (depth 3, 36 lits): UNSAT in 0.13s
    cube 3421.255.191.162 (depth 3, 36 lits): UNSAT in 0.07s
    cube 3421.255.191.163 (depth 3, 36 lits): UNSAT in 0.30s
    cube 3421.255.191.164 (depth 3, 36 lits): UNSAT in 0.22s
    cube 3421.255.191.165 (depth 3, 36 lits): UNSAT in 0.55s
    cube 3421.255.191.166 (depth 3, 36 lits): UNSAT in 0.05s
    cube 3421.255.191.167 (depth 3, 36 lits): UNSAT in 0.23s
    cube 3421.255.191.168 (depth 3, 36 lits): UNSAT in 0.13s
    cube 3421.255.191.169 (depth 3, 36 lits): UNSAT in 0.33s
    cube 3421.255.191.170 (depth 3, 36 lits): UNSAT in 0.16s
    cube 3421.255.191.171 (depth 3, 36 lits): UNSAT in 1.16s
    cube 3421.255.191.172 (depth 3, 36 lits): UNSAT in 1.04s
    cube 3421.255.191.173 (depth 3, 36 lits): UNSAT in 3.20s
    cube 3421.255.191.174 (depth 3, 36 lits): UNSAT in 0.04s
    cube 3421.255.191.175 (depth 3, 36 lits): UNSAT in 0.15s
    cube 3421.255.191.176 (depth 3, 36 lits): UNSAT in 0.28s
    cube 3421.255.191.177 (depth 3, 36 lits): UNSAT in 1.74s
    cube 3421.255.191.178 (depth 3, 36 lits): UNSAT in 0.17s
    cube 3421.255.191.179 (depth 3, 36 lits): UNSAT in 1.41s
    cube 3421.255.191.180 (depth 3, 36 lits): UNSAT in 0.79s
    cube 3421.255.191.181 (depth 3, 36 lits): UNSAT in 6.33s
    cube 3421.255.191.182 (depth 3, 36 lits): UNSAT in 0.21s
    cube 3421.255.191.183 (depth 3, 36 lits): UNSAT in 0.99s
    cube 3421.255.191.184 (depth 3, 36 lits): UNSAT in 0.57s
    cube 3421.255.191.185 (depth 3, 36 lits): UNSAT in 4.61s
    cube 3421.255.191.186 (depth 3, 36 lits): UNSAT in 0.48s
    cube 3421.255.191.187 (depth 3, 36 lits): UNSAT in 4.18s
    cube 3421.255.191.188 (depth 3, 36 lits): UNSAT in 6.19s
    cube 3421.255.191.189 (depth 3, 36 lits): UNSAT in 27.61s
    cube 3421.255.191.190 (depth 3, 36 lits): UNSAT in 0.02s
    cube 3421.255.191.191 (depth 3, 36 lits): UNSAT in 0.04s
    cube 3421.255.191.192 (depth 3, 36 lits): UNSAT in 0.02s
    cube 3421.255.191.193 (depth 3, 36 lits): UNSAT in 0.04s
    cube 3421.255.191.194 (depth 3, 36 lits): UNSAT in 0.02s
    cube 3421.255.191.195 (depth 3, 36 lits): UNSAT in 0.03s
    cube 3421.255.191.196 (depth 3, 36 lits): UNSAT in 0.03s
    cube 3421.255.191.197 (depth 3, 36 lits): UNSAT in 0.18s
    cube 3421.255.191.198 (depth 3, 36 lits): UNSAT in 0.03s
    cube 3421.255.191.199 (depth 3, 36 lits): UNSAT in 0.07s
    cube 3421.255.191.200 (depth 3, 36 lits): UNSAT in 0.11s
    cube 3421.255.191.201 (depth 3, 36 lits): UNSAT in 0.52s
    cube 3421.255.191.202 (depth 3, 36 lits): UNSAT in 0.02s
    cube 3421.255.191.203 (depth 3, 36 lits): UNSAT in 0.08s
    cube 3421.255.191.204 (depth 3, 36 lits): UNSAT in 0.25s
    cube 3421.255.191.205 (depth 3, 36 lits): UNSAT in 0.97s
    cube 3421.255.191.206 (depth 3, 36 lits): UNSAT in 0.04s
    cube 3421.255.191.207 (depth 3, 36 lits): UNSAT in 0.19s
    cube 3421.255.191.208 (depth 3, 36 lits): UNSAT in 0.17s
    cube 3421.255.191.209 (depth 3, 36 lits): UNSAT in 0.28s
    cube 3421.255.191.210 (depth 3, 36 lits): UNSAT in 0.15s
    cube 3421.255.191.211 (depth 3, 36 lits): UNSAT in 0.57s
    cube 3421.255.191.212 (depth 3, 36 lits): UNSAT in 0.31s
    cube 3421.255.191.213 (depth 3, 36 lits): UNSAT in 1.68s
    cube 3421.255.191.214 (depth 3, 36 lits): UNSAT in 0.12s
    cube 3421.255.191.215 (depth 3, 36 lits): UNSAT in 0.24s
    cube 3421.255.191.216 (depth 3, 36 lits): UNSAT in 0.41s
    cube 3421.255.191.217 (depth 3, 36 lits): UNSAT in 1.45s
    cube 3421.255.191.218 (depth 3, 36 lits): UNSAT in 1.09s
    cube 3421.255.191.219 (depth 3, 36 lits): UNSAT in 2.34s
    cube 3421.255.191.220 (depth 3, 36 lits): UNSAT in 2.53s
    cube 3421.255.191.221 (depth 3, 36 lits): UNSAT in 5.91s
    cube 3421.255.191.222 (depth 3, 36 lits): UNSAT in 0.05s
    cube 3421.255.191.223 (depth 3, 36 lits): UNSAT in 0.06s
    cube 3421.255.191.224 (depth 3, 36 lits): UNSAT in 0.16s
    cube 3421.255.191.225 (depth 3, 36 lits): UNSAT in 0.35s
    cube 3421.255.191.226 (depth 3, 36 lits): UNSAT in 0.11s
    cube 3421.255.191.227 (depth 3, 36 lits): UNSAT in 0.22s
    cube 3421.255.191.228 (depth 3, 36 lits): UNSAT in 0.29s
    cube 3421.255.191.229 (depth 3, 36 lits): UNSAT in 1.66s
    cube 3421.255.191.230 (depth 3, 36 lits): UNSAT in 0.13s
    cube 3421.255.191.231 (depth 3, 36 lits): UNSAT in 0.30s
    cube 3421.255.191.232 (depth 3, 36 lits): UNSAT in 0.37s
    cube 3421.255.191.233 (depth 3, 36 lits): UNSAT in 1.23s
    cube 3421.255.191.234 (depth 3, 36 lits): UNSAT in 0.08s
    cube 3421.255.191.235 (depth 3, 36 lits): UNSAT in 0.81s
    cube 3421.255.191.236 (depth 3, 36 lits): UNSAT in 0.47s
    cube 3421.255.191.237 (depth 3, 36 lits): UNSAT in 3.63s
    cube 3421.255.191.238 (depth 3, 36 lits): UNSAT in 0.19s
    cube 3421.255.191.239 (depth 3, 36 lits): UNSAT in 1.30s
    cube 3421.255.191.240 (depth 3, 36 lits): UNSAT in 1.95s
    cube 3421.255.191.241 (depth 3, 36 lits): UNSAT in 4.20s
    cube 3421.255.191.242 (depth 3, 36 lits): UNSAT in 0.48s
    cube 3421.255.191.243 (depth 3, 36 lits): UNSAT in 2.90s
    cube 3421.255.191.244 (depth 3, 36 lits): UNSAT in 2.31s
    cube 3421.255.191.245 (depth 3, 36 lits): UNSAT in 8.72s
    cube 3421.255.191.246 (depth 3, 36 lits): UNSAT in 0.20s
    cube 3421.255.191.247 (depth 3, 36 lits): UNSAT in 0.95s
    cube 3421.255.191.248 (depth 3, 36 lits): UNSAT in 0.38s
    cube 3421.255.191.249 (depth 3, 36 lits): UNSAT in 5.20s
    cube 3421.255.191.250 (depth 3, 36 lits): UNSAT in 0.56s
    cube 3421.255.191.251 (depth 3, 36 lits): UNSAT in 5.23s
    cube 3421.255.191.252 (depth 3, 36 lits): UNSAT in 21.24s
    cube 3421.255.191.253 (depth 3, 36 lits): UNSAT in 64.73s
    cube 3421.255.192 (depth 2, 28 lits): UNSAT in 0.02s
    cube 3421.255.193 (depth 2, 28 lits): UNSAT in 0.09s
    cube 3421.255.194 (depth 2, 28 lits): UNSAT in 0.10s
    cube 3421.255.195 (depth 2, 28 lits): UNSAT in 0.23s
    cube 3421.255.196 (depth 2, 28 lits): UNSAT in 0.04s
    cube 3421.255.197 (depth 2, 28 lits): UNSAT in 0.20s
    cube 3421.255.198 (depth 2, 28 lits): UNSAT in 0.24s
    cube 3421.255.199 (depth 2, 28 lits): UNSAT in 0.43s
    cube 3421.255.200 (depth 2, 28 lits): UNSAT in 0.08s
    cube 3421.255.201 (depth 2, 28 lits): UNSAT in 0.16s
    cube 3421.255.202 (depth 2, 28 lits): UNSAT in 0.22s
    cube 3421.255.203 (depth 2, 28 lits): UNSAT in 0.75s
    cube 3421.255.204 (depth 2, 28 lits): UNSAT in 0.21s
    cube 3421.255.205 (depth 2, 28 lits): UNSAT in 0.39s
    cube 3421.255.206 (depth 2, 28 lits): UNSAT in 0.53s
    cube 3421.255.207 (depth 2, 28 lits): UNSAT in 3.08s
    cube 3421.255.208 (depth 2, 28 lits): UNSAT in 0.41s
    cube 3421.255.209 (depth 2, 28 lits): UNSAT in 0.70s
    cube 3421.255.210 (depth 2, 28 lits): UNSAT in 1.00s
    cube 3421.255.211 (depth 2, 28 lits): UNSAT in 1.58s
    cube 3421.255.212 (depth 2, 28 lits): UNSAT in 0.11s
    cube 3421.255.213 (depth 2, 28 lits): UNSAT in 1.14s
    cube 3421.255.214 (depth 2, 28 lits): UNSAT in 0.94s
    cube 3421.255.215 (depth 2, 28 lits): UNSAT in 3.81s
    cube 3421.255.216 (depth 2, 28 lits): UNSAT in 0.28s
    cube 3421.255.217 (depth 2, 28 lits): UNSAT in 0.53s
    cube 3421.255.218 (depth 2, 28 lits): UNSAT in 0.50s
    cube 3421.255.219 (depth 2, 28 lits): UNSAT in 0.68s
    cube 3421.255.220 (depth 2, 28 lits): UNSAT in 0.38s
    cube 3421.255.221 (depth 2, 28 lits): UNSAT in 1.11s
    cube 3421.255.222 (depth 2, 28 lits): UNSAT in 1.76s
    cube 3421.255.223 (depth 2, 28 lits): UNSAT in 29.80s
    cube 3421.255.224 (depth 2, 28 lits): UNSAT in 0.08s
    cube 3421.255.225 (depth 2, 28 lits): UNSAT in 0.14s
    cube 3421.255.226 (depth 2, 28 lits): UNSAT in 0.14s
    cube 3421.255.227 (depth 2, 28 lits): UNSAT in 0.46s
    cube 3421.255.228 (depth 2, 28 lits): UNSAT in 0.16s
    cube 3421.255.229 (depth 2, 28 lits): UNSAT in 0.53s
    cube 3421.255.230 (depth 2, 28 lits): UNSAT in 0.47s
    cube 3421.255.231 (depth 2, 28 lits): UNSAT in 1.16s
    cube 3421.255.232 (depth 2, 28 lits): UNSAT in 0.13s
    cube 3421.255.233 (depth 2, 28 lits): UNSAT in 0.14s
    cube 3421.255.234 (depth 2, 28 lits): UNSAT in 0.21s
    cube 3421.255.235 (depth 2, 28 lits): UNSAT in 1.00s
    cube 3421.255.236 (depth 2, 28 lits): UNSAT in 0.21s
    cube 3421.255.237 (depth 2, 28 lits): UNSAT in 0.58s
    cube 3421.255.238 (depth 2, 28 lits): UNSAT in 2.61s
    cube 3421.255.239 (depth 2, 28 lits): UNSAT in 2.97s
    cube 3421.255.240 (depth 2, 28 lits): UNSAT in 0.05s
    cube 3421.255.241 (depth 2, 28 lits): UNSAT in 0.20s
    cube 3421.255.242 (depth 2, 28 lits): UNSAT in 0.36s
    cube 3421.255.243 (depth 2, 28 lits): UNSAT in 0.58s
    cube 3421.255.244 (depth 2, 28 lits): UNSAT in 0.17s
    cube 3421.255.245 (depth 2, 28 lits): UNSAT in 0.23s
    cube 3421.255.246 (depth 2, 28 lits): UNSAT in 2.53s
    cube 3421.255.247 (depth 2, 28 lits): UNSAT in 11.23s
    cube 3421.255.248 (depth 2, 28 lits): UNSAT in 0.24s
    cube 3421.255.249 (depth 2, 28 lits): UNSAT in 1.34s
    cube 3421.255.250 (depth 2, 28 lits): UNSAT in 1.09s
    cube 3421.255.251 (depth 2, 28 lits): UNSAT in 7.98s
    cube 3421.255.252 (depth 2, 28 lits): UNSAT in 0.46s
    cube 3421.255.253 (depth 2, 28 lits): UNSAT in 3.36s
    cube 3421.255.254 (depth 2, 28 lits): UNSAT in 10.32s
    cube 3421.255.255 (depth 2, 28 lits): UNSAT in 248.72s

  shard 10 verdict: UNSAT (1 UNSAT, 0 unresolved) in 6567.3s
