  shard 17/24 (explicit): 1 of 4095 cubes, per-cube cap 1200.0s, re-split depth 7
    cube 3450 (depth 0, 12 lits): TIMEOUT in 1200.10s
    cube 3450 TIMEOUT -> re-split into 255 sub-cubes (depth 1)
    cube 3450.0 (depth 1, 19 lits): UNSAT in 0.02s
    cube 3450.1 (depth 1, 20 lits): UNSAT in 0.02s
    cube 3450.2 (depth 1, 20 lits): UNSAT in 0.02s
    cube 3450.3 (depth 1, 20 lits): UNSAT in 0.01s
    cube 3450.4 (depth 1, 20 lits): UNSAT in 0.03s
    cube 3450.5 (depth 1, 20 lits): UNSAT in 0.02s
    cube 3450.6 (depth 1, 20 lits): UNSAT in 0.04s
    cube 3450.7 (depth 1, 20 lits): UNSAT in 0.03s
    cube 3450.8 (depth 1, 20 lits): UNSAT in 0.05s
    cube 3450.9 (depth 1, 20 lits): UNSAT in 0.03s
    cube 3450.10 (depth 1, 20 lits): UNSAT in 0.04s
    cube 3450.11 (depth 1, 20 lits): UNSAT in 0.04s
    cube 3450.12 (depth 1, 20 lits): UNSAT in 0.11s
    cube 3450.13 (depth 1, 20 lits): UNSAT in 0.10s
    cube 3450.14 (depth 1, 20 lits): UNSAT in 0.14s
    cube 3450.15 (depth 1, 20 lits): UNSAT in 0.03s
    cube 3450.16 (depth 1, 20 lits): UNSAT in 0.03s
    cube 3450.17 (depth 1, 20 lits): UNSAT in 0.05s
    cube 3450.18 (depth 1, 20 lits): UNSAT in 0.05s
    cube 3450.19 (depth 1, 20 lits): UNSAT in 0.02s
    cube 3450.20 (depth 1, 20 lits): UNSAT in 0.03s
    cube 3450.21 (depth 1, 20 lits): UNSAT in 0.04s
    cube 3450.22 (depth 1, 20 lits): UNSAT in 0.07s
    cube 3450.23 (depth 1, 20 lits): UNSAT in 0.03s
    cube 3450.24 (depth 1, 20 lits): UNSAT in 0.05s
    cube 3450.25 (depth 1, 20 lits): UNSAT in 0.08s
    cube 3450.26 (depth 1, 20 lits): UNSAT in 0.10s
    cube 3450.27 (depth 1, 20 lits): UNSAT in 0.10s
    cube 3450.28 (depth 1, 20 lits): UNSAT in 0.14s
    cube 3450.29 (depth 1, 20 lits): UNSAT in 0.05s
    cube 3450.30 (depth 1, 20 lits): UNSAT in 0.51s
    cube 3450.31 (depth 1, 20 lits): UNSAT in 0.02s
    cube 3450.32 (depth 1, 20 lits): UNSAT in 0.03s
    cube 3450.33 (depth 1, 20 lits): UNSAT in 0.04s
    cube 3450.34 (depth 1, 20 lits): UNSAT in 0.09s
    cube 3450.35 (depth 1, 20 lits): UNSAT in 0.04s
    cube 3450.36 (depth 1, 20 lits): UNSAT in 0.07s
    cube 3450.37 (depth 1, 20 lits): UNSAT in 0.06s
    cube 3450.38 (depth 1, 20 lits): UNSAT in 0.24s
    cube 3450.39 (depth 1, 20 lits): UNSAT in 0.02s
    cube 3450.40 (depth 1, 20 lits): UNSAT in 0.06s
    cube 3450.41 (depth 1, 20 lits): UNSAT in 0.07s
    cube 3450.42 (depth 1, 20 lits): UNSAT in 0.16s
    cube 3450.43 (depth 1, 20 lits): UNSAT in 0.03s
    cube 3450.44 (depth 1, 20 lits): UNSAT in 0.05s
    cube 3450.45 (depth 1, 20 lits): UNSAT in 0.09s
    cube 3450.46 (depth 1, 20 lits): UNSAT in 0.06s
    cube 3450.47 (depth 1, 20 lits): UNSAT in 0.03s
    cube 3450.48 (depth 1, 20 lits): UNSAT in 0.02s
    cube 3450.49 (depth 1, 20 lits): UNSAT in 0.03s
    cube 3450.50 (depth 1, 20 lits): UNSAT in 0.02s
    cube 3450.51 (depth 1, 20 lits): UNSAT in 0.07s
    cube 3450.52 (depth 1, 20 lits): UNSAT in 0.08s
    cube 3450.53 (depth 1, 20 lits): UNSAT in 0.02s
    cube 3450.54 (depth 1, 20 lits): UNSAT in 0.07s
    cube 3450.55 (depth 1, 20 lits): UNSAT in 0.05s
    cube 3450.56 (depth 1, 20 lits): UNSAT in 0.04s
    cube 3450.57 (depth 1, 20 lits): UNSAT in 0.08s
    cube 3450.58 (depth 1, 20 lits): UNSAT in 0.07s
    cube 3450.59 (depth 1, 20 lits): UNSAT in 0.05s
    cube 3450.60 (depth 1, 20 lits): UNSAT in 0.05s
    cube 3450.61 (depth 1, 20 lits): UNSAT in 0.24s
    cube 3450.62 (depth 1, 20 lits): UNSAT in 0.68s
    cube 3450.63 (depth 1, 20 lits): UNSAT in 0.03s
    cube 3450.64 (depth 1, 20 lits): UNSAT in 0.02s
    cube 3450.65 (depth 1, 20 lits): UNSAT in 0.03s
    cube 3450.66 (depth 1, 20 lits): UNSAT in 0.06s
    cube 3450.67 (depth 1, 20 lits): UNSAT in 0.02s
    cube 3450.68 (depth 1, 20 lits): UNSAT in 0.02s
    cube 3450.69 (depth 1, 20 lits): UNSAT in 0.03s
    cube 3450.70 (depth 1, 20 lits): UNSAT in 0.26s
    cube 3450.71 (depth 1, 20 lits): UNSAT in 0.03s
    cube 3450.72 (depth 1, 20 lits): UNSAT in 0.07s
    cube 3450.73 (depth 1, 20 lits): UNSAT in 0.02s
    cube 3450.74 (depth 1, 20 lits): UNSAT in 0.20s
    cube 3450.75 (depth 1, 20 lits): UNSAT in 0.05s
    cube 3450.76 (depth 1, 20 lits): UNSAT in 0.15s
    cube 3450.77 (depth 1, 20 lits): UNSAT in 0.74s
    cube 3450.78 (depth 1, 20 lits): UNSAT in 0.41s
    cube 3450.79 (depth 1, 20 lits): UNSAT in 0.06s
    cube 3450.80 (depth 1, 20 lits): UNSAT in 0.06s
    cube 3450.81 (depth 1, 20 lits): UNSAT in 0.04s
    cube 3450.82 (depth 1, 20 lits): UNSAT in 0.15s
    cube 3450.83 (depth 1, 20 lits): UNSAT in 0.06s
    cube 3450.84 (depth 1, 20 lits): UNSAT in 0.16s
    cube 3450.85 (depth 1, 20 lits): UNSAT in 0.33s
    cube 3450.86 (depth 1, 20 lits): UNSAT in 0.54s
    cube 3450.87 (depth 1, 20 lits): UNSAT in 0.23s
    cube 3450.88 (depth 1, 20 lits): UNSAT in 0.26s
    cube 3450.89 (depth 1, 20 lits): UNSAT in 0.05s
    cube 3450.90 (depth 1, 20 lits): UNSAT in 0.25s
    cube 3450.91 (depth 1, 20 lits): UNSAT in 0.06s
    cube 3450.92 (depth 1, 20 lits): UNSAT in 0.28s
    cube 3450.93 (depth 1, 20 lits): UNSAT in 0.07s
    cube 3450.94 (depth 1, 20 lits): UNSAT in 2.17s
    cube 3450.95 (depth 1, 20 lits): UNSAT in 0.01s
    cube 3450.96 (depth 1, 20 lits): UNSAT in 0.05s
    cube 3450.97 (depth 1, 20 lits): UNSAT in 0.05s
    cube 3450.98 (depth 1, 20 lits): UNSAT in 0.02s
    cube 3450.99 (depth 1, 20 lits): UNSAT in 0.06s
    cube 3450.100 (depth 1, 20 lits): UNSAT in 0.03s
    cube 3450.101 (depth 1, 20 lits): UNSAT in 0.02s
    cube 3450.102 (depth 1, 20 lits): UNSAT in 0.07s
    cube 3450.103 (depth 1, 20 lits): UNSAT in 0.07s
    cube 3450.104 (depth 1, 20 lits): UNSAT in 0.10s
    cube 3450.105 (depth 1, 20 lits): UNSAT in 0.23s
    cube 3450.106 (depth 1, 20 lits): UNSAT in 0.63s
    cube 3450.107 (depth 1, 20 lits): UNSAT in 0.30s
    cube 3450.108 (depth 1, 20 lits): UNSAT in 0.39s
    cube 3450.109 (depth 1, 20 lits): UNSAT in 1.35s
    cube 3450.110 (depth 1, 20 lits): UNSAT in 3.23s
    cube 3450.111 (depth 1, 20 lits): UNSAT in 0.32s
    cube 3450.112 (depth 1, 20 lits): UNSAT in 0.77s
    cube 3450.113 (depth 1, 20 lits): UNSAT in 0.42s
    cube 3450.114 (depth 1, 20 lits): UNSAT in 0.93s
    cube 3450.115 (depth 1, 20 lits): UNSAT in 0.56s
    cube 3450.116 (depth 1, 20 lits): UNSAT in 0.52s
    cube 3450.117 (depth 1, 20 lits): UNSAT in 0.56s
    cube 3450.118 (depth 1, 20 lits): UNSAT in 1.37s
    cube 3450.119 (depth 1, 20 lits): UNSAT in 0.14s
    cube 3450.120 (depth 1, 20 lits): UNSAT in 0.72s
    cube 3450.121 (depth 1, 20 lits): UNSAT in 0.30s
    cube 3450.122 (depth 1, 20 lits): UNSAT in 2.80s
    cube 3450.123 (depth 1, 20 lits): UNSAT in 0.25s
    cube 3450.124 (depth 1, 20 lits): UNSAT in 4.51s
    cube 3450.125 (depth 1, 20 lits): UNSAT in 4.74s
    cube 3450.126 (depth 1, 20 lits): UNSAT in 8.41s
    cube 3450.127 (depth 1, 20 lits): UNSAT in 0.02s
    cube 3450.128 (depth 1, 20 lits): UNSAT in 0.03s
    cube 3450.129 (depth 1, 20 lits): UNSAT in 0.04s
    cube 3450.130 (depth 1, 20 lits): UNSAT in 0.17s
    cube 3450.131 (depth 1, 20 lits): UNSAT in 0.05s
    cube 3450.132 (depth 1, 20 lits): UNSAT in 0.26s
    cube 3450.133 (depth 1, 20 lits): UNSAT in 0.21s
    cube 3450.134 (depth 1, 20 lits): UNSAT in 1.37s
    cube 3450.135 (depth 1, 20 lits): UNSAT in 0.03s
    cube 3450.136 (depth 1, 20 lits): UNSAT in 0.08s
    cube 3450.137 (depth 1, 20 lits): UNSAT in 0.21s
    cube 3450.138 (depth 1, 20 lits): UNSAT in 0.43s
    cube 3450.139 (depth 1, 20 lits): UNSAT in 0.34s
    cube 3450.140 (depth 1, 20 lits): UNSAT in 0.84s
    cube 3450.141 (depth 1, 20 lits): UNSAT in 0.33s
    cube 3450.142 (depth 1, 20 lits): UNSAT in 0.97s
    cube 3450.143 (depth 1, 20 lits): UNSAT in 0.05s
    cube 3450.144 (depth 1, 20 lits): UNSAT in 0.63s
    cube 3450.145 (depth 1, 20 lits): UNSAT in 0.37s
    cube 3450.146 (depth 1, 20 lits): UNSAT in 0.94s
    cube 3450.147 (depth 1, 20 lits): UNSAT in 0.22s
    cube 3450.148 (depth 1, 20 lits): UNSAT in 0.75s
    cube 3450.149 (depth 1, 20 lits): UNSAT in 0.51s
    cube 3450.150 (depth 1, 20 lits): UNSAT in 4.13s
    cube 3450.151 (depth 1, 20 lits): UNSAT in 0.02s
    cube 3450.152 (depth 1, 20 lits): UNSAT in 0.14s
    cube 3450.153 (depth 1, 20 lits): UNSAT in 0.28s
    cube 3450.154 (depth 1, 20 lits): UNSAT in 0.27s
    cube 3450.155 (depth 1, 20 lits): UNSAT in 0.32s
    cube 3450.156 (depth 1, 20 lits): UNSAT in 1.09s
    cube 3450.157 (depth 1, 20 lits): UNSAT in 1.76s
    cube 3450.158 (depth 1, 20 lits): UNSAT in 3.57s
    cube 3450.159 (depth 1, 20 lits): UNSAT in 0.10s
    cube 3450.160 (depth 1, 20 lits): UNSAT in 0.12s
    cube 3450.161 (depth 1, 20 lits): UNSAT in 0.53s
    cube 3450.162 (depth 1, 20 lits): UNSAT in 0.21s
    cube 3450.163 (depth 1, 20 lits): UNSAT in 0.04s
    cube 3450.164 (depth 1, 20 lits): UNSAT in 0.19s
    cube 3450.165 (depth 1, 20 lits): UNSAT in 0.16s
    cube 3450.166 (depth 1, 20 lits): UNSAT in 1.10s
    cube 3450.167 (depth 1, 20 lits): UNSAT in 0.25s
    cube 3450.168 (depth 1, 20 lits): UNSAT in 1.52s
    cube 3450.169 (depth 1, 20 lits): UNSAT in 0.84s
    cube 3450.170 (depth 1, 20 lits): UNSAT in 4.88s
    cube 3450.171 (depth 1, 20 lits): UNSAT in 0.60s
    cube 3450.172 (depth 1, 20 lits): UNSAT in 1.89s
    cube 3450.173 (depth 1, 20 lits): UNSAT in 2.46s
    cube 3450.174 (depth 1, 20 lits): UNSAT in 9.76s
    cube 3450.175 (depth 1, 20 lits): UNSAT in 0.31s
    cube 3450.176 (depth 1, 20 lits): UNSAT in 0.48s
    cube 3450.177 (depth 1, 20 lits): UNSAT in 0.34s
    cube 3450.178 (depth 1, 20 lits): UNSAT in 0.98s
    cube 3450.179 (depth 1, 20 lits): UNSAT in 1.15s
    cube 3450.180 (depth 1, 20 lits): UNSAT in 3.59s
    cube 3450.181 (depth 1, 20 lits): UNSAT in 4.87s
    cube 3450.182 (depth 1, 20 lits): UNSAT in 6.78s
    cube 3450.183 (depth 1, 20 lits): UNSAT in 0.86s
    cube 3450.184 (depth 1, 20 lits): UNSAT in 1.12s
    cube 3450.185 (depth 1, 20 lits): UNSAT in 1.48s
    cube 3450.186 (depth 1, 20 lits): UNSAT in 2.67s
    cube 3450.187 (depth 1, 20 lits): UNSAT in 10.23s
    cube 3450.188 (depth 1, 20 lits): UNSAT in 122.18s
    cube 3450.189 (depth 1, 20 lits): UNSAT in 31.01s
    cube 3450.190 (depth 1, 20 lits): UNSAT in 29.52s
    cube 3450.191 (depth 1, 20 lits): UNSAT in 0.07s
    cube 3450.192 (depth 1, 20 lits): UNSAT in 0.14s
    cube 3450.193 (depth 1, 20 lits): UNSAT in 0.09s
    cube 3450.194 (depth 1, 20 lits): UNSAT in 0.08s
    cube 3450.195 (depth 1, 20 lits): UNSAT in 0.05s
    cube 3450.196 (depth 1, 20 lits): UNSAT in 0.12s
    cube 3450.197 (depth 1, 20 lits): UNSAT in 0.61s
    cube 3450.198 (depth 1, 20 lits): UNSAT in 3.11s
    cube 3450.199 (depth 1, 20 lits): UNSAT in 0.05s
    cube 3450.200 (depth 1, 20 lits): UNSAT in 0.25s
    cube 3450.201 (depth 1, 20 lits): UNSAT in 0.47s
    cube 3450.202 (depth 1, 20 lits): UNSAT in 1.81s
    cube 3450.203 (depth 1, 20 lits): UNSAT in 0.08s
    cube 3450.204 (depth 1, 20 lits): UNSAT in 0.83s
    cube 3450.205 (depth 1, 20 lits): UNSAT in 0.89s
    cube 3450.206 (depth 1, 20 lits): UNSAT in 3.97s
    cube 3450.207 (depth 1, 20 lits): UNSAT in 0.24s
    cube 3450.208 (depth 1, 20 lits): UNSAT in 0.31s
    cube 3450.209 (depth 1, 20 lits): UNSAT in 0.36s
    cube 3450.210 (depth 1, 20 lits): UNSAT in 0.44s
    cube 3450.211 (depth 1, 20 lits): UNSAT in 0.26s
    cube 3450.212 (depth 1, 20 lits): UNSAT in 1.41s
    cube 3450.213 (depth 1, 20 lits): UNSAT in 1.64s
    cube 3450.214 (depth 1, 20 lits): UNSAT in 15.01s
    cube 3450.215 (depth 1, 20 lits): UNSAT in 0.32s
    cube 3450.216 (depth 1, 20 lits): UNSAT in 1.19s
    cube 3450.217 (depth 1, 20 lits): UNSAT in 1.49s
    cube 3450.218 (depth 1, 20 lits): UNSAT in 6.20s
    cube 3450.219 (depth 1, 20 lits): UNSAT in 3.00s
    cube 3450.220 (depth 1, 20 lits): UNSAT in 6.37s
    cube 3450.221 (depth 1, 20 lits): UNSAT in 7.12s
    cube 3450.222 (depth 1, 20 lits): UNSAT in 76.57s
    cube 3450.223 (depth 1, 20 lits): UNSAT in 0.11s
    cube 3450.224 (depth 1, 20 lits): UNSAT in 0.57s
    cube 3450.225 (depth 1, 20 lits): UNSAT in 1.02s
    cube 3450.226 (depth 1, 20 lits): UNSAT in 1.04s
    cube 3450.227 (depth 1, 20 lits): UNSAT in 0.38s
    cube 3450.228 (depth 1, 20 lits): UNSAT in 1.88s
    cube 3450.229 (depth 1, 20 lits): UNSAT in 2.11s
    cube 3450.230 (depth 1, 20 lits): UNSAT in 25.01s
    cube 3450.231 (depth 1, 20 lits): UNSAT in 0.58s
    cube 3450.232 (depth 1, 20 lits): UNSAT in 3.02s
    cube 3450.233 (depth 1, 20 lits): UNSAT in 1.07s
    cube 3450.234 (depth 1, 20 lits): UNSAT in 4.14s
    cube 3450.235 (depth 1, 20 lits): UNSAT in 1.25s
    cube 3450.236 (depth 1, 20 lits): UNSAT in 10.63s
    cube 3450.237 (depth 1, 20 lits): UNSAT in 6.22s
    cube 3450.238 (depth 1, 20 lits): UNSAT in 9.11s
    cube 3450.239 (depth 1, 20 lits): UNSAT in 0.14s
    cube 3450.240 (depth 1, 20 lits): UNSAT in 0.30s
    cube 3450.241 (depth 1, 20 lits): UNSAT in 0.46s
    cube 3450.242 (depth 1, 20 lits): UNSAT in 1.27s
    cube 3450.243 (depth 1, 20 lits): UNSAT in 1.37s
    cube 3450.244 (depth 1, 20 lits): UNSAT in 6.22s
    cube 3450.245 (depth 1, 20 lits): UNSAT in 7.09s
    cube 3450.246 (depth 1, 20 lits): UNSAT in 145.31s
    cube 3450.247 (depth 1, 20 lits): UNSAT in 0.86s
    cube 3450.248 (depth 1, 20 lits): UNSAT in 1.66s
    cube 3450.249 (depth 1, 20 lits): UNSAT in 14.33s
    cube 3450.250 (depth 1, 20 lits): UNSAT in 604.81s
    cube 3450.251 (depth 1, 20 lits): UNSAT in 29.44s
    cube 3450.252 (depth 1, 20 lits): UNSAT in 396.06s
    cube 3450.253 (depth 1, 20 lits): UNSAT in 108.30s
    cube 3450.254 (depth 1, 20 lits): UNSAT in 183.99s

  shard 17 verdict: UNSAT (1 UNSAT, 0 unresolved) in 3217.9s
