  shard 12/24 (explicit): 1 of 4095 cubes, per-cube cap 1200.0s, re-split depth 7
    cube 3438 (depth 0, 12 lits): TIMEOUT in 1200.10s
    cube 3438 TIMEOUT -> re-split into 254 sub-cubes (depth 1)
    cube 3438.0 (depth 1, 19 lits): UNSAT in 0.02s
    cube 3438.1 (depth 1, 20 lits): UNSAT in 0.02s
    cube 3438.2 (depth 1, 20 lits): UNSAT in 0.02s
    cube 3438.3 (depth 1, 20 lits): UNSAT in 0.03s
    cube 3438.4 (depth 1, 20 lits): UNSAT in 0.03s
    cube 3438.5 (depth 1, 20 lits): UNSAT in 0.03s
    cube 3438.6 (depth 1, 20 lits): UNSAT in 0.07s
    cube 3438.7 (depth 1, 20 lits): UNSAT in 0.02s
    cube 3438.8 (depth 1, 20 lits): UNSAT in 0.02s
    cube 3438.9 (depth 1, 20 lits): UNSAT in 0.04s
    cube 3438.10 (depth 1, 20 lits): UNSAT in 0.05s
    cube 3438.11 (depth 1, 20 lits): UNSAT in 0.03s
    cube 3438.12 (depth 1, 20 lits): UNSAT in 0.14s
    cube 3438.13 (depth 1, 20 lits): UNSAT in 0.12s
    cube 3438.14 (depth 1, 20 lits): UNSAT in 0.25s
    cube 3438.15 (depth 1, 20 lits): UNSAT in 0.02s
    cube 3438.16 (depth 1, 20 lits): UNSAT in 0.03s
    cube 3438.17 (depth 1, 20 lits): UNSAT in 0.02s
    cube 3438.18 (depth 1, 20 lits): UNSAT in 0.10s
    cube 3438.19 (depth 1, 20 lits): UNSAT in 0.04s
    cube 3438.20 (depth 1, 20 lits): UNSAT in 0.02s
    cube 3438.21 (depth 1, 20 lits): UNSAT in 0.10s
    cube 3438.22 (depth 1, 20 lits): UNSAT in 0.28s
    cube 3438.23 (depth 1, 20 lits): UNSAT in 0.02s
    cube 3438.24 (depth 1, 20 lits): UNSAT in 0.17s
    cube 3438.25 (depth 1, 20 lits): UNSAT in 0.14s
    cube 3438.26 (depth 1, 20 lits): UNSAT in 0.29s
    cube 3438.27 (depth 1, 20 lits): UNSAT in 0.05s
    cube 3438.28 (depth 1, 20 lits): UNSAT in 0.14s
    cube 3438.29 (depth 1, 20 lits): UNSAT in 0.10s
    cube 3438.30 (depth 1, 20 lits): UNSAT in 1.00s
    cube 3438.31 (depth 1, 20 lits): UNSAT in 0.02s
    cube 3438.32 (depth 1, 20 lits): UNSAT in 0.02s
    cube 3438.33 (depth 1, 20 lits): UNSAT in 0.03s
    cube 3438.34 (depth 1, 20 lits): UNSAT in 0.04s
    cube 3438.35 (depth 1, 20 lits): UNSAT in 0.04s
    cube 3438.36 (depth 1, 20 lits): UNSAT in 0.13s
    cube 3438.37 (depth 1, 20 lits): UNSAT in 0.14s
    cube 3438.38 (depth 1, 20 lits): UNSAT in 0.13s
    cube 3438.39 (depth 1, 20 lits): UNSAT in 0.06s
    cube 3438.40 (depth 1, 20 lits): UNSAT in 0.11s
    cube 3438.41 (depth 1, 20 lits): UNSAT in 0.04s
    cube 3438.42 (depth 1, 20 lits): UNSAT in 0.49s
    cube 3438.43 (depth 1, 20 lits): UNSAT in 0.37s
    cube 3438.44 (depth 1, 20 lits): UNSAT in 0.36s
    cube 3438.45 (depth 1, 20 lits): UNSAT in 0.44s
    cube 3438.46 (depth 1, 20 lits): UNSAT in 5.17s
    cube 3438.47 (depth 1, 20 lits): UNSAT in 0.02s
    cube 3438.48 (depth 1, 20 lits): UNSAT in 0.03s
    cube 3438.49 (depth 1, 20 lits): UNSAT in 0.06s
    cube 3438.50 (depth 1, 20 lits): UNSAT in 0.19s
    cube 3438.51 (depth 1, 20 lits): UNSAT in 0.06s
    cube 3438.52 (depth 1, 20 lits): UNSAT in 0.17s
    cube 3438.53 (depth 1, 20 lits): UNSAT in 0.39s
    cube 3438.54 (depth 1, 20 lits): UNSAT in 1.23s
    cube 3438.55 (depth 1, 20 lits): UNSAT in 0.20s
    cube 3438.56 (depth 1, 20 lits): UNSAT in 0.61s
    cube 3438.57 (depth 1, 20 lits): UNSAT in 1.33s
    cube 3438.58 (depth 1, 20 lits): UNSAT in 1.66s
    cube 3438.59 (depth 1, 20 lits): UNSAT in 0.61s
    cube 3438.60 (depth 1, 20 lits): UNSAT in 3.64s
    cube 3438.61 (depth 1, 20 lits): UNSAT in 4.73s
    cube 3438.62 (depth 1, 20 lits): UNSAT in 1.52s
    cube 3438.63 (depth 1, 20 lits): UNSAT in 0.02s
    cube 3438.64 (depth 1, 20 lits): UNSAT in 0.06s
    cube 3438.65 (depth 1, 20 lits): UNSAT in 0.05s
    cube 3438.66 (depth 1, 20 lits): UNSAT in 0.09s
    cube 3438.67 (depth 1, 20 lits): UNSAT in 0.02s
    cube 3438.68 (depth 1, 20 lits): UNSAT in 0.04s
    cube 3438.69 (depth 1, 20 lits): UNSAT in 0.04s
    cube 3438.70 (depth 1, 20 lits): UNSAT in 0.23s
    cube 3438.71 (depth 1, 20 lits): UNSAT in 0.16s
    cube 3438.72 (depth 1, 20 lits): UNSAT in 0.27s
    cube 3438.73 (depth 1, 20 lits): UNSAT in 0.14s
    cube 3438.74 (depth 1, 20 lits): UNSAT in 0.51s
    cube 3438.75 (depth 1, 20 lits): UNSAT in 0.02s
    cube 3438.76 (depth 1, 20 lits): UNSAT in 0.04s
    cube 3438.77 (depth 1, 20 lits): UNSAT in 0.25s
    cube 3438.78 (depth 1, 20 lits): UNSAT in 0.74s
    cube 3438.79 (depth 1, 20 lits): UNSAT in 0.06s
    cube 3438.80 (depth 1, 20 lits): UNSAT in 0.03s
    cube 3438.81 (depth 1, 20 lits): UNSAT in 0.05s
    cube 3438.82 (depth 1, 20 lits): UNSAT in 0.17s
    cube 3438.83 (depth 1, 20 lits): UNSAT in 0.06s
    cube 3438.84 (depth 1, 20 lits): UNSAT in 0.07s
    cube 3438.85 (depth 1, 20 lits): UNSAT in 0.24s
    cube 3438.86 (depth 1, 20 lits): UNSAT in 0.25s
    cube 3438.87 (depth 1, 20 lits): UNSAT in 0.18s
    cube 3438.88 (depth 1, 20 lits): UNSAT in 0.43s
    cube 3438.89 (depth 1, 20 lits): UNSAT in 0.25s
    cube 3438.90 (depth 1, 20 lits): UNSAT in 0.73s
    cube 3438.91 (depth 1, 20 lits): UNSAT in 0.25s
    cube 3438.92 (depth 1, 20 lits): UNSAT in 0.47s
    cube 3438.93 (depth 1, 20 lits): UNSAT in 0.43s
    cube 3438.94 (depth 1, 20 lits): UNSAT in 2.35s
    cube 3438.95 (depth 1, 19 lits): UNSAT in 0.02s
    cube 3438.96 (depth 1, 20 lits): UNSAT in 0.02s
    cube 3438.97 (depth 1, 20 lits): UNSAT in 0.03s
    cube 3438.98 (depth 1, 20 lits): UNSAT in 0.09s
    cube 3438.99 (depth 1, 20 lits): UNSAT in 0.07s
    cube 3438.100 (depth 1, 20 lits): UNSAT in 0.11s
    cube 3438.101 (depth 1, 20 lits): UNSAT in 0.17s
    cube 3438.102 (depth 1, 20 lits): UNSAT in 0.07s
    cube 3438.103 (depth 1, 20 lits): UNSAT in 0.41s
    cube 3438.104 (depth 1, 20 lits): UNSAT in 0.17s
    cube 3438.105 (depth 1, 20 lits): UNSAT in 0.11s
    cube 3438.106 (depth 1, 20 lits): UNSAT in 0.32s
    cube 3438.107 (depth 1, 20 lits): UNSAT in 0.57s
    cube 3438.108 (depth 1, 20 lits): UNSAT in 1.82s
    cube 3438.109 (depth 1, 20 lits): UNSAT in 3.39s
    cube 3438.110 (depth 1, 20 lits): UNSAT in 0.09s
    cube 3438.111 (depth 1, 20 lits): UNSAT in 0.80s
    cube 3438.112 (depth 1, 20 lits): UNSAT in 1.04s
    cube 3438.113 (depth 1, 20 lits): UNSAT in 2.03s
    cube 3438.114 (depth 1, 20 lits): UNSAT in 1.15s
    cube 3438.115 (depth 1, 20 lits): UNSAT in 3.27s
    cube 3438.116 (depth 1, 20 lits): UNSAT in 0.56s
    cube 3438.117 (depth 1, 20 lits): UNSAT in 40.69s
    cube 3438.118 (depth 1, 20 lits): UNSAT in 0.39s
    cube 3438.119 (depth 1, 20 lits): UNSAT in 2.81s
    cube 3438.120 (depth 1, 20 lits): UNSAT in 2.41s
    cube 3438.121 (depth 1, 20 lits): UNSAT in 14.08s
    cube 3438.122 (depth 1, 20 lits): UNSAT in 5.45s
    cube 3438.123 (depth 1, 20 lits): UNSAT in 29.13s
    cube 3438.124 (depth 1, 20 lits): UNSAT in 44.17s
    cube 3438.125 (depth 1, 20 lits): UNSAT in 382.61s
    cube 3438.126 (depth 1, 20 lits): UNSAT in 0.02s
    cube 3438.127 (depth 1, 20 lits): UNSAT in 0.04s
    cube 3438.128 (depth 1, 20 lits): UNSAT in 0.05s
    cube 3438.129 (depth 1, 20 lits): UNSAT in 0.21s
    cube 3438.130 (depth 1, 20 lits): UNSAT in 0.04s
    cube 3438.131 (depth 1, 20 lits): UNSAT in 0.07s
    cube 3438.132 (depth 1, 20 lits): UNSAT in 0.04s
    cube 3438.133 (depth 1, 20 lits): UNSAT in 0.34s
    cube 3438.134 (depth 1, 20 lits): UNSAT in 0.03s
    cube 3438.135 (depth 1, 20 lits): UNSAT in 0.05s
    cube 3438.136 (depth 1, 20 lits): UNSAT in 0.02s
    cube 3438.137 (depth 1, 20 lits): UNSAT in 0.30s
    cube 3438.138 (depth 1, 20 lits): UNSAT in 0.10s
    cube 3438.139 (depth 1, 20 lits): UNSAT in 0.53s
    cube 3438.140 (depth 1, 20 lits): UNSAT in 0.34s
    cube 3438.141 (depth 1, 20 lits): UNSAT in 1.50s
    cube 3438.142 (depth 1, 20 lits): UNSAT in 0.06s
    cube 3438.143 (depth 1, 20 lits): UNSAT in 0.25s
    cube 3438.144 (depth 1, 20 lits): UNSAT in 0.04s
    cube 3438.145 (depth 1, 20 lits): UNSAT in 0.01s
    cube 3438.146 (depth 1, 20 lits): UNSAT in 0.22s
    cube 3438.147 (depth 1, 20 lits): UNSAT in 0.18s
    cube 3438.148 (depth 1, 20 lits): UNSAT in 0.29s
    cube 3438.149 (depth 1, 20 lits): UNSAT in 0.18s
    cube 3438.150 (depth 1, 20 lits): UNSAT in 0.13s
    cube 3438.151 (depth 1, 20 lits): UNSAT in 0.46s
    cube 3438.152 (depth 1, 20 lits): UNSAT in 0.83s
    cube 3438.153 (depth 1, 20 lits): UNSAT in 1.54s
    cube 3438.154 (depth 1, 20 lits): UNSAT in 0.31s
    cube 3438.155 (depth 1, 20 lits): UNSAT in 0.42s
    cube 3438.156 (depth 1, 20 lits): UNSAT in 1.64s
    cube 3438.157 (depth 1, 20 lits): UNSAT in 3.81s
    cube 3438.158 (depth 1, 20 lits): UNSAT in 0.05s
    cube 3438.159 (depth 1, 20 lits): UNSAT in 0.24s
    cube 3438.160 (depth 1, 20 lits): UNSAT in 0.13s
    cube 3438.161 (depth 1, 20 lits): UNSAT in 0.62s
    cube 3438.162 (depth 1, 20 lits): UNSAT in 0.21s
    cube 3438.163 (depth 1, 20 lits): UNSAT in 1.05s
    cube 3438.164 (depth 1, 20 lits): UNSAT in 0.21s
    cube 3438.165 (depth 1, 20 lits): UNSAT in 0.50s
    cube 3438.166 (depth 1, 20 lits): UNSAT in 0.18s
    cube 3438.167 (depth 1, 20 lits): UNSAT in 1.03s
    cube 3438.168 (depth 1, 20 lits): UNSAT in 1.48s
    cube 3438.169 (depth 1, 20 lits): UNSAT in 4.74s
    cube 3438.170 (depth 1, 20 lits): UNSAT in 1.51s
    cube 3438.171 (depth 1, 20 lits): UNSAT in 3.70s
    cube 3438.172 (depth 1, 20 lits): UNSAT in 0.17s
    cube 3438.173 (depth 1, 20 lits): UNSAT in 2.08s
    cube 3438.174 (depth 1, 20 lits): UNSAT in 0.08s
    cube 3438.175 (depth 1, 20 lits): UNSAT in 0.39s
    cube 3438.176 (depth 1, 20 lits): UNSAT in 0.54s
    cube 3438.177 (depth 1, 20 lits): UNSAT in 4.03s
    cube 3438.178 (depth 1, 20 lits): UNSAT in 0.21s
    cube 3438.179 (depth 1, 20 lits): UNSAT in 1.68s
    cube 3438.180 (depth 1, 20 lits): UNSAT in 1.14s
    cube 3438.181 (depth 1, 20 lits): UNSAT in 3.54s
    cube 3438.182 (depth 1, 20 lits): UNSAT in 1.76s
    cube 3438.183 (depth 1, 20 lits): UNSAT in 10.60s
    cube 3438.184 (depth 1, 20 lits): UNSAT in 5.23s
    cube 3438.185 (depth 1, 20 lits): UNSAT in 24.47s
    cube 3438.186 (depth 1, 20 lits): UNSAT in 8.77s
    cube 3438.187 (depth 1, 20 lits): UNSAT in 35.53s
    cube 3438.188 (depth 1, 20 lits): UNSAT in 58.09s
    cube 3438.189 (depth 1, 20 lits): TIMEOUT in 1200.10s
    cube 3438.189 TIMEOUT -> re-split into 252 sub-cubes (depth 2)
    cube 3438.189.0 (depth 2, 28 lits): UNSAT in 0.02s
    cube 3438.189.1 (depth 2, 28 lits): UNSAT in 0.02s
    cube 3438.189.2 (depth 2, 27 lits): UNSAT in 0.02s
    cube 3438.189.3 (depth 2, 28 lits): UNSAT in 0.02s
    cube 3438.189.4 (depth 2, 28 lits): UNSAT in 0.03s
    cube 3438.189.5 (depth 2, 28 lits): UNSAT in 0.02s
    cube 3438.189.6 (depth 2, 28 lits): UNSAT in 0.02s
    cube 3438.189.7 (depth 2, 27 lits): UNSAT in 0.01s
    cube 3438.189.8 (depth 2, 28 lits): UNSAT in 0.02s
    cube 3438.189.9 (depth 2, 28 lits): UNSAT in 0.02s
    cube 3438.189.10 (depth 2, 28 lits): UNSAT in 0.03s
    cube 3438.189.11 (depth 2, 28 lits): UNSAT in 0.02s
    cube 3438.189.12 (depth 2, 28 lits): UNSAT in 0.05s
    cube 3438.189.13 (depth 2, 28 lits): UNSAT in 0.10s
    cube 3438.189.14 (depth 2, 28 lits): UNSAT in 0.02s
    cube 3438.189.15 (depth 2, 28 lits): UNSAT in 0.02s
    cube 3438.189.16 (depth 2, 28 lits): UNSAT in 0.02s
    cube 3438.189.17 (depth 2, 28 lits): UNSAT in 0.02s
    cube 3438.189.18 (depth 2, 28 lits): UNSAT in 0.01s
    cube 3438.189.19 (depth 2, 28 lits): UNSAT in 0.02s
    cube 3438.189.20 (depth 2, 28 lits): UNSAT in 0.09s
    cube 3438.189.21 (depth 2, 28 lits): UNSAT in 0.08s
    cube 3438.189.22 (depth 2, 28 lits): UNSAT in 0.02s
    cube 3438.189.23 (depth 2, 28 lits): UNSAT in 0.03s
    cube 3438.189.24 (depth 2, 28 lits): UNSAT in 0.02s
    cube 3438.189.25 (depth 2, 28 lits): UNSAT in 0.12s
    cube 3438.189.26 (depth 2, 28 lits): UNSAT in 0.03s
    cube 3438.189.27 (depth 2, 28 lits): UNSAT in 0.12s
    cube 3438.189.28 (depth 2, 28 lits): UNSAT in 0.04s
    cube 3438.189.29 (depth 2, 28 lits): UNSAT in 0.13s
    cube 3438.189.30 (depth 2, 28 lits): UNSAT in 0.01s
    cube 3438.189.31 (depth 2, 28 lits): UNSAT in 0.01s
    cube 3438.189.32 (depth 2, 28 lits): UNSAT in 0.01s
    cube 3438.189.33 (depth 2, 28 lits): UNSAT in 0.02s
    cube 3438.189.34 (depth 2, 28 lits): UNSAT in 0.01s
    cube 3438.189.35 (depth 2, 28 lits): UNSAT in 0.01s
    cube 3438.189.36 (depth 2, 28 lits): UNSAT in 0.04s
    cube 3438.189.37 (depth 2, 28 lits): UNSAT in 0.04s
    cube 3438.189.38 (depth 2, 28 lits): UNSAT in 0.02s
    cube 3438.189.39 (depth 2, 28 lits): UNSAT in 0.03s
    cube 3438.189.40 (depth 2, 28 lits): UNSAT in 0.02s
    cube 3438.189.41 (depth 2, 28 lits): UNSAT in 0.08s
    cube 3438.189.42 (depth 2, 28 lits): UNSAT in 0.02s
    cube 3438.189.43 (depth 2, 28 lits): UNSAT in 0.10s
    cube 3438.189.44 (depth 2, 28 lits): UNSAT in 0.07s
    cube 3438.189.45 (depth 2, 28 lits): UNSAT in 0.12s
    cube 3438.189.46 (depth 2, 28 lits): UNSAT in 0.01s
    cube 3438.189.47 (depth 2, 28 lits): UNSAT in 0.02s
    cube 3438.189.48 (depth 2, 28 lits): UNSAT in 0.03s
    cube 3438.189.49 (depth 2, 28 lits): UNSAT in 0.07s
    cube 3438.189.50 (depth 2, 28 lits): UNSAT in 0.03s
    cube 3438.189.51 (depth 2, 28 lits): UNSAT in 0.05s
    cube 3438.189.52 (depth 2, 28 lits): UNSAT in 0.02s
    cube 3438.189.53 (depth 2, 28 lits): UNSAT in 0.05s
    cube 3438.189.54 (depth 2, 28 lits): UNSAT in 0.04s
    cube 3438.189.55 (depth 2, 28 lits): UNSAT in 0.05s
    cube 3438.189.56 (depth 2, 28 lits): UNSAT in 0.04s
    cube 3438.189.57 (depth 2, 28 lits): UNSAT in 0.14s
    cube 3438.189.58 (depth 2, 28 lits): UNSAT in 0.08s
    cube 3438.189.59 (depth 2, 28 lits): UNSAT in 0.11s
    cube 3438.189.60 (depth 2, 28 lits): UNSAT in 0.27s
    cube 3438.189.61 (depth 2, 28 lits): UNSAT in 0.46s
    cube 3438.189.62 (depth 2, 27 lits): UNSAT in 0.01s
    cube 3438.189.63 (depth 2, 27 lits): UNSAT in 0.01s
    cube 3438.189.64 (depth 2, 28 lits): UNSAT in 0.02s
    cube 3438.189.65 (depth 2, 28 lits): UNSAT in 0.02s
    cube 3438.189.66 (depth 2, 28 lits): UNSAT in 0.01s
    cube 3438.189.67 (depth 2, 28 lits): UNSAT in 0.02s
    cube 3438.189.68 (depth 2, 28 lits): UNSAT in 0.02s
    cube 3438.189.69 (depth 2, 28 lits): UNSAT in 0.02s
    cube 3438.189.70 (depth 2, 28 lits): UNSAT in 0.02s
    cube 3438.189.71 (depth 2, 28 lits): UNSAT in 0.03s
    cube 3438.189.72 (depth 2, 28 lits): UNSAT in 0.03s
    cube 3438.189.73 (depth 2, 28 lits): UNSAT in 0.11s
    cube 3438.189.74 (depth 2, 28 lits): UNSAT in 0.12s
    cube 3438.189.75 (depth 2, 28 lits): UNSAT in 0.19s
    cube 3438.189.76 (depth 2, 28 lits): UNSAT in 0.01s
    cube 3438.189.77 (depth 2, 28 lits): UNSAT in 0.02s
    cube 3438.189.78 (depth 2, 28 lits): UNSAT in 0.02s
    cube 3438.189.79 (depth 2, 28 lits): UNSAT in 0.02s
    cube 3438.189.80 (depth 2, 28 lits): UNSAT in 0.02s
    cube 3438.189.81 (depth 2, 28 lits): UNSAT in 0.02s
    cube 3438.189.82 (depth 2, 28 lits): UNSAT in 0.06s
    cube 3438.189.83 (depth 2, 28 lits): UNSAT in 0.10s
    cube 3438.189.84 (depth 2, 28 lits): UNSAT in 0.03s
    cube 3438.189.85 (depth 2, 28 lits): UNSAT in 0.02s
    cube 3438.189.86 (depth 2, 28 lits): UNSAT in 0.06s
    cube 3438.189.87 (depth 2, 28 lits): UNSAT in 0.05s
    cube 3438.189.88 (depth 2, 28 lits): UNSAT in 0.05s
    cube 3438.189.89 (depth 2, 28 lits): UNSAT in 0.09s
    cube 3438.189.90 (depth 2, 28 lits): UNSAT in 0.12s
    cube 3438.189.91 (depth 2, 28 lits): UNSAT in 1.07s
    cube 3438.189.92 (depth 2, 28 lits): UNSAT in 0.02s
    cube 3438.189.93 (depth 2, 28 lits): UNSAT in 0.03s
    cube 3438.189.94 (depth 2, 28 lits): UNSAT in 0.04s
    cube 3438.189.95 (depth 2, 28 lits): UNSAT in 0.17s
    cube 3438.189.96 (depth 2, 28 lits): UNSAT in 0.03s
    cube 3438.189.97 (depth 2, 28 lits): UNSAT in 0.08s
    cube 3438.189.98 (depth 2, 28 lits): UNSAT in 0.06s
    cube 3438.189.99 (depth 2, 28 lits): UNSAT in 0.32s
    cube 3438.189.100 (depth 2, 28 lits): UNSAT in 0.02s
    cube 3438.189.101 (depth 2, 28 lits): UNSAT in 0.02s
    cube 3438.189.102 (depth 2, 28 lits): UNSAT in 0.02s
    cube 3438.189.103 (depth 2, 28 lits): UNSAT in 0.22s
    cube 3438.189.104 (depth 2, 28 lits): UNSAT in 0.06s
    cube 3438.189.105 (depth 2, 28 lits): UNSAT in 0.15s
    cube 3438.189.106 (depth 2, 28 lits): UNSAT in 0.23s
    cube 3438.189.107 (depth 2, 28 lits): UNSAT in 1.61s
    cube 3438.189.108 (depth 2, 28 lits): UNSAT in 0.05s
    cube 3438.189.109 (depth 2, 28 lits): UNSAT in 0.10s
    cube 3438.189.110 (depth 2, 28 lits): UNSAT in 0.05s
    cube 3438.189.111 (depth 2, 28 lits): UNSAT in 0.68s
    cube 3438.189.112 (depth 2, 28 lits): UNSAT in 0.08s
    cube 3438.189.113 (depth 2, 28 lits): UNSAT in 0.29s
    cube 3438.189.114 (depth 2, 28 lits): UNSAT in 0.20s
    cube 3438.189.115 (depth 2, 28 lits): UNSAT in 1.38s
    cube 3438.189.116 (depth 2, 28 lits): UNSAT in 0.09s
    cube 3438.189.117 (depth 2, 28 lits): UNSAT in 0.29s
    cube 3438.189.118 (depth 2, 28 lits): UNSAT in 0.10s
    cube 3438.189.119 (depth 2, 28 lits): UNSAT in 1.58s
    cube 3438.189.120 (depth 2, 28 lits): UNSAT in 1.38s
    cube 3438.189.121 (depth 2, 28 lits): UNSAT in 2.16s
    cube 3438.189.122 (depth 2, 28 lits): UNSAT in 6.16s
    cube 3438.189.123 (depth 2, 28 lits): UNSAT in 5.03s
    cube 3438.189.124 (depth 2, 28 lits): UNSAT in 0.01s
    cube 3438.189.125 (depth 2, 28 lits): UNSAT in 0.03s
    cube 3438.189.126 (depth 2, 28 lits): UNSAT in 0.03s
    cube 3438.189.127 (depth 2, 28 lits): UNSAT in 0.05s
    cube 3438.189.128 (depth 2, 28 lits): UNSAT in 0.04s
    cube 3438.189.129 (depth 2, 28 lits): UNSAT in 0.05s
    cube 3438.189.130 (depth 2, 28 lits): UNSAT in 0.09s
    cube 3438.189.131 (depth 2, 28 lits): UNSAT in 0.08s
    cube 3438.189.132 (depth 2, 28 lits): UNSAT in 0.02s
    cube 3438.189.133 (depth 2, 28 lits): UNSAT in 0.10s
    cube 3438.189.134 (depth 2, 28 lits): UNSAT in 0.08s
    cube 3438.189.135 (depth 2, 28 lits): UNSAT in 0.22s
    cube 3438.189.136 (depth 2, 28 lits): UNSAT in 0.06s
    cube 3438.189.137 (depth 2, 28 lits): UNSAT in 0.17s
    cube 3438.189.138 (depth 2, 28 lits): UNSAT in 0.17s
    cube 3438.189.139 (depth 2, 28 lits): UNSAT in 0.29s
    cube 3438.189.140 (depth 2, 28 lits): UNSAT in 0.02s
    cube 3438.189.141 (depth 2, 28 lits): UNSAT in 0.06s
    cube 3438.189.142 (depth 2, 28 lits): UNSAT in 0.07s
    cube 3438.189.143 (depth 2, 28 lits): UNSAT in 0.14s
    cube 3438.189.144 (depth 2, 28 lits): UNSAT in 0.11s
    cube 3438.189.145 (depth 2, 28 lits): UNSAT in 0.31s
    cube 3438.189.146 (depth 2, 28 lits): UNSAT in 0.14s
    cube 3438.189.147 (depth 2, 28 lits): UNSAT in 0.66s
    cube 3438.189.148 (depth 2, 28 lits): UNSAT in 0.02s
    cube 3438.189.149 (depth 2, 28 lits): UNSAT in 0.02s
    cube 3438.189.150 (depth 2, 28 lits): UNSAT in 0.10s
    cube 3438.189.151 (depth 2, 28 lits): UNSAT in 0.09s
    cube 3438.189.152 (depth 2, 28 lits): UNSAT in 0.06s
    cube 3438.189.153 (depth 2, 28 lits): UNSAT in 0.10s
    cube 3438.189.154 (depth 2, 28 lits): UNSAT in 0.31s
    cube 3438.189.155 (depth 2, 28 lits): UNSAT in 1.25s
    cube 3438.189.156 (depth 2, 28 lits): UNSAT in 0.02s
    cube 3438.189.157 (depth 2, 28 lits): UNSAT in 0.07s
    cube 3438.189.158 (depth 2, 28 lits): UNSAT in 0.07s
    cube 3438.189.159 (depth 2, 28 lits): UNSAT in 0.11s
    cube 3438.189.160 (depth 2, 28 lits): UNSAT in 0.02s
    cube 3438.189.161 (depth 2, 28 lits): UNSAT in 0.02s
    cube 3438.189.162 (depth 2, 28 lits): UNSAT in 0.06s
    cube 3438.189.163 (depth 2, 28 lits): UNSAT in 0.22s
    cube 3438.189.164 (depth 2, 28 lits): UNSAT in 0.04s
    cube 3438.189.165 (depth 2, 28 lits): UNSAT in 0.19s
    cube 3438.189.166 (depth 2, 28 lits): UNSAT in 0.51s
    cube 3438.189.167 (depth 2, 28 lits): UNSAT in 0.91s
    cube 3438.189.168 (depth 2, 28 lits): UNSAT in 0.21s
    cube 3438.189.169 (depth 2, 28 lits): UNSAT in 0.85s
    cube 3438.189.170 (depth 2, 28 lits): UNSAT in 0.15s
    cube 3438.189.171 (depth 2, 28 lits): UNSAT in 0.65s
    cube 3438.189.172 (depth 2, 28 lits): UNSAT in 0.04s
    cube 3438.189.173 (depth 2, 28 lits): UNSAT in 0.29s
    cube 3438.189.174 (depth 2, 28 lits): UNSAT in 0.43s
    cube 3438.189.175 (depth 2, 28 lits): UNSAT in 0.98s
    cube 3438.189.176 (depth 2, 28 lits): UNSAT in 0.17s
    cube 3438.189.177 (depth 2, 28 lits): UNSAT in 0.20s
    cube 3438.189.178 (depth 2, 28 lits): UNSAT in 0.09s
    cube 3438.189.179 (depth 2, 28 lits): UNSAT in 3.09s
    cube 3438.189.180 (depth 2, 28 lits): UNSAT in 0.48s
    cube 3438.189.181 (depth 2, 28 lits): UNSAT in 1.18s
    cube 3438.189.182 (depth 2, 28 lits): UNSAT in 1.19s
    cube 3438.189.183 (depth 2, 28 lits): UNSAT in 3.30s
    cube 3438.189.184 (depth 2, 28 lits): UNSAT in 0.82s
    cube 3438.189.185 (depth 2, 28 lits): UNSAT in 4.33s
    cube 3438.189.186 (depth 2, 28 lits): UNSAT in 2.21s
    cube 3438.189.187 (depth 2, 28 lits): UNSAT in 52.52s
    cube 3438.189.188 (depth 2, 28 lits): UNSAT in 0.02s
    cube 3438.189.189 (depth 2, 28 lits): UNSAT in 0.06s
    cube 3438.189.190 (depth 2, 28 lits): UNSAT in 0.03s
    cube 3438.189.191 (depth 2, 28 lits): UNSAT in 0.11s
    cube 3438.189.192 (depth 2, 28 lits): UNSAT in 0.02s
    cube 3438.189.193 (depth 2, 28 lits): UNSAT in 0.24s
    cube 3438.189.194 (depth 2, 28 lits): UNSAT in 0.09s
    cube 3438.189.195 (depth 2, 28 lits): UNSAT in 0.52s
    cube 3438.189.196 (depth 2, 28 lits): UNSAT in 0.05s
    cube 3438.189.197 (depth 2, 28 lits): UNSAT in 0.39s
    cube 3438.189.198 (depth 2, 28 lits): UNSAT in 0.17s
    cube 3438.189.199 (depth 2, 28 lits): UNSAT in 0.89s
    cube 3438.189.200 (depth 2, 28 lits): UNSAT in 0.03s
    cube 3438.189.201 (depth 2, 28 lits): UNSAT in 0.24s
    cube 3438.189.202 (depth 2, 28 lits): UNSAT in 0.44s
    cube 3438.189.203 (depth 2, 28 lits): UNSAT in 1.17s
    cube 3438.189.204 (depth 2, 28 lits): UNSAT in 0.10s
    cube 3438.189.205 (depth 2, 28 lits): UNSAT in 0.06s
    cube 3438.189.206 (depth 2, 28 lits): UNSAT in 0.07s
    cube 3438.189.207 (depth 2, 28 lits): UNSAT in 0.19s
    cube 3438.189.208 (depth 2, 28 lits): UNSAT in 0.80s
    cube 3438.189.209 (depth 2, 28 lits): UNSAT in 0.69s
    cube 3438.189.210 (depth 2, 28 lits): UNSAT in 0.91s
    cube 3438.189.211 (depth 2, 28 lits): UNSAT in 1.43s
    cube 3438.189.212 (depth 2, 28 lits): UNSAT in 0.17s
    cube 3438.189.213 (depth 2, 28 lits): UNSAT in 0.74s
    cube 3438.189.214 (depth 2, 28 lits): UNSAT in 0.15s
    cube 3438.189.215 (depth 2, 28 lits): UNSAT in 1.76s
    cube 3438.189.216 (depth 2, 28 lits): UNSAT in 2.60s
    cube 3438.189.217 (depth 2, 28 lits): UNSAT in 6.66s
    cube 3438.189.218 (depth 2, 28 lits): UNSAT in 3.68s
    cube 3438.189.219 (depth 2, 28 lits): UNSAT in 81.07s
    cube 3438.189.220 (depth 2, 28 lits): UNSAT in 0.01s
    cube 3438.189.221 (depth 2, 28 lits): UNSAT in 0.02s
    cube 3438.189.222 (depth 2, 28 lits): UNSAT in 0.03s
    cube 3438.189.223 (depth 2, 28 lits): UNSAT in 0.08s
    cube 3438.189.224 (depth 2, 28 lits): UNSAT in 0.07s
    cube 3438.189.225 (depth 2, 28 lits): UNSAT in 0.19s
    cube 3438.189.226 (depth 2, 28 lits): UNSAT in 0.28s
    cube 3438.189.227 (depth 2, 28 lits): UNSAT in 0.48s
    cube 3438.189.228 (depth 2, 28 lits): UNSAT in 0.05s
    cube 3438.189.229 (depth 2, 28 lits): UNSAT in 0.23s
    cube 3438.189.230 (depth 2, 28 lits): UNSAT in 0.32s
    cube 3438.189.231 (depth 2, 28 lits): UNSAT in 0.50s
    cube 3438.189.232 (depth 2, 28 lits): UNSAT in 0.05s
    cube 3438.189.233 (depth 2, 28 lits): UNSAT in 0.20s
    cube 3438.189.234 (depth 2, 28 lits): UNSAT in 0.89s
    cube 3438.189.235 (depth 2, 28 lits): UNSAT in 2.34s
    cube 3438.189.236 (depth 2, 28 lits): UNSAT in 0.02s
    cube 3438.189.237 (depth 2, 28 lits): UNSAT in 0.10s
    cube 3438.189.238 (depth 2, 28 lits): UNSAT in 0.31s
    cube 3438.189.239 (depth 2, 28 lits): UNSAT in 1.43s
    cube 3438.189.240 (depth 2, 28 lits): UNSAT in 0.12s
    cube 3438.189.241 (depth 2, 28 lits): UNSAT in 0.85s
    cube 3438.189.242 (depth 2, 28 lits): UNSAT in 0.22s
    cube 3438.189.243 (depth 2, 28 lits): UNSAT in 1.54s
    cube 3438.189.244 (depth 2, 28 lits): UNSAT in 0.14s
    cube 3438.189.245 (depth 2, 28 lits): UNSAT in 0.33s
    cube 3438.189.246 (depth 2, 28 lits): UNSAT in 2.46s
    cube 3438.189.247 (depth 2, 28 lits): UNSAT in 2.66s
    cube 3438.189.248 (depth 2, 28 lits): UNSAT in 1.15s
    cube 3438.189.249 (depth 2, 28 lits): UNSAT in 2.56s
    cube 3438.189.250 (depth 2, 28 lits): UNSAT in 7.54s
    cube 3438.189.251 (depth 2, 28 lits): UNSAT in 46.33s
    cube 3438.190 (depth 1, 20 lits): UNSAT in 0.04s
    cube 3438.191 (depth 1, 20 lits): UNSAT in 0.05s
    cube 3438.192 (depth 1, 20 lits): UNSAT in 0.01s
    cube 3438.193 (depth 1, 20 lits): UNSAT in 0.12s
    cube 3438.194 (depth 1, 20 lits): UNSAT in 0.05s
    cube 3438.195 (depth 1, 20 lits): UNSAT in 0.08s
    cube 3438.196 (depth 1, 20 lits): UNSAT in 0.02s
    cube 3438.197 (depth 1, 20 lits): UNSAT in 0.33s
    cube 3438.198 (depth 1, 20 lits): UNSAT in 0.14s
    cube 3438.199 (depth 1, 20 lits): UNSAT in 0.24s
    cube 3438.200 (depth 1, 20 lits): UNSAT in 0.39s
    cube 3438.201 (depth 1, 20 lits): UNSAT in 0.39s
    cube 3438.202 (depth 1, 20 lits): UNSAT in 0.73s
    cube 3438.203 (depth 1, 20 lits): UNSAT in 0.51s
    cube 3438.204 (depth 1, 20 lits): UNSAT in 2.75s
    cube 3438.205 (depth 1, 20 lits): UNSAT in 14.18s
    cube 3438.206 (depth 1, 20 lits): UNSAT in 0.07s
    cube 3438.207 (depth 1, 20 lits): UNSAT in 0.21s
    cube 3438.208 (depth 1, 20 lits): UNSAT in 0.09s
    cube 3438.209 (depth 1, 20 lits): UNSAT in 1.05s
    cube 3438.210 (depth 1, 20 lits): UNSAT in 0.38s
    cube 3438.211 (depth 1, 20 lits): UNSAT in 3.45s
    cube 3438.212 (depth 1, 20 lits): UNSAT in 4.07s
    cube 3438.213 (depth 1, 20 lits): UNSAT in 21.76s
    cube 3438.214 (depth 1, 20 lits): UNSAT in 0.41s
    cube 3438.215 (depth 1, 20 lits): UNSAT in 3.28s
    cube 3438.216 (depth 1, 20 lits): UNSAT in 2.07s
    cube 3438.217 (depth 1, 20 lits): UNSAT in 100.83s
    cube 3438.218 (depth 1, 20 lits): UNSAT in 8.80s
    cube 3438.219 (depth 1, 20 lits): UNSAT in 61.67s
    cube 3438.220 (depth 1, 20 lits): UNSAT in 217.15s
    cube 3438.221 (depth 1, 20 lits): TIMEOUT in 1200.10s
    cube 3438.221 TIMEOUT -> re-split into 246 sub-cubes (depth 2)
    cube 3438.221.0 (depth 2, 26 lits): UNSAT in 0.02s
    cube 3438.221.1 (depth 2, 28 lits): UNSAT in 0.01s
    cube 3438.221.2 (depth 2, 28 lits): UNSAT in 0.02s
    cube 3438.221.3 (depth 2, 28 lits): UNSAT in 0.02s
    cube 3438.221.4 (depth 2, 28 lits): UNSAT in 0.02s
    cube 3438.221.5 (depth 2, 27 lits): UNSAT in 0.01s
    cube 3438.221.6 (depth 2, 27 lits): UNSAT in 0.01s
    cube 3438.221.7 (depth 2, 28 lits): UNSAT in 0.02s
    cube 3438.221.8 (depth 2, 28 lits): UNSAT in 0.05s
    cube 3438.221.9 (depth 2, 28 lits): UNSAT in 0.04s
    cube 3438.221.10 (depth 2, 28 lits): UNSAT in 0.10s
    cube 3438.221.11 (depth 2, 28 lits): UNSAT in 0.02s
    cube 3438.221.12 (depth 2, 28 lits): UNSAT in 0.02s
    cube 3438.221.13 (depth 2, 28 lits): UNSAT in 0.02s
    cube 3438.221.14 (depth 2, 28 lits): UNSAT in 0.02s
    cube 3438.221.15 (depth 2, 28 lits): UNSAT in 0.03s
    cube 3438.221.16 (depth 2, 28 lits): UNSAT in 0.06s
    cube 3438.221.17 (depth 2, 28 lits): UNSAT in 0.08s
    cube 3438.221.18 (depth 2, 28 lits): UNSAT in 0.07s
    cube 3438.221.19 (depth 2, 28 lits): UNSAT in 0.02s
    cube 3438.221.20 (depth 2, 28 lits): UNSAT in 0.02s
    cube 3438.221.21 (depth 2, 28 lits): UNSAT in 0.05s
    cube 3438.221.22 (depth 2, 28 lits): UNSAT in 0.25s
    cube 3438.221.23 (depth 2, 28 lits): UNSAT in 0.01s
    cube 3438.221.24 (depth 2, 28 lits): UNSAT in 0.10s
    cube 3438.221.25 (depth 2, 28 lits): UNSAT in 0.05s
    cube 3438.221.26 (depth 2, 28 lits): UNSAT in 0.21s
    cube 3438.221.27 (depth 2, 27 lits): UNSAT in 0.01s
    cube 3438.221.28 (depth 2, 28 lits): UNSAT in 0.02s
    cube 3438.221.29 (depth 2, 28 lits): UNSAT in 0.03s
    cube 3438.221.30 (depth 2, 28 lits): UNSAT in 0.01s
    cube 3438.221.31 (depth 2, 28 lits): UNSAT in 0.02s
    cube 3438.221.32 (depth 2, 28 lits): UNSAT in 0.03s
    cube 3438.221.33 (depth 2, 28 lits): UNSAT in 0.06s
    cube 3438.221.34 (depth 2, 28 lits): UNSAT in 0.02s
    cube 3438.221.35 (depth 2, 28 lits): UNSAT in 0.03s
    cube 3438.221.36 (depth 2, 28 lits): UNSAT in 0.02s
    cube 3438.221.37 (depth 2, 28 lits): UNSAT in 0.11s
    cube 3438.221.38 (depth 2, 28 lits): UNSAT in 0.02s
    cube 3438.221.39 (depth 2, 28 lits): UNSAT in 0.11s
    cube 3438.221.40 (depth 2, 28 lits): UNSAT in 0.09s
    cube 3438.221.41 (depth 2, 28 lits): UNSAT in 0.61s
    cube 3438.221.42 (depth 2, 28 lits): UNSAT in 0.03s
    cube 3438.221.43 (depth 2, 28 lits): UNSAT in 0.02s
    cube 3438.221.44 (depth 2, 28 lits): UNSAT in 0.02s
    cube 3438.221.45 (depth 2, 28 lits): UNSAT in 0.02s
    cube 3438.221.46 (depth 2, 27 lits): UNSAT in 0.02s
    cube 3438.221.47 (depth 2, 28 lits): UNSAT in 0.02s
    cube 3438.221.48 (depth 2, 28 lits): UNSAT in 0.05s
    cube 3438.221.49 (depth 2, 28 lits): UNSAT in 0.05s
    cube 3438.221.50 (depth 2, 28 lits): UNSAT in 0.05s
    cube 3438.221.51 (depth 2, 28 lits): UNSAT in 0.06s
    cube 3438.221.52 (depth 2, 28 lits): UNSAT in 0.14s
    cube 3438.221.53 (depth 2, 28 lits): UNSAT in 0.03s
    cube 3438.221.54 (depth 2, 28 lits): UNSAT in 0.19s
    cube 3438.221.55 (depth 2, 28 lits): UNSAT in 0.29s
    cube 3438.221.56 (depth 2, 28 lits): UNSAT in 1.80s
    cube 3438.221.57 (depth 2, 27 lits): UNSAT in 0.01s
    cube 3438.221.58 (depth 2, 27 lits): UNSAT in 0.02s
    cube 3438.221.59 (depth 2, 28 lits): UNSAT in 0.02s
    cube 3438.221.60 (depth 2, 28 lits): UNSAT in 0.02s
    cube 3438.221.61 (depth 2, 28 lits): UNSAT in 0.02s
    cube 3438.221.62 (depth 2, 28 lits): UNSAT in 0.02s
    cube 3438.221.63 (depth 2, 28 lits): UNSAT in 0.01s
    cube 3438.221.64 (depth 2, 28 lits): UNSAT in 0.02s
    cube 3438.221.65 (depth 2, 28 lits): UNSAT in 0.03s
    cube 3438.221.66 (depth 2, 28 lits): UNSAT in 0.12s
    cube 3438.221.67 (depth 2, 28 lits): UNSAT in 0.02s
    cube 3438.221.68 (depth 2, 28 lits): UNSAT in 0.06s
    cube 3438.221.69 (depth 2, 28 lits): UNSAT in 0.04s
    cube 3438.221.70 (depth 2, 28 lits): UNSAT in 0.03s
    cube 3438.221.71 (depth 2, 28 lits): UNSAT in 0.02s
    cube 3438.221.72 (depth 2, 28 lits): UNSAT in 0.07s
    cube 3438.221.73 (depth 2, 28 lits): UNSAT in 0.07s
    cube 3438.221.74 (depth 2, 28 lits): UNSAT in 0.13s
    cube 3438.221.75 (depth 2, 28 lits): UNSAT in 0.04s
    cube 3438.221.76 (depth 2, 28 lits): UNSAT in 0.17s
    cube 3438.221.77 (depth 2, 28 lits): UNSAT in 0.23s
    cube 3438.221.78 (depth 2, 28 lits): UNSAT in 0.16s
    cube 3438.221.79 (depth 2, 28 lits): UNSAT in 0.05s
    cube 3438.221.80 (depth 2, 28 lits): UNSAT in 0.17s
    cube 3438.221.81 (depth 2, 28 lits): UNSAT in 0.14s
    cube 3438.221.82 (depth 2, 28 lits): UNSAT in 0.16s
    cube 3438.221.83 (depth 2, 28 lits): UNSAT in 0.13s
    cube 3438.221.84 (depth 2, 28 lits): UNSAT in 0.07s
    cube 3438.221.85 (depth 2, 28 lits): UNSAT in 0.63s
    cube 3438.221.86 (depth 2, 28 lits): UNSAT in 1.64s
    cube 3438.221.87 (depth 2, 28 lits): UNSAT in 0.01s
    cube 3438.221.88 (depth 2, 28 lits): UNSAT in 0.02s
    cube 3438.221.89 (depth 2, 28 lits): UNSAT in 0.05s
    cube 3438.221.90 (depth 2, 28 lits): UNSAT in 0.06s
    cube 3438.221.91 (depth 2, 28 lits): UNSAT in 0.03s
    cube 3438.221.92 (depth 2, 28 lits): UNSAT in 0.05s
    cube 3438.221.93 (depth 2, 28 lits): UNSAT in 0.07s
    cube 3438.221.94 (depth 2, 28 lits): UNSAT in 0.40s
    cube 3438.221.95 (depth 2, 28 lits): UNSAT in 0.04s
    cube 3438.221.96 (depth 2, 28 lits): UNSAT in 0.07s
    cube 3438.221.97 (depth 2, 28 lits): UNSAT in 0.21s
    cube 3438.221.98 (depth 2, 28 lits): UNSAT in 0.42s
    cube 3438.221.99 (depth 2, 28 lits): UNSAT in 0.09s
    cube 3438.221.100 (depth 2, 28 lits): UNSAT in 0.33s
    cube 3438.221.101 (depth 2, 28 lits): UNSAT in 0.68s
    cube 3438.221.102 (depth 2, 28 lits): UNSAT in 3.05s
    cube 3438.221.103 (depth 2, 28 lits): UNSAT in 0.03s
    cube 3438.221.104 (depth 2, 28 lits): UNSAT in 0.24s
    cube 3438.221.105 (depth 2, 28 lits): UNSAT in 0.25s
    cube 3438.221.106 (depth 2, 28 lits): UNSAT in 0.41s
    cube 3438.221.107 (depth 2, 28 lits): UNSAT in 0.58s
    cube 3438.221.108 (depth 2, 28 lits): UNSAT in 0.40s
    cube 3438.221.109 (depth 2, 28 lits): UNSAT in 0.11s
    cube 3438.221.110 (depth 2, 28 lits): UNSAT in 1.21s
    cube 3438.221.111 (depth 2, 28 lits): UNSAT in 0.40s
    cube 3438.221.112 (depth 2, 28 lits): UNSAT in 3.42s
    cube 3438.221.113 (depth 2, 28 lits): UNSAT in 0.46s
    cube 3438.221.114 (depth 2, 28 lits): UNSAT in 4.05s
    cube 3438.221.115 (depth 2, 28 lits): UNSAT in 3.77s
    cube 3438.221.116 (depth 2, 28 lits): UNSAT in 4.10s
    cube 3438.221.117 (depth 2, 28 lits): UNSAT in 12.39s
    cube 3438.221.118 (depth 2, 28 lits): UNSAT in 49.17s
    cube 3438.221.119 (depth 2, 28 lits): UNSAT in 0.02s
    cube 3438.221.120 (depth 2, 28 lits): UNSAT in 0.02s
    cube 3438.221.121 (depth 2, 28 lits): UNSAT in 0.02s
    cube 3438.221.122 (depth 2, 28 lits): UNSAT in 0.05s
    cube 3438.221.123 (depth 2, 28 lits): UNSAT in 0.02s
    cube 3438.221.124 (depth 2, 28 lits): UNSAT in 0.03s
    cube 3438.221.125 (depth 2, 28 lits): UNSAT in 0.03s
    cube 3438.221.126 (depth 2, 28 lits): UNSAT in 0.10s
    cube 3438.221.127 (depth 2, 28 lits): UNSAT in 0.02s
    cube 3438.221.128 (depth 2, 28 lits): UNSAT in 0.02s
    cube 3438.221.129 (depth 2, 28 lits): UNSAT in 0.01s
    cube 3438.221.130 (depth 2, 28 lits): UNSAT in 0.02s
    cube 3438.221.131 (depth 2, 28 lits): UNSAT in 0.06s
    cube 3438.221.132 (depth 2, 28 lits): UNSAT in 0.07s
    cube 3438.221.133 (depth 2, 28 lits): UNSAT in 0.05s
    cube 3438.221.134 (depth 2, 28 lits): UNSAT in 0.21s
    cube 3438.221.135 (depth 2, 27 lits): UNSAT in 0.02s
    cube 3438.221.136 (depth 2, 28 lits): UNSAT in 0.02s
    cube 3438.221.137 (depth 2, 28 lits): UNSAT in 0.04s
    cube 3438.221.138 (depth 2, 28 lits): UNSAT in 0.03s
    cube 3438.221.139 (depth 2, 28 lits): UNSAT in 0.06s
    cube 3438.221.140 (depth 2, 28 lits): UNSAT in 0.03s
    cube 3438.221.141 (depth 2, 28 lits): UNSAT in 0.17s
    cube 3438.221.142 (depth 2, 28 lits): UNSAT in 0.01s
    cube 3438.221.143 (depth 2, 28 lits): UNSAT in 0.03s
    cube 3438.221.144 (depth 2, 28 lits): UNSAT in 0.09s
    cube 3438.221.145 (depth 2, 28 lits): UNSAT in 0.28s
    cube 3438.221.146 (depth 2, 28 lits): UNSAT in 0.26s
    cube 3438.221.147 (depth 2, 28 lits): UNSAT in 0.57s
    cube 3438.221.148 (depth 2, 28 lits): UNSAT in 0.33s
    cube 3438.221.149 (depth 2, 28 lits): UNSAT in 3.67s
    cube 3438.221.150 (depth 2, 28 lits): UNSAT in 0.02s
    cube 3438.221.151 (depth 2, 28 lits): UNSAT in 0.03s
    cube 3438.221.152 (depth 2, 28 lits): UNSAT in 0.02s
    cube 3438.221.153 (depth 2, 28 lits): UNSAT in 0.09s
    cube 3438.221.154 (depth 2, 28 lits): UNSAT in 0.08s
    cube 3438.221.155 (depth 2, 28 lits): UNSAT in 0.14s
    cube 3438.221.156 (depth 2, 28 lits): UNSAT in 0.13s
    cube 3438.221.157 (depth 2, 28 lits): UNSAT in 0.51s
    cube 3438.221.158 (depth 2, 28 lits): UNSAT in 0.12s
    cube 3438.221.159 (depth 2, 28 lits): UNSAT in 0.22s
    cube 3438.221.160 (depth 2, 28 lits): UNSAT in 0.09s
    cube 3438.221.161 (depth 2, 28 lits): UNSAT in 0.18s
    cube 3438.221.162 (depth 2, 28 lits): UNSAT in 0.05s
    cube 3438.221.163 (depth 2, 28 lits): UNSAT in 0.26s
    cube 3438.221.164 (depth 2, 28 lits): UNSAT in 0.72s
    cube 3438.221.165 (depth 2, 28 lits): UNSAT in 1.01s
    cube 3438.221.166 (depth 2, 28 lits): UNSAT in 0.03s
    cube 3438.221.167 (depth 2, 28 lits): UNSAT in 0.20s
    cube 3438.221.168 (depth 2, 28 lits): UNSAT in 0.34s
    cube 3438.221.169 (depth 2, 28 lits): UNSAT in 0.47s
    cube 3438.221.170 (depth 2, 28 lits): UNSAT in 0.08s
    cube 3438.221.171 (depth 2, 28 lits): UNSAT in 0.18s
    cube 3438.221.172 (depth 2, 28 lits): UNSAT in 0.74s
    cube 3438.221.173 (depth 2, 28 lits): UNSAT in 12.05s
    cube 3438.221.174 (depth 2, 28 lits): UNSAT in 0.46s
    cube 3438.221.175 (depth 2, 28 lits): UNSAT in 0.50s
    cube 3438.221.176 (depth 2, 28 lits): UNSAT in 0.38s
    cube 3438.221.177 (depth 2, 28 lits): UNSAT in 1.48s
    cube 3438.221.178 (depth 2, 28 lits): UNSAT in 1.09s
    cube 3438.221.179 (depth 2, 28 lits): UNSAT in 17.52s
    cube 3438.221.180 (depth 2, 28 lits): UNSAT in 6.12s
    cube 3438.221.181 (depth 2, 28 lits): UNSAT in 132.76s
    cube 3438.221.182 (depth 2, 28 lits): UNSAT in 0.02s
    cube 3438.221.183 (depth 2, 28 lits): UNSAT in 0.01s
    cube 3438.221.184 (depth 2, 28 lits): UNSAT in 0.03s
    cube 3438.221.185 (depth 2, 28 lits): UNSAT in 0.04s
    cube 3438.221.186 (depth 2, 28 lits): UNSAT in 0.02s
    cube 3438.221.187 (depth 2, 28 lits): UNSAT in 0.03s
    cube 3438.221.188 (depth 2, 28 lits): UNSAT in 0.03s
    cube 3438.221.189 (depth 2, 28 lits): UNSAT in 0.09s
    cube 3438.221.190 (depth 2, 28 lits): UNSAT in 0.01s
    cube 3438.221.191 (depth 2, 28 lits): UNSAT in 0.02s
    cube 3438.221.192 (depth 2, 28 lits): UNSAT in 0.01s
    cube 3438.221.193 (depth 2, 28 lits): UNSAT in 0.01s
    cube 3438.221.194 (depth 2, 28 lits): UNSAT in 0.05s
    cube 3438.221.195 (depth 2, 28 lits): UNSAT in 0.09s
    cube 3438.221.196 (depth 2, 28 lits): UNSAT in 0.04s
    cube 3438.221.197 (depth 2, 28 lits): UNSAT in 0.16s
    cube 3438.221.198 (depth 2, 28 lits): UNSAT in 0.02s
    cube 3438.221.199 (depth 2, 28 lits): UNSAT in 0.02s
    cube 3438.221.200 (depth 2, 28 lits): UNSAT in 0.01s
    cube 3438.221.201 (depth 2, 28 lits): UNSAT in 0.03s
    cube 3438.221.202 (depth 2, 28 lits): UNSAT in 0.02s
    cube 3438.221.203 (depth 2, 28 lits): UNSAT in 0.05s
    cube 3438.221.204 (depth 2, 28 lits): UNSAT in 0.03s
    cube 3438.221.205 (depth 2, 28 lits): UNSAT in 0.12s
    cube 3438.221.206 (depth 2, 28 lits): UNSAT in 0.03s
    cube 3438.221.207 (depth 2, 28 lits): UNSAT in 0.12s
    cube 3438.221.208 (depth 2, 28 lits): UNSAT in 0.17s
    cube 3438.221.209 (depth 2, 28 lits): UNSAT in 0.97s
    cube 3438.221.210 (depth 2, 28 lits): UNSAT in 0.04s
    cube 3438.221.211 (depth 2, 28 lits): UNSAT in 0.56s
    cube 3438.221.212 (depth 2, 28 lits): UNSAT in 0.37s
    cube 3438.221.213 (depth 2, 28 lits): UNSAT in 7.39s
    cube 3438.221.214 (depth 2, 28 lits): UNSAT in 0.03s
    cube 3438.221.215 (depth 2, 28 lits): UNSAT in 0.09s
    cube 3438.221.216 (depth 2, 28 lits): UNSAT in 0.04s
    cube 3438.221.217 (depth 2, 28 lits): UNSAT in 0.14s
    cube 3438.221.218 (depth 2, 28 lits): UNSAT in 0.03s
    cube 3438.221.219 (depth 2, 28 lits): UNSAT in 0.06s
    cube 3438.221.220 (depth 2, 28 lits): UNSAT in 0.03s
    cube 3438.221.221 (depth 2, 28 lits): UNSAT in 0.43s
    cube 3438.221.222 (depth 2, 28 lits): UNSAT in 0.07s
    cube 3438.221.223 (depth 2, 28 lits): UNSAT in 0.22s
    cube 3438.221.224 (depth 2, 28 lits): UNSAT in 0.16s
    cube 3438.221.225 (depth 2, 28 lits): UNSAT in 2.05s
    cube 3438.221.226 (depth 2, 28 lits): UNSAT in 0.44s
    cube 3438.221.227 (depth 2, 28 lits): UNSAT in 0.27s
    cube 3438.221.228 (depth 2, 28 lits): UNSAT in 0.32s
    cube 3438.221.229 (depth 2, 28 lits): UNSAT in 2.30s
    cube 3438.221.230 (depth 2, 28 lits): UNSAT in 0.03s
    cube 3438.221.231 (depth 2, 28 lits): UNSAT in 0.10s
    cube 3438.221.232 (depth 2, 28 lits): UNSAT in 0.06s
    cube 3438.221.233 (depth 2, 28 lits): UNSAT in 0.63s
    cube 3438.221.234 (depth 2, 28 lits): UNSAT in 0.12s
    cube 3438.221.235 (depth 2, 28 lits): UNSAT in 0.77s
    cube 3438.221.236 (depth 2, 28 lits): UNSAT in 0.16s
    cube 3438.221.237 (depth 2, 28 lits): UNSAT in 17.68s
    cube 3438.221.238 (depth 2, 28 lits): UNSAT in 0.18s
    cube 3438.221.239 (depth 2, 28 lits): UNSAT in 1.74s
    cube 3438.221.240 (depth 2, 28 lits): UNSAT in 0.57s
    cube 3438.221.241 (depth 2, 28 lits): UNSAT in 2.21s
    cube 3438.221.242 (depth 2, 28 lits): UNSAT in 0.39s
    cube 3438.221.243 (depth 2, 28 lits): UNSAT in 12.53s
    cube 3438.221.244 (depth 2, 28 lits): UNSAT in 6.27s
    cube 3438.221.245 (depth 2, 28 lits): UNSAT in 153.14s
    cube 3438.222 (depth 1, 20 lits): UNSAT in 0.25s
    cube 3438.223 (depth 1, 20 lits): UNSAT in 1.37s
    cube 3438.224 (depth 1, 20 lits): UNSAT in 0.61s
    cube 3438.225 (depth 1, 20 lits): UNSAT in 3.63s
    cube 3438.226 (depth 1, 20 lits): UNSAT in 0.24s
    cube 3438.227 (depth 1, 20 lits): UNSAT in 2.80s
    cube 3438.228 (depth 1, 20 lits): UNSAT in 0.45s
    cube 3438.229 (depth 1, 20 lits): UNSAT in 5.52s
    cube 3438.230 (depth 1, 20 lits): UNSAT in 0.18s
    cube 3438.231 (depth 1, 20 lits): UNSAT in 0.31s
    cube 3438.232 (depth 1, 20 lits): UNSAT in 1.37s
    cube 3438.233 (depth 1, 20 lits): UNSAT in 4.92s
    cube 3438.234 (depth 1, 20 lits): UNSAT in 3.01s
    cube 3438.235 (depth 1, 20 lits): UNSAT in 20.09s
    cube 3438.236 (depth 1, 20 lits): UNSAT in 32.61s
    cube 3438.237 (depth 1, 20 lits): UNSAT in 225.90s
    cube 3438.238 (depth 1, 20 lits): UNSAT in 1.55s
    cube 3438.239 (depth 1, 20 lits): UNSAT in 6.13s
    cube 3438.240 (depth 1, 20 lits): UNSAT in 9.40s
    cube 3438.241 (depth 1, 20 lits): UNSAT in 9.68s
    cube 3438.242 (depth 1, 20 lits): UNSAT in 5.84s
    cube 3438.243 (depth 1, 20 lits): UNSAT in 10.05s
    cube 3438.244 (depth 1, 20 lits): UNSAT in 18.75s
    cube 3438.245 (depth 1, 20 lits): TIMEOUT in 1200.09s
    cube 3438.245 TIMEOUT -> re-split into 252 sub-cubes (depth 2)
    cube 3438.245.0 (depth 2, 27 lits): UNSAT in 0.01s
    cube 3438.245.1 (depth 2, 27 lits): UNSAT in 0.01s
    cube 3438.245.2 (depth 2, 27 lits): UNSAT in 0.01s
    cube 3438.245.3 (depth 2, 27 lits): UNSAT in 0.02s
    cube 3438.245.4 (depth 2, 28 lits): UNSAT in 0.01s
    cube 3438.245.5 (depth 2, 28 lits): UNSAT in 0.02s
    cube 3438.245.6 (depth 2, 28 lits): UNSAT in 0.01s
    cube 3438.245.7 (depth 2, 28 lits): UNSAT in 0.02s
    cube 3438.245.8 (depth 2, 28 lits): UNSAT in 0.01s
    cube 3438.245.9 (depth 2, 28 lits): UNSAT in 0.02s
    cube 3438.245.10 (depth 2, 28 lits): UNSAT in 0.02s
    cube 3438.245.11 (depth 2, 28 lits): UNSAT in 0.02s
    cube 3438.245.12 (depth 2, 28 lits): UNSAT in 0.02s
    cube 3438.245.13 (depth 2, 28 lits): UNSAT in 0.02s
    cube 3438.245.14 (depth 2, 28 lits): UNSAT in 0.02s
    cube 3438.245.15 (depth 2, 28 lits): UNSAT in 0.03s
    cube 3438.245.16 (depth 2, 28 lits): UNSAT in 0.01s
    cube 3438.245.17 (depth 2, 28 lits): UNSAT in 0.02s
    cube 3438.245.18 (depth 2, 28 lits): UNSAT in 0.03s
    cube 3438.245.19 (depth 2, 28 lits): UNSAT in 0.09s
    cube 3438.245.20 (depth 2, 28 lits): UNSAT in 0.01s
    cube 3438.245.21 (depth 2, 28 lits): UNSAT in 0.02s
    cube 3438.245.22 (depth 2, 28 lits): UNSAT in 0.02s
    cube 3438.245.23 (depth 2, 28 lits): UNSAT in 0.03s
    cube 3438.245.24 (depth 2, 28 lits): UNSAT in 0.08s
    cube 3438.245.25 (depth 2, 28 lits): UNSAT in 0.16s
    cube 3438.245.26 (depth 2, 28 lits): UNSAT in 0.17s
    cube 3438.245.27 (depth 2, 28 lits): UNSAT in 0.32s
    cube 3438.245.28 (depth 2, 28 lits): UNSAT in 0.01s
    cube 3438.245.29 (depth 2, 28 lits): UNSAT in 0.02s
    cube 3438.245.30 (depth 2, 28 lits): UNSAT in 0.02s
    cube 3438.245.31 (depth 2, 28 lits): UNSAT in 0.04s
    cube 3438.245.32 (depth 2, 28 lits): UNSAT in 0.02s
    cube 3438.245.33 (depth 2, 28 lits): UNSAT in 0.03s
    cube 3438.245.34 (depth 2, 28 lits): UNSAT in 0.02s
    cube 3438.245.35 (depth 2, 28 lits): UNSAT in 0.06s
    cube 3438.245.36 (depth 2, 28 lits): UNSAT in 0.02s
    cube 3438.245.37 (depth 2, 28 lits): UNSAT in 0.09s
    cube 3438.245.38 (depth 2, 28 lits): UNSAT in 0.05s
    cube 3438.245.39 (depth 2, 28 lits): UNSAT in 0.11s
    cube 3438.245.40 (depth 2, 28 lits): UNSAT in 0.05s
    cube 3438.245.41 (depth 2, 28 lits): UNSAT in 0.13s
    cube 3438.245.42 (depth 2, 28 lits): UNSAT in 0.12s
    cube 3438.245.43 (depth 2, 28 lits): UNSAT in 0.44s
    cube 3438.245.44 (depth 2, 28 lits): UNSAT in 0.02s
    cube 3438.245.45 (depth 2, 28 lits): UNSAT in 0.04s
    cube 3438.245.46 (depth 2, 28 lits): UNSAT in 0.04s
    cube 3438.245.47 (depth 2, 28 lits): UNSAT in 0.14s
    cube 3438.245.48 (depth 2, 28 lits): UNSAT in 0.06s
    cube 3438.245.49 (depth 2, 28 lits): UNSAT in 0.21s
    cube 3438.245.50 (depth 2, 28 lits): UNSAT in 0.18s
    cube 3438.245.51 (depth 2, 28 lits): UNSAT in 0.62s
    cube 3438.245.52 (depth 2, 28 lits): UNSAT in 0.05s
    cube 3438.245.53 (depth 2, 28 lits): UNSAT in 0.11s
    cube 3438.245.54 (depth 2, 28 lits): UNSAT in 0.03s
    cube 3438.245.55 (depth 2, 28 lits): UNSAT in 0.14s
    cube 3438.245.56 (depth 2, 28 lits): UNSAT in 0.08s
    cube 3438.245.57 (depth 2, 28 lits): UNSAT in 0.06s
    cube 3438.245.58 (depth 2, 28 lits): UNSAT in 0.32s
    cube 3438.245.59 (depth 2, 28 lits): UNSAT in 0.50s
    cube 3438.245.60 (depth 2, 28 lits): UNSAT in 0.02s
    cube 3438.245.61 (depth 2, 28 lits): UNSAT in 0.02s
    cube 3438.245.62 (depth 2, 28 lits): UNSAT in 0.01s
    cube 3438.245.63 (depth 2, 28 lits): UNSAT in 0.02s
    cube 3438.245.64 (depth 2, 28 lits): UNSAT in 0.02s
    cube 3438.245.65 (depth 2, 28 lits): UNSAT in 0.05s
    cube 3438.245.66 (depth 2, 28 lits): UNSAT in 0.03s
    cube 3438.245.67 (depth 2, 28 lits): UNSAT in 0.08s
    cube 3438.245.68 (depth 2, 28 lits): UNSAT in 0.02s
    cube 3438.245.69 (depth 2, 28 lits): UNSAT in 0.03s
    cube 3438.245.70 (depth 2, 28 lits): UNSAT in 0.05s
    cube 3438.245.71 (depth 2, 28 lits): UNSAT in 0.07s
    cube 3438.245.72 (depth 2, 28 lits): UNSAT in 0.08s
    cube 3438.245.73 (depth 2, 28 lits): UNSAT in 0.06s
    cube 3438.245.74 (depth 2, 28 lits): UNSAT in 0.20s
    cube 3438.245.75 (depth 2, 28 lits): UNSAT in 0.43s
    cube 3438.245.76 (depth 2, 28 lits): UNSAT in 0.01s
    cube 3438.245.77 (depth 2, 28 lits): UNSAT in 0.02s
    cube 3438.245.78 (depth 2, 28 lits): UNSAT in 0.04s
    cube 3438.245.79 (depth 2, 28 lits): UNSAT in 0.02s
    cube 3438.245.80 (depth 2, 28 lits): UNSAT in 0.09s
    cube 3438.245.81 (depth 2, 28 lits): UNSAT in 0.30s
    cube 3438.245.82 (depth 2, 28 lits): UNSAT in 0.13s
    cube 3438.245.83 (depth 2, 28 lits): UNSAT in 0.40s
    cube 3438.245.84 (depth 2, 28 lits): UNSAT in 0.02s
    cube 3438.245.85 (depth 2, 28 lits): UNSAT in 0.06s
    cube 3438.245.86 (depth 2, 28 lits): UNSAT in 0.06s
    cube 3438.245.87 (depth 2, 28 lits): UNSAT in 0.03s
    cube 3438.245.88 (depth 2, 28 lits): UNSAT in 0.09s
    cube 3438.245.89 (depth 2, 28 lits): UNSAT in 0.40s
    cube 3438.245.90 (depth 2, 28 lits): UNSAT in 0.30s
    cube 3438.245.91 (depth 2, 28 lits): UNSAT in 2.94s
    cube 3438.245.92 (depth 2, 28 lits): UNSAT in 0.02s
    cube 3438.245.93 (depth 2, 28 lits): UNSAT in 0.03s
    cube 3438.245.94 (depth 2, 28 lits): UNSAT in 0.01s
    cube 3438.245.95 (depth 2, 28 lits): UNSAT in 0.02s
    cube 3438.245.96 (depth 2, 28 lits): UNSAT in 0.03s
    cube 3438.245.97 (depth 2, 28 lits): UNSAT in 0.05s
    cube 3438.245.98 (depth 2, 28 lits): UNSAT in 0.03s
    cube 3438.245.99 (depth 2, 28 lits): UNSAT in 0.06s
    cube 3438.245.100 (depth 2, 28 lits): UNSAT in 0.10s
    cube 3438.245.101 (depth 2, 28 lits): UNSAT in 0.42s
    cube 3438.245.102 (depth 2, 28 lits): UNSAT in 0.39s
    cube 3438.245.103 (depth 2, 28 lits): UNSAT in 0.55s
    cube 3438.245.104 (depth 2, 28 lits): UNSAT in 0.04s
    cube 3438.245.105 (depth 2, 28 lits): UNSAT in 0.28s
    cube 3438.245.106 (depth 2, 28 lits): UNSAT in 0.41s
    cube 3438.245.107 (depth 2, 28 lits): UNSAT in 0.62s
    cube 3438.245.108 (depth 2, 28 lits): UNSAT in 0.04s
    cube 3438.245.109 (depth 2, 28 lits): UNSAT in 0.06s
    cube 3438.245.110 (depth 2, 28 lits): UNSAT in 0.03s
    cube 3438.245.111 (depth 2, 28 lits): UNSAT in 0.11s
    cube 3438.245.112 (depth 2, 28 lits): UNSAT in 0.11s
    cube 3438.245.113 (depth 2, 28 lits): UNSAT in 0.19s
    cube 3438.245.114 (depth 2, 28 lits): UNSAT in 0.21s
    cube 3438.245.115 (depth 2, 28 lits): UNSAT in 0.29s
    cube 3438.245.116 (depth 2, 28 lits): UNSAT in 0.04s
    cube 3438.245.117 (depth 2, 28 lits): UNSAT in 0.28s
    cube 3438.245.118 (depth 2, 28 lits): UNSAT in 0.52s
    cube 3438.245.119 (depth 2, 28 lits): UNSAT in 1.25s
    cube 3438.245.120 (depth 2, 28 lits): UNSAT in 2.80s
    cube 3438.245.121 (depth 2, 28 lits): UNSAT in 0.68s
    cube 3438.245.122 (depth 2, 28 lits): UNSAT in 3.16s
    cube 3438.245.123 (depth 2, 28 lits): UNSAT in 7.48s
    cube 3438.245.124 (depth 2, 28 lits): UNSAT in 0.01s
    cube 3438.245.125 (depth 2, 28 lits): UNSAT in 0.01s
    cube 3438.245.126 (depth 2, 28 lits): UNSAT in 0.01s
    cube 3438.245.127 (depth 2, 28 lits): UNSAT in 0.03s
    cube 3438.245.128 (depth 2, 28 lits): UNSAT in 0.02s
    cube 3438.245.129 (depth 2, 28 lits): UNSAT in 0.02s
    cube 3438.245.130 (depth 2, 28 lits): UNSAT in 0.02s
    cube 3438.245.131 (depth 2, 28 lits): UNSAT in 0.05s
    cube 3438.245.132 (depth 2, 28 lits): UNSAT in 0.03s
    cube 3438.245.133 (depth 2, 28 lits): UNSAT in 0.02s
    cube 3438.245.134 (depth 2, 28 lits): UNSAT in 0.02s
    cube 3438.245.135 (depth 2, 28 lits): UNSAT in 0.02s
    cube 3438.245.136 (depth 2, 28 lits): UNSAT in 0.03s
    cube 3438.245.137 (depth 2, 28 lits): UNSAT in 0.13s
    cube 3438.245.138 (depth 2, 28 lits): UNSAT in 0.04s
    cube 3438.245.139 (depth 2, 28 lits): UNSAT in 0.13s
    cube 3438.245.140 (depth 2, 28 lits): UNSAT in 0.01s
    cube 3438.245.141 (depth 2, 28 lits): UNSAT in 0.03s
    cube 3438.245.142 (depth 2, 28 lits): UNSAT in 0.02s
    cube 3438.245.143 (depth 2, 28 lits): UNSAT in 0.11s
    cube 3438.245.144 (depth 2, 28 lits): UNSAT in 0.04s
    cube 3438.245.145 (depth 2, 28 lits): UNSAT in 0.10s
    cube 3438.245.146 (depth 2, 28 lits): UNSAT in 0.08s
    cube 3438.245.147 (depth 2, 28 lits): UNSAT in 0.19s
    cube 3438.245.148 (depth 2, 28 lits): UNSAT in 0.06s
    cube 3438.245.149 (depth 2, 28 lits): UNSAT in 0.08s
    cube 3438.245.150 (depth 2, 28 lits): UNSAT in 0.05s
    cube 3438.245.151 (depth 2, 28 lits): UNSAT in 0.08s
    cube 3438.245.152 (depth 2, 28 lits): UNSAT in 0.08s
    cube 3438.245.153 (depth 2, 28 lits): UNSAT in 0.25s
    cube 3438.245.154 (depth 2, 28 lits): UNSAT in 0.28s
    cube 3438.245.155 (depth 2, 28 lits): UNSAT in 1.63s
    cube 3438.245.156 (depth 2, 28 lits): UNSAT in 0.02s
    cube 3438.245.157 (depth 2, 28 lits): UNSAT in 0.03s
    cube 3438.245.158 (depth 2, 28 lits): UNSAT in 0.04s
    cube 3438.245.159 (depth 2, 28 lits): UNSAT in 0.30s
    cube 3438.245.160 (depth 2, 28 lits): UNSAT in 0.05s
    cube 3438.245.161 (depth 2, 28 lits): UNSAT in 0.19s
    cube 3438.245.162 (depth 2, 28 lits): UNSAT in 0.11s
    cube 3438.245.163 (depth 2, 28 lits): UNSAT in 0.41s
    cube 3438.245.164 (depth 2, 28 lits): UNSAT in 0.07s
    cube 3438.245.165 (depth 2, 28 lits): UNSAT in 0.32s
    cube 3438.245.166 (depth 2, 28 lits): UNSAT in 0.15s
    cube 3438.245.167 (depth 2, 28 lits): UNSAT in 0.44s
    cube 3438.245.168 (depth 2, 28 lits): UNSAT in 0.07s
    cube 3438.245.169 (depth 2, 28 lits): UNSAT in 0.17s
    cube 3438.245.170 (depth 2, 28 lits): UNSAT in 0.09s
    cube 3438.245.171 (depth 2, 28 lits): UNSAT in 1.03s
    cube 3438.245.172 (depth 2, 28 lits): UNSAT in 0.07s
    cube 3438.245.173 (depth 2, 28 lits): UNSAT in 0.03s
    cube 3438.245.174 (depth 2, 28 lits): UNSAT in 0.11s
    cube 3438.245.175 (depth 2, 28 lits): UNSAT in 0.18s
    cube 3438.245.176 (depth 2, 28 lits): UNSAT in 0.13s
    cube 3438.245.177 (depth 2, 28 lits): UNSAT in 0.27s
    cube 3438.245.178 (depth 2, 28 lits): UNSAT in 0.27s
    cube 3438.245.179 (depth 2, 28 lits): UNSAT in 0.26s
    cube 3438.245.180 (depth 2, 28 lits): UNSAT in 0.24s
    cube 3438.245.181 (depth 2, 28 lits): UNSAT in 0.17s
    cube 3438.245.182 (depth 2, 28 lits): UNSAT in 1.28s
    cube 3438.245.183 (depth 2, 28 lits): UNSAT in 1.30s
    cube 3438.245.184 (depth 2, 28 lits): UNSAT in 1.18s
    cube 3438.245.185 (depth 2, 28 lits): UNSAT in 4.19s
    cube 3438.245.186 (depth 2, 28 lits): UNSAT in 0.92s
    cube 3438.245.187 (depth 2, 28 lits): UNSAT in 18.74s
    cube 3438.245.188 (depth 2, 28 lits): UNSAT in 0.02s
    cube 3438.245.189 (depth 2, 28 lits): UNSAT in 0.05s
    cube 3438.245.190 (depth 2, 28 lits): UNSAT in 0.05s
    cube 3438.245.191 (depth 2, 28 lits): UNSAT in 0.11s
    cube 3438.245.192 (depth 2, 28 lits): UNSAT in 0.02s
    cube 3438.245.193 (depth 2, 28 lits): UNSAT in 0.04s
    cube 3438.245.194 (depth 2, 28 lits): UNSAT in 0.18s
    cube 3438.245.195 (depth 2, 28 lits): UNSAT in 0.26s
    cube 3438.245.196 (depth 2, 28 lits): UNSAT in 0.06s
    cube 3438.245.197 (depth 2, 28 lits): UNSAT in 0.13s
    cube 3438.245.198 (depth 2, 28 lits): UNSAT in 0.09s
    cube 3438.245.199 (depth 2, 28 lits): UNSAT in 0.56s
    cube 3438.245.200 (depth 2, 28 lits): UNSAT in 0.50s
    cube 3438.245.201 (depth 2, 28 lits): UNSAT in 1.27s
    cube 3438.245.202 (depth 2, 28 lits): UNSAT in 1.73s
    cube 3438.245.203 (depth 2, 28 lits): UNSAT in 12.83s
    cube 3438.245.204 (depth 2, 28 lits): UNSAT in 0.06s
    cube 3438.245.205 (depth 2, 28 lits): UNSAT in 0.15s
    cube 3438.245.206 (depth 2, 28 lits): UNSAT in 0.13s
    cube 3438.245.207 (depth 2, 28 lits): UNSAT in 0.32s
    cube 3438.245.208 (depth 2, 28 lits): UNSAT in 0.13s
    cube 3438.245.209 (depth 2, 28 lits): UNSAT in 0.30s
    cube 3438.245.210 (depth 2, 28 lits): UNSAT in 0.89s
    cube 3438.245.211 (depth 2, 28 lits): UNSAT in 5.08s
    cube 3438.245.212 (depth 2, 28 lits): UNSAT in 0.10s
    cube 3438.245.213 (depth 2, 28 lits): UNSAT in 0.21s
    cube 3438.245.214 (depth 2, 28 lits): UNSAT in 1.51s
    cube 3438.245.215 (depth 2, 28 lits): UNSAT in 7.07s
    cube 3438.245.216 (depth 2, 28 lits): UNSAT in 0.47s
    cube 3438.245.217 (depth 2, 28 lits): UNSAT in 3.68s
    cube 3438.245.218 (depth 2, 28 lits): UNSAT in 1.46s
    cube 3438.245.219 (depth 2, 28 lits): UNSAT in 31.67s
    cube 3438.245.220 (depth 2, 28 lits): UNSAT in 0.02s
    cube 3438.245.221 (depth 2, 28 lits): UNSAT in 0.05s
    cube 3438.245.222 (depth 2, 28 lits): UNSAT in 0.26s
    cube 3438.245.223 (depth 2, 28 lits): UNSAT in 0.79s
    cube 3438.245.224 (depth 2, 28 lits): UNSAT in 0.29s
    cube 3438.245.225 (depth 2, 28 lits): UNSAT in 1.27s
    cube 3438.245.226 (depth 2, 28 lits): UNSAT in 0.93s
    cube 3438.245.227 (depth 2, 28 lits): UNSAT in 5.07s
    cube 3438.245.228 (depth 2, 28 lits): UNSAT in 0.08s
    cube 3438.245.229 (depth 2, 28 lits): UNSAT in 0.64s
    cube 3438.245.230 (depth 2, 28 lits): UNSAT in 1.61s
    cube 3438.245.231 (depth 2, 28 lits): UNSAT in 7.22s
    cube 3438.245.232 (depth 2, 28 lits): UNSAT in 0.83s
    cube 3438.245.233 (depth 2, 28 lits): UNSAT in 5.29s
    cube 3438.245.234 (depth 2, 28 lits): UNSAT in 5.57s
    cube 3438.245.235 (depth 2, 28 lits): UNSAT in 21.28s
    cube 3438.245.236 (depth 2, 28 lits): UNSAT in 0.02s
    cube 3438.245.237 (depth 2, 28 lits): UNSAT in 0.17s
    cube 3438.245.238 (depth 2, 28 lits): UNSAT in 0.11s
    cube 3438.245.239 (depth 2, 28 lits): UNSAT in 0.32s
    cube 3438.245.240 (depth 2, 28 lits): UNSAT in 0.38s
    cube 3438.245.241 (depth 2, 28 lits): UNSAT in 1.09s
    cube 3438.245.242 (depth 2, 28 lits): UNSAT in 0.98s
    cube 3438.245.243 (depth 2, 28 lits): UNSAT in 7.05s
    cube 3438.245.244 (depth 2, 28 lits): UNSAT in 0.15s
    cube 3438.245.245 (depth 2, 28 lits): UNSAT in 0.50s
    cube 3438.245.246 (depth 2, 28 lits): UNSAT in 0.36s
    cube 3438.245.247 (depth 2, 28 lits): UNSAT in 1.26s
    cube 3438.245.248 (depth 2, 28 lits): UNSAT in 2.19s
    cube 3438.245.249 (depth 2, 28 lits): UNSAT in 2.80s
    cube 3438.245.250 (depth 2, 28 lits): UNSAT in 7.70s
    cube 3438.245.251 (depth 2, 28 lits): UNSAT in 132.23s
    cube 3438.246 (depth 1, 20 lits): UNSAT in 2.74s
    cube 3438.247 (depth 1, 20 lits): UNSAT in 114.79s
    cube 3438.248 (depth 1, 20 lits): UNSAT in 27.22s
    cube 3438.249 (depth 1, 20 lits): TIMEOUT in 1200.02s
    cube 3438.249 TIMEOUT -> re-split into 244 sub-cubes (depth 2)
    cube 3438.249.0 (depth 2, 27 lits): UNSAT in 0.01s
    cube 3438.249.1 (depth 2, 27 lits): UNSAT in 0.01s
    cube 3438.249.2 (depth 2, 28 lits): UNSAT in 0.02s
    cube 3438.249.3 (depth 2, 28 lits): UNSAT in 0.02s
    cube 3438.249.4 (depth 2, 28 lits): UNSAT in 0.02s
    cube 3438.249.5 (depth 2, 28 lits): UNSAT in 0.02s
    cube 3438.249.6 (depth 2, 26 lits): UNSAT in 0.01s
    cube 3438.249.7 (depth 2, 28 lits): UNSAT in 0.02s
    cube 3438.249.8 (depth 2, 28 lits): UNSAT in 0.02s
    cube 3438.249.9 (depth 2, 28 lits): UNSAT in 0.04s
    cube 3438.249.10 (depth 2, 28 lits): UNSAT in 0.03s
    cube 3438.249.11 (depth 2, 27 lits): UNSAT in 0.02s
    cube 3438.249.12 (depth 2, 27 lits): UNSAT in 0.01s
    cube 3438.249.13 (depth 2, 28 lits): UNSAT in 0.01s
    cube 3438.249.14 (depth 2, 28 lits): UNSAT in 0.02s
    cube 3438.249.15 (depth 2, 28 lits): UNSAT in 0.01s
    cube 3438.249.16 (depth 2, 28 lits): UNSAT in 0.01s
    cube 3438.249.17 (depth 2, 28 lits): UNSAT in 0.01s
    cube 3438.249.18 (depth 2, 28 lits): UNSAT in 0.02s
    cube 3438.249.19 (depth 2, 28 lits): UNSAT in 0.01s
    cube 3438.249.20 (depth 2, 28 lits): UNSAT in 0.02s
    cube 3438.249.21 (depth 2, 28 lits): UNSAT in 0.02s
    cube 3438.249.22 (depth 2, 28 lits): UNSAT in 0.02s
    cube 3438.249.23 (depth 2, 28 lits): UNSAT in 0.01s
    cube 3438.249.24 (depth 2, 28 lits): UNSAT in 0.03s
    cube 3438.249.25 (depth 2, 28 lits): UNSAT in 0.01s
    cube 3438.249.26 (depth 2, 28 lits): UNSAT in 0.02s
    cube 3438.249.27 (depth 2, 27 lits): UNSAT in 0.01s
    cube 3438.249.28 (depth 2, 28 lits): UNSAT in 0.02s
    cube 3438.249.29 (depth 2, 28 lits): UNSAT in 0.02s
    cube 3438.249.30 (depth 2, 28 lits): UNSAT in 0.04s
    cube 3438.249.31 (depth 2, 28 lits): UNSAT in 0.05s
    cube 3438.249.32 (depth 2, 28 lits): UNSAT in 0.02s
    cube 3438.249.33 (depth 2, 28 lits): UNSAT in 0.05s
    cube 3438.249.34 (depth 2, 28 lits): UNSAT in 0.04s
    cube 3438.249.35 (depth 2, 28 lits): UNSAT in 0.05s
    cube 3438.249.36 (depth 2, 28 lits): UNSAT in 0.03s
    cube 3438.249.37 (depth 2, 28 lits): UNSAT in 0.08s
    cube 3438.249.38 (depth 2, 28 lits): UNSAT in 0.02s
    cube 3438.249.39 (depth 2, 28 lits): UNSAT in 0.06s
    cube 3438.249.40 (depth 2, 28 lits): UNSAT in 0.01s
    cube 3438.249.41 (depth 2, 28 lits): UNSAT in 0.02s
    cube 3438.249.42 (depth 2, 28 lits): UNSAT in 0.02s
    cube 3438.249.43 (depth 2, 28 lits): UNSAT in 0.06s
    cube 3438.249.44 (depth 2, 28 lits): UNSAT in 0.02s
    cube 3438.249.45 (depth 2, 28 lits): UNSAT in 0.03s
    cube 3438.249.46 (depth 2, 28 lits): UNSAT in 0.03s
    cube 3438.249.47 (depth 2, 28 lits): UNSAT in 0.05s
    cube 3438.249.48 (depth 2, 28 lits): UNSAT in 0.02s
    cube 3438.249.49 (depth 2, 28 lits): UNSAT in 0.02s
    cube 3438.249.50 (depth 2, 28 lits): UNSAT in 0.02s
    cube 3438.249.51 (depth 2, 28 lits): UNSAT in 0.02s
    cube 3438.249.52 (depth 2, 28 lits): UNSAT in 0.02s
    cube 3438.249.53 (depth 2, 28 lits): UNSAT in 0.11s
    cube 3438.249.54 (depth 2, 28 lits): UNSAT in 0.24s
    cube 3438.249.55 (depth 2, 28 lits): UNSAT in 0.34s
    cube 3438.249.56 (depth 2, 27 lits): UNSAT in 0.02s
    cube 3438.249.57 (depth 2, 28 lits): UNSAT in 0.01s
    cube 3438.249.58 (depth 2, 28 lits): UNSAT in 0.02s
    cube 3438.249.59 (depth 2, 28 lits): UNSAT in 0.02s
    cube 3438.249.60 (depth 2, 28 lits): UNSAT in 0.02s
    cube 3438.249.61 (depth 2, 28 lits): UNSAT in 0.04s
    cube 3438.249.62 (depth 2, 28 lits): UNSAT in 0.02s
    cube 3438.249.63 (depth 2, 28 lits): UNSAT in 0.03s
    cube 3438.249.64 (depth 2, 28 lits): UNSAT in 0.07s
    cube 3438.249.65 (depth 2, 28 lits): UNSAT in 0.03s
    cube 3438.249.66 (depth 2, 28 lits): UNSAT in 0.02s
    cube 3438.249.67 (depth 2, 28 lits): UNSAT in 0.03s
    cube 3438.249.68 (depth 2, 28 lits): UNSAT in 0.03s
    cube 3438.249.69 (depth 2, 28 lits): UNSAT in 0.05s
    cube 3438.249.70 (depth 2, 28 lits): UNSAT in 0.10s
    cube 3438.249.71 (depth 2, 28 lits): UNSAT in 0.02s
    cube 3438.249.72 (depth 2, 28 lits): UNSAT in 0.02s
    cube 3438.249.73 (depth 2, 28 lits): UNSAT in 0.02s
    cube 3438.249.74 (depth 2, 28 lits): UNSAT in 0.05s
    cube 3438.249.75 (depth 2, 28 lits): UNSAT in 0.04s
    cube 3438.249.76 (depth 2, 28 lits): UNSAT in 0.09s
    cube 3438.249.77 (depth 2, 28 lits): UNSAT in 0.23s
    cube 3438.249.78 (depth 2, 28 lits): UNSAT in 0.16s
    cube 3438.249.79 (depth 2, 28 lits): UNSAT in 0.04s
    cube 3438.249.80 (depth 2, 28 lits): UNSAT in 0.12s
    cube 3438.249.81 (depth 2, 28 lits): UNSAT in 0.10s
    cube 3438.249.82 (depth 2, 28 lits): UNSAT in 0.34s
    cube 3438.249.83 (depth 2, 28 lits): UNSAT in 0.06s
    cube 3438.249.84 (depth 2, 28 lits): UNSAT in 0.13s
    cube 3438.249.85 (depth 2, 28 lits): UNSAT in 0.23s
    cube 3438.249.86 (depth 2, 28 lits): UNSAT in 2.03s
    cube 3438.249.87 (depth 2, 27 lits): UNSAT in 0.02s
    cube 3438.249.88 (depth 2, 27 lits): UNSAT in 0.01s
    cube 3438.249.89 (depth 2, 28 lits): UNSAT in 0.02s
    cube 3438.249.90 (depth 2, 28 lits): UNSAT in 0.02s
    cube 3438.249.91 (depth 2, 28 lits): UNSAT in 0.02s
    cube 3438.249.92 (depth 2, 28 lits): UNSAT in 0.03s
    cube 3438.249.93 (depth 2, 28 lits): UNSAT in 0.01s
    cube 3438.249.94 (depth 2, 28 lits): UNSAT in 0.03s
    cube 3438.249.95 (depth 2, 28 lits): UNSAT in 0.02s
    cube 3438.249.96 (depth 2, 28 lits): UNSAT in 0.04s
    cube 3438.249.97 (depth 2, 28 lits): UNSAT in 0.03s
    cube 3438.249.98 (depth 2, 28 lits): UNSAT in 0.10s
    cube 3438.249.99 (depth 2, 28 lits): UNSAT in 0.14s
    cube 3438.249.100 (depth 2, 28 lits): UNSAT in 0.42s
    cube 3438.249.101 (depth 2, 28 lits): UNSAT in 0.01s
    cube 3438.249.102 (depth 2, 28 lits): UNSAT in 0.03s
    cube 3438.249.103 (depth 2, 28 lits): UNSAT in 0.06s
    cube 3438.249.104 (depth 2, 28 lits): UNSAT in 0.08s
    cube 3438.249.105 (depth 2, 28 lits): UNSAT in 0.03s
    cube 3438.249.106 (depth 2, 28 lits): UNSAT in 0.09s
    cube 3438.249.107 (depth 2, 28 lits): UNSAT in 0.14s
    cube 3438.249.108 (depth 2, 28 lits): UNSAT in 0.89s
    cube 3438.249.109 (depth 2, 28 lits): UNSAT in 0.08s
    cube 3438.249.110 (depth 2, 28 lits): UNSAT in 0.08s
    cube 3438.249.111 (depth 2, 28 lits): UNSAT in 0.48s
    cube 3438.249.112 (depth 2, 28 lits): UNSAT in 2.35s
    cube 3438.249.113 (depth 2, 28 lits): UNSAT in 0.19s
    cube 3438.249.114 (depth 2, 28 lits): UNSAT in 1.94s
    cube 3438.249.115 (depth 2, 28 lits): UNSAT in 4.23s
    cube 3438.249.116 (depth 2, 28 lits): UNSAT in 8.02s
    cube 3438.249.117 (depth 2, 27 lits): UNSAT in 0.02s
    cube 3438.249.118 (depth 2, 28 lits): UNSAT in 0.02s
    cube 3438.249.119 (depth 2, 28 lits): UNSAT in 0.04s
    cube 3438.249.120 (depth 2, 28 lits): UNSAT in 0.02s
    cube 3438.249.121 (depth 2, 28 lits): UNSAT in 0.05s
    cube 3438.249.122 (depth 2, 28 lits): UNSAT in 0.02s
    cube 3438.249.123 (depth 2, 28 lits): UNSAT in 0.11s
    cube 3438.249.124 (depth 2, 28 lits): UNSAT in 0.02s
    cube 3438.249.125 (depth 2, 28 lits): UNSAT in 0.03s
    cube 3438.249.126 (depth 2, 28 lits): UNSAT in 0.02s
    cube 3438.249.127 (depth 2, 28 lits): UNSAT in 0.09s
    cube 3438.249.128 (depth 2, 28 lits): UNSAT in 0.03s
    cube 3438.249.129 (depth 2, 28 lits): UNSAT in 0.05s
    cube 3438.249.130 (depth 2, 28 lits): UNSAT in 0.08s
    cube 3438.249.131 (depth 2, 28 lits): UNSAT in 0.21s
    cube 3438.249.132 (depth 2, 28 lits): UNSAT in 0.02s
    cube 3438.249.133 (depth 2, 28 lits): UNSAT in 0.02s
    cube 3438.249.134 (depth 2, 28 lits): UNSAT in 0.02s
    cube 3438.249.135 (depth 2, 28 lits): UNSAT in 0.10s
    cube 3438.249.136 (depth 2, 28 lits): UNSAT in 0.02s
    cube 3438.249.137 (depth 2, 28 lits): UNSAT in 0.02s
    cube 3438.249.138 (depth 2, 28 lits): UNSAT in 0.03s
    cube 3438.249.139 (depth 2, 28 lits): UNSAT in 0.09s
    cube 3438.249.140 (depth 2, 28 lits): UNSAT in 0.03s
    cube 3438.249.141 (depth 2, 28 lits): UNSAT in 0.15s
    cube 3438.249.142 (depth 2, 28 lits): UNSAT in 0.09s
    cube 3438.249.143 (depth 2, 28 lits): UNSAT in 0.08s
    cube 3438.249.144 (depth 2, 28 lits): UNSAT in 0.08s
    cube 3438.249.145 (depth 2, 28 lits): UNSAT in 0.07s
    cube 3438.249.146 (depth 2, 28 lits): UNSAT in 0.07s
    cube 3438.249.147 (depth 2, 28 lits): UNSAT in 0.41s
    cube 3438.249.148 (depth 2, 28 lits): UNSAT in 0.01s
    cube 3438.249.149 (depth 2, 28 lits): UNSAT in 0.01s
    cube 3438.249.150 (depth 2, 28 lits): UNSAT in 0.02s
    cube 3438.249.151 (depth 2, 28 lits): UNSAT in 0.02s
    cube 3438.249.152 (depth 2, 28 lits): UNSAT in 0.01s
    cube 3438.249.153 (depth 2, 28 lits): UNSAT in 0.02s
    cube 3438.249.154 (depth 2, 28 lits): UNSAT in 0.01s
    cube 3438.249.155 (depth 2, 28 lits): UNSAT in 0.03s
    cube 3438.249.156 (depth 2, 28 lits): UNSAT in 0.06s
    cube 3438.249.157 (depth 2, 28 lits): UNSAT in 0.12s
    cube 3438.249.158 (depth 2, 28 lits): UNSAT in 0.05s
    cube 3438.249.159 (depth 2, 28 lits): UNSAT in 0.15s
    cube 3438.249.160 (depth 2, 28 lits): UNSAT in 0.10s
    cube 3438.249.161 (depth 2, 28 lits): UNSAT in 0.32s
    cube 3438.249.162 (depth 2, 28 lits): UNSAT in 0.14s
    cube 3438.249.163 (depth 2, 28 lits): UNSAT in 0.29s
    cube 3438.249.164 (depth 2, 28 lits): UNSAT in 0.04s
    cube 3438.249.165 (depth 2, 28 lits): UNSAT in 0.08s
    cube 3438.249.166 (depth 2, 28 lits): UNSAT in 0.05s
    cube 3438.249.167 (depth 2, 28 lits): UNSAT in 0.11s
    cube 3438.249.168 (depth 2, 28 lits): UNSAT in 0.02s
    cube 3438.249.169 (depth 2, 28 lits): UNSAT in 0.22s
    cube 3438.249.170 (depth 2, 28 lits): UNSAT in 0.23s
    cube 3438.249.171 (depth 2, 28 lits): UNSAT in 0.32s
    cube 3438.249.172 (depth 2, 28 lits): UNSAT in 0.06s
    cube 3438.249.173 (depth 2, 28 lits): UNSAT in 0.12s
    cube 3438.249.174 (depth 2, 28 lits): UNSAT in 0.65s
    cube 3438.249.175 (depth 2, 28 lits): UNSAT in 3.42s
    cube 3438.249.176 (depth 2, 28 lits): UNSAT in 0.28s
    cube 3438.249.177 (depth 2, 28 lits): UNSAT in 2.32s
    cube 3438.249.178 (depth 2, 28 lits): UNSAT in 5.89s
    cube 3438.249.179 (depth 2, 28 lits): UNSAT in 17.87s
    cube 3438.249.180 (depth 2, 28 lits): UNSAT in 0.03s
    cube 3438.249.181 (depth 2, 28 lits): UNSAT in 0.06s
    cube 3438.249.182 (depth 2, 28 lits): UNSAT in 0.06s
    cube 3438.249.183 (depth 2, 28 lits): UNSAT in 0.20s
    cube 3438.249.184 (depth 2, 28 lits): UNSAT in 0.06s
    cube 3438.249.185 (depth 2, 28 lits): UNSAT in 0.07s
    cube 3438.249.186 (depth 2, 28 lits): UNSAT in 0.13s
    cube 3438.249.187 (depth 2, 28 lits): UNSAT in 0.39s
    cube 3438.249.188 (depth 2, 28 lits): UNSAT in 0.02s
    cube 3438.249.189 (depth 2, 28 lits): UNSAT in 0.25s
    cube 3438.249.190 (depth 2, 28 lits): UNSAT in 0.27s
    cube 3438.249.191 (depth 2, 28 lits): UNSAT in 0.52s
    cube 3438.249.192 (depth 2, 28 lits): UNSAT in 0.05s
    cube 3438.249.193 (depth 2, 28 lits): UNSAT in 0.06s
    cube 3438.249.194 (depth 2, 28 lits): UNSAT in 0.19s
    cube 3438.249.195 (depth 2, 28 lits): UNSAT in 1.43s
    cube 3438.249.196 (depth 2, 28 lits): UNSAT in 0.02s
    cube 3438.249.197 (depth 2, 28 lits): UNSAT in 0.04s
    cube 3438.249.198 (depth 2, 28 lits): UNSAT in 0.08s
    cube 3438.249.199 (depth 2, 28 lits): UNSAT in 0.16s
    cube 3438.249.200 (depth 2, 28 lits): UNSAT in 0.04s
    cube 3438.249.201 (depth 2, 28 lits): UNSAT in 0.26s
    cube 3438.249.202 (depth 2, 28 lits): UNSAT in 0.35s
    cube 3438.249.203 (depth 2, 28 lits): UNSAT in 0.64s
    cube 3438.249.204 (depth 2, 28 lits): UNSAT in 0.15s
    cube 3438.249.205 (depth 2, 28 lits): UNSAT in 0.45s
    cube 3438.249.206 (depth 2, 28 lits): UNSAT in 0.16s
    cube 3438.249.207 (depth 2, 28 lits): UNSAT in 1.87s
    cube 3438.249.208 (depth 2, 28 lits): UNSAT in 0.84s
    cube 3438.249.209 (depth 2, 28 lits): UNSAT in 2.65s
    cube 3438.249.210 (depth 2, 28 lits): UNSAT in 7.12s
    cube 3438.249.211 (depth 2, 28 lits): UNSAT in 56.61s
    cube 3438.249.212 (depth 2, 28 lits): UNSAT in 0.05s
    cube 3438.249.213 (depth 2, 28 lits): UNSAT in 0.05s
    cube 3438.249.214 (depth 2, 28 lits): UNSAT in 0.08s
    cube 3438.249.215 (depth 2, 28 lits): UNSAT in 0.22s
    cube 3438.249.216 (depth 2, 28 lits): UNSAT in 0.14s
    cube 3438.249.217 (depth 2, 28 lits): UNSAT in 0.16s
    cube 3438.249.218 (depth 2, 28 lits): UNSAT in 0.29s
    cube 3438.249.219 (depth 2, 28 lits): UNSAT in 0.86s
    cube 3438.249.220 (depth 2, 28 lits): UNSAT in 0.09s
    cube 3438.249.221 (depth 2, 28 lits): UNSAT in 0.18s
    cube 3438.249.222 (depth 2, 28 lits): UNSAT in 0.36s
    cube 3438.249.223 (depth 2, 28 lits): UNSAT in 1.50s
    cube 3438.249.224 (depth 2, 28 lits): UNSAT in 0.04s
    cube 3438.249.225 (depth 2, 28 lits): UNSAT in 0.47s
    cube 3438.249.226 (depth 2, 28 lits): UNSAT in 1.23s
    cube 3438.249.227 (depth 2, 28 lits): UNSAT in 15.85s
    cube 3438.249.228 (depth 2, 28 lits): UNSAT in 0.11s
    cube 3438.249.229 (depth 2, 28 lits): UNSAT in 0.47s
    cube 3438.249.230 (depth 2, 28 lits): UNSAT in 1.20s
    cube 3438.249.231 (depth 2, 28 lits): UNSAT in 1.15s
    cube 3438.249.232 (depth 2, 28 lits): UNSAT in 0.63s
    cube 3438.249.233 (depth 2, 28 lits): UNSAT in 8.84s
    cube 3438.249.234 (depth 2, 28 lits): UNSAT in 1.11s
    cube 3438.249.235 (depth 2, 28 lits): UNSAT in 58.53s
    cube 3438.249.236 (depth 2, 28 lits): UNSAT in 0.57s
    cube 3438.249.237 (depth 2, 28 lits): UNSAT in 2.09s
    cube 3438.249.238 (depth 2, 28 lits): UNSAT in 2.07s
    cube 3438.249.239 (depth 2, 28 lits): UNSAT in 77.39s
    cube 3438.249.240 (depth 2, 28 lits): UNSAT in 0.74s
    cube 3438.249.241 (depth 2, 28 lits): UNSAT in 4.55s
    cube 3438.249.242 (depth 2, 28 lits): UNSAT in 1.95s
    cube 3438.249.243 (depth 2, 28 lits): UNSAT in 66.36s
    cube 3438.250 (depth 1, 20 lits): UNSAT in 1.64s
    cube 3438.251 (depth 1, 20 lits): UNSAT in 11.51s
    cube 3438.252 (depth 1, 20 lits): UNSAT in 10.18s
    cube 3438.253 (depth 1, 20 lits): TIMEOUT in 1200.08s
    cube 3438.253 TIMEOUT -> re-split into 250 sub-cubes (depth 2)
    cube 3438.253.0 (depth 2, 27 lits): UNSAT in 0.01s
    cube 3438.253.1 (depth 2, 28 lits): UNSAT in 0.01s
    cube 3438.253.2 (depth 2, 28 lits): UNSAT in 0.02s
    cube 3438.253.3 (depth 2, 28 lits): UNSAT in 0.02s
    cube 3438.253.4 (depth 2, 28 lits): UNSAT in 0.02s
    cube 3438.253.5 (depth 2, 28 lits): UNSAT in 0.02s
    cube 3438.253.6 (depth 2, 28 lits): UNSAT in 0.02s
    cube 3438.253.7 (depth 2, 28 lits): UNSAT in 0.01s
    cube 3438.253.8 (depth 2, 28 lits): UNSAT in 0.01s
    cube 3438.253.9 (depth 2, 27 lits): UNSAT in 0.02s
    cube 3438.253.10 (depth 2, 28 lits): UNSAT in 0.02s
    cube 3438.253.11 (depth 2, 28 lits): UNSAT in 0.03s
    cube 3438.253.12 (depth 2, 28 lits): UNSAT in 0.06s
    cube 3438.253.13 (depth 2, 28 lits): UNSAT in 0.08s
    cube 3438.253.14 (depth 2, 28 lits): UNSAT in 0.01s
    cube 3438.253.15 (depth 2, 28 lits): UNSAT in 0.03s
    cube 3438.253.16 (depth 2, 28 lits): UNSAT in 0.02s
    cube 3438.253.17 (depth 2, 28 lits): UNSAT in 0.03s
    cube 3438.253.18 (depth 2, 28 lits): UNSAT in 0.01s
    cube 3438.253.19 (depth 2, 28 lits): UNSAT in 0.01s
    cube 3438.253.20 (depth 2, 28 lits): UNSAT in 0.03s
    cube 3438.253.21 (depth 2, 28 lits): UNSAT in 0.03s
    cube 3438.253.22 (depth 2, 26 lits): UNSAT in 0.02s
    cube 3438.253.23 (depth 2, 28 lits): UNSAT in 0.02s
    cube 3438.253.24 (depth 2, 28 lits): UNSAT in 0.08s
    cube 3438.253.25 (depth 2, 28 lits): UNSAT in 0.04s
    cube 3438.253.26 (depth 2, 28 lits): UNSAT in 0.09s
    cube 3438.253.27 (depth 2, 27 lits): UNSAT in 0.01s
    cube 3438.253.28 (depth 2, 28 lits): UNSAT in 0.01s
    cube 3438.253.29 (depth 2, 28 lits): UNSAT in 0.02s
    cube 3438.253.30 (depth 2, 28 lits): UNSAT in 0.02s
    cube 3438.253.31 (depth 2, 28 lits): UNSAT in 0.02s
    cube 3438.253.32 (depth 2, 28 lits): UNSAT in 0.05s
    cube 3438.253.33 (depth 2, 28 lits): UNSAT in 0.03s
    cube 3438.253.34 (depth 2, 28 lits): UNSAT in 0.02s
    cube 3438.253.35 (depth 2, 28 lits): UNSAT in 0.06s
    cube 3438.253.36 (depth 2, 28 lits): UNSAT in 0.07s
    cube 3438.253.37 (depth 2, 28 lits): UNSAT in 0.07s
    cube 3438.253.38 (depth 2, 28 lits): UNSAT in 0.02s
    cube 3438.253.39 (depth 2, 28 lits): UNSAT in 0.02s
    cube 3438.253.40 (depth 2, 28 lits): UNSAT in 0.06s
    cube 3438.253.41 (depth 2, 28 lits): UNSAT in 0.07s
    cube 3438.253.42 (depth 2, 28 lits): UNSAT in 0.01s
    cube 3438.253.43 (depth 2, 28 lits): UNSAT in 0.03s
    cube 3438.253.44 (depth 2, 28 lits): UNSAT in 0.02s
    cube 3438.253.45 (depth 2, 28 lits): UNSAT in 0.08s
    cube 3438.253.46 (depth 2, 28 lits): UNSAT in 0.02s
    cube 3438.253.47 (depth 2, 28 lits): UNSAT in 0.05s
    cube 3438.253.48 (depth 2, 28 lits): UNSAT in 0.02s
    cube 3438.253.49 (depth 2, 28 lits): UNSAT in 0.16s
    cube 3438.253.50 (depth 2, 28 lits): UNSAT in 0.02s
    cube 3438.253.51 (depth 2, 28 lits): UNSAT in 0.10s
    cube 3438.253.52 (depth 2, 28 lits): UNSAT in 0.04s
    cube 3438.253.53 (depth 2, 28 lits): UNSAT in 0.23s
    cube 3438.253.54 (depth 2, 28 lits): UNSAT in 0.04s
    cube 3438.253.55 (depth 2, 28 lits): UNSAT in 0.06s
    cube 3438.253.56 (depth 2, 28 lits): UNSAT in 0.04s
    cube 3438.253.57 (depth 2, 28 lits): UNSAT in 0.24s
    cube 3438.253.58 (depth 2, 28 lits): UNSAT in 0.01s
    cube 3438.253.59 (depth 2, 28 lits): UNSAT in 0.02s
    cube 3438.253.60 (depth 2, 28 lits): UNSAT in 0.01s
    cube 3438.253.61 (depth 2, 28 lits): UNSAT in 0.02s
    cube 3438.253.62 (depth 2, 28 lits): UNSAT in 0.01s
    cube 3438.253.63 (depth 2, 28 lits): UNSAT in 0.03s
    cube 3438.253.64 (depth 2, 28 lits): UNSAT in 0.07s
    cube 3438.253.65 (depth 2, 28 lits): UNSAT in 0.18s
    cube 3438.253.66 (depth 2, 28 lits): UNSAT in 0.01s
    cube 3438.253.67 (depth 2, 28 lits): UNSAT in 0.03s
    cube 3438.253.68 (depth 2, 28 lits): UNSAT in 0.03s
    cube 3438.253.69 (depth 2, 28 lits): UNSAT in 0.06s
    cube 3438.253.70 (depth 2, 28 lits): UNSAT in 0.04s
    cube 3438.253.71 (depth 2, 28 lits): UNSAT in 0.07s
    cube 3438.253.72 (depth 2, 28 lits): UNSAT in 0.07s
    cube 3438.253.73 (depth 2, 28 lits): UNSAT in 0.25s
    cube 3438.253.74 (depth 2, 28 lits): UNSAT in 0.01s
    cube 3438.253.75 (depth 2, 28 lits): UNSAT in 0.05s
    cube 3438.253.76 (depth 2, 28 lits): UNSAT in 0.04s
    cube 3438.253.77 (depth 2, 28 lits): UNSAT in 0.06s
    cube 3438.253.78 (depth 2, 28 lits): UNSAT in 0.04s
    cube 3438.253.79 (depth 2, 28 lits): UNSAT in 0.09s
    cube 3438.253.80 (depth 2, 28 lits): UNSAT in 0.29s
    cube 3438.253.81 (depth 2, 28 lits): UNSAT in 0.94s
    cube 3438.253.82 (depth 2, 28 lits): UNSAT in 0.03s
    cube 3438.253.83 (depth 2, 28 lits): UNSAT in 0.05s
    cube 3438.253.84 (depth 2, 28 lits): UNSAT in 0.09s
    cube 3438.253.85 (depth 2, 28 lits): UNSAT in 0.35s
    cube 3438.253.86 (depth 2, 28 lits): UNSAT in 0.11s
    cube 3438.253.87 (depth 2, 28 lits): UNSAT in 0.31s
    cube 3438.253.88 (depth 2, 28 lits): UNSAT in 0.46s
    cube 3438.253.89 (depth 2, 28 lits): UNSAT in 1.04s
    cube 3438.253.90 (depth 2, 28 lits): UNSAT in 0.03s
    cube 3438.253.91 (depth 2, 28 lits): UNSAT in 0.06s
    cube 3438.253.92 (depth 2, 28 lits): UNSAT in 0.05s
    cube 3438.253.93 (depth 2, 28 lits): UNSAT in 0.06s
    cube 3438.253.94 (depth 2, 28 lits): UNSAT in 0.03s
    cube 3438.253.95 (depth 2, 28 lits): UNSAT in 0.10s
    cube 3438.253.96 (depth 2, 28 lits): UNSAT in 0.16s
    cube 3438.253.97 (depth 2, 28 lits): UNSAT in 0.47s
    cube 3438.253.98 (depth 2, 28 lits): UNSAT in 0.04s
    cube 3438.253.99 (depth 2, 28 lits): UNSAT in 0.12s
    cube 3438.253.100 (depth 2, 28 lits): UNSAT in 0.16s
    cube 3438.253.101 (depth 2, 28 lits): UNSAT in 0.39s
    cube 3438.253.102 (depth 2, 28 lits): UNSAT in 0.24s
    cube 3438.253.103 (depth 2, 28 lits): UNSAT in 0.20s
    cube 3438.253.104 (depth 2, 28 lits): UNSAT in 0.20s
    cube 3438.253.105 (depth 2, 28 lits): UNSAT in 3.13s
    cube 3438.253.106 (depth 2, 28 lits): UNSAT in 0.04s
    cube 3438.253.107 (depth 2, 28 lits): UNSAT in 0.06s
    cube 3438.253.108 (depth 2, 28 lits): UNSAT in 0.13s
    cube 3438.253.109 (depth 2, 28 lits): UNSAT in 0.53s
    cube 3438.253.110 (depth 2, 28 lits): UNSAT in 0.14s
    cube 3438.253.111 (depth 2, 28 lits): UNSAT in 0.15s
    cube 3438.253.112 (depth 2, 28 lits): UNSAT in 0.09s
    cube 3438.253.113 (depth 2, 28 lits): UNSAT in 0.19s
    cube 3438.253.114 (depth 2, 28 lits): UNSAT in 0.08s
    cube 3438.253.115 (depth 2, 28 lits): UNSAT in 0.07s
    cube 3438.253.116 (depth 2, 28 lits): UNSAT in 0.25s
    cube 3438.253.117 (depth 2, 28 lits): UNSAT in 0.39s
    cube 3438.253.118 (depth 2, 28 lits): UNSAT in 1.40s
    cube 3438.253.119 (depth 2, 28 lits): UNSAT in 0.68s
    cube 3438.253.120 (depth 2, 28 lits): UNSAT in 1.69s
    cube 3438.253.121 (depth 2, 28 lits): UNSAT in 15.22s
    cube 3438.253.122 (depth 2, 28 lits): UNSAT in 0.01s
    cube 3438.253.123 (depth 2, 28 lits): UNSAT in 0.02s
    cube 3438.253.124 (depth 2, 28 lits): UNSAT in 0.02s
    cube 3438.253.125 (depth 2, 28 lits): UNSAT in 0.02s
    cube 3438.253.126 (depth 2, 28 lits): UNSAT in 0.02s
    cube 3438.253.127 (depth 2, 28 lits): UNSAT in 0.02s
    cube 3438.253.128 (depth 2, 28 lits): UNSAT in 0.04s
    cube 3438.253.129 (depth 2, 28 lits): UNSAT in 0.10s
    cube 3438.253.130 (depth 2, 28 lits): UNSAT in 0.02s
    cube 3438.253.131 (depth 2, 28 lits): UNSAT in 0.03s
    cube 3438.253.132 (depth 2, 28 lits): UNSAT in 0.02s
    cube 3438.253.133 (depth 2, 28 lits): UNSAT in 0.12s
    cube 3438.253.134 (depth 2, 28 lits): UNSAT in 0.02s
    cube 3438.253.135 (depth 2, 28 lits): UNSAT in 0.05s
    cube 3438.253.136 (depth 2, 28 lits): UNSAT in 0.03s
    cube 3438.253.137 (depth 2, 28 lits): UNSAT in 0.13s
    cube 3438.253.138 (depth 2, 28 lits): UNSAT in 0.04s
    cube 3438.253.139 (depth 2, 28 lits): UNSAT in 0.07s
    cube 3438.253.140 (depth 2, 28 lits): UNSAT in 0.08s
    cube 3438.253.141 (depth 2, 28 lits): UNSAT in 0.12s
    cube 3438.253.142 (depth 2, 28 lits): UNSAT in 0.08s
    cube 3438.253.143 (depth 2, 28 lits): UNSAT in 0.13s
    cube 3438.253.144 (depth 2, 28 lits): UNSAT in 0.18s
    cube 3438.253.145 (depth 2, 28 lits): UNSAT in 0.37s
    cube 3438.253.146 (depth 2, 28 lits): UNSAT in 0.06s
    cube 3438.253.147 (depth 2, 28 lits): UNSAT in 0.04s
    cube 3438.253.148 (depth 2, 28 lits): UNSAT in 0.10s
    cube 3438.253.149 (depth 2, 28 lits): UNSAT in 0.38s
    cube 3438.253.150 (depth 2, 28 lits): UNSAT in 0.10s
    cube 3438.253.151 (depth 2, 28 lits): UNSAT in 0.24s
    cube 3438.253.152 (depth 2, 28 lits): UNSAT in 0.38s
    cube 3438.253.153 (depth 2, 28 lits): UNSAT in 0.97s
    cube 3438.253.154 (depth 2, 28 lits): UNSAT in 0.02s
    cube 3438.253.155 (depth 2, 28 lits): UNSAT in 0.06s
    cube 3438.253.156 (depth 2, 28 lits): UNSAT in 0.03s
    cube 3438.253.157 (depth 2, 28 lits): UNSAT in 0.03s
    cube 3438.253.158 (depth 2, 28 lits): UNSAT in 0.06s
    cube 3438.253.159 (depth 2, 28 lits): UNSAT in 0.12s
    cube 3438.253.160 (depth 2, 28 lits): UNSAT in 0.11s
    cube 3438.253.161 (depth 2, 28 lits): UNSAT in 0.13s
    cube 3438.253.162 (depth 2, 28 lits): UNSAT in 0.06s
    cube 3438.253.163 (depth 2, 28 lits): UNSAT in 0.05s
    cube 3438.253.164 (depth 2, 28 lits): UNSAT in 0.14s
    cube 3438.253.165 (depth 2, 28 lits): UNSAT in 0.54s
    cube 3438.253.166 (depth 2, 28 lits): UNSAT in 0.05s
    cube 3438.253.167 (depth 2, 28 lits): UNSAT in 0.06s
    cube 3438.253.168 (depth 2, 28 lits): UNSAT in 0.07s
    cube 3438.253.169 (depth 2, 28 lits): UNSAT in 0.60s
    cube 3438.253.170 (depth 2, 28 lits): UNSAT in 0.09s
    cube 3438.253.171 (depth 2, 28 lits): UNSAT in 0.21s
    cube 3438.253.172 (depth 2, 28 lits): UNSAT in 0.43s
    cube 3438.253.173 (depth 2, 28 lits): UNSAT in 0.70s
    cube 3438.253.174 (depth 2, 28 lits): UNSAT in 0.06s
    cube 3438.253.175 (depth 2, 28 lits): UNSAT in 0.47s
    cube 3438.253.176 (depth 2, 28 lits): UNSAT in 0.53s
    cube 3438.253.177 (depth 2, 28 lits): UNSAT in 4.04s
    cube 3438.253.178 (depth 2, 28 lits): UNSAT in 0.04s
    cube 3438.253.179 (depth 2, 28 lits): UNSAT in 0.30s
    cube 3438.253.180 (depth 2, 28 lits): UNSAT in 0.27s
    cube 3438.253.181 (depth 2, 28 lits): UNSAT in 3.58s
    cube 3438.253.182 (depth 2, 28 lits): UNSAT in 1.06s
    cube 3438.253.183 (depth 2, 28 lits): UNSAT in 6.89s
    cube 3438.253.184 (depth 2, 28 lits): UNSAT in 3.60s
    cube 3438.253.185 (depth 2, 28 lits): UNSAT in 50.55s
    cube 3438.253.186 (depth 2, 28 lits): UNSAT in 0.02s
    cube 3438.253.187 (depth 2, 28 lits): UNSAT in 0.05s
    cube 3438.253.188 (depth 2, 28 lits): UNSAT in 0.02s
    cube 3438.253.189 (depth 2, 28 lits): UNSAT in 0.08s
    cube 3438.253.190 (depth 2, 28 lits): UNSAT in 0.04s
    cube 3438.253.191 (depth 2, 28 lits): UNSAT in 0.15s
    cube 3438.253.192 (depth 2, 28 lits): UNSAT in 0.14s
    cube 3438.253.193 (depth 2, 28 lits): UNSAT in 0.40s
    cube 3438.253.194 (depth 2, 28 lits): UNSAT in 0.06s
    cube 3438.253.195 (depth 2, 28 lits): UNSAT in 0.12s
    cube 3438.253.196 (depth 2, 28 lits): UNSAT in 0.06s
    cube 3438.253.197 (depth 2, 28 lits): UNSAT in 0.18s
    cube 3438.253.198 (depth 2, 28 lits): UNSAT in 0.11s
    cube 3438.253.199 (depth 2, 28 lits): UNSAT in 0.41s
    cube 3438.253.200 (depth 2, 28 lits): UNSAT in 0.32s
    cube 3438.253.201 (depth 2, 28 lits): UNSAT in 1.44s
    cube 3438.253.202 (depth 2, 28 lits): UNSAT in 0.06s
    cube 3438.253.203 (depth 2, 28 lits): UNSAT in 0.23s
    cube 3438.253.204 (depth 2, 28 lits): UNSAT in 0.12s
    cube 3438.253.205 (depth 2, 28 lits): UNSAT in 0.29s
    cube 3438.253.206 (depth 2, 28 lits): UNSAT in 0.15s
    cube 3438.253.207 (depth 2, 28 lits): UNSAT in 0.15s
    cube 3438.253.208 (depth 2, 28 lits): UNSAT in 0.22s
    cube 3438.253.209 (depth 2, 28 lits): UNSAT in 3.07s
    cube 3438.253.210 (depth 2, 28 lits): UNSAT in 0.21s
    cube 3438.253.211 (depth 2, 28 lits): UNSAT in 0.73s
    cube 3438.253.212 (depth 2, 28 lits): UNSAT in 2.05s
    cube 3438.253.213 (depth 2, 28 lits): UNSAT in 2.40s
    cube 3438.253.214 (depth 2, 28 lits): UNSAT in 0.44s
    cube 3438.253.215 (depth 2, 28 lits): UNSAT in 1.33s
    cube 3438.253.216 (depth 2, 28 lits): UNSAT in 0.61s
    cube 3438.253.217 (depth 2, 28 lits): UNSAT in 15.46s
    cube 3438.253.218 (depth 2, 28 lits): UNSAT in 0.02s
    cube 3438.253.219 (depth 2, 28 lits): UNSAT in 0.14s
    cube 3438.253.220 (depth 2, 28 lits): UNSAT in 0.07s
    cube 3438.253.221 (depth 2, 28 lits): UNSAT in 0.22s
    cube 3438.253.222 (depth 2, 28 lits): UNSAT in 0.16s
    cube 3438.253.223 (depth 2, 28 lits): UNSAT in 0.50s
    cube 3438.253.224 (depth 2, 28 lits): UNSAT in 0.56s
    cube 3438.253.225 (depth 2, 28 lits): UNSAT in 1.51s
    cube 3438.253.226 (depth 2, 28 lits): UNSAT in 0.05s
    cube 3438.253.227 (depth 2, 28 lits): UNSAT in 0.15s
    cube 3438.253.228 (depth 2, 28 lits): UNSAT in 0.35s
    cube 3438.253.229 (depth 2, 28 lits): UNSAT in 1.93s
    cube 3438.253.230 (depth 2, 28 lits): UNSAT in 0.46s
    cube 3438.253.231 (depth 2, 28 lits): UNSAT in 6.84s
    cube 3438.253.232 (depth 2, 28 lits): UNSAT in 3.15s
    cube 3438.253.233 (depth 2, 28 lits): UNSAT in 54.16s
    cube 3438.253.234 (depth 2, 28 lits): UNSAT in 0.05s
    cube 3438.253.235 (depth 2, 28 lits): UNSAT in 0.14s
    cube 3438.253.236 (depth 2, 28 lits): UNSAT in 0.72s
    cube 3438.253.237 (depth 2, 28 lits): UNSAT in 1.43s
    cube 3438.253.238 (depth 2, 28 lits): UNSAT in 0.45s
    cube 3438.253.239 (depth 2, 28 lits): UNSAT in 2.24s
    cube 3438.253.240 (depth 2, 28 lits): UNSAT in 11.85s
    cube 3438.253.241 (depth 2, 28 lits): UNSAT in 65.63s
    cube 3438.253.242 (depth 2, 28 lits): UNSAT in 0.26s
    cube 3438.253.243 (depth 2, 28 lits): UNSAT in 0.67s
    cube 3438.253.244 (depth 2, 28 lits): UNSAT in 0.43s
    cube 3438.253.245 (depth 2, 28 lits): UNSAT in 2.70s
    cube 3438.253.246 (depth 2, 28 lits): UNSAT in 0.54s
    cube 3438.253.247 (depth 2, 28 lits): UNSAT in 2.37s
    cube 3438.253.248 (depth 2, 28 lits): UNSAT in 8.26s
    cube 3438.253.249 (depth 2, 28 lits): UNSAT in 70.09s

  shard 12 verdict: UNSAT (1 UNSAT, 0 unresolved) in 10865.0s
