  shard 7/24 (explicit): 1 of 4095 cubes, per-cube cap 1200.0s, re-split depth 7
    cube 3390 (depth 0, 12 lits): TIMEOUT in 1200.09s
    cube 3390 TIMEOUT -> re-split into 254 sub-cubes (depth 1)
    cube 3390.0 (depth 1, 19 lits): UNSAT in 0.02s
    cube 3390.1 (depth 1, 20 lits): UNSAT in 0.02s
    cube 3390.2 (depth 1, 20 lits): UNSAT in 0.02s
    cube 3390.3 (depth 1, 20 lits): UNSAT in 0.02s
    cube 3390.4 (depth 1, 20 lits): UNSAT in 0.02s
    cube 3390.5 (depth 1, 19 lits): UNSAT in 0.02s
    cube 3390.6 (depth 1, 20 lits): UNSAT in 0.01s
    cube 3390.7 (depth 1, 20 lits): UNSAT in 0.01s
    cube 3390.8 (depth 1, 20 lits): UNSAT in 0.02s
    cube 3390.9 (depth 1, 20 lits): UNSAT in 0.02s
    cube 3390.10 (depth 1, 20 lits): UNSAT in 0.02s
    cube 3390.11 (depth 1, 20 lits): UNSAT in 0.02s
    cube 3390.12 (depth 1, 20 lits): UNSAT in 0.05s
    cube 3390.13 (depth 1, 20 lits): UNSAT in 0.11s
    cube 3390.14 (depth 1, 20 lits): UNSAT in 0.02s
    cube 3390.15 (depth 1, 20 lits): UNSAT in 0.02s
    cube 3390.16 (depth 1, 20 lits): UNSAT in 0.02s
    cube 3390.17 (depth 1, 20 lits): UNSAT in 0.03s
    cube 3390.18 (depth 1, 20 lits): UNSAT in 0.02s
    cube 3390.19 (depth 1, 20 lits): UNSAT in 0.03s
    cube 3390.20 (depth 1, 20 lits): UNSAT in 0.08s
    cube 3390.21 (depth 1, 20 lits): UNSAT in 0.11s
    cube 3390.22 (depth 1, 20 lits): UNSAT in 0.01s
    cube 3390.23 (depth 1, 20 lits): UNSAT in 0.12s
    cube 3390.24 (depth 1, 20 lits): UNSAT in 0.11s
    cube 3390.25 (depth 1, 20 lits): UNSAT in 0.19s
    cube 3390.26 (depth 1, 20 lits): UNSAT in 0.12s
    cube 3390.27 (depth 1, 20 lits): UNSAT in 0.18s
    cube 3390.28 (depth 1, 20 lits): UNSAT in 0.31s
    cube 3390.29 (depth 1, 20 lits): UNSAT in 1.87s
    cube 3390.30 (depth 1, 20 lits): UNSAT in 0.03s
    cube 3390.31 (depth 1, 20 lits): UNSAT in 0.03s
    cube 3390.32 (depth 1, 20 lits): UNSAT in 0.05s
    cube 3390.33 (depth 1, 20 lits): UNSAT in 0.13s
    cube 3390.34 (depth 1, 20 lits): UNSAT in 0.02s
    cube 3390.35 (depth 1, 20 lits): UNSAT in 0.03s
    cube 3390.36 (depth 1, 20 lits): UNSAT in 0.06s
    cube 3390.37 (depth 1, 20 lits): UNSAT in 0.33s
    cube 3390.38 (depth 1, 20 lits): UNSAT in 0.02s
    cube 3390.39 (depth 1, 20 lits): UNSAT in 0.05s
    cube 3390.40 (depth 1, 20 lits): UNSAT in 0.04s
    cube 3390.41 (depth 1, 20 lits): UNSAT in 0.03s
    cube 3390.42 (depth 1, 20 lits): UNSAT in 0.02s
    cube 3390.43 (depth 1, 20 lits): UNSAT in 0.17s
    cube 3390.44 (depth 1, 20 lits): UNSAT in 0.27s
    cube 3390.45 (depth 1, 20 lits): UNSAT in 0.43s
    cube 3390.46 (depth 1, 20 lits): UNSAT in 0.02s
    cube 3390.47 (depth 1, 20 lits): UNSAT in 0.04s
    cube 3390.48 (depth 1, 20 lits): UNSAT in 0.02s
    cube 3390.49 (depth 1, 20 lits): UNSAT in 0.13s
    cube 3390.50 (depth 1, 20 lits): UNSAT in 0.11s
    cube 3390.51 (depth 1, 20 lits): UNSAT in 0.34s
    cube 3390.52 (depth 1, 20 lits): UNSAT in 0.54s
    cube 3390.53 (depth 1, 20 lits): UNSAT in 1.06s
    cube 3390.54 (depth 1, 20 lits): UNSAT in 0.06s
    cube 3390.55 (depth 1, 20 lits): UNSAT in 0.21s
    cube 3390.56 (depth 1, 20 lits): UNSAT in 2.20s
    cube 3390.57 (depth 1, 20 lits): UNSAT in 1.49s
    cube 3390.58 (depth 1, 20 lits): UNSAT in 1.12s
    cube 3390.59 (depth 1, 20 lits): UNSAT in 3.10s
    cube 3390.60 (depth 1, 20 lits): UNSAT in 7.49s
    cube 3390.61 (depth 1, 20 lits): UNSAT in 31.58s
    cube 3390.62 (depth 1, 20 lits): UNSAT in 0.02s
    cube 3390.63 (depth 1, 20 lits): UNSAT in 0.04s
    cube 3390.64 (depth 1, 20 lits): UNSAT in 0.02s
    cube 3390.65 (depth 1, 20 lits): UNSAT in 0.02s
    cube 3390.66 (depth 1, 20 lits): UNSAT in 0.05s
    cube 3390.67 (depth 1, 20 lits): UNSAT in 0.07s
    cube 3390.68 (depth 1, 20 lits): UNSAT in 0.05s
    cube 3390.69 (depth 1, 20 lits): UNSAT in 0.27s
    cube 3390.70 (depth 1, 20 lits): UNSAT in 0.02s
    cube 3390.71 (depth 1, 20 lits): UNSAT in 0.05s
    cube 3390.72 (depth 1, 20 lits): UNSAT in 0.07s
    cube 3390.73 (depth 1, 20 lits): UNSAT in 0.12s
    cube 3390.74 (depth 1, 20 lits): UNSAT in 0.04s
    cube 3390.75 (depth 1, 20 lits): UNSAT in 0.24s
    cube 3390.76 (depth 1, 20 lits): UNSAT in 0.13s
    cube 3390.77 (depth 1, 20 lits): UNSAT in 1.87s
    cube 3390.78 (depth 1, 20 lits): UNSAT in 0.02s
    cube 3390.79 (depth 1, 20 lits): UNSAT in 0.02s
    cube 3390.80 (depth 1, 20 lits): UNSAT in 0.02s
    cube 3390.81 (depth 1, 20 lits): UNSAT in 0.02s
    cube 3390.82 (depth 1, 20 lits): UNSAT in 0.08s
    cube 3390.83 (depth 1, 20 lits): UNSAT in 0.17s
    cube 3390.84 (depth 1, 20 lits): UNSAT in 0.09s
    cube 3390.85 (depth 1, 20 lits): UNSAT in 0.61s
    cube 3390.86 (depth 1, 20 lits): UNSAT in 0.10s
    cube 3390.87 (depth 1, 20 lits): UNSAT in 0.21s
    cube 3390.88 (depth 1, 20 lits): UNSAT in 0.54s
    cube 3390.89 (depth 1, 20 lits): UNSAT in 2.12s
    cube 3390.90 (depth 1, 20 lits): UNSAT in 0.20s
    cube 3390.91 (depth 1, 20 lits): UNSAT in 0.51s
    cube 3390.92 (depth 1, 20 lits): UNSAT in 2.61s
    cube 3390.93 (depth 1, 20 lits): UNSAT in 3.90s
    cube 3390.94 (depth 1, 20 lits): UNSAT in 0.03s
    cube 3390.95 (depth 1, 20 lits): UNSAT in 0.03s
    cube 3390.96 (depth 1, 20 lits): UNSAT in 0.04s
    cube 3390.97 (depth 1, 20 lits): UNSAT in 0.11s
    cube 3390.98 (depth 1, 20 lits): UNSAT in 0.05s
    cube 3390.99 (depth 1, 20 lits): UNSAT in 0.14s
    cube 3390.100 (depth 1, 20 lits): UNSAT in 0.56s
    cube 3390.101 (depth 1, 20 lits): UNSAT in 1.52s
    cube 3390.102 (depth 1, 20 lits): UNSAT in 0.14s
    cube 3390.103 (depth 1, 20 lits): UNSAT in 0.66s
    cube 3390.104 (depth 1, 20 lits): UNSAT in 0.59s
    cube 3390.105 (depth 1, 20 lits): UNSAT in 1.61s
    cube 3390.106 (depth 1, 20 lits): UNSAT in 1.76s
    cube 3390.107 (depth 1, 20 lits): UNSAT in 5.13s
    cube 3390.108 (depth 1, 20 lits): UNSAT in 5.25s
    cube 3390.109 (depth 1, 20 lits): UNSAT in 105.28s
    cube 3390.110 (depth 1, 20 lits): UNSAT in 0.12s
    cube 3390.111 (depth 1, 20 lits): UNSAT in 0.97s
    cube 3390.112 (depth 1, 20 lits): UNSAT in 0.61s
    cube 3390.113 (depth 1, 20 lits): UNSAT in 4.21s
    cube 3390.114 (depth 1, 20 lits): UNSAT in 0.24s
    cube 3390.115 (depth 1, 20 lits): UNSAT in 2.68s
    cube 3390.116 (depth 1, 20 lits): UNSAT in 1.84s
    cube 3390.117 (depth 1, 20 lits): UNSAT in 35.43s
    cube 3390.118 (depth 1, 20 lits): UNSAT in 0.76s
    cube 3390.119 (depth 1, 20 lits): UNSAT in 5.91s
    cube 3390.120 (depth 1, 20 lits): UNSAT in 1.94s
    cube 3390.121 (depth 1, 20 lits): UNSAT in 49.89s
    cube 3390.122 (depth 1, 20 lits): UNSAT in 8.39s
    cube 3390.123 (depth 1, 20 lits): UNSAT in 89.77s
    cube 3390.124 (depth 1, 20 lits): UNSAT in 125.79s
    cube 3390.125 (depth 1, 20 lits): UNSAT in 1116.62s
    cube 3390.126 (depth 1, 20 lits): UNSAT in 0.01s
    cube 3390.127 (depth 1, 20 lits): UNSAT in 0.03s
    cube 3390.128 (depth 1, 20 lits): UNSAT in 0.04s
    cube 3390.129 (depth 1, 20 lits): UNSAT in 0.05s
    cube 3390.130 (depth 1, 20 lits): UNSAT in 0.02s
    cube 3390.131 (depth 1, 20 lits): UNSAT in 0.08s
    cube 3390.132 (depth 1, 20 lits): UNSAT in 0.04s
    cube 3390.133 (depth 1, 20 lits): UNSAT in 0.15s
    cube 3390.134 (depth 1, 20 lits): UNSAT in 0.04s
    cube 3390.135 (depth 1, 20 lits): UNSAT in 0.07s
    cube 3390.136 (depth 1, 20 lits): UNSAT in 0.04s
    cube 3390.137 (depth 1, 20 lits): UNSAT in 0.14s
    cube 3390.138 (depth 1, 20 lits): UNSAT in 0.05s
    cube 3390.139 (depth 1, 20 lits): UNSAT in 0.21s
    cube 3390.140 (depth 1, 20 lits): UNSAT in 0.58s
    cube 3390.141 (depth 1, 20 lits): UNSAT in 0.61s
    cube 3390.142 (depth 1, 20 lits): UNSAT in 0.04s
    cube 3390.143 (depth 1, 20 lits): UNSAT in 0.05s
    cube 3390.144 (depth 1, 20 lits): UNSAT in 0.07s
    cube 3390.145 (depth 1, 20 lits): UNSAT in 0.13s
    cube 3390.146 (depth 1, 20 lits): UNSAT in 0.05s
    cube 3390.147 (depth 1, 20 lits): UNSAT in 0.07s
    cube 3390.148 (depth 1, 20 lits): UNSAT in 0.29s
    cube 3390.149 (depth 1, 20 lits): UNSAT in 0.49s
    cube 3390.150 (depth 1, 20 lits): UNSAT in 0.12s
    cube 3390.151 (depth 1, 20 lits): UNSAT in 0.70s
    cube 3390.152 (depth 1, 20 lits): UNSAT in 0.85s
    cube 3390.153 (depth 1, 20 lits): UNSAT in 5.99s
    cube 3390.154 (depth 1, 20 lits): UNSAT in 0.25s
    cube 3390.155 (depth 1, 20 lits): UNSAT in 2.45s
    cube 3390.156 (depth 1, 20 lits): UNSAT in 6.80s
    cube 3390.157 (depth 1, 20 lits): UNSAT in 25.85s
    cube 3390.158 (depth 1, 20 lits): UNSAT in 0.05s
    cube 3390.159 (depth 1, 20 lits): UNSAT in 0.24s
    cube 3390.160 (depth 1, 20 lits): UNSAT in 0.10s
    cube 3390.161 (depth 1, 20 lits): UNSAT in 0.21s
    cube 3390.162 (depth 1, 20 lits): UNSAT in 0.13s
    cube 3390.163 (depth 1, 20 lits): UNSAT in 0.71s
    cube 3390.164 (depth 1, 20 lits): UNSAT in 0.18s
    cube 3390.165 (depth 1, 20 lits): UNSAT in 2.10s
    cube 3390.166 (depth 1, 20 lits): UNSAT in 0.02s
    cube 3390.167 (depth 1, 20 lits): UNSAT in 0.08s
    cube 3390.168 (depth 1, 20 lits): UNSAT in 0.15s
    cube 3390.169 (depth 1, 20 lits): UNSAT in 0.41s
    cube 3390.170 (depth 1, 20 lits): UNSAT in 0.05s
    cube 3390.171 (depth 1, 20 lits): UNSAT in 0.56s
    cube 3390.172 (depth 1, 20 lits): UNSAT in 1.32s
    cube 3390.173 (depth 1, 20 lits): UNSAT in 5.10s
    cube 3390.174 (depth 1, 20 lits): UNSAT in 0.22s
    cube 3390.175 (depth 1, 20 lits): UNSAT in 0.44s
    cube 3390.176 (depth 1, 20 lits): UNSAT in 0.21s
    cube 3390.177 (depth 1, 20 lits): UNSAT in 1.43s
    cube 3390.178 (depth 1, 20 lits): UNSAT in 0.64s
    cube 3390.179 (depth 1, 20 lits): UNSAT in 1.84s
    cube 3390.180 (depth 1, 20 lits): UNSAT in 0.93s
    cube 3390.181 (depth 1, 20 lits): UNSAT in 8.17s
    cube 3390.182 (depth 1, 20 lits): UNSAT in 0.37s
    cube 3390.183 (depth 1, 20 lits): UNSAT in 10.18s
    cube 3390.184 (depth 1, 20 lits): UNSAT in 4.93s
    cube 3390.185 (depth 1, 20 lits): UNSAT in 133.97s
    cube 3390.186 (depth 1, 20 lits): UNSAT in 12.29s
    cube 3390.187 (depth 1, 20 lits): UNSAT in 46.96s
    cube 3390.188 (depth 1, 20 lits): UNSAT in 89.83s
    cube 3390.189 (depth 1, 20 lits): TIMEOUT in 1200.09s
    cube 3390.189 TIMEOUT -> re-split into 253 sub-cubes (depth 2)
    cube 3390.189.0 (depth 2, 28 lits): UNSAT in 0.01s
    cube 3390.189.1 (depth 2, 28 lits): UNSAT in 0.01s
    cube 3390.189.2 (depth 2, 28 lits): UNSAT in 0.01s
    cube 3390.189.3 (depth 2, 28 lits): UNSAT in 0.02s
    cube 3390.189.4 (depth 2, 27 lits): UNSAT in 0.01s
    cube 3390.189.5 (depth 2, 28 lits): UNSAT in 0.01s
    cube 3390.189.6 (depth 2, 28 lits): UNSAT in 0.03s
    cube 3390.189.7 (depth 2, 28 lits): UNSAT in 0.01s
    cube 3390.189.8 (depth 2, 28 lits): UNSAT in 0.01s
    cube 3390.189.9 (depth 2, 28 lits): UNSAT in 0.02s
    cube 3390.189.10 (depth 2, 28 lits): UNSAT in 0.02s
    cube 3390.189.11 (depth 2, 28 lits): UNSAT in 0.02s
    cube 3390.189.12 (depth 2, 28 lits): UNSAT in 0.02s
    cube 3390.189.13 (depth 2, 28 lits): UNSAT in 0.02s
    cube 3390.189.14 (depth 2, 28 lits): UNSAT in 0.03s
    cube 3390.189.15 (depth 2, 28 lits): UNSAT in 0.01s
    cube 3390.189.16 (depth 2, 28 lits): UNSAT in 0.01s
    cube 3390.189.17 (depth 2, 28 lits): UNSAT in 0.02s
    cube 3390.189.18 (depth 2, 28 lits): UNSAT in 0.03s
    cube 3390.189.19 (depth 2, 28 lits): UNSAT in 0.04s
    cube 3390.189.20 (depth 2, 28 lits): UNSAT in 0.06s
    cube 3390.189.21 (depth 2, 28 lits): UNSAT in 0.02s
    cube 3390.189.22 (depth 2, 28 lits): UNSAT in 0.05s
    cube 3390.189.23 (depth 2, 28 lits): UNSAT in 0.02s
    cube 3390.189.24 (depth 2, 28 lits): UNSAT in 0.02s
    cube 3390.189.25 (depth 2, 28 lits): UNSAT in 0.02s
    cube 3390.189.26 (depth 2, 28 lits): UNSAT in 0.10s
    cube 3390.189.27 (depth 2, 28 lits): UNSAT in 0.02s
    cube 3390.189.28 (depth 2, 28 lits): UNSAT in 0.07s
    cube 3390.189.29 (depth 2, 28 lits): UNSAT in 0.11s
    cube 3390.189.30 (depth 2, 28 lits): UNSAT in 0.19s
    cube 3390.189.31 (depth 2, 28 lits): UNSAT in 0.01s
    cube 3390.189.32 (depth 2, 28 lits): UNSAT in 0.03s
    cube 3390.189.33 (depth 2, 28 lits): UNSAT in 0.01s
    cube 3390.189.34 (depth 2, 28 lits): UNSAT in 0.02s
    cube 3390.189.35 (depth 2, 27 lits): UNSAT in 0.02s
    cube 3390.189.36 (depth 2, 28 lits): UNSAT in 0.02s
    cube 3390.189.37 (depth 2, 28 lits): UNSAT in 0.07s
    cube 3390.189.38 (depth 2, 28 lits): UNSAT in 0.02s
    cube 3390.189.39 (depth 2, 28 lits): UNSAT in 0.02s
    cube 3390.189.40 (depth 2, 28 lits): UNSAT in 0.02s
    cube 3390.189.41 (depth 2, 28 lits): UNSAT in 0.02s
    cube 3390.189.42 (depth 2, 28 lits): UNSAT in 0.03s
    cube 3390.189.43 (depth 2, 28 lits): UNSAT in 0.03s
    cube 3390.189.44 (depth 2, 28 lits): UNSAT in 0.05s
    cube 3390.189.45 (depth 2, 28 lits): UNSAT in 0.09s
    cube 3390.189.46 (depth 2, 28 lits): UNSAT in 0.02s
    cube 3390.189.47 (depth 2, 28 lits): UNSAT in 0.02s
    cube 3390.189.48 (depth 2, 28 lits): UNSAT in 0.03s
    cube 3390.189.49 (depth 2, 28 lits): UNSAT in 0.04s
    cube 3390.189.50 (depth 2, 28 lits): UNSAT in 0.05s
    cube 3390.189.51 (depth 2, 28 lits): UNSAT in 0.04s
    cube 3390.189.52 (depth 2, 28 lits): UNSAT in 0.09s
    cube 3390.189.53 (depth 2, 28 lits): UNSAT in 0.21s
    cube 3390.189.54 (depth 2, 28 lits): UNSAT in 0.01s
    cube 3390.189.55 (depth 2, 28 lits): UNSAT in 0.01s
    cube 3390.189.56 (depth 2, 28 lits): UNSAT in 0.05s
    cube 3390.189.57 (depth 2, 28 lits): UNSAT in 0.24s
    cube 3390.189.58 (depth 2, 28 lits): UNSAT in 0.03s
    cube 3390.189.59 (depth 2, 28 lits): UNSAT in 0.21s
    cube 3390.189.60 (depth 2, 28 lits): UNSAT in 0.71s
    cube 3390.189.61 (depth 2, 28 lits): UNSAT in 3.68s
    cube 3390.189.62 (depth 2, 28 lits): UNSAT in 0.01s
    cube 3390.189.63 (depth 2, 28 lits): UNSAT in 0.02s
    cube 3390.189.64 (depth 2, 28 lits): UNSAT in 0.02s
    cube 3390.189.65 (depth 2, 28 lits): UNSAT in 0.02s
    cube 3390.189.66 (depth 2, 28 lits): UNSAT in 0.02s
    cube 3390.189.67 (depth 2, 28 lits): UNSAT in 0.06s
    cube 3390.189.68 (depth 2, 28 lits): UNSAT in 0.04s
    cube 3390.189.69 (depth 2, 28 lits): UNSAT in 0.11s
    cube 3390.189.70 (depth 2, 28 lits): UNSAT in 0.02s
    cube 3390.189.71 (depth 2, 28 lits): UNSAT in 0.02s
    cube 3390.189.72 (depth 2, 28 lits): UNSAT in 0.04s
    cube 3390.189.73 (depth 2, 28 lits): UNSAT in 0.08s
    cube 3390.189.74 (depth 2, 28 lits): UNSAT in 0.02s
    cube 3390.189.75 (depth 2, 28 lits): UNSAT in 0.11s
    cube 3390.189.76 (depth 2, 28 lits): UNSAT in 0.13s
    cube 3390.189.77 (depth 2, 28 lits): UNSAT in 0.64s
    cube 3390.189.78 (depth 2, 28 lits): UNSAT in 0.01s
    cube 3390.189.79 (depth 2, 28 lits): UNSAT in 0.01s
    cube 3390.189.80 (depth 2, 28 lits): UNSAT in 0.03s
    cube 3390.189.81 (depth 2, 28 lits): UNSAT in 0.10s
    cube 3390.189.82 (depth 2, 28 lits): UNSAT in 0.04s
    cube 3390.189.83 (depth 2, 28 lits): UNSAT in 0.11s
    cube 3390.189.84 (depth 2, 28 lits): UNSAT in 0.04s
    cube 3390.189.85 (depth 2, 28 lits): UNSAT in 0.23s
    cube 3390.189.86 (depth 2, 28 lits): UNSAT in 0.03s
    cube 3390.189.87 (depth 2, 28 lits): UNSAT in 0.06s
    cube 3390.189.88 (depth 2, 28 lits): UNSAT in 0.06s
    cube 3390.189.89 (depth 2, 28 lits): UNSAT in 0.05s
    cube 3390.189.90 (depth 2, 28 lits): UNSAT in 0.04s
    cube 3390.189.91 (depth 2, 28 lits): UNSAT in 0.12s
    cube 3390.189.92 (depth 2, 28 lits): UNSAT in 0.24s
    cube 3390.189.93 (depth 2, 28 lits): UNSAT in 0.56s
    cube 3390.189.94 (depth 2, 28 lits): UNSAT in 0.03s
    cube 3390.189.95 (depth 2, 28 lits): UNSAT in 0.05s
    cube 3390.189.96 (depth 2, 28 lits): UNSAT in 0.04s
    cube 3390.189.97 (depth 2, 28 lits): UNSAT in 0.42s
    cube 3390.189.98 (depth 2, 28 lits): UNSAT in 0.02s
    cube 3390.189.99 (depth 2, 28 lits): UNSAT in 0.08s
    cube 3390.189.100 (depth 2, 28 lits): UNSAT in 0.09s
    cube 3390.189.101 (depth 2, 28 lits): UNSAT in 0.29s
    cube 3390.189.102 (depth 2, 28 lits): UNSAT in 0.03s
    cube 3390.189.103 (depth 2, 28 lits): UNSAT in 0.10s
    cube 3390.189.104 (depth 2, 28 lits): UNSAT in 0.15s
    cube 3390.189.105 (depth 2, 28 lits): UNSAT in 0.34s
    cube 3390.189.106 (depth 2, 28 lits): UNSAT in 0.05s
    cube 3390.189.107 (depth 2, 28 lits): UNSAT in 0.04s
    cube 3390.189.108 (depth 2, 28 lits): UNSAT in 0.14s
    cube 3390.189.109 (depth 2, 28 lits): UNSAT in 0.91s
    cube 3390.189.110 (depth 2, 28 lits): UNSAT in 0.02s
    cube 3390.189.111 (depth 2, 28 lits): UNSAT in 0.08s
    cube 3390.189.112 (depth 2, 28 lits): UNSAT in 0.16s
    cube 3390.189.113 (depth 2, 28 lits): UNSAT in 0.65s
    cube 3390.189.114 (depth 2, 28 lits): UNSAT in 0.02s
    cube 3390.189.115 (depth 2, 28 lits): UNSAT in 0.16s
    cube 3390.189.116 (depth 2, 28 lits): UNSAT in 0.20s
    cube 3390.189.117 (depth 2, 28 lits): UNSAT in 2.95s
    cube 3390.189.118 (depth 2, 28 lits): UNSAT in 0.14s
    cube 3390.189.119 (depth 2, 28 lits): UNSAT in 0.47s
    cube 3390.189.120 (depth 2, 28 lits): UNSAT in 0.49s
    cube 3390.189.121 (depth 2, 28 lits): UNSAT in 0.95s
    cube 3390.189.122 (depth 2, 28 lits): UNSAT in 0.22s
    cube 3390.189.123 (depth 2, 28 lits): UNSAT in 3.53s
    cube 3390.189.124 (depth 2, 28 lits): UNSAT in 3.26s
    cube 3390.189.125 (depth 2, 28 lits): UNSAT in 16.63s
    cube 3390.189.126 (depth 2, 28 lits): UNSAT in 0.01s
    cube 3390.189.127 (depth 2, 28 lits): UNSAT in 0.02s
    cube 3390.189.128 (depth 2, 28 lits): UNSAT in 0.01s
    cube 3390.189.129 (depth 2, 28 lits): UNSAT in 0.03s
    cube 3390.189.130 (depth 2, 28 lits): UNSAT in 0.01s
    cube 3390.189.131 (depth 2, 28 lits): UNSAT in 0.03s
    cube 3390.189.132 (depth 2, 28 lits): UNSAT in 0.02s
    cube 3390.189.133 (depth 2, 28 lits): UNSAT in 0.13s
    cube 3390.189.134 (depth 2, 28 lits): UNSAT in 0.01s
    cube 3390.189.135 (depth 2, 28 lits): UNSAT in 0.02s
    cube 3390.189.136 (depth 2, 28 lits): UNSAT in 0.05s
    cube 3390.189.137 (depth 2, 28 lits): UNSAT in 0.05s
    cube 3390.189.138 (depth 2, 28 lits): UNSAT in 0.03s
    cube 3390.189.139 (depth 2, 28 lits): UNSAT in 0.06s
    cube 3390.189.140 (depth 2, 28 lits): UNSAT in 0.05s
    cube 3390.189.141 (depth 2, 28 lits): UNSAT in 0.52s
    cube 3390.189.142 (depth 2, 28 lits): UNSAT in 0.03s
    cube 3390.189.143 (depth 2, 28 lits): UNSAT in 0.12s
    cube 3390.189.144 (depth 2, 28 lits): UNSAT in 0.03s
    cube 3390.189.145 (depth 2, 28 lits): UNSAT in 0.04s
    cube 3390.189.146 (depth 2, 28 lits): UNSAT in 0.05s
    cube 3390.189.147 (depth 2, 28 lits): UNSAT in 0.17s
    cube 3390.189.148 (depth 2, 28 lits): UNSAT in 0.10s
    cube 3390.189.149 (depth 2, 28 lits): UNSAT in 0.32s
    cube 3390.189.150 (depth 2, 28 lits): UNSAT in 0.03s
    cube 3390.189.151 (depth 2, 28 lits): UNSAT in 0.09s
    cube 3390.189.152 (depth 2, 28 lits): UNSAT in 0.05s
    cube 3390.189.153 (depth 2, 28 lits): UNSAT in 0.06s
    cube 3390.189.154 (depth 2, 28 lits): UNSAT in 0.13s
    cube 3390.189.155 (depth 2, 28 lits): UNSAT in 0.20s
    cube 3390.189.156 (depth 2, 28 lits): UNSAT in 0.07s
    cube 3390.189.157 (depth 2, 28 lits): UNSAT in 1.21s
    cube 3390.189.158 (depth 2, 28 lits): UNSAT in 0.02s
    cube 3390.189.159 (depth 2, 28 lits): UNSAT in 0.05s
    cube 3390.189.160 (depth 2, 28 lits): UNSAT in 0.10s
    cube 3390.189.161 (depth 2, 28 lits): UNSAT in 0.22s
    cube 3390.189.162 (depth 2, 28 lits): UNSAT in 0.08s
    cube 3390.189.163 (depth 2, 28 lits): UNSAT in 0.27s
    cube 3390.189.164 (depth 2, 28 lits): UNSAT in 0.11s
    cube 3390.189.165 (depth 2, 28 lits): UNSAT in 0.86s
    cube 3390.189.166 (depth 2, 28 lits): UNSAT in 0.02s
    cube 3390.189.167 (depth 2, 28 lits): UNSAT in 0.10s
    cube 3390.189.168 (depth 2, 28 lits): UNSAT in 0.46s
    cube 3390.189.169 (depth 2, 28 lits): UNSAT in 0.99s
    cube 3390.189.170 (depth 2, 28 lits): UNSAT in 0.08s
    cube 3390.189.171 (depth 2, 28 lits): UNSAT in 0.61s
    cube 3390.189.172 (depth 2, 28 lits): UNSAT in 1.65s
    cube 3390.189.173 (depth 2, 28 lits): UNSAT in 16.22s
    cube 3390.189.174 (depth 2, 28 lits): UNSAT in 0.11s
    cube 3390.189.175 (depth 2, 28 lits): UNSAT in 0.30s
    cube 3390.189.176 (depth 2, 28 lits): UNSAT in 0.09s
    cube 3390.189.177 (depth 2, 28 lits): UNSAT in 0.47s
    cube 3390.189.178 (depth 2, 28 lits): UNSAT in 0.18s
    cube 3390.189.179 (depth 2, 28 lits): UNSAT in 0.37s
    cube 3390.189.180 (depth 2, 28 lits): UNSAT in 0.23s
    cube 3390.189.181 (depth 2, 28 lits): UNSAT in 3.70s
    cube 3390.189.182 (depth 2, 28 lits): UNSAT in 0.36s
    cube 3390.189.183 (depth 2, 28 lits): UNSAT in 0.91s
    cube 3390.189.184 (depth 2, 28 lits): UNSAT in 3.10s
    cube 3390.189.185 (depth 2, 28 lits): UNSAT in 10.96s
    cube 3390.189.186 (depth 2, 28 lits): UNSAT in 0.97s
    cube 3390.189.187 (depth 2, 28 lits): UNSAT in 3.52s
    cube 3390.189.188 (depth 2, 28 lits): UNSAT in 7.09s
    cube 3390.189.189 (depth 2, 28 lits): UNSAT in 23.67s
    cube 3390.189.190 (depth 2, 28 lits): UNSAT in 0.01s
    cube 3390.189.191 (depth 2, 28 lits): UNSAT in 0.02s
    cube 3390.189.192 (depth 2, 28 lits): UNSAT in 0.02s
    cube 3390.189.193 (depth 2, 28 lits): UNSAT in 0.02s
    cube 3390.189.194 (depth 2, 28 lits): UNSAT in 0.01s
    cube 3390.189.195 (depth 2, 28 lits): UNSAT in 0.03s
    cube 3390.189.196 (depth 2, 28 lits): UNSAT in 0.03s
    cube 3390.189.197 (depth 2, 28 lits): UNSAT in 0.02s
    cube 3390.189.198 (depth 2, 27 lits): UNSAT in 0.01s
    cube 3390.189.199 (depth 2, 28 lits): UNSAT in 0.02s
    cube 3390.189.200 (depth 2, 28 lits): UNSAT in 0.04s
    cube 3390.189.201 (depth 2, 28 lits): UNSAT in 0.03s
    cube 3390.189.202 (depth 2, 28 lits): UNSAT in 0.08s
    cube 3390.189.203 (depth 2, 28 lits): UNSAT in 0.04s
    cube 3390.189.204 (depth 2, 28 lits): UNSAT in 0.07s
    cube 3390.189.205 (depth 2, 28 lits): UNSAT in 0.01s
    cube 3390.189.206 (depth 2, 28 lits): UNSAT in 0.02s
    cube 3390.189.207 (depth 2, 28 lits): UNSAT in 0.02s
    cube 3390.189.208 (depth 2, 28 lits): UNSAT in 0.02s
    cube 3390.189.209 (depth 2, 28 lits): UNSAT in 0.02s
    cube 3390.189.210 (depth 2, 28 lits): UNSAT in 0.05s
    cube 3390.189.211 (depth 2, 28 lits): UNSAT in 0.02s
    cube 3390.189.212 (depth 2, 28 lits): UNSAT in 0.13s
    cube 3390.189.213 (depth 2, 28 lits): UNSAT in 0.03s
    cube 3390.189.214 (depth 2, 28 lits): UNSAT in 0.21s
    cube 3390.189.215 (depth 2, 28 lits): UNSAT in 0.17s
    cube 3390.189.216 (depth 2, 28 lits): UNSAT in 0.85s
    cube 3390.189.217 (depth 2, 28 lits): UNSAT in 0.05s
    cube 3390.189.218 (depth 2, 28 lits): UNSAT in 0.19s
    cube 3390.189.219 (depth 2, 28 lits): UNSAT in 0.15s
    cube 3390.189.220 (depth 2, 28 lits): UNSAT in 1.20s
    cube 3390.189.221 (depth 2, 28 lits): UNSAT in 0.02s
    cube 3390.189.222 (depth 2, 28 lits): UNSAT in 0.05s
    cube 3390.189.223 (depth 2, 28 lits): UNSAT in 0.06s
    cube 3390.189.224 (depth 2, 28 lits): UNSAT in 0.13s
    cube 3390.189.225 (depth 2, 28 lits): UNSAT in 0.03s
    cube 3390.189.226 (depth 2, 28 lits): UNSAT in 0.17s
    cube 3390.189.227 (depth 2, 28 lits): UNSAT in 0.15s
    cube 3390.189.228 (depth 2, 28 lits): UNSAT in 1.59s
    cube 3390.189.229 (depth 2, 28 lits): UNSAT in 0.03s
    cube 3390.189.230 (depth 2, 28 lits): UNSAT in 0.14s
    cube 3390.189.231 (depth 2, 28 lits): UNSAT in 0.07s
    cube 3390.189.232 (depth 2, 28 lits): UNSAT in 0.58s
    cube 3390.189.233 (depth 2, 28 lits): UNSAT in 0.17s
    cube 3390.189.234 (depth 2, 28 lits): UNSAT in 0.54s
    cube 3390.189.235 (depth 2, 28 lits): UNSAT in 2.41s
    cube 3390.189.236 (depth 2, 28 lits): UNSAT in 19.25s
    cube 3390.189.237 (depth 2, 28 lits): UNSAT in 0.11s
    cube 3390.189.238 (depth 2, 28 lits): UNSAT in 0.18s
    cube 3390.189.239 (depth 2, 28 lits): UNSAT in 0.15s
    cube 3390.189.240 (depth 2, 28 lits): UNSAT in 0.56s
    cube 3390.189.241 (depth 2, 28 lits): UNSAT in 0.07s
    cube 3390.189.242 (depth 2, 28 lits): UNSAT in 0.31s
    cube 3390.189.243 (depth 2, 28 lits): UNSAT in 0.31s
    cube 3390.189.244 (depth 2, 28 lits): UNSAT in 1.83s
    cube 3390.189.245 (depth 2, 28 lits): UNSAT in 0.59s
    cube 3390.189.246 (depth 2, 28 lits): UNSAT in 0.35s
    cube 3390.189.247 (depth 2, 28 lits): UNSAT in 0.40s
    cube 3390.189.248 (depth 2, 28 lits): UNSAT in 5.02s
    cube 3390.189.249 (depth 2, 28 lits): UNSAT in 0.67s
    cube 3390.189.250 (depth 2, 28 lits): UNSAT in 6.62s
    cube 3390.189.251 (depth 2, 28 lits): UNSAT in 3.27s
    cube 3390.189.252 (depth 2, 28 lits): UNSAT in 45.13s
    cube 3390.190 (depth 1, 20 lits): UNSAT in 0.02s
    cube 3390.191 (depth 1, 20 lits): UNSAT in 0.06s
    cube 3390.192 (depth 1, 20 lits): UNSAT in 0.09s
    cube 3390.193 (depth 1, 20 lits): UNSAT in 0.43s
    cube 3390.194 (depth 1, 20 lits): UNSAT in 0.17s
    cube 3390.195 (depth 1, 20 lits): UNSAT in 0.36s
    cube 3390.196 (depth 1, 20 lits): UNSAT in 0.44s
    cube 3390.197 (depth 1, 20 lits): UNSAT in 1.27s
    cube 3390.198 (depth 1, 20 lits): UNSAT in 0.21s
    cube 3390.199 (depth 1, 20 lits): UNSAT in 0.47s
    cube 3390.200 (depth 1, 20 lits): UNSAT in 0.26s
    cube 3390.201 (depth 1, 20 lits): UNSAT in 5.52s
    cube 3390.202 (depth 1, 20 lits): UNSAT in 0.30s
    cube 3390.203 (depth 1, 20 lits): UNSAT in 2.06s
    cube 3390.204 (depth 1, 20 lits): UNSAT in 6.94s
    cube 3390.205 (depth 1, 20 lits): UNSAT in 32.05s
    cube 3390.206 (depth 1, 20 lits): UNSAT in 0.10s
    cube 3390.207 (depth 1, 20 lits): UNSAT in 0.39s
    cube 3390.208 (depth 1, 20 lits): UNSAT in 0.26s
    cube 3390.209 (depth 1, 20 lits): UNSAT in 2.26s
    cube 3390.210 (depth 1, 20 lits): UNSAT in 0.94s
    cube 3390.211 (depth 1, 20 lits): UNSAT in 2.53s
    cube 3390.212 (depth 1, 20 lits): UNSAT in 1.79s
    cube 3390.213 (depth 1, 20 lits): UNSAT in 31.34s
    cube 3390.214 (depth 1, 20 lits): UNSAT in 0.98s
    cube 3390.215 (depth 1, 20 lits): UNSAT in 7.97s
    cube 3390.216 (depth 1, 20 lits): UNSAT in 5.77s
    cube 3390.217 (depth 1, 20 lits): UNSAT in 79.96s
    cube 3390.218 (depth 1, 20 lits): UNSAT in 6.52s
    cube 3390.219 (depth 1, 20 lits): UNSAT in 85.31s
    cube 3390.220 (depth 1, 20 lits): UNSAT in 218.49s
    cube 3390.221 (depth 1, 20 lits): TIMEOUT in 1200.02s
    cube 3390.221 TIMEOUT -> re-split into 255 sub-cubes (depth 2)
    cube 3390.221.0 (depth 2, 28 lits): UNSAT in 0.01s
    cube 3390.221.1 (depth 2, 28 lits): UNSAT in 0.02s
    cube 3390.221.2 (depth 2, 28 lits): UNSAT in 0.02s
    cube 3390.221.3 (depth 2, 28 lits): UNSAT in 0.02s
    cube 3390.221.4 (depth 2, 28 lits): UNSAT in 0.01s
    cube 3390.221.5 (depth 2, 28 lits): UNSAT in 0.06s
    cube 3390.221.6 (depth 2, 28 lits): UNSAT in 0.02s
    cube 3390.221.7 (depth 2, 28 lits): UNSAT in 0.03s
    cube 3390.221.8 (depth 2, 28 lits): UNSAT in 0.03s
    cube 3390.221.9 (depth 2, 28 lits): UNSAT in 0.03s
    cube 3390.221.10 (depth 2, 28 lits): UNSAT in 0.07s
    cube 3390.221.11 (depth 2, 28 lits): UNSAT in 0.09s
    cube 3390.221.12 (depth 2, 28 lits): UNSAT in 0.01s
    cube 3390.221.13 (depth 2, 28 lits): UNSAT in 0.03s
    cube 3390.221.14 (depth 2, 28 lits): UNSAT in 0.06s
    cube 3390.221.15 (depth 2, 28 lits): UNSAT in 0.09s
    cube 3390.221.16 (depth 2, 28 lits): UNSAT in 0.02s
    cube 3390.221.17 (depth 2, 28 lits): UNSAT in 0.03s
    cube 3390.221.18 (depth 2, 28 lits): UNSAT in 0.01s
    cube 3390.221.19 (depth 2, 28 lits): UNSAT in 0.02s
    cube 3390.221.20 (depth 2, 28 lits): UNSAT in 0.01s
    cube 3390.221.21 (depth 2, 28 lits): UNSAT in 0.04s
    cube 3390.221.22 (depth 2, 28 lits): UNSAT in 0.07s
    cube 3390.221.23 (depth 2, 28 lits): UNSAT in 0.07s
    cube 3390.221.24 (depth 2, 28 lits): UNSAT in 0.01s
    cube 3390.221.25 (depth 2, 28 lits): UNSAT in 0.06s
    cube 3390.221.26 (depth 2, 28 lits): UNSAT in 0.05s
    cube 3390.221.27 (depth 2, 28 lits): UNSAT in 0.18s
    cube 3390.221.28 (depth 2, 28 lits): UNSAT in 0.08s
    cube 3390.221.29 (depth 2, 28 lits): UNSAT in 0.26s
    cube 3390.221.30 (depth 2, 28 lits): UNSAT in 0.18s
    cube 3390.221.31 (depth 2, 28 lits): UNSAT in 0.78s
    cube 3390.221.32 (depth 2, 28 lits): UNSAT in 0.01s
    cube 3390.221.33 (depth 2, 28 lits): UNSAT in 0.03s
    cube 3390.221.34 (depth 2, 28 lits): UNSAT in 0.02s
    cube 3390.221.35 (depth 2, 28 lits): UNSAT in 0.05s
    cube 3390.221.36 (depth 2, 28 lits): UNSAT in 0.03s
    cube 3390.221.37 (depth 2, 28 lits): UNSAT in 0.05s
    cube 3390.221.38 (depth 2, 28 lits): UNSAT in 0.04s
    cube 3390.221.39 (depth 2, 28 lits): UNSAT in 0.13s
    cube 3390.221.40 (depth 2, 27 lits): UNSAT in 0.01s
    cube 3390.221.41 (depth 2, 28 lits): UNSAT in 0.02s
    cube 3390.221.42 (depth 2, 28 lits): UNSAT in 0.02s
    cube 3390.221.43 (depth 2, 28 lits): UNSAT in 0.04s
    cube 3390.221.44 (depth 2, 28 lits): UNSAT in 0.06s
    cube 3390.221.45 (depth 2, 28 lits): UNSAT in 0.15s
    cube 3390.221.46 (depth 2, 28 lits): UNSAT in 0.16s
    cube 3390.221.47 (depth 2, 28 lits): UNSAT in 0.03s
    cube 3390.221.48 (depth 2, 28 lits): UNSAT in 0.04s
    cube 3390.221.49 (depth 2, 28 lits): UNSAT in 0.02s
    cube 3390.221.50 (depth 2, 28 lits): UNSAT in 0.13s
    cube 3390.221.51 (depth 2, 28 lits): UNSAT in 0.03s
    cube 3390.221.52 (depth 2, 28 lits): UNSAT in 0.06s
    cube 3390.221.53 (depth 2, 28 lits): UNSAT in 0.05s
    cube 3390.221.54 (depth 2, 28 lits): UNSAT in 0.09s
    cube 3390.221.55 (depth 2, 28 lits): UNSAT in 0.04s
    cube 3390.221.56 (depth 2, 28 lits): UNSAT in 0.05s
    cube 3390.221.57 (depth 2, 28 lits): UNSAT in 0.07s
    cube 3390.221.58 (depth 2, 28 lits): UNSAT in 0.07s
    cube 3390.221.59 (depth 2, 28 lits): UNSAT in 0.14s
    cube 3390.221.60 (depth 2, 28 lits): UNSAT in 0.43s
    cube 3390.221.61 (depth 2, 28 lits): UNSAT in 0.47s
    cube 3390.221.62 (depth 2, 28 lits): UNSAT in 0.97s
    cube 3390.221.63 (depth 2, 28 lits): UNSAT in 0.02s
    cube 3390.221.64 (depth 2, 28 lits): UNSAT in 0.03s
    cube 3390.221.65 (depth 2, 28 lits): UNSAT in 0.02s
    cube 3390.221.66 (depth 2, 28 lits): UNSAT in 0.04s
    cube 3390.221.67 (depth 2, 28 lits): UNSAT in 0.02s
    cube 3390.221.68 (depth 2, 28 lits): UNSAT in 0.04s
    cube 3390.221.69 (depth 2, 28 lits): UNSAT in 0.05s
    cube 3390.221.70 (depth 2, 28 lits): UNSAT in 0.22s
    cube 3390.221.71 (depth 2, 28 lits): UNSAT in 0.02s
    cube 3390.221.72 (depth 2, 28 lits): UNSAT in 0.02s
    cube 3390.221.73 (depth 2, 28 lits): UNSAT in 0.02s
    cube 3390.221.74 (depth 2, 28 lits): UNSAT in 0.17s
    cube 3390.221.75 (depth 2, 28 lits): UNSAT in 0.09s
    cube 3390.221.76 (depth 2, 28 lits): UNSAT in 0.19s
    cube 3390.221.77 (depth 2, 28 lits): UNSAT in 0.06s
    cube 3390.221.78 (depth 2, 28 lits): UNSAT in 0.68s
    cube 3390.221.79 (depth 2, 28 lits): UNSAT in 0.02s
    cube 3390.221.80 (depth 2, 28 lits): UNSAT in 0.04s
    cube 3390.221.81 (depth 2, 28 lits): UNSAT in 0.03s
    cube 3390.221.82 (depth 2, 28 lits): UNSAT in 0.04s
    cube 3390.221.83 (depth 2, 28 lits): UNSAT in 0.03s
    cube 3390.221.84 (depth 2, 28 lits): UNSAT in 0.14s
    cube 3390.221.85 (depth 2, 28 lits): UNSAT in 0.15s
    cube 3390.221.86 (depth 2, 28 lits): UNSAT in 0.49s
    cube 3390.221.87 (depth 2, 28 lits): UNSAT in 0.05s
    cube 3390.221.88 (depth 2, 28 lits): UNSAT in 0.18s
    cube 3390.221.89 (depth 2, 28 lits): UNSAT in 0.14s
    cube 3390.221.90 (depth 2, 28 lits): UNSAT in 0.28s
    cube 3390.221.91 (depth 2, 28 lits): UNSAT in 0.46s
    cube 3390.221.92 (depth 2, 28 lits): UNSAT in 1.58s
    cube 3390.221.93 (depth 2, 28 lits): UNSAT in 0.70s
    cube 3390.221.94 (depth 2, 28 lits): UNSAT in 2.27s
    cube 3390.221.95 (depth 2, 28 lits): UNSAT in 0.01s
    cube 3390.221.96 (depth 2, 28 lits): UNSAT in 0.02s
    cube 3390.221.97 (depth 2, 28 lits): UNSAT in 0.02s
    cube 3390.221.98 (depth 2, 28 lits): UNSAT in 0.06s
    cube 3390.221.99 (depth 2, 28 lits): UNSAT in 0.02s
    cube 3390.221.100 (depth 2, 28 lits): UNSAT in 0.17s
    cube 3390.221.101 (depth 2, 28 lits): UNSAT in 0.07s
    cube 3390.221.102 (depth 2, 28 lits): UNSAT in 0.69s
    cube 3390.221.103 (depth 2, 28 lits): UNSAT in 0.04s
    cube 3390.221.104 (depth 2, 28 lits): UNSAT in 0.10s
    cube 3390.221.105 (depth 2, 28 lits): UNSAT in 0.38s
    cube 3390.221.106 (depth 2, 28 lits): UNSAT in 0.82s
    cube 3390.221.107 (depth 2, 28 lits): UNSAT in 0.24s
    cube 3390.221.108 (depth 2, 28 lits): UNSAT in 0.54s
    cube 3390.221.109 (depth 2, 28 lits): UNSAT in 0.84s
    cube 3390.221.110 (depth 2, 28 lits): UNSAT in 2.00s
    cube 3390.221.111 (depth 2, 28 lits): UNSAT in 0.05s
    cube 3390.221.112 (depth 2, 28 lits): UNSAT in 0.06s
    cube 3390.221.113 (depth 2, 28 lits): UNSAT in 0.28s
    cube 3390.221.114 (depth 2, 28 lits): UNSAT in 0.37s
    cube 3390.221.115 (depth 2, 28 lits): UNSAT in 0.06s
    cube 3390.221.116 (depth 2, 28 lits): UNSAT in 0.40s
    cube 3390.221.117 (depth 2, 28 lits): UNSAT in 0.58s
    cube 3390.221.118 (depth 2, 28 lits): UNSAT in 1.44s
    cube 3390.221.119 (depth 2, 28 lits): UNSAT in 0.15s
    cube 3390.221.120 (depth 2, 28 lits): UNSAT in 1.13s
    cube 3390.221.121 (depth 2, 28 lits): UNSAT in 0.74s
    cube 3390.221.122 (depth 2, 28 lits): UNSAT in 2.94s
    cube 3390.221.123 (depth 2, 28 lits): UNSAT in 1.89s
    cube 3390.221.124 (depth 2, 28 lits): UNSAT in 4.75s
    cube 3390.221.125 (depth 2, 28 lits): UNSAT in 6.12s
    cube 3390.221.126 (depth 2, 28 lits): UNSAT in 53.66s
    cube 3390.221.127 (depth 2, 28 lits): UNSAT in 0.01s
    cube 3390.221.128 (depth 2, 28 lits): UNSAT in 0.03s
    cube 3390.221.129 (depth 2, 28 lits): UNSAT in 0.02s
    cube 3390.221.130 (depth 2, 28 lits): UNSAT in 0.07s
    cube 3390.221.131 (depth 2, 28 lits): UNSAT in 0.03s
    cube 3390.221.132 (depth 2, 28 lits): UNSAT in 0.05s
    cube 3390.221.133 (depth 2, 28 lits): UNSAT in 0.04s
    cube 3390.221.134 (depth 2, 28 lits): UNSAT in 0.11s
    cube 3390.221.135 (depth 2, 28 lits): UNSAT in 0.01s
    cube 3390.221.136 (depth 2, 28 lits): UNSAT in 0.04s
    cube 3390.221.137 (depth 2, 28 lits): UNSAT in 0.06s
    cube 3390.221.138 (depth 2, 28 lits): UNSAT in 0.14s
    cube 3390.221.139 (depth 2, 28 lits): UNSAT in 0.02s
    cube 3390.221.140 (depth 2, 28 lits): UNSAT in 0.04s
    cube 3390.221.141 (depth 2, 28 lits): UNSAT in 0.14s
    cube 3390.221.142 (depth 2, 28 lits): UNSAT in 0.66s
    cube 3390.221.143 (depth 2, 28 lits): UNSAT in 0.03s
    cube 3390.221.144 (depth 2, 28 lits): UNSAT in 0.10s
    cube 3390.221.145 (depth 2, 28 lits): UNSAT in 0.07s
    cube 3390.221.146 (depth 2, 28 lits): UNSAT in 0.17s
    cube 3390.221.147 (depth 2, 28 lits): UNSAT in 0.07s
    cube 3390.221.148 (depth 2, 28 lits): UNSAT in 0.11s
    cube 3390.221.149 (depth 2, 28 lits): UNSAT in 0.14s
    cube 3390.221.150 (depth 2, 28 lits): UNSAT in 0.40s
    cube 3390.221.151 (depth 2, 28 lits): UNSAT in 0.04s
    cube 3390.221.152 (depth 2, 28 lits): UNSAT in 0.05s
    cube 3390.221.153 (depth 2, 28 lits): UNSAT in 0.08s
    cube 3390.221.154 (depth 2, 28 lits): UNSAT in 0.19s
    cube 3390.221.155 (depth 2, 28 lits): UNSAT in 0.10s
    cube 3390.221.156 (depth 2, 28 lits): UNSAT in 0.40s
    cube 3390.221.157 (depth 2, 28 lits): UNSAT in 0.77s
    cube 3390.221.158 (depth 2, 28 lits): UNSAT in 3.18s
    cube 3390.221.159 (depth 2, 28 lits): UNSAT in 0.09s
    cube 3390.221.160 (depth 2, 28 lits): UNSAT in 0.08s
    cube 3390.221.161 (depth 2, 28 lits): UNSAT in 0.05s
    cube 3390.221.162 (depth 2, 28 lits): UNSAT in 0.29s
    cube 3390.221.163 (depth 2, 28 lits): UNSAT in 0.05s
    cube 3390.221.164 (depth 2, 28 lits): UNSAT in 0.50s
    cube 3390.221.165 (depth 2, 28 lits): UNSAT in 0.36s
    cube 3390.221.166 (depth 2, 28 lits): UNSAT in 2.02s
    cube 3390.221.167 (depth 2, 28 lits): UNSAT in 0.04s
    cube 3390.221.168 (depth 2, 28 lits): UNSAT in 0.21s
    cube 3390.221.169 (depth 2, 28 lits): UNSAT in 0.25s
    cube 3390.221.170 (depth 2, 28 lits): UNSAT in 0.39s
    cube 3390.221.171 (depth 2, 28 lits): UNSAT in 0.12s
    cube 3390.221.172 (depth 2, 28 lits): UNSAT in 0.66s
    cube 3390.221.173 (depth 2, 28 lits): UNSAT in 0.74s
    cube 3390.221.174 (depth 2, 28 lits): UNSAT in 8.11s
    cube 3390.221.175 (depth 2, 28 lits): UNSAT in 0.05s
    cube 3390.221.176 (depth 2, 28 lits): UNSAT in 0.23s
    cube 3390.221.177 (depth 2, 28 lits): UNSAT in 0.06s
    cube 3390.221.178 (depth 2, 28 lits): UNSAT in 0.25s
    cube 3390.221.179 (depth 2, 28 lits): UNSAT in 0.06s
    cube 3390.221.180 (depth 2, 28 lits): UNSAT in 0.26s
    cube 3390.221.181 (depth 2, 28 lits): UNSAT in 0.83s
    cube 3390.221.182 (depth 2, 28 lits): UNSAT in 0.92s
    cube 3390.221.183 (depth 2, 28 lits): UNSAT in 0.19s
    cube 3390.221.184 (depth 2, 28 lits): UNSAT in 1.15s
    cube 3390.221.185 (depth 2, 28 lits): UNSAT in 0.32s
    cube 3390.221.186 (depth 2, 28 lits): UNSAT in 3.52s
    cube 3390.221.187 (depth 2, 28 lits): UNSAT in 0.62s
    cube 3390.221.188 (depth 2, 28 lits): UNSAT in 5.07s
    cube 3390.221.189 (depth 2, 28 lits): UNSAT in 7.38s
    cube 3390.221.190 (depth 2, 28 lits): UNSAT in 71.79s
    cube 3390.221.191 (depth 2, 28 lits): UNSAT in 0.02s
    cube 3390.221.192 (depth 2, 28 lits): UNSAT in 0.02s
    cube 3390.221.193 (depth 2, 28 lits): UNSAT in 0.02s
    cube 3390.221.194 (depth 2, 28 lits): UNSAT in 0.03s
    cube 3390.221.195 (depth 2, 28 lits): UNSAT in 0.02s
    cube 3390.221.196 (depth 2, 28 lits): UNSAT in 0.04s
    cube 3390.221.197 (depth 2, 28 lits): UNSAT in 0.04s
    cube 3390.221.198 (depth 2, 28 lits): UNSAT in 0.11s
    cube 3390.221.199 (depth 2, 28 lits): UNSAT in 0.02s
    cube 3390.221.200 (depth 2, 28 lits): UNSAT in 0.07s
    cube 3390.221.201 (depth 2, 28 lits): UNSAT in 0.12s
    cube 3390.221.202 (depth 2, 28 lits): UNSAT in 0.17s
    cube 3390.221.203 (depth 2, 28 lits): UNSAT in 0.03s
    cube 3390.221.204 (depth 2, 28 lits): UNSAT in 0.02s
    cube 3390.221.205 (depth 2, 28 lits): UNSAT in 0.08s
    cube 3390.221.206 (depth 2, 28 lits): UNSAT in 0.21s
    cube 3390.221.207 (depth 2, 28 lits): UNSAT in 0.03s
    cube 3390.221.208 (depth 2, 28 lits): UNSAT in 0.13s
    cube 3390.221.209 (depth 2, 28 lits): UNSAT in 0.12s
    cube 3390.221.210 (depth 2, 28 lits): UNSAT in 0.34s
    cube 3390.221.211 (depth 2, 28 lits): UNSAT in 0.11s
    cube 3390.221.212 (depth 2, 28 lits): UNSAT in 0.28s
    cube 3390.221.213 (depth 2, 28 lits): UNSAT in 0.18s
    cube 3390.221.214 (depth 2, 28 lits): UNSAT in 0.57s
    cube 3390.221.215 (depth 2, 28 lits): UNSAT in 0.04s
    cube 3390.221.216 (depth 2, 28 lits): UNSAT in 0.04s
    cube 3390.221.217 (depth 2, 28 lits): UNSAT in 0.13s
    cube 3390.221.218 (depth 2, 28 lits): UNSAT in 0.25s
    cube 3390.221.219 (depth 2, 28 lits): UNSAT in 0.38s
    cube 3390.221.220 (depth 2, 28 lits): UNSAT in 0.42s
    cube 3390.221.221 (depth 2, 28 lits): UNSAT in 1.10s
    cube 3390.221.222 (depth 2, 28 lits): UNSAT in 1.41s
    cube 3390.221.223 (depth 2, 28 lits): UNSAT in 0.01s
    cube 3390.221.224 (depth 2, 28 lits): UNSAT in 0.02s
    cube 3390.221.225 (depth 2, 28 lits): UNSAT in 0.02s
    cube 3390.221.226 (depth 2, 28 lits): UNSAT in 0.03s
    cube 3390.221.227 (depth 2, 28 lits): UNSAT in 0.02s
    cube 3390.221.228 (depth 2, 28 lits): UNSAT in 0.04s
    cube 3390.221.229 (depth 2, 28 lits): UNSAT in 0.13s
    cube 3390.221.230 (depth 2, 28 lits): UNSAT in 0.24s
    cube 3390.221.231 (depth 2, 28 lits): UNSAT in 0.02s
    cube 3390.221.232 (depth 2, 28 lits): UNSAT in 0.05s
    cube 3390.221.233 (depth 2, 28 lits): UNSAT in 0.22s
    cube 3390.221.234 (depth 2, 28 lits): UNSAT in 0.34s
    cube 3390.221.235 (depth 2, 28 lits): UNSAT in 0.41s
    cube 3390.221.236 (depth 2, 28 lits): UNSAT in 0.60s
    cube 3390.221.237 (depth 2, 28 lits): UNSAT in 0.51s
    cube 3390.221.238 (depth 2, 28 lits): UNSAT in 1.40s
    cube 3390.221.239 (depth 2, 28 lits): UNSAT in 0.07s
    cube 3390.221.240 (depth 2, 28 lits): UNSAT in 0.53s
    cube 3390.221.241 (depth 2, 28 lits): UNSAT in 1.08s
    cube 3390.221.242 (depth 2, 28 lits): UNSAT in 1.09s
    cube 3390.221.243 (depth 2, 28 lits): UNSAT in 0.20s
    cube 3390.221.244 (depth 2, 28 lits): UNSAT in 0.84s
    cube 3390.221.245 (depth 2, 28 lits): UNSAT in 0.66s
    cube 3390.221.246 (depth 2, 28 lits): UNSAT in 4.63s
    cube 3390.221.247 (depth 2, 28 lits): UNSAT in 0.24s
    cube 3390.221.248 (depth 2, 28 lits): UNSAT in 2.41s
    cube 3390.221.249 (depth 2, 28 lits): UNSAT in 1.57s
    cube 3390.221.250 (depth 2, 28 lits): UNSAT in 8.87s
    cube 3390.221.251 (depth 2, 28 lits): UNSAT in 0.70s
    cube 3390.221.252 (depth 2, 28 lits): UNSAT in 7.21s
    cube 3390.221.253 (depth 2, 28 lits): UNSAT in 6.91s
    cube 3390.221.254 (depth 2, 28 lits): UNSAT in 122.98s
    cube 3390.222 (depth 1, 20 lits): UNSAT in 0.12s
    cube 3390.223 (depth 1, 20 lits): UNSAT in 0.47s
    cube 3390.224 (depth 1, 20 lits): UNSAT in 0.39s
    cube 3390.225 (depth 1, 20 lits): UNSAT in 2.47s
    cube 3390.226 (depth 1, 20 lits): UNSAT in 0.53s
    cube 3390.227 (depth 1, 20 lits): UNSAT in 3.82s
    cube 3390.228 (depth 1, 20 lits): UNSAT in 1.77s
    cube 3390.229 (depth 1, 20 lits): UNSAT in 7.40s
    cube 3390.230 (depth 1, 20 lits): UNSAT in 1.70s
    cube 3390.231 (depth 1, 20 lits): UNSAT in 5.51s
    cube 3390.232 (depth 1, 20 lits): UNSAT in 7.81s
    cube 3390.233 (depth 1, 20 lits): UNSAT in 21.56s
    cube 3390.234 (depth 1, 20 lits): UNSAT in 3.10s
    cube 3390.235 (depth 1, 20 lits): UNSAT in 10.37s
    cube 3390.236 (depth 1, 20 lits): UNSAT in 78.96s
    cube 3390.237 (depth 1, 20 lits): TIMEOUT in 1200.04s
    cube 3390.237 TIMEOUT -> re-split into 246 sub-cubes (depth 2)
    cube 3390.237.0 (depth 2, 28 lits): UNSAT in 0.01s
    cube 3390.237.1 (depth 2, 28 lits): UNSAT in 0.01s
    cube 3390.237.2 (depth 2, 27 lits): UNSAT in 0.01s
    cube 3390.237.3 (depth 2, 26 lits): UNSAT in 0.02s
    cube 3390.237.4 (depth 2, 28 lits): UNSAT in 0.01s
    cube 3390.237.5 (depth 2, 28 lits): UNSAT in 0.01s
    cube 3390.237.6 (depth 2, 27 lits): UNSAT in 0.01s
    cube 3390.237.7 (depth 2, 27 lits): UNSAT in 0.02s
    cube 3390.237.8 (depth 2, 28 lits): UNSAT in 0.01s
    cube 3390.237.9 (depth 2, 28 lits): UNSAT in 0.02s
    cube 3390.237.10 (depth 2, 28 lits): UNSAT in 0.01s
    cube 3390.237.11 (depth 2, 28 lits): UNSAT in 0.02s
    cube 3390.237.12 (depth 2, 28 lits): UNSAT in 0.02s
    cube 3390.237.13 (depth 2, 28 lits): UNSAT in 0.03s
    cube 3390.237.14 (depth 2, 28 lits): UNSAT in 0.03s
    cube 3390.237.15 (depth 2, 28 lits): UNSAT in 0.04s
    cube 3390.237.16 (depth 2, 28 lits): UNSAT in 0.04s
    cube 3390.237.17 (depth 2, 28 lits): UNSAT in 0.13s
    cube 3390.237.18 (depth 2, 28 lits): UNSAT in 0.02s
    cube 3390.237.19 (depth 2, 28 lits): UNSAT in 0.04s
    cube 3390.237.20 (depth 2, 28 lits): UNSAT in 0.03s
    cube 3390.237.21 (depth 2, 28 lits): UNSAT in 0.06s
    cube 3390.237.22 (depth 2, 28 lits): UNSAT in 0.04s
    cube 3390.237.23 (depth 2, 28 lits): UNSAT in 0.09s
    cube 3390.237.24 (depth 2, 28 lits): UNSAT in 0.17s
    cube 3390.237.25 (depth 2, 28 lits): UNSAT in 0.37s
    cube 3390.237.26 (depth 2, 28 lits): UNSAT in 0.01s
    cube 3390.237.27 (depth 2, 28 lits): UNSAT in 0.02s
    cube 3390.237.28 (depth 2, 28 lits): UNSAT in 0.02s
    cube 3390.237.29 (depth 2, 28 lits): UNSAT in 0.02s
    cube 3390.237.30 (depth 2, 28 lits): UNSAT in 0.02s
    cube 3390.237.31 (depth 2, 28 lits): UNSAT in 0.01s
    cube 3390.237.32 (depth 2, 28 lits): UNSAT in 0.03s
    cube 3390.237.33 (depth 2, 28 lits): UNSAT in 0.24s
    cube 3390.237.34 (depth 2, 28 lits): UNSAT in 0.03s
    cube 3390.237.35 (depth 2, 28 lits): UNSAT in 0.05s
    cube 3390.237.36 (depth 2, 28 lits): UNSAT in 0.07s
    cube 3390.237.37 (depth 2, 28 lits): UNSAT in 0.10s
    cube 3390.237.38 (depth 2, 28 lits): UNSAT in 0.02s
    cube 3390.237.39 (depth 2, 28 lits): UNSAT in 0.06s
    cube 3390.237.40 (depth 2, 28 lits): UNSAT in 0.12s
    cube 3390.237.41 (depth 2, 28 lits): UNSAT in 0.14s
    cube 3390.237.42 (depth 2, 28 lits): UNSAT in 0.02s
    cube 3390.237.43 (depth 2, 28 lits): UNSAT in 0.03s
    cube 3390.237.44 (depth 2, 28 lits): UNSAT in 0.02s
    cube 3390.237.45 (depth 2, 28 lits): UNSAT in 0.04s
    cube 3390.237.46 (depth 2, 28 lits): UNSAT in 0.01s
    cube 3390.237.47 (depth 2, 28 lits): UNSAT in 0.02s
    cube 3390.237.48 (depth 2, 28 lits): UNSAT in 0.08s
    cube 3390.237.49 (depth 2, 28 lits): UNSAT in 0.13s
    cube 3390.237.50 (depth 2, 28 lits): UNSAT in 0.03s
    cube 3390.237.51 (depth 2, 28 lits): UNSAT in 0.08s
    cube 3390.237.52 (depth 2, 28 lits): UNSAT in 0.03s
    cube 3390.237.53 (depth 2, 28 lits): UNSAT in 0.05s
    cube 3390.237.54 (depth 2, 28 lits): UNSAT in 0.11s
    cube 3390.237.55 (depth 2, 28 lits): UNSAT in 0.09s
    cube 3390.237.56 (depth 2, 28 lits): UNSAT in 0.42s
    cube 3390.237.57 (depth 2, 28 lits): UNSAT in 0.79s
    cube 3390.237.58 (depth 2, 27 lits): UNSAT in 0.02s
    cube 3390.237.59 (depth 2, 27 lits): UNSAT in 0.01s
    cube 3390.237.60 (depth 2, 28 lits): UNSAT in 0.01s
    cube 3390.237.61 (depth 2, 28 lits): UNSAT in 0.02s
    cube 3390.237.62 (depth 2, 28 lits): UNSAT in 0.02s
    cube 3390.237.63 (depth 2, 28 lits): UNSAT in 0.04s
    cube 3390.237.64 (depth 2, 27 lits): UNSAT in 0.01s
    cube 3390.237.65 (depth 2, 27 lits): UNSAT in 0.02s
    cube 3390.237.66 (depth 2, 28 lits): UNSAT in 0.02s
    cube 3390.237.67 (depth 2, 28 lits): UNSAT in 0.06s
    cube 3390.237.68 (depth 2, 28 lits): UNSAT in 0.07s
    cube 3390.237.69 (depth 2, 28 lits): UNSAT in 0.10s
    cube 3390.237.70 (depth 2, 28 lits): UNSAT in 0.02s
    cube 3390.237.71 (depth 2, 28 lits): UNSAT in 0.01s
    cube 3390.237.72 (depth 2, 28 lits): UNSAT in 0.01s
    cube 3390.237.73 (depth 2, 28 lits): UNSAT in 0.03s
    cube 3390.237.74 (depth 2, 28 lits): UNSAT in 0.03s
    cube 3390.237.75 (depth 2, 28 lits): UNSAT in 0.07s
    cube 3390.237.76 (depth 2, 28 lits): UNSAT in 0.03s
    cube 3390.237.77 (depth 2, 28 lits): UNSAT in 0.22s
    cube 3390.237.78 (depth 2, 28 lits): UNSAT in 0.02s
    cube 3390.237.79 (depth 2, 28 lits): UNSAT in 0.14s
    cube 3390.237.80 (depth 2, 28 lits): UNSAT in 0.07s
    cube 3390.237.81 (depth 2, 28 lits): UNSAT in 0.18s
    cube 3390.237.82 (depth 2, 28 lits): UNSAT in 0.05s
    cube 3390.237.83 (depth 2, 28 lits): UNSAT in 0.10s
    cube 3390.237.84 (depth 2, 28 lits): UNSAT in 0.20s
    cube 3390.237.85 (depth 2, 28 lits): UNSAT in 0.31s
    cube 3390.237.86 (depth 2, 28 lits): UNSAT in 0.01s
    cube 3390.237.87 (depth 2, 28 lits): UNSAT in 0.04s
    cube 3390.237.88 (depth 2, 28 lits): UNSAT in 0.04s
    cube 3390.237.89 (depth 2, 28 lits): UNSAT in 0.04s
    cube 3390.237.90 (depth 2, 28 lits): UNSAT in 0.06s
    cube 3390.237.91 (depth 2, 28 lits): UNSAT in 0.14s
    cube 3390.237.92 (depth 2, 28 lits): UNSAT in 0.12s
    cube 3390.237.93 (depth 2, 28 lits): UNSAT in 0.21s
    cube 3390.237.94 (depth 2, 28 lits): UNSAT in 0.12s
    cube 3390.237.95 (depth 2, 28 lits): UNSAT in 0.11s
    cube 3390.237.96 (depth 2, 28 lits): UNSAT in 0.08s
    cube 3390.237.97 (depth 2, 28 lits): UNSAT in 0.49s
    cube 3390.237.98 (depth 2, 28 lits): UNSAT in 0.06s
    cube 3390.237.99 (depth 2, 28 lits): UNSAT in 0.13s
    cube 3390.237.100 (depth 2, 28 lits): UNSAT in 0.19s
    cube 3390.237.101 (depth 2, 28 lits): UNSAT in 1.29s
    cube 3390.237.102 (depth 2, 28 lits): UNSAT in 0.04s
    cube 3390.237.103 (depth 2, 28 lits): UNSAT in 0.12s
    cube 3390.237.104 (depth 2, 28 lits): UNSAT in 0.04s
    cube 3390.237.105 (depth 2, 28 lits): UNSAT in 0.47s
    cube 3390.237.106 (depth 2, 28 lits): UNSAT in 0.14s
    cube 3390.237.107 (depth 2, 28 lits): UNSAT in 0.32s
    cube 3390.237.108 (depth 2, 28 lits): UNSAT in 0.37s
    cube 3390.237.109 (depth 2, 28 lits): UNSAT in 1.78s
    cube 3390.237.110 (depth 2, 28 lits): UNSAT in 0.13s
    cube 3390.237.111 (depth 2, 28 lits): UNSAT in 0.36s
    cube 3390.237.112 (depth 2, 28 lits): UNSAT in 0.49s
    cube 3390.237.113 (depth 2, 28 lits): UNSAT in 2.48s
    cube 3390.237.114 (depth 2, 28 lits): UNSAT in 0.68s
    cube 3390.237.115 (depth 2, 28 lits): UNSAT in 0.97s
    cube 3390.237.116 (depth 2, 28 lits): UNSAT in 0.67s
    cube 3390.237.117 (depth 2, 28 lits): UNSAT in 11.18s
    cube 3390.237.118 (depth 2, 28 lits): UNSAT in 0.02s
    cube 3390.237.119 (depth 2, 28 lits): UNSAT in 0.02s
    cube 3390.237.120 (depth 2, 28 lits): UNSAT in 0.02s
    cube 3390.237.121 (depth 2, 28 lits): UNSAT in 0.03s
    cube 3390.237.122 (depth 2, 28 lits): UNSAT in 0.02s
    cube 3390.237.123 (depth 2, 28 lits): UNSAT in 0.02s
    cube 3390.237.124 (depth 2, 28 lits): UNSAT in 0.05s
    cube 3390.237.125 (depth 2, 28 lits): UNSAT in 0.05s
    cube 3390.237.126 (depth 2, 28 lits): UNSAT in 0.04s
    cube 3390.237.127 (depth 2, 28 lits): UNSAT in 0.10s
    cube 3390.237.128 (depth 2, 28 lits): UNSAT in 0.06s
    cube 3390.237.129 (depth 2, 28 lits): UNSAT in 0.42s
    cube 3390.237.130 (depth 2, 28 lits): UNSAT in 0.09s
    cube 3390.237.131 (depth 2, 28 lits): UNSAT in 0.22s
    cube 3390.237.132 (depth 2, 28 lits): UNSAT in 0.25s
    cube 3390.237.133 (depth 2, 28 lits): UNSAT in 0.41s
    cube 3390.237.134 (depth 2, 28 lits): UNSAT in 0.02s
    cube 3390.237.135 (depth 2, 28 lits): UNSAT in 0.05s
    cube 3390.237.136 (depth 2, 28 lits): UNSAT in 0.07s
    cube 3390.237.137 (depth 2, 28 lits): UNSAT in 0.22s
    cube 3390.237.138 (depth 2, 28 lits): UNSAT in 0.02s
    cube 3390.237.139 (depth 2, 28 lits): UNSAT in 0.05s
    cube 3390.237.140 (depth 2, 28 lits): UNSAT in 0.06s
    cube 3390.237.141 (depth 2, 28 lits): UNSAT in 0.26s
    cube 3390.237.142 (depth 2, 28 lits): UNSAT in 0.03s
    cube 3390.237.143 (depth 2, 28 lits): UNSAT in 0.07s
    cube 3390.237.144 (depth 2, 28 lits): UNSAT in 0.09s
    cube 3390.237.145 (depth 2, 28 lits): UNSAT in 0.64s
    cube 3390.237.146 (depth 2, 28 lits): UNSAT in 0.14s
    cube 3390.237.147 (depth 2, 28 lits): UNSAT in 1.01s
    cube 3390.237.148 (depth 2, 28 lits): UNSAT in 0.91s
    cube 3390.237.149 (depth 2, 28 lits): UNSAT in 4.31s
    cube 3390.237.150 (depth 2, 28 lits): UNSAT in 0.02s
    cube 3390.237.151 (depth 2, 28 lits): UNSAT in 0.02s
    cube 3390.237.152 (depth 2, 28 lits): UNSAT in 0.03s
    cube 3390.237.153 (depth 2, 28 lits): UNSAT in 0.04s
    cube 3390.237.154 (depth 2, 28 lits): UNSAT in 0.05s
    cube 3390.237.155 (depth 2, 28 lits): UNSAT in 0.06s
    cube 3390.237.156 (depth 2, 28 lits): UNSAT in 0.07s
    cube 3390.237.157 (depth 2, 28 lits): UNSAT in 0.17s
    cube 3390.237.158 (depth 2, 28 lits): UNSAT in 0.02s
    cube 3390.237.159 (depth 2, 28 lits): UNSAT in 0.05s
    cube 3390.237.160 (depth 2, 28 lits): UNSAT in 0.03s
    cube 3390.237.161 (depth 2, 28 lits): UNSAT in 0.10s
    cube 3390.237.162 (depth 2, 28 lits): UNSAT in 0.09s
    cube 3390.237.163 (depth 2, 28 lits): UNSAT in 0.12s
    cube 3390.237.164 (depth 2, 28 lits): UNSAT in 0.09s
    cube 3390.237.165 (depth 2, 28 lits): UNSAT in 0.50s
    cube 3390.237.166 (depth 2, 28 lits): UNSAT in 0.02s
    cube 3390.237.167 (depth 2, 28 lits): UNSAT in 0.06s
    cube 3390.237.168 (depth 2, 28 lits): UNSAT in 0.10s
    cube 3390.237.169 (depth 2, 28 lits): UNSAT in 0.29s
    cube 3390.237.170 (depth 2, 28 lits): UNSAT in 0.24s
    cube 3390.237.171 (depth 2, 28 lits): UNSAT in 0.63s
    cube 3390.237.172 (depth 2, 28 lits): UNSAT in 0.72s
    cube 3390.237.173 (depth 2, 28 lits): UNSAT in 5.72s
    cube 3390.237.174 (depth 2, 28 lits): UNSAT in 0.06s
    cube 3390.237.175 (depth 2, 28 lits): UNSAT in 0.37s
    cube 3390.237.176 (depth 2, 28 lits): UNSAT in 0.19s
    cube 3390.237.177 (depth 2, 28 lits): UNSAT in 2.00s
    cube 3390.237.178 (depth 2, 28 lits): UNSAT in 0.31s
    cube 3390.237.179 (depth 2, 28 lits): UNSAT in 2.02s
    cube 3390.237.180 (depth 2, 28 lits): UNSAT in 3.88s
    cube 3390.237.181 (depth 2, 28 lits): UNSAT in 6.49s
    cube 3390.237.182 (depth 2, 28 lits): UNSAT in 0.02s
    cube 3390.237.183 (depth 2, 28 lits): UNSAT in 0.03s
    cube 3390.237.184 (depth 2, 28 lits): UNSAT in 0.02s
    cube 3390.237.185 (depth 2, 28 lits): UNSAT in 0.05s
    cube 3390.237.186 (depth 2, 28 lits): UNSAT in 0.05s
    cube 3390.237.187 (depth 2, 28 lits): UNSAT in 0.07s
    cube 3390.237.188 (depth 2, 28 lits): UNSAT in 0.10s
    cube 3390.237.189 (depth 2, 28 lits): UNSAT in 0.36s
    cube 3390.237.190 (depth 2, 28 lits): UNSAT in 0.02s
    cube 3390.237.191 (depth 2, 28 lits): UNSAT in 0.03s
    cube 3390.237.192 (depth 2, 28 lits): UNSAT in 0.07s
    cube 3390.237.193 (depth 2, 28 lits): UNSAT in 0.19s
    cube 3390.237.194 (depth 2, 28 lits): UNSAT in 0.16s
    cube 3390.237.195 (depth 2, 28 lits): UNSAT in 0.34s
    cube 3390.237.196 (depth 2, 28 lits): UNSAT in 0.16s
    cube 3390.237.197 (depth 2, 28 lits): UNSAT in 0.97s
    cube 3390.237.198 (depth 2, 28 lits): UNSAT in 0.05s
    cube 3390.237.199 (depth 2, 28 lits): UNSAT in 0.08s
    cube 3390.237.200 (depth 2, 28 lits): UNSAT in 0.04s
    cube 3390.237.201 (depth 2, 28 lits): UNSAT in 0.32s
    cube 3390.237.202 (depth 2, 28 lits): UNSAT in 0.27s
    cube 3390.237.203 (depth 2, 28 lits): UNSAT in 1.01s
    cube 3390.237.204 (depth 2, 28 lits): UNSAT in 0.28s
    cube 3390.237.205 (depth 2, 28 lits): UNSAT in 2.39s
    cube 3390.237.206 (depth 2, 28 lits): UNSAT in 0.20s
    cube 3390.237.207 (depth 2, 28 lits): UNSAT in 0.52s
    cube 3390.237.208 (depth 2, 28 lits): UNSAT in 0.49s
    cube 3390.237.209 (depth 2, 28 lits): UNSAT in 6.68s
    cube 3390.237.210 (depth 2, 28 lits): UNSAT in 1.29s
    cube 3390.237.211 (depth 2, 28 lits): UNSAT in 9.05s
    cube 3390.237.212 (depth 2, 28 lits): UNSAT in 3.73s
    cube 3390.237.213 (depth 2, 28 lits): UNSAT in 204.16s
    cube 3390.237.214 (depth 2, 28 lits): UNSAT in 0.02s
    cube 3390.237.215 (depth 2, 28 lits): UNSAT in 0.04s
    cube 3390.237.216 (depth 2, 28 lits): UNSAT in 0.04s
    cube 3390.237.217 (depth 2, 28 lits): UNSAT in 0.14s
    cube 3390.237.218 (depth 2, 28 lits): UNSAT in 0.05s
    cube 3390.237.219 (depth 2, 28 lits): UNSAT in 0.07s
    cube 3390.237.220 (depth 2, 28 lits): UNSAT in 0.20s
    cube 3390.237.221 (depth 2, 28 lits): UNSAT in 0.65s
    cube 3390.237.222 (depth 2, 28 lits): UNSAT in 0.04s
    cube 3390.237.223 (depth 2, 28 lits): UNSAT in 0.16s
    cube 3390.237.224 (depth 2, 28 lits): UNSAT in 0.25s
    cube 3390.237.225 (depth 2, 28 lits): UNSAT in 0.79s
    cube 3390.237.226 (depth 2, 28 lits): UNSAT in 0.13s
    cube 3390.237.227 (depth 2, 28 lits): UNSAT in 0.39s
    cube 3390.237.228 (depth 2, 28 lits): UNSAT in 0.49s
    cube 3390.237.229 (depth 2, 28 lits): UNSAT in 2.33s
    cube 3390.237.230 (depth 2, 28 lits): UNSAT in 0.02s
    cube 3390.237.231 (depth 2, 28 lits): UNSAT in 0.05s
    cube 3390.237.232 (depth 2, 28 lits): UNSAT in 0.08s
    cube 3390.237.233 (depth 2, 28 lits): UNSAT in 0.39s
    cube 3390.237.234 (depth 2, 28 lits): UNSAT in 0.10s
    cube 3390.237.235 (depth 2, 28 lits): UNSAT in 0.17s
    cube 3390.237.236 (depth 2, 28 lits): UNSAT in 0.26s
    cube 3390.237.237 (depth 2, 28 lits): UNSAT in 0.78s
    cube 3390.237.238 (depth 2, 28 lits): UNSAT in 0.76s
    cube 3390.237.239 (depth 2, 28 lits): UNSAT in 1.19s
    cube 3390.237.240 (depth 2, 28 lits): UNSAT in 1.56s
    cube 3390.237.241 (depth 2, 28 lits): UNSAT in 2.40s
    cube 3390.237.242 (depth 2, 28 lits): UNSAT in 0.80s
    cube 3390.237.243 (depth 2, 28 lits): UNSAT in 3.15s
    cube 3390.237.244 (depth 2, 28 lits): UNSAT in 3.51s
    cube 3390.237.245 (depth 2, 28 lits): UNSAT in 99.66s
    cube 3390.238 (depth 1, 20 lits): UNSAT in 0.94s
    cube 3390.239 (depth 1, 20 lits): UNSAT in 1.81s
    cube 3390.240 (depth 1, 20 lits): UNSAT in 5.72s
    cube 3390.241 (depth 1, 20 lits): UNSAT in 24.58s
    cube 3390.242 (depth 1, 20 lits): UNSAT in 5.48s
    cube 3390.243 (depth 1, 20 lits): UNSAT in 14.99s
    cube 3390.244 (depth 1, 20 lits): UNSAT in 15.89s
    cube 3390.245 (depth 1, 20 lits): UNSAT in 826.18s
    cube 3390.246 (depth 1, 20 lits): UNSAT in 2.78s
    cube 3390.247 (depth 1, 20 lits): UNSAT in 53.52s
    cube 3390.248 (depth 1, 20 lits): UNSAT in 87.10s
    cube 3390.249 (depth 1, 20 lits): TIMEOUT in 1200.01s
    cube 3390.249 TIMEOUT -> re-split into 251 sub-cubes (depth 2)
    cube 3390.249.0 (depth 2, 28 lits): UNSAT in 0.01s
    cube 3390.249.1 (depth 2, 28 lits): UNSAT in 0.01s
    cube 3390.249.2 (depth 2, 28 lits): UNSAT in 0.01s
    cube 3390.249.3 (depth 2, 28 lits): UNSAT in 0.02s
    cube 3390.249.4 (depth 2, 27 lits): UNSAT in 0.01s
    cube 3390.249.5 (depth 2, 28 lits): UNSAT in 0.01s
    cube 3390.249.6 (depth 2, 28 lits): UNSAT in 0.01s
    cube 3390.249.7 (depth 2, 28 lits): UNSAT in 0.01s
    cube 3390.249.8 (depth 2, 28 lits): UNSAT in 0.02s
    cube 3390.249.9 (depth 2, 28 lits): UNSAT in 0.03s
    cube 3390.249.10 (depth 2, 28 lits): UNSAT in 0.02s
    cube 3390.249.11 (depth 2, 28 lits): UNSAT in 0.02s
    cube 3390.249.12 (depth 2, 28 lits): UNSAT in 0.05s
    cube 3390.249.13 (depth 2, 28 lits): UNSAT in 0.01s
    cube 3390.249.14 (depth 2, 28 lits): UNSAT in 0.08s
    cube 3390.249.15 (depth 2, 28 lits): UNSAT in 0.01s
    cube 3390.249.16 (depth 2, 28 lits): UNSAT in 0.02s
    cube 3390.249.17 (depth 2, 28 lits): UNSAT in 0.03s
    cube 3390.249.18 (depth 2, 28 lits): UNSAT in 0.04s
    cube 3390.249.19 (depth 2, 28 lits): UNSAT in 0.03s
    cube 3390.249.20 (depth 2, 28 lits): UNSAT in 0.06s
    cube 3390.249.21 (depth 2, 28 lits): UNSAT in 0.02s
    cube 3390.249.22 (depth 2, 28 lits): UNSAT in 0.04s
    cube 3390.249.23 (depth 2, 28 lits): UNSAT in 0.02s
    cube 3390.249.24 (depth 2, 28 lits): UNSAT in 0.06s
    cube 3390.249.25 (depth 2, 28 lits): UNSAT in 0.02s
    cube 3390.249.26 (depth 2, 28 lits): UNSAT in 0.05s
    cube 3390.249.27 (depth 2, 28 lits): UNSAT in 0.06s
    cube 3390.249.28 (depth 2, 28 lits): UNSAT in 0.09s
    cube 3390.249.29 (depth 2, 28 lits): UNSAT in 0.07s
    cube 3390.249.30 (depth 2, 28 lits): UNSAT in 0.11s
    cube 3390.249.31 (depth 2, 27 lits): UNSAT in 0.01s
    cube 3390.249.32 (depth 2, 28 lits): UNSAT in 0.01s
    cube 3390.249.33 (depth 2, 28 lits): UNSAT in 0.02s
    cube 3390.249.34 (depth 2, 27 lits): UNSAT in 0.01s
    cube 3390.249.35 (depth 2, 28 lits): UNSAT in 0.03s
    cube 3390.249.36 (depth 2, 28 lits): UNSAT in 0.03s
    cube 3390.249.37 (depth 2, 28 lits): UNSAT in 0.02s
    cube 3390.249.38 (depth 2, 28 lits): UNSAT in 0.04s
    cube 3390.249.39 (depth 2, 28 lits): UNSAT in 0.01s
    cube 3390.249.40 (depth 2, 28 lits): UNSAT in 0.02s
    cube 3390.249.41 (depth 2, 28 lits): UNSAT in 0.01s
    cube 3390.249.42 (depth 2, 28 lits): UNSAT in 0.03s
    cube 3390.249.43 (depth 2, 28 lits): UNSAT in 0.08s
    cube 3390.249.44 (depth 2, 28 lits): UNSAT in 0.06s
    cube 3390.249.45 (depth 2, 28 lits): UNSAT in 0.01s
    cube 3390.249.46 (depth 2, 28 lits): UNSAT in 0.02s
    cube 3390.249.47 (depth 2, 28 lits): UNSAT in 0.03s
    cube 3390.249.48 (depth 2, 28 lits): UNSAT in 0.05s
    cube 3390.249.49 (depth 2, 28 lits): UNSAT in 0.05s
    cube 3390.249.50 (depth 2, 28 lits): UNSAT in 0.03s
    cube 3390.249.51 (depth 2, 28 lits): UNSAT in 0.04s
    cube 3390.249.52 (depth 2, 28 lits): UNSAT in 0.07s
    cube 3390.249.53 (depth 2, 28 lits): UNSAT in 0.06s
    cube 3390.249.54 (depth 2, 28 lits): UNSAT in 0.05s
    cube 3390.249.55 (depth 2, 28 lits): UNSAT in 0.05s
    cube 3390.249.56 (depth 2, 28 lits): UNSAT in 0.08s
    cube 3390.249.57 (depth 2, 28 lits): UNSAT in 0.10s
    cube 3390.249.58 (depth 2, 28 lits): UNSAT in 0.23s
    cube 3390.249.59 (depth 2, 28 lits): UNSAT in 0.71s
    cube 3390.249.60 (depth 2, 28 lits): UNSAT in 0.36s
    cube 3390.249.61 (depth 2, 27 lits): UNSAT in 0.02s
    cube 3390.249.62 (depth 2, 28 lits): UNSAT in 0.01s
    cube 3390.249.63 (depth 2, 28 lits): UNSAT in 0.03s
    cube 3390.249.64 (depth 2, 28 lits): UNSAT in 0.02s
    cube 3390.249.65 (depth 2, 28 lits): UNSAT in 0.02s
    cube 3390.249.66 (depth 2, 28 lits): UNSAT in 0.02s
    cube 3390.249.67 (depth 2, 28 lits): UNSAT in 0.02s
    cube 3390.249.68 (depth 2, 28 lits): UNSAT in 0.01s
    cube 3390.249.69 (depth 2, 28 lits): UNSAT in 0.02s
    cube 3390.249.70 (depth 2, 28 lits): UNSAT in 0.01s
    cube 3390.249.71 (depth 2, 28 lits): UNSAT in 0.02s
    cube 3390.249.72 (depth 2, 28 lits): UNSAT in 0.03s
    cube 3390.249.73 (depth 2, 28 lits): UNSAT in 0.03s
    cube 3390.249.74 (depth 2, 28 lits): UNSAT in 0.03s
    cube 3390.249.75 (depth 2, 28 lits): UNSAT in 0.12s
    cube 3390.249.76 (depth 2, 28 lits): UNSAT in 0.02s
    cube 3390.249.77 (depth 2, 28 lits): UNSAT in 0.02s
    cube 3390.249.78 (depth 2, 28 lits): UNSAT in 0.04s
    cube 3390.249.79 (depth 2, 28 lits): UNSAT in 0.07s
    cube 3390.249.80 (depth 2, 28 lits): UNSAT in 0.06s
    cube 3390.249.81 (depth 2, 28 lits): UNSAT in 0.07s
    cube 3390.249.82 (depth 2, 28 lits): UNSAT in 0.09s
    cube 3390.249.83 (depth 2, 28 lits): UNSAT in 0.13s
    cube 3390.249.84 (depth 2, 28 lits): UNSAT in 0.01s
    cube 3390.249.85 (depth 2, 28 lits): UNSAT in 0.03s
    cube 3390.249.86 (depth 2, 28 lits): UNSAT in 0.10s
    cube 3390.249.87 (depth 2, 28 lits): UNSAT in 0.05s
    cube 3390.249.88 (depth 2, 28 lits): UNSAT in 0.07s
    cube 3390.249.89 (depth 2, 28 lits): UNSAT in 0.34s
    cube 3390.249.90 (depth 2, 28 lits): UNSAT in 0.11s
    cube 3390.249.91 (depth 2, 28 lits): UNSAT in 2.09s
    cube 3390.249.92 (depth 2, 27 lits): UNSAT in 0.02s
    cube 3390.249.93 (depth 2, 28 lits): UNSAT in 0.02s
    cube 3390.249.94 (depth 2, 28 lits): UNSAT in 0.04s
    cube 3390.249.95 (depth 2, 28 lits): UNSAT in 0.02s
    cube 3390.249.96 (depth 2, 28 lits): UNSAT in 0.03s
    cube 3390.249.97 (depth 2, 28 lits): UNSAT in 0.02s
    cube 3390.249.98 (depth 2, 28 lits): UNSAT in 0.04s
    cube 3390.249.99 (depth 2, 28 lits): UNSAT in 0.03s
    cube 3390.249.100 (depth 2, 28 lits): UNSAT in 0.02s
    cube 3390.249.101 (depth 2, 28 lits): UNSAT in 0.08s
    cube 3390.249.102 (depth 2, 28 lits): UNSAT in 0.16s
    cube 3390.249.103 (depth 2, 28 lits): UNSAT in 0.05s
    cube 3390.249.104 (depth 2, 28 lits): UNSAT in 0.10s
    cube 3390.249.105 (depth 2, 28 lits): UNSAT in 0.07s
    cube 3390.249.106 (depth 2, 28 lits): UNSAT in 0.64s
    cube 3390.249.107 (depth 2, 28 lits): UNSAT in 0.01s
    cube 3390.249.108 (depth 2, 28 lits): UNSAT in 0.05s
    cube 3390.249.109 (depth 2, 28 lits): UNSAT in 0.03s
    cube 3390.249.110 (depth 2, 28 lits): UNSAT in 0.16s
    cube 3390.249.111 (depth 2, 28 lits): UNSAT in 0.02s
    cube 3390.249.112 (depth 2, 28 lits): UNSAT in 0.09s
    cube 3390.249.113 (depth 2, 28 lits): UNSAT in 0.13s
    cube 3390.249.114 (depth 2, 28 lits): UNSAT in 0.52s
    cube 3390.249.115 (depth 2, 28 lits): UNSAT in 0.31s
    cube 3390.249.116 (depth 2, 28 lits): UNSAT in 0.44s
    cube 3390.249.117 (depth 2, 28 lits): UNSAT in 0.45s
    cube 3390.249.118 (depth 2, 28 lits): UNSAT in 3.91s
    cube 3390.249.119 (depth 2, 28 lits): UNSAT in 0.30s
    cube 3390.249.120 (depth 2, 28 lits): UNSAT in 4.68s
    cube 3390.249.121 (depth 2, 28 lits): UNSAT in 0.49s
    cube 3390.249.122 (depth 2, 28 lits): UNSAT in 17.13s
    cube 3390.249.123 (depth 2, 28 lits): UNSAT in 0.02s
    cube 3390.249.124 (depth 2, 28 lits): UNSAT in 0.02s
    cube 3390.249.125 (depth 2, 28 lits): UNSAT in 0.04s
    cube 3390.249.126 (depth 2, 28 lits): UNSAT in 0.04s
    cube 3390.249.127 (depth 2, 28 lits): UNSAT in 0.02s
    cube 3390.249.128 (depth 2, 28 lits): UNSAT in 0.03s
    cube 3390.249.129 (depth 2, 28 lits): UNSAT in 0.10s
    cube 3390.249.130 (depth 2, 28 lits): UNSAT in 0.33s
    cube 3390.249.131 (depth 2, 28 lits): UNSAT in 0.02s
    cube 3390.249.132 (depth 2, 28 lits): UNSAT in 0.03s
    cube 3390.249.133 (depth 2, 28 lits): UNSAT in 0.04s
    cube 3390.249.134 (depth 2, 28 lits): UNSAT in 0.17s
    cube 3390.249.135 (depth 2, 28 lits): UNSAT in 0.09s
    cube 3390.249.136 (depth 2, 28 lits): UNSAT in 0.25s
    cube 3390.249.137 (depth 2, 28 lits): UNSAT in 0.26s
    cube 3390.249.138 (depth 2, 28 lits): UNSAT in 0.81s
    cube 3390.249.139 (depth 2, 28 lits): UNSAT in 0.02s
    cube 3390.249.140 (depth 2, 28 lits): UNSAT in 0.02s
    cube 3390.249.141 (depth 2, 28 lits): UNSAT in 0.02s
    cube 3390.249.142 (depth 2, 28 lits): UNSAT in 0.04s
    cube 3390.249.143 (depth 2, 28 lits): UNSAT in 0.03s
    cube 3390.249.144 (depth 2, 28 lits): UNSAT in 0.03s
    cube 3390.249.145 (depth 2, 28 lits): UNSAT in 0.06s
    cube 3390.249.146 (depth 2, 28 lits): UNSAT in 0.09s
    cube 3390.249.147 (depth 2, 28 lits): UNSAT in 0.04s
    cube 3390.249.148 (depth 2, 28 lits): UNSAT in 0.38s
    cube 3390.249.149 (depth 2, 28 lits): UNSAT in 0.19s
    cube 3390.249.150 (depth 2, 28 lits): UNSAT in 0.71s
    cube 3390.249.151 (depth 2, 28 lits): UNSAT in 0.16s
    cube 3390.249.152 (depth 2, 28 lits): UNSAT in 0.42s
    cube 3390.249.153 (depth 2, 28 lits): UNSAT in 0.26s
    cube 3390.249.154 (depth 2, 28 lits): UNSAT in 3.40s
    cube 3390.249.155 (depth 2, 28 lits): UNSAT in 0.03s
    cube 3390.249.156 (depth 2, 28 lits): UNSAT in 0.17s
    cube 3390.249.157 (depth 2, 28 lits): UNSAT in 0.38s
    cube 3390.249.158 (depth 2, 28 lits): UNSAT in 1.60s
    cube 3390.249.159 (depth 2, 28 lits): UNSAT in 0.10s
    cube 3390.249.160 (depth 2, 28 lits): UNSAT in 0.14s
    cube 3390.249.161 (depth 2, 28 lits): UNSAT in 0.17s
    cube 3390.249.162 (depth 2, 28 lits): UNSAT in 1.41s
    cube 3390.249.163 (depth 2, 28 lits): UNSAT in 0.12s
    cube 3390.249.164 (depth 2, 28 lits): UNSAT in 0.10s
    cube 3390.249.165 (depth 2, 28 lits): UNSAT in 0.06s
    cube 3390.249.166 (depth 2, 28 lits): UNSAT in 0.15s
    cube 3390.249.167 (depth 2, 28 lits): UNSAT in 0.12s
    cube 3390.249.168 (depth 2, 28 lits): UNSAT in 0.15s
    cube 3390.249.169 (depth 2, 28 lits): UNSAT in 0.68s
    cube 3390.249.170 (depth 2, 28 lits): UNSAT in 2.59s
    cube 3390.249.171 (depth 2, 28 lits): UNSAT in 0.03s
    cube 3390.249.172 (depth 2, 28 lits): UNSAT in 0.06s
    cube 3390.249.173 (depth 2, 28 lits): UNSAT in 0.21s
    cube 3390.249.174 (depth 2, 28 lits): UNSAT in 0.31s
    cube 3390.249.175 (depth 2, 28 lits): UNSAT in 0.04s
    cube 3390.249.176 (depth 2, 28 lits): UNSAT in 0.25s
    cube 3390.249.177 (depth 2, 28 lits): UNSAT in 0.83s
    cube 3390.249.178 (depth 2, 28 lits): UNSAT in 1.94s
    cube 3390.249.179 (depth 2, 28 lits): UNSAT in 0.07s
    cube 3390.249.180 (depth 2, 28 lits): UNSAT in 0.33s
    cube 3390.249.181 (depth 2, 28 lits): UNSAT in 1.10s
    cube 3390.249.182 (depth 2, 28 lits): UNSAT in 3.26s
    cube 3390.249.183 (depth 2, 28 lits): UNSAT in 2.59s
    cube 3390.249.184 (depth 2, 28 lits): UNSAT in 3.10s
    cube 3390.249.185 (depth 2, 28 lits): UNSAT in 3.68s
    cube 3390.249.186 (depth 2, 28 lits): UNSAT in 24.62s
    cube 3390.249.187 (depth 2, 28 lits): UNSAT in 0.02s
    cube 3390.249.188 (depth 2, 28 lits): UNSAT in 0.04s
    cube 3390.249.189 (depth 2, 28 lits): UNSAT in 0.04s
    cube 3390.249.190 (depth 2, 28 lits): UNSAT in 0.09s
    cube 3390.249.191 (depth 2, 28 lits): UNSAT in 0.04s
    cube 3390.249.192 (depth 2, 28 lits): UNSAT in 0.10s
    cube 3390.249.193 (depth 2, 28 lits): UNSAT in 0.08s
    cube 3390.249.194 (depth 2, 28 lits): UNSAT in 0.23s
    cube 3390.249.195 (depth 2, 28 lits): UNSAT in 0.03s
    cube 3390.249.196 (depth 2, 28 lits): UNSAT in 0.09s
    cube 3390.249.197 (depth 2, 28 lits): UNSAT in 0.05s
    cube 3390.249.198 (depth 2, 28 lits): UNSAT in 0.66s
    cube 3390.249.199 (depth 2, 28 lits): UNSAT in 0.04s
    cube 3390.249.200 (depth 2, 28 lits): UNSAT in 0.38s
    cube 3390.249.201 (depth 2, 28 lits): UNSAT in 0.22s
    cube 3390.249.202 (depth 2, 28 lits): UNSAT in 1.29s
    cube 3390.249.203 (depth 2, 28 lits): UNSAT in 0.03s
    cube 3390.249.204 (depth 2, 28 lits): UNSAT in 0.28s
    cube 3390.249.205 (depth 2, 28 lits): UNSAT in 0.24s
    cube 3390.249.206 (depth 2, 28 lits): UNSAT in 1.40s
    cube 3390.249.207 (depth 2, 28 lits): UNSAT in 0.31s
    cube 3390.249.208 (depth 2, 28 lits): UNSAT in 1.00s
    cube 3390.249.209 (depth 2, 28 lits): UNSAT in 1.26s
    cube 3390.249.210 (depth 2, 28 lits): UNSAT in 9.41s
    cube 3390.249.211 (depth 2, 28 lits): UNSAT in 0.04s
    cube 3390.249.212 (depth 2, 28 lits): UNSAT in 0.12s
    cube 3390.249.213 (depth 2, 28 lits): UNSAT in 0.17s
    cube 3390.249.214 (depth 2, 28 lits): UNSAT in 1.26s
    cube 3390.249.215 (depth 2, 28 lits): UNSAT in 0.70s
    cube 3390.249.216 (depth 2, 28 lits): UNSAT in 1.64s
    cube 3390.249.217 (depth 2, 28 lits): UNSAT in 6.20s
    cube 3390.249.218 (depth 2, 28 lits): UNSAT in 84.75s
    cube 3390.249.219 (depth 2, 28 lits): UNSAT in 0.06s
    cube 3390.249.220 (depth 2, 28 lits): UNSAT in 0.16s
    cube 3390.249.221 (depth 2, 28 lits): UNSAT in 0.11s
    cube 3390.249.222 (depth 2, 28 lits): UNSAT in 2.42s
    cube 3390.249.223 (depth 2, 28 lits): UNSAT in 0.57s
    cube 3390.249.224 (depth 2, 28 lits): UNSAT in 1.51s
    cube 3390.249.225 (depth 2, 28 lits): UNSAT in 0.24s
    cube 3390.249.226 (depth 2, 28 lits): UNSAT in 2.65s
    cube 3390.249.227 (depth 2, 28 lits): UNSAT in 0.09s
    cube 3390.249.228 (depth 2, 28 lits): UNSAT in 0.81s
    cube 3390.249.229 (depth 2, 28 lits): UNSAT in 0.72s
    cube 3390.249.230 (depth 2, 28 lits): UNSAT in 4.86s
    cube 3390.249.231 (depth 2, 28 lits): UNSAT in 0.26s
    cube 3390.249.232 (depth 2, 28 lits): UNSAT in 3.30s
    cube 3390.249.233 (depth 2, 28 lits): UNSAT in 5.69s
    cube 3390.249.234 (depth 2, 28 lits): UNSAT in 28.88s
    cube 3390.249.235 (depth 2, 28 lits): UNSAT in 0.06s
    cube 3390.249.236 (depth 2, 28 lits): UNSAT in 0.33s
    cube 3390.249.237 (depth 2, 28 lits): UNSAT in 1.20s
    cube 3390.249.238 (depth 2, 28 lits): UNSAT in 4.38s
    cube 3390.249.239 (depth 2, 28 lits): UNSAT in 1.09s
    cube 3390.249.240 (depth 2, 28 lits): UNSAT in 9.02s
    cube 3390.249.241 (depth 2, 28 lits): UNSAT in 13.69s
    cube 3390.249.242 (depth 2, 28 lits): UNSAT in 118.78s
    cube 3390.249.243 (depth 2, 28 lits): UNSAT in 0.31s
    cube 3390.249.244 (depth 2, 28 lits): UNSAT in 2.06s
    cube 3390.249.245 (depth 2, 28 lits): UNSAT in 0.27s
    cube 3390.249.246 (depth 2, 28 lits): UNSAT in 7.67s
    cube 3390.249.247 (depth 2, 28 lits): UNSAT in 1.52s
    cube 3390.249.248 (depth 2, 28 lits): UNSAT in 10.80s
    cube 3390.249.249 (depth 2, 28 lits): UNSAT in 4.39s
    cube 3390.249.250 (depth 2, 28 lits): UNSAT in 171.84s
    cube 3390.250 (depth 1, 20 lits): UNSAT in 18.15s
    cube 3390.251 (depth 1, 20 lits): UNSAT in 554.78s
    cube 3390.252 (depth 1, 20 lits): UNSAT in 61.10s
    cube 3390.253 (depth 1, 20 lits): UNSAT in 831.71s

  shard 7 verdict: UNSAT (1 UNSAT, 0 unresolved) in 12799.3s
