  shard 6/24 (explicit): 1 of 4095 cubes, per-cube cap 1200.0s, re-split depth 7
    cube 3388 (depth 0, 12 lits): TIMEOUT in 1200.05s
    cube 3388 TIMEOUT -> re-split into 243 sub-cubes (depth 1)
    cube 3388.0 (depth 1, 17 lits): UNSAT in 0.01s
    cube 3388.1 (depth 1, 20 lits): UNSAT in 0.01s
    cube 3388.2 (depth 1, 20 lits): UNSAT in 0.02s
    cube 3388.3 (depth 1, 20 lits): UNSAT in 0.02s
    cube 3388.4 (depth 1, 20 lits): UNSAT in 0.03s
    cube 3388.5 (depth 1, 19 lits): UNSAT in 0.02s
    cube 3388.6 (depth 1, 20 lits): UNSAT in 0.01s
    cube 3388.7 (depth 1, 20 lits): UNSAT in 0.03s
    cube 3388.8 (depth 1, 20 lits): UNSAT in 0.02s
    cube 3388.9 (depth 1, 20 lits): UNSAT in 0.01s
    cube 3388.10 (depth 1, 20 lits): UNSAT in 0.02s
    cube 3388.11 (depth 1, 20 lits): UNSAT in 0.02s
    cube 3388.12 (depth 1, 19 lits): UNSAT in 0.02s
    cube 3388.13 (depth 1, 20 lits): UNSAT in 0.01s
    cube 3388.14 (depth 1, 20 lits): UNSAT in 0.04s
    cube 3388.15 (depth 1, 20 lits): UNSAT in 0.03s
    cube 3388.16 (depth 1, 20 lits): UNSAT in 0.05s
    cube 3388.17 (depth 1, 20 lits): UNSAT in 0.04s
    cube 3388.18 (depth 1, 20 lits): UNSAT in 0.09s
    cube 3388.19 (depth 1, 20 lits): UNSAT in 0.01s
    cube 3388.20 (depth 1, 20 lits): UNSAT in 0.08s
    cube 3388.21 (depth 1, 20 lits): UNSAT in 0.05s
    cube 3388.22 (depth 1, 20 lits): UNSAT in 0.22s
    cube 3388.23 (depth 1, 19 lits): UNSAT in 0.01s
    cube 3388.24 (depth 1, 20 lits): UNSAT in 0.02s
    cube 3388.25 (depth 1, 20 lits): UNSAT in 0.01s
    cube 3388.26 (depth 1, 20 lits): UNSAT in 0.02s
    cube 3388.27 (depth 1, 20 lits): UNSAT in 0.01s
    cube 3388.28 (depth 1, 20 lits): UNSAT in 0.03s
    cube 3388.29 (depth 1, 20 lits): UNSAT in 0.03s
    cube 3388.30 (depth 1, 19 lits): UNSAT in 0.01s
    cube 3388.31 (depth 1, 20 lits): UNSAT in 0.02s
    cube 3388.32 (depth 1, 20 lits): UNSAT in 0.02s
    cube 3388.33 (depth 1, 20 lits): UNSAT in 0.02s
    cube 3388.34 (depth 1, 20 lits): UNSAT in 0.04s
    cube 3388.35 (depth 1, 20 lits): UNSAT in 0.07s
    cube 3388.36 (depth 1, 20 lits): UNSAT in 0.11s
    cube 3388.37 (depth 1, 20 lits): UNSAT in 0.02s
    cube 3388.38 (depth 1, 20 lits): UNSAT in 0.02s
    cube 3388.39 (depth 1, 20 lits): UNSAT in 0.02s
    cube 3388.40 (depth 1, 20 lits): UNSAT in 0.05s
    cube 3388.41 (depth 1, 20 lits): UNSAT in 0.04s
    cube 3388.42 (depth 1, 20 lits): UNSAT in 0.02s
    cube 3388.43 (depth 1, 20 lits): UNSAT in 0.03s
    cube 3388.44 (depth 1, 20 lits): UNSAT in 0.06s
    cube 3388.45 (depth 1, 20 lits): UNSAT in 0.04s
    cube 3388.46 (depth 1, 20 lits): UNSAT in 0.03s
    cube 3388.47 (depth 1, 20 lits): UNSAT in 0.11s
    cube 3388.48 (depth 1, 20 lits): UNSAT in 0.33s
    cube 3388.49 (depth 1, 20 lits): UNSAT in 0.06s
    cube 3388.50 (depth 1, 20 lits): UNSAT in 0.20s
    cube 3388.51 (depth 1, 20 lits): UNSAT in 0.13s
    cube 3388.52 (depth 1, 20 lits): UNSAT in 0.87s
    cube 3388.53 (depth 1, 19 lits): UNSAT in 0.01s
    cube 3388.54 (depth 1, 20 lits): UNSAT in 0.02s
    cube 3388.55 (depth 1, 20 lits): UNSAT in 0.02s
    cube 3388.56 (depth 1, 20 lits): UNSAT in 0.02s
    cube 3388.57 (depth 1, 20 lits): UNSAT in 0.02s
    cube 3388.58 (depth 1, 20 lits): UNSAT in 0.02s
    cube 3388.59 (depth 1, 20 lits): UNSAT in 0.02s
    cube 3388.60 (depth 1, 20 lits): UNSAT in 0.01s
    cube 3388.61 (depth 1, 20 lits): UNSAT in 0.02s
    cube 3388.62 (depth 1, 20 lits): UNSAT in 0.02s
    cube 3388.63 (depth 1, 20 lits): UNSAT in 0.02s
    cube 3388.64 (depth 1, 20 lits): UNSAT in 0.01s
    cube 3388.65 (depth 1, 20 lits): UNSAT in 0.04s
    cube 3388.66 (depth 1, 20 lits): UNSAT in 0.12s
    cube 3388.67 (depth 1, 20 lits): UNSAT in 0.49s
    cube 3388.68 (depth 1, 19 lits): UNSAT in 0.01s
    cube 3388.69 (depth 1, 20 lits): UNSAT in 0.01s
    cube 3388.70 (depth 1, 20 lits): UNSAT in 0.03s
    cube 3388.71 (depth 1, 20 lits): UNSAT in 0.04s
    cube 3388.72 (depth 1, 20 lits): UNSAT in 0.07s
    cube 3388.73 (depth 1, 20 lits): UNSAT in 0.04s
    cube 3388.74 (depth 1, 20 lits): UNSAT in 0.15s
    cube 3388.75 (depth 1, 20 lits): UNSAT in 0.01s
    cube 3388.76 (depth 1, 20 lits): UNSAT in 0.06s
    cube 3388.77 (depth 1, 20 lits): UNSAT in 0.03s
    cube 3388.78 (depth 1, 20 lits): UNSAT in 0.13s
    cube 3388.79 (depth 1, 20 lits): UNSAT in 0.21s
    cube 3388.80 (depth 1, 20 lits): UNSAT in 0.09s
    cube 3388.81 (depth 1, 20 lits): UNSAT in 0.19s
    cube 3388.82 (depth 1, 20 lits): UNSAT in 0.62s
    cube 3388.83 (depth 1, 20 lits): UNSAT in 0.06s
    cube 3388.84 (depth 1, 20 lits): UNSAT in 0.07s
    cube 3388.85 (depth 1, 20 lits): UNSAT in 0.08s
    cube 3388.86 (depth 1, 20 lits): UNSAT in 0.22s
    cube 3388.87 (depth 1, 20 lits): UNSAT in 0.13s
    cube 3388.88 (depth 1, 20 lits): UNSAT in 0.20s
    cube 3388.89 (depth 1, 20 lits): UNSAT in 0.23s
    cube 3388.90 (depth 1, 20 lits): UNSAT in 0.58s
    cube 3388.91 (depth 1, 20 lits): UNSAT in 0.06s
    cube 3388.92 (depth 1, 20 lits): UNSAT in 0.09s
    cube 3388.93 (depth 1, 20 lits): UNSAT in 0.06s
    cube 3388.94 (depth 1, 20 lits): UNSAT in 0.17s
    cube 3388.95 (depth 1, 20 lits): UNSAT in 0.04s
    cube 3388.96 (depth 1, 20 lits): UNSAT in 0.41s
    cube 3388.97 (depth 1, 20 lits): UNSAT in 0.29s
    cube 3388.98 (depth 1, 20 lits): UNSAT in 1.06s
    cube 3388.99 (depth 1, 20 lits): UNSAT in 0.07s
    cube 3388.100 (depth 1, 20 lits): UNSAT in 0.20s
    cube 3388.101 (depth 1, 20 lits): UNSAT in 0.15s
    cube 3388.102 (depth 1, 20 lits): UNSAT in 0.51s
    cube 3388.103 (depth 1, 20 lits): UNSAT in 0.15s
    cube 3388.104 (depth 1, 20 lits): UNSAT in 0.38s
    cube 3388.105 (depth 1, 20 lits): UNSAT in 0.67s
    cube 3388.106 (depth 1, 20 lits): UNSAT in 1.75s
    cube 3388.107 (depth 1, 20 lits): UNSAT in 0.15s
    cube 3388.108 (depth 1, 20 lits): UNSAT in 0.45s
    cube 3388.109 (depth 1, 20 lits): UNSAT in 0.37s
    cube 3388.110 (depth 1, 20 lits): UNSAT in 1.71s
    cube 3388.111 (depth 1, 20 lits): UNSAT in 0.24s
    cube 3388.112 (depth 1, 20 lits): UNSAT in 1.99s
    cube 3388.113 (depth 1, 20 lits): UNSAT in 2.43s
    cube 3388.114 (depth 1, 20 lits): UNSAT in 3.68s
    cube 3388.115 (depth 1, 20 lits): UNSAT in 0.01s
    cube 3388.116 (depth 1, 20 lits): UNSAT in 0.02s
    cube 3388.117 (depth 1, 20 lits): UNSAT in 0.02s
    cube 3388.118 (depth 1, 20 lits): UNSAT in 0.04s
    cube 3388.119 (depth 1, 20 lits): UNSAT in 0.01s
    cube 3388.120 (depth 1, 20 lits): UNSAT in 0.05s
    cube 3388.121 (depth 1, 20 lits): UNSAT in 0.04s
    cube 3388.122 (depth 1, 20 lits): UNSAT in 0.19s
    cube 3388.123 (depth 1, 20 lits): UNSAT in 0.02s
    cube 3388.124 (depth 1, 20 lits): UNSAT in 0.07s
    cube 3388.125 (depth 1, 20 lits): UNSAT in 0.05s
    cube 3388.126 (depth 1, 20 lits): UNSAT in 0.13s
    cube 3388.127 (depth 1, 20 lits): UNSAT in 0.08s
    cube 3388.128 (depth 1, 20 lits): UNSAT in 0.14s
    cube 3388.129 (depth 1, 20 lits): UNSAT in 0.10s
    cube 3388.130 (depth 1, 20 lits): UNSAT in 0.77s
    cube 3388.131 (depth 1, 20 lits): UNSAT in 0.02s
    cube 3388.132 (depth 1, 20 lits): UNSAT in 0.14s
    cube 3388.133 (depth 1, 20 lits): UNSAT in 0.06s
    cube 3388.134 (depth 1, 20 lits): UNSAT in 0.13s
    cube 3388.135 (depth 1, 20 lits): UNSAT in 0.02s
    cube 3388.136 (depth 1, 20 lits): UNSAT in 0.10s
    cube 3388.137 (depth 1, 20 lits): UNSAT in 0.30s
    cube 3388.138 (depth 1, 20 lits): UNSAT in 0.94s
    cube 3388.139 (depth 1, 20 lits): UNSAT in 0.04s
    cube 3388.140 (depth 1, 20 lits): UNSAT in 0.19s
    cube 3388.141 (depth 1, 20 lits): UNSAT in 0.28s
    cube 3388.142 (depth 1, 20 lits): UNSAT in 0.59s
    cube 3388.143 (depth 1, 20 lits): UNSAT in 0.12s
    cube 3388.144 (depth 1, 20 lits): UNSAT in 0.52s
    cube 3388.145 (depth 1, 20 lits): UNSAT in 1.09s
    cube 3388.146 (depth 1, 20 lits): UNSAT in 4.34s
    cube 3388.147 (depth 1, 20 lits): UNSAT in 0.02s
    cube 3388.148 (depth 1, 20 lits): UNSAT in 0.04s
    cube 3388.149 (depth 1, 20 lits): UNSAT in 0.03s
    cube 3388.150 (depth 1, 20 lits): UNSAT in 0.07s
    cube 3388.151 (depth 1, 20 lits): UNSAT in 0.05s
    cube 3388.152 (depth 1, 20 lits): UNSAT in 0.05s
    cube 3388.153 (depth 1, 20 lits): UNSAT in 0.07s
    cube 3388.154 (depth 1, 20 lits): UNSAT in 0.14s
    cube 3388.155 (depth 1, 20 lits): UNSAT in 0.12s
    cube 3388.156 (depth 1, 20 lits): UNSAT in 0.23s
    cube 3388.157 (depth 1, 20 lits): UNSAT in 0.21s
    cube 3388.158 (depth 1, 20 lits): UNSAT in 0.68s
    cube 3388.159 (depth 1, 20 lits): UNSAT in 0.16s
    cube 3388.160 (depth 1, 20 lits): UNSAT in 0.94s
    cube 3388.161 (depth 1, 20 lits): UNSAT in 0.37s
    cube 3388.162 (depth 1, 20 lits): UNSAT in 3.07s
    cube 3388.163 (depth 1, 20 lits): UNSAT in 0.05s
    cube 3388.164 (depth 1, 20 lits): UNSAT in 0.29s
    cube 3388.165 (depth 1, 20 lits): UNSAT in 0.10s
    cube 3388.166 (depth 1, 20 lits): UNSAT in 0.90s
    cube 3388.167 (depth 1, 20 lits): UNSAT in 0.11s
    cube 3388.168 (depth 1, 20 lits): UNSAT in 0.97s
    cube 3388.169 (depth 1, 20 lits): UNSAT in 0.88s
    cube 3388.170 (depth 1, 20 lits): UNSAT in 3.40s
    cube 3388.171 (depth 1, 20 lits): UNSAT in 0.16s
    cube 3388.172 (depth 1, 20 lits): UNSAT in 0.69s
    cube 3388.173 (depth 1, 20 lits): UNSAT in 0.53s
    cube 3388.174 (depth 1, 20 lits): UNSAT in 5.33s
    cube 3388.175 (depth 1, 20 lits): UNSAT in 0.71s
    cube 3388.176 (depth 1, 20 lits): UNSAT in 8.00s
    cube 3388.177 (depth 1, 20 lits): UNSAT in 4.42s
    cube 3388.178 (depth 1, 20 lits): UNSAT in 16.48s
    cube 3388.179 (depth 1, 20 lits): UNSAT in 0.04s
    cube 3388.180 (depth 1, 20 lits): UNSAT in 0.06s
    cube 3388.181 (depth 1, 20 lits): UNSAT in 0.05s
    cube 3388.182 (depth 1, 20 lits): UNSAT in 0.09s
    cube 3388.183 (depth 1, 20 lits): UNSAT in 0.05s
    cube 3388.184 (depth 1, 20 lits): UNSAT in 0.09s
    cube 3388.185 (depth 1, 20 lits): UNSAT in 0.08s
    cube 3388.186 (depth 1, 20 lits): UNSAT in 0.29s
    cube 3388.187 (depth 1, 20 lits): UNSAT in 0.06s
    cube 3388.188 (depth 1, 20 lits): UNSAT in 0.18s
    cube 3388.189 (depth 1, 20 lits): UNSAT in 0.18s
    cube 3388.190 (depth 1, 20 lits): UNSAT in 0.35s
    cube 3388.191 (depth 1, 20 lits): UNSAT in 0.09s
    cube 3388.192 (depth 1, 20 lits): UNSAT in 0.20s
    cube 3388.193 (depth 1, 20 lits): UNSAT in 0.64s
    cube 3388.194 (depth 1, 20 lits): UNSAT in 1.89s
    cube 3388.195 (depth 1, 20 lits): UNSAT in 0.06s
    cube 3388.196 (depth 1, 20 lits): UNSAT in 0.13s
    cube 3388.197 (depth 1, 20 lits): UNSAT in 0.10s
    cube 3388.198 (depth 1, 20 lits): UNSAT in 0.37s
    cube 3388.199 (depth 1, 20 lits): UNSAT in 0.17s
    cube 3388.200 (depth 1, 20 lits): UNSAT in 0.95s
    cube 3388.201 (depth 1, 20 lits): UNSAT in 0.50s
    cube 3388.202 (depth 1, 20 lits): UNSAT in 3.15s
    cube 3388.203 (depth 1, 20 lits): UNSAT in 0.14s
    cube 3388.204 (depth 1, 20 lits): UNSAT in 1.01s
    cube 3388.205 (depth 1, 20 lits): UNSAT in 0.35s
    cube 3388.206 (depth 1, 20 lits): UNSAT in 2.53s
    cube 3388.207 (depth 1, 20 lits): UNSAT in 0.50s
    cube 3388.208 (depth 1, 20 lits): UNSAT in 1.75s
    cube 3388.209 (depth 1, 20 lits): UNSAT in 0.91s
    cube 3388.210 (depth 1, 20 lits): UNSAT in 23.13s
    cube 3388.211 (depth 1, 20 lits): UNSAT in 0.05s
    cube 3388.212 (depth 1, 20 lits): UNSAT in 0.12s
    cube 3388.213 (depth 1, 20 lits): UNSAT in 0.30s
    cube 3388.214 (depth 1, 20 lits): UNSAT in 1.16s
    cube 3388.215 (depth 1, 20 lits): UNSAT in 0.04s
    cube 3388.216 (depth 1, 20 lits): UNSAT in 0.46s
    cube 3388.217 (depth 1, 20 lits): UNSAT in 0.75s
    cube 3388.218 (depth 1, 20 lits): UNSAT in 2.48s
    cube 3388.219 (depth 1, 20 lits): UNSAT in 0.09s
    cube 3388.220 (depth 1, 20 lits): UNSAT in 0.25s
    cube 3388.221 (depth 1, 20 lits): UNSAT in 0.57s
    cube 3388.222 (depth 1, 20 lits): UNSAT in 4.81s
    cube 3388.223 (depth 1, 20 lits): UNSAT in 3.92s
    cube 3388.224 (depth 1, 20 lits): UNSAT in 16.94s
    cube 3388.225 (depth 1, 20 lits): UNSAT in 2.09s
    cube 3388.226 (depth 1, 20 lits): UNSAT in 39.21s
    cube 3388.227 (depth 1, 20 lits): UNSAT in 0.71s
    cube 3388.228 (depth 1, 20 lits): UNSAT in 2.74s
    cube 3388.229 (depth 1, 20 lits): UNSAT in 1.17s
    cube 3388.230 (depth 1, 20 lits): UNSAT in 18.73s
    cube 3388.231 (depth 1, 20 lits): UNSAT in 2.07s
    cube 3388.232 (depth 1, 20 lits): UNSAT in 9.13s
    cube 3388.233 (depth 1, 20 lits): UNSAT in 9.18s
    cube 3388.234 (depth 1, 20 lits): UNSAT in 106.43s
    cube 3388.235 (depth 1, 20 lits): UNSAT in 2.18s
    cube 3388.236 (depth 1, 20 lits): UNSAT in 7.77s
    cube 3388.237 (depth 1, 20 lits): UNSAT in 6.77s
    cube 3388.238 (depth 1, 20 lits): UNSAT in 185.98s
    cube 3388.239 (depth 1, 20 lits): UNSAT in 8.91s
    cube 3388.240 (depth 1, 20 lits): UNSAT in 307.52s
    cube 3388.241 (depth 1, 20 lits): UNSAT in 717.48s
    cube 3388.242 (depth 1, 20 lits): TIMEOUT in 1200.10s
    cube 3388.242 TIMEOUT -> re-split into 256 sub-cubes (depth 2)
    cube 3388.242.0 (depth 2, 28 lits): UNSAT in 0.04s
    cube 3388.242.1 (depth 2, 28 lits): UNSAT in 0.06s
    cube 3388.242.2 (depth 2, 28 lits): UNSAT in 0.05s
    cube 3388.242.3 (depth 2, 28 lits): UNSAT in 0.14s
    cube 3388.242.4 (depth 2, 28 lits): UNSAT in 0.06s
    cube 3388.242.5 (depth 2, 28 lits): UNSAT in 0.07s
    cube 3388.242.6 (depth 2, 28 lits): UNSAT in 0.11s
    cube 3388.242.7 (depth 2, 28 lits): UNSAT in 0.29s
    cube 3388.242.8 (depth 2, 28 lits): UNSAT in 0.08s
    cube 3388.242.9 (depth 2, 28 lits): UNSAT in 0.11s
    cube 3388.242.10 (depth 2, 28 lits): UNSAT in 0.10s
    cube 3388.242.11 (depth 2, 28 lits): UNSAT in 0.12s
    cube 3388.242.12 (depth 2, 28 lits): UNSAT in 0.06s
    cube 3388.242.13 (depth 2, 28 lits): UNSAT in 0.14s
    cube 3388.242.14 (depth 2, 28 lits): UNSAT in 0.08s
    cube 3388.242.15 (depth 2, 28 lits): UNSAT in 0.22s
    cube 3388.242.16 (depth 2, 28 lits): UNSAT in 0.05s
    cube 3388.242.17 (depth 2, 28 lits): UNSAT in 0.07s
    cube 3388.242.18 (depth 2, 28 lits): UNSAT in 0.06s
    cube 3388.242.19 (depth 2, 28 lits): UNSAT in 0.12s
    cube 3388.242.20 (depth 2, 28 lits): UNSAT in 0.07s
    cube 3388.242.21 (depth 2, 28 lits): UNSAT in 0.13s
    cube 3388.242.22 (depth 2, 28 lits): UNSAT in 0.21s
    cube 3388.242.23 (depth 2, 28 lits): UNSAT in 0.14s
    cube 3388.242.24 (depth 2, 28 lits): UNSAT in 0.16s
    cube 3388.242.25 (depth 2, 28 lits): UNSAT in 0.22s
    cube 3388.242.26 (depth 2, 28 lits): UNSAT in 0.12s
    cube 3388.242.27 (depth 2, 28 lits): UNSAT in 0.26s
    cube 3388.242.28 (depth 2, 28 lits): UNSAT in 0.07s
    cube 3388.242.29 (depth 2, 28 lits): UNSAT in 0.24s
    cube 3388.242.30 (depth 2, 28 lits): UNSAT in 0.59s
    cube 3388.242.31 (depth 2, 28 lits): UNSAT in 1.70s
    cube 3388.242.32 (depth 2, 28 lits): UNSAT in 0.05s
    cube 3388.242.33 (depth 2, 28 lits): UNSAT in 0.06s
    cube 3388.242.34 (depth 2, 28 lits): UNSAT in 0.05s
    cube 3388.242.35 (depth 2, 28 lits): UNSAT in 0.13s
    cube 3388.242.36 (depth 2, 28 lits): UNSAT in 0.07s
    cube 3388.242.37 (depth 2, 28 lits): UNSAT in 0.13s
    cube 3388.242.38 (depth 2, 28 lits): UNSAT in 0.25s
    cube 3388.242.39 (depth 2, 28 lits): UNSAT in 0.56s
    cube 3388.242.40 (depth 2, 28 lits): UNSAT in 0.06s
    cube 3388.242.41 (depth 2, 28 lits): UNSAT in 0.18s
    cube 3388.242.42 (depth 2, 28 lits): UNSAT in 0.18s
    cube 3388.242.43 (depth 2, 28 lits): UNSAT in 0.52s
    cube 3388.242.44 (depth 2, 28 lits): UNSAT in 0.17s
    cube 3388.242.45 (depth 2, 28 lits): UNSAT in 0.29s
    cube 3388.242.46 (depth 2, 28 lits): UNSAT in 0.39s
    cube 3388.242.47 (depth 2, 28 lits): UNSAT in 1.41s
    cube 3388.242.48 (depth 2, 28 lits): UNSAT in 0.11s
    cube 3388.242.49 (depth 2, 28 lits): UNSAT in 0.20s
    cube 3388.242.50 (depth 2, 28 lits): UNSAT in 0.24s
    cube 3388.242.51 (depth 2, 28 lits): UNSAT in 0.86s
    cube 3388.242.52 (depth 2, 28 lits): UNSAT in 0.33s
    cube 3388.242.53 (depth 2, 28 lits): UNSAT in 1.26s
    cube 3388.242.54 (depth 2, 28 lits): UNSAT in 1.46s
    cube 3388.242.55 (depth 2, 28 lits): UNSAT in 3.61s
    cube 3388.242.56 (depth 2, 28 lits): UNSAT in 0.19s
    cube 3388.242.57 (depth 2, 28 lits): UNSAT in 0.47s
    cube 3388.242.58 (depth 2, 28 lits): UNSAT in 1.48s
    cube 3388.242.59 (depth 2, 28 lits): UNSAT in 3.12s
    cube 3388.242.60 (depth 2, 28 lits): UNSAT in 0.93s
    cube 3388.242.61 (depth 2, 28 lits): UNSAT in 4.04s
    cube 3388.242.62 (depth 2, 28 lits): UNSAT in 4.76s
    cube 3388.242.63 (depth 2, 28 lits): UNSAT in 28.02s
    cube 3388.242.64 (depth 2, 28 lits): UNSAT in 0.02s
    cube 3388.242.65 (depth 2, 28 lits): UNSAT in 0.07s
    cube 3388.242.66 (depth 2, 28 lits): UNSAT in 0.10s
    cube 3388.242.67 (depth 2, 28 lits): UNSAT in 0.19s
    cube 3388.242.68 (depth 2, 28 lits): UNSAT in 0.10s
    cube 3388.242.69 (depth 2, 28 lits): UNSAT in 0.21s
    cube 3388.242.70 (depth 2, 28 lits): UNSAT in 0.19s
    cube 3388.242.71 (depth 2, 28 lits): UNSAT in 0.47s
    cube 3388.242.72 (depth 2, 28 lits): UNSAT in 0.06s
    cube 3388.242.73 (depth 2, 28 lits): UNSAT in 0.14s
    cube 3388.242.74 (depth 2, 28 lits): UNSAT in 0.12s
    cube 3388.242.75 (depth 2, 28 lits): UNSAT in 0.38s
    cube 3388.242.76 (depth 2, 28 lits): UNSAT in 0.20s
    cube 3388.242.77 (depth 2, 28 lits): UNSAT in 0.30s
    cube 3388.242.78 (depth 2, 28 lits): UNSAT in 0.18s
    cube 3388.242.79 (depth 2, 28 lits): UNSAT in 0.95s
    cube 3388.242.80 (depth 2, 28 lits): UNSAT in 0.07s
    cube 3388.242.81 (depth 2, 28 lits): UNSAT in 0.14s
    cube 3388.242.82 (depth 2, 28 lits): UNSAT in 0.10s
    cube 3388.242.83 (depth 2, 28 lits): UNSAT in 0.69s
    cube 3388.242.84 (depth 2, 28 lits): UNSAT in 0.25s
    cube 3388.242.85 (depth 2, 28 lits): UNSAT in 0.50s
    cube 3388.242.86 (depth 2, 28 lits): UNSAT in 1.31s
    cube 3388.242.87 (depth 2, 28 lits): UNSAT in 2.77s
    cube 3388.242.88 (depth 2, 28 lits): UNSAT in 0.11s
    cube 3388.242.89 (depth 2, 28 lits): UNSAT in 0.36s
    cube 3388.242.90 (depth 2, 28 lits): UNSAT in 0.51s
    cube 3388.242.91 (depth 2, 28 lits): UNSAT in 1.61s
    cube 3388.242.92 (depth 2, 28 lits): UNSAT in 0.34s
    cube 3388.242.93 (depth 2, 28 lits): UNSAT in 1.76s
    cube 3388.242.94 (depth 2, 28 lits): UNSAT in 1.38s
    cube 3388.242.95 (depth 2, 28 lits): UNSAT in 11.23s
    cube 3388.242.96 (depth 2, 28 lits): UNSAT in 0.05s
    cube 3388.242.97 (depth 2, 28 lits): UNSAT in 0.08s
    cube 3388.242.98 (depth 2, 28 lits): UNSAT in 0.12s
    cube 3388.242.99 (depth 2, 28 lits): UNSAT in 0.17s
    cube 3388.242.100 (depth 2, 28 lits): UNSAT in 0.11s
    cube 3388.242.101 (depth 2, 28 lits): UNSAT in 0.43s
    cube 3388.242.102 (depth 2, 28 lits): UNSAT in 0.38s
    cube 3388.242.103 (depth 2, 28 lits): UNSAT in 1.40s
    cube 3388.242.104 (depth 2, 28 lits): UNSAT in 0.05s
    cube 3388.242.105 (depth 2, 28 lits): UNSAT in 0.35s
    cube 3388.242.106 (depth 2, 28 lits): UNSAT in 0.19s
    cube 3388.242.107 (depth 2, 28 lits): UNSAT in 0.61s
    cube 3388.242.108 (depth 2, 28 lits): UNSAT in 0.25s
    cube 3388.242.109 (depth 2, 28 lits): UNSAT in 1.90s
    cube 3388.242.110 (depth 2, 28 lits): UNSAT in 1.87s
    cube 3388.242.111 (depth 2, 28 lits): UNSAT in 10.01s
    cube 3388.242.112 (depth 2, 28 lits): UNSAT in 0.27s
    cube 3388.242.113 (depth 2, 28 lits): UNSAT in 1.29s
    cube 3388.242.114 (depth 2, 28 lits): UNSAT in 0.72s
    cube 3388.242.115 (depth 2, 28 lits): UNSAT in 2.56s
    cube 3388.242.116 (depth 2, 28 lits): UNSAT in 0.62s
    cube 3388.242.117 (depth 2, 28 lits): UNSAT in 2.18s
    cube 3388.242.118 (depth 2, 28 lits): UNSAT in 3.51s
    cube 3388.242.119 (depth 2, 28 lits): UNSAT in 14.78s
    cube 3388.242.120 (depth 2, 28 lits): UNSAT in 1.11s
    cube 3388.242.121 (depth 2, 28 lits): UNSAT in 1.80s
    cube 3388.242.122 (depth 2, 28 lits): UNSAT in 1.43s
    cube 3388.242.123 (depth 2, 28 lits): UNSAT in 11.17s
    cube 3388.242.124 (depth 2, 28 lits): UNSAT in 3.09s
    cube 3388.242.125 (depth 2, 28 lits): UNSAT in 27.86s
    cube 3388.242.126 (depth 2, 28 lits): UNSAT in 6.49s
    cube 3388.242.127 (depth 2, 28 lits): UNSAT in 156.18s
    cube 3388.242.128 (depth 2, 28 lits): UNSAT in 0.07s
    cube 3388.242.129 (depth 2, 28 lits): UNSAT in 0.10s
    cube 3388.242.130 (depth 2, 28 lits): UNSAT in 0.02s
    cube 3388.242.131 (depth 2, 28 lits): UNSAT in 0.11s
    cube 3388.242.132 (depth 2, 28 lits): UNSAT in 0.05s
    cube 3388.242.133 (depth 2, 28 lits): UNSAT in 0.22s
    cube 3388.242.134 (depth 2, 28 lits): UNSAT in 0.11s
    cube 3388.242.135 (depth 2, 28 lits): UNSAT in 0.30s
    cube 3388.242.136 (depth 2, 28 lits): UNSAT in 0.07s
    cube 3388.242.137 (depth 2, 28 lits): UNSAT in 0.11s
    cube 3388.242.138 (depth 2, 28 lits): UNSAT in 0.10s
    cube 3388.242.139 (depth 2, 28 lits): UNSAT in 0.24s
    cube 3388.242.140 (depth 2, 28 lits): UNSAT in 0.10s
    cube 3388.242.141 (depth 2, 28 lits): UNSAT in 0.20s
    cube 3388.242.142 (depth 2, 28 lits): UNSAT in 0.07s
    cube 3388.242.143 (depth 2, 28 lits): UNSAT in 0.40s
    cube 3388.242.144 (depth 2, 28 lits): UNSAT in 0.04s
    cube 3388.242.145 (depth 2, 28 lits): UNSAT in 0.06s
    cube 3388.242.146 (depth 2, 28 lits): UNSAT in 0.07s
    cube 3388.242.147 (depth 2, 28 lits): UNSAT in 0.20s
    cube 3388.242.148 (depth 2, 28 lits): UNSAT in 0.12s
    cube 3388.242.149 (depth 2, 28 lits): UNSAT in 0.19s
    cube 3388.242.150 (depth 2, 28 lits): UNSAT in 0.11s
    cube 3388.242.151 (depth 2, 28 lits): UNSAT in 0.14s
    cube 3388.242.152 (depth 2, 28 lits): UNSAT in 0.09s
    cube 3388.242.153 (depth 2, 28 lits): UNSAT in 0.34s
    cube 3388.242.154 (depth 2, 28 lits): UNSAT in 0.14s
    cube 3388.242.155 (depth 2, 28 lits): UNSAT in 0.38s
    cube 3388.242.156 (depth 2, 28 lits): UNSAT in 0.12s
    cube 3388.242.157 (depth 2, 28 lits): UNSAT in 0.38s
    cube 3388.242.158 (depth 2, 28 lits): UNSAT in 0.49s
    cube 3388.242.159 (depth 2, 28 lits): UNSAT in 1.88s
    cube 3388.242.160 (depth 2, 28 lits): UNSAT in 0.07s
    cube 3388.242.161 (depth 2, 28 lits): UNSAT in 0.14s
    cube 3388.242.162 (depth 2, 28 lits): UNSAT in 0.13s
    cube 3388.242.163 (depth 2, 28 lits): UNSAT in 0.31s
    cube 3388.242.164 (depth 2, 28 lits): UNSAT in 0.13s
    cube 3388.242.165 (depth 2, 28 lits): UNSAT in 0.40s
    cube 3388.242.166 (depth 2, 28 lits): UNSAT in 0.40s
    cube 3388.242.167 (depth 2, 28 lits): UNSAT in 1.13s
    cube 3388.242.168 (depth 2, 28 lits): UNSAT in 0.06s
    cube 3388.242.169 (depth 2, 28 lits): UNSAT in 0.13s
    cube 3388.242.170 (depth 2, 28 lits): UNSAT in 0.11s
    cube 3388.242.171 (depth 2, 28 lits): UNSAT in 0.13s
    cube 3388.242.172 (depth 2, 28 lits): UNSAT in 0.27s
    cube 3388.242.173 (depth 2, 28 lits): UNSAT in 0.44s
    cube 3388.242.174 (depth 2, 28 lits): UNSAT in 0.21s
    cube 3388.242.175 (depth 2, 28 lits): UNSAT in 2.77s
    cube 3388.242.176 (depth 2, 28 lits): UNSAT in 0.06s
    cube 3388.242.177 (depth 2, 28 lits): UNSAT in 0.33s
    cube 3388.242.178 (depth 2, 28 lits): UNSAT in 0.21s
    cube 3388.242.179 (depth 2, 28 lits): UNSAT in 0.44s
    cube 3388.242.180 (depth 2, 28 lits): UNSAT in 0.12s
    cube 3388.242.181 (depth 2, 28 lits): UNSAT in 0.68s
    cube 3388.242.182 (depth 2, 28 lits): UNSAT in 1.12s
    cube 3388.242.183 (depth 2, 28 lits): UNSAT in 1.92s
    cube 3388.242.184 (depth 2, 28 lits): UNSAT in 0.18s
    cube 3388.242.185 (depth 2, 28 lits): UNSAT in 0.65s
    cube 3388.242.186 (depth 2, 28 lits): UNSAT in 0.69s
    cube 3388.242.187 (depth 2, 28 lits): UNSAT in 2.07s
    cube 3388.242.188 (depth 2, 28 lits): UNSAT in 0.25s
    cube 3388.242.189 (depth 2, 28 lits): UNSAT in 0.50s
    cube 3388.242.190 (depth 2, 28 lits): UNSAT in 1.13s
    cube 3388.242.191 (depth 2, 28 lits): UNSAT in 10.56s
    cube 3388.242.192 (depth 2, 28 lits): UNSAT in 0.08s
    cube 3388.242.193 (depth 2, 28 lits): UNSAT in 0.08s
    cube 3388.242.194 (depth 2, 28 lits): UNSAT in 0.11s
    cube 3388.242.195 (depth 2, 28 lits): UNSAT in 0.31s
    cube 3388.242.196 (depth 2, 28 lits): UNSAT in 0.14s
    cube 3388.242.197 (depth 2, 28 lits): UNSAT in 0.31s
    cube 3388.242.198 (depth 2, 28 lits): UNSAT in 0.06s
    cube 3388.242.199 (depth 2, 28 lits): UNSAT in 0.53s
    cube 3388.242.200 (depth 2, 28 lits): UNSAT in 0.11s
    cube 3388.242.201 (depth 2, 28 lits): UNSAT in 0.31s
    cube 3388.242.202 (depth 2, 28 lits): UNSAT in 0.32s
    cube 3388.242.203 (depth 2, 28 lits): UNSAT in 0.43s
    cube 3388.242.204 (depth 2, 28 lits): UNSAT in 0.13s
    cube 3388.242.205 (depth 2, 28 lits): UNSAT in 0.27s
    cube 3388.242.206 (depth 2, 28 lits): UNSAT in 0.24s
    cube 3388.242.207 (depth 2, 28 lits): UNSAT in 0.99s
    cube 3388.242.208 (depth 2, 28 lits): UNSAT in 0.16s
    cube 3388.242.209 (depth 2, 28 lits): UNSAT in 0.35s
    cube 3388.242.210 (depth 2, 28 lits): UNSAT in 0.18s
    cube 3388.242.211 (depth 2, 28 lits): UNSAT in 0.86s
    cube 3388.242.212 (depth 2, 28 lits): UNSAT in 0.28s
    cube 3388.242.213 (depth 2, 28 lits): UNSAT in 0.77s
    cube 3388.242.214 (depth 2, 28 lits): UNSAT in 0.55s
    cube 3388.242.215 (depth 2, 28 lits): UNSAT in 2.75s
    cube 3388.242.216 (depth 2, 28 lits): UNSAT in 0.48s
    cube 3388.242.217 (depth 2, 28 lits): UNSAT in 1.03s
    cube 3388.242.218 (depth 2, 28 lits): UNSAT in 1.27s
    cube 3388.242.219 (depth 2, 28 lits): UNSAT in 4.78s
    cube 3388.242.220 (depth 2, 28 lits): UNSAT in 0.33s
    cube 3388.242.221 (depth 2, 28 lits): UNSAT in 2.08s
    cube 3388.242.222 (depth 2, 28 lits): UNSAT in 0.80s
    cube 3388.242.223 (depth 2, 28 lits): UNSAT in 30.84s
    cube 3388.242.224 (depth 2, 28 lits): UNSAT in 0.09s
    cube 3388.242.225 (depth 2, 28 lits): UNSAT in 0.20s
    cube 3388.242.226 (depth 2, 28 lits): UNSAT in 0.15s
    cube 3388.242.227 (depth 2, 28 lits): UNSAT in 0.29s
    cube 3388.242.228 (depth 2, 28 lits): UNSAT in 0.11s
    cube 3388.242.229 (depth 2, 28 lits): UNSAT in 0.27s
    cube 3388.242.230 (depth 2, 28 lits): UNSAT in 0.65s
    cube 3388.242.231 (depth 2, 28 lits): UNSAT in 2.77s
    cube 3388.242.232 (depth 2, 28 lits): UNSAT in 0.07s
    cube 3388.242.233 (depth 2, 28 lits): UNSAT in 0.22s
    cube 3388.242.234 (depth 2, 28 lits): UNSAT in 0.54s
    cube 3388.242.235 (depth 2, 28 lits): UNSAT in 3.46s
    cube 3388.242.236 (depth 2, 28 lits): UNSAT in 0.95s
    cube 3388.242.237 (depth 2, 28 lits): UNSAT in 4.63s
    cube 3388.242.238 (depth 2, 28 lits): UNSAT in 6.32s
    cube 3388.242.239 (depth 2, 28 lits): UNSAT in 20.65s
    cube 3388.242.240 (depth 2, 28 lits): UNSAT in 0.23s
    cube 3388.242.241 (depth 2, 28 lits): UNSAT in 0.73s
    cube 3388.242.242 (depth 2, 28 lits): UNSAT in 0.51s
    cube 3388.242.243 (depth 2, 28 lits): UNSAT in 2.96s
    cube 3388.242.244 (depth 2, 28 lits): UNSAT in 0.79s
    cube 3388.242.245 (depth 2, 28 lits): UNSAT in 2.75s
    cube 3388.242.246 (depth 2, 28 lits): UNSAT in 2.25s
    cube 3388.242.247 (depth 2, 28 lits): UNSAT in 20.33s
    cube 3388.242.248 (depth 2, 28 lits): UNSAT in 0.71s
    cube 3388.242.249 (depth 2, 28 lits): UNSAT in 5.21s
    cube 3388.242.250 (depth 2, 28 lits): UNSAT in 3.81s
    cube 3388.242.251 (depth 2, 28 lits): UNSAT in 14.02s
    cube 3388.242.252 (depth 2, 28 lits): UNSAT in 1.82s
    cube 3388.242.253 (depth 2, 28 lits): UNSAT in 10.05s
    cube 3388.242.254 (depth 2, 28 lits): UNSAT in 19.67s
    cube 3388.242.255 (depth 2, 28 lits): UNSAT in 195.59s

  shard 6 verdict: UNSAT (1 UNSAT, 0 unresolved) in 4744.2s
