  shard 1/4 (round-robin): 807 of 3227 cubes, per-cube cap 600.0s, re-split depth 7
    cube 1 (depth 0, 22 lits): UNSAT in 0.01s
    cube 5 (depth 0, 22 lits): UNSAT in 0.02s
    cube 9 (depth 0, 22 lits): UNSAT in 0.02s
    cube 13 (depth 0, 23 lits): UNSAT in 0.01s
    cube 17 (depth 0, 24 lits): UNSAT in 0.03s
    cube 21 (depth 0, 24 lits): UNSAT in 0.02s
    cube 25 (depth 0, 22 lits): UNSAT in 0.02s
    cube 29 (depth 0, 23 lits): UNSAT in 0.01s
    cube 33 (depth 0, 23 lits): UNSAT in 0.01s
    cube 37 (depth 0, 24 lits): UNSAT in 0.01s
    cube 41 (depth 0, 24 lits): UNSAT in 0.01s
    cube 45 (depth 0, 24 lits): UNSAT in 0.02s
    cube 49 (depth 0, 24 lits): UNSAT in 0.02s
    cube 53 (depth 0, 24 lits): UNSAT in 0.04s
    cube 57 (depth 0, 23 lits): UNSAT in 0.01s
    cube 61 (depth 0, 22 lits): UNSAT in 0.02s
    cube 65 (depth 0, 23 lits): UNSAT in 0.02s
    cube 69 (depth 0, 24 lits): UNSAT in 0.01s
    cube 73 (depth 0, 23 lits): UNSAT in 0.02s
    cube 77 (depth 0, 24 lits): UNSAT in 0.03s
    cube 81 (depth 0, 22 lits): UNSAT in 0.02s
    cube 85 (depth 0, 24 lits): UNSAT in 0.02s
    cube 89 (depth 0, 24 lits): UNSAT in 0.05s
    cube 93 (depth 0, 24 lits): UNSAT in 0.03s
    cube 97 (depth 0, 24 lits): UNSAT in 0.02s
    cube 101 (depth 0, 24 lits): UNSAT in 0.05s
    cube 105 (depth 0, 24 lits): UNSAT in 0.60s
    cube 109 (depth 0, 24 lits): UNSAT in 0.02s
    cube 113 (depth 0, 24 lits): UNSAT in 0.01s
    cube 117 (depth 0, 24 lits): UNSAT in 0.03s
    cube 121 (depth 0, 24 lits): UNSAT in 0.01s
    cube 125 (depth 0, 24 lits): UNSAT in 0.02s
    cube 129 (depth 0, 24 lits): UNSAT in 0.02s
    cube 133 (depth 0, 24 lits): UNSAT in 0.02s
    cube 137 (depth 0, 20 lits): UNSAT in 0.02s
    cube 141 (depth 0, 22 lits): UNSAT in 0.02s
    cube 145 (depth 0, 21 lits): UNSAT in 0.02s
    cube 149 (depth 0, 24 lits): UNSAT in 0.03s
    cube 153 (depth 0, 24 lits): UNSAT in 0.02s
    cube 157 (depth 0, 23 lits): UNSAT in 0.01s
    cube 161 (depth 0, 23 lits): UNSAT in 0.02s
    cube 165 (depth 0, 23 lits): UNSAT in 0.01s
    cube 169 (depth 0, 24 lits): UNSAT in 0.01s
    cube 173 (depth 0, 24 lits): UNSAT in 0.03s
    cube 177 (depth 0, 24 lits): UNSAT in 0.02s
    cube 181 (depth 0, 23 lits): UNSAT in 0.02s
    cube 185 (depth 0, 24 lits): UNSAT in 0.02s
    cube 189 (depth 0, 23 lits): UNSAT in 0.02s
    cube 193 (depth 0, 24 lits): UNSAT in 0.03s
    cube 197 (depth 0, 23 lits): UNSAT in 0.01s
    cube 201 (depth 0, 24 lits): UNSAT in 0.01s
    cube 205 (depth 0, 24 lits): UNSAT in 0.02s
    cube 209 (depth 0, 24 lits): UNSAT in 0.01s
    cube 213 (depth 0, 24 lits): UNSAT in 0.05s
    cube 217 (depth 0, 22 lits): UNSAT in 0.01s
    cube 221 (depth 0, 24 lits): UNSAT in 0.02s
    cube 225 (depth 0, 24 lits): UNSAT in 0.04s
    cube 229 (depth 0, 24 lits): UNSAT in 0.02s
    cube 233 (depth 0, 24 lits): UNSAT in 0.02s
    cube 237 (depth 0, 24 lits): UNSAT in 0.02s
    cube 241 (depth 0, 23 lits): UNSAT in 0.01s
    cube 245 (depth 0, 24 lits): UNSAT in 0.02s
    cube 249 (depth 0, 24 lits): UNSAT in 0.04s
    cube 253 (depth 0, 24 lits): UNSAT in 0.03s
    cube 257 (depth 0, 24 lits): UNSAT in 0.06s
    cube 261 (depth 0, 24 lits): UNSAT in 0.12s
    cube 265 (depth 0, 24 lits): UNSAT in 0.32s
    cube 269 (depth 0, 20 lits): UNSAT in 0.01s
    cube 273 (depth 0, 22 lits): UNSAT in 0.01s
    cube 277 (depth 0, 22 lits): UNSAT in 0.02s
    cube 281 (depth 0, 24 lits): UNSAT in 0.02s
    cube 285 (depth 0, 22 lits): UNSAT in 0.02s
    cube 289 (depth 0, 22 lits): UNSAT in 0.02s
    cube 293 (depth 0, 23 lits): UNSAT in 0.01s
    cube 297 (depth 0, 21 lits): UNSAT in 0.02s
    cube 301 (depth 0, 24 lits): UNSAT in 0.02s
    cube 305 (depth 0, 22 lits): UNSAT in 0.02s
    cube 309 (depth 0, 24 lits): UNSAT in 0.02s
    cube 313 (depth 0, 24 lits): UNSAT in 0.03s
    cube 317 (depth 0, 24 lits): UNSAT in 0.04s
    cube 321 (depth 0, 24 lits): UNSAT in 0.01s
    cube 325 (depth 0, 24 lits): UNSAT in 0.02s
    cube 329 (depth 0, 24 lits): UNSAT in 0.02s
    cube 333 (depth 0, 24 lits): UNSAT in 0.01s
    cube 337 (depth 0, 24 lits): UNSAT in 0.02s
    cube 341 (depth 0, 24 lits): UNSAT in 0.04s
    cube 345 (depth 0, 24 lits): UNSAT in 0.02s
    cube 349 (depth 0, 24 lits): UNSAT in 0.02s
    cube 353 (depth 0, 24 lits): UNSAT in 0.04s
    cube 357 (depth 0, 24 lits): UNSAT in 0.02s
    cube 361 (depth 0, 24 lits): UNSAT in 0.04s
    cube 365 (depth 0, 24 lits): UNSAT in 0.02s
    cube 369 (depth 0, 24 lits): UNSAT in 0.18s
    cube 373 (depth 0, 24 lits): UNSAT in 0.02s
    cube 377 (depth 0, 24 lits): UNSAT in 0.02s
    cube 381 (depth 0, 24 lits): UNSAT in 0.05s
    cube 385 (depth 0, 24 lits): UNSAT in 0.02s
    cube 389 (depth 0, 24 lits): UNSAT in 0.01s
    cube 393 (depth 0, 24 lits): UNSAT in 0.02s
    cube 397 (depth 0, 24 lits): UNSAT in 0.01s
    cube 401 (depth 0, 24 lits): UNSAT in 0.02s
    cube 405 (depth 0, 24 lits): UNSAT in 0.02s
    cube 409 (depth 0, 24 lits): UNSAT in 0.02s
    cube 413 (depth 0, 24 lits): UNSAT in 0.02s
    cube 417 (depth 0, 24 lits): UNSAT in 0.07s
    cube 421 (depth 0, 24 lits): UNSAT in 0.06s
    cube 425 (depth 0, 23 lits): UNSAT in 0.01s
    cube 429 (depth 0, 23 lits): UNSAT in 0.01s
    cube 433 (depth 0, 24 lits): UNSAT in 0.04s
    cube 437 (depth 0, 24 lits): UNSAT in 0.02s
    cube 441 (depth 0, 24 lits): UNSAT in 0.02s
    cube 445 (depth 0, 24 lits): UNSAT in 0.03s
    cube 449 (depth 0, 24 lits): UNSAT in 0.02s
    cube 453 (depth 0, 24 lits): UNSAT in 0.01s
    cube 457 (depth 0, 24 lits): UNSAT in 0.02s
    cube 461 (depth 0, 23 lits): UNSAT in 0.02s
    cube 465 (depth 0, 24 lits): UNSAT in 0.02s
    cube 469 (depth 0, 24 lits): UNSAT in 0.03s
    cube 473 (depth 0, 24 lits): UNSAT in 0.04s
    cube 477 (depth 0, 24 lits): UNSAT in 0.01s
    cube 481 (depth 0, 24 lits): UNSAT in 0.03s
    cube 485 (depth 0, 24 lits): UNSAT in 0.02s
    cube 489 (depth 0, 24 lits): UNSAT in 0.01s
    cube 493 (depth 0, 24 lits): UNSAT in 0.02s
    cube 497 (depth 0, 24 lits): UNSAT in 0.02s
    cube 501 (depth 0, 24 lits): UNSAT in 0.02s
    cube 505 (depth 0, 24 lits): UNSAT in 0.02s
    cube 509 (depth 0, 24 lits): UNSAT in 0.01s
    cube 513 (depth 0, 24 lits): UNSAT in 0.01s
    cube 517 (depth 0, 24 lits): UNSAT in 0.04s
    cube 521 (depth 0, 24 lits): UNSAT in 0.01s
    cube 525 (depth 0, 23 lits): UNSAT in 0.03s
    cube 529 (depth 0, 23 lits): UNSAT in 0.01s
    cube 533 (depth 0, 24 lits): UNSAT in 0.02s
    cube 537 (depth 0, 24 lits): UNSAT in 0.03s
    cube 541 (depth 0, 24 lits): UNSAT in 0.04s
    cube 545 (depth 0, 24 lits): UNSAT in 0.02s
    cube 549 (depth 0, 24 lits): UNSAT in 0.02s
    cube 553 (depth 0, 24 lits): UNSAT in 0.20s
    cube 557 (depth 0, 24 lits): UNSAT in 0.41s
    cube 561 (depth 0, 24 lits): UNSAT in 0.03s
    cube 565 (depth 0, 24 lits): UNSAT in 0.09s
    cube 569 (depth 0, 24 lits): UNSAT in 0.06s
    cube 573 (depth 0, 24 lits): UNSAT in 0.13s
    cube 577 (depth 0, 24 lits): UNSAT in 0.06s
    cube 581 (depth 0, 24 lits): UNSAT in 0.16s
    cube 585 (depth 0, 24 lits): UNSAT in 0.55s
    cube 589 (depth 0, 24 lits): UNSAT in 0.86s
    cube 593 (depth 0, 22 lits): UNSAT in 0.02s
    cube 597 (depth 0, 20 lits): UNSAT in 0.02s
    cube 601 (depth 0, 24 lits): UNSAT in 0.02s
    cube 605 (depth 0, 24 lits): UNSAT in 0.02s
    cube 609 (depth 0, 23 lits): UNSAT in 0.02s
    cube 613 (depth 0, 23 lits): UNSAT in 0.01s
    cube 617 (depth 0, 24 lits): UNSAT in 0.01s
    cube 621 (depth 0, 24 lits): UNSAT in 0.01s
    cube 625 (depth 0, 24 lits): UNSAT in 0.01s
    cube 629 (depth 0, 24 lits): UNSAT in 0.01s
    cube 633 (depth 0, 23 lits): UNSAT in 0.01s
    cube 637 (depth 0, 22 lits): UNSAT in 0.02s
    cube 641 (depth 0, 24 lits): UNSAT in 0.03s
    cube 645 (depth 0, 23 lits): UNSAT in 0.01s
    cube 649 (depth 0, 24 lits): UNSAT in 0.03s
    cube 653 (depth 0, 24 lits): UNSAT in 0.03s
    cube 657 (depth 0, 24 lits): UNSAT in 0.04s
    cube 661 (depth 0, 24 lits): UNSAT in 0.03s
    cube 665 (depth 0, 24 lits): UNSAT in 0.02s
    cube 669 (depth 0, 24 lits): UNSAT in 0.02s
    cube 673 (depth 0, 24 lits): UNSAT in 0.04s
    cube 677 (depth 0, 23 lits): UNSAT in 0.01s
    cube 681 (depth 0, 24 lits): UNSAT in 0.02s
    cube 685 (depth 0, 24 lits): UNSAT in 0.03s
    cube 689 (depth 0, 24 lits): UNSAT in 0.08s
    cube 693 (depth 0, 24 lits): UNSAT in 0.02s
    cube 697 (depth 0, 24 lits): UNSAT in 0.04s
    cube 701 (depth 0, 24 lits): UNSAT in 0.02s
    cube 705 (depth 0, 24 lits): UNSAT in 0.02s
    cube 709 (depth 0, 24 lits): UNSAT in 0.03s
    cube 713 (depth 0, 22 lits): UNSAT in 0.02s
    cube 717 (depth 0, 24 lits): UNSAT in 0.02s
    cube 721 (depth 0, 24 lits): UNSAT in 0.03s
    cube 725 (depth 0, 24 lits): UNSAT in 0.02s
    cube 729 (depth 0, 24 lits): UNSAT in 0.02s
    cube 733 (depth 0, 24 lits): UNSAT in 0.02s
    cube 737 (depth 0, 24 lits): UNSAT in 0.02s
    cube 741 (depth 0, 24 lits): UNSAT in 0.02s
    cube 745 (depth 0, 24 lits): UNSAT in 0.02s
    cube 749 (depth 0, 24 lits): UNSAT in 0.03s
    cube 753 (depth 0, 23 lits): UNSAT in 0.02s
    cube 757 (depth 0, 22 lits): UNSAT in 0.02s
    cube 761 (depth 0, 21 lits): UNSAT in 0.02s
    cube 765 (depth 0, 24 lits): UNSAT in 0.03s
    cube 769 (depth 0, 24 lits): UNSAT in 0.02s
    cube 773 (depth 0, 23 lits): UNSAT in 0.01s
    cube 777 (depth 0, 24 lits): UNSAT in 0.01s
    cube 781 (depth 0, 24 lits): UNSAT in 0.02s
    cube 785 (depth 0, 24 lits): UNSAT in 0.02s
    cube 789 (depth 0, 24 lits): UNSAT in 0.03s
    cube 793 (depth 0, 24 lits): UNSAT in 0.02s
    cube 797 (depth 0, 24 lits): UNSAT in 0.02s
    cube 801 (depth 0, 24 lits): UNSAT in 0.02s
    cube 805 (depth 0, 24 lits): UNSAT in 0.02s
    cube 809 (depth 0, 24 lits): UNSAT in 0.02s
    cube 813 (depth 0, 24 lits): UNSAT in 0.02s
    cube 817 (depth 0, 24 lits): UNSAT in 0.02s
    cube 821 (depth 0, 24 lits): UNSAT in 0.01s
    cube 825 (depth 0, 24 lits): UNSAT in 0.03s
    cube 829 (depth 0, 24 lits): UNSAT in 0.05s
    cube 833 (depth 0, 24 lits): UNSAT in 0.06s
    cube 837 (depth 0, 24 lits): UNSAT in 0.04s
    cube 841 (depth 0, 24 lits): UNSAT in 0.18s
    cube 845 (depth 0, 24 lits): UNSAT in 0.03s
    cube 849 (depth 0, 23 lits): UNSAT in 0.02s
    cube 853 (depth 0, 24 lits): UNSAT in 0.02s
    cube 857 (depth 0, 24 lits): UNSAT in 0.03s
    cube 861 (depth 0, 24 lits): UNSAT in 0.04s
    cube 865 (depth 0, 24 lits): UNSAT in 0.03s
    cube 869 (depth 0, 24 lits): UNSAT in 0.04s
    cube 873 (depth 0, 24 lits): UNSAT in 0.02s
    cube 877 (depth 0, 24 lits): UNSAT in 0.02s
    cube 881 (depth 0, 23 lits): UNSAT in 0.02s
    cube 885 (depth 0, 24 lits): UNSAT in 0.03s
    cube 889 (depth 0, 24 lits): UNSAT in 0.02s
    cube 893 (depth 0, 24 lits): UNSAT in 0.07s
    cube 897 (depth 0, 24 lits): UNSAT in 0.02s
    cube 901 (depth 0, 24 lits): UNSAT in 0.12s
    cube 905 (depth 0, 24 lits): UNSAT in 0.03s
    cube 909 (depth 0, 24 lits): UNSAT in 0.03s
    cube 913 (depth 0, 24 lits): UNSAT in 0.03s
    cube 917 (depth 0, 24 lits): UNSAT in 0.11s
    cube 921 (depth 0, 24 lits): UNSAT in 0.05s
    cube 925 (depth 0, 24 lits): UNSAT in 0.12s
    cube 929 (depth 0, 24 lits): UNSAT in 0.07s
    cube 933 (depth 0, 24 lits): UNSAT in 0.26s
    cube 937 (depth 0, 24 lits): UNSAT in 0.04s
    cube 941 (depth 0, 24 lits): UNSAT in 0.07s
    cube 945 (depth 0, 24 lits): UNSAT in 0.05s
    cube 949 (depth 0, 24 lits): UNSAT in 0.12s
    cube 953 (depth 0, 24 lits): UNSAT in 0.07s
    cube 957 (depth 0, 24 lits): UNSAT in 0.13s
    cube 961 (depth 0, 24 lits): UNSAT in 0.14s
    cube 965 (depth 0, 24 lits): UNSAT in 1.21s
    cube 969 (depth 0, 23 lits): UNSAT in 0.02s
    cube 973 (depth 0, 23 lits): UNSAT in 0.01s
    cube 977 (depth 0, 23 lits): UNSAT in 0.02s
    cube 981 (depth 0, 23 lits): UNSAT in 0.02s
    cube 985 (depth 0, 24 lits): UNSAT in 0.03s
    cube 989 (depth 0, 24 lits): UNSAT in 0.02s
    cube 993 (depth 0, 24 lits): UNSAT in 0.04s
    cube 997 (depth 0, 24 lits): UNSAT in 0.01s
    cube 1001 (depth 0, 24 lits): UNSAT in 0.01s
    cube 1005 (depth 0, 24 lits): UNSAT in 0.02s
    cube 1009 (depth 0, 24 lits): UNSAT in 0.03s
    cube 1013 (depth 0, 22 lits): UNSAT in 0.01s
    cube 1017 (depth 0, 24 lits): UNSAT in 0.02s
    cube 1021 (depth 0, 24 lits): UNSAT in 0.01s
    cube 1025 (depth 0, 24 lits): UNSAT in 0.02s
    cube 1029 (depth 0, 24 lits): UNSAT in 0.02s
    cube 1033 (depth 0, 24 lits): UNSAT in 0.03s
    cube 1037 (depth 0, 24 lits): UNSAT in 0.03s
    cube 1041 (depth 0, 24 lits): UNSAT in 0.05s
    cube 1045 (depth 0, 24 lits): UNSAT in 0.03s
    cube 1049 (depth 0, 24 lits): UNSAT in 0.04s
    cube 1053 (depth 0, 24 lits): UNSAT in 0.06s
    cube 1057 (depth 0, 24 lits): UNSAT in 0.04s
    cube 1061 (depth 0, 23 lits): UNSAT in 0.01s
    cube 1065 (depth 0, 24 lits): UNSAT in 0.01s
    cube 1069 (depth 0, 23 lits): UNSAT in 0.01s
    cube 1073 (depth 0, 24 lits): UNSAT in 0.03s
    cube 1077 (depth 0, 24 lits): UNSAT in 0.02s
    cube 1081 (depth 0, 24 lits): UNSAT in 0.02s
    cube 1085 (depth 0, 24 lits): UNSAT in 0.05s
    cube 1089 (depth 0, 24 lits): UNSAT in 0.07s
    cube 1093 (depth 0, 24 lits): UNSAT in 0.06s
    cube 1097 (depth 0, 24 lits): UNSAT in 0.09s
    cube 1101 (depth 0, 24 lits): UNSAT in 0.11s
    cube 1105 (depth 0, 24 lits): UNSAT in 0.13s
    cube 1109 (depth 0, 24 lits): UNSAT in 0.22s
    cube 1113 (depth 0, 24 lits): UNSAT in 0.20s
    cube 1117 (depth 0, 24 lits): UNSAT in 0.05s
    cube 1121 (depth 0, 24 lits): UNSAT in 0.06s
    cube 1125 (depth 0, 24 lits): UNSAT in 0.07s
    cube 1129 (depth 0, 24 lits): UNSAT in 0.17s
    cube 1133 (depth 0, 24 lits): UNSAT in 0.07s
    cube 1137 (depth 0, 24 lits): UNSAT in 0.35s
    cube 1141 (depth 0, 24 lits): UNSAT in 0.06s
    cube 1145 (depth 0, 24 lits): UNSAT in 1.30s
    cube 1149 (depth 0, 24 lits): UNSAT in 0.05s
    cube 1153 (depth 0, 24 lits): UNSAT in 0.20s
    cube 1157 (depth 0, 24 lits): UNSAT in 0.06s
    cube 1161 (depth 0, 24 lits): UNSAT in 1.33s
    cube 1165 (depth 0, 24 lits): UNSAT in 0.21s
    cube 1169 (depth 0, 24 lits): UNSAT in 1.09s
    cube 1173 (depth 0, 24 lits): UNSAT in 1.44s
    cube 1177 (depth 0, 24 lits): UNSAT in 3.20s
    cube 1181 (depth 0, 23 lits): UNSAT in 0.02s
    cube 1185 (depth 0, 24 lits): UNSAT in 0.03s
    cube 1189 (depth 0, 24 lits): UNSAT in 0.12s
    cube 1193 (depth 0, 24 lits): UNSAT in 0.09s
    cube 1197 (depth 0, 24 lits): UNSAT in 0.25s
    cube 1201 (depth 0, 24 lits): UNSAT in 0.03s
    cube 1205 (depth 0, 24 lits): UNSAT in 0.13s
    cube 1209 (depth 0, 24 lits): UNSAT in 0.02s
    cube 1213 (depth 0, 24 lits): UNSAT in 0.02s
    cube 1217 (depth 0, 24 lits): UNSAT in 0.02s
    cube 1221 (depth 0, 24 lits): UNSAT in 0.04s
    cube 1225 (depth 0, 24 lits): UNSAT in 0.04s
    cube 1229 (depth 0, 24 lits): UNSAT in 0.03s
    cube 1233 (depth 0, 24 lits): UNSAT in 0.05s
    cube 1237 (depth 0, 24 lits): UNSAT in 0.01s
    cube 1241 (depth 0, 24 lits): UNSAT in 0.02s
    cube 1245 (depth 0, 24 lits): UNSAT in 0.01s
    cube 1249 (depth 0, 24 lits): UNSAT in 0.04s
    cube 1253 (depth 0, 24 lits): UNSAT in 0.02s
    cube 1257 (depth 0, 24 lits): UNSAT in 0.06s
    cube 1261 (depth 0, 24 lits): UNSAT in 0.02s
    cube 1265 (depth 0, 24 lits): UNSAT in 0.16s
    cube 1269 (depth 0, 24 lits): UNSAT in 0.02s
    cube 1273 (depth 0, 24 lits): UNSAT in 0.16s
    cube 1277 (depth 0, 24 lits): UNSAT in 0.05s
    cube 1281 (depth 0, 24 lits): UNSAT in 0.10s
    cube 1285 (depth 0, 24 lits): UNSAT in 0.10s
    cube 1289 (depth 0, 24 lits): UNSAT in 0.31s
    cube 1293 (depth 0, 24 lits): UNSAT in 0.18s
    cube 1297 (depth 0, 24 lits): UNSAT in 1.03s
    cube 1301 (depth 0, 23 lits): UNSAT in 0.01s
    cube 1305 (depth 0, 24 lits): UNSAT in 0.02s
    cube 1309 (depth 0, 24 lits): UNSAT in 0.03s
    cube 1313 (depth 0, 24 lits): UNSAT in 0.05s
    cube 1317 (depth 0, 24 lits): UNSAT in 0.07s
    cube 1321 (depth 0, 24 lits): UNSAT in 0.28s
    cube 1325 (depth 0, 24 lits): UNSAT in 0.07s
    cube 1329 (depth 0, 24 lits): UNSAT in 0.75s
    cube 1333 (depth 0, 24 lits): UNSAT in 0.04s
    cube 1337 (depth 0, 24 lits): UNSAT in 0.05s
    cube 1341 (depth 0, 24 lits): UNSAT in 0.08s
    cube 1345 (depth 0, 24 lits): UNSAT in 0.15s
    cube 1349 (depth 0, 24 lits): UNSAT in 0.09s
    cube 1353 (depth 0, 24 lits): UNSAT in 0.45s
    cube 1357 (depth 0, 24 lits): UNSAT in 0.64s
    cube 1361 (depth 0, 24 lits): UNSAT in 4.61s
    cube 1365 (depth 0, 24 lits): UNSAT in 0.05s
    cube 1369 (depth 0, 24 lits): UNSAT in 0.25s
    cube 1373 (depth 0, 24 lits): UNSAT in 0.13s
    cube 1377 (depth 0, 24 lits): UNSAT in 1.08s
    cube 1381 (depth 0, 24 lits): UNSAT in 0.16s
    cube 1385 (depth 0, 24 lits): UNSAT in 0.13s
    cube 1389 (depth 0, 24 lits): UNSAT in 0.22s
    cube 1393 (depth 0, 24 lits): UNSAT in 3.83s
    cube 1397 (depth 0, 24 lits): UNSAT in 0.08s
    cube 1401 (depth 0, 24 lits): UNSAT in 0.12s
    cube 1405 (depth 0, 24 lits): UNSAT in 2.12s
    cube 1409 (depth 0, 24 lits): UNSAT in 2.05s
    cube 1413 (depth 0, 24 lits): UNSAT in 0.20s
    cube 1417 (depth 0, 24 lits): UNSAT in 0.91s
    cube 1421 (depth 0, 24 lits): UNSAT in 2.97s
    cube 1425 (depth 0, 24 lits): UNSAT in 3.44s
    cube 1429 (depth 0, 21 lits): UNSAT in 0.01s
    cube 1433 (depth 0, 22 lits): UNSAT in 0.02s
    cube 1437 (depth 0, 24 lits): UNSAT in 0.02s
    cube 1441 (depth 0, 24 lits): UNSAT in 0.02s
    cube 1445 (depth 0, 22 lits): UNSAT in 0.01s
    cube 1449 (depth 0, 24 lits): UNSAT in 0.02s
    cube 1453 (depth 0, 24 lits): UNSAT in 0.02s
    cube 1457 (depth 0, 24 lits): UNSAT in 0.01s
    cube 1461 (depth 0, 24 lits): UNSAT in 0.03s
    cube 1465 (depth 0, 22 lits): UNSAT in 0.02s
    cube 1469 (depth 0, 24 lits): UNSAT in 0.02s
    cube 1473 (depth 0, 24 lits): UNSAT in 0.02s
    cube 1477 (depth 0, 24 lits): UNSAT in 0.01s
    cube 1481 (depth 0, 22 lits): UNSAT in 0.02s
    cube 1485 (depth 0, 24 lits): UNSAT in 0.02s
    cube 1489 (depth 0, 24 lits): UNSAT in 0.02s
    cube 1493 (depth 0, 24 lits): UNSAT in 0.02s
    cube 1497 (depth 0, 24 lits): UNSAT in 0.03s
    cube 1501 (depth 0, 24 lits): UNSAT in 0.02s
    cube 1505 (depth 0, 24 lits): UNSAT in 0.06s
    cube 1509 (depth 0, 21 lits): UNSAT in 0.02s
    cube 1513 (depth 0, 23 lits): UNSAT in 0.01s
    cube 1517 (depth 0, 24 lits): UNSAT in 0.02s
    cube 1521 (depth 0, 23 lits): UNSAT in 0.01s
    cube 1525 (depth 0, 24 lits): UNSAT in 0.03s
    cube 1529 (depth 0, 24 lits): UNSAT in 0.03s
    cube 1533 (depth 0, 23 lits): UNSAT in 0.02s
    cube 1537 (depth 0, 24 lits): UNSAT in 0.05s
    cube 1541 (depth 0, 24 lits): UNSAT in 0.15s
    cube 1545 (depth 0, 24 lits): UNSAT in 0.27s
    cube 1549 (depth 0, 24 lits): UNSAT in 0.02s
    cube 1553 (depth 0, 23 lits): UNSAT in 0.02s
    cube 1557 (depth 0, 24 lits): UNSAT in 0.02s
    cube 1561 (depth 0, 23 lits): UNSAT in 0.01s
    cube 1565 (depth 0, 24 lits): UNSAT in 0.02s
    cube 1569 (depth 0, 24 lits): UNSAT in 0.02s
    cube 1573 (depth 0, 24 lits): UNSAT in 0.02s
    cube 1577 (depth 0, 24 lits): UNSAT in 0.02s
    cube 1581 (depth 0, 24 lits): UNSAT in 0.09s
    cube 1585 (depth 0, 23 lits): UNSAT in 0.02s
    cube 1589 (depth 0, 23 lits): UNSAT in 0.02s
    cube 1593 (depth 0, 24 lits): UNSAT in 0.01s
    cube 1597 (depth 0, 24 lits): UNSAT in 0.01s
    cube 1601 (depth 0, 24 lits): UNSAT in 0.01s
    cube 1605 (depth 0, 23 lits): UNSAT in 0.01s
    cube 1609 (depth 0, 24 lits): UNSAT in 0.02s
    cube 1613 (depth 0, 24 lits): UNSAT in 0.04s
    cube 1617 (depth 0, 24 lits): UNSAT in 0.06s
    cube 1621 (depth 0, 24 lits): UNSAT in 0.01s
    cube 1625 (depth 0, 24 lits): UNSAT in 0.04s
    cube 1629 (depth 0, 24 lits): UNSAT in 0.04s
    cube 1633 (depth 0, 24 lits): UNSAT in 0.30s
    cube 1637 (depth 0, 24 lits): UNSAT in 0.02s
    cube 1641 (depth 0, 24 lits): UNSAT in 0.02s
    cube 1645 (depth 0, 24 lits): UNSAT in 0.02s
    cube 1649 (depth 0, 24 lits): UNSAT in 0.06s
    cube 1653 (depth 0, 24 lits): UNSAT in 0.02s
    cube 1657 (depth 0, 24 lits): UNSAT in 0.07s
    cube 1661 (depth 0, 24 lits): UNSAT in 0.03s
    cube 1665 (depth 0, 24 lits): UNSAT in 0.06s
    cube 1669 (depth 0, 24 lits): UNSAT in 0.02s
    cube 1673 (depth 0, 24 lits): UNSAT in 0.03s
    cube 1677 (depth 0, 24 lits): UNSAT in 0.02s
    cube 1681 (depth 0, 24 lits): UNSAT in 0.07s
    cube 1685 (depth 0, 24 lits): UNSAT in 0.06s
    cube 1689 (depth 0, 24 lits): UNSAT in 0.31s
    cube 1693 (depth 0, 24 lits): UNSAT in 0.07s
    cube 1697 (depth 0, 24 lits): UNSAT in 1.34s
    cube 1701 (depth 0, 24 lits): UNSAT in 0.02s
    cube 1705 (depth 0, 24 lits): UNSAT in 0.02s
    cube 1709 (depth 0, 24 lits): UNSAT in 0.07s
    cube 1713 (depth 0, 24 lits): UNSAT in 0.08s
    cube 1717 (depth 0, 24 lits): UNSAT in 0.05s
    cube 1721 (depth 0, 24 lits): UNSAT in 0.04s
    cube 1725 (depth 0, 24 lits): UNSAT in 0.22s
    cube 1729 (depth 0, 24 lits): UNSAT in 1.42s
    cube 1733 (depth 0, 24 lits): UNSAT in 0.06s
    cube 1737 (depth 0, 24 lits): UNSAT in 0.38s
    cube 1741 (depth 0, 24 lits): UNSAT in 0.18s
    cube 1745 (depth 0, 24 lits): UNSAT in 1.67s
    cube 1749 (depth 0, 24 lits): UNSAT in 0.10s
    cube 1753 (depth 0, 24 lits): UNSAT in 0.89s
    cube 1757 (depth 0, 24 lits): UNSAT in 1.37s
    cube 1761 (depth 0, 24 lits): UNSAT in 1.43s
    cube 1765 (depth 0, 22 lits): UNSAT in 0.02s
    cube 1769 (depth 0, 24 lits): UNSAT in 0.02s
    cube 1773 (depth 0, 24 lits): UNSAT in 0.03s
    cube 1777 (depth 0, 24 lits): UNSAT in 0.04s
    cube 1781 (depth 0, 24 lits): UNSAT in 0.05s
    cube 1785 (depth 0, 24 lits): UNSAT in 0.02s
    cube 1789 (depth 0, 24 lits): UNSAT in 0.02s
    cube 1793 (depth 0, 24 lits): UNSAT in 0.03s
    cube 1797 (depth 0, 24 lits): UNSAT in 0.02s
    cube 1801 (depth 0, 24 lits): UNSAT in 0.03s
    cube 1805 (depth 0, 24 lits): UNSAT in 0.04s
    cube 1809 (depth 0, 24 lits): UNSAT in 0.03s
    cube 1813 (depth 0, 24 lits): UNSAT in 0.06s
    cube 1817 (depth 0, 24 lits): UNSAT in 0.01s
    cube 1821 (depth 0, 24 lits): UNSAT in 0.07s
    cube 1825 (depth 0, 24 lits): UNSAT in 0.02s
    cube 1829 (depth 0, 24 lits): UNSAT in 0.03s
    cube 1833 (depth 0, 24 lits): UNSAT in 0.06s
    cube 1837 (depth 0, 24 lits): UNSAT in 0.03s
    cube 1841 (depth 0, 24 lits): UNSAT in 0.06s
    cube 1845 (depth 0, 24 lits): UNSAT in 0.01s
    cube 1849 (depth 0, 24 lits): UNSAT in 0.01s
    cube 1853 (depth 0, 24 lits): UNSAT in 0.02s
    cube 1857 (depth 0, 24 lits): UNSAT in 0.03s
    cube 1861 (depth 0, 24 lits): UNSAT in 0.01s
    cube 1865 (depth 0, 24 lits): UNSAT in 0.01s
    cube 1869 (depth 0, 24 lits): UNSAT in 0.02s
    cube 1873 (depth 0, 24 lits): UNSAT in 0.05s
    cube 1877 (depth 0, 22 lits): UNSAT in 0.01s
    cube 1881 (depth 0, 23 lits): UNSAT in 0.02s
    cube 1885 (depth 0, 24 lits): UNSAT in 0.01s
    cube 1889 (depth 0, 24 lits): UNSAT in 0.02s
    cube 1893 (depth 0, 24 lits): UNSAT in 0.02s
    cube 1897 (depth 0, 24 lits): UNSAT in 0.02s
    cube 1901 (depth 0, 23 lits): UNSAT in 0.02s
    cube 1905 (depth 0, 24 lits): UNSAT in 0.03s
    cube 1909 (depth 0, 24 lits): UNSAT in 0.03s
    cube 1913 (depth 0, 24 lits): UNSAT in 0.09s
    cube 1917 (depth 0, 24 lits): UNSAT in 0.02s
    cube 1921 (depth 0, 24 lits): UNSAT in 0.09s
    cube 1925 (depth 0, 24 lits): UNSAT in 0.02s
    cube 1929 (depth 0, 24 lits): UNSAT in 0.02s
    cube 1933 (depth 0, 24 lits): UNSAT in 0.07s
    cube 1937 (depth 0, 24 lits): UNSAT in 0.23s
    cube 1941 (depth 0, 24 lits): UNSAT in 0.02s
    cube 1945 (depth 0, 24 lits): UNSAT in 0.02s
    cube 1949 (depth 0, 24 lits): UNSAT in 0.04s
    cube 1953 (depth 0, 24 lits): UNSAT in 0.02s
    cube 1957 (depth 0, 24 lits): UNSAT in 0.06s
    cube 1961 (depth 0, 24 lits): UNSAT in 0.02s
    cube 1965 (depth 0, 24 lits): UNSAT in 0.15s
    cube 1969 (depth 0, 24 lits): UNSAT in 0.02s
    cube 1973 (depth 0, 24 lits): UNSAT in 0.02s
    cube 1977 (depth 0, 24 lits): UNSAT in 0.17s
    cube 1981 (depth 0, 24 lits): UNSAT in 0.23s
    cube 1985 (depth 0, 23 lits): UNSAT in 0.01s
    cube 1989 (depth 0, 24 lits): UNSAT in 0.02s
    cube 1993 (depth 0, 24 lits): UNSAT in 0.03s
    cube 1997 (depth 0, 23 lits): UNSAT in 0.01s
    cube 2001 (depth 0, 24 lits): UNSAT in 0.02s
    cube 2005 (depth 0, 24 lits): UNSAT in 0.02s
    cube 2009 (depth 0, 24 lits): UNSAT in 0.03s
    cube 2013 (depth 0, 24 lits): UNSAT in 0.03s
    cube 2017 (depth 0, 24 lits): UNSAT in 0.03s
    cube 2021 (depth 0, 24 lits): UNSAT in 0.03s
    cube 2025 (depth 0, 24 lits): UNSAT in 0.05s
    cube 2029 (depth 0, 24 lits): UNSAT in 0.02s
    cube 2033 (depth 0, 24 lits): UNSAT in 0.07s
    cube 2037 (depth 0, 24 lits): UNSAT in 0.05s
    cube 2041 (depth 0, 24 lits): UNSAT in 0.45s
    cube 2045 (depth 0, 24 lits): UNSAT in 0.02s
    cube 2049 (depth 0, 24 lits): UNSAT in 0.12s
    cube 2053 (depth 0, 24 lits): UNSAT in 0.05s
    cube 2057 (depth 0, 24 lits): UNSAT in 0.04s
    cube 2061 (depth 0, 24 lits): UNSAT in 0.02s
    cube 2065 (depth 0, 24 lits): UNSAT in 0.04s
    cube 2069 (depth 0, 24 lits): UNSAT in 0.07s
    cube 2073 (depth 0, 24 lits): UNSAT in 0.15s
    cube 2077 (depth 0, 24 lits): UNSAT in 0.01s
    cube 2081 (depth 0, 24 lits): UNSAT in 0.14s
    cube 2085 (depth 0, 24 lits): UNSAT in 0.11s
    cube 2089 (depth 0, 24 lits): UNSAT in 0.23s
    cube 2093 (depth 0, 24 lits): UNSAT in 0.25s
    cube 2097 (depth 0, 24 lits): UNSAT in 0.71s
    cube 2101 (depth 0, 24 lits): UNSAT in 4.25s
    cube 2105 (depth 0, 24 lits): UNSAT in 24.84s
    cube 2109 (depth 0, 24 lits): UNSAT in 0.04s
    cube 2113 (depth 0, 24 lits): UNSAT in 0.11s
    cube 2117 (depth 0, 24 lits): UNSAT in 0.05s
    cube 2121 (depth 0, 24 lits): UNSAT in 0.21s
    cube 2125 (depth 0, 24 lits): UNSAT in 0.29s
    cube 2129 (depth 0, 24 lits): UNSAT in 0.32s
    cube 2133 (depth 0, 24 lits): UNSAT in 0.50s
    cube 2137 (depth 0, 24 lits): UNSAT in 1.28s
    cube 2141 (depth 0, 24 lits): UNSAT in 0.05s
    cube 2145 (depth 0, 24 lits): UNSAT in 0.26s
    cube 2149 (depth 0, 24 lits): UNSAT in 0.17s
    cube 2153 (depth 0, 24 lits): UNSAT in 1.56s
    cube 2157 (depth 0, 24 lits): UNSAT in 0.87s
    cube 2161 (depth 0, 24 lits): UNSAT in 2.22s
    cube 2165 (depth 0, 24 lits): UNSAT in 6.02s
    cube 2169 (depth 0, 24 lits): UNSAT in 32.37s
    cube 2173 (depth 0, 24 lits): UNSAT in 0.08s
    cube 2177 (depth 0, 24 lits): UNSAT in 0.37s
    cube 2181 (depth 0, 24 lits): UNSAT in 0.40s
    cube 2185 (depth 0, 24 lits): UNSAT in 2.50s
    cube 2189 (depth 0, 24 lits): UNSAT in 0.45s
    cube 2193 (depth 0, 24 lits): UNSAT in 1.14s
    cube 2197 (depth 0, 24 lits): UNSAT in 3.50s
    cube 2201 (depth 0, 24 lits): UNSAT in 40.54s
    cube 2205 (depth 0, 24 lits): UNSAT in 0.91s
    cube 2209 (depth 0, 24 lits): UNSAT in 5.71s
    cube 2213 (depth 0, 24 lits): UNSAT in 2.88s
    cube 2217 (depth 0, 24 lits): UNSAT in 168.73s
    cube 2221 (depth 0, 24 lits): UNSAT in 1.47s
    cube 2225 (depth 0, 24 lits): UNSAT in 6.73s
    cube 2229 (depth 0, 24 lits): UNSAT in 7.21s
    cube 2233 (depth 0, 24 lits): UNSAT in 169.24s
    cube 2237 (depth 0, 22 lits): UNSAT in 0.01s
    cube 2241 (depth 0, 23 lits): UNSAT in 0.02s
    cube 2245 (depth 0, 24 lits): UNSAT in 0.02s
    cube 2249 (depth 0, 23 lits): UNSAT in 0.02s
    cube 2253 (depth 0, 24 lits): UNSAT in 0.02s
    cube 2257 (depth 0, 24 lits): UNSAT in 0.02s
    cube 2261 (depth 0, 24 lits): UNSAT in 0.04s
    cube 2265 (depth 0, 24 lits): UNSAT in 0.04s
    cube 2269 (depth 0, 24 lits): UNSAT in 0.09s
    cube 2273 (depth 0, 24 lits): UNSAT in 0.02s
    cube 2277 (depth 0, 24 lits): UNSAT in 0.31s
    cube 2281 (depth 0, 24 lits): UNSAT in 0.02s
    cube 2285 (depth 0, 24 lits): UNSAT in 0.02s
    cube 2289 (depth 0, 24 lits): UNSAT in 0.01s
    cube 2293 (depth 0, 24 lits): UNSAT in 0.01s
    cube 2297 (depth 0, 24 lits): UNSAT in 0.01s
    cube 2301 (depth 0, 24 lits): UNSAT in 0.01s
    cube 2305 (depth 0, 24 lits): UNSAT in 0.04s
    cube 2309 (depth 0, 24 lits): UNSAT in 0.02s
    cube 2313 (depth 0, 24 lits): UNSAT in 0.01s
    cube 2317 (depth 0, 24 lits): UNSAT in 0.02s
    cube 2321 (depth 0, 24 lits): UNSAT in 0.03s
    cube 2325 (depth 0, 24 lits): UNSAT in 0.02s
    cube 2329 (depth 0, 24 lits): UNSAT in 0.02s
    cube 2333 (depth 0, 24 lits): UNSAT in 0.06s
    cube 2337 (depth 0, 24 lits): UNSAT in 0.04s
    cube 2341 (depth 0, 22 lits): UNSAT in 0.02s
    cube 2345 (depth 0, 24 lits): UNSAT in 0.05s
    cube 2349 (depth 0, 24 lits): UNSAT in 0.12s
    cube 2353 (depth 0, 24 lits): UNSAT in 0.11s
    cube 2357 (depth 0, 24 lits): UNSAT in 0.04s
    cube 2361 (depth 0, 24 lits): UNSAT in 0.06s
    cube 2365 (depth 0, 24 lits): UNSAT in 0.28s
    cube 2369 (depth 0, 24 lits): UNSAT in 0.35s
    cube 2373 (depth 0, 24 lits): UNSAT in 0.10s
    cube 2377 (depth 0, 24 lits): UNSAT in 0.08s
    cube 2381 (depth 0, 24 lits): UNSAT in 0.12s
    cube 2385 (depth 0, 24 lits): UNSAT in 0.26s
    cube 2389 (depth 0, 24 lits): UNSAT in 0.49s
    cube 2393 (depth 0, 24 lits): UNSAT in 0.96s
    cube 2397 (depth 0, 24 lits): UNSAT in 0.61s
    cube 2401 (depth 0, 24 lits): UNSAT in 9.09s
    cube 2405 (depth 0, 24 lits): UNSAT in 0.02s
    cube 2409 (depth 0, 24 lits): UNSAT in 0.02s
    cube 2413 (depth 0, 24 lits): UNSAT in 0.04s
    cube 2417 (depth 0, 24 lits): UNSAT in 0.01s
    cube 2421 (depth 0, 24 lits): UNSAT in 0.03s
    cube 2425 (depth 0, 24 lits): UNSAT in 0.08s
    cube 2429 (depth 0, 24 lits): UNSAT in 0.45s
    cube 2433 (depth 0, 24 lits): UNSAT in 0.05s
    cube 2437 (depth 0, 24 lits): UNSAT in 0.45s
    cube 2441 (depth 0, 24 lits): UNSAT in 0.70s
    cube 2445 (depth 0, 24 lits): UNSAT in 0.30s
    cube 2449 (depth 0, 24 lits): UNSAT in 0.04s
    cube 2453 (depth 0, 24 lits): UNSAT in 0.51s
    cube 2457 (depth 0, 24 lits): UNSAT in 0.59s
    cube 2461 (depth 0, 24 lits): UNSAT in 3.37s
    cube 2465 (depth 0, 24 lits): UNSAT in 0.02s
    cube 2469 (depth 0, 24 lits): UNSAT in 0.02s
    cube 2473 (depth 0, 24 lits): UNSAT in 0.04s
    cube 2477 (depth 0, 24 lits): UNSAT in 0.03s
    cube 2481 (depth 0, 24 lits): UNSAT in 0.05s
    cube 2485 (depth 0, 24 lits): UNSAT in 0.02s
    cube 2489 (depth 0, 24 lits): UNSAT in 0.02s
    cube 2493 (depth 0, 24 lits): UNSAT in 0.02s
    cube 2497 (depth 0, 24 lits): UNSAT in 0.02s
    cube 2501 (depth 0, 24 lits): UNSAT in 0.02s
    cube 2505 (depth 0, 24 lits): UNSAT in 0.04s
    cube 2509 (depth 0, 23 lits): UNSAT in 0.02s
    cube 2513 (depth 0, 24 lits): UNSAT in 0.03s
    cube 2517 (depth 0, 24 lits): UNSAT in 0.10s
    cube 2521 (depth 0, 24 lits): UNSAT in 0.23s
    cube 2525 (depth 0, 24 lits): UNSAT in 0.02s
    cube 2529 (depth 0, 24 lits): UNSAT in 0.23s
    cube 2533 (depth 0, 24 lits): UNSAT in 0.07s
    cube 2537 (depth 0, 24 lits): UNSAT in 0.24s
    cube 2541 (depth 0, 24 lits): UNSAT in 0.17s
    cube 2545 (depth 0, 24 lits): UNSAT in 0.48s
    cube 2549 (depth 0, 24 lits): UNSAT in 0.39s
    cube 2553 (depth 0, 24 lits): UNSAT in 1.39s
    cube 2557 (depth 0, 24 lits): UNSAT in 0.02s
    cube 2561 (depth 0, 24 lits): UNSAT in 0.04s
    cube 2565 (depth 0, 24 lits): UNSAT in 0.17s
    cube 2569 (depth 0, 24 lits): UNSAT in 0.22s
    cube 2573 (depth 0, 24 lits): UNSAT in 0.17s
    cube 2577 (depth 0, 24 lits): UNSAT in 0.38s
    cube 2581 (depth 0, 24 lits): UNSAT in 0.49s
    cube 2585 (depth 0, 24 lits): UNSAT in 2.65s
    cube 2589 (depth 0, 24 lits): UNSAT in 0.04s
    cube 2593 (depth 0, 24 lits): UNSAT in 0.10s
    cube 2597 (depth 0, 24 lits): UNSAT in 0.14s
    cube 2601 (depth 0, 24 lits): UNSAT in 0.13s
    cube 2605 (depth 0, 24 lits): UNSAT in 0.02s
    cube 2609 (depth 0, 24 lits): UNSAT in 0.12s
    cube 2613 (depth 0, 24 lits): UNSAT in 0.13s
    cube 2617 (depth 0, 24 lits): UNSAT in 0.42s
    cube 2621 (depth 0, 24 lits): UNSAT in 0.02s
    cube 2625 (depth 0, 24 lits): UNSAT in 0.30s
    cube 2629 (depth 0, 24 lits): UNSAT in 0.11s
    cube 2633 (depth 0, 24 lits): UNSAT in 0.22s
    cube 2637 (depth 0, 24 lits): UNSAT in 0.04s
    cube 2641 (depth 0, 24 lits): UNSAT in 1.31s
    cube 2645 (depth 0, 24 lits): UNSAT in 0.33s
    cube 2649 (depth 0, 24 lits): UNSAT in 5.96s
    cube 2653 (depth 0, 24 lits): UNSAT in 0.15s
    cube 2657 (depth 0, 24 lits): UNSAT in 0.37s
    cube 2661 (depth 0, 24 lits): UNSAT in 0.38s
    cube 2665 (depth 0, 24 lits): UNSAT in 3.09s
    cube 2669 (depth 0, 24 lits): UNSAT in 0.13s
    cube 2673 (depth 0, 24 lits): UNSAT in 0.53s
    cube 2677 (depth 0, 24 lits): UNSAT in 1.27s
    cube 2681 (depth 0, 24 lits): UNSAT in 4.53s
    cube 2685 (depth 0, 24 lits): UNSAT in 0.45s
    cube 2689 (depth 0, 24 lits): UNSAT in 1.30s
    cube 2693 (depth 0, 24 lits): UNSAT in 1.43s
    cube 2697 (depth 0, 24 lits): UNSAT in 118.87s
    cube 2701 (depth 0, 24 lits): UNSAT in 2.25s
    cube 2705 (depth 0, 24 lits): UNSAT in 28.20s
    cube 2709 (depth 0, 24 lits): UNSAT in 7.36s
    cube 2713 (depth 0, 24 lits): UNSAT in 8.01s
    cube 2717 (depth 0, 24 lits): UNSAT in 0.01s
    cube 2721 (depth 0, 24 lits): UNSAT in 0.02s
    cube 2725 (depth 0, 24 lits): UNSAT in 0.05s
    cube 2729 (depth 0, 24 lits): UNSAT in 0.18s
    cube 2733 (depth 0, 24 lits): UNSAT in 0.08s
    cube 2737 (depth 0, 24 lits): UNSAT in 0.11s
    cube 2741 (depth 0, 24 lits): UNSAT in 0.09s
    cube 2745 (depth 0, 24 lits): UNSAT in 0.46s
    cube 2749 (depth 0, 24 lits): UNSAT in 0.04s
    cube 2753 (depth 0, 24 lits): UNSAT in 0.14s
    cube 2757 (depth 0, 24 lits): UNSAT in 0.10s
    cube 2761 (depth 0, 24 lits): UNSAT in 0.25s
    cube 2765 (depth 0, 24 lits): UNSAT in 0.04s
    cube 2769 (depth 0, 24 lits): UNSAT in 0.06s
    cube 2773 (depth 0, 24 lits): UNSAT in 0.16s
    cube 2777 (depth 0, 24 lits): UNSAT in 2.83s
    cube 2781 (depth 0, 24 lits): UNSAT in 0.02s
    cube 2785 (depth 0, 24 lits): UNSAT in 0.03s
    cube 2789 (depth 0, 24 lits): UNSAT in 0.02s
    cube 2793 (depth 0, 24 lits): UNSAT in 0.17s
    cube 2797 (depth 0, 24 lits): UNSAT in 0.04s
    cube 2801 (depth 0, 24 lits): UNSAT in 0.03s
    cube 2805 (depth 0, 24 lits): UNSAT in 0.05s
    cube 2809 (depth 0, 24 lits): UNSAT in 0.16s
    cube 2813 (depth 0, 24 lits): UNSAT in 0.04s
    cube 2817 (depth 0, 24 lits): UNSAT in 0.05s
    cube 2821 (depth 0, 24 lits): UNSAT in 0.08s
    cube 2825 (depth 0, 24 lits): UNSAT in 0.18s
    cube 2829 (depth 0, 24 lits): UNSAT in 0.10s
    cube 2833 (depth 0, 24 lits): UNSAT in 0.34s
    cube 2837 (depth 0, 24 lits): UNSAT in 0.40s
    cube 2841 (depth 0, 24 lits): UNSAT in 3.46s
    cube 2845 (depth 0, 24 lits): UNSAT in 0.02s
    cube 2849 (depth 0, 24 lits): UNSAT in 0.02s
    cube 2853 (depth 0, 24 lits): UNSAT in 0.03s
    cube 2857 (depth 0, 24 lits): UNSAT in 0.04s
    cube 2861 (depth 0, 24 lits): UNSAT in 0.06s
    cube 2865 (depth 0, 24 lits): UNSAT in 0.06s
    cube 2869 (depth 0, 24 lits): UNSAT in 0.13s
    cube 2873 (depth 0, 24 lits): UNSAT in 0.77s
    cube 2877 (depth 0, 24 lits): UNSAT in 0.04s
    cube 2881 (depth 0, 24 lits): UNSAT in 0.46s
    cube 2885 (depth 0, 24 lits): UNSAT in 0.12s
    cube 2889 (depth 0, 24 lits): UNSAT in 1.50s
    cube 2893 (depth 0, 24 lits): UNSAT in 0.20s
    cube 2897 (depth 0, 24 lits): UNSAT in 1.70s
    cube 2901 (depth 0, 24 lits): UNSAT in 0.35s
    cube 2905 (depth 0, 24 lits): UNSAT in 5.71s
    cube 2909 (depth 0, 24 lits): UNSAT in 0.02s
    cube 2913 (depth 0, 24 lits): UNSAT in 0.25s
    cube 2917 (depth 0, 24 lits): UNSAT in 0.18s
    cube 2921 (depth 0, 24 lits): UNSAT in 1.15s
    cube 2925 (depth 0, 24 lits): UNSAT in 0.02s
    cube 2929 (depth 0, 24 lits): UNSAT in 0.75s
    cube 2933 (depth 0, 24 lits): UNSAT in 0.33s
    cube 2937 (depth 0, 24 lits): UNSAT in 10.47s
    cube 2941 (depth 0, 24 lits): UNSAT in 0.23s
    cube 2945 (depth 0, 24 lits): UNSAT in 1.09s
    cube 2949 (depth 0, 24 lits): UNSAT in 2.97s
    cube 2953 (depth 0, 24 lits): UNSAT in 15.77s
    cube 2957 (depth 0, 24 lits): UNSAT in 5.04s
    cube 2961 (depth 0, 24 lits): UNSAT in 7.55s
    cube 2965 (depth 0, 24 lits): UNSAT in 27.71s
    cube 2969 (depth 0, 24 lits): UNSAT in 62.87s
    cube 2973 (depth 0, 24 lits): UNSAT in 0.03s
    cube 2977 (depth 0, 24 lits): UNSAT in 0.04s
    cube 2981 (depth 0, 24 lits): UNSAT in 0.19s
    cube 2985 (depth 0, 24 lits): UNSAT in 0.25s
    cube 2989 (depth 0, 24 lits): UNSAT in 0.02s
    cube 2993 (depth 0, 24 lits): UNSAT in 0.10s
    cube 2997 (depth 0, 24 lits): UNSAT in 0.86s
    cube 3001 (depth 0, 24 lits): UNSAT in 4.15s
    cube 3005 (depth 0, 24 lits): UNSAT in 0.03s
    cube 3009 (depth 0, 24 lits): UNSAT in 0.15s
    cube 3013 (depth 0, 24 lits): UNSAT in 0.06s
    cube 3017 (depth 0, 24 lits): UNSAT in 0.24s
    cube 3021 (depth 0, 24 lits): UNSAT in 0.02s
    cube 3025 (depth 0, 24 lits): UNSAT in 0.11s
    cube 3029 (depth 0, 24 lits): UNSAT in 0.33s
    cube 3033 (depth 0, 24 lits): UNSAT in 3.31s
    cube 3037 (depth 0, 24 lits): UNSAT in 0.13s
    cube 3041 (depth 0, 24 lits): UNSAT in 0.17s
    cube 3045 (depth 0, 24 lits): UNSAT in 0.06s
    cube 3049 (depth 0, 24 lits): UNSAT in 0.33s
    cube 3053 (depth 0, 24 lits): UNSAT in 0.17s
    cube 3057 (depth 0, 24 lits): UNSAT in 0.53s
    cube 3061 (depth 0, 24 lits): UNSAT in 0.16s
    cube 3065 (depth 0, 24 lits): UNSAT in 12.86s
    cube 3069 (depth 0, 24 lits): UNSAT in 0.62s
    cube 3073 (depth 0, 24 lits): UNSAT in 0.92s
    cube 3077 (depth 0, 24 lits): UNSAT in 0.75s
    cube 3081 (depth 0, 24 lits): UNSAT in 22.49s
    cube 3085 (depth 0, 24 lits): UNSAT in 0.95s
    cube 3089 (depth 0, 24 lits): UNSAT in 18.03s
    cube 3093 (depth 0, 24 lits): UNSAT in 27.35s
    cube 3097 (depth 0, 24 lits): TIMEOUT in 600.10s
    cube 3097 TIMEOUT -> re-split into 243 sub-cubes (depth 1)
    cube 3097.0 (depth 1, 30 lits): UNSAT in 0.02s
    cube 3097.1 (depth 1, 30 lits): UNSAT in 0.02s
    cube 3097.2 (depth 1, 31 lits): UNSAT in 0.01s
    cube 3097.3 (depth 1, 32 lits): UNSAT in 0.02s
    cube 3097.4 (depth 1, 32 lits): UNSAT in 0.02s
    cube 3097.5 (depth 1, 31 lits): UNSAT in 0.01s
    cube 3097.6 (depth 1, 32 lits): UNSAT in 0.03s
    cube 3097.7 (depth 1, 32 lits): UNSAT in 0.03s
    cube 3097.8 (depth 1, 32 lits): UNSAT in 0.01s
    cube 3097.9 (depth 1, 32 lits): UNSAT in 0.02s
    cube 3097.10 (depth 1, 32 lits): UNSAT in 0.02s
    cube 3097.11 (depth 1, 32 lits): UNSAT in 0.05s
    cube 3097.12 (depth 1, 32 lits): UNSAT in 0.02s
    cube 3097.13 (depth 1, 32 lits): UNSAT in 0.03s
    cube 3097.14 (depth 1, 32 lits): UNSAT in 0.03s
    cube 3097.15 (depth 1, 32 lits): UNSAT in 0.04s
    cube 3097.16 (depth 1, 32 lits): UNSAT in 0.01s
    cube 3097.17 (depth 1, 32 lits): UNSAT in 0.02s
    cube 3097.18 (depth 1, 31 lits): UNSAT in 0.02s
    cube 3097.19 (depth 1, 32 lits): UNSAT in 0.02s
    cube 3097.20 (depth 1, 32 lits): UNSAT in 0.05s
    cube 3097.21 (depth 1, 32 lits): UNSAT in 0.09s
    cube 3097.22 (depth 1, 32 lits): UNSAT in 0.16s
    cube 3097.23 (depth 1, 32 lits): UNSAT in 0.02s
    cube 3097.24 (depth 1, 32 lits): UNSAT in 0.02s
    cube 3097.25 (depth 1, 32 lits): UNSAT in 0.01s
    cube 3097.26 (depth 1, 32 lits): UNSAT in 0.03s
    cube 3097.27 (depth 1, 31 lits): UNSAT in 0.01s
    cube 3097.28 (depth 1, 32 lits): UNSAT in 0.01s
    cube 3097.29 (depth 1, 32 lits): UNSAT in 0.02s
    cube 3097.30 (depth 1, 32 lits): UNSAT in 0.02s
    cube 3097.31 (depth 1, 32 lits): UNSAT in 0.02s
    cube 3097.32 (depth 1, 31 lits): UNSAT in 0.02s
    cube 3097.33 (depth 1, 32 lits): UNSAT in 0.02s
    cube 3097.34 (depth 1, 32 lits): UNSAT in 0.02s
    cube 3097.35 (depth 1, 32 lits): UNSAT in 0.07s
    cube 3097.36 (depth 1, 32 lits): UNSAT in 0.12s
    cube 3097.37 (depth 1, 32 lits): UNSAT in 0.04s
    cube 3097.38 (depth 1, 32 lits): UNSAT in 0.07s
    cube 3097.39 (depth 1, 32 lits): UNSAT in 0.06s
    cube 3097.40 (depth 1, 32 lits): UNSAT in 0.14s
    cube 3097.41 (depth 1, 32 lits): UNSAT in 0.02s
    cube 3097.42 (depth 1, 32 lits): UNSAT in 0.02s
    cube 3097.43 (depth 1, 32 lits): UNSAT in 0.05s
    cube 3097.44 (depth 1, 32 lits): UNSAT in 0.09s
    cube 3097.45 (depth 1, 32 lits): UNSAT in 0.02s
    cube 3097.46 (depth 1, 32 lits): UNSAT in 0.12s
    cube 3097.47 (depth 1, 32 lits): UNSAT in 0.09s
    cube 3097.48 (depth 1, 32 lits): UNSAT in 0.16s
    cube 3097.49 (depth 1, 32 lits): UNSAT in 0.05s
    cube 3097.50 (depth 1, 32 lits): UNSAT in 0.20s
    cube 3097.51 (depth 1, 32 lits): UNSAT in 0.21s
    cube 3097.52 (depth 1, 32 lits): UNSAT in 1.11s
    cube 3097.53 (depth 1, 31 lits): UNSAT in 0.02s
    cube 3097.54 (depth 1, 32 lits): UNSAT in 0.01s
    cube 3097.55 (depth 1, 32 lits): UNSAT in 0.02s
    cube 3097.56 (depth 1, 32 lits): UNSAT in 0.01s
    cube 3097.57 (depth 1, 32 lits): UNSAT in 0.02s
    cube 3097.58 (depth 1, 32 lits): UNSAT in 0.03s
    cube 3097.59 (depth 1, 32 lits): UNSAT in 0.05s
    cube 3097.60 (depth 1, 32 lits): UNSAT in 0.01s
    cube 3097.61 (depth 1, 32 lits): UNSAT in 0.02s
    cube 3097.62 (depth 1, 32 lits): UNSAT in 0.02s
    cube 3097.63 (depth 1, 32 lits): UNSAT in 0.02s
    cube 3097.64 (depth 1, 32 lits): UNSAT in 0.02s
    cube 3097.65 (depth 1, 32 lits): UNSAT in 0.02s
    cube 3097.66 (depth 1, 32 lits): UNSAT in 0.04s
    cube 3097.67 (depth 1, 32 lits): UNSAT in 0.14s
    cube 3097.68 (depth 1, 32 lits): UNSAT in 0.01s
    cube 3097.69 (depth 1, 32 lits): UNSAT in 0.02s
    cube 3097.70 (depth 1, 32 lits): UNSAT in 0.02s
    cube 3097.71 (depth 1, 32 lits): UNSAT in 0.04s
    cube 3097.72 (depth 1, 32 lits): UNSAT in 0.02s
    cube 3097.73 (depth 1, 32 lits): UNSAT in 0.02s
    cube 3097.74 (depth 1, 32 lits): UNSAT in 0.05s
    cube 3097.75 (depth 1, 32 lits): UNSAT in 0.33s
    cube 3097.76 (depth 1, 32 lits): UNSAT in 0.03s
    cube 3097.77 (depth 1, 32 lits): UNSAT in 0.02s
    cube 3097.78 (depth 1, 32 lits): UNSAT in 0.08s
    cube 3097.79 (depth 1, 32 lits): UNSAT in 1.01s
    cube 3097.80 (depth 1, 32 lits): UNSAT in 0.34s
    cube 3097.81 (depth 1, 32 lits): UNSAT in 0.97s
    cube 3097.82 (depth 1, 32 lits): UNSAT in 0.79s
    cube 3097.83 (depth 1, 32 lits): UNSAT in 0.84s
    cube 3097.84 (depth 1, 32 lits): UNSAT in 0.01s
    cube 3097.85 (depth 1, 32 lits): UNSAT in 0.03s
    cube 3097.86 (depth 1, 32 lits): UNSAT in 0.02s
    cube 3097.87 (depth 1, 32 lits): UNSAT in 0.10s
    cube 3097.88 (depth 1, 32 lits): UNSAT in 0.05s
    cube 3097.89 (depth 1, 32 lits): UNSAT in 0.08s
    cube 3097.90 (depth 1, 32 lits): UNSAT in 0.18s
    cube 3097.91 (depth 1, 32 lits): UNSAT in 0.31s
    cube 3097.92 (depth 1, 32 lits): UNSAT in 0.05s
    cube 3097.93 (depth 1, 32 lits): UNSAT in 0.24s
    cube 3097.94 (depth 1, 32 lits): UNSAT in 0.35s
    cube 3097.95 (depth 1, 32 lits): UNSAT in 0.72s
    cube 3097.96 (depth 1, 32 lits): UNSAT in 0.19s
    cube 3097.97 (depth 1, 32 lits): UNSAT in 0.34s
    cube 3097.98 (depth 1, 32 lits): UNSAT in 0.68s
    cube 3097.99 (depth 1, 32 lits): UNSAT in 2.07s
    cube 3097.100 (depth 1, 32 lits): UNSAT in 0.03s
    cube 3097.101 (depth 1, 32 lits): UNSAT in 0.06s
    cube 3097.102 (depth 1, 32 lits): UNSAT in 0.03s
    cube 3097.103 (depth 1, 32 lits): UNSAT in 0.10s
    cube 3097.104 (depth 1, 32 lits): UNSAT in 0.17s
    cube 3097.105 (depth 1, 32 lits): UNSAT in 0.28s
    cube 3097.106 (depth 1, 32 lits): UNSAT in 0.72s
    cube 3097.107 (depth 1, 32 lits): UNSAT in 1.28s
    cube 3097.108 (depth 1, 32 lits): UNSAT in 0.14s
    cube 3097.109 (depth 1, 32 lits): UNSAT in 0.63s
    cube 3097.110 (depth 1, 32 lits): UNSAT in 1.09s
    cube 3097.111 (depth 1, 32 lits): UNSAT in 2.19s
    cube 3097.112 (depth 1, 32 lits): UNSAT in 0.76s
    cube 3097.113 (depth 1, 32 lits): UNSAT in 1.84s
    cube 3097.114 (depth 1, 32 lits): UNSAT in 2.23s
    cube 3097.115 (depth 1, 32 lits): UNSAT in 2.44s
    cube 3097.116 (depth 1, 32 lits): UNSAT in 0.02s
    cube 3097.117 (depth 1, 32 lits): UNSAT in 0.02s
    cube 3097.118 (depth 1, 32 lits): UNSAT in 0.02s
    cube 3097.119 (depth 1, 32 lits): UNSAT in 0.06s
    cube 3097.120 (depth 1, 32 lits): UNSAT in 0.04s
    cube 3097.121 (depth 1, 32 lits): UNSAT in 0.06s
    cube 3097.122 (depth 1, 32 lits): UNSAT in 0.10s
    cube 3097.123 (depth 1, 32 lits): UNSAT in 0.21s
    cube 3097.124 (depth 1, 31 lits): UNSAT in 0.01s
    cube 3097.125 (depth 1, 32 lits): UNSAT in 0.02s
    cube 3097.126 (depth 1, 32 lits): UNSAT in 0.02s
    cube 3097.127 (depth 1, 32 lits): UNSAT in 0.02s
    cube 3097.128 (depth 1, 32 lits): UNSAT in 0.06s
    cube 3097.129 (depth 1, 32 lits): UNSAT in 0.03s
    cube 3097.130 (depth 1, 32 lits): UNSAT in 0.04s
    cube 3097.131 (depth 1, 32 lits): UNSAT in 0.02s
    cube 3097.132 (depth 1, 32 lits): UNSAT in 0.02s
    cube 3097.133 (depth 1, 32 lits): UNSAT in 0.03s
    cube 3097.134 (depth 1, 32 lits): UNSAT in 0.13s
    cube 3097.135 (depth 1, 32 lits): UNSAT in 0.14s
    cube 3097.136 (depth 1, 32 lits): UNSAT in 0.21s
    cube 3097.137 (depth 1, 32 lits): UNSAT in 0.19s
    cube 3097.138 (depth 1, 32 lits): UNSAT in 0.81s
    cube 3097.139 (depth 1, 32 lits): UNSAT in 0.03s
    cube 3097.140 (depth 1, 32 lits): UNSAT in 0.08s
    cube 3097.141 (depth 1, 32 lits): UNSAT in 0.06s
    cube 3097.142 (depth 1, 32 lits): UNSAT in 0.09s
    cube 3097.143 (depth 1, 32 lits): UNSAT in 0.14s
    cube 3097.144 (depth 1, 32 lits): UNSAT in 0.32s
    cube 3097.145 (depth 1, 32 lits): UNSAT in 0.24s
    cube 3097.146 (depth 1, 32 lits): UNSAT in 2.80s
    cube 3097.147 (depth 1, 32 lits): UNSAT in 0.02s
    cube 3097.148 (depth 1, 32 lits): UNSAT in 0.04s
    cube 3097.149 (depth 1, 32 lits): UNSAT in 0.03s
    cube 3097.150 (depth 1, 32 lits): UNSAT in 0.12s
    cube 3097.151 (depth 1, 32 lits): UNSAT in 0.05s
    cube 3097.152 (depth 1, 32 lits): UNSAT in 0.08s
    cube 3097.153 (depth 1, 32 lits): UNSAT in 0.15s
    cube 3097.154 (depth 1, 32 lits): UNSAT in 0.78s
    cube 3097.155 (depth 1, 32 lits): UNSAT in 0.04s
    cube 3097.156 (depth 1, 32 lits): UNSAT in 0.06s
    cube 3097.157 (depth 1, 32 lits): UNSAT in 0.06s
    cube 3097.158 (depth 1, 32 lits): UNSAT in 0.31s
    cube 3097.159 (depth 1, 32 lits): UNSAT in 0.14s
    cube 3097.160 (depth 1, 32 lits): UNSAT in 0.35s
    cube 3097.161 (depth 1, 32 lits): UNSAT in 0.18s
    cube 3097.162 (depth 1, 32 lits): UNSAT in 1.41s
    cube 3097.163 (depth 1, 32 lits): UNSAT in 0.02s
    cube 3097.164 (depth 1, 32 lits): UNSAT in 0.11s
    cube 3097.165 (depth 1, 32 lits): UNSAT in 0.06s
    cube 3097.166 (depth 1, 32 lits): UNSAT in 0.19s
    cube 3097.167 (depth 1, 32 lits): UNSAT in 0.07s
    cube 3097.168 (depth 1, 32 lits): UNSAT in 0.17s
    cube 3097.169 (depth 1, 32 lits): UNSAT in 0.31s
    cube 3097.170 (depth 1, 32 lits): UNSAT in 1.07s
    cube 3097.171 (depth 1, 32 lits): UNSAT in 0.24s
    cube 3097.172 (depth 1, 32 lits): UNSAT in 0.46s
    cube 3097.173 (depth 1, 32 lits): UNSAT in 0.52s
    cube 3097.174 (depth 1, 32 lits): UNSAT in 1.03s
    cube 3097.175 (depth 1, 32 lits): UNSAT in 0.49s
    cube 3097.176 (depth 1, 32 lits): UNSAT in 1.45s
    cube 3097.177 (depth 1, 32 lits): UNSAT in 1.61s
    cube 3097.178 (depth 1, 32 lits): UNSAT in 23.09s
    cube 3097.179 (depth 1, 32 lits): UNSAT in 0.01s
    cube 3097.180 (depth 1, 32 lits): UNSAT in 0.02s
    cube 3097.181 (depth 1, 32 lits): UNSAT in 0.02s
    cube 3097.182 (depth 1, 32 lits): UNSAT in 0.02s
    cube 3097.183 (depth 1, 32 lits): UNSAT in 0.02s
    cube 3097.184 (depth 1, 32 lits): UNSAT in 0.02s
    cube 3097.185 (depth 1, 32 lits): UNSAT in 0.02s
    cube 3097.186 (depth 1, 32 lits): UNSAT in 0.02s
    cube 3097.187 (depth 1, 32 lits): UNSAT in 0.02s
    cube 3097.188 (depth 1, 32 lits): UNSAT in 0.06s
    cube 3097.189 (depth 1, 32 lits): UNSAT in 0.04s
    cube 3097.190 (depth 1, 32 lits): UNSAT in 0.08s
    cube 3097.191 (depth 1, 32 lits): UNSAT in 0.06s
    cube 3097.192 (depth 1, 32 lits): UNSAT in 0.11s
    cube 3097.193 (depth 1, 32 lits): UNSAT in 0.10s
    cube 3097.194 (depth 1, 32 lits): UNSAT in 0.45s
    cube 3097.195 (depth 1, 32 lits): UNSAT in 0.02s
    cube 3097.196 (depth 1, 32 lits): UNSAT in 0.03s
    cube 3097.197 (depth 1, 32 lits): UNSAT in 0.05s
    cube 3097.198 (depth 1, 32 lits): UNSAT in 0.08s
    cube 3097.199 (depth 1, 32 lits): UNSAT in 0.03s
    cube 3097.200 (depth 1, 32 lits): UNSAT in 0.11s
    cube 3097.201 (depth 1, 32 lits): UNSAT in 0.08s
    cube 3097.202 (depth 1, 32 lits): UNSAT in 0.31s
    cube 3097.203 (depth 1, 32 lits): UNSAT in 0.04s
    cube 3097.204 (depth 1, 32 lits): UNSAT in 0.13s
    cube 3097.205 (depth 1, 32 lits): UNSAT in 0.30s
    cube 3097.206 (depth 1, 32 lits): UNSAT in 0.84s
    cube 3097.207 (depth 1, 32 lits): UNSAT in 0.20s
    cube 3097.208 (depth 1, 32 lits): UNSAT in 0.60s
    cube 3097.209 (depth 1, 32 lits): UNSAT in 0.77s
    cube 3097.210 (depth 1, 32 lits): UNSAT in 6.08s
    cube 3097.211 (depth 1, 32 lits): UNSAT in 0.03s
    cube 3097.212 (depth 1, 32 lits): UNSAT in 0.04s
    cube 3097.213 (depth 1, 32 lits): UNSAT in 0.03s
    cube 3097.214 (depth 1, 32 lits): UNSAT in 0.03s
    cube 3097.215 (depth 1, 32 lits): UNSAT in 0.12s
    cube 3097.216 (depth 1, 32 lits): UNSAT in 0.24s
    cube 3097.217 (depth 1, 32 lits): UNSAT in 0.60s
    cube 3097.218 (depth 1, 32 lits): UNSAT in 1.41s
    cube 3097.219 (depth 1, 32 lits): UNSAT in 0.04s
    cube 3097.220 (depth 1, 32 lits): UNSAT in 0.09s
    cube 3097.221 (depth 1, 32 lits): UNSAT in 0.17s
    cube 3097.222 (depth 1, 32 lits): UNSAT in 0.95s
    cube 3097.223 (depth 1, 32 lits): UNSAT in 1.28s
    cube 3097.224 (depth 1, 32 lits): UNSAT in 2.37s
    cube 3097.225 (depth 1, 32 lits): UNSAT in 1.86s
    cube 3097.226 (depth 1, 32 lits): UNSAT in 35.36s
    cube 3097.227 (depth 1, 32 lits): UNSAT in 0.06s
    cube 3097.228 (depth 1, 32 lits): UNSAT in 0.10s
    cube 3097.229 (depth 1, 32 lits): UNSAT in 0.10s
    cube 3097.230 (depth 1, 32 lits): UNSAT in 0.63s
    cube 3097.231 (depth 1, 32 lits): UNSAT in 0.31s
    cube 3097.232 (depth 1, 32 lits): UNSAT in 0.37s
    cube 3097.233 (depth 1, 32 lits): UNSAT in 0.47s
    cube 3097.234 (depth 1, 32 lits): UNSAT in 4.86s
    cube 3097.235 (depth 1, 32 lits): UNSAT in 0.15s
    cube 3097.236 (depth 1, 32 lits): UNSAT in 0.38s
    cube 3097.237 (depth 1, 32 lits): UNSAT in 0.38s
    cube 3097.238 (depth 1, 32 lits): UNSAT in 8.10s
    cube 3097.239 (depth 1, 32 lits): UNSAT in 2.54s
    cube 3097.240 (depth 1, 32 lits): UNSAT in 13.89s
    cube 3097.241 (depth 1, 32 lits): UNSAT in 5.77s
    cube 3097.242 (depth 1, 32 lits): UNSAT in 48.03s
    cube 3101 (depth 0, 24 lits): UNSAT in 0.03s
    cube 3105 (depth 0, 24 lits): UNSAT in 0.57s
    cube 3109 (depth 0, 24 lits): UNSAT in 0.06s
    cube 3113 (depth 0, 24 lits): UNSAT in 0.16s
    cube 3117 (depth 0, 24 lits): UNSAT in 0.13s
    cube 3121 (depth 0, 24 lits): UNSAT in 3.14s
    cube 3125 (depth 0, 24 lits): UNSAT in 0.38s
    cube 3129 (depth 0, 24 lits): UNSAT in 7.05s
    cube 3133 (depth 0, 24 lits): UNSAT in 0.14s
    cube 3137 (depth 0, 24 lits): UNSAT in 0.30s
    cube 3141 (depth 0, 24 lits): UNSAT in 1.95s
    cube 3145 (depth 0, 24 lits): UNSAT in 6.40s
    cube 3149 (depth 0, 24 lits): UNSAT in 1.44s
    cube 3153 (depth 0, 24 lits): UNSAT in 5.65s
    cube 3157 (depth 0, 24 lits): UNSAT in 56.99s
    cube 3161 (depth 0, 24 lits): TIMEOUT in 600.10s
    cube 3161 TIMEOUT -> re-split into 241 sub-cubes (depth 1)
    cube 3161.0 (depth 1, 30 lits): UNSAT in 0.02s
    cube 3161.1 (depth 1, 31 lits): UNSAT in 0.01s
    cube 3161.2 (depth 1, 32 lits): UNSAT in 0.01s
    cube 3161.3 (depth 1, 32 lits): UNSAT in 0.02s
    cube 3161.4 (depth 1, 31 lits): UNSAT in 0.01s
    cube 3161.5 (depth 1, 31 lits): UNSAT in 0.02s
    cube 3161.6 (depth 1, 32 lits): UNSAT in 0.02s
    cube 3161.7 (depth 1, 32 lits): UNSAT in 0.02s
    cube 3161.8 (depth 1, 32 lits): UNSAT in 0.01s
    cube 3161.9 (depth 1, 32 lits): UNSAT in 0.04s
    cube 3161.10 (depth 1, 30 lits): UNSAT in 0.02s
    cube 3161.11 (depth 1, 31 lits): UNSAT in 0.01s
    cube 3161.12 (depth 1, 31 lits): UNSAT in 0.02s
    cube 3161.13 (depth 1, 32 lits): UNSAT in 0.02s
    cube 3161.14 (depth 1, 32 lits): UNSAT in 0.02s
    cube 3161.15 (depth 1, 32 lits): UNSAT in 0.02s
    cube 3161.16 (depth 1, 32 lits): UNSAT in 0.02s
    cube 3161.17 (depth 1, 32 lits): UNSAT in 0.03s
    cube 3161.18 (depth 1, 32 lits): UNSAT in 0.05s
    cube 3161.19 (depth 1, 32 lits): UNSAT in 0.04s
    cube 3161.20 (depth 1, 32 lits): UNSAT in 0.05s
    cube 3161.21 (depth 1, 30 lits): UNSAT in 0.02s
    cube 3161.22 (depth 1, 31 lits): UNSAT in 0.02s
    cube 3161.23 (depth 1, 32 lits): UNSAT in 0.01s
    cube 3161.24 (depth 1, 32 lits): UNSAT in 0.03s
    cube 3161.25 (depth 1, 32 lits): UNSAT in 0.01s
    cube 3161.26 (depth 1, 32 lits): UNSAT in 0.03s
    cube 3161.27 (depth 1, 32 lits): UNSAT in 0.02s
    cube 3161.28 (depth 1, 32 lits): UNSAT in 0.06s
    cube 3161.29 (depth 1, 32 lits): UNSAT in 0.07s
    cube 3161.30 (depth 1, 32 lits): UNSAT in 0.09s
    cube 3161.31 (depth 1, 32 lits): UNSAT in 0.15s
    cube 3161.32 (depth 1, 32 lits): UNSAT in 0.11s
    cube 3161.33 (depth 1, 32 lits): UNSAT in 0.02s
    cube 3161.34 (depth 1, 32 lits): UNSAT in 0.03s
    cube 3161.35 (depth 1, 32 lits): UNSAT in 0.02s
    cube 3161.36 (depth 1, 32 lits): UNSAT in 0.14s
    cube 3161.37 (depth 1, 32 lits): UNSAT in 0.03s
    cube 3161.38 (depth 1, 32 lits): UNSAT in 0.10s
    cube 3161.39 (depth 1, 32 lits): UNSAT in 0.04s
    cube 3161.40 (depth 1, 32 lits): UNSAT in 0.10s
    cube 3161.41 (depth 1, 32 lits): UNSAT in 0.02s
    cube 3161.42 (depth 1, 32 lits): UNSAT in 0.03s
    cube 3161.43 (depth 1, 32 lits): UNSAT in 0.04s
    cube 3161.44 (depth 1, 32 lits): UNSAT in 0.04s
    cube 3161.45 (depth 1, 32 lits): UNSAT in 0.04s
    cube 3161.46 (depth 1, 32 lits): UNSAT in 0.10s
    cube 3161.47 (depth 1, 32 lits): UNSAT in 0.07s
    cube 3161.48 (depth 1, 32 lits): UNSAT in 0.05s
    cube 3161.49 (depth 1, 32 lits): UNSAT in 0.02s
    cube 3161.50 (depth 1, 32 lits): UNSAT in 0.03s
    cube 3161.51 (depth 1, 32 lits): UNSAT in 0.02s
    cube 3161.52 (depth 1, 32 lits): UNSAT in 0.04s
    cube 3161.53 (depth 1, 32 lits): UNSAT in 0.03s
    cube 3161.54 (depth 1, 32 lits): UNSAT in 0.05s
    cube 3161.55 (depth 1, 32 lits): UNSAT in 0.04s
    cube 3161.56 (depth 1, 32 lits): UNSAT in 0.06s
    cube 3161.57 (depth 1, 32 lits): UNSAT in 0.02s
    cube 3161.58 (depth 1, 32 lits): UNSAT in 0.03s
    cube 3161.59 (depth 1, 32 lits): UNSAT in 0.05s
    cube 3161.60 (depth 1, 32 lits): UNSAT in 0.05s
    cube 3161.61 (depth 1, 32 lits): UNSAT in 0.04s
    cube 3161.62 (depth 1, 32 lits): UNSAT in 0.15s
    cube 3161.63 (depth 1, 32 lits): UNSAT in 0.14s
    cube 3161.64 (depth 1, 32 lits): UNSAT in 0.38s
    cube 3161.65 (depth 1, 32 lits): UNSAT in 0.05s
    cube 3161.66 (depth 1, 32 lits): UNSAT in 0.13s
    cube 3161.67 (depth 1, 32 lits): UNSAT in 0.06s
    cube 3161.68 (depth 1, 32 lits): UNSAT in 0.16s
    cube 3161.69 (depth 1, 32 lits): UNSAT in 0.05s
    cube 3161.70 (depth 1, 32 lits): UNSAT in 0.07s
    cube 3161.71 (depth 1, 32 lits): UNSAT in 0.13s
    cube 3161.72 (depth 1, 32 lits): UNSAT in 0.72s
    cube 3161.73 (depth 1, 32 lits): UNSAT in 0.17s
    cube 3161.74 (depth 1, 32 lits): UNSAT in 0.15s
    cube 3161.75 (depth 1, 32 lits): UNSAT in 0.11s
    cube 3161.76 (depth 1, 32 lits): UNSAT in 0.66s
    cube 3161.77 (depth 1, 32 lits): UNSAT in 0.18s
    cube 3161.78 (depth 1, 32 lits): UNSAT in 0.41s
    cube 3161.79 (depth 1, 32 lits): UNSAT in 1.12s
    cube 3161.80 (depth 1, 32 lits): UNSAT in 1.54s
    cube 3161.81 (depth 1, 32 lits): UNSAT in 0.02s
    cube 3161.82 (depth 1, 32 lits): UNSAT in 0.02s
    cube 3161.83 (depth 1, 32 lits): UNSAT in 0.06s
    cube 3161.84 (depth 1, 32 lits): UNSAT in 0.08s
    cube 3161.85 (depth 1, 32 lits): UNSAT in 0.03s
    cube 3161.86 (depth 1, 32 lits): UNSAT in 0.14s
    cube 3161.87 (depth 1, 32 lits): UNSAT in 0.17s
    cube 3161.88 (depth 1, 32 lits): UNSAT in 0.15s
    cube 3161.89 (depth 1, 32 lits): UNSAT in 0.05s
    cube 3161.90 (depth 1, 32 lits): UNSAT in 0.05s
    cube 3161.91 (depth 1, 32 lits): UNSAT in 0.07s
    cube 3161.92 (depth 1, 32 lits): UNSAT in 0.04s
    cube 3161.93 (depth 1, 32 lits): UNSAT in 0.04s
    cube 3161.94 (depth 1, 32 lits): UNSAT in 0.06s
    cube 3161.95 (depth 1, 32 lits): UNSAT in 0.29s
    cube 3161.96 (depth 1, 32 lits): UNSAT in 0.32s
    cube 3161.97 (depth 1, 32 lits): UNSAT in 0.05s
    cube 3161.98 (depth 1, 32 lits): UNSAT in 0.17s
    cube 3161.99 (depth 1, 32 lits): UNSAT in 0.19s
    cube 3161.100 (depth 1, 32 lits): UNSAT in 0.38s
    cube 3161.101 (depth 1, 32 lits): UNSAT in 0.11s
    cube 3161.102 (depth 1, 32 lits): UNSAT in 0.34s
    cube 3161.103 (depth 1, 32 lits): UNSAT in 0.24s
    cube 3161.104 (depth 1, 32 lits): UNSAT in 0.57s
    cube 3161.105 (depth 1, 32 lits): UNSAT in 0.08s
    cube 3161.106 (depth 1, 32 lits): UNSAT in 0.56s
    cube 3161.107 (depth 1, 32 lits): UNSAT in 0.70s
    cube 3161.108 (depth 1, 32 lits): UNSAT in 1.94s
    cube 3161.109 (depth 1, 32 lits): UNSAT in 0.68s
    cube 3161.110 (depth 1, 32 lits): UNSAT in 2.27s
    cube 3161.111 (depth 1, 32 lits): UNSAT in 2.41s
    cube 3161.112 (depth 1, 32 lits): UNSAT in 12.90s
    cube 3161.113 (depth 1, 32 lits): UNSAT in 0.02s
    cube 3161.114 (depth 1, 32 lits): UNSAT in 0.02s
    cube 3161.115 (depth 1, 32 lits): UNSAT in 0.02s
    cube 3161.116 (depth 1, 32 lits): UNSAT in 0.03s
    cube 3161.117 (depth 1, 32 lits): UNSAT in 0.02s
    cube 3161.118 (depth 1, 32 lits): UNSAT in 0.02s
    cube 3161.119 (depth 1, 32 lits): UNSAT in 0.02s
    cube 3161.120 (depth 1, 32 lits): UNSAT in 0.03s
    cube 3161.121 (depth 1, 32 lits): UNSAT in 0.02s
    cube 3161.122 (depth 1, 32 lits): UNSAT in 0.04s
    cube 3161.123 (depth 1, 32 lits): UNSAT in 0.03s
    cube 3161.124 (depth 1, 32 lits): UNSAT in 0.04s
    cube 3161.125 (depth 1, 32 lits): UNSAT in 0.03s
    cube 3161.126 (depth 1, 32 lits): UNSAT in 0.09s
    cube 3161.127 (depth 1, 32 lits): UNSAT in 0.04s
    cube 3161.128 (depth 1, 32 lits): UNSAT in 0.22s
    cube 3161.129 (depth 1, 32 lits): UNSAT in 0.02s
    cube 3161.130 (depth 1, 32 lits): UNSAT in 0.03s
    cube 3161.131 (depth 1, 32 lits): UNSAT in 0.03s
    cube 3161.132 (depth 1, 32 lits): UNSAT in 0.06s
    cube 3161.133 (depth 1, 32 lits): UNSAT in 0.08s
    cube 3161.134 (depth 1, 32 lits): UNSAT in 0.13s
    cube 3161.135 (depth 1, 32 lits): UNSAT in 0.13s
    cube 3161.136 (depth 1, 32 lits): UNSAT in 0.28s
    cube 3161.137 (depth 1, 32 lits): UNSAT in 0.07s
    cube 3161.138 (depth 1, 32 lits): UNSAT in 0.12s
    cube 3161.139 (depth 1, 32 lits): UNSAT in 0.09s
    cube 3161.140 (depth 1, 32 lits): UNSAT in 0.25s
    cube 3161.141 (depth 1, 32 lits): UNSAT in 0.10s
    cube 3161.142 (depth 1, 32 lits): UNSAT in 0.09s
    cube 3161.143 (depth 1, 32 lits): UNSAT in 0.30s
    cube 3161.144 (depth 1, 32 lits): UNSAT in 2.91s
    cube 3161.145 (depth 1, 32 lits): UNSAT in 0.02s
    cube 3161.146 (depth 1, 32 lits): UNSAT in 0.03s
    cube 3161.147 (depth 1, 32 lits): UNSAT in 0.02s
    cube 3161.148 (depth 1, 32 lits): UNSAT in 0.05s
    cube 3161.149 (depth 1, 32 lits): UNSAT in 0.05s
    cube 3161.150 (depth 1, 32 lits): UNSAT in 0.25s
    cube 3161.151 (depth 1, 32 lits): UNSAT in 0.19s
    cube 3161.152 (depth 1, 32 lits): UNSAT in 0.35s
    cube 3161.153 (depth 1, 32 lits): UNSAT in 0.05s
    cube 3161.154 (depth 1, 32 lits): UNSAT in 0.07s
    cube 3161.155 (depth 1, 32 lits): UNSAT in 0.17s
    cube 3161.156 (depth 1, 32 lits): UNSAT in 0.51s
    cube 3161.157 (depth 1, 32 lits): UNSAT in 0.04s
    cube 3161.158 (depth 1, 32 lits): UNSAT in 0.13s
    cube 3161.159 (depth 1, 32 lits): UNSAT in 0.33s
    cube 3161.160 (depth 1, 32 lits): UNSAT in 4.43s
    cube 3161.161 (depth 1, 32 lits): UNSAT in 0.03s
    cube 3161.162 (depth 1, 32 lits): UNSAT in 0.06s
    cube 3161.163 (depth 1, 32 lits): UNSAT in 0.04s
    cube 3161.164 (depth 1, 32 lits): UNSAT in 0.25s
    cube 3161.165 (depth 1, 32 lits): UNSAT in 0.16s
    cube 3161.166 (depth 1, 32 lits): UNSAT in 0.87s
    cube 3161.167 (depth 1, 32 lits): UNSAT in 0.18s
    cube 3161.168 (depth 1, 32 lits): UNSAT in 1.62s
    cube 3161.169 (depth 1, 32 lits): UNSAT in 0.13s
    cube 3161.170 (depth 1, 32 lits): UNSAT in 0.13s
    cube 3161.171 (depth 1, 32 lits): UNSAT in 0.29s
    cube 3161.172 (depth 1, 32 lits): UNSAT in 1.17s
    cube 3161.173 (depth 1, 32 lits): UNSAT in 0.91s
    cube 3161.174 (depth 1, 32 lits): UNSAT in 2.32s
    cube 3161.175 (depth 1, 32 lits): UNSAT in 1.45s
    cube 3161.176 (depth 1, 32 lits): UNSAT in 27.32s
    cube 3161.177 (depth 1, 32 lits): UNSAT in 0.02s
    cube 3161.178 (depth 1, 32 lits): UNSAT in 0.02s
    cube 3161.179 (depth 1, 32 lits): UNSAT in 0.03s
    cube 3161.180 (depth 1, 32 lits): UNSAT in 0.05s
    cube 3161.181 (depth 1, 32 lits): UNSAT in 0.04s
    cube 3161.182 (depth 1, 32 lits): UNSAT in 0.04s
    cube 3161.183 (depth 1, 32 lits): UNSAT in 0.04s
    cube 3161.184 (depth 1, 32 lits): UNSAT in 0.07s
    cube 3161.185 (depth 1, 32 lits): UNSAT in 0.08s
    cube 3161.186 (depth 1, 32 lits): UNSAT in 0.22s
    cube 3161.187 (depth 1, 32 lits): UNSAT in 0.18s
    cube 3161.188 (depth 1, 32 lits): UNSAT in 0.25s
    cube 3161.189 (depth 1, 32 lits): UNSAT in 0.19s
    cube 3161.190 (depth 1, 32 lits): UNSAT in 0.25s
    cube 3161.191 (depth 1, 32 lits): UNSAT in 0.36s
    cube 3161.192 (depth 1, 32 lits): UNSAT in 1.34s
    cube 3161.193 (depth 1, 32 lits): UNSAT in 0.03s
    cube 3161.194 (depth 1, 32 lits): UNSAT in 0.11s
    cube 3161.195 (depth 1, 32 lits): UNSAT in 0.17s
    cube 3161.196 (depth 1, 32 lits): UNSAT in 0.29s
    cube 3161.197 (depth 1, 32 lits): UNSAT in 0.25s
    cube 3161.198 (depth 1, 32 lits): UNSAT in 0.69s
    cube 3161.199 (depth 1, 32 lits): UNSAT in 0.65s
    cube 3161.200 (depth 1, 32 lits): UNSAT in 2.22s
    cube 3161.201 (depth 1, 32 lits): UNSAT in 0.28s
    cube 3161.202 (depth 1, 32 lits): UNSAT in 0.77s
    cube 3161.203 (depth 1, 32 lits): UNSAT in 1.22s
    cube 3161.204 (depth 1, 32 lits): UNSAT in 5.14s
    cube 3161.205 (depth 1, 32 lits): UNSAT in 1.99s
    cube 3161.206 (depth 1, 32 lits): UNSAT in 6.07s
    cube 3161.207 (depth 1, 32 lits): UNSAT in 3.52s
    cube 3161.208 (depth 1, 32 lits): UNSAT in 11.75s
    cube 3161.209 (depth 1, 32 lits): UNSAT in 0.02s
    cube 3161.210 (depth 1, 32 lits): UNSAT in 0.04s
    cube 3161.211 (depth 1, 32 lits): UNSAT in 0.02s
    cube 3161.212 (depth 1, 32 lits): UNSAT in 0.05s
    cube 3161.213 (depth 1, 32 lits): UNSAT in 0.06s
    cube 3161.214 (depth 1, 32 lits): UNSAT in 0.12s
    cube 3161.215 (depth 1, 32 lits): UNSAT in 0.21s
    cube 3161.216 (depth 1, 32 lits): UNSAT in 0.45s
    cube 3161.217 (depth 1, 32 lits): UNSAT in 0.09s
    cube 3161.218 (depth 1, 32 lits): UNSAT in 0.43s
    cube 3161.219 (depth 1, 32 lits): UNSAT in 0.66s
    cube 3161.220 (depth 1, 32 lits): UNSAT in 0.56s
    cube 3161.221 (depth 1, 32 lits): UNSAT in 0.04s
    cube 3161.222 (depth 1, 32 lits): UNSAT in 0.31s
    cube 3161.223 (depth 1, 32 lits): UNSAT in 1.57s
    cube 3161.224 (depth 1, 32 lits): UNSAT in 7.33s
    cube 3161.225 (depth 1, 32 lits): UNSAT in 0.05s
    cube 3161.226 (depth 1, 32 lits): UNSAT in 0.17s
    cube 3161.227 (depth 1, 32 lits): UNSAT in 0.05s
    cube 3161.228 (depth 1, 32 lits): UNSAT in 0.54s
    cube 3161.229 (depth 1, 32 lits): UNSAT in 0.12s
    cube 3161.230 (depth 1, 32 lits): UNSAT in 0.41s
    cube 3161.231 (depth 1, 32 lits): UNSAT in 1.93s
    cube 3161.232 (depth 1, 32 lits): UNSAT in 16.18s
    cube 3161.233 (depth 1, 32 lits): UNSAT in 0.18s
    cube 3161.234 (depth 1, 32 lits): UNSAT in 0.45s
    cube 3161.235 (depth 1, 32 lits): UNSAT in 0.82s
    cube 3161.236 (depth 1, 32 lits): UNSAT in 5.87s
    cube 3161.237 (depth 1, 32 lits): UNSAT in 2.57s
    cube 3161.238 (depth 1, 32 lits): UNSAT in 28.02s
    cube 3161.239 (depth 1, 32 lits): UNSAT in 15.45s
    cube 3161.240 (depth 1, 32 lits): UNSAT in 84.91s
    cube 3165 (depth 0, 24 lits): UNSAT in 0.61s
    cube 3169 (depth 0, 24 lits): UNSAT in 4.47s
    cube 3173 (depth 0, 24 lits): UNSAT in 0.37s
    cube 3177 (depth 0, 24 lits): UNSAT in 20.74s
    cube 3181 (depth 0, 24 lits): UNSAT in 1.63s
    cube 3185 (depth 0, 24 lits): UNSAT in 33.31s
    cube 3189 (depth 0, 24 lits): UNSAT in 151.28s
    cube 3193 (depth 0, 24 lits): TIMEOUT in 600.09s
    cube 3193 TIMEOUT -> re-split into 242 sub-cubes (depth 1)
    cube 3193.0 (depth 1, 31 lits): UNSAT in 0.02s
    cube 3193.1 (depth 1, 32 lits): UNSAT in 0.02s
    cube 3193.2 (depth 1, 32 lits): UNSAT in 0.03s
    cube 3193.3 (depth 1, 32 lits): UNSAT in 0.02s
    cube 3193.4 (depth 1, 32 lits): UNSAT in 0.05s
    cube 3193.5 (depth 1, 32 lits): UNSAT in 0.03s
    cube 3193.6 (depth 1, 32 lits): UNSAT in 0.04s
    cube 3193.7 (depth 1, 32 lits): UNSAT in 0.01s
    cube 3193.8 (depth 1, 32 lits): UNSAT in 0.02s
    cube 3193.9 (depth 1, 32 lits): UNSAT in 0.01s
    cube 3193.10 (depth 1, 32 lits): UNSAT in 0.02s
    cube 3193.11 (depth 1, 32 lits): UNSAT in 0.02s
    cube 3193.12 (depth 1, 32 lits): UNSAT in 0.04s
    cube 3193.13 (depth 1, 32 lits): UNSAT in 0.02s
    cube 3193.14 (depth 1, 32 lits): UNSAT in 0.12s
    cube 3193.15 (depth 1, 31 lits): UNSAT in 0.01s
    cube 3193.16 (depth 1, 32 lits): UNSAT in 0.01s
    cube 3193.17 (depth 1, 32 lits): UNSAT in 0.02s
    cube 3193.18 (depth 1, 32 lits): UNSAT in 0.01s
    cube 3193.19 (depth 1, 32 lits): UNSAT in 0.02s
    cube 3193.20 (depth 1, 32 lits): UNSAT in 0.02s
    cube 3193.21 (depth 1, 32 lits): UNSAT in 0.04s
    cube 3193.22 (depth 1, 32 lits): UNSAT in 0.02s
    cube 3193.23 (depth 1, 32 lits): UNSAT in 0.03s
    cube 3193.24 (depth 1, 32 lits): UNSAT in 0.03s
    cube 3193.25 (depth 1, 32 lits): UNSAT in 0.04s
    cube 3193.26 (depth 1, 32 lits): UNSAT in 0.02s
    cube 3193.27 (depth 1, 32 lits): UNSAT in 0.03s
    cube 3193.28 (depth 1, 32 lits): UNSAT in 0.07s
    cube 3193.29 (depth 1, 32 lits): UNSAT in 0.14s
    cube 3193.30 (depth 1, 30 lits): UNSAT in 0.02s
    cube 3193.31 (depth 1, 32 lits): UNSAT in 0.01s
    cube 3193.32 (depth 1, 32 lits): UNSAT in 0.02s
    cube 3193.33 (depth 1, 32 lits): UNSAT in 0.02s
    cube 3193.34 (depth 1, 32 lits): UNSAT in 0.02s
    cube 3193.35 (depth 1, 32 lits): UNSAT in 0.01s
    cube 3193.36 (depth 1, 32 lits): UNSAT in 0.03s
    cube 3193.37 (depth 1, 32 lits): UNSAT in 0.02s
    cube 3193.38 (depth 1, 32 lits): UNSAT in 0.03s
    cube 3193.39 (depth 1, 32 lits): UNSAT in 0.02s
    cube 3193.40 (depth 1, 32 lits): UNSAT in 0.05s
    cube 3193.41 (depth 1, 32 lits): UNSAT in 0.04s
    cube 3193.42 (depth 1, 32 lits): UNSAT in 0.06s
    cube 3193.43 (depth 1, 32 lits): UNSAT in 0.02s
    cube 3193.44 (depth 1, 32 lits): UNSAT in 0.04s
    cube 3193.45 (depth 1, 32 lits): UNSAT in 0.03s
    cube 3193.46 (depth 1, 32 lits): UNSAT in 0.11s
    cube 3193.47 (depth 1, 32 lits): UNSAT in 0.05s
    cube 3193.48 (depth 1, 32 lits): UNSAT in 0.04s
    cube 3193.49 (depth 1, 32 lits): UNSAT in 0.17s
    cube 3193.50 (depth 1, 32 lits): UNSAT in 0.39s
    cube 3193.51 (depth 1, 32 lits): UNSAT in 0.02s
    cube 3193.52 (depth 1, 32 lits): UNSAT in 0.05s
    cube 3193.53 (depth 1, 32 lits): UNSAT in 0.06s
    cube 3193.54 (depth 1, 32 lits): UNSAT in 0.18s
    cube 3193.55 (depth 1, 32 lits): UNSAT in 0.04s
    cube 3193.56 (depth 1, 32 lits): UNSAT in 0.21s
    cube 3193.57 (depth 1, 32 lits): UNSAT in 0.48s
    cube 3193.58 (depth 1, 32 lits): UNSAT in 0.66s
    cube 3193.59 (depth 1, 30 lits): UNSAT in 0.02s
    cube 3193.60 (depth 1, 32 lits): UNSAT in 0.02s
    cube 3193.61 (depth 1, 32 lits): UNSAT in 0.03s
    cube 3193.62 (depth 1, 32 lits): UNSAT in 0.03s
    cube 3193.63 (depth 1, 32 lits): UNSAT in 0.04s
    cube 3193.64 (depth 1, 31 lits): UNSAT in 0.02s
    cube 3193.65 (depth 1, 32 lits): UNSAT in 0.03s
    cube 3193.66 (depth 1, 32 lits): UNSAT in 0.04s
    cube 3193.67 (depth 1, 32 lits): UNSAT in 0.02s
    cube 3193.68 (depth 1, 32 lits): UNSAT in 0.05s
    cube 3193.69 (depth 1, 32 lits): UNSAT in 0.06s
    cube 3193.70 (depth 1, 32 lits): UNSAT in 0.09s
    cube 3193.71 (depth 1, 31 lits): UNSAT in 0.01s
    cube 3193.72 (depth 1, 32 lits): UNSAT in 0.02s
    cube 3193.73 (depth 1, 32 lits): UNSAT in 0.02s
    cube 3193.74 (depth 1, 31 lits): UNSAT in 0.01s
    cube 3193.75 (depth 1, 32 lits): UNSAT in 0.02s
    cube 3193.76 (depth 1, 32 lits): UNSAT in 0.03s
    cube 3193.77 (depth 1, 31 lits): UNSAT in 0.01s
    cube 3193.78 (depth 1, 32 lits): UNSAT in 0.01s
    cube 3193.79 (depth 1, 32 lits): UNSAT in 0.05s
    cube 3193.80 (depth 1, 32 lits): UNSAT in 0.03s
    cube 3193.81 (depth 1, 32 lits): UNSAT in 0.08s
    cube 3193.82 (depth 1, 32 lits): UNSAT in 0.04s
    cube 3193.83 (depth 1, 32 lits): UNSAT in 0.08s
    cube 3193.84 (depth 1, 32 lits): UNSAT in 0.04s
    cube 3193.85 (depth 1, 32 lits): UNSAT in 0.06s
    cube 3193.86 (depth 1, 32 lits): UNSAT in 0.06s
    cube 3193.87 (depth 1, 32 lits): UNSAT in 0.14s
    cube 3193.88 (depth 1, 32 lits): UNSAT in 0.10s
    cube 3193.89 (depth 1, 32 lits): UNSAT in 0.11s
    cube 3193.90 (depth 1, 32 lits): UNSAT in 0.12s
    cube 3193.91 (depth 1, 32 lits): UNSAT in 0.17s
    cube 3193.92 (depth 1, 32 lits): UNSAT in 0.06s
    cube 3193.93 (depth 1, 32 lits): UNSAT in 0.15s
    cube 3193.94 (depth 1, 32 lits): UNSAT in 0.09s
    cube 3193.95 (depth 1, 32 lits): UNSAT in 0.32s
    cube 3193.96 (depth 1, 32 lits): UNSAT in 0.19s
    cube 3193.97 (depth 1, 32 lits): UNSAT in 1.04s
    cube 3193.98 (depth 1, 32 lits): UNSAT in 0.10s
    cube 3193.99 (depth 1, 32 lits): UNSAT in 0.18s
    cube 3193.100 (depth 1, 32 lits): UNSAT in 0.03s
    cube 3193.101 (depth 1, 32 lits): UNSAT in 0.05s
    cube 3193.102 (depth 1, 32 lits): UNSAT in 0.06s
    cube 3193.103 (depth 1, 32 lits): UNSAT in 0.09s
    cube 3193.104 (depth 1, 32 lits): UNSAT in 0.10s
    cube 3193.105 (depth 1, 32 lits): UNSAT in 0.30s
    cube 3193.106 (depth 1, 32 lits): UNSAT in 0.12s
    cube 3193.107 (depth 1, 32 lits): UNSAT in 0.56s
    cube 3193.108 (depth 1, 32 lits): UNSAT in 0.07s
    cube 3193.109 (depth 1, 32 lits): UNSAT in 0.13s
    cube 3193.110 (depth 1, 32 lits): UNSAT in 0.34s
    cube 3193.111 (depth 1, 32 lits): UNSAT in 0.38s
    cube 3193.112 (depth 1, 32 lits): UNSAT in 0.15s
    cube 3193.113 (depth 1, 32 lits): UNSAT in 1.08s
    cube 3193.114 (depth 1, 32 lits): UNSAT in 0.75s
    cube 3193.115 (depth 1, 32 lits): UNSAT in 5.72s
    cube 3193.116 (depth 1, 31 lits): UNSAT in 0.02s
    cube 3193.117 (depth 1, 32 lits): UNSAT in 0.02s
    cube 3193.118 (depth 1, 32 lits): UNSAT in 0.03s
    cube 3193.119 (depth 1, 32 lits): UNSAT in 0.02s
    cube 3193.120 (depth 1, 32 lits): UNSAT in 0.02s
    cube 3193.121 (depth 1, 32 lits): UNSAT in 0.03s
    cube 3193.122 (depth 1, 32 lits): UNSAT in 0.05s
    cube 3193.123 (depth 1, 32 lits): UNSAT in 0.01s
    cube 3193.124 (depth 1, 32 lits): UNSAT in 0.02s
    cube 3193.125 (depth 1, 31 lits): UNSAT in 0.01s
    cube 3193.126 (depth 1, 32 lits): UNSAT in 0.02s
    cube 3193.127 (depth 1, 32 lits): UNSAT in 0.03s
    cube 3193.128 (depth 1, 32 lits): UNSAT in 0.11s
    cube 3193.129 (depth 1, 32 lits): UNSAT in 0.12s
    cube 3193.130 (depth 1, 32 lits): UNSAT in 0.04s
    cube 3193.131 (depth 1, 32 lits): UNSAT in 0.05s
    cube 3193.132 (depth 1, 32 lits): UNSAT in 0.05s
    cube 3193.133 (depth 1, 32 lits): UNSAT in 0.16s
    cube 3193.134 (depth 1, 32 lits): UNSAT in 0.06s
    cube 3193.135 (depth 1, 32 lits): UNSAT in 0.13s
    cube 3193.136 (depth 1, 32 lits): UNSAT in 0.12s
    cube 3193.137 (depth 1, 32 lits): UNSAT in 0.56s
    cube 3193.138 (depth 1, 32 lits): UNSAT in 0.02s
    cube 3193.139 (depth 1, 32 lits): UNSAT in 0.06s
    cube 3193.140 (depth 1, 32 lits): UNSAT in 0.11s
    cube 3193.141 (depth 1, 32 lits): UNSAT in 0.14s
    cube 3193.142 (depth 1, 32 lits): UNSAT in 0.08s
    cube 3193.143 (depth 1, 32 lits): UNSAT in 0.33s
    cube 3193.144 (depth 1, 32 lits): UNSAT in 1.26s
    cube 3193.145 (depth 1, 32 lits): UNSAT in 3.02s
    cube 3193.146 (depth 1, 32 lits): UNSAT in 0.02s
    cube 3193.147 (depth 1, 32 lits): UNSAT in 0.03s
    cube 3193.148 (depth 1, 32 lits): UNSAT in 0.02s
    cube 3193.149 (depth 1, 32 lits): UNSAT in 0.06s
    cube 3193.150 (depth 1, 32 lits): UNSAT in 0.02s
    cube 3193.151 (depth 1, 32 lits): UNSAT in 0.07s
    cube 3193.152 (depth 1, 32 lits): UNSAT in 0.06s
    cube 3193.153 (depth 1, 32 lits): UNSAT in 0.28s
    cube 3193.154 (depth 1, 32 lits): UNSAT in 0.03s
    cube 3193.155 (depth 1, 32 lits): UNSAT in 0.08s
    cube 3193.156 (depth 1, 32 lits): UNSAT in 0.04s
    cube 3193.157 (depth 1, 32 lits): UNSAT in 0.27s
    cube 3193.158 (depth 1, 32 lits): UNSAT in 0.06s
    cube 3193.159 (depth 1, 32 lits): UNSAT in 0.39s
    cube 3193.160 (depth 1, 32 lits): UNSAT in 0.57s
    cube 3193.161 (depth 1, 32 lits): UNSAT in 3.78s
    cube 3193.162 (depth 1, 32 lits): UNSAT in 0.04s
    cube 3193.163 (depth 1, 32 lits): UNSAT in 0.07s
    cube 3193.164 (depth 1, 32 lits): UNSAT in 0.06s
    cube 3193.165 (depth 1, 32 lits): UNSAT in 0.32s
    cube 3193.166 (depth 1, 32 lits): UNSAT in 0.06s
    cube 3193.167 (depth 1, 32 lits): UNSAT in 0.07s
    cube 3193.168 (depth 1, 32 lits): UNSAT in 0.30s
    cube 3193.169 (depth 1, 32 lits): UNSAT in 0.86s
    cube 3193.170 (depth 1, 32 lits): UNSAT in 0.05s
    cube 3193.171 (depth 1, 32 lits): UNSAT in 0.27s
    cube 3193.172 (depth 1, 32 lits): UNSAT in 0.27s
    cube 3193.173 (depth 1, 32 lits): UNSAT in 0.93s
    cube 3193.174 (depth 1, 32 lits): UNSAT in 0.33s
    cube 3193.175 (depth 1, 32 lits): UNSAT in 2.45s
    cube 3193.176 (depth 1, 32 lits): UNSAT in 3.14s
    cube 3193.177 (depth 1, 32 lits): UNSAT in 15.53s
    cube 3193.178 (depth 1, 32 lits): UNSAT in 0.02s
    cube 3193.179 (depth 1, 32 lits): UNSAT in 0.15s
    cube 3193.180 (depth 1, 32 lits): UNSAT in 0.22s
    cube 3193.181 (depth 1, 32 lits): UNSAT in 0.31s
    cube 3193.182 (depth 1, 32 lits): UNSAT in 0.06s
    cube 3193.183 (depth 1, 32 lits): UNSAT in 0.21s
    cube 3193.184 (depth 1, 32 lits): UNSAT in 0.53s
    cube 3193.185 (depth 1, 32 lits): UNSAT in 1.93s
    cube 3193.186 (depth 1, 32 lits): UNSAT in 0.10s
    cube 3193.187 (depth 1, 32 lits): UNSAT in 0.23s
    cube 3193.188 (depth 1, 32 lits): UNSAT in 0.32s
    cube 3193.189 (depth 1, 32 lits): UNSAT in 0.86s
    cube 3193.190 (depth 1, 32 lits): UNSAT in 0.32s
    cube 3193.191 (depth 1, 32 lits): UNSAT in 1.98s
    cube 3193.192 (depth 1, 32 lits): UNSAT in 0.87s
    cube 3193.193 (depth 1, 32 lits): UNSAT in 2.01s
    cube 3193.194 (depth 1, 32 lits): UNSAT in 0.07s
    cube 3193.195 (depth 1, 32 lits): UNSAT in 0.27s
    cube 3193.196 (depth 1, 32 lits): UNSAT in 0.12s
    cube 3193.197 (depth 1, 32 lits): UNSAT in 0.85s
    cube 3193.198 (depth 1, 32 lits): UNSAT in 0.32s
    cube 3193.199 (depth 1, 32 lits): UNSAT in 0.44s
    cube 3193.200 (depth 1, 32 lits): UNSAT in 0.32s
    cube 3193.201 (depth 1, 32 lits): UNSAT in 2.19s
    cube 3193.202 (depth 1, 32 lits): UNSAT in 0.16s
    cube 3193.203 (depth 1, 32 lits): UNSAT in 0.89s
    cube 3193.204 (depth 1, 32 lits): UNSAT in 0.81s
    cube 3193.205 (depth 1, 32 lits): UNSAT in 8.03s
    cube 3193.206 (depth 1, 32 lits): UNSAT in 0.48s
    cube 3193.207 (depth 1, 32 lits): UNSAT in 4.60s
    cube 3193.208 (depth 1, 32 lits): UNSAT in 4.63s
    cube 3193.209 (depth 1, 32 lits): UNSAT in 19.38s
    cube 3193.210 (depth 1, 32 lits): UNSAT in 0.02s
    cube 3193.211 (depth 1, 32 lits): UNSAT in 0.08s
    cube 3193.212 (depth 1, 32 lits): UNSAT in 0.09s
    cube 3193.213 (depth 1, 32 lits): UNSAT in 0.34s
    cube 3193.214 (depth 1, 32 lits): UNSAT in 0.05s
    cube 3193.215 (depth 1, 32 lits): UNSAT in 0.42s
    cube 3193.216 (depth 1, 32 lits): UNSAT in 0.10s
    cube 3193.217 (depth 1, 32 lits): UNSAT in 0.59s
    cube 3193.218 (depth 1, 32 lits): UNSAT in 0.07s
    cube 3193.219 (depth 1, 32 lits): UNSAT in 0.20s
    cube 3193.220 (depth 1, 32 lits): UNSAT in 0.28s
    cube 3193.221 (depth 1, 32 lits): UNSAT in 0.66s
    cube 3193.222 (depth 1, 32 lits): UNSAT in 0.08s
    cube 3193.223 (depth 1, 32 lits): UNSAT in 0.28s
    cube 3193.224 (depth 1, 32 lits): UNSAT in 1.05s
    cube 3193.225 (depth 1, 32 lits): UNSAT in 6.81s
    cube 3193.226 (depth 1, 32 lits): UNSAT in 0.04s
    cube 3193.227 (depth 1, 32 lits): UNSAT in 0.08s
    cube 3193.228 (depth 1, 32 lits): UNSAT in 0.11s
    cube 3193.229 (depth 1, 32 lits): UNSAT in 0.17s
    cube 3193.230 (depth 1, 32 lits): UNSAT in 0.56s
    cube 3193.231 (depth 1, 32 lits): UNSAT in 1.27s
    cube 3193.232 (depth 1, 32 lits): UNSAT in 1.77s
    cube 3193.233 (depth 1, 32 lits): UNSAT in 4.71s
    cube 3193.234 (depth 1, 32 lits): UNSAT in 0.17s
    cube 3193.235 (depth 1, 32 lits): UNSAT in 0.60s
    cube 3193.236 (depth 1, 32 lits): UNSAT in 0.97s
    cube 3193.237 (depth 1, 32 lits): UNSAT in 11.07s
    cube 3193.238 (depth 1, 32 lits): UNSAT in 4.45s
    cube 3193.239 (depth 1, 32 lits): UNSAT in 12.91s
    cube 3193.240 (depth 1, 32 lits): UNSAT in 19.39s
    cube 3193.241 (depth 1, 32 lits): UNSAT in 57.08s
    cube 3197 (depth 0, 24 lits): UNSAT in 0.28s
    cube 3201 (depth 0, 24 lits): UNSAT in 6.84s
    cube 3205 (depth 0, 24 lits): UNSAT in 3.58s
    cube 3209 (depth 0, 24 lits): UNSAT in 25.06s
    cube 3213 (depth 0, 24 lits): UNSAT in 0.50s
    cube 3217 (depth 0, 24 lits): UNSAT in 13.59s
    cube 3221 (depth 0, 24 lits): UNSAT in 71.83s
    cube 3225 (depth 0, 24 lits): TIMEOUT in 600.04s
    cube 3225 TIMEOUT -> re-split into 248 sub-cubes (depth 1)
    cube 3225.0 (depth 1, 30 lits): UNSAT in 0.01s
    cube 3225.1 (depth 1, 31 lits): UNSAT in 0.01s
    cube 3225.2 (depth 1, 32 lits): UNSAT in 0.02s
    cube 3225.3 (depth 1, 32 lits): UNSAT in 0.01s
    cube 3225.4 (depth 1, 31 lits): UNSAT in 0.01s
    cube 3225.5 (depth 1, 32 lits): UNSAT in 0.01s
    cube 3225.6 (depth 1, 32 lits): UNSAT in 0.02s
    cube 3225.7 (depth 1, 31 lits): UNSAT in 0.01s
    cube 3225.8 (depth 1, 32 lits): UNSAT in 0.02s
    cube 3225.9 (depth 1, 32 lits): UNSAT in 0.02s
    cube 3225.10 (depth 1, 32 lits): UNSAT in 0.01s
    cube 3225.11 (depth 1, 32 lits): UNSAT in 0.01s
    cube 3225.12 (depth 1, 32 lits): UNSAT in 0.02s
    cube 3225.13 (depth 1, 32 lits): UNSAT in 0.02s
    cube 3225.14 (depth 1, 31 lits): UNSAT in 0.01s
    cube 3225.15 (depth 1, 32 lits): UNSAT in 0.02s
    cube 3225.16 (depth 1, 32 lits): UNSAT in 0.03s
    cube 3225.17 (depth 1, 32 lits): UNSAT in 0.01s
    cube 3225.18 (depth 1, 32 lits): UNSAT in 0.03s
    cube 3225.19 (depth 1, 32 lits): UNSAT in 0.02s
    cube 3225.20 (depth 1, 32 lits): UNSAT in 0.05s
    cube 3225.21 (depth 1, 32 lits): UNSAT in 0.02s
    cube 3225.22 (depth 1, 32 lits): UNSAT in 0.02s
    cube 3225.23 (depth 1, 32 lits): UNSAT in 0.05s
    cube 3225.24 (depth 1, 32 lits): UNSAT in 0.09s
    cube 3225.25 (depth 1, 32 lits): UNSAT in 0.01s
    cube 3225.26 (depth 1, 32 lits): UNSAT in 0.01s
    cube 3225.27 (depth 1, 32 lits): UNSAT in 0.01s
    cube 3225.28 (depth 1, 32 lits): UNSAT in 0.02s
    cube 3225.29 (depth 1, 32 lits): UNSAT in 0.01s
    cube 3225.30 (depth 1, 32 lits): UNSAT in 0.01s
    cube 3225.31 (depth 1, 32 lits): UNSAT in 0.02s
    cube 3225.32 (depth 1, 32 lits): UNSAT in 0.02s
    cube 3225.33 (depth 1, 32 lits): UNSAT in 0.01s
    cube 3225.34 (depth 1, 32 lits): UNSAT in 0.02s
    cube 3225.35 (depth 1, 32 lits): UNSAT in 0.01s
    cube 3225.36 (depth 1, 32 lits): UNSAT in 0.02s
    cube 3225.37 (depth 1, 32 lits): UNSAT in 0.02s
    cube 3225.38 (depth 1, 32 lits): UNSAT in 0.04s
    cube 3225.39 (depth 1, 32 lits): UNSAT in 0.03s
    cube 3225.40 (depth 1, 32 lits): UNSAT in 0.03s
    cube 3225.41 (depth 1, 32 lits): UNSAT in 0.02s
    cube 3225.42 (depth 1, 32 lits): UNSAT in 0.03s
    cube 3225.43 (depth 1, 32 lits): UNSAT in 0.02s
    cube 3225.44 (depth 1, 32 lits): UNSAT in 0.05s
    cube 3225.45 (depth 1, 32 lits): UNSAT in 0.02s
    cube 3225.46 (depth 1, 32 lits): UNSAT in 0.05s
    cube 3225.47 (depth 1, 32 lits): UNSAT in 0.03s
    cube 3225.48 (depth 1, 32 lits): UNSAT in 0.18s
    cube 3225.49 (depth 1, 32 lits): UNSAT in 0.04s
    cube 3225.50 (depth 1, 32 lits): UNSAT in 0.07s
    cube 3225.51 (depth 1, 32 lits): UNSAT in 0.04s
    cube 3225.52 (depth 1, 32 lits): UNSAT in 0.16s
    cube 3225.53 (depth 1, 32 lits): UNSAT in 0.08s
    cube 3225.54 (depth 1, 32 lits): UNSAT in 0.20s
    cube 3225.55 (depth 1, 32 lits): UNSAT in 0.23s
    cube 3225.56 (depth 1, 32 lits): UNSAT in 0.54s
    cube 3225.57 (depth 1, 32 lits): UNSAT in 0.01s
    cube 3225.58 (depth 1, 32 lits): UNSAT in 0.02s
    cube 3225.59 (depth 1, 32 lits): UNSAT in 0.02s
    cube 3225.60 (depth 1, 32 lits): UNSAT in 0.02s
    cube 3225.61 (depth 1, 32 lits): UNSAT in 0.01s
    cube 3225.62 (depth 1, 32 lits): UNSAT in 0.02s
    cube 3225.63 (depth 1, 32 lits): UNSAT in 0.02s
    cube 3225.64 (depth 1, 32 lits): UNSAT in 0.05s
    cube 3225.65 (depth 1, 32 lits): UNSAT in 0.02s
    cube 3225.66 (depth 1, 32 lits): UNSAT in 0.02s
    cube 3225.67 (depth 1, 32 lits): UNSAT in 0.04s
    cube 3225.68 (depth 1, 32 lits): UNSAT in 0.11s
    cube 3225.69 (depth 1, 32 lits): UNSAT in 0.02s
    cube 3225.70 (depth 1, 32 lits): UNSAT in 0.04s
    cube 3225.71 (depth 1, 32 lits): UNSAT in 0.07s
    cube 3225.72 (depth 1, 32 lits): UNSAT in 0.11s
    cube 3225.73 (depth 1, 32 lits): UNSAT in 0.02s
    cube 3225.74 (depth 1, 32 lits): UNSAT in 0.02s
    cube 3225.75 (depth 1, 32 lits): UNSAT in 0.04s
    cube 3225.76 (depth 1, 32 lits): UNSAT in 0.03s
    cube 3225.77 (depth 1, 32 lits): UNSAT in 0.03s
    cube 3225.78 (depth 1, 32 lits): UNSAT in 0.04s
    cube 3225.79 (depth 1, 32 lits): UNSAT in 0.03s
    cube 3225.80 (depth 1, 32 lits): UNSAT in 0.19s
    cube 3225.81 (depth 1, 32 lits): UNSAT in 0.02s
    cube 3225.82 (depth 1, 32 lits): UNSAT in 0.02s
    cube 3225.83 (depth 1, 32 lits): UNSAT in 0.05s
    cube 3225.84 (depth 1, 32 lits): UNSAT in 0.15s
    cube 3225.85 (depth 1, 32 lits): UNSAT in 0.04s
    cube 3225.86 (depth 1, 32 lits): UNSAT in 0.06s
    cube 3225.87 (depth 1, 32 lits): UNSAT in 0.05s
    cube 3225.88 (depth 1, 32 lits): UNSAT in 0.72s
    cube 3225.89 (depth 1, 32 lits): UNSAT in 0.01s
    cube 3225.90 (depth 1, 32 lits): UNSAT in 0.02s
    cube 3225.91 (depth 1, 32 lits): UNSAT in 0.02s
    cube 3225.92 (depth 1, 32 lits): UNSAT in 0.05s
    cube 3225.93 (depth 1, 32 lits): UNSAT in 0.03s
    cube 3225.94 (depth 1, 32 lits): UNSAT in 0.10s
    cube 3225.95 (depth 1, 32 lits): UNSAT in 0.05s
    cube 3225.96 (depth 1, 32 lits): UNSAT in 0.57s
    cube 3225.97 (depth 1, 32 lits): UNSAT in 0.02s
    cube 3225.98 (depth 1, 32 lits): UNSAT in 0.03s
    cube 3225.99 (depth 1, 32 lits): UNSAT in 0.04s
    cube 3225.100 (depth 1, 32 lits): UNSAT in 0.10s
    cube 3225.101 (depth 1, 32 lits): UNSAT in 0.03s
    cube 3225.102 (depth 1, 32 lits): UNSAT in 0.24s
    cube 3225.103 (depth 1, 32 lits): UNSAT in 0.32s
    cube 3225.104 (depth 1, 32 lits): UNSAT in 1.65s
    cube 3225.105 (depth 1, 32 lits): UNSAT in 0.06s
    cube 3225.106 (depth 1, 32 lits): UNSAT in 0.15s
    cube 3225.107 (depth 1, 32 lits): UNSAT in 0.36s
    cube 3225.108 (depth 1, 32 lits): UNSAT in 1.56s
    cube 3225.109 (depth 1, 32 lits): UNSAT in 0.16s
    cube 3225.110 (depth 1, 32 lits): UNSAT in 0.83s
    cube 3225.111 (depth 1, 32 lits): UNSAT in 0.58s
    cube 3225.112 (depth 1, 32 lits): UNSAT in 11.21s
    cube 3225.113 (depth 1, 32 lits): UNSAT in 0.06s
    cube 3225.114 (depth 1, 32 lits): UNSAT in 0.47s
    cube 3225.115 (depth 1, 32 lits): UNSAT in 0.15s
    cube 3225.116 (depth 1, 32 lits): UNSAT in 1.62s
    cube 3225.117 (depth 1, 32 lits): UNSAT in 0.52s
    cube 3225.118 (depth 1, 32 lits): UNSAT in 2.53s
    cube 3225.119 (depth 1, 32 lits): UNSAT in 3.08s
    cube 3225.120 (depth 1, 32 lits): UNSAT in 33.15s
    cube 3225.121 (depth 1, 32 lits): UNSAT in 0.01s
    cube 3225.122 (depth 1, 32 lits): UNSAT in 0.01s
    cube 3225.123 (depth 1, 32 lits): UNSAT in 0.02s
    cube 3225.124 (depth 1, 32 lits): UNSAT in 0.04s
    cube 3225.125 (depth 1, 32 lits): UNSAT in 0.02s
    cube 3225.126 (depth 1, 32 lits): UNSAT in 0.02s
    cube 3225.127 (depth 1, 32 lits): UNSAT in 0.02s
    cube 3225.128 (depth 1, 32 lits): UNSAT in 0.04s
    cube 3225.129 (depth 1, 32 lits): UNSAT in 0.02s
    cube 3225.130 (depth 1, 32 lits): UNSAT in 0.03s
    cube 3225.131 (depth 1, 32 lits): UNSAT in 0.02s
    cube 3225.132 (depth 1, 32 lits): UNSAT in 0.03s
    cube 3225.133 (depth 1, 32 lits): UNSAT in 0.02s
    cube 3225.134 (depth 1, 32 lits): UNSAT in 0.02s
    cube 3225.135 (depth 1, 32 lits): UNSAT in 0.05s
    cube 3225.136 (depth 1, 32 lits): UNSAT in 0.08s
    cube 3225.137 (depth 1, 32 lits): UNSAT in 0.02s
    cube 3225.138 (depth 1, 32 lits): UNSAT in 0.02s
    cube 3225.139 (depth 1, 32 lits): UNSAT in 0.04s
    cube 3225.140 (depth 1, 32 lits): UNSAT in 0.06s
    cube 3225.141 (depth 1, 32 lits): UNSAT in 0.04s
    cube 3225.142 (depth 1, 32 lits): UNSAT in 0.13s
    cube 3225.143 (depth 1, 32 lits): UNSAT in 0.11s
    cube 3225.144 (depth 1, 32 lits): UNSAT in 0.17s
    cube 3225.145 (depth 1, 32 lits): UNSAT in 0.02s
    cube 3225.146 (depth 1, 32 lits): UNSAT in 0.03s
    cube 3225.147 (depth 1, 32 lits): UNSAT in 0.04s
    cube 3225.148 (depth 1, 32 lits): UNSAT in 0.08s
    cube 3225.149 (depth 1, 32 lits): UNSAT in 0.04s
    cube 3225.150 (depth 1, 32 lits): UNSAT in 0.29s
    cube 3225.151 (depth 1, 32 lits): UNSAT in 0.37s
    cube 3225.152 (depth 1, 32 lits): UNSAT in 0.97s
    cube 3225.153 (depth 1, 31 lits): UNSAT in 0.01s
    cube 3225.154 (depth 1, 32 lits): UNSAT in 0.02s
    cube 3225.155 (depth 1, 32 lits): UNSAT in 0.02s
    cube 3225.156 (depth 1, 32 lits): UNSAT in 0.01s
    cube 3225.157 (depth 1, 32 lits): UNSAT in 0.02s
    cube 3225.158 (depth 1, 32 lits): UNSAT in 0.04s
    cube 3225.159 (depth 1, 32 lits): UNSAT in 0.02s
    cube 3225.160 (depth 1, 32 lits): UNSAT in 0.02s
    cube 3225.161 (depth 1, 32 lits): UNSAT in 0.03s
    cube 3225.162 (depth 1, 32 lits): UNSAT in 0.04s
    cube 3225.163 (depth 1, 32 lits): UNSAT in 0.02s
    cube 3225.164 (depth 1, 32 lits): UNSAT in 0.02s
    cube 3225.165 (depth 1, 32 lits): UNSAT in 0.07s
    cube 3225.166 (depth 1, 32 lits): UNSAT in 0.06s
    cube 3225.167 (depth 1, 32 lits): UNSAT in 0.46s
    cube 3225.168 (depth 1, 32 lits): UNSAT in 0.02s
    cube 3225.169 (depth 1, 32 lits): UNSAT in 0.04s
    cube 3225.170 (depth 1, 32 lits): UNSAT in 0.03s
    cube 3225.171 (depth 1, 32 lits): UNSAT in 0.08s
    cube 3225.172 (depth 1, 32 lits): UNSAT in 0.05s
    cube 3225.173 (depth 1, 32 lits): UNSAT in 0.08s
    cube 3225.174 (depth 1, 32 lits): UNSAT in 0.11s
    cube 3225.175 (depth 1, 32 lits): UNSAT in 0.10s
    cube 3225.176 (depth 1, 32 lits): UNSAT in 0.04s
    cube 3225.177 (depth 1, 32 lits): UNSAT in 0.65s
    cube 3225.178 (depth 1, 32 lits): UNSAT in 0.51s
    cube 3225.179 (depth 1, 32 lits): UNSAT in 2.60s
    cube 3225.180 (depth 1, 32 lits): UNSAT in 0.17s
    cube 3225.181 (depth 1, 32 lits): UNSAT in 3.26s
    cube 3225.182 (depth 1, 32 lits): UNSAT in 8.76s
    cube 3225.183 (depth 1, 32 lits): UNSAT in 23.47s
    cube 3225.184 (depth 1, 32 lits): UNSAT in 0.01s
    cube 3225.185 (depth 1, 32 lits): UNSAT in 0.02s
    cube 3225.186 (depth 1, 32 lits): UNSAT in 0.02s
    cube 3225.187 (depth 1, 32 lits): UNSAT in 0.03s
    cube 3225.188 (depth 1, 32 lits): UNSAT in 0.02s
    cube 3225.189 (depth 1, 32 lits): UNSAT in 0.02s
    cube 3225.190 (depth 1, 32 lits): UNSAT in 0.03s
    cube 3225.191 (depth 1, 32 lits): UNSAT in 0.10s
    cube 3225.192 (depth 1, 32 lits): UNSAT in 0.02s
    cube 3225.193 (depth 1, 32 lits): UNSAT in 0.07s
    cube 3225.194 (depth 1, 32 lits): UNSAT in 0.04s
    cube 3225.195 (depth 1, 32 lits): UNSAT in 0.03s
    cube 3225.196 (depth 1, 32 lits): UNSAT in 0.03s
    cube 3225.197 (depth 1, 32 lits): UNSAT in 0.09s
    cube 3225.198 (depth 1, 32 lits): UNSAT in 0.08s
    cube 3225.199 (depth 1, 32 lits): UNSAT in 0.39s
    cube 3225.200 (depth 1, 32 lits): UNSAT in 0.02s
    cube 3225.201 (depth 1, 32 lits): UNSAT in 0.03s
    cube 3225.202 (depth 1, 32 lits): UNSAT in 0.02s
    cube 3225.203 (depth 1, 32 lits): UNSAT in 0.13s
    cube 3225.204 (depth 1, 32 lits): UNSAT in 0.04s
    cube 3225.205 (depth 1, 32 lits): UNSAT in 0.08s
    cube 3225.206 (depth 1, 32 lits): UNSAT in 0.09s
    cube 3225.207 (depth 1, 32 lits): UNSAT in 0.26s
    cube 3225.208 (depth 1, 32 lits): UNSAT in 0.07s
    cube 3225.209 (depth 1, 32 lits): UNSAT in 0.12s
    cube 3225.210 (depth 1, 32 lits): UNSAT in 0.18s
    cube 3225.211 (depth 1, 32 lits): UNSAT in 1.49s
    cube 3225.212 (depth 1, 32 lits): UNSAT in 0.20s
    cube 3225.213 (depth 1, 32 lits): UNSAT in 1.96s
    cube 3225.214 (depth 1, 32 lits): UNSAT in 1.78s
    cube 3225.215 (depth 1, 32 lits): UNSAT in 15.39s
    cube 3225.216 (depth 1, 32 lits): UNSAT in 0.02s
    cube 3225.217 (depth 1, 32 lits): UNSAT in 0.06s
    cube 3225.218 (depth 1, 32 lits): UNSAT in 0.02s
    cube 3225.219 (depth 1, 32 lits): UNSAT in 0.04s
    cube 3225.220 (depth 1, 32 lits): UNSAT in 0.04s
    cube 3225.221 (depth 1, 32 lits): UNSAT in 0.10s
    cube 3225.222 (depth 1, 32 lits): UNSAT in 0.39s
    cube 3225.223 (depth 1, 32 lits): UNSAT in 0.85s
    cube 3225.224 (depth 1, 32 lits): UNSAT in 0.04s
    cube 3225.225 (depth 1, 32 lits): UNSAT in 0.07s
    cube 3225.226 (depth 1, 32 lits): UNSAT in 0.19s
    cube 3225.227 (depth 1, 32 lits): UNSAT in 0.58s
    cube 3225.228 (depth 1, 32 lits): UNSAT in 0.47s
    cube 3225.229 (depth 1, 32 lits): UNSAT in 2.53s
    cube 3225.230 (depth 1, 32 lits): UNSAT in 2.19s
    cube 3225.231 (depth 1, 32 lits): UNSAT in 20.49s
    cube 3225.232 (depth 1, 32 lits): UNSAT in 0.05s
    cube 3225.233 (depth 1, 32 lits): UNSAT in 0.51s
    cube 3225.234 (depth 1, 32 lits): UNSAT in 0.94s
    cube 3225.235 (depth 1, 32 lits): UNSAT in 0.62s
    cube 3225.236 (depth 1, 32 lits): UNSAT in 0.08s
    cube 3225.237 (depth 1, 32 lits): UNSAT in 0.83s
    cube 3225.238 (depth 1, 32 lits): UNSAT in 0.53s
    cube 3225.239 (depth 1, 32 lits): UNSAT in 9.24s
    cube 3225.240 (depth 1, 32 lits): UNSAT in 0.63s
    cube 3225.241 (depth 1, 32 lits): UNSAT in 2.45s
    cube 3225.242 (depth 1, 32 lits): UNSAT in 3.86s
    cube 3225.243 (depth 1, 32 lits): UNSAT in 34.06s
    cube 3225.244 (depth 1, 32 lits): UNSAT in 4.97s
    cube 3225.245 (depth 1, 32 lits): UNSAT in 51.81s
    cube 3225.246 (depth 1, 32 lits): UNSAT in 21.55s
    cube 3225.247 (depth 1, 32 lits): UNSAT in 76.19s

  shard 1 verdict: UNSAT [parent cube 2810's children only] (807 UNSAT, 0 unresolved) in 4968.9s
