  shard 0/24 (explicit): 1 of 4095 cubes, per-cube cap 1200.0s, re-split depth 7
    cube 2986 (depth 0, 12 lits): TIMEOUT in 1200.10s
    cube 2986 TIMEOUT -> re-split into 253 sub-cubes (depth 1)
    cube 2986.0 (depth 1, 18 lits): UNSAT in 0.01s
    cube 2986.1 (depth 1, 20 lits): UNSAT in 0.01s
    cube 2986.2 (depth 1, 20 lits): UNSAT in 0.02s
    cube 2986.3 (depth 1, 20 lits): UNSAT in 0.02s
    cube 2986.4 (depth 1, 20 lits): UNSAT in 0.04s
    cube 2986.5 (depth 1, 20 lits): UNSAT in 0.01s
    cube 2986.6 (depth 1, 20 lits): UNSAT in 0.01s
    cube 2986.7 (depth 1, 20 lits): UNSAT in 0.02s
    cube 2986.8 (depth 1, 20 lits): UNSAT in 0.01s
    cube 2986.9 (depth 1, 20 lits): UNSAT in 0.02s
    cube 2986.10 (depth 1, 20 lits): UNSAT in 0.02s
    cube 2986.11 (depth 1, 20 lits): UNSAT in 0.02s
    cube 2986.12 (depth 1, 20 lits): UNSAT in 0.04s
    cube 2986.13 (depth 1, 20 lits): UNSAT in 0.01s
    cube 2986.14 (depth 1, 20 lits): UNSAT in 0.03s
    cube 2986.15 (depth 1, 20 lits): UNSAT in 0.01s
    cube 2986.16 (depth 1, 20 lits): UNSAT in 0.08s
    cube 2986.17 (depth 1, 20 lits): UNSAT in 0.02s
    cube 2986.18 (depth 1, 20 lits): UNSAT in 0.04s
    cube 2986.19 (depth 1, 20 lits): UNSAT in 0.04s
    cube 2986.20 (depth 1, 20 lits): UNSAT in 0.15s
    cube 2986.21 (depth 1, 20 lits): UNSAT in 0.01s
    cube 2986.22 (depth 1, 20 lits): UNSAT in 0.05s
    cube 2986.23 (depth 1, 20 lits): UNSAT in 0.07s
    cube 2986.24 (depth 1, 20 lits): UNSAT in 0.13s
    cube 2986.25 (depth 1, 20 lits): UNSAT in 0.02s
    cube 2986.26 (depth 1, 20 lits): UNSAT in 0.16s
    cube 2986.27 (depth 1, 20 lits): UNSAT in 0.04s
    cube 2986.28 (depth 1, 20 lits): UNSAT in 0.37s
    cube 2986.29 (depth 1, 20 lits): UNSAT in 0.02s
    cube 2986.30 (depth 1, 20 lits): UNSAT in 0.03s
    cube 2986.31 (depth 1, 20 lits): UNSAT in 0.02s
    cube 2986.32 (depth 1, 20 lits): UNSAT in 0.13s
    cube 2986.33 (depth 1, 20 lits): UNSAT in 0.04s
    cube 2986.34 (depth 1, 20 lits): UNSAT in 0.03s
    cube 2986.35 (depth 1, 20 lits): UNSAT in 0.03s
    cube 2986.36 (depth 1, 20 lits): UNSAT in 0.17s
    cube 2986.37 (depth 1, 20 lits): UNSAT in 0.04s
    cube 2986.38 (depth 1, 20 lits): UNSAT in 0.04s
    cube 2986.39 (depth 1, 20 lits): UNSAT in 0.03s
    cube 2986.40 (depth 1, 20 lits): UNSAT in 0.23s
    cube 2986.41 (depth 1, 20 lits): UNSAT in 0.05s
    cube 2986.42 (depth 1, 20 lits): UNSAT in 0.07s
    cube 2986.43 (depth 1, 20 lits): UNSAT in 0.07s
    cube 2986.44 (depth 1, 20 lits): UNSAT in 0.51s
    cube 2986.45 (depth 1, 20 lits): UNSAT in 0.01s
    cube 2986.46 (depth 1, 20 lits): UNSAT in 0.05s
    cube 2986.47 (depth 1, 20 lits): UNSAT in 0.07s
    cube 2986.48 (depth 1, 20 lits): UNSAT in 0.25s
    cube 2986.49 (depth 1, 20 lits): UNSAT in 0.07s
    cube 2986.50 (depth 1, 20 lits): UNSAT in 0.17s
    cube 2986.51 (depth 1, 20 lits): UNSAT in 0.17s
    cube 2986.52 (depth 1, 20 lits): UNSAT in 1.19s
    cube 2986.53 (depth 1, 20 lits): UNSAT in 0.20s
    cube 2986.54 (depth 1, 20 lits): UNSAT in 0.41s
    cube 2986.55 (depth 1, 20 lits): UNSAT in 0.20s
    cube 2986.56 (depth 1, 20 lits): UNSAT in 2.55s
    cube 2986.57 (depth 1, 20 lits): UNSAT in 0.84s
    cube 2986.58 (depth 1, 20 lits): UNSAT in 2.27s
    cube 2986.59 (depth 1, 20 lits): UNSAT in 0.55s
    cube 2986.60 (depth 1, 20 lits): UNSAT in 3.51s
    cube 2986.61 (depth 1, 20 lits): UNSAT in 0.02s
    cube 2986.62 (depth 1, 20 lits): UNSAT in 0.02s
    cube 2986.63 (depth 1, 20 lits): UNSAT in 0.02s
    cube 2986.64 (depth 1, 20 lits): UNSAT in 0.06s
    cube 2986.65 (depth 1, 20 lits): UNSAT in 0.02s
    cube 2986.66 (depth 1, 20 lits): UNSAT in 0.02s
    cube 2986.67 (depth 1, 20 lits): UNSAT in 0.02s
    cube 2986.68 (depth 1, 20 lits): UNSAT in 0.27s
    cube 2986.69 (depth 1, 20 lits): UNSAT in 0.02s
    cube 2986.70 (depth 1, 20 lits): UNSAT in 0.04s
    cube 2986.71 (depth 1, 20 lits): UNSAT in 0.04s
    cube 2986.72 (depth 1, 20 lits): UNSAT in 0.27s
    cube 2986.73 (depth 1, 20 lits): UNSAT in 0.04s
    cube 2986.74 (depth 1, 20 lits): UNSAT in 0.77s
    cube 2986.75 (depth 1, 20 lits): UNSAT in 0.12s
    cube 2986.76 (depth 1, 20 lits): UNSAT in 1.98s
    cube 2986.77 (depth 1, 20 lits): UNSAT in 0.02s
    cube 2986.78 (depth 1, 20 lits): UNSAT in 0.04s
    cube 2986.79 (depth 1, 20 lits): UNSAT in 0.06s
    cube 2986.80 (depth 1, 20 lits): UNSAT in 0.21s
    cube 2986.81 (depth 1, 20 lits): UNSAT in 0.05s
    cube 2986.82 (depth 1, 20 lits): UNSAT in 0.20s
    cube 2986.83 (depth 1, 20 lits): UNSAT in 0.11s
    cube 2986.84 (depth 1, 20 lits): UNSAT in 0.54s
    cube 2986.85 (depth 1, 20 lits): UNSAT in 0.03s
    cube 2986.86 (depth 1, 20 lits): UNSAT in 0.06s
    cube 2986.87 (depth 1, 20 lits): UNSAT in 0.19s
    cube 2986.88 (depth 1, 20 lits): UNSAT in 0.22s
    cube 2986.89 (depth 1, 20 lits): UNSAT in 0.25s
    cube 2986.90 (depth 1, 20 lits): UNSAT in 0.21s
    cube 2986.91 (depth 1, 20 lits): UNSAT in 0.39s
    cube 2986.92 (depth 1, 20 lits): UNSAT in 1.97s
    cube 2986.93 (depth 1, 20 lits): UNSAT in 0.01s
    cube 2986.94 (depth 1, 20 lits): UNSAT in 0.01s
    cube 2986.95 (depth 1, 20 lits): UNSAT in 0.02s
    cube 2986.96 (depth 1, 20 lits): UNSAT in 0.04s
    cube 2986.97 (depth 1, 20 lits): UNSAT in 0.02s
    cube 2986.98 (depth 1, 20 lits): UNSAT in 0.05s
    cube 2986.99 (depth 1, 20 lits): UNSAT in 0.07s
    cube 2986.100 (depth 1, 20 lits): UNSAT in 0.06s
    cube 2986.101 (depth 1, 20 lits): UNSAT in 0.03s
    cube 2986.102 (depth 1, 20 lits): UNSAT in 0.08s
    cube 2986.103 (depth 1, 20 lits): UNSAT in 0.08s
    cube 2986.104 (depth 1, 20 lits): UNSAT in 0.45s
    cube 2986.105 (depth 1, 20 lits): UNSAT in 0.52s
    cube 2986.106 (depth 1, 20 lits): UNSAT in 0.97s
    cube 2986.107 (depth 1, 20 lits): UNSAT in 0.85s
    cube 2986.108 (depth 1, 20 lits): UNSAT in 2.58s
    cube 2986.109 (depth 1, 20 lits): UNSAT in 0.02s
    cube 2986.110 (depth 1, 20 lits): UNSAT in 0.04s
    cube 2986.111 (depth 1, 20 lits): UNSAT in 0.08s
    cube 2986.112 (depth 1, 20 lits): UNSAT in 0.18s
    cube 2986.113 (depth 1, 20 lits): UNSAT in 0.07s
    cube 2986.114 (depth 1, 20 lits): UNSAT in 0.39s
    cube 2986.115 (depth 1, 20 lits): UNSAT in 0.43s
    cube 2986.116 (depth 1, 20 lits): UNSAT in 0.79s
    cube 2986.117 (depth 1, 20 lits): UNSAT in 0.61s
    cube 2986.118 (depth 1, 20 lits): UNSAT in 0.87s
    cube 2986.119 (depth 1, 20 lits): UNSAT in 0.74s
    cube 2986.120 (depth 1, 20 lits): UNSAT in 4.05s
    cube 2986.121 (depth 1, 20 lits): UNSAT in 0.88s
    cube 2986.122 (depth 1, 20 lits): UNSAT in 3.85s
    cube 2986.123 (depth 1, 20 lits): UNSAT in 8.89s
    cube 2986.124 (depth 1, 20 lits): UNSAT in 66.24s
    cube 2986.125 (depth 1, 20 lits): UNSAT in 0.01s
    cube 2986.126 (depth 1, 20 lits): UNSAT in 0.03s
    cube 2986.127 (depth 1, 20 lits): UNSAT in 0.01s
    cube 2986.128 (depth 1, 20 lits): UNSAT in 0.02s
    cube 2986.129 (depth 1, 20 lits): UNSAT in 0.01s
    cube 2986.130 (depth 1, 20 lits): UNSAT in 0.02s
    cube 2986.131 (depth 1, 20 lits): UNSAT in 0.06s
    cube 2986.132 (depth 1, 20 lits): UNSAT in 0.08s
    cube 2986.133 (depth 1, 20 lits): UNSAT in 0.02s
    cube 2986.134 (depth 1, 20 lits): UNSAT in 0.05s
    cube 2986.135 (depth 1, 20 lits): UNSAT in 0.06s
    cube 2986.136 (depth 1, 20 lits): UNSAT in 0.10s
    cube 2986.137 (depth 1, 20 lits): UNSAT in 0.03s
    cube 2986.138 (depth 1, 20 lits): UNSAT in 0.27s
    cube 2986.139 (depth 1, 20 lits): UNSAT in 0.21s
    cube 2986.140 (depth 1, 20 lits): UNSAT in 0.95s
    cube 2986.141 (depth 1, 20 lits): UNSAT in 0.01s
    cube 2986.142 (depth 1, 20 lits): UNSAT in 0.02s
    cube 2986.143 (depth 1, 20 lits): UNSAT in 0.04s
    cube 2986.144 (depth 1, 20 lits): UNSAT in 0.09s
    cube 2986.145 (depth 1, 20 lits): UNSAT in 0.02s
    cube 2986.146 (depth 1, 20 lits): UNSAT in 0.04s
    cube 2986.147 (depth 1, 20 lits): UNSAT in 0.07s
    cube 2986.148 (depth 1, 20 lits): UNSAT in 0.15s
    cube 2986.149 (depth 1, 20 lits): UNSAT in 0.05s
    cube 2986.150 (depth 1, 20 lits): UNSAT in 0.13s
    cube 2986.151 (depth 1, 20 lits): UNSAT in 0.11s
    cube 2986.152 (depth 1, 20 lits): UNSAT in 0.97s
    cube 2986.153 (depth 1, 20 lits): UNSAT in 0.13s
    cube 2986.154 (depth 1, 20 lits): UNSAT in 0.55s
    cube 2986.155 (depth 1, 20 lits): UNSAT in 0.90s
    cube 2986.156 (depth 1, 20 lits): UNSAT in 5.91s
    cube 2986.157 (depth 1, 20 lits): UNSAT in 0.01s
    cube 2986.158 (depth 1, 20 lits): UNSAT in 0.01s
    cube 2986.159 (depth 1, 20 lits): UNSAT in 0.02s
    cube 2986.160 (depth 1, 20 lits): UNSAT in 0.02s
    cube 2986.161 (depth 1, 20 lits): UNSAT in 0.01s
    cube 2986.162 (depth 1, 20 lits): UNSAT in 0.03s
    cube 2986.163 (depth 1, 20 lits): UNSAT in 0.09s
    cube 2986.164 (depth 1, 20 lits): UNSAT in 0.15s
    cube 2986.165 (depth 1, 20 lits): UNSAT in 0.02s
    cube 2986.166 (depth 1, 20 lits): UNSAT in 0.06s
    cube 2986.167 (depth 1, 20 lits): UNSAT in 0.03s
    cube 2986.168 (depth 1, 20 lits): UNSAT in 0.13s
    cube 2986.169 (depth 1, 20 lits): UNSAT in 0.06s
    cube 2986.170 (depth 1, 20 lits): UNSAT in 0.14s
    cube 2986.171 (depth 1, 20 lits): UNSAT in 0.08s
    cube 2986.172 (depth 1, 20 lits): UNSAT in 1.58s
    cube 2986.173 (depth 1, 20 lits): UNSAT in 0.03s
    cube 2986.174 (depth 1, 20 lits): UNSAT in 0.09s
    cube 2986.175 (depth 1, 20 lits): UNSAT in 0.06s
    cube 2986.176 (depth 1, 20 lits): UNSAT in 0.19s
    cube 2986.177 (depth 1, 20 lits): UNSAT in 0.09s
    cube 2986.178 (depth 1, 20 lits): UNSAT in 0.33s
    cube 2986.179 (depth 1, 20 lits): UNSAT in 0.35s
    cube 2986.180 (depth 1, 20 lits): UNSAT in 2.07s
    cube 2986.181 (depth 1, 20 lits): UNSAT in 0.11s
    cube 2986.182 (depth 1, 20 lits): UNSAT in 0.37s
    cube 2986.183 (depth 1, 20 lits): UNSAT in 0.96s
    cube 2986.184 (depth 1, 20 lits): UNSAT in 6.57s
    cube 2986.185 (depth 1, 20 lits): UNSAT in 0.72s
    cube 2986.186 (depth 1, 20 lits): UNSAT in 2.85s
    cube 2986.187 (depth 1, 20 lits): UNSAT in 14.91s
    cube 2986.188 (depth 1, 20 lits): UNSAT in 100.06s
    cube 2986.189 (depth 1, 20 lits): UNSAT in 0.01s
    cube 2986.190 (depth 1, 20 lits): UNSAT in 0.05s
    cube 2986.191 (depth 1, 20 lits): UNSAT in 0.03s
    cube 2986.192 (depth 1, 20 lits): UNSAT in 0.07s
    cube 2986.193 (depth 1, 20 lits): UNSAT in 0.08s
    cube 2986.194 (depth 1, 20 lits): UNSAT in 0.14s
    cube 2986.195 (depth 1, 20 lits): UNSAT in 0.30s
    cube 2986.196 (depth 1, 20 lits): UNSAT in 0.42s
    cube 2986.197 (depth 1, 20 lits): UNSAT in 0.09s
    cube 2986.198 (depth 1, 20 lits): UNSAT in 0.23s
    cube 2986.199 (depth 1, 20 lits): UNSAT in 0.35s
    cube 2986.200 (depth 1, 20 lits): UNSAT in 0.38s
    cube 2986.201 (depth 1, 20 lits): UNSAT in 0.23s
    cube 2986.202 (depth 1, 20 lits): UNSAT in 1.49s
    cube 2986.203 (depth 1, 20 lits): UNSAT in 2.44s
    cube 2986.204 (depth 1, 20 lits): UNSAT in 5.59s
    cube 2986.205 (depth 1, 20 lits): UNSAT in 0.03s
    cube 2986.206 (depth 1, 20 lits): UNSAT in 0.12s
    cube 2986.207 (depth 1, 20 lits): UNSAT in 0.26s
    cube 2986.208 (depth 1, 20 lits): UNSAT in 0.64s
    cube 2986.209 (depth 1, 20 lits): UNSAT in 0.11s
    cube 2986.210 (depth 1, 20 lits): UNSAT in 0.87s
    cube 2986.211 (depth 1, 20 lits): UNSAT in 0.44s
    cube 2986.212 (depth 1, 20 lits): UNSAT in 4.46s
    cube 2986.213 (depth 1, 20 lits): UNSAT in 0.32s
    cube 2986.214 (depth 1, 20 lits): UNSAT in 1.23s
    cube 2986.215 (depth 1, 20 lits): UNSAT in 0.63s
    cube 2986.216 (depth 1, 20 lits): UNSAT in 3.23s
    cube 2986.217 (depth 1, 20 lits): UNSAT in 0.53s
    cube 2986.218 (depth 1, 20 lits): UNSAT in 1.99s
    cube 2986.219 (depth 1, 20 lits): UNSAT in 6.32s
    cube 2986.220 (depth 1, 20 lits): UNSAT in 136.63s
    cube 2986.221 (depth 1, 20 lits): UNSAT in 0.07s
    cube 2986.222 (depth 1, 20 lits): UNSAT in 0.23s
    cube 2986.223 (depth 1, 20 lits): UNSAT in 0.09s
    cube 2986.224 (depth 1, 20 lits): UNSAT in 1.41s
    cube 2986.225 (depth 1, 20 lits): UNSAT in 0.41s
    cube 2986.226 (depth 1, 20 lits): UNSAT in 2.88s
    cube 2986.227 (depth 1, 20 lits): UNSAT in 1.47s
    cube 2986.228 (depth 1, 20 lits): UNSAT in 8.99s
    cube 2986.229 (depth 1, 20 lits): UNSAT in 0.13s
    cube 2986.230 (depth 1, 20 lits): UNSAT in 0.97s
    cube 2986.231 (depth 1, 20 lits): UNSAT in 0.58s
    cube 2986.232 (depth 1, 20 lits): UNSAT in 5.12s
    cube 2986.233 (depth 1, 20 lits): UNSAT in 2.31s
    cube 2986.234 (depth 1, 20 lits): UNSAT in 7.07s
    cube 2986.235 (depth 1, 20 lits): UNSAT in 2.90s
    cube 2986.236 (depth 1, 20 lits): UNSAT in 146.58s
    cube 2986.237 (depth 1, 20 lits): UNSAT in 0.35s
    cube 2986.238 (depth 1, 20 lits): UNSAT in 2.17s
    cube 2986.239 (depth 1, 20 lits): UNSAT in 2.43s
    cube 2986.240 (depth 1, 20 lits): UNSAT in 11.03s
    cube 2986.241 (depth 1, 20 lits): UNSAT in 0.15s
    cube 2986.242 (depth 1, 20 lits): UNSAT in 12.39s
    cube 2986.243 (depth 1, 20 lits): UNSAT in 10.15s
    cube 2986.244 (depth 1, 20 lits): UNSAT in 304.22s
    cube 2986.245 (depth 1, 20 lits): UNSAT in 5.56s
    cube 2986.246 (depth 1, 20 lits): UNSAT in 45.90s
    cube 2986.247 (depth 1, 20 lits): UNSAT in 5.41s
    cube 2986.248 (depth 1, 20 lits): UNSAT in 587.54s
    cube 2986.249 (depth 1, 20 lits): UNSAT in 5.61s
    cube 2986.250 (depth 1, 20 lits): UNSAT in 41.93s
    cube 2986.251 (depth 1, 20 lits): UNSAT in 15.86s
    cube 2986.252 (depth 1, 20 lits): UNSAT in 958.73s

  shard 0 verdict: UNSAT (1 UNSAT, 0 unresolved) in 3824.3s
