  shard 18/24 (explicit): 1 of 4095 cubes, per-cube cap 1200.0s, re-split depth 7
    cube 3065 (depth 0, 12 lits): TIMEOUT in 1200.10s
    cube 3065 TIMEOUT -> re-split into 254 sub-cubes (depth 1)
    cube 3065.0 (depth 1, 20 lits): UNSAT in 0.02s
    cube 3065.1 (depth 1, 20 lits): UNSAT in 0.02s
    cube 3065.2 (depth 1, 19 lits): UNSAT in 0.02s
    cube 3065.3 (depth 1, 20 lits): UNSAT in 0.02s
    cube 3065.4 (depth 1, 20 lits): UNSAT in 0.04s
    cube 3065.5 (depth 1, 20 lits): UNSAT in 0.04s
    cube 3065.6 (depth 1, 20 lits): UNSAT in 0.10s
    cube 3065.7 (depth 1, 20 lits): UNSAT in 0.02s
    cube 3065.8 (depth 1, 20 lits): UNSAT in 0.04s
    cube 3065.9 (depth 1, 20 lits): UNSAT in 0.05s
    cube 3065.10 (depth 1, 20 lits): UNSAT in 0.09s
    cube 3065.11 (depth 1, 20 lits): UNSAT in 0.06s
    cube 3065.12 (depth 1, 20 lits): UNSAT in 0.10s
    cube 3065.13 (depth 1, 20 lits): UNSAT in 0.15s
    cube 3065.14 (depth 1, 20 lits): UNSAT in 0.26s
    cube 3065.15 (depth 1, 20 lits): UNSAT in 0.02s
    cube 3065.16 (depth 1, 20 lits): UNSAT in 0.03s
    cube 3065.17 (depth 1, 20 lits): UNSAT in 0.04s
    cube 3065.18 (depth 1, 20 lits): UNSAT in 0.08s
    cube 3065.19 (depth 1, 20 lits): UNSAT in 0.06s
    cube 3065.20 (depth 1, 20 lits): UNSAT in 0.11s
    cube 3065.21 (depth 1, 20 lits): UNSAT in 0.08s
    cube 3065.22 (depth 1, 20 lits): UNSAT in 0.56s
    cube 3065.23 (depth 1, 20 lits): UNSAT in 0.02s
    cube 3065.24 (depth 1, 20 lits): UNSAT in 0.07s
    cube 3065.25 (depth 1, 20 lits): UNSAT in 0.14s
    cube 3065.26 (depth 1, 20 lits): UNSAT in 0.21s
    cube 3065.27 (depth 1, 20 lits): UNSAT in 0.23s
    cube 3065.28 (depth 1, 20 lits): UNSAT in 0.57s
    cube 3065.29 (depth 1, 20 lits): UNSAT in 0.46s
    cube 3065.30 (depth 1, 20 lits): UNSAT in 2.50s
    cube 3065.31 (depth 1, 20 lits): UNSAT in 0.03s
    cube 3065.32 (depth 1, 20 lits): UNSAT in 0.02s
    cube 3065.33 (depth 1, 20 lits): UNSAT in 0.03s
    cube 3065.34 (depth 1, 20 lits): UNSAT in 0.04s
    cube 3065.35 (depth 1, 20 lits): UNSAT in 0.05s
    cube 3065.36 (depth 1, 20 lits): UNSAT in 0.07s
    cube 3065.37 (depth 1, 20 lits): UNSAT in 0.27s
    cube 3065.38 (depth 1, 20 lits): UNSAT in 0.38s
    cube 3065.39 (depth 1, 20 lits): UNSAT in 0.05s
    cube 3065.40 (depth 1, 20 lits): UNSAT in 0.56s
    cube 3065.41 (depth 1, 20 lits): UNSAT in 0.30s
    cube 3065.42 (depth 1, 20 lits): UNSAT in 0.95s
    cube 3065.43 (depth 1, 20 lits): UNSAT in 0.05s
    cube 3065.44 (depth 1, 20 lits): UNSAT in 0.23s
    cube 3065.45 (depth 1, 20 lits): UNSAT in 0.30s
    cube 3065.46 (depth 1, 20 lits): UNSAT in 5.67s
    cube 3065.47 (depth 1, 20 lits): UNSAT in 0.04s
    cube 3065.48 (depth 1, 20 lits): UNSAT in 0.09s
    cube 3065.49 (depth 1, 20 lits): UNSAT in 0.29s
    cube 3065.50 (depth 1, 20 lits): UNSAT in 0.28s
    cube 3065.51 (depth 1, 20 lits): UNSAT in 0.05s
    cube 3065.52 (depth 1, 20 lits): UNSAT in 0.50s
    cube 3065.53 (depth 1, 20 lits): UNSAT in 0.12s
    cube 3065.54 (depth 1, 20 lits): UNSAT in 2.32s
    cube 3065.55 (depth 1, 20 lits): UNSAT in 1.18s
    cube 3065.56 (depth 1, 20 lits): UNSAT in 1.46s
    cube 3065.57 (depth 1, 20 lits): UNSAT in 0.25s
    cube 3065.58 (depth 1, 20 lits): UNSAT in 1.66s
    cube 3065.59 (depth 1, 20 lits): UNSAT in 0.76s
    cube 3065.60 (depth 1, 20 lits): UNSAT in 4.02s
    cube 3065.61 (depth 1, 20 lits): UNSAT in 2.37s
    cube 3065.62 (depth 1, 20 lits): UNSAT in 11.10s
    cube 3065.63 (depth 1, 20 lits): UNSAT in 0.02s
    cube 3065.64 (depth 1, 20 lits): UNSAT in 0.02s
    cube 3065.65 (depth 1, 20 lits): UNSAT in 0.02s
    cube 3065.66 (depth 1, 20 lits): UNSAT in 0.07s
    cube 3065.67 (depth 1, 20 lits): UNSAT in 0.02s
    cube 3065.68 (depth 1, 20 lits): UNSAT in 0.08s
    cube 3065.69 (depth 1, 20 lits): UNSAT in 0.06s
    cube 3065.70 (depth 1, 20 lits): UNSAT in 0.09s
    cube 3065.71 (depth 1, 20 lits): UNSAT in 0.02s
    cube 3065.72 (depth 1, 20 lits): UNSAT in 0.02s
    cube 3065.73 (depth 1, 20 lits): UNSAT in 0.02s
    cube 3065.74 (depth 1, 20 lits): UNSAT in 0.04s
    cube 3065.75 (depth 1, 20 lits): UNSAT in 0.05s
    cube 3065.76 (depth 1, 20 lits): UNSAT in 0.10s
    cube 3065.77 (depth 1, 20 lits): UNSAT in 0.25s
    cube 3065.78 (depth 1, 20 lits): UNSAT in 0.21s
    cube 3065.79 (depth 1, 20 lits): UNSAT in 0.02s
    cube 3065.80 (depth 1, 20 lits): UNSAT in 0.02s
    cube 3065.81 (depth 1, 20 lits): UNSAT in 0.05s
    cube 3065.82 (depth 1, 20 lits): UNSAT in 0.06s
    cube 3065.83 (depth 1, 20 lits): UNSAT in 0.05s
    cube 3065.84 (depth 1, 20 lits): UNSAT in 0.07s
    cube 3065.85 (depth 1, 20 lits): UNSAT in 0.04s
    cube 3065.86 (depth 1, 20 lits): UNSAT in 0.08s
    cube 3065.87 (depth 1, 20 lits): UNSAT in 0.06s
    cube 3065.88 (depth 1, 20 lits): UNSAT in 0.21s
    cube 3065.89 (depth 1, 20 lits): UNSAT in 0.05s
    cube 3065.90 (depth 1, 20 lits): UNSAT in 0.26s
    cube 3065.91 (depth 1, 20 lits): UNSAT in 0.29s
    cube 3065.92 (depth 1, 20 lits): UNSAT in 0.52s
    cube 3065.93 (depth 1, 20 lits): UNSAT in 0.31s
    cube 3065.94 (depth 1, 20 lits): UNSAT in 1.39s
    cube 3065.95 (depth 1, 20 lits): UNSAT in 0.02s
    cube 3065.96 (depth 1, 20 lits): UNSAT in 0.04s
    cube 3065.97 (depth 1, 20 lits): UNSAT in 0.16s
    cube 3065.98 (depth 1, 20 lits): UNSAT in 0.69s
    cube 3065.99 (depth 1, 20 lits): UNSAT in 0.22s
    cube 3065.100 (depth 1, 20 lits): UNSAT in 0.29s
    cube 3065.101 (depth 1, 20 lits): UNSAT in 0.74s
    cube 3065.102 (depth 1, 20 lits): UNSAT in 3.73s
    cube 3065.103 (depth 1, 20 lits): UNSAT in 0.09s
    cube 3065.104 (depth 1, 20 lits): UNSAT in 0.18s
    cube 3065.105 (depth 1, 20 lits): UNSAT in 0.19s
    cube 3065.106 (depth 1, 20 lits): UNSAT in 2.83s
    cube 3065.107 (depth 1, 20 lits): UNSAT in 0.19s
    cube 3065.108 (depth 1, 20 lits): UNSAT in 1.12s
    cube 3065.109 (depth 1, 20 lits): UNSAT in 0.60s
    cube 3065.110 (depth 1, 20 lits): UNSAT in 3.52s
    cube 3065.111 (depth 1, 20 lits): UNSAT in 0.05s
    cube 3065.112 (depth 1, 20 lits): UNSAT in 0.06s
    cube 3065.113 (depth 1, 20 lits): UNSAT in 0.15s
    cube 3065.114 (depth 1, 20 lits): UNSAT in 1.07s
    cube 3065.115 (depth 1, 20 lits): UNSAT in 0.88s
    cube 3065.116 (depth 1, 20 lits): UNSAT in 8.13s
    cube 3065.117 (depth 1, 20 lits): UNSAT in 2.10s
    cube 3065.118 (depth 1, 20 lits): UNSAT in 22.79s
    cube 3065.119 (depth 1, 20 lits): UNSAT in 0.12s
    cube 3065.120 (depth 1, 20 lits): UNSAT in 3.18s
    cube 3065.121 (depth 1, 20 lits): UNSAT in 2.10s
    cube 3065.122 (depth 1, 20 lits): UNSAT in 41.44s
    cube 3065.123 (depth 1, 20 lits): UNSAT in 1.99s
    cube 3065.124 (depth 1, 20 lits): UNSAT in 20.07s
    cube 3065.125 (depth 1, 20 lits): UNSAT in 44.70s
    cube 3065.126 (depth 1, 20 lits): UNSAT in 1053.04s
    cube 3065.127 (depth 1, 19 lits): UNSAT in 0.01s
    cube 3065.128 (depth 1, 20 lits): UNSAT in 0.02s
    cube 3065.129 (depth 1, 20 lits): UNSAT in 0.06s
    cube 3065.130 (depth 1, 20 lits): UNSAT in 0.03s
    cube 3065.131 (depth 1, 20 lits): UNSAT in 0.04s
    cube 3065.132 (depth 1, 20 lits): UNSAT in 0.03s
    cube 3065.133 (depth 1, 20 lits): UNSAT in 0.09s
    cube 3065.134 (depth 1, 20 lits): UNSAT in 0.02s
    cube 3065.135 (depth 1, 20 lits): UNSAT in 0.05s
    cube 3065.136 (depth 1, 20 lits): UNSAT in 0.04s
    cube 3065.137 (depth 1, 20 lits): UNSAT in 0.07s
    cube 3065.138 (depth 1, 20 lits): UNSAT in 0.10s
    cube 3065.139 (depth 1, 20 lits): UNSAT in 0.46s
    cube 3065.140 (depth 1, 20 lits): UNSAT in 0.09s
    cube 3065.141 (depth 1, 20 lits): UNSAT in 2.77s
    cube 3065.142 (depth 1, 20 lits): UNSAT in 0.06s
    cube 3065.143 (depth 1, 20 lits): UNSAT in 0.08s
    cube 3065.144 (depth 1, 20 lits): UNSAT in 0.08s
    cube 3065.145 (depth 1, 20 lits): UNSAT in 0.16s
    cube 3065.146 (depth 1, 20 lits): UNSAT in 0.16s
    cube 3065.147 (depth 1, 20 lits): UNSAT in 0.61s
    cube 3065.148 (depth 1, 20 lits): UNSAT in 0.78s
    cube 3065.149 (depth 1, 20 lits): UNSAT in 10.12s
    cube 3065.150 (depth 1, 20 lits): UNSAT in 0.49s
    cube 3065.151 (depth 1, 20 lits): UNSAT in 1.82s
    cube 3065.152 (depth 1, 20 lits): UNSAT in 1.46s
    cube 3065.153 (depth 1, 20 lits): UNSAT in 4.00s
    cube 3065.154 (depth 1, 20 lits): UNSAT in 0.51s
    cube 3065.155 (depth 1, 20 lits): UNSAT in 0.98s
    cube 3065.156 (depth 1, 20 lits): UNSAT in 3.18s
    cube 3065.157 (depth 1, 20 lits): UNSAT in 66.04s
    cube 3065.158 (depth 1, 20 lits): UNSAT in 0.07s
    cube 3065.159 (depth 1, 20 lits): UNSAT in 0.24s
    cube 3065.160 (depth 1, 20 lits): UNSAT in 0.29s
    cube 3065.161 (depth 1, 20 lits): UNSAT in 0.43s
    cube 3065.162 (depth 1, 20 lits): UNSAT in 0.27s
    cube 3065.163 (depth 1, 20 lits): UNSAT in 0.72s
    cube 3065.164 (depth 1, 20 lits): UNSAT in 0.07s
    cube 3065.165 (depth 1, 20 lits): UNSAT in 2.12s
    cube 3065.166 (depth 1, 20 lits): UNSAT in 0.16s
    cube 3065.167 (depth 1, 20 lits): UNSAT in 0.28s
    cube 3065.168 (depth 1, 20 lits): UNSAT in 0.18s
    cube 3065.169 (depth 1, 20 lits): UNSAT in 1.50s
    cube 3065.170 (depth 1, 20 lits): UNSAT in 1.31s
    cube 3065.171 (depth 1, 20 lits): UNSAT in 1.28s
    cube 3065.172 (depth 1, 20 lits): UNSAT in 0.72s
    cube 3065.173 (depth 1, 20 lits): UNSAT in 6.40s
    cube 3065.174 (depth 1, 20 lits): UNSAT in 0.04s
    cube 3065.175 (depth 1, 20 lits): UNSAT in 0.17s
    cube 3065.176 (depth 1, 20 lits): UNSAT in 0.10s
    cube 3065.177 (depth 1, 20 lits): UNSAT in 0.81s
    cube 3065.178 (depth 1, 20 lits): UNSAT in 0.68s
    cube 3065.179 (depth 1, 20 lits): UNSAT in 1.72s
    cube 3065.180 (depth 1, 20 lits): UNSAT in 1.76s
    cube 3065.181 (depth 1, 20 lits): UNSAT in 45.54s
    cube 3065.182 (depth 1, 20 lits): UNSAT in 2.03s
    cube 3065.183 (depth 1, 20 lits): UNSAT in 1.53s
    cube 3065.184 (depth 1, 20 lits): UNSAT in 10.33s
    cube 3065.185 (depth 1, 20 lits): UNSAT in 60.27s
    cube 3065.186 (depth 1, 20 lits): UNSAT in 10.23s
    cube 3065.187 (depth 1, 20 lits): UNSAT in 33.23s
    cube 3065.188 (depth 1, 20 lits): UNSAT in 23.08s
    cube 3065.189 (depth 1, 20 lits): UNSAT in 919.72s
    cube 3065.190 (depth 1, 20 lits): UNSAT in 0.03s
    cube 3065.191 (depth 1, 20 lits): UNSAT in 0.04s
    cube 3065.192 (depth 1, 20 lits): UNSAT in 0.10s
    cube 3065.193 (depth 1, 20 lits): UNSAT in 0.13s
    cube 3065.194 (depth 1, 20 lits): UNSAT in 0.06s
    cube 3065.195 (depth 1, 20 lits): UNSAT in 0.21s
    cube 3065.196 (depth 1, 20 lits): UNSAT in 0.27s
    cube 3065.197 (depth 1, 20 lits): UNSAT in 0.47s
    cube 3065.198 (depth 1, 20 lits): UNSAT in 0.12s
    cube 3065.199 (depth 1, 20 lits): UNSAT in 0.46s
    cube 3065.200 (depth 1, 20 lits): UNSAT in 0.10s
    cube 3065.201 (depth 1, 20 lits): UNSAT in 0.46s
    cube 3065.202 (depth 1, 20 lits): UNSAT in 2.00s
    cube 3065.203 (depth 1, 20 lits): UNSAT in 2.06s
    cube 3065.204 (depth 1, 20 lits): UNSAT in 8.10s
    cube 3065.205 (depth 1, 20 lits): UNSAT in 39.88s
    cube 3065.206 (depth 1, 20 lits): UNSAT in 0.83s
    cube 3065.207 (depth 1, 20 lits): UNSAT in 0.49s
    cube 3065.208 (depth 1, 20 lits): UNSAT in 0.76s
    cube 3065.209 (depth 1, 20 lits): UNSAT in 2.56s
    cube 3065.210 (depth 1, 20 lits): UNSAT in 0.36s
    cube 3065.211 (depth 1, 20 lits): UNSAT in 2.94s
    cube 3065.212 (depth 1, 20 lits): UNSAT in 3.72s
    cube 3065.213 (depth 1, 20 lits): UNSAT in 9.21s
    cube 3065.214 (depth 1, 20 lits): UNSAT in 0.84s
    cube 3065.215 (depth 1, 20 lits): UNSAT in 0.75s
    cube 3065.216 (depth 1, 20 lits): UNSAT in 1.69s
    cube 3065.217 (depth 1, 20 lits): UNSAT in 5.51s
    cube 3065.218 (depth 1, 20 lits): UNSAT in 0.65s
    cube 3065.219 (depth 1, 20 lits): UNSAT in 5.11s
    cube 3065.220 (depth 1, 20 lits): UNSAT in 33.43s
    cube 3065.221 (depth 1, 20 lits): UNSAT in 256.02s
    cube 3065.222 (depth 1, 20 lits): UNSAT in 0.31s
    cube 3065.223 (depth 1, 20 lits): UNSAT in 0.65s
    cube 3065.224 (depth 1, 20 lits): UNSAT in 1.41s
    cube 3065.225 (depth 1, 20 lits): UNSAT in 3.04s
    cube 3065.226 (depth 1, 20 lits): UNSAT in 0.36s
    cube 3065.227 (depth 1, 20 lits): UNSAT in 2.05s
    cube 3065.228 (depth 1, 20 lits): UNSAT in 3.44s
    cube 3065.229 (depth 1, 20 lits): UNSAT in 24.54s
    cube 3065.230 (depth 1, 20 lits): UNSAT in 2.27s
    cube 3065.231 (depth 1, 20 lits): UNSAT in 8.25s
    cube 3065.232 (depth 1, 20 lits): UNSAT in 7.99s
    cube 3065.233 (depth 1, 20 lits): UNSAT in 38.34s
    cube 3065.234 (depth 1, 20 lits): UNSAT in 2.54s
    cube 3065.235 (depth 1, 20 lits): UNSAT in 48.58s
    cube 3065.236 (depth 1, 20 lits): UNSAT in 13.07s
    cube 3065.237 (depth 1, 20 lits): UNSAT in 322.49s
    cube 3065.238 (depth 1, 20 lits): UNSAT in 0.37s
    cube 3065.239 (depth 1, 20 lits): UNSAT in 3.70s
    cube 3065.240 (depth 1, 20 lits): UNSAT in 5.73s
    cube 3065.241 (depth 1, 20 lits): UNSAT in 12.62s
    cube 3065.242 (depth 1, 20 lits): UNSAT in 7.06s
    cube 3065.243 (depth 1, 20 lits): UNSAT in 16.76s
    cube 3065.244 (depth 1, 20 lits): UNSAT in 83.23s
    cube 3065.245 (depth 1, 20 lits): TIMEOUT in 1200.04s
    cube 3065.245 TIMEOUT -> re-split into 247 sub-cubes (depth 2)
    cube 3065.245.0 (depth 2, 28 lits): UNSAT in 0.01s
    cube 3065.245.1 (depth 2, 28 lits): UNSAT in 0.01s
    cube 3065.245.2 (depth 2, 27 lits): UNSAT in 0.02s
    cube 3065.245.3 (depth 2, 27 lits): UNSAT in 0.02s
    cube 3065.245.4 (depth 2, 27 lits): UNSAT in 0.02s
    cube 3065.245.5 (depth 2, 27 lits): UNSAT in 0.02s
    cube 3065.245.6 (depth 2, 28 lits): UNSAT in 0.01s
    cube 3065.245.7 (depth 2, 28 lits): UNSAT in 0.01s
    cube 3065.245.8 (depth 2, 28 lits): UNSAT in 0.01s
    cube 3065.245.9 (depth 2, 28 lits): UNSAT in 0.03s
    cube 3065.245.10 (depth 2, 28 lits): UNSAT in 0.03s
    cube 3065.245.11 (depth 2, 28 lits): UNSAT in 0.03s
    cube 3065.245.12 (depth 2, 28 lits): UNSAT in 0.01s
    cube 3065.245.13 (depth 2, 28 lits): UNSAT in 0.03s
    cube 3065.245.14 (depth 2, 28 lits): UNSAT in 0.02s
    cube 3065.245.15 (depth 2, 28 lits): UNSAT in 0.06s
    cube 3065.245.16 (depth 2, 28 lits): UNSAT in 0.03s
    cube 3065.245.17 (depth 2, 28 lits): UNSAT in 0.02s
    cube 3065.245.18 (depth 2, 28 lits): UNSAT in 0.04s
    cube 3065.245.19 (depth 2, 28 lits): UNSAT in 0.04s
    cube 3065.245.20 (depth 2, 28 lits): UNSAT in 0.02s
    cube 3065.245.21 (depth 2, 28 lits): UNSAT in 0.02s
    cube 3065.245.22 (depth 2, 28 lits): UNSAT in 0.04s
    cube 3065.245.23 (depth 2, 28 lits): UNSAT in 0.10s
    cube 3065.245.24 (depth 2, 28 lits): UNSAT in 0.03s
    cube 3065.245.25 (depth 2, 28 lits): UNSAT in 0.04s
    cube 3065.245.26 (depth 2, 28 lits): UNSAT in 0.05s
    cube 3065.245.27 (depth 2, 28 lits): UNSAT in 0.12s
    cube 3065.245.28 (depth 2, 28 lits): UNSAT in 0.02s
    cube 3065.245.29 (depth 2, 28 lits): UNSAT in 0.03s
    cube 3065.245.30 (depth 2, 28 lits): UNSAT in 0.02s
    cube 3065.245.31 (depth 2, 28 lits): UNSAT in 0.09s
    cube 3065.245.32 (depth 2, 28 lits): UNSAT in 0.03s
    cube 3065.245.33 (depth 2, 28 lits): UNSAT in 0.04s
    cube 3065.245.34 (depth 2, 28 lits): UNSAT in 0.02s
    cube 3065.245.35 (depth 2, 28 lits): UNSAT in 0.03s
    cube 3065.245.36 (depth 2, 28 lits): UNSAT in 0.02s
    cube 3065.245.37 (depth 2, 28 lits): UNSAT in 0.02s
    cube 3065.245.38 (depth 2, 28 lits): UNSAT in 0.03s
    cube 3065.245.39 (depth 2, 28 lits): UNSAT in 0.03s
    cube 3065.245.40 (depth 2, 27 lits): UNSAT in 0.02s
    cube 3065.245.41 (depth 2, 28 lits): UNSAT in 0.13s
    cube 3065.245.42 (depth 2, 28 lits): UNSAT in 0.15s
    cube 3065.245.43 (depth 2, 27 lits): UNSAT in 0.01s
    cube 3065.245.44 (depth 2, 27 lits): UNSAT in 0.01s
    cube 3065.245.45 (depth 2, 27 lits): UNSAT in 0.02s
    cube 3065.245.46 (depth 2, 28 lits): UNSAT in 0.03s
    cube 3065.245.47 (depth 2, 28 lits): UNSAT in 0.02s
    cube 3065.245.48 (depth 2, 28 lits): UNSAT in 0.09s
    cube 3065.245.49 (depth 2, 28 lits): UNSAT in 0.02s
    cube 3065.245.50 (depth 2, 28 lits): UNSAT in 0.07s
    cube 3065.245.51 (depth 2, 28 lits): UNSAT in 0.05s
    cube 3065.245.52 (depth 2, 28 lits): UNSAT in 0.04s
    cube 3065.245.53 (depth 2, 28 lits): UNSAT in 0.05s
    cube 3065.245.54 (depth 2, 28 lits): UNSAT in 0.09s
    cube 3065.245.55 (depth 2, 28 lits): UNSAT in 0.10s
    cube 3065.245.56 (depth 2, 28 lits): UNSAT in 0.01s
    cube 3065.245.57 (depth 2, 28 lits): UNSAT in 0.03s
    cube 3065.245.58 (depth 2, 28 lits): UNSAT in 0.01s
    cube 3065.245.59 (depth 2, 28 lits): UNSAT in 0.03s
    cube 3065.245.60 (depth 2, 28 lits): UNSAT in 0.02s
    cube 3065.245.61 (depth 2, 28 lits): UNSAT in 0.02s
    cube 3065.245.62 (depth 2, 28 lits): UNSAT in 0.02s
    cube 3065.245.63 (depth 2, 28 lits): UNSAT in 0.02s
    cube 3065.245.64 (depth 2, 28 lits): UNSAT in 0.02s
    cube 3065.245.65 (depth 2, 28 lits): UNSAT in 0.03s
    cube 3065.245.66 (depth 2, 28 lits): UNSAT in 0.04s
    cube 3065.245.67 (depth 2, 28 lits): UNSAT in 0.05s
    cube 3065.245.68 (depth 2, 28 lits): UNSAT in 0.07s
    cube 3065.245.69 (depth 2, 28 lits): UNSAT in 0.10s
    cube 3065.245.70 (depth 2, 28 lits): UNSAT in 0.04s
    cube 3065.245.71 (depth 2, 28 lits): UNSAT in 0.03s
    cube 3065.245.72 (depth 2, 28 lits): UNSAT in 0.01s
    cube 3065.245.73 (depth 2, 28 lits): UNSAT in 0.02s
    cube 3065.245.74 (depth 2, 28 lits): UNSAT in 0.02s
    cube 3065.245.75 (depth 2, 28 lits): UNSAT in 0.03s
    cube 3065.245.76 (depth 2, 28 lits): UNSAT in 0.05s
    cube 3065.245.77 (depth 2, 28 lits): UNSAT in 0.05s
    cube 3065.245.78 (depth 2, 28 lits): UNSAT in 0.10s
    cube 3065.245.79 (depth 2, 28 lits): UNSAT in 0.08s
    cube 3065.245.80 (depth 2, 28 lits): UNSAT in 0.04s
    cube 3065.245.81 (depth 2, 28 lits): UNSAT in 0.04s
    cube 3065.245.82 (depth 2, 28 lits): UNSAT in 0.02s
    cube 3065.245.83 (depth 2, 28 lits): UNSAT in 0.02s
    cube 3065.245.84 (depth 2, 28 lits): UNSAT in 0.10s
    cube 3065.245.85 (depth 2, 28 lits): UNSAT in 0.28s
    cube 3065.245.86 (depth 2, 28 lits): UNSAT in 0.06s
    cube 3065.245.87 (depth 2, 28 lits): UNSAT in 0.18s
    cube 3065.245.88 (depth 2, 28 lits): UNSAT in 0.03s
    cube 3065.245.89 (depth 2, 28 lits): UNSAT in 0.17s
    cube 3065.245.90 (depth 2, 28 lits): UNSAT in 0.23s
    cube 3065.245.91 (depth 2, 28 lits): UNSAT in 0.70s
    cube 3065.245.92 (depth 2, 28 lits): UNSAT in 0.07s
    cube 3065.245.93 (depth 2, 28 lits): UNSAT in 0.40s
    cube 3065.245.94 (depth 2, 28 lits): UNSAT in 0.11s
    cube 3065.245.95 (depth 2, 28 lits): UNSAT in 0.08s
    cube 3065.245.96 (depth 2, 28 lits): UNSAT in 0.19s
    cube 3065.245.97 (depth 2, 28 lits): UNSAT in 0.84s
    cube 3065.245.98 (depth 2, 28 lits): UNSAT in 0.30s
    cube 3065.245.99 (depth 2, 28 lits): UNSAT in 1.65s
    cube 3065.245.100 (depth 2, 28 lits): UNSAT in 0.04s
    cube 3065.245.101 (depth 2, 28 lits): UNSAT in 0.14s
    cube 3065.245.102 (depth 2, 28 lits): UNSAT in 0.73s
    cube 3065.245.103 (depth 2, 28 lits): UNSAT in 0.84s
    cube 3065.245.104 (depth 2, 28 lits): UNSAT in 0.08s
    cube 3065.245.105 (depth 2, 28 lits): UNSAT in 0.21s
    cube 3065.245.106 (depth 2, 28 lits): UNSAT in 0.11s
    cube 3065.245.107 (depth 2, 28 lits): UNSAT in 0.41s
    cube 3065.245.108 (depth 2, 28 lits): UNSAT in 0.02s
    cube 3065.245.109 (depth 2, 28 lits): UNSAT in 0.07s
    cube 3065.245.110 (depth 2, 28 lits): UNSAT in 0.10s
    cube 3065.245.111 (depth 2, 28 lits): UNSAT in 0.63s
    cube 3065.245.112 (depth 2, 28 lits): UNSAT in 0.04s
    cube 3065.245.113 (depth 2, 28 lits): UNSAT in 0.12s
    cube 3065.245.114 (depth 2, 28 lits): UNSAT in 0.30s
    cube 3065.245.115 (depth 2, 28 lits): UNSAT in 0.57s
    cube 3065.245.116 (depth 2, 28 lits): UNSAT in 0.17s
    cube 3065.245.117 (depth 2, 28 lits): UNSAT in 0.06s
    cube 3065.245.118 (depth 2, 28 lits): UNSAT in 0.59s
    cube 3065.245.119 (depth 2, 28 lits): UNSAT in 3.49s
    cube 3065.245.120 (depth 2, 27 lits): UNSAT in 0.01s
    cube 3065.245.121 (depth 2, 28 lits): UNSAT in 0.02s
    cube 3065.245.122 (depth 2, 28 lits): UNSAT in 0.03s
    cube 3065.245.123 (depth 2, 28 lits): UNSAT in 0.01s
    cube 3065.245.124 (depth 2, 28 lits): UNSAT in 0.03s
    cube 3065.245.125 (depth 2, 28 lits): UNSAT in 0.03s
    cube 3065.245.126 (depth 2, 28 lits): UNSAT in 0.11s
    cube 3065.245.127 (depth 2, 28 lits): UNSAT in 0.06s
    cube 3065.245.128 (depth 2, 28 lits): UNSAT in 0.18s
    cube 3065.245.129 (depth 2, 28 lits): UNSAT in 0.04s
    cube 3065.245.130 (depth 2, 28 lits): UNSAT in 0.26s
    cube 3065.245.131 (depth 2, 28 lits): UNSAT in 0.08s
    cube 3065.245.132 (depth 2, 28 lits): UNSAT in 0.33s
    cube 3065.245.133 (depth 2, 28 lits): UNSAT in 0.83s
    cube 3065.245.134 (depth 2, 28 lits): UNSAT in 1.26s
    cube 3065.245.135 (depth 2, 28 lits): UNSAT in 0.03s
    cube 3065.245.136 (depth 2, 28 lits): UNSAT in 0.05s
    cube 3065.245.137 (depth 2, 28 lits): UNSAT in 0.14s
    cube 3065.245.138 (depth 2, 28 lits): UNSAT in 0.27s
    cube 3065.245.139 (depth 2, 28 lits): UNSAT in 0.05s
    cube 3065.245.140 (depth 2, 28 lits): UNSAT in 0.10s
    cube 3065.245.141 (depth 2, 28 lits): UNSAT in 0.15s
    cube 3065.245.142 (depth 2, 28 lits): UNSAT in 0.96s
    cube 3065.245.143 (depth 2, 28 lits): UNSAT in 0.08s
    cube 3065.245.144 (depth 2, 28 lits): UNSAT in 0.18s
    cube 3065.245.145 (depth 2, 28 lits): UNSAT in 0.45s
    cube 3065.245.146 (depth 2, 28 lits): UNSAT in 0.60s
    cube 3065.245.147 (depth 2, 28 lits): UNSAT in 0.16s
    cube 3065.245.148 (depth 2, 28 lits): UNSAT in 3.71s
    cube 3065.245.149 (depth 2, 28 lits): UNSAT in 0.15s
    cube 3065.245.150 (depth 2, 28 lits): UNSAT in 2.25s
    cube 3065.245.151 (depth 2, 28 lits): UNSAT in 0.02s
    cube 3065.245.152 (depth 2, 28 lits): UNSAT in 0.02s
    cube 3065.245.153 (depth 2, 28 lits): UNSAT in 0.03s
    cube 3065.245.154 (depth 2, 28 lits): UNSAT in 0.02s
    cube 3065.245.155 (depth 2, 28 lits): UNSAT in 0.02s
    cube 3065.245.156 (depth 2, 28 lits): UNSAT in 0.02s
    cube 3065.245.157 (depth 2, 28 lits): UNSAT in 0.04s
    cube 3065.245.158 (depth 2, 28 lits): UNSAT in 0.10s
    cube 3065.245.159 (depth 2, 28 lits): UNSAT in 0.04s
    cube 3065.245.160 (depth 2, 28 lits): UNSAT in 0.02s
    cube 3065.245.161 (depth 2, 28 lits): UNSAT in 0.11s
    cube 3065.245.162 (depth 2, 28 lits): UNSAT in 0.08s
    cube 3065.245.163 (depth 2, 28 lits): UNSAT in 0.02s
    cube 3065.245.164 (depth 2, 28 lits): UNSAT in 0.10s
    cube 3065.245.165 (depth 2, 28 lits): UNSAT in 0.09s
    cube 3065.245.166 (depth 2, 28 lits): UNSAT in 0.18s
    cube 3065.245.167 (depth 2, 28 lits): UNSAT in 0.02s
    cube 3065.245.168 (depth 2, 28 lits): UNSAT in 0.06s
    cube 3065.245.169 (depth 2, 28 lits): UNSAT in 0.10s
    cube 3065.245.170 (depth 2, 28 lits): UNSAT in 0.24s
    cube 3065.245.171 (depth 2, 28 lits): UNSAT in 0.05s
    cube 3065.245.172 (depth 2, 28 lits): UNSAT in 0.09s
    cube 3065.245.173 (depth 2, 28 lits): UNSAT in 0.27s
    cube 3065.245.174 (depth 2, 28 lits): UNSAT in 0.16s
    cube 3065.245.175 (depth 2, 28 lits): UNSAT in 0.11s
    cube 3065.245.176 (depth 2, 28 lits): UNSAT in 0.27s
    cube 3065.245.177 (depth 2, 28 lits): UNSAT in 0.11s
    cube 3065.245.178 (depth 2, 28 lits): UNSAT in 0.21s
    cube 3065.245.179 (depth 2, 28 lits): UNSAT in 0.19s
    cube 3065.245.180 (depth 2, 28 lits): UNSAT in 0.71s
    cube 3065.245.181 (depth 2, 28 lits): UNSAT in 0.32s
    cube 3065.245.182 (depth 2, 28 lits): UNSAT in 2.28s
    cube 3065.245.183 (depth 2, 28 lits): UNSAT in 0.03s
    cube 3065.245.184 (depth 2, 28 lits): UNSAT in 0.01s
    cube 3065.245.185 (depth 2, 28 lits): UNSAT in 0.05s
    cube 3065.245.186 (depth 2, 28 lits): UNSAT in 0.04s
    cube 3065.245.187 (depth 2, 28 lits): UNSAT in 0.04s
    cube 3065.245.188 (depth 2, 28 lits): UNSAT in 0.07s
    cube 3065.245.189 (depth 2, 28 lits): UNSAT in 0.07s
    cube 3065.245.190 (depth 2, 28 lits): UNSAT in 0.17s
    cube 3065.245.191 (depth 2, 28 lits): UNSAT in 0.02s
    cube 3065.245.192 (depth 2, 28 lits): UNSAT in 0.07s
    cube 3065.245.193 (depth 2, 28 lits): UNSAT in 0.18s
    cube 3065.245.194 (depth 2, 28 lits): UNSAT in 0.50s
    cube 3065.245.195 (depth 2, 28 lits): UNSAT in 0.03s
    cube 3065.245.196 (depth 2, 28 lits): UNSAT in 0.11s
    cube 3065.245.197 (depth 2, 28 lits): UNSAT in 0.66s
    cube 3065.245.198 (depth 2, 28 lits): UNSAT in 0.46s
    cube 3065.245.199 (depth 2, 28 lits): UNSAT in 0.02s
    cube 3065.245.200 (depth 2, 28 lits): UNSAT in 0.02s
    cube 3065.245.201 (depth 2, 28 lits): UNSAT in 0.25s
    cube 3065.245.202 (depth 2, 28 lits): UNSAT in 0.63s
    cube 3065.245.203 (depth 2, 28 lits): UNSAT in 0.11s
    cube 3065.245.204 (depth 2, 28 lits): UNSAT in 0.15s
    cube 3065.245.205 (depth 2, 28 lits): UNSAT in 0.35s
    cube 3065.245.206 (depth 2, 28 lits): UNSAT in 1.09s
    cube 3065.245.207 (depth 2, 28 lits): UNSAT in 0.45s
    cube 3065.245.208 (depth 2, 28 lits): UNSAT in 0.85s
    cube 3065.245.209 (depth 2, 28 lits): UNSAT in 3.05s
    cube 3065.245.210 (depth 2, 28 lits): UNSAT in 3.59s
    cube 3065.245.211 (depth 2, 28 lits): UNSAT in 2.61s
    cube 3065.245.212 (depth 2, 28 lits): UNSAT in 0.57s
    cube 3065.245.213 (depth 2, 28 lits): UNSAT in 0.35s
    cube 3065.245.214 (depth 2, 28 lits): UNSAT in 5.57s
    cube 3065.245.215 (depth 2, 28 lits): UNSAT in 0.01s
    cube 3065.245.216 (depth 2, 28 lits): UNSAT in 0.03s
    cube 3065.245.217 (depth 2, 28 lits): UNSAT in 0.03s
    cube 3065.245.218 (depth 2, 28 lits): UNSAT in 0.04s
    cube 3065.245.219 (depth 2, 28 lits): UNSAT in 0.09s
    cube 3065.245.220 (depth 2, 28 lits): UNSAT in 0.18s
    cube 3065.245.221 (depth 2, 28 lits): UNSAT in 0.10s
    cube 3065.245.222 (depth 2, 28 lits): UNSAT in 0.13s
    cube 3065.245.223 (depth 2, 28 lits): UNSAT in 0.08s
    cube 3065.245.224 (depth 2, 28 lits): UNSAT in 0.37s
    cube 3065.245.225 (depth 2, 28 lits): UNSAT in 0.82s
    cube 3065.245.226 (depth 2, 28 lits): UNSAT in 0.67s
    cube 3065.245.227 (depth 2, 28 lits): UNSAT in 0.06s
    cube 3065.245.228 (depth 2, 28 lits): UNSAT in 0.14s
    cube 3065.245.229 (depth 2, 28 lits): UNSAT in 0.20s
    cube 3065.245.230 (depth 2, 28 lits): UNSAT in 0.53s
    cube 3065.245.231 (depth 2, 28 lits): UNSAT in 0.27s
    cube 3065.245.232 (depth 2, 28 lits): UNSAT in 3.08s
    cube 3065.245.233 (depth 2, 28 lits): UNSAT in 0.32s
    cube 3065.245.234 (depth 2, 28 lits): UNSAT in 8.77s
    cube 3065.245.235 (depth 2, 28 lits): UNSAT in 0.24s
    cube 3065.245.236 (depth 2, 28 lits): UNSAT in 1.09s
    cube 3065.245.237 (depth 2, 28 lits): UNSAT in 1.36s
    cube 3065.245.238 (depth 2, 28 lits): UNSAT in 3.31s
    cube 3065.245.239 (depth 2, 28 lits): UNSAT in 1.56s
    cube 3065.245.240 (depth 2, 28 lits): UNSAT in 14.86s
    cube 3065.245.241 (depth 2, 28 lits): UNSAT in 1.70s
    cube 3065.245.242 (depth 2, 28 lits): UNSAT in 4.67s
    cube 3065.245.243 (depth 2, 28 lits): UNSAT in 4.94s
    cube 3065.245.244 (depth 2, 28 lits): UNSAT in 4.89s
    cube 3065.245.245 (depth 2, 28 lits): UNSAT in 7.28s
    cube 3065.245.246 (depth 2, 28 lits): UNSAT in 4.26s
    cube 3065.246 (depth 1, 20 lits): UNSAT in 1.20s
    cube 3065.247 (depth 1, 20 lits): UNSAT in 57.48s
    cube 3065.248 (depth 1, 20 lits): UNSAT in 88.92s
    cube 3065.249 (depth 1, 20 lits): UNSAT in 1123.67s
    cube 3065.250 (depth 1, 20 lits): UNSAT in 7.51s
    cube 3065.251 (depth 1, 20 lits): TIMEOUT in 1200.05s
    cube 3065.251 TIMEOUT -> re-split into 247 sub-cubes (depth 2)
    cube 3065.251.0 (depth 2, 28 lits): UNSAT in 0.01s
    cube 3065.251.1 (depth 2, 28 lits): UNSAT in 0.01s
    cube 3065.251.2 (depth 2, 28 lits): UNSAT in 0.02s
    cube 3065.251.3 (depth 2, 28 lits): UNSAT in 0.01s
    cube 3065.251.4 (depth 2, 27 lits): UNSAT in 0.01s
    cube 3065.251.5 (depth 2, 28 lits): UNSAT in 0.03s
    cube 3065.251.6 (depth 2, 28 lits): UNSAT in 0.03s
    cube 3065.251.7 (depth 2, 27 lits): UNSAT in 0.02s
    cube 3065.251.8 (depth 2, 27 lits): UNSAT in 0.02s
    cube 3065.251.9 (depth 2, 28 lits): UNSAT in 0.03s
    cube 3065.251.10 (depth 2, 28 lits): UNSAT in 0.04s
    cube 3065.251.11 (depth 2, 28 lits): UNSAT in 0.02s
    cube 3065.251.12 (depth 2, 28 lits): UNSAT in 0.03s
    cube 3065.251.13 (depth 2, 27 lits): UNSAT in 0.01s
    cube 3065.251.14 (depth 2, 28 lits): UNSAT in 0.02s
    cube 3065.251.15 (depth 2, 28 lits): UNSAT in 0.02s
    cube 3065.251.16 (depth 2, 28 lits): UNSAT in 0.01s
    cube 3065.251.17 (depth 2, 28 lits): UNSAT in 0.02s
    cube 3065.251.18 (depth 2, 28 lits): UNSAT in 0.02s
    cube 3065.251.19 (depth 2, 28 lits): UNSAT in 0.03s
    cube 3065.251.20 (depth 2, 28 lits): UNSAT in 0.02s
    cube 3065.251.21 (depth 2, 28 lits): UNSAT in 0.03s
    cube 3065.251.22 (depth 2, 28 lits): UNSAT in 0.01s
    cube 3065.251.23 (depth 2, 28 lits): UNSAT in 0.04s
    cube 3065.251.24 (depth 2, 28 lits): UNSAT in 0.02s
    cube 3065.251.25 (depth 2, 28 lits): UNSAT in 0.04s
    cube 3065.251.26 (depth 2, 28 lits): UNSAT in 0.06s
    cube 3065.251.27 (depth 2, 28 lits): UNSAT in 0.07s
    cube 3065.251.28 (depth 2, 28 lits): UNSAT in 0.01s
    cube 3065.251.29 (depth 2, 28 lits): UNSAT in 0.01s
    cube 3065.251.30 (depth 2, 28 lits): UNSAT in 0.02s
    cube 3065.251.31 (depth 2, 28 lits): UNSAT in 0.02s
    cube 3065.251.32 (depth 2, 27 lits): UNSAT in 0.01s
    cube 3065.251.33 (depth 2, 28 lits): UNSAT in 0.02s
    cube 3065.251.34 (depth 2, 28 lits): UNSAT in 0.05s
    cube 3065.251.35 (depth 2, 27 lits): UNSAT in 0.02s
    cube 3065.251.36 (depth 2, 28 lits): UNSAT in 0.01s
    cube 3065.251.37 (depth 2, 28 lits): UNSAT in 0.02s
    cube 3065.251.38 (depth 2, 28 lits): UNSAT in 0.03s
    cube 3065.251.39 (depth 2, 28 lits): UNSAT in 0.04s
    cube 3065.251.40 (depth 2, 28 lits): UNSAT in 0.04s
    cube 3065.251.41 (depth 2, 28 lits): UNSAT in 0.22s
    cube 3065.251.42 (depth 2, 27 lits): UNSAT in 0.01s
    cube 3065.251.43 (depth 2, 28 lits): UNSAT in 0.01s
    cube 3065.251.44 (depth 2, 28 lits): UNSAT in 0.01s
    cube 3065.251.45 (depth 2, 28 lits): UNSAT in 0.02s
    cube 3065.251.46 (depth 2, 28 lits): UNSAT in 0.01s
    cube 3065.251.47 (depth 2, 28 lits): UNSAT in 0.02s
    cube 3065.251.48 (depth 2, 28 lits): UNSAT in 0.02s
    cube 3065.251.49 (depth 2, 28 lits): UNSAT in 0.02s
    cube 3065.251.50 (depth 2, 28 lits): UNSAT in 0.09s
    cube 3065.251.51 (depth 2, 28 lits): UNSAT in 0.03s
    cube 3065.251.52 (depth 2, 28 lits): UNSAT in 0.03s
    cube 3065.251.53 (depth 2, 28 lits): UNSAT in 0.05s
    cube 3065.251.54 (depth 2, 28 lits): UNSAT in 0.20s
    cube 3065.251.55 (depth 2, 28 lits): UNSAT in 0.19s
    cube 3065.251.56 (depth 2, 28 lits): UNSAT in 0.29s
    cube 3065.251.57 (depth 2, 28 lits): UNSAT in 0.01s
    cube 3065.251.58 (depth 2, 28 lits): UNSAT in 0.02s
    cube 3065.251.59 (depth 2, 28 lits): UNSAT in 0.03s
    cube 3065.251.60 (depth 2, 28 lits): UNSAT in 0.03s
    cube 3065.251.61 (depth 2, 27 lits): UNSAT in 0.01s
    cube 3065.251.62 (depth 2, 28 lits): UNSAT in 0.01s
    cube 3065.251.63 (depth 2, 28 lits): UNSAT in 0.02s
    cube 3065.251.64 (depth 2, 28 lits): UNSAT in 0.01s
    cube 3065.251.65 (depth 2, 28 lits): UNSAT in 0.02s
    cube 3065.251.66 (depth 2, 28 lits): UNSAT in 0.02s
    cube 3065.251.67 (depth 2, 28 lits): UNSAT in 0.02s
    cube 3065.251.68 (depth 2, 28 lits): UNSAT in 0.01s
    cube 3065.251.69 (depth 2, 28 lits): UNSAT in 0.03s
    cube 3065.251.70 (depth 2, 28 lits): UNSAT in 0.02s
    cube 3065.251.71 (depth 2, 28 lits): UNSAT in 0.03s
    cube 3065.251.72 (depth 2, 28 lits): UNSAT in 0.02s
    cube 3065.251.73 (depth 2, 28 lits): UNSAT in 0.02s
    cube 3065.251.74 (depth 2, 28 lits): UNSAT in 0.03s
    cube 3065.251.75 (depth 2, 28 lits): UNSAT in 0.07s
    cube 3065.251.76 (depth 2, 28 lits): UNSAT in 0.01s
    cube 3065.251.77 (depth 2, 28 lits): UNSAT in 0.02s
    cube 3065.251.78 (depth 2, 28 lits): UNSAT in 0.02s
    cube 3065.251.79 (depth 2, 28 lits): UNSAT in 0.03s
    cube 3065.251.80 (depth 2, 28 lits): UNSAT in 0.01s
    cube 3065.251.81 (depth 2, 28 lits): UNSAT in 0.11s
    cube 3065.251.82 (depth 2, 28 lits): UNSAT in 0.03s
    cube 3065.251.83 (depth 2, 28 lits): UNSAT in 0.04s
    cube 3065.251.84 (depth 2, 28 lits): UNSAT in 0.06s
    cube 3065.251.85 (depth 2, 28 lits): UNSAT in 0.03s
    cube 3065.251.86 (depth 2, 28 lits): UNSAT in 0.06s
    cube 3065.251.87 (depth 2, 28 lits): UNSAT in 0.10s
    cube 3065.251.88 (depth 2, 28 lits): UNSAT in 0.01s
    cube 3065.251.89 (depth 2, 28 lits): UNSAT in 0.01s
    cube 3065.251.90 (depth 2, 28 lits): UNSAT in 0.02s
    cube 3065.251.91 (depth 2, 28 lits): UNSAT in 0.02s
    cube 3065.251.92 (depth 2, 28 lits): UNSAT in 0.02s
    cube 3065.251.93 (depth 2, 28 lits): UNSAT in 0.06s
    cube 3065.251.94 (depth 2, 28 lits): UNSAT in 0.11s
    cube 3065.251.95 (depth 2, 28 lits): UNSAT in 0.06s
    cube 3065.251.96 (depth 2, 28 lits): UNSAT in 0.01s
    cube 3065.251.97 (depth 2, 28 lits): UNSAT in 0.01s
    cube 3065.251.98 (depth 2, 28 lits): UNSAT in 0.02s
    cube 3065.251.99 (depth 2, 28 lits): UNSAT in 0.03s
    cube 3065.251.100 (depth 2, 28 lits): UNSAT in 0.03s
    cube 3065.251.101 (depth 2, 28 lits): UNSAT in 0.13s
    cube 3065.251.102 (depth 2, 28 lits): UNSAT in 0.10s
    cube 3065.251.103 (depth 2, 28 lits): UNSAT in 0.15s
    cube 3065.251.104 (depth 2, 27 lits): UNSAT in 0.01s
    cube 3065.251.105 (depth 2, 28 lits): UNSAT in 0.03s
    cube 3065.251.106 (depth 2, 28 lits): UNSAT in 0.04s
    cube 3065.251.107 (depth 2, 28 lits): UNSAT in 0.07s
    cube 3065.251.108 (depth 2, 28 lits): UNSAT in 0.19s
    cube 3065.251.109 (depth 2, 28 lits): UNSAT in 0.12s
    cube 3065.251.110 (depth 2, 28 lits): UNSAT in 0.28s
    cube 3065.251.111 (depth 2, 28 lits): UNSAT in 0.03s
    cube 3065.251.112 (depth 2, 28 lits): UNSAT in 0.11s
    cube 3065.251.113 (depth 2, 28 lits): UNSAT in 0.04s
    cube 3065.251.114 (depth 2, 28 lits): UNSAT in 0.37s
    cube 3065.251.115 (depth 2, 28 lits): UNSAT in 0.12s
    cube 3065.251.116 (depth 2, 28 lits): UNSAT in 0.20s
    cube 3065.251.117 (depth 2, 28 lits): UNSAT in 0.02s
    cube 3065.251.118 (depth 2, 28 lits): UNSAT in 0.49s
    cube 3065.251.119 (depth 2, 28 lits): UNSAT in 0.01s
    cube 3065.251.120 (depth 2, 28 lits): UNSAT in 0.02s
    cube 3065.251.121 (depth 2, 28 lits): UNSAT in 0.02s
    cube 3065.251.122 (depth 2, 28 lits): UNSAT in 0.02s
    cube 3065.251.123 (depth 2, 28 lits): UNSAT in 0.02s
    cube 3065.251.124 (depth 2, 28 lits): UNSAT in 0.04s
    cube 3065.251.125 (depth 2, 28 lits): UNSAT in 0.05s
    cube 3065.251.126 (depth 2, 28 lits): UNSAT in 0.05s
    cube 3065.251.127 (depth 2, 28 lits): UNSAT in 0.04s
    cube 3065.251.128 (depth 2, 28 lits): UNSAT in 0.03s
    cube 3065.251.129 (depth 2, 28 lits): UNSAT in 0.12s
    cube 3065.251.130 (depth 2, 28 lits): UNSAT in 0.26s
    cube 3065.251.131 (depth 2, 28 lits): UNSAT in 0.02s
    cube 3065.251.132 (depth 2, 28 lits): UNSAT in 0.09s
    cube 3065.251.133 (depth 2, 28 lits): UNSAT in 0.08s
    cube 3065.251.134 (depth 2, 28 lits): UNSAT in 0.26s
    cube 3065.251.135 (depth 2, 28 lits): UNSAT in 0.02s
    cube 3065.251.136 (depth 2, 28 lits): UNSAT in 0.03s
    cube 3065.251.137 (depth 2, 28 lits): UNSAT in 0.04s
    cube 3065.251.138 (depth 2, 28 lits): UNSAT in 0.12s
    cube 3065.251.139 (depth 2, 28 lits): UNSAT in 0.06s
    cube 3065.251.140 (depth 2, 28 lits): UNSAT in 0.10s
    cube 3065.251.141 (depth 2, 28 lits): UNSAT in 0.26s
    cube 3065.251.142 (depth 2, 28 lits): UNSAT in 0.12s
    cube 3065.251.143 (depth 2, 28 lits): UNSAT in 0.03s
    cube 3065.251.144 (depth 2, 28 lits): UNSAT in 0.06s
    cube 3065.251.145 (depth 2, 28 lits): UNSAT in 0.01s
    cube 3065.251.146 (depth 2, 28 lits): UNSAT in 0.13s
    cube 3065.251.147 (depth 2, 28 lits): UNSAT in 0.09s
    cube 3065.251.148 (depth 2, 28 lits): UNSAT in 0.09s
    cube 3065.251.149 (depth 2, 28 lits): UNSAT in 0.33s
    cube 3065.251.150 (depth 2, 28 lits): UNSAT in 1.14s
    cube 3065.251.151 (depth 2, 28 lits): UNSAT in 0.02s
    cube 3065.251.152 (depth 2, 28 lits): UNSAT in 0.02s
    cube 3065.251.153 (depth 2, 28 lits): UNSAT in 0.04s
    cube 3065.251.154 (depth 2, 28 lits): UNSAT in 0.04s
    cube 3065.251.155 (depth 2, 28 lits): UNSAT in 0.12s
    cube 3065.251.156 (depth 2, 28 lits): UNSAT in 0.04s
    cube 3065.251.157 (depth 2, 28 lits): UNSAT in 0.26s
    cube 3065.251.158 (depth 2, 28 lits): UNSAT in 0.33s
    cube 3065.251.159 (depth 2, 28 lits): UNSAT in 0.10s
    cube 3065.251.160 (depth 2, 28 lits): UNSAT in 0.14s
    cube 3065.251.161 (depth 2, 28 lits): UNSAT in 0.04s
    cube 3065.251.162 (depth 2, 28 lits): UNSAT in 0.63s
    cube 3065.251.163 (depth 2, 28 lits): UNSAT in 0.11s
    cube 3065.251.164 (depth 2, 28 lits): UNSAT in 0.22s
    cube 3065.251.165 (depth 2, 28 lits): UNSAT in 0.55s
    cube 3065.251.166 (depth 2, 28 lits): UNSAT in 0.89s
    cube 3065.251.167 (depth 2, 28 lits): UNSAT in 0.04s
    cube 3065.251.168 (depth 2, 28 lits): UNSAT in 0.08s
    cube 3065.251.169 (depth 2, 28 lits): UNSAT in 0.09s
    cube 3065.251.170 (depth 2, 28 lits): UNSAT in 0.13s
    cube 3065.251.171 (depth 2, 28 lits): UNSAT in 0.10s
    cube 3065.251.172 (depth 2, 28 lits): UNSAT in 0.16s
    cube 3065.251.173 (depth 2, 28 lits): UNSAT in 0.11s
    cube 3065.251.174 (depth 2, 28 lits): UNSAT in 0.30s
    cube 3065.251.175 (depth 2, 28 lits): UNSAT in 0.05s
    cube 3065.251.176 (depth 2, 28 lits): UNSAT in 0.19s
    cube 3065.251.177 (depth 2, 28 lits): UNSAT in 0.30s
    cube 3065.251.178 (depth 2, 28 lits): UNSAT in 0.33s
    cube 3065.251.179 (depth 2, 28 lits): UNSAT in 0.41s
    cube 3065.251.180 (depth 2, 28 lits): UNSAT in 3.26s
    cube 3065.251.181 (depth 2, 28 lits): UNSAT in 4.78s
    cube 3065.251.182 (depth 2, 28 lits): UNSAT in 4.90s
    cube 3065.251.183 (depth 2, 28 lits): UNSAT in 0.02s
    cube 3065.251.184 (depth 2, 28 lits): UNSAT in 0.02s
    cube 3065.251.185 (depth 2, 28 lits): UNSAT in 0.01s
    cube 3065.251.186 (depth 2, 28 lits): UNSAT in 0.07s
    cube 3065.251.187 (depth 2, 28 lits): UNSAT in 0.04s
    cube 3065.251.188 (depth 2, 28 lits): UNSAT in 0.05s
    cube 3065.251.189 (depth 2, 28 lits): UNSAT in 0.06s
    cube 3065.251.190 (depth 2, 28 lits): UNSAT in 0.10s
    cube 3065.251.191 (depth 2, 28 lits): UNSAT in 0.02s
    cube 3065.251.192 (depth 2, 28 lits): UNSAT in 0.04s
    cube 3065.251.193 (depth 2, 28 lits): UNSAT in 0.05s
    cube 3065.251.194 (depth 2, 28 lits): UNSAT in 0.08s
    cube 3065.251.195 (depth 2, 28 lits): UNSAT in 0.08s
    cube 3065.251.196 (depth 2, 28 lits): UNSAT in 0.39s
    cube 3065.251.197 (depth 2, 28 lits): UNSAT in 0.46s
    cube 3065.251.198 (depth 2, 28 lits): UNSAT in 2.91s
    cube 3065.251.199 (depth 2, 28 lits): UNSAT in 0.02s
    cube 3065.251.200 (depth 2, 28 lits): UNSAT in 0.04s
    cube 3065.251.201 (depth 2, 28 lits): UNSAT in 0.06s
    cube 3065.251.202 (depth 2, 28 lits): UNSAT in 0.13s
    cube 3065.251.203 (depth 2, 28 lits): UNSAT in 0.03s
    cube 3065.251.204 (depth 2, 28 lits): UNSAT in 0.35s
    cube 3065.251.205 (depth 2, 28 lits): UNSAT in 0.20s
    cube 3065.251.206 (depth 2, 28 lits): UNSAT in 0.72s
    cube 3065.251.207 (depth 2, 28 lits): UNSAT in 0.03s
    cube 3065.251.208 (depth 2, 28 lits): UNSAT in 0.22s
    cube 3065.251.209 (depth 2, 28 lits): UNSAT in 0.07s
    cube 3065.251.210 (depth 2, 28 lits): UNSAT in 0.45s
    cube 3065.251.211 (depth 2, 28 lits): UNSAT in 0.16s
    cube 3065.251.212 (depth 2, 28 lits): UNSAT in 1.03s
    cube 3065.251.213 (depth 2, 28 lits): UNSAT in 2.06s
    cube 3065.251.214 (depth 2, 28 lits): UNSAT in 7.13s
    cube 3065.251.215 (depth 2, 28 lits): UNSAT in 0.04s
    cube 3065.251.216 (depth 2, 28 lits): UNSAT in 0.02s
    cube 3065.251.217 (depth 2, 28 lits): UNSAT in 0.05s
    cube 3065.251.218 (depth 2, 28 lits): UNSAT in 0.12s
    cube 3065.251.219 (depth 2, 28 lits): UNSAT in 0.09s
    cube 3065.251.220 (depth 2, 28 lits): UNSAT in 0.26s
    cube 3065.251.221 (depth 2, 28 lits): UNSAT in 0.88s
    cube 3065.251.222 (depth 2, 28 lits): UNSAT in 4.69s
    cube 3065.251.223 (depth 2, 28 lits): UNSAT in 0.24s
    cube 3065.251.224 (depth 2, 28 lits): UNSAT in 0.31s
    cube 3065.251.225 (depth 2, 28 lits): UNSAT in 0.17s
    cube 3065.251.226 (depth 2, 28 lits): UNSAT in 1.14s
    cube 3065.251.227 (depth 2, 28 lits): UNSAT in 0.20s
    cube 3065.251.228 (depth 2, 28 lits): UNSAT in 1.17s
    cube 3065.251.229 (depth 2, 28 lits): UNSAT in 1.88s
    cube 3065.251.230 (depth 2, 28 lits): UNSAT in 33.08s
    cube 3065.251.231 (depth 2, 28 lits): UNSAT in 0.18s
    cube 3065.251.232 (depth 2, 28 lits): UNSAT in 0.73s
    cube 3065.251.233 (depth 2, 28 lits): UNSAT in 0.82s
    cube 3065.251.234 (depth 2, 28 lits): UNSAT in 2.92s
    cube 3065.251.235 (depth 2, 28 lits): UNSAT in 0.36s
    cube 3065.251.236 (depth 2, 28 lits): UNSAT in 1.26s
    cube 3065.251.237 (depth 2, 28 lits): UNSAT in 2.67s
    cube 3065.251.238 (depth 2, 28 lits): UNSAT in 30.14s
    cube 3065.251.239 (depth 2, 28 lits): UNSAT in 0.33s
    cube 3065.251.240 (depth 2, 28 lits): UNSAT in 6.50s
    cube 3065.251.241 (depth 2, 28 lits): UNSAT in 5.57s
    cube 3065.251.242 (depth 2, 28 lits): UNSAT in 51.42s
    cube 3065.251.243 (depth 2, 28 lits): UNSAT in 4.84s
    cube 3065.251.244 (depth 2, 28 lits): UNSAT in 147.31s
    cube 3065.251.245 (depth 2, 28 lits): UNSAT in 7.50s
    cube 3065.251.246 (depth 2, 28 lits): UNSAT in 93.33s
    cube 3065.252 (depth 1, 20 lits): TIMEOUT in 1200.10s
    cube 3065.252 TIMEOUT -> re-split into 252 sub-cubes (depth 2)
    cube 3065.252.0 (depth 2, 28 lits): UNSAT in 0.02s
    cube 3065.252.1 (depth 2, 28 lits): UNSAT in 0.02s
    cube 3065.252.2 (depth 2, 28 lits): UNSAT in 0.02s
    cube 3065.252.3 (depth 2, 28 lits): UNSAT in 0.02s
    cube 3065.252.4 (depth 2, 28 lits): UNSAT in 0.03s
    cube 3065.252.5 (depth 2, 28 lits): UNSAT in 0.03s
    cube 3065.252.6 (depth 2, 28 lits): UNSAT in 0.02s
    cube 3065.252.7 (depth 2, 28 lits): UNSAT in 0.05s
    cube 3065.252.8 (depth 2, 27 lits): UNSAT in 0.01s
    cube 3065.252.9 (depth 2, 28 lits): UNSAT in 0.02s
    cube 3065.252.10 (depth 2, 28 lits): UNSAT in 0.02s
    cube 3065.252.11 (depth 2, 28 lits): UNSAT in 0.02s
    cube 3065.252.12 (depth 2, 28 lits): UNSAT in 0.02s
    cube 3065.252.13 (depth 2, 28 lits): UNSAT in 0.04s
    cube 3065.252.14 (depth 2, 28 lits): UNSAT in 0.03s
    cube 3065.252.15 (depth 2, 28 lits): UNSAT in 0.01s
    cube 3065.252.16 (depth 2, 28 lits): UNSAT in 0.01s
    cube 3065.252.17 (depth 2, 28 lits): UNSAT in 0.02s
    cube 3065.252.18 (depth 2, 28 lits): UNSAT in 0.02s
    cube 3065.252.19 (depth 2, 28 lits): UNSAT in 0.02s
    cube 3065.252.20 (depth 2, 28 lits): UNSAT in 0.03s
    cube 3065.252.21 (depth 2, 28 lits): UNSAT in 0.04s
    cube 3065.252.22 (depth 2, 28 lits): UNSAT in 0.13s
    cube 3065.252.23 (depth 2, 28 lits): UNSAT in 0.02s
    cube 3065.252.24 (depth 2, 28 lits): UNSAT in 0.05s
    cube 3065.252.25 (depth 2, 28 lits): UNSAT in 0.07s
    cube 3065.252.26 (depth 2, 28 lits): UNSAT in 0.07s
    cube 3065.252.27 (depth 2, 28 lits): UNSAT in 0.03s
    cube 3065.252.28 (depth 2, 28 lits): UNSAT in 0.10s
    cube 3065.252.29 (depth 2, 28 lits): UNSAT in 0.25s
    cube 3065.252.30 (depth 2, 28 lits): UNSAT in 0.57s
    cube 3065.252.31 (depth 2, 28 lits): UNSAT in 0.02s
    cube 3065.252.32 (depth 2, 28 lits): UNSAT in 0.02s
    cube 3065.252.33 (depth 2, 28 lits): UNSAT in 0.02s
    cube 3065.252.34 (depth 2, 28 lits): UNSAT in 0.04s
    cube 3065.252.35 (depth 2, 28 lits): UNSAT in 0.02s
    cube 3065.252.36 (depth 2, 28 lits): UNSAT in 0.05s
    cube 3065.252.37 (depth 2, 28 lits): UNSAT in 0.04s
    cube 3065.252.38 (depth 2, 28 lits): UNSAT in 0.14s
    cube 3065.252.39 (depth 2, 28 lits): UNSAT in 0.02s
    cube 3065.252.40 (depth 2, 28 lits): UNSAT in 0.05s
    cube 3065.252.41 (depth 2, 28 lits): UNSAT in 0.02s
    cube 3065.252.42 (depth 2, 28 lits): UNSAT in 0.05s
    cube 3065.252.43 (depth 2, 28 lits): UNSAT in 0.04s
    cube 3065.252.44 (depth 2, 28 lits): UNSAT in 0.08s
    cube 3065.252.45 (depth 2, 28 lits): UNSAT in 0.06s
    cube 3065.252.46 (depth 2, 28 lits): UNSAT in 0.13s
    cube 3065.252.47 (depth 2, 28 lits): UNSAT in 0.02s
    cube 3065.252.48 (depth 2, 28 lits): UNSAT in 0.02s
    cube 3065.252.49 (depth 2, 28 lits): UNSAT in 0.03s
    cube 3065.252.50 (depth 2, 28 lits): UNSAT in 0.07s
    cube 3065.252.51 (depth 2, 28 lits): UNSAT in 0.05s
    cube 3065.252.52 (depth 2, 28 lits): UNSAT in 0.06s
    cube 3065.252.53 (depth 2, 28 lits): UNSAT in 0.06s
    cube 3065.252.54 (depth 2, 28 lits): UNSAT in 0.20s
    cube 3065.252.55 (depth 2, 28 lits): UNSAT in 0.04s
    cube 3065.252.56 (depth 2, 28 lits): UNSAT in 0.08s
    cube 3065.252.57 (depth 2, 28 lits): UNSAT in 0.13s
    cube 3065.252.58 (depth 2, 28 lits): UNSAT in 0.31s
    cube 3065.252.59 (depth 2, 28 lits): UNSAT in 0.35s
    cube 3065.252.60 (depth 2, 28 lits): UNSAT in 0.19s
    cube 3065.252.61 (depth 2, 28 lits): UNSAT in 0.14s
    cube 3065.252.62 (depth 2, 28 lits): UNSAT in 2.97s
    cube 3065.252.63 (depth 2, 28 lits): UNSAT in 0.01s
    cube 3065.252.64 (depth 2, 28 lits): UNSAT in 0.01s
    cube 3065.252.65 (depth 2, 28 lits): UNSAT in 0.01s
    cube 3065.252.66 (depth 2, 28 lits): UNSAT in 0.02s
    cube 3065.252.67 (depth 2, 27 lits): UNSAT in 0.01s
    cube 3065.252.68 (depth 2, 28 lits): UNSAT in 0.04s
    cube 3065.252.69 (depth 2, 28 lits): UNSAT in 0.07s
    cube 3065.252.70 (depth 2, 27 lits): UNSAT in 0.02s
    cube 3065.252.71 (depth 2, 28 lits): UNSAT in 0.01s
    cube 3065.252.72 (depth 2, 28 lits): UNSAT in 0.03s
    cube 3065.252.73 (depth 2, 28 lits): UNSAT in 0.02s
    cube 3065.252.74 (depth 2, 28 lits): UNSAT in 0.03s
    cube 3065.252.75 (depth 2, 28 lits): UNSAT in 0.09s
    cube 3065.252.76 (depth 2, 28 lits): UNSAT in 0.14s
    cube 3065.252.77 (depth 2, 28 lits): UNSAT in 0.05s
    cube 3065.252.78 (depth 2, 28 lits): UNSAT in 0.04s
    cube 3065.252.79 (depth 2, 28 lits): UNSAT in 0.04s
    cube 3065.252.80 (depth 2, 28 lits): UNSAT in 0.33s
    cube 3065.252.81 (depth 2, 28 lits): UNSAT in 0.01s
    cube 3065.252.82 (depth 2, 28 lits): UNSAT in 0.07s
    cube 3065.252.83 (depth 2, 28 lits): UNSAT in 0.13s
    cube 3065.252.84 (depth 2, 28 lits): UNSAT in 0.39s
    cube 3065.252.85 (depth 2, 28 lits): UNSAT in 0.02s
    cube 3065.252.86 (depth 2, 28 lits): UNSAT in 0.07s
    cube 3065.252.87 (depth 2, 28 lits): UNSAT in 0.07s
    cube 3065.252.88 (depth 2, 28 lits): UNSAT in 0.22s
    cube 3065.252.89 (depth 2, 28 lits): UNSAT in 0.15s
    cube 3065.252.90 (depth 2, 28 lits): UNSAT in 0.70s
    cube 3065.252.91 (depth 2, 28 lits): UNSAT in 0.27s
    cube 3065.252.92 (depth 2, 28 lits): UNSAT in 1.76s
    cube 3065.252.93 (depth 2, 28 lits): UNSAT in 0.03s
    cube 3065.252.94 (depth 2, 28 lits): UNSAT in 0.05s
    cube 3065.252.95 (depth 2, 28 lits): UNSAT in 0.09s
    cube 3065.252.96 (depth 2, 28 lits): UNSAT in 0.11s
    cube 3065.252.97 (depth 2, 28 lits): UNSAT in 0.09s
    cube 3065.252.98 (depth 2, 28 lits): UNSAT in 0.52s
    cube 3065.252.99 (depth 2, 28 lits): UNSAT in 0.22s
    cube 3065.252.100 (depth 2, 28 lits): UNSAT in 0.29s
    cube 3065.252.101 (depth 2, 28 lits): UNSAT in 0.06s
    cube 3065.252.102 (depth 2, 28 lits): UNSAT in 0.30s
    cube 3065.252.103 (depth 2, 28 lits): UNSAT in 0.46s
    cube 3065.252.104 (depth 2, 28 lits): UNSAT in 0.88s
    cube 3065.252.105 (depth 2, 28 lits): UNSAT in 0.12s
    cube 3065.252.106 (depth 2, 28 lits): UNSAT in 0.18s
    cube 3065.252.107 (depth 2, 28 lits): UNSAT in 0.13s
    cube 3065.252.108 (depth 2, 28 lits): UNSAT in 1.17s
    cube 3065.252.109 (depth 2, 28 lits): UNSAT in 0.05s
    cube 3065.252.110 (depth 2, 28 lits): UNSAT in 0.04s
    cube 3065.252.111 (depth 2, 28 lits): UNSAT in 0.12s
    cube 3065.252.112 (depth 2, 28 lits): UNSAT in 0.41s
    cube 3065.252.113 (depth 2, 28 lits): UNSAT in 0.10s
    cube 3065.252.114 (depth 2, 28 lits): UNSAT in 0.19s
    cube 3065.252.115 (depth 2, 28 lits): UNSAT in 0.14s
    cube 3065.252.116 (depth 2, 28 lits): UNSAT in 1.05s
    cube 3065.252.117 (depth 2, 28 lits): UNSAT in 0.04s
    cube 3065.252.118 (depth 2, 28 lits): UNSAT in 0.20s
    cube 3065.252.119 (depth 2, 28 lits): UNSAT in 0.37s
    cube 3065.252.120 (depth 2, 28 lits): UNSAT in 2.13s
    cube 3065.252.121 (depth 2, 28 lits): UNSAT in 0.42s
    cube 3065.252.122 (depth 2, 28 lits): UNSAT in 1.44s
    cube 3065.252.123 (depth 2, 28 lits): UNSAT in 1.82s
    cube 3065.252.124 (depth 2, 28 lits): UNSAT in 16.13s
    cube 3065.252.125 (depth 2, 27 lits): UNSAT in 0.02s
    cube 3065.252.126 (depth 2, 28 lits): UNSAT in 0.01s
    cube 3065.252.127 (depth 2, 28 lits): UNSAT in 0.02s
    cube 3065.252.128 (depth 2, 28 lits): UNSAT in 0.01s
    cube 3065.252.129 (depth 2, 28 lits): UNSAT in 0.02s
    cube 3065.252.130 (depth 2, 28 lits): UNSAT in 0.02s
    cube 3065.252.131 (depth 2, 28 lits): UNSAT in 0.03s
    cube 3065.252.132 (depth 2, 28 lits): UNSAT in 0.02s
    cube 3065.252.133 (depth 2, 28 lits): UNSAT in 0.03s
    cube 3065.252.134 (depth 2, 28 lits): UNSAT in 0.02s
    cube 3065.252.135 (depth 2, 28 lits): UNSAT in 0.03s
    cube 3065.252.136 (depth 2, 28 lits): UNSAT in 0.04s
    cube 3065.252.137 (depth 2, 28 lits): UNSAT in 0.12s
    cube 3065.252.138 (depth 2, 28 lits): UNSAT in 0.02s
    cube 3065.252.139 (depth 2, 28 lits): UNSAT in 0.10s
    cube 3065.252.140 (depth 2, 28 lits): UNSAT in 0.02s
    cube 3065.252.141 (depth 2, 28 lits): UNSAT in 0.02s
    cube 3065.252.142 (depth 2, 28 lits): UNSAT in 0.02s
    cube 3065.252.143 (depth 2, 28 lits): UNSAT in 0.10s
    cube 3065.252.144 (depth 2, 28 lits): UNSAT in 0.02s
    cube 3065.252.145 (depth 2, 28 lits): UNSAT in 0.05s
    cube 3065.252.146 (depth 2, 28 lits): UNSAT in 0.03s
    cube 3065.252.147 (depth 2, 28 lits): UNSAT in 0.21s
    cube 3065.252.148 (depth 2, 28 lits): UNSAT in 0.02s
    cube 3065.252.149 (depth 2, 28 lits): UNSAT in 0.01s
    cube 3065.252.150 (depth 2, 28 lits): UNSAT in 0.02s
    cube 3065.252.151 (depth 2, 28 lits): UNSAT in 0.10s
    cube 3065.252.152 (depth 2, 28 lits): UNSAT in 0.04s
    cube 3065.252.153 (depth 2, 28 lits): UNSAT in 0.10s
    cube 3065.252.154 (depth 2, 28 lits): UNSAT in 0.16s
    cube 3065.252.155 (depth 2, 28 lits): UNSAT in 0.61s
    cube 3065.252.156 (depth 2, 28 lits): UNSAT in 0.01s
    cube 3065.252.157 (depth 2, 28 lits): UNSAT in 0.02s
    cube 3065.252.158 (depth 2, 28 lits): UNSAT in 0.03s
    cube 3065.252.159 (depth 2, 28 lits): UNSAT in 0.04s
    cube 3065.252.160 (depth 2, 28 lits): UNSAT in 0.02s
    cube 3065.252.161 (depth 2, 28 lits): UNSAT in 0.07s
    cube 3065.252.162 (depth 2, 28 lits): UNSAT in 0.02s
    cube 3065.252.163 (depth 2, 28 lits): UNSAT in 0.12s
    cube 3065.252.164 (depth 2, 28 lits): UNSAT in 0.02s
    cube 3065.252.165 (depth 2, 28 lits): UNSAT in 0.05s
    cube 3065.252.166 (depth 2, 28 lits): UNSAT in 0.08s
    cube 3065.252.167 (depth 2, 28 lits): UNSAT in 0.18s
    cube 3065.252.168 (depth 2, 28 lits): UNSAT in 0.05s
    cube 3065.252.169 (depth 2, 28 lits): UNSAT in 0.13s
    cube 3065.252.170 (depth 2, 28 lits): UNSAT in 0.19s
    cube 3065.252.171 (depth 2, 28 lits): UNSAT in 0.20s
    cube 3065.252.172 (depth 2, 28 lits): UNSAT in 0.06s
    cube 3065.252.173 (depth 2, 28 lits): UNSAT in 0.08s
    cube 3065.252.174 (depth 2, 28 lits): UNSAT in 0.09s
    cube 3065.252.175 (depth 2, 28 lits): UNSAT in 0.27s
    cube 3065.252.176 (depth 2, 28 lits): UNSAT in 0.05s
    cube 3065.252.177 (depth 2, 28 lits): UNSAT in 0.12s
    cube 3065.252.178 (depth 2, 28 lits): UNSAT in 0.07s
    cube 3065.252.179 (depth 2, 28 lits): UNSAT in 0.26s
    cube 3065.252.180 (depth 2, 28 lits): UNSAT in 0.06s
    cube 3065.252.181 (depth 2, 28 lits): UNSAT in 0.41s
    cube 3065.252.182 (depth 2, 28 lits): UNSAT in 0.06s
    cube 3065.252.183 (depth 2, 28 lits): UNSAT in 0.80s
    cube 3065.252.184 (depth 2, 28 lits): UNSAT in 0.11s
    cube 3065.252.185 (depth 2, 28 lits): UNSAT in 0.18s
    cube 3065.252.186 (depth 2, 28 lits): UNSAT in 0.55s
    cube 3065.252.187 (depth 2, 28 lits): UNSAT in 2.49s
    cube 3065.252.188 (depth 2, 28 lits): UNSAT in 0.02s
    cube 3065.252.189 (depth 2, 28 lits): UNSAT in 0.04s
    cube 3065.252.190 (depth 2, 28 lits): UNSAT in 0.03s
    cube 3065.252.191 (depth 2, 28 lits): UNSAT in 0.10s
    cube 3065.252.192 (depth 2, 28 lits): UNSAT in 0.04s
    cube 3065.252.193 (depth 2, 28 lits): UNSAT in 0.06s
    cube 3065.252.194 (depth 2, 28 lits): UNSAT in 0.10s
    cube 3065.252.195 (depth 2, 28 lits): UNSAT in 0.32s
    cube 3065.252.196 (depth 2, 28 lits): UNSAT in 0.02s
    cube 3065.252.197 (depth 2, 28 lits): UNSAT in 0.05s
    cube 3065.252.198 (depth 2, 28 lits): UNSAT in 0.03s
    cube 3065.252.199 (depth 2, 28 lits): UNSAT in 0.23s
    cube 3065.252.200 (depth 2, 28 lits): UNSAT in 0.11s
    cube 3065.252.201 (depth 2, 28 lits): UNSAT in 0.32s
    cube 3065.252.202 (depth 2, 28 lits): UNSAT in 1.60s
    cube 3065.252.203 (depth 2, 28 lits): UNSAT in 3.39s
    cube 3065.252.204 (depth 2, 28 lits): UNSAT in 0.05s
    cube 3065.252.205 (depth 2, 28 lits): UNSAT in 0.12s
    cube 3065.252.206 (depth 2, 28 lits): UNSAT in 0.05s
    cube 3065.252.207 (depth 2, 28 lits): UNSAT in 0.41s
    cube 3065.252.208 (depth 2, 28 lits): UNSAT in 0.10s
    cube 3065.252.209 (depth 2, 28 lits): UNSAT in 0.29s
    cube 3065.252.210 (depth 2, 28 lits): UNSAT in 0.83s
    cube 3065.252.211 (depth 2, 28 lits): UNSAT in 7.27s
    cube 3065.252.212 (depth 2, 28 lits): UNSAT in 0.30s
    cube 3065.252.213 (depth 2, 28 lits): UNSAT in 1.02s
    cube 3065.252.214 (depth 2, 28 lits): UNSAT in 2.44s
    cube 3065.252.215 (depth 2, 28 lits): UNSAT in 2.92s
    cube 3065.252.216 (depth 2, 28 lits): UNSAT in 0.78s
    cube 3065.252.217 (depth 2, 28 lits): UNSAT in 1.99s
    cube 3065.252.218 (depth 2, 28 lits): UNSAT in 2.30s
    cube 3065.252.219 (depth 2, 28 lits): UNSAT in 7.78s
    cube 3065.252.220 (depth 2, 28 lits): UNSAT in 0.08s
    cube 3065.252.221 (depth 2, 28 lits): UNSAT in 0.20s
    cube 3065.252.222 (depth 2, 28 lits): UNSAT in 0.36s
    cube 3065.252.223 (depth 2, 28 lits): UNSAT in 0.69s
    cube 3065.252.224 (depth 2, 28 lits): UNSAT in 0.06s
    cube 3065.252.225 (depth 2, 28 lits): UNSAT in 0.27s
    cube 3065.252.226 (depth 2, 28 lits): UNSAT in 0.31s
    cube 3065.252.227 (depth 2, 28 lits): UNSAT in 0.94s
    cube 3065.252.228 (depth 2, 28 lits): UNSAT in 0.32s
    cube 3065.252.229 (depth 2, 28 lits): UNSAT in 0.39s
    cube 3065.252.230 (depth 2, 28 lits): UNSAT in 0.99s
    cube 3065.252.231 (depth 2, 28 lits): UNSAT in 5.29s
    cube 3065.252.232 (depth 2, 28 lits): UNSAT in 0.65s
    cube 3065.252.233 (depth 2, 28 lits): UNSAT in 4.57s
    cube 3065.252.234 (depth 2, 28 lits): UNSAT in 5.82s
    cube 3065.252.235 (depth 2, 28 lits): UNSAT in 25.26s
    cube 3065.252.236 (depth 2, 28 lits): UNSAT in 0.02s
    cube 3065.252.237 (depth 2, 28 lits): UNSAT in 0.02s
    cube 3065.252.238 (depth 2, 28 lits): UNSAT in 0.13s
    cube 3065.252.239 (depth 2, 28 lits): UNSAT in 0.09s
    cube 3065.252.240 (depth 2, 28 lits): UNSAT in 0.22s
    cube 3065.252.241 (depth 2, 28 lits): UNSAT in 0.52s
    cube 3065.252.242 (depth 2, 28 lits): UNSAT in 1.59s
    cube 3065.252.243 (depth 2, 28 lits): UNSAT in 8.84s
    cube 3065.252.244 (depth 2, 28 lits): UNSAT in 0.21s
    cube 3065.252.245 (depth 2, 28 lits): UNSAT in 1.28s
    cube 3065.252.246 (depth 2, 28 lits): UNSAT in 11.92s
    cube 3065.252.247 (depth 2, 28 lits): UNSAT in 23.95s
    cube 3065.252.248 (depth 2, 28 lits): UNSAT in 1.23s
    cube 3065.252.249 (depth 2, 28 lits): UNSAT in 68.96s
    cube 3065.252.250 (depth 2, 28 lits): UNSAT in 42.51s
    cube 3065.252.251 (depth 2, 28 lits): UNSAT in 64.64s
    cube 3065.253 (depth 1, 20 lits): TIMEOUT in 1200.07s
    cube 3065.253 TIMEOUT -> re-split into 254 sub-cubes (depth 2)
    cube 3065.253.0 (depth 2, 28 lits): UNSAT in 0.02s
    cube 3065.253.1 (depth 2, 28 lits): UNSAT in 0.02s
    cube 3065.253.2 (depth 2, 28 lits): UNSAT in 0.02s
    cube 3065.253.3 (depth 2, 28 lits): UNSAT in 0.06s
    cube 3065.253.4 (depth 2, 28 lits): UNSAT in 0.02s
    cube 3065.253.5 (depth 2, 28 lits): UNSAT in 0.03s
    cube 3065.253.6 (depth 2, 28 lits): UNSAT in 0.07s
    cube 3065.253.7 (depth 2, 28 lits): UNSAT in 0.16s
    cube 3065.253.8 (depth 2, 28 lits): UNSAT in 0.02s
    cube 3065.253.9 (depth 2, 28 lits): UNSAT in 0.05s
    cube 3065.253.10 (depth 2, 28 lits): UNSAT in 0.03s
    cube 3065.253.11 (depth 2, 28 lits): UNSAT in 0.09s
    cube 3065.253.12 (depth 2, 28 lits): UNSAT in 0.02s
    cube 3065.253.13 (depth 2, 28 lits): UNSAT in 0.09s
    cube 3065.253.14 (depth 2, 28 lits): UNSAT in 0.07s
    cube 3065.253.15 (depth 2, 28 lits): UNSAT in 0.38s
    cube 3065.253.16 (depth 2, 28 lits): UNSAT in 0.02s
    cube 3065.253.17 (depth 2, 28 lits): UNSAT in 0.02s
    cube 3065.253.18 (depth 2, 28 lits): UNSAT in 0.04s
    cube 3065.253.19 (depth 2, 28 lits): UNSAT in 0.07s
    cube 3065.253.20 (depth 2, 28 lits): UNSAT in 0.07s
    cube 3065.253.21 (depth 2, 28 lits): UNSAT in 0.15s
    cube 3065.253.22 (depth 2, 28 lits): UNSAT in 0.22s
    cube 3065.253.23 (depth 2, 28 lits): UNSAT in 0.54s
    cube 3065.253.24 (depth 2, 28 lits): UNSAT in 0.05s
    cube 3065.253.25 (depth 2, 28 lits): UNSAT in 0.17s
    cube 3065.253.26 (depth 2, 28 lits): UNSAT in 0.21s
    cube 3065.253.27 (depth 2, 28 lits): UNSAT in 0.55s
    cube 3065.253.28 (depth 2, 28 lits): UNSAT in 0.28s
    cube 3065.253.29 (depth 2, 28 lits): UNSAT in 1.04s
    cube 3065.253.30 (depth 2, 28 lits): UNSAT in 0.62s
    cube 3065.253.31 (depth 2, 28 lits): UNSAT in 5.49s
    cube 3065.253.32 (depth 2, 27 lits): UNSAT in 0.02s
    cube 3065.253.33 (depth 2, 28 lits): UNSAT in 0.02s
    cube 3065.253.34 (depth 2, 28 lits): UNSAT in 0.03s
    cube 3065.253.35 (depth 2, 28 lits): UNSAT in 0.01s
    cube 3065.253.36 (depth 2, 28 lits): UNSAT in 0.02s
    cube 3065.253.37 (depth 2, 28 lits): UNSAT in 0.04s
    cube 3065.253.38 (depth 2, 28 lits): UNSAT in 0.12s
    cube 3065.253.39 (depth 2, 28 lits): UNSAT in 0.02s
    cube 3065.253.40 (depth 2, 28 lits): UNSAT in 0.07s
    cube 3065.253.41 (depth 2, 28 lits): UNSAT in 0.05s
    cube 3065.253.42 (depth 2, 28 lits): UNSAT in 0.08s
    cube 3065.253.43 (depth 2, 28 lits): UNSAT in 0.04s
    cube 3065.253.44 (depth 2, 28 lits): UNSAT in 0.14s
    cube 3065.253.45 (depth 2, 28 lits): UNSAT in 0.11s
    cube 3065.253.46 (depth 2, 28 lits): UNSAT in 0.30s
    cube 3065.253.47 (depth 2, 28 lits): UNSAT in 0.03s
    cube 3065.253.48 (depth 2, 28 lits): UNSAT in 0.13s
    cube 3065.253.49 (depth 2, 28 lits): UNSAT in 0.04s
    cube 3065.253.50 (depth 2, 28 lits): UNSAT in 0.18s
    cube 3065.253.51 (depth 2, 28 lits): UNSAT in 0.03s
    cube 3065.253.52 (depth 2, 28 lits): UNSAT in 0.11s
    cube 3065.253.53 (depth 2, 28 lits): UNSAT in 0.11s
    cube 3065.253.54 (depth 2, 28 lits): UNSAT in 0.61s
    cube 3065.253.55 (depth 2, 28 lits): UNSAT in 0.09s
    cube 3065.253.56 (depth 2, 28 lits): UNSAT in 0.55s
    cube 3065.253.57 (depth 2, 28 lits): UNSAT in 1.01s
    cube 3065.253.58 (depth 2, 28 lits): UNSAT in 1.09s
    cube 3065.253.59 (depth 2, 28 lits): UNSAT in 0.33s
    cube 3065.253.60 (depth 2, 28 lits): UNSAT in 2.56s
    cube 3065.253.61 (depth 2, 28 lits): UNSAT in 7.46s
    cube 3065.253.62 (depth 2, 28 lits): UNSAT in 34.23s
    cube 3065.253.63 (depth 2, 28 lits): UNSAT in 0.02s
    cube 3065.253.64 (depth 2, 28 lits): UNSAT in 0.06s
    cube 3065.253.65 (depth 2, 28 lits): UNSAT in 0.06s
    cube 3065.253.66 (depth 2, 28 lits): UNSAT in 0.17s
    cube 3065.253.67 (depth 2, 28 lits): UNSAT in 0.07s
    cube 3065.253.68 (depth 2, 28 lits): UNSAT in 0.08s
    cube 3065.253.69 (depth 2, 28 lits): UNSAT in 0.02s
    cube 3065.253.70 (depth 2, 28 lits): UNSAT in 0.10s
    cube 3065.253.71 (depth 2, 27 lits): UNSAT in 0.02s
    cube 3065.253.72 (depth 2, 28 lits): UNSAT in 0.09s
    cube 3065.253.73 (depth 2, 28 lits): UNSAT in 0.15s
    cube 3065.253.74 (depth 2, 28 lits): UNSAT in 0.06s
    cube 3065.253.75 (depth 2, 28 lits): UNSAT in 0.10s
    cube 3065.253.76 (depth 2, 28 lits): UNSAT in 0.23s
    cube 3065.253.77 (depth 2, 28 lits): UNSAT in 0.39s
    cube 3065.253.78 (depth 2, 28 lits): UNSAT in 0.04s
    cube 3065.253.79 (depth 2, 28 lits): UNSAT in 0.07s
    cube 3065.253.80 (depth 2, 28 lits): UNSAT in 0.17s
    cube 3065.253.81 (depth 2, 28 lits): UNSAT in 0.48s
    cube 3065.253.82 (depth 2, 28 lits): UNSAT in 0.08s
    cube 3065.253.83 (depth 2, 28 lits): UNSAT in 0.38s
    cube 3065.253.84 (depth 2, 28 lits): UNSAT in 0.30s
    cube 3065.253.85 (depth 2, 28 lits): UNSAT in 2.65s
    cube 3065.253.86 (depth 2, 28 lits): UNSAT in 0.12s
    cube 3065.253.87 (depth 2, 28 lits): UNSAT in 0.14s
    cube 3065.253.88 (depth 2, 28 lits): UNSAT in 0.31s
    cube 3065.253.89 (depth 2, 28 lits): UNSAT in 1.69s
    cube 3065.253.90 (depth 2, 28 lits): UNSAT in 0.29s
    cube 3065.253.91 (depth 2, 28 lits): UNSAT in 2.71s
    cube 3065.253.92 (depth 2, 28 lits): UNSAT in 4.47s
    cube 3065.253.93 (depth 2, 28 lits): UNSAT in 39.13s
    cube 3065.253.94 (depth 2, 28 lits): UNSAT in 0.02s
    cube 3065.253.95 (depth 2, 28 lits): UNSAT in 0.07s
    cube 3065.253.96 (depth 2, 28 lits): UNSAT in 0.08s
    cube 3065.253.97 (depth 2, 28 lits): UNSAT in 0.32s
    cube 3065.253.98 (depth 2, 28 lits): UNSAT in 0.08s
    cube 3065.253.99 (depth 2, 28 lits): UNSAT in 0.42s
    cube 3065.253.100 (depth 2, 28 lits): UNSAT in 0.35s
    cube 3065.253.101 (depth 2, 28 lits): UNSAT in 1.00s
    cube 3065.253.102 (depth 2, 28 lits): UNSAT in 0.07s
    cube 3065.253.103 (depth 2, 28 lits): UNSAT in 0.21s
    cube 3065.253.104 (depth 2, 28 lits): UNSAT in 0.07s
    cube 3065.253.105 (depth 2, 28 lits): UNSAT in 0.15s
    cube 3065.253.106 (depth 2, 28 lits): UNSAT in 0.18s
    cube 3065.253.107 (depth 2, 28 lits): UNSAT in 1.68s
    cube 3065.253.108 (depth 2, 28 lits): UNSAT in 0.85s
    cube 3065.253.109 (depth 2, 28 lits): UNSAT in 9.11s
    cube 3065.253.110 (depth 2, 28 lits): UNSAT in 0.02s
    cube 3065.253.111 (depth 2, 28 lits): UNSAT in 0.25s
    cube 3065.253.112 (depth 2, 28 lits): UNSAT in 0.12s
    cube 3065.253.113 (depth 2, 28 lits): UNSAT in 0.33s
    cube 3065.253.114 (depth 2, 28 lits): UNSAT in 0.23s
    cube 3065.253.115 (depth 2, 28 lits): UNSAT in 0.99s
    cube 3065.253.116 (depth 2, 28 lits): UNSAT in 0.57s
    cube 3065.253.117 (depth 2, 28 lits): UNSAT in 10.08s
    cube 3065.253.118 (depth 2, 28 lits): UNSAT in 0.20s
    cube 3065.253.119 (depth 2, 28 lits): UNSAT in 1.00s
    cube 3065.253.120 (depth 2, 28 lits): UNSAT in 0.52s
    cube 3065.253.121 (depth 2, 28 lits): UNSAT in 29.49s
    cube 3065.253.122 (depth 2, 28 lits): UNSAT in 3.99s
    cube 3065.253.123 (depth 2, 28 lits): UNSAT in 19.32s
    cube 3065.253.124 (depth 2, 28 lits): UNSAT in 4.90s
    cube 3065.253.125 (depth 2, 28 lits): UNSAT in 222.06s
    cube 3065.253.126 (depth 2, 28 lits): UNSAT in 0.03s
    cube 3065.253.127 (depth 2, 28 lits): UNSAT in 0.03s
    cube 3065.253.128 (depth 2, 28 lits): UNSAT in 0.02s
    cube 3065.253.129 (depth 2, 28 lits): UNSAT in 0.03s
    cube 3065.253.130 (depth 2, 28 lits): UNSAT in 0.03s
    cube 3065.253.131 (depth 2, 28 lits): UNSAT in 0.07s
    cube 3065.253.132 (depth 2, 28 lits): UNSAT in 0.05s
    cube 3065.253.133 (depth 2, 28 lits): UNSAT in 0.30s
    cube 3065.253.134 (depth 2, 28 lits): UNSAT in 0.03s
    cube 3065.253.135 (depth 2, 28 lits): UNSAT in 0.11s
    cube 3065.253.136 (depth 2, 28 lits): UNSAT in 0.03s
    cube 3065.253.137 (depth 2, 28 lits): UNSAT in 0.33s
    cube 3065.253.138 (depth 2, 28 lits): UNSAT in 0.12s
    cube 3065.253.139 (depth 2, 28 lits): UNSAT in 0.68s
    cube 3065.253.140 (depth 2, 28 lits): UNSAT in 1.67s
    cube 3065.253.141 (depth 2, 28 lits): UNSAT in 4.14s
    cube 3065.253.142 (depth 2, 28 lits): UNSAT in 0.04s
    cube 3065.253.143 (depth 2, 28 lits): UNSAT in 0.10s
    cube 3065.253.144 (depth 2, 28 lits): UNSAT in 0.13s
    cube 3065.253.145 (depth 2, 28 lits): UNSAT in 0.44s
    cube 3065.253.146 (depth 2, 28 lits): UNSAT in 0.10s
    cube 3065.253.147 (depth 2, 28 lits): UNSAT in 0.36s
    cube 3065.253.148 (depth 2, 28 lits): UNSAT in 0.80s
    cube 3065.253.149 (depth 2, 28 lits): UNSAT in 2.63s
    cube 3065.253.150 (depth 2, 28 lits): UNSAT in 0.06s
    cube 3065.253.151 (depth 2, 28 lits): UNSAT in 0.53s
    cube 3065.253.152 (depth 2, 28 lits): UNSAT in 0.92s
    cube 3065.253.153 (depth 2, 28 lits): UNSAT in 5.06s
    cube 3065.253.154 (depth 2, 28 lits): UNSAT in 0.46s
    cube 3065.253.155 (depth 2, 28 lits): UNSAT in 1.01s
    cube 3065.253.156 (depth 2, 28 lits): UNSAT in 1.29s
    cube 3065.253.157 (depth 2, 28 lits): UNSAT in 15.53s
    cube 3065.253.158 (depth 2, 28 lits): UNSAT in 0.03s
    cube 3065.253.159 (depth 2, 28 lits): UNSAT in 0.14s
    cube 3065.253.160 (depth 2, 28 lits): UNSAT in 0.04s
    cube 3065.253.161 (depth 2, 28 lits): UNSAT in 0.39s
    cube 3065.253.162 (depth 2, 28 lits): UNSAT in 0.13s
    cube 3065.253.163 (depth 2, 28 lits): UNSAT in 0.35s
    cube 3065.253.164 (depth 2, 28 lits): UNSAT in 1.03s
    cube 3065.253.165 (depth 2, 28 lits): UNSAT in 4.00s
    cube 3065.253.166 (depth 2, 28 lits): UNSAT in 0.07s
    cube 3065.253.167 (depth 2, 28 lits): UNSAT in 0.29s
    cube 3065.253.168 (depth 2, 28 lits): UNSAT in 0.35s
    cube 3065.253.169 (depth 2, 28 lits): UNSAT in 0.44s
    cube 3065.253.170 (depth 2, 28 lits): UNSAT in 0.73s
    cube 3065.253.171 (depth 2, 28 lits): UNSAT in 3.96s
    cube 3065.253.172 (depth 2, 28 lits): UNSAT in 1.55s
    cube 3065.253.173 (depth 2, 28 lits): UNSAT in 36.97s
    cube 3065.253.174 (depth 2, 28 lits): UNSAT in 0.14s
    cube 3065.253.175 (depth 2, 28 lits): UNSAT in 0.28s
    cube 3065.253.176 (depth 2, 28 lits): UNSAT in 0.30s
    cube 3065.253.177 (depth 2, 28 lits): UNSAT in 3.23s
    cube 3065.253.178 (depth 2, 28 lits): UNSAT in 0.45s
    cube 3065.253.179 (depth 2, 28 lits): UNSAT in 1.76s
    cube 3065.253.180 (depth 2, 28 lits): UNSAT in 0.45s
    cube 3065.253.181 (depth 2, 28 lits): UNSAT in 14.32s
    cube 3065.253.182 (depth 2, 28 lits): UNSAT in 1.12s
    cube 3065.253.183 (depth 2, 28 lits): UNSAT in 2.47s
    cube 3065.253.184 (depth 2, 28 lits): UNSAT in 1.53s
    cube 3065.253.185 (depth 2, 28 lits): UNSAT in 21.39s
    cube 3065.253.186 (depth 2, 28 lits): UNSAT in 1.48s
    cube 3065.253.187 (depth 2, 28 lits): UNSAT in 26.73s
    cube 3065.253.188 (depth 2, 28 lits): UNSAT in 40.19s
    cube 3065.253.189 (depth 2, 28 lits): UNSAT in 273.48s
    cube 3065.253.190 (depth 2, 28 lits): UNSAT in 0.02s
    cube 3065.253.191 (depth 2, 28 lits): UNSAT in 0.02s
    cube 3065.253.192 (depth 2, 28 lits): UNSAT in 0.03s
    cube 3065.253.193 (depth 2, 28 lits): UNSAT in 0.05s
    cube 3065.253.194 (depth 2, 28 lits): UNSAT in 0.07s
    cube 3065.253.195 (depth 2, 28 lits): UNSAT in 0.15s
    cube 3065.253.196 (depth 2, 28 lits): UNSAT in 0.06s
    cube 3065.253.197 (depth 2, 28 lits): UNSAT in 0.16s
    cube 3065.253.198 (depth 2, 28 lits): UNSAT in 0.05s
    cube 3065.253.199 (depth 2, 28 lits): UNSAT in 0.09s
    cube 3065.253.200 (depth 2, 28 lits): UNSAT in 0.15s
    cube 3065.253.201 (depth 2, 28 lits): UNSAT in 0.28s
    cube 3065.253.202 (depth 2, 28 lits): UNSAT in 0.10s
    cube 3065.253.203 (depth 2, 28 lits): UNSAT in 0.15s
    cube 3065.253.204 (depth 2, 28 lits): UNSAT in 0.52s
    cube 3065.253.205 (depth 2, 28 lits): UNSAT in 3.42s
    cube 3065.253.206 (depth 2, 28 lits): UNSAT in 0.02s
    cube 3065.253.207 (depth 2, 28 lits): UNSAT in 0.11s
    cube 3065.253.208 (depth 2, 28 lits): UNSAT in 0.11s
    cube 3065.253.209 (depth 2, 28 lits): UNSAT in 0.63s
    cube 3065.253.210 (depth 2, 28 lits): UNSAT in 0.12s
    cube 3065.253.211 (depth 2, 28 lits): UNSAT in 0.66s
    cube 3065.253.212 (depth 2, 28 lits): UNSAT in 0.89s
    cube 3065.253.213 (depth 2, 28 lits): UNSAT in 12.13s
    cube 3065.253.214 (depth 2, 28 lits): UNSAT in 0.06s
    cube 3065.253.215 (depth 2, 28 lits): UNSAT in 0.35s
    cube 3065.253.216 (depth 2, 28 lits): UNSAT in 0.34s
    cube 3065.253.217 (depth 2, 28 lits): UNSAT in 1.77s
    cube 3065.253.218 (depth 2, 28 lits): UNSAT in 0.54s
    cube 3065.253.219 (depth 2, 28 lits): UNSAT in 2.30s
    cube 3065.253.220 (depth 2, 28 lits): UNSAT in 2.61s
    cube 3065.253.221 (depth 2, 28 lits): UNSAT in 48.03s
    cube 3065.253.222 (depth 2, 28 lits): UNSAT in 0.04s
    cube 3065.253.223 (depth 2, 28 lits): UNSAT in 0.09s
    cube 3065.253.224 (depth 2, 28 lits): UNSAT in 0.04s
    cube 3065.253.225 (depth 2, 28 lits): UNSAT in 0.20s
    cube 3065.253.226 (depth 2, 28 lits): UNSAT in 0.05s
    cube 3065.253.227 (depth 2, 28 lits): UNSAT in 0.13s
    cube 3065.253.228 (depth 2, 28 lits): UNSAT in 0.29s
    cube 3065.253.229 (depth 2, 28 lits): UNSAT in 1.18s
    cube 3065.253.230 (depth 2, 28 lits): UNSAT in 0.04s
    cube 3065.253.231 (depth 2, 28 lits): UNSAT in 0.08s
    cube 3065.253.232 (depth 2, 28 lits): UNSAT in 0.15s
    cube 3065.253.233 (depth 2, 28 lits): UNSAT in 0.66s
    cube 3065.253.234 (depth 2, 28 lits): UNSAT in 1.13s
    cube 3065.253.235 (depth 2, 28 lits): UNSAT in 2.78s
    cube 3065.253.236 (depth 2, 28 lits): UNSAT in 5.97s
    cube 3065.253.237 (depth 2, 28 lits): UNSAT in 92.93s
    cube 3065.253.238 (depth 2, 28 lits): UNSAT in 0.04s
    cube 3065.253.239 (depth 2, 28 lits): UNSAT in 0.16s
    cube 3065.253.240 (depth 2, 28 lits): UNSAT in 0.06s
    cube 3065.253.241 (depth 2, 28 lits): UNSAT in 0.06s
    cube 3065.253.242 (depth 2, 28 lits): UNSAT in 0.48s
    cube 3065.253.243 (depth 2, 28 lits): UNSAT in 1.16s
    cube 3065.253.244 (depth 2, 28 lits): UNSAT in 1.67s
    cube 3065.253.245 (depth 2, 28 lits): UNSAT in 16.67s
    cube 3065.253.246 (depth 2, 28 lits): UNSAT in 0.11s
    cube 3065.253.247 (depth 2, 28 lits): UNSAT in 2.29s
    cube 3065.253.248 (depth 2, 28 lits): UNSAT in 5.91s
    cube 3065.253.249 (depth 2, 28 lits): UNSAT in 18.18s
    cube 3065.253.250 (depth 2, 28 lits): UNSAT in 0.39s
    cube 3065.253.251 (depth 2, 28 lits): UNSAT in 26.99s
    cube 3065.253.252 (depth 2, 28 lits): UNSAT in 19.42s
    cube 3065.253.253 (depth 2, 28 lits): TIMEOUT in 1200.09s
    cube 3065.253.253 TIMEOUT -> re-split into 255 sub-cubes (depth 3)
    cube 3065.253.253.0 (depth 3, 36 lits): UNSAT in 0.01s
    cube 3065.253.253.1 (depth 3, 36 lits): UNSAT in 0.02s
    cube 3065.253.253.2 (depth 3, 36 lits): UNSAT in 0.03s
    cube 3065.253.253.3 (depth 3, 36 lits): UNSAT in 0.04s
    cube 3065.253.253.4 (depth 3, 36 lits): UNSAT in 0.02s
    cube 3065.253.253.5 (depth 3, 36 lits): UNSAT in 0.03s
    cube 3065.253.253.6 (depth 3, 36 lits): UNSAT in 0.07s
    cube 3065.253.253.7 (depth 3, 36 lits): UNSAT in 0.09s
    cube 3065.253.253.8 (depth 3, 36 lits): UNSAT in 0.02s
    cube 3065.253.253.9 (depth 3, 36 lits): UNSAT in 0.03s
    cube 3065.253.253.10 (depth 3, 36 lits): UNSAT in 0.03s
    cube 3065.253.253.11 (depth 3, 36 lits): UNSAT in 0.05s
    cube 3065.253.253.12 (depth 3, 36 lits): UNSAT in 0.03s
    cube 3065.253.253.13 (depth 3, 36 lits): UNSAT in 0.06s
    cube 3065.253.253.14 (depth 3, 36 lits): UNSAT in 0.05s
    cube 3065.253.253.15 (depth 3, 36 lits): UNSAT in 0.04s
    cube 3065.253.253.16 (depth 3, 36 lits): UNSAT in 0.01s
    cube 3065.253.253.17 (depth 3, 36 lits): UNSAT in 0.01s
    cube 3065.253.253.18 (depth 3, 35 lits): UNSAT in 0.02s
    cube 3065.253.253.19 (depth 3, 36 lits): UNSAT in 0.01s
    cube 3065.253.253.20 (depth 3, 36 lits): UNSAT in 0.01s
    cube 3065.253.253.21 (depth 3, 36 lits): UNSAT in 0.01s
    cube 3065.253.253.22 (depth 3, 36 lits): UNSAT in 0.02s
    cube 3065.253.253.23 (depth 3, 36 lits): UNSAT in 0.01s
    cube 3065.253.253.24 (depth 3, 36 lits): UNSAT in 0.02s
    cube 3065.253.253.25 (depth 3, 36 lits): UNSAT in 0.02s
    cube 3065.253.253.26 (depth 3, 36 lits): UNSAT in 0.02s
    cube 3065.253.253.27 (depth 3, 36 lits): UNSAT in 0.04s
    cube 3065.253.253.28 (depth 3, 36 lits): UNSAT in 0.14s
    cube 3065.253.253.29 (depth 3, 36 lits): UNSAT in 0.06s
    cube 3065.253.253.30 (depth 3, 36 lits): UNSAT in 0.30s
    cube 3065.253.253.31 (depth 3, 36 lits): UNSAT in 0.02s
    cube 3065.253.253.32 (depth 3, 36 lits): UNSAT in 0.03s
    cube 3065.253.253.33 (depth 3, 36 lits): UNSAT in 0.06s
    cube 3065.253.253.34 (depth 3, 36 lits): UNSAT in 0.12s
    cube 3065.253.253.35 (depth 3, 36 lits): UNSAT in 0.05s
    cube 3065.253.253.36 (depth 3, 36 lits): UNSAT in 0.08s
    cube 3065.253.253.37 (depth 3, 36 lits): UNSAT in 0.09s
    cube 3065.253.253.38 (depth 3, 36 lits): UNSAT in 0.20s
    cube 3065.253.253.39 (depth 3, 36 lits): UNSAT in 0.01s
    cube 3065.253.253.40 (depth 3, 36 lits): UNSAT in 0.04s
    cube 3065.253.253.41 (depth 3, 36 lits): UNSAT in 0.02s
    cube 3065.253.253.42 (depth 3, 36 lits): UNSAT in 0.02s
    cube 3065.253.253.43 (depth 3, 36 lits): UNSAT in 0.02s
    cube 3065.253.253.44 (depth 3, 36 lits): UNSAT in 0.03s
    cube 3065.253.253.45 (depth 3, 36 lits): UNSAT in 0.22s
    cube 3065.253.253.46 (depth 3, 36 lits): UNSAT in 0.39s
    cube 3065.253.253.47 (depth 3, 36 lits): UNSAT in 0.01s
    cube 3065.253.253.48 (depth 3, 36 lits): UNSAT in 0.01s
    cube 3065.253.253.49 (depth 3, 36 lits): UNSAT in 0.01s
    cube 3065.253.253.50 (depth 3, 36 lits): UNSAT in 0.09s
    cube 3065.253.253.51 (depth 3, 36 lits): UNSAT in 0.03s
    cube 3065.253.253.52 (depth 3, 36 lits): UNSAT in 0.06s
    cube 3065.253.253.53 (depth 3, 36 lits): UNSAT in 0.06s
    cube 3065.253.253.54 (depth 3, 36 lits): UNSAT in 0.13s
    cube 3065.253.253.55 (depth 3, 36 lits): UNSAT in 0.03s
    cube 3065.253.253.56 (depth 3, 36 lits): UNSAT in 0.07s
    cube 3065.253.253.57 (depth 3, 36 lits): UNSAT in 0.05s
    cube 3065.253.253.58 (depth 3, 36 lits): UNSAT in 0.12s
    cube 3065.253.253.59 (depth 3, 36 lits): UNSAT in 0.14s
    cube 3065.253.253.60 (depth 3, 36 lits): UNSAT in 0.16s
    cube 3065.253.253.61 (depth 3, 36 lits): UNSAT in 0.14s
    cube 3065.253.253.62 (depth 3, 36 lits): UNSAT in 0.08s
    cube 3065.253.253.63 (depth 3, 36 lits): UNSAT in 0.02s
    cube 3065.253.253.64 (depth 3, 36 lits): UNSAT in 0.02s
    cube 3065.253.253.65 (depth 3, 36 lits): UNSAT in 0.02s
    cube 3065.253.253.66 (depth 3, 36 lits): UNSAT in 0.03s
    cube 3065.253.253.67 (depth 3, 36 lits): UNSAT in 0.02s
    cube 3065.253.253.68 (depth 3, 36 lits): UNSAT in 0.03s
    cube 3065.253.253.69 (depth 3, 36 lits): UNSAT in 0.03s
    cube 3065.253.253.70 (depth 3, 36 lits): UNSAT in 0.06s
    cube 3065.253.253.71 (depth 3, 36 lits): UNSAT in 0.03s
    cube 3065.253.253.72 (depth 3, 36 lits): UNSAT in 0.04s
    cube 3065.253.253.73 (depth 3, 36 lits): UNSAT in 0.04s
    cube 3065.253.253.74 (depth 3, 36 lits): UNSAT in 0.04s
    cube 3065.253.253.75 (depth 3, 36 lits): UNSAT in 0.02s
    cube 3065.253.253.76 (depth 3, 36 lits): UNSAT in 0.03s
    cube 3065.253.253.77 (depth 3, 36 lits): UNSAT in 0.04s
    cube 3065.253.253.78 (depth 3, 36 lits): UNSAT in 0.06s
    cube 3065.253.253.79 (depth 3, 36 lits): UNSAT in 0.02s
    cube 3065.253.253.80 (depth 3, 36 lits): UNSAT in 0.02s
    cube 3065.253.253.81 (depth 3, 36 lits): UNSAT in 0.02s
    cube 3065.253.253.82 (depth 3, 36 lits): UNSAT in 0.06s
    cube 3065.253.253.83 (depth 3, 36 lits): UNSAT in 0.02s
    cube 3065.253.253.84 (depth 3, 36 lits): UNSAT in 0.03s
    cube 3065.253.253.85 (depth 3, 36 lits): UNSAT in 0.04s
    cube 3065.253.253.86 (depth 3, 36 lits): UNSAT in 0.09s
    cube 3065.253.253.87 (depth 3, 36 lits): UNSAT in 0.03s
    cube 3065.253.253.88 (depth 3, 36 lits): UNSAT in 0.10s
    cube 3065.253.253.89 (depth 3, 36 lits): UNSAT in 0.06s
    cube 3065.253.253.90 (depth 3, 36 lits): UNSAT in 0.25s
    cube 3065.253.253.91 (depth 3, 36 lits): UNSAT in 0.15s
    cube 3065.253.253.92 (depth 3, 36 lits): UNSAT in 0.40s
    cube 3065.253.253.93 (depth 3, 36 lits): UNSAT in 0.61s
    cube 3065.253.253.94 (depth 3, 36 lits): UNSAT in 2.07s
    cube 3065.253.253.95 (depth 3, 36 lits): UNSAT in 0.02s
    cube 3065.253.253.96 (depth 3, 36 lits): UNSAT in 0.02s
    cube 3065.253.253.97 (depth 3, 36 lits): UNSAT in 0.03s
    cube 3065.253.253.98 (depth 3, 36 lits): UNSAT in 0.07s
    cube 3065.253.253.99 (depth 3, 36 lits): UNSAT in 0.03s
    cube 3065.253.253.100 (depth 3, 36 lits): UNSAT in 0.02s
    cube 3065.253.253.101 (depth 3, 36 lits): UNSAT in 0.15s
    cube 3065.253.253.102 (depth 3, 36 lits): UNSAT in 0.46s
    cube 3065.253.253.103 (depth 3, 36 lits): UNSAT in 0.05s
    cube 3065.253.253.104 (depth 3, 36 lits): UNSAT in 0.08s
    cube 3065.253.253.105 (depth 3, 36 lits): UNSAT in 0.03s
    cube 3065.253.253.106 (depth 3, 36 lits): UNSAT in 0.20s
    cube 3065.253.253.107 (depth 3, 36 lits): UNSAT in 0.02s
    cube 3065.253.253.108 (depth 3, 36 lits): UNSAT in 0.07s
    cube 3065.253.253.109 (depth 3, 36 lits): UNSAT in 0.21s
    cube 3065.253.253.110 (depth 3, 36 lits): UNSAT in 0.88s
    cube 3065.253.253.111 (depth 3, 36 lits): UNSAT in 0.01s
    cube 3065.253.253.112 (depth 3, 36 lits): UNSAT in 0.05s
    cube 3065.253.253.113 (depth 3, 36 lits): UNSAT in 0.05s
    cube 3065.253.253.114 (depth 3, 36 lits): UNSAT in 0.12s
    cube 3065.253.253.115 (depth 3, 36 lits): UNSAT in 0.14s
    cube 3065.253.253.116 (depth 3, 36 lits): UNSAT in 0.97s
    cube 3065.253.253.117 (depth 3, 36 lits): UNSAT in 0.48s
    cube 3065.253.253.118 (depth 3, 36 lits): UNSAT in 1.89s
    cube 3065.253.253.119 (depth 3, 36 lits): UNSAT in 0.04s
    cube 3065.253.253.120 (depth 3, 36 lits): UNSAT in 0.18s
    cube 3065.253.253.121 (depth 3, 36 lits): UNSAT in 0.28s
    cube 3065.253.253.122 (depth 3, 36 lits): UNSAT in 1.99s
    cube 3065.253.253.123 (depth 3, 36 lits): UNSAT in 0.20s
    cube 3065.253.253.124 (depth 3, 36 lits): UNSAT in 1.73s
    cube 3065.253.253.125 (depth 3, 36 lits): UNSAT in 1.94s
    cube 3065.253.253.126 (depth 3, 36 lits): UNSAT in 5.01s
    cube 3065.253.253.127 (depth 3, 36 lits): UNSAT in 0.02s
    cube 3065.253.253.128 (depth 3, 36 lits): UNSAT in 0.04s
    cube 3065.253.253.129 (depth 3, 36 lits): UNSAT in 0.03s
    cube 3065.253.253.130 (depth 3, 36 lits): UNSAT in 0.06s
    cube 3065.253.253.131 (depth 3, 36 lits): UNSAT in 0.03s
    cube 3065.253.253.132 (depth 3, 36 lits): UNSAT in 0.05s
    cube 3065.253.253.133 (depth 3, 36 lits): UNSAT in 0.04s
    cube 3065.253.253.134 (depth 3, 36 lits): UNSAT in 0.10s
    cube 3065.253.253.135 (depth 3, 36 lits): UNSAT in 0.02s
    cube 3065.253.253.136 (depth 3, 36 lits): UNSAT in 0.08s
    cube 3065.253.253.137 (depth 3, 36 lits): UNSAT in 0.07s
    cube 3065.253.253.138 (depth 3, 36 lits): UNSAT in 0.13s
    cube 3065.253.253.139 (depth 3, 36 lits): UNSAT in 0.07s
    cube 3065.253.253.140 (depth 3, 36 lits): UNSAT in 0.13s
    cube 3065.253.253.141 (depth 3, 36 lits): UNSAT in 0.09s
    cube 3065.253.253.142 (depth 3, 36 lits): UNSAT in 0.25s
    cube 3065.253.253.143 (depth 3, 36 lits): UNSAT in 0.01s
    cube 3065.253.253.144 (depth 3, 36 lits): UNSAT in 0.02s
    cube 3065.253.253.145 (depth 3, 36 lits): UNSAT in 0.01s
    cube 3065.253.253.146 (depth 3, 36 lits): UNSAT in 0.03s
    cube 3065.253.253.147 (depth 3, 36 lits): UNSAT in 0.02s
    cube 3065.253.253.148 (depth 3, 36 lits): UNSAT in 0.03s
    cube 3065.253.253.149 (depth 3, 36 lits): UNSAT in 0.03s
    cube 3065.253.253.150 (depth 3, 36 lits): UNSAT in 0.06s
    cube 3065.253.253.151 (depth 3, 36 lits): UNSAT in 0.02s
    cube 3065.253.253.152 (depth 3, 36 lits): UNSAT in 0.03s
    cube 3065.253.253.153 (depth 3, 36 lits): UNSAT in 0.03s
    cube 3065.253.253.154 (depth 3, 36 lits): UNSAT in 0.11s
    cube 3065.253.253.155 (depth 3, 36 lits): UNSAT in 0.15s
    cube 3065.253.253.156 (depth 3, 36 lits): UNSAT in 0.47s
    cube 3065.253.253.157 (depth 3, 36 lits): UNSAT in 0.70s
    cube 3065.253.253.158 (depth 3, 36 lits): UNSAT in 1.37s
    cube 3065.253.253.159 (depth 3, 36 lits): UNSAT in 0.03s
    cube 3065.253.253.160 (depth 3, 36 lits): UNSAT in 0.14s
    cube 3065.253.253.161 (depth 3, 36 lits): UNSAT in 0.03s
    cube 3065.253.253.162 (depth 3, 36 lits): UNSAT in 0.08s
    cube 3065.253.253.163 (depth 3, 36 lits): UNSAT in 0.02s
    cube 3065.253.253.164 (depth 3, 36 lits): UNSAT in 0.14s
    cube 3065.253.253.165 (depth 3, 36 lits): UNSAT in 0.09s
    cube 3065.253.253.166 (depth 3, 36 lits): UNSAT in 0.16s
    cube 3065.253.253.167 (depth 3, 36 lits): UNSAT in 0.03s
    cube 3065.253.253.168 (depth 3, 36 lits): UNSAT in 0.07s
    cube 3065.253.253.169 (depth 3, 36 lits): UNSAT in 0.09s
    cube 3065.253.253.170 (depth 3, 36 lits): UNSAT in 0.25s
    cube 3065.253.253.171 (depth 3, 36 lits): UNSAT in 0.21s
    cube 3065.253.253.172 (depth 3, 36 lits): UNSAT in 0.95s
    cube 3065.253.253.173 (depth 3, 36 lits): UNSAT in 1.61s
    cube 3065.253.253.174 (depth 3, 36 lits): UNSAT in 5.95s
    cube 3065.253.253.175 (depth 3, 36 lits): UNSAT in 0.02s
    cube 3065.253.253.176 (depth 3, 36 lits): UNSAT in 0.07s
    cube 3065.253.253.177 (depth 3, 36 lits): UNSAT in 0.03s
    cube 3065.253.253.178 (depth 3, 36 lits): UNSAT in 0.18s
    cube 3065.253.253.179 (depth 3, 36 lits): UNSAT in 0.10s
    cube 3065.253.253.180 (depth 3, 36 lits): UNSAT in 0.49s
    cube 3065.253.253.181 (depth 3, 36 lits): UNSAT in 0.09s
    cube 3065.253.253.182 (depth 3, 36 lits): UNSAT in 0.93s
    cube 3065.253.253.183 (depth 3, 36 lits): UNSAT in 0.02s
    cube 3065.253.253.184 (depth 3, 36 lits): UNSAT in 0.11s
    cube 3065.253.253.185 (depth 3, 36 lits): UNSAT in 0.32s
    cube 3065.253.253.186 (depth 3, 36 lits): UNSAT in 2.10s
    cube 3065.253.253.187 (depth 3, 36 lits): UNSAT in 0.08s
    cube 3065.253.253.188 (depth 3, 36 lits): UNSAT in 5.07s
    cube 3065.253.253.189 (depth 3, 36 lits): UNSAT in 2.09s
    cube 3065.253.253.190 (depth 3, 36 lits): UNSAT in 13.70s
    cube 3065.253.253.191 (depth 3, 36 lits): UNSAT in 0.02s
    cube 3065.253.253.192 (depth 3, 36 lits): UNSAT in 0.04s
    cube 3065.253.253.193 (depth 3, 36 lits): UNSAT in 0.01s
    cube 3065.253.253.194 (depth 3, 36 lits): UNSAT in 0.03s
    cube 3065.253.253.195 (depth 3, 36 lits): UNSAT in 0.03s
    cube 3065.253.253.196 (depth 3, 36 lits): UNSAT in 0.04s
    cube 3065.253.253.197 (depth 3, 36 lits): UNSAT in 0.07s
    cube 3065.253.253.198 (depth 3, 36 lits): UNSAT in 0.23s
    cube 3065.253.253.199 (depth 3, 36 lits): UNSAT in 0.02s
    cube 3065.253.253.200 (depth 3, 36 lits): UNSAT in 0.04s
    cube 3065.253.253.201 (depth 3, 36 lits): UNSAT in 0.04s
    cube 3065.253.253.202 (depth 3, 36 lits): UNSAT in 0.11s
    cube 3065.253.253.203 (depth 3, 36 lits): UNSAT in 0.06s
    cube 3065.253.253.204 (depth 3, 36 lits): UNSAT in 0.13s
    cube 3065.253.253.205 (depth 3, 36 lits): UNSAT in 0.19s
    cube 3065.253.253.206 (depth 3, 36 lits): UNSAT in 1.55s
    cube 3065.253.253.207 (depth 3, 36 lits): UNSAT in 0.05s
    cube 3065.253.253.208 (depth 3, 36 lits): UNSAT in 0.29s
    cube 3065.253.253.209 (depth 3, 36 lits): UNSAT in 0.19s
    cube 3065.253.253.210 (depth 3, 36 lits): UNSAT in 0.49s
    cube 3065.253.253.211 (depth 3, 36 lits): UNSAT in 0.06s
    cube 3065.253.253.212 (depth 3, 36 lits): UNSAT in 0.30s
    cube 3065.253.253.213 (depth 3, 36 lits): UNSAT in 0.11s
    cube 3065.253.253.214 (depth 3, 36 lits): UNSAT in 0.93s
    cube 3065.253.253.215 (depth 3, 36 lits): UNSAT in 0.12s
    cube 3065.253.253.216 (depth 3, 36 lits): UNSAT in 1.04s
    cube 3065.253.253.217 (depth 3, 36 lits): UNSAT in 0.33s
    cube 3065.253.253.218 (depth 3, 36 lits): UNSAT in 6.16s
    cube 3065.253.253.219 (depth 3, 36 lits): UNSAT in 2.13s
    cube 3065.253.253.220 (depth 3, 36 lits): UNSAT in 8.27s
    cube 3065.253.253.221 (depth 3, 36 lits): UNSAT in 5.45s
    cube 3065.253.253.222 (depth 3, 36 lits): UNSAT in 71.64s
    cube 3065.253.253.223 (depth 3, 36 lits): UNSAT in 0.02s
    cube 3065.253.253.224 (depth 3, 36 lits): UNSAT in 0.02s
    cube 3065.253.253.225 (depth 3, 36 lits): UNSAT in 0.02s
    cube 3065.253.253.226 (depth 3, 36 lits): UNSAT in 0.04s
    cube 3065.253.253.227 (depth 3, 36 lits): UNSAT in 0.03s
    cube 3065.253.253.228 (depth 3, 36 lits): UNSAT in 0.09s
    cube 3065.253.253.229 (depth 3, 36 lits): UNSAT in 0.07s
    cube 3065.253.253.230 (depth 3, 36 lits): UNSAT in 0.52s
    cube 3065.253.253.231 (depth 3, 36 lits): UNSAT in 0.04s
    cube 3065.253.253.232 (depth 3, 36 lits): UNSAT in 0.05s
    cube 3065.253.253.233 (depth 3, 36 lits): UNSAT in 0.09s
    cube 3065.253.253.234 (depth 3, 36 lits): UNSAT in 0.13s
    cube 3065.253.253.235 (depth 3, 36 lits): UNSAT in 0.08s
    cube 3065.253.253.236 (depth 3, 36 lits): UNSAT in 0.41s
    cube 3065.253.253.237 (depth 3, 36 lits): UNSAT in 0.28s
    cube 3065.253.253.238 (depth 3, 36 lits): UNSAT in 1.61s
    cube 3065.253.253.239 (depth 3, 36 lits): UNSAT in 0.05s
    cube 3065.253.253.240 (depth 3, 36 lits): UNSAT in 0.23s
    cube 3065.253.253.241 (depth 3, 36 lits): UNSAT in 0.28s
    cube 3065.253.253.242 (depth 3, 36 lits): UNSAT in 0.47s
    cube 3065.253.253.243 (depth 3, 36 lits): UNSAT in 0.08s
    cube 3065.253.253.244 (depth 3, 36 lits): UNSAT in 0.28s
    cube 3065.253.253.245 (depth 3, 36 lits): UNSAT in 0.24s
    cube 3065.253.253.246 (depth 3, 36 lits): UNSAT in 0.64s
    cube 3065.253.253.247 (depth 3, 36 lits): UNSAT in 0.26s
    cube 3065.253.253.248 (depth 3, 36 lits): UNSAT in 0.91s
    cube 3065.253.253.249 (depth 3, 36 lits): UNSAT in 1.74s
    cube 3065.253.253.250 (depth 3, 36 lits): UNSAT in 6.61s
    cube 3065.253.253.251 (depth 3, 36 lits): UNSAT in 1.01s
    cube 3065.253.253.252 (depth 3, 36 lits): UNSAT in 6.87s
    cube 3065.253.253.253 (depth 3, 36 lits): UNSAT in 10.10s
    cube 3065.253.253.254 (depth 3, 36 lits): UNSAT in 74.43s

  shard 18 verdict: UNSAT (1 UNSAT, 0 unresolved) in 14356.8s
