  shard 13/24 (explicit): 1 of 4095 cubes, per-cube cap 1200.0s, re-split depth 7
    cube 3060 (depth 0, 12 lits): TIMEOUT in 1200.04s
    cube 3060 TIMEOUT -> re-split into 256 sub-cubes (depth 1)
    cube 3060.0 (depth 1, 20 lits): UNSAT in 0.02s
    cube 3060.1 (depth 1, 20 lits): UNSAT in 0.03s
    cube 3060.2 (depth 1, 20 lits): UNSAT in 0.04s
    cube 3060.3 (depth 1, 20 lits): UNSAT in 0.06s
    cube 3060.4 (depth 1, 20 lits): UNSAT in 0.02s
    cube 3060.5 (depth 1, 20 lits): UNSAT in 0.03s
    cube 3060.6 (depth 1, 20 lits): UNSAT in 0.02s
    cube 3060.7 (depth 1, 20 lits): UNSAT in 0.14s
    cube 3060.8 (depth 1, 20 lits): UNSAT in 0.02s
    cube 3060.9 (depth 1, 20 lits): UNSAT in 0.22s
    cube 3060.10 (depth 1, 20 lits): UNSAT in 0.17s
    cube 3060.11 (depth 1, 20 lits): UNSAT in 0.37s
    cube 3060.12 (depth 1, 20 lits): UNSAT in 0.06s
    cube 3060.13 (depth 1, 20 lits): UNSAT in 0.29s
    cube 3060.14 (depth 1, 20 lits): UNSAT in 0.32s
    cube 3060.15 (depth 1, 20 lits): UNSAT in 0.88s
    cube 3060.16 (depth 1, 20 lits): UNSAT in 0.07s
    cube 3060.17 (depth 1, 20 lits): UNSAT in 0.05s
    cube 3060.18 (depth 1, 20 lits): UNSAT in 0.04s
    cube 3060.19 (depth 1, 20 lits): UNSAT in 0.30s
    cube 3060.20 (depth 1, 20 lits): UNSAT in 0.04s
    cube 3060.21 (depth 1, 20 lits): UNSAT in 0.14s
    cube 3060.22 (depth 1, 20 lits): UNSAT in 0.08s
    cube 3060.23 (depth 1, 20 lits): UNSAT in 0.34s
    cube 3060.24 (depth 1, 20 lits): UNSAT in 0.27s
    cube 3060.25 (depth 1, 20 lits): UNSAT in 0.18s
    cube 3060.26 (depth 1, 20 lits): UNSAT in 0.08s
    cube 3060.27 (depth 1, 20 lits): UNSAT in 0.87s
    cube 3060.28 (depth 1, 20 lits): UNSAT in 0.72s
    cube 3060.29 (depth 1, 20 lits): UNSAT in 0.42s
    cube 3060.30 (depth 1, 20 lits): UNSAT in 1.43s
    cube 3060.31 (depth 1, 20 lits): UNSAT in 0.96s
    cube 3060.32 (depth 1, 20 lits): UNSAT in 0.02s
    cube 3060.33 (depth 1, 20 lits): UNSAT in 0.03s
    cube 3060.34 (depth 1, 20 lits): UNSAT in 0.03s
    cube 3060.35 (depth 1, 20 lits): UNSAT in 0.05s
    cube 3060.36 (depth 1, 20 lits): UNSAT in 0.03s
    cube 3060.37 (depth 1, 20 lits): UNSAT in 0.10s
    cube 3060.38 (depth 1, 20 lits): UNSAT in 0.08s
    cube 3060.39 (depth 1, 20 lits): UNSAT in 0.35s
    cube 3060.40 (depth 1, 20 lits): UNSAT in 0.04s
    cube 3060.41 (depth 1, 20 lits): UNSAT in 0.12s
    cube 3060.42 (depth 1, 20 lits): UNSAT in 0.08s
    cube 3060.43 (depth 1, 20 lits): UNSAT in 0.26s
    cube 3060.44 (depth 1, 20 lits): UNSAT in 0.05s
    cube 3060.45 (depth 1, 20 lits): UNSAT in 0.12s
    cube 3060.46 (depth 1, 20 lits): UNSAT in 0.14s
    cube 3060.47 (depth 1, 20 lits): UNSAT in 0.54s
    cube 3060.48 (depth 1, 20 lits): UNSAT in 0.03s
    cube 3060.49 (depth 1, 20 lits): UNSAT in 0.04s
    cube 3060.50 (depth 1, 20 lits): UNSAT in 0.06s
    cube 3060.51 (depth 1, 20 lits): UNSAT in 0.08s
    cube 3060.52 (depth 1, 20 lits): UNSAT in 0.08s
    cube 3060.53 (depth 1, 20 lits): UNSAT in 0.24s
    cube 3060.54 (depth 1, 20 lits): UNSAT in 0.18s
    cube 3060.55 (depth 1, 20 lits): UNSAT in 1.00s
    cube 3060.56 (depth 1, 20 lits): UNSAT in 0.28s
    cube 3060.57 (depth 1, 20 lits): UNSAT in 0.96s
    cube 3060.58 (depth 1, 20 lits): UNSAT in 0.50s
    cube 3060.59 (depth 1, 20 lits): UNSAT in 1.67s
    cube 3060.60 (depth 1, 20 lits): UNSAT in 0.50s
    cube 3060.61 (depth 1, 20 lits): UNSAT in 0.25s
    cube 3060.62 (depth 1, 20 lits): UNSAT in 0.20s
    cube 3060.63 (depth 1, 20 lits): UNSAT in 1.51s
    cube 3060.64 (depth 1, 20 lits): UNSAT in 0.05s
    cube 3060.65 (depth 1, 20 lits): UNSAT in 0.06s
    cube 3060.66 (depth 1, 20 lits): UNSAT in 0.06s
    cube 3060.67 (depth 1, 20 lits): UNSAT in 0.29s
    cube 3060.68 (depth 1, 20 lits): UNSAT in 0.04s
    cube 3060.69 (depth 1, 20 lits): UNSAT in 0.05s
    cube 3060.70 (depth 1, 20 lits): UNSAT in 0.05s
    cube 3060.71 (depth 1, 20 lits): UNSAT in 0.25s
    cube 3060.72 (depth 1, 20 lits): UNSAT in 0.07s
    cube 3060.73 (depth 1, 20 lits): UNSAT in 0.13s
    cube 3060.74 (depth 1, 20 lits): UNSAT in 0.45s
    cube 3060.75 (depth 1, 20 lits): UNSAT in 1.27s
    cube 3060.76 (depth 1, 20 lits): UNSAT in 0.44s
    cube 3060.77 (depth 1, 20 lits): UNSAT in 2.28s
    cube 3060.78 (depth 1, 20 lits): UNSAT in 0.86s
    cube 3060.79 (depth 1, 20 lits): UNSAT in 4.35s
    cube 3060.80 (depth 1, 20 lits): UNSAT in 0.17s
    cube 3060.81 (depth 1, 20 lits): UNSAT in 0.28s
    cube 3060.82 (depth 1, 20 lits): UNSAT in 0.41s
    cube 3060.83 (depth 1, 20 lits): UNSAT in 1.91s
    cube 3060.84 (depth 1, 20 lits): UNSAT in 0.24s
    cube 3060.85 (depth 1, 20 lits): UNSAT in 2.08s
    cube 3060.86 (depth 1, 20 lits): UNSAT in 0.23s
    cube 3060.87 (depth 1, 20 lits): UNSAT in 11.35s
    cube 3060.88 (depth 1, 20 lits): UNSAT in 1.01s
    cube 3060.89 (depth 1, 20 lits): UNSAT in 4.15s
    cube 3060.90 (depth 1, 20 lits): UNSAT in 1.36s
    cube 3060.91 (depth 1, 20 lits): UNSAT in 8.09s
    cube 3060.92 (depth 1, 20 lits): UNSAT in 1.56s
    cube 3060.93 (depth 1, 20 lits): UNSAT in 9.47s
    cube 3060.94 (depth 1, 20 lits): UNSAT in 8.83s
    cube 3060.95 (depth 1, 20 lits): UNSAT in 44.38s
    cube 3060.96 (depth 1, 20 lits): UNSAT in 0.04s
    cube 3060.97 (depth 1, 20 lits): UNSAT in 0.07s
    cube 3060.98 (depth 1, 20 lits): UNSAT in 0.28s
    cube 3060.99 (depth 1, 20 lits): UNSAT in 0.67s
    cube 3060.100 (depth 1, 20 lits): UNSAT in 0.14s
    cube 3060.101 (depth 1, 20 lits): UNSAT in 1.35s
    cube 3060.102 (depth 1, 20 lits): UNSAT in 0.45s
    cube 3060.103 (depth 1, 20 lits): UNSAT in 2.75s
    cube 3060.104 (depth 1, 20 lits): UNSAT in 0.43s
    cube 3060.105 (depth 1, 20 lits): UNSAT in 2.30s
    cube 3060.106 (depth 1, 20 lits): UNSAT in 0.56s
    cube 3060.107 (depth 1, 20 lits): UNSAT in 13.51s
    cube 3060.108 (depth 1, 20 lits): UNSAT in 2.38s
    cube 3060.109 (depth 1, 20 lits): UNSAT in 3.89s
    cube 3060.110 (depth 1, 20 lits): UNSAT in 3.10s
    cube 3060.111 (depth 1, 20 lits): UNSAT in 11.26s
    cube 3060.112 (depth 1, 20 lits): UNSAT in 0.11s
    cube 3060.113 (depth 1, 20 lits): UNSAT in 0.08s
    cube 3060.114 (depth 1, 20 lits): UNSAT in 0.49s
    cube 3060.115 (depth 1, 20 lits): UNSAT in 1.68s
    cube 3060.116 (depth 1, 20 lits): UNSAT in 3.06s
    cube 3060.117 (depth 1, 20 lits): UNSAT in 17.02s
    cube 3060.118 (depth 1, 20 lits): UNSAT in 1.67s
    cube 3060.119 (depth 1, 20 lits): UNSAT in 25.85s
    cube 3060.120 (depth 1, 20 lits): UNSAT in 4.43s
    cube 3060.121 (depth 1, 20 lits): UNSAT in 16.34s
    cube 3060.122 (depth 1, 20 lits): UNSAT in 5.95s
    cube 3060.123 (depth 1, 20 lits): UNSAT in 82.12s
    cube 3060.124 (depth 1, 20 lits): UNSAT in 21.37s
    cube 3060.125 (depth 1, 20 lits): UNSAT in 31.73s
    cube 3060.126 (depth 1, 20 lits): UNSAT in 256.26s
    cube 3060.127 (depth 1, 20 lits): TIMEOUT in 1200.10s
    cube 3060.127 TIMEOUT -> re-split into 250 sub-cubes (depth 2)
    cube 3060.127.0 (depth 2, 28 lits): UNSAT in 0.01s
    cube 3060.127.1 (depth 2, 28 lits): UNSAT in 0.02s
    cube 3060.127.2 (depth 2, 28 lits): UNSAT in 0.02s
    cube 3060.127.3 (depth 2, 28 lits): UNSAT in 0.02s
    cube 3060.127.4 (depth 2, 28 lits): UNSAT in 0.02s
    cube 3060.127.5 (depth 2, 28 lits): UNSAT in 0.03s
    cube 3060.127.6 (depth 2, 28 lits): UNSAT in 0.03s
    cube 3060.127.7 (depth 2, 28 lits): UNSAT in 0.08s
    cube 3060.127.8 (depth 2, 28 lits): UNSAT in 0.02s
    cube 3060.127.9 (depth 2, 28 lits): UNSAT in 0.04s
    cube 3060.127.10 (depth 2, 28 lits): UNSAT in 0.02s
    cube 3060.127.11 (depth 2, 28 lits): UNSAT in 0.10s
    cube 3060.127.12 (depth 2, 28 lits): UNSAT in 0.02s
    cube 3060.127.13 (depth 2, 28 lits): UNSAT in 0.09s
    cube 3060.127.14 (depth 2, 28 lits): UNSAT in 0.09s
    cube 3060.127.15 (depth 2, 28 lits): UNSAT in 0.34s
    cube 3060.127.16 (depth 2, 27 lits): UNSAT in 0.02s
    cube 3060.127.17 (depth 2, 28 lits): UNSAT in 0.02s
    cube 3060.127.18 (depth 2, 28 lits): UNSAT in 0.03s
    cube 3060.127.19 (depth 2, 27 lits): UNSAT in 0.02s
    cube 3060.127.20 (depth 2, 28 lits): UNSAT in 0.03s
    cube 3060.127.21 (depth 2, 28 lits): UNSAT in 0.10s
    cube 3060.127.22 (depth 2, 28 lits): UNSAT in 0.02s
    cube 3060.127.23 (depth 2, 28 lits): UNSAT in 0.02s
    cube 3060.127.24 (depth 2, 28 lits): UNSAT in 0.06s
    cube 3060.127.25 (depth 2, 28 lits): UNSAT in 0.05s
    cube 3060.127.26 (depth 2, 28 lits): UNSAT in 0.05s
    cube 3060.127.27 (depth 2, 28 lits): UNSAT in 0.06s
    cube 3060.127.28 (depth 2, 28 lits): UNSAT in 0.12s
    cube 3060.127.29 (depth 2, 28 lits): UNSAT in 0.47s
    cube 3060.127.30 (depth 2, 28 lits): UNSAT in 0.01s
    cube 3060.127.31 (depth 2, 28 lits): UNSAT in 0.02s
    cube 3060.127.32 (depth 2, 27 lits): UNSAT in 0.02s
    cube 3060.127.33 (depth 2, 28 lits): UNSAT in 0.02s
    cube 3060.127.34 (depth 2, 28 lits): UNSAT in 0.02s
    cube 3060.127.35 (depth 2, 28 lits): UNSAT in 0.03s
    cube 3060.127.36 (depth 2, 28 lits): UNSAT in 0.04s
    cube 3060.127.37 (depth 2, 28 lits): UNSAT in 0.02s
    cube 3060.127.38 (depth 2, 28 lits): UNSAT in 0.03s
    cube 3060.127.39 (depth 2, 28 lits): UNSAT in 0.03s
    cube 3060.127.40 (depth 2, 28 lits): UNSAT in 0.04s
    cube 3060.127.41 (depth 2, 28 lits): UNSAT in 0.02s
    cube 3060.127.42 (depth 2, 28 lits): UNSAT in 0.04s
    cube 3060.127.43 (depth 2, 28 lits): UNSAT in 0.05s
    cube 3060.127.44 (depth 2, 28 lits): UNSAT in 0.16s
    cube 3060.127.45 (depth 2, 28 lits): UNSAT in 0.03s
    cube 3060.127.46 (depth 2, 28 lits): UNSAT in 0.03s
    cube 3060.127.47 (depth 2, 28 lits): UNSAT in 0.02s
    cube 3060.127.48 (depth 2, 28 lits): UNSAT in 0.04s
    cube 3060.127.49 (depth 2, 28 lits): UNSAT in 0.07s
    cube 3060.127.50 (depth 2, 28 lits): UNSAT in 0.07s
    cube 3060.127.51 (depth 2, 28 lits): UNSAT in 0.16s
    cube 3060.127.52 (depth 2, 28 lits): UNSAT in 0.06s
    cube 3060.127.53 (depth 2, 28 lits): UNSAT in 0.02s
    cube 3060.127.54 (depth 2, 28 lits): UNSAT in 0.03s
    cube 3060.127.55 (depth 2, 28 lits): UNSAT in 0.04s
    cube 3060.127.56 (depth 2, 28 lits): UNSAT in 0.19s
    cube 3060.127.57 (depth 2, 28 lits): UNSAT in 0.11s
    cube 3060.127.58 (depth 2, 28 lits): UNSAT in 0.38s
    cube 3060.127.59 (depth 2, 28 lits): UNSAT in 0.33s
    cube 3060.127.60 (depth 2, 28 lits): UNSAT in 1.16s
    cube 3060.127.61 (depth 2, 27 lits): UNSAT in 0.02s
    cube 3060.127.62 (depth 2, 28 lits): UNSAT in 0.02s
    cube 3060.127.63 (depth 2, 28 lits): UNSAT in 0.03s
    cube 3060.127.64 (depth 2, 27 lits): UNSAT in 0.02s
    cube 3060.127.65 (depth 2, 28 lits): UNSAT in 0.02s
    cube 3060.127.66 (depth 2, 28 lits): UNSAT in 0.04s
    cube 3060.127.67 (depth 2, 28 lits): UNSAT in 0.03s
    cube 3060.127.68 (depth 2, 28 lits): UNSAT in 0.06s
    cube 3060.127.69 (depth 2, 28 lits): UNSAT in 0.04s
    cube 3060.127.70 (depth 2, 28 lits): UNSAT in 0.09s
    cube 3060.127.71 (depth 2, 28 lits): UNSAT in 0.03s
    cube 3060.127.72 (depth 2, 28 lits): UNSAT in 0.04s
    cube 3060.127.73 (depth 2, 28 lits): UNSAT in 0.08s
    cube 3060.127.74 (depth 2, 28 lits): UNSAT in 0.14s
    cube 3060.127.75 (depth 2, 28 lits): UNSAT in 0.04s
    cube 3060.127.76 (depth 2, 28 lits): UNSAT in 0.03s
    cube 3060.127.77 (depth 2, 28 lits): UNSAT in 0.14s
    cube 3060.127.78 (depth 2, 28 lits): UNSAT in 0.17s
    cube 3060.127.79 (depth 2, 28 lits): UNSAT in 0.04s
    cube 3060.127.80 (depth 2, 28 lits): UNSAT in 0.30s
    cube 3060.127.81 (depth 2, 28 lits): UNSAT in 0.33s
    cube 3060.127.82 (depth 2, 28 lits): UNSAT in 2.35s
    cube 3060.127.83 (depth 2, 28 lits): UNSAT in 0.04s
    cube 3060.127.84 (depth 2, 28 lits): UNSAT in 0.16s
    cube 3060.127.85 (depth 2, 28 lits): UNSAT in 0.27s
    cube 3060.127.86 (depth 2, 28 lits): UNSAT in 1.09s
    cube 3060.127.87 (depth 2, 28 lits): UNSAT in 0.33s
    cube 3060.127.88 (depth 2, 28 lits): UNSAT in 1.22s
    cube 3060.127.89 (depth 2, 28 lits): UNSAT in 3.36s
    cube 3060.127.90 (depth 2, 28 lits): UNSAT in 17.99s
    cube 3060.127.91 (depth 2, 28 lits): UNSAT in 0.04s
    cube 3060.127.92 (depth 2, 28 lits): UNSAT in 0.05s
    cube 3060.127.93 (depth 2, 28 lits): UNSAT in 0.08s
    cube 3060.127.94 (depth 2, 28 lits): UNSAT in 0.25s
    cube 3060.127.95 (depth 2, 28 lits): UNSAT in 0.08s
    cube 3060.127.96 (depth 2, 28 lits): UNSAT in 0.10s
    cube 3060.127.97 (depth 2, 28 lits): UNSAT in 0.23s
    cube 3060.127.98 (depth 2, 28 lits): UNSAT in 2.19s
    cube 3060.127.99 (depth 2, 28 lits): UNSAT in 0.14s
    cube 3060.127.100 (depth 2, 28 lits): UNSAT in 0.55s
    cube 3060.127.101 (depth 2, 28 lits): UNSAT in 0.40s
    cube 3060.127.102 (depth 2, 28 lits): UNSAT in 2.59s
    cube 3060.127.103 (depth 2, 28 lits): UNSAT in 0.27s
    cube 3060.127.104 (depth 2, 28 lits): UNSAT in 2.86s
    cube 3060.127.105 (depth 2, 28 lits): UNSAT in 3.58s
    cube 3060.127.106 (depth 2, 28 lits): UNSAT in 13.34s
    cube 3060.127.107 (depth 2, 28 lits): UNSAT in 0.12s
    cube 3060.127.108 (depth 2, 28 lits): UNSAT in 0.34s
    cube 3060.127.109 (depth 2, 28 lits): UNSAT in 0.16s
    cube 3060.127.110 (depth 2, 28 lits): UNSAT in 0.61s
    cube 3060.127.111 (depth 2, 28 lits): UNSAT in 0.07s
    cube 3060.127.112 (depth 2, 28 lits): UNSAT in 0.26s
    cube 3060.127.113 (depth 2, 28 lits): UNSAT in 0.78s
    cube 3060.127.114 (depth 2, 28 lits): UNSAT in 1.60s
    cube 3060.127.115 (depth 2, 28 lits): UNSAT in 0.20s
    cube 3060.127.116 (depth 2, 28 lits): UNSAT in 1.06s
    cube 3060.127.117 (depth 2, 28 lits): UNSAT in 1.50s
    cube 3060.127.118 (depth 2, 28 lits): UNSAT in 4.91s
    cube 3060.127.119 (depth 2, 28 lits): UNSAT in 1.47s
    cube 3060.127.120 (depth 2, 28 lits): UNSAT in 1.40s
    cube 3060.127.121 (depth 2, 28 lits): UNSAT in 1.99s
    cube 3060.127.122 (depth 2, 28 lits): UNSAT in 18.53s
    cube 3060.127.123 (depth 2, 27 lits): UNSAT in 0.01s
    cube 3060.127.124 (depth 2, 28 lits): UNSAT in 0.02s
    cube 3060.127.125 (depth 2, 28 lits): UNSAT in 0.04s
    cube 3060.127.126 (depth 2, 28 lits): UNSAT in 0.01s
    cube 3060.127.127 (depth 2, 28 lits): UNSAT in 0.02s
    cube 3060.127.128 (depth 2, 28 lits): UNSAT in 0.01s
    cube 3060.127.129 (depth 2, 28 lits): UNSAT in 0.03s
    cube 3060.127.130 (depth 2, 28 lits): UNSAT in 0.01s
    cube 3060.127.131 (depth 2, 28 lits): UNSAT in 0.02s
    cube 3060.127.132 (depth 2, 28 lits): UNSAT in 0.03s
    cube 3060.127.133 (depth 2, 28 lits): UNSAT in 0.08s
    cube 3060.127.134 (depth 2, 28 lits): UNSAT in 0.01s
    cube 3060.127.135 (depth 2, 28 lits): UNSAT in 0.02s
    cube 3060.127.136 (depth 2, 28 lits): UNSAT in 0.10s
    cube 3060.127.137 (depth 2, 28 lits): UNSAT in 0.10s
    cube 3060.127.138 (depth 2, 28 lits): UNSAT in 0.02s
    cube 3060.127.139 (depth 2, 28 lits): UNSAT in 0.03s
    cube 3060.127.140 (depth 2, 28 lits): UNSAT in 0.02s
    cube 3060.127.141 (depth 2, 28 lits): UNSAT in 0.07s
    cube 3060.127.142 (depth 2, 28 lits): UNSAT in 0.03s
    cube 3060.127.143 (depth 2, 28 lits): UNSAT in 0.05s
    cube 3060.127.144 (depth 2, 28 lits): UNSAT in 0.02s
    cube 3060.127.145 (depth 2, 28 lits): UNSAT in 0.04s
    cube 3060.127.146 (depth 2, 28 lits): UNSAT in 0.04s
    cube 3060.127.147 (depth 2, 28 lits): UNSAT in 0.12s
    cube 3060.127.148 (depth 2, 28 lits): UNSAT in 0.04s
    cube 3060.127.149 (depth 2, 28 lits): UNSAT in 0.21s
    cube 3060.127.150 (depth 2, 28 lits): UNSAT in 0.07s
    cube 3060.127.151 (depth 2, 28 lits): UNSAT in 0.11s
    cube 3060.127.152 (depth 2, 28 lits): UNSAT in 0.14s
    cube 3060.127.153 (depth 2, 28 lits): UNSAT in 0.79s
    cube 3060.127.154 (depth 2, 28 lits): UNSAT in 0.03s
    cube 3060.127.155 (depth 2, 28 lits): UNSAT in 0.10s
    cube 3060.127.156 (depth 2, 28 lits): UNSAT in 0.07s
    cube 3060.127.157 (depth 2, 28 lits): UNSAT in 0.13s
    cube 3060.127.158 (depth 2, 28 lits): UNSAT in 0.02s
    cube 3060.127.159 (depth 2, 28 lits): UNSAT in 0.08s
    cube 3060.127.160 (depth 2, 28 lits): UNSAT in 0.28s
    cube 3060.127.161 (depth 2, 28 lits): UNSAT in 0.46s
    cube 3060.127.162 (depth 2, 28 lits): UNSAT in 0.06s
    cube 3060.127.163 (depth 2, 28 lits): UNSAT in 0.20s
    cube 3060.127.164 (depth 2, 28 lits): UNSAT in 0.29s
    cube 3060.127.165 (depth 2, 28 lits): UNSAT in 0.27s
    cube 3060.127.166 (depth 2, 28 lits): UNSAT in 0.06s
    cube 3060.127.167 (depth 2, 28 lits): UNSAT in 0.63s
    cube 3060.127.168 (depth 2, 28 lits): UNSAT in 0.83s
    cube 3060.127.169 (depth 2, 28 lits): UNSAT in 4.04s
    cube 3060.127.170 (depth 2, 28 lits): UNSAT in 0.02s
    cube 3060.127.171 (depth 2, 28 lits): UNSAT in 0.15s
    cube 3060.127.172 (depth 2, 28 lits): UNSAT in 0.15s
    cube 3060.127.173 (depth 2, 28 lits): UNSAT in 0.45s
    cube 3060.127.174 (depth 2, 28 lits): UNSAT in 0.22s
    cube 3060.127.175 (depth 2, 28 lits): UNSAT in 0.19s
    cube 3060.127.176 (depth 2, 28 lits): UNSAT in 0.25s
    cube 3060.127.177 (depth 2, 28 lits): UNSAT in 0.51s
    cube 3060.127.178 (depth 2, 28 lits): UNSAT in 0.09s
    cube 3060.127.179 (depth 2, 28 lits): UNSAT in 0.27s
    cube 3060.127.180 (depth 2, 28 lits): UNSAT in 1.98s
    cube 3060.127.181 (depth 2, 28 lits): UNSAT in 2.74s
    cube 3060.127.182 (depth 2, 28 lits): UNSAT in 0.56s
    cube 3060.127.183 (depth 2, 28 lits): UNSAT in 10.33s
    cube 3060.127.184 (depth 2, 28 lits): UNSAT in 8.00s
    cube 3060.127.185 (depth 2, 28 lits): UNSAT in 78.27s
    cube 3060.127.186 (depth 2, 28 lits): UNSAT in 0.02s
    cube 3060.127.187 (depth 2, 28 lits): UNSAT in 0.02s
    cube 3060.127.188 (depth 2, 28 lits): UNSAT in 0.02s
    cube 3060.127.189 (depth 2, 28 lits): UNSAT in 0.05s
    cube 3060.127.190 (depth 2, 28 lits): UNSAT in 0.01s
    cube 3060.127.191 (depth 2, 28 lits): UNSAT in 0.02s
    cube 3060.127.192 (depth 2, 28 lits): UNSAT in 0.02s
    cube 3060.127.193 (depth 2, 28 lits): UNSAT in 0.03s
    cube 3060.127.194 (depth 2, 28 lits): UNSAT in 0.03s
    cube 3060.127.195 (depth 2, 28 lits): UNSAT in 0.11s
    cube 3060.127.196 (depth 2, 28 lits): UNSAT in 0.04s
    cube 3060.127.197 (depth 2, 28 lits): UNSAT in 0.17s
    cube 3060.127.198 (depth 2, 28 lits): UNSAT in 0.11s
    cube 3060.127.199 (depth 2, 28 lits): UNSAT in 0.12s
    cube 3060.127.200 (depth 2, 28 lits): UNSAT in 0.05s
    cube 3060.127.201 (depth 2, 28 lits): UNSAT in 0.35s
    cube 3060.127.202 (depth 2, 28 lits): UNSAT in 0.02s
    cube 3060.127.203 (depth 2, 28 lits): UNSAT in 0.02s
    cube 3060.127.204 (depth 2, 28 lits): UNSAT in 0.06s
    cube 3060.127.205 (depth 2, 28 lits): UNSAT in 0.08s
    cube 3060.127.206 (depth 2, 28 lits): UNSAT in 0.04s
    cube 3060.127.207 (depth 2, 28 lits): UNSAT in 0.05s
    cube 3060.127.208 (depth 2, 28 lits): UNSAT in 0.05s
    cube 3060.127.209 (depth 2, 28 lits): UNSAT in 0.36s
    cube 3060.127.210 (depth 2, 28 lits): UNSAT in 0.02s
    cube 3060.127.211 (depth 2, 28 lits): UNSAT in 0.04s
    cube 3060.127.212 (depth 2, 28 lits): UNSAT in 0.04s
    cube 3060.127.213 (depth 2, 28 lits): UNSAT in 0.06s
    cube 3060.127.214 (depth 2, 28 lits): UNSAT in 0.11s
    cube 3060.127.215 (depth 2, 28 lits): UNSAT in 0.27s
    cube 3060.127.216 (depth 2, 28 lits): UNSAT in 0.39s
    cube 3060.127.217 (depth 2, 28 lits): UNSAT in 1.06s
    cube 3060.127.218 (depth 2, 28 lits): UNSAT in 0.02s
    cube 3060.127.219 (depth 2, 28 lits): UNSAT in 0.05s
    cube 3060.127.220 (depth 2, 28 lits): UNSAT in 0.07s
    cube 3060.127.221 (depth 2, 28 lits): UNSAT in 0.25s
    cube 3060.127.222 (depth 2, 28 lits): UNSAT in 0.10s
    cube 3060.127.223 (depth 2, 28 lits): UNSAT in 0.05s
    cube 3060.127.224 (depth 2, 28 lits): UNSAT in 0.11s
    cube 3060.127.225 (depth 2, 28 lits): UNSAT in 0.12s
    cube 3060.127.226 (depth 2, 28 lits): UNSAT in 0.06s
    cube 3060.127.227 (depth 2, 28 lits): UNSAT in 0.10s
    cube 3060.127.228 (depth 2, 28 lits): UNSAT in 0.15s
    cube 3060.127.229 (depth 2, 28 lits): UNSAT in 0.64s
    cube 3060.127.230 (depth 2, 28 lits): UNSAT in 0.18s
    cube 3060.127.231 (depth 2, 28 lits): UNSAT in 1.62s
    cube 3060.127.232 (depth 2, 28 lits): UNSAT in 1.46s
    cube 3060.127.233 (depth 2, 28 lits): UNSAT in 1.50s
    cube 3060.127.234 (depth 2, 28 lits): UNSAT in 0.06s
    cube 3060.127.235 (depth 2, 28 lits): UNSAT in 0.60s
    cube 3060.127.236 (depth 2, 28 lits): UNSAT in 0.19s
    cube 3060.127.237 (depth 2, 28 lits): UNSAT in 1.28s
    cube 3060.127.238 (depth 2, 28 lits): UNSAT in 0.27s
    cube 3060.127.239 (depth 2, 28 lits): UNSAT in 0.66s
    cube 3060.127.240 (depth 2, 28 lits): UNSAT in 1.31s
    cube 3060.127.241 (depth 2, 28 lits): UNSAT in 5.74s
    cube 3060.127.242 (depth 2, 28 lits): UNSAT in 0.21s
    cube 3060.127.243 (depth 2, 28 lits): UNSAT in 2.12s
    cube 3060.127.244 (depth 2, 28 lits): UNSAT in 2.27s
    cube 3060.127.245 (depth 2, 28 lits): UNSAT in 20.69s
    cube 3060.127.246 (depth 2, 28 lits): UNSAT in 1.98s
    cube 3060.127.247 (depth 2, 28 lits): UNSAT in 9.04s
    cube 3060.127.248 (depth 2, 28 lits): UNSAT in 4.40s
    cube 3060.127.249 (depth 2, 28 lits): UNSAT in 49.13s
    cube 3060.128 (depth 1, 20 lits): UNSAT in 0.02s
    cube 3060.129 (depth 1, 20 lits): UNSAT in 0.03s
    cube 3060.130 (depth 1, 20 lits): UNSAT in 0.10s
    cube 3060.131 (depth 1, 20 lits): UNSAT in 0.12s
    cube 3060.132 (depth 1, 20 lits): UNSAT in 0.04s
    cube 3060.133 (depth 1, 20 lits): UNSAT in 0.16s
    cube 3060.134 (depth 1, 20 lits): UNSAT in 0.10s
    cube 3060.135 (depth 1, 20 lits): UNSAT in 0.43s
    cube 3060.136 (depth 1, 20 lits): UNSAT in 0.03s
    cube 3060.137 (depth 1, 20 lits): UNSAT in 0.07s
    cube 3060.138 (depth 1, 20 lits): UNSAT in 0.14s
    cube 3060.139 (depth 1, 20 lits): UNSAT in 0.17s
    cube 3060.140 (depth 1, 20 lits): UNSAT in 0.15s
    cube 3060.141 (depth 1, 20 lits): UNSAT in 0.30s
    cube 3060.142 (depth 1, 20 lits): UNSAT in 0.26s
    cube 3060.143 (depth 1, 20 lits): UNSAT in 1.68s
    cube 3060.144 (depth 1, 20 lits): UNSAT in 0.08s
    cube 3060.145 (depth 1, 20 lits): UNSAT in 0.10s
    cube 3060.146 (depth 1, 20 lits): UNSAT in 0.06s
    cube 3060.147 (depth 1, 20 lits): UNSAT in 0.33s
    cube 3060.148 (depth 1, 20 lits): UNSAT in 0.04s
    cube 3060.149 (depth 1, 20 lits): UNSAT in 0.26s
    cube 3060.150 (depth 1, 20 lits): UNSAT in 0.23s
    cube 3060.151 (depth 1, 20 lits): UNSAT in 0.66s
    cube 3060.152 (depth 1, 20 lits): UNSAT in 0.32s
    cube 3060.153 (depth 1, 20 lits): UNSAT in 0.70s
    cube 3060.154 (depth 1, 20 lits): UNSAT in 1.37s
    cube 3060.155 (depth 1, 20 lits): UNSAT in 3.69s
    cube 3060.156 (depth 1, 20 lits): UNSAT in 1.72s
    cube 3060.157 (depth 1, 20 lits): UNSAT in 2.83s
    cube 3060.158 (depth 1, 20 lits): UNSAT in 2.15s
    cube 3060.159 (depth 1, 20 lits): UNSAT in 5.71s
    cube 3060.160 (depth 1, 20 lits): UNSAT in 0.03s
    cube 3060.161 (depth 1, 20 lits): UNSAT in 0.07s
    cube 3060.162 (depth 1, 20 lits): UNSAT in 0.02s
    cube 3060.163 (depth 1, 20 lits): UNSAT in 0.15s
    cube 3060.164 (depth 1, 20 lits): UNSAT in 0.02s
    cube 3060.165 (depth 1, 20 lits): UNSAT in 0.05s
    cube 3060.166 (depth 1, 20 lits): UNSAT in 0.22s
    cube 3060.167 (depth 1, 20 lits): UNSAT in 0.58s
    cube 3060.168 (depth 1, 20 lits): UNSAT in 0.08s
    cube 3060.169 (depth 1, 20 lits): UNSAT in 0.29s
    cube 3060.170 (depth 1, 20 lits): UNSAT in 0.20s
    cube 3060.171 (depth 1, 20 lits): UNSAT in 0.81s
    cube 3060.172 (depth 1, 20 lits): UNSAT in 0.50s
    cube 3060.173 (depth 1, 20 lits): UNSAT in 1.02s
    cube 3060.174 (depth 1, 20 lits): UNSAT in 2.55s
    cube 3060.175 (depth 1, 20 lits): UNSAT in 2.38s
    cube 3060.176 (depth 1, 20 lits): UNSAT in 0.16s
    cube 3060.177 (depth 1, 20 lits): UNSAT in 0.37s
    cube 3060.178 (depth 1, 20 lits): UNSAT in 0.28s
    cube 3060.179 (depth 1, 20 lits): UNSAT in 0.49s
    cube 3060.180 (depth 1, 20 lits): UNSAT in 0.52s
    cube 3060.181 (depth 1, 20 lits): UNSAT in 4.96s
    cube 3060.182 (depth 1, 20 lits): UNSAT in 1.15s
    cube 3060.183 (depth 1, 20 lits): UNSAT in 8.16s
    cube 3060.184 (depth 1, 20 lits): UNSAT in 0.25s
    cube 3060.185 (depth 1, 20 lits): UNSAT in 0.78s
    cube 3060.186 (depth 1, 20 lits): UNSAT in 3.21s
    cube 3060.187 (depth 1, 20 lits): UNSAT in 8.49s
    cube 3060.188 (depth 1, 20 lits): UNSAT in 4.42s
    cube 3060.189 (depth 1, 20 lits): UNSAT in 12.57s
    cube 3060.190 (depth 1, 20 lits): UNSAT in 33.16s
    cube 3060.191 (depth 1, 20 lits): UNSAT in 94.33s
    cube 3060.192 (depth 1, 20 lits): UNSAT in 0.05s
    cube 3060.193 (depth 1, 20 lits): UNSAT in 0.37s
    cube 3060.194 (depth 1, 20 lits): UNSAT in 0.07s
    cube 3060.195 (depth 1, 20 lits): UNSAT in 0.24s
    cube 3060.196 (depth 1, 20 lits): UNSAT in 0.06s
    cube 3060.197 (depth 1, 20 lits): UNSAT in 0.14s
    cube 3060.198 (depth 1, 20 lits): UNSAT in 0.74s
    cube 3060.199 (depth 1, 20 lits): UNSAT in 1.55s
    cube 3060.200 (depth 1, 20 lits): UNSAT in 0.03s
    cube 3060.201 (depth 1, 20 lits): UNSAT in 0.37s
    cube 3060.202 (depth 1, 20 lits): UNSAT in 0.36s
    cube 3060.203 (depth 1, 20 lits): UNSAT in 1.07s
    cube 3060.204 (depth 1, 20 lits): UNSAT in 0.53s
    cube 3060.205 (depth 1, 20 lits): UNSAT in 1.79s
    cube 3060.206 (depth 1, 20 lits): UNSAT in 1.46s
    cube 3060.207 (depth 1, 20 lits): UNSAT in 6.51s
    cube 3060.208 (depth 1, 20 lits): UNSAT in 0.03s
    cube 3060.209 (depth 1, 20 lits): UNSAT in 0.34s
    cube 3060.210 (depth 1, 20 lits): UNSAT in 0.80s
    cube 3060.211 (depth 1, 20 lits): UNSAT in 1.33s
    cube 3060.212 (depth 1, 20 lits): UNSAT in 0.44s
    cube 3060.213 (depth 1, 20 lits): UNSAT in 0.87s
    cube 3060.214 (depth 1, 20 lits): UNSAT in 1.86s
    cube 3060.215 (depth 1, 20 lits): UNSAT in 11.52s
    cube 3060.216 (depth 1, 20 lits): UNSAT in 0.89s
    cube 3060.217 (depth 1, 20 lits): UNSAT in 1.19s
    cube 3060.218 (depth 1, 20 lits): UNSAT in 3.25s
    cube 3060.219 (depth 1, 20 lits): UNSAT in 23.51s
    cube 3060.220 (depth 1, 20 lits): UNSAT in 5.08s
    cube 3060.221 (depth 1, 20 lits): UNSAT in 25.05s
    cube 3060.222 (depth 1, 20 lits): UNSAT in 26.89s
    cube 3060.223 (depth 1, 20 lits): UNSAT in 273.84s
    cube 3060.224 (depth 1, 20 lits): UNSAT in 0.15s
    cube 3060.225 (depth 1, 20 lits): UNSAT in 0.42s
    cube 3060.226 (depth 1, 20 lits): UNSAT in 1.54s
    cube 3060.227 (depth 1, 20 lits): UNSAT in 1.68s
    cube 3060.228 (depth 1, 20 lits): UNSAT in 0.46s
    cube 3060.229 (depth 1, 20 lits): UNSAT in 4.93s
    cube 3060.230 (depth 1, 20 lits): UNSAT in 3.32s
    cube 3060.231 (depth 1, 20 lits): UNSAT in 45.11s
    cube 3060.232 (depth 1, 20 lits): UNSAT in 0.12s
    cube 3060.233 (depth 1, 20 lits): UNSAT in 0.42s
    cube 3060.234 (depth 1, 20 lits): UNSAT in 1.05s
    cube 3060.235 (depth 1, 20 lits): UNSAT in 1.70s
    cube 3060.236 (depth 1, 20 lits): UNSAT in 3.28s
    cube 3060.237 (depth 1, 20 lits): UNSAT in 5.37s
    cube 3060.238 (depth 1, 20 lits): UNSAT in 14.75s
    cube 3060.239 (depth 1, 20 lits): UNSAT in 272.38s
    cube 3060.240 (depth 1, 20 lits): UNSAT in 1.53s
    cube 3060.241 (depth 1, 20 lits): UNSAT in 1.78s
    cube 3060.242 (depth 1, 20 lits): UNSAT in 3.16s
    cube 3060.243 (depth 1, 20 lits): UNSAT in 18.18s
    cube 3060.244 (depth 1, 20 lits): UNSAT in 2.24s
    cube 3060.245 (depth 1, 20 lits): UNSAT in 6.45s
    cube 3060.246 (depth 1, 20 lits): UNSAT in 23.94s
    cube 3060.247 (depth 1, 20 lits): UNSAT in 222.32s
    cube 3060.248 (depth 1, 20 lits): UNSAT in 3.72s
    cube 3060.249 (depth 1, 20 lits): UNSAT in 6.81s
    cube 3060.250 (depth 1, 20 lits): UNSAT in 51.47s
    cube 3060.251 (depth 1, 20 lits): UNSAT in 34.44s
    cube 3060.252 (depth 1, 20 lits): UNSAT in 30.12s
    cube 3060.253 (depth 1, 20 lits): TIMEOUT in 1200.07s
    cube 3060.253 TIMEOUT -> re-split into 231 sub-cubes (depth 2)
    cube 3060.253.0 (depth 2, 28 lits): UNSAT in 0.02s
    cube 3060.253.1 (depth 2, 28 lits): UNSAT in 0.01s
    cube 3060.253.2 (depth 2, 28 lits): UNSAT in 0.02s
    cube 3060.253.3 (depth 2, 28 lits): UNSAT in 0.02s
    cube 3060.253.4 (depth 2, 27 lits): UNSAT in 0.01s
    cube 3060.253.5 (depth 2, 27 lits): UNSAT in 0.02s
    cube 3060.253.6 (depth 2, 27 lits): UNSAT in 0.01s
    cube 3060.253.7 (depth 2, 28 lits): UNSAT in 0.01s
    cube 3060.253.8 (depth 2, 28 lits): UNSAT in 0.02s
    cube 3060.253.9 (depth 2, 27 lits): UNSAT in 0.02s
    cube 3060.253.10 (depth 2, 28 lits): UNSAT in 0.04s
    cube 3060.253.11 (depth 2, 28 lits): UNSAT in 0.08s
    cube 3060.253.12 (depth 2, 27 lits): UNSAT in 0.02s
    cube 3060.253.13 (depth 2, 28 lits): UNSAT in 0.01s
    cube 3060.253.14 (depth 2, 28 lits): UNSAT in 0.02s
    cube 3060.253.15 (depth 2, 27 lits): UNSAT in 0.02s
    cube 3060.253.16 (depth 2, 28 lits): UNSAT in 0.03s
    cube 3060.253.17 (depth 2, 28 lits): UNSAT in 0.04s
    cube 3060.253.18 (depth 2, 28 lits): UNSAT in 0.01s
    cube 3060.253.19 (depth 2, 28 lits): UNSAT in 0.02s
    cube 3060.253.20 (depth 2, 28 lits): UNSAT in 0.02s
    cube 3060.253.21 (depth 2, 28 lits): UNSAT in 0.05s
    cube 3060.253.22 (depth 2, 28 lits): UNSAT in 0.04s
    cube 3060.253.23 (depth 2, 28 lits): UNSAT in 0.07s
    cube 3060.253.24 (depth 2, 28 lits): UNSAT in 0.06s
    cube 3060.253.25 (depth 2, 28 lits): UNSAT in 0.12s
    cube 3060.253.26 (depth 2, 28 lits): UNSAT in 0.01s
    cube 3060.253.27 (depth 2, 28 lits): UNSAT in 0.03s
    cube 3060.253.28 (depth 2, 28 lits): UNSAT in 0.04s
    cube 3060.253.29 (depth 2, 28 lits): UNSAT in 0.14s
    cube 3060.253.30 (depth 2, 28 lits): UNSAT in 0.08s
    cube 3060.253.31 (depth 2, 28 lits): UNSAT in 0.13s
    cube 3060.253.32 (depth 2, 28 lits): UNSAT in 0.16s
    cube 3060.253.33 (depth 2, 28 lits): UNSAT in 0.25s
    cube 3060.253.34 (depth 2, 28 lits): UNSAT in 0.02s
    cube 3060.253.35 (depth 2, 28 lits): UNSAT in 0.04s
    cube 3060.253.36 (depth 2, 28 lits): UNSAT in 0.07s
    cube 3060.253.37 (depth 2, 28 lits): UNSAT in 0.19s
    cube 3060.253.38 (depth 2, 28 lits): UNSAT in 0.06s
    cube 3060.253.39 (depth 2, 28 lits): UNSAT in 0.29s
    cube 3060.253.40 (depth 2, 28 lits): UNSAT in 0.14s
    cube 3060.253.41 (depth 2, 28 lits): UNSAT in 0.37s
    cube 3060.253.42 (depth 2, 28 lits): UNSAT in 0.02s
    cube 3060.253.43 (depth 2, 28 lits): UNSAT in 0.02s
    cube 3060.253.44 (depth 2, 28 lits): UNSAT in 0.02s
    cube 3060.253.45 (depth 2, 28 lits): UNSAT in 0.02s
    cube 3060.253.46 (depth 2, 28 lits): UNSAT in 0.02s
    cube 3060.253.47 (depth 2, 28 lits): UNSAT in 0.03s
    cube 3060.253.48 (depth 2, 28 lits): UNSAT in 0.02s
    cube 3060.253.49 (depth 2, 28 lits): UNSAT in 0.13s
    cube 3060.253.50 (depth 2, 28 lits): UNSAT in 0.03s
    cube 3060.253.51 (depth 2, 28 lits): UNSAT in 0.05s
    cube 3060.253.52 (depth 2, 28 lits): UNSAT in 0.04s
    cube 3060.253.53 (depth 2, 28 lits): UNSAT in 0.26s
    cube 3060.253.54 (depth 2, 28 lits): UNSAT in 0.16s
    cube 3060.253.55 (depth 2, 28 lits): UNSAT in 0.59s
    cube 3060.253.56 (depth 2, 28 lits): UNSAT in 0.18s
    cube 3060.253.57 (depth 2, 28 lits): UNSAT in 2.47s
    cube 3060.253.58 (depth 2, 27 lits): UNSAT in 0.02s
    cube 3060.253.59 (depth 2, 28 lits): UNSAT in 0.02s
    cube 3060.253.60 (depth 2, 28 lits): UNSAT in 0.02s
    cube 3060.253.61 (depth 2, 27 lits): UNSAT in 0.02s
    cube 3060.253.62 (depth 2, 28 lits): UNSAT in 0.02s
    cube 3060.253.63 (depth 2, 28 lits): UNSAT in 0.03s
    cube 3060.253.64 (depth 2, 26 lits): UNSAT in 0.01s
    cube 3060.253.65 (depth 2, 28 lits): UNSAT in 0.04s
    cube 3060.253.66 (depth 2, 28 lits): UNSAT in 0.03s
    cube 3060.253.67 (depth 2, 28 lits): UNSAT in 0.04s
    cube 3060.253.68 (depth 2, 28 lits): UNSAT in 0.07s
    cube 3060.253.69 (depth 2, 27 lits): UNSAT in 0.01s
    cube 3060.253.70 (depth 2, 28 lits): UNSAT in 0.02s
    cube 3060.253.71 (depth 2, 28 lits): UNSAT in 0.02s
    cube 3060.253.72 (depth 2, 28 lits): UNSAT in 0.02s
    cube 3060.253.73 (depth 2, 28 lits): UNSAT in 0.03s
    cube 3060.253.74 (depth 2, 28 lits): UNSAT in 0.02s
    cube 3060.253.75 (depth 2, 28 lits): UNSAT in 0.04s
    cube 3060.253.76 (depth 2, 28 lits): UNSAT in 0.02s
    cube 3060.253.77 (depth 2, 28 lits): UNSAT in 0.02s
    cube 3060.253.78 (depth 2, 28 lits): UNSAT in 0.02s
    cube 3060.253.79 (depth 2, 28 lits): UNSAT in 0.10s
    cube 3060.253.80 (depth 2, 28 lits): UNSAT in 0.13s
    cube 3060.253.81 (depth 2, 28 lits): UNSAT in 0.15s
    cube 3060.253.82 (depth 2, 28 lits): UNSAT in 0.14s
    cube 3060.253.83 (depth 2, 28 lits): UNSAT in 0.17s
    cube 3060.253.84 (depth 2, 28 lits): UNSAT in 0.02s
    cube 3060.253.85 (depth 2, 28 lits): UNSAT in 0.03s
    cube 3060.253.86 (depth 2, 28 lits): UNSAT in 0.02s
    cube 3060.253.87 (depth 2, 28 lits): UNSAT in 0.02s
    cube 3060.253.88 (depth 2, 28 lits): UNSAT in 0.04s
    cube 3060.253.89 (depth 2, 28 lits): UNSAT in 0.08s
    cube 3060.253.90 (depth 2, 28 lits): UNSAT in 0.02s
    cube 3060.253.91 (depth 2, 28 lits): UNSAT in 0.03s
    cube 3060.253.92 (depth 2, 28 lits): UNSAT in 0.02s
    cube 3060.253.93 (depth 2, 28 lits): UNSAT in 0.03s
    cube 3060.253.94 (depth 2, 28 lits): UNSAT in 0.03s
    cube 3060.253.95 (depth 2, 28 lits): UNSAT in 0.03s
    cube 3060.253.96 (depth 2, 28 lits): UNSAT in 0.01s
    cube 3060.253.97 (depth 2, 28 lits): UNSAT in 0.06s
    cube 3060.253.98 (depth 2, 28 lits): UNSAT in 0.30s
    cube 3060.253.99 (depth 2, 28 lits): UNSAT in 0.25s
    cube 3060.253.100 (depth 2, 28 lits): UNSAT in 0.06s
    cube 3060.253.101 (depth 2, 28 lits): UNSAT in 0.05s
    cube 3060.253.102 (depth 2, 28 lits): UNSAT in 0.10s
    cube 3060.253.103 (depth 2, 28 lits): UNSAT in 0.26s
    cube 3060.253.104 (depth 2, 28 lits): UNSAT in 0.04s
    cube 3060.253.105 (depth 2, 28 lits): UNSAT in 0.13s
    cube 3060.253.106 (depth 2, 28 lits): UNSAT in 0.69s
    cube 3060.253.107 (depth 2, 28 lits): UNSAT in 0.54s
    cube 3060.253.108 (depth 2, 28 lits): UNSAT in 0.05s
    cube 3060.253.109 (depth 2, 28 lits): UNSAT in 0.18s
    cube 3060.253.110 (depth 2, 28 lits): UNSAT in 0.45s
    cube 3060.253.111 (depth 2, 28 lits): UNSAT in 1.66s
    cube 3060.253.112 (depth 2, 28 lits): UNSAT in 0.98s
    cube 3060.253.113 (depth 2, 28 lits): UNSAT in 2.11s
    cube 3060.253.114 (depth 2, 28 lits): UNSAT in 3.66s
    cube 3060.253.115 (depth 2, 28 lits): UNSAT in 1.75s
    cube 3060.253.116 (depth 2, 28 lits): UNSAT in 0.02s
    cube 3060.253.117 (depth 2, 28 lits): UNSAT in 0.02s
    cube 3060.253.118 (depth 2, 28 lits): UNSAT in 0.01s
    cube 3060.253.119 (depth 2, 28 lits): UNSAT in 0.03s
    cube 3060.253.120 (depth 2, 28 lits): UNSAT in 0.02s
    cube 3060.253.121 (depth 2, 28 lits): UNSAT in 0.02s
    cube 3060.253.122 (depth 2, 28 lits): UNSAT in 0.02s
    cube 3060.253.123 (depth 2, 28 lits): UNSAT in 0.02s
    cube 3060.253.124 (depth 2, 27 lits): UNSAT in 0.01s
    cube 3060.253.125 (depth 2, 27 lits): UNSAT in 0.02s
    cube 3060.253.126 (depth 2, 28 lits): UNSAT in 0.02s
    cube 3060.253.127 (depth 2, 28 lits): UNSAT in 0.02s
    cube 3060.253.128 (depth 2, 28 lits): UNSAT in 0.02s
    cube 3060.253.129 (depth 2, 28 lits): UNSAT in 0.05s
    cube 3060.253.130 (depth 2, 28 lits): UNSAT in 0.03s
    cube 3060.253.131 (depth 2, 28 lits): UNSAT in 0.04s
    cube 3060.253.132 (depth 2, 28 lits): UNSAT in 0.03s
    cube 3060.253.133 (depth 2, 28 lits): UNSAT in 0.05s
    cube 3060.253.134 (depth 2, 28 lits): UNSAT in 0.03s
    cube 3060.253.135 (depth 2, 28 lits): UNSAT in 0.03s
    cube 3060.253.136 (depth 2, 28 lits): UNSAT in 0.02s
    cube 3060.253.137 (depth 2, 28 lits): UNSAT in 0.02s
    cube 3060.253.138 (depth 2, 28 lits): UNSAT in 0.01s
    cube 3060.253.139 (depth 2, 28 lits): UNSAT in 0.02s
    cube 3060.253.140 (depth 2, 27 lits): UNSAT in 0.02s
    cube 3060.253.141 (depth 2, 28 lits): UNSAT in 0.11s
    cube 3060.253.142 (depth 2, 28 lits): UNSAT in 0.04s
    cube 3060.253.143 (depth 2, 28 lits): UNSAT in 0.07s
    cube 3060.253.144 (depth 2, 28 lits): UNSAT in 0.12s
    cube 3060.253.145 (depth 2, 26 lits): UNSAT in 0.01s
    cube 3060.253.146 (depth 2, 28 lits): UNSAT in 0.04s
    cube 3060.253.147 (depth 2, 28 lits): UNSAT in 0.04s
    cube 3060.253.148 (depth 2, 28 lits): UNSAT in 0.04s
    cube 3060.253.149 (depth 2, 28 lits): UNSAT in 0.07s
    cube 3060.253.150 (depth 2, 28 lits): UNSAT in 0.03s
    cube 3060.253.151 (depth 2, 28 lits): UNSAT in 0.01s
    cube 3060.253.152 (depth 2, 28 lits): UNSAT in 0.02s
    cube 3060.253.153 (depth 2, 28 lits): UNSAT in 0.02s
    cube 3060.253.154 (depth 2, 28 lits): UNSAT in 0.05s
    cube 3060.253.155 (depth 2, 28 lits): UNSAT in 0.02s
    cube 3060.253.156 (depth 2, 28 lits): UNSAT in 0.07s
    cube 3060.253.157 (depth 2, 28 lits): UNSAT in 0.38s
    cube 3060.253.158 (depth 2, 28 lits): UNSAT in 0.18s
    cube 3060.253.159 (depth 2, 28 lits): UNSAT in 0.24s
    cube 3060.253.160 (depth 2, 28 lits): UNSAT in 0.42s
    cube 3060.253.161 (depth 2, 28 lits): UNSAT in 0.54s
    cube 3060.253.162 (depth 2, 28 lits): UNSAT in 0.08s
    cube 3060.253.163 (depth 2, 28 lits): UNSAT in 0.28s
    cube 3060.253.164 (depth 2, 28 lits): UNSAT in 0.14s
    cube 3060.253.165 (depth 2, 28 lits): UNSAT in 0.16s
    cube 3060.253.166 (depth 2, 28 lits): UNSAT in 0.20s
    cube 3060.253.167 (depth 2, 28 lits): UNSAT in 0.42s
    cube 3060.253.168 (depth 2, 28 lits): UNSAT in 0.59s
    cube 3060.253.169 (depth 2, 28 lits): UNSAT in 1.01s
    cube 3060.253.170 (depth 2, 28 lits): UNSAT in 0.67s
    cube 3060.253.171 (depth 2, 28 lits): UNSAT in 2.79s
    cube 3060.253.172 (depth 2, 28 lits): UNSAT in 1.81s
    cube 3060.253.173 (depth 2, 28 lits): UNSAT in 4.16s
    cube 3060.253.174 (depth 2, 25 lits): UNSAT in 0.02s
    cube 3060.253.175 (depth 2, 28 lits): UNSAT in 0.02s
    cube 3060.253.176 (depth 2, 28 lits): UNSAT in 0.02s
    cube 3060.253.177 (depth 2, 28 lits): UNSAT in 0.01s
    cube 3060.253.178 (depth 2, 28 lits): UNSAT in 0.02s
    cube 3060.253.179 (depth 2, 28 lits): UNSAT in 0.05s
    cube 3060.253.180 (depth 2, 28 lits): UNSAT in 0.04s
    cube 3060.253.181 (depth 2, 28 lits): UNSAT in 0.02s
    cube 3060.253.182 (depth 2, 28 lits): UNSAT in 0.04s
    cube 3060.253.183 (depth 2, 28 lits): UNSAT in 0.04s
    cube 3060.253.184 (depth 2, 28 lits): UNSAT in 0.07s
    cube 3060.253.185 (depth 2, 28 lits): UNSAT in 0.11s
    cube 3060.253.186 (depth 2, 28 lits): UNSAT in 0.27s
    cube 3060.253.187 (depth 2, 28 lits): UNSAT in 0.07s
    cube 3060.253.188 (depth 2, 28 lits): UNSAT in 0.10s
    cube 3060.253.189 (depth 2, 28 lits): UNSAT in 0.12s
    cube 3060.253.190 (depth 2, 28 lits): UNSAT in 0.38s
    cube 3060.253.191 (depth 2, 28 lits): UNSAT in 0.15s
    cube 3060.253.192 (depth 2, 28 lits): UNSAT in 0.35s
    cube 3060.253.193 (depth 2, 28 lits): UNSAT in 0.13s
    cube 3060.253.194 (depth 2, 28 lits): UNSAT in 0.22s
    cube 3060.253.195 (depth 2, 28 lits): UNSAT in 0.37s
    cube 3060.253.196 (depth 2, 28 lits): UNSAT in 0.58s
    cube 3060.253.197 (depth 2, 28 lits): UNSAT in 1.21s
    cube 3060.253.198 (depth 2, 28 lits): UNSAT in 1.21s
    cube 3060.253.199 (depth 2, 28 lits): UNSAT in 0.04s
    cube 3060.253.200 (depth 2, 28 lits): UNSAT in 0.08s
    cube 3060.253.201 (depth 2, 28 lits): UNSAT in 0.03s
    cube 3060.253.202 (depth 2, 28 lits): UNSAT in 0.12s
    cube 3060.253.203 (depth 2, 28 lits): UNSAT in 0.11s
    cube 3060.253.204 (depth 2, 28 lits): UNSAT in 0.28s
    cube 3060.253.205 (depth 2, 28 lits): UNSAT in 0.12s
    cube 3060.253.206 (depth 2, 28 lits): UNSAT in 0.84s
    cube 3060.253.207 (depth 2, 28 lits): UNSAT in 0.14s
    cube 3060.253.208 (depth 2, 28 lits): UNSAT in 1.38s
    cube 3060.253.209 (depth 2, 28 lits): UNSAT in 1.18s
    cube 3060.253.210 (depth 2, 28 lits): UNSAT in 2.54s
    cube 3060.253.211 (depth 2, 28 lits): UNSAT in 0.46s
    cube 3060.253.212 (depth 2, 28 lits): UNSAT in 0.47s
    cube 3060.253.213 (depth 2, 28 lits): UNSAT in 0.69s
    cube 3060.253.214 (depth 2, 28 lits): UNSAT in 5.73s
    cube 3060.253.215 (depth 2, 28 lits): UNSAT in 0.54s
    cube 3060.253.216 (depth 2, 28 lits): UNSAT in 0.68s
    cube 3060.253.217 (depth 2, 28 lits): UNSAT in 0.38s
    cube 3060.253.218 (depth 2, 28 lits): UNSAT in 2.13s
    cube 3060.253.219 (depth 2, 28 lits): UNSAT in 0.63s
    cube 3060.253.220 (depth 2, 28 lits): UNSAT in 0.67s
    cube 3060.253.221 (depth 2, 28 lits): UNSAT in 3.01s
    cube 3060.253.222 (depth 2, 28 lits): UNSAT in 7.75s
    cube 3060.253.223 (depth 2, 28 lits): UNSAT in 0.11s
    cube 3060.253.224 (depth 2, 28 lits): UNSAT in 1.23s
    cube 3060.253.225 (depth 2, 28 lits): UNSAT in 3.06s
    cube 3060.253.226 (depth 2, 28 lits): UNSAT in 38.78s
    cube 3060.253.227 (depth 2, 28 lits): UNSAT in 1.36s
    cube 3060.253.228 (depth 2, 28 lits): UNSAT in 53.96s
    cube 3060.253.229 (depth 2, 28 lits): UNSAT in 59.69s
    cube 3060.253.230 (depth 2, 28 lits): UNSAT in 111.89s
    cube 3060.254 (depth 1, 20 lits): UNSAT in 992.84s
    cube 3060.255 (depth 1, 20 lits): TIMEOUT in 1200.10s
    cube 3060.255 TIMEOUT -> re-split into 255 sub-cubes (depth 2)
    cube 3060.255.0 (depth 2, 28 lits): UNSAT in 0.01s
    cube 3060.255.1 (depth 2, 28 lits): UNSAT in 0.02s
    cube 3060.255.2 (depth 2, 28 lits): UNSAT in 0.01s
    cube 3060.255.3 (depth 2, 28 lits): UNSAT in 0.02s
    cube 3060.255.4 (depth 2, 28 lits): UNSAT in 0.02s
    cube 3060.255.5 (depth 2, 28 lits): UNSAT in 0.03s
    cube 3060.255.6 (depth 2, 28 lits): UNSAT in 0.04s
    cube 3060.255.7 (depth 2, 28 lits): UNSAT in 0.03s
    cube 3060.255.8 (depth 2, 28 lits): UNSAT in 0.02s
    cube 3060.255.9 (depth 2, 28 lits): UNSAT in 0.03s
    cube 3060.255.10 (depth 2, 28 lits): UNSAT in 0.02s
    cube 3060.255.11 (depth 2, 28 lits): UNSAT in 0.05s
    cube 3060.255.12 (depth 2, 28 lits): UNSAT in 0.02s
    cube 3060.255.13 (depth 2, 28 lits): UNSAT in 0.05s
    cube 3060.255.14 (depth 2, 28 lits): UNSAT in 0.10s
    cube 3060.255.15 (depth 2, 28 lits): UNSAT in 0.14s
    cube 3060.255.16 (depth 2, 28 lits): UNSAT in 0.02s
    cube 3060.255.17 (depth 2, 28 lits): UNSAT in 0.02s
    cube 3060.255.18 (depth 2, 28 lits): UNSAT in 0.05s
    cube 3060.255.19 (depth 2, 28 lits): UNSAT in 0.06s
    cube 3060.255.20 (depth 2, 28 lits): UNSAT in 0.02s
    cube 3060.255.21 (depth 2, 28 lits): UNSAT in 0.05s
    cube 3060.255.22 (depth 2, 28 lits): UNSAT in 0.09s
    cube 3060.255.23 (depth 2, 28 lits): UNSAT in 0.23s
    cube 3060.255.24 (depth 2, 28 lits): UNSAT in 0.04s
    cube 3060.255.25 (depth 2, 28 lits): UNSAT in 0.06s
    cube 3060.255.26 (depth 2, 28 lits): UNSAT in 0.06s
    cube 3060.255.27 (depth 2, 28 lits): UNSAT in 0.22s
    cube 3060.255.28 (depth 2, 28 lits): UNSAT in 0.04s
    cube 3060.255.29 (depth 2, 28 lits): UNSAT in 0.10s
    cube 3060.255.30 (depth 2, 28 lits): UNSAT in 0.34s
    cube 3060.255.31 (depth 2, 28 lits): UNSAT in 0.32s
    cube 3060.255.32 (depth 2, 28 lits): UNSAT in 0.02s
    cube 3060.255.33 (depth 2, 28 lits): UNSAT in 0.02s
    cube 3060.255.34 (depth 2, 28 lits): UNSAT in 0.02s
    cube 3060.255.35 (depth 2, 28 lits): UNSAT in 0.04s
    cube 3060.255.36 (depth 2, 28 lits): UNSAT in 0.02s
    cube 3060.255.37 (depth 2, 28 lits): UNSAT in 0.03s
    cube 3060.255.38 (depth 2, 28 lits): UNSAT in 0.06s
    cube 3060.255.39 (depth 2, 28 lits): UNSAT in 0.07s
    cube 3060.255.40 (depth 2, 28 lits): UNSAT in 0.02s
    cube 3060.255.41 (depth 2, 28 lits): UNSAT in 0.03s
    cube 3060.255.42 (depth 2, 28 lits): UNSAT in 0.03s
    cube 3060.255.43 (depth 2, 28 lits): UNSAT in 0.03s
    cube 3060.255.44 (depth 2, 28 lits): UNSAT in 0.02s
    cube 3060.255.45 (depth 2, 28 lits): UNSAT in 0.03s
    cube 3060.255.46 (depth 2, 28 lits): UNSAT in 0.08s
    cube 3060.255.47 (depth 2, 28 lits): UNSAT in 0.23s
    cube 3060.255.48 (depth 2, 28 lits): UNSAT in 0.03s
    cube 3060.255.49 (depth 2, 28 lits): UNSAT in 0.04s
    cube 3060.255.50 (depth 2, 28 lits): UNSAT in 0.09s
    cube 3060.255.51 (depth 2, 28 lits): UNSAT in 0.50s
    cube 3060.255.52 (depth 2, 28 lits): UNSAT in 0.02s
    cube 3060.255.53 (depth 2, 28 lits): UNSAT in 0.02s
    cube 3060.255.54 (depth 2, 28 lits): UNSAT in 0.07s
    cube 3060.255.55 (depth 2, 28 lits): UNSAT in 0.14s
    cube 3060.255.56 (depth 2, 28 lits): UNSAT in 0.06s
    cube 3060.255.57 (depth 2, 28 lits): UNSAT in 0.07s
    cube 3060.255.58 (depth 2, 28 lits): UNSAT in 0.09s
    cube 3060.255.59 (depth 2, 28 lits): UNSAT in 0.08s
    cube 3060.255.60 (depth 2, 28 lits): UNSAT in 0.04s
    cube 3060.255.61 (depth 2, 28 lits): UNSAT in 0.41s
    cube 3060.255.62 (depth 2, 28 lits): UNSAT in 0.24s
    cube 3060.255.63 (depth 2, 28 lits): UNSAT in 0.70s
    cube 3060.255.64 (depth 2, 28 lits): UNSAT in 0.02s
    cube 3060.255.65 (depth 2, 28 lits): UNSAT in 0.03s
    cube 3060.255.66 (depth 2, 28 lits): UNSAT in 0.08s
    cube 3060.255.67 (depth 2, 28 lits): UNSAT in 0.07s
    cube 3060.255.68 (depth 2, 28 lits): UNSAT in 0.03s
    cube 3060.255.69 (depth 2, 28 lits): UNSAT in 0.06s
    cube 3060.255.70 (depth 2, 28 lits): UNSAT in 0.14s
    cube 3060.255.71 (depth 2, 28 lits): UNSAT in 0.48s
    cube 3060.255.72 (depth 2, 28 lits): UNSAT in 0.02s
    cube 3060.255.73 (depth 2, 28 lits): UNSAT in 0.05s
    cube 3060.255.74 (depth 2, 28 lits): UNSAT in 0.05s
    cube 3060.255.75 (depth 2, 28 lits): UNSAT in 0.07s
    cube 3060.255.76 (depth 2, 28 lits): UNSAT in 0.05s
    cube 3060.255.77 (depth 2, 28 lits): UNSAT in 0.05s
    cube 3060.255.78 (depth 2, 28 lits): UNSAT in 0.05s
    cube 3060.255.79 (depth 2, 28 lits): UNSAT in 0.15s
    cube 3060.255.80 (depth 2, 28 lits): UNSAT in 0.06s
    cube 3060.255.81 (depth 2, 28 lits): UNSAT in 0.55s
    cube 3060.255.82 (depth 2, 28 lits): UNSAT in 0.24s
    cube 3060.255.83 (depth 2, 28 lits): UNSAT in 0.92s
    cube 3060.255.84 (depth 2, 28 lits): UNSAT in 0.09s
    cube 3060.255.85 (depth 2, 28 lits): UNSAT in 0.32s
    cube 3060.255.86 (depth 2, 28 lits): UNSAT in 1.34s
    cube 3060.255.87 (depth 2, 28 lits): UNSAT in 7.15s
    cube 3060.255.88 (depth 2, 28 lits): UNSAT in 0.23s
    cube 3060.255.89 (depth 2, 28 lits): UNSAT in 0.77s
    cube 3060.255.90 (depth 2, 28 lits): UNSAT in 0.69s
    cube 3060.255.91 (depth 2, 28 lits): UNSAT in 0.96s
    cube 3060.255.92 (depth 2, 28 lits): UNSAT in 0.07s
    cube 3060.255.93 (depth 2, 28 lits): UNSAT in 2.14s
    cube 3060.255.94 (depth 2, 28 lits): UNSAT in 2.16s
    cube 3060.255.95 (depth 2, 28 lits): UNSAT in 1.10s
    cube 3060.255.96 (depth 2, 28 lits): UNSAT in 0.04s
    cube 3060.255.97 (depth 2, 28 lits): UNSAT in 0.09s
    cube 3060.255.98 (depth 2, 28 lits): UNSAT in 0.19s
    cube 3060.255.99 (depth 2, 28 lits): UNSAT in 0.49s
    cube 3060.255.100 (depth 2, 28 lits): UNSAT in 0.12s
    cube 3060.255.101 (depth 2, 28 lits): UNSAT in 0.20s
    cube 3060.255.102 (depth 2, 28 lits): UNSAT in 0.48s
    cube 3060.255.103 (depth 2, 28 lits): UNSAT in 2.51s
    cube 3060.255.104 (depth 2, 28 lits): UNSAT in 0.10s
    cube 3060.255.105 (depth 2, 28 lits): UNSAT in 0.58s
    cube 3060.255.106 (depth 2, 28 lits): UNSAT in 0.39s
    cube 3060.255.107 (depth 2, 28 lits): UNSAT in 1.08s
    cube 3060.255.108 (depth 2, 28 lits): UNSAT in 0.33s
    cube 3060.255.109 (depth 2, 28 lits): UNSAT in 0.71s
    cube 3060.255.110 (depth 2, 28 lits): UNSAT in 0.53s
    cube 3060.255.111 (depth 2, 28 lits): UNSAT in 3.23s
    cube 3060.255.112 (depth 2, 28 lits): UNSAT in 0.47s
    cube 3060.255.113 (depth 2, 28 lits): UNSAT in 1.96s
    cube 3060.255.114 (depth 2, 28 lits): UNSAT in 1.35s
    cube 3060.255.115 (depth 2, 28 lits): UNSAT in 12.12s
    cube 3060.255.116 (depth 2, 28 lits): UNSAT in 0.37s
    cube 3060.255.117 (depth 2, 28 lits): UNSAT in 0.58s
    cube 3060.255.118 (depth 2, 28 lits): UNSAT in 1.24s
    cube 3060.255.119 (depth 2, 28 lits): UNSAT in 4.63s
    cube 3060.255.120 (depth 2, 28 lits): UNSAT in 0.62s
    cube 3060.255.121 (depth 2, 28 lits): UNSAT in 1.89s
    cube 3060.255.122 (depth 2, 28 lits): UNSAT in 2.19s
    cube 3060.255.123 (depth 2, 28 lits): UNSAT in 5.43s
    cube 3060.255.124 (depth 2, 28 lits): UNSAT in 2.90s
    cube 3060.255.125 (depth 2, 28 lits): UNSAT in 23.20s
    cube 3060.255.126 (depth 2, 28 lits): UNSAT in 28.34s
    cube 3060.255.127 (depth 2, 28 lits): UNSAT in 18.28s
    cube 3060.255.128 (depth 2, 27 lits): UNSAT in 0.01s
    cube 3060.255.129 (depth 2, 28 lits): UNSAT in 0.02s
    cube 3060.255.130 (depth 2, 28 lits): UNSAT in 0.02s
    cube 3060.255.131 (depth 2, 28 lits): UNSAT in 0.02s
    cube 3060.255.132 (depth 2, 28 lits): UNSAT in 0.02s
    cube 3060.255.133 (depth 2, 28 lits): UNSAT in 0.02s
    cube 3060.255.134 (depth 2, 28 lits): UNSAT in 0.03s
    cube 3060.255.135 (depth 2, 28 lits): UNSAT in 0.01s
    cube 3060.255.136 (depth 2, 28 lits): UNSAT in 0.02s
    cube 3060.255.137 (depth 2, 28 lits): UNSAT in 0.02s
    cube 3060.255.138 (depth 2, 28 lits): UNSAT in 0.03s
    cube 3060.255.139 (depth 2, 28 lits): UNSAT in 0.03s
    cube 3060.255.140 (depth 2, 28 lits): UNSAT in 0.06s
    cube 3060.255.141 (depth 2, 28 lits): UNSAT in 0.08s
    cube 3060.255.142 (depth 2, 28 lits): UNSAT in 0.07s
    cube 3060.255.143 (depth 2, 28 lits): UNSAT in 0.02s
    cube 3060.255.144 (depth 2, 28 lits): UNSAT in 0.02s
    cube 3060.255.145 (depth 2, 28 lits): UNSAT in 0.04s
    cube 3060.255.146 (depth 2, 28 lits): UNSAT in 0.06s
    cube 3060.255.147 (depth 2, 28 lits): UNSAT in 0.04s
    cube 3060.255.148 (depth 2, 28 lits): UNSAT in 0.05s
    cube 3060.255.149 (depth 2, 28 lits): UNSAT in 0.10s
    cube 3060.255.150 (depth 2, 28 lits): UNSAT in 0.24s
    cube 3060.255.151 (depth 2, 28 lits): UNSAT in 0.02s
    cube 3060.255.152 (depth 2, 28 lits): UNSAT in 0.04s
    cube 3060.255.153 (depth 2, 28 lits): UNSAT in 0.02s
    cube 3060.255.154 (depth 2, 28 lits): UNSAT in 0.09s
    cube 3060.255.155 (depth 2, 28 lits): UNSAT in 0.06s
    cube 3060.255.156 (depth 2, 28 lits): UNSAT in 0.22s
    cube 3060.255.157 (depth 2, 28 lits): UNSAT in 0.20s
    cube 3060.255.158 (depth 2, 28 lits): UNSAT in 0.08s
    cube 3060.255.159 (depth 2, 28 lits): UNSAT in 0.03s
    cube 3060.255.160 (depth 2, 28 lits): UNSAT in 0.03s
    cube 3060.255.161 (depth 2, 28 lits): UNSAT in 0.02s
    cube 3060.255.162 (depth 2, 28 lits): UNSAT in 0.03s
    cube 3060.255.163 (depth 2, 28 lits): UNSAT in 0.02s
    cube 3060.255.164 (depth 2, 28 lits): UNSAT in 0.03s
    cube 3060.255.165 (depth 2, 28 lits): UNSAT in 0.04s
    cube 3060.255.166 (depth 2, 28 lits): UNSAT in 0.07s
    cube 3060.255.167 (depth 2, 28 lits): UNSAT in 0.03s
    cube 3060.255.168 (depth 2, 28 lits): UNSAT in 0.05s
    cube 3060.255.169 (depth 2, 28 lits): UNSAT in 0.07s
    cube 3060.255.170 (depth 2, 28 lits): UNSAT in 0.03s
    cube 3060.255.171 (depth 2, 28 lits): UNSAT in 0.04s
    cube 3060.255.172 (depth 2, 28 lits): UNSAT in 0.07s
    cube 3060.255.173 (depth 2, 28 lits): UNSAT in 0.03s
    cube 3060.255.174 (depth 2, 28 lits): UNSAT in 0.11s
    cube 3060.255.175 (depth 2, 28 lits): UNSAT in 0.02s
    cube 3060.255.176 (depth 2, 28 lits): UNSAT in 0.02s
    cube 3060.255.177 (depth 2, 28 lits): UNSAT in 0.04s
    cube 3060.255.178 (depth 2, 28 lits): UNSAT in 0.19s
    cube 3060.255.179 (depth 2, 28 lits): UNSAT in 0.02s
    cube 3060.255.180 (depth 2, 28 lits): UNSAT in 0.19s
    cube 3060.255.181 (depth 2, 28 lits): UNSAT in 0.10s
    cube 3060.255.182 (depth 2, 28 lits): UNSAT in 0.18s
    cube 3060.255.183 (depth 2, 28 lits): UNSAT in 0.06s
    cube 3060.255.184 (depth 2, 28 lits): UNSAT in 0.05s
    cube 3060.255.185 (depth 2, 28 lits): UNSAT in 0.06s
    cube 3060.255.186 (depth 2, 28 lits): UNSAT in 0.08s
    cube 3060.255.187 (depth 2, 28 lits): UNSAT in 0.29s
    cube 3060.255.188 (depth 2, 28 lits): UNSAT in 0.61s
    cube 3060.255.189 (depth 2, 28 lits): UNSAT in 0.36s
    cube 3060.255.190 (depth 2, 28 lits): UNSAT in 2.25s
    cube 3060.255.191 (depth 2, 28 lits): UNSAT in 0.04s
    cube 3060.255.192 (depth 2, 28 lits): UNSAT in 0.06s
    cube 3060.255.193 (depth 2, 28 lits): UNSAT in 0.05s
    cube 3060.255.194 (depth 2, 28 lits): UNSAT in 0.08s
    cube 3060.255.195 (depth 2, 28 lits): UNSAT in 0.07s
    cube 3060.255.196 (depth 2, 28 lits): UNSAT in 0.14s
    cube 3060.255.197 (depth 2, 28 lits): UNSAT in 0.17s
    cube 3060.255.198 (depth 2, 28 lits): UNSAT in 0.40s
    cube 3060.255.199 (depth 2, 28 lits): UNSAT in 0.02s
    cube 3060.255.200 (depth 2, 28 lits): UNSAT in 0.03s
    cube 3060.255.201 (depth 2, 28 lits): UNSAT in 0.09s
    cube 3060.255.202 (depth 2, 28 lits): UNSAT in 0.62s
    cube 3060.255.203 (depth 2, 28 lits): UNSAT in 0.16s
    cube 3060.255.204 (depth 2, 28 lits): UNSAT in 0.83s
    cube 3060.255.205 (depth 2, 28 lits): UNSAT in 0.42s
    cube 3060.255.206 (depth 2, 28 lits): UNSAT in 0.82s
    cube 3060.255.207 (depth 2, 28 lits): UNSAT in 0.05s
    cube 3060.255.208 (depth 2, 28 lits): UNSAT in 0.15s
    cube 3060.255.209 (depth 2, 28 lits): UNSAT in 0.11s
    cube 3060.255.210 (depth 2, 28 lits): UNSAT in 0.27s
    cube 3060.255.211 (depth 2, 28 lits): UNSAT in 0.24s
    cube 3060.255.212 (depth 2, 28 lits): UNSAT in 0.53s
    cube 3060.255.213 (depth 2, 28 lits): UNSAT in 0.54s
    cube 3060.255.214 (depth 2, 28 lits): UNSAT in 1.59s
    cube 3060.255.215 (depth 2, 28 lits): UNSAT in 0.21s
    cube 3060.255.216 (depth 2, 28 lits): UNSAT in 1.00s
    cube 3060.255.217 (depth 2, 28 lits): UNSAT in 0.61s
    cube 3060.255.218 (depth 2, 28 lits): UNSAT in 2.10s
    cube 3060.255.219 (depth 2, 28 lits): UNSAT in 0.70s
    cube 3060.255.220 (depth 2, 28 lits): UNSAT in 1.13s
    cube 3060.255.221 (depth 2, 28 lits): UNSAT in 2.17s
    cube 3060.255.222 (depth 2, 28 lits): UNSAT in 1.47s
    cube 3060.255.223 (depth 2, 28 lits): UNSAT in 0.02s
    cube 3060.255.224 (depth 2, 28 lits): UNSAT in 0.05s
    cube 3060.255.225 (depth 2, 28 lits): UNSAT in 0.03s
    cube 3060.255.226 (depth 2, 28 lits): UNSAT in 0.17s
    cube 3060.255.227 (depth 2, 28 lits): UNSAT in 0.07s
    cube 3060.255.228 (depth 2, 28 lits): UNSAT in 0.44s
    cube 3060.255.229 (depth 2, 28 lits): UNSAT in 0.14s
    cube 3060.255.230 (depth 2, 28 lits): UNSAT in 3.82s
    cube 3060.255.231 (depth 2, 28 lits): UNSAT in 0.13s
    cube 3060.255.232 (depth 2, 28 lits): UNSAT in 0.17s
    cube 3060.255.233 (depth 2, 28 lits): UNSAT in 0.31s
    cube 3060.255.234 (depth 2, 28 lits): UNSAT in 1.03s
    cube 3060.255.235 (depth 2, 28 lits): UNSAT in 0.09s
    cube 3060.255.236 (depth 2, 28 lits): UNSAT in 0.51s
    cube 3060.255.237 (depth 2, 28 lits): UNSAT in 0.75s
    cube 3060.255.238 (depth 2, 28 lits): UNSAT in 3.17s
    cube 3060.255.239 (depth 2, 28 lits): UNSAT in 0.17s
    cube 3060.255.240 (depth 2, 28 lits): UNSAT in 0.73s
    cube 3060.255.241 (depth 2, 28 lits): UNSAT in 0.34s
    cube 3060.255.242 (depth 2, 28 lits): UNSAT in 3.88s
    cube 3060.255.243 (depth 2, 28 lits): UNSAT in 0.69s
    cube 3060.255.244 (depth 2, 28 lits): UNSAT in 0.54s
    cube 3060.255.245 (depth 2, 28 lits): UNSAT in 1.55s
    cube 3060.255.246 (depth 2, 28 lits): UNSAT in 2.31s
    cube 3060.255.247 (depth 2, 28 lits): UNSAT in 0.19s
    cube 3060.255.248 (depth 2, 28 lits): UNSAT in 0.60s
    cube 3060.255.249 (depth 2, 28 lits): UNSAT in 3.20s
    cube 3060.255.250 (depth 2, 28 lits): UNSAT in 3.78s
    cube 3060.255.251 (depth 2, 28 lits): UNSAT in 1.61s
    cube 3060.255.252 (depth 2, 28 lits): UNSAT in 17.10s
    cube 3060.255.253 (depth 2, 28 lits): UNSAT in 19.84s
    cube 3060.255.254 (depth 2, 28 lits): UNSAT in 68.94s

  shard 13 verdict: UNSAT (1 UNSAT, 0 unresolved) in 8774.0s
