  shard 4/24 (explicit): 1 of 4095 cubes, per-cube cap 1200.0s, re-split depth 7
    cube 2998 (depth 0, 12 lits): TIMEOUT in 1200.00s
    cube 2998 TIMEOUT -> re-split into 251 sub-cubes (depth 1)
    cube 2998.0 (depth 1, 19 lits): UNSAT in 0.01s
    cube 2998.1 (depth 1, 19 lits): UNSAT in 0.01s
    cube 2998.2 (depth 1, 20 lits): UNSAT in 0.01s
    cube 2998.3 (depth 1, 20 lits): UNSAT in 0.03s
    cube 2998.4 (depth 1, 20 lits): UNSAT in 0.02s
    cube 2998.5 (depth 1, 20 lits): UNSAT in 0.04s
    cube 2998.6 (depth 1, 20 lits): UNSAT in 0.02s
    cube 2998.7 (depth 1, 20 lits): UNSAT in 0.02s
    cube 2998.8 (depth 1, 20 lits): UNSAT in 0.01s
    cube 2998.9 (depth 1, 20 lits): UNSAT in 0.02s
    cube 2998.10 (depth 1, 20 lits): UNSAT in 0.02s
    cube 2998.11 (depth 1, 20 lits): UNSAT in 0.03s
    cube 2998.12 (depth 1, 20 lits): UNSAT in 0.02s
    cube 2998.13 (depth 1, 20 lits): UNSAT in 0.13s
    cube 2998.14 (depth 1, 19 lits): UNSAT in 0.02s
    cube 2998.15 (depth 1, 20 lits): UNSAT in 0.02s
    cube 2998.16 (depth 1, 20 lits): UNSAT in 0.02s
    cube 2998.17 (depth 1, 20 lits): UNSAT in 0.02s
    cube 2998.18 (depth 1, 20 lits): UNSAT in 0.03s
    cube 2998.19 (depth 1, 20 lits): UNSAT in 0.02s
    cube 2998.20 (depth 1, 20 lits): UNSAT in 0.02s
    cube 2998.21 (depth 1, 20 lits): UNSAT in 0.02s
    cube 2998.22 (depth 1, 20 lits): UNSAT in 0.02s
    cube 2998.23 (depth 1, 20 lits): UNSAT in 0.04s
    cube 2998.24 (depth 1, 20 lits): UNSAT in 0.10s
    cube 2998.25 (depth 1, 20 lits): UNSAT in 0.01s
    cube 2998.26 (depth 1, 20 lits): UNSAT in 0.03s
    cube 2998.27 (depth 1, 20 lits): UNSAT in 0.07s
    cube 2998.28 (depth 1, 20 lits): UNSAT in 0.12s
    cube 2998.29 (depth 1, 20 lits): UNSAT in 0.01s
    cube 2998.30 (depth 1, 20 lits): UNSAT in 0.01s
    cube 2998.31 (depth 1, 20 lits): UNSAT in 0.01s
    cube 2998.32 (depth 1, 20 lits): UNSAT in 0.03s
    cube 2998.33 (depth 1, 20 lits): UNSAT in 0.04s
    cube 2998.34 (depth 1, 20 lits): UNSAT in 0.03s
    cube 2998.35 (depth 1, 20 lits): UNSAT in 0.05s
    cube 2998.36 (depth 1, 20 lits): UNSAT in 0.21s
    cube 2998.37 (depth 1, 20 lits): UNSAT in 0.04s
    cube 2998.38 (depth 1, 20 lits): UNSAT in 0.15s
    cube 2998.39 (depth 1, 20 lits): UNSAT in 0.03s
    cube 2998.40 (depth 1, 20 lits): UNSAT in 0.13s
    cube 2998.41 (depth 1, 20 lits): UNSAT in 0.09s
    cube 2998.42 (depth 1, 20 lits): UNSAT in 0.23s
    cube 2998.43 (depth 1, 20 lits): UNSAT in 0.26s
    cube 2998.44 (depth 1, 20 lits): UNSAT in 1.26s
    cube 2998.45 (depth 1, 20 lits): UNSAT in 0.03s
    cube 2998.46 (depth 1, 20 lits): UNSAT in 0.05s
    cube 2998.47 (depth 1, 20 lits): UNSAT in 0.06s
    cube 2998.48 (depth 1, 20 lits): UNSAT in 0.13s
    cube 2998.49 (depth 1, 20 lits): UNSAT in 0.07s
    cube 2998.50 (depth 1, 20 lits): UNSAT in 0.33s
    cube 2998.51 (depth 1, 20 lits): UNSAT in 0.10s
    cube 2998.52 (depth 1, 20 lits): UNSAT in 1.56s
    cube 2998.53 (depth 1, 20 lits): UNSAT in 0.10s
    cube 2998.54 (depth 1, 20 lits): UNSAT in 0.09s
    cube 2998.55 (depth 1, 20 lits): UNSAT in 0.25s
    cube 2998.56 (depth 1, 20 lits): UNSAT in 0.84s
    cube 2998.57 (depth 1, 20 lits): UNSAT in 0.91s
    cube 2998.58 (depth 1, 20 lits): UNSAT in 1.41s
    cube 2998.59 (depth 1, 20 lits): UNSAT in 2.85s
    cube 2998.60 (depth 1, 20 lits): UNSAT in 5.71s
    cube 2998.61 (depth 1, 19 lits): UNSAT in 0.02s
    cube 2998.62 (depth 1, 20 lits): UNSAT in 0.03s
    cube 2998.63 (depth 1, 20 lits): UNSAT in 0.13s
    cube 2998.64 (depth 1, 20 lits): UNSAT in 0.02s
    cube 2998.65 (depth 1, 20 lits): UNSAT in 0.26s
    cube 2998.66 (depth 1, 20 lits): UNSAT in 0.14s
    cube 2998.67 (depth 1, 20 lits): UNSAT in 0.58s
    cube 2998.68 (depth 1, 20 lits): UNSAT in 0.04s
    cube 2998.69 (depth 1, 20 lits): UNSAT in 0.11s
    cube 2998.70 (depth 1, 20 lits): UNSAT in 0.20s
    cube 2998.71 (depth 1, 20 lits): UNSAT in 0.23s
    cube 2998.72 (depth 1, 20 lits): UNSAT in 0.12s
    cube 2998.73 (depth 1, 20 lits): UNSAT in 0.36s
    cube 2998.74 (depth 1, 20 lits): UNSAT in 0.20s
    cube 2998.75 (depth 1, 20 lits): UNSAT in 1.10s
    cube 2998.76 (depth 1, 20 lits): UNSAT in 0.03s
    cube 2998.77 (depth 1, 20 lits): UNSAT in 0.07s
    cube 2998.78 (depth 1, 20 lits): UNSAT in 0.15s
    cube 2998.79 (depth 1, 20 lits): UNSAT in 1.04s
    cube 2998.80 (depth 1, 20 lits): UNSAT in 0.23s
    cube 2998.81 (depth 1, 20 lits): UNSAT in 1.42s
    cube 2998.82 (depth 1, 20 lits): UNSAT in 1.73s
    cube 2998.83 (depth 1, 20 lits): UNSAT in 3.10s
    cube 2998.84 (depth 1, 20 lits): UNSAT in 0.19s
    cube 2998.85 (depth 1, 20 lits): UNSAT in 0.84s
    cube 2998.86 (depth 1, 20 lits): UNSAT in 1.44s
    cube 2998.87 (depth 1, 20 lits): UNSAT in 2.98s
    cube 2998.88 (depth 1, 20 lits): UNSAT in 0.83s
    cube 2998.89 (depth 1, 20 lits): UNSAT in 2.11s
    cube 2998.90 (depth 1, 20 lits): UNSAT in 6.93s
    cube 2998.91 (depth 1, 20 lits): UNSAT in 25.57s
    cube 2998.92 (depth 1, 20 lits): UNSAT in 0.02s
    cube 2998.93 (depth 1, 20 lits): UNSAT in 0.24s
    cube 2998.94 (depth 1, 20 lits): UNSAT in 0.22s
    cube 2998.95 (depth 1, 20 lits): UNSAT in 0.58s
    cube 2998.96 (depth 1, 20 lits): UNSAT in 0.14s
    cube 2998.97 (depth 1, 20 lits): UNSAT in 0.35s
    cube 2998.98 (depth 1, 20 lits): UNSAT in 0.56s
    cube 2998.99 (depth 1, 20 lits): UNSAT in 1.47s
    cube 2998.100 (depth 1, 20 lits): UNSAT in 0.25s
    cube 2998.101 (depth 1, 20 lits): UNSAT in 0.80s
    cube 2998.102 (depth 1, 20 lits): UNSAT in 1.45s
    cube 2998.103 (depth 1, 20 lits): UNSAT in 5.80s
    cube 2998.104 (depth 1, 20 lits): UNSAT in 0.87s
    cube 2998.105 (depth 1, 20 lits): UNSAT in 3.46s
    cube 2998.106 (depth 1, 20 lits): UNSAT in 3.44s
    cube 2998.107 (depth 1, 20 lits): UNSAT in 30.91s
    cube 2998.108 (depth 1, 20 lits): UNSAT in 0.14s
    cube 2998.109 (depth 1, 20 lits): UNSAT in 0.45s
    cube 2998.110 (depth 1, 20 lits): UNSAT in 0.43s
    cube 2998.111 (depth 1, 20 lits): UNSAT in 1.37s
    cube 2998.112 (depth 1, 20 lits): UNSAT in 0.45s
    cube 2998.113 (depth 1, 20 lits): UNSAT in 5.53s
    cube 2998.114 (depth 1, 20 lits): UNSAT in 4.84s
    cube 2998.115 (depth 1, 20 lits): UNSAT in 20.44s
    cube 2998.116 (depth 1, 20 lits): UNSAT in 0.70s
    cube 2998.117 (depth 1, 20 lits): UNSAT in 1.92s
    cube 2998.118 (depth 1, 20 lits): UNSAT in 12.81s
    cube 2998.119 (depth 1, 20 lits): UNSAT in 49.47s
    cube 2998.120 (depth 1, 20 lits): UNSAT in 14.00s
    cube 2998.121 (depth 1, 20 lits): UNSAT in 86.23s
    cube 2998.122 (depth 1, 20 lits): UNSAT in 170.15s
    cube 2998.123 (depth 1, 20 lits): UNSAT in 1044.44s
    cube 2998.124 (depth 1, 19 lits): UNSAT in 0.02s
    cube 2998.125 (depth 1, 20 lits): UNSAT in 0.03s
    cube 2998.126 (depth 1, 20 lits): UNSAT in 0.05s
    cube 2998.127 (depth 1, 20 lits): UNSAT in 0.03s
    cube 2998.128 (depth 1, 20 lits): UNSAT in 0.08s
    cube 2998.129 (depth 1, 20 lits): UNSAT in 0.22s
    cube 2998.130 (depth 1, 20 lits): UNSAT in 0.41s
    cube 2998.131 (depth 1, 20 lits): UNSAT in 0.03s
    cube 2998.132 (depth 1, 20 lits): UNSAT in 0.14s
    cube 2998.133 (depth 1, 20 lits): UNSAT in 0.08s
    cube 2998.134 (depth 1, 20 lits): UNSAT in 0.09s
    cube 2998.135 (depth 1, 20 lits): UNSAT in 0.08s
    cube 2998.136 (depth 1, 20 lits): UNSAT in 0.16s
    cube 2998.137 (depth 1, 20 lits): UNSAT in 0.21s
    cube 2998.138 (depth 1, 20 lits): UNSAT in 1.07s
    cube 2998.139 (depth 1, 20 lits): UNSAT in 0.04s
    cube 2998.140 (depth 1, 20 lits): UNSAT in 0.11s
    cube 2998.141 (depth 1, 20 lits): UNSAT in 0.05s
    cube 2998.142 (depth 1, 20 lits): UNSAT in 0.21s
    cube 2998.143 (depth 1, 20 lits): UNSAT in 0.06s
    cube 2998.144 (depth 1, 20 lits): UNSAT in 0.56s
    cube 2998.145 (depth 1, 20 lits): UNSAT in 0.75s
    cube 2998.146 (depth 1, 20 lits): UNSAT in 0.42s
    cube 2998.147 (depth 1, 20 lits): UNSAT in 0.07s
    cube 2998.148 (depth 1, 20 lits): UNSAT in 0.08s
    cube 2998.149 (depth 1, 20 lits): UNSAT in 0.10s
    cube 2998.150 (depth 1, 20 lits): UNSAT in 0.08s
    cube 2998.151 (depth 1, 20 lits): UNSAT in 0.72s
    cube 2998.152 (depth 1, 20 lits): UNSAT in 0.25s
    cube 2998.153 (depth 1, 20 lits): UNSAT in 1.03s
    cube 2998.154 (depth 1, 20 lits): UNSAT in 1.26s
    cube 2998.155 (depth 1, 20 lits): UNSAT in 0.03s
    cube 2998.156 (depth 1, 20 lits): UNSAT in 0.05s
    cube 2998.157 (depth 1, 20 lits): UNSAT in 0.25s
    cube 2998.158 (depth 1, 20 lits): UNSAT in 0.55s
    cube 2998.159 (depth 1, 20 lits): UNSAT in 0.04s
    cube 2998.160 (depth 1, 20 lits): UNSAT in 1.34s
    cube 2998.161 (depth 1, 20 lits): UNSAT in 0.40s
    cube 2998.162 (depth 1, 20 lits): UNSAT in 0.89s
    cube 2998.163 (depth 1, 20 lits): UNSAT in 0.13s
    cube 2998.164 (depth 1, 20 lits): UNSAT in 0.75s
    cube 2998.165 (depth 1, 20 lits): UNSAT in 1.49s
    cube 2998.166 (depth 1, 20 lits): UNSAT in 0.49s
    cube 2998.167 (depth 1, 20 lits): UNSAT in 0.14s
    cube 2998.168 (depth 1, 20 lits): UNSAT in 0.05s
    cube 2998.169 (depth 1, 20 lits): UNSAT in 0.53s
    cube 2998.170 (depth 1, 20 lits): UNSAT in 4.20s
    cube 2998.171 (depth 1, 20 lits): UNSAT in 0.14s
    cube 2998.172 (depth 1, 20 lits): UNSAT in 0.20s
    cube 2998.173 (depth 1, 20 lits): UNSAT in 2.02s
    cube 2998.174 (depth 1, 20 lits): UNSAT in 2.41s
    cube 2998.175 (depth 1, 20 lits): UNSAT in 0.43s
    cube 2998.176 (depth 1, 20 lits): UNSAT in 0.54s
    cube 2998.177 (depth 1, 20 lits): UNSAT in 0.71s
    cube 2998.178 (depth 1, 20 lits): UNSAT in 4.82s
    cube 2998.179 (depth 1, 20 lits): UNSAT in 2.64s
    cube 2998.180 (depth 1, 20 lits): UNSAT in 9.87s
    cube 2998.181 (depth 1, 20 lits): UNSAT in 0.74s
    cube 2998.182 (depth 1, 20 lits): UNSAT in 14.15s
    cube 2998.183 (depth 1, 20 lits): UNSAT in 0.93s
    cube 2998.184 (depth 1, 20 lits): UNSAT in 65.29s
    cube 2998.185 (depth 1, 20 lits): UNSAT in 24.21s
    cube 2998.186 (depth 1, 20 lits): UNSAT in 1123.87s
    cube 2998.187 (depth 1, 20 lits): UNSAT in 0.01s
    cube 2998.188 (depth 1, 20 lits): UNSAT in 0.13s
    cube 2998.189 (depth 1, 20 lits): UNSAT in 0.04s
    cube 2998.190 (depth 1, 20 lits): UNSAT in 0.21s
    cube 2998.191 (depth 1, 20 lits): UNSAT in 0.05s
    cube 2998.192 (depth 1, 20 lits): UNSAT in 0.09s
    cube 2998.193 (depth 1, 20 lits): UNSAT in 0.23s
    cube 2998.194 (depth 1, 20 lits): UNSAT in 0.38s
    cube 2998.195 (depth 1, 20 lits): UNSAT in 0.12s
    cube 2998.196 (depth 1, 20 lits): UNSAT in 0.37s
    cube 2998.197 (depth 1, 20 lits): UNSAT in 0.19s
    cube 2998.198 (depth 1, 20 lits): UNSAT in 0.67s
    cube 2998.199 (depth 1, 20 lits): UNSAT in 0.72s
    cube 2998.200 (depth 1, 20 lits): UNSAT in 0.62s
    cube 2998.201 (depth 1, 20 lits): UNSAT in 0.69s
    cube 2998.202 (depth 1, 20 lits): UNSAT in 4.85s
    cube 2998.203 (depth 1, 20 lits): UNSAT in 0.19s
    cube 2998.204 (depth 1, 20 lits): UNSAT in 0.69s
    cube 2998.205 (depth 1, 20 lits): UNSAT in 0.35s
    cube 2998.206 (depth 1, 20 lits): UNSAT in 1.60s
    cube 2998.207 (depth 1, 20 lits): UNSAT in 0.28s
    cube 2998.208 (depth 1, 20 lits): UNSAT in 0.52s
    cube 2998.209 (depth 1, 20 lits): UNSAT in 0.52s
    cube 2998.210 (depth 1, 20 lits): UNSAT in 7.34s
    cube 2998.211 (depth 1, 20 lits): UNSAT in 0.08s
    cube 2998.212 (depth 1, 20 lits): UNSAT in 0.11s
    cube 2998.213 (depth 1, 20 lits): UNSAT in 0.29s
    cube 2998.214 (depth 1, 20 lits): UNSAT in 1.71s
    cube 2998.215 (depth 1, 20 lits): UNSAT in 0.50s
    cube 2998.216 (depth 1, 20 lits): UNSAT in 3.16s
    cube 2998.217 (depth 1, 20 lits): UNSAT in 8.67s
    cube 2998.218 (depth 1, 20 lits): UNSAT in 264.00s
    cube 2998.219 (depth 1, 20 lits): UNSAT in 0.53s
    cube 2998.220 (depth 1, 20 lits): UNSAT in 1.04s
    cube 2998.221 (depth 1, 20 lits): UNSAT in 0.68s
    cube 2998.222 (depth 1, 20 lits): UNSAT in 20.88s
    cube 2998.223 (depth 1, 20 lits): UNSAT in 1.98s
    cube 2998.224 (depth 1, 20 lits): UNSAT in 6.26s
    cube 2998.225 (depth 1, 20 lits): UNSAT in 2.90s
    cube 2998.226 (depth 1, 20 lits): UNSAT in 22.04s
    cube 2998.227 (depth 1, 20 lits): UNSAT in 0.21s
    cube 2998.228 (depth 1, 20 lits): UNSAT in 0.41s
    cube 2998.229 (depth 1, 20 lits): UNSAT in 1.44s
    cube 2998.230 (depth 1, 20 lits): UNSAT in 9.16s
    cube 2998.231 (depth 1, 20 lits): UNSAT in 1.24s
    cube 2998.232 (depth 1, 20 lits): UNSAT in 18.55s
    cube 2998.233 (depth 1, 20 lits): UNSAT in 19.25s
    cube 2998.234 (depth 1, 20 lits): TIMEOUT in 1200.02s
    cube 2998.234 TIMEOUT -> re-split into 246 sub-cubes (depth 2)
    cube 2998.234.0 (depth 2, 26 lits): UNSAT in 0.01s
    cube 2998.234.1 (depth 2, 28 lits): UNSAT in 0.01s
    cube 2998.234.2 (depth 2, 28 lits): UNSAT in 0.02s
    cube 2998.234.3 (depth 2, 28 lits): UNSAT in 0.01s
    cube 2998.234.4 (depth 2, 28 lits): UNSAT in 0.01s
    cube 2998.234.5 (depth 2, 28 lits): UNSAT in 0.01s
    cube 2998.234.6 (depth 2, 28 lits): UNSAT in 0.01s
    cube 2998.234.7 (depth 2, 27 lits): UNSAT in 0.01s
    cube 2998.234.8 (depth 2, 26 lits): UNSAT in 0.01s
    cube 2998.234.9 (depth 2, 28 lits): UNSAT in 0.01s
    cube 2998.234.10 (depth 2, 28 lits): UNSAT in 0.01s
    cube 2998.234.11 (depth 2, 28 lits): UNSAT in 0.02s
    cube 2998.234.12 (depth 2, 28 lits): UNSAT in 0.03s
    cube 2998.234.13 (depth 2, 27 lits): UNSAT in 0.02s
    cube 2998.234.14 (depth 2, 28 lits): UNSAT in 0.02s
    cube 2998.234.15 (depth 2, 28 lits): UNSAT in 0.06s
    cube 2998.234.16 (depth 2, 28 lits): UNSAT in 0.03s
    cube 2998.234.17 (depth 2, 28 lits): UNSAT in 0.02s
    cube 2998.234.18 (depth 2, 28 lits): UNSAT in 0.02s
    cube 2998.234.19 (depth 2, 28 lits): UNSAT in 0.02s
    cube 2998.234.20 (depth 2, 28 lits): UNSAT in 0.04s
    cube 2998.234.21 (depth 2, 28 lits): UNSAT in 0.08s
    cube 2998.234.22 (depth 2, 28 lits): UNSAT in 0.14s
    cube 2998.234.23 (depth 2, 28 lits): UNSAT in 0.04s
    cube 2998.234.24 (depth 2, 28 lits): UNSAT in 0.02s
    cube 2998.234.25 (depth 2, 28 lits): UNSAT in 0.01s
    cube 2998.234.26 (depth 2, 28 lits): UNSAT in 0.02s
    cube 2998.234.27 (depth 2, 28 lits): UNSAT in 0.01s
    cube 2998.234.28 (depth 2, 27 lits): UNSAT in 0.01s
    cube 2998.234.29 (depth 2, 28 lits): UNSAT in 0.02s
    cube 2998.234.30 (depth 2, 28 lits): UNSAT in 0.02s
    cube 2998.234.31 (depth 2, 28 lits): UNSAT in 0.01s
    cube 2998.234.32 (depth 2, 28 lits): UNSAT in 0.02s
    cube 2998.234.33 (depth 2, 28 lits): UNSAT in 0.02s
    cube 2998.234.34 (depth 2, 28 lits): UNSAT in 0.02s
    cube 2998.234.35 (depth 2, 28 lits): UNSAT in 0.03s
    cube 2998.234.36 (depth 2, 28 lits): UNSAT in 0.05s
    cube 2998.234.37 (depth 2, 28 lits): UNSAT in 0.05s
    cube 2998.234.38 (depth 2, 28 lits): UNSAT in 0.13s
    cube 2998.234.39 (depth 2, 28 lits): UNSAT in 0.03s
    cube 2998.234.40 (depth 2, 28 lits): UNSAT in 0.04s
    cube 2998.234.41 (depth 2, 28 lits): UNSAT in 0.04s
    cube 2998.234.42 (depth 2, 28 lits): UNSAT in 0.03s
    cube 2998.234.43 (depth 2, 28 lits): UNSAT in 0.01s
    cube 2998.234.44 (depth 2, 28 lits): UNSAT in 0.02s
    cube 2998.234.45 (depth 2, 28 lits): UNSAT in 0.03s
    cube 2998.234.46 (depth 2, 28 lits): UNSAT in 0.08s
    cube 2998.234.47 (depth 2, 28 lits): UNSAT in 0.02s
    cube 2998.234.48 (depth 2, 28 lits): UNSAT in 0.03s
    cube 2998.234.49 (depth 2, 28 lits): UNSAT in 0.02s
    cube 2998.234.50 (depth 2, 28 lits): UNSAT in 0.02s
    cube 2998.234.51 (depth 2, 28 lits): UNSAT in 0.02s
    cube 2998.234.52 (depth 2, 28 lits): UNSAT in 0.04s
    cube 2998.234.53 (depth 2, 28 lits): UNSAT in 0.03s
    cube 2998.234.54 (depth 2, 28 lits): UNSAT in 0.05s
    cube 2998.234.55 (depth 2, 27 lits): UNSAT in 0.02s
    cube 2998.234.56 (depth 2, 28 lits): UNSAT in 0.02s
    cube 2998.234.57 (depth 2, 28 lits): UNSAT in 0.01s
    cube 2998.234.58 (depth 2, 28 lits): UNSAT in 0.04s
    cube 2998.234.59 (depth 2, 28 lits): UNSAT in 0.05s
    cube 2998.234.60 (depth 2, 28 lits): UNSAT in 0.04s
    cube 2998.234.61 (depth 2, 28 lits): UNSAT in 0.02s
    cube 2998.234.62 (depth 2, 28 lits): UNSAT in 0.02s
    cube 2998.234.63 (depth 2, 28 lits): UNSAT in 0.02s
    cube 2998.234.64 (depth 2, 28 lits): UNSAT in 0.02s
    cube 2998.234.65 (depth 2, 28 lits): UNSAT in 0.02s
    cube 2998.234.66 (depth 2, 28 lits): UNSAT in 0.02s
    cube 2998.234.67 (depth 2, 28 lits): UNSAT in 0.04s
    cube 2998.234.68 (depth 2, 28 lits): UNSAT in 0.15s
    cube 2998.234.69 (depth 2, 28 lits): UNSAT in 0.34s
    cube 2998.234.70 (depth 2, 28 lits): UNSAT in 0.01s
    cube 2998.234.71 (depth 2, 28 lits): UNSAT in 0.02s
    cube 2998.234.72 (depth 2, 28 lits): UNSAT in 0.02s
    cube 2998.234.73 (depth 2, 28 lits): UNSAT in 0.06s
    cube 2998.234.74 (depth 2, 28 lits): UNSAT in 0.02s
    cube 2998.234.75 (depth 2, 28 lits): UNSAT in 0.05s
    cube 2998.234.76 (depth 2, 28 lits): UNSAT in 0.05s
    cube 2998.234.77 (depth 2, 28 lits): UNSAT in 0.33s
    cube 2998.234.78 (depth 2, 28 lits): UNSAT in 0.01s
    cube 2998.234.79 (depth 2, 28 lits): UNSAT in 0.04s
    cube 2998.234.80 (depth 2, 28 lits): UNSAT in 0.04s
    cube 2998.234.81 (depth 2, 28 lits): UNSAT in 0.04s
    cube 2998.234.82 (depth 2, 28 lits): UNSAT in 0.26s
    cube 2998.234.83 (depth 2, 28 lits): UNSAT in 0.09s
    cube 2998.234.84 (depth 2, 28 lits): UNSAT in 0.25s
    cube 2998.234.85 (depth 2, 28 lits): UNSAT in 0.53s
    cube 2998.234.86 (depth 2, 28 lits): UNSAT in 0.02s
    cube 2998.234.87 (depth 2, 28 lits): UNSAT in 0.03s
    cube 2998.234.88 (depth 2, 28 lits): UNSAT in 0.03s
    cube 2998.234.89 (depth 2, 28 lits): UNSAT in 0.06s
    cube 2998.234.90 (depth 2, 28 lits): UNSAT in 0.05s
    cube 2998.234.91 (depth 2, 28 lits): UNSAT in 0.16s
    cube 2998.234.92 (depth 2, 28 lits): UNSAT in 0.05s
    cube 2998.234.93 (depth 2, 28 lits): UNSAT in 0.12s
    cube 2998.234.94 (depth 2, 28 lits): UNSAT in 0.12s
    cube 2998.234.95 (depth 2, 28 lits): UNSAT in 0.09s
    cube 2998.234.96 (depth 2, 28 lits): UNSAT in 0.19s
    cube 2998.234.97 (depth 2, 28 lits): UNSAT in 0.61s
    cube 2998.234.98 (depth 2, 28 lits): UNSAT in 0.20s
    cube 2998.234.99 (depth 2, 28 lits): UNSAT in 0.40s
    cube 2998.234.100 (depth 2, 28 lits): UNSAT in 4.90s
    cube 2998.234.101 (depth 2, 28 lits): UNSAT in 2.19s
    cube 2998.234.102 (depth 2, 28 lits): UNSAT in 0.02s
    cube 2998.234.103 (depth 2, 28 lits): UNSAT in 0.04s
    cube 2998.234.104 (depth 2, 28 lits): UNSAT in 0.11s
    cube 2998.234.105 (depth 2, 28 lits): UNSAT in 0.20s
    cube 2998.234.106 (depth 2, 28 lits): UNSAT in 0.08s
    cube 2998.234.107 (depth 2, 28 lits): UNSAT in 0.10s
    cube 2998.234.108 (depth 2, 28 lits): UNSAT in 0.16s
    cube 2998.234.109 (depth 2, 28 lits): UNSAT in 0.45s
    cube 2998.234.110 (depth 2, 28 lits): UNSAT in 0.09s
    cube 2998.234.111 (depth 2, 28 lits): UNSAT in 0.24s
    cube 2998.234.112 (depth 2, 28 lits): UNSAT in 0.54s
    cube 2998.234.113 (depth 2, 28 lits): UNSAT in 0.48s
    cube 2998.234.114 (depth 2, 28 lits): UNSAT in 0.14s
    cube 2998.234.115 (depth 2, 28 lits): UNSAT in 1.05s
    cube 2998.234.116 (depth 2, 28 lits): UNSAT in 0.69s
    cube 2998.234.117 (depth 2, 28 lits): UNSAT in 3.95s
    cube 2998.234.118 (depth 2, 28 lits): UNSAT in 0.01s
    cube 2998.234.119 (depth 2, 28 lits): UNSAT in 0.02s
    cube 2998.234.120 (depth 2, 28 lits): UNSAT in 0.02s
    cube 2998.234.121 (depth 2, 28 lits): UNSAT in 0.03s
    cube 2998.234.122 (depth 2, 28 lits): UNSAT in 0.02s
    cube 2998.234.123 (depth 2, 28 lits): UNSAT in 0.04s
    cube 2998.234.124 (depth 2, 28 lits): UNSAT in 0.02s
    cube 2998.234.125 (depth 2, 28 lits): UNSAT in 0.02s
    cube 2998.234.126 (depth 2, 28 lits): UNSAT in 0.01s
    cube 2998.234.127 (depth 2, 28 lits): UNSAT in 0.03s
    cube 2998.234.128 (depth 2, 28 lits): UNSAT in 0.06s
    cube 2998.234.129 (depth 2, 28 lits): UNSAT in 0.08s
    cube 2998.234.130 (depth 2, 28 lits): UNSAT in 0.04s
    cube 2998.234.131 (depth 2, 28 lits): UNSAT in 0.07s
    cube 2998.234.132 (depth 2, 28 lits): UNSAT in 0.26s
    cube 2998.234.133 (depth 2, 28 lits): UNSAT in 0.81s
    cube 2998.234.134 (depth 2, 28 lits): UNSAT in 0.02s
    cube 2998.234.135 (depth 2, 28 lits): UNSAT in 0.01s
    cube 2998.234.136 (depth 2, 28 lits): UNSAT in 0.04s
    cube 2998.234.137 (depth 2, 28 lits): UNSAT in 0.15s
    cube 2998.234.138 (depth 2, 28 lits): UNSAT in 0.05s
    cube 2998.234.139 (depth 2, 28 lits): UNSAT in 0.11s
    cube 2998.234.140 (depth 2, 28 lits): UNSAT in 0.08s
    cube 2998.234.141 (depth 2, 28 lits): UNSAT in 0.23s
    cube 2998.234.142 (depth 2, 28 lits): UNSAT in 0.06s
    cube 2998.234.143 (depth 2, 28 lits): UNSAT in 0.14s
    cube 2998.234.144 (depth 2, 28 lits): UNSAT in 0.09s
    cube 2998.234.145 (depth 2, 28 lits): UNSAT in 0.26s
    cube 2998.234.146 (depth 2, 28 lits): UNSAT in 0.06s
    cube 2998.234.147 (depth 2, 28 lits): UNSAT in 0.70s
    cube 2998.234.148 (depth 2, 28 lits): UNSAT in 0.08s
    cube 2998.234.149 (depth 2, 28 lits): UNSAT in 0.41s
    cube 2998.234.150 (depth 2, 28 lits): UNSAT in 0.02s
    cube 2998.234.151 (depth 2, 28 lits): UNSAT in 0.06s
    cube 2998.234.152 (depth 2, 28 lits): UNSAT in 0.24s
    cube 2998.234.153 (depth 2, 28 lits): UNSAT in 0.37s
    cube 2998.234.154 (depth 2, 28 lits): UNSAT in 0.08s
    cube 2998.234.155 (depth 2, 28 lits): UNSAT in 0.33s
    cube 2998.234.156 (depth 2, 28 lits): UNSAT in 0.13s
    cube 2998.234.157 (depth 2, 28 lits): UNSAT in 3.03s
    cube 2998.234.158 (depth 2, 28 lits): UNSAT in 0.17s
    cube 2998.234.159 (depth 2, 28 lits): UNSAT in 0.45s
    cube 2998.234.160 (depth 2, 28 lits): UNSAT in 0.25s
    cube 2998.234.161 (depth 2, 28 lits): UNSAT in 5.78s
    cube 2998.234.162 (depth 2, 28 lits): UNSAT in 0.29s
    cube 2998.234.163 (depth 2, 28 lits): UNSAT in 0.41s
    cube 2998.234.164 (depth 2, 28 lits): UNSAT in 0.43s
    cube 2998.234.165 (depth 2, 28 lits): UNSAT in 4.99s
    cube 2998.234.166 (depth 2, 28 lits): UNSAT in 0.02s
    cube 2998.234.167 (depth 2, 28 lits): UNSAT in 0.04s
    cube 2998.234.168 (depth 2, 28 lits): UNSAT in 0.10s
    cube 2998.234.169 (depth 2, 28 lits): UNSAT in 0.30s
    cube 2998.234.170 (depth 2, 28 lits): UNSAT in 0.12s
    cube 2998.234.171 (depth 2, 28 lits): UNSAT in 0.31s
    cube 2998.234.172 (depth 2, 28 lits): UNSAT in 0.28s
    cube 2998.234.173 (depth 2, 28 lits): UNSAT in 2.55s
    cube 2998.234.174 (depth 2, 28 lits): UNSAT in 0.25s
    cube 2998.234.175 (depth 2, 28 lits): UNSAT in 1.38s
    cube 2998.234.176 (depth 2, 28 lits): UNSAT in 0.49s
    cube 2998.234.177 (depth 2, 28 lits): UNSAT in 1.91s
    cube 2998.234.178 (depth 2, 28 lits): UNSAT in 0.42s
    cube 2998.234.179 (depth 2, 28 lits): UNSAT in 0.96s
    cube 2998.234.180 (depth 2, 28 lits): UNSAT in 1.46s
    cube 2998.234.181 (depth 2, 28 lits): UNSAT in 14.24s
    cube 2998.234.182 (depth 2, 28 lits): UNSAT in 0.02s
    cube 2998.234.183 (depth 2, 28 lits): UNSAT in 0.03s
    cube 2998.234.184 (depth 2, 28 lits): UNSAT in 0.03s
    cube 2998.234.185 (depth 2, 28 lits): UNSAT in 0.02s
    cube 2998.234.186 (depth 2, 28 lits): UNSAT in 0.03s
    cube 2998.234.187 (depth 2, 28 lits): UNSAT in 0.11s
    cube 2998.234.188 (depth 2, 28 lits): UNSAT in 0.17s
    cube 2998.234.189 (depth 2, 28 lits): UNSAT in 0.79s
    cube 2998.234.190 (depth 2, 28 lits): UNSAT in 0.03s
    cube 2998.234.191 (depth 2, 28 lits): UNSAT in 0.16s
    cube 2998.234.192 (depth 2, 28 lits): UNSAT in 0.05s
    cube 2998.234.193 (depth 2, 28 lits): UNSAT in 0.43s
    cube 2998.234.194 (depth 2, 28 lits): UNSAT in 0.13s
    cube 2998.234.195 (depth 2, 28 lits): UNSAT in 0.36s
    cube 2998.234.196 (depth 2, 28 lits): UNSAT in 0.39s
    cube 2998.234.197 (depth 2, 28 lits): UNSAT in 0.38s
    cube 2998.234.198 (depth 2, 28 lits): UNSAT in 0.09s
    cube 2998.234.199 (depth 2, 28 lits): UNSAT in 0.25s
    cube 2998.234.200 (depth 2, 28 lits): UNSAT in 0.07s
    cube 2998.234.201 (depth 2, 28 lits): UNSAT in 0.41s
    cube 2998.234.202 (depth 2, 28 lits): UNSAT in 0.04s
    cube 2998.234.203 (depth 2, 28 lits): UNSAT in 0.11s
    cube 2998.234.204 (depth 2, 28 lits): UNSAT in 0.83s
    cube 2998.234.205 (depth 2, 28 lits): UNSAT in 1.48s
    cube 2998.234.206 (depth 2, 28 lits): UNSAT in 0.31s
    cube 2998.234.207 (depth 2, 28 lits): UNSAT in 1.41s
    cube 2998.234.208 (depth 2, 28 lits): UNSAT in 0.51s
    cube 2998.234.209 (depth 2, 28 lits): UNSAT in 2.13s
    cube 2998.234.210 (depth 2, 28 lits): UNSAT in 1.43s
    cube 2998.234.211 (depth 2, 28 lits): UNSAT in 11.81s
    cube 2998.234.212 (depth 2, 28 lits): UNSAT in 1.35s
    cube 2998.234.213 (depth 2, 28 lits): UNSAT in 14.10s
    cube 2998.234.214 (depth 2, 28 lits): UNSAT in 0.14s
    cube 2998.234.215 (depth 2, 28 lits): UNSAT in 0.52s
    cube 2998.234.216 (depth 2, 28 lits): UNSAT in 0.67s
    cube 2998.234.217 (depth 2, 28 lits): UNSAT in 3.56s
    cube 2998.234.218 (depth 2, 28 lits): UNSAT in 1.15s
    cube 2998.234.219 (depth 2, 28 lits): UNSAT in 9.98s
    cube 2998.234.220 (depth 2, 28 lits): UNSAT in 0.83s
    cube 2998.234.221 (depth 2, 28 lits): UNSAT in 9.60s
    cube 2998.234.222 (depth 2, 28 lits): UNSAT in 0.27s
    cube 2998.234.223 (depth 2, 28 lits): UNSAT in 1.74s
    cube 2998.234.224 (depth 2, 28 lits): UNSAT in 0.35s
    cube 2998.234.225 (depth 2, 28 lits): UNSAT in 3.05s
    cube 2998.234.226 (depth 2, 28 lits): UNSAT in 3.36s
    cube 2998.234.227 (depth 2, 28 lits): UNSAT in 4.20s
    cube 2998.234.228 (depth 2, 28 lits): UNSAT in 1.60s
    cube 2998.234.229 (depth 2, 28 lits): UNSAT in 28.55s
    cube 2998.234.230 (depth 2, 28 lits): UNSAT in 0.04s
    cube 2998.234.231 (depth 2, 28 lits): UNSAT in 0.31s
    cube 2998.234.232 (depth 2, 28 lits): UNSAT in 0.83s
    cube 2998.234.233 (depth 2, 28 lits): UNSAT in 2.27s
    cube 2998.234.234 (depth 2, 28 lits): UNSAT in 2.05s
    cube 2998.234.235 (depth 2, 28 lits): UNSAT in 2.54s
    cube 2998.234.236 (depth 2, 28 lits): UNSAT in 3.60s
    cube 2998.234.237 (depth 2, 28 lits): UNSAT in 60.33s
    cube 2998.234.238 (depth 2, 28 lits): UNSAT in 0.06s
    cube 2998.234.239 (depth 2, 28 lits): UNSAT in 0.57s
    cube 2998.234.240 (depth 2, 28 lits): UNSAT in 0.55s
    cube 2998.234.241 (depth 2, 28 lits): UNSAT in 1.64s
    cube 2998.234.242 (depth 2, 28 lits): UNSAT in 2.86s
    cube 2998.234.243 (depth 2, 28 lits): UNSAT in 3.56s
    cube 2998.234.244 (depth 2, 28 lits): UNSAT in 10.86s
    cube 2998.234.245 (depth 2, 28 lits): UNSAT in 76.88s
    cube 2998.235 (depth 1, 20 lits): UNSAT in 2.05s
    cube 2998.236 (depth 1, 20 lits): UNSAT in 6.91s
    cube 2998.237 (depth 1, 20 lits): UNSAT in 5.65s
    cube 2998.238 (depth 1, 20 lits): UNSAT in 18.05s
    cube 2998.239 (depth 1, 20 lits): UNSAT in 8.39s
    cube 2998.240 (depth 1, 20 lits): UNSAT in 10.75s
    cube 2998.241 (depth 1, 20 lits): UNSAT in 14.70s
    cube 2998.242 (depth 1, 20 lits): TIMEOUT in 1200.10s
    cube 2998.242 TIMEOUT -> re-split into 250 sub-cubes (depth 2)
    cube 2998.242.0 (depth 2, 26 lits): UNSAT in 0.01s
    cube 2998.242.1 (depth 2, 27 lits): UNSAT in 0.02s
    cube 2998.242.2 (depth 2, 28 lits): UNSAT in 0.02s
    cube 2998.242.3 (depth 2, 28 lits): UNSAT in 0.03s
    cube 2998.242.4 (depth 2, 28 lits): UNSAT in 0.01s
    cube 2998.242.5 (depth 2, 28 lits): UNSAT in 0.01s
    cube 2998.242.6 (depth 2, 28 lits): UNSAT in 0.01s
    cube 2998.242.7 (depth 2, 28 lits): UNSAT in 0.02s
    cube 2998.242.8 (depth 2, 28 lits): UNSAT in 0.01s
    cube 2998.242.9 (depth 2, 28 lits): UNSAT in 0.02s
    cube 2998.242.10 (depth 2, 28 lits): UNSAT in 0.04s
    cube 2998.242.11 (depth 2, 28 lits): UNSAT in 0.07s
    cube 2998.242.12 (depth 2, 28 lits): UNSAT in 0.01s
    cube 2998.242.13 (depth 2, 28 lits): UNSAT in 0.01s
    cube 2998.242.14 (depth 2, 28 lits): UNSAT in 0.01s
    cube 2998.242.15 (depth 2, 28 lits): UNSAT in 0.01s
    cube 2998.242.16 (depth 2, 28 lits): UNSAT in 0.02s
    cube 2998.242.17 (depth 2, 28 lits): UNSAT in 0.02s
    cube 2998.242.18 (depth 2, 28 lits): UNSAT in 0.01s
    cube 2998.242.19 (depth 2, 28 lits): UNSAT in 0.02s
    cube 2998.242.20 (depth 2, 28 lits): UNSAT in 0.01s
    cube 2998.242.21 (depth 2, 28 lits): UNSAT in 0.02s
    cube 2998.242.22 (depth 2, 28 lits): UNSAT in 0.01s
    cube 2998.242.23 (depth 2, 28 lits): UNSAT in 0.02s
    cube 2998.242.24 (depth 2, 28 lits): UNSAT in 0.03s
    cube 2998.242.25 (depth 2, 28 lits): UNSAT in 0.03s
    cube 2998.242.26 (depth 2, 28 lits): UNSAT in 0.04s
    cube 2998.242.27 (depth 2, 28 lits): UNSAT in 0.06s
    cube 2998.242.28 (depth 2, 27 lits): UNSAT in 0.02s
    cube 2998.242.29 (depth 2, 28 lits): UNSAT in 0.01s
    cube 2998.242.30 (depth 2, 28 lits): UNSAT in 0.01s
    cube 2998.242.31 (depth 2, 28 lits): UNSAT in 0.01s
    cube 2998.242.32 (depth 2, 28 lits): UNSAT in 0.01s
    cube 2998.242.33 (depth 2, 28 lits): UNSAT in 0.01s
    cube 2998.242.34 (depth 2, 28 lits): UNSAT in 0.03s
    cube 2998.242.35 (depth 2, 27 lits): UNSAT in 0.02s
    cube 2998.242.36 (depth 2, 28 lits): UNSAT in 0.01s
    cube 2998.242.37 (depth 2, 28 lits): UNSAT in 0.02s
    cube 2998.242.38 (depth 2, 28 lits): UNSAT in 0.02s
    cube 2998.242.39 (depth 2, 28 lits): UNSAT in 0.03s
    cube 2998.242.40 (depth 2, 28 lits): UNSAT in 0.02s
    cube 2998.242.41 (depth 2, 28 lits): UNSAT in 0.04s
    cube 2998.242.42 (depth 2, 28 lits): UNSAT in 0.02s
    cube 2998.242.43 (depth 2, 28 lits): UNSAT in 0.01s
    cube 2998.242.44 (depth 2, 28 lits): UNSAT in 0.02s
    cube 2998.242.45 (depth 2, 28 lits): UNSAT in 0.02s
    cube 2998.242.46 (depth 2, 28 lits): UNSAT in 0.01s
    cube 2998.242.47 (depth 2, 28 lits): UNSAT in 0.03s
    cube 2998.242.48 (depth 2, 28 lits): UNSAT in 0.02s
    cube 2998.242.49 (depth 2, 28 lits): UNSAT in 0.03s
    cube 2998.242.50 (depth 2, 28 lits): UNSAT in 0.02s
    cube 2998.242.51 (depth 2, 28 lits): UNSAT in 0.02s
    cube 2998.242.52 (depth 2, 28 lits): UNSAT in 0.07s
    cube 2998.242.53 (depth 2, 28 lits): UNSAT in 0.11s
    cube 2998.242.54 (depth 2, 28 lits): UNSAT in 0.06s
    cube 2998.242.55 (depth 2, 28 lits): UNSAT in 0.08s
    cube 2998.242.56 (depth 2, 28 lits): UNSAT in 0.16s
    cube 2998.242.57 (depth 2, 28 lits): UNSAT in 1.40s
    cube 2998.242.58 (depth 2, 28 lits): UNSAT in 0.01s
    cube 2998.242.59 (depth 2, 28 lits): UNSAT in 0.02s
    cube 2998.242.60 (depth 2, 28 lits): UNSAT in 0.01s
    cube 2998.242.61 (depth 2, 28 lits): UNSAT in 0.02s
    cube 2998.242.62 (depth 2, 28 lits): UNSAT in 0.01s
    cube 2998.242.63 (depth 2, 28 lits): UNSAT in 0.02s
    cube 2998.242.64 (depth 2, 28 lits): UNSAT in 0.02s
    cube 2998.242.65 (depth 2, 28 lits): UNSAT in 0.03s
    cube 2998.242.66 (depth 2, 28 lits): UNSAT in 0.02s
    cube 2998.242.67 (depth 2, 28 lits): UNSAT in 0.03s
    cube 2998.242.68 (depth 2, 28 lits): UNSAT in 0.02s
    cube 2998.242.69 (depth 2, 28 lits): UNSAT in 0.07s
    cube 2998.242.70 (depth 2, 28 lits): UNSAT in 0.03s
    cube 2998.242.71 (depth 2, 28 lits): UNSAT in 0.04s
    cube 2998.242.72 (depth 2, 28 lits): UNSAT in 0.03s
    cube 2998.242.73 (depth 2, 28 lits): UNSAT in 0.06s
    cube 2998.242.74 (depth 2, 28 lits): UNSAT in 0.01s
    cube 2998.242.75 (depth 2, 28 lits): UNSAT in 0.02s
    cube 2998.242.76 (depth 2, 28 lits): UNSAT in 0.01s
    cube 2998.242.77 (depth 2, 28 lits): UNSAT in 0.02s
    cube 2998.242.78 (depth 2, 28 lits): UNSAT in 0.02s
    cube 2998.242.79 (depth 2, 28 lits): UNSAT in 0.03s
    cube 2998.242.80 (depth 2, 28 lits): UNSAT in 0.06s
    cube 2998.242.81 (depth 2, 28 lits): UNSAT in 0.10s
    cube 2998.242.82 (depth 2, 28 lits): UNSAT in 0.01s
    cube 2998.242.83 (depth 2, 28 lits): UNSAT in 0.01s
    cube 2998.242.84 (depth 2, 28 lits): UNSAT in 0.03s
    cube 2998.242.85 (depth 2, 28 lits): UNSAT in 0.02s
    cube 2998.242.86 (depth 2, 28 lits): UNSAT in 0.03s
    cube 2998.242.87 (depth 2, 28 lits): UNSAT in 0.08s
    cube 2998.242.88 (depth 2, 28 lits): UNSAT in 0.10s
    cube 2998.242.89 (depth 2, 28 lits): UNSAT in 0.20s
    cube 2998.242.90 (depth 2, 28 lits): UNSAT in 0.04s
    cube 2998.242.91 (depth 2, 28 lits): UNSAT in 0.06s
    cube 2998.242.92 (depth 2, 28 lits): UNSAT in 0.01s
    cube 2998.242.93 (depth 2, 28 lits): UNSAT in 0.02s
    cube 2998.242.94 (depth 2, 28 lits): UNSAT in 0.02s
    cube 2998.242.95 (depth 2, 28 lits): UNSAT in 0.02s
    cube 2998.242.96 (depth 2, 28 lits): UNSAT in 0.02s
    cube 2998.242.97 (depth 2, 28 lits): UNSAT in 0.01s
    cube 2998.242.98 (depth 2, 28 lits): UNSAT in 0.10s
    cube 2998.242.99 (depth 2, 28 lits): UNSAT in 0.28s
    cube 2998.242.100 (depth 2, 28 lits): UNSAT in 0.02s
    cube 2998.242.101 (depth 2, 28 lits): UNSAT in 0.11s
    cube 2998.242.102 (depth 2, 28 lits): UNSAT in 0.11s
    cube 2998.242.103 (depth 2, 28 lits): UNSAT in 0.06s
    cube 2998.242.104 (depth 2, 28 lits): UNSAT in 0.09s
    cube 2998.242.105 (depth 2, 28 lits): UNSAT in 0.12s
    cube 2998.242.106 (depth 2, 28 lits): UNSAT in 0.03s
    cube 2998.242.107 (depth 2, 28 lits): UNSAT in 0.08s
    cube 2998.242.108 (depth 2, 28 lits): UNSAT in 0.05s
    cube 2998.242.109 (depth 2, 28 lits): UNSAT in 0.22s
    cube 2998.242.110 (depth 2, 28 lits): UNSAT in 0.02s
    cube 2998.242.111 (depth 2, 28 lits): UNSAT in 0.08s
    cube 2998.242.112 (depth 2, 28 lits): UNSAT in 0.05s
    cube 2998.242.113 (depth 2, 28 lits): UNSAT in 0.11s
    cube 2998.242.114 (depth 2, 28 lits): UNSAT in 0.27s
    cube 2998.242.115 (depth 2, 28 lits): UNSAT in 0.52s
    cube 2998.242.116 (depth 2, 28 lits): UNSAT in 0.16s
    cube 2998.242.117 (depth 2, 28 lits): UNSAT in 1.09s
    cube 2998.242.118 (depth 2, 28 lits): UNSAT in 0.21s
    cube 2998.242.119 (depth 2, 28 lits): UNSAT in 1.16s
    cube 2998.242.120 (depth 2, 28 lits): UNSAT in 1.52s
    cube 2998.242.121 (depth 2, 28 lits): UNSAT in 6.69s
    cube 2998.242.122 (depth 2, 28 lits): UNSAT in 0.02s
    cube 2998.242.123 (depth 2, 28 lits): UNSAT in 0.03s
    cube 2998.242.124 (depth 2, 28 lits): UNSAT in 0.03s
    cube 2998.242.125 (depth 2, 28 lits): UNSAT in 0.11s
    cube 2998.242.126 (depth 2, 28 lits): UNSAT in 0.04s
    cube 2998.242.127 (depth 2, 28 lits): UNSAT in 0.07s
    cube 2998.242.128 (depth 2, 28 lits): UNSAT in 0.11s
    cube 2998.242.129 (depth 2, 28 lits): UNSAT in 0.64s
    cube 2998.242.130 (depth 2, 28 lits): UNSAT in 0.07s
    cube 2998.242.131 (depth 2, 28 lits): UNSAT in 0.21s
    cube 2998.242.132 (depth 2, 28 lits): UNSAT in 0.18s
    cube 2998.242.133 (depth 2, 28 lits): UNSAT in 0.66s
    cube 2998.242.134 (depth 2, 28 lits): UNSAT in 0.08s
    cube 2998.242.135 (depth 2, 28 lits): UNSAT in 0.24s
    cube 2998.242.136 (depth 2, 28 lits): UNSAT in 0.53s
    cube 2998.242.137 (depth 2, 28 lits): UNSAT in 2.19s
    cube 2998.242.138 (depth 2, 28 lits): UNSAT in 0.02s
    cube 2998.242.139 (depth 2, 28 lits): UNSAT in 0.02s
    cube 2998.242.140 (depth 2, 28 lits): UNSAT in 0.03s
    cube 2998.242.141 (depth 2, 28 lits): UNSAT in 0.14s
    cube 2998.242.142 (depth 2, 28 lits): UNSAT in 0.02s
    cube 2998.242.143 (depth 2, 28 lits): UNSAT in 0.16s
    cube 2998.242.144 (depth 2, 28 lits): UNSAT in 0.05s
    cube 2998.242.145 (depth 2, 28 lits): UNSAT in 0.25s
    cube 2998.242.146 (depth 2, 28 lits): UNSAT in 0.03s
    cube 2998.242.147 (depth 2, 28 lits): UNSAT in 0.03s
    cube 2998.242.148 (depth 2, 28 lits): UNSAT in 0.08s
    cube 2998.242.149 (depth 2, 28 lits): UNSAT in 1.14s
    cube 2998.242.150 (depth 2, 28 lits): UNSAT in 0.11s
    cube 2998.242.151 (depth 2, 28 lits): UNSAT in 0.12s
    cube 2998.242.152 (depth 2, 28 lits): UNSAT in 0.84s
    cube 2998.242.153 (depth 2, 28 lits): UNSAT in 4.46s
    cube 2998.242.154 (depth 2, 28 lits): UNSAT in 0.02s
    cube 2998.242.155 (depth 2, 28 lits): UNSAT in 0.02s
    cube 2998.242.156 (depth 2, 28 lits): UNSAT in 0.03s
    cube 2998.242.157 (depth 2, 28 lits): UNSAT in 0.07s
    cube 2998.242.158 (depth 2, 28 lits): UNSAT in 0.02s
    cube 2998.242.159 (depth 2, 28 lits): UNSAT in 0.09s
    cube 2998.242.160 (depth 2, 28 lits): UNSAT in 0.05s
    cube 2998.242.161 (depth 2, 28 lits): UNSAT in 0.10s
    cube 2998.242.162 (depth 2, 28 lits): UNSAT in 0.02s
    cube 2998.242.163 (depth 2, 28 lits): UNSAT in 0.04s
    cube 2998.242.164 (depth 2, 28 lits): UNSAT in 0.03s
    cube 2998.242.165 (depth 2, 28 lits): UNSAT in 0.25s
    cube 2998.242.166 (depth 2, 28 lits): UNSAT in 0.09s
    cube 2998.242.167 (depth 2, 28 lits): UNSAT in 0.15s
    cube 2998.242.168 (depth 2, 28 lits): UNSAT in 0.05s
    cube 2998.242.169 (depth 2, 28 lits): UNSAT in 0.32s
    cube 2998.242.170 (depth 2, 28 lits): UNSAT in 0.03s
    cube 2998.242.171 (depth 2, 28 lits): UNSAT in 0.17s
    cube 2998.242.172 (depth 2, 28 lits): UNSAT in 0.04s
    cube 2998.242.173 (depth 2, 28 lits): UNSAT in 0.13s
    cube 2998.242.174 (depth 2, 28 lits): UNSAT in 0.17s
    cube 2998.242.175 (depth 2, 28 lits): UNSAT in 0.27s
    cube 2998.242.176 (depth 2, 28 lits): UNSAT in 0.10s
    cube 2998.242.177 (depth 2, 28 lits): UNSAT in 0.74s
    cube 2998.242.178 (depth 2, 28 lits): UNSAT in 0.08s
    cube 2998.242.179 (depth 2, 28 lits): UNSAT in 0.20s
    cube 2998.242.180 (depth 2, 28 lits): UNSAT in 0.37s
    cube 2998.242.181 (depth 2, 28 lits): UNSAT in 1.29s
    cube 2998.242.182 (depth 2, 28 lits): UNSAT in 0.28s
    cube 2998.242.183 (depth 2, 28 lits): UNSAT in 2.08s
    cube 2998.242.184 (depth 2, 28 lits): UNSAT in 9.10s
    cube 2998.242.185 (depth 2, 28 lits): UNSAT in 5.59s
    cube 2998.242.186 (depth 2, 28 lits): UNSAT in 0.05s
    cube 2998.242.187 (depth 2, 28 lits): UNSAT in 0.13s
    cube 2998.242.188 (depth 2, 28 lits): UNSAT in 0.17s
    cube 2998.242.189 (depth 2, 28 lits): UNSAT in 0.75s
    cube 2998.242.190 (depth 2, 28 lits): UNSAT in 0.26s
    cube 2998.242.191 (depth 2, 28 lits): UNSAT in 0.47s
    cube 2998.242.192 (depth 2, 28 lits): UNSAT in 0.55s
    cube 2998.242.193 (depth 2, 28 lits): UNSAT in 4.04s
    cube 2998.242.194 (depth 2, 28 lits): UNSAT in 0.20s
    cube 2998.242.195 (depth 2, 28 lits): UNSAT in 0.80s
    cube 2998.242.196 (depth 2, 28 lits): UNSAT in 0.07s
    cube 2998.242.197 (depth 2, 28 lits): UNSAT in 3.94s
    cube 2998.242.198 (depth 2, 28 lits): UNSAT in 0.10s
    cube 2998.242.199 (depth 2, 28 lits): UNSAT in 1.26s
    cube 2998.242.200 (depth 2, 28 lits): UNSAT in 0.45s
    cube 2998.242.201 (depth 2, 28 lits): UNSAT in 6.43s
    cube 2998.242.202 (depth 2, 28 lits): UNSAT in 0.02s
    cube 2998.242.203 (depth 2, 28 lits): UNSAT in 0.05s
    cube 2998.242.204 (depth 2, 28 lits): UNSAT in 0.06s
    cube 2998.242.205 (depth 2, 28 lits): UNSAT in 0.11s
    cube 2998.242.206 (depth 2, 28 lits): UNSAT in 0.12s
    cube 2998.242.207 (depth 2, 28 lits): UNSAT in 0.13s
    cube 2998.242.208 (depth 2, 28 lits): UNSAT in 0.32s
    cube 2998.242.209 (depth 2, 28 lits): UNSAT in 0.88s
    cube 2998.242.210 (depth 2, 28 lits): UNSAT in 0.04s
    cube 2998.242.211 (depth 2, 28 lits): UNSAT in 0.33s
    cube 2998.242.212 (depth 2, 28 lits): UNSAT in 0.54s
    cube 2998.242.213 (depth 2, 28 lits): UNSAT in 0.96s
    cube 2998.242.214 (depth 2, 28 lits): UNSAT in 0.76s
    cube 2998.242.215 (depth 2, 28 lits): UNSAT in 2.10s
    cube 2998.242.216 (depth 2, 28 lits): UNSAT in 3.15s
    cube 2998.242.217 (depth 2, 28 lits): UNSAT in 19.79s
    cube 2998.242.218 (depth 2, 28 lits): UNSAT in 0.04s
    cube 2998.242.219 (depth 2, 28 lits): UNSAT in 0.10s
    cube 2998.242.220 (depth 2, 28 lits): UNSAT in 0.03s
    cube 2998.242.221 (depth 2, 28 lits): UNSAT in 0.15s
    cube 2998.242.222 (depth 2, 28 lits): UNSAT in 0.15s
    cube 2998.242.223 (depth 2, 28 lits): UNSAT in 0.23s
    cube 2998.242.224 (depth 2, 28 lits): UNSAT in 0.76s
    cube 2998.242.225 (depth 2, 28 lits): UNSAT in 3.76s
    cube 2998.242.226 (depth 2, 28 lits): UNSAT in 0.13s
    cube 2998.242.227 (depth 2, 28 lits): UNSAT in 0.22s
    cube 2998.242.228 (depth 2, 28 lits): UNSAT in 0.13s
    cube 2998.242.229 (depth 2, 28 lits): UNSAT in 2.24s
    cube 2998.242.230 (depth 2, 28 lits): UNSAT in 0.28s
    cube 2998.242.231 (depth 2, 28 lits): UNSAT in 4.43s
    cube 2998.242.232 (depth 2, 28 lits): UNSAT in 4.18s
    cube 2998.242.233 (depth 2, 28 lits): UNSAT in 71.19s
    cube 2998.242.234 (depth 2, 28 lits): UNSAT in 0.73s
    cube 2998.242.235 (depth 2, 28 lits): UNSAT in 4.07s
    cube 2998.242.236 (depth 2, 28 lits): UNSAT in 0.54s
    cube 2998.242.237 (depth 2, 28 lits): UNSAT in 14.56s
    cube 2998.242.238 (depth 2, 28 lits): UNSAT in 0.81s
    cube 2998.242.239 (depth 2, 28 lits): UNSAT in 1.77s
    cube 2998.242.240 (depth 2, 28 lits): UNSAT in 0.47s
    cube 2998.242.241 (depth 2, 28 lits): UNSAT in 34.98s
    cube 2998.242.242 (depth 2, 28 lits): UNSAT in 3.64s
    cube 2998.242.243 (depth 2, 28 lits): UNSAT in 5.95s
    cube 2998.242.244 (depth 2, 28 lits): UNSAT in 4.70s
    cube 2998.242.245 (depth 2, 28 lits): UNSAT in 139.07s
    cube 2998.242.246 (depth 2, 28 lits): UNSAT in 0.66s
    cube 2998.242.247 (depth 2, 28 lits): UNSAT in 6.83s
    cube 2998.242.248 (depth 2, 28 lits): UNSAT in 3.99s
    cube 2998.242.249 (depth 2, 28 lits): UNSAT in 156.01s
    cube 2998.243 (depth 1, 20 lits): UNSAT in 5.98s
    cube 2998.244 (depth 1, 20 lits): UNSAT in 14.24s
    cube 2998.245 (depth 1, 20 lits): UNSAT in 11.46s
    cube 2998.246 (depth 1, 20 lits): TIMEOUT in 1200.05s
    cube 2998.246 TIMEOUT -> re-split into 252 sub-cubes (depth 2)
    cube 2998.246.0 (depth 2, 27 lits): UNSAT in 0.02s
    cube 2998.246.1 (depth 2, 27 lits): UNSAT in 0.02s
    cube 2998.246.2 (depth 2, 27 lits): UNSAT in 0.01s
    cube 2998.246.3 (depth 2, 28 lits): UNSAT in 0.02s
    cube 2998.246.4 (depth 2, 28 lits): UNSAT in 0.02s
    cube 2998.246.5 (depth 2, 28 lits): UNSAT in 0.01s
    cube 2998.246.6 (depth 2, 28 lits): UNSAT in 0.02s
    cube 2998.246.7 (depth 2, 28 lits): UNSAT in 0.01s
    cube 2998.246.8 (depth 2, 28 lits): UNSAT in 0.01s
    cube 2998.246.9 (depth 2, 28 lits): UNSAT in 0.02s
    cube 2998.246.10 (depth 2, 28 lits): UNSAT in 0.02s
    cube 2998.246.11 (depth 2, 28 lits): UNSAT in 0.04s
    cube 2998.246.12 (depth 2, 28 lits): UNSAT in 0.07s
    cube 2998.246.13 (depth 2, 28 lits): UNSAT in 0.02s
    cube 2998.246.14 (depth 2, 28 lits): UNSAT in 0.02s
    cube 2998.246.15 (depth 2, 28 lits): UNSAT in 0.01s
    cube 2998.246.16 (depth 2, 28 lits): UNSAT in 0.02s
    cube 2998.246.17 (depth 2, 27 lits): UNSAT in 0.01s
    cube 2998.246.18 (depth 2, 28 lits): UNSAT in 0.02s
    cube 2998.246.19 (depth 2, 28 lits): UNSAT in 0.02s
    cube 2998.246.20 (depth 2, 28 lits): UNSAT in 0.05s
    cube 2998.246.21 (depth 2, 28 lits): UNSAT in 0.03s
    cube 2998.246.22 (depth 2, 28 lits): UNSAT in 0.02s
    cube 2998.246.23 (depth 2, 28 lits): UNSAT in 0.04s
    cube 2998.246.24 (depth 2, 28 lits): UNSAT in 0.02s
    cube 2998.246.25 (depth 2, 28 lits): UNSAT in 0.04s
    cube 2998.246.26 (depth 2, 28 lits): UNSAT in 0.05s
    cube 2998.246.27 (depth 2, 28 lits): UNSAT in 0.15s
    cube 2998.246.28 (depth 2, 28 lits): UNSAT in 0.01s
    cube 2998.246.29 (depth 2, 28 lits): UNSAT in 0.03s
    cube 2998.246.30 (depth 2, 28 lits): UNSAT in 0.02s
    cube 2998.246.31 (depth 2, 28 lits): UNSAT in 0.02s
    cube 2998.246.32 (depth 2, 28 lits): UNSAT in 0.01s
    cube 2998.246.33 (depth 2, 28 lits): UNSAT in 0.02s
    cube 2998.246.34 (depth 2, 28 lits): UNSAT in 0.02s
    cube 2998.246.35 (depth 2, 28 lits): UNSAT in 0.04s
    cube 2998.246.36 (depth 2, 28 lits): UNSAT in 0.01s
    cube 2998.246.37 (depth 2, 28 lits): UNSAT in 0.02s
    cube 2998.246.38 (depth 2, 28 lits): UNSAT in 0.02s
    cube 2998.246.39 (depth 2, 28 lits): UNSAT in 0.02s
    cube 2998.246.40 (depth 2, 28 lits): UNSAT in 0.02s
    cube 2998.246.41 (depth 2, 28 lits): UNSAT in 0.04s
    cube 2998.246.42 (depth 2, 28 lits): UNSAT in 0.02s
    cube 2998.246.43 (depth 2, 28 lits): UNSAT in 0.06s
    cube 2998.246.44 (depth 2, 28 lits): UNSAT in 0.02s
    cube 2998.246.45 (depth 2, 28 lits): UNSAT in 0.03s
    cube 2998.246.46 (depth 2, 28 lits): UNSAT in 0.02s
    cube 2998.246.47 (depth 2, 28 lits): UNSAT in 0.03s
    cube 2998.246.48 (depth 2, 28 lits): UNSAT in 0.02s
    cube 2998.246.49 (depth 2, 28 lits): UNSAT in 0.04s
    cube 2998.246.50 (depth 2, 28 lits): UNSAT in 0.09s
    cube 2998.246.51 (depth 2, 28 lits): UNSAT in 0.07s
    cube 2998.246.52 (depth 2, 28 lits): UNSAT in 0.02s
    cube 2998.246.53 (depth 2, 28 lits): UNSAT in 0.02s
    cube 2998.246.54 (depth 2, 28 lits): UNSAT in 0.03s
    cube 2998.246.55 (depth 2, 28 lits): UNSAT in 0.09s
    cube 2998.246.56 (depth 2, 28 lits): UNSAT in 0.02s
    cube 2998.246.57 (depth 2, 28 lits): UNSAT in 0.05s
    cube 2998.246.58 (depth 2, 28 lits): UNSAT in 0.03s
    cube 2998.246.59 (depth 2, 28 lits): UNSAT in 0.06s
    cube 2998.246.60 (depth 2, 28 lits): UNSAT in 0.01s
    cube 2998.246.61 (depth 2, 28 lits): UNSAT in 0.01s
    cube 2998.246.62 (depth 2, 28 lits): UNSAT in 0.01s
    cube 2998.246.63 (depth 2, 28 lits): UNSAT in 0.02s
    cube 2998.246.64 (depth 2, 28 lits): UNSAT in 0.02s
    cube 2998.246.65 (depth 2, 28 lits): UNSAT in 0.02s
    cube 2998.246.66 (depth 2, 28 lits): UNSAT in 0.02s
    cube 2998.246.67 (depth 2, 28 lits): UNSAT in 0.03s
    cube 2998.246.68 (depth 2, 28 lits): UNSAT in 0.01s
    cube 2998.246.69 (depth 2, 28 lits): UNSAT in 0.02s
    cube 2998.246.70 (depth 2, 28 lits): UNSAT in 0.03s
    cube 2998.246.71 (depth 2, 28 lits): UNSAT in 0.05s
    cube 2998.246.72 (depth 2, 28 lits): UNSAT in 0.02s
    cube 2998.246.73 (depth 2, 28 lits): UNSAT in 0.02s
    cube 2998.246.74 (depth 2, 28 lits): UNSAT in 0.03s
    cube 2998.246.75 (depth 2, 28 lits): UNSAT in 0.07s
    cube 2998.246.76 (depth 2, 28 lits): UNSAT in 0.01s
    cube 2998.246.77 (depth 2, 28 lits): UNSAT in 0.03s
    cube 2998.246.78 (depth 2, 28 lits): UNSAT in 0.07s
    cube 2998.246.79 (depth 2, 28 lits): UNSAT in 0.14s
    cube 2998.246.80 (depth 2, 28 lits): UNSAT in 0.02s
    cube 2998.246.81 (depth 2, 28 lits): UNSAT in 0.07s
    cube 2998.246.82 (depth 2, 28 lits): UNSAT in 0.07s
    cube 2998.246.83 (depth 2, 28 lits): UNSAT in 0.09s
    cube 2998.246.84 (depth 2, 28 lits): UNSAT in 0.01s
    cube 2998.246.85 (depth 2, 28 lits): UNSAT in 0.02s
    cube 2998.246.86 (depth 2, 28 lits): UNSAT in 0.03s
    cube 2998.246.87 (depth 2, 28 lits): UNSAT in 0.02s
    cube 2998.246.88 (depth 2, 28 lits): UNSAT in 0.03s
    cube 2998.246.89 (depth 2, 28 lits): UNSAT in 0.06s
    cube 2998.246.90 (depth 2, 28 lits): UNSAT in 0.13s
    cube 2998.246.91 (depth 2, 28 lits): UNSAT in 0.30s
    cube 2998.246.92 (depth 2, 28 lits): UNSAT in 0.05s
    cube 2998.246.93 (depth 2, 28 lits): UNSAT in 0.12s
    cube 2998.246.94 (depth 2, 28 lits): UNSAT in 0.06s
    cube 2998.246.95 (depth 2, 28 lits): UNSAT in 0.33s
    cube 2998.246.96 (depth 2, 28 lits): UNSAT in 0.04s
    cube 2998.246.97 (depth 2, 28 lits): UNSAT in 0.13s
    cube 2998.246.98 (depth 2, 28 lits): UNSAT in 0.24s
    cube 2998.246.99 (depth 2, 28 lits): UNSAT in 1.37s
    cube 2998.246.100 (depth 2, 28 lits): UNSAT in 0.02s
    cube 2998.246.101 (depth 2, 28 lits): UNSAT in 0.06s
    cube 2998.246.102 (depth 2, 28 lits): UNSAT in 0.08s
    cube 2998.246.103 (depth 2, 28 lits): UNSAT in 0.36s
    cube 2998.246.104 (depth 2, 28 lits): UNSAT in 0.06s
    cube 2998.246.105 (depth 2, 28 lits): UNSAT in 1.18s
    cube 2998.246.106 (depth 2, 28 lits): UNSAT in 0.54s
    cube 2998.246.107 (depth 2, 28 lits): UNSAT in 1.67s
    cube 2998.246.108 (depth 2, 28 lits): UNSAT in 0.03s
    cube 2998.246.109 (depth 2, 28 lits): UNSAT in 0.06s
    cube 2998.246.110 (depth 2, 28 lits): UNSAT in 0.04s
    cube 2998.246.111 (depth 2, 28 lits): UNSAT in 0.05s
    cube 2998.246.112 (depth 2, 28 lits): UNSAT in 0.10s
    cube 2998.246.113 (depth 2, 28 lits): UNSAT in 0.23s
    cube 2998.246.114 (depth 2, 28 lits): UNSAT in 0.10s
    cube 2998.246.115 (depth 2, 28 lits): UNSAT in 0.22s
    cube 2998.246.116 (depth 2, 28 lits): UNSAT in 0.03s
    cube 2998.246.117 (depth 2, 28 lits): UNSAT in 0.04s
    cube 2998.246.118 (depth 2, 28 lits): UNSAT in 0.33s
    cube 2998.246.119 (depth 2, 28 lits): UNSAT in 0.27s
    cube 2998.246.120 (depth 2, 28 lits): UNSAT in 0.23s
    cube 2998.246.121 (depth 2, 28 lits): UNSAT in 0.81s
    cube 2998.246.122 (depth 2, 28 lits): UNSAT in 0.61s
    cube 2998.246.123 (depth 2, 28 lits): UNSAT in 5.37s
    cube 2998.246.124 (depth 2, 28 lits): UNSAT in 0.01s
    cube 2998.246.125 (depth 2, 28 lits): UNSAT in 0.02s
    cube 2998.246.126 (depth 2, 28 lits): UNSAT in 0.01s
    cube 2998.246.127 (depth 2, 28 lits): UNSAT in 0.03s
    cube 2998.246.128 (depth 2, 28 lits): UNSAT in 0.01s
    cube 2998.246.129 (depth 2, 28 lits): UNSAT in 0.02s
    cube 2998.246.130 (depth 2, 28 lits): UNSAT in 0.04s
    cube 2998.246.131 (depth 2, 28 lits): UNSAT in 0.02s
    cube 2998.246.132 (depth 2, 28 lits): UNSAT in 0.01s
    cube 2998.246.133 (depth 2, 28 lits): UNSAT in 0.02s
    cube 2998.246.134 (depth 2, 28 lits): UNSAT in 0.02s
    cube 2998.246.135 (depth 2, 28 lits): UNSAT in 0.03s
    cube 2998.246.136 (depth 2, 28 lits): UNSAT in 0.02s
    cube 2998.246.137 (depth 2, 28 lits): UNSAT in 0.02s
    cube 2998.246.138 (depth 2, 28 lits): UNSAT in 0.04s
    cube 2998.246.139 (depth 2, 28 lits): UNSAT in 0.25s
    cube 2998.246.140 (depth 2, 28 lits): UNSAT in 0.01s
    cube 2998.246.141 (depth 2, 28 lits): UNSAT in 0.03s
    cube 2998.246.142 (depth 2, 28 lits): UNSAT in 0.04s
    cube 2998.246.143 (depth 2, 28 lits): UNSAT in 0.05s
    cube 2998.246.144 (depth 2, 28 lits): UNSAT in 0.02s
    cube 2998.246.145 (depth 2, 28 lits): UNSAT in 0.09s
    cube 2998.246.146 (depth 2, 28 lits): UNSAT in 0.04s
    cube 2998.246.147 (depth 2, 28 lits): UNSAT in 0.19s
    cube 2998.246.148 (depth 2, 28 lits): UNSAT in 0.03s
    cube 2998.246.149 (depth 2, 28 lits): UNSAT in 0.03s
    cube 2998.246.150 (depth 2, 28 lits): UNSAT in 0.02s
    cube 2998.246.151 (depth 2, 28 lits): UNSAT in 0.06s
    cube 2998.246.152 (depth 2, 28 lits): UNSAT in 0.11s
    cube 2998.246.153 (depth 2, 28 lits): UNSAT in 0.30s
    cube 2998.246.154 (depth 2, 28 lits): UNSAT in 0.55s
    cube 2998.246.155 (depth 2, 28 lits): UNSAT in 2.19s
    cube 2998.246.156 (depth 2, 28 lits): UNSAT in 0.02s
    cube 2998.246.157 (depth 2, 28 lits): UNSAT in 0.04s
    cube 2998.246.158 (depth 2, 28 lits): UNSAT in 0.03s
    cube 2998.246.159 (depth 2, 28 lits): UNSAT in 0.10s
    cube 2998.246.160 (depth 2, 28 lits): UNSAT in 0.03s
    cube 2998.246.161 (depth 2, 28 lits): UNSAT in 0.06s
    cube 2998.246.162 (depth 2, 28 lits): UNSAT in 0.09s
    cube 2998.246.163 (depth 2, 28 lits): UNSAT in 0.17s
    cube 2998.246.164 (depth 2, 28 lits): UNSAT in 0.06s
    cube 2998.246.165 (depth 2, 28 lits): UNSAT in 0.08s
    cube 2998.246.166 (depth 2, 28 lits): UNSAT in 0.03s
    cube 2998.246.167 (depth 2, 28 lits): UNSAT in 0.08s
    cube 2998.246.168 (depth 2, 28 lits): UNSAT in 0.07s
    cube 2998.246.169 (depth 2, 28 lits): UNSAT in 0.06s
    cube 2998.246.170 (depth 2, 28 lits): UNSAT in 0.11s
    cube 2998.246.171 (depth 2, 28 lits): UNSAT in 0.47s
    cube 2998.246.172 (depth 2, 28 lits): UNSAT in 0.02s
    cube 2998.246.173 (depth 2, 28 lits): UNSAT in 0.03s
    cube 2998.246.174 (depth 2, 28 lits): UNSAT in 0.03s
    cube 2998.246.175 (depth 2, 28 lits): UNSAT in 0.07s
    cube 2998.246.176 (depth 2, 28 lits): UNSAT in 0.09s
    cube 2998.246.177 (depth 2, 28 lits): UNSAT in 0.18s
    cube 2998.246.178 (depth 2, 28 lits): UNSAT in 0.21s
    cube 2998.246.179 (depth 2, 28 lits): UNSAT in 0.23s
    cube 2998.246.180 (depth 2, 28 lits): UNSAT in 0.04s
    cube 2998.246.181 (depth 2, 28 lits): UNSAT in 0.20s
    cube 2998.246.182 (depth 2, 28 lits): UNSAT in 0.16s
    cube 2998.246.183 (depth 2, 28 lits): UNSAT in 0.71s
    cube 2998.246.184 (depth 2, 28 lits): UNSAT in 0.38s
    cube 2998.246.185 (depth 2, 28 lits): UNSAT in 4.12s
    cube 2998.246.186 (depth 2, 28 lits): UNSAT in 0.91s
    cube 2998.246.187 (depth 2, 28 lits): UNSAT in 13.12s
    cube 2998.246.188 (depth 2, 28 lits): UNSAT in 0.02s
    cube 2998.246.189 (depth 2, 28 lits): UNSAT in 0.06s
    cube 2998.246.190 (depth 2, 28 lits): UNSAT in 0.10s
    cube 2998.246.191 (depth 2, 28 lits): UNSAT in 0.71s
    cube 2998.246.192 (depth 2, 28 lits): UNSAT in 0.06s
    cube 2998.246.193 (depth 2, 28 lits): UNSAT in 0.21s
    cube 2998.246.194 (depth 2, 28 lits): UNSAT in 0.05s
    cube 2998.246.195 (depth 2, 28 lits): UNSAT in 0.94s
    cube 2998.246.196 (depth 2, 28 lits): UNSAT in 0.04s
    cube 2998.246.197 (depth 2, 28 lits): UNSAT in 0.14s
    cube 2998.246.198 (depth 2, 28 lits): UNSAT in 0.11s
    cube 2998.246.199 (depth 2, 28 lits): UNSAT in 0.68s
    cube 2998.246.200 (depth 2, 28 lits): UNSAT in 0.14s
    cube 2998.246.201 (depth 2, 28 lits): UNSAT in 0.61s
    cube 2998.246.202 (depth 2, 28 lits): UNSAT in 0.32s
    cube 2998.246.203 (depth 2, 28 lits): UNSAT in 1.14s
    cube 2998.246.204 (depth 2, 28 lits): UNSAT in 0.03s
    cube 2998.246.205 (depth 2, 28 lits): UNSAT in 0.07s
    cube 2998.246.206 (depth 2, 28 lits): UNSAT in 0.03s
    cube 2998.246.207 (depth 2, 28 lits): UNSAT in 0.21s
    cube 2998.246.208 (depth 2, 28 lits): UNSAT in 0.06s
    cube 2998.246.209 (depth 2, 28 lits): UNSAT in 0.24s
    cube 2998.246.210 (depth 2, 28 lits): UNSAT in 0.10s
    cube 2998.246.211 (depth 2, 28 lits): UNSAT in 0.17s
    cube 2998.246.212 (depth 2, 28 lits): UNSAT in 0.13s
    cube 2998.246.213 (depth 2, 28 lits): UNSAT in 0.70s
    cube 2998.246.214 (depth 2, 28 lits): UNSAT in 0.13s
    cube 2998.246.215 (depth 2, 28 lits): UNSAT in 0.69s
    cube 2998.246.216 (depth 2, 28 lits): UNSAT in 1.03s
    cube 2998.246.217 (depth 2, 28 lits): UNSAT in 1.21s
    cube 2998.246.218 (depth 2, 28 lits): UNSAT in 2.83s
    cube 2998.246.219 (depth 2, 28 lits): UNSAT in 29.73s
    cube 2998.246.220 (depth 2, 28 lits): UNSAT in 0.02s
    cube 2998.246.221 (depth 2, 28 lits): UNSAT in 0.03s
    cube 2998.246.222 (depth 2, 28 lits): UNSAT in 0.03s
    cube 2998.246.223 (depth 2, 28 lits): UNSAT in 0.07s
    cube 2998.246.224 (depth 2, 28 lits): UNSAT in 0.12s
    cube 2998.246.225 (depth 2, 28 lits): UNSAT in 0.26s
    cube 2998.246.226 (depth 2, 28 lits): UNSAT in 0.30s
    cube 2998.246.227 (depth 2, 28 lits): UNSAT in 1.46s
    cube 2998.246.228 (depth 2, 28 lits): UNSAT in 0.29s
    cube 2998.246.229 (depth 2, 28 lits): UNSAT in 0.69s
    cube 2998.246.230 (depth 2, 28 lits): UNSAT in 0.83s
    cube 2998.246.231 (depth 2, 28 lits): UNSAT in 1.27s
    cube 2998.246.232 (depth 2, 28 lits): UNSAT in 0.15s
    cube 2998.246.233 (depth 2, 28 lits): UNSAT in 2.66s
    cube 2998.246.234 (depth 2, 28 lits): UNSAT in 1.01s
    cube 2998.246.235 (depth 2, 28 lits): UNSAT in 61.30s
    cube 2998.246.236 (depth 2, 28 lits): UNSAT in 0.14s
    cube 2998.246.237 (depth 2, 28 lits): UNSAT in 0.95s
    cube 2998.246.238 (depth 2, 28 lits): UNSAT in 0.17s
    cube 2998.246.239 (depth 2, 28 lits): UNSAT in 5.56s
    cube 2998.246.240 (depth 2, 28 lits): UNSAT in 0.07s
    cube 2998.246.241 (depth 2, 28 lits): UNSAT in 1.27s
    cube 2998.246.242 (depth 2, 28 lits): UNSAT in 6.03s
    cube 2998.246.243 (depth 2, 28 lits): UNSAT in 58.44s
    cube 2998.246.244 (depth 2, 28 lits): UNSAT in 0.54s
    cube 2998.246.245 (depth 2, 28 lits): UNSAT in 9.56s
    cube 2998.246.246 (depth 2, 28 lits): UNSAT in 1.42s
    cube 2998.246.247 (depth 2, 28 lits): UNSAT in 84.58s
    cube 2998.246.248 (depth 2, 28 lits): UNSAT in 3.38s
    cube 2998.246.249 (depth 2, 28 lits): UNSAT in 67.51s
    cube 2998.246.250 (depth 2, 28 lits): UNSAT in 7.04s
    cube 2998.246.251 (depth 2, 28 lits): UNSAT in 56.64s
    cube 2998.247 (depth 1, 20 lits): UNSAT in 27.58s
    cube 2998.248 (depth 1, 20 lits): TIMEOUT in 1200.10s
    cube 2998.248 TIMEOUT -> re-split into 253 sub-cubes (depth 2)
    cube 2998.248.0 (depth 2, 27 lits): UNSAT in 0.01s
    cube 2998.248.1 (depth 2, 27 lits): UNSAT in 0.02s
    cube 2998.248.2 (depth 2, 28 lits): UNSAT in 0.01s
    cube 2998.248.3 (depth 2, 28 lits): UNSAT in 0.02s
    cube 2998.248.4 (depth 2, 28 lits): UNSAT in 0.02s
    cube 2998.248.5 (depth 2, 28 lits): UNSAT in 0.05s
    cube 2998.248.6 (depth 2, 27 lits): UNSAT in 0.01s
    cube 2998.248.7 (depth 2, 28 lits): UNSAT in 0.02s
    cube 2998.248.8 (depth 2, 28 lits): UNSAT in 0.03s
    cube 2998.248.9 (depth 2, 28 lits): UNSAT in 0.01s
    cube 2998.248.10 (depth 2, 28 lits): UNSAT in 0.02s
    cube 2998.248.11 (depth 2, 28 lits): UNSAT in 0.05s
    cube 2998.248.12 (depth 2, 28 lits): UNSAT in 0.05s
    cube 2998.248.13 (depth 2, 28 lits): UNSAT in 0.01s
    cube 2998.248.14 (depth 2, 28 lits): UNSAT in 0.01s
    cube 2998.248.15 (depth 2, 28 lits): UNSAT in 0.01s
    cube 2998.248.16 (depth 2, 28 lits): UNSAT in 0.02s
    cube 2998.248.17 (depth 2, 28 lits): UNSAT in 0.02s
    cube 2998.248.18 (depth 2, 28 lits): UNSAT in 0.02s
    cube 2998.248.19 (depth 2, 28 lits): UNSAT in 0.02s
    cube 2998.248.20 (depth 2, 28 lits): UNSAT in 0.05s
    cube 2998.248.21 (depth 2, 28 lits): UNSAT in 0.02s
    cube 2998.248.22 (depth 2, 28 lits): UNSAT in 0.03s
    cube 2998.248.23 (depth 2, 28 lits): UNSAT in 0.03s
    cube 2998.248.24 (depth 2, 28 lits): UNSAT in 0.03s
    cube 2998.248.25 (depth 2, 28 lits): UNSAT in 0.01s
    cube 2998.248.26 (depth 2, 28 lits): UNSAT in 0.02s
    cube 2998.248.27 (depth 2, 28 lits): UNSAT in 0.06s
    cube 2998.248.28 (depth 2, 28 lits): UNSAT in 0.14s
    cube 2998.248.29 (depth 2, 28 lits): UNSAT in 0.02s
    cube 2998.248.30 (depth 2, 28 lits): UNSAT in 0.03s
    cube 2998.248.31 (depth 2, 28 lits): UNSAT in 0.02s
    cube 2998.248.32 (depth 2, 28 lits): UNSAT in 0.02s
    cube 2998.248.33 (depth 2, 28 lits): UNSAT in 0.02s
    cube 2998.248.34 (depth 2, 28 lits): UNSAT in 0.02s
    cube 2998.248.35 (depth 2, 28 lits): UNSAT in 0.08s
    cube 2998.248.36 (depth 2, 28 lits): UNSAT in 0.18s
    cube 2998.248.37 (depth 2, 28 lits): UNSAT in 0.07s
    cube 2998.248.38 (depth 2, 28 lits): UNSAT in 0.06s
    cube 2998.248.39 (depth 2, 28 lits): UNSAT in 0.05s
    cube 2998.248.40 (depth 2, 28 lits): UNSAT in 0.20s
    cube 2998.248.41 (depth 2, 28 lits): UNSAT in 0.08s
    cube 2998.248.42 (depth 2, 28 lits): UNSAT in 0.14s
    cube 2998.248.43 (depth 2, 28 lits): UNSAT in 0.31s
    cube 2998.248.44 (depth 2, 28 lits): UNSAT in 0.27s
    cube 2998.248.45 (depth 2, 28 lits): UNSAT in 0.02s
    cube 2998.248.46 (depth 2, 28 lits): UNSAT in 0.03s
    cube 2998.248.47 (depth 2, 28 lits): UNSAT in 0.03s
    cube 2998.248.48 (depth 2, 28 lits): UNSAT in 0.08s
    cube 2998.248.49 (depth 2, 28 lits): UNSAT in 0.02s
    cube 2998.248.50 (depth 2, 28 lits): UNSAT in 0.02s
    cube 2998.248.51 (depth 2, 28 lits): UNSAT in 0.07s
    cube 2998.248.52 (depth 2, 28 lits): UNSAT in 0.11s
    cube 2998.248.53 (depth 2, 28 lits): UNSAT in 0.02s
    cube 2998.248.54 (depth 2, 28 lits): UNSAT in 0.03s
    cube 2998.248.55 (depth 2, 28 lits): UNSAT in 0.04s
    cube 2998.248.56 (depth 2, 28 lits): UNSAT in 0.18s
    cube 2998.248.57 (depth 2, 28 lits): UNSAT in 0.05s
    cube 2998.248.58 (depth 2, 28 lits): UNSAT in 0.07s
    cube 2998.248.59 (depth 2, 28 lits): UNSAT in 0.05s
    cube 2998.248.60 (depth 2, 28 lits): UNSAT in 0.19s
    cube 2998.248.61 (depth 2, 28 lits): UNSAT in 0.01s
    cube 2998.248.62 (depth 2, 28 lits): UNSAT in 0.01s
    cube 2998.248.63 (depth 2, 28 lits): UNSAT in 0.01s
    cube 2998.248.64 (depth 2, 28 lits): UNSAT in 0.02s
    cube 2998.248.65 (depth 2, 28 lits): UNSAT in 0.01s
    cube 2998.248.66 (depth 2, 28 lits): UNSAT in 0.02s
    cube 2998.248.67 (depth 2, 28 lits): UNSAT in 0.06s
    cube 2998.248.68 (depth 2, 28 lits): UNSAT in 0.07s
    cube 2998.248.69 (depth 2, 28 lits): UNSAT in 0.01s
    cube 2998.248.70 (depth 2, 28 lits): UNSAT in 0.07s
    cube 2998.248.71 (depth 2, 28 lits): UNSAT in 0.02s
    cube 2998.248.72 (depth 2, 28 lits): UNSAT in 0.02s
    cube 2998.248.73 (depth 2, 28 lits): UNSAT in 0.02s
    cube 2998.248.74 (depth 2, 28 lits): UNSAT in 0.08s
    cube 2998.248.75 (depth 2, 28 lits): UNSAT in 0.08s
    cube 2998.248.76 (depth 2, 28 lits): UNSAT in 0.35s
    cube 2998.248.77 (depth 2, 28 lits): UNSAT in 0.03s
    cube 2998.248.78 (depth 2, 28 lits): UNSAT in 0.04s
    cube 2998.248.79 (depth 2, 28 lits): UNSAT in 0.11s
    cube 2998.248.80 (depth 2, 28 lits): UNSAT in 0.24s
    cube 2998.248.81 (depth 2, 28 lits): UNSAT in 0.02s
    cube 2998.248.82 (depth 2, 28 lits): UNSAT in 0.09s
    cube 2998.248.83 (depth 2, 28 lits): UNSAT in 0.03s
    cube 2998.248.84 (depth 2, 28 lits): UNSAT in 0.42s
    cube 2998.248.85 (depth 2, 28 lits): UNSAT in 0.02s
    cube 2998.248.86 (depth 2, 28 lits): UNSAT in 0.04s
    cube 2998.248.87 (depth 2, 28 lits): UNSAT in 0.11s
    cube 2998.248.88 (depth 2, 28 lits): UNSAT in 0.09s
    cube 2998.248.89 (depth 2, 28 lits): UNSAT in 0.08s
    cube 2998.248.90 (depth 2, 28 lits): UNSAT in 0.08s
    cube 2998.248.91 (depth 2, 28 lits): UNSAT in 0.13s
    cube 2998.248.92 (depth 2, 28 lits): UNSAT in 0.93s
    cube 2998.248.93 (depth 2, 28 lits): UNSAT in 0.01s
    cube 2998.248.94 (depth 2, 28 lits): UNSAT in 0.02s
    cube 2998.248.95 (depth 2, 28 lits): UNSAT in 0.02s
    cube 2998.248.96 (depth 2, 28 lits): UNSAT in 0.02s
    cube 2998.248.97 (depth 2, 28 lits): UNSAT in 0.02s
    cube 2998.248.98 (depth 2, 28 lits): UNSAT in 0.04s
    cube 2998.248.99 (depth 2, 28 lits): UNSAT in 0.30s
    cube 2998.248.100 (depth 2, 28 lits): UNSAT in 0.09s
    cube 2998.248.101 (depth 2, 28 lits): UNSAT in 0.01s
    cube 2998.248.102 (depth 2, 28 lits): UNSAT in 0.03s
    cube 2998.248.103 (depth 2, 28 lits): UNSAT in 0.02s
    cube 2998.248.104 (depth 2, 28 lits): UNSAT in 0.05s
    cube 2998.248.105 (depth 2, 28 lits): UNSAT in 0.03s
    cube 2998.248.106 (depth 2, 28 lits): UNSAT in 0.03s
    cube 2998.248.107 (depth 2, 28 lits): UNSAT in 0.03s
    cube 2998.248.108 (depth 2, 28 lits): UNSAT in 0.02s
    cube 2998.248.109 (depth 2, 28 lits): UNSAT in 0.02s
    cube 2998.248.110 (depth 2, 28 lits): UNSAT in 0.03s
    cube 2998.248.111 (depth 2, 28 lits): UNSAT in 0.08s
    cube 2998.248.112 (depth 2, 28 lits): UNSAT in 0.25s
    cube 2998.248.113 (depth 2, 28 lits): UNSAT in 0.01s
    cube 2998.248.114 (depth 2, 28 lits): UNSAT in 0.01s
    cube 2998.248.115 (depth 2, 28 lits): UNSAT in 0.02s
    cube 2998.248.116 (depth 2, 28 lits): UNSAT in 0.08s
    cube 2998.248.117 (depth 2, 28 lits): UNSAT in 0.15s
    cube 2998.248.118 (depth 2, 28 lits): UNSAT in 0.51s
    cube 2998.248.119 (depth 2, 28 lits): UNSAT in 0.03s
    cube 2998.248.120 (depth 2, 28 lits): UNSAT in 0.44s
    cube 2998.248.121 (depth 2, 28 lits): UNSAT in 0.30s
    cube 2998.248.122 (depth 2, 28 lits): UNSAT in 0.17s
    cube 2998.248.123 (depth 2, 28 lits): UNSAT in 1.84s
    cube 2998.248.124 (depth 2, 28 lits): UNSAT in 1.02s
    cube 2998.248.125 (depth 2, 28 lits): UNSAT in 0.02s
    cube 2998.248.126 (depth 2, 28 lits): UNSAT in 0.02s
    cube 2998.248.127 (depth 2, 28 lits): UNSAT in 0.02s
    cube 2998.248.128 (depth 2, 28 lits): UNSAT in 0.05s
    cube 2998.248.129 (depth 2, 28 lits): UNSAT in 0.02s
    cube 2998.248.130 (depth 2, 28 lits): UNSAT in 0.02s
    cube 2998.248.131 (depth 2, 28 lits): UNSAT in 0.06s
    cube 2998.248.132 (depth 2, 28 lits): UNSAT in 0.21s
    cube 2998.248.133 (depth 2, 28 lits): UNSAT in 0.01s
    cube 2998.248.134 (depth 2, 28 lits): UNSAT in 0.02s
    cube 2998.248.135 (depth 2, 28 lits): UNSAT in 0.03s
    cube 2998.248.136 (depth 2, 28 lits): UNSAT in 0.06s
    cube 2998.248.137 (depth 2, 28 lits): UNSAT in 0.02s
    cube 2998.248.138 (depth 2, 28 lits): UNSAT in 0.04s
    cube 2998.248.139 (depth 2, 28 lits): UNSAT in 0.43s
    cube 2998.248.140 (depth 2, 28 lits): UNSAT in 0.67s
    cube 2998.248.141 (depth 2, 28 lits): UNSAT in 0.02s
    cube 2998.248.142 (depth 2, 28 lits): UNSAT in 0.04s
    cube 2998.248.143 (depth 2, 28 lits): UNSAT in 0.03s
    cube 2998.248.144 (depth 2, 28 lits): UNSAT in 0.33s
    cube 2998.248.145 (depth 2, 28 lits): UNSAT in 0.03s
    cube 2998.248.146 (depth 2, 28 lits): UNSAT in 0.17s
    cube 2998.248.147 (depth 2, 28 lits): UNSAT in 0.10s
    cube 2998.248.148 (depth 2, 28 lits): UNSAT in 0.39s
    cube 2998.248.149 (depth 2, 28 lits): UNSAT in 0.04s
    cube 2998.248.150 (depth 2, 28 lits): UNSAT in 0.08s
    cube 2998.248.151 (depth 2, 28 lits): UNSAT in 0.11s
    cube 2998.248.152 (depth 2, 28 lits): UNSAT in 0.20s
    cube 2998.248.153 (depth 2, 28 lits): UNSAT in 0.08s
    cube 2998.248.154 (depth 2, 28 lits): UNSAT in 0.32s
    cube 2998.248.155 (depth 2, 28 lits): UNSAT in 0.15s
    cube 2998.248.156 (depth 2, 28 lits): UNSAT in 2.20s
    cube 2998.248.157 (depth 2, 28 lits): UNSAT in 0.02s
    cube 2998.248.158 (depth 2, 28 lits): UNSAT in 0.06s
    cube 2998.248.159 (depth 2, 28 lits): UNSAT in 0.08s
    cube 2998.248.160 (depth 2, 28 lits): UNSAT in 0.32s
    cube 2998.248.161 (depth 2, 28 lits): UNSAT in 0.09s
    cube 2998.248.162 (depth 2, 28 lits): UNSAT in 0.19s
    cube 2998.248.163 (depth 2, 28 lits): UNSAT in 0.05s
    cube 2998.248.164 (depth 2, 28 lits): UNSAT in 2.24s
    cube 2998.248.165 (depth 2, 28 lits): UNSAT in 0.11s
    cube 2998.248.166 (depth 2, 28 lits): UNSAT in 0.32s
    cube 2998.248.167 (depth 2, 28 lits): UNSAT in 0.16s
    cube 2998.248.168 (depth 2, 28 lits): UNSAT in 0.60s
    cube 2998.248.169 (depth 2, 28 lits): UNSAT in 0.20s
    cube 2998.248.170 (depth 2, 28 lits): UNSAT in 0.71s
    cube 2998.248.171 (depth 2, 28 lits): UNSAT in 0.23s
    cube 2998.248.172 (depth 2, 28 lits): UNSAT in 4.18s
    cube 2998.248.173 (depth 2, 28 lits): UNSAT in 0.10s
    cube 2998.248.174 (depth 2, 28 lits): UNSAT in 0.20s
    cube 2998.248.175 (depth 2, 28 lits): UNSAT in 0.14s
    cube 2998.248.176 (depth 2, 28 lits): UNSAT in 0.47s
    cube 2998.248.177 (depth 2, 28 lits): UNSAT in 0.09s
    cube 2998.248.178 (depth 2, 28 lits): UNSAT in 0.35s
    cube 2998.248.179 (depth 2, 28 lits): UNSAT in 0.50s
    cube 2998.248.180 (depth 2, 28 lits): UNSAT in 2.33s
    cube 2998.248.181 (depth 2, 28 lits): UNSAT in 0.04s
    cube 2998.248.182 (depth 2, 28 lits): UNSAT in 0.22s
    cube 2998.248.183 (depth 2, 28 lits): UNSAT in 0.28s
    cube 2998.248.184 (depth 2, 28 lits): UNSAT in 2.31s
    cube 2998.248.185 (depth 2, 28 lits): UNSAT in 1.81s
    cube 2998.248.186 (depth 2, 28 lits): UNSAT in 4.97s
    cube 2998.248.187 (depth 2, 28 lits): UNSAT in 6.50s
    cube 2998.248.188 (depth 2, 28 lits): UNSAT in 71.99s
    cube 2998.248.189 (depth 2, 28 lits): UNSAT in 0.03s
    cube 2998.248.190 (depth 2, 28 lits): UNSAT in 0.04s
    cube 2998.248.191 (depth 2, 28 lits): UNSAT in 0.07s
    cube 2998.248.192 (depth 2, 28 lits): UNSAT in 0.21s
    cube 2998.248.193 (depth 2, 28 lits): UNSAT in 0.04s
    cube 2998.248.194 (depth 2, 28 lits): UNSAT in 0.12s
    cube 2998.248.195 (depth 2, 28 lits): UNSAT in 0.03s
    cube 2998.248.196 (depth 2, 28 lits): UNSAT in 0.36s
    cube 2998.248.197 (depth 2, 28 lits): UNSAT in 0.02s
    cube 2998.248.198 (depth 2, 28 lits): UNSAT in 0.10s
    cube 2998.248.199 (depth 2, 28 lits): UNSAT in 0.12s
    cube 2998.248.200 (depth 2, 28 lits): UNSAT in 0.18s
    cube 2998.248.201 (depth 2, 28 lits): UNSAT in 0.31s
    cube 2998.248.202 (depth 2, 28 lits): UNSAT in 0.13s
    cube 2998.248.203 (depth 2, 28 lits): UNSAT in 0.11s
    cube 2998.248.204 (depth 2, 28 lits): UNSAT in 2.54s
    cube 2998.248.205 (depth 2, 28 lits): UNSAT in 0.01s
    cube 2998.248.206 (depth 2, 28 lits): UNSAT in 0.02s
    cube 2998.248.207 (depth 2, 28 lits): UNSAT in 0.06s
    cube 2998.248.208 (depth 2, 28 lits): UNSAT in 0.29s
    cube 2998.248.209 (depth 2, 28 lits): UNSAT in 0.06s
    cube 2998.248.210 (depth 2, 28 lits): UNSAT in 0.32s
    cube 2998.248.211 (depth 2, 28 lits): UNSAT in 0.58s
    cube 2998.248.212 (depth 2, 28 lits): UNSAT in 2.39s
    cube 2998.248.213 (depth 2, 28 lits): UNSAT in 0.04s
    cube 2998.248.214 (depth 2, 28 lits): UNSAT in 0.09s
    cube 2998.248.215 (depth 2, 28 lits): UNSAT in 0.10s
    cube 2998.248.216 (depth 2, 28 lits): UNSAT in 0.27s
    cube 2998.248.217 (depth 2, 28 lits): UNSAT in 0.75s
    cube 2998.248.218 (depth 2, 28 lits): UNSAT in 1.86s
    cube 2998.248.219 (depth 2, 28 lits): UNSAT in 8.39s
    cube 2998.248.220 (depth 2, 28 lits): UNSAT in 11.66s
    cube 2998.248.221 (depth 2, 28 lits): UNSAT in 0.01s
    cube 2998.248.222 (depth 2, 28 lits): UNSAT in 0.04s
    cube 2998.248.223 (depth 2, 28 lits): UNSAT in 0.03s
    cube 2998.248.224 (depth 2, 28 lits): UNSAT in 0.07s
    cube 2998.248.225 (depth 2, 28 lits): UNSAT in 0.17s
    cube 2998.248.226 (depth 2, 28 lits): UNSAT in 0.08s
    cube 2998.248.227 (depth 2, 28 lits): UNSAT in 0.17s
    cube 2998.248.228 (depth 2, 28 lits): UNSAT in 1.53s
    cube 2998.248.229 (depth 2, 28 lits): UNSAT in 0.13s
    cube 2998.248.230 (depth 2, 28 lits): UNSAT in 0.16s
    cube 2998.248.231 (depth 2, 28 lits): UNSAT in 0.20s
    cube 2998.248.232 (depth 2, 28 lits): UNSAT in 0.29s
    cube 2998.248.233 (depth 2, 28 lits): UNSAT in 0.30s
    cube 2998.248.234 (depth 2, 28 lits): UNSAT in 2.62s
    cube 2998.248.235 (depth 2, 28 lits): UNSAT in 2.35s
    cube 2998.248.236 (depth 2, 28 lits): UNSAT in 12.42s
    cube 2998.248.237 (depth 2, 28 lits): UNSAT in 0.05s
    cube 2998.248.238 (depth 2, 28 lits): UNSAT in 0.25s
    cube 2998.248.239 (depth 2, 28 lits): UNSAT in 0.33s
    cube 2998.248.240 (depth 2, 28 lits): UNSAT in 2.29s
    cube 2998.248.241 (depth 2, 28 lits): UNSAT in 0.17s
    cube 2998.248.242 (depth 2, 28 lits): UNSAT in 1.00s
    cube 2998.248.243 (depth 2, 28 lits): UNSAT in 1.06s
    cube 2998.248.244 (depth 2, 28 lits): UNSAT in 31.83s
    cube 2998.248.245 (depth 2, 28 lits): UNSAT in 0.34s
    cube 2998.248.246 (depth 2, 28 lits): UNSAT in 1.07s
    cube 2998.248.247 (depth 2, 28 lits): UNSAT in 3.72s
    cube 2998.248.248 (depth 2, 28 lits): UNSAT in 20.33s
    cube 2998.248.249 (depth 2, 28 lits): UNSAT in 1.69s
    cube 2998.248.250 (depth 2, 28 lits): UNSAT in 37.69s
    cube 2998.248.251 (depth 2, 28 lits): UNSAT in 7.69s
    cube 2998.248.252 (depth 2, 28 lits): UNSAT in 74.03s
    cube 2998.249 (depth 1, 20 lits): UNSAT in 42.93s
    cube 2998.250 (depth 1, 20 lits): TIMEOUT in 1200.08s
    cube 2998.250 TIMEOUT -> re-split into 235 sub-cubes (depth 2)
    cube 2998.250.0 (depth 2, 26 lits): UNSAT in 0.01s
    cube 2998.250.1 (depth 2, 26 lits): UNSAT in 0.02s
    cube 2998.250.2 (depth 2, 26 lits): UNSAT in 0.01s
    cube 2998.250.3 (depth 2, 28 lits): UNSAT in 0.01s
    cube 2998.250.4 (depth 2, 28 lits): UNSAT in 0.02s
    cube 2998.250.5 (depth 2, 27 lits): UNSAT in 0.01s
    cube 2998.250.6 (depth 2, 27 lits): UNSAT in 0.01s
    cube 2998.250.7 (depth 2, 27 lits): UNSAT in 0.02s
    cube 2998.250.8 (depth 2, 27 lits): UNSAT in 0.02s
    cube 2998.250.9 (depth 2, 28 lits): UNSAT in 0.03s
    cube 2998.250.10 (depth 2, 28 lits): UNSAT in 0.02s
    cube 2998.250.11 (depth 2, 28 lits): UNSAT in 0.01s
    cube 2998.250.12 (depth 2, 28 lits): UNSAT in 0.03s
    cube 2998.250.13 (depth 2, 28 lits): UNSAT in 0.04s
    cube 2998.250.14 (depth 2, 28 lits): UNSAT in 0.05s
    cube 2998.250.15 (depth 2, 28 lits): UNSAT in 0.02s
    cube 2998.250.16 (depth 2, 28 lits): UNSAT in 0.04s
    cube 2998.250.17 (depth 2, 28 lits): UNSAT in 0.05s
    cube 2998.250.18 (depth 2, 28 lits): UNSAT in 0.05s
    cube 2998.250.19 (depth 2, 27 lits): UNSAT in 0.01s
    cube 2998.250.20 (depth 2, 27 lits): UNSAT in 0.02s
    cube 2998.250.21 (depth 2, 28 lits): UNSAT in 0.01s
    cube 2998.250.22 (depth 2, 28 lits): UNSAT in 0.02s
    cube 2998.250.23 (depth 2, 27 lits): UNSAT in 0.02s
    cube 2998.250.24 (depth 2, 27 lits): UNSAT in 0.01s
    cube 2998.250.25 (depth 2, 28 lits): UNSAT in 0.02s
    cube 2998.250.26 (depth 2, 28 lits): UNSAT in 0.02s
    cube 2998.250.27 (depth 2, 28 lits): UNSAT in 0.01s
    cube 2998.250.28 (depth 2, 28 lits): UNSAT in 0.02s
    cube 2998.250.29 (depth 2, 28 lits): UNSAT in 0.02s
    cube 2998.250.30 (depth 2, 28 lits): UNSAT in 0.02s
    cube 2998.250.31 (depth 2, 28 lits): UNSAT in 0.01s
    cube 2998.250.32 (depth 2, 28 lits): UNSAT in 0.01s
    cube 2998.250.33 (depth 2, 28 lits): UNSAT in 0.02s
    cube 2998.250.34 (depth 2, 28 lits): UNSAT in 0.02s
    cube 2998.250.35 (depth 2, 28 lits): UNSAT in 0.02s
    cube 2998.250.36 (depth 2, 28 lits): UNSAT in 0.03s
    cube 2998.250.37 (depth 2, 28 lits): UNSAT in 0.01s
    cube 2998.250.38 (depth 2, 28 lits): UNSAT in 0.03s
    cube 2998.250.39 (depth 2, 28 lits): UNSAT in 0.01s
    cube 2998.250.40 (depth 2, 28 lits): UNSAT in 0.01s
    cube 2998.250.41 (depth 2, 27 lits): UNSAT in 0.02s
    cube 2998.250.42 (depth 2, 28 lits): UNSAT in 0.05s
    cube 2998.250.43 (depth 2, 28 lits): UNSAT in 0.03s
    cube 2998.250.44 (depth 2, 28 lits): UNSAT in 0.02s
    cube 2998.250.45 (depth 2, 28 lits): UNSAT in 0.03s
    cube 2998.250.46 (depth 2, 27 lits): UNSAT in 0.01s
    cube 2998.250.47 (depth 2, 28 lits): UNSAT in 0.02s
    cube 2998.250.48 (depth 2, 28 lits): UNSAT in 0.02s
    cube 2998.250.49 (depth 2, 27 lits): UNSAT in 0.02s
    cube 2998.250.50 (depth 2, 28 lits): UNSAT in 0.02s
    cube 2998.250.51 (depth 2, 28 lits): UNSAT in 0.05s
    cube 2998.250.52 (depth 2, 28 lits): UNSAT in 0.01s
    cube 2998.250.53 (depth 2, 28 lits): UNSAT in 0.01s
    cube 2998.250.54 (depth 2, 28 lits): UNSAT in 0.02s
    cube 2998.250.55 (depth 2, 28 lits): UNSAT in 0.03s
    cube 2998.250.56 (depth 2, 28 lits): UNSAT in 0.04s
    cube 2998.250.57 (depth 2, 28 lits): UNSAT in 0.03s
    cube 2998.250.58 (depth 2, 28 lits): UNSAT in 0.04s
    cube 2998.250.59 (depth 2, 28 lits): UNSAT in 0.10s
    cube 2998.250.60 (depth 2, 28 lits): UNSAT in 0.01s
    cube 2998.250.61 (depth 2, 28 lits): UNSAT in 0.02s
    cube 2998.250.62 (depth 2, 28 lits): UNSAT in 0.03s
    cube 2998.250.63 (depth 2, 28 lits): UNSAT in 0.03s
    cube 2998.250.64 (depth 2, 28 lits): UNSAT in 0.01s
    cube 2998.250.65 (depth 2, 28 lits): UNSAT in 0.03s
    cube 2998.250.66 (depth 2, 28 lits): UNSAT in 0.04s
    cube 2998.250.67 (depth 2, 28 lits): UNSAT in 0.07s
    cube 2998.250.68 (depth 2, 28 lits): UNSAT in 0.02s
    cube 2998.250.69 (depth 2, 28 lits): UNSAT in 0.06s
    cube 2998.250.70 (depth 2, 28 lits): UNSAT in 0.07s
    cube 2998.250.71 (depth 2, 28 lits): UNSAT in 0.09s
    cube 2998.250.72 (depth 2, 28 lits): UNSAT in 0.04s
    cube 2998.250.73 (depth 2, 28 lits): UNSAT in 0.10s
    cube 2998.250.74 (depth 2, 28 lits): UNSAT in 0.09s
    cube 2998.250.75 (depth 2, 28 lits): UNSAT in 0.19s
    cube 2998.250.76 (depth 2, 28 lits): UNSAT in 0.02s
    cube 2998.250.77 (depth 2, 28 lits): UNSAT in 0.05s
    cube 2998.250.78 (depth 2, 28 lits): UNSAT in 0.04s
    cube 2998.250.79 (depth 2, 28 lits): UNSAT in 0.11s
    cube 2998.250.80 (depth 2, 28 lits): UNSAT in 0.03s
    cube 2998.250.81 (depth 2, 28 lits): UNSAT in 0.05s
    cube 2998.250.82 (depth 2, 28 lits): UNSAT in 0.12s
    cube 2998.250.83 (depth 2, 28 lits): UNSAT in 0.60s
    cube 2998.250.84 (depth 2, 28 lits): UNSAT in 0.06s
    cube 2998.250.85 (depth 2, 28 lits): UNSAT in 0.26s
    cube 2998.250.86 (depth 2, 28 lits): UNSAT in 0.04s
    cube 2998.250.87 (depth 2, 28 lits): UNSAT in 0.84s
    cube 2998.250.88 (depth 2, 28 lits): UNSAT in 0.25s
    cube 2998.250.89 (depth 2, 28 lits): UNSAT in 0.47s
    cube 2998.250.90 (depth 2, 28 lits): UNSAT in 0.23s
    cube 2998.250.91 (depth 2, 28 lits): UNSAT in 0.83s
    cube 2998.250.92 (depth 2, 28 lits): UNSAT in 0.02s
    cube 2998.250.93 (depth 2, 28 lits): UNSAT in 0.02s
    cube 2998.250.94 (depth 2, 28 lits): UNSAT in 0.16s
    cube 2998.250.95 (depth 2, 28 lits): UNSAT in 0.24s
    cube 2998.250.96 (depth 2, 28 lits): UNSAT in 0.04s
    cube 2998.250.97 (depth 2, 28 lits): UNSAT in 0.11s
    cube 2998.250.98 (depth 2, 28 lits): UNSAT in 0.17s
    cube 2998.250.99 (depth 2, 28 lits): UNSAT in 0.14s
    cube 2998.250.100 (depth 2, 28 lits): UNSAT in 0.08s
    cube 2998.250.101 (depth 2, 28 lits): UNSAT in 0.15s
    cube 2998.250.102 (depth 2, 28 lits): UNSAT in 0.03s
    cube 2998.250.103 (depth 2, 28 lits): UNSAT in 0.44s
    cube 2998.250.104 (depth 2, 28 lits): UNSAT in 0.05s
    cube 2998.250.105 (depth 2, 28 lits): UNSAT in 0.08s
    cube 2998.250.106 (depth 2, 28 lits): UNSAT in 0.05s
    cube 2998.250.107 (depth 2, 28 lits): UNSAT in 1.97s
    cube 2998.250.108 (depth 2, 28 lits): UNSAT in 0.01s
    cube 2998.250.109 (depth 2, 28 lits): UNSAT in 0.01s
    cube 2998.250.110 (depth 2, 28 lits): UNSAT in 0.01s
    cube 2998.250.111 (depth 2, 28 lits): UNSAT in 0.03s
    cube 2998.250.112 (depth 2, 28 lits): UNSAT in 0.01s
    cube 2998.250.113 (depth 2, 28 lits): UNSAT in 0.02s
    cube 2998.250.114 (depth 2, 28 lits): UNSAT in 0.02s
    cube 2998.250.115 (depth 2, 28 lits): UNSAT in 0.04s
    cube 2998.250.116 (depth 2, 28 lits): UNSAT in 0.01s
    cube 2998.250.117 (depth 2, 28 lits): UNSAT in 0.02s
    cube 2998.250.118 (depth 2, 28 lits): UNSAT in 0.03s
    cube 2998.250.119 (depth 2, 28 lits): UNSAT in 0.05s
    cube 2998.250.120 (depth 2, 28 lits): UNSAT in 0.04s
    cube 2998.250.121 (depth 2, 28 lits): UNSAT in 0.08s
    cube 2998.250.122 (depth 2, 28 lits): UNSAT in 0.02s
    cube 2998.250.123 (depth 2, 28 lits): UNSAT in 0.17s
    cube 2998.250.124 (depth 2, 27 lits): UNSAT in 0.01s
    cube 2998.250.125 (depth 2, 28 lits): UNSAT in 0.01s
    cube 2998.250.126 (depth 2, 28 lits): UNSAT in 0.02s
    cube 2998.250.127 (depth 2, 28 lits): UNSAT in 0.04s
    cube 2998.250.128 (depth 2, 28 lits): UNSAT in 0.02s
    cube 2998.250.129 (depth 2, 28 lits): UNSAT in 0.03s
    cube 2998.250.130 (depth 2, 28 lits): UNSAT in 0.08s
    cube 2998.250.131 (depth 2, 28 lits): UNSAT in 0.03s
    cube 2998.250.132 (depth 2, 28 lits): UNSAT in 0.03s
    cube 2998.250.133 (depth 2, 28 lits): UNSAT in 0.15s
    cube 2998.250.134 (depth 2, 28 lits): UNSAT in 0.32s
    cube 2998.250.135 (depth 2, 28 lits): UNSAT in 0.09s
    cube 2998.250.136 (depth 2, 28 lits): UNSAT in 0.12s
    cube 2998.250.137 (depth 2, 28 lits): UNSAT in 0.04s
    cube 2998.250.138 (depth 2, 28 lits): UNSAT in 0.08s
    cube 2998.250.139 (depth 2, 28 lits): UNSAT in 0.01s
    cube 2998.250.140 (depth 2, 28 lits): UNSAT in 0.02s
    cube 2998.250.141 (depth 2, 28 lits): UNSAT in 0.02s
    cube 2998.250.142 (depth 2, 28 lits): UNSAT in 0.05s
    cube 2998.250.143 (depth 2, 28 lits): UNSAT in 0.02s
    cube 2998.250.144 (depth 2, 28 lits): UNSAT in 0.02s
    cube 2998.250.145 (depth 2, 28 lits): UNSAT in 0.02s
    cube 2998.250.146 (depth 2, 28 lits): UNSAT in 0.04s
    cube 2998.250.147 (depth 2, 28 lits): UNSAT in 0.01s
    cube 2998.250.148 (depth 2, 28 lits): UNSAT in 0.15s
    cube 2998.250.149 (depth 2, 28 lits): UNSAT in 0.01s
    cube 2998.250.150 (depth 2, 28 lits): UNSAT in 0.10s
    cube 2998.250.151 (depth 2, 28 lits): UNSAT in 0.04s
    cube 2998.250.152 (depth 2, 28 lits): UNSAT in 0.15s
    cube 2998.250.153 (depth 2, 28 lits): UNSAT in 0.43s
    cube 2998.250.154 (depth 2, 28 lits): UNSAT in 0.62s
    cube 2998.250.155 (depth 2, 28 lits): UNSAT in 0.09s
    cube 2998.250.156 (depth 2, 28 lits): UNSAT in 0.39s
    cube 2998.250.157 (depth 2, 28 lits): UNSAT in 0.04s
    cube 2998.250.158 (depth 2, 28 lits): UNSAT in 0.20s
    cube 2998.250.159 (depth 2, 28 lits): UNSAT in 0.02s
    cube 2998.250.160 (depth 2, 28 lits): UNSAT in 0.04s
    cube 2998.250.161 (depth 2, 28 lits): UNSAT in 0.03s
    cube 2998.250.162 (depth 2, 28 lits): UNSAT in 0.11s
    cube 2998.250.163 (depth 2, 28 lits): UNSAT in 0.14s
    cube 2998.250.164 (depth 2, 28 lits): UNSAT in 0.38s
    cube 2998.250.165 (depth 2, 28 lits): UNSAT in 0.07s
    cube 2998.250.166 (depth 2, 28 lits): UNSAT in 0.27s
    cube 2998.250.167 (depth 2, 28 lits): UNSAT in 0.19s
    cube 2998.250.168 (depth 2, 28 lits): UNSAT in 2.91s
    cube 2998.250.169 (depth 2, 28 lits): UNSAT in 2.98s
    cube 2998.250.170 (depth 2, 28 lits): UNSAT in 14.74s
    cube 2998.250.171 (depth 2, 28 lits): UNSAT in 0.02s
    cube 2998.250.172 (depth 2, 28 lits): UNSAT in 0.02s
    cube 2998.250.173 (depth 2, 28 lits): UNSAT in 0.03s
    cube 2998.250.174 (depth 2, 28 lits): UNSAT in 0.02s
    cube 2998.250.175 (depth 2, 28 lits): UNSAT in 0.01s
    cube 2998.250.176 (depth 2, 28 lits): UNSAT in 0.02s
    cube 2998.250.177 (depth 2, 28 lits): UNSAT in 0.02s
    cube 2998.250.178 (depth 2, 28 lits): UNSAT in 0.03s
    cube 2998.250.179 (depth 2, 28 lits): UNSAT in 0.04s
    cube 2998.250.180 (depth 2, 28 lits): UNSAT in 0.06s
    cube 2998.250.181 (depth 2, 28 lits): UNSAT in 0.07s
    cube 2998.250.182 (depth 2, 28 lits): UNSAT in 0.17s
    cube 2998.250.183 (depth 2, 28 lits): UNSAT in 0.05s
    cube 2998.250.184 (depth 2, 28 lits): UNSAT in 0.06s
    cube 2998.250.185 (depth 2, 28 lits): UNSAT in 0.47s
    cube 2998.250.186 (depth 2, 28 lits): UNSAT in 0.48s
    cube 2998.250.187 (depth 2, 28 lits): UNSAT in 0.02s
    cube 2998.250.188 (depth 2, 28 lits): UNSAT in 0.05s
    cube 2998.250.189 (depth 2, 28 lits): UNSAT in 0.06s
    cube 2998.250.190 (depth 2, 28 lits): UNSAT in 0.22s
    cube 2998.250.191 (depth 2, 28 lits): UNSAT in 0.07s
    cube 2998.250.192 (depth 2, 28 lits): UNSAT in 0.24s
    cube 2998.250.193 (depth 2, 28 lits): UNSAT in 0.67s
    cube 2998.250.194 (depth 2, 28 lits): UNSAT in 1.51s
    cube 2998.250.195 (depth 2, 28 lits): UNSAT in 0.04s
    cube 2998.250.196 (depth 2, 28 lits): UNSAT in 0.10s
    cube 2998.250.197 (depth 2, 28 lits): UNSAT in 0.11s
    cube 2998.250.198 (depth 2, 28 lits): UNSAT in 1.51s
    cube 2998.250.199 (depth 2, 28 lits): UNSAT in 0.10s
    cube 2998.250.200 (depth 2, 28 lits): UNSAT in 1.65s
    cube 2998.250.201 (depth 2, 28 lits): UNSAT in 3.04s
    cube 2998.250.202 (depth 2, 28 lits): UNSAT in 32.09s
    cube 2998.250.203 (depth 2, 28 lits): UNSAT in 0.02s
    cube 2998.250.204 (depth 2, 28 lits): UNSAT in 0.03s
    cube 2998.250.205 (depth 2, 28 lits): UNSAT in 0.02s
    cube 2998.250.206 (depth 2, 28 lits): UNSAT in 0.11s
    cube 2998.250.207 (depth 2, 28 lits): UNSAT in 0.07s
    cube 2998.250.208 (depth 2, 28 lits): UNSAT in 0.42s
    cube 2998.250.209 (depth 2, 28 lits): UNSAT in 0.17s
    cube 2998.250.210 (depth 2, 28 lits): UNSAT in 0.96s
    cube 2998.250.211 (depth 2, 28 lits): UNSAT in 0.09s
    cube 2998.250.212 (depth 2, 28 lits): UNSAT in 0.06s
    cube 2998.250.213 (depth 2, 28 lits): UNSAT in 0.35s
    cube 2998.250.214 (depth 2, 28 lits): UNSAT in 2.38s
    cube 2998.250.215 (depth 2, 28 lits): UNSAT in 0.68s
    cube 2998.250.216 (depth 2, 28 lits): UNSAT in 0.58s
    cube 2998.250.217 (depth 2, 28 lits): UNSAT in 2.83s
    cube 2998.250.218 (depth 2, 28 lits): UNSAT in 45.19s
    cube 2998.250.219 (depth 2, 28 lits): UNSAT in 0.07s
    cube 2998.250.220 (depth 2, 28 lits): UNSAT in 0.05s
    cube 2998.250.221 (depth 2, 28 lits): UNSAT in 0.25s
    cube 2998.250.222 (depth 2, 28 lits): UNSAT in 3.64s
    cube 2998.250.223 (depth 2, 28 lits): UNSAT in 0.08s
    cube 2998.250.224 (depth 2, 28 lits): UNSAT in 1.36s
    cube 2998.250.225 (depth 2, 28 lits): UNSAT in 1.30s
    cube 2998.250.226 (depth 2, 28 lits): UNSAT in 54.33s
    cube 2998.250.227 (depth 2, 28 lits): UNSAT in 0.16s
    cube 2998.250.228 (depth 2, 28 lits): UNSAT in 1.42s
    cube 2998.250.229 (depth 2, 28 lits): UNSAT in 5.01s
    cube 2998.250.230 (depth 2, 28 lits): UNSAT in 55.07s
    cube 2998.250.231 (depth 2, 28 lits): UNSAT in 9.05s
    cube 2998.250.232 (depth 2, 28 lits): UNSAT in 55.55s
    cube 2998.250.233 (depth 2, 28 lits): UNSAT in 2.46s
    cube 2998.250.234 (depth 2, 28 lits): UNSAT in 54.09s

  shard 4 verdict: UNSAT (1 UNSAT, 0 unresolved) in 12715.4s
