  shard 1/4 (round-robin): 831 of 3323 cubes, per-cube cap 600.0s, re-split depth 7
    cube 1 (depth 0, 21 lits): UNSAT in 0.01s
    cube 5 (depth 0, 22 lits): UNSAT in 0.01s
    cube 9 (depth 0, 24 lits): UNSAT in 0.02s
    cube 13 (depth 0, 24 lits): UNSAT in 0.02s
    cube 17 (depth 0, 24 lits): UNSAT in 0.02s
    cube 21 (depth 0, 22 lits): UNSAT in 0.02s
    cube 25 (depth 0, 24 lits): UNSAT in 0.03s
    cube 29 (depth 0, 24 lits): UNSAT in 0.01s
    cube 33 (depth 0, 24 lits): UNSAT in 0.02s
    cube 37 (depth 0, 24 lits): UNSAT in 0.01s
    cube 41 (depth 0, 24 lits): UNSAT in 0.02s
    cube 45 (depth 0, 23 lits): UNSAT in 0.02s
    cube 49 (depth 0, 24 lits): UNSAT in 0.01s
    cube 53 (depth 0, 24 lits): UNSAT in 0.02s
    cube 57 (depth 0, 24 lits): UNSAT in 0.05s
    cube 61 (depth 0, 24 lits): UNSAT in 0.05s
    cube 65 (depth 0, 24 lits): UNSAT in 0.11s
    cube 69 (depth 0, 22 lits): UNSAT in 0.01s
    cube 73 (depth 0, 24 lits): UNSAT in 0.01s
    cube 77 (depth 0, 24 lits): UNSAT in 0.02s
    cube 81 (depth 0, 20 lits): UNSAT in 0.02s
    cube 85 (depth 0, 24 lits): UNSAT in 0.02s
    cube 89 (depth 0, 24 lits): UNSAT in 0.02s
    cube 93 (depth 0, 24 lits): UNSAT in 0.03s
    cube 97 (depth 0, 24 lits): UNSAT in 0.02s
    cube 101 (depth 0, 24 lits): UNSAT in 0.02s
    cube 105 (depth 0, 24 lits): UNSAT in 0.02s
    cube 109 (depth 0, 24 lits): UNSAT in 0.12s
    cube 113 (depth 0, 24 lits): UNSAT in 0.11s
    cube 117 (depth 0, 24 lits): UNSAT in 0.30s
    cube 121 (depth 0, 23 lits): UNSAT in 0.02s
    cube 125 (depth 0, 24 lits): UNSAT in 0.02s
    cube 129 (depth 0, 23 lits): UNSAT in 0.01s
    cube 133 (depth 0, 24 lits): UNSAT in 0.02s
    cube 137 (depth 0, 24 lits): UNSAT in 0.02s
    cube 141 (depth 0, 23 lits): UNSAT in 0.01s
    cube 145 (depth 0, 24 lits): UNSAT in 0.02s
    cube 149 (depth 0, 24 lits): UNSAT in 0.03s
    cube 153 (depth 0, 24 lits): UNSAT in 0.02s
    cube 157 (depth 0, 24 lits): UNSAT in 0.02s
    cube 161 (depth 0, 24 lits): UNSAT in 0.06s
    cube 165 (depth 0, 23 lits): UNSAT in 0.02s
    cube 169 (depth 0, 22 lits): UNSAT in 0.02s
    cube 173 (depth 0, 23 lits): UNSAT in 0.01s
    cube 177 (depth 0, 24 lits): UNSAT in 0.04s
    cube 181 (depth 0, 24 lits): UNSAT in 0.01s
    cube 185 (depth 0, 24 lits): UNSAT in 0.02s
    cube 189 (depth 0, 24 lits): UNSAT in 0.01s
    cube 193 (depth 0, 24 lits): UNSAT in 0.02s
    cube 197 (depth 0, 24 lits): UNSAT in 0.01s
    cube 201 (depth 0, 24 lits): UNSAT in 0.02s
    cube 205 (depth 0, 24 lits): UNSAT in 0.04s
    cube 209 (depth 0, 24 lits): UNSAT in 0.17s
    cube 213 (depth 0, 23 lits): UNSAT in 0.01s
    cube 217 (depth 0, 23 lits): UNSAT in 0.02s
    cube 221 (depth 0, 23 lits): UNSAT in 0.02s
    cube 225 (depth 0, 22 lits): UNSAT in 0.01s
    cube 229 (depth 0, 24 lits): UNSAT in 0.02s
    cube 233 (depth 0, 24 lits): UNSAT in 0.02s
    cube 237 (depth 0, 24 lits): UNSAT in 0.03s
    cube 241 (depth 0, 24 lits): UNSAT in 0.05s
    cube 245 (depth 0, 24 lits): UNSAT in 0.02s
    cube 249 (depth 0, 24 lits): UNSAT in 0.01s
    cube 253 (depth 0, 24 lits): UNSAT in 0.03s
    cube 257 (depth 0, 21 lits): UNSAT in 0.02s
    cube 261 (depth 0, 24 lits): UNSAT in 0.01s
    cube 265 (depth 0, 24 lits): UNSAT in 0.01s
    cube 269 (depth 0, 24 lits): UNSAT in 0.02s
    cube 273 (depth 0, 24 lits): UNSAT in 0.02s
    cube 277 (depth 0, 24 lits): UNSAT in 0.10s
    cube 281 (depth 0, 24 lits): UNSAT in 0.02s
    cube 285 (depth 0, 24 lits): UNSAT in 0.02s
    cube 289 (depth 0, 24 lits): UNSAT in 0.02s
    cube 293 (depth 0, 24 lits): UNSAT in 0.11s
    cube 297 (depth 0, 24 lits): UNSAT in 0.02s
    cube 301 (depth 0, 24 lits): UNSAT in 0.06s
    cube 305 (depth 0, 24 lits): UNSAT in 0.05s
    cube 309 (depth 0, 24 lits): UNSAT in 0.51s
    cube 313 (depth 0, 22 lits): UNSAT in 0.02s
    cube 317 (depth 0, 24 lits): UNSAT in 0.02s
    cube 321 (depth 0, 24 lits): UNSAT in 0.01s
    cube 325 (depth 0, 23 lits): UNSAT in 0.01s
    cube 329 (depth 0, 21 lits): UNSAT in 0.02s
    cube 333 (depth 0, 23 lits): UNSAT in 0.02s
    cube 337 (depth 0, 22 lits): UNSAT in 0.02s
    cube 341 (depth 0, 22 lits): UNSAT in 0.01s
    cube 345 (depth 0, 24 lits): UNSAT in 0.03s
    cube 349 (depth 0, 24 lits): UNSAT in 0.02s
    cube 353 (depth 0, 24 lits): UNSAT in 0.03s
    cube 357 (depth 0, 23 lits): UNSAT in 0.01s
    cube 361 (depth 0, 23 lits): UNSAT in 0.02s
    cube 365 (depth 0, 24 lits): UNSAT in 0.03s
    cube 369 (depth 0, 24 lits): UNSAT in 0.03s
    cube 373 (depth 0, 24 lits): UNSAT in 0.02s
    cube 377 (depth 0, 24 lits): UNSAT in 0.02s
    cube 381 (depth 0, 23 lits): UNSAT in 0.02s
    cube 385 (depth 0, 23 lits): UNSAT in 0.01s
    cube 389 (depth 0, 24 lits): UNSAT in 0.01s
    cube 393 (depth 0, 24 lits): UNSAT in 0.01s
    cube 397 (depth 0, 24 lits): UNSAT in 0.01s
    cube 401 (depth 0, 24 lits): UNSAT in 0.01s
    cube 405 (depth 0, 22 lits): UNSAT in 0.02s
    cube 409 (depth 0, 24 lits): UNSAT in 0.03s
    cube 413 (depth 0, 24 lits): UNSAT in 0.02s
    cube 417 (depth 0, 24 lits): UNSAT in 0.03s
    cube 421 (depth 0, 24 lits): UNSAT in 0.01s
    cube 425 (depth 0, 24 lits): UNSAT in 0.02s
    cube 429 (depth 0, 24 lits): UNSAT in 0.01s
    cube 433 (depth 0, 24 lits): UNSAT in 0.01s
    cube 437 (depth 0, 22 lits): UNSAT in 0.02s
    cube 441 (depth 0, 24 lits): UNSAT in 0.05s
    cube 445 (depth 0, 24 lits): UNSAT in 0.03s
    cube 449 (depth 0, 24 lits): UNSAT in 0.04s
    cube 453 (depth 0, 24 lits): UNSAT in 0.15s
    cube 457 (depth 0, 24 lits): UNSAT in 0.02s
    cube 461 (depth 0, 24 lits): UNSAT in 0.02s
    cube 465 (depth 0, 24 lits): UNSAT in 0.02s
    cube 469 (depth 0, 24 lits): UNSAT in 0.02s
    cube 473 (depth 0, 24 lits): UNSAT in 0.01s
    cube 477 (depth 0, 24 lits): UNSAT in 0.09s
    cube 481 (depth 0, 24 lits): UNSAT in 0.05s
    cube 485 (depth 0, 22 lits): UNSAT in 0.01s
    cube 489 (depth 0, 21 lits): UNSAT in 0.02s
    cube 493 (depth 0, 24 lits): UNSAT in 0.02s
    cube 497 (depth 0, 23 lits): UNSAT in 0.01s
    cube 501 (depth 0, 24 lits): UNSAT in 0.02s
    cube 505 (depth 0, 24 lits): UNSAT in 0.01s
    cube 509 (depth 0, 24 lits): UNSAT in 0.02s
    cube 513 (depth 0, 24 lits): UNSAT in 0.10s
    cube 517 (depth 0, 24 lits): UNSAT in 0.03s
    cube 521 (depth 0, 23 lits): UNSAT in 0.01s
    cube 525 (depth 0, 24 lits): UNSAT in 0.01s
    cube 529 (depth 0, 24 lits): UNSAT in 0.02s
    cube 533 (depth 0, 24 lits): UNSAT in 0.02s
    cube 537 (depth 0, 24 lits): UNSAT in 0.02s
    cube 541 (depth 0, 24 lits): UNSAT in 0.03s
    cube 545 (depth 0, 24 lits): UNSAT in 0.02s
    cube 549 (depth 0, 24 lits): UNSAT in 0.07s
    cube 553 (depth 0, 24 lits): UNSAT in 0.02s
    cube 557 (depth 0, 24 lits): UNSAT in 0.04s
    cube 561 (depth 0, 24 lits): UNSAT in 0.02s
    cube 565 (depth 0, 24 lits): UNSAT in 0.07s
    cube 569 (depth 0, 24 lits): UNSAT in 0.03s
    cube 573 (depth 0, 24 lits): UNSAT in 0.04s
    cube 577 (depth 0, 24 lits): UNSAT in 0.13s
    cube 581 (depth 0, 24 lits): UNSAT in 0.19s
    cube 585 (depth 0, 24 lits): UNSAT in 0.02s
    cube 589 (depth 0, 24 lits): UNSAT in 0.02s
    cube 593 (depth 0, 24 lits): UNSAT in 0.03s
    cube 597 (depth 0, 24 lits): UNSAT in 0.12s
    cube 601 (depth 0, 24 lits): UNSAT in 0.02s
    cube 605 (depth 0, 24 lits): UNSAT in 0.02s
    cube 609 (depth 0, 24 lits): UNSAT in 0.05s
    cube 613 (depth 0, 24 lits): UNSAT in 0.15s
    cube 617 (depth 0, 24 lits): UNSAT in 0.01s
    cube 621 (depth 0, 24 lits): UNSAT in 0.09s
    cube 625 (depth 0, 24 lits): UNSAT in 0.03s
    cube 629 (depth 0, 24 lits): UNSAT in 0.07s
    cube 633 (depth 0, 24 lits): UNSAT in 0.07s
    cube 637 (depth 0, 24 lits): UNSAT in 0.07s
    cube 641 (depth 0, 24 lits): UNSAT in 0.33s
    cube 645 (depth 0, 24 lits): UNSAT in 0.65s
    cube 649 (depth 0, 24 lits): UNSAT in 0.02s
    cube 653 (depth 0, 24 lits): UNSAT in 0.09s
    cube 657 (depth 0, 24 lits): UNSAT in 0.04s
    cube 661 (depth 0, 24 lits): UNSAT in 0.25s
    cube 665 (depth 0, 24 lits): UNSAT in 0.03s
    cube 669 (depth 0, 24 lits): UNSAT in 0.08s
    cube 673 (depth 0, 24 lits): UNSAT in 0.24s
    cube 677 (depth 0, 24 lits): UNSAT in 0.47s
    cube 681 (depth 0, 24 lits): UNSAT in 0.03s
    cube 685 (depth 0, 24 lits): UNSAT in 0.15s
    cube 689 (depth 0, 24 lits): UNSAT in 0.21s
    cube 693 (depth 0, 24 lits): UNSAT in 4.75s
    cube 697 (depth 0, 24 lits): UNSAT in 0.29s
    cube 701 (depth 0, 24 lits): UNSAT in 2.30s
    cube 705 (depth 0, 24 lits): UNSAT in 2.18s
    cube 709 (depth 0, 24 lits): UNSAT in 1.07s
    cube 713 (depth 0, 23 lits): UNSAT in 0.02s
    cube 717 (depth 0, 23 lits): UNSAT in 0.01s
    cube 721 (depth 0, 23 lits): UNSAT in 0.01s
    cube 725 (depth 0, 24 lits): UNSAT in 0.01s
    cube 729 (depth 0, 23 lits): UNSAT in 0.02s
    cube 733 (depth 0, 23 lits): UNSAT in 0.01s
    cube 737 (depth 0, 24 lits): UNSAT in 0.02s
    cube 741 (depth 0, 22 lits): UNSAT in 0.02s
    cube 745 (depth 0, 24 lits): UNSAT in 0.01s
    cube 749 (depth 0, 23 lits): UNSAT in 0.01s
    cube 753 (depth 0, 24 lits): UNSAT in 0.01s
    cube 757 (depth 0, 24 lits): UNSAT in 0.02s
    cube 761 (depth 0, 24 lits): UNSAT in 0.01s
    cube 765 (depth 0, 23 lits): UNSAT in 0.02s
    cube 769 (depth 0, 24 lits): UNSAT in 0.01s
    cube 773 (depth 0, 23 lits): UNSAT in 0.02s
    cube 777 (depth 0, 24 lits): UNSAT in 0.02s
    cube 781 (depth 0, 23 lits): UNSAT in 0.01s
    cube 785 (depth 0, 24 lits): UNSAT in 0.02s
    cube 789 (depth 0, 24 lits): UNSAT in 0.02s
    cube 793 (depth 0, 22 lits): UNSAT in 0.01s
    cube 797 (depth 0, 23 lits): UNSAT in 0.01s
    cube 801 (depth 0, 22 lits): UNSAT in 0.01s
    cube 805 (depth 0, 23 lits): UNSAT in 0.01s
    cube 809 (depth 0, 22 lits): UNSAT in 0.02s
    cube 813 (depth 0, 23 lits): UNSAT in 0.01s
    cube 817 (depth 0, 23 lits): UNSAT in 0.02s
    cube 821 (depth 0, 24 lits): UNSAT in 0.02s
    cube 825 (depth 0, 24 lits): UNSAT in 0.02s
    cube 829 (depth 0, 22 lits): UNSAT in 0.01s
    cube 833 (depth 0, 24 lits): UNSAT in 0.02s
    cube 837 (depth 0, 24 lits): UNSAT in 0.04s
    cube 841 (depth 0, 23 lits): UNSAT in 0.02s
    cube 845 (depth 0, 24 lits): UNSAT in 0.01s
    cube 849 (depth 0, 24 lits): UNSAT in 0.02s
    cube 853 (depth 0, 24 lits): UNSAT in 0.02s
    cube 857 (depth 0, 24 lits): UNSAT in 0.02s
    cube 861 (depth 0, 24 lits): UNSAT in 0.02s
    cube 865 (depth 0, 24 lits): UNSAT in 0.04s
    cube 869 (depth 0, 22 lits): UNSAT in 0.01s
    cube 873 (depth 0, 24 lits): UNSAT in 0.02s
    cube 877 (depth 0, 24 lits): UNSAT in 0.03s
    cube 881 (depth 0, 24 lits): UNSAT in 0.02s
    cube 885 (depth 0, 24 lits): UNSAT in 0.04s
    cube 889 (depth 0, 24 lits): UNSAT in 0.03s
    cube 893 (depth 0, 24 lits): UNSAT in 0.03s
    cube 897 (depth 0, 24 lits): UNSAT in 0.03s
    cube 901 (depth 0, 24 lits): UNSAT in 0.01s
    cube 905 (depth 0, 24 lits): UNSAT in 0.02s
    cube 909 (depth 0, 24 lits): UNSAT in 0.04s
    cube 913 (depth 0, 24 lits): UNSAT in 0.04s
    cube 917 (depth 0, 24 lits): UNSAT in 0.01s
    cube 921 (depth 0, 24 lits): UNSAT in 0.03s
    cube 925 (depth 0, 24 lits): UNSAT in 0.02s
    cube 929 (depth 0, 23 lits): UNSAT in 0.01s
    cube 933 (depth 0, 24 lits): UNSAT in 0.02s
    cube 937 (depth 0, 24 lits): UNSAT in 0.03s
    cube 941 (depth 0, 24 lits): UNSAT in 0.11s
    cube 945 (depth 0, 24 lits): UNSAT in 0.02s
    cube 949 (depth 0, 24 lits): UNSAT in 0.03s
    cube 953 (depth 0, 24 lits): UNSAT in 0.05s
    cube 957 (depth 0, 24 lits): UNSAT in 0.09s
    cube 961 (depth 0, 24 lits): UNSAT in 0.03s
    cube 965 (depth 0, 24 lits): UNSAT in 0.10s
    cube 969 (depth 0, 24 lits): UNSAT in 0.07s
    cube 973 (depth 0, 24 lits): UNSAT in 0.41s
    cube 977 (depth 0, 23 lits): UNSAT in 0.01s
    cube 981 (depth 0, 24 lits): UNSAT in 0.01s
    cube 985 (depth 0, 24 lits): UNSAT in 0.01s
    cube 989 (depth 0, 24 lits): UNSAT in 0.01s
    cube 993 (depth 0, 24 lits): UNSAT in 0.02s
    cube 997 (depth 0, 24 lits): UNSAT in 0.02s
    cube 1001 (depth 0, 24 lits): UNSAT in 0.05s
    cube 1005 (depth 0, 24 lits): UNSAT in 0.01s
    cube 1009 (depth 0, 23 lits): UNSAT in 0.02s
    cube 1013 (depth 0, 24 lits): UNSAT in 0.04s
    cube 1017 (depth 0, 24 lits): UNSAT in 0.02s
    cube 1021 (depth 0, 24 lits): UNSAT in 0.02s
    cube 1025 (depth 0, 24 lits): UNSAT in 0.05s
    cube 1029 (depth 0, 24 lits): UNSAT in 0.25s
    cube 1033 (depth 0, 24 lits): UNSAT in 0.01s
    cube 1037 (depth 0, 24 lits): UNSAT in 0.01s
    cube 1041 (depth 0, 24 lits): UNSAT in 0.08s
    cube 1045 (depth 0, 24 lits): UNSAT in 0.02s
    cube 1049 (depth 0, 24 lits): UNSAT in 0.02s
    cube 1053 (depth 0, 24 lits): UNSAT in 0.03s
    cube 1057 (depth 0, 24 lits): UNSAT in 0.04s
    cube 1061 (depth 0, 24 lits): UNSAT in 0.03s
    cube 1065 (depth 0, 24 lits): UNSAT in 0.02s
    cube 1069 (depth 0, 24 lits): UNSAT in 0.01s
    cube 1073 (depth 0, 24 lits): UNSAT in 0.22s
    cube 1077 (depth 0, 24 lits): UNSAT in 0.02s
    cube 1081 (depth 0, 24 lits): UNSAT in 0.04s
    cube 1085 (depth 0, 24 lits): UNSAT in 0.10s
    cube 1089 (depth 0, 24 lits): UNSAT in 0.95s
    cube 1093 (depth 0, 22 lits): UNSAT in 0.01s
    cube 1097 (depth 0, 24 lits): UNSAT in 0.01s
    cube 1101 (depth 0, 23 lits): UNSAT in 0.02s
    cube 1105 (depth 0, 24 lits): UNSAT in 0.02s
    cube 1109 (depth 0, 24 lits): UNSAT in 0.02s
    cube 1113 (depth 0, 23 lits): UNSAT in 0.01s
    cube 1117 (depth 0, 24 lits): UNSAT in 0.02s
    cube 1121 (depth 0, 24 lits): UNSAT in 0.01s
    cube 1125 (depth 0, 24 lits): UNSAT in 0.03s
    cube 1129 (depth 0, 24 lits): UNSAT in 0.02s
    cube 1133 (depth 0, 24 lits): UNSAT in 0.07s
    cube 1137 (depth 0, 24 lits): UNSAT in 0.03s
    cube 1141 (depth 0, 24 lits): UNSAT in 0.04s
    cube 1145 (depth 0, 24 lits): UNSAT in 0.01s
    cube 1149 (depth 0, 23 lits): UNSAT in 0.02s
    cube 1153 (depth 0, 24 lits): UNSAT in 0.08s
    cube 1157 (depth 0, 24 lits): UNSAT in 0.02s
    cube 1161 (depth 0, 24 lits): UNSAT in 0.02s
    cube 1165 (depth 0, 24 lits): UNSAT in 0.04s
    cube 1169 (depth 0, 24 lits): UNSAT in 0.01s
    cube 1173 (depth 0, 24 lits): UNSAT in 0.01s
    cube 1177 (depth 0, 24 lits): UNSAT in 0.02s
    cube 1181 (depth 0, 24 lits): UNSAT in 0.03s
    cube 1185 (depth 0, 24 lits): UNSAT in 0.02s
    cube 1189 (depth 0, 24 lits): UNSAT in 0.04s
    cube 1193 (depth 0, 24 lits): UNSAT in 0.05s
    cube 1197 (depth 0, 24 lits): UNSAT in 0.11s
    cube 1201 (depth 0, 22 lits): UNSAT in 0.01s
    cube 1205 (depth 0, 24 lits): UNSAT in 0.01s
    cube 1209 (depth 0, 24 lits): UNSAT in 0.01s
    cube 1213 (depth 0, 24 lits): UNSAT in 0.03s
    cube 1217 (depth 0, 24 lits): UNSAT in 0.03s
    cube 1221 (depth 0, 24 lits): UNSAT in 0.02s
    cube 1225 (depth 0, 24 lits): UNSAT in 0.07s
    cube 1229 (depth 0, 24 lits): UNSAT in 0.01s
    cube 1233 (depth 0, 21 lits): UNSAT in 0.02s
    cube 1237 (depth 0, 24 lits): UNSAT in 0.03s
    cube 1241 (depth 0, 24 lits): UNSAT in 0.07s
    cube 1245 (depth 0, 24 lits): UNSAT in 0.03s
    cube 1249 (depth 0, 24 lits): UNSAT in 0.12s
    cube 1253 (depth 0, 24 lits): UNSAT in 0.03s
    cube 1257 (depth 0, 24 lits): UNSAT in 0.04s
    cube 1261 (depth 0, 24 lits): UNSAT in 0.05s
    cube 1265 (depth 0, 24 lits): UNSAT in 0.12s
    cube 1269 (depth 0, 24 lits): UNSAT in 0.05s
    cube 1273 (depth 0, 24 lits): UNSAT in 0.05s
    cube 1277 (depth 0, 24 lits): UNSAT in 0.08s
    cube 1281 (depth 0, 24 lits): UNSAT in 0.04s
    cube 1285 (depth 0, 24 lits): UNSAT in 0.03s
    cube 1289 (depth 0, 24 lits): UNSAT in 0.08s
    cube 1293 (depth 0, 24 lits): UNSAT in 0.02s
    cube 1297 (depth 0, 24 lits): UNSAT in 0.02s
    cube 1301 (depth 0, 24 lits): UNSAT in 0.11s
    cube 1305 (depth 0, 24 lits): UNSAT in 0.48s
    cube 1309 (depth 0, 24 lits): UNSAT in 0.68s
    cube 1313 (depth 0, 23 lits): UNSAT in 0.01s
    cube 1317 (depth 0, 24 lits): UNSAT in 0.01s
    cube 1321 (depth 0, 24 lits): UNSAT in 0.01s
    cube 1325 (depth 0, 23 lits): UNSAT in 0.01s
    cube 1329 (depth 0, 24 lits): UNSAT in 0.02s
    cube 1333 (depth 0, 24 lits): UNSAT in 0.01s
    cube 1337 (depth 0, 24 lits): UNSAT in 0.05s
    cube 1341 (depth 0, 24 lits): UNSAT in 0.02s
    cube 1345 (depth 0, 24 lits): UNSAT in 0.02s
    cube 1349 (depth 0, 24 lits): UNSAT in 0.04s
    cube 1353 (depth 0, 24 lits): UNSAT in 0.14s
    cube 1357 (depth 0, 24 lits): UNSAT in 0.04s
    cube 1361 (depth 0, 24 lits): UNSAT in 0.07s
    cube 1365 (depth 0, 24 lits): UNSAT in 0.09s
    cube 1369 (depth 0, 24 lits): UNSAT in 0.38s
    cube 1373 (depth 0, 24 lits): UNSAT in 0.02s
    cube 1377 (depth 0, 24 lits): UNSAT in 0.08s
    cube 1381 (depth 0, 24 lits): UNSAT in 0.03s
    cube 1385 (depth 0, 24 lits): UNSAT in 0.13s
    cube 1389 (depth 0, 24 lits): UNSAT in 0.09s
    cube 1393 (depth 0, 24 lits): UNSAT in 0.35s
    cube 1397 (depth 0, 24 lits): UNSAT in 0.13s
    cube 1401 (depth 0, 24 lits): UNSAT in 1.16s
    cube 1405 (depth 0, 24 lits): UNSAT in 0.10s
    cube 1409 (depth 0, 24 lits): UNSAT in 0.25s
    cube 1413 (depth 0, 24 lits): UNSAT in 0.22s
    cube 1417 (depth 0, 24 lits): UNSAT in 0.45s
    cube 1421 (depth 0, 24 lits): UNSAT in 0.26s
    cube 1425 (depth 0, 24 lits): UNSAT in 0.36s
    cube 1429 (depth 0, 24 lits): UNSAT in 0.78s
    cube 1433 (depth 0, 24 lits): UNSAT in 5.58s
    cube 1437 (depth 0, 24 lits): UNSAT in 0.02s
    cube 1441 (depth 0, 24 lits): UNSAT in 0.05s
    cube 1445 (depth 0, 24 lits): UNSAT in 0.05s
    cube 1449 (depth 0, 24 lits): UNSAT in 0.12s
    cube 1453 (depth 0, 24 lits): UNSAT in 0.05s
    cube 1457 (depth 0, 24 lits): UNSAT in 0.16s
    cube 1461 (depth 0, 24 lits): UNSAT in 0.14s
    cube 1465 (depth 0, 24 lits): UNSAT in 1.18s
    cube 1469 (depth 0, 24 lits): UNSAT in 0.16s
    cube 1473 (depth 0, 24 lits): UNSAT in 0.18s
    cube 1477 (depth 0, 24 lits): UNSAT in 0.26s
    cube 1481 (depth 0, 24 lits): UNSAT in 2.55s
    cube 1485 (depth 0, 24 lits): UNSAT in 0.64s
    cube 1489 (depth 0, 24 lits): UNSAT in 2.27s
    cube 1493 (depth 0, 24 lits): UNSAT in 2.69s
    cube 1497 (depth 0, 24 lits): UNSAT in 13.92s
    cube 1501 (depth 0, 24 lits): UNSAT in 0.08s
    cube 1505 (depth 0, 24 lits): UNSAT in 0.33s
    cube 1509 (depth 0, 24 lits): UNSAT in 0.06s
    cube 1513 (depth 0, 24 lits): UNSAT in 0.27s
    cube 1517 (depth 0, 24 lits): UNSAT in 0.64s
    cube 1521 (depth 0, 24 lits): UNSAT in 3.02s
    cube 1525 (depth 0, 24 lits): UNSAT in 2.71s
    cube 1529 (depth 0, 24 lits): UNSAT in 23.51s
    cube 1533 (depth 0, 24 lits): UNSAT in 0.55s
    cube 1537 (depth 0, 24 lits): UNSAT in 7.11s
    cube 1541 (depth 0, 24 lits): UNSAT in 2.42s
    cube 1545 (depth 0, 24 lits): UNSAT in 38.48s
    cube 1549 (depth 0, 24 lits): UNSAT in 3.42s
    cube 1553 (depth 0, 24 lits): UNSAT in 64.19s
    cube 1557 (depth 0, 24 lits): UNSAT in 1.97s
    cube 1561 (depth 0, 24 lits): UNSAT in 33.56s
    cube 1565 (depth 0, 21 lits): UNSAT in 0.02s
    cube 1569 (depth 0, 23 lits): UNSAT in 0.02s
    cube 1573 (depth 0, 24 lits): UNSAT in 0.01s
    cube 1577 (depth 0, 24 lits): UNSAT in 0.02s
    cube 1581 (depth 0, 24 lits): UNSAT in 0.02s
    cube 1585 (depth 0, 23 lits): UNSAT in 0.01s
    cube 1589 (depth 0, 24 lits): UNSAT in 0.03s
    cube 1593 (depth 0, 23 lits): UNSAT in 0.01s
    cube 1597 (depth 0, 24 lits): UNSAT in 0.02s
    cube 1601 (depth 0, 24 lits): UNSAT in 0.02s
    cube 1605 (depth 0, 22 lits): UNSAT in 0.02s
    cube 1609 (depth 0, 24 lits): UNSAT in 0.02s
    cube 1613 (depth 0, 24 lits): UNSAT in 0.02s
    cube 1617 (depth 0, 24 lits): UNSAT in 0.02s
    cube 1621 (depth 0, 24 lits): UNSAT in 0.04s
    cube 1625 (depth 0, 24 lits): UNSAT in 0.06s
    cube 1629 (depth 0, 23 lits): UNSAT in 0.01s
    cube 1633 (depth 0, 24 lits): UNSAT in 0.01s
    cube 1637 (depth 0, 24 lits): UNSAT in 0.02s
    cube 1641 (depth 0, 24 lits): UNSAT in 0.01s
    cube 1645 (depth 0, 24 lits): UNSAT in 0.01s
    cube 1649 (depth 0, 24 lits): UNSAT in 0.01s
    cube 1653 (depth 0, 24 lits): UNSAT in 0.01s
    cube 1657 (depth 0, 24 lits): UNSAT in 0.01s
    cube 1661 (depth 0, 24 lits): UNSAT in 0.01s
    cube 1665 (depth 0, 22 lits): UNSAT in 0.01s
    cube 1669 (depth 0, 24 lits): UNSAT in 0.01s
    cube 1673 (depth 0, 24 lits): UNSAT in 0.01s
    cube 1677 (depth 0, 23 lits): UNSAT in 0.01s
    cube 1681 (depth 0, 24 lits): UNSAT in 0.02s
    cube 1685 (depth 0, 24 lits): UNSAT in 0.02s
    cube 1689 (depth 0, 24 lits): UNSAT in 0.02s
    cube 1693 (depth 0, 24 lits): UNSAT in 0.02s
    cube 1697 (depth 0, 24 lits): UNSAT in 0.02s
    cube 1701 (depth 0, 24 lits): UNSAT in 0.04s
    cube 1705 (depth 0, 24 lits): UNSAT in 0.02s
    cube 1709 (depth 0, 24 lits): UNSAT in 0.01s
    cube 1713 (depth 0, 24 lits): UNSAT in 0.15s
    cube 1717 (depth 0, 23 lits): UNSAT in 0.01s
    cube 1721 (depth 0, 24 lits): UNSAT in 0.02s
    cube 1725 (depth 0, 24 lits): UNSAT in 0.02s
    cube 1729 (depth 0, 24 lits): UNSAT in 0.02s
    cube 1733 (depth 0, 24 lits): UNSAT in 0.01s
    cube 1737 (depth 0, 24 lits): UNSAT in 0.02s
    cube 1741 (depth 0, 24 lits): UNSAT in 0.02s
    cube 1745 (depth 0, 21 lits): UNSAT in 0.02s
    cube 1749 (depth 0, 24 lits): UNSAT in 0.03s
    cube 1753 (depth 0, 24 lits): UNSAT in 0.13s
    cube 1757 (depth 0, 24 lits): UNSAT in 0.02s
    cube 1761 (depth 0, 24 lits): UNSAT in 0.02s
    cube 1765 (depth 0, 24 lits): UNSAT in 0.02s
    cube 1769 (depth 0, 24 lits): UNSAT in 0.02s
    cube 1773 (depth 0, 24 lits): UNSAT in 0.02s
    cube 1777 (depth 0, 24 lits): UNSAT in 0.02s
    cube 1781 (depth 0, 24 lits): UNSAT in 0.07s
    cube 1785 (depth 0, 24 lits): UNSAT in 0.01s
    cube 1789 (depth 0, 24 lits): UNSAT in 0.01s
    cube 1793 (depth 0, 24 lits): UNSAT in 0.02s
    cube 1797 (depth 0, 24 lits): UNSAT in 0.02s
    cube 1801 (depth 0, 24 lits): UNSAT in 0.01s
    cube 1805 (depth 0, 24 lits): UNSAT in 0.02s
    cube 1809 (depth 0, 24 lits): UNSAT in 0.08s
    cube 1813 (depth 0, 24 lits): UNSAT in 0.68s
    cube 1817 (depth 0, 22 lits): UNSAT in 0.01s
    cube 1821 (depth 0, 24 lits): UNSAT in 0.01s
    cube 1825 (depth 0, 24 lits): UNSAT in 0.01s
    cube 1829 (depth 0, 24 lits): UNSAT in 0.02s
    cube 1833 (depth 0, 24 lits): UNSAT in 0.03s
    cube 1837 (depth 0, 24 lits): UNSAT in 0.02s
    cube 1841 (depth 0, 24 lits): UNSAT in 0.02s
    cube 1845 (depth 0, 24 lits): UNSAT in 0.02s
    cube 1849 (depth 0, 24 lits): UNSAT in 0.03s
    cube 1853 (depth 0, 24 lits): UNSAT in 0.07s
    cube 1857 (depth 0, 24 lits): UNSAT in 0.10s
    cube 1861 (depth 0, 24 lits): UNSAT in 0.01s
    cube 1865 (depth 0, 24 lits): UNSAT in 0.02s
    cube 1869 (depth 0, 22 lits): UNSAT in 0.01s
    cube 1873 (depth 0, 23 lits): UNSAT in 0.01s
    cube 1877 (depth 0, 24 lits): UNSAT in 0.01s
    cube 1881 (depth 0, 24 lits): UNSAT in 0.03s
    cube 1885 (depth 0, 24 lits): UNSAT in 0.11s
    cube 1889 (depth 0, 24 lits): UNSAT in 0.08s
    cube 1893 (depth 0, 24 lits): UNSAT in 0.46s
    cube 1897 (depth 0, 24 lits): UNSAT in 0.04s
    cube 1901 (depth 0, 24 lits): UNSAT in 0.16s
    cube 1905 (depth 0, 24 lits): UNSAT in 0.45s
    cube 1909 (depth 0, 24 lits): UNSAT in 1.23s
    cube 1913 (depth 0, 24 lits): UNSAT in 0.13s
    cube 1917 (depth 0, 24 lits): UNSAT in 2.87s
    cube 1921 (depth 0, 24 lits): UNSAT in 1.23s
    cube 1925 (depth 0, 24 lits): UNSAT in 24.51s
    cube 1929 (depth 0, 21 lits): UNSAT in 0.02s
    cube 1933 (depth 0, 22 lits): UNSAT in 0.02s
    cube 1937 (depth 0, 23 lits): UNSAT in 0.01s
    cube 1941 (depth 0, 22 lits): UNSAT in 0.02s
    cube 1945 (depth 0, 23 lits): UNSAT in 0.02s
    cube 1949 (depth 0, 24 lits): UNSAT in 0.01s
    cube 1953 (depth 0, 24 lits): UNSAT in 0.01s
    cube 1957 (depth 0, 24 lits): UNSAT in 0.02s
    cube 1961 (depth 0, 24 lits): UNSAT in 0.03s
    cube 1965 (depth 0, 23 lits): UNSAT in 0.01s
    cube 1969 (depth 0, 23 lits): UNSAT in 0.02s
    cube 1973 (depth 0, 24 lits): UNSAT in 0.01s
    cube 1977 (depth 0, 23 lits): UNSAT in 0.02s
    cube 1981 (depth 0, 24 lits): UNSAT in 0.07s
    cube 1985 (depth 0, 23 lits): UNSAT in 0.01s
    cube 1989 (depth 0, 22 lits): UNSAT in 0.01s
    cube 1993 (depth 0, 22 lits): UNSAT in 0.01s
    cube 1997 (depth 0, 24 lits): UNSAT in 0.01s
    cube 2001 (depth 0, 23 lits): UNSAT in 0.01s
    cube 2005 (depth 0, 24 lits): UNSAT in 0.01s
    cube 2009 (depth 0, 23 lits): UNSAT in 0.02s
    cube 2013 (depth 0, 24 lits): UNSAT in 0.02s
    cube 2017 (depth 0, 24 lits): UNSAT in 0.02s
    cube 2021 (depth 0, 24 lits): UNSAT in 0.02s
    cube 2025 (depth 0, 24 lits): UNSAT in 0.01s
    cube 2029 (depth 0, 24 lits): UNSAT in 0.02s
    cube 2033 (depth 0, 23 lits): UNSAT in 0.01s
    cube 2037 (depth 0, 24 lits): UNSAT in 0.02s
    cube 2041 (depth 0, 24 lits): UNSAT in 0.12s
    cube 2045 (depth 0, 24 lits): UNSAT in 0.25s
    cube 2049 (depth 0, 24 lits): UNSAT in 0.07s
    cube 2053 (depth 0, 24 lits): UNSAT in 0.14s
    cube 2057 (depth 0, 24 lits): UNSAT in 0.10s
    cube 2061 (depth 0, 24 lits): UNSAT in 0.18s
    cube 2065 (depth 0, 24 lits): UNSAT in 0.36s
    cube 2069 (depth 0, 24 lits): UNSAT in 0.87s
    cube 2073 (depth 0, 24 lits): UNSAT in 0.56s
    cube 2077 (depth 0, 24 lits): UNSAT in 1.57s
    cube 2081 (depth 0, 24 lits): UNSAT in 0.01s
    cube 2085 (depth 0, 24 lits): UNSAT in 0.02s
    cube 2089 (depth 0, 24 lits): UNSAT in 0.02s
    cube 2093 (depth 0, 24 lits): UNSAT in 0.04s
    cube 2097 (depth 0, 24 lits): UNSAT in 0.03s
    cube 2101 (depth 0, 24 lits): UNSAT in 0.04s
    cube 2105 (depth 0, 24 lits): UNSAT in 0.09s
    cube 2109 (depth 0, 24 lits): UNSAT in 0.01s
    cube 2113 (depth 0, 24 lits): UNSAT in 0.03s
    cube 2117 (depth 0, 24 lits): UNSAT in 0.04s
    cube 2121 (depth 0, 24 lits): UNSAT in 0.12s
    cube 2125 (depth 0, 24 lits): UNSAT in 0.08s
    cube 2129 (depth 0, 24 lits): UNSAT in 0.18s
    cube 2133 (depth 0, 24 lits): UNSAT in 0.03s
    cube 2137 (depth 0, 24 lits): UNSAT in 0.13s
    cube 2141 (depth 0, 24 lits): UNSAT in 0.01s
    cube 2145 (depth 0, 24 lits): UNSAT in 0.03s
    cube 2149 (depth 0, 24 lits): UNSAT in 0.04s
    cube 2153 (depth 0, 24 lits): UNSAT in 0.01s
    cube 2157 (depth 0, 24 lits): UNSAT in 0.02s
    cube 2161 (depth 0, 24 lits): UNSAT in 0.03s
    cube 2165 (depth 0, 24 lits): UNSAT in 0.02s
    cube 2169 (depth 0, 24 lits): UNSAT in 0.07s
    cube 2173 (depth 0, 24 lits): UNSAT in 0.02s
    cube 2177 (depth 0, 24 lits): UNSAT in 0.02s
    cube 2181 (depth 0, 24 lits): UNSAT in 0.04s
    cube 2185 (depth 0, 24 lits): UNSAT in 0.24s
    cube 2189 (depth 0, 24 lits): UNSAT in 0.06s
    cube 2193 (depth 0, 24 lits): UNSAT in 0.27s
    cube 2197 (depth 0, 24 lits): UNSAT in 0.66s
    cube 2201 (depth 0, 24 lits): UNSAT in 2.01s
    cube 2205 (depth 0, 24 lits): UNSAT in 0.02s
    cube 2209 (depth 0, 24 lits): UNSAT in 0.06s
    cube 2213 (depth 0, 24 lits): UNSAT in 0.02s
    cube 2217 (depth 0, 24 lits): UNSAT in 0.10s
    cube 2221 (depth 0, 24 lits): UNSAT in 0.04s
    cube 2225 (depth 0, 24 lits): UNSAT in 0.12s
    cube 2229 (depth 0, 24 lits): UNSAT in 0.06s
    cube 2233 (depth 0, 24 lits): UNSAT in 1.09s
    cube 2237 (depth 0, 24 lits): UNSAT in 0.05s
    cube 2241 (depth 0, 24 lits): UNSAT in 0.04s
    cube 2245 (depth 0, 24 lits): UNSAT in 0.07s
    cube 2249 (depth 0, 24 lits): UNSAT in 0.20s
    cube 2253 (depth 0, 24 lits): UNSAT in 0.22s
    cube 2257 (depth 0, 24 lits): UNSAT in 0.56s
    cube 2261 (depth 0, 24 lits): UNSAT in 1.24s
    cube 2265 (depth 0, 24 lits): UNSAT in 0.50s
    cube 2269 (depth 0, 24 lits): UNSAT in 0.06s
    cube 2273 (depth 0, 24 lits): UNSAT in 0.14s
    cube 2277 (depth 0, 24 lits): UNSAT in 0.41s
    cube 2281 (depth 0, 24 lits): UNSAT in 0.58s
    cube 2285 (depth 0, 24 lits): UNSAT in 0.06s
    cube 2289 (depth 0, 24 lits): UNSAT in 0.50s
    cube 2293 (depth 0, 24 lits): UNSAT in 0.98s
    cube 2297 (depth 0, 24 lits): UNSAT in 7.40s
    cube 2301 (depth 0, 24 lits): UNSAT in 0.07s
    cube 2305 (depth 0, 24 lits): UNSAT in 0.20s
    cube 2309 (depth 0, 24 lits): UNSAT in 0.03s
    cube 2313 (depth 0, 24 lits): UNSAT in 1.24s
    cube 2317 (depth 0, 24 lits): UNSAT in 0.12s
    cube 2321 (depth 0, 24 lits): UNSAT in 5.00s
    cube 2325 (depth 0, 24 lits): UNSAT in 1.53s
    cube 2329 (depth 0, 24 lits): UNSAT in 29.65s
    cube 2333 (depth 0, 24 lits): UNSAT in 0.01s
    cube 2337 (depth 0, 22 lits): UNSAT in 0.01s
    cube 2341 (depth 0, 24 lits): UNSAT in 0.02s
    cube 2345 (depth 0, 24 lits): UNSAT in 0.01s
    cube 2349 (depth 0, 24 lits): UNSAT in 0.01s
    cube 2353 (depth 0, 24 lits): UNSAT in 0.01s
    cube 2357 (depth 0, 24 lits): UNSAT in 0.01s
    cube 2361 (depth 0, 24 lits): UNSAT in 0.01s
    cube 2365 (depth 0, 24 lits): UNSAT in 0.01s
    cube 2369 (depth 0, 24 lits): UNSAT in 0.01s
    cube 2373 (depth 0, 24 lits): UNSAT in 0.02s
    cube 2377 (depth 0, 24 lits): UNSAT in 0.02s
    cube 2381 (depth 0, 24 lits): UNSAT in 0.03s
    cube 2385 (depth 0, 24 lits): UNSAT in 0.05s
    cube 2389 (depth 0, 22 lits): UNSAT in 0.02s
    cube 2393 (depth 0, 24 lits): UNSAT in 0.02s
    cube 2397 (depth 0, 24 lits): UNSAT in 0.02s
    cube 2401 (depth 0, 24 lits): UNSAT in 0.02s
    cube 2405 (depth 0, 24 lits): UNSAT in 0.02s
    cube 2409 (depth 0, 24 lits): UNSAT in 0.03s
    cube 2413 (depth 0, 24 lits): UNSAT in 0.02s
    cube 2417 (depth 0, 24 lits): UNSAT in 0.07s
    cube 2421 (depth 0, 24 lits): UNSAT in 0.03s
    cube 2425 (depth 0, 24 lits): UNSAT in 0.30s
    cube 2429 (depth 0, 24 lits): UNSAT in 0.03s
    cube 2433 (depth 0, 24 lits): UNSAT in 0.05s
    cube 2437 (depth 0, 24 lits): UNSAT in 0.04s
    cube 2441 (depth 0, 24 lits): UNSAT in 0.93s
    cube 2445 (depth 0, 24 lits): UNSAT in 0.02s
    cube 2449 (depth 0, 24 lits): UNSAT in 0.26s
    cube 2453 (depth 0, 24 lits): UNSAT in 0.21s
    cube 2457 (depth 0, 24 lits): UNSAT in 1.47s
    cube 2461 (depth 0, 24 lits): UNSAT in 0.04s
    cube 2465 (depth 0, 24 lits): UNSAT in 0.86s
    cube 2469 (depth 0, 24 lits): UNSAT in 1.23s
    cube 2473 (depth 0, 24 lits): UNSAT in 1.22s
    cube 2477 (depth 0, 24 lits): UNSAT in 0.04s
    cube 2481 (depth 0, 24 lits): UNSAT in 0.17s
    cube 2485 (depth 0, 24 lits): UNSAT in 0.43s
    cube 2489 (depth 0, 24 lits): UNSAT in 0.64s
    cube 2493 (depth 0, 24 lits): UNSAT in 0.14s
    cube 2497 (depth 0, 24 lits): UNSAT in 0.90s
    cube 2501 (depth 0, 24 lits): UNSAT in 0.78s
    cube 2505 (depth 0, 24 lits): UNSAT in 4.11s
    cube 2509 (depth 0, 24 lits): UNSAT in 0.01s
    cube 2513 (depth 0, 24 lits): UNSAT in 0.02s
    cube 2517 (depth 0, 24 lits): UNSAT in 0.08s
    cube 2521 (depth 0, 24 lits): UNSAT in 0.02s
    cube 2525 (depth 0, 24 lits): UNSAT in 0.06s
    cube 2529 (depth 0, 24 lits): UNSAT in 0.12s
    cube 2533 (depth 0, 24 lits): UNSAT in 0.56s
    cube 2537 (depth 0, 24 lits): UNSAT in 0.03s
    cube 2541 (depth 0, 24 lits): UNSAT in 0.03s
    cube 2545 (depth 0, 24 lits): UNSAT in 0.18s
    cube 2549 (depth 0, 24 lits): UNSAT in 0.09s
    cube 2553 (depth 0, 24 lits): UNSAT in 0.04s
    cube 2557 (depth 0, 24 lits): UNSAT in 2.15s
    cube 2561 (depth 0, 24 lits): UNSAT in 0.77s
    cube 2565 (depth 0, 24 lits): UNSAT in 0.51s
    cube 2569 (depth 0, 22 lits): UNSAT in 0.01s
    cube 2573 (depth 0, 24 lits): UNSAT in 0.02s
    cube 2577 (depth 0, 24 lits): UNSAT in 0.02s
    cube 2581 (depth 0, 24 lits): UNSAT in 0.12s
    cube 2585 (depth 0, 24 lits): UNSAT in 0.02s
    cube 2589 (depth 0, 24 lits): UNSAT in 0.04s
    cube 2593 (depth 0, 24 lits): UNSAT in 0.04s
    cube 2597 (depth 0, 24 lits): UNSAT in 0.03s
    cube 2601 (depth 0, 24 lits): UNSAT in 0.13s
    cube 2605 (depth 0, 24 lits): UNSAT in 0.05s
    cube 2609 (depth 0, 24 lits): UNSAT in 0.53s
    cube 2613 (depth 0, 24 lits): UNSAT in 0.16s
    cube 2617 (depth 0, 24 lits): UNSAT in 0.27s
    cube 2621 (depth 0, 24 lits): UNSAT in 0.22s
    cube 2625 (depth 0, 24 lits): UNSAT in 2.63s
    cube 2629 (depth 0, 24 lits): UNSAT in 0.08s
    cube 2633 (depth 0, 24 lits): UNSAT in 0.15s
    cube 2637 (depth 0, 24 lits): UNSAT in 0.15s
    cube 2641 (depth 0, 24 lits): UNSAT in 0.93s
    cube 2645 (depth 0, 24 lits): UNSAT in 0.05s
    cube 2649 (depth 0, 24 lits): UNSAT in 0.15s
    cube 2653 (depth 0, 24 lits): UNSAT in 0.77s
    cube 2657 (depth 0, 24 lits): UNSAT in 9.45s
    cube 2661 (depth 0, 24 lits): UNSAT in 0.26s
    cube 2665 (depth 0, 24 lits): UNSAT in 1.46s
    cube 2669 (depth 0, 24 lits): UNSAT in 0.20s
    cube 2673 (depth 0, 24 lits): UNSAT in 1.53s
    cube 2677 (depth 0, 24 lits): UNSAT in 0.34s
    cube 2681 (depth 0, 24 lits): UNSAT in 0.79s
    cube 2685 (depth 0, 24 lits): UNSAT in 3.14s
    cube 2689 (depth 0, 24 lits): UNSAT in 63.49s
    cube 2693 (depth 0, 24 lits): UNSAT in 0.02s
    cube 2697 (depth 0, 24 lits): UNSAT in 0.04s
    cube 2701 (depth 0, 24 lits): UNSAT in 0.06s
    cube 2705 (depth 0, 24 lits): UNSAT in 0.11s
    cube 2709 (depth 0, 24 lits): UNSAT in 0.03s
    cube 2713 (depth 0, 24 lits): UNSAT in 0.26s
    cube 2717 (depth 0, 24 lits): UNSAT in 0.81s
    cube 2721 (depth 0, 24 lits): UNSAT in 3.38s
    cube 2725 (depth 0, 24 lits): UNSAT in 0.36s
    cube 2729 (depth 0, 24 lits): UNSAT in 0.66s
    cube 2733 (depth 0, 24 lits): UNSAT in 0.75s
    cube 2737 (depth 0, 24 lits): UNSAT in 7.07s
    cube 2741 (depth 0, 24 lits): UNSAT in 1.07s
    cube 2745 (depth 0, 24 lits): UNSAT in 4.51s
    cube 2749 (depth 0, 24 lits): UNSAT in 1.32s
    cube 2753 (depth 0, 24 lits): UNSAT in 59.91s
    cube 2757 (depth 0, 24 lits): UNSAT in 0.03s
    cube 2761 (depth 0, 24 lits): UNSAT in 0.15s
    cube 2765 (depth 0, 24 lits): UNSAT in 0.18s
    cube 2769 (depth 0, 24 lits): UNSAT in 1.28s
    cube 2773 (depth 0, 24 lits): UNSAT in 1.41s
    cube 2777 (depth 0, 24 lits): UNSAT in 6.21s
    cube 2781 (depth 0, 24 lits): UNSAT in 3.99s
    cube 2785 (depth 0, 24 lits): UNSAT in 38.59s
    cube 2789 (depth 0, 24 lits): UNSAT in 0.53s
    cube 2793 (depth 0, 24 lits): UNSAT in 3.78s
    cube 2797 (depth 0, 24 lits): UNSAT in 2.68s
    cube 2801 (depth 0, 24 lits): UNSAT in 62.91s
    cube 2805 (depth 0, 24 lits): UNSAT in 2.36s
    cube 2809 (depth 0, 24 lits): UNSAT in 280.84s
    cube 2813 (depth 0, 24 lits): UNSAT in 148.69s
    cube 2817 (depth 0, 24 lits): TIMEOUT in 600.05s
    cube 2817 TIMEOUT -> re-split into 248 sub-cubes (depth 1)
    cube 2817.0 (depth 1, 32 lits): UNSAT in 0.01s
    cube 2817.1 (depth 1, 32 lits): UNSAT in 0.01s
    cube 2817.2 (depth 1, 32 lits): UNSAT in 0.01s
    cube 2817.3 (depth 1, 32 lits): UNSAT in 0.02s
    cube 2817.4 (depth 1, 32 lits): UNSAT in 0.02s
    cube 2817.5 (depth 1, 32 lits): UNSAT in 0.02s
    cube 2817.6 (depth 1, 32 lits): UNSAT in 0.02s
    cube 2817.7 (depth 1, 32 lits): UNSAT in 0.02s
    cube 2817.8 (depth 1, 32 lits): UNSAT in 0.01s
    cube 2817.9 (depth 1, 32 lits): UNSAT in 0.02s
    cube 2817.10 (depth 1, 32 lits): UNSAT in 0.02s
    cube 2817.11 (depth 1, 32 lits): UNSAT in 0.03s
    cube 2817.12 (depth 1, 32 lits): UNSAT in 0.01s
    cube 2817.13 (depth 1, 32 lits): UNSAT in 0.02s
    cube 2817.14 (depth 1, 32 lits): UNSAT in 0.05s
    cube 2817.15 (depth 1, 32 lits): UNSAT in 0.16s
    cube 2817.16 (depth 1, 32 lits): UNSAT in 0.01s
    cube 2817.17 (depth 1, 32 lits): UNSAT in 0.02s
    cube 2817.18 (depth 1, 31 lits): UNSAT in 0.02s
    cube 2817.19 (depth 1, 32 lits): UNSAT in 0.03s
    cube 2817.20 (depth 1, 32 lits): UNSAT in 0.05s
    cube 2817.21 (depth 1, 32 lits): UNSAT in 0.02s
    cube 2817.22 (depth 1, 32 lits): UNSAT in 0.21s
    cube 2817.23 (depth 1, 32 lits): UNSAT in 0.01s
    cube 2817.24 (depth 1, 32 lits): UNSAT in 0.03s
    cube 2817.25 (depth 1, 32 lits): UNSAT in 0.04s
    cube 2817.26 (depth 1, 32 lits): UNSAT in 0.13s
    cube 2817.27 (depth 1, 32 lits): UNSAT in 0.04s
    cube 2817.28 (depth 1, 32 lits): UNSAT in 0.12s
    cube 2817.29 (depth 1, 32 lits): UNSAT in 0.43s
    cube 2817.30 (depth 1, 32 lits): UNSAT in 0.87s
    cube 2817.31 (depth 1, 31 lits): UNSAT in 0.01s
    cube 2817.32 (depth 1, 32 lits): UNSAT in 0.02s
    cube 2817.33 (depth 1, 32 lits): UNSAT in 0.01s
    cube 2817.34 (depth 1, 32 lits): UNSAT in 0.02s
    cube 2817.35 (depth 1, 32 lits): UNSAT in 0.02s
    cube 2817.36 (depth 1, 32 lits): UNSAT in 0.03s
    cube 2817.37 (depth 1, 32 lits): UNSAT in 0.08s
    cube 2817.38 (depth 1, 32 lits): UNSAT in 0.02s
    cube 2817.39 (depth 1, 32 lits): UNSAT in 0.05s
    cube 2817.40 (depth 1, 32 lits): UNSAT in 0.02s
    cube 2817.41 (depth 1, 32 lits): UNSAT in 0.10s
    cube 2817.42 (depth 1, 32 lits): UNSAT in 0.02s
    cube 2817.43 (depth 1, 32 lits): UNSAT in 0.10s
    cube 2817.44 (depth 1, 32 lits): UNSAT in 0.18s
    cube 2817.45 (depth 1, 32 lits): UNSAT in 0.34s
    cube 2817.46 (depth 1, 31 lits): UNSAT in 0.01s
    cube 2817.47 (depth 1, 32 lits): UNSAT in 0.02s
    cube 2817.48 (depth 1, 32 lits): UNSAT in 0.02s
    cube 2817.49 (depth 1, 32 lits): UNSAT in 0.01s
    cube 2817.50 (depth 1, 32 lits): UNSAT in 0.05s
    cube 2817.51 (depth 1, 32 lits): UNSAT in 0.06s
    cube 2817.52 (depth 1, 32 lits): UNSAT in 0.05s
    cube 2817.53 (depth 1, 32 lits): UNSAT in 0.05s
    cube 2817.54 (depth 1, 32 lits): UNSAT in 0.06s
    cube 2817.55 (depth 1, 32 lits): UNSAT in 0.03s
    cube 2817.56 (depth 1, 32 lits): UNSAT in 0.06s
    cube 2817.57 (depth 1, 32 lits): UNSAT in 0.05s
    cube 2817.58 (depth 1, 32 lits): UNSAT in 0.37s
    cube 2817.59 (depth 1, 32 lits): UNSAT in 0.31s
    cube 2817.60 (depth 1, 32 lits): UNSAT in 3.16s
    cube 2817.61 (depth 1, 32 lits): UNSAT in 0.02s
    cube 2817.62 (depth 1, 32 lits): UNSAT in 0.03s
    cube 2817.63 (depth 1, 32 lits): UNSAT in 0.01s
    cube 2817.64 (depth 1, 32 lits): UNSAT in 0.02s
    cube 2817.65 (depth 1, 32 lits): UNSAT in 0.01s
    cube 2817.66 (depth 1, 32 lits): UNSAT in 0.02s
    cube 2817.67 (depth 1, 32 lits): UNSAT in 0.02s
    cube 2817.68 (depth 1, 32 lits): UNSAT in 0.04s
    cube 2817.69 (depth 1, 32 lits): UNSAT in 0.01s
    cube 2817.70 (depth 1, 32 lits): UNSAT in 0.01s
    cube 2817.71 (depth 1, 32 lits): UNSAT in 0.02s
    cube 2817.72 (depth 1, 32 lits): UNSAT in 0.04s
    cube 2817.73 (depth 1, 32 lits): UNSAT in 0.05s
    cube 2817.74 (depth 1, 32 lits): UNSAT in 0.06s
    cube 2817.75 (depth 1, 32 lits): UNSAT in 0.07s
    cube 2817.76 (depth 1, 32 lits): UNSAT in 0.14s
    cube 2817.77 (depth 1, 32 lits): UNSAT in 0.01s
    cube 2817.78 (depth 1, 32 lits): UNSAT in 0.02s
    cube 2817.79 (depth 1, 32 lits): UNSAT in 0.01s
    cube 2817.80 (depth 1, 32 lits): UNSAT in 0.03s
    cube 2817.81 (depth 1, 32 lits): UNSAT in 0.03s
    cube 2817.82 (depth 1, 32 lits): UNSAT in 0.05s
    cube 2817.83 (depth 1, 32 lits): UNSAT in 0.02s
    cube 2817.84 (depth 1, 32 lits): UNSAT in 0.11s
    cube 2817.85 (depth 1, 32 lits): UNSAT in 0.01s
    cube 2817.86 (depth 1, 32 lits): UNSAT in 0.01s
    cube 2817.87 (depth 1, 32 lits): UNSAT in 0.02s
    cube 2817.88 (depth 1, 32 lits): UNSAT in 0.04s
    cube 2817.89 (depth 1, 32 lits): UNSAT in 0.03s
    cube 2817.90 (depth 1, 32 lits): UNSAT in 0.04s
    cube 2817.91 (depth 1, 32 lits): UNSAT in 0.13s
    cube 2817.92 (depth 1, 32 lits): UNSAT in 0.87s
    cube 2817.93 (depth 1, 32 lits): UNSAT in 0.02s
    cube 2817.94 (depth 1, 32 lits): UNSAT in 0.03s
    cube 2817.95 (depth 1, 32 lits): UNSAT in 0.02s
    cube 2817.96 (depth 1, 32 lits): UNSAT in 0.12s
    cube 2817.97 (depth 1, 32 lits): UNSAT in 0.02s
    cube 2817.98 (depth 1, 32 lits): UNSAT in 0.08s
    cube 2817.99 (depth 1, 32 lits): UNSAT in 0.12s
    cube 2817.100 (depth 1, 32 lits): UNSAT in 0.57s
    cube 2817.101 (depth 1, 32 lits): UNSAT in 0.04s
    cube 2817.102 (depth 1, 32 lits): UNSAT in 0.13s
    cube 2817.103 (depth 1, 32 lits): UNSAT in 0.08s
    cube 2817.104 (depth 1, 32 lits): UNSAT in 0.44s
    cube 2817.105 (depth 1, 32 lits): UNSAT in 0.35s
    cube 2817.106 (depth 1, 32 lits): UNSAT in 1.20s
    cube 2817.107 (depth 1, 32 lits): UNSAT in 1.23s
    cube 2817.108 (depth 1, 32 lits): UNSAT in 7.99s
    cube 2817.109 (depth 1, 32 lits): UNSAT in 0.02s
    cube 2817.110 (depth 1, 32 lits): UNSAT in 0.09s
    cube 2817.111 (depth 1, 32 lits): UNSAT in 0.15s
    cube 2817.112 (depth 1, 32 lits): UNSAT in 0.36s
    cube 2817.113 (depth 1, 32 lits): UNSAT in 0.17s
    cube 2817.114 (depth 1, 32 lits): UNSAT in 0.99s
    cube 2817.115 (depth 1, 32 lits): UNSAT in 0.45s
    cube 2817.116 (depth 1, 32 lits): UNSAT in 18.05s
    cube 2817.117 (depth 1, 32 lits): UNSAT in 0.13s
    cube 2817.118 (depth 1, 32 lits): UNSAT in 0.29s
    cube 2817.119 (depth 1, 32 lits): UNSAT in 0.54s
    cube 2817.120 (depth 1, 32 lits): UNSAT in 6.55s
    cube 2817.121 (depth 1, 32 lits): UNSAT in 0.97s
    cube 2817.122 (depth 1, 32 lits): UNSAT in 21.09s
    cube 2817.123 (depth 1, 32 lits): UNSAT in 28.68s
    cube 2817.124 (depth 1, 32 lits): UNSAT in 128.26s
    cube 2817.125 (depth 1, 32 lits): UNSAT in 0.01s
    cube 2817.126 (depth 1, 32 lits): UNSAT in 0.02s
    cube 2817.127 (depth 1, 31 lits): UNSAT in 0.01s
    cube 2817.128 (depth 1, 31 lits): UNSAT in 0.01s
    cube 2817.129 (depth 1, 32 lits): UNSAT in 0.01s
    cube 2817.130 (depth 1, 32 lits): UNSAT in 0.02s
    cube 2817.131 (depth 1, 31 lits): UNSAT in 0.01s
    cube 2817.132 (depth 1, 32 lits): UNSAT in 0.01s
    cube 2817.133 (depth 1, 32 lits): UNSAT in 0.02s
    cube 2817.134 (depth 1, 32 lits): UNSAT in 0.01s
    cube 2817.135 (depth 1, 32 lits): UNSAT in 0.02s
    cube 2817.136 (depth 1, 32 lits): UNSAT in 0.02s
    cube 2817.137 (depth 1, 32 lits): UNSAT in 0.03s
    cube 2817.138 (depth 1, 31 lits): UNSAT in 0.01s
    cube 2817.139 (depth 1, 32 lits): UNSAT in 0.01s
    cube 2817.140 (depth 1, 32 lits): UNSAT in 0.02s
    cube 2817.141 (depth 1, 32 lits): UNSAT in 0.01s
    cube 2817.142 (depth 1, 32 lits): UNSAT in 0.02s
    cube 2817.143 (depth 1, 32 lits): UNSAT in 0.01s
    cube 2817.144 (depth 1, 32 lits): UNSAT in 0.02s
    cube 2817.145 (depth 1, 32 lits): UNSAT in 0.01s
    cube 2817.146 (depth 1, 32 lits): UNSAT in 0.02s
    cube 2817.147 (depth 1, 32 lits): UNSAT in 0.01s
    cube 2817.148 (depth 1, 32 lits): UNSAT in 0.03s
    cube 2817.149 (depth 1, 32 lits): UNSAT in 0.02s
    cube 2817.150 (depth 1, 32 lits): UNSAT in 0.05s
    cube 2817.151 (depth 1, 32 lits): UNSAT in 0.04s
    cube 2817.152 (depth 1, 32 lits): UNSAT in 0.10s
    cube 2817.153 (depth 1, 32 lits): UNSAT in 0.01s
    cube 2817.154 (depth 1, 32 lits): UNSAT in 0.01s
    cube 2817.155 (depth 1, 32 lits): UNSAT in 0.01s
    cube 2817.156 (depth 1, 32 lits): UNSAT in 0.03s
    cube 2817.157 (depth 1, 32 lits): UNSAT in 0.02s
    cube 2817.158 (depth 1, 32 lits): UNSAT in 0.04s
    cube 2817.159 (depth 1, 32 lits): UNSAT in 0.03s
    cube 2817.160 (depth 1, 32 lits): UNSAT in 0.05s
    cube 2817.161 (depth 1, 32 lits): UNSAT in 0.02s
    cube 2817.162 (depth 1, 32 lits): UNSAT in 0.05s
    cube 2817.163 (depth 1, 32 lits): UNSAT in 0.04s
    cube 2817.164 (depth 1, 32 lits): UNSAT in 0.12s
    cube 2817.165 (depth 1, 32 lits): UNSAT in 0.01s
    cube 2817.166 (depth 1, 32 lits): UNSAT in 0.03s
    cube 2817.167 (depth 1, 32 lits): UNSAT in 0.06s
    cube 2817.168 (depth 1, 32 lits): UNSAT in 0.24s
    cube 2817.169 (depth 1, 31 lits): UNSAT in 0.01s
    cube 2817.170 (depth 1, 32 lits): UNSAT in 0.02s
    cube 2817.171 (depth 1, 32 lits): UNSAT in 0.03s
    cube 2817.172 (depth 1, 32 lits): UNSAT in 0.02s
    cube 2817.173 (depth 1, 32 lits): UNSAT in 0.09s
    cube 2817.174 (depth 1, 32 lits): UNSAT in 0.03s
    cube 2817.175 (depth 1, 32 lits): UNSAT in 0.14s
    cube 2817.176 (depth 1, 32 lits): UNSAT in 0.05s
    cube 2817.177 (depth 1, 32 lits): UNSAT in 0.12s
    cube 2817.178 (depth 1, 32 lits): UNSAT in 0.05s
    cube 2817.179 (depth 1, 32 lits): UNSAT in 0.25s
    cube 2817.180 (depth 1, 32 lits): UNSAT in 0.07s
    cube 2817.181 (depth 1, 32 lits): UNSAT in 0.28s
    cube 2817.182 (depth 1, 32 lits): UNSAT in 0.40s
    cube 2817.183 (depth 1, 32 lits): UNSAT in 0.99s
    cube 2817.184 (depth 1, 32 lits): UNSAT in 0.02s
    cube 2817.185 (depth 1, 32 lits): UNSAT in 0.04s
    cube 2817.186 (depth 1, 32 lits): UNSAT in 0.03s
    cube 2817.187 (depth 1, 32 lits): UNSAT in 0.07s
    cube 2817.188 (depth 1, 32 lits): UNSAT in 0.02s
    cube 2817.189 (depth 1, 32 lits): UNSAT in 0.02s
    cube 2817.190 (depth 1, 32 lits): UNSAT in 0.03s
    cube 2817.191 (depth 1, 32 lits): UNSAT in 0.09s
    cube 2817.192 (depth 1, 32 lits): UNSAT in 0.02s
    cube 2817.193 (depth 1, 32 lits): UNSAT in 0.03s
    cube 2817.194 (depth 1, 32 lits): UNSAT in 0.04s
    cube 2817.195 (depth 1, 32 lits): UNSAT in 0.15s
    cube 2817.196 (depth 1, 32 lits): UNSAT in 0.02s
    cube 2817.197 (depth 1, 32 lits): UNSAT in 0.23s
    cube 2817.198 (depth 1, 32 lits): UNSAT in 0.05s
    cube 2817.199 (depth 1, 32 lits): UNSAT in 0.59s
    cube 2817.200 (depth 1, 32 lits): UNSAT in 0.02s
    cube 2817.201 (depth 1, 32 lits): UNSAT in 0.06s
    cube 2817.202 (depth 1, 32 lits): UNSAT in 0.03s
    cube 2817.203 (depth 1, 32 lits): UNSAT in 0.05s
    cube 2817.204 (depth 1, 32 lits): UNSAT in 0.02s
    cube 2817.205 (depth 1, 32 lits): UNSAT in 0.04s
    cube 2817.206 (depth 1, 32 lits): UNSAT in 0.07s
    cube 2817.207 (depth 1, 32 lits): UNSAT in 0.48s
    cube 2817.208 (depth 1, 32 lits): UNSAT in 0.03s
    cube 2817.209 (depth 1, 32 lits): UNSAT in 0.07s
    cube 2817.210 (depth 1, 32 lits): UNSAT in 0.15s
    cube 2817.211 (depth 1, 32 lits): UNSAT in 0.44s
    cube 2817.212 (depth 1, 32 lits): UNSAT in 0.28s
    cube 2817.213 (depth 1, 32 lits): UNSAT in 0.61s
    cube 2817.214 (depth 1, 32 lits): UNSAT in 0.34s
    cube 2817.215 (depth 1, 32 lits): UNSAT in 3.06s
    cube 2817.216 (depth 1, 32 lits): UNSAT in 0.02s
    cube 2817.217 (depth 1, 32 lits): UNSAT in 0.05s
    cube 2817.218 (depth 1, 32 lits): UNSAT in 0.08s
    cube 2817.219 (depth 1, 32 lits): UNSAT in 0.16s
    cube 2817.220 (depth 1, 32 lits): UNSAT in 0.08s
    cube 2817.221 (depth 1, 32 lits): UNSAT in 0.08s
    cube 2817.222 (depth 1, 32 lits): UNSAT in 0.05s
    cube 2817.223 (depth 1, 32 lits): UNSAT in 0.31s
    cube 2817.224 (depth 1, 32 lits): UNSAT in 0.03s
    cube 2817.225 (depth 1, 32 lits): UNSAT in 0.13s
    cube 2817.226 (depth 1, 32 lits): UNSAT in 0.02s
    cube 2817.227 (depth 1, 32 lits): UNSAT in 0.49s
    cube 2817.228 (depth 1, 32 lits): UNSAT in 0.12s
    cube 2817.229 (depth 1, 32 lits): UNSAT in 0.26s
    cube 2817.230 (depth 1, 32 lits): UNSAT in 0.12s
    cube 2817.231 (depth 1, 32 lits): UNSAT in 0.86s
    cube 2817.232 (depth 1, 32 lits): UNSAT in 0.18s
    cube 2817.233 (depth 1, 32 lits): UNSAT in 0.28s
    cube 2817.234 (depth 1, 32 lits): UNSAT in 0.16s
    cube 2817.235 (depth 1, 32 lits): UNSAT in 1.95s
    cube 2817.236 (depth 1, 32 lits): UNSAT in 0.21s
    cube 2817.237 (depth 1, 32 lits): UNSAT in 0.80s
    cube 2817.238 (depth 1, 32 lits): UNSAT in 0.47s
    cube 2817.239 (depth 1, 32 lits): UNSAT in 1.15s
    cube 2817.240 (depth 1, 32 lits): UNSAT in 0.23s
    cube 2817.241 (depth 1, 32 lits): UNSAT in 1.83s
    cube 2817.242 (depth 1, 32 lits): UNSAT in 1.13s
    cube 2817.243 (depth 1, 32 lits): UNSAT in 5.70s
    cube 2817.244 (depth 1, 32 lits): UNSAT in 3.67s
    cube 2817.245 (depth 1, 32 lits): UNSAT in 6.51s
    cube 2817.246 (depth 1, 32 lits): UNSAT in 23.46s
    cube 2817.247 (depth 1, 32 lits): UNSAT in 48.99s
    cube 2821 (depth 0, 24 lits): UNSAT in 0.01s
    cube 2825 (depth 0, 24 lits): UNSAT in 0.01s
    cube 2829 (depth 0, 24 lits): UNSAT in 0.07s
    cube 2833 (depth 0, 24 lits): UNSAT in 0.03s
    cube 2837 (depth 0, 24 lits): UNSAT in 0.03s
    cube 2841 (depth 0, 24 lits): UNSAT in 0.03s
    cube 2845 (depth 0, 24 lits): UNSAT in 0.08s
    cube 2849 (depth 0, 24 lits): UNSAT in 0.02s
    cube 2853 (depth 0, 24 lits): UNSAT in 0.05s
    cube 2857 (depth 0, 24 lits): UNSAT in 0.04s
    cube 2861 (depth 0, 24 lits): UNSAT in 0.13s
    cube 2865 (depth 0, 24 lits): UNSAT in 0.06s
    cube 2869 (depth 0, 24 lits): UNSAT in 0.11s
    cube 2873 (depth 0, 24 lits): UNSAT in 0.34s
    cube 2877 (depth 0, 24 lits): UNSAT in 0.63s
    cube 2881 (depth 0, 24 lits): UNSAT in 0.02s
    cube 2885 (depth 0, 24 lits): UNSAT in 0.02s
    cube 2889 (depth 0, 24 lits): UNSAT in 0.03s
    cube 2893 (depth 0, 24 lits): UNSAT in 0.08s
    cube 2897 (depth 0, 24 lits): UNSAT in 0.02s
    cube 2901 (depth 0, 24 lits): UNSAT in 0.03s
    cube 2905 (depth 0, 24 lits): UNSAT in 0.05s
    cube 2909 (depth 0, 24 lits): UNSAT in 0.93s
    cube 2913 (depth 0, 24 lits): UNSAT in 0.14s
    cube 2917 (depth 0, 24 lits): UNSAT in 0.14s
    cube 2921 (depth 0, 24 lits): UNSAT in 0.38s
    cube 2925 (depth 0, 24 lits): UNSAT in 1.28s
    cube 2929 (depth 0, 24 lits): UNSAT in 0.12s
    cube 2933 (depth 0, 24 lits): UNSAT in 1.10s
    cube 2937 (depth 0, 24 lits): UNSAT in 5.43s
    cube 2941 (depth 0, 24 lits): UNSAT in 213.48s
    cube 2945 (depth 0, 24 lits): UNSAT in 0.03s
    cube 2949 (depth 0, 24 lits): UNSAT in 0.09s
    cube 2953 (depth 0, 24 lits): UNSAT in 0.06s
    cube 2957 (depth 0, 24 lits): UNSAT in 0.05s
    cube 2961 (depth 0, 24 lits): UNSAT in 0.07s
    cube 2965 (depth 0, 24 lits): UNSAT in 0.09s
    cube 2969 (depth 0, 24 lits): UNSAT in 0.14s
    cube 2973 (depth 0, 24 lits): UNSAT in 0.11s
    cube 2977 (depth 0, 24 lits): UNSAT in 0.09s
    cube 2981 (depth 0, 24 lits): UNSAT in 0.22s
    cube 2985 (depth 0, 24 lits): UNSAT in 0.33s
    cube 2989 (depth 0, 24 lits): UNSAT in 0.21s
    cube 2993 (depth 0, 24 lits): UNSAT in 0.15s
    cube 2997 (depth 0, 24 lits): UNSAT in 1.02s
    cube 3001 (depth 0, 24 lits): UNSAT in 9.73s
    cube 3005 (depth 0, 24 lits): UNSAT in 0.09s
    cube 3009 (depth 0, 24 lits): UNSAT in 0.50s
    cube 3013 (depth 0, 24 lits): UNSAT in 0.43s
    cube 3017 (depth 0, 24 lits): UNSAT in 0.92s
    cube 3021 (depth 0, 24 lits): UNSAT in 0.07s
    cube 3025 (depth 0, 24 lits): UNSAT in 0.97s
    cube 3029 (depth 0, 24 lits): UNSAT in 1.26s
    cube 3033 (depth 0, 24 lits): UNSAT in 29.83s
    cube 3037 (depth 0, 24 lits): UNSAT in 1.24s
    cube 3041 (depth 0, 24 lits): UNSAT in 3.67s
    cube 3045 (depth 0, 24 lits): UNSAT in 7.16s
    cube 3049 (depth 0, 24 lits): UNSAT in 43.98s
    cube 3053 (depth 0, 24 lits): UNSAT in 0.30s
    cube 3057 (depth 0, 24 lits): UNSAT in 5.42s
    cube 3061 (depth 0, 24 lits): UNSAT in 6.70s
    cube 3065 (depth 0, 24 lits): UNSAT in 112.40s
    cube 3069 (depth 0, 24 lits): UNSAT in 0.02s
    cube 3073 (depth 0, 24 lits): UNSAT in 0.06s
    cube 3077 (depth 0, 24 lits): UNSAT in 0.04s
    cube 3081 (depth 0, 24 lits): UNSAT in 0.15s
    cube 3085 (depth 0, 24 lits): UNSAT in 0.03s
    cube 3089 (depth 0, 24 lits): UNSAT in 0.17s
    cube 3093 (depth 0, 24 lits): UNSAT in 0.12s
    cube 3097 (depth 0, 24 lits): UNSAT in 0.13s
    cube 3101 (depth 0, 24 lits): UNSAT in 0.10s
    cube 3105 (depth 0, 24 lits): UNSAT in 1.43s
    cube 3109 (depth 0, 24 lits): UNSAT in 0.44s
    cube 3113 (depth 0, 24 lits): UNSAT in 2.90s
    cube 3117 (depth 0, 24 lits): UNSAT in 0.20s
    cube 3121 (depth 0, 24 lits): UNSAT in 3.50s
    cube 3125 (depth 0, 24 lits): UNSAT in 6.16s
    cube 3129 (depth 0, 24 lits): UNSAT in 122.75s
    cube 3133 (depth 0, 24 lits): UNSAT in 0.03s
    cube 3137 (depth 0, 24 lits): UNSAT in 0.14s
    cube 3141 (depth 0, 24 lits): UNSAT in 0.04s
    cube 3145 (depth 0, 24 lits): UNSAT in 0.08s
    cube 3149 (depth 0, 24 lits): UNSAT in 0.41s
    cube 3153 (depth 0, 24 lits): UNSAT in 2.82s
    cube 3157 (depth 0, 24 lits): UNSAT in 1.62s
    cube 3161 (depth 0, 24 lits): UNSAT in 61.44s
    cube 3165 (depth 0, 24 lits): UNSAT in 0.11s
    cube 3169 (depth 0, 24 lits): UNSAT in 0.30s
    cube 3173 (depth 0, 24 lits): UNSAT in 2.86s
    cube 3177 (depth 0, 24 lits): UNSAT in 18.05s
    cube 3181 (depth 0, 24 lits): UNSAT in 0.35s
    cube 3185 (depth 0, 24 lits): UNSAT in 15.09s
    cube 3189 (depth 0, 24 lits): UNSAT in 4.39s
    cube 3193 (depth 0, 24 lits): UNSAT in 452.94s
    cube 3197 (depth 0, 24 lits): UNSAT in 0.06s
    cube 3201 (depth 0, 24 lits): UNSAT in 1.80s
    cube 3205 (depth 0, 24 lits): UNSAT in 2.45s
    cube 3209 (depth 0, 24 lits): UNSAT in 7.03s
    cube 3213 (depth 0, 24 lits): UNSAT in 0.15s
    cube 3217 (depth 0, 24 lits): UNSAT in 5.15s
    cube 3221 (depth 0, 24 lits): UNSAT in 2.53s
    cube 3225 (depth 0, 24 lits): UNSAT in 44.21s
    cube 3229 (depth 0, 24 lits): UNSAT in 0.15s
    cube 3233 (depth 0, 24 lits): UNSAT in 0.72s
    cube 3237 (depth 0, 24 lits): UNSAT in 1.78s
    cube 3241 (depth 0, 24 lits): UNSAT in 25.11s
    cube 3245 (depth 0, 24 lits): UNSAT in 7.88s
    cube 3249 (depth 0, 24 lits): UNSAT in 16.28s
    cube 3253 (depth 0, 24 lits): UNSAT in 2.84s
    cube 3257 (depth 0, 24 lits): UNSAT in 189.11s
    cube 3261 (depth 0, 24 lits): UNSAT in 0.28s
    cube 3265 (depth 0, 24 lits): UNSAT in 1.80s
    cube 3269 (depth 0, 24 lits): UNSAT in 0.51s
    cube 3273 (depth 0, 24 lits): UNSAT in 52.81s
    cube 3277 (depth 0, 24 lits): UNSAT in 4.96s
    cube 3281 (depth 0, 24 lits): UNSAT in 91.12s
    cube 3285 (depth 0, 24 lits): UNSAT in 15.89s
    cube 3289 (depth 0, 24 lits): UNSAT in 430.19s
    cube 3293 (depth 0, 24 lits): UNSAT in 1.16s
    cube 3297 (depth 0, 24 lits): UNSAT in 187.07s
    cube 3301 (depth 0, 24 lits): UNSAT in 53.66s
    cube 3305 (depth 0, 24 lits): TIMEOUT in 600.10s
    cube 3305 TIMEOUT -> re-split into 240 sub-cubes (depth 1)
    cube 3305.0 (depth 1, 32 lits): UNSAT in 0.01s
    cube 3305.1 (depth 1, 32 lits): UNSAT in 0.01s
    cube 3305.2 (depth 1, 31 lits): UNSAT in 0.01s
    cube 3305.3 (depth 1, 32 lits): UNSAT in 0.01s
    cube 3305.4 (depth 1, 32 lits): UNSAT in 0.02s
    cube 3305.5 (depth 1, 31 lits): UNSAT in 0.02s
    cube 3305.6 (depth 1, 32 lits): UNSAT in 0.01s
    cube 3305.7 (depth 1, 32 lits): UNSAT in 0.02s
    cube 3305.8 (depth 1, 31 lits): UNSAT in 0.02s
    cube 3305.9 (depth 1, 31 lits): UNSAT in 0.02s
    cube 3305.10 (depth 1, 32 lits): UNSAT in 0.01s
    cube 3305.11 (depth 1, 32 lits): UNSAT in 0.01s
    cube 3305.12 (depth 1, 32 lits): UNSAT in 0.02s
    cube 3305.13 (depth 1, 32 lits): UNSAT in 0.02s
    cube 3305.14 (depth 1, 32 lits): UNSAT in 0.02s
    cube 3305.15 (depth 1, 32 lits): UNSAT in 0.02s
    cube 3305.16 (depth 1, 32 lits): UNSAT in 0.01s
    cube 3305.17 (depth 1, 32 lits): UNSAT in 0.02s
    cube 3305.18 (depth 1, 32 lits): UNSAT in 0.03s
    cube 3305.19 (depth 1, 32 lits): UNSAT in 0.04s
    cube 3305.20 (depth 1, 32 lits): UNSAT in 0.01s
    cube 3305.21 (depth 1, 32 lits): UNSAT in 0.02s
    cube 3305.22 (depth 1, 32 lits): UNSAT in 0.03s
    cube 3305.23 (depth 1, 32 lits): UNSAT in 0.04s
    cube 3305.24 (depth 1, 32 lits): UNSAT in 0.02s
    cube 3305.25 (depth 1, 32 lits): UNSAT in 0.03s
    cube 3305.26 (depth 1, 32 lits): UNSAT in 0.04s
    cube 3305.27 (depth 1, 32 lits): UNSAT in 0.06s
    cube 3305.28 (depth 1, 32 lits): UNSAT in 0.01s
    cube 3305.29 (depth 1, 32 lits): UNSAT in 0.01s
    cube 3305.30 (depth 1, 32 lits): UNSAT in 0.01s
    cube 3305.31 (depth 1, 32 lits): UNSAT in 0.02s
    cube 3305.32 (depth 1, 32 lits): UNSAT in 0.01s
    cube 3305.33 (depth 1, 32 lits): UNSAT in 0.02s
    cube 3305.34 (depth 1, 32 lits): UNSAT in 0.04s
    cube 3305.35 (depth 1, 32 lits): UNSAT in 0.09s
    cube 3305.36 (depth 1, 32 lits): UNSAT in 0.02s
    cube 3305.37 (depth 1, 32 lits): UNSAT in 0.03s
    cube 3305.38 (depth 1, 32 lits): UNSAT in 0.02s
    cube 3305.39 (depth 1, 32 lits): UNSAT in 0.06s
    cube 3305.40 (depth 1, 32 lits): UNSAT in 0.02s
    cube 3305.41 (depth 1, 32 lits): UNSAT in 0.07s
    cube 3305.42 (depth 1, 32 lits): UNSAT in 0.07s
    cube 3305.43 (depth 1, 32 lits): UNSAT in 0.21s
    cube 3305.44 (depth 1, 32 lits): UNSAT in 0.03s
    cube 3305.45 (depth 1, 32 lits): UNSAT in 0.04s
    cube 3305.46 (depth 1, 32 lits): UNSAT in 0.02s
    cube 3305.47 (depth 1, 32 lits): UNSAT in 0.07s
    cube 3305.48 (depth 1, 32 lits): UNSAT in 0.05s
    cube 3305.49 (depth 1, 32 lits): UNSAT in 0.10s
    cube 3305.50 (depth 1, 32 lits): UNSAT in 0.05s
    cube 3305.51 (depth 1, 32 lits): UNSAT in 0.12s
    cube 3305.52 (depth 1, 32 lits): UNSAT in 0.04s
    cube 3305.53 (depth 1, 32 lits): UNSAT in 0.08s
    cube 3305.54 (depth 1, 32 lits): UNSAT in 0.07s
    cube 3305.55 (depth 1, 32 lits): UNSAT in 0.18s
    cube 3305.56 (depth 1, 32 lits): UNSAT in 0.05s
    cube 3305.57 (depth 1, 32 lits): UNSAT in 0.16s
    cube 3305.58 (depth 1, 32 lits): UNSAT in 0.23s
    cube 3305.59 (depth 1, 32 lits): UNSAT in 0.19s
    cube 3305.60 (depth 1, 31 lits): UNSAT in 0.01s
    cube 3305.61 (depth 1, 31 lits): UNSAT in 0.01s
    cube 3305.62 (depth 1, 31 lits): UNSAT in 0.01s
    cube 3305.63 (depth 1, 32 lits): UNSAT in 0.02s
    cube 3305.64 (depth 1, 32 lits): UNSAT in 0.02s
    cube 3305.65 (depth 1, 32 lits): UNSAT in 0.01s
    cube 3305.66 (depth 1, 32 lits): UNSAT in 0.02s
    cube 3305.67 (depth 1, 32 lits): UNSAT in 0.02s
    cube 3305.68 (depth 1, 32 lits): UNSAT in 0.02s
    cube 3305.69 (depth 1, 32 lits): UNSAT in 0.02s
    cube 3305.70 (depth 1, 32 lits): UNSAT in 0.03s
    cube 3305.71 (depth 1, 32 lits): UNSAT in 0.03s
    cube 3305.72 (depth 1, 32 lits): UNSAT in 0.09s
    cube 3305.73 (depth 1, 31 lits): UNSAT in 0.01s
    cube 3305.74 (depth 1, 31 lits): UNSAT in 0.02s
    cube 3305.75 (depth 1, 32 lits): UNSAT in 0.02s
    cube 3305.76 (depth 1, 32 lits): UNSAT in 0.03s
    cube 3305.77 (depth 1, 32 lits): UNSAT in 0.03s
    cube 3305.78 (depth 1, 32 lits): UNSAT in 0.02s
    cube 3305.79 (depth 1, 32 lits): UNSAT in 0.04s
    cube 3305.80 (depth 1, 32 lits): UNSAT in 0.04s
    cube 3305.81 (depth 1, 32 lits): UNSAT in 0.04s
    cube 3305.82 (depth 1, 32 lits): UNSAT in 0.13s
    cube 3305.83 (depth 1, 32 lits): UNSAT in 0.03s
    cube 3305.84 (depth 1, 32 lits): UNSAT in 0.15s
    cube 3305.85 (depth 1, 32 lits): UNSAT in 0.11s
    cube 3305.86 (depth 1, 32 lits): UNSAT in 0.57s
    cube 3305.87 (depth 1, 32 lits): UNSAT in 0.01s
    cube 3305.88 (depth 1, 32 lits): UNSAT in 0.03s
    cube 3305.89 (depth 1, 32 lits): UNSAT in 0.02s
    cube 3305.90 (depth 1, 32 lits): UNSAT in 0.08s
    cube 3305.91 (depth 1, 32 lits): UNSAT in 0.03s
    cube 3305.92 (depth 1, 32 lits): UNSAT in 0.05s
    cube 3305.93 (depth 1, 32 lits): UNSAT in 0.09s
    cube 3305.94 (depth 1, 32 lits): UNSAT in 0.08s
    cube 3305.95 (depth 1, 32 lits): UNSAT in 0.02s
    cube 3305.96 (depth 1, 32 lits): UNSAT in 0.02s
    cube 3305.97 (depth 1, 32 lits): UNSAT in 0.03s
    cube 3305.98 (depth 1, 32 lits): UNSAT in 0.12s
    cube 3305.99 (depth 1, 32 lits): UNSAT in 0.02s
    cube 3305.100 (depth 1, 32 lits): UNSAT in 0.03s
    cube 3305.101 (depth 1, 32 lits): UNSAT in 0.14s
    cube 3305.102 (depth 1, 32 lits): UNSAT in 0.51s
    cube 3305.103 (depth 1, 32 lits): UNSAT in 0.05s
    cube 3305.104 (depth 1, 32 lits): UNSAT in 0.07s
    cube 3305.105 (depth 1, 32 lits): UNSAT in 0.03s
    cube 3305.106 (depth 1, 32 lits): UNSAT in 0.25s
    cube 3305.107 (depth 1, 32 lits): UNSAT in 0.05s
    cube 3305.108 (depth 1, 32 lits): UNSAT in 0.41s
    cube 3305.109 (depth 1, 32 lits): UNSAT in 0.11s
    cube 3305.110 (depth 1, 32 lits): UNSAT in 0.64s
    cube 3305.111 (depth 1, 32 lits): UNSAT in 0.26s
    cube 3305.112 (depth 1, 32 lits): UNSAT in 0.41s
    cube 3305.113 (depth 1, 32 lits): UNSAT in 0.26s
    cube 3305.114 (depth 1, 32 lits): UNSAT in 2.89s
    cube 3305.115 (depth 1, 32 lits): UNSAT in 0.56s
    cube 3305.116 (depth 1, 32 lits): UNSAT in 2.10s
    cube 3305.117 (depth 1, 32 lits): UNSAT in 1.86s
    cube 3305.118 (depth 1, 32 lits): UNSAT in 9.62s
    cube 3305.119 (depth 1, 30 lits): UNSAT in 0.02s
    cube 3305.120 (depth 1, 31 lits): UNSAT in 0.01s
    cube 3305.121 (depth 1, 32 lits): UNSAT in 0.01s
    cube 3305.122 (depth 1, 32 lits): UNSAT in 0.02s
    cube 3305.123 (depth 1, 31 lits): UNSAT in 0.01s
    cube 3305.124 (depth 1, 32 lits): UNSAT in 0.01s
    cube 3305.125 (depth 1, 32 lits): UNSAT in 0.02s
    cube 3305.126 (depth 1, 32 lits): UNSAT in 0.01s
    cube 3305.127 (depth 1, 32 lits): UNSAT in 0.02s
    cube 3305.128 (depth 1, 32 lits): UNSAT in 0.02s
    cube 3305.129 (depth 1, 32 lits): UNSAT in 0.04s
    cube 3305.130 (depth 1, 31 lits): UNSAT in 0.02s
    cube 3305.131 (depth 1, 32 lits): UNSAT in 0.01s
    cube 3305.132 (depth 1, 32 lits): UNSAT in 0.02s
    cube 3305.133 (depth 1, 32 lits): UNSAT in 0.02s
    cube 3305.134 (depth 1, 32 lits): UNSAT in 0.04s
    cube 3305.135 (depth 1, 32 lits): UNSAT in 0.03s
    cube 3305.136 (depth 1, 32 lits): UNSAT in 0.07s
    cube 3305.137 (depth 1, 32 lits): UNSAT in 0.03s
    cube 3305.138 (depth 1, 32 lits): UNSAT in 0.05s
    cube 3305.139 (depth 1, 32 lits): UNSAT in 0.03s
    cube 3305.140 (depth 1, 32 lits): UNSAT in 0.08s
    cube 3305.141 (depth 1, 32 lits): UNSAT in 0.03s
    cube 3305.142 (depth 1, 32 lits): UNSAT in 0.05s
    cube 3305.143 (depth 1, 32 lits): UNSAT in 0.29s
    cube 3305.144 (depth 1, 32 lits): UNSAT in 0.45s
    cube 3305.145 (depth 1, 32 lits): UNSAT in 0.02s
    cube 3305.146 (depth 1, 32 lits): UNSAT in 0.02s
    cube 3305.147 (depth 1, 32 lits): UNSAT in 0.02s
    cube 3305.148 (depth 1, 32 lits): UNSAT in 0.03s
    cube 3305.149 (depth 1, 32 lits): UNSAT in 0.03s
    cube 3305.150 (depth 1, 32 lits): UNSAT in 0.04s
    cube 3305.151 (depth 1, 32 lits): UNSAT in 0.03s
    cube 3305.152 (depth 1, 32 lits): UNSAT in 0.04s
    cube 3305.153 (depth 1, 32 lits): UNSAT in 0.02s
    cube 3305.154 (depth 1, 32 lits): UNSAT in 0.03s
    cube 3305.155 (depth 1, 32 lits): UNSAT in 0.03s
    cube 3305.156 (depth 1, 32 lits): UNSAT in 0.09s
    cube 3305.157 (depth 1, 32 lits): UNSAT in 0.11s
    cube 3305.158 (depth 1, 32 lits): UNSAT in 0.41s
    cube 3305.159 (depth 1, 32 lits): UNSAT in 0.37s
    cube 3305.160 (depth 1, 32 lits): UNSAT in 0.97s
    cube 3305.161 (depth 1, 32 lits): UNSAT in 0.02s
    cube 3305.162 (depth 1, 32 lits): UNSAT in 0.05s
    cube 3305.163 (depth 1, 32 lits): UNSAT in 0.06s
    cube 3305.164 (depth 1, 32 lits): UNSAT in 0.10s
    cube 3305.165 (depth 1, 32 lits): UNSAT in 0.03s
    cube 3305.166 (depth 1, 32 lits): UNSAT in 0.06s
    cube 3305.167 (depth 1, 32 lits): UNSAT in 0.02s
    cube 3305.168 (depth 1, 32 lits): UNSAT in 0.22s
    cube 3305.169 (depth 1, 32 lits): UNSAT in 0.03s
    cube 3305.170 (depth 1, 32 lits): UNSAT in 0.07s
    cube 3305.171 (depth 1, 32 lits): UNSAT in 0.05s
    cube 3305.172 (depth 1, 32 lits): UNSAT in 0.21s
    cube 3305.173 (depth 1, 32 lits): UNSAT in 0.12s
    cube 3305.174 (depth 1, 32 lits): UNSAT in 0.52s
    cube 3305.175 (depth 1, 32 lits): UNSAT in 0.35s
    cube 3305.176 (depth 1, 32 lits): UNSAT in 1.54s
    cube 3305.177 (depth 1, 32 lits): UNSAT in 0.02s
    cube 3305.178 (depth 1, 32 lits): UNSAT in 0.01s
    cube 3305.179 (depth 1, 32 lits): UNSAT in 0.02s
    cube 3305.180 (depth 1, 32 lits): UNSAT in 0.05s
    cube 3305.181 (depth 1, 32 lits): UNSAT in 0.03s
    cube 3305.182 (depth 1, 32 lits): UNSAT in 0.05s
    cube 3305.183 (depth 1, 32 lits): UNSAT in 0.04s
    cube 3305.184 (depth 1, 32 lits): UNSAT in 0.16s
    cube 3305.185 (depth 1, 32 lits): UNSAT in 0.02s
    cube 3305.186 (depth 1, 32 lits): UNSAT in 0.05s
    cube 3305.187 (depth 1, 32 lits): UNSAT in 0.05s
    cube 3305.188 (depth 1, 32 lits): UNSAT in 0.07s
    cube 3305.189 (depth 1, 32 lits): UNSAT in 0.04s
    cube 3305.190 (depth 1, 32 lits): UNSAT in 0.05s
    cube 3305.191 (depth 1, 32 lits): UNSAT in 0.05s
    cube 3305.192 (depth 1, 32 lits): UNSAT in 0.30s
    cube 3305.193 (depth 1, 32 lits): UNSAT in 0.01s
    cube 3305.194 (depth 1, 32 lits): UNSAT in 0.03s
    cube 3305.195 (depth 1, 32 lits): UNSAT in 0.03s
    cube 3305.196 (depth 1, 32 lits): UNSAT in 0.03s
    cube 3305.197 (depth 1, 31 lits): UNSAT in 0.02s
    cube 3305.198 (depth 1, 32 lits): UNSAT in 0.05s
    cube 3305.199 (depth 1, 32 lits): UNSAT in 0.19s
    cube 3305.200 (depth 1, 32 lits): UNSAT in 0.10s
    cube 3305.201 (depth 1, 32 lits): UNSAT in 0.28s
    cube 3305.202 (depth 1, 32 lits): UNSAT in 0.35s
    cube 3305.203 (depth 1, 32 lits): UNSAT in 1.37s
    cube 3305.204 (depth 1, 32 lits): UNSAT in 0.36s
    cube 3305.205 (depth 1, 32 lits): UNSAT in 1.34s
    cube 3305.206 (depth 1, 32 lits): UNSAT in 0.37s
    cube 3305.207 (depth 1, 32 lits): UNSAT in 1.16s
    cube 3305.208 (depth 1, 32 lits): UNSAT in 0.01s
    cube 3305.209 (depth 1, 32 lits): UNSAT in 0.03s
    cube 3305.210 (depth 1, 32 lits): UNSAT in 0.02s
    cube 3305.211 (depth 1, 32 lits): UNSAT in 0.03s
    cube 3305.212 (depth 1, 32 lits): UNSAT in 0.02s
    cube 3305.213 (depth 1, 32 lits): UNSAT in 0.03s
    cube 3305.214 (depth 1, 32 lits): UNSAT in 0.08s
    cube 3305.215 (depth 1, 32 lits): UNSAT in 0.13s
    cube 3305.216 (depth 1, 32 lits): UNSAT in 0.08s
    cube 3305.217 (depth 1, 32 lits): UNSAT in 0.17s
    cube 3305.218 (depth 1, 32 lits): UNSAT in 0.14s
    cube 3305.219 (depth 1, 32 lits): UNSAT in 1.05s
    cube 3305.220 (depth 1, 32 lits): UNSAT in 0.19s
    cube 3305.221 (depth 1, 32 lits): UNSAT in 0.61s
    cube 3305.222 (depth 1, 32 lits): UNSAT in 0.51s
    cube 3305.223 (depth 1, 32 lits): UNSAT in 0.91s
    cube 3305.224 (depth 1, 32 lits): UNSAT in 0.07s
    cube 3305.225 (depth 1, 32 lits): UNSAT in 0.49s
    cube 3305.226 (depth 1, 32 lits): UNSAT in 0.13s
    cube 3305.227 (depth 1, 32 lits): UNSAT in 1.96s
    cube 3305.228 (depth 1, 32 lits): UNSAT in 0.51s
    cube 3305.229 (depth 1, 32 lits): UNSAT in 2.97s
    cube 3305.230 (depth 1, 32 lits): UNSAT in 0.17s
    cube 3305.231 (depth 1, 32 lits): UNSAT in 7.82s
    cube 3305.232 (depth 1, 32 lits): UNSAT in 0.31s
    cube 3305.233 (depth 1, 32 lits): UNSAT in 1.56s
    cube 3305.234 (depth 1, 32 lits): UNSAT in 1.80s
    cube 3305.235 (depth 1, 32 lits): UNSAT in 8.24s
    cube 3305.236 (depth 1, 32 lits): UNSAT in 2.72s
    cube 3305.237 (depth 1, 32 lits): UNSAT in 32.36s
    cube 3305.238 (depth 1, 32 lits): UNSAT in 31.71s
    cube 3305.239 (depth 1, 32 lits): UNSAT in 95.85s
    cube 3309 (depth 0, 24 lits): UNSAT in 56.38s
    cube 3313 (depth 0, 24 lits): TIMEOUT in 600.10s
    cube 3313 TIMEOUT -> re-split into 231 sub-cubes (depth 1)
    cube 3313.0 (depth 1, 30 lits): UNSAT in 0.01s
    cube 3313.1 (depth 1, 30 lits): UNSAT in 0.02s
    cube 3313.2 (depth 1, 32 lits): UNSAT in 0.01s
    cube 3313.3 (depth 1, 32 lits): UNSAT in 0.01s
    cube 3313.4 (depth 1, 32 lits): UNSAT in 0.02s
    cube 3313.5 (depth 1, 32 lits): UNSAT in 0.02s
    cube 3313.6 (depth 1, 31 lits): UNSAT in 0.01s
    cube 3313.7 (depth 1, 32 lits): UNSAT in 0.01s
    cube 3313.8 (depth 1, 32 lits): UNSAT in 0.02s
    cube 3313.9 (depth 1, 31 lits): UNSAT in 0.01s
    cube 3313.10 (depth 1, 31 lits): UNSAT in 0.02s
    cube 3313.11 (depth 1, 32 lits): UNSAT in 0.02s
    cube 3313.12 (depth 1, 32 lits): UNSAT in 0.01s
    cube 3313.13 (depth 1, 31 lits): UNSAT in 0.02s
    cube 3313.14 (depth 1, 32 lits): UNSAT in 0.01s
    cube 3313.15 (depth 1, 32 lits): UNSAT in 0.02s
    cube 3313.16 (depth 1, 32 lits): UNSAT in 0.02s
    cube 3313.17 (depth 1, 32 lits): UNSAT in 0.02s
    cube 3313.18 (depth 1, 32 lits): UNSAT in 0.02s
    cube 3313.19 (depth 1, 32 lits): UNSAT in 0.01s
    cube 3313.20 (depth 1, 32 lits): UNSAT in 0.05s
    cube 3313.21 (depth 1, 32 lits): UNSAT in 0.04s
    cube 3313.22 (depth 1, 30 lits): UNSAT in 0.01s
    cube 3313.23 (depth 1, 31 lits): UNSAT in 0.01s
    cube 3313.24 (depth 1, 32 lits): UNSAT in 0.01s
    cube 3313.25 (depth 1, 32 lits): UNSAT in 0.01s
    cube 3313.26 (depth 1, 31 lits): UNSAT in 0.01s
    cube 3313.27 (depth 1, 32 lits): UNSAT in 0.01s
    cube 3313.28 (depth 1, 32 lits): UNSAT in 0.02s
    cube 3313.29 (depth 1, 32 lits): UNSAT in 0.03s
    cube 3313.30 (depth 1, 32 lits): UNSAT in 0.03s
    cube 3313.31 (depth 1, 32 lits): UNSAT in 0.02s
    cube 3313.32 (depth 1, 32 lits): UNSAT in 0.04s
    cube 3313.33 (depth 1, 32 lits): UNSAT in 0.01s
    cube 3313.34 (depth 1, 32 lits): UNSAT in 0.02s
    cube 3313.35 (depth 1, 32 lits): UNSAT in 0.02s
    cube 3313.36 (depth 1, 32 lits): UNSAT in 0.04s
    cube 3313.37 (depth 1, 32 lits): UNSAT in 0.03s
    cube 3313.38 (depth 1, 32 lits): UNSAT in 0.04s
    cube 3313.39 (depth 1, 32 lits): UNSAT in 0.04s
    cube 3313.40 (depth 1, 32 lits): UNSAT in 0.08s
    cube 3313.41 (depth 1, 32 lits): UNSAT in 0.01s
    cube 3313.42 (depth 1, 32 lits): UNSAT in 0.02s
    cube 3313.43 (depth 1, 32 lits): UNSAT in 0.02s
    cube 3313.44 (depth 1, 32 lits): UNSAT in 0.08s
    cube 3313.45 (depth 1, 32 lits): UNSAT in 0.03s
    cube 3313.46 (depth 1, 32 lits): UNSAT in 0.08s
    cube 3313.47 (depth 1, 32 lits): UNSAT in 0.03s
    cube 3313.48 (depth 1, 32 lits): UNSAT in 0.05s
    cube 3313.49 (depth 1, 32 lits): UNSAT in 0.01s
    cube 3313.50 (depth 1, 32 lits): UNSAT in 0.01s
    cube 3313.51 (depth 1, 32 lits): UNSAT in 0.01s
    cube 3313.52 (depth 1, 32 lits): UNSAT in 0.01s
    cube 3313.53 (depth 1, 32 lits): UNSAT in 0.01s
    cube 3313.54 (depth 1, 32 lits): UNSAT in 0.01s
    cube 3313.55 (depth 1, 32 lits): UNSAT in 0.01s
    cube 3313.56 (depth 1, 32 lits): UNSAT in 0.02s
    cube 3313.57 (depth 1, 31 lits): UNSAT in 0.01s
    cube 3313.58 (depth 1, 32 lits): UNSAT in 0.01s
    cube 3313.59 (depth 1, 32 lits): UNSAT in 0.02s
    cube 3313.60 (depth 1, 32 lits): UNSAT in 0.01s
    cube 3313.61 (depth 1, 32 lits): UNSAT in 0.02s
    cube 3313.62 (depth 1, 32 lits): UNSAT in 0.03s
    cube 3313.63 (depth 1, 32 lits): UNSAT in 0.12s
    cube 3313.64 (depth 1, 32 lits): UNSAT in 0.01s
    cube 3313.65 (depth 1, 32 lits): UNSAT in 0.02s
    cube 3313.66 (depth 1, 32 lits): UNSAT in 0.02s
    cube 3313.67 (depth 1, 32 lits): UNSAT in 0.02s
    cube 3313.68 (depth 1, 32 lits): UNSAT in 0.02s
    cube 3313.69 (depth 1, 32 lits): UNSAT in 0.02s
    cube 3313.70 (depth 1, 32 lits): UNSAT in 0.02s
    cube 3313.71 (depth 1, 32 lits): UNSAT in 0.05s
    cube 3313.72 (depth 1, 32 lits): UNSAT in 0.02s
    cube 3313.73 (depth 1, 32 lits): UNSAT in 0.03s
    cube 3313.74 (depth 1, 32 lits): UNSAT in 0.03s
    cube 3313.75 (depth 1, 32 lits): UNSAT in 0.05s
    cube 3313.76 (depth 1, 32 lits): UNSAT in 0.03s
    cube 3313.77 (depth 1, 32 lits): UNSAT in 0.04s
    cube 3313.78 (depth 1, 32 lits): UNSAT in 0.06s
    cube 3313.79 (depth 1, 32 lits): UNSAT in 0.18s
    cube 3313.80 (depth 1, 31 lits): UNSAT in 0.02s
    cube 3313.81 (depth 1, 32 lits): UNSAT in 0.01s
    cube 3313.82 (depth 1, 32 lits): UNSAT in 0.02s
    cube 3313.83 (depth 1, 32 lits): UNSAT in 0.02s
    cube 3313.84 (depth 1, 32 lits): UNSAT in 0.02s
    cube 3313.85 (depth 1, 32 lits): UNSAT in 0.03s
    cube 3313.86 (depth 1, 32 lits): UNSAT in 0.03s
    cube 3313.87 (depth 1, 32 lits): UNSAT in 0.03s
    cube 3313.88 (depth 1, 32 lits): UNSAT in 0.02s
    cube 3313.89 (depth 1, 32 lits): UNSAT in 0.04s
    cube 3313.90 (depth 1, 32 lits): UNSAT in 0.05s
    cube 3313.91 (depth 1, 32 lits): UNSAT in 0.04s
    cube 3313.92 (depth 1, 32 lits): UNSAT in 0.09s
    cube 3313.93 (depth 1, 32 lits): UNSAT in 0.05s
    cube 3313.94 (depth 1, 32 lits): UNSAT in 0.10s
    cube 3313.95 (depth 1, 32 lits): UNSAT in 0.02s
    cube 3313.96 (depth 1, 32 lits): UNSAT in 0.02s
    cube 3313.97 (depth 1, 32 lits): UNSAT in 0.02s
    cube 3313.98 (depth 1, 32 lits): UNSAT in 0.04s
    cube 3313.99 (depth 1, 32 lits): UNSAT in 0.02s
    cube 3313.100 (depth 1, 32 lits): UNSAT in 0.02s
    cube 3313.101 (depth 1, 32 lits): UNSAT in 0.04s
    cube 3313.102 (depth 1, 32 lits): UNSAT in 0.07s
    cube 3313.103 (depth 1, 32 lits): UNSAT in 0.03s
    cube 3313.104 (depth 1, 32 lits): UNSAT in 0.03s
    cube 3313.105 (depth 1, 32 lits): UNSAT in 0.03s
    cube 3313.106 (depth 1, 32 lits): UNSAT in 0.09s
    cube 3313.107 (depth 1, 32 lits): UNSAT in 0.04s
    cube 3313.108 (depth 1, 32 lits): UNSAT in 0.09s
    cube 3313.109 (depth 1, 32 lits): UNSAT in 0.28s
    cube 3313.110 (depth 1, 32 lits): UNSAT in 0.30s
    cube 3313.111 (depth 1, 31 lits): UNSAT in 0.01s
    cube 3313.112 (depth 1, 31 lits): UNSAT in 0.02s
    cube 3313.113 (depth 1, 31 lits): UNSAT in 0.02s
    cube 3313.114 (depth 1, 32 lits): UNSAT in 0.01s
    cube 3313.115 (depth 1, 32 lits): UNSAT in 0.02s
    cube 3313.116 (depth 1, 30 lits): UNSAT in 0.01s
    cube 3313.117 (depth 1, 32 lits): UNSAT in 0.01s
    cube 3313.118 (depth 1, 32 lits): UNSAT in 0.02s
    cube 3313.119 (depth 1, 32 lits): UNSAT in 0.02s
    cube 3313.120 (depth 1, 32 lits): UNSAT in 0.02s
    cube 3313.121 (depth 1, 32 lits): UNSAT in 0.01s
    cube 3313.122 (depth 1, 32 lits): UNSAT in 0.03s
    cube 3313.123 (depth 1, 32 lits): UNSAT in 0.02s
    cube 3313.124 (depth 1, 32 lits): UNSAT in 0.02s
    cube 3313.125 (depth 1, 32 lits): UNSAT in 0.02s
    cube 3313.126 (depth 1, 32 lits): UNSAT in 0.03s
    cube 3313.127 (depth 1, 32 lits): UNSAT in 0.05s
    cube 3313.128 (depth 1, 32 lits): UNSAT in 0.09s
    cube 3313.129 (depth 1, 31 lits): UNSAT in 0.02s
    cube 3313.130 (depth 1, 32 lits): UNSAT in 0.01s
    cube 3313.131 (depth 1, 32 lits): UNSAT in 0.02s
    cube 3313.132 (depth 1, 32 lits): UNSAT in 0.02s
    cube 3313.133 (depth 1, 32 lits): UNSAT in 0.02s
    cube 3313.134 (depth 1, 32 lits): UNSAT in 0.05s
    cube 3313.135 (depth 1, 32 lits): UNSAT in 0.13s
    cube 3313.136 (depth 1, 32 lits): UNSAT in 0.02s
    cube 3313.137 (depth 1, 32 lits): UNSAT in 0.04s
    cube 3313.138 (depth 1, 32 lits): UNSAT in 0.04s
    cube 3313.139 (depth 1, 32 lits): UNSAT in 0.04s
    cube 3313.140 (depth 1, 32 lits): UNSAT in 0.02s
    cube 3313.141 (depth 1, 32 lits): UNSAT in 0.06s
    cube 3313.142 (depth 1, 32 lits): UNSAT in 0.09s
    cube 3313.143 (depth 1, 32 lits): UNSAT in 0.29s
    cube 3313.144 (depth 1, 31 lits): UNSAT in 0.02s
    cube 3313.145 (depth 1, 32 lits): UNSAT in 0.04s
    cube 3313.146 (depth 1, 32 lits): UNSAT in 0.07s
    cube 3313.147 (depth 1, 32 lits): UNSAT in 0.08s
    cube 3313.148 (depth 1, 32 lits): UNSAT in 0.09s
    cube 3313.149 (depth 1, 32 lits): UNSAT in 0.05s
    cube 3313.150 (depth 1, 32 lits): UNSAT in 0.24s
    cube 3313.151 (depth 1, 32 lits): UNSAT in 0.04s
    cube 3313.152 (depth 1, 32 lits): UNSAT in 0.06s
    cube 3313.153 (depth 1, 32 lits): UNSAT in 0.03s
    cube 3313.154 (depth 1, 32 lits): UNSAT in 0.19s
    cube 3313.155 (depth 1, 32 lits): UNSAT in 0.12s
    cube 3313.156 (depth 1, 32 lits): UNSAT in 0.19s
    cube 3313.157 (depth 1, 32 lits): UNSAT in 0.07s
    cube 3313.158 (depth 1, 32 lits): UNSAT in 0.37s
    cube 3313.159 (depth 1, 32 lits): UNSAT in 0.08s
    cube 3313.160 (depth 1, 32 lits): UNSAT in 0.14s
    cube 3313.161 (depth 1, 32 lits): UNSAT in 0.11s
    cube 3313.162 (depth 1, 32 lits): UNSAT in 0.85s
    cube 3313.163 (depth 1, 32 lits): UNSAT in 0.35s
    cube 3313.164 (depth 1, 32 lits): UNSAT in 0.47s
    cube 3313.165 (depth 1, 32 lits): UNSAT in 0.61s
    cube 3313.166 (depth 1, 32 lits): UNSAT in 3.47s
    cube 3313.167 (depth 1, 32 lits): UNSAT in 0.02s
    cube 3313.168 (depth 1, 32 lits): UNSAT in 0.02s
    cube 3313.169 (depth 1, 32 lits): UNSAT in 0.02s
    cube 3313.170 (depth 1, 32 lits): UNSAT in 0.03s
    cube 3313.171 (depth 1, 32 lits): UNSAT in 0.03s
    cube 3313.172 (depth 1, 32 lits): UNSAT in 0.01s
    cube 3313.173 (depth 1, 32 lits): UNSAT in 0.02s
    cube 3313.174 (depth 1, 32 lits): UNSAT in 0.06s
    cube 3313.175 (depth 1, 32 lits): UNSAT in 0.01s
    cube 3313.176 (depth 1, 32 lits): UNSAT in 0.03s
    cube 3313.177 (depth 1, 32 lits): UNSAT in 0.03s
    cube 3313.178 (depth 1, 32 lits): UNSAT in 0.07s
    cube 3313.179 (depth 1, 32 lits): UNSAT in 0.02s
    cube 3313.180 (depth 1, 32 lits): UNSAT in 0.03s
    cube 3313.181 (depth 1, 32 lits): UNSAT in 0.04s
    cube 3313.182 (depth 1, 32 lits): UNSAT in 0.12s
    cube 3313.183 (depth 1, 32 lits): UNSAT in 0.02s
    cube 3313.184 (depth 1, 32 lits): UNSAT in 0.09s
    cube 3313.185 (depth 1, 32 lits): UNSAT in 0.12s
    cube 3313.186 (depth 1, 32 lits): UNSAT in 0.17s
    cube 3313.187 (depth 1, 32 lits): UNSAT in 0.04s
    cube 3313.188 (depth 1, 32 lits): UNSAT in 0.06s
    cube 3313.189 (depth 1, 32 lits): UNSAT in 0.20s
    cube 3313.190 (depth 1, 32 lits): UNSAT in 0.49s
    cube 3313.191 (depth 1, 32 lits): UNSAT in 0.04s
    cube 3313.192 (depth 1, 32 lits): UNSAT in 0.06s
    cube 3313.193 (depth 1, 32 lits): UNSAT in 0.08s
    cube 3313.194 (depth 1, 32 lits): UNSAT in 0.49s
    cube 3313.195 (depth 1, 32 lits): UNSAT in 0.35s
    cube 3313.196 (depth 1, 32 lits): UNSAT in 1.17s
    cube 3313.197 (depth 1, 32 lits): UNSAT in 1.98s
    cube 3313.198 (depth 1, 32 lits): UNSAT in 4.80s
    cube 3313.199 (depth 1, 32 lits): UNSAT in 0.03s
    cube 3313.200 (depth 1, 32 lits): UNSAT in 0.05s
    cube 3313.201 (depth 1, 32 lits): UNSAT in 0.07s
    cube 3313.202 (depth 1, 32 lits): UNSAT in 0.09s
    cube 3313.203 (depth 1, 32 lits): UNSAT in 0.10s
    cube 3313.204 (depth 1, 32 lits): UNSAT in 0.29s
    cube 3313.205 (depth 1, 32 lits): UNSAT in 0.46s
    cube 3313.206 (depth 1, 32 lits): UNSAT in 3.69s
    cube 3313.207 (depth 1, 32 lits): UNSAT in 0.25s
    cube 3313.208 (depth 1, 32 lits): UNSAT in 0.14s
    cube 3313.209 (depth 1, 32 lits): UNSAT in 0.19s
    cube 3313.210 (depth 1, 32 lits): UNSAT in 3.54s
    cube 3313.211 (depth 1, 32 lits): UNSAT in 0.21s
    cube 3313.212 (depth 1, 32 lits): UNSAT in 1.28s
    cube 3313.213 (depth 1, 32 lits): UNSAT in 2.33s
    cube 3313.214 (depth 1, 32 lits): UNSAT in 15.94s
    cube 3313.215 (depth 1, 32 lits): UNSAT in 0.05s
    cube 3313.216 (depth 1, 32 lits): UNSAT in 0.14s
    cube 3313.217 (depth 1, 32 lits): UNSAT in 0.15s
    cube 3313.218 (depth 1, 32 lits): UNSAT in 0.72s
    cube 3313.219 (depth 1, 32 lits): UNSAT in 0.15s
    cube 3313.220 (depth 1, 32 lits): UNSAT in 0.71s
    cube 3313.221 (depth 1, 32 lits): UNSAT in 0.56s
    cube 3313.222 (depth 1, 32 lits): UNSAT in 6.50s
    cube 3313.223 (depth 1, 32 lits): UNSAT in 1.89s
    cube 3313.224 (depth 1, 32 lits): UNSAT in 1.31s
    cube 3313.225 (depth 1, 32 lits): UNSAT in 1.26s
    cube 3313.226 (depth 1, 32 lits): UNSAT in 15.45s
    cube 3313.227 (depth 1, 32 lits): UNSAT in 2.08s
    cube 3313.228 (depth 1, 32 lits): UNSAT in 7.44s
    cube 3313.229 (depth 1, 32 lits): UNSAT in 12.14s
    cube 3313.230 (depth 1, 32 lits): UNSAT in 51.05s
    cube 3317 (depth 0, 24 lits): UNSAT in 39.95s
    cube 3321 (depth 0, 24 lits): TIMEOUT in 600.04s
    cube 3321 TIMEOUT -> re-split into 223 sub-cubes (depth 1)
    cube 3321.0 (depth 1, 31 lits): UNSAT in 0.01s
    cube 3321.1 (depth 1, 32 lits): UNSAT in 0.01s
    cube 3321.2 (depth 1, 32 lits): UNSAT in 0.02s
    cube 3321.3 (depth 1, 31 lits): UNSAT in 0.01s
    cube 3321.4 (depth 1, 31 lits): UNSAT in 0.02s
    cube 3321.5 (depth 1, 30 lits): UNSAT in 0.01s
    cube 3321.6 (depth 1, 30 lits): UNSAT in 0.02s
    cube 3321.7 (depth 1, 29 lits): UNSAT in 0.02s
    cube 3321.8 (depth 1, 29 lits): UNSAT in 0.02s
    cube 3321.9 (depth 1, 31 lits): UNSAT in 0.02s
    cube 3321.10 (depth 1, 31 lits): UNSAT in 0.02s
    cube 3321.11 (depth 1, 31 lits): UNSAT in 0.01s
    cube 3321.12 (depth 1, 32 lits): UNSAT in 0.03s
    cube 3321.13 (depth 1, 32 lits): UNSAT in 0.03s
    cube 3321.14 (depth 1, 31 lits): UNSAT in 0.01s
    cube 3321.15 (depth 1, 31 lits): UNSAT in 0.02s
    cube 3321.16 (depth 1, 32 lits): UNSAT in 0.02s
    cube 3321.17 (depth 1, 32 lits): UNSAT in 0.01s
    cube 3321.18 (depth 1, 32 lits): UNSAT in 0.05s
    cube 3321.19 (depth 1, 32 lits): UNSAT in 0.14s
    cube 3321.20 (depth 1, 32 lits): UNSAT in 0.01s
    cube 3321.21 (depth 1, 32 lits): UNSAT in 0.02s
    cube 3321.22 (depth 1, 32 lits): UNSAT in 0.01s
    cube 3321.23 (depth 1, 32 lits): UNSAT in 0.02s
    cube 3321.24 (depth 1, 32 lits): UNSAT in 0.02s
    cube 3321.25 (depth 1, 32 lits): UNSAT in 0.02s
    cube 3321.26 (depth 1, 32 lits): UNSAT in 0.01s
    cube 3321.27 (depth 1, 32 lits): UNSAT in 0.02s
    cube 3321.28 (depth 1, 32 lits): UNSAT in 0.02s
    cube 3321.29 (depth 1, 32 lits): UNSAT in 0.02s
    cube 3321.30 (depth 1, 32 lits): UNSAT in 0.02s
    cube 3321.31 (depth 1, 32 lits): UNSAT in 0.03s
    cube 3321.32 (depth 1, 32 lits): UNSAT in 0.02s
    cube 3321.33 (depth 1, 32 lits): UNSAT in 0.01s
    cube 3321.34 (depth 1, 32 lits): UNSAT in 0.07s
    cube 3321.35 (depth 1, 32 lits): UNSAT in 0.04s
    cube 3321.36 (depth 1, 32 lits): UNSAT in 0.02s
    cube 3321.37 (depth 1, 32 lits): UNSAT in 0.03s
    cube 3321.38 (depth 1, 32 lits): UNSAT in 0.03s
    cube 3321.39 (depth 1, 32 lits): UNSAT in 0.04s
    cube 3321.40 (depth 1, 32 lits): UNSAT in 0.03s
    cube 3321.41 (depth 1, 32 lits): UNSAT in 0.03s
    cube 3321.42 (depth 1, 32 lits): UNSAT in 0.04s
    cube 3321.43 (depth 1, 32 lits): UNSAT in 0.04s
    cube 3321.44 (depth 1, 32 lits): UNSAT in 0.02s
    cube 3321.45 (depth 1, 32 lits): UNSAT in 0.03s
    cube 3321.46 (depth 1, 32 lits): UNSAT in 0.04s
    cube 3321.47 (depth 1, 32 lits): UNSAT in 0.03s
    cube 3321.48 (depth 1, 32 lits): UNSAT in 0.02s
    cube 3321.49 (depth 1, 32 lits): UNSAT in 0.04s
    cube 3321.50 (depth 1, 32 lits): UNSAT in 0.04s
    cube 3321.51 (depth 1, 32 lits): UNSAT in 0.03s
    cube 3321.52 (depth 1, 32 lits): UNSAT in 0.02s
    cube 3321.53 (depth 1, 32 lits): UNSAT in 0.03s
    cube 3321.54 (depth 1, 32 lits): UNSAT in 0.03s
    cube 3321.55 (depth 1, 32 lits): UNSAT in 0.03s
    cube 3321.56 (depth 1, 32 lits): UNSAT in 0.02s
    cube 3321.57 (depth 1, 32 lits): UNSAT in 0.03s
    cube 3321.58 (depth 1, 32 lits): UNSAT in 0.05s
    cube 3321.59 (depth 1, 32 lits): UNSAT in 0.05s
    cube 3321.60 (depth 1, 32 lits): UNSAT in 0.03s
    cube 3321.61 (depth 1, 32 lits): UNSAT in 0.06s
    cube 3321.62 (depth 1, 32 lits): UNSAT in 0.04s
    cube 3321.63 (depth 1, 32 lits): UNSAT in 0.11s
    cube 3321.64 (depth 1, 32 lits): UNSAT in 0.05s
    cube 3321.65 (depth 1, 32 lits): UNSAT in 0.09s
    cube 3321.66 (depth 1, 32 lits): UNSAT in 0.05s
    cube 3321.67 (depth 1, 32 lits): UNSAT in 0.09s
    cube 3321.68 (depth 1, 31 lits): UNSAT in 0.01s
    cube 3321.69 (depth 1, 32 lits): UNSAT in 0.01s
    cube 3321.70 (depth 1, 32 lits): UNSAT in 0.01s
    cube 3321.71 (depth 1, 32 lits): UNSAT in 0.01s
    cube 3321.72 (depth 1, 32 lits): UNSAT in 0.02s
    cube 3321.73 (depth 1, 32 lits): UNSAT in 0.02s
    cube 3321.74 (depth 1, 32 lits): UNSAT in 0.02s
    cube 3321.75 (depth 1, 32 lits): UNSAT in 0.02s
    cube 3321.76 (depth 1, 32 lits): UNSAT in 0.02s
    cube 3321.77 (depth 1, 31 lits): UNSAT in 0.02s
    cube 3321.78 (depth 1, 32 lits): UNSAT in 0.01s
    cube 3321.79 (depth 1, 32 lits): UNSAT in 0.02s
    cube 3321.80 (depth 1, 32 lits): UNSAT in 0.02s
    cube 3321.81 (depth 1, 32 lits): UNSAT in 0.02s
    cube 3321.82 (depth 1, 32 lits): UNSAT in 0.02s
    cube 3321.83 (depth 1, 32 lits): UNSAT in 0.06s
    cube 3321.84 (depth 1, 32 lits): UNSAT in 0.03s
    cube 3321.85 (depth 1, 32 lits): UNSAT in 0.10s
    cube 3321.86 (depth 1, 32 lits): UNSAT in 0.03s
    cube 3321.87 (depth 1, 32 lits): UNSAT in 0.15s
    cube 3321.88 (depth 1, 32 lits): UNSAT in 0.06s
    cube 3321.89 (depth 1, 32 lits): UNSAT in 0.23s
    cube 3321.90 (depth 1, 32 lits): UNSAT in 0.11s
    cube 3321.91 (depth 1, 32 lits): UNSAT in 0.21s
    cube 3321.92 (depth 1, 32 lits): UNSAT in 0.06s
    cube 3321.93 (depth 1, 32 lits): UNSAT in 0.23s
    cube 3321.94 (depth 1, 32 lits): UNSAT in 0.06s
    cube 3321.95 (depth 1, 32 lits): UNSAT in 0.51s
    cube 3321.96 (depth 1, 32 lits): UNSAT in 0.65s
    cube 3321.97 (depth 1, 32 lits): UNSAT in 0.92s
    cube 3321.98 (depth 1, 31 lits): UNSAT in 0.02s
    cube 3321.99 (depth 1, 32 lits): UNSAT in 0.01s
    cube 3321.100 (depth 1, 32 lits): UNSAT in 0.02s
    cube 3321.101 (depth 1, 32 lits): UNSAT in 0.01s
    cube 3321.102 (depth 1, 32 lits): UNSAT in 0.01s
    cube 3321.103 (depth 1, 32 lits): UNSAT in 0.02s
    cube 3321.104 (depth 1, 32 lits): UNSAT in 0.03s
    cube 3321.105 (depth 1, 31 lits): UNSAT in 0.02s
    cube 3321.106 (depth 1, 32 lits): UNSAT in 0.02s
    cube 3321.107 (depth 1, 32 lits): UNSAT in 0.02s
    cube 3321.108 (depth 1, 32 lits): UNSAT in 0.01s
    cube 3321.109 (depth 1, 32 lits): UNSAT in 0.02s
    cube 3321.110 (depth 1, 32 lits): UNSAT in 0.03s
    cube 3321.111 (depth 1, 32 lits): UNSAT in 0.03s
    cube 3321.112 (depth 1, 31 lits): UNSAT in 0.02s
    cube 3321.113 (depth 1, 32 lits): UNSAT in 0.02s
    cube 3321.114 (depth 1, 32 lits): UNSAT in 0.03s
    cube 3321.115 (depth 1, 32 lits): UNSAT in 0.03s
    cube 3321.116 (depth 1, 32 lits): UNSAT in 0.04s
    cube 3321.117 (depth 1, 32 lits): UNSAT in 0.06s
    cube 3321.118 (depth 1, 32 lits): UNSAT in 0.11s
    cube 3321.119 (depth 1, 32 lits): UNSAT in 0.03s
    cube 3321.120 (depth 1, 32 lits): UNSAT in 0.06s
    cube 3321.121 (depth 1, 32 lits): UNSAT in 0.02s
    cube 3321.122 (depth 1, 32 lits): UNSAT in 0.08s
    cube 3321.123 (depth 1, 32 lits): UNSAT in 0.04s
    cube 3321.124 (depth 1, 32 lits): UNSAT in 0.06s
    cube 3321.125 (depth 1, 32 lits): UNSAT in 0.04s
    cube 3321.126 (depth 1, 32 lits): UNSAT in 0.13s
    cube 3321.127 (depth 1, 32 lits): UNSAT in 0.02s
    cube 3321.128 (depth 1, 32 lits): UNSAT in 0.04s
    cube 3321.129 (depth 1, 32 lits): UNSAT in 0.03s
    cube 3321.130 (depth 1, 32 lits): UNSAT in 0.18s
    cube 3321.131 (depth 1, 32 lits): UNSAT in 0.02s
    cube 3321.132 (depth 1, 32 lits): UNSAT in 0.04s
    cube 3321.133 (depth 1, 32 lits): UNSAT in 0.12s
    cube 3321.134 (depth 1, 32 lits): UNSAT in 0.24s
    cube 3321.135 (depth 1, 32 lits): UNSAT in 0.02s
    cube 3321.136 (depth 1, 32 lits): UNSAT in 0.05s
    cube 3321.137 (depth 1, 32 lits): UNSAT in 0.13s
    cube 3321.138 (depth 1, 32 lits): UNSAT in 0.40s
    cube 3321.139 (depth 1, 32 lits): UNSAT in 0.04s
    cube 3321.140 (depth 1, 32 lits): UNSAT in 0.45s
    cube 3321.141 (depth 1, 32 lits): UNSAT in 0.34s
    cube 3321.142 (depth 1, 32 lits): UNSAT in 1.47s
    cube 3321.143 (depth 1, 32 lits): UNSAT in 0.02s
    cube 3321.144 (depth 1, 32 lits): UNSAT in 0.04s
    cube 3321.145 (depth 1, 32 lits): UNSAT in 0.03s
    cube 3321.146 (depth 1, 32 lits): UNSAT in 0.16s
    cube 3321.147 (depth 1, 32 lits): UNSAT in 0.08s
    cube 3321.148 (depth 1, 32 lits): UNSAT in 0.13s
    cube 3321.149 (depth 1, 32 lits): UNSAT in 0.23s
    cube 3321.150 (depth 1, 32 lits): UNSAT in 0.37s
    cube 3321.151 (depth 1, 32 lits): UNSAT in 0.05s
    cube 3321.152 (depth 1, 32 lits): UNSAT in 0.15s
    cube 3321.153 (depth 1, 32 lits): UNSAT in 0.08s
    cube 3321.154 (depth 1, 32 lits): UNSAT in 0.31s
    cube 3321.155 (depth 1, 32 lits): UNSAT in 0.23s
    cube 3321.156 (depth 1, 32 lits): UNSAT in 1.12s
    cube 3321.157 (depth 1, 32 lits): UNSAT in 1.22s
    cube 3321.158 (depth 1, 32 lits): UNSAT in 9.48s
    cube 3321.159 (depth 1, 32 lits): UNSAT in 0.02s
    cube 3321.160 (depth 1, 32 lits): UNSAT in 0.04s
    cube 3321.161 (depth 1, 32 lits): UNSAT in 0.04s
    cube 3321.162 (depth 1, 32 lits): UNSAT in 0.08s
    cube 3321.163 (depth 1, 32 lits): UNSAT in 0.04s
    cube 3321.164 (depth 1, 32 lits): UNSAT in 0.06s
    cube 3321.165 (depth 1, 32 lits): UNSAT in 0.07s
    cube 3321.166 (depth 1, 32 lits): UNSAT in 0.20s
    cube 3321.167 (depth 1, 32 lits): UNSAT in 0.03s
    cube 3321.168 (depth 1, 32 lits): UNSAT in 0.04s
    cube 3321.169 (depth 1, 32 lits): UNSAT in 0.07s
    cube 3321.170 (depth 1, 32 lits): UNSAT in 0.26s
    cube 3321.171 (depth 1, 32 lits): UNSAT in 0.12s
    cube 3321.172 (depth 1, 32 lits): UNSAT in 0.35s
    cube 3321.173 (depth 1, 32 lits): UNSAT in 0.32s
    cube 3321.174 (depth 1, 32 lits): UNSAT in 0.62s
    cube 3321.175 (depth 1, 32 lits): UNSAT in 0.02s
    cube 3321.176 (depth 1, 32 lits): UNSAT in 0.04s
    cube 3321.177 (depth 1, 32 lits): UNSAT in 0.04s
    cube 3321.178 (depth 1, 32 lits): UNSAT in 0.17s
    cube 3321.179 (depth 1, 32 lits): UNSAT in 0.07s
    cube 3321.180 (depth 1, 32 lits): UNSAT in 0.14s
    cube 3321.181 (depth 1, 32 lits): UNSAT in 0.09s
    cube 3321.182 (depth 1, 32 lits): UNSAT in 0.40s
    cube 3321.183 (depth 1, 32 lits): UNSAT in 0.25s
    cube 3321.184 (depth 1, 32 lits): UNSAT in 0.24s
    cube 3321.185 (depth 1, 32 lits): UNSAT in 0.19s
    cube 3321.186 (depth 1, 32 lits): UNSAT in 0.55s
    cube 3321.187 (depth 1, 32 lits): UNSAT in 0.19s
    cube 3321.188 (depth 1, 32 lits): UNSAT in 1.34s
    cube 3321.189 (depth 1, 32 lits): UNSAT in 0.30s
    cube 3321.190 (depth 1, 32 lits): UNSAT in 3.12s
    cube 3321.191 (depth 1, 32 lits): UNSAT in 0.02s
    cube 3321.192 (depth 1, 32 lits): UNSAT in 0.03s
    cube 3321.193 (depth 1, 32 lits): UNSAT in 0.04s
    cube 3321.194 (depth 1, 32 lits): UNSAT in 0.09s
    cube 3321.195 (depth 1, 32 lits): UNSAT in 0.14s
    cube 3321.196 (depth 1, 32 lits): UNSAT in 0.74s
    cube 3321.197 (depth 1, 32 lits): UNSAT in 0.13s
    cube 3321.198 (depth 1, 32 lits): UNSAT in 0.58s
    cube 3321.199 (depth 1, 32 lits): UNSAT in 0.06s
    cube 3321.200 (depth 1, 32 lits): UNSAT in 0.12s
    cube 3321.201 (depth 1, 32 lits): UNSAT in 0.07s
    cube 3321.202 (depth 1, 32 lits): UNSAT in 0.89s
    cube 3321.203 (depth 1, 32 lits): UNSAT in 0.58s
    cube 3321.204 (depth 1, 32 lits): UNSAT in 1.27s
    cube 3321.205 (depth 1, 32 lits): UNSAT in 1.06s
    cube 3321.206 (depth 1, 32 lits): UNSAT in 5.44s
    cube 3321.207 (depth 1, 32 lits): UNSAT in 0.12s
    cube 3321.208 (depth 1, 32 lits): UNSAT in 1.95s
    cube 3321.209 (depth 1, 32 lits): UNSAT in 0.19s
    cube 3321.210 (depth 1, 32 lits): UNSAT in 1.10s
    cube 3321.211 (depth 1, 32 lits): UNSAT in 0.23s
    cube 3321.212 (depth 1, 32 lits): UNSAT in 1.34s
    cube 3321.213 (depth 1, 32 lits): UNSAT in 1.92s
    cube 3321.214 (depth 1, 32 lits): UNSAT in 14.42s
    cube 3321.215 (depth 1, 32 lits): UNSAT in 0.52s
    cube 3321.216 (depth 1, 32 lits): UNSAT in 3.34s
    cube 3321.217 (depth 1, 32 lits): UNSAT in 0.82s
    cube 3321.218 (depth 1, 32 lits): UNSAT in 16.40s
    cube 3321.219 (depth 1, 32 lits): UNSAT in 1.61s
    cube 3321.220 (depth 1, 32 lits): UNSAT in 13.58s
    cube 3321.221 (depth 1, 32 lits): UNSAT in 11.07s
    cube 3321.222 (depth 1, 32 lits): UNSAT in 33.24s

  shard 1 verdict: UNSAT [parent cube 4056's children only] (831 UNSAT, 0 unresolved) in 6766.7s
