  shard 18/24 (explicit): 1 of 4095 cubes, per-cube cap 1200.0s, re-split depth 7
    cube 4044 (depth 0, 12 lits): TIMEOUT in 1200.09s
    cube 4044 TIMEOUT -> re-split into 256 sub-cubes (depth 1)
    cube 4044.0 (depth 1, 20 lits): UNSAT in 0.01s
    cube 4044.1 (depth 1, 20 lits): UNSAT in 0.02s
    cube 4044.2 (depth 1, 20 lits): UNSAT in 0.01s
    cube 4044.3 (depth 1, 20 lits): UNSAT in 0.02s
    cube 4044.4 (depth 1, 20 lits): UNSAT in 0.01s
    cube 4044.5 (depth 1, 20 lits): UNSAT in 0.01s
    cube 4044.6 (depth 1, 20 lits): UNSAT in 0.02s
    cube 4044.7 (depth 1, 20 lits): UNSAT in 0.01s
    cube 4044.8 (depth 1, 20 lits): UNSAT in 0.01s
    cube 4044.9 (depth 1, 20 lits): UNSAT in 0.03s
    cube 4044.10 (depth 1, 20 lits): UNSAT in 0.01s
    cube 4044.11 (depth 1, 20 lits): UNSAT in 0.02s
    cube 4044.12 (depth 1, 20 lits): UNSAT in 0.01s
    cube 4044.13 (depth 1, 20 lits): UNSAT in 0.02s
    cube 4044.14 (depth 1, 20 lits): UNSAT in 0.09s
    cube 4044.15 (depth 1, 20 lits): UNSAT in 0.08s
    cube 4044.16 (depth 1, 20 lits): UNSAT in 0.02s
    cube 4044.17 (depth 1, 20 lits): UNSAT in 0.02s
    cube 4044.18 (depth 1, 20 lits): UNSAT in 0.02s
    cube 4044.19 (depth 1, 20 lits): UNSAT in 0.01s
    cube 4044.20 (depth 1, 20 lits): UNSAT in 0.02s
    cube 4044.21 (depth 1, 20 lits): UNSAT in 0.05s
    cube 4044.22 (depth 1, 20 lits): UNSAT in 0.04s
    cube 4044.23 (depth 1, 20 lits): UNSAT in 0.10s
    cube 4044.24 (depth 1, 20 lits): UNSAT in 0.02s
    cube 4044.25 (depth 1, 20 lits): UNSAT in 0.05s
    cube 4044.26 (depth 1, 20 lits): UNSAT in 0.08s
    cube 4044.27 (depth 1, 20 lits): UNSAT in 0.27s
    cube 4044.28 (depth 1, 20 lits): UNSAT in 0.05s
    cube 4044.29 (depth 1, 20 lits): UNSAT in 0.20s
    cube 4044.30 (depth 1, 20 lits): UNSAT in 0.34s
    cube 4044.31 (depth 1, 20 lits): UNSAT in 1.14s
    cube 4044.32 (depth 1, 20 lits): UNSAT in 0.02s
    cube 4044.33 (depth 1, 20 lits): UNSAT in 0.03s
    cube 4044.34 (depth 1, 20 lits): UNSAT in 0.01s
    cube 4044.35 (depth 1, 20 lits): UNSAT in 0.03s
    cube 4044.36 (depth 1, 20 lits): UNSAT in 0.02s
    cube 4044.37 (depth 1, 20 lits): UNSAT in 0.03s
    cube 4044.38 (depth 1, 20 lits): UNSAT in 0.02s
    cube 4044.39 (depth 1, 20 lits): UNSAT in 0.13s
    cube 4044.40 (depth 1, 20 lits): UNSAT in 0.02s
    cube 4044.41 (depth 1, 20 lits): UNSAT in 0.02s
    cube 4044.42 (depth 1, 20 lits): UNSAT in 0.02s
    cube 4044.43 (depth 1, 20 lits): UNSAT in 0.03s
    cube 4044.44 (depth 1, 20 lits): UNSAT in 0.08s
    cube 4044.45 (depth 1, 20 lits): UNSAT in 0.12s
    cube 4044.46 (depth 1, 20 lits): UNSAT in 0.06s
    cube 4044.47 (depth 1, 20 lits): UNSAT in 0.19s
    cube 4044.48 (depth 1, 20 lits): UNSAT in 0.01s
    cube 4044.49 (depth 1, 20 lits): UNSAT in 0.03s
    cube 4044.50 (depth 1, 20 lits): UNSAT in 0.04s
    cube 4044.51 (depth 1, 20 lits): UNSAT in 0.08s
    cube 4044.52 (depth 1, 20 lits): UNSAT in 0.04s
    cube 4044.53 (depth 1, 20 lits): UNSAT in 0.25s
    cube 4044.54 (depth 1, 20 lits): UNSAT in 0.11s
    cube 4044.55 (depth 1, 20 lits): UNSAT in 0.54s
    cube 4044.56 (depth 1, 20 lits): UNSAT in 0.03s
    cube 4044.57 (depth 1, 20 lits): UNSAT in 0.14s
    cube 4044.58 (depth 1, 20 lits): UNSAT in 0.21s
    cube 4044.59 (depth 1, 20 lits): UNSAT in 1.70s
    cube 4044.60 (depth 1, 20 lits): UNSAT in 0.21s
    cube 4044.61 (depth 1, 20 lits): UNSAT in 1.20s
    cube 4044.62 (depth 1, 20 lits): UNSAT in 1.76s
    cube 4044.63 (depth 1, 20 lits): UNSAT in 11.26s
    cube 4044.64 (depth 1, 20 lits): UNSAT in 0.03s
    cube 4044.65 (depth 1, 20 lits): UNSAT in 0.02s
    cube 4044.66 (depth 1, 20 lits): UNSAT in 0.06s
    cube 4044.67 (depth 1, 20 lits): UNSAT in 0.10s
    cube 4044.68 (depth 1, 20 lits): UNSAT in 0.06s
    cube 4044.69 (depth 1, 20 lits): UNSAT in 0.14s
    cube 4044.70 (depth 1, 20 lits): UNSAT in 0.19s
    cube 4044.71 (depth 1, 20 lits): UNSAT in 0.52s
    cube 4044.72 (depth 1, 20 lits): UNSAT in 0.04s
    cube 4044.73 (depth 1, 20 lits): UNSAT in 0.11s
    cube 4044.74 (depth 1, 20 lits): UNSAT in 0.03s
    cube 4044.75 (depth 1, 20 lits): UNSAT in 0.36s
    cube 4044.76 (depth 1, 20 lits): UNSAT in 0.04s
    cube 4044.77 (depth 1, 20 lits): UNSAT in 0.62s
    cube 4044.78 (depth 1, 20 lits): UNSAT in 0.83s
    cube 4044.79 (depth 1, 20 lits): UNSAT in 10.16s
    cube 4044.80 (depth 1, 20 lits): UNSAT in 0.07s
    cube 4044.81 (depth 1, 20 lits): UNSAT in 0.16s
    cube 4044.82 (depth 1, 20 lits): UNSAT in 0.20s
    cube 4044.83 (depth 1, 20 lits): UNSAT in 0.55s
    cube 4044.84 (depth 1, 20 lits): UNSAT in 0.18s
    cube 4044.85 (depth 1, 20 lits): UNSAT in 0.81s
    cube 4044.86 (depth 1, 20 lits): UNSAT in 1.36s
    cube 4044.87 (depth 1, 20 lits): UNSAT in 5.70s
    cube 4044.88 (depth 1, 20 lits): UNSAT in 0.09s
    cube 4044.89 (depth 1, 20 lits): UNSAT in 0.59s
    cube 4044.90 (depth 1, 20 lits): UNSAT in 0.22s
    cube 4044.91 (depth 1, 20 lits): UNSAT in 1.04s
    cube 4044.92 (depth 1, 20 lits): UNSAT in 0.23s
    cube 4044.93 (depth 1, 20 lits): UNSAT in 3.91s
    cube 4044.94 (depth 1, 20 lits): UNSAT in 5.92s
    cube 4044.95 (depth 1, 20 lits): UNSAT in 72.39s
    cube 4044.96 (depth 1, 20 lits): UNSAT in 0.04s
    cube 4044.97 (depth 1, 20 lits): UNSAT in 0.07s
    cube 4044.98 (depth 1, 20 lits): UNSAT in 0.05s
    cube 4044.99 (depth 1, 20 lits): UNSAT in 0.12s
    cube 4044.100 (depth 1, 20 lits): UNSAT in 0.03s
    cube 4044.101 (depth 1, 20 lits): UNSAT in 0.18s
    cube 4044.102 (depth 1, 20 lits): UNSAT in 0.32s
    cube 4044.103 (depth 1, 20 lits): UNSAT in 0.71s
    cube 4044.104 (depth 1, 20 lits): UNSAT in 0.09s
    cube 4044.105 (depth 1, 20 lits): UNSAT in 0.13s
    cube 4044.106 (depth 1, 20 lits): UNSAT in 0.19s
    cube 4044.107 (depth 1, 20 lits): UNSAT in 0.74s
    cube 4044.108 (depth 1, 20 lits): UNSAT in 0.05s
    cube 4044.109 (depth 1, 20 lits): UNSAT in 0.18s
    cube 4044.110 (depth 1, 20 lits): UNSAT in 0.80s
    cube 4044.111 (depth 1, 20 lits): UNSAT in 5.18s
    cube 4044.112 (depth 1, 20 lits): UNSAT in 0.04s
    cube 4044.113 (depth 1, 20 lits): UNSAT in 0.05s
    cube 4044.114 (depth 1, 20 lits): UNSAT in 0.24s
    cube 4044.115 (depth 1, 20 lits): UNSAT in 1.16s
    cube 4044.116 (depth 1, 20 lits): UNSAT in 0.06s
    cube 4044.117 (depth 1, 20 lits): UNSAT in 0.36s
    cube 4044.118 (depth 1, 20 lits): UNSAT in 1.88s
    cube 4044.119 (depth 1, 20 lits): UNSAT in 8.40s
    cube 4044.120 (depth 1, 20 lits): UNSAT in 0.42s
    cube 4044.121 (depth 1, 20 lits): UNSAT in 0.89s
    cube 4044.122 (depth 1, 20 lits): UNSAT in 1.51s
    cube 4044.123 (depth 1, 20 lits): UNSAT in 3.63s
    cube 4044.124 (depth 1, 20 lits): UNSAT in 3.68s
    cube 4044.125 (depth 1, 20 lits): UNSAT in 22.17s
    cube 4044.126 (depth 1, 20 lits): UNSAT in 9.48s
    cube 4044.127 (depth 1, 20 lits): UNSAT in 217.38s
    cube 4044.128 (depth 1, 20 lits): UNSAT in 0.02s
    cube 4044.129 (depth 1, 20 lits): UNSAT in 0.02s
    cube 4044.130 (depth 1, 20 lits): UNSAT in 0.02s
    cube 4044.131 (depth 1, 20 lits): UNSAT in 0.02s
    cube 4044.132 (depth 1, 20 lits): UNSAT in 0.01s
    cube 4044.133 (depth 1, 20 lits): UNSAT in 0.02s
    cube 4044.134 (depth 1, 20 lits): UNSAT in 0.02s
    cube 4044.135 (depth 1, 20 lits): UNSAT in 0.05s
    cube 4044.136 (depth 1, 20 lits): UNSAT in 0.02s
    cube 4044.137 (depth 1, 20 lits): UNSAT in 0.02s
    cube 4044.138 (depth 1, 20 lits): UNSAT in 0.06s
    cube 4044.139 (depth 1, 20 lits): UNSAT in 0.06s
    cube 4044.140 (depth 1, 20 lits): UNSAT in 0.05s
    cube 4044.141 (depth 1, 20 lits): UNSAT in 0.07s
    cube 4044.142 (depth 1, 20 lits): UNSAT in 0.09s
    cube 4044.143 (depth 1, 20 lits): UNSAT in 0.75s
    cube 4044.144 (depth 1, 20 lits): UNSAT in 0.01s
    cube 4044.145 (depth 1, 20 lits): UNSAT in 0.04s
    cube 4044.146 (depth 1, 20 lits): UNSAT in 0.03s
    cube 4044.147 (depth 1, 20 lits): UNSAT in 0.10s
    cube 4044.148 (depth 1, 20 lits): UNSAT in 0.09s
    cube 4044.149 (depth 1, 20 lits): UNSAT in 0.18s
    cube 4044.150 (depth 1, 20 lits): UNSAT in 0.12s
    cube 4044.151 (depth 1, 20 lits): UNSAT in 0.29s
    cube 4044.152 (depth 1, 20 lits): UNSAT in 0.08s
    cube 4044.153 (depth 1, 20 lits): UNSAT in 0.44s
    cube 4044.154 (depth 1, 20 lits): UNSAT in 0.09s
    cube 4044.155 (depth 1, 20 lits): UNSAT in 0.56s
    cube 4044.156 (depth 1, 20 lits): UNSAT in 0.09s
    cube 4044.157 (depth 1, 20 lits): UNSAT in 0.50s
    cube 4044.158 (depth 1, 20 lits): UNSAT in 0.72s
    cube 4044.159 (depth 1, 20 lits): UNSAT in 4.32s
    cube 4044.160 (depth 1, 20 lits): UNSAT in 0.02s
    cube 4044.161 (depth 1, 20 lits): UNSAT in 0.07s
    cube 4044.162 (depth 1, 20 lits): UNSAT in 0.04s
    cube 4044.163 (depth 1, 20 lits): UNSAT in 0.28s
    cube 4044.164 (depth 1, 20 lits): UNSAT in 0.03s
    cube 4044.165 (depth 1, 20 lits): UNSAT in 0.13s
    cube 4044.166 (depth 1, 20 lits): UNSAT in 0.05s
    cube 4044.167 (depth 1, 20 lits): UNSAT in 0.58s
    cube 4044.168 (depth 1, 20 lits): UNSAT in 0.05s
    cube 4044.169 (depth 1, 20 lits): UNSAT in 0.30s
    cube 4044.170 (depth 1, 20 lits): UNSAT in 0.18s
    cube 4044.171 (depth 1, 20 lits): UNSAT in 0.76s
    cube 4044.172 (depth 1, 20 lits): UNSAT in 0.09s
    cube 4044.173 (depth 1, 20 lits): UNSAT in 0.21s
    cube 4044.174 (depth 1, 20 lits): UNSAT in 0.71s
    cube 4044.175 (depth 1, 20 lits): UNSAT in 7.92s
    cube 4044.176 (depth 1, 20 lits): UNSAT in 0.17s
    cube 4044.177 (depth 1, 20 lits): UNSAT in 0.74s
    cube 4044.178 (depth 1, 20 lits): UNSAT in 0.34s
    cube 4044.179 (depth 1, 20 lits): UNSAT in 4.64s
    cube 4044.180 (depth 1, 20 lits): UNSAT in 0.91s
    cube 4044.181 (depth 1, 20 lits): UNSAT in 2.46s
    cube 4044.182 (depth 1, 20 lits): UNSAT in 1.82s
    cube 4044.183 (depth 1, 20 lits): UNSAT in 18.71s
    cube 4044.184 (depth 1, 20 lits): UNSAT in 1.72s
    cube 4044.185 (depth 1, 20 lits): UNSAT in 2.42s
    cube 4044.186 (depth 1, 20 lits): UNSAT in 1.57s
    cube 4044.187 (depth 1, 20 lits): UNSAT in 17.80s
    cube 4044.188 (depth 1, 20 lits): UNSAT in 2.56s
    cube 4044.189 (depth 1, 20 lits): UNSAT in 31.92s
    cube 4044.190 (depth 1, 20 lits): UNSAT in 20.23s
    cube 4044.191 (depth 1, 20 lits): UNSAT in 275.70s
    cube 4044.192 (depth 1, 20 lits): UNSAT in 0.06s
    cube 4044.193 (depth 1, 20 lits): UNSAT in 0.06s
    cube 4044.194 (depth 1, 20 lits): UNSAT in 0.09s
    cube 4044.195 (depth 1, 20 lits): UNSAT in 0.39s
    cube 4044.196 (depth 1, 20 lits): UNSAT in 0.07s
    cube 4044.197 (depth 1, 20 lits): UNSAT in 0.34s
    cube 4044.198 (depth 1, 20 lits): UNSAT in 0.08s
    cube 4044.199 (depth 1, 20 lits): UNSAT in 0.72s
    cube 4044.200 (depth 1, 20 lits): UNSAT in 0.08s
    cube 4044.201 (depth 1, 20 lits): UNSAT in 0.28s
    cube 4044.202 (depth 1, 20 lits): UNSAT in 1.17s
    cube 4044.203 (depth 1, 20 lits): UNSAT in 2.46s
    cube 4044.204 (depth 1, 20 lits): UNSAT in 0.51s
    cube 4044.205 (depth 1, 20 lits): UNSAT in 1.25s
    cube 4044.206 (depth 1, 20 lits): UNSAT in 1.93s
    cube 4044.207 (depth 1, 20 lits): UNSAT in 9.67s
    cube 4044.208 (depth 1, 20 lits): UNSAT in 0.13s
    cube 4044.209 (depth 1, 20 lits): UNSAT in 0.23s
    cube 4044.210 (depth 1, 20 lits): UNSAT in 0.24s
    cube 4044.211 (depth 1, 20 lits): UNSAT in 0.47s
    cube 4044.212 (depth 1, 20 lits): UNSAT in 0.14s
    cube 4044.213 (depth 1, 20 lits): UNSAT in 0.68s
    cube 4044.214 (depth 1, 20 lits): UNSAT in 0.57s
    cube 4044.215 (depth 1, 20 lits): UNSAT in 7.00s
    cube 4044.216 (depth 1, 20 lits): UNSAT in 0.12s
    cube 4044.217 (depth 1, 20 lits): UNSAT in 0.32s
    cube 4044.218 (depth 1, 20 lits): UNSAT in 1.14s
    cube 4044.219 (depth 1, 20 lits): UNSAT in 4.45s
    cube 4044.220 (depth 1, 20 lits): UNSAT in 1.81s
    cube 4044.221 (depth 1, 20 lits): UNSAT in 32.22s
    cube 4044.222 (depth 1, 20 lits): UNSAT in 39.88s
    cube 4044.223 (depth 1, 20 lits): UNSAT in 272.82s
    cube 4044.224 (depth 1, 20 lits): UNSAT in 0.05s
    cube 4044.225 (depth 1, 20 lits): UNSAT in 0.29s
    cube 4044.226 (depth 1, 20 lits): UNSAT in 0.14s
    cube 4044.227 (depth 1, 20 lits): UNSAT in 0.72s
    cube 4044.228 (depth 1, 20 lits): UNSAT in 0.57s
    cube 4044.229 (depth 1, 20 lits): UNSAT in 1.90s
    cube 4044.230 (depth 1, 20 lits): UNSAT in 1.98s
    cube 4044.231 (depth 1, 20 lits): UNSAT in 3.78s
    cube 4044.232 (depth 1, 20 lits): UNSAT in 0.57s
    cube 4044.233 (depth 1, 20 lits): UNSAT in 1.26s
    cube 4044.234 (depth 1, 20 lits): UNSAT in 4.75s
    cube 4044.235 (depth 1, 20 lits): UNSAT in 43.41s
    cube 4044.236 (depth 1, 20 lits): UNSAT in 5.99s
    cube 4044.237 (depth 1, 20 lits): UNSAT in 17.72s
    cube 4044.238 (depth 1, 20 lits): UNSAT in 48.34s
    cube 4044.239 (depth 1, 20 lits): UNSAT in 743.39s
    cube 4044.240 (depth 1, 20 lits): UNSAT in 0.26s
    cube 4044.241 (depth 1, 20 lits): UNSAT in 4.26s
    cube 4044.242 (depth 1, 20 lits): UNSAT in 1.97s
    cube 4044.243 (depth 1, 20 lits): UNSAT in 22.26s
    cube 4044.244 (depth 1, 20 lits): UNSAT in 3.76s
    cube 4044.245 (depth 1, 20 lits): UNSAT in 54.33s
    cube 4044.246 (depth 1, 20 lits): UNSAT in 57.23s
    cube 4044.247 (depth 1, 20 lits): UNSAT in 783.62s
    cube 4044.248 (depth 1, 20 lits): UNSAT in 2.06s
    cube 4044.249 (depth 1, 20 lits): UNSAT in 13.04s
    cube 4044.250 (depth 1, 20 lits): UNSAT in 20.50s
    cube 4044.251 (depth 1, 20 lits): UNSAT in 544.83s
    cube 4044.252 (depth 1, 20 lits): UNSAT in 6.78s
    cube 4044.253 (depth 1, 20 lits): UNSAT in 86.70s
    cube 4044.254 (depth 1, 20 lits): UNSAT in 411.51s
    cube 4044.255 (depth 1, 20 lits): UNSAT in 60.42s

  shard 18 verdict: UNSAT (1 UNSAT, 0 unresolved) in 5347.4s
