  shard 17/24 (explicit): 1 of 4095 cubes, per-cube cap 1200.0s, re-split depth 7
    cube 3556 (depth 0, 12 lits): TIMEOUT in 1200.10s
    cube 3556 TIMEOUT -> re-split into 249 sub-cubes (depth 1)
    cube 3556.0 (depth 1, 19 lits): UNSAT in 0.02s
    cube 3556.1 (depth 1, 20 lits): UNSAT in 0.02s
    cube 3556.2 (depth 1, 20 lits): UNSAT in 0.01s
    cube 3556.3 (depth 1, 19 lits): UNSAT in 0.02s
    cube 3556.4 (depth 1, 20 lits): UNSAT in 0.01s
    cube 3556.5 (depth 1, 20 lits): UNSAT in 0.02s
    cube 3556.6 (depth 1, 20 lits): UNSAT in 0.02s
    cube 3556.7 (depth 1, 20 lits): UNSAT in 0.01s
    cube 3556.8 (depth 1, 20 lits): UNSAT in 0.03s
    cube 3556.9 (depth 1, 20 lits): UNSAT in 0.03s
    cube 3556.10 (depth 1, 20 lits): UNSAT in 0.01s
    cube 3556.11 (depth 1, 20 lits): UNSAT in 0.02s
    cube 3556.12 (depth 1, 20 lits): UNSAT in 0.02s
    cube 3556.13 (depth 1, 20 lits): UNSAT in 0.03s
    cube 3556.14 (depth 1, 19 lits): UNSAT in 0.01s
    cube 3556.15 (depth 1, 20 lits): UNSAT in 0.02s
    cube 3556.16 (depth 1, 20 lits): UNSAT in 0.02s
    cube 3556.17 (depth 1, 20 lits): UNSAT in 0.01s
    cube 3556.18 (depth 1, 20 lits): UNSAT in 0.02s
    cube 3556.19 (depth 1, 20 lits): UNSAT in 0.03s
    cube 3556.20 (depth 1, 20 lits): UNSAT in 0.04s
    cube 3556.21 (depth 1, 19 lits): UNSAT in 0.01s
    cube 3556.22 (depth 1, 20 lits): UNSAT in 0.02s
    cube 3556.23 (depth 1, 20 lits): UNSAT in 0.04s
    cube 3556.24 (depth 1, 20 lits): UNSAT in 0.02s
    cube 3556.25 (depth 1, 20 lits): UNSAT in 0.03s
    cube 3556.26 (depth 1, 20 lits): UNSAT in 0.03s
    cube 3556.27 (depth 1, 20 lits): UNSAT in 0.02s
    cube 3556.28 (depth 1, 19 lits): UNSAT in 0.02s
    cube 3556.29 (depth 1, 20 lits): UNSAT in 0.03s
    cube 3556.30 (depth 1, 20 lits): UNSAT in 0.02s
    cube 3556.31 (depth 1, 20 lits): UNSAT in 0.02s
    cube 3556.32 (depth 1, 20 lits): UNSAT in 0.02s
    cube 3556.33 (depth 1, 20 lits): UNSAT in 0.03s
    cube 3556.34 (depth 1, 20 lits): UNSAT in 0.04s
    cube 3556.35 (depth 1, 20 lits): UNSAT in 0.01s
    cube 3556.36 (depth 1, 20 lits): UNSAT in 0.02s
    cube 3556.37 (depth 1, 20 lits): UNSAT in 0.02s
    cube 3556.38 (depth 1, 20 lits): UNSAT in 0.02s
    cube 3556.39 (depth 1, 20 lits): UNSAT in 0.02s
    cube 3556.40 (depth 1, 20 lits): UNSAT in 0.03s
    cube 3556.41 (depth 1, 20 lits): UNSAT in 0.05s
    cube 3556.42 (depth 1, 20 lits): UNSAT in 0.04s
    cube 3556.43 (depth 1, 19 lits): UNSAT in 0.01s
    cube 3556.44 (depth 1, 20 lits): UNSAT in 0.02s
    cube 3556.45 (depth 1, 20 lits): UNSAT in 0.02s
    cube 3556.46 (depth 1, 20 lits): UNSAT in 0.02s
    cube 3556.47 (depth 1, 20 lits): UNSAT in 0.02s
    cube 3556.48 (depth 1, 20 lits): UNSAT in 0.09s
    cube 3556.49 (depth 1, 20 lits): UNSAT in 0.15s
    cube 3556.50 (depth 1, 20 lits): UNSAT in 0.03s
    cube 3556.51 (depth 1, 20 lits): UNSAT in 0.08s
    cube 3556.52 (depth 1, 20 lits): UNSAT in 0.03s
    cube 3556.53 (depth 1, 20 lits): UNSAT in 0.08s
    cube 3556.54 (depth 1, 20 lits): UNSAT in 0.04s
    cube 3556.55 (depth 1, 20 lits): UNSAT in 0.53s
    cube 3556.56 (depth 1, 20 lits): UNSAT in 0.11s
    cube 3556.57 (depth 1, 20 lits): UNSAT in 0.08s
    cube 3556.58 (depth 1, 19 lits): UNSAT in 0.02s
    cube 3556.59 (depth 1, 20 lits): UNSAT in 0.02s
    cube 3556.60 (depth 1, 20 lits): UNSAT in 0.02s
    cube 3556.61 (depth 1, 20 lits): UNSAT in 0.01s
    cube 3556.62 (depth 1, 20 lits): UNSAT in 0.02s
    cube 3556.63 (depth 1, 20 lits): UNSAT in 0.03s
    cube 3556.64 (depth 1, 20 lits): UNSAT in 0.04s
    cube 3556.65 (depth 1, 20 lits): UNSAT in 0.02s
    cube 3556.66 (depth 1, 20 lits): UNSAT in 0.02s
    cube 3556.67 (depth 1, 20 lits): UNSAT in 0.02s
    cube 3556.68 (depth 1, 20 lits): UNSAT in 0.08s
    cube 3556.69 (depth 1, 20 lits): UNSAT in 0.05s
    cube 3556.70 (depth 1, 20 lits): UNSAT in 0.08s
    cube 3556.71 (depth 1, 20 lits): UNSAT in 0.13s
    cube 3556.72 (depth 1, 20 lits): UNSAT in 0.14s
    cube 3556.73 (depth 1, 20 lits): UNSAT in 0.02s
    cube 3556.74 (depth 1, 20 lits): UNSAT in 0.03s
    cube 3556.75 (depth 1, 20 lits): UNSAT in 0.02s
    cube 3556.76 (depth 1, 20 lits): UNSAT in 0.04s
    cube 3556.77 (depth 1, 20 lits): UNSAT in 0.05s
    cube 3556.78 (depth 1, 20 lits): UNSAT in 0.08s
    cube 3556.79 (depth 1, 20 lits): UNSAT in 0.13s
    cube 3556.80 (depth 1, 20 lits): UNSAT in 0.33s
    cube 3556.81 (depth 1, 20 lits): UNSAT in 0.04s
    cube 3556.82 (depth 1, 20 lits): UNSAT in 0.04s
    cube 3556.83 (depth 1, 20 lits): UNSAT in 0.06s
    cube 3556.84 (depth 1, 20 lits): UNSAT in 0.13s
    cube 3556.85 (depth 1, 20 lits): UNSAT in 0.03s
    cube 3556.86 (depth 1, 20 lits): UNSAT in 0.04s
    cube 3556.87 (depth 1, 20 lits): UNSAT in 0.05s
    cube 3556.88 (depth 1, 20 lits): UNSAT in 0.09s
    cube 3556.89 (depth 1, 20 lits): UNSAT in 0.02s
    cube 3556.90 (depth 1, 20 lits): UNSAT in 0.02s
    cube 3556.91 (depth 1, 20 lits): UNSAT in 0.04s
    cube 3556.92 (depth 1, 20 lits): UNSAT in 0.14s
    cube 3556.93 (depth 1, 20 lits): UNSAT in 0.02s
    cube 3556.94 (depth 1, 20 lits): UNSAT in 0.13s
    cube 3556.95 (depth 1, 20 lits): UNSAT in 0.08s
    cube 3556.96 (depth 1, 20 lits): UNSAT in 0.29s
    cube 3556.97 (depth 1, 20 lits): UNSAT in 0.04s
    cube 3556.98 (depth 1, 20 lits): UNSAT in 0.07s
    cube 3556.99 (depth 1, 20 lits): UNSAT in 0.09s
    cube 3556.100 (depth 1, 20 lits): UNSAT in 0.22s
    cube 3556.101 (depth 1, 20 lits): UNSAT in 0.09s
    cube 3556.102 (depth 1, 20 lits): UNSAT in 0.20s
    cube 3556.103 (depth 1, 20 lits): UNSAT in 0.16s
    cube 3556.104 (depth 1, 20 lits): UNSAT in 2.29s
    cube 3556.105 (depth 1, 20 lits): UNSAT in 0.02s
    cube 3556.106 (depth 1, 20 lits): UNSAT in 0.02s
    cube 3556.107 (depth 1, 20 lits): UNSAT in 0.05s
    cube 3556.108 (depth 1, 20 lits): UNSAT in 0.08s
    cube 3556.109 (depth 1, 20 lits): UNSAT in 0.03s
    cube 3556.110 (depth 1, 20 lits): UNSAT in 0.12s
    cube 3556.111 (depth 1, 20 lits): UNSAT in 0.07s
    cube 3556.112 (depth 1, 20 lits): UNSAT in 1.58s
    cube 3556.113 (depth 1, 20 lits): UNSAT in 0.11s
    cube 3556.114 (depth 1, 20 lits): UNSAT in 0.13s
    cube 3556.115 (depth 1, 20 lits): UNSAT in 0.13s
    cube 3556.116 (depth 1, 20 lits): UNSAT in 1.51s
    cube 3556.117 (depth 1, 20 lits): UNSAT in 0.57s
    cube 3556.118 (depth 1, 20 lits): UNSAT in 1.13s
    cube 3556.119 (depth 1, 20 lits): UNSAT in 1.71s
    cube 3556.120 (depth 1, 20 lits): UNSAT in 3.89s
    cube 3556.121 (depth 1, 20 lits): UNSAT in 0.02s
    cube 3556.122 (depth 1, 20 lits): UNSAT in 0.01s
    cube 3556.123 (depth 1, 20 lits): UNSAT in 0.01s
    cube 3556.124 (depth 1, 20 lits): UNSAT in 0.03s
    cube 3556.125 (depth 1, 20 lits): UNSAT in 0.02s
    cube 3556.126 (depth 1, 20 lits): UNSAT in 0.03s
    cube 3556.127 (depth 1, 20 lits): UNSAT in 0.01s
    cube 3556.128 (depth 1, 20 lits): UNSAT in 0.02s
    cube 3556.129 (depth 1, 20 lits): UNSAT in 0.02s
    cube 3556.130 (depth 1, 20 lits): UNSAT in 0.02s
    cube 3556.131 (depth 1, 20 lits): UNSAT in 0.04s
    cube 3556.132 (depth 1, 20 lits): UNSAT in 0.10s
    cube 3556.133 (depth 1, 20 lits): UNSAT in 0.02s
    cube 3556.134 (depth 1, 20 lits): UNSAT in 0.04s
    cube 3556.135 (depth 1, 20 lits): UNSAT in 0.08s
    cube 3556.136 (depth 1, 20 lits): UNSAT in 0.19s
    cube 3556.137 (depth 1, 20 lits): UNSAT in 0.01s
    cube 3556.138 (depth 1, 20 lits): UNSAT in 0.02s
    cube 3556.139 (depth 1, 20 lits): UNSAT in 0.03s
    cube 3556.140 (depth 1, 20 lits): UNSAT in 0.06s
    cube 3556.141 (depth 1, 20 lits): UNSAT in 0.05s
    cube 3556.142 (depth 1, 20 lits): UNSAT in 0.08s
    cube 3556.143 (depth 1, 20 lits): UNSAT in 0.03s
    cube 3556.144 (depth 1, 20 lits): UNSAT in 0.17s
    cube 3556.145 (depth 1, 20 lits): UNSAT in 0.04s
    cube 3556.146 (depth 1, 20 lits): UNSAT in 0.08s
    cube 3556.147 (depth 1, 20 lits): UNSAT in 0.03s
    cube 3556.148 (depth 1, 20 lits): UNSAT in 0.20s
    cube 3556.149 (depth 1, 20 lits): UNSAT in 0.06s
    cube 3556.150 (depth 1, 20 lits): UNSAT in 0.22s
    cube 3556.151 (depth 1, 20 lits): UNSAT in 0.29s
    cube 3556.152 (depth 1, 20 lits): UNSAT in 0.47s
    cube 3556.153 (depth 1, 20 lits): UNSAT in 0.03s
    cube 3556.154 (depth 1, 20 lits): UNSAT in 0.04s
    cube 3556.155 (depth 1, 20 lits): UNSAT in 0.02s
    cube 3556.156 (depth 1, 20 lits): UNSAT in 0.08s
    cube 3556.157 (depth 1, 20 lits): UNSAT in 0.04s
    cube 3556.158 (depth 1, 20 lits): UNSAT in 0.04s
    cube 3556.159 (depth 1, 20 lits): UNSAT in 0.05s
    cube 3556.160 (depth 1, 20 lits): UNSAT in 0.16s
    cube 3556.161 (depth 1, 20 lits): UNSAT in 0.04s
    cube 3556.162 (depth 1, 20 lits): UNSAT in 0.12s
    cube 3556.163 (depth 1, 20 lits): UNSAT in 0.02s
    cube 3556.164 (depth 1, 20 lits): UNSAT in 0.02s
    cube 3556.165 (depth 1, 20 lits): UNSAT in 0.09s
    cube 3556.166 (depth 1, 20 lits): UNSAT in 0.07s
    cube 3556.167 (depth 1, 20 lits): UNSAT in 0.14s
    cube 3556.168 (depth 1, 20 lits): UNSAT in 0.86s
    cube 3556.169 (depth 1, 20 lits): UNSAT in 0.02s
    cube 3556.170 (depth 1, 20 lits): UNSAT in 0.04s
    cube 3556.171 (depth 1, 20 lits): UNSAT in 0.01s
    cube 3556.172 (depth 1, 20 lits): UNSAT in 0.08s
    cube 3556.173 (depth 1, 20 lits): UNSAT in 0.02s
    cube 3556.174 (depth 1, 20 lits): UNSAT in 0.13s
    cube 3556.175 (depth 1, 20 lits): UNSAT in 0.01s
    cube 3556.176 (depth 1, 20 lits): UNSAT in 0.24s
    cube 3556.177 (depth 1, 20 lits): UNSAT in 0.14s
    cube 3556.178 (depth 1, 20 lits): UNSAT in 0.13s
    cube 3556.179 (depth 1, 20 lits): UNSAT in 0.37s
    cube 3556.180 (depth 1, 20 lits): UNSAT in 0.47s
    cube 3556.181 (depth 1, 20 lits): UNSAT in 0.24s
    cube 3556.182 (depth 1, 20 lits): UNSAT in 0.49s
    cube 3556.183 (depth 1, 20 lits): UNSAT in 0.88s
    cube 3556.184 (depth 1, 20 lits): UNSAT in 10.19s
    cube 3556.185 (depth 1, 20 lits): UNSAT in 0.01s
    cube 3556.186 (depth 1, 20 lits): UNSAT in 0.02s
    cube 3556.187 (depth 1, 20 lits): UNSAT in 0.02s
    cube 3556.188 (depth 1, 20 lits): UNSAT in 0.05s
    cube 3556.189 (depth 1, 20 lits): UNSAT in 0.03s
    cube 3556.190 (depth 1, 20 lits): UNSAT in 0.12s
    cube 3556.191 (depth 1, 20 lits): UNSAT in 0.07s
    cube 3556.192 (depth 1, 20 lits): UNSAT in 0.13s
    cube 3556.193 (depth 1, 20 lits): UNSAT in 0.05s
    cube 3556.194 (depth 1, 20 lits): UNSAT in 0.04s
    cube 3556.195 (depth 1, 20 lits): UNSAT in 0.03s
    cube 3556.196 (depth 1, 20 lits): UNSAT in 0.14s
    cube 3556.197 (depth 1, 20 lits): UNSAT in 0.08s
    cube 3556.198 (depth 1, 20 lits): UNSAT in 0.08s
    cube 3556.199 (depth 1, 20 lits): UNSAT in 0.20s
    cube 3556.200 (depth 1, 20 lits): UNSAT in 0.19s
    cube 3556.201 (depth 1, 20 lits): UNSAT in 0.02s
    cube 3556.202 (depth 1, 20 lits): UNSAT in 0.04s
    cube 3556.203 (depth 1, 20 lits): UNSAT in 0.08s
    cube 3556.204 (depth 1, 20 lits): UNSAT in 0.20s
    cube 3556.205 (depth 1, 20 lits): UNSAT in 0.16s
    cube 3556.206 (depth 1, 20 lits): UNSAT in 0.28s
    cube 3556.207 (depth 1, 20 lits): UNSAT in 0.29s
    cube 3556.208 (depth 1, 20 lits): UNSAT in 0.42s
    cube 3556.209 (depth 1, 20 lits): UNSAT in 0.04s
    cube 3556.210 (depth 1, 20 lits): UNSAT in 0.19s
    cube 3556.211 (depth 1, 20 lits): UNSAT in 0.07s
    cube 3556.212 (depth 1, 20 lits): UNSAT in 0.31s
    cube 3556.213 (depth 1, 20 lits): UNSAT in 0.38s
    cube 3556.214 (depth 1, 20 lits): UNSAT in 0.69s
    cube 3556.215 (depth 1, 20 lits): UNSAT in 0.91s
    cube 3556.216 (depth 1, 20 lits): UNSAT in 3.31s
    cube 3556.217 (depth 1, 20 lits): UNSAT in 0.04s
    cube 3556.218 (depth 1, 20 lits): UNSAT in 0.18s
    cube 3556.219 (depth 1, 20 lits): UNSAT in 0.08s
    cube 3556.220 (depth 1, 20 lits): UNSAT in 0.37s
    cube 3556.221 (depth 1, 20 lits): UNSAT in 0.05s
    cube 3556.222 (depth 1, 20 lits): UNSAT in 0.12s
    cube 3556.223 (depth 1, 20 lits): UNSAT in 0.32s
    cube 3556.224 (depth 1, 20 lits): UNSAT in 0.81s
    cube 3556.225 (depth 1, 20 lits): UNSAT in 0.53s
    cube 3556.226 (depth 1, 20 lits): UNSAT in 1.20s
    cube 3556.227 (depth 1, 20 lits): UNSAT in 0.47s
    cube 3556.228 (depth 1, 20 lits): UNSAT in 1.55s
    cube 3556.229 (depth 1, 20 lits): UNSAT in 0.99s
    cube 3556.230 (depth 1, 20 lits): UNSAT in 1.56s
    cube 3556.231 (depth 1, 20 lits): UNSAT in 0.38s
    cube 3556.232 (depth 1, 20 lits): UNSAT in 2.81s
    cube 3556.233 (depth 1, 20 lits): UNSAT in 0.06s
    cube 3556.234 (depth 1, 20 lits): UNSAT in 0.44s
    cube 3556.235 (depth 1, 20 lits): UNSAT in 0.65s
    cube 3556.236 (depth 1, 20 lits): UNSAT in 4.78s
    cube 3556.237 (depth 1, 20 lits): UNSAT in 0.54s
    cube 3556.238 (depth 1, 20 lits): UNSAT in 2.75s
    cube 3556.239 (depth 1, 20 lits): UNSAT in 0.47s
    cube 3556.240 (depth 1, 20 lits): UNSAT in 4.88s
    cube 3556.241 (depth 1, 20 lits): UNSAT in 0.26s
    cube 3556.242 (depth 1, 20 lits): UNSAT in 2.17s
    cube 3556.243 (depth 1, 20 lits): UNSAT in 0.46s
    cube 3556.244 (depth 1, 20 lits): UNSAT in 12.66s
    cube 3556.245 (depth 1, 20 lits): UNSAT in 1.29s
    cube 3556.246 (depth 1, 20 lits): UNSAT in 10.16s
    cube 3556.247 (depth 1, 20 lits): UNSAT in 4.59s
    cube 3556.248 (depth 1, 20 lits): UNSAT in 6.92s

  shard 17 verdict: UNSAT (1 UNSAT, 0 unresolved) in 1315.0s
