  shard 9/24 (explicit): 1 of 4095 cubes, per-cube cap 1200.0s, re-split depth 7
    cube 3534 (depth 0, 12 lits): TIMEOUT in 1200.10s
    cube 3534 TIMEOUT -> re-split into 256 sub-cubes (depth 1)
    cube 3534.0 (depth 1, 20 lits): UNSAT in 0.01s
    cube 3534.1 (depth 1, 20 lits): UNSAT in 0.01s
    cube 3534.2 (depth 1, 20 lits): UNSAT in 0.01s
    cube 3534.3 (depth 1, 20 lits): UNSAT in 0.01s
    cube 3534.4 (depth 1, 20 lits): UNSAT in 0.01s
    cube 3534.5 (depth 1, 20 lits): UNSAT in 0.03s
    cube 3534.6 (depth 1, 20 lits): UNSAT in 0.06s
    cube 3534.7 (depth 1, 20 lits): UNSAT in 0.10s
    cube 3534.8 (depth 1, 20 lits): UNSAT in 0.02s
    cube 3534.9 (depth 1, 20 lits): UNSAT in 0.03s
    cube 3534.10 (depth 1, 20 lits): UNSAT in 0.04s
    cube 3534.11 (depth 1, 20 lits): UNSAT in 0.29s
    cube 3534.12 (depth 1, 20 lits): UNSAT in 0.10s
    cube 3534.13 (depth 1, 20 lits): UNSAT in 0.10s
    cube 3534.14 (depth 1, 20 lits): UNSAT in 0.17s
    cube 3534.15 (depth 1, 20 lits): UNSAT in 1.39s
    cube 3534.16 (depth 1, 20 lits): UNSAT in 0.04s
    cube 3534.17 (depth 1, 20 lits): UNSAT in 0.05s
    cube 3534.18 (depth 1, 20 lits): UNSAT in 0.10s
    cube 3534.19 (depth 1, 20 lits): UNSAT in 0.29s
    cube 3534.20 (depth 1, 20 lits): UNSAT in 0.06s
    cube 3534.21 (depth 1, 20 lits): UNSAT in 0.24s
    cube 3534.22 (depth 1, 20 lits): UNSAT in 0.37s
    cube 3534.23 (depth 1, 20 lits): UNSAT in 1.33s
    cube 3534.24 (depth 1, 20 lits): UNSAT in 0.09s
    cube 3534.25 (depth 1, 20 lits): UNSAT in 0.24s
    cube 3534.26 (depth 1, 20 lits): UNSAT in 0.34s
    cube 3534.27 (depth 1, 20 lits): UNSAT in 1.11s
    cube 3534.28 (depth 1, 20 lits): UNSAT in 0.29s
    cube 3534.29 (depth 1, 20 lits): UNSAT in 1.20s
    cube 3534.30 (depth 1, 20 lits): UNSAT in 1.42s
    cube 3534.31 (depth 1, 20 lits): UNSAT in 4.00s
    cube 3534.32 (depth 1, 20 lits): UNSAT in 0.05s
    cube 3534.33 (depth 1, 20 lits): UNSAT in 0.13s
    cube 3534.34 (depth 1, 20 lits): UNSAT in 0.08s
    cube 3534.35 (depth 1, 20 lits): UNSAT in 0.17s
    cube 3534.36 (depth 1, 20 lits): UNSAT in 0.13s
    cube 3534.37 (depth 1, 20 lits): UNSAT in 0.68s
    cube 3534.38 (depth 1, 20 lits): UNSAT in 0.34s
    cube 3534.39 (depth 1, 20 lits): UNSAT in 0.72s
    cube 3534.40 (depth 1, 20 lits): UNSAT in 0.05s
    cube 3534.41 (depth 1, 20 lits): UNSAT in 0.13s
    cube 3534.42 (depth 1, 20 lits): UNSAT in 0.56s
    cube 3534.43 (depth 1, 20 lits): UNSAT in 0.99s
    cube 3534.44 (depth 1, 20 lits): UNSAT in 0.32s
    cube 3534.45 (depth 1, 20 lits): UNSAT in 1.42s
    cube 3534.46 (depth 1, 20 lits): UNSAT in 0.91s
    cube 3534.47 (depth 1, 20 lits): UNSAT in 5.82s
    cube 3534.48 (depth 1, 20 lits): UNSAT in 0.01s
    cube 3534.49 (depth 1, 20 lits): UNSAT in 0.01s
    cube 3534.50 (depth 1, 20 lits): UNSAT in 0.06s
    cube 3534.51 (depth 1, 20 lits): UNSAT in 0.47s
    cube 3534.52 (depth 1, 20 lits): UNSAT in 0.27s
    cube 3534.53 (depth 1, 20 lits): UNSAT in 0.17s
    cube 3534.54 (depth 1, 20 lits): UNSAT in 0.30s
    cube 3534.55 (depth 1, 20 lits): UNSAT in 2.11s
    cube 3534.56 (depth 1, 20 lits): UNSAT in 0.46s
    cube 3534.57 (depth 1, 20 lits): UNSAT in 1.36s
    cube 3534.58 (depth 1, 20 lits): UNSAT in 1.09s
    cube 3534.59 (depth 1, 20 lits): UNSAT in 7.26s
    cube 3534.60 (depth 1, 20 lits): UNSAT in 1.13s
    cube 3534.61 (depth 1, 20 lits): UNSAT in 6.89s
    cube 3534.62 (depth 1, 20 lits): UNSAT in 5.37s
    cube 3534.63 (depth 1, 20 lits): UNSAT in 38.73s
    cube 3534.64 (depth 1, 20 lits): UNSAT in 0.02s
    cube 3534.65 (depth 1, 20 lits): UNSAT in 0.04s
    cube 3534.66 (depth 1, 20 lits): UNSAT in 0.03s
    cube 3534.67 (depth 1, 20 lits): UNSAT in 0.12s
    cube 3534.68 (depth 1, 20 lits): UNSAT in 0.02s
    cube 3534.69 (depth 1, 20 lits): UNSAT in 0.04s
    cube 3534.70 (depth 1, 20 lits): UNSAT in 0.09s
    cube 3534.71 (depth 1, 20 lits): UNSAT in 0.14s
    cube 3534.72 (depth 1, 20 lits): UNSAT in 0.09s
    cube 3534.73 (depth 1, 20 lits): UNSAT in 0.21s
    cube 3534.74 (depth 1, 20 lits): UNSAT in 0.35s
    cube 3534.75 (depth 1, 20 lits): UNSAT in 0.25s
    cube 3534.76 (depth 1, 20 lits): UNSAT in 0.49s
    cube 3534.77 (depth 1, 20 lits): UNSAT in 0.79s
    cube 3534.78 (depth 1, 20 lits): UNSAT in 1.21s
    cube 3534.79 (depth 1, 20 lits): UNSAT in 3.53s
    cube 3534.80 (depth 1, 20 lits): UNSAT in 0.01s
    cube 3534.81 (depth 1, 20 lits): UNSAT in 0.01s
    cube 3534.82 (depth 1, 20 lits): UNSAT in 0.07s
    cube 3534.83 (depth 1, 20 lits): UNSAT in 0.24s
    cube 3534.84 (depth 1, 20 lits): UNSAT in 0.09s
    cube 3534.85 (depth 1, 20 lits): UNSAT in 0.39s
    cube 3534.86 (depth 1, 20 lits): UNSAT in 0.36s
    cube 3534.87 (depth 1, 20 lits): UNSAT in 2.09s
    cube 3534.88 (depth 1, 20 lits): UNSAT in 0.13s
    cube 3534.89 (depth 1, 20 lits): UNSAT in 0.41s
    cube 3534.90 (depth 1, 20 lits): UNSAT in 0.33s
    cube 3534.91 (depth 1, 20 lits): UNSAT in 1.19s
    cube 3534.92 (depth 1, 20 lits): UNSAT in 0.07s
    cube 3534.93 (depth 1, 20 lits): UNSAT in 1.26s
    cube 3534.94 (depth 1, 20 lits): UNSAT in 1.52s
    cube 3534.95 (depth 1, 20 lits): UNSAT in 6.18s
    cube 3534.96 (depth 1, 20 lits): UNSAT in 0.04s
    cube 3534.97 (depth 1, 20 lits): UNSAT in 0.17s
    cube 3534.98 (depth 1, 20 lits): UNSAT in 0.07s
    cube 3534.99 (depth 1, 20 lits): UNSAT in 0.29s
    cube 3534.100 (depth 1, 20 lits): UNSAT in 0.08s
    cube 3534.101 (depth 1, 20 lits): UNSAT in 0.25s
    cube 3534.102 (depth 1, 20 lits): UNSAT in 1.10s
    cube 3534.103 (depth 1, 20 lits): UNSAT in 3.29s
    cube 3534.104 (depth 1, 20 lits): UNSAT in 0.40s
    cube 3534.105 (depth 1, 20 lits): UNSAT in 0.49s
    cube 3534.106 (depth 1, 20 lits): UNSAT in 0.50s
    cube 3534.107 (depth 1, 20 lits): UNSAT in 5.14s
    cube 3534.108 (depth 1, 20 lits): UNSAT in 1.32s
    cube 3534.109 (depth 1, 20 lits): UNSAT in 8.41s
    cube 3534.110 (depth 1, 20 lits): UNSAT in 12.63s
    cube 3534.111 (depth 1, 20 lits): UNSAT in 10.86s
    cube 3534.112 (depth 1, 20 lits): UNSAT in 0.20s
    cube 3534.113 (depth 1, 20 lits): UNSAT in 0.52s
    cube 3534.114 (depth 1, 20 lits): UNSAT in 0.24s
    cube 3534.115 (depth 1, 20 lits): UNSAT in 2.00s
    cube 3534.116 (depth 1, 20 lits): UNSAT in 0.73s
    cube 3534.117 (depth 1, 20 lits): UNSAT in 5.03s
    cube 3534.118 (depth 1, 20 lits): UNSAT in 9.09s
    cube 3534.119 (depth 1, 20 lits): UNSAT in 48.31s
    cube 3534.120 (depth 1, 20 lits): UNSAT in 0.86s
    cube 3534.121 (depth 1, 20 lits): UNSAT in 3.25s
    cube 3534.122 (depth 1, 20 lits): UNSAT in 3.09s
    cube 3534.123 (depth 1, 20 lits): UNSAT in 8.10s
    cube 3534.124 (depth 1, 20 lits): UNSAT in 3.25s
    cube 3534.125 (depth 1, 20 lits): UNSAT in 55.71s
    cube 3534.126 (depth 1, 20 lits): UNSAT in 29.98s
    cube 3534.127 (depth 1, 20 lits): UNSAT in 522.61s
    cube 3534.128 (depth 1, 20 lits): UNSAT in 0.02s
    cube 3534.129 (depth 1, 20 lits): UNSAT in 0.02s
    cube 3534.130 (depth 1, 20 lits): UNSAT in 0.02s
    cube 3534.131 (depth 1, 20 lits): UNSAT in 0.03s
    cube 3534.132 (depth 1, 20 lits): UNSAT in 0.01s
    cube 3534.133 (depth 1, 20 lits): UNSAT in 0.06s
    cube 3534.134 (depth 1, 20 lits): UNSAT in 0.11s
    cube 3534.135 (depth 1, 20 lits): UNSAT in 0.06s
    cube 3534.136 (depth 1, 20 lits): UNSAT in 0.01s
    cube 3534.137 (depth 1, 20 lits): UNSAT in 0.06s
    cube 3534.138 (depth 1, 20 lits): UNSAT in 0.08s
    cube 3534.139 (depth 1, 20 lits): UNSAT in 0.07s
    cube 3534.140 (depth 1, 20 lits): UNSAT in 0.03s
    cube 3534.141 (depth 1, 20 lits): UNSAT in 0.09s
    cube 3534.142 (depth 1, 20 lits): UNSAT in 0.31s
    cube 3534.143 (depth 1, 20 lits): UNSAT in 0.33s
    cube 3534.144 (depth 1, 20 lits): UNSAT in 0.03s
    cube 3534.145 (depth 1, 20 lits): UNSAT in 0.10s
    cube 3534.146 (depth 1, 20 lits): UNSAT in 0.07s
    cube 3534.147 (depth 1, 20 lits): UNSAT in 0.31s
    cube 3534.148 (depth 1, 20 lits): UNSAT in 0.08s
    cube 3534.149 (depth 1, 20 lits): UNSAT in 0.24s
    cube 3534.150 (depth 1, 20 lits): UNSAT in 0.12s
    cube 3534.151 (depth 1, 20 lits): UNSAT in 1.52s
    cube 3534.152 (depth 1, 20 lits): UNSAT in 0.16s
    cube 3534.153 (depth 1, 20 lits): UNSAT in 0.81s
    cube 3534.154 (depth 1, 20 lits): UNSAT in 0.55s
    cube 3534.155 (depth 1, 20 lits): UNSAT in 2.83s
    cube 3534.156 (depth 1, 20 lits): UNSAT in 0.33s
    cube 3534.157 (depth 1, 20 lits): UNSAT in 3.21s
    cube 3534.158 (depth 1, 20 lits): UNSAT in 1.27s
    cube 3534.159 (depth 1, 20 lits): UNSAT in 9.83s
    cube 3534.160 (depth 1, 20 lits): UNSAT in 0.03s
    cube 3534.161 (depth 1, 20 lits): UNSAT in 0.07s
    cube 3534.162 (depth 1, 20 lits): UNSAT in 0.04s
    cube 3534.163 (depth 1, 20 lits): UNSAT in 0.50s
    cube 3534.164 (depth 1, 20 lits): UNSAT in 0.15s
    cube 3534.165 (depth 1, 20 lits): UNSAT in 1.46s
    cube 3534.166 (depth 1, 20 lits): UNSAT in 1.19s
    cube 3534.167 (depth 1, 20 lits): UNSAT in 7.83s
    cube 3534.168 (depth 1, 20 lits): UNSAT in 0.33s
    cube 3534.169 (depth 1, 20 lits): UNSAT in 0.71s
    cube 3534.170 (depth 1, 20 lits): UNSAT in 0.72s
    cube 3534.171 (depth 1, 20 lits): UNSAT in 4.42s
    cube 3534.172 (depth 1, 20 lits): UNSAT in 0.76s
    cube 3534.173 (depth 1, 20 lits): UNSAT in 1.97s
    cube 3534.174 (depth 1, 20 lits): UNSAT in 1.29s
    cube 3534.175 (depth 1, 20 lits): UNSAT in 12.76s
    cube 3534.176 (depth 1, 20 lits): UNSAT in 0.01s
    cube 3534.177 (depth 1, 20 lits): UNSAT in 0.14s
    cube 3534.178 (depth 1, 20 lits): UNSAT in 0.11s
    cube 3534.179 (depth 1, 20 lits): UNSAT in 0.47s
    cube 3534.180 (depth 1, 20 lits): UNSAT in 0.06s
    cube 3534.181 (depth 1, 20 lits): UNSAT in 0.39s
    cube 3534.182 (depth 1, 20 lits): UNSAT in 1.75s
    cube 3534.183 (depth 1, 20 lits): UNSAT in 3.92s
    cube 3534.184 (depth 1, 20 lits): UNSAT in 0.51s
    cube 3534.185 (depth 1, 20 lits): UNSAT in 7.53s
    cube 3534.186 (depth 1, 20 lits): UNSAT in 1.67s
    cube 3534.187 (depth 1, 20 lits): UNSAT in 40.07s
    cube 3534.188 (depth 1, 20 lits): UNSAT in 2.21s
    cube 3534.189 (depth 1, 20 lits): UNSAT in 17.27s
    cube 3534.190 (depth 1, 20 lits): UNSAT in 136.90s
    cube 3534.191 (depth 1, 20 lits): TIMEOUT in 1200.10s
    cube 3534.191 TIMEOUT -> re-split into 249 sub-cubes (depth 2)
    cube 3534.191.0 (depth 2, 27 lits): UNSAT in 0.01s
    cube 3534.191.1 (depth 2, 27 lits): UNSAT in 0.01s
    cube 3534.191.2 (depth 2, 27 lits): UNSAT in 0.01s
    cube 3534.191.3 (depth 2, 28 lits): UNSAT in 0.02s
    cube 3534.191.4 (depth 2, 28 lits): UNSAT in 0.01s
    cube 3534.191.5 (depth 2, 28 lits): UNSAT in 0.01s
    cube 3534.191.6 (depth 2, 28 lits): UNSAT in 0.02s
    cube 3534.191.7 (depth 2, 28 lits): UNSAT in 0.02s
    cube 3534.191.8 (depth 2, 28 lits): UNSAT in 0.05s
    cube 3534.191.9 (depth 2, 28 lits): UNSAT in 0.02s
    cube 3534.191.10 (depth 2, 28 lits): UNSAT in 0.03s
    cube 3534.191.11 (depth 2, 28 lits): UNSAT in 0.06s
    cube 3534.191.12 (depth 2, 28 lits): UNSAT in 0.07s
    cube 3534.191.13 (depth 2, 28 lits): UNSAT in 0.01s
    cube 3534.191.14 (depth 2, 28 lits): UNSAT in 0.02s
    cube 3534.191.15 (depth 2, 28 lits): UNSAT in 0.02s
    cube 3534.191.16 (depth 2, 28 lits): UNSAT in 0.05s
    cube 3534.191.17 (depth 2, 28 lits): UNSAT in 0.01s
    cube 3534.191.18 (depth 2, 28 lits): UNSAT in 0.02s
    cube 3534.191.19 (depth 2, 28 lits): UNSAT in 0.02s
    cube 3534.191.20 (depth 2, 28 lits): UNSAT in 0.02s
    cube 3534.191.21 (depth 2, 26 lits): UNSAT in 0.01s
    cube 3534.191.22 (depth 2, 28 lits): UNSAT in 0.04s
    cube 3534.191.23 (depth 2, 28 lits): UNSAT in 0.03s
    cube 3534.191.24 (depth 2, 28 lits): UNSAT in 0.06s
    cube 3534.191.25 (depth 2, 28 lits): UNSAT in 0.03s
    cube 3534.191.26 (depth 2, 28 lits): UNSAT in 0.01s
    cube 3534.191.27 (depth 2, 28 lits): UNSAT in 0.01s
    cube 3534.191.28 (depth 2, 28 lits): UNSAT in 0.02s
    cube 3534.191.29 (depth 2, 28 lits): UNSAT in 0.05s
    cube 3534.191.30 (depth 2, 28 lits): UNSAT in 0.01s
    cube 3534.191.31 (depth 2, 28 lits): UNSAT in 0.02s
    cube 3534.191.32 (depth 2, 28 lits): UNSAT in 0.04s
    cube 3534.191.33 (depth 2, 28 lits): UNSAT in 0.15s
    cube 3534.191.34 (depth 2, 28 lits): UNSAT in 0.01s
    cube 3534.191.35 (depth 2, 28 lits): UNSAT in 0.02s
    cube 3534.191.36 (depth 2, 28 lits): UNSAT in 0.01s
    cube 3534.191.37 (depth 2, 28 lits): UNSAT in 0.06s
    cube 3534.191.38 (depth 2, 28 lits): UNSAT in 0.03s
    cube 3534.191.39 (depth 2, 28 lits): UNSAT in 0.06s
    cube 3534.191.40 (depth 2, 28 lits): UNSAT in 0.10s
    cube 3534.191.41 (depth 2, 28 lits): UNSAT in 0.26s
    cube 3534.191.42 (depth 2, 28 lits): UNSAT in 0.02s
    cube 3534.191.43 (depth 2, 28 lits): UNSAT in 0.03s
    cube 3534.191.44 (depth 2, 28 lits): UNSAT in 0.03s
    cube 3534.191.45 (depth 2, 28 lits): UNSAT in 0.04s
    cube 3534.191.46 (depth 2, 28 lits): UNSAT in 0.01s
    cube 3534.191.47 (depth 2, 28 lits): UNSAT in 0.01s
    cube 3534.191.48 (depth 2, 28 lits): UNSAT in 0.06s
    cube 3534.191.49 (depth 2, 28 lits): UNSAT in 0.15s
    cube 3534.191.50 (depth 2, 28 lits): UNSAT in 0.04s
    cube 3534.191.51 (depth 2, 28 lits): UNSAT in 0.13s
    cube 3534.191.52 (depth 2, 28 lits): UNSAT in 0.03s
    cube 3534.191.53 (depth 2, 28 lits): UNSAT in 0.10s
    cube 3534.191.54 (depth 2, 28 lits): UNSAT in 0.07s
    cube 3534.191.55 (depth 2, 28 lits): UNSAT in 0.20s
    cube 3534.191.56 (depth 2, 28 lits): UNSAT in 0.07s
    cube 3534.191.57 (depth 2, 28 lits): UNSAT in 0.12s
    cube 3534.191.58 (depth 2, 28 lits): UNSAT in 0.01s
    cube 3534.191.59 (depth 2, 28 lits): UNSAT in 0.02s
    cube 3534.191.60 (depth 2, 28 lits): UNSAT in 0.03s
    cube 3534.191.61 (depth 2, 28 lits): UNSAT in 0.04s
    cube 3534.191.62 (depth 2, 28 lits): UNSAT in 0.02s
    cube 3534.191.63 (depth 2, 28 lits): UNSAT in 0.05s
    cube 3534.191.64 (depth 2, 28 lits): UNSAT in 0.01s
    cube 3534.191.65 (depth 2, 28 lits): UNSAT in 0.04s
    cube 3534.191.66 (depth 2, 28 lits): UNSAT in 0.02s
    cube 3534.191.67 (depth 2, 28 lits): UNSAT in 0.03s
    cube 3534.191.68 (depth 2, 28 lits): UNSAT in 0.03s
    cube 3534.191.69 (depth 2, 28 lits): UNSAT in 0.11s
    cube 3534.191.70 (depth 2, 28 lits): UNSAT in 0.03s
    cube 3534.191.71 (depth 2, 28 lits): UNSAT in 0.08s
    cube 3534.191.72 (depth 2, 28 lits): UNSAT in 0.07s
    cube 3534.191.73 (depth 2, 28 lits): UNSAT in 0.12s
    cube 3534.191.74 (depth 2, 28 lits): UNSAT in 0.01s
    cube 3534.191.75 (depth 2, 28 lits): UNSAT in 0.04s
    cube 3534.191.76 (depth 2, 28 lits): UNSAT in 0.02s
    cube 3534.191.77 (depth 2, 28 lits): UNSAT in 0.07s
    cube 3534.191.78 (depth 2, 28 lits): UNSAT in 0.05s
    cube 3534.191.79 (depth 2, 28 lits): UNSAT in 0.20s
    cube 3534.191.80 (depth 2, 28 lits): UNSAT in 0.19s
    cube 3534.191.81 (depth 2, 28 lits): UNSAT in 0.30s
    cube 3534.191.82 (depth 2, 28 lits): UNSAT in 0.04s
    cube 3534.191.83 (depth 2, 28 lits): UNSAT in 0.07s
    cube 3534.191.84 (depth 2, 28 lits): UNSAT in 0.08s
    cube 3534.191.85 (depth 2, 28 lits): UNSAT in 0.31s
    cube 3534.191.86 (depth 2, 28 lits): UNSAT in 0.05s
    cube 3534.191.87 (depth 2, 28 lits): UNSAT in 0.45s
    cube 3534.191.88 (depth 2, 28 lits): UNSAT in 0.14s
    cube 3534.191.89 (depth 2, 28 lits): UNSAT in 0.61s
    cube 3534.191.90 (depth 2, 28 lits): UNSAT in 0.02s
    cube 3534.191.91 (depth 2, 28 lits): UNSAT in 0.03s
    cube 3534.191.92 (depth 2, 28 lits): UNSAT in 0.06s
    cube 3534.191.93 (depth 2, 28 lits): UNSAT in 0.25s
    cube 3534.191.94 (depth 2, 28 lits): UNSAT in 0.02s
    cube 3534.191.95 (depth 2, 28 lits): UNSAT in 0.05s
    cube 3534.191.96 (depth 2, 28 lits): UNSAT in 0.16s
    cube 3534.191.97 (depth 2, 28 lits): UNSAT in 0.57s
    cube 3534.191.98 (depth 2, 28 lits): UNSAT in 0.09s
    cube 3534.191.99 (depth 2, 28 lits): UNSAT in 0.16s
    cube 3534.191.100 (depth 2, 28 lits): UNSAT in 0.14s
    cube 3534.191.101 (depth 2, 28 lits): UNSAT in 0.54s
    cube 3534.191.102 (depth 2, 28 lits): UNSAT in 0.04s
    cube 3534.191.103 (depth 2, 28 lits): UNSAT in 0.14s
    cube 3534.191.104 (depth 2, 28 lits): UNSAT in 1.15s
    cube 3534.191.105 (depth 2, 28 lits): UNSAT in 2.40s
    cube 3534.191.106 (depth 2, 28 lits): UNSAT in 0.03s
    cube 3534.191.107 (depth 2, 28 lits): UNSAT in 0.13s
    cube 3534.191.108 (depth 2, 28 lits): UNSAT in 0.13s
    cube 3534.191.109 (depth 2, 28 lits): UNSAT in 0.26s
    cube 3534.191.110 (depth 2, 28 lits): UNSAT in 0.11s
    cube 3534.191.111 (depth 2, 28 lits): UNSAT in 0.68s
    cube 3534.191.112 (depth 2, 28 lits): UNSAT in 1.03s
    cube 3534.191.113 (depth 2, 28 lits): UNSAT in 1.71s
    cube 3534.191.114 (depth 2, 28 lits): UNSAT in 0.05s
    cube 3534.191.115 (depth 2, 28 lits): UNSAT in 0.12s
    cube 3534.191.116 (depth 2, 28 lits): UNSAT in 0.12s
    cube 3534.191.117 (depth 2, 28 lits): UNSAT in 0.39s
    cube 3534.191.118 (depth 2, 28 lits): UNSAT in 0.93s
    cube 3534.191.119 (depth 2, 28 lits): UNSAT in 2.82s
    cube 3534.191.120 (depth 2, 28 lits): UNSAT in 3.68s
    cube 3534.191.121 (depth 2, 28 lits): UNSAT in 2.12s
    cube 3534.191.122 (depth 2, 28 lits): UNSAT in 0.01s
    cube 3534.191.123 (depth 2, 28 lits): UNSAT in 0.01s
    cube 3534.191.124 (depth 2, 28 lits): UNSAT in 0.01s
    cube 3534.191.125 (depth 2, 28 lits): UNSAT in 0.01s
    cube 3534.191.126 (depth 2, 28 lits): UNSAT in 0.01s
    cube 3534.191.127 (depth 2, 28 lits): UNSAT in 0.01s
    cube 3534.191.128 (depth 2, 28 lits): UNSAT in 0.01s
    cube 3534.191.129 (depth 2, 28 lits): UNSAT in 0.03s
    cube 3534.191.130 (depth 2, 27 lits): UNSAT in 0.01s
    cube 3534.191.131 (depth 2, 28 lits): UNSAT in 0.01s
    cube 3534.191.132 (depth 2, 28 lits): UNSAT in 0.02s
    cube 3534.191.133 (depth 2, 28 lits): UNSAT in 0.01s
    cube 3534.191.134 (depth 2, 28 lits): UNSAT in 0.03s
    cube 3534.191.135 (depth 2, 28 lits): UNSAT in 0.07s
    cube 3534.191.136 (depth 2, 28 lits): UNSAT in 0.15s
    cube 3534.191.137 (depth 2, 28 lits): UNSAT in 0.02s
    cube 3534.191.138 (depth 2, 28 lits): UNSAT in 0.03s
    cube 3534.191.139 (depth 2, 28 lits): UNSAT in 0.03s
    cube 3534.191.140 (depth 2, 28 lits): UNSAT in 0.07s
    cube 3534.191.141 (depth 2, 28 lits): UNSAT in 0.01s
    cube 3534.191.142 (depth 2, 28 lits): UNSAT in 0.06s
    cube 3534.191.143 (depth 2, 28 lits): UNSAT in 0.08s
    cube 3534.191.144 (depth 2, 28 lits): UNSAT in 0.23s
    cube 3534.191.145 (depth 2, 28 lits): UNSAT in 0.02s
    cube 3534.191.146 (depth 2, 28 lits): UNSAT in 0.03s
    cube 3534.191.147 (depth 2, 28 lits): UNSAT in 0.13s
    cube 3534.191.148 (depth 2, 28 lits): UNSAT in 0.11s
    cube 3534.191.149 (depth 2, 28 lits): UNSAT in 0.04s
    cube 3534.191.150 (depth 2, 28 lits): UNSAT in 0.12s
    cube 3534.191.151 (depth 2, 28 lits): UNSAT in 0.87s
    cube 3534.191.152 (depth 2, 28 lits): UNSAT in 3.18s
    cube 3534.191.153 (depth 2, 28 lits): UNSAT in 0.03s
    cube 3534.191.154 (depth 2, 28 lits): UNSAT in 0.10s
    cube 3534.191.155 (depth 2, 28 lits): UNSAT in 0.03s
    cube 3534.191.156 (depth 2, 28 lits): UNSAT in 0.15s
    cube 3534.191.157 (depth 2, 28 lits): UNSAT in 0.03s
    cube 3534.191.158 (depth 2, 28 lits): UNSAT in 0.08s
    cube 3534.191.159 (depth 2, 28 lits): UNSAT in 0.22s
    cube 3534.191.160 (depth 2, 28 lits): UNSAT in 0.44s
    cube 3534.191.161 (depth 2, 28 lits): UNSAT in 0.05s
    cube 3534.191.162 (depth 2, 28 lits): UNSAT in 0.12s
    cube 3534.191.163 (depth 2, 28 lits): UNSAT in 0.04s
    cube 3534.191.164 (depth 2, 28 lits): UNSAT in 0.32s
    cube 3534.191.165 (depth 2, 28 lits): UNSAT in 0.08s
    cube 3534.191.166 (depth 2, 28 lits): UNSAT in 0.22s
    cube 3534.191.167 (depth 2, 28 lits): UNSAT in 0.12s
    cube 3534.191.168 (depth 2, 28 lits): UNSAT in 0.92s
    cube 3534.191.169 (depth 2, 28 lits): UNSAT in 0.04s
    cube 3534.191.170 (depth 2, 28 lits): UNSAT in 0.07s
    cube 3534.191.171 (depth 2, 28 lits): UNSAT in 0.06s
    cube 3534.191.172 (depth 2, 28 lits): UNSAT in 0.20s
    cube 3534.191.173 (depth 2, 28 lits): UNSAT in 0.05s
    cube 3534.191.174 (depth 2, 28 lits): UNSAT in 0.09s
    cube 3534.191.175 (depth 2, 28 lits): UNSAT in 0.19s
    cube 3534.191.176 (depth 2, 28 lits): UNSAT in 1.49s
    cube 3534.191.177 (depth 2, 28 lits): UNSAT in 0.35s
    cube 3534.191.178 (depth 2, 28 lits): UNSAT in 0.62s
    cube 3534.191.179 (depth 2, 28 lits): UNSAT in 0.91s
    cube 3534.191.180 (depth 2, 28 lits): UNSAT in 4.59s
    cube 3534.191.181 (depth 2, 28 lits): UNSAT in 0.97s
    cube 3534.191.182 (depth 2, 28 lits): UNSAT in 2.87s
    cube 3534.191.183 (depth 2, 28 lits): UNSAT in 1.40s
    cube 3534.191.184 (depth 2, 28 lits): UNSAT in 24.08s
    cube 3534.191.185 (depth 2, 28 lits): UNSAT in 0.04s
    cube 3534.191.186 (depth 2, 28 lits): UNSAT in 0.05s
    cube 3534.191.187 (depth 2, 28 lits): UNSAT in 0.04s
    cube 3534.191.188 (depth 2, 28 lits): UNSAT in 0.39s
    cube 3534.191.189 (depth 2, 28 lits): UNSAT in 0.21s
    cube 3534.191.190 (depth 2, 28 lits): UNSAT in 0.78s
    cube 3534.191.191 (depth 2, 28 lits): UNSAT in 0.48s
    cube 3534.191.192 (depth 2, 28 lits): UNSAT in 3.70s
    cube 3534.191.193 (depth 2, 28 lits): UNSAT in 0.03s
    cube 3534.191.194 (depth 2, 28 lits): UNSAT in 0.21s
    cube 3534.191.195 (depth 2, 28 lits): UNSAT in 0.09s
    cube 3534.191.196 (depth 2, 28 lits): UNSAT in 1.36s
    cube 3534.191.197 (depth 2, 28 lits): UNSAT in 0.12s
    cube 3534.191.198 (depth 2, 28 lits): UNSAT in 0.36s
    cube 3534.191.199 (depth 2, 28 lits): UNSAT in 1.06s
    cube 3534.191.200 (depth 2, 28 lits): UNSAT in 8.83s
    cube 3534.191.201 (depth 2, 28 lits): UNSAT in 0.04s
    cube 3534.191.202 (depth 2, 28 lits): UNSAT in 0.27s
    cube 3534.191.203 (depth 2, 28 lits): UNSAT in 0.40s
    cube 3534.191.204 (depth 2, 28 lits): UNSAT in 1.17s
    cube 3534.191.205 (depth 2, 28 lits): UNSAT in 0.16s
    cube 3534.191.206 (depth 2, 28 lits): UNSAT in 0.49s
    cube 3534.191.207 (depth 2, 28 lits): UNSAT in 0.25s
    cube 3534.191.208 (depth 2, 28 lits): UNSAT in 3.14s
    cube 3534.191.209 (depth 2, 28 lits): UNSAT in 0.16s
    cube 3534.191.210 (depth 2, 28 lits): UNSAT in 0.33s
    cube 3534.191.211 (depth 2, 28 lits): UNSAT in 0.55s
    cube 3534.191.212 (depth 2, 28 lits): UNSAT in 0.54s
    cube 3534.191.213 (depth 2, 28 lits): UNSAT in 0.47s
    cube 3534.191.214 (depth 2, 28 lits): UNSAT in 2.59s
    cube 3534.191.215 (depth 2, 28 lits): UNSAT in 2.54s
    cube 3534.191.216 (depth 2, 28 lits): UNSAT in 6.07s
    cube 3534.191.217 (depth 2, 28 lits): UNSAT in 0.04s
    cube 3534.191.218 (depth 2, 28 lits): UNSAT in 0.10s
    cube 3534.191.219 (depth 2, 28 lits): UNSAT in 0.05s
    cube 3534.191.220 (depth 2, 28 lits): UNSAT in 1.27s
    cube 3534.191.221 (depth 2, 28 lits): UNSAT in 0.25s
    cube 3534.191.222 (depth 2, 28 lits): UNSAT in 0.52s
    cube 3534.191.223 (depth 2, 28 lits): UNSAT in 1.25s
    cube 3534.191.224 (depth 2, 28 lits): UNSAT in 6.41s
    cube 3534.191.225 (depth 2, 28 lits): UNSAT in 0.08s
    cube 3534.191.226 (depth 2, 28 lits): UNSAT in 0.48s
    cube 3534.191.227 (depth 2, 28 lits): UNSAT in 0.62s
    cube 3534.191.228 (depth 2, 28 lits): UNSAT in 1.08s
    cube 3534.191.229 (depth 2, 28 lits): UNSAT in 0.44s
    cube 3534.191.230 (depth 2, 28 lits): UNSAT in 3.82s
    cube 3534.191.231 (depth 2, 28 lits): UNSAT in 1.42s
    cube 3534.191.232 (depth 2, 28 lits): UNSAT in 20.35s
    cube 3534.191.233 (depth 2, 28 lits): UNSAT in 0.04s
    cube 3534.191.234 (depth 2, 28 lits): UNSAT in 0.19s
    cube 3534.191.235 (depth 2, 28 lits): UNSAT in 0.13s
    cube 3534.191.236 (depth 2, 28 lits): UNSAT in 2.07s
    cube 3534.191.237 (depth 2, 28 lits): UNSAT in 0.21s
    cube 3534.191.238 (depth 2, 28 lits): UNSAT in 0.17s
    cube 3534.191.239 (depth 2, 28 lits): UNSAT in 2.05s
    cube 3534.191.240 (depth 2, 28 lits): UNSAT in 6.16s
    cube 3534.191.241 (depth 2, 28 lits): UNSAT in 0.07s
    cube 3534.191.242 (depth 2, 28 lits): UNSAT in 0.31s
    cube 3534.191.243 (depth 2, 28 lits): UNSAT in 1.17s
    cube 3534.191.244 (depth 2, 28 lits): UNSAT in 5.70s
    cube 3534.191.245 (depth 2, 28 lits): UNSAT in 0.40s
    cube 3534.191.246 (depth 2, 28 lits): UNSAT in 6.93s
    cube 3534.191.247 (depth 2, 28 lits): UNSAT in 3.12s
    cube 3534.191.248 (depth 2, 28 lits): UNSAT in 101.12s
    cube 3534.192 (depth 1, 20 lits): UNSAT in 0.03s
    cube 3534.193 (depth 1, 20 lits): UNSAT in 0.10s
    cube 3534.194 (depth 1, 20 lits): UNSAT in 0.03s
    cube 3534.195 (depth 1, 20 lits): UNSAT in 0.05s
    cube 3534.196 (depth 1, 20 lits): UNSAT in 0.07s
    cube 3534.197 (depth 1, 20 lits): UNSAT in 0.13s
    cube 3534.198 (depth 1, 20 lits): UNSAT in 0.26s
    cube 3534.199 (depth 1, 20 lits): UNSAT in 0.67s
    cube 3534.200 (depth 1, 20 lits): UNSAT in 0.13s
    cube 3534.201 (depth 1, 20 lits): UNSAT in 0.40s
    cube 3534.202 (depth 1, 20 lits): UNSAT in 0.04s
    cube 3534.203 (depth 1, 20 lits): UNSAT in 0.21s
    cube 3534.204 (depth 1, 20 lits): UNSAT in 0.08s
    cube 3534.205 (depth 1, 20 lits): UNSAT in 1.21s
    cube 3534.206 (depth 1, 20 lits): UNSAT in 0.31s
    cube 3534.207 (depth 1, 20 lits): UNSAT in 0.86s
    cube 3534.208 (depth 1, 20 lits): UNSAT in 0.09s
    cube 3534.209 (depth 1, 20 lits): UNSAT in 0.27s
    cube 3534.210 (depth 1, 20 lits): UNSAT in 0.35s
    cube 3534.211 (depth 1, 20 lits): UNSAT in 6.29s
    cube 3534.212 (depth 1, 20 lits): UNSAT in 2.63s
    cube 3534.213 (depth 1, 20 lits): UNSAT in 4.21s
    cube 3534.214 (depth 1, 20 lits): UNSAT in 9.20s
    cube 3534.215 (depth 1, 20 lits): UNSAT in 39.03s
    cube 3534.216 (depth 1, 20 lits): UNSAT in 0.66s
    cube 3534.217 (depth 1, 20 lits): UNSAT in 1.98s
    cube 3534.218 (depth 1, 20 lits): UNSAT in 1.20s
    cube 3534.219 (depth 1, 20 lits): UNSAT in 9.62s
    cube 3534.220 (depth 1, 20 lits): UNSAT in 3.28s
    cube 3534.221 (depth 1, 20 lits): UNSAT in 17.51s
    cube 3534.222 (depth 1, 20 lits): UNSAT in 99.54s
    cube 3534.223 (depth 1, 20 lits): TIMEOUT in 1200.08s
    cube 3534.223 TIMEOUT -> re-split into 239 sub-cubes (depth 2)
    cube 3534.223.0 (depth 2, 25 lits): UNSAT in 0.01s
    cube 3534.223.1 (depth 2, 27 lits): UNSAT in 0.01s
    cube 3534.223.2 (depth 2, 27 lits): UNSAT in 0.01s
    cube 3534.223.3 (depth 2, 27 lits): UNSAT in 0.01s
    cube 3534.223.4 (depth 2, 28 lits): UNSAT in 0.01s
    cube 3534.223.5 (depth 2, 28 lits): UNSAT in 0.01s
    cube 3534.223.6 (depth 2, 28 lits): UNSAT in 0.01s
    cube 3534.223.7 (depth 2, 28 lits): UNSAT in 0.01s
    cube 3534.223.8 (depth 2, 28 lits): UNSAT in 0.01s
    cube 3534.223.9 (depth 2, 28 lits): UNSAT in 0.01s
    cube 3534.223.10 (depth 2, 28 lits): UNSAT in 0.01s
    cube 3534.223.11 (depth 2, 28 lits): UNSAT in 0.01s
    cube 3534.223.12 (depth 2, 28 lits): UNSAT in 0.02s
    cube 3534.223.13 (depth 2, 28 lits): UNSAT in 0.02s
    cube 3534.223.14 (depth 2, 27 lits): UNSAT in 0.01s
    cube 3534.223.15 (depth 2, 28 lits): UNSAT in 0.01s
    cube 3534.223.16 (depth 2, 28 lits): UNSAT in 0.01s
    cube 3534.223.17 (depth 2, 28 lits): UNSAT in 0.04s
    cube 3534.223.18 (depth 2, 28 lits): UNSAT in 0.05s
    cube 3534.223.19 (depth 2, 28 lits): UNSAT in 0.02s
    cube 3534.223.20 (depth 2, 28 lits): UNSAT in 0.03s
    cube 3534.223.21 (depth 2, 27 lits): UNSAT in 0.01s
    cube 3534.223.22 (depth 2, 28 lits): UNSAT in 0.01s
    cube 3534.223.23 (depth 2, 28 lits): UNSAT in 0.01s
    cube 3534.223.24 (depth 2, 28 lits): UNSAT in 0.01s
    cube 3534.223.25 (depth 2, 28 lits): UNSAT in 0.01s
    cube 3534.223.26 (depth 2, 28 lits): UNSAT in 0.01s
    cube 3534.223.27 (depth 2, 28 lits): UNSAT in 0.02s
    cube 3534.223.28 (depth 2, 28 lits): UNSAT in 0.02s
    cube 3534.223.29 (depth 2, 28 lits): UNSAT in 0.02s
    cube 3534.223.30 (depth 2, 28 lits): UNSAT in 0.04s
    cube 3534.223.31 (depth 2, 28 lits): UNSAT in 0.04s
    cube 3534.223.32 (depth 2, 28 lits): UNSAT in 0.01s
    cube 3534.223.33 (depth 2, 28 lits): UNSAT in 0.02s
    cube 3534.223.34 (depth 2, 28 lits): UNSAT in 0.04s
    cube 3534.223.35 (depth 2, 28 lits): UNSAT in 0.09s
    cube 3534.223.36 (depth 2, 26 lits): UNSAT in 0.01s
    cube 3534.223.37 (depth 2, 27 lits): UNSAT in 0.01s
    cube 3534.223.38 (depth 2, 28 lits): UNSAT in 0.01s
    cube 3534.223.39 (depth 2, 28 lits): UNSAT in 0.01s
    cube 3534.223.40 (depth 2, 27 lits): UNSAT in 0.01s
    cube 3534.223.41 (depth 2, 28 lits): UNSAT in 0.01s
    cube 3534.223.42 (depth 2, 28 lits): UNSAT in 0.02s
    cube 3534.223.43 (depth 2, 28 lits): UNSAT in 0.02s
    cube 3534.223.44 (depth 2, 28 lits): UNSAT in 0.02s
    cube 3534.223.45 (depth 2, 28 lits): UNSAT in 0.06s
    cube 3534.223.46 (depth 2, 28 lits): UNSAT in 0.07s
    cube 3534.223.47 (depth 2, 28 lits): UNSAT in 0.01s
    cube 3534.223.48 (depth 2, 28 lits): UNSAT in 0.01s
    cube 3534.223.49 (depth 2, 28 lits): UNSAT in 0.02s
    cube 3534.223.50 (depth 2, 28 lits): UNSAT in 0.02s
    cube 3534.223.51 (depth 2, 28 lits): UNSAT in 0.02s
    cube 3534.223.52 (depth 2, 28 lits): UNSAT in 0.04s
    cube 3534.223.53 (depth 2, 28 lits): UNSAT in 0.03s
    cube 3534.223.54 (depth 2, 28 lits): UNSAT in 0.07s
    cube 3534.223.55 (depth 2, 28 lits): UNSAT in 0.01s
    cube 3534.223.56 (depth 2, 28 lits): UNSAT in 0.01s
    cube 3534.223.57 (depth 2, 28 lits): UNSAT in 0.01s
    cube 3534.223.58 (depth 2, 28 lits): UNSAT in 0.02s
    cube 3534.223.59 (depth 2, 28 lits): UNSAT in 0.01s
    cube 3534.223.60 (depth 2, 28 lits): UNSAT in 0.01s
    cube 3534.223.61 (depth 2, 28 lits): UNSAT in 0.03s
    cube 3534.223.62 (depth 2, 28 lits): UNSAT in 0.08s
    cube 3534.223.63 (depth 2, 28 lits): UNSAT in 0.02s
    cube 3534.223.64 (depth 2, 28 lits): UNSAT in 0.03s
    cube 3534.223.65 (depth 2, 28 lits): UNSAT in 0.02s
    cube 3534.223.66 (depth 2, 28 lits): UNSAT in 0.02s
    cube 3534.223.67 (depth 2, 28 lits): UNSAT in 0.01s
    cube 3534.223.68 (depth 2, 28 lits): UNSAT in 0.03s
    cube 3534.223.69 (depth 2, 28 lits): UNSAT in 0.05s
    cube 3534.223.70 (depth 2, 28 lits): UNSAT in 0.18s
    cube 3534.223.71 (depth 2, 28 lits): UNSAT in 0.01s
    cube 3534.223.72 (depth 2, 28 lits): UNSAT in 0.01s
    cube 3534.223.73 (depth 2, 28 lits): UNSAT in 0.02s
    cube 3534.223.74 (depth 2, 28 lits): UNSAT in 0.11s
    cube 3534.223.75 (depth 2, 28 lits): UNSAT in 0.06s
    cube 3534.223.76 (depth 2, 28 lits): UNSAT in 0.06s
    cube 3534.223.77 (depth 2, 28 lits): UNSAT in 0.33s
    cube 3534.223.78 (depth 2, 28 lits): UNSAT in 0.10s
    cube 3534.223.79 (depth 2, 28 lits): UNSAT in 0.01s
    cube 3534.223.80 (depth 2, 28 lits): UNSAT in 0.01s
    cube 3534.223.81 (depth 2, 28 lits): UNSAT in 0.01s
    cube 3534.223.82 (depth 2, 28 lits): UNSAT in 0.01s
    cube 3534.223.83 (depth 2, 28 lits): UNSAT in 0.01s
    cube 3534.223.84 (depth 2, 28 lits): UNSAT in 0.02s
    cube 3534.223.85 (depth 2, 28 lits): UNSAT in 0.01s
    cube 3534.223.86 (depth 2, 28 lits): UNSAT in 0.08s
    cube 3534.223.87 (depth 2, 28 lits): UNSAT in 0.02s
    cube 3534.223.88 (depth 2, 28 lits): UNSAT in 0.04s
    cube 3534.223.89 (depth 2, 28 lits): UNSAT in 0.03s
    cube 3534.223.90 (depth 2, 28 lits): UNSAT in 0.18s
    cube 3534.223.91 (depth 2, 28 lits): UNSAT in 0.06s
    cube 3534.223.92 (depth 2, 28 lits): UNSAT in 0.07s
    cube 3534.223.93 (depth 2, 28 lits): UNSAT in 0.05s
    cube 3534.223.94 (depth 2, 28 lits): UNSAT in 0.49s
    cube 3534.223.95 (depth 2, 28 lits): UNSAT in 0.03s
    cube 3534.223.96 (depth 2, 28 lits): UNSAT in 0.11s
    cube 3534.223.97 (depth 2, 28 lits): UNSAT in 0.06s
    cube 3534.223.98 (depth 2, 28 lits): UNSAT in 0.16s
    cube 3534.223.99 (depth 2, 28 lits): UNSAT in 0.08s
    cube 3534.223.100 (depth 2, 28 lits): UNSAT in 0.35s
    cube 3534.223.101 (depth 2, 28 lits): UNSAT in 0.42s
    cube 3534.223.102 (depth 2, 28 lits): UNSAT in 1.44s
    cube 3534.223.103 (depth 2, 28 lits): UNSAT in 0.06s
    cube 3534.223.104 (depth 2, 28 lits): UNSAT in 0.23s
    cube 3534.223.105 (depth 2, 28 lits): UNSAT in 0.04s
    cube 3534.223.106 (depth 2, 28 lits): UNSAT in 0.33s
    cube 3534.223.107 (depth 2, 28 lits): UNSAT in 0.83s
    cube 3534.223.108 (depth 2, 28 lits): UNSAT in 3.18s
    cube 3534.223.109 (depth 2, 28 lits): UNSAT in 0.78s
    cube 3534.223.110 (depth 2, 28 lits): UNSAT in 3.08s
    cube 3534.223.111 (depth 2, 28 lits): UNSAT in 0.01s
    cube 3534.223.112 (depth 2, 28 lits): UNSAT in 0.03s
    cube 3534.223.113 (depth 2, 28 lits): UNSAT in 0.02s
    cube 3534.223.114 (depth 2, 28 lits): UNSAT in 0.03s
    cube 3534.223.115 (depth 2, 28 lits): UNSAT in 0.01s
    cube 3534.223.116 (depth 2, 28 lits): UNSAT in 0.02s
    cube 3534.223.117 (depth 2, 28 lits): UNSAT in 0.01s
    cube 3534.223.118 (depth 2, 28 lits): UNSAT in 0.02s
    cube 3534.223.119 (depth 2, 28 lits): UNSAT in 0.01s
    cube 3534.223.120 (depth 2, 28 lits): UNSAT in 0.02s
    cube 3534.223.121 (depth 2, 28 lits): UNSAT in 0.02s
    cube 3534.223.122 (depth 2, 28 lits): UNSAT in 0.14s
    cube 3534.223.123 (depth 2, 28 lits): UNSAT in 0.04s
    cube 3534.223.124 (depth 2, 28 lits): UNSAT in 0.10s
    cube 3534.223.125 (depth 2, 28 lits): UNSAT in 0.06s
    cube 3534.223.126 (depth 2, 28 lits): UNSAT in 0.17s
    cube 3534.223.127 (depth 2, 28 lits): UNSAT in 0.01s
    cube 3534.223.128 (depth 2, 28 lits): UNSAT in 0.02s
    cube 3534.223.129 (depth 2, 28 lits): UNSAT in 0.01s
    cube 3534.223.130 (depth 2, 28 lits): UNSAT in 0.02s
    cube 3534.223.131 (depth 2, 28 lits): UNSAT in 0.02s
    cube 3534.223.132 (depth 2, 28 lits): UNSAT in 0.03s
    cube 3534.223.133 (depth 2, 28 lits): UNSAT in 0.03s
    cube 3534.223.134 (depth 2, 28 lits): UNSAT in 0.12s
    cube 3534.223.135 (depth 2, 28 lits): UNSAT in 0.01s
    cube 3534.223.136 (depth 2, 28 lits): UNSAT in 0.02s
    cube 3534.223.137 (depth 2, 28 lits): UNSAT in 0.06s
    cube 3534.223.138 (depth 2, 28 lits): UNSAT in 0.11s
    cube 3534.223.139 (depth 2, 28 lits): UNSAT in 0.05s
    cube 3534.223.140 (depth 2, 28 lits): UNSAT in 0.03s
    cube 3534.223.141 (depth 2, 28 lits): UNSAT in 0.06s
    cube 3534.223.142 (depth 2, 28 lits): UNSAT in 0.30s
    cube 3534.223.143 (depth 2, 28 lits): UNSAT in 0.05s
    cube 3534.223.144 (depth 2, 28 lits): UNSAT in 0.05s
    cube 3534.223.145 (depth 2, 28 lits): UNSAT in 0.07s
    cube 3534.223.146 (depth 2, 28 lits): UNSAT in 0.14s
    cube 3534.223.147 (depth 2, 28 lits): UNSAT in 0.02s
    cube 3534.223.148 (depth 2, 28 lits): UNSAT in 0.07s
    cube 3534.223.149 (depth 2, 28 lits): UNSAT in 0.14s
    cube 3534.223.150 (depth 2, 28 lits): UNSAT in 0.92s
    cube 3534.223.151 (depth 2, 28 lits): UNSAT in 0.04s
    cube 3534.223.152 (depth 2, 28 lits): UNSAT in 0.06s
    cube 3534.223.153 (depth 2, 28 lits): UNSAT in 0.07s
    cube 3534.223.154 (depth 2, 28 lits): UNSAT in 0.27s
    cube 3534.223.155 (depth 2, 28 lits): UNSAT in 0.04s
    cube 3534.223.156 (depth 2, 28 lits): UNSAT in 0.15s
    cube 3534.223.157 (depth 2, 28 lits): UNSAT in 0.15s
    cube 3534.223.158 (depth 2, 28 lits): UNSAT in 0.80s
    cube 3534.223.159 (depth 2, 28 lits): UNSAT in 0.04s
    cube 3534.223.160 (depth 2, 28 lits): UNSAT in 0.15s
    cube 3534.223.161 (depth 2, 28 lits): UNSAT in 0.05s
    cube 3534.223.162 (depth 2, 28 lits): UNSAT in 0.21s
    cube 3534.223.163 (depth 2, 28 lits): UNSAT in 0.13s
    cube 3534.223.164 (depth 2, 28 lits): UNSAT in 0.14s
    cube 3534.223.165 (depth 2, 28 lits): UNSAT in 0.20s
    cube 3534.223.166 (depth 2, 28 lits): UNSAT in 1.31s
    cube 3534.223.167 (depth 2, 28 lits): UNSAT in 0.18s
    cube 3534.223.168 (depth 2, 28 lits): UNSAT in 0.44s
    cube 3534.223.169 (depth 2, 28 lits): UNSAT in 0.24s
    cube 3534.223.170 (depth 2, 28 lits): UNSAT in 3.34s
    cube 3534.223.171 (depth 2, 28 lits): UNSAT in 0.20s
    cube 3534.223.172 (depth 2, 28 lits): UNSAT in 0.95s
    cube 3534.223.173 (depth 2, 28 lits): UNSAT in 6.93s
    cube 3534.223.174 (depth 2, 28 lits): UNSAT in 28.77s
    cube 3534.223.175 (depth 2, 28 lits): UNSAT in 0.01s
    cube 3534.223.176 (depth 2, 28 lits): UNSAT in 0.02s
    cube 3534.223.177 (depth 2, 28 lits): UNSAT in 0.01s
    cube 3534.223.178 (depth 2, 28 lits): UNSAT in 0.04s
    cube 3534.223.179 (depth 2, 28 lits): UNSAT in 0.08s
    cube 3534.223.180 (depth 2, 28 lits): UNSAT in 0.25s
    cube 3534.223.181 (depth 2, 28 lits): UNSAT in 0.15s
    cube 3534.223.182 (depth 2, 28 lits): UNSAT in 0.19s
    cube 3534.223.183 (depth 2, 28 lits): UNSAT in 0.02s
    cube 3534.223.184 (depth 2, 28 lits): UNSAT in 0.02s
    cube 3534.223.185 (depth 2, 28 lits): UNSAT in 0.07s
    cube 3534.223.186 (depth 2, 28 lits): UNSAT in 0.24s
    cube 3534.223.187 (depth 2, 28 lits): UNSAT in 0.02s
    cube 3534.223.188 (depth 2, 28 lits): UNSAT in 0.08s
    cube 3534.223.189 (depth 2, 28 lits): UNSAT in 0.05s
    cube 3534.223.190 (depth 2, 28 lits): UNSAT in 0.14s
    cube 3534.223.191 (depth 2, 28 lits): UNSAT in 0.07s
    cube 3534.223.192 (depth 2, 28 lits): UNSAT in 0.19s
    cube 3534.223.193 (depth 2, 28 lits): UNSAT in 0.07s
    cube 3534.223.194 (depth 2, 28 lits): UNSAT in 0.58s
    cube 3534.223.195 (depth 2, 28 lits): UNSAT in 0.07s
    cube 3534.223.196 (depth 2, 28 lits): UNSAT in 0.25s
    cube 3534.223.197 (depth 2, 28 lits): UNSAT in 0.49s
    cube 3534.223.198 (depth 2, 28 lits): UNSAT in 3.43s
    cube 3534.223.199 (depth 2, 28 lits): UNSAT in 0.05s
    cube 3534.223.200 (depth 2, 28 lits): UNSAT in 0.34s
    cube 3534.223.201 (depth 2, 28 lits): UNSAT in 0.06s
    cube 3534.223.202 (depth 2, 28 lits): UNSAT in 1.40s
    cube 3534.223.203 (depth 2, 28 lits): UNSAT in 0.47s
    cube 3534.223.204 (depth 2, 28 lits): UNSAT in 2.76s
    cube 3534.223.205 (depth 2, 28 lits): UNSAT in 8.30s
    cube 3534.223.206 (depth 2, 28 lits): UNSAT in 38.07s
    cube 3534.223.207 (depth 2, 28 lits): UNSAT in 0.02s
    cube 3534.223.208 (depth 2, 28 lits): UNSAT in 0.03s
    cube 3534.223.209 (depth 2, 28 lits): UNSAT in 0.02s
    cube 3534.223.210 (depth 2, 28 lits): UNSAT in 0.03s
    cube 3534.223.211 (depth 2, 28 lits): UNSAT in 0.01s
    cube 3534.223.212 (depth 2, 28 lits): UNSAT in 0.08s
    cube 3534.223.213 (depth 2, 28 lits): UNSAT in 0.06s
    cube 3534.223.214 (depth 2, 28 lits): UNSAT in 0.10s
    cube 3534.223.215 (depth 2, 28 lits): UNSAT in 0.02s
    cube 3534.223.216 (depth 2, 28 lits): UNSAT in 0.03s
    cube 3534.223.217 (depth 2, 28 lits): UNSAT in 0.08s
    cube 3534.223.218 (depth 2, 28 lits): UNSAT in 0.16s
    cube 3534.223.219 (depth 2, 28 lits): UNSAT in 0.02s
    cube 3534.223.220 (depth 2, 28 lits): UNSAT in 0.03s
    cube 3534.223.221 (depth 2, 28 lits): UNSAT in 0.12s
    cube 3534.223.222 (depth 2, 28 lits): UNSAT in 0.30s
    cube 3534.223.223 (depth 2, 28 lits): UNSAT in 0.13s
    cube 3534.223.224 (depth 2, 28 lits): UNSAT in 0.17s
    cube 3534.223.225 (depth 2, 28 lits): UNSAT in 0.14s
    cube 3534.223.226 (depth 2, 28 lits): UNSAT in 0.84s
    cube 3534.223.227 (depth 2, 28 lits): UNSAT in 0.16s
    cube 3534.223.228 (depth 2, 28 lits): UNSAT in 0.54s
    cube 3534.223.229 (depth 2, 28 lits): UNSAT in 0.36s
    cube 3534.223.230 (depth 2, 28 lits): UNSAT in 2.62s
    cube 3534.223.231 (depth 2, 28 lits): UNSAT in 0.29s
    cube 3534.223.232 (depth 2, 28 lits): UNSAT in 0.80s
    cube 3534.223.233 (depth 2, 28 lits): UNSAT in 0.82s
    cube 3534.223.234 (depth 2, 28 lits): UNSAT in 5.37s
    cube 3534.223.235 (depth 2, 28 lits): UNSAT in 1.23s
    cube 3534.223.236 (depth 2, 28 lits): UNSAT in 2.72s
    cube 3534.223.237 (depth 2, 28 lits): UNSAT in 3.10s
    cube 3534.223.238 (depth 2, 28 lits): UNSAT in 62.69s
    cube 3534.224 (depth 1, 20 lits): UNSAT in 0.16s
    cube 3534.225 (depth 1, 20 lits): UNSAT in 0.37s
    cube 3534.226 (depth 1, 20 lits): UNSAT in 1.15s
    cube 3534.227 (depth 1, 20 lits): UNSAT in 2.51s
    cube 3534.228 (depth 1, 20 lits): UNSAT in 0.37s
    cube 3534.229 (depth 1, 20 lits): UNSAT in 4.20s
    cube 3534.230 (depth 1, 20 lits): UNSAT in 3.15s
    cube 3534.231 (depth 1, 20 lits): UNSAT in 39.60s
    cube 3534.232 (depth 1, 20 lits): UNSAT in 0.50s
    cube 3534.233 (depth 1, 20 lits): UNSAT in 0.64s
    cube 3534.234 (depth 1, 20 lits): UNSAT in 0.37s
    cube 3534.235 (depth 1, 20 lits): UNSAT in 2.99s
    cube 3534.236 (depth 1, 20 lits): UNSAT in 1.45s
    cube 3534.237 (depth 1, 20 lits): UNSAT in 4.86s
    cube 3534.238 (depth 1, 20 lits): UNSAT in 38.23s
    cube 3534.239 (depth 1, 20 lits): UNSAT in 623.81s
    cube 3534.240 (depth 1, 20 lits): UNSAT in 0.29s
    cube 3534.241 (depth 1, 20 lits): UNSAT in 0.30s
    cube 3534.242 (depth 1, 20 lits): UNSAT in 2.04s
    cube 3534.243 (depth 1, 20 lits): UNSAT in 9.28s
    cube 3534.244 (depth 1, 20 lits): UNSAT in 2.31s
    cube 3534.245 (depth 1, 20 lits): UNSAT in 62.88s
    cube 3534.246 (depth 1, 20 lits): UNSAT in 49.89s
    cube 3534.247 (depth 1, 20 lits): UNSAT in 781.33s
    cube 3534.248 (depth 1, 20 lits): UNSAT in 3.72s
    cube 3534.249 (depth 1, 20 lits): UNSAT in 11.90s
    cube 3534.250 (depth 1, 20 lits): UNSAT in 35.58s
    cube 3534.251 (depth 1, 20 lits): TIMEOUT in 1200.08s
    cube 3534.251 TIMEOUT -> re-split into 244 sub-cubes (depth 2)
    cube 3534.251.0 (depth 2, 27 lits): UNSAT in 0.01s
    cube 3534.251.1 (depth 2, 27 lits): UNSAT in 0.01s
    cube 3534.251.2 (depth 2, 28 lits): UNSAT in 0.01s
    cube 3534.251.3 (depth 2, 28 lits): UNSAT in 0.01s
    cube 3534.251.4 (depth 2, 28 lits): UNSAT in 0.01s
    cube 3534.251.5 (depth 2, 28 lits): UNSAT in 0.02s
    cube 3534.251.6 (depth 2, 28 lits): UNSAT in 0.01s
    cube 3534.251.7 (depth 2, 28 lits): UNSAT in 0.01s
    cube 3534.251.8 (depth 2, 28 lits): UNSAT in 0.02s
    cube 3534.251.9 (depth 2, 28 lits): UNSAT in 0.02s
    cube 3534.251.10 (depth 2, 28 lits): UNSAT in 0.02s
    cube 3534.251.11 (depth 2, 28 lits): UNSAT in 0.04s
    cube 3534.251.12 (depth 2, 28 lits): UNSAT in 0.02s
    cube 3534.251.13 (depth 2, 28 lits): UNSAT in 0.05s
    cube 3534.251.14 (depth 2, 25 lits): UNSAT in 0.01s
    cube 3534.251.15 (depth 2, 28 lits): UNSAT in 0.01s
    cube 3534.251.16 (depth 2, 28 lits): UNSAT in 0.01s
    cube 3534.251.17 (depth 2, 28 lits): UNSAT in 0.01s
    cube 3534.251.18 (depth 2, 28 lits): UNSAT in 0.02s
    cube 3534.251.19 (depth 2, 28 lits): UNSAT in 0.01s
    cube 3534.251.20 (depth 2, 28 lits): UNSAT in 0.03s
    cube 3534.251.21 (depth 2, 28 lits): UNSAT in 0.05s
    cube 3534.251.22 (depth 2, 28 lits): UNSAT in 0.06s
    cube 3534.251.23 (depth 2, 27 lits): UNSAT in 0.01s
    cube 3534.251.24 (depth 2, 28 lits): UNSAT in 0.02s
    cube 3534.251.25 (depth 2, 28 lits): UNSAT in 0.01s
    cube 3534.251.26 (depth 2, 28 lits): UNSAT in 0.01s
    cube 3534.251.27 (depth 2, 28 lits): UNSAT in 0.03s
    cube 3534.251.28 (depth 2, 28 lits): UNSAT in 0.01s
    cube 3534.251.29 (depth 2, 28 lits): UNSAT in 0.10s
    cube 3534.251.30 (depth 2, 28 lits): UNSAT in 0.02s
    cube 3534.251.31 (depth 2, 28 lits): UNSAT in 0.03s
    cube 3534.251.32 (depth 2, 28 lits): UNSAT in 0.02s
    cube 3534.251.33 (depth 2, 28 lits): UNSAT in 0.17s
    cube 3534.251.34 (depth 2, 28 lits): UNSAT in 0.01s
    cube 3534.251.35 (depth 2, 28 lits): UNSAT in 0.09s
    cube 3534.251.36 (depth 2, 28 lits): UNSAT in 0.15s
    cube 3534.251.37 (depth 2, 28 lits): UNSAT in 0.12s
    cube 3534.251.38 (depth 2, 28 lits): UNSAT in 0.02s
    cube 3534.251.39 (depth 2, 28 lits): UNSAT in 0.05s
    cube 3534.251.40 (depth 2, 28 lits): UNSAT in 0.07s
    cube 3534.251.41 (depth 2, 28 lits): UNSAT in 0.31s
    cube 3534.251.42 (depth 2, 28 lits): UNSAT in 0.05s
    cube 3534.251.43 (depth 2, 28 lits): UNSAT in 0.04s
    cube 3534.251.44 (depth 2, 28 lits): UNSAT in 0.08s
    cube 3534.251.45 (depth 2, 28 lits): UNSAT in 0.18s
    cube 3534.251.46 (depth 2, 27 lits): UNSAT in 0.01s
    cube 3534.251.47 (depth 2, 28 lits): UNSAT in 0.01s
    cube 3534.251.48 (depth 2, 28 lits): UNSAT in 0.05s
    cube 3534.251.49 (depth 2, 28 lits): UNSAT in 0.01s
    cube 3534.251.50 (depth 2, 28 lits): UNSAT in 0.35s
    cube 3534.251.51 (depth 2, 28 lits): UNSAT in 0.25s
    cube 3534.251.52 (depth 2, 28 lits): UNSAT in 2.40s
    cube 3534.251.53 (depth 2, 28 lits): UNSAT in 0.01s
    cube 3534.251.54 (depth 2, 28 lits): UNSAT in 0.02s
    cube 3534.251.55 (depth 2, 28 lits): UNSAT in 0.01s
    cube 3534.251.56 (depth 2, 28 lits): UNSAT in 0.01s
    cube 3534.251.57 (depth 2, 28 lits): UNSAT in 0.02s
    cube 3534.251.58 (depth 2, 28 lits): UNSAT in 0.02s
    cube 3534.251.59 (depth 2, 28 lits): UNSAT in 0.05s
    cube 3534.251.60 (depth 2, 28 lits): UNSAT in 0.21s
    cube 3534.251.61 (depth 2, 28 lits): UNSAT in 0.03s
    cube 3534.251.62 (depth 2, 28 lits): UNSAT in 0.08s
    cube 3534.251.63 (depth 2, 28 lits): UNSAT in 0.07s
    cube 3534.251.64 (depth 2, 28 lits): UNSAT in 0.15s
    cube 3534.251.65 (depth 2, 28 lits): UNSAT in 0.06s
    cube 3534.251.66 (depth 2, 28 lits): UNSAT in 0.08s
    cube 3534.251.67 (depth 2, 28 lits): UNSAT in 0.14s
    cube 3534.251.68 (depth 2, 28 lits): UNSAT in 1.48s
    cube 3534.251.69 (depth 2, 28 lits): UNSAT in 0.01s
    cube 3534.251.70 (depth 2, 28 lits): UNSAT in 0.01s
    cube 3534.251.71 (depth 2, 28 lits): UNSAT in 0.01s
    cube 3534.251.72 (depth 2, 28 lits): UNSAT in 0.12s
    cube 3534.251.73 (depth 2, 28 lits): UNSAT in 0.07s
    cube 3534.251.74 (depth 2, 28 lits): UNSAT in 0.23s
    cube 3534.251.75 (depth 2, 28 lits): UNSAT in 0.49s
    cube 3534.251.76 (depth 2, 28 lits): UNSAT in 1.60s
    cube 3534.251.77 (depth 2, 28 lits): UNSAT in 0.05s
    cube 3534.251.78 (depth 2, 28 lits): UNSAT in 0.12s
    cube 3534.251.79 (depth 2, 28 lits): UNSAT in 0.40s
    cube 3534.251.80 (depth 2, 28 lits): UNSAT in 0.52s
    cube 3534.251.81 (depth 2, 28 lits): UNSAT in 0.52s
    cube 3534.251.82 (depth 2, 28 lits): UNSAT in 0.41s
    cube 3534.251.83 (depth 2, 28 lits): UNSAT in 0.84s
    cube 3534.251.84 (depth 2, 28 lits): UNSAT in 4.67s
    cube 3534.251.85 (depth 2, 28 lits): UNSAT in 0.01s
    cube 3534.251.86 (depth 2, 28 lits): UNSAT in 0.02s
    cube 3534.251.87 (depth 2, 28 lits): UNSAT in 0.02s
    cube 3534.251.88 (depth 2, 28 lits): UNSAT in 0.11s
    cube 3534.251.89 (depth 2, 28 lits): UNSAT in 0.02s
    cube 3534.251.90 (depth 2, 28 lits): UNSAT in 0.10s
    cube 3534.251.91 (depth 2, 28 lits): UNSAT in 0.09s
    cube 3534.251.92 (depth 2, 28 lits): UNSAT in 0.17s
    cube 3534.251.93 (depth 2, 28 lits): UNSAT in 0.03s
    cube 3534.251.94 (depth 2, 28 lits): UNSAT in 0.01s
    cube 3534.251.95 (depth 2, 28 lits): UNSAT in 0.03s
    cube 3534.251.96 (depth 2, 28 lits): UNSAT in 0.04s
    cube 3534.251.97 (depth 2, 28 lits): UNSAT in 0.05s
    cube 3534.251.98 (depth 2, 28 lits): UNSAT in 0.14s
    cube 3534.251.99 (depth 2, 28 lits): UNSAT in 0.07s
    cube 3534.251.100 (depth 2, 28 lits): UNSAT in 0.64s
    cube 3534.251.101 (depth 2, 28 lits): UNSAT in 0.03s
    cube 3534.251.102 (depth 2, 28 lits): UNSAT in 0.17s
    cube 3534.251.103 (depth 2, 28 lits): UNSAT in 0.09s
    cube 3534.251.104 (depth 2, 28 lits): UNSAT in 0.37s
    cube 3534.251.105 (depth 2, 28 lits): UNSAT in 0.03s
    cube 3534.251.106 (depth 2, 28 lits): UNSAT in 0.06s
    cube 3534.251.107 (depth 2, 28 lits): UNSAT in 0.58s
    cube 3534.251.108 (depth 2, 28 lits): UNSAT in 2.15s
    cube 3534.251.109 (depth 2, 28 lits): UNSAT in 0.16s
    cube 3534.251.110 (depth 2, 28 lits): UNSAT in 0.83s
    cube 3534.251.111 (depth 2, 28 lits): UNSAT in 1.42s
    cube 3534.251.112 (depth 2, 28 lits): UNSAT in 8.14s
    cube 3534.251.113 (depth 2, 28 lits): UNSAT in 1.68s
    cube 3534.251.114 (depth 2, 28 lits): UNSAT in 22.81s
    cube 3534.251.115 (depth 2, 28 lits): UNSAT in 22.77s
    cube 3534.251.116 (depth 2, 28 lits): UNSAT in 79.11s
    cube 3534.251.117 (depth 2, 27 lits): UNSAT in 0.01s
    cube 3534.251.118 (depth 2, 28 lits): UNSAT in 0.01s
    cube 3534.251.119 (depth 2, 28 lits): UNSAT in 0.02s
    cube 3534.251.120 (depth 2, 28 lits): UNSAT in 0.01s
    cube 3534.251.121 (depth 2, 28 lits): UNSAT in 0.03s
    cube 3534.251.122 (depth 2, 28 lits): UNSAT in 0.04s
    cube 3534.251.123 (depth 2, 28 lits): UNSAT in 0.13s
    cube 3534.251.124 (depth 2, 28 lits): UNSAT in 0.02s
    cube 3534.251.125 (depth 2, 28 lits): UNSAT in 0.03s
    cube 3534.251.126 (depth 2, 28 lits): UNSAT in 0.05s
    cube 3534.251.127 (depth 2, 28 lits): UNSAT in 0.10s
    cube 3534.251.128 (depth 2, 28 lits): UNSAT in 0.02s
    cube 3534.251.129 (depth 2, 28 lits): UNSAT in 0.02s
    cube 3534.251.130 (depth 2, 28 lits): UNSAT in 0.08s
    cube 3534.251.131 (depth 2, 28 lits): UNSAT in 0.08s
    cube 3534.251.132 (depth 2, 28 lits): UNSAT in 0.01s
    cube 3534.251.133 (depth 2, 28 lits): UNSAT in 0.04s
    cube 3534.251.134 (depth 2, 28 lits): UNSAT in 0.03s
    cube 3534.251.135 (depth 2, 28 lits): UNSAT in 0.07s
    cube 3534.251.136 (depth 2, 28 lits): UNSAT in 0.02s
    cube 3534.251.137 (depth 2, 28 lits): UNSAT in 0.13s
    cube 3534.251.138 (depth 2, 28 lits): UNSAT in 0.10s
    cube 3534.251.139 (depth 2, 28 lits): UNSAT in 0.49s
    cube 3534.251.140 (depth 2, 28 lits): UNSAT in 0.02s
    cube 3534.251.141 (depth 2, 28 lits): UNSAT in 0.10s
    cube 3534.251.142 (depth 2, 28 lits): UNSAT in 0.05s
    cube 3534.251.143 (depth 2, 28 lits): UNSAT in 0.15s
    cube 3534.251.144 (depth 2, 28 lits): UNSAT in 0.02s
    cube 3534.251.145 (depth 2, 28 lits): UNSAT in 0.25s
    cube 3534.251.146 (depth 2, 28 lits): UNSAT in 0.16s
    cube 3534.251.147 (depth 2, 28 lits): UNSAT in 0.84s
    cube 3534.251.148 (depth 2, 28 lits): UNSAT in 0.02s
    cube 3534.251.149 (depth 2, 28 lits): UNSAT in 0.06s
    cube 3534.251.150 (depth 2, 28 lits): UNSAT in 0.06s
    cube 3534.251.151 (depth 2, 28 lits): UNSAT in 0.09s
    cube 3534.251.152 (depth 2, 28 lits): UNSAT in 0.02s
    cube 3534.251.153 (depth 2, 28 lits): UNSAT in 0.10s
    cube 3534.251.154 (depth 2, 28 lits): UNSAT in 0.07s
    cube 3534.251.155 (depth 2, 28 lits): UNSAT in 0.15s
    cube 3534.251.156 (depth 2, 28 lits): UNSAT in 0.07s
    cube 3534.251.157 (depth 2, 28 lits): UNSAT in 0.05s
    cube 3534.251.158 (depth 2, 28 lits): UNSAT in 0.03s
    cube 3534.251.159 (depth 2, 28 lits): UNSAT in 0.14s
    cube 3534.251.160 (depth 2, 28 lits): UNSAT in 0.04s
    cube 3534.251.161 (depth 2, 28 lits): UNSAT in 0.24s
    cube 3534.251.162 (depth 2, 28 lits): UNSAT in 0.36s
    cube 3534.251.163 (depth 2, 28 lits): UNSAT in 1.03s
    cube 3534.251.164 (depth 2, 28 lits): UNSAT in 0.02s
    cube 3534.251.165 (depth 2, 28 lits): UNSAT in 0.06s
    cube 3534.251.166 (depth 2, 28 lits): UNSAT in 0.17s
    cube 3534.251.167 (depth 2, 28 lits): UNSAT in 0.58s
    cube 3534.251.168 (depth 2, 28 lits): UNSAT in 0.13s
    cube 3534.251.169 (depth 2, 28 lits): UNSAT in 0.22s
    cube 3534.251.170 (depth 2, 28 lits): UNSAT in 0.29s
    cube 3534.251.171 (depth 2, 28 lits): UNSAT in 6.50s
    cube 3534.251.172 (depth 2, 28 lits): UNSAT in 0.13s
    cube 3534.251.173 (depth 2, 28 lits): UNSAT in 0.45s
    cube 3534.251.174 (depth 2, 28 lits): UNSAT in 0.40s
    cube 3534.251.175 (depth 2, 28 lits): UNSAT in 0.74s
    cube 3534.251.176 (depth 2, 28 lits): UNSAT in 0.40s
    cube 3534.251.177 (depth 2, 28 lits): UNSAT in 1.16s
    cube 3534.251.178 (depth 2, 28 lits): UNSAT in 2.80s
    cube 3534.251.179 (depth 2, 28 lits): UNSAT in 20.91s
    cube 3534.251.180 (depth 2, 28 lits): UNSAT in 0.02s
    cube 3534.251.181 (depth 2, 28 lits): UNSAT in 0.06s
    cube 3534.251.182 (depth 2, 28 lits): UNSAT in 0.09s
    cube 3534.251.183 (depth 2, 28 lits): UNSAT in 0.23s
    cube 3534.251.184 (depth 2, 28 lits): UNSAT in 0.03s
    cube 3534.251.185 (depth 2, 28 lits): UNSAT in 0.08s
    cube 3534.251.186 (depth 2, 28 lits): UNSAT in 0.05s
    cube 3534.251.187 (depth 2, 28 lits): UNSAT in 0.08s
    cube 3534.251.188 (depth 2, 28 lits): UNSAT in 0.02s
    cube 3534.251.189 (depth 2, 28 lits): UNSAT in 0.03s
    cube 3534.251.190 (depth 2, 28 lits): UNSAT in 0.02s
    cube 3534.251.191 (depth 2, 28 lits): UNSAT in 0.23s
    cube 3534.251.192 (depth 2, 28 lits): UNSAT in 0.28s
    cube 3534.251.193 (depth 2, 28 lits): UNSAT in 0.69s
    cube 3534.251.194 (depth 2, 28 lits): UNSAT in 0.13s
    cube 3534.251.195 (depth 2, 28 lits): UNSAT in 0.64s
    cube 3534.251.196 (depth 2, 28 lits): UNSAT in 0.02s
    cube 3534.251.197 (depth 2, 28 lits): UNSAT in 0.04s
    cube 3534.251.198 (depth 2, 28 lits): UNSAT in 0.07s
    cube 3534.251.199 (depth 2, 28 lits): UNSAT in 0.11s
    cube 3534.251.200 (depth 2, 28 lits): UNSAT in 0.04s
    cube 3534.251.201 (depth 2, 28 lits): UNSAT in 0.04s
    cube 3534.251.202 (depth 2, 28 lits): UNSAT in 0.08s
    cube 3534.251.203 (depth 2, 28 lits): UNSAT in 1.62s
    cube 3534.251.204 (depth 2, 28 lits): UNSAT in 0.13s
    cube 3534.251.205 (depth 2, 28 lits): UNSAT in 0.47s
    cube 3534.251.206 (depth 2, 28 lits): UNSAT in 0.35s
    cube 3534.251.207 (depth 2, 28 lits): UNSAT in 1.50s
    cube 3534.251.208 (depth 2, 28 lits): UNSAT in 0.26s
    cube 3534.251.209 (depth 2, 28 lits): UNSAT in 2.00s
    cube 3534.251.210 (depth 2, 28 lits): UNSAT in 1.61s
    cube 3534.251.211 (depth 2, 28 lits): UNSAT in 28.27s
    cube 3534.251.212 (depth 2, 28 lits): UNSAT in 0.02s
    cube 3534.251.213 (depth 2, 28 lits): UNSAT in 0.01s
    cube 3534.251.214 (depth 2, 28 lits): UNSAT in 0.01s
    cube 3534.251.215 (depth 2, 28 lits): UNSAT in 0.02s
    cube 3534.251.216 (depth 2, 28 lits): UNSAT in 0.05s
    cube 3534.251.217 (depth 2, 28 lits): UNSAT in 0.14s
    cube 3534.251.218 (depth 2, 28 lits): UNSAT in 0.76s
    cube 3534.251.219 (depth 2, 28 lits): UNSAT in 1.83s
    cube 3534.251.220 (depth 2, 28 lits): UNSAT in 0.04s
    cube 3534.251.221 (depth 2, 28 lits): UNSAT in 0.36s
    cube 3534.251.222 (depth 2, 28 lits): UNSAT in 0.12s
    cube 3534.251.223 (depth 2, 28 lits): UNSAT in 1.05s
    cube 3534.251.224 (depth 2, 28 lits): UNSAT in 0.59s
    cube 3534.251.225 (depth 2, 28 lits): UNSAT in 1.14s
    cube 3534.251.226 (depth 2, 28 lits): UNSAT in 1.99s
    cube 3534.251.227 (depth 2, 28 lits): UNSAT in 21.76s
    cube 3534.251.228 (depth 2, 28 lits): UNSAT in 0.05s
    cube 3534.251.229 (depth 2, 28 lits): UNSAT in 0.27s
    cube 3534.251.230 (depth 2, 28 lits): UNSAT in 0.74s
    cube 3534.251.231 (depth 2, 28 lits): UNSAT in 2.16s
    cube 3534.251.232 (depth 2, 28 lits): UNSAT in 0.24s
    cube 3534.251.233 (depth 2, 28 lits): UNSAT in 0.51s
    cube 3534.251.234 (depth 2, 28 lits): UNSAT in 3.57s
    cube 3534.251.235 (depth 2, 28 lits): UNSAT in 59.05s
    cube 3534.251.236 (depth 2, 28 lits): UNSAT in 0.39s
    cube 3534.251.237 (depth 2, 28 lits): UNSAT in 4.00s
    cube 3534.251.238 (depth 2, 28 lits): UNSAT in 3.89s
    cube 3534.251.239 (depth 2, 28 lits): UNSAT in 50.66s
    cube 3534.251.240 (depth 2, 28 lits): UNSAT in 1.54s
    cube 3534.251.241 (depth 2, 28 lits): UNSAT in 85.35s
    cube 3534.251.242 (depth 2, 28 lits): UNSAT in 6.29s
    cube 3534.251.243 (depth 2, 28 lits): UNSAT in 79.77s
    cube 3534.252 (depth 1, 20 lits): UNSAT in 55.09s
    cube 3534.253 (depth 1, 20 lits): UNSAT in 890.82s
    cube 3534.254 (depth 1, 20 lits): UNSAT in 15.27s
    cube 3534.255 (depth 1, 20 lits): TIMEOUT in 1200.01s
    cube 3534.255 TIMEOUT -> re-split into 253 sub-cubes (depth 2)
    cube 3534.255.0 (depth 2, 27 lits): UNSAT in 0.01s
    cube 3534.255.1 (depth 2, 27 lits): UNSAT in 0.01s
    cube 3534.255.2 (depth 2, 28 lits): UNSAT in 0.01s
    cube 3534.255.3 (depth 2, 28 lits): UNSAT in 0.01s
    cube 3534.255.4 (depth 2, 28 lits): UNSAT in 0.01s
    cube 3534.255.5 (depth 2, 28 lits): UNSAT in 0.03s
    cube 3534.255.6 (depth 2, 28 lits): UNSAT in 0.01s
    cube 3534.255.7 (depth 2, 28 lits): UNSAT in 0.03s
    cube 3534.255.8 (depth 2, 28 lits): UNSAT in 0.01s
    cube 3534.255.9 (depth 2, 28 lits): UNSAT in 0.02s
    cube 3534.255.10 (depth 2, 28 lits): UNSAT in 0.01s
    cube 3534.255.11 (depth 2, 28 lits): UNSAT in 0.01s
    cube 3534.255.12 (depth 2, 28 lits): UNSAT in 0.04s
    cube 3534.255.13 (depth 2, 28 lits): UNSAT in 0.07s
    cube 3534.255.14 (depth 2, 28 lits): UNSAT in 0.01s
    cube 3534.255.15 (depth 2, 28 lits): UNSAT in 0.01s
    cube 3534.255.16 (depth 2, 28 lits): UNSAT in 0.02s
    cube 3534.255.17 (depth 2, 28 lits): UNSAT in 0.03s
    cube 3534.255.18 (depth 2, 28 lits): UNSAT in 0.03s
    cube 3534.255.19 (depth 2, 28 lits): UNSAT in 0.04s
    cube 3534.255.20 (depth 2, 28 lits): UNSAT in 0.07s
    cube 3534.255.21 (depth 2, 28 lits): UNSAT in 0.17s
    cube 3534.255.22 (depth 2, 28 lits): UNSAT in 0.02s
    cube 3534.255.23 (depth 2, 28 lits): UNSAT in 0.04s
    cube 3534.255.24 (depth 2, 28 lits): UNSAT in 0.05s
    cube 3534.255.25 (depth 2, 28 lits): UNSAT in 0.17s
    cube 3534.255.26 (depth 2, 28 lits): UNSAT in 0.09s
    cube 3534.255.27 (depth 2, 28 lits): UNSAT in 0.28s
    cube 3534.255.28 (depth 2, 28 lits): UNSAT in 0.17s
    cube 3534.255.29 (depth 2, 28 lits): UNSAT in 0.68s
    cube 3534.255.30 (depth 2, 27 lits): UNSAT in 0.01s
    cube 3534.255.31 (depth 2, 28 lits): UNSAT in 0.01s
    cube 3534.255.32 (depth 2, 28 lits): UNSAT in 0.02s
    cube 3534.255.33 (depth 2, 28 lits): UNSAT in 0.01s
    cube 3534.255.34 (depth 2, 28 lits): UNSAT in 0.03s
    cube 3534.255.35 (depth 2, 28 lits): UNSAT in 0.01s
    cube 3534.255.36 (depth 2, 28 lits): UNSAT in 0.04s
    cube 3534.255.37 (depth 2, 28 lits): UNSAT in 0.01s
    cube 3534.255.38 (depth 2, 28 lits): UNSAT in 0.02s
    cube 3534.255.39 (depth 2, 28 lits): UNSAT in 0.02s
    cube 3534.255.40 (depth 2, 28 lits): UNSAT in 0.03s
    cube 3534.255.41 (depth 2, 28 lits): UNSAT in 0.04s
    cube 3534.255.42 (depth 2, 28 lits): UNSAT in 0.09s
    cube 3534.255.43 (depth 2, 28 lits): UNSAT in 0.08s
    cube 3534.255.44 (depth 2, 28 lits): UNSAT in 0.21s
    cube 3534.255.45 (depth 2, 28 lits): UNSAT in 0.01s
    cube 3534.255.46 (depth 2, 28 lits): UNSAT in 0.09s
    cube 3534.255.47 (depth 2, 28 lits): UNSAT in 0.04s
    cube 3534.255.48 (depth 2, 28 lits): UNSAT in 0.23s
    cube 3534.255.49 (depth 2, 28 lits): UNSAT in 0.02s
    cube 3534.255.50 (depth 2, 28 lits): UNSAT in 0.09s
    cube 3534.255.51 (depth 2, 28 lits): UNSAT in 0.06s
    cube 3534.255.52 (depth 2, 28 lits): UNSAT in 0.28s
    cube 3534.255.53 (depth 2, 28 lits): UNSAT in 0.07s
    cube 3534.255.54 (depth 2, 28 lits): UNSAT in 0.19s
    cube 3534.255.55 (depth 2, 28 lits): UNSAT in 0.15s
    cube 3534.255.56 (depth 2, 28 lits): UNSAT in 0.29s
    cube 3534.255.57 (depth 2, 28 lits): UNSAT in 0.58s
    cube 3534.255.58 (depth 2, 28 lits): UNSAT in 1.93s
    cube 3534.255.59 (depth 2, 28 lits): UNSAT in 2.56s
    cube 3534.255.60 (depth 2, 28 lits): UNSAT in 13.49s
    cube 3534.255.61 (depth 2, 28 lits): UNSAT in 0.01s
    cube 3534.255.62 (depth 2, 28 lits): UNSAT in 0.01s
    cube 3534.255.63 (depth 2, 28 lits): UNSAT in 0.01s
    cube 3534.255.64 (depth 2, 28 lits): UNSAT in 0.03s
    cube 3534.255.65 (depth 2, 28 lits): UNSAT in 0.01s
    cube 3534.255.66 (depth 2, 28 lits): UNSAT in 0.01s
    cube 3534.255.67 (depth 2, 28 lits): UNSAT in 0.02s
    cube 3534.255.68 (depth 2, 28 lits): UNSAT in 0.08s
    cube 3534.255.69 (depth 2, 28 lits): UNSAT in 0.01s
    cube 3534.255.70 (depth 2, 28 lits): UNSAT in 0.04s
    cube 3534.255.71 (depth 2, 28 lits): UNSAT in 0.05s
    cube 3534.255.72 (depth 2, 28 lits): UNSAT in 0.43s
    cube 3534.255.73 (depth 2, 28 lits): UNSAT in 0.04s
    cube 3534.255.74 (depth 2, 28 lits): UNSAT in 0.06s
    cube 3534.255.75 (depth 2, 28 lits): UNSAT in 0.06s
    cube 3534.255.76 (depth 2, 28 lits): UNSAT in 0.37s
    cube 3534.255.77 (depth 2, 28 lits): UNSAT in 0.01s
    cube 3534.255.78 (depth 2, 28 lits): UNSAT in 0.02s
    cube 3534.255.79 (depth 2, 28 lits): UNSAT in 0.02s
    cube 3534.255.80 (depth 2, 28 lits): UNSAT in 0.02s
    cube 3534.255.81 (depth 2, 28 lits): UNSAT in 0.02s
    cube 3534.255.82 (depth 2, 28 lits): UNSAT in 0.04s
    cube 3534.255.83 (depth 2, 28 lits): UNSAT in 0.01s
    cube 3534.255.84 (depth 2, 28 lits): UNSAT in 0.05s
    cube 3534.255.85 (depth 2, 28 lits): UNSAT in 0.02s
    cube 3534.255.86 (depth 2, 28 lits): UNSAT in 0.03s
    cube 3534.255.87 (depth 2, 28 lits): UNSAT in 0.06s
    cube 3534.255.88 (depth 2, 28 lits): UNSAT in 0.24s
    cube 3534.255.89 (depth 2, 28 lits): UNSAT in 0.05s
    cube 3534.255.90 (depth 2, 28 lits): UNSAT in 0.23s
    cube 3534.255.91 (depth 2, 28 lits): UNSAT in 0.34s
    cube 3534.255.92 (depth 2, 28 lits): UNSAT in 1.20s
    cube 3534.255.93 (depth 2, 28 lits): UNSAT in 0.01s
    cube 3534.255.94 (depth 2, 28 lits): UNSAT in 0.01s
    cube 3534.255.95 (depth 2, 28 lits): UNSAT in 0.01s
    cube 3534.255.96 (depth 2, 28 lits): UNSAT in 0.03s
    cube 3534.255.97 (depth 2, 28 lits): UNSAT in 0.01s
    cube 3534.255.98 (depth 2, 28 lits): UNSAT in 0.02s
    cube 3534.255.99 (depth 2, 28 lits): UNSAT in 0.02s
    cube 3534.255.100 (depth 2, 28 lits): UNSAT in 0.12s
    cube 3534.255.101 (depth 2, 28 lits): UNSAT in 0.12s
    cube 3534.255.102 (depth 2, 28 lits): UNSAT in 0.21s
    cube 3534.255.103 (depth 2, 28 lits): UNSAT in 0.32s
    cube 3534.255.104 (depth 2, 28 lits): UNSAT in 0.20s
    cube 3534.255.105 (depth 2, 28 lits): UNSAT in 0.09s
    cube 3534.255.106 (depth 2, 28 lits): UNSAT in 0.10s
    cube 3534.255.107 (depth 2, 28 lits): UNSAT in 0.16s
    cube 3534.255.108 (depth 2, 28 lits): UNSAT in 1.02s
    cube 3534.255.109 (depth 2, 28 lits): UNSAT in 0.03s
    cube 3534.255.110 (depth 2, 28 lits): UNSAT in 0.08s
    cube 3534.255.111 (depth 2, 28 lits): UNSAT in 0.04s
    cube 3534.255.112 (depth 2, 28 lits): UNSAT in 0.20s
    cube 3534.255.113 (depth 2, 28 lits): UNSAT in 0.29s
    cube 3534.255.114 (depth 2, 28 lits): UNSAT in 0.36s
    cube 3534.255.115 (depth 2, 28 lits): UNSAT in 0.82s
    cube 3534.255.116 (depth 2, 28 lits): UNSAT in 1.04s
    cube 3534.255.117 (depth 2, 28 lits): UNSAT in 0.50s
    cube 3534.255.118 (depth 2, 28 lits): UNSAT in 0.83s
    cube 3534.255.119 (depth 2, 28 lits): UNSAT in 0.35s
    cube 3534.255.120 (depth 2, 28 lits): UNSAT in 0.79s
    cube 3534.255.121 (depth 2, 28 lits): UNSAT in 0.09s
    cube 3534.255.122 (depth 2, 28 lits): UNSAT in 0.53s
    cube 3534.255.123 (depth 2, 28 lits): UNSAT in 0.81s
    cube 3534.255.124 (depth 2, 28 lits): UNSAT in 1.74s
    cube 3534.255.125 (depth 2, 28 lits): UNSAT in 0.01s
    cube 3534.255.126 (depth 2, 28 lits): UNSAT in 0.01s
    cube 3534.255.127 (depth 2, 28 lits): UNSAT in 0.01s
    cube 3534.255.128 (depth 2, 28 lits): UNSAT in 0.01s
    cube 3534.255.129 (depth 2, 28 lits): UNSAT in 0.02s
    cube 3534.255.130 (depth 2, 28 lits): UNSAT in 0.03s
    cube 3534.255.131 (depth 2, 28 lits): UNSAT in 0.03s
    cube 3534.255.132 (depth 2, 28 lits): UNSAT in 0.02s
    cube 3534.255.133 (depth 2, 28 lits): UNSAT in 0.01s
    cube 3534.255.134 (depth 2, 28 lits): UNSAT in 0.04s
    cube 3534.255.135 (depth 2, 28 lits): UNSAT in 0.03s
    cube 3534.255.136 (depth 2, 28 lits): UNSAT in 0.04s
    cube 3534.255.137 (depth 2, 28 lits): UNSAT in 0.01s
    cube 3534.255.138 (depth 2, 28 lits): UNSAT in 0.04s
    cube 3534.255.139 (depth 2, 28 lits): UNSAT in 0.02s
    cube 3534.255.140 (depth 2, 28 lits): UNSAT in 0.07s
    cube 3534.255.141 (depth 2, 28 lits): UNSAT in 0.01s
    cube 3534.255.142 (depth 2, 28 lits): UNSAT in 0.02s
    cube 3534.255.143 (depth 2, 28 lits): UNSAT in 0.01s
    cube 3534.255.144 (depth 2, 28 lits): UNSAT in 0.02s
    cube 3534.255.145 (depth 2, 28 lits): UNSAT in 0.03s
    cube 3534.255.146 (depth 2, 28 lits): UNSAT in 0.04s
    cube 3534.255.147 (depth 2, 28 lits): UNSAT in 0.02s
    cube 3534.255.148 (depth 2, 28 lits): UNSAT in 0.06s
    cube 3534.255.149 (depth 2, 28 lits): UNSAT in 0.03s
    cube 3534.255.150 (depth 2, 28 lits): UNSAT in 0.10s
    cube 3534.255.151 (depth 2, 28 lits): UNSAT in 0.05s
    cube 3534.255.152 (depth 2, 28 lits): UNSAT in 0.08s
    cube 3534.255.153 (depth 2, 28 lits): UNSAT in 0.07s
    cube 3534.255.154 (depth 2, 28 lits): UNSAT in 0.03s
    cube 3534.255.155 (depth 2, 28 lits): UNSAT in 0.13s
    cube 3534.255.156 (depth 2, 28 lits): UNSAT in 1.51s
    cube 3534.255.157 (depth 2, 28 lits): UNSAT in 0.02s
    cube 3534.255.158 (depth 2, 28 lits): UNSAT in 0.05s
    cube 3534.255.159 (depth 2, 28 lits): UNSAT in 0.04s
    cube 3534.255.160 (depth 2, 28 lits): UNSAT in 0.25s
    cube 3534.255.161 (depth 2, 28 lits): UNSAT in 0.09s
    cube 3534.255.162 (depth 2, 28 lits): UNSAT in 0.50s
    cube 3534.255.163 (depth 2, 28 lits): UNSAT in 0.25s
    cube 3534.255.164 (depth 2, 28 lits): UNSAT in 1.11s
    cube 3534.255.165 (depth 2, 28 lits): UNSAT in 0.08s
    cube 3534.255.166 (depth 2, 28 lits): UNSAT in 0.07s
    cube 3534.255.167 (depth 2, 28 lits): UNSAT in 0.05s
    cube 3534.255.168 (depth 2, 28 lits): UNSAT in 0.14s
    cube 3534.255.169 (depth 2, 28 lits): UNSAT in 0.09s
    cube 3534.255.170 (depth 2, 28 lits): UNSAT in 0.33s
    cube 3534.255.171 (depth 2, 28 lits): UNSAT in 0.38s
    cube 3534.255.172 (depth 2, 28 lits): UNSAT in 1.81s
    cube 3534.255.173 (depth 2, 28 lits): UNSAT in 0.02s
    cube 3534.255.174 (depth 2, 28 lits): UNSAT in 0.03s
    cube 3534.255.175 (depth 2, 28 lits): UNSAT in 0.06s
    cube 3534.255.176 (depth 2, 28 lits): UNSAT in 0.16s
    cube 3534.255.177 (depth 2, 28 lits): UNSAT in 0.15s
    cube 3534.255.178 (depth 2, 28 lits): UNSAT in 0.07s
    cube 3534.255.179 (depth 2, 28 lits): UNSAT in 0.09s
    cube 3534.255.180 (depth 2, 28 lits): UNSAT in 0.62s
    cube 3534.255.181 (depth 2, 28 lits): UNSAT in 0.07s
    cube 3534.255.182 (depth 2, 28 lits): UNSAT in 0.13s
    cube 3534.255.183 (depth 2, 28 lits): UNSAT in 0.21s
    cube 3534.255.184 (depth 2, 28 lits): UNSAT in 2.02s
    cube 3534.255.185 (depth 2, 28 lits): UNSAT in 0.12s
    cube 3534.255.186 (depth 2, 28 lits): UNSAT in 0.46s
    cube 3534.255.187 (depth 2, 28 lits): UNSAT in 0.13s
    cube 3534.255.188 (depth 2, 28 lits): UNSAT in 3.59s
    cube 3534.255.189 (depth 2, 28 lits): UNSAT in 0.01s
    cube 3534.255.190 (depth 2, 28 lits): UNSAT in 0.02s
    cube 3534.255.191 (depth 2, 28 lits): UNSAT in 0.02s
    cube 3534.255.192 (depth 2, 28 lits): UNSAT in 0.03s
    cube 3534.255.193 (depth 2, 28 lits): UNSAT in 0.01s
    cube 3534.255.194 (depth 2, 28 lits): UNSAT in 0.02s
    cube 3534.255.195 (depth 2, 28 lits): UNSAT in 0.01s
    cube 3534.255.196 (depth 2, 28 lits): UNSAT in 0.13s
    cube 3534.255.197 (depth 2, 28 lits): UNSAT in 0.02s
    cube 3534.255.198 (depth 2, 28 lits): UNSAT in 0.01s
    cube 3534.255.199 (depth 2, 28 lits): UNSAT in 0.05s
    cube 3534.255.200 (depth 2, 28 lits): UNSAT in 0.10s
    cube 3534.255.201 (depth 2, 28 lits): UNSAT in 0.04s
    cube 3534.255.202 (depth 2, 28 lits): UNSAT in 0.23s
    cube 3534.255.203 (depth 2, 28 lits): UNSAT in 0.10s
    cube 3534.255.204 (depth 2, 28 lits): UNSAT in 0.36s
    cube 3534.255.205 (depth 2, 28 lits): UNSAT in 0.01s
    cube 3534.255.206 (depth 2, 28 lits): UNSAT in 0.02s
    cube 3534.255.207 (depth 2, 28 lits): UNSAT in 0.07s
    cube 3534.255.208 (depth 2, 28 lits): UNSAT in 0.03s
    cube 3534.255.209 (depth 2, 28 lits): UNSAT in 0.01s
    cube 3534.255.210 (depth 2, 28 lits): UNSAT in 0.01s
    cube 3534.255.211 (depth 2, 28 lits): UNSAT in 0.01s
    cube 3534.255.212 (depth 2, 28 lits): UNSAT in 0.02s
    cube 3534.255.213 (depth 2, 28 lits): UNSAT in 0.02s
    cube 3534.255.214 (depth 2, 28 lits): UNSAT in 0.04s
    cube 3534.255.215 (depth 2, 28 lits): UNSAT in 0.04s
    cube 3534.255.216 (depth 2, 28 lits): UNSAT in 0.06s
    cube 3534.255.217 (depth 2, 28 lits): UNSAT in 0.17s
    cube 3534.255.218 (depth 2, 28 lits): UNSAT in 0.13s
    cube 3534.255.219 (depth 2, 28 lits): UNSAT in 0.91s
    cube 3534.255.220 (depth 2, 28 lits): UNSAT in 2.36s
    cube 3534.255.221 (depth 2, 28 lits): UNSAT in 0.02s
    cube 3534.255.222 (depth 2, 28 lits): UNSAT in 0.14s
    cube 3534.255.223 (depth 2, 28 lits): UNSAT in 0.13s
    cube 3534.255.224 (depth 2, 28 lits): UNSAT in 0.74s
    cube 3534.255.225 (depth 2, 28 lits): UNSAT in 0.09s
    cube 3534.255.226 (depth 2, 28 lits): UNSAT in 0.41s
    cube 3534.255.227 (depth 2, 28 lits): UNSAT in 0.34s
    cube 3534.255.228 (depth 2, 28 lits): UNSAT in 3.00s
    cube 3534.255.229 (depth 2, 28 lits): UNSAT in 0.02s
    cube 3534.255.230 (depth 2, 28 lits): UNSAT in 0.14s
    cube 3534.255.231 (depth 2, 28 lits): UNSAT in 0.10s
    cube 3534.255.232 (depth 2, 28 lits): UNSAT in 0.99s
    cube 3534.255.233 (depth 2, 28 lits): UNSAT in 0.34s
    cube 3534.255.234 (depth 2, 28 lits): UNSAT in 1.53s
    cube 3534.255.235 (depth 2, 28 lits): UNSAT in 3.45s
    cube 3534.255.236 (depth 2, 28 lits): UNSAT in 11.19s
    cube 3534.255.237 (depth 2, 28 lits): UNSAT in 0.09s
    cube 3534.255.238 (depth 2, 28 lits): UNSAT in 0.19s
    cube 3534.255.239 (depth 2, 28 lits): UNSAT in 0.39s
    cube 3534.255.240 (depth 2, 28 lits): UNSAT in 0.89s
    cube 3534.255.241 (depth 2, 28 lits): UNSAT in 0.55s
    cube 3534.255.242 (depth 2, 28 lits): UNSAT in 1.99s
    cube 3534.255.243 (depth 2, 28 lits): UNSAT in 1.35s
    cube 3534.255.244 (depth 2, 28 lits): UNSAT in 18.10s
    cube 3534.255.245 (depth 2, 28 lits): UNSAT in 1.56s
    cube 3534.255.246 (depth 2, 28 lits): UNSAT in 5.79s
    cube 3534.255.247 (depth 2, 28 lits): UNSAT in 3.34s
    cube 3534.255.248 (depth 2, 28 lits): UNSAT in 80.89s
    cube 3534.255.249 (depth 2, 28 lits): UNSAT in 6.39s
    cube 3534.255.250 (depth 2, 28 lits): UNSAT in 96.50s
    cube 3534.255.251 (depth 2, 28 lits): UNSAT in 68.30s
    cube 3534.255.252 (depth 2, 28 lits): UNSAT in 1156.09s

  shard 9 verdict: UNSAT (1 UNSAT, 0 unresolved) in 12552.1s
