  shard 7/24 (explicit): 1 of 4095 cubes, per-cube cap 1200.0s, re-split depth 7
    cube 1774 (depth 0, 12 lits): TIMEOUT in 1200.10s
    cube 1774 TIMEOUT -> re-split into 256 sub-cubes (depth 1)
    cube 1774.0 (depth 1, 20 lits): UNSAT in 0.03s
    cube 1774.1 (depth 1, 20 lits): UNSAT in 0.02s
    cube 1774.2 (depth 1, 20 lits): UNSAT in 0.02s
    cube 1774.3 (depth 1, 20 lits): UNSAT in 0.05s
    cube 1774.4 (depth 1, 20 lits): UNSAT in 0.02s
    cube 1774.5 (depth 1, 20 lits): UNSAT in 0.03s
    cube 1774.6 (depth 1, 20 lits): UNSAT in 0.03s
    cube 1774.7 (depth 1, 20 lits): UNSAT in 0.04s
    cube 1774.8 (depth 1, 20 lits): UNSAT in 0.02s
    cube 1774.9 (depth 1, 20 lits): UNSAT in 0.04s
    cube 1774.10 (depth 1, 20 lits): UNSAT in 0.02s
    cube 1774.11 (depth 1, 20 lits): UNSAT in 0.03s
    cube 1774.12 (depth 1, 20 lits): UNSAT in 0.01s
    cube 1774.13 (depth 1, 20 lits): UNSAT in 0.02s
    cube 1774.14 (depth 1, 20 lits): UNSAT in 0.04s
    cube 1774.15 (depth 1, 20 lits): UNSAT in 0.08s
    cube 1774.16 (depth 1, 20 lits): UNSAT in 0.02s
    cube 1774.17 (depth 1, 20 lits): UNSAT in 0.02s
    cube 1774.18 (depth 1, 20 lits): UNSAT in 0.02s
    cube 1774.19 (depth 1, 20 lits): UNSAT in 0.03s
    cube 1774.20 (depth 1, 20 lits): UNSAT in 0.04s
    cube 1774.21 (depth 1, 20 lits): UNSAT in 0.04s
    cube 1774.22 (depth 1, 20 lits): UNSAT in 0.06s
    cube 1774.23 (depth 1, 20 lits): UNSAT in 0.08s
    cube 1774.24 (depth 1, 20 lits): UNSAT in 0.09s
    cube 1774.25 (depth 1, 20 lits): UNSAT in 0.18s
    cube 1774.26 (depth 1, 20 lits): UNSAT in 0.07s
    cube 1774.27 (depth 1, 20 lits): UNSAT in 0.23s
    cube 1774.28 (depth 1, 20 lits): UNSAT in 0.04s
    cube 1774.29 (depth 1, 20 lits): UNSAT in 0.26s
    cube 1774.30 (depth 1, 20 lits): UNSAT in 0.16s
    cube 1774.31 (depth 1, 20 lits): UNSAT in 0.24s
    cube 1774.32 (depth 1, 20 lits): UNSAT in 0.02s
    cube 1774.33 (depth 1, 20 lits): UNSAT in 0.03s
    cube 1774.34 (depth 1, 20 lits): UNSAT in 0.07s
    cube 1774.35 (depth 1, 20 lits): UNSAT in 0.21s
    cube 1774.36 (depth 1, 20 lits): UNSAT in 0.03s
    cube 1774.37 (depth 1, 20 lits): UNSAT in 0.03s
    cube 1774.38 (depth 1, 20 lits): UNSAT in 0.09s
    cube 1774.39 (depth 1, 20 lits): UNSAT in 0.18s
    cube 1774.40 (depth 1, 20 lits): UNSAT in 0.04s
    cube 1774.41 (depth 1, 20 lits): UNSAT in 0.23s
    cube 1774.42 (depth 1, 20 lits): UNSAT in 0.08s
    cube 1774.43 (depth 1, 20 lits): UNSAT in 0.16s
    cube 1774.44 (depth 1, 20 lits): UNSAT in 0.07s
    cube 1774.45 (depth 1, 20 lits): UNSAT in 0.05s
    cube 1774.46 (depth 1, 20 lits): UNSAT in 0.60s
    cube 1774.47 (depth 1, 20 lits): UNSAT in 0.97s
    cube 1774.48 (depth 1, 20 lits): UNSAT in 0.09s
    cube 1774.49 (depth 1, 20 lits): UNSAT in 0.16s
    cube 1774.50 (depth 1, 20 lits): UNSAT in 0.06s
    cube 1774.51 (depth 1, 20 lits): UNSAT in 0.25s
    cube 1774.52 (depth 1, 20 lits): UNSAT in 0.11s
    cube 1774.53 (depth 1, 20 lits): UNSAT in 0.06s
    cube 1774.54 (depth 1, 20 lits): UNSAT in 0.09s
    cube 1774.55 (depth 1, 20 lits): UNSAT in 0.75s
    cube 1774.56 (depth 1, 20 lits): UNSAT in 0.08s
    cube 1774.57 (depth 1, 20 lits): UNSAT in 0.24s
    cube 1774.58 (depth 1, 20 lits): UNSAT in 0.04s
    cube 1774.59 (depth 1, 20 lits): UNSAT in 0.97s
    cube 1774.60 (depth 1, 20 lits): UNSAT in 0.32s
    cube 1774.61 (depth 1, 20 lits): UNSAT in 2.99s
    cube 1774.62 (depth 1, 20 lits): UNSAT in 2.36s
    cube 1774.63 (depth 1, 20 lits): UNSAT in 17.30s
    cube 1774.64 (depth 1, 20 lits): UNSAT in 0.02s
    cube 1774.65 (depth 1, 20 lits): UNSAT in 0.02s
    cube 1774.66 (depth 1, 20 lits): UNSAT in 0.04s
    cube 1774.67 (depth 1, 20 lits): UNSAT in 0.04s
    cube 1774.68 (depth 1, 20 lits): UNSAT in 0.05s
    cube 1774.69 (depth 1, 20 lits): UNSAT in 0.03s
    cube 1774.70 (depth 1, 20 lits): UNSAT in 0.05s
    cube 1774.71 (depth 1, 20 lits): UNSAT in 0.27s
    cube 1774.72 (depth 1, 20 lits): UNSAT in 0.04s
    cube 1774.73 (depth 1, 20 lits): UNSAT in 0.06s
    cube 1774.74 (depth 1, 20 lits): UNSAT in 0.04s
    cube 1774.75 (depth 1, 20 lits): UNSAT in 0.14s
    cube 1774.76 (depth 1, 20 lits): UNSAT in 0.12s
    cube 1774.77 (depth 1, 20 lits): UNSAT in 0.17s
    cube 1774.78 (depth 1, 20 lits): UNSAT in 0.31s
    cube 1774.79 (depth 1, 20 lits): UNSAT in 0.60s
    cube 1774.80 (depth 1, 20 lits): UNSAT in 0.03s
    cube 1774.81 (depth 1, 20 lits): UNSAT in 0.02s
    cube 1774.82 (depth 1, 20 lits): UNSAT in 0.02s
    cube 1774.83 (depth 1, 20 lits): UNSAT in 0.11s
    cube 1774.84 (depth 1, 20 lits): UNSAT in 0.13s
    cube 1774.85 (depth 1, 20 lits): UNSAT in 0.65s
    cube 1774.86 (depth 1, 20 lits): UNSAT in 1.15s
    cube 1774.87 (depth 1, 20 lits): UNSAT in 6.59s
    cube 1774.88 (depth 1, 20 lits): UNSAT in 0.21s
    cube 1774.89 (depth 1, 20 lits): UNSAT in 0.96s
    cube 1774.90 (depth 1, 20 lits): UNSAT in 0.40s
    cube 1774.91 (depth 1, 20 lits): UNSAT in 4.42s
    cube 1774.92 (depth 1, 20 lits): UNSAT in 3.13s
    cube 1774.93 (depth 1, 20 lits): UNSAT in 7.76s
    cube 1774.94 (depth 1, 20 lits): UNSAT in 1.48s
    cube 1774.95 (depth 1, 20 lits): UNSAT in 17.53s
    cube 1774.96 (depth 1, 20 lits): UNSAT in 0.03s
    cube 1774.97 (depth 1, 20 lits): UNSAT in 0.32s
    cube 1774.98 (depth 1, 20 lits): UNSAT in 0.28s
    cube 1774.99 (depth 1, 20 lits): UNSAT in 0.67s
    cube 1774.100 (depth 1, 20 lits): UNSAT in 0.13s
    cube 1774.101 (depth 1, 20 lits): UNSAT in 0.25s
    cube 1774.102 (depth 1, 20 lits): UNSAT in 0.43s
    cube 1774.103 (depth 1, 20 lits): UNSAT in 5.08s
    cube 1774.104 (depth 1, 20 lits): UNSAT in 0.16s
    cube 1774.105 (depth 1, 20 lits): UNSAT in 0.33s
    cube 1774.106 (depth 1, 20 lits): UNSAT in 0.11s
    cube 1774.107 (depth 1, 20 lits): UNSAT in 0.36s
    cube 1774.108 (depth 1, 20 lits): UNSAT in 0.09s
    cube 1774.109 (depth 1, 20 lits): UNSAT in 0.57s
    cube 1774.110 (depth 1, 20 lits): UNSAT in 1.23s
    cube 1774.111 (depth 1, 20 lits): UNSAT in 4.20s
    cube 1774.112 (depth 1, 20 lits): UNSAT in 0.03s
    cube 1774.113 (depth 1, 20 lits): UNSAT in 0.22s
    cube 1774.114 (depth 1, 20 lits): UNSAT in 0.24s
    cube 1774.115 (depth 1, 20 lits): UNSAT in 6.97s
    cube 1774.116 (depth 1, 20 lits): UNSAT in 0.22s
    cube 1774.117 (depth 1, 20 lits): UNSAT in 0.45s
    cube 1774.118 (depth 1, 20 lits): UNSAT in 0.57s
    cube 1774.119 (depth 1, 20 lits): UNSAT in 2.45s
    cube 1774.120 (depth 1, 20 lits): UNSAT in 1.05s
    cube 1774.121 (depth 1, 20 lits): UNSAT in 4.63s
    cube 1774.122 (depth 1, 20 lits): UNSAT in 1.09s
    cube 1774.123 (depth 1, 20 lits): UNSAT in 39.56s
    cube 1774.124 (depth 1, 20 lits): UNSAT in 4.21s
    cube 1774.125 (depth 1, 20 lits): UNSAT in 29.21s
    cube 1774.126 (depth 1, 20 lits): UNSAT in 49.58s
    cube 1774.127 (depth 1, 20 lits): UNSAT in 471.03s
    cube 1774.128 (depth 1, 20 lits): UNSAT in 0.02s
    cube 1774.129 (depth 1, 20 lits): UNSAT in 0.06s
    cube 1774.130 (depth 1, 20 lits): UNSAT in 0.03s
    cube 1774.131 (depth 1, 20 lits): UNSAT in 0.16s
    cube 1774.132 (depth 1, 20 lits): UNSAT in 0.02s
    cube 1774.133 (depth 1, 20 lits): UNSAT in 0.08s
    cube 1774.134 (depth 1, 20 lits): UNSAT in 0.19s
    cube 1774.135 (depth 1, 20 lits): UNSAT in 0.67s
    cube 1774.136 (depth 1, 20 lits): UNSAT in 0.04s
    cube 1774.137 (depth 1, 20 lits): UNSAT in 0.04s
    cube 1774.138 (depth 1, 20 lits): UNSAT in 0.14s
    cube 1774.139 (depth 1, 20 lits): UNSAT in 0.64s
    cube 1774.140 (depth 1, 20 lits): UNSAT in 0.09s
    cube 1774.141 (depth 1, 20 lits): UNSAT in 0.25s
    cube 1774.142 (depth 1, 20 lits): UNSAT in 0.23s
    cube 1774.143 (depth 1, 20 lits): UNSAT in 1.53s
    cube 1774.144 (depth 1, 20 lits): UNSAT in 0.15s
    cube 1774.145 (depth 1, 20 lits): UNSAT in 0.28s
    cube 1774.146 (depth 1, 20 lits): UNSAT in 0.46s
    cube 1774.147 (depth 1, 20 lits): UNSAT in 1.70s
    cube 1774.148 (depth 1, 20 lits): UNSAT in 0.06s
    cube 1774.149 (depth 1, 20 lits): UNSAT in 0.14s
    cube 1774.150 (depth 1, 20 lits): UNSAT in 0.50s
    cube 1774.151 (depth 1, 20 lits): UNSAT in 1.41s
    cube 1774.152 (depth 1, 20 lits): UNSAT in 0.18s
    cube 1774.153 (depth 1, 20 lits): UNSAT in 0.21s
    cube 1774.154 (depth 1, 20 lits): UNSAT in 0.49s
    cube 1774.155 (depth 1, 20 lits): UNSAT in 2.63s
    cube 1774.156 (depth 1, 20 lits): UNSAT in 0.26s
    cube 1774.157 (depth 1, 20 lits): UNSAT in 1.44s
    cube 1774.158 (depth 1, 20 lits): UNSAT in 5.51s
    cube 1774.159 (depth 1, 20 lits): UNSAT in 57.84s
    cube 1774.160 (depth 1, 20 lits): UNSAT in 0.02s
    cube 1774.161 (depth 1, 20 lits): UNSAT in 0.06s
    cube 1774.162 (depth 1, 20 lits): UNSAT in 0.07s
    cube 1774.163 (depth 1, 20 lits): UNSAT in 0.17s
    cube 1774.164 (depth 1, 20 lits): UNSAT in 0.12s
    cube 1774.165 (depth 1, 20 lits): UNSAT in 0.14s
    cube 1774.166 (depth 1, 20 lits): UNSAT in 0.22s
    cube 1774.167 (depth 1, 20 lits): UNSAT in 0.96s
    cube 1774.168 (depth 1, 20 lits): UNSAT in 0.06s
    cube 1774.169 (depth 1, 20 lits): UNSAT in 0.19s
    cube 1774.170 (depth 1, 20 lits): UNSAT in 0.26s
    cube 1774.171 (depth 1, 20 lits): UNSAT in 0.73s
    cube 1774.172 (depth 1, 20 lits): UNSAT in 0.23s
    cube 1774.173 (depth 1, 20 lits): UNSAT in 0.54s
    cube 1774.174 (depth 1, 20 lits): UNSAT in 0.80s
    cube 1774.175 (depth 1, 20 lits): UNSAT in 15.27s
    cube 1774.176 (depth 1, 20 lits): UNSAT in 0.06s
    cube 1774.177 (depth 1, 20 lits): UNSAT in 0.21s
    cube 1774.178 (depth 1, 20 lits): UNSAT in 1.39s
    cube 1774.179 (depth 1, 20 lits): UNSAT in 3.46s
    cube 1774.180 (depth 1, 20 lits): UNSAT in 0.40s
    cube 1774.181 (depth 1, 20 lits): UNSAT in 1.49s
    cube 1774.182 (depth 1, 20 lits): UNSAT in 1.54s
    cube 1774.183 (depth 1, 20 lits): UNSAT in 53.37s
    cube 1774.184 (depth 1, 20 lits): UNSAT in 2.13s
    cube 1774.185 (depth 1, 20 lits): UNSAT in 13.49s
    cube 1774.186 (depth 1, 20 lits): UNSAT in 5.16s
    cube 1774.187 (depth 1, 20 lits): UNSAT in 27.87s
    cube 1774.188 (depth 1, 20 lits): UNSAT in 3.52s
    cube 1774.189 (depth 1, 20 lits): UNSAT in 22.48s
    cube 1774.190 (depth 1, 20 lits): UNSAT in 7.08s
    cube 1774.191 (depth 1, 20 lits): UNSAT in 871.76s
    cube 1774.192 (depth 1, 20 lits): UNSAT in 0.03s
    cube 1774.193 (depth 1, 20 lits): UNSAT in 0.05s
    cube 1774.194 (depth 1, 20 lits): UNSAT in 0.20s
    cube 1774.195 (depth 1, 20 lits): UNSAT in 0.71s
    cube 1774.196 (depth 1, 20 lits): UNSAT in 0.15s
    cube 1774.197 (depth 1, 20 lits): UNSAT in 0.15s
    cube 1774.198 (depth 1, 20 lits): UNSAT in 1.35s
    cube 1774.199 (depth 1, 20 lits): UNSAT in 0.96s
    cube 1774.200 (depth 1, 20 lits): UNSAT in 0.30s
    cube 1774.201 (depth 1, 20 lits): UNSAT in 0.33s
    cube 1774.202 (depth 1, 20 lits): UNSAT in 0.41s
    cube 1774.203 (depth 1, 20 lits): UNSAT in 1.99s
    cube 1774.204 (depth 1, 20 lits): UNSAT in 0.30s
    cube 1774.205 (depth 1, 20 lits): UNSAT in 1.64s
    cube 1774.206 (depth 1, 20 lits): UNSAT in 4.50s
    cube 1774.207 (depth 1, 20 lits): UNSAT in 51.39s
    cube 1774.208 (depth 1, 20 lits): UNSAT in 0.30s
    cube 1774.209 (depth 1, 20 lits): UNSAT in 0.64s
    cube 1774.210 (depth 1, 20 lits): UNSAT in 0.52s
    cube 1774.211 (depth 1, 20 lits): UNSAT in 0.99s
    cube 1774.212 (depth 1, 20 lits): UNSAT in 0.19s
    cube 1774.213 (depth 1, 20 lits): UNSAT in 1.33s
    cube 1774.214 (depth 1, 20 lits): UNSAT in 2.59s
    cube 1774.215 (depth 1, 20 lits): UNSAT in 9.45s
    cube 1774.216 (depth 1, 20 lits): UNSAT in 2.56s
    cube 1774.217 (depth 1, 20 lits): UNSAT in 7.42s
    cube 1774.218 (depth 1, 20 lits): UNSAT in 6.58s
    cube 1774.219 (depth 1, 20 lits): UNSAT in 4.14s
    cube 1774.220 (depth 1, 20 lits): UNSAT in 1.00s
    cube 1774.221 (depth 1, 20 lits): UNSAT in 17.31s
    cube 1774.222 (depth 1, 20 lits): UNSAT in 32.17s
    cube 1774.223 (depth 1, 20 lits): UNSAT in 1074.70s
    cube 1774.224 (depth 1, 20 lits): UNSAT in 0.36s
    cube 1774.225 (depth 1, 20 lits): UNSAT in 1.59s
    cube 1774.226 (depth 1, 20 lits): UNSAT in 1.52s
    cube 1774.227 (depth 1, 20 lits): UNSAT in 11.80s
    cube 1774.228 (depth 1, 20 lits): UNSAT in 1.97s
    cube 1774.229 (depth 1, 20 lits): UNSAT in 2.68s
    cube 1774.230 (depth 1, 20 lits): UNSAT in 3.79s
    cube 1774.231 (depth 1, 20 lits): UNSAT in 37.56s
    cube 1774.232 (depth 1, 20 lits): UNSAT in 0.62s
    cube 1774.233 (depth 1, 20 lits): UNSAT in 4.07s
    cube 1774.234 (depth 1, 20 lits): UNSAT in 4.14s
    cube 1774.235 (depth 1, 20 lits): UNSAT in 74.83s
    cube 1774.236 (depth 1, 20 lits): UNSAT in 2.35s
    cube 1774.237 (depth 1, 20 lits): UNSAT in 14.16s
    cube 1774.238 (depth 1, 20 lits): UNSAT in 133.69s
    cube 1774.239 (depth 1, 20 lits): TIMEOUT in 1200.03s
    cube 1774.239 TIMEOUT -> re-split into 245 sub-cubes (depth 2)
    cube 1774.239.0 (depth 2, 28 lits): UNSAT in 0.01s
    cube 1774.239.1 (depth 2, 28 lits): UNSAT in 0.02s
    cube 1774.239.2 (depth 2, 28 lits): UNSAT in 0.01s
    cube 1774.239.3 (depth 2, 28 lits): UNSAT in 0.02s
    cube 1774.239.4 (depth 2, 28 lits): UNSAT in 0.01s
    cube 1774.239.5 (depth 2, 28 lits): UNSAT in 0.01s
    cube 1774.239.6 (depth 2, 28 lits): UNSAT in 0.02s
    cube 1774.239.7 (depth 2, 28 lits): UNSAT in 0.02s
    cube 1774.239.8 (depth 2, 28 lits): UNSAT in 0.01s
    cube 1774.239.9 (depth 2, 28 lits): UNSAT in 0.02s
    cube 1774.239.10 (depth 2, 28 lits): UNSAT in 0.02s
    cube 1774.239.11 (depth 2, 28 lits): UNSAT in 0.01s
    cube 1774.239.12 (depth 2, 28 lits): UNSAT in 0.01s
    cube 1774.239.13 (depth 2, 28 lits): UNSAT in 0.02s
    cube 1774.239.14 (depth 2, 28 lits): UNSAT in 0.03s
    cube 1774.239.15 (depth 2, 28 lits): UNSAT in 0.03s
    cube 1774.239.16 (depth 2, 27 lits): UNSAT in 0.01s
    cube 1774.239.17 (depth 2, 27 lits): UNSAT in 0.01s
    cube 1774.239.18 (depth 2, 27 lits): UNSAT in 0.01s
    cube 1774.239.19 (depth 2, 28 lits): UNSAT in 0.01s
    cube 1774.239.20 (depth 2, 28 lits): UNSAT in 0.02s
    cube 1774.239.21 (depth 2, 28 lits): UNSAT in 0.02s
    cube 1774.239.22 (depth 2, 28 lits): UNSAT in 0.02s
    cube 1774.239.23 (depth 2, 28 lits): UNSAT in 0.01s
    cube 1774.239.24 (depth 2, 28 lits): UNSAT in 0.03s
    cube 1774.239.25 (depth 2, 28 lits): UNSAT in 0.02s
    cube 1774.239.26 (depth 2, 28 lits): UNSAT in 0.04s
    cube 1774.239.27 (depth 2, 28 lits): UNSAT in 0.04s
    cube 1774.239.28 (depth 2, 28 lits): UNSAT in 0.05s
    cube 1774.239.29 (depth 2, 28 lits): UNSAT in 0.01s
    cube 1774.239.30 (depth 2, 28 lits): UNSAT in 0.02s
    cube 1774.239.31 (depth 2, 28 lits): UNSAT in 0.01s
    cube 1774.239.32 (depth 2, 28 lits): UNSAT in 0.02s
    cube 1774.239.33 (depth 2, 28 lits): UNSAT in 0.01s
    cube 1774.239.34 (depth 2, 28 lits): UNSAT in 0.02s
    cube 1774.239.35 (depth 2, 28 lits): UNSAT in 0.02s
    cube 1774.239.36 (depth 2, 28 lits): UNSAT in 0.03s
    cube 1774.239.37 (depth 2, 28 lits): UNSAT in 0.01s
    cube 1774.239.38 (depth 2, 28 lits): UNSAT in 0.02s
    cube 1774.239.39 (depth 2, 28 lits): UNSAT in 0.02s
    cube 1774.239.40 (depth 2, 28 lits): UNSAT in 0.03s
    cube 1774.239.41 (depth 2, 28 lits): UNSAT in 0.02s
    cube 1774.239.42 (depth 2, 28 lits): UNSAT in 0.02s
    cube 1774.239.43 (depth 2, 28 lits): UNSAT in 0.04s
    cube 1774.239.44 (depth 2, 28 lits): UNSAT in 0.04s
    cube 1774.239.45 (depth 2, 28 lits): UNSAT in 0.02s
    cube 1774.239.46 (depth 2, 28 lits): UNSAT in 0.03s
    cube 1774.239.47 (depth 2, 28 lits): UNSAT in 0.04s
    cube 1774.239.48 (depth 2, 28 lits): UNSAT in 0.09s
    cube 1774.239.49 (depth 2, 28 lits): UNSAT in 0.04s
    cube 1774.239.50 (depth 2, 28 lits): UNSAT in 0.15s
    cube 1774.239.51 (depth 2, 28 lits): UNSAT in 0.09s
    cube 1774.239.52 (depth 2, 28 lits): UNSAT in 0.29s
    cube 1774.239.53 (depth 2, 28 lits): UNSAT in 0.02s
    cube 1774.239.54 (depth 2, 28 lits): UNSAT in 0.04s
    cube 1774.239.55 (depth 2, 28 lits): UNSAT in 0.04s
    cube 1774.239.56 (depth 2, 28 lits): UNSAT in 0.05s
    cube 1774.239.57 (depth 2, 28 lits): UNSAT in 0.05s
    cube 1774.239.58 (depth 2, 28 lits): UNSAT in 0.04s
    cube 1774.239.59 (depth 2, 28 lits): UNSAT in 0.06s
    cube 1774.239.60 (depth 2, 28 lits): UNSAT in 0.05s
    cube 1774.239.61 (depth 2, 26 lits): UNSAT in 0.02s
    cube 1774.239.62 (depth 2, 28 lits): UNSAT in 0.01s
    cube 1774.239.63 (depth 2, 28 lits): UNSAT in 0.03s
    cube 1774.239.64 (depth 2, 28 lits): UNSAT in 0.03s
    cube 1774.239.65 (depth 2, 28 lits): UNSAT in 0.03s
    cube 1774.239.66 (depth 2, 27 lits): UNSAT in 0.01s
    cube 1774.239.67 (depth 2, 28 lits): UNSAT in 0.01s
    cube 1774.239.68 (depth 2, 28 lits): UNSAT in 0.02s
    cube 1774.239.69 (depth 2, 28 lits): UNSAT in 0.01s
    cube 1774.239.70 (depth 2, 28 lits): UNSAT in 0.03s
    cube 1774.239.71 (depth 2, 28 lits): UNSAT in 0.02s
    cube 1774.239.72 (depth 2, 28 lits): UNSAT in 0.03s
    cube 1774.239.73 (depth 2, 28 lits): UNSAT in 0.01s
    cube 1774.239.74 (depth 2, 28 lits): UNSAT in 0.02s
    cube 1774.239.75 (depth 2, 28 lits): UNSAT in 0.03s
    cube 1774.239.76 (depth 2, 28 lits): UNSAT in 0.05s
    cube 1774.239.77 (depth 2, 28 lits): UNSAT in 0.01s
    cube 1774.239.78 (depth 2, 28 lits): UNSAT in 0.02s
    cube 1774.239.79 (depth 2, 28 lits): UNSAT in 0.03s
    cube 1774.239.80 (depth 2, 28 lits): UNSAT in 0.11s
    cube 1774.239.81 (depth 2, 28 lits): UNSAT in 0.01s
    cube 1774.239.82 (depth 2, 28 lits): UNSAT in 0.02s
    cube 1774.239.83 (depth 2, 27 lits): UNSAT in 0.02s
    cube 1774.239.84 (depth 2, 28 lits): UNSAT in 0.05s
    cube 1774.239.85 (depth 2, 28 lits): UNSAT in 0.02s
    cube 1774.239.86 (depth 2, 28 lits): UNSAT in 0.11s
    cube 1774.239.87 (depth 2, 28 lits): UNSAT in 0.05s
    cube 1774.239.88 (depth 2, 28 lits): UNSAT in 0.02s
    cube 1774.239.89 (depth 2, 28 lits): UNSAT in 0.03s
    cube 1774.239.90 (depth 2, 28 lits): UNSAT in 0.03s
    cube 1774.239.91 (depth 2, 28 lits): UNSAT in 0.04s
    cube 1774.239.92 (depth 2, 28 lits): UNSAT in 0.04s
    cube 1774.239.93 (depth 2, 28 lits): UNSAT in 0.06s
    cube 1774.239.94 (depth 2, 28 lits): UNSAT in 0.08s
    cube 1774.239.95 (depth 2, 28 lits): UNSAT in 0.24s
    cube 1774.239.96 (depth 2, 28 lits): UNSAT in 0.02s
    cube 1774.239.97 (depth 2, 28 lits): UNSAT in 0.02s
    cube 1774.239.98 (depth 2, 28 lits): UNSAT in 0.06s
    cube 1774.239.99 (depth 2, 28 lits): UNSAT in 0.16s
    cube 1774.239.100 (depth 2, 28 lits): UNSAT in 0.02s
    cube 1774.239.101 (depth 2, 28 lits): UNSAT in 0.10s
    cube 1774.239.102 (depth 2, 28 lits): UNSAT in 0.17s
    cube 1774.239.103 (depth 2, 28 lits): UNSAT in 1.11s
    cube 1774.239.104 (depth 2, 28 lits): UNSAT in 0.04s
    cube 1774.239.105 (depth 2, 28 lits): UNSAT in 0.08s
    cube 1774.239.106 (depth 2, 28 lits): UNSAT in 0.11s
    cube 1774.239.107 (depth 2, 28 lits): UNSAT in 0.26s
    cube 1774.239.108 (depth 2, 28 lits): UNSAT in 0.05s
    cube 1774.239.109 (depth 2, 28 lits): UNSAT in 0.03s
    cube 1774.239.110 (depth 2, 28 lits): UNSAT in 0.19s
    cube 1774.239.111 (depth 2, 28 lits): UNSAT in 2.27s
    cube 1774.239.112 (depth 2, 28 lits): UNSAT in 0.10s
    cube 1774.239.113 (depth 2, 28 lits): UNSAT in 0.13s
    cube 1774.239.114 (depth 2, 28 lits): UNSAT in 0.15s
    cube 1774.239.115 (depth 2, 28 lits): UNSAT in 2.85s
    cube 1774.239.116 (depth 2, 28 lits): UNSAT in 0.29s
    cube 1774.239.117 (depth 2, 28 lits): UNSAT in 4.50s
    cube 1774.239.118 (depth 2, 28 lits): UNSAT in 3.11s
    cube 1774.239.119 (depth 2, 28 lits): UNSAT in 6.83s
    cube 1774.239.120 (depth 2, 28 lits): UNSAT in 0.01s
    cube 1774.239.121 (depth 2, 28 lits): UNSAT in 0.01s
    cube 1774.239.122 (depth 2, 28 lits): UNSAT in 0.02s
    cube 1774.239.123 (depth 2, 28 lits): UNSAT in 0.06s
    cube 1774.239.124 (depth 2, 28 lits): UNSAT in 0.02s
    cube 1774.239.125 (depth 2, 28 lits): UNSAT in 0.01s
    cube 1774.239.126 (depth 2, 27 lits): UNSAT in 0.02s
    cube 1774.239.127 (depth 2, 28 lits): UNSAT in 0.01s
    cube 1774.239.128 (depth 2, 28 lits): UNSAT in 0.02s
    cube 1774.239.129 (depth 2, 28 lits): UNSAT in 0.01s
    cube 1774.239.130 (depth 2, 28 lits): UNSAT in 0.03s
    cube 1774.239.131 (depth 2, 28 lits): UNSAT in 0.03s
    cube 1774.239.132 (depth 2, 28 lits): UNSAT in 0.02s
    cube 1774.239.133 (depth 2, 28 lits): UNSAT in 0.06s
    cube 1774.239.134 (depth 2, 28 lits): UNSAT in 0.06s
    cube 1774.239.135 (depth 2, 28 lits): UNSAT in 0.01s
    cube 1774.239.136 (depth 2, 28 lits): UNSAT in 0.01s
    cube 1774.239.137 (depth 2, 27 lits): UNSAT in 0.02s
    cube 1774.239.138 (depth 2, 27 lits): UNSAT in 0.01s
    cube 1774.239.139 (depth 2, 28 lits): UNSAT in 0.03s
    cube 1774.239.140 (depth 2, 28 lits): UNSAT in 0.02s
    cube 1774.239.141 (depth 2, 28 lits): UNSAT in 0.02s
    cube 1774.239.142 (depth 2, 28 lits): UNSAT in 0.02s
    cube 1774.239.143 (depth 2, 28 lits): UNSAT in 0.04s
    cube 1774.239.144 (depth 2, 28 lits): UNSAT in 0.02s
    cube 1774.239.145 (depth 2, 28 lits): UNSAT in 0.07s
    cube 1774.239.146 (depth 2, 28 lits): UNSAT in 0.10s
    cube 1774.239.147 (depth 2, 28 lits): UNSAT in 0.11s
    cube 1774.239.148 (depth 2, 28 lits): UNSAT in 0.11s
    cube 1774.239.149 (depth 2, 28 lits): UNSAT in 0.02s
    cube 1774.239.150 (depth 2, 28 lits): UNSAT in 0.02s
    cube 1774.239.151 (depth 2, 28 lits): UNSAT in 0.01s
    cube 1774.239.152 (depth 2, 28 lits): UNSAT in 0.04s
    cube 1774.239.153 (depth 2, 28 lits): UNSAT in 0.03s
    cube 1774.239.154 (depth 2, 28 lits): UNSAT in 0.09s
    cube 1774.239.155 (depth 2, 28 lits): UNSAT in 0.42s
    cube 1774.239.156 (depth 2, 28 lits): UNSAT in 0.27s
    cube 1774.239.157 (depth 2, 28 lits): UNSAT in 0.08s
    cube 1774.239.158 (depth 2, 28 lits): UNSAT in 0.17s
    cube 1774.239.159 (depth 2, 28 lits): UNSAT in 0.06s
    cube 1774.239.160 (depth 2, 28 lits): UNSAT in 0.07s
    cube 1774.239.161 (depth 2, 28 lits): UNSAT in 0.02s
    cube 1774.239.162 (depth 2, 28 lits): UNSAT in 0.08s
    cube 1774.239.163 (depth 2, 28 lits): UNSAT in 0.55s
    cube 1774.239.164 (depth 2, 28 lits): UNSAT in 0.33s
    cube 1774.239.165 (depth 2, 28 lits): UNSAT in 0.02s
    cube 1774.239.166 (depth 2, 28 lits): UNSAT in 0.06s
    cube 1774.239.167 (depth 2, 28 lits): UNSAT in 0.03s
    cube 1774.239.168 (depth 2, 28 lits): UNSAT in 0.09s
    cube 1774.239.169 (depth 2, 28 lits): UNSAT in 0.11s
    cube 1774.239.170 (depth 2, 28 lits): UNSAT in 0.07s
    cube 1774.239.171 (depth 2, 28 lits): UNSAT in 0.05s
    cube 1774.239.172 (depth 2, 28 lits): UNSAT in 0.49s
    cube 1774.239.173 (depth 2, 28 lits): UNSAT in 0.15s
    cube 1774.239.174 (depth 2, 28 lits): UNSAT in 0.73s
    cube 1774.239.175 (depth 2, 28 lits): UNSAT in 0.20s
    cube 1774.239.176 (depth 2, 28 lits): UNSAT in 0.62s
    cube 1774.239.177 (depth 2, 28 lits): UNSAT in 0.75s
    cube 1774.239.178 (depth 2, 28 lits): UNSAT in 0.89s
    cube 1774.239.179 (depth 2, 28 lits): UNSAT in 1.56s
    cube 1774.239.180 (depth 2, 28 lits): UNSAT in 19.29s
    cube 1774.239.181 (depth 2, 28 lits): UNSAT in 0.02s
    cube 1774.239.182 (depth 2, 28 lits): UNSAT in 0.03s
    cube 1774.239.183 (depth 2, 28 lits): UNSAT in 0.03s
    cube 1774.239.184 (depth 2, 28 lits): UNSAT in 0.11s
    cube 1774.239.185 (depth 2, 28 lits): UNSAT in 0.10s
    cube 1774.239.186 (depth 2, 28 lits): UNSAT in 0.10s
    cube 1774.239.187 (depth 2, 28 lits): UNSAT in 0.03s
    cube 1774.239.188 (depth 2, 28 lits): UNSAT in 0.06s
    cube 1774.239.189 (depth 2, 28 lits): UNSAT in 0.01s
    cube 1774.239.190 (depth 2, 28 lits): UNSAT in 0.01s
    cube 1774.239.191 (depth 2, 28 lits): UNSAT in 0.06s
    cube 1774.239.192 (depth 2, 28 lits): UNSAT in 0.08s
    cube 1774.239.193 (depth 2, 28 lits): UNSAT in 0.02s
    cube 1774.239.194 (depth 2, 28 lits): UNSAT in 0.03s
    cube 1774.239.195 (depth 2, 28 lits): UNSAT in 0.23s
    cube 1774.239.196 (depth 2, 28 lits): UNSAT in 0.14s
    cube 1774.239.197 (depth 2, 28 lits): UNSAT in 0.03s
    cube 1774.239.198 (depth 2, 28 lits): UNSAT in 0.02s
    cube 1774.239.199 (depth 2, 28 lits): UNSAT in 0.06s
    cube 1774.239.200 (depth 2, 28 lits): UNSAT in 0.04s
    cube 1774.239.201 (depth 2, 28 lits): UNSAT in 0.03s
    cube 1774.239.202 (depth 2, 28 lits): UNSAT in 0.16s
    cube 1774.239.203 (depth 2, 28 lits): UNSAT in 0.10s
    cube 1774.239.204 (depth 2, 28 lits): UNSAT in 0.22s
    cube 1774.239.205 (depth 2, 28 lits): UNSAT in 0.05s
    cube 1774.239.206 (depth 2, 28 lits): UNSAT in 0.03s
    cube 1774.239.207 (depth 2, 28 lits): UNSAT in 0.12s
    cube 1774.239.208 (depth 2, 28 lits): UNSAT in 0.46s
    cube 1774.239.209 (depth 2, 28 lits): UNSAT in 0.18s
    cube 1774.239.210 (depth 2, 28 lits): UNSAT in 0.24s
    cube 1774.239.211 (depth 2, 28 lits): UNSAT in 1.21s
    cube 1774.239.212 (depth 2, 28 lits): UNSAT in 3.27s
    cube 1774.239.213 (depth 2, 28 lits): UNSAT in 0.04s
    cube 1774.239.214 (depth 2, 28 lits): UNSAT in 0.05s
    cube 1774.239.215 (depth 2, 28 lits): UNSAT in 0.09s
    cube 1774.239.216 (depth 2, 28 lits): UNSAT in 0.09s
    cube 1774.239.217 (depth 2, 28 lits): UNSAT in 0.08s
    cube 1774.239.218 (depth 2, 28 lits): UNSAT in 0.17s
    cube 1774.239.219 (depth 2, 28 lits): UNSAT in 0.19s
    cube 1774.239.220 (depth 2, 28 lits): UNSAT in 1.59s
    cube 1774.239.221 (depth 2, 28 lits): UNSAT in 0.06s
    cube 1774.239.222 (depth 2, 28 lits): UNSAT in 0.23s
    cube 1774.239.223 (depth 2, 28 lits): UNSAT in 0.21s
    cube 1774.239.224 (depth 2, 28 lits): UNSAT in 0.74s
    cube 1774.239.225 (depth 2, 28 lits): UNSAT in 0.56s
    cube 1774.239.226 (depth 2, 28 lits): UNSAT in 0.30s
    cube 1774.239.227 (depth 2, 28 lits): UNSAT in 0.79s
    cube 1774.239.228 (depth 2, 28 lits): UNSAT in 10.20s
    cube 1774.239.229 (depth 2, 28 lits): UNSAT in 0.27s
    cube 1774.239.230 (depth 2, 28 lits): UNSAT in 0.42s
    cube 1774.239.231 (depth 2, 28 lits): UNSAT in 0.44s
    cube 1774.239.232 (depth 2, 28 lits): UNSAT in 0.63s
    cube 1774.239.233 (depth 2, 28 lits): UNSAT in 1.47s
    cube 1774.239.234 (depth 2, 28 lits): UNSAT in 10.14s
    cube 1774.239.235 (depth 2, 28 lits): UNSAT in 0.79s
    cube 1774.239.236 (depth 2, 28 lits): UNSAT in 11.71s
    cube 1774.239.237 (depth 2, 28 lits): UNSAT in 1.14s
    cube 1774.239.238 (depth 2, 28 lits): UNSAT in 1.88s
    cube 1774.239.239 (depth 2, 28 lits): UNSAT in 2.68s
    cube 1774.239.240 (depth 2, 28 lits): UNSAT in 44.42s
    cube 1774.239.241 (depth 2, 28 lits): UNSAT in 0.77s
    cube 1774.239.242 (depth 2, 28 lits): UNSAT in 5.56s
    cube 1774.239.243 (depth 2, 28 lits): UNSAT in 1.88s
    cube 1774.239.244 (depth 2, 28 lits): UNSAT in 63.82s
    cube 1774.240 (depth 1, 20 lits): UNSAT in 0.35s
    cube 1774.241 (depth 1, 20 lits): UNSAT in 0.71s
    cube 1774.242 (depth 1, 20 lits): UNSAT in 0.93s
    cube 1774.243 (depth 1, 20 lits): UNSAT in 7.77s
    cube 1774.244 (depth 1, 20 lits): UNSAT in 0.43s
    cube 1774.245 (depth 1, 20 lits): UNSAT in 1.81s
    cube 1774.246 (depth 1, 20 lits): UNSAT in 5.41s
    cube 1774.247 (depth 1, 20 lits): UNSAT in 55.19s
    cube 1774.248 (depth 1, 20 lits): UNSAT in 0.65s
    cube 1774.249 (depth 1, 20 lits): UNSAT in 3.17s
    cube 1774.250 (depth 1, 20 lits): UNSAT in 3.30s
    cube 1774.251 (depth 1, 20 lits): UNSAT in 92.39s
    cube 1774.252 (depth 1, 20 lits): UNSAT in 1.10s
    cube 1774.253 (depth 1, 20 lits): UNSAT in 19.48s
    cube 1774.254 (depth 1, 20 lits): UNSAT in 33.47s
    cube 1774.255 (depth 1, 20 lits): TIMEOUT in 1200.10s
    cube 1774.255 TIMEOUT -> re-split into 245 sub-cubes (depth 2)
    cube 1774.255.0 (depth 2, 27 lits): UNSAT in 0.02s
    cube 1774.255.1 (depth 2, 27 lits): UNSAT in 0.02s
    cube 1774.255.2 (depth 2, 27 lits): UNSAT in 0.01s
    cube 1774.255.3 (depth 2, 28 lits): UNSAT in 0.03s
    cube 1774.255.4 (depth 2, 28 lits): UNSAT in 0.04s
    cube 1774.255.5 (depth 2, 28 lits): UNSAT in 0.01s
    cube 1774.255.6 (depth 2, 28 lits): UNSAT in 0.02s
    cube 1774.255.7 (depth 2, 28 lits): UNSAT in 0.02s
    cube 1774.255.8 (depth 2, 28 lits): UNSAT in 0.02s
    cube 1774.255.9 (depth 2, 28 lits): UNSAT in 0.02s
    cube 1774.255.10 (depth 2, 28 lits): UNSAT in 0.02s
    cube 1774.255.11 (depth 2, 28 lits): UNSAT in 0.02s
    cube 1774.255.12 (depth 2, 28 lits): UNSAT in 0.04s
    cube 1774.255.13 (depth 2, 28 lits): UNSAT in 0.01s
    cube 1774.255.14 (depth 2, 28 lits): UNSAT in 0.02s
    cube 1774.255.15 (depth 2, 28 lits): UNSAT in 0.01s
    cube 1774.255.16 (depth 2, 28 lits): UNSAT in 0.02s
    cube 1774.255.17 (depth 2, 28 lits): UNSAT in 0.04s
    cube 1774.255.18 (depth 2, 28 lits): UNSAT in 0.03s
    cube 1774.255.19 (depth 2, 28 lits): UNSAT in 0.04s
    cube 1774.255.20 (depth 2, 28 lits): UNSAT in 0.09s
    cube 1774.255.21 (depth 2, 28 lits): UNSAT in 0.01s
    cube 1774.255.22 (depth 2, 28 lits): UNSAT in 0.04s
    cube 1774.255.23 (depth 2, 28 lits): UNSAT in 0.03s
    cube 1774.255.24 (depth 2, 28 lits): UNSAT in 0.06s
    cube 1774.255.25 (depth 2, 28 lits): UNSAT in 0.01s
    cube 1774.255.26 (depth 2, 28 lits): UNSAT in 0.05s
    cube 1774.255.27 (depth 2, 28 lits): UNSAT in 0.06s
    cube 1774.255.28 (depth 2, 28 lits): UNSAT in 0.05s
    cube 1774.255.29 (depth 2, 28 lits): UNSAT in 0.01s
    cube 1774.255.30 (depth 2, 28 lits): UNSAT in 0.01s
    cube 1774.255.31 (depth 2, 27 lits): UNSAT in 0.02s
    cube 1774.255.32 (depth 2, 28 lits): UNSAT in 0.01s
    cube 1774.255.33 (depth 2, 28 lits): UNSAT in 0.02s
    cube 1774.255.34 (depth 2, 28 lits): UNSAT in 0.01s
    cube 1774.255.35 (depth 2, 28 lits): UNSAT in 0.03s
    cube 1774.255.36 (depth 2, 28 lits): UNSAT in 0.02s
    cube 1774.255.37 (depth 2, 28 lits): UNSAT in 0.03s
    cube 1774.255.38 (depth 2, 27 lits): UNSAT in 0.01s
    cube 1774.255.39 (depth 2, 28 lits): UNSAT in 0.02s
    cube 1774.255.40 (depth 2, 28 lits): UNSAT in 0.03s
    cube 1774.255.41 (depth 2, 28 lits): UNSAT in 0.03s
    cube 1774.255.42 (depth 2, 28 lits): UNSAT in 0.07s
    cube 1774.255.43 (depth 2, 28 lits): UNSAT in 0.01s
    cube 1774.255.44 (depth 2, 28 lits): UNSAT in 0.02s
    cube 1774.255.45 (depth 2, 28 lits): UNSAT in 0.01s
    cube 1774.255.46 (depth 2, 28 lits): UNSAT in 0.03s
    cube 1774.255.47 (depth 2, 27 lits): UNSAT in 0.02s
    cube 1774.255.48 (depth 2, 28 lits): UNSAT in 0.03s
    cube 1774.255.49 (depth 2, 28 lits): UNSAT in 0.05s
    cube 1774.255.50 (depth 2, 28 lits): UNSAT in 0.02s
    cube 1774.255.51 (depth 2, 28 lits): UNSAT in 0.02s
    cube 1774.255.52 (depth 2, 28 lits): UNSAT in 0.01s
    cube 1774.255.53 (depth 2, 28 lits): UNSAT in 0.02s
    cube 1774.255.54 (depth 2, 28 lits): UNSAT in 0.06s
    cube 1774.255.55 (depth 2, 28 lits): UNSAT in 0.07s
    cube 1774.255.56 (depth 2, 28 lits): UNSAT in 0.19s
    cube 1774.255.57 (depth 2, 28 lits): UNSAT in 0.10s
    cube 1774.255.58 (depth 2, 27 lits): UNSAT in 0.01s
    cube 1774.255.59 (depth 2, 28 lits): UNSAT in 0.01s
    cube 1774.255.60 (depth 2, 28 lits): UNSAT in 0.02s
    cube 1774.255.61 (depth 2, 27 lits): UNSAT in 0.02s
    cube 1774.255.62 (depth 2, 27 lits): UNSAT in 0.02s
    cube 1774.255.63 (depth 2, 28 lits): UNSAT in 0.01s
    cube 1774.255.64 (depth 2, 28 lits): UNSAT in 0.02s
    cube 1774.255.65 (depth 2, 28 lits): UNSAT in 0.02s
    cube 1774.255.66 (depth 2, 28 lits): UNSAT in 0.04s
    cube 1774.255.67 (depth 2, 28 lits): UNSAT in 0.03s
    cube 1774.255.68 (depth 2, 28 lits): UNSAT in 0.05s
    cube 1774.255.69 (depth 2, 28 lits): UNSAT in 0.05s
    cube 1774.255.70 (depth 2, 28 lits): UNSAT in 0.11s
    cube 1774.255.71 (depth 2, 27 lits): UNSAT in 0.01s
    cube 1774.255.72 (depth 2, 28 lits): UNSAT in 0.01s
    cube 1774.255.73 (depth 2, 28 lits): UNSAT in 0.03s
    cube 1774.255.74 (depth 2, 27 lits): UNSAT in 0.02s
    cube 1774.255.75 (depth 2, 28 lits): UNSAT in 0.02s
    cube 1774.255.76 (depth 2, 28 lits): UNSAT in 0.03s
    cube 1774.255.77 (depth 2, 28 lits): UNSAT in 0.15s
    cube 1774.255.78 (depth 2, 28 lits): UNSAT in 0.05s
    cube 1774.255.79 (depth 2, 28 lits): UNSAT in 0.05s
    cube 1774.255.80 (depth 2, 28 lits): UNSAT in 0.19s
    cube 1774.255.81 (depth 2, 28 lits): UNSAT in 0.03s
    cube 1774.255.82 (depth 2, 28 lits): UNSAT in 0.02s
    cube 1774.255.83 (depth 2, 28 lits): UNSAT in 0.06s
    cube 1774.255.84 (depth 2, 28 lits): UNSAT in 0.07s
    cube 1774.255.85 (depth 2, 28 lits): UNSAT in 0.02s
    cube 1774.255.86 (depth 2, 28 lits): UNSAT in 0.03s
    cube 1774.255.87 (depth 2, 28 lits): UNSAT in 0.03s
    cube 1774.255.88 (depth 2, 28 lits): UNSAT in 0.05s
    cube 1774.255.89 (depth 2, 28 lits): UNSAT in 0.04s
    cube 1774.255.90 (depth 2, 28 lits): UNSAT in 0.22s
    cube 1774.255.91 (depth 2, 28 lits): UNSAT in 0.11s
    cube 1774.255.92 (depth 2, 28 lits): UNSAT in 0.25s
    cube 1774.255.93 (depth 2, 28 lits): UNSAT in 0.07s
    cube 1774.255.94 (depth 2, 28 lits): UNSAT in 0.11s
    cube 1774.255.95 (depth 2, 28 lits): UNSAT in 0.07s
    cube 1774.255.96 (depth 2, 28 lits): UNSAT in 0.36s
    cube 1774.255.97 (depth 2, 28 lits): UNSAT in 0.10s
    cube 1774.255.98 (depth 2, 28 lits): UNSAT in 0.22s
    cube 1774.255.99 (depth 2, 28 lits): UNSAT in 0.22s
    cube 1774.255.100 (depth 2, 28 lits): UNSAT in 0.21s
    cube 1774.255.101 (depth 2, 28 lits): UNSAT in 0.02s
    cube 1774.255.102 (depth 2, 28 lits): UNSAT in 0.06s
    cube 1774.255.103 (depth 2, 28 lits): UNSAT in 0.05s
    cube 1774.255.104 (depth 2, 28 lits): UNSAT in 0.14s
    cube 1774.255.105 (depth 2, 28 lits): UNSAT in 0.09s
    cube 1774.255.106 (depth 2, 28 lits): UNSAT in 0.61s
    cube 1774.255.107 (depth 2, 28 lits): UNSAT in 0.12s
    cube 1774.255.108 (depth 2, 28 lits): UNSAT in 0.42s
    cube 1774.255.109 (depth 2, 28 lits): UNSAT in 0.02s
    cube 1774.255.110 (depth 2, 28 lits): UNSAT in 0.16s
    cube 1774.255.111 (depth 2, 28 lits): UNSAT in 0.19s
    cube 1774.255.112 (depth 2, 28 lits): UNSAT in 0.42s
    cube 1774.255.113 (depth 2, 28 lits): UNSAT in 0.98s
    cube 1774.255.114 (depth 2, 28 lits): UNSAT in 1.03s
    cube 1774.255.115 (depth 2, 28 lits): UNSAT in 2.72s
    cube 1774.255.116 (depth 2, 28 lits): UNSAT in 3.77s
    cube 1774.255.117 (depth 2, 28 lits): UNSAT in 0.02s
    cube 1774.255.118 (depth 2, 28 lits): UNSAT in 0.02s
    cube 1774.255.119 (depth 2, 28 lits): UNSAT in 0.05s
    cube 1774.255.120 (depth 2, 28 lits): UNSAT in 0.08s
    cube 1774.255.121 (depth 2, 28 lits): UNSAT in 0.02s
    cube 1774.255.122 (depth 2, 28 lits): UNSAT in 0.06s
    cube 1774.255.123 (depth 2, 28 lits): UNSAT in 0.17s
    cube 1774.255.124 (depth 2, 28 lits): UNSAT in 0.10s
    cube 1774.255.125 (depth 2, 28 lits): UNSAT in 0.01s
    cube 1774.255.126 (depth 2, 28 lits): UNSAT in 0.06s
    cube 1774.255.127 (depth 2, 28 lits): UNSAT in 0.04s
    cube 1774.255.128 (depth 2, 28 lits): UNSAT in 0.06s
    cube 1774.255.129 (depth 2, 28 lits): UNSAT in 0.02s
    cube 1774.255.130 (depth 2, 28 lits): UNSAT in 0.06s
    cube 1774.255.131 (depth 2, 28 lits): UNSAT in 0.18s
    cube 1774.255.132 (depth 2, 28 lits): UNSAT in 0.13s
    cube 1774.255.133 (depth 2, 28 lits): UNSAT in 0.03s
    cube 1774.255.134 (depth 2, 28 lits): UNSAT in 0.13s
    cube 1774.255.135 (depth 2, 28 lits): UNSAT in 0.09s
    cube 1774.255.136 (depth 2, 28 lits): UNSAT in 0.17s
    cube 1774.255.137 (depth 2, 28 lits): UNSAT in 0.14s
    cube 1774.255.138 (depth 2, 28 lits): UNSAT in 0.18s
    cube 1774.255.139 (depth 2, 28 lits): UNSAT in 0.19s
    cube 1774.255.140 (depth 2, 28 lits): UNSAT in 0.68s
    cube 1774.255.141 (depth 2, 28 lits): UNSAT in 0.10s
    cube 1774.255.142 (depth 2, 28 lits): UNSAT in 0.26s
    cube 1774.255.143 (depth 2, 28 lits): UNSAT in 0.03s
    cube 1774.255.144 (depth 2, 28 lits): UNSAT in 0.20s
    cube 1774.255.145 (depth 2, 28 lits): UNSAT in 0.10s
    cube 1774.255.146 (depth 2, 28 lits): UNSAT in 0.55s
    cube 1774.255.147 (depth 2, 28 lits): UNSAT in 0.50s
    cube 1774.255.148 (depth 2, 28 lits): UNSAT in 0.70s
    cube 1774.255.149 (depth 2, 28 lits): UNSAT in 0.04s
    cube 1774.255.150 (depth 2, 28 lits): UNSAT in 0.05s
    cube 1774.255.151 (depth 2, 28 lits): UNSAT in 0.03s
    cube 1774.255.152 (depth 2, 28 lits): UNSAT in 0.07s
    cube 1774.255.153 (depth 2, 28 lits): UNSAT in 0.01s
    cube 1774.255.154 (depth 2, 28 lits): UNSAT in 0.02s
    cube 1774.255.155 (depth 2, 28 lits): UNSAT in 0.04s
    cube 1774.255.156 (depth 2, 28 lits): UNSAT in 0.13s
    cube 1774.255.157 (depth 2, 28 lits): UNSAT in 0.03s
    cube 1774.255.158 (depth 2, 28 lits): UNSAT in 0.05s
    cube 1774.255.159 (depth 2, 28 lits): UNSAT in 0.04s
    cube 1774.255.160 (depth 2, 28 lits): UNSAT in 0.10s
    cube 1774.255.161 (depth 2, 28 lits): UNSAT in 0.02s
    cube 1774.255.162 (depth 2, 28 lits): UNSAT in 0.05s
    cube 1774.255.163 (depth 2, 28 lits): UNSAT in 0.14s
    cube 1774.255.164 (depth 2, 28 lits): UNSAT in 0.94s
    cube 1774.255.165 (depth 2, 28 lits): UNSAT in 0.11s
    cube 1774.255.166 (depth 2, 28 lits): UNSAT in 0.39s
    cube 1774.255.167 (depth 2, 28 lits): UNSAT in 0.19s
    cube 1774.255.168 (depth 2, 28 lits): UNSAT in 0.81s
    cube 1774.255.169 (depth 2, 28 lits): UNSAT in 0.06s
    cube 1774.255.170 (depth 2, 28 lits): UNSAT in 0.41s
    cube 1774.255.171 (depth 2, 28 lits): UNSAT in 1.15s
    cube 1774.255.172 (depth 2, 28 lits): UNSAT in 7.14s
    cube 1774.255.173 (depth 2, 28 lits): UNSAT in 0.11s
    cube 1774.255.174 (depth 2, 28 lits): UNSAT in 0.64s
    cube 1774.255.175 (depth 2, 28 lits): UNSAT in 0.17s
    cube 1774.255.176 (depth 2, 28 lits): UNSAT in 1.73s
    cube 1774.255.177 (depth 2, 28 lits): UNSAT in 0.18s
    cube 1774.255.178 (depth 2, 28 lits): UNSAT in 3.54s
    cube 1774.255.179 (depth 2, 28 lits): UNSAT in 2.96s
    cube 1774.255.180 (depth 2, 28 lits): UNSAT in 11.13s
    cube 1774.255.181 (depth 2, 28 lits): UNSAT in 0.04s
    cube 1774.255.182 (depth 2, 28 lits): UNSAT in 0.06s
    cube 1774.255.183 (depth 2, 28 lits): UNSAT in 0.04s
    cube 1774.255.184 (depth 2, 28 lits): UNSAT in 0.15s
    cube 1774.255.185 (depth 2, 28 lits): UNSAT in 0.08s
    cube 1774.255.186 (depth 2, 28 lits): UNSAT in 0.06s
    cube 1774.255.187 (depth 2, 28 lits): UNSAT in 0.03s
    cube 1774.255.188 (depth 2, 28 lits): UNSAT in 0.13s
    cube 1774.255.189 (depth 2, 28 lits): UNSAT in 0.02s
    cube 1774.255.190 (depth 2, 28 lits): UNSAT in 0.08s
    cube 1774.255.191 (depth 2, 28 lits): UNSAT in 0.04s
    cube 1774.255.192 (depth 2, 28 lits): UNSAT in 0.12s
    cube 1774.255.193 (depth 2, 28 lits): UNSAT in 0.31s
    cube 1774.255.194 (depth 2, 28 lits): UNSAT in 0.74s
    cube 1774.255.195 (depth 2, 28 lits): UNSAT in 0.41s
    cube 1774.255.196 (depth 2, 28 lits): UNSAT in 2.88s
    cube 1774.255.197 (depth 2, 28 lits): UNSAT in 0.04s
    cube 1774.255.198 (depth 2, 28 lits): UNSAT in 0.04s
    cube 1774.255.199 (depth 2, 28 lits): UNSAT in 0.07s
    cube 1774.255.200 (depth 2, 28 lits): UNSAT in 0.26s
    cube 1774.255.201 (depth 2, 28 lits): UNSAT in 0.05s
    cube 1774.255.202 (depth 2, 28 lits): UNSAT in 0.12s
    cube 1774.255.203 (depth 2, 28 lits): UNSAT in 0.10s
    cube 1774.255.204 (depth 2, 28 lits): UNSAT in 0.39s
    cube 1774.255.205 (depth 2, 28 lits): UNSAT in 0.21s
    cube 1774.255.206 (depth 2, 28 lits): UNSAT in 2.07s
    cube 1774.255.207 (depth 2, 28 lits): UNSAT in 0.36s
    cube 1774.255.208 (depth 2, 28 lits): UNSAT in 2.93s
    cube 1774.255.209 (depth 2, 28 lits): UNSAT in 0.88s
    cube 1774.255.210 (depth 2, 28 lits): UNSAT in 1.09s
    cube 1774.255.211 (depth 2, 28 lits): UNSAT in 1.51s
    cube 1774.255.212 (depth 2, 28 lits): UNSAT in 23.31s
    cube 1774.255.213 (depth 2, 28 lits): UNSAT in 0.04s
    cube 1774.255.214 (depth 2, 28 lits): UNSAT in 0.08s
    cube 1774.255.215 (depth 2, 28 lits): UNSAT in 0.05s
    cube 1774.255.216 (depth 2, 28 lits): UNSAT in 0.07s
    cube 1774.255.217 (depth 2, 28 lits): UNSAT in 0.11s
    cube 1774.255.218 (depth 2, 28 lits): UNSAT in 0.19s
    cube 1774.255.219 (depth 2, 28 lits): UNSAT in 0.48s
    cube 1774.255.220 (depth 2, 28 lits): UNSAT in 3.85s
    cube 1774.255.221 (depth 2, 28 lits): UNSAT in 0.24s
    cube 1774.255.222 (depth 2, 28 lits): UNSAT in 0.76s
    cube 1774.255.223 (depth 2, 28 lits): UNSAT in 0.16s
    cube 1774.255.224 (depth 2, 28 lits): UNSAT in 3.48s
    cube 1774.255.225 (depth 2, 28 lits): UNSAT in 0.62s
    cube 1774.255.226 (depth 2, 28 lits): UNSAT in 1.88s
    cube 1774.255.227 (depth 2, 28 lits): UNSAT in 2.86s
    cube 1774.255.228 (depth 2, 28 lits): UNSAT in 21.55s
    cube 1774.255.229 (depth 2, 28 lits): UNSAT in 0.10s
    cube 1774.255.230 (depth 2, 28 lits): UNSAT in 0.21s
    cube 1774.255.231 (depth 2, 28 lits): UNSAT in 0.94s
    cube 1774.255.232 (depth 2, 28 lits): UNSAT in 4.40s
    cube 1774.255.233 (depth 2, 28 lits): UNSAT in 1.04s
    cube 1774.255.234 (depth 2, 28 lits): UNSAT in 2.17s
    cube 1774.255.235 (depth 2, 28 lits): UNSAT in 5.82s
    cube 1774.255.236 (depth 2, 28 lits): UNSAT in 87.25s
    cube 1774.255.237 (depth 2, 28 lits): UNSAT in 0.28s
    cube 1774.255.238 (depth 2, 28 lits): UNSAT in 0.51s
    cube 1774.255.239 (depth 2, 28 lits): UNSAT in 0.20s
    cube 1774.255.240 (depth 2, 28 lits): UNSAT in 11.29s
    cube 1774.255.241 (depth 2, 28 lits): UNSAT in 0.23s
    cube 1774.255.242 (depth 2, 28 lits): UNSAT in 3.02s
    cube 1774.255.243 (depth 2, 28 lits): UNSAT in 5.32s
    cube 1774.255.244 (depth 2, 28 lits): UNSAT in 254.57s

  shard 7 verdict: UNSAT (1 UNSAT, 0 unresolved) in 7908.5s
