  shard 12/24 (explicit): 1 of 4095 cubes, per-cube cap 1200.0s, re-split depth 7
    cube 1901 (depth 0, 12 lits): TIMEOUT in 1200.10s
    cube 1901 TIMEOUT -> re-split into 250 sub-cubes (depth 1)
    cube 1901.0 (depth 1, 19 lits): UNSAT in 0.02s
    cube 1901.1 (depth 1, 19 lits): UNSAT in 0.02s
    cube 1901.2 (depth 1, 20 lits): UNSAT in 0.02s
    cube 1901.3 (depth 1, 20 lits): UNSAT in 0.02s
    cube 1901.4 (depth 1, 20 lits): UNSAT in 0.02s
    cube 1901.5 (depth 1, 20 lits): UNSAT in 0.03s
    cube 1901.6 (depth 1, 20 lits): UNSAT in 0.01s
    cube 1901.7 (depth 1, 20 lits): UNSAT in 0.03s
    cube 1901.8 (depth 1, 20 lits): UNSAT in 0.03s
    cube 1901.9 (depth 1, 20 lits): UNSAT in 0.07s
    cube 1901.10 (depth 1, 20 lits): UNSAT in 0.03s
    cube 1901.11 (depth 1, 20 lits): UNSAT in 0.04s
    cube 1901.12 (depth 1, 20 lits): UNSAT in 0.04s
    cube 1901.13 (depth 1, 20 lits): UNSAT in 0.13s
    cube 1901.14 (depth 1, 19 lits): UNSAT in 0.01s
    cube 1901.15 (depth 1, 20 lits): UNSAT in 0.02s
    cube 1901.16 (depth 1, 20 lits): UNSAT in 0.02s
    cube 1901.17 (depth 1, 20 lits): UNSAT in 0.01s
    cube 1901.18 (depth 1, 20 lits): UNSAT in 0.03s
    cube 1901.19 (depth 1, 20 lits): UNSAT in 0.01s
    cube 1901.20 (depth 1, 20 lits): UNSAT in 0.06s
    cube 1901.21 (depth 1, 20 lits): UNSAT in 0.03s
    cube 1901.22 (depth 1, 20 lits): UNSAT in 0.12s
    cube 1901.23 (depth 1, 20 lits): UNSAT in 0.02s
    cube 1901.24 (depth 1, 20 lits): UNSAT in 0.07s
    cube 1901.25 (depth 1, 20 lits): UNSAT in 0.01s
    cube 1901.26 (depth 1, 20 lits): UNSAT in 0.06s
    cube 1901.27 (depth 1, 20 lits): UNSAT in 0.12s
    cube 1901.28 (depth 1, 20 lits): UNSAT in 0.22s
    cube 1901.29 (depth 1, 19 lits): UNSAT in 0.01s
    cube 1901.30 (depth 1, 20 lits): UNSAT in 0.02s
    cube 1901.31 (depth 1, 20 lits): UNSAT in 0.02s
    cube 1901.32 (depth 1, 19 lits): UNSAT in 0.02s
    cube 1901.33 (depth 1, 20 lits): UNSAT in 0.02s
    cube 1901.34 (depth 1, 20 lits): UNSAT in 0.02s
    cube 1901.35 (depth 1, 20 lits): UNSAT in 0.02s
    cube 1901.36 (depth 1, 20 lits): UNSAT in 0.04s
    cube 1901.37 (depth 1, 20 lits): UNSAT in 0.06s
    cube 1901.38 (depth 1, 20 lits): UNSAT in 0.07s
    cube 1901.39 (depth 1, 20 lits): UNSAT in 0.02s
    cube 1901.40 (depth 1, 20 lits): UNSAT in 0.06s
    cube 1901.41 (depth 1, 20 lits): UNSAT in 0.05s
    cube 1901.42 (depth 1, 20 lits): UNSAT in 0.13s
    cube 1901.43 (depth 1, 20 lits): UNSAT in 0.02s
    cube 1901.44 (depth 1, 20 lits): UNSAT in 0.02s
    cube 1901.45 (depth 1, 20 lits): UNSAT in 0.02s
    cube 1901.46 (depth 1, 20 lits): UNSAT in 0.04s
    cube 1901.47 (depth 1, 20 lits): UNSAT in 0.03s
    cube 1901.48 (depth 1, 20 lits): UNSAT in 0.06s
    cube 1901.49 (depth 1, 20 lits): UNSAT in 0.03s
    cube 1901.50 (depth 1, 20 lits): UNSAT in 0.03s
    cube 1901.51 (depth 1, 20 lits): UNSAT in 0.03s
    cube 1901.52 (depth 1, 20 lits): UNSAT in 0.06s
    cube 1901.53 (depth 1, 20 lits): UNSAT in 0.17s
    cube 1901.54 (depth 1, 20 lits): UNSAT in 0.22s
    cube 1901.55 (depth 1, 20 lits): UNSAT in 0.10s
    cube 1901.56 (depth 1, 20 lits): UNSAT in 0.07s
    cube 1901.57 (depth 1, 20 lits): UNSAT in 0.05s
    cube 1901.58 (depth 1, 20 lits): UNSAT in 0.96s
    cube 1901.59 (depth 1, 20 lits): UNSAT in 0.01s
    cube 1901.60 (depth 1, 20 lits): UNSAT in 0.01s
    cube 1901.61 (depth 1, 20 lits): UNSAT in 0.04s
    cube 1901.62 (depth 1, 20 lits): UNSAT in 0.10s
    cube 1901.63 (depth 1, 20 lits): UNSAT in 0.02s
    cube 1901.64 (depth 1, 20 lits): UNSAT in 0.03s
    cube 1901.65 (depth 1, 20 lits): UNSAT in 0.05s
    cube 1901.66 (depth 1, 20 lits): UNSAT in 0.34s
    cube 1901.67 (depth 1, 20 lits): UNSAT in 0.03s
    cube 1901.68 (depth 1, 20 lits): UNSAT in 0.06s
    cube 1901.69 (depth 1, 20 lits): UNSAT in 0.02s
    cube 1901.70 (depth 1, 20 lits): UNSAT in 0.11s
    cube 1901.71 (depth 1, 20 lits): UNSAT in 0.04s
    cube 1901.72 (depth 1, 20 lits): UNSAT in 0.11s
    cube 1901.73 (depth 1, 20 lits): UNSAT in 0.24s
    cube 1901.74 (depth 1, 20 lits): UNSAT in 0.54s
    cube 1901.75 (depth 1, 20 lits): UNSAT in 0.02s
    cube 1901.76 (depth 1, 20 lits): UNSAT in 0.04s
    cube 1901.77 (depth 1, 20 lits): UNSAT in 0.03s
    cube 1901.78 (depth 1, 20 lits): UNSAT in 0.05s
    cube 1901.79 (depth 1, 20 lits): UNSAT in 0.02s
    cube 1901.80 (depth 1, 20 lits): UNSAT in 0.04s
    cube 1901.81 (depth 1, 20 lits): UNSAT in 0.02s
    cube 1901.82 (depth 1, 20 lits): UNSAT in 0.11s
    cube 1901.83 (depth 1, 20 lits): UNSAT in 0.04s
    cube 1901.84 (depth 1, 20 lits): UNSAT in 0.08s
    cube 1901.85 (depth 1, 20 lits): UNSAT in 0.08s
    cube 1901.86 (depth 1, 20 lits): UNSAT in 0.19s
    cube 1901.87 (depth 1, 20 lits): UNSAT in 0.14s
    cube 1901.88 (depth 1, 20 lits): UNSAT in 0.11s
    cube 1901.89 (depth 1, 20 lits): UNSAT in 0.38s
    cube 1901.90 (depth 1, 20 lits): UNSAT in 0.19s
    cube 1901.91 (depth 1, 19 lits): UNSAT in 0.02s
    cube 1901.92 (depth 1, 20 lits): UNSAT in 0.06s
    cube 1901.93 (depth 1, 20 lits): UNSAT in 0.05s
    cube 1901.94 (depth 1, 20 lits): UNSAT in 0.07s
    cube 1901.95 (depth 1, 20 lits): UNSAT in 0.13s
    cube 1901.96 (depth 1, 20 lits): UNSAT in 0.25s
    cube 1901.97 (depth 1, 20 lits): UNSAT in 0.87s
    cube 1901.98 (depth 1, 20 lits): UNSAT in 0.02s
    cube 1901.99 (depth 1, 20 lits): UNSAT in 0.11s
    cube 1901.100 (depth 1, 20 lits): UNSAT in 0.09s
    cube 1901.101 (depth 1, 20 lits): UNSAT in 0.50s
    cube 1901.102 (depth 1, 20 lits): UNSAT in 0.09s
    cube 1901.103 (depth 1, 20 lits): UNSAT in 0.14s
    cube 1901.104 (depth 1, 20 lits): UNSAT in 0.58s
    cube 1901.105 (depth 1, 20 lits): UNSAT in 2.12s
    cube 1901.106 (depth 1, 20 lits): UNSAT in 0.07s
    cube 1901.107 (depth 1, 20 lits): UNSAT in 0.19s
    cube 1901.108 (depth 1, 20 lits): UNSAT in 0.24s
    cube 1901.109 (depth 1, 20 lits): UNSAT in 0.97s
    cube 1901.110 (depth 1, 20 lits): UNSAT in 0.08s
    cube 1901.111 (depth 1, 20 lits): UNSAT in 0.49s
    cube 1901.112 (depth 1, 20 lits): UNSAT in 0.32s
    cube 1901.113 (depth 1, 20 lits): UNSAT in 2.60s
    cube 1901.114 (depth 1, 20 lits): UNSAT in 0.14s
    cube 1901.115 (depth 1, 20 lits): UNSAT in 0.56s
    cube 1901.116 (depth 1, 20 lits): UNSAT in 0.77s
    cube 1901.117 (depth 1, 20 lits): UNSAT in 1.75s
    cube 1901.118 (depth 1, 20 lits): UNSAT in 1.07s
    cube 1901.119 (depth 1, 20 lits): UNSAT in 6.92s
    cube 1901.120 (depth 1, 20 lits): UNSAT in 11.54s
    cube 1901.121 (depth 1, 20 lits): UNSAT in 99.73s
    cube 1901.122 (depth 1, 20 lits): UNSAT in 0.02s
    cube 1901.123 (depth 1, 20 lits): UNSAT in 0.02s
    cube 1901.124 (depth 1, 20 lits): UNSAT in 0.03s
    cube 1901.125 (depth 1, 20 lits): UNSAT in 0.05s
    cube 1901.126 (depth 1, 20 lits): UNSAT in 0.03s
    cube 1901.127 (depth 1, 20 lits): UNSAT in 0.02s
    cube 1901.128 (depth 1, 20 lits): UNSAT in 0.09s
    cube 1901.129 (depth 1, 20 lits): UNSAT in 0.12s
    cube 1901.130 (depth 1, 20 lits): UNSAT in 0.02s
    cube 1901.131 (depth 1, 20 lits): UNSAT in 0.12s
    cube 1901.132 (depth 1, 20 lits): UNSAT in 0.03s
    cube 1901.133 (depth 1, 20 lits): UNSAT in 0.18s
    cube 1901.134 (depth 1, 20 lits): UNSAT in 0.03s
    cube 1901.135 (depth 1, 20 lits): UNSAT in 0.08s
    cube 1901.136 (depth 1, 20 lits): UNSAT in 0.08s
    cube 1901.137 (depth 1, 20 lits): UNSAT in 0.23s
    cube 1901.138 (depth 1, 20 lits): UNSAT in 0.02s
    cube 1901.139 (depth 1, 20 lits): UNSAT in 0.02s
    cube 1901.140 (depth 1, 20 lits): UNSAT in 0.05s
    cube 1901.141 (depth 1, 20 lits): UNSAT in 0.18s
    cube 1901.142 (depth 1, 20 lits): UNSAT in 0.02s
    cube 1901.143 (depth 1, 20 lits): UNSAT in 0.10s
    cube 1901.144 (depth 1, 20 lits): UNSAT in 0.13s
    cube 1901.145 (depth 1, 20 lits): UNSAT in 0.20s
    cube 1901.146 (depth 1, 20 lits): UNSAT in 0.04s
    cube 1901.147 (depth 1, 20 lits): UNSAT in 0.06s
    cube 1901.148 (depth 1, 20 lits): UNSAT in 0.05s
    cube 1901.149 (depth 1, 20 lits): UNSAT in 0.18s
    cube 1901.150 (depth 1, 20 lits): UNSAT in 0.06s
    cube 1901.151 (depth 1, 20 lits): UNSAT in 0.13s
    cube 1901.152 (depth 1, 20 lits): UNSAT in 0.09s
    cube 1901.153 (depth 1, 20 lits): UNSAT in 1.68s
    cube 1901.154 (depth 1, 20 lits): UNSAT in 0.02s
    cube 1901.155 (depth 1, 20 lits): UNSAT in 0.03s
    cube 1901.156 (depth 1, 20 lits): UNSAT in 0.04s
    cube 1901.157 (depth 1, 20 lits): UNSAT in 0.05s
    cube 1901.158 (depth 1, 20 lits): UNSAT in 0.02s
    cube 1901.159 (depth 1, 20 lits): UNSAT in 0.07s
    cube 1901.160 (depth 1, 20 lits): UNSAT in 0.03s
    cube 1901.161 (depth 1, 20 lits): UNSAT in 0.08s
    cube 1901.162 (depth 1, 20 lits): UNSAT in 0.03s
    cube 1901.163 (depth 1, 20 lits): UNSAT in 0.04s
    cube 1901.164 (depth 1, 20 lits): UNSAT in 0.05s
    cube 1901.165 (depth 1, 20 lits): UNSAT in 0.09s
    cube 1901.166 (depth 1, 20 lits): UNSAT in 0.15s
    cube 1901.167 (depth 1, 20 lits): UNSAT in 0.43s
    cube 1901.168 (depth 1, 20 lits): UNSAT in 0.02s
    cube 1901.169 (depth 1, 20 lits): UNSAT in 0.35s
    cube 1901.170 (depth 1, 20 lits): UNSAT in 0.07s
    cube 1901.171 (depth 1, 20 lits): UNSAT in 0.12s
    cube 1901.172 (depth 1, 20 lits): UNSAT in 0.16s
    cube 1901.173 (depth 1, 20 lits): UNSAT in 0.12s
    cube 1901.174 (depth 1, 20 lits): UNSAT in 0.02s
    cube 1901.175 (depth 1, 20 lits): UNSAT in 0.14s
    cube 1901.176 (depth 1, 20 lits): UNSAT in 0.21s
    cube 1901.177 (depth 1, 20 lits): UNSAT in 1.05s
    cube 1901.178 (depth 1, 20 lits): UNSAT in 0.14s
    cube 1901.179 (depth 1, 20 lits): UNSAT in 0.25s
    cube 1901.180 (depth 1, 20 lits): UNSAT in 0.17s
    cube 1901.181 (depth 1, 20 lits): UNSAT in 1.16s
    cube 1901.182 (depth 1, 20 lits): UNSAT in 0.04s
    cube 1901.183 (depth 1, 20 lits): UNSAT in 2.95s
    cube 1901.184 (depth 1, 20 lits): UNSAT in 3.21s
    cube 1901.185 (depth 1, 20 lits): UNSAT in 16.07s
    cube 1901.186 (depth 1, 20 lits): UNSAT in 0.05s
    cube 1901.187 (depth 1, 20 lits): UNSAT in 0.06s
    cube 1901.188 (depth 1, 20 lits): UNSAT in 0.13s
    cube 1901.189 (depth 1, 20 lits): UNSAT in 0.57s
    cube 1901.190 (depth 1, 20 lits): UNSAT in 0.08s
    cube 1901.191 (depth 1, 20 lits): UNSAT in 0.55s
    cube 1901.192 (depth 1, 20 lits): UNSAT in 0.29s
    cube 1901.193 (depth 1, 20 lits): UNSAT in 0.66s
    cube 1901.194 (depth 1, 20 lits): UNSAT in 0.20s
    cube 1901.195 (depth 1, 20 lits): UNSAT in 0.36s
    cube 1901.196 (depth 1, 20 lits): UNSAT in 0.07s
    cube 1901.197 (depth 1, 20 lits): UNSAT in 2.74s
    cube 1901.198 (depth 1, 20 lits): UNSAT in 0.19s
    cube 1901.199 (depth 1, 20 lits): UNSAT in 2.17s
    cube 1901.200 (depth 1, 20 lits): UNSAT in 0.37s
    cube 1901.201 (depth 1, 20 lits): UNSAT in 5.21s
    cube 1901.202 (depth 1, 20 lits): UNSAT in 0.08s
    cube 1901.203 (depth 1, 20 lits): UNSAT in 0.13s
    cube 1901.204 (depth 1, 20 lits): UNSAT in 0.16s
    cube 1901.205 (depth 1, 20 lits): UNSAT in 0.32s
    cube 1901.206 (depth 1, 20 lits): UNSAT in 0.50s
    cube 1901.207 (depth 1, 20 lits): UNSAT in 0.38s
    cube 1901.208 (depth 1, 20 lits): UNSAT in 0.95s
    cube 1901.209 (depth 1, 20 lits): UNSAT in 9.81s
    cube 1901.210 (depth 1, 20 lits): UNSAT in 1.21s
    cube 1901.211 (depth 1, 20 lits): UNSAT in 1.73s
    cube 1901.212 (depth 1, 20 lits): UNSAT in 0.83s
    cube 1901.213 (depth 1, 20 lits): UNSAT in 18.98s
    cube 1901.214 (depth 1, 20 lits): UNSAT in 0.38s
    cube 1901.215 (depth 1, 20 lits): UNSAT in 3.40s
    cube 1901.216 (depth 1, 20 lits): UNSAT in 3.34s
    cube 1901.217 (depth 1, 20 lits): UNSAT in 89.91s
    cube 1901.218 (depth 1, 20 lits): UNSAT in 0.06s
    cube 1901.219 (depth 1, 20 lits): UNSAT in 0.42s
    cube 1901.220 (depth 1, 20 lits): UNSAT in 0.36s
    cube 1901.221 (depth 1, 20 lits): UNSAT in 1.35s
    cube 1901.222 (depth 1, 20 lits): UNSAT in 0.24s
    cube 1901.223 (depth 1, 20 lits): UNSAT in 0.60s
    cube 1901.224 (depth 1, 20 lits): UNSAT in 0.33s
    cube 1901.225 (depth 1, 20 lits): UNSAT in 7.00s
    cube 1901.226 (depth 1, 20 lits): UNSAT in 0.19s
    cube 1901.227 (depth 1, 20 lits): UNSAT in 0.91s
    cube 1901.228 (depth 1, 20 lits): UNSAT in 0.88s
    cube 1901.229 (depth 1, 20 lits): UNSAT in 3.24s
    cube 1901.230 (depth 1, 20 lits): UNSAT in 0.67s
    cube 1901.231 (depth 1, 20 lits): UNSAT in 2.51s
    cube 1901.232 (depth 1, 20 lits): UNSAT in 8.37s
    cube 1901.233 (depth 1, 20 lits): UNSAT in 52.70s
    cube 1901.234 (depth 1, 20 lits): UNSAT in 0.24s
    cube 1901.235 (depth 1, 20 lits): UNSAT in 2.31s
    cube 1901.236 (depth 1, 20 lits): UNSAT in 1.65s
    cube 1901.237 (depth 1, 20 lits): UNSAT in 10.68s
    cube 1901.238 (depth 1, 20 lits): UNSAT in 0.56s
    cube 1901.239 (depth 1, 20 lits): UNSAT in 7.91s
    cube 1901.240 (depth 1, 20 lits): UNSAT in 5.80s
    cube 1901.241 (depth 1, 20 lits): UNSAT in 501.89s
    cube 1901.242 (depth 1, 20 lits): UNSAT in 0.88s
    cube 1901.243 (depth 1, 20 lits): UNSAT in 12.04s
    cube 1901.244 (depth 1, 20 lits): UNSAT in 12.77s
    cube 1901.245 (depth 1, 20 lits): UNSAT in 67.60s
    cube 1901.246 (depth 1, 20 lits): UNSAT in 16.38s
    cube 1901.247 (depth 1, 20 lits): UNSAT in 100.40s
    cube 1901.248 (depth 1, 20 lits): UNSAT in 176.36s
    cube 1901.249 (depth 1, 20 lits): TIMEOUT in 1200.07s
    cube 1901.249 TIMEOUT -> re-split into 252 sub-cubes (depth 2)
    cube 1901.249.0 (depth 2, 27 lits): UNSAT in 0.02s
    cube 1901.249.1 (depth 2, 27 lits): UNSAT in 0.02s
    cube 1901.249.2 (depth 2, 27 lits): UNSAT in 0.01s
    cube 1901.249.3 (depth 2, 28 lits): UNSAT in 0.02s
    cube 1901.249.4 (depth 2, 28 lits): UNSAT in 0.04s
    cube 1901.249.5 (depth 2, 28 lits): UNSAT in 0.01s
    cube 1901.249.6 (depth 2, 28 lits): UNSAT in 0.02s
    cube 1901.249.7 (depth 2, 28 lits): UNSAT in 0.03s
    cube 1901.249.8 (depth 2, 28 lits): UNSAT in 0.04s
    cube 1901.249.9 (depth 2, 28 lits): UNSAT in 0.03s
    cube 1901.249.10 (depth 2, 28 lits): UNSAT in 0.04s
    cube 1901.249.11 (depth 2, 28 lits): UNSAT in 0.07s
    cube 1901.249.12 (depth 2, 28 lits): UNSAT in 0.07s
    cube 1901.249.13 (depth 2, 28 lits): UNSAT in 0.02s
    cube 1901.249.14 (depth 2, 28 lits): UNSAT in 0.02s
    cube 1901.249.15 (depth 2, 28 lits): UNSAT in 0.03s
    cube 1901.249.16 (depth 2, 28 lits): UNSAT in 0.03s
    cube 1901.249.17 (depth 2, 28 lits): UNSAT in 0.02s
    cube 1901.249.18 (depth 2, 28 lits): UNSAT in 0.03s
    cube 1901.249.19 (depth 2, 28 lits): UNSAT in 0.02s
    cube 1901.249.20 (depth 2, 28 lits): UNSAT in 0.08s
    cube 1901.249.21 (depth 2, 28 lits): UNSAT in 0.03s
    cube 1901.249.22 (depth 2, 28 lits): UNSAT in 0.10s
    cube 1901.249.23 (depth 2, 28 lits): UNSAT in 0.03s
    cube 1901.249.24 (depth 2, 28 lits): UNSAT in 0.08s
    cube 1901.249.25 (depth 2, 28 lits): UNSAT in 0.02s
    cube 1901.249.26 (depth 2, 28 lits): UNSAT in 0.15s
    cube 1901.249.27 (depth 2, 28 lits): UNSAT in 0.04s
    cube 1901.249.28 (depth 2, 28 lits): UNSAT in 0.35s
    cube 1901.249.29 (depth 2, 28 lits): UNSAT in 0.03s
    cube 1901.249.30 (depth 2, 28 lits): UNSAT in 0.05s
    cube 1901.249.31 (depth 2, 28 lits): UNSAT in 0.05s
    cube 1901.249.32 (depth 2, 28 lits): UNSAT in 0.09s
    cube 1901.249.33 (depth 2, 28 lits): UNSAT in 0.04s
    cube 1901.249.34 (depth 2, 28 lits): UNSAT in 0.13s
    cube 1901.249.35 (depth 2, 28 lits): UNSAT in 0.15s
    cube 1901.249.36 (depth 2, 28 lits): UNSAT in 0.27s
    cube 1901.249.37 (depth 2, 28 lits): UNSAT in 0.04s
    cube 1901.249.38 (depth 2, 28 lits): UNSAT in 0.06s
    cube 1901.249.39 (depth 2, 28 lits): UNSAT in 0.09s
    cube 1901.249.40 (depth 2, 28 lits): UNSAT in 0.37s
    cube 1901.249.41 (depth 2, 28 lits): UNSAT in 0.11s
    cube 1901.249.42 (depth 2, 28 lits): UNSAT in 0.29s
    cube 1901.249.43 (depth 2, 28 lits): UNSAT in 0.23s
    cube 1901.249.44 (depth 2, 28 lits): UNSAT in 0.85s
    cube 1901.249.45 (depth 2, 28 lits): UNSAT in 0.02s
    cube 1901.249.46 (depth 2, 28 lits): UNSAT in 0.08s
    cube 1901.249.47 (depth 2, 28 lits): UNSAT in 0.06s
    cube 1901.249.48 (depth 2, 28 lits): UNSAT in 0.15s
    cube 1901.249.49 (depth 2, 28 lits): UNSAT in 0.04s
    cube 1901.249.50 (depth 2, 28 lits): UNSAT in 0.13s
    cube 1901.249.51 (depth 2, 28 lits): UNSAT in 0.09s
    cube 1901.249.52 (depth 2, 28 lits): UNSAT in 0.36s
    cube 1901.249.53 (depth 2, 28 lits): UNSAT in 0.05s
    cube 1901.249.54 (depth 2, 28 lits): UNSAT in 0.24s
    cube 1901.249.55 (depth 2, 28 lits): UNSAT in 0.17s
    cube 1901.249.56 (depth 2, 28 lits): UNSAT in 0.82s
    cube 1901.249.57 (depth 2, 28 lits): UNSAT in 0.13s
    cube 1901.249.58 (depth 2, 28 lits): UNSAT in 0.74s
    cube 1901.249.59 (depth 2, 28 lits): UNSAT in 1.08s
    cube 1901.249.60 (depth 2, 28 lits): UNSAT in 4.42s
    cube 1901.249.61 (depth 2, 27 lits): UNSAT in 0.02s
    cube 1901.249.62 (depth 2, 28 lits): UNSAT in 0.02s
    cube 1901.249.63 (depth 2, 28 lits): UNSAT in 0.01s
    cube 1901.249.64 (depth 2, 28 lits): UNSAT in 0.02s
    cube 1901.249.65 (depth 2, 28 lits): UNSAT in 0.02s
    cube 1901.249.66 (depth 2, 28 lits): UNSAT in 0.01s
    cube 1901.249.67 (depth 2, 28 lits): UNSAT in 0.06s
    cube 1901.249.68 (depth 2, 28 lits): UNSAT in 0.02s
    cube 1901.249.69 (depth 2, 28 lits): UNSAT in 0.02s
    cube 1901.249.70 (depth 2, 28 lits): UNSAT in 0.02s
    cube 1901.249.71 (depth 2, 28 lits): UNSAT in 0.03s
    cube 1901.249.72 (depth 2, 28 lits): UNSAT in 0.02s
    cube 1901.249.73 (depth 2, 28 lits): UNSAT in 0.03s
    cube 1901.249.74 (depth 2, 28 lits): UNSAT in 0.06s
    cube 1901.249.75 (depth 2, 28 lits): UNSAT in 0.26s
    cube 1901.249.76 (depth 2, 28 lits): UNSAT in 0.02s
    cube 1901.249.77 (depth 2, 28 lits): UNSAT in 0.03s
    cube 1901.249.78 (depth 2, 28 lits): UNSAT in 0.02s
    cube 1901.249.79 (depth 2, 28 lits): UNSAT in 0.09s
    cube 1901.249.80 (depth 2, 28 lits): UNSAT in 0.02s
    cube 1901.249.81 (depth 2, 28 lits): UNSAT in 0.13s
    cube 1901.249.82 (depth 2, 28 lits): UNSAT in 0.07s
    cube 1901.249.83 (depth 2, 28 lits): UNSAT in 0.28s
    cube 1901.249.84 (depth 2, 28 lits): UNSAT in 0.05s
    cube 1901.249.85 (depth 2, 28 lits): UNSAT in 0.19s
    cube 1901.249.86 (depth 2, 28 lits): UNSAT in 0.06s
    cube 1901.249.87 (depth 2, 28 lits): UNSAT in 0.23s
    cube 1901.249.88 (depth 2, 28 lits): UNSAT in 0.05s
    cube 1901.249.89 (depth 2, 28 lits): UNSAT in 0.68s
    cube 1901.249.90 (depth 2, 28 lits): UNSAT in 0.52s
    cube 1901.249.91 (depth 2, 28 lits): UNSAT in 1.14s
    cube 1901.249.92 (depth 2, 28 lits): UNSAT in 0.02s
    cube 1901.249.93 (depth 2, 28 lits): UNSAT in 0.03s
    cube 1901.249.94 (depth 2, 28 lits): UNSAT in 0.02s
    cube 1901.249.95 (depth 2, 28 lits): UNSAT in 0.05s
    cube 1901.249.96 (depth 2, 28 lits): UNSAT in 0.07s
    cube 1901.249.97 (depth 2, 28 lits): UNSAT in 0.27s
    cube 1901.249.98 (depth 2, 28 lits): UNSAT in 0.15s
    cube 1901.249.99 (depth 2, 28 lits): UNSAT in 0.79s
    cube 1901.249.100 (depth 2, 28 lits): UNSAT in 0.03s
    cube 1901.249.101 (depth 2, 28 lits): UNSAT in 0.15s
    cube 1901.249.102 (depth 2, 28 lits): UNSAT in 0.27s
    cube 1901.249.103 (depth 2, 28 lits): UNSAT in 1.45s
    cube 1901.249.104 (depth 2, 28 lits): UNSAT in 0.16s
    cube 1901.249.105 (depth 2, 28 lits): UNSAT in 0.52s
    cube 1901.249.106 (depth 2, 28 lits): UNSAT in 1.15s
    cube 1901.249.107 (depth 2, 28 lits): UNSAT in 1.73s
    cube 1901.249.108 (depth 2, 28 lits): UNSAT in 0.03s
    cube 1901.249.109 (depth 2, 28 lits): UNSAT in 0.10s
    cube 1901.249.110 (depth 2, 28 lits): UNSAT in 0.06s
    cube 1901.249.111 (depth 2, 28 lits): UNSAT in 0.16s
    cube 1901.249.112 (depth 2, 28 lits): UNSAT in 0.05s
    cube 1901.249.113 (depth 2, 28 lits): UNSAT in 0.27s
    cube 1901.249.114 (depth 2, 28 lits): UNSAT in 0.22s
    cube 1901.249.115 (depth 2, 28 lits): UNSAT in 0.62s
    cube 1901.249.116 (depth 2, 28 lits): UNSAT in 0.07s
    cube 1901.249.117 (depth 2, 28 lits): UNSAT in 0.42s
    cube 1901.249.118 (depth 2, 28 lits): UNSAT in 0.18s
    cube 1901.249.119 (depth 2, 28 lits): UNSAT in 1.01s
    cube 1901.249.120 (depth 2, 28 lits): UNSAT in 0.63s
    cube 1901.249.121 (depth 2, 28 lits): UNSAT in 7.31s
    cube 1901.249.122 (depth 2, 28 lits): UNSAT in 4.03s
    cube 1901.249.123 (depth 2, 28 lits): UNSAT in 58.94s
    cube 1901.249.124 (depth 2, 28 lits): UNSAT in 0.02s
    cube 1901.249.125 (depth 2, 28 lits): UNSAT in 0.02s
    cube 1901.249.126 (depth 2, 28 lits): UNSAT in 0.03s
    cube 1901.249.127 (depth 2, 28 lits): UNSAT in 0.08s
    cube 1901.249.128 (depth 2, 28 lits): UNSAT in 0.02s
    cube 1901.249.129 (depth 2, 28 lits): UNSAT in 0.08s
    cube 1901.249.130 (depth 2, 28 lits): UNSAT in 0.05s
    cube 1901.249.131 (depth 2, 28 lits): UNSAT in 0.35s
    cube 1901.249.132 (depth 2, 28 lits): UNSAT in 0.04s
    cube 1901.249.133 (depth 2, 28 lits): UNSAT in 0.06s
    cube 1901.249.134 (depth 2, 28 lits): UNSAT in 0.03s
    cube 1901.249.135 (depth 2, 28 lits): UNSAT in 0.32s
    cube 1901.249.136 (depth 2, 28 lits): UNSAT in 0.07s
    cube 1901.249.137 (depth 2, 28 lits): UNSAT in 0.29s
    cube 1901.249.138 (depth 2, 28 lits): UNSAT in 0.25s
    cube 1901.249.139 (depth 2, 28 lits): UNSAT in 1.24s
    cube 1901.249.140 (depth 2, 28 lits): UNSAT in 0.02s
    cube 1901.249.141 (depth 2, 28 lits): UNSAT in 0.04s
    cube 1901.249.142 (depth 2, 28 lits): UNSAT in 0.13s
    cube 1901.249.143 (depth 2, 28 lits): UNSAT in 0.18s
    cube 1901.249.144 (depth 2, 28 lits): UNSAT in 0.15s
    cube 1901.249.145 (depth 2, 28 lits): UNSAT in 0.29s
    cube 1901.249.146 (depth 2, 28 lits): UNSAT in 0.35s
    cube 1901.249.147 (depth 2, 28 lits): UNSAT in 2.60s
    cube 1901.249.148 (depth 2, 28 lits): UNSAT in 0.03s
    cube 1901.249.149 (depth 2, 28 lits): UNSAT in 0.09s
    cube 1901.249.150 (depth 2, 28 lits): UNSAT in 0.09s
    cube 1901.249.151 (depth 2, 28 lits): UNSAT in 0.31s
    cube 1901.249.152 (depth 2, 28 lits): UNSAT in 0.33s
    cube 1901.249.153 (depth 2, 28 lits): UNSAT in 2.37s
    cube 1901.249.154 (depth 2, 28 lits): UNSAT in 3.30s
    cube 1901.249.155 (depth 2, 28 lits): UNSAT in 9.80s
    cube 1901.249.156 (depth 2, 28 lits): UNSAT in 0.03s
    cube 1901.249.157 (depth 2, 28 lits): UNSAT in 0.02s
    cube 1901.249.158 (depth 2, 28 lits): UNSAT in 0.06s
    cube 1901.249.159 (depth 2, 28 lits): UNSAT in 0.12s
    cube 1901.249.160 (depth 2, 28 lits): UNSAT in 0.05s
    cube 1901.249.161 (depth 2, 28 lits): UNSAT in 0.07s
    cube 1901.249.162 (depth 2, 28 lits): UNSAT in 0.06s
    cube 1901.249.163 (depth 2, 28 lits): UNSAT in 0.12s
    cube 1901.249.164 (depth 2, 28 lits): UNSAT in 0.08s
    cube 1901.249.165 (depth 2, 28 lits): UNSAT in 0.31s
    cube 1901.249.166 (depth 2, 28 lits): UNSAT in 0.14s
    cube 1901.249.167 (depth 2, 28 lits): UNSAT in 1.60s
    cube 1901.249.168 (depth 2, 28 lits): UNSAT in 0.06s
    cube 1901.249.169 (depth 2, 28 lits): UNSAT in 0.31s
    cube 1901.249.170 (depth 2, 28 lits): UNSAT in 0.19s
    cube 1901.249.171 (depth 2, 28 lits): UNSAT in 4.49s
    cube 1901.249.172 (depth 2, 28 lits): UNSAT in 0.12s
    cube 1901.249.173 (depth 2, 28 lits): UNSAT in 0.27s
    cube 1901.249.174 (depth 2, 28 lits): UNSAT in 0.22s
    cube 1901.249.175 (depth 2, 28 lits): UNSAT in 0.33s
    cube 1901.249.176 (depth 2, 28 lits): UNSAT in 0.05s
    cube 1901.249.177 (depth 2, 28 lits): UNSAT in 0.28s
    cube 1901.249.178 (depth 2, 28 lits): UNSAT in 0.74s
    cube 1901.249.179 (depth 2, 28 lits): UNSAT in 3.62s
    cube 1901.249.180 (depth 2, 28 lits): UNSAT in 0.46s
    cube 1901.249.181 (depth 2, 28 lits): UNSAT in 1.55s
    cube 1901.249.182 (depth 2, 28 lits): UNSAT in 0.69s
    cube 1901.249.183 (depth 2, 28 lits): UNSAT in 6.28s
    cube 1901.249.184 (depth 2, 28 lits): UNSAT in 0.49s
    cube 1901.249.185 (depth 2, 28 lits): UNSAT in 16.35s
    cube 1901.249.186 (depth 2, 28 lits): UNSAT in 46.38s
    cube 1901.249.187 (depth 2, 28 lits): UNSAT in 330.93s
    cube 1901.249.188 (depth 2, 28 lits): UNSAT in 0.01s
    cube 1901.249.189 (depth 2, 28 lits): UNSAT in 0.03s
    cube 1901.249.190 (depth 2, 28 lits): UNSAT in 0.01s
    cube 1901.249.191 (depth 2, 28 lits): UNSAT in 0.04s
    cube 1901.249.192 (depth 2, 28 lits): UNSAT in 0.02s
    cube 1901.249.193 (depth 2, 28 lits): UNSAT in 0.11s
    cube 1901.249.194 (depth 2, 28 lits): UNSAT in 0.05s
    cube 1901.249.195 (depth 2, 28 lits): UNSAT in 0.28s
    cube 1901.249.196 (depth 2, 28 lits): UNSAT in 0.02s
    cube 1901.249.197 (depth 2, 28 lits): UNSAT in 0.04s
    cube 1901.249.198 (depth 2, 28 lits): UNSAT in 0.10s
    cube 1901.249.199 (depth 2, 28 lits): UNSAT in 0.16s
    cube 1901.249.200 (depth 2, 28 lits): UNSAT in 0.02s
    cube 1901.249.201 (depth 2, 28 lits): UNSAT in 0.05s
    cube 1901.249.202 (depth 2, 28 lits): UNSAT in 0.16s
    cube 1901.249.203 (depth 2, 28 lits): UNSAT in 0.86s
    cube 1901.249.204 (depth 2, 28 lits): UNSAT in 0.02s
    cube 1901.249.205 (depth 2, 28 lits): UNSAT in 0.08s
    cube 1901.249.206 (depth 2, 28 lits): UNSAT in 0.06s
    cube 1901.249.207 (depth 2, 28 lits): UNSAT in 0.20s
    cube 1901.249.208 (depth 2, 28 lits): UNSAT in 0.07s
    cube 1901.249.209 (depth 2, 28 lits): UNSAT in 0.16s
    cube 1901.249.210 (depth 2, 28 lits): UNSAT in 0.34s
    cube 1901.249.211 (depth 2, 28 lits): UNSAT in 0.46s
    cube 1901.249.212 (depth 2, 28 lits): UNSAT in 0.12s
    cube 1901.249.213 (depth 2, 28 lits): UNSAT in 0.29s
    cube 1901.249.214 (depth 2, 28 lits): UNSAT in 0.42s
    cube 1901.249.215 (depth 2, 28 lits): UNSAT in 1.77s
    cube 1901.249.216 (depth 2, 28 lits): UNSAT in 0.18s
    cube 1901.249.217 (depth 2, 28 lits): UNSAT in 0.96s
    cube 1901.249.218 (depth 2, 28 lits): UNSAT in 0.99s
    cube 1901.249.219 (depth 2, 28 lits): UNSAT in 8.11s
    cube 1901.249.220 (depth 2, 28 lits): UNSAT in 0.02s
    cube 1901.249.221 (depth 2, 28 lits): UNSAT in 0.04s
    cube 1901.249.222 (depth 2, 28 lits): UNSAT in 0.02s
    cube 1901.249.223 (depth 2, 28 lits): UNSAT in 0.06s
    cube 1901.249.224 (depth 2, 28 lits): UNSAT in 0.11s
    cube 1901.249.225 (depth 2, 28 lits): UNSAT in 0.13s
    cube 1901.249.226 (depth 2, 28 lits): UNSAT in 0.04s
    cube 1901.249.227 (depth 2, 28 lits): UNSAT in 0.14s
    cube 1901.249.228 (depth 2, 28 lits): UNSAT in 0.04s
    cube 1901.249.229 (depth 2, 28 lits): UNSAT in 0.08s
    cube 1901.249.230 (depth 2, 28 lits): UNSAT in 0.05s
    cube 1901.249.231 (depth 2, 28 lits): UNSAT in 0.28s
    cube 1901.249.232 (depth 2, 28 lits): UNSAT in 0.20s
    cube 1901.249.233 (depth 2, 28 lits): UNSAT in 0.89s
    cube 1901.249.234 (depth 2, 28 lits): UNSAT in 0.64s
    cube 1901.249.235 (depth 2, 28 lits): UNSAT in 2.55s
    cube 1901.249.236 (depth 2, 28 lits): UNSAT in 0.10s
    cube 1901.249.237 (depth 2, 28 lits): UNSAT in 0.42s
    cube 1901.249.238 (depth 2, 28 lits): UNSAT in 0.47s
    cube 1901.249.239 (depth 2, 28 lits): UNSAT in 1.60s
    cube 1901.249.240 (depth 2, 28 lits): UNSAT in 0.12s
    cube 1901.249.241 (depth 2, 28 lits): UNSAT in 0.39s
    cube 1901.249.242 (depth 2, 28 lits): UNSAT in 1.10s
    cube 1901.249.243 (depth 2, 28 lits): UNSAT in 15.43s
    cube 1901.249.244 (depth 2, 28 lits): UNSAT in 0.03s
    cube 1901.249.245 (depth 2, 28 lits): UNSAT in 0.11s
    cube 1901.249.246 (depth 2, 28 lits): UNSAT in 0.12s
    cube 1901.249.247 (depth 2, 28 lits): UNSAT in 2.38s
    cube 1901.249.248 (depth 2, 28 lits): UNSAT in 0.44s
    cube 1901.249.249 (depth 2, 28 lits): UNSAT in 5.40s
    cube 1901.249.250 (depth 2, 28 lits): UNSAT in 16.78s
    cube 1901.249.251 (depth 2, 28 lits): UNSAT in 61.90s

  shard 12 verdict: UNSAT (1 UNSAT, 0 unresolved) in 4389.6s
