  shard 8/24 (explicit): 1 of 4095 cubes, per-cube cap 1200.0s, re-split depth 7
    cube 1782 (depth 0, 12 lits): TIMEOUT in 1200.07s
    cube 1782 TIMEOUT -> re-split into 256 sub-cubes (depth 1)
    cube 1782.0 (depth 1, 20 lits): UNSAT in 0.02s
    cube 1782.1 (depth 1, 20 lits): UNSAT in 0.02s
    cube 1782.2 (depth 1, 20 lits): UNSAT in 0.03s
    cube 1782.3 (depth 1, 20 lits): UNSAT in 0.04s
    cube 1782.4 (depth 1, 20 lits): UNSAT in 0.02s
    cube 1782.5 (depth 1, 20 lits): UNSAT in 0.02s
    cube 1782.6 (depth 1, 20 lits): UNSAT in 0.06s
    cube 1782.7 (depth 1, 20 lits): UNSAT in 0.37s
    cube 1782.8 (depth 1, 20 lits): UNSAT in 0.03s
    cube 1782.9 (depth 1, 20 lits): UNSAT in 0.04s
    cube 1782.10 (depth 1, 20 lits): UNSAT in 0.02s
    cube 1782.11 (depth 1, 20 lits): UNSAT in 0.07s
    cube 1782.12 (depth 1, 20 lits): UNSAT in 0.03s
    cube 1782.13 (depth 1, 20 lits): UNSAT in 0.03s
    cube 1782.14 (depth 1, 20 lits): UNSAT in 0.04s
    cube 1782.15 (depth 1, 20 lits): UNSAT in 0.17s
    cube 1782.16 (depth 1, 20 lits): UNSAT in 0.01s
    cube 1782.17 (depth 1, 20 lits): UNSAT in 0.02s
    cube 1782.18 (depth 1, 20 lits): UNSAT in 0.02s
    cube 1782.19 (depth 1, 20 lits): UNSAT in 0.04s
    cube 1782.20 (depth 1, 20 lits): UNSAT in 0.02s
    cube 1782.21 (depth 1, 20 lits): UNSAT in 0.02s
    cube 1782.22 (depth 1, 20 lits): UNSAT in 0.03s
    cube 1782.23 (depth 1, 20 lits): UNSAT in 0.09s
    cube 1782.24 (depth 1, 20 lits): UNSAT in 0.02s
    cube 1782.25 (depth 1, 20 lits): UNSAT in 0.06s
    cube 1782.26 (depth 1, 20 lits): UNSAT in 0.08s
    cube 1782.27 (depth 1, 20 lits): UNSAT in 0.25s
    cube 1782.28 (depth 1, 20 lits): UNSAT in 0.08s
    cube 1782.29 (depth 1, 20 lits): UNSAT in 0.26s
    cube 1782.30 (depth 1, 20 lits): UNSAT in 0.17s
    cube 1782.31 (depth 1, 20 lits): UNSAT in 0.41s
    cube 1782.32 (depth 1, 20 lits): UNSAT in 0.02s
    cube 1782.33 (depth 1, 20 lits): UNSAT in 0.04s
    cube 1782.34 (depth 1, 20 lits): UNSAT in 0.03s
    cube 1782.35 (depth 1, 20 lits): UNSAT in 0.09s
    cube 1782.36 (depth 1, 20 lits): UNSAT in 0.04s
    cube 1782.37 (depth 1, 20 lits): UNSAT in 0.16s
    cube 1782.38 (depth 1, 20 lits): UNSAT in 0.08s
    cube 1782.39 (depth 1, 20 lits): UNSAT in 0.36s
    cube 1782.40 (depth 1, 20 lits): UNSAT in 0.06s
    cube 1782.41 (depth 1, 20 lits): UNSAT in 0.12s
    cube 1782.42 (depth 1, 20 lits): UNSAT in 0.10s
    cube 1782.43 (depth 1, 20 lits): UNSAT in 0.25s
    cube 1782.44 (depth 1, 20 lits): UNSAT in 0.03s
    cube 1782.45 (depth 1, 20 lits): UNSAT in 0.21s
    cube 1782.46 (depth 1, 20 lits): UNSAT in 0.51s
    cube 1782.47 (depth 1, 20 lits): UNSAT in 2.36s
    cube 1782.48 (depth 1, 20 lits): UNSAT in 0.05s
    cube 1782.49 (depth 1, 20 lits): UNSAT in 0.05s
    cube 1782.50 (depth 1, 20 lits): UNSAT in 0.03s
    cube 1782.51 (depth 1, 20 lits): UNSAT in 0.26s
    cube 1782.52 (depth 1, 20 lits): UNSAT in 0.02s
    cube 1782.53 (depth 1, 20 lits): UNSAT in 0.12s
    cube 1782.54 (depth 1, 20 lits): UNSAT in 0.33s
    cube 1782.55 (depth 1, 20 lits): UNSAT in 0.63s
    cube 1782.56 (depth 1, 20 lits): UNSAT in 0.07s
    cube 1782.57 (depth 1, 20 lits): UNSAT in 0.11s
    cube 1782.58 (depth 1, 20 lits): UNSAT in 0.58s
    cube 1782.59 (depth 1, 20 lits): UNSAT in 0.91s
    cube 1782.60 (depth 1, 20 lits): UNSAT in 0.65s
    cube 1782.61 (depth 1, 20 lits): UNSAT in 3.84s
    cube 1782.62 (depth 1, 20 lits): UNSAT in 2.06s
    cube 1782.63 (depth 1, 20 lits): UNSAT in 12.69s
    cube 1782.64 (depth 1, 20 lits): UNSAT in 0.02s
    cube 1782.65 (depth 1, 20 lits): UNSAT in 0.02s
    cube 1782.66 (depth 1, 20 lits): UNSAT in 0.04s
    cube 1782.67 (depth 1, 20 lits): UNSAT in 0.06s
    cube 1782.68 (depth 1, 20 lits): UNSAT in 0.03s
    cube 1782.69 (depth 1, 20 lits): UNSAT in 0.05s
    cube 1782.70 (depth 1, 20 lits): UNSAT in 0.12s
    cube 1782.71 (depth 1, 20 lits): UNSAT in 0.19s
    cube 1782.72 (depth 1, 20 lits): UNSAT in 0.03s
    cube 1782.73 (depth 1, 20 lits): UNSAT in 0.04s
    cube 1782.74 (depth 1, 20 lits): UNSAT in 0.08s
    cube 1782.75 (depth 1, 20 lits): UNSAT in 0.36s
    cube 1782.76 (depth 1, 20 lits): UNSAT in 0.15s
    cube 1782.77 (depth 1, 20 lits): UNSAT in 0.58s
    cube 1782.78 (depth 1, 20 lits): UNSAT in 0.24s
    cube 1782.79 (depth 1, 20 lits): UNSAT in 1.44s
    cube 1782.80 (depth 1, 20 lits): UNSAT in 0.07s
    cube 1782.81 (depth 1, 20 lits): UNSAT in 0.28s
    cube 1782.82 (depth 1, 20 lits): UNSAT in 0.42s
    cube 1782.83 (depth 1, 20 lits): UNSAT in 0.46s
    cube 1782.84 (depth 1, 20 lits): UNSAT in 0.28s
    cube 1782.85 (depth 1, 20 lits): UNSAT in 0.22s
    cube 1782.86 (depth 1, 20 lits): UNSAT in 0.44s
    cube 1782.87 (depth 1, 20 lits): UNSAT in 0.66s
    cube 1782.88 (depth 1, 20 lits): UNSAT in 0.22s
    cube 1782.89 (depth 1, 20 lits): UNSAT in 0.57s
    cube 1782.90 (depth 1, 20 lits): UNSAT in 0.24s
    cube 1782.91 (depth 1, 20 lits): UNSAT in 0.52s
    cube 1782.92 (depth 1, 20 lits): UNSAT in 1.00s
    cube 1782.93 (depth 1, 20 lits): UNSAT in 0.90s
    cube 1782.94 (depth 1, 20 lits): UNSAT in 0.98s
    cube 1782.95 (depth 1, 20 lits): UNSAT in 22.50s
    cube 1782.96 (depth 1, 20 lits): UNSAT in 0.11s
    cube 1782.97 (depth 1, 20 lits): UNSAT in 0.67s
    cube 1782.98 (depth 1, 20 lits): UNSAT in 0.38s
    cube 1782.99 (depth 1, 20 lits): UNSAT in 0.43s
    cube 1782.100 (depth 1, 20 lits): UNSAT in 0.30s
    cube 1782.101 (depth 1, 20 lits): UNSAT in 0.68s
    cube 1782.102 (depth 1, 20 lits): UNSAT in 0.98s
    cube 1782.103 (depth 1, 20 lits): UNSAT in 1.79s
    cube 1782.104 (depth 1, 20 lits): UNSAT in 0.09s
    cube 1782.105 (depth 1, 20 lits): UNSAT in 0.52s
    cube 1782.106 (depth 1, 20 lits): UNSAT in 0.16s
    cube 1782.107 (depth 1, 20 lits): UNSAT in 0.31s
    cube 1782.108 (depth 1, 20 lits): UNSAT in 0.34s
    cube 1782.109 (depth 1, 20 lits): UNSAT in 1.87s
    cube 1782.110 (depth 1, 20 lits): UNSAT in 3.04s
    cube 1782.111 (depth 1, 20 lits): UNSAT in 17.09s
    cube 1782.112 (depth 1, 20 lits): UNSAT in 0.10s
    cube 1782.113 (depth 1, 20 lits): UNSAT in 1.30s
    cube 1782.114 (depth 1, 20 lits): UNSAT in 1.39s
    cube 1782.115 (depth 1, 20 lits): UNSAT in 2.96s
    cube 1782.116 (depth 1, 20 lits): UNSAT in 0.32s
    cube 1782.117 (depth 1, 20 lits): UNSAT in 1.45s
    cube 1782.118 (depth 1, 20 lits): UNSAT in 5.56s
    cube 1782.119 (depth 1, 20 lits): UNSAT in 39.19s
    cube 1782.120 (depth 1, 20 lits): UNSAT in 1.76s
    cube 1782.121 (depth 1, 20 lits): UNSAT in 5.84s
    cube 1782.122 (depth 1, 20 lits): UNSAT in 1.70s
    cube 1782.123 (depth 1, 20 lits): UNSAT in 64.26s
    cube 1782.124 (depth 1, 20 lits): UNSAT in 4.21s
    cube 1782.125 (depth 1, 20 lits): UNSAT in 43.10s
    cube 1782.126 (depth 1, 20 lits): UNSAT in 162.20s
    cube 1782.127 (depth 1, 20 lits): UNSAT in 75.62s
    cube 1782.128 (depth 1, 20 lits): UNSAT in 0.02s
    cube 1782.129 (depth 1, 20 lits): UNSAT in 0.09s
    cube 1782.130 (depth 1, 20 lits): UNSAT in 0.03s
    cube 1782.131 (depth 1, 20 lits): UNSAT in 0.12s
    cube 1782.132 (depth 1, 20 lits): UNSAT in 0.08s
    cube 1782.133 (depth 1, 20 lits): UNSAT in 0.08s
    cube 1782.134 (depth 1, 20 lits): UNSAT in 0.17s
    cube 1782.135 (depth 1, 20 lits): UNSAT in 0.35s
    cube 1782.136 (depth 1, 20 lits): UNSAT in 0.03s
    cube 1782.137 (depth 1, 20 lits): UNSAT in 0.15s
    cube 1782.138 (depth 1, 20 lits): UNSAT in 0.13s
    cube 1782.139 (depth 1, 20 lits): UNSAT in 0.27s
    cube 1782.140 (depth 1, 20 lits): UNSAT in 0.17s
    cube 1782.141 (depth 1, 20 lits): UNSAT in 0.25s
    cube 1782.142 (depth 1, 20 lits): UNSAT in 1.10s
    cube 1782.143 (depth 1, 20 lits): UNSAT in 3.11s
    cube 1782.144 (depth 1, 20 lits): UNSAT in 0.04s
    cube 1782.145 (depth 1, 20 lits): UNSAT in 0.08s
    cube 1782.146 (depth 1, 20 lits): UNSAT in 0.05s
    cube 1782.147 (depth 1, 20 lits): UNSAT in 0.14s
    cube 1782.148 (depth 1, 20 lits): UNSAT in 0.26s
    cube 1782.149 (depth 1, 20 lits): UNSAT in 0.39s
    cube 1782.150 (depth 1, 20 lits): UNSAT in 0.36s
    cube 1782.151 (depth 1, 20 lits): UNSAT in 0.63s
    cube 1782.152 (depth 1, 20 lits): UNSAT in 0.18s
    cube 1782.153 (depth 1, 20 lits): UNSAT in 0.60s
    cube 1782.154 (depth 1, 20 lits): UNSAT in 0.24s
    cube 1782.155 (depth 1, 20 lits): UNSAT in 1.93s
    cube 1782.156 (depth 1, 20 lits): UNSAT in 1.79s
    cube 1782.157 (depth 1, 20 lits): UNSAT in 1.87s
    cube 1782.158 (depth 1, 20 lits): UNSAT in 1.98s
    cube 1782.159 (depth 1, 20 lits): UNSAT in 51.19s
    cube 1782.160 (depth 1, 20 lits): UNSAT in 0.17s
    cube 1782.161 (depth 1, 20 lits): UNSAT in 0.47s
    cube 1782.162 (depth 1, 20 lits): UNSAT in 0.27s
    cube 1782.163 (depth 1, 20 lits): UNSAT in 0.98s
    cube 1782.164 (depth 1, 20 lits): UNSAT in 0.34s
    cube 1782.165 (depth 1, 20 lits): UNSAT in 0.41s
    cube 1782.166 (depth 1, 20 lits): UNSAT in 1.27s
    cube 1782.167 (depth 1, 20 lits): UNSAT in 6.52s
    cube 1782.168 (depth 1, 20 lits): UNSAT in 0.05s
    cube 1782.169 (depth 1, 20 lits): UNSAT in 0.18s
    cube 1782.170 (depth 1, 20 lits): UNSAT in 0.34s
    cube 1782.171 (depth 1, 20 lits): UNSAT in 1.15s
    cube 1782.172 (depth 1, 20 lits): UNSAT in 0.32s
    cube 1782.173 (depth 1, 20 lits): UNSAT in 2.59s
    cube 1782.174 (depth 1, 20 lits): UNSAT in 4.38s
    cube 1782.175 (depth 1, 20 lits): UNSAT in 18.10s
    cube 1782.176 (depth 1, 20 lits): UNSAT in 0.10s
    cube 1782.177 (depth 1, 20 lits): UNSAT in 2.63s
    cube 1782.178 (depth 1, 20 lits): UNSAT in 1.99s
    cube 1782.179 (depth 1, 20 lits): UNSAT in 1.19s
    cube 1782.180 (depth 1, 20 lits): UNSAT in 0.36s
    cube 1782.181 (depth 1, 20 lits): UNSAT in 6.07s
    cube 1782.182 (depth 1, 20 lits): UNSAT in 0.51s
    cube 1782.183 (depth 1, 20 lits): UNSAT in 21.26s
    cube 1782.184 (depth 1, 20 lits): UNSAT in 3.21s
    cube 1782.185 (depth 1, 20 lits): UNSAT in 7.68s
    cube 1782.186 (depth 1, 20 lits): UNSAT in 1.82s
    cube 1782.187 (depth 1, 20 lits): UNSAT in 40.72s
    cube 1782.188 (depth 1, 20 lits): UNSAT in 17.73s
    cube 1782.189 (depth 1, 20 lits): UNSAT in 78.74s
    cube 1782.190 (depth 1, 20 lits): UNSAT in 103.17s
    cube 1782.191 (depth 1, 20 lits): TIMEOUT in 1200.07s
    cube 1782.191 TIMEOUT -> re-split into 250 sub-cubes (depth 2)
    cube 1782.191.0 (depth 2, 27 lits): UNSAT in 0.02s
    cube 1782.191.1 (depth 2, 28 lits): UNSAT in 0.02s
    cube 1782.191.2 (depth 2, 28 lits): UNSAT in 0.02s
    cube 1782.191.3 (depth 2, 28 lits): UNSAT in 0.01s
    cube 1782.191.4 (depth 2, 28 lits): UNSAT in 0.04s
    cube 1782.191.5 (depth 2, 28 lits): UNSAT in 0.03s
    cube 1782.191.6 (depth 2, 28 lits): UNSAT in 0.02s
    cube 1782.191.7 (depth 2, 27 lits): UNSAT in 0.02s
    cube 1782.191.8 (depth 2, 28 lits): UNSAT in 0.02s
    cube 1782.191.9 (depth 2, 28 lits): UNSAT in 0.02s
    cube 1782.191.10 (depth 2, 28 lits): UNSAT in 0.01s
    cube 1782.191.11 (depth 2, 28 lits): UNSAT in 0.04s
    cube 1782.191.12 (depth 2, 28 lits): UNSAT in 0.04s
    cube 1782.191.13 (depth 2, 28 lits): UNSAT in 0.28s
    cube 1782.191.14 (depth 2, 28 lits): UNSAT in 0.01s
    cube 1782.191.15 (depth 2, 28 lits): UNSAT in 0.02s
    cube 1782.191.16 (depth 2, 28 lits): UNSAT in 0.02s
    cube 1782.191.17 (depth 2, 28 lits): UNSAT in 0.04s
    cube 1782.191.18 (depth 2, 27 lits): UNSAT in 0.02s
    cube 1782.191.19 (depth 2, 28 lits): UNSAT in 0.04s
    cube 1782.191.20 (depth 2, 28 lits): UNSAT in 0.11s
    cube 1782.191.21 (depth 2, 28 lits): UNSAT in 0.03s
    cube 1782.191.22 (depth 2, 28 lits): UNSAT in 0.05s
    cube 1782.191.23 (depth 2, 28 lits): UNSAT in 0.04s
    cube 1782.191.24 (depth 2, 28 lits): UNSAT in 0.12s
    cube 1782.191.25 (depth 2, 28 lits): UNSAT in 0.02s
    cube 1782.191.26 (depth 2, 28 lits): UNSAT in 0.04s
    cube 1782.191.27 (depth 2, 28 lits): UNSAT in 0.13s
    cube 1782.191.28 (depth 2, 28 lits): UNSAT in 0.91s
    cube 1782.191.29 (depth 2, 27 lits): UNSAT in 0.02s
    cube 1782.191.30 (depth 2, 28 lits): UNSAT in 0.02s
    cube 1782.191.31 (depth 2, 28 lits): UNSAT in 0.03s
    cube 1782.191.32 (depth 2, 28 lits): UNSAT in 0.01s
    cube 1782.191.33 (depth 2, 28 lits): UNSAT in 0.01s
    cube 1782.191.34 (depth 2, 28 lits): UNSAT in 0.03s
    cube 1782.191.35 (depth 2, 28 lits): UNSAT in 0.07s
    cube 1782.191.36 (depth 2, 28 lits): UNSAT in 0.02s
    cube 1782.191.37 (depth 2, 28 lits): UNSAT in 0.03s
    cube 1782.191.38 (depth 2, 28 lits): UNSAT in 0.02s
    cube 1782.191.39 (depth 2, 28 lits): UNSAT in 0.15s
    cube 1782.191.40 (depth 2, 28 lits): UNSAT in 0.05s
    cube 1782.191.41 (depth 2, 28 lits): UNSAT in 0.11s
    cube 1782.191.42 (depth 2, 28 lits): UNSAT in 0.28s
    cube 1782.191.43 (depth 2, 28 lits): UNSAT in 1.00s
    cube 1782.191.44 (depth 2, 28 lits): UNSAT in 0.02s
    cube 1782.191.45 (depth 2, 28 lits): UNSAT in 0.05s
    cube 1782.191.46 (depth 2, 28 lits): UNSAT in 0.02s
    cube 1782.191.47 (depth 2, 28 lits): UNSAT in 0.08s
    cube 1782.191.48 (depth 2, 28 lits): UNSAT in 0.05s
    cube 1782.191.49 (depth 2, 28 lits): UNSAT in 0.20s
    cube 1782.191.50 (depth 2, 28 lits): UNSAT in 0.20s
    cube 1782.191.51 (depth 2, 28 lits): UNSAT in 0.34s
    cube 1782.191.52 (depth 2, 28 lits): UNSAT in 0.03s
    cube 1782.191.53 (depth 2, 28 lits): UNSAT in 0.11s
    cube 1782.191.54 (depth 2, 28 lits): UNSAT in 0.03s
    cube 1782.191.55 (depth 2, 28 lits): UNSAT in 0.20s
    cube 1782.191.56 (depth 2, 28 lits): UNSAT in 0.11s
    cube 1782.191.57 (depth 2, 28 lits): UNSAT in 0.44s
    cube 1782.191.58 (depth 2, 28 lits): UNSAT in 0.27s
    cube 1782.191.59 (depth 2, 28 lits): UNSAT in 1.46s
    cube 1782.191.60 (depth 2, 27 lits): UNSAT in 0.02s
    cube 1782.191.61 (depth 2, 28 lits): UNSAT in 0.01s
    cube 1782.191.62 (depth 2, 28 lits): UNSAT in 0.05s
    cube 1782.191.63 (depth 2, 28 lits): UNSAT in 0.02s
    cube 1782.191.64 (depth 2, 28 lits): UNSAT in 0.02s
    cube 1782.191.65 (depth 2, 28 lits): UNSAT in 0.03s
    cube 1782.191.66 (depth 2, 28 lits): UNSAT in 0.06s
    cube 1782.191.67 (depth 2, 28 lits): UNSAT in 0.02s
    cube 1782.191.68 (depth 2, 28 lits): UNSAT in 0.04s
    cube 1782.191.69 (depth 2, 28 lits): UNSAT in 0.02s
    cube 1782.191.70 (depth 2, 28 lits): UNSAT in 0.12s
    cube 1782.191.71 (depth 2, 28 lits): UNSAT in 0.03s
    cube 1782.191.72 (depth 2, 28 lits): UNSAT in 0.14s
    cube 1782.191.73 (depth 2, 28 lits): UNSAT in 0.15s
    cube 1782.191.74 (depth 2, 28 lits): UNSAT in 0.32s
    cube 1782.191.75 (depth 2, 27 lits): UNSAT in 0.01s
    cube 1782.191.76 (depth 2, 28 lits): UNSAT in 0.02s
    cube 1782.191.77 (depth 2, 28 lits): UNSAT in 0.03s
    cube 1782.191.78 (depth 2, 28 lits): UNSAT in 0.03s
    cube 1782.191.79 (depth 2, 28 lits): UNSAT in 0.11s
    cube 1782.191.80 (depth 2, 28 lits): UNSAT in 0.09s
    cube 1782.191.81 (depth 2, 28 lits): UNSAT in 0.09s
    cube 1782.191.82 (depth 2, 28 lits): UNSAT in 0.06s
    cube 1782.191.83 (depth 2, 28 lits): UNSAT in 0.07s
    cube 1782.191.84 (depth 2, 28 lits): UNSAT in 0.08s
    cube 1782.191.85 (depth 2, 28 lits): UNSAT in 0.18s
    cube 1782.191.86 (depth 2, 28 lits): UNSAT in 0.25s
    cube 1782.191.87 (depth 2, 28 lits): UNSAT in 0.40s
    cube 1782.191.88 (depth 2, 28 lits): UNSAT in 0.58s
    cube 1782.191.89 (depth 2, 28 lits): UNSAT in 1.79s
    cube 1782.191.90 (depth 2, 28 lits): UNSAT in 0.01s
    cube 1782.191.91 (depth 2, 28 lits): UNSAT in 0.02s
    cube 1782.191.92 (depth 2, 28 lits): UNSAT in 0.03s
    cube 1782.191.93 (depth 2, 28 lits): UNSAT in 0.04s
    cube 1782.191.94 (depth 2, 28 lits): UNSAT in 0.02s
    cube 1782.191.95 (depth 2, 28 lits): UNSAT in 0.04s
    cube 1782.191.96 (depth 2, 28 lits): UNSAT in 0.03s
    cube 1782.191.97 (depth 2, 28 lits): UNSAT in 0.04s
    cube 1782.191.98 (depth 2, 28 lits): UNSAT in 0.01s
    cube 1782.191.99 (depth 2, 28 lits): UNSAT in 0.04s
    cube 1782.191.100 (depth 2, 28 lits): UNSAT in 0.02s
    cube 1782.191.101 (depth 2, 28 lits): UNSAT in 0.05s
    cube 1782.191.102 (depth 2, 28 lits): UNSAT in 0.06s
    cube 1782.191.103 (depth 2, 28 lits): UNSAT in 0.08s
    cube 1782.191.104 (depth 2, 28 lits): UNSAT in 0.13s
    cube 1782.191.105 (depth 2, 28 lits): UNSAT in 0.43s
    cube 1782.191.106 (depth 2, 28 lits): UNSAT in 0.02s
    cube 1782.191.107 (depth 2, 28 lits): UNSAT in 0.03s
    cube 1782.191.108 (depth 2, 28 lits): UNSAT in 0.06s
    cube 1782.191.109 (depth 2, 28 lits): UNSAT in 0.25s
    cube 1782.191.110 (depth 2, 28 lits): UNSAT in 0.14s
    cube 1782.191.111 (depth 2, 28 lits): UNSAT in 1.11s
    cube 1782.191.112 (depth 2, 28 lits): UNSAT in 0.12s
    cube 1782.191.113 (depth 2, 28 lits): UNSAT in 1.70s
    cube 1782.191.114 (depth 2, 28 lits): UNSAT in 0.08s
    cube 1782.191.115 (depth 2, 28 lits): UNSAT in 0.54s
    cube 1782.191.116 (depth 2, 28 lits): UNSAT in 0.52s
    cube 1782.191.117 (depth 2, 28 lits): UNSAT in 2.23s
    cube 1782.191.118 (depth 2, 28 lits): UNSAT in 0.20s
    cube 1782.191.119 (depth 2, 28 lits): UNSAT in 1.11s
    cube 1782.191.120 (depth 2, 28 lits): UNSAT in 2.12s
    cube 1782.191.121 (depth 2, 28 lits): UNSAT in 13.52s
    cube 1782.191.122 (depth 2, 28 lits): UNSAT in 0.01s
    cube 1782.191.123 (depth 2, 28 lits): UNSAT in 0.02s
    cube 1782.191.124 (depth 2, 28 lits): UNSAT in 0.02s
    cube 1782.191.125 (depth 2, 28 lits): UNSAT in 0.02s
    cube 1782.191.126 (depth 2, 28 lits): UNSAT in 0.02s
    cube 1782.191.127 (depth 2, 28 lits): UNSAT in 0.04s
    cube 1782.191.128 (depth 2, 28 lits): UNSAT in 0.02s
    cube 1782.191.129 (depth 2, 28 lits): UNSAT in 0.03s
    cube 1782.191.130 (depth 2, 28 lits): UNSAT in 0.02s
    cube 1782.191.131 (depth 2, 28 lits): UNSAT in 0.02s
    cube 1782.191.132 (depth 2, 28 lits): UNSAT in 0.07s
    cube 1782.191.133 (depth 2, 28 lits): UNSAT in 0.15s
    cube 1782.191.134 (depth 2, 28 lits): UNSAT in 0.05s
    cube 1782.191.135 (depth 2, 28 lits): UNSAT in 0.09s
    cube 1782.191.136 (depth 2, 28 lits): UNSAT in 0.05s
    cube 1782.191.137 (depth 2, 28 lits): UNSAT in 0.26s
    cube 1782.191.138 (depth 2, 28 lits): UNSAT in 0.02s
    cube 1782.191.139 (depth 2, 28 lits): UNSAT in 0.02s
    cube 1782.191.140 (depth 2, 28 lits): UNSAT in 0.04s
    cube 1782.191.141 (depth 2, 28 lits): UNSAT in 0.05s
    cube 1782.191.142 (depth 2, 28 lits): UNSAT in 0.02s
    cube 1782.191.143 (depth 2, 28 lits): UNSAT in 0.05s
    cube 1782.191.144 (depth 2, 28 lits): UNSAT in 0.07s
    cube 1782.191.145 (depth 2, 28 lits): UNSAT in 0.56s
    cube 1782.191.146 (depth 2, 28 lits): UNSAT in 0.03s
    cube 1782.191.147 (depth 2, 28 lits): UNSAT in 0.07s
    cube 1782.191.148 (depth 2, 28 lits): UNSAT in 0.16s
    cube 1782.191.149 (depth 2, 28 lits): UNSAT in 0.93s
    cube 1782.191.150 (depth 2, 28 lits): UNSAT in 0.14s
    cube 1782.191.151 (depth 2, 28 lits): UNSAT in 0.82s
    cube 1782.191.152 (depth 2, 28 lits): UNSAT in 0.24s
    cube 1782.191.153 (depth 2, 28 lits): UNSAT in 9.02s
    cube 1782.191.154 (depth 2, 28 lits): UNSAT in 0.03s
    cube 1782.191.155 (depth 2, 28 lits): UNSAT in 0.07s
    cube 1782.191.156 (depth 2, 28 lits): UNSAT in 0.04s
    cube 1782.191.157 (depth 2, 28 lits): UNSAT in 0.06s
    cube 1782.191.158 (depth 2, 28 lits): UNSAT in 0.04s
    cube 1782.191.159 (depth 2, 28 lits): UNSAT in 0.05s
    cube 1782.191.160 (depth 2, 28 lits): UNSAT in 0.06s
    cube 1782.191.161 (depth 2, 28 lits): UNSAT in 1.01s
    cube 1782.191.162 (depth 2, 28 lits): UNSAT in 0.03s
    cube 1782.191.163 (depth 2, 28 lits): UNSAT in 0.03s
    cube 1782.191.164 (depth 2, 28 lits): UNSAT in 0.14s
    cube 1782.191.165 (depth 2, 28 lits): UNSAT in 0.27s
    cube 1782.191.166 (depth 2, 28 lits): UNSAT in 0.12s
    cube 1782.191.167 (depth 2, 28 lits): UNSAT in 0.18s
    cube 1782.191.168 (depth 2, 28 lits): UNSAT in 0.82s
    cube 1782.191.169 (depth 2, 28 lits): UNSAT in 5.23s
    cube 1782.191.170 (depth 2, 28 lits): UNSAT in 0.03s
    cube 1782.191.171 (depth 2, 28 lits): UNSAT in 0.05s
    cube 1782.191.172 (depth 2, 28 lits): UNSAT in 0.12s
    cube 1782.191.173 (depth 2, 28 lits): UNSAT in 0.07s
    cube 1782.191.174 (depth 2, 28 lits): UNSAT in 0.05s
    cube 1782.191.175 (depth 2, 28 lits): UNSAT in 0.12s
    cube 1782.191.176 (depth 2, 28 lits): UNSAT in 0.07s
    cube 1782.191.177 (depth 2, 28 lits): UNSAT in 0.77s
    cube 1782.191.178 (depth 2, 28 lits): UNSAT in 0.04s
    cube 1782.191.179 (depth 2, 28 lits): UNSAT in 0.35s
    cube 1782.191.180 (depth 2, 28 lits): UNSAT in 0.44s
    cube 1782.191.181 (depth 2, 28 lits): UNSAT in 2.52s
    cube 1782.191.182 (depth 2, 28 lits): UNSAT in 0.71s
    cube 1782.191.183 (depth 2, 28 lits): UNSAT in 4.64s
    cube 1782.191.184 (depth 2, 28 lits): UNSAT in 0.92s
    cube 1782.191.185 (depth 2, 28 lits): UNSAT in 29.83s
    cube 1782.191.186 (depth 2, 28 lits): UNSAT in 0.03s
    cube 1782.191.187 (depth 2, 28 lits): UNSAT in 0.04s
    cube 1782.191.188 (depth 2, 28 lits): UNSAT in 0.07s
    cube 1782.191.189 (depth 2, 28 lits): UNSAT in 0.53s
    cube 1782.191.190 (depth 2, 28 lits): UNSAT in 0.06s
    cube 1782.191.191 (depth 2, 28 lits): UNSAT in 0.20s
    cube 1782.191.192 (depth 2, 28 lits): UNSAT in 0.31s
    cube 1782.191.193 (depth 2, 28 lits): UNSAT in 0.33s
    cube 1782.191.194 (depth 2, 28 lits): UNSAT in 0.03s
    cube 1782.191.195 (depth 2, 28 lits): UNSAT in 0.15s
    cube 1782.191.196 (depth 2, 28 lits): UNSAT in 0.10s
    cube 1782.191.197 (depth 2, 28 lits): UNSAT in 2.05s
    cube 1782.191.198 (depth 2, 28 lits): UNSAT in 0.32s
    cube 1782.191.199 (depth 2, 28 lits): UNSAT in 2.89s
    cube 1782.191.200 (depth 2, 28 lits): UNSAT in 1.26s
    cube 1782.191.201 (depth 2, 28 lits): UNSAT in 5.89s
    cube 1782.191.202 (depth 2, 28 lits): UNSAT in 0.12s
    cube 1782.191.203 (depth 2, 28 lits): UNSAT in 0.23s
    cube 1782.191.204 (depth 2, 28 lits): UNSAT in 0.17s
    cube 1782.191.205 (depth 2, 28 lits): UNSAT in 0.91s
    cube 1782.191.206 (depth 2, 28 lits): UNSAT in 0.07s
    cube 1782.191.207 (depth 2, 28 lits): UNSAT in 0.28s
    cube 1782.191.208 (depth 2, 28 lits): UNSAT in 0.21s
    cube 1782.191.209 (depth 2, 28 lits): UNSAT in 5.57s
    cube 1782.191.210 (depth 2, 28 lits): UNSAT in 0.11s
    cube 1782.191.211 (depth 2, 28 lits): UNSAT in 0.11s
    cube 1782.191.212 (depth 2, 28 lits): UNSAT in 0.27s
    cube 1782.191.213 (depth 2, 28 lits): UNSAT in 0.80s
    cube 1782.191.214 (depth 2, 28 lits): UNSAT in 0.46s
    cube 1782.191.215 (depth 2, 28 lits): UNSAT in 10.34s
    cube 1782.191.216 (depth 2, 28 lits): UNSAT in 10.95s
    cube 1782.191.217 (depth 2, 28 lits): UNSAT in 30.85s
    cube 1782.191.218 (depth 2, 28 lits): UNSAT in 0.02s
    cube 1782.191.219 (depth 2, 28 lits): UNSAT in 0.03s
    cube 1782.191.220 (depth 2, 28 lits): UNSAT in 0.06s
    cube 1782.191.221 (depth 2, 28 lits): UNSAT in 0.24s
    cube 1782.191.222 (depth 2, 28 lits): UNSAT in 0.07s
    cube 1782.191.223 (depth 2, 28 lits): UNSAT in 0.14s
    cube 1782.191.224 (depth 2, 28 lits): UNSAT in 0.14s
    cube 1782.191.225 (depth 2, 28 lits): UNSAT in 0.28s
    cube 1782.191.226 (depth 2, 28 lits): UNSAT in 0.04s
    cube 1782.191.227 (depth 2, 28 lits): UNSAT in 0.08s
    cube 1782.191.228 (depth 2, 28 lits): UNSAT in 0.07s
    cube 1782.191.229 (depth 2, 28 lits): UNSAT in 0.19s
    cube 1782.191.230 (depth 2, 28 lits): UNSAT in 0.30s
    cube 1782.191.231 (depth 2, 28 lits): UNSAT in 0.58s
    cube 1782.191.232 (depth 2, 28 lits): UNSAT in 1.94s
    cube 1782.191.233 (depth 2, 28 lits): UNSAT in 4.53s
    cube 1782.191.234 (depth 2, 28 lits): UNSAT in 0.06s
    cube 1782.191.235 (depth 2, 28 lits): UNSAT in 0.06s
    cube 1782.191.236 (depth 2, 28 lits): UNSAT in 0.06s
    cube 1782.191.237 (depth 2, 28 lits): UNSAT in 0.16s
    cube 1782.191.238 (depth 2, 28 lits): UNSAT in 0.07s
    cube 1782.191.239 (depth 2, 28 lits): UNSAT in 0.23s
    cube 1782.191.240 (depth 2, 28 lits): UNSAT in 0.39s
    cube 1782.191.241 (depth 2, 28 lits): UNSAT in 1.61s
    cube 1782.191.242 (depth 2, 28 lits): UNSAT in 0.95s
    cube 1782.191.243 (depth 2, 28 lits): UNSAT in 1.61s
    cube 1782.191.244 (depth 2, 28 lits): UNSAT in 0.33s
    cube 1782.191.245 (depth 2, 28 lits): UNSAT in 5.85s
    cube 1782.191.246 (depth 2, 28 lits): UNSAT in 0.64s
    cube 1782.191.247 (depth 2, 28 lits): UNSAT in 4.67s
    cube 1782.191.248 (depth 2, 28 lits): UNSAT in 6.71s
    cube 1782.191.249 (depth 2, 28 lits): UNSAT in 35.02s
    cube 1782.192 (depth 1, 20 lits): UNSAT in 0.02s
    cube 1782.193 (depth 1, 20 lits): UNSAT in 0.02s
    cube 1782.194 (depth 1, 20 lits): UNSAT in 0.06s
    cube 1782.195 (depth 1, 20 lits): UNSAT in 1.01s
    cube 1782.196 (depth 1, 20 lits): UNSAT in 0.11s
    cube 1782.197 (depth 1, 20 lits): UNSAT in 0.53s
    cube 1782.198 (depth 1, 20 lits): UNSAT in 0.71s
    cube 1782.199 (depth 1, 20 lits): UNSAT in 10.01s
    cube 1782.200 (depth 1, 20 lits): UNSAT in 0.08s
    cube 1782.201 (depth 1, 20 lits): UNSAT in 0.26s
    cube 1782.202 (depth 1, 20 lits): UNSAT in 0.25s
    cube 1782.203 (depth 1, 20 lits): UNSAT in 3.06s
    cube 1782.204 (depth 1, 20 lits): UNSAT in 0.60s
    cube 1782.205 (depth 1, 20 lits): UNSAT in 4.69s
    cube 1782.206 (depth 1, 20 lits): UNSAT in 5.49s
    cube 1782.207 (depth 1, 20 lits): UNSAT in 68.43s
    cube 1782.208 (depth 1, 20 lits): UNSAT in 0.65s
    cube 1782.209 (depth 1, 20 lits): UNSAT in 4.37s
    cube 1782.210 (depth 1, 20 lits): UNSAT in 1.75s
    cube 1782.211 (depth 1, 20 lits): UNSAT in 17.33s
    cube 1782.212 (depth 1, 20 lits): UNSAT in 3.69s
    cube 1782.213 (depth 1, 20 lits): UNSAT in 2.67s
    cube 1782.214 (depth 1, 20 lits): UNSAT in 2.45s
    cube 1782.215 (depth 1, 20 lits): UNSAT in 80.49s
    cube 1782.216 (depth 1, 20 lits): UNSAT in 0.53s
    cube 1782.217 (depth 1, 20 lits): UNSAT in 3.49s
    cube 1782.218 (depth 1, 20 lits): UNSAT in 6.99s
    cube 1782.219 (depth 1, 20 lits): UNSAT in 24.23s
    cube 1782.220 (depth 1, 20 lits): UNSAT in 7.61s
    cube 1782.221 (depth 1, 20 lits): UNSAT in 43.32s
    cube 1782.222 (depth 1, 20 lits): UNSAT in 41.18s
    cube 1782.223 (depth 1, 20 lits): TIMEOUT in 1200.10s
    cube 1782.223 TIMEOUT -> re-split into 251 sub-cubes (depth 2)
    cube 1782.223.0 (depth 2, 27 lits): UNSAT in 0.01s
    cube 1782.223.1 (depth 2, 27 lits): UNSAT in 0.02s
    cube 1782.223.2 (depth 2, 28 lits): UNSAT in 0.01s
    cube 1782.223.3 (depth 2, 28 lits): UNSAT in 0.02s
    cube 1782.223.4 (depth 2, 28 lits): UNSAT in 0.02s
    cube 1782.223.5 (depth 2, 28 lits): UNSAT in 0.02s
    cube 1782.223.6 (depth 2, 28 lits): UNSAT in 0.02s
    cube 1782.223.7 (depth 2, 28 lits): UNSAT in 0.03s
    cube 1782.223.8 (depth 2, 28 lits): UNSAT in 0.02s
    cube 1782.223.9 (depth 2, 28 lits): UNSAT in 0.03s
    cube 1782.223.10 (depth 2, 28 lits): UNSAT in 0.02s
    cube 1782.223.11 (depth 2, 28 lits): UNSAT in 0.06s
    cube 1782.223.12 (depth 2, 28 lits): UNSAT in 0.02s
    cube 1782.223.13 (depth 2, 28 lits): UNSAT in 0.09s
    cube 1782.223.14 (depth 2, 28 lits): UNSAT in 0.02s
    cube 1782.223.15 (depth 2, 28 lits): UNSAT in 0.02s
    cube 1782.223.16 (depth 2, 28 lits): UNSAT in 0.02s
    cube 1782.223.17 (depth 2, 28 lits): UNSAT in 0.09s
    cube 1782.223.18 (depth 2, 28 lits): UNSAT in 0.05s
    cube 1782.223.19 (depth 2, 28 lits): UNSAT in 0.07s
    cube 1782.223.20 (depth 2, 28 lits): UNSAT in 0.05s
    cube 1782.223.21 (depth 2, 28 lits): UNSAT in 0.54s
    cube 1782.223.22 (depth 2, 28 lits): UNSAT in 0.02s
    cube 1782.223.23 (depth 2, 28 lits): UNSAT in 0.03s
    cube 1782.223.24 (depth 2, 28 lits): UNSAT in 0.07s
    cube 1782.223.25 (depth 2, 28 lits): UNSAT in 0.40s
    cube 1782.223.26 (depth 2, 28 lits): UNSAT in 0.06s
    cube 1782.223.27 (depth 2, 28 lits): UNSAT in 0.11s
    cube 1782.223.28 (depth 2, 28 lits): UNSAT in 0.10s
    cube 1782.223.29 (depth 2, 28 lits): UNSAT in 1.02s
    cube 1782.223.30 (depth 2, 28 lits): UNSAT in 0.01s
    cube 1782.223.31 (depth 2, 28 lits): UNSAT in 0.02s
    cube 1782.223.32 (depth 2, 28 lits): UNSAT in 0.02s
    cube 1782.223.33 (depth 2, 28 lits): UNSAT in 0.02s
    cube 1782.223.34 (depth 2, 27 lits): UNSAT in 0.02s
    cube 1782.223.35 (depth 2, 27 lits): UNSAT in 0.02s
    cube 1782.223.36 (depth 2, 28 lits): UNSAT in 0.02s
    cube 1782.223.37 (depth 2, 28 lits): UNSAT in 0.07s
    cube 1782.223.38 (depth 2, 28 lits): UNSAT in 0.05s
    cube 1782.223.39 (depth 2, 28 lits): UNSAT in 0.11s
    cube 1782.223.40 (depth 2, 28 lits): UNSAT in 0.08s
    cube 1782.223.41 (depth 2, 28 lits): UNSAT in 0.05s
    cube 1782.223.42 (depth 2, 28 lits): UNSAT in 0.23s
    cube 1782.223.43 (depth 2, 28 lits): UNSAT in 0.72s
    cube 1782.223.44 (depth 2, 28 lits): UNSAT in 0.02s
    cube 1782.223.45 (depth 2, 28 lits): UNSAT in 0.03s
    cube 1782.223.46 (depth 2, 28 lits): UNSAT in 0.03s
    cube 1782.223.47 (depth 2, 28 lits): UNSAT in 0.07s
    cube 1782.223.48 (depth 2, 28 lits): UNSAT in 0.09s
    cube 1782.223.49 (depth 2, 28 lits): UNSAT in 0.19s
    cube 1782.223.50 (depth 2, 28 lits): UNSAT in 0.13s
    cube 1782.223.51 (depth 2, 28 lits): UNSAT in 0.46s
    cube 1782.223.52 (depth 2, 28 lits): UNSAT in 0.09s
    cube 1782.223.53 (depth 2, 28 lits): UNSAT in 0.54s
    cube 1782.223.54 (depth 2, 28 lits): UNSAT in 0.03s
    cube 1782.223.55 (depth 2, 28 lits): UNSAT in 0.84s
    cube 1782.223.56 (depth 2, 28 lits): UNSAT in 0.23s
    cube 1782.223.57 (depth 2, 28 lits): UNSAT in 0.82s
    cube 1782.223.58 (depth 2, 28 lits): UNSAT in 2.48s
    cube 1782.223.59 (depth 2, 28 lits): UNSAT in 9.65s
    cube 1782.223.60 (depth 2, 27 lits): UNSAT in 0.02s
    cube 1782.223.61 (depth 2, 28 lits): UNSAT in 0.02s
    cube 1782.223.62 (depth 2, 28 lits): UNSAT in 0.03s
    cube 1782.223.63 (depth 2, 28 lits): UNSAT in 0.02s
    cube 1782.223.64 (depth 2, 28 lits): UNSAT in 0.05s
    cube 1782.223.65 (depth 2, 28 lits): UNSAT in 0.04s
    cube 1782.223.66 (depth 2, 28 lits): UNSAT in 0.09s
    cube 1782.223.67 (depth 2, 28 lits): UNSAT in 0.05s
    cube 1782.223.68 (depth 2, 28 lits): UNSAT in 0.05s
    cube 1782.223.69 (depth 2, 28 lits): UNSAT in 0.02s
    cube 1782.223.70 (depth 2, 28 lits): UNSAT in 0.04s
    cube 1782.223.71 (depth 2, 28 lits): UNSAT in 0.06s
    cube 1782.223.72 (depth 2, 28 lits): UNSAT in 0.09s
    cube 1782.223.73 (depth 2, 28 lits): UNSAT in 0.12s
    cube 1782.223.74 (depth 2, 28 lits): UNSAT in 0.54s
    cube 1782.223.75 (depth 2, 28 lits): UNSAT in 0.02s
    cube 1782.223.76 (depth 2, 28 lits): UNSAT in 0.01s
    cube 1782.223.77 (depth 2, 28 lits): UNSAT in 0.04s
    cube 1782.223.78 (depth 2, 28 lits): UNSAT in 0.02s
    cube 1782.223.79 (depth 2, 28 lits): UNSAT in 0.09s
    cube 1782.223.80 (depth 2, 28 lits): UNSAT in 0.10s
    cube 1782.223.81 (depth 2, 28 lits): UNSAT in 0.11s
    cube 1782.223.82 (depth 2, 28 lits): UNSAT in 0.61s
    cube 1782.223.83 (depth 2, 28 lits): UNSAT in 0.06s
    cube 1782.223.84 (depth 2, 28 lits): UNSAT in 0.08s
    cube 1782.223.85 (depth 2, 28 lits): UNSAT in 0.31s
    cube 1782.223.86 (depth 2, 28 lits): UNSAT in 0.41s
    cube 1782.223.87 (depth 2, 28 lits): UNSAT in 0.12s
    cube 1782.223.88 (depth 2, 28 lits): UNSAT in 1.11s
    cube 1782.223.89 (depth 2, 28 lits): UNSAT in 3.05s
    cube 1782.223.90 (depth 2, 28 lits): UNSAT in 8.30s
    cube 1782.223.91 (depth 2, 28 lits): UNSAT in 0.02s
    cube 1782.223.92 (depth 2, 28 lits): UNSAT in 0.02s
    cube 1782.223.93 (depth 2, 28 lits): UNSAT in 0.03s
    cube 1782.223.94 (depth 2, 28 lits): UNSAT in 0.05s
    cube 1782.223.95 (depth 2, 28 lits): UNSAT in 0.03s
    cube 1782.223.96 (depth 2, 28 lits): UNSAT in 0.07s
    cube 1782.223.97 (depth 2, 28 lits): UNSAT in 0.10s
    cube 1782.223.98 (depth 2, 28 lits): UNSAT in 0.26s
    cube 1782.223.99 (depth 2, 28 lits): UNSAT in 0.03s
    cube 1782.223.100 (depth 2, 28 lits): UNSAT in 0.08s
    cube 1782.223.101 (depth 2, 28 lits): UNSAT in 0.08s
    cube 1782.223.102 (depth 2, 28 lits): UNSAT in 0.20s
    cube 1782.223.103 (depth 2, 28 lits): UNSAT in 0.08s
    cube 1782.223.104 (depth 2, 28 lits): UNSAT in 0.16s
    cube 1782.223.105 (depth 2, 28 lits): UNSAT in 0.45s
    cube 1782.223.106 (depth 2, 28 lits): UNSAT in 0.97s
    cube 1782.223.107 (depth 2, 28 lits): UNSAT in 0.02s
    cube 1782.223.108 (depth 2, 28 lits): UNSAT in 0.02s
    cube 1782.223.109 (depth 2, 28 lits): UNSAT in 0.05s
    cube 1782.223.110 (depth 2, 28 lits): UNSAT in 0.29s
    cube 1782.223.111 (depth 2, 28 lits): UNSAT in 0.05s
    cube 1782.223.112 (depth 2, 28 lits): UNSAT in 0.10s
    cube 1782.223.113 (depth 2, 28 lits): UNSAT in 0.33s
    cube 1782.223.114 (depth 2, 28 lits): UNSAT in 1.85s
    cube 1782.223.115 (depth 2, 28 lits): UNSAT in 0.53s
    cube 1782.223.116 (depth 2, 28 lits): UNSAT in 0.84s
    cube 1782.223.117 (depth 2, 28 lits): UNSAT in 0.23s
    cube 1782.223.118 (depth 2, 28 lits): UNSAT in 6.51s
    cube 1782.223.119 (depth 2, 28 lits): UNSAT in 0.14s
    cube 1782.223.120 (depth 2, 28 lits): UNSAT in 2.03s
    cube 1782.223.121 (depth 2, 28 lits): UNSAT in 9.63s
    cube 1782.223.122 (depth 2, 28 lits): UNSAT in 17.50s
    cube 1782.223.123 (depth 2, 28 lits): UNSAT in 0.02s
    cube 1782.223.124 (depth 2, 28 lits): UNSAT in 0.02s
    cube 1782.223.125 (depth 2, 28 lits): UNSAT in 0.04s
    cube 1782.223.126 (depth 2, 28 lits): UNSAT in 0.07s
    cube 1782.223.127 (depth 2, 28 lits): UNSAT in 0.04s
    cube 1782.223.128 (depth 2, 28 lits): UNSAT in 0.07s
    cube 1782.223.129 (depth 2, 28 lits): UNSAT in 0.04s
    cube 1782.223.130 (depth 2, 28 lits): UNSAT in 0.32s
    cube 1782.223.131 (depth 2, 28 lits): UNSAT in 0.02s
    cube 1782.223.132 (depth 2, 28 lits): UNSAT in 0.04s
    cube 1782.223.133 (depth 2, 28 lits): UNSAT in 0.02s
    cube 1782.223.134 (depth 2, 28 lits): UNSAT in 0.11s
    cube 1782.223.135 (depth 2, 28 lits): UNSAT in 0.05s
    cube 1782.223.136 (depth 2, 28 lits): UNSAT in 0.11s
    cube 1782.223.137 (depth 2, 28 lits): UNSAT in 0.12s
    cube 1782.223.138 (depth 2, 28 lits): UNSAT in 0.43s
    cube 1782.223.139 (depth 2, 28 lits): UNSAT in 0.06s
    cube 1782.223.140 (depth 2, 28 lits): UNSAT in 0.04s
    cube 1782.223.141 (depth 2, 28 lits): UNSAT in 0.06s
    cube 1782.223.142 (depth 2, 28 lits): UNSAT in 0.17s
    cube 1782.223.143 (depth 2, 28 lits): UNSAT in 0.05s
    cube 1782.223.144 (depth 2, 28 lits): UNSAT in 0.10s
    cube 1782.223.145 (depth 2, 28 lits): UNSAT in 0.15s
    cube 1782.223.146 (depth 2, 28 lits): UNSAT in 0.97s
    cube 1782.223.147 (depth 2, 28 lits): UNSAT in 0.05s
    cube 1782.223.148 (depth 2, 28 lits): UNSAT in 0.08s
    cube 1782.223.149 (depth 2, 28 lits): UNSAT in 0.06s
    cube 1782.223.150 (depth 2, 28 lits): UNSAT in 0.46s
    cube 1782.223.151 (depth 2, 28 lits): UNSAT in 0.13s
    cube 1782.223.152 (depth 2, 28 lits): UNSAT in 0.34s
    cube 1782.223.153 (depth 2, 28 lits): UNSAT in 0.78s
    cube 1782.223.154 (depth 2, 28 lits): UNSAT in 0.73s
    cube 1782.223.155 (depth 2, 28 lits): UNSAT in 0.01s
    cube 1782.223.156 (depth 2, 28 lits): UNSAT in 0.02s
    cube 1782.223.157 (depth 2, 28 lits): UNSAT in 0.04s
    cube 1782.223.158 (depth 2, 28 lits): UNSAT in 0.10s
    cube 1782.223.159 (depth 2, 28 lits): UNSAT in 0.08s
    cube 1782.223.160 (depth 2, 28 lits): UNSAT in 0.20s
    cube 1782.223.161 (depth 2, 28 lits): UNSAT in 0.21s
    cube 1782.223.162 (depth 2, 28 lits): UNSAT in 0.47s
    cube 1782.223.163 (depth 2, 28 lits): UNSAT in 0.04s
    cube 1782.223.164 (depth 2, 28 lits): UNSAT in 0.02s
    cube 1782.223.165 (depth 2, 28 lits): UNSAT in 0.03s
    cube 1782.223.166 (depth 2, 28 lits): UNSAT in 0.52s
    cube 1782.223.167 (depth 2, 28 lits): UNSAT in 0.03s
    cube 1782.223.168 (depth 2, 28 lits): UNSAT in 0.25s
    cube 1782.223.169 (depth 2, 28 lits): UNSAT in 0.54s
    cube 1782.223.170 (depth 2, 28 lits): UNSAT in 0.87s
    cube 1782.223.171 (depth 2, 28 lits): UNSAT in 0.03s
    cube 1782.223.172 (depth 2, 28 lits): UNSAT in 0.27s
    cube 1782.223.173 (depth 2, 28 lits): UNSAT in 0.05s
    cube 1782.223.174 (depth 2, 28 lits): UNSAT in 0.54s
    cube 1782.223.175 (depth 2, 28 lits): UNSAT in 0.40s
    cube 1782.223.176 (depth 2, 28 lits): UNSAT in 0.41s
    cube 1782.223.177 (depth 2, 28 lits): UNSAT in 0.18s
    cube 1782.223.178 (depth 2, 28 lits): UNSAT in 0.56s
    cube 1782.223.179 (depth 2, 28 lits): UNSAT in 0.27s
    cube 1782.223.180 (depth 2, 28 lits): UNSAT in 2.05s
    cube 1782.223.181 (depth 2, 28 lits): UNSAT in 1.62s
    cube 1782.223.182 (depth 2, 28 lits): UNSAT in 6.26s
    cube 1782.223.183 (depth 2, 28 lits): UNSAT in 1.48s
    cube 1782.223.184 (depth 2, 28 lits): UNSAT in 2.46s
    cube 1782.223.185 (depth 2, 28 lits): UNSAT in 2.98s
    cube 1782.223.186 (depth 2, 28 lits): UNSAT in 24.09s
    cube 1782.223.187 (depth 2, 28 lits): UNSAT in 0.04s
    cube 1782.223.188 (depth 2, 28 lits): UNSAT in 0.08s
    cube 1782.223.189 (depth 2, 28 lits): UNSAT in 0.04s
    cube 1782.223.190 (depth 2, 28 lits): UNSAT in 0.07s
    cube 1782.223.191 (depth 2, 28 lits): UNSAT in 0.03s
    cube 1782.223.192 (depth 2, 28 lits): UNSAT in 0.11s
    cube 1782.223.193 (depth 2, 28 lits): UNSAT in 0.24s
    cube 1782.223.194 (depth 2, 28 lits): UNSAT in 0.48s
    cube 1782.223.195 (depth 2, 28 lits): UNSAT in 0.05s
    cube 1782.223.196 (depth 2, 28 lits): UNSAT in 0.23s
    cube 1782.223.197 (depth 2, 28 lits): UNSAT in 0.12s
    cube 1782.223.198 (depth 2, 28 lits): UNSAT in 0.58s
    cube 1782.223.199 (depth 2, 28 lits): UNSAT in 0.16s
    cube 1782.223.200 (depth 2, 28 lits): UNSAT in 0.76s
    cube 1782.223.201 (depth 2, 28 lits): UNSAT in 0.60s
    cube 1782.223.202 (depth 2, 28 lits): UNSAT in 2.32s
    cube 1782.223.203 (depth 2, 28 lits): UNSAT in 0.09s
    cube 1782.223.204 (depth 2, 28 lits): UNSAT in 0.45s
    cube 1782.223.205 (depth 2, 28 lits): UNSAT in 0.31s
    cube 1782.223.206 (depth 2, 28 lits): UNSAT in 0.46s
    cube 1782.223.207 (depth 2, 28 lits): UNSAT in 0.17s
    cube 1782.223.208 (depth 2, 28 lits): UNSAT in 0.27s
    cube 1782.223.209 (depth 2, 28 lits): UNSAT in 0.16s
    cube 1782.223.210 (depth 2, 28 lits): UNSAT in 3.26s
    cube 1782.223.211 (depth 2, 28 lits): UNSAT in 0.12s
    cube 1782.223.212 (depth 2, 28 lits): UNSAT in 0.18s
    cube 1782.223.213 (depth 2, 28 lits): UNSAT in 0.07s
    cube 1782.223.214 (depth 2, 28 lits): UNSAT in 1.66s
    cube 1782.223.215 (depth 2, 28 lits): UNSAT in 1.77s
    cube 1782.223.216 (depth 2, 28 lits): UNSAT in 4.92s
    cube 1782.223.217 (depth 2, 28 lits): UNSAT in 2.07s
    cube 1782.223.218 (depth 2, 28 lits): UNSAT in 44.76s
    cube 1782.223.219 (depth 2, 28 lits): UNSAT in 0.07s
    cube 1782.223.220 (depth 2, 28 lits): UNSAT in 0.41s
    cube 1782.223.221 (depth 2, 28 lits): UNSAT in 0.37s
    cube 1782.223.222 (depth 2, 28 lits): UNSAT in 0.68s
    cube 1782.223.223 (depth 2, 28 lits): UNSAT in 0.16s
    cube 1782.223.224 (depth 2, 28 lits): UNSAT in 1.68s
    cube 1782.223.225 (depth 2, 28 lits): UNSAT in 1.24s
    cube 1782.223.226 (depth 2, 28 lits): UNSAT in 10.80s
    cube 1782.223.227 (depth 2, 28 lits): UNSAT in 0.08s
    cube 1782.223.228 (depth 2, 28 lits): UNSAT in 1.38s
    cube 1782.223.229 (depth 2, 28 lits): UNSAT in 0.67s
    cube 1782.223.230 (depth 2, 28 lits): UNSAT in 6.04s
    cube 1782.223.231 (depth 2, 28 lits): UNSAT in 0.43s
    cube 1782.223.232 (depth 2, 28 lits): UNSAT in 1.64s
    cube 1782.223.233 (depth 2, 28 lits): UNSAT in 7.41s
    cube 1782.223.234 (depth 2, 28 lits): UNSAT in 109.11s
    cube 1782.223.235 (depth 2, 28 lits): UNSAT in 0.29s
    cube 1782.223.236 (depth 2, 28 lits): UNSAT in 1.46s
    cube 1782.223.237 (depth 2, 28 lits): UNSAT in 1.63s
    cube 1782.223.238 (depth 2, 28 lits): UNSAT in 20.44s
    cube 1782.223.239 (depth 2, 28 lits): UNSAT in 1.11s
    cube 1782.223.240 (depth 2, 28 lits): UNSAT in 12.49s
    cube 1782.223.241 (depth 2, 28 lits): UNSAT in 11.19s
    cube 1782.223.242 (depth 2, 28 lits): UNSAT in 664.37s
    cube 1782.223.243 (depth 2, 28 lits): UNSAT in 0.82s
    cube 1782.223.244 (depth 2, 28 lits): UNSAT in 3.75s
    cube 1782.223.245 (depth 2, 28 lits): UNSAT in 8.92s
    cube 1782.223.246 (depth 2, 28 lits): UNSAT in 38.56s
    cube 1782.223.247 (depth 2, 28 lits): UNSAT in 0.64s
    cube 1782.223.248 (depth 2, 28 lits): UNSAT in 10.14s
    cube 1782.223.249 (depth 2, 28 lits): UNSAT in 6.93s
    cube 1782.223.250 (depth 2, 28 lits): UNSAT in 204.88s
    cube 1782.224 (depth 1, 20 lits): UNSAT in 0.10s
    cube 1782.225 (depth 1, 20 lits): UNSAT in 0.18s
    cube 1782.226 (depth 1, 20 lits): UNSAT in 1.99s
    cube 1782.227 (depth 1, 20 lits): UNSAT in 11.53s
    cube 1782.228 (depth 1, 20 lits): UNSAT in 1.02s
    cube 1782.229 (depth 1, 20 lits): UNSAT in 3.06s
    cube 1782.230 (depth 1, 20 lits): UNSAT in 5.54s
    cube 1782.231 (depth 1, 20 lits): UNSAT in 157.12s
    cube 1782.232 (depth 1, 20 lits): UNSAT in 1.13s
    cube 1782.233 (depth 1, 20 lits): UNSAT in 3.59s
    cube 1782.234 (depth 1, 20 lits): UNSAT in 3.43s
    cube 1782.235 (depth 1, 20 lits): UNSAT in 46.47s
    cube 1782.236 (depth 1, 20 lits): UNSAT in 4.81s
    cube 1782.237 (depth 1, 20 lits): UNSAT in 70.71s
    cube 1782.238 (depth 1, 20 lits): UNSAT in 62.36s
    cube 1782.239 (depth 1, 20 lits): TIMEOUT in 1200.10s
    cube 1782.239 TIMEOUT -> re-split into 249 sub-cubes (depth 2)
    cube 1782.239.0 (depth 2, 27 lits): UNSAT in 0.01s
    cube 1782.239.1 (depth 2, 28 lits): UNSAT in 0.01s
    cube 1782.239.2 (depth 2, 28 lits): UNSAT in 0.02s
    cube 1782.239.3 (depth 2, 28 lits): UNSAT in 0.01s
    cube 1782.239.4 (depth 2, 28 lits): UNSAT in 0.02s
    cube 1782.239.5 (depth 2, 28 lits): UNSAT in 0.02s
    cube 1782.239.6 (depth 2, 28 lits): UNSAT in 0.02s
    cube 1782.239.7 (depth 2, 28 lits): UNSAT in 0.01s
    cube 1782.239.8 (depth 2, 28 lits): UNSAT in 0.02s
    cube 1782.239.9 (depth 2, 28 lits): UNSAT in 0.01s
    cube 1782.239.10 (depth 2, 28 lits): UNSAT in 0.02s
    cube 1782.239.11 (depth 2, 28 lits): UNSAT in 0.01s
    cube 1782.239.12 (depth 2, 28 lits): UNSAT in 0.03s
    cube 1782.239.13 (depth 2, 28 lits): UNSAT in 0.03s
    cube 1782.239.14 (depth 2, 28 lits): UNSAT in 0.06s
    cube 1782.239.15 (depth 2, 27 lits): UNSAT in 0.02s
    cube 1782.239.16 (depth 2, 28 lits): UNSAT in 0.02s
    cube 1782.239.17 (depth 2, 28 lits): UNSAT in 0.09s
    cube 1782.239.18 (depth 2, 28 lits): UNSAT in 0.01s
    cube 1782.239.19 (depth 2, 28 lits): UNSAT in 0.02s
    cube 1782.239.20 (depth 2, 28 lits): UNSAT in 0.02s
    cube 1782.239.21 (depth 2, 28 lits): UNSAT in 0.09s
    cube 1782.239.22 (depth 2, 28 lits): UNSAT in 0.01s
    cube 1782.239.23 (depth 2, 28 lits): UNSAT in 0.03s
    cube 1782.239.24 (depth 2, 28 lits): UNSAT in 0.02s
    cube 1782.239.25 (depth 2, 28 lits): UNSAT in 0.03s
    cube 1782.239.26 (depth 2, 28 lits): UNSAT in 0.05s
    cube 1782.239.27 (depth 2, 28 lits): UNSAT in 0.06s
    cube 1782.239.28 (depth 2, 28 lits): UNSAT in 0.10s
    cube 1782.239.29 (depth 2, 28 lits): UNSAT in 0.26s
    cube 1782.239.30 (depth 2, 26 lits): UNSAT in 0.02s
    cube 1782.239.31 (depth 2, 27 lits): UNSAT in 0.02s
    cube 1782.239.32 (depth 2, 28 lits): UNSAT in 0.01s
    cube 1782.239.33 (depth 2, 28 lits): UNSAT in 0.02s
    cube 1782.239.34 (depth 2, 28 lits): UNSAT in 0.01s
    cube 1782.239.35 (depth 2, 28 lits): UNSAT in 0.02s
    cube 1782.239.36 (depth 2, 28 lits): UNSAT in 0.02s
    cube 1782.239.37 (depth 2, 28 lits): UNSAT in 0.02s
    cube 1782.239.38 (depth 2, 28 lits): UNSAT in 0.03s
    cube 1782.239.39 (depth 2, 28 lits): UNSAT in 0.03s
    cube 1782.239.40 (depth 2, 28 lits): UNSAT in 0.02s
    cube 1782.239.41 (depth 2, 28 lits): UNSAT in 0.03s
    cube 1782.239.42 (depth 2, 28 lits): UNSAT in 0.01s
    cube 1782.239.43 (depth 2, 28 lits): UNSAT in 0.02s
    cube 1782.239.44 (depth 2, 28 lits): UNSAT in 0.02s
    cube 1782.239.45 (depth 2, 28 lits): UNSAT in 0.02s
    cube 1782.239.46 (depth 2, 28 lits): UNSAT in 0.03s
    cube 1782.239.47 (depth 2, 28 lits): UNSAT in 0.06s
    cube 1782.239.48 (depth 2, 28 lits): UNSAT in 0.05s
    cube 1782.239.49 (depth 2, 28 lits): UNSAT in 0.15s
    cube 1782.239.50 (depth 2, 28 lits): UNSAT in 0.07s
    cube 1782.239.51 (depth 2, 28 lits): UNSAT in 0.06s
    cube 1782.239.52 (depth 2, 28 lits): UNSAT in 0.12s
    cube 1782.239.53 (depth 2, 28 lits): UNSAT in 0.10s
    cube 1782.239.54 (depth 2, 28 lits): UNSAT in 0.04s
    cube 1782.239.55 (depth 2, 28 lits): UNSAT in 0.15s
    cube 1782.239.56 (depth 2, 28 lits): UNSAT in 0.05s
    cube 1782.239.57 (depth 2, 28 lits): UNSAT in 0.08s
    cube 1782.239.58 (depth 2, 28 lits): UNSAT in 0.01s
    cube 1782.239.59 (depth 2, 28 lits): UNSAT in 0.01s
    cube 1782.239.60 (depth 2, 28 lits): UNSAT in 0.02s
    cube 1782.239.61 (depth 2, 28 lits): UNSAT in 0.02s
    cube 1782.239.62 (depth 2, 28 lits): UNSAT in 0.02s
    cube 1782.239.63 (depth 2, 28 lits): UNSAT in 0.03s
    cube 1782.239.64 (depth 2, 28 lits): UNSAT in 0.02s
    cube 1782.239.65 (depth 2, 28 lits): UNSAT in 0.06s
    cube 1782.239.66 (depth 2, 28 lits): UNSAT in 0.03s
    cube 1782.239.67 (depth 2, 28 lits): UNSAT in 0.03s
    cube 1782.239.68 (depth 2, 28 lits): UNSAT in 0.05s
    cube 1782.239.69 (depth 2, 28 lits): UNSAT in 0.05s
    cube 1782.239.70 (depth 2, 28 lits): UNSAT in 0.04s
    cube 1782.239.71 (depth 2, 28 lits): UNSAT in 0.11s
    cube 1782.239.72 (depth 2, 28 lits): UNSAT in 0.08s
    cube 1782.239.73 (depth 2, 28 lits): UNSAT in 0.18s
    cube 1782.239.74 (depth 2, 28 lits): UNSAT in 0.01s
    cube 1782.239.75 (depth 2, 28 lits): UNSAT in 0.02s
    cube 1782.239.76 (depth 2, 28 lits): UNSAT in 0.01s
    cube 1782.239.77 (depth 2, 28 lits): UNSAT in 0.04s
    cube 1782.239.78 (depth 2, 28 lits): UNSAT in 0.03s
    cube 1782.239.79 (depth 2, 28 lits): UNSAT in 0.16s
    cube 1782.239.80 (depth 2, 28 lits): UNSAT in 0.07s
    cube 1782.239.81 (depth 2, 28 lits): UNSAT in 0.22s
    cube 1782.239.82 (depth 2, 28 lits): UNSAT in 0.03s
    cube 1782.239.83 (depth 2, 28 lits): UNSAT in 0.05s
    cube 1782.239.84 (depth 2, 28 lits): UNSAT in 0.10s
    cube 1782.239.85 (depth 2, 28 lits): UNSAT in 0.18s
    cube 1782.239.86 (depth 2, 28 lits): UNSAT in 0.19s
    cube 1782.239.87 (depth 2, 28 lits): UNSAT in 0.08s
    cube 1782.239.88 (depth 2, 28 lits): UNSAT in 0.27s
    cube 1782.239.89 (depth 2, 28 lits): UNSAT in 0.67s
    cube 1782.239.90 (depth 2, 28 lits): UNSAT in 0.02s
    cube 1782.239.91 (depth 2, 28 lits): UNSAT in 0.04s
    cube 1782.239.92 (depth 2, 28 lits): UNSAT in 0.02s
    cube 1782.239.93 (depth 2, 28 lits): UNSAT in 0.06s
    cube 1782.239.94 (depth 2, 27 lits): UNSAT in 0.01s
    cube 1782.239.95 (depth 2, 28 lits): UNSAT in 0.05s
    cube 1782.239.96 (depth 2, 28 lits): UNSAT in 0.10s
    cube 1782.239.97 (depth 2, 28 lits): UNSAT in 0.02s
    cube 1782.239.98 (depth 2, 28 lits): UNSAT in 0.02s
    cube 1782.239.99 (depth 2, 28 lits): UNSAT in 0.02s
    cube 1782.239.100 (depth 2, 28 lits): UNSAT in 0.05s
    cube 1782.239.101 (depth 2, 28 lits): UNSAT in 0.02s
    cube 1782.239.102 (depth 2, 28 lits): UNSAT in 0.10s
    cube 1782.239.103 (depth 2, 28 lits): UNSAT in 0.09s
    cube 1782.239.104 (depth 2, 28 lits): UNSAT in 0.46s
    cube 1782.239.105 (depth 2, 28 lits): UNSAT in 0.10s
    cube 1782.239.106 (depth 2, 28 lits): UNSAT in 0.19s
    cube 1782.239.107 (depth 2, 28 lits): UNSAT in 0.22s
    cube 1782.239.108 (depth 2, 28 lits): UNSAT in 0.55s
    cube 1782.239.109 (depth 2, 28 lits): UNSAT in 0.06s
    cube 1782.239.110 (depth 2, 28 lits): UNSAT in 0.29s
    cube 1782.239.111 (depth 2, 28 lits): UNSAT in 0.33s
    cube 1782.239.112 (depth 2, 28 lits): UNSAT in 0.81s
    cube 1782.239.113 (depth 2, 28 lits): UNSAT in 0.09s
    cube 1782.239.114 (depth 2, 28 lits): UNSAT in 0.22s
    cube 1782.239.115 (depth 2, 28 lits): UNSAT in 0.20s
    cube 1782.239.116 (depth 2, 28 lits): UNSAT in 0.92s
    cube 1782.239.117 (depth 2, 28 lits): UNSAT in 0.39s
    cube 1782.239.118 (depth 2, 28 lits): UNSAT in 2.14s
    cube 1782.239.119 (depth 2, 28 lits): UNSAT in 2.73s
    cube 1782.239.120 (depth 2, 28 lits): UNSAT in 10.33s
    cube 1782.239.121 (depth 2, 28 lits): UNSAT in 0.01s
    cube 1782.239.122 (depth 2, 28 lits): UNSAT in 0.03s
    cube 1782.239.123 (depth 2, 28 lits): UNSAT in 0.02s
    cube 1782.239.124 (depth 2, 28 lits): UNSAT in 0.04s
    cube 1782.239.125 (depth 2, 28 lits): UNSAT in 0.02s
    cube 1782.239.126 (depth 2, 28 lits): UNSAT in 0.04s
    cube 1782.239.127 (depth 2, 28 lits): UNSAT in 0.07s
    cube 1782.239.128 (depth 2, 28 lits): UNSAT in 0.18s
    cube 1782.239.129 (depth 2, 28 lits): UNSAT in 0.03s
    cube 1782.239.130 (depth 2, 28 lits): UNSAT in 0.07s
    cube 1782.239.131 (depth 2, 28 lits): UNSAT in 0.09s
    cube 1782.239.132 (depth 2, 28 lits): UNSAT in 0.31s
    cube 1782.239.133 (depth 2, 28 lits): UNSAT in 0.08s
    cube 1782.239.134 (depth 2, 28 lits): UNSAT in 0.22s
    cube 1782.239.135 (depth 2, 28 lits): UNSAT in 0.07s
    cube 1782.239.136 (depth 2, 28 lits): UNSAT in 0.60s
    cube 1782.239.137 (depth 2, 28 lits): UNSAT in 0.02s
    cube 1782.239.138 (depth 2, 28 lits): UNSAT in 0.06s
    cube 1782.239.139 (depth 2, 28 lits): UNSAT in 0.03s
    cube 1782.239.140 (depth 2, 28 lits): UNSAT in 0.05s
    cube 1782.239.141 (depth 2, 28 lits): UNSAT in 0.01s
    cube 1782.239.142 (depth 2, 28 lits): UNSAT in 0.02s
    cube 1782.239.143 (depth 2, 28 lits): UNSAT in 0.02s
    cube 1782.239.144 (depth 2, 28 lits): UNSAT in 0.09s
    cube 1782.239.145 (depth 2, 28 lits): UNSAT in 0.03s
    cube 1782.239.146 (depth 2, 28 lits): UNSAT in 0.08s
    cube 1782.239.147 (depth 2, 28 lits): UNSAT in 0.13s
    cube 1782.239.148 (depth 2, 28 lits): UNSAT in 0.26s
    cube 1782.239.149 (depth 2, 28 lits): UNSAT in 0.11s
    cube 1782.239.150 (depth 2, 28 lits): UNSAT in 0.18s
    cube 1782.239.151 (depth 2, 28 lits): UNSAT in 0.28s
    cube 1782.239.152 (depth 2, 28 lits): UNSAT in 0.58s
    cube 1782.239.153 (depth 2, 28 lits): UNSAT in 0.02s
    cube 1782.239.154 (depth 2, 28 lits): UNSAT in 0.02s
    cube 1782.239.155 (depth 2, 28 lits): UNSAT in 0.03s
    cube 1782.239.156 (depth 2, 28 lits): UNSAT in 0.13s
    cube 1782.239.157 (depth 2, 28 lits): UNSAT in 0.07s
    cube 1782.239.158 (depth 2, 28 lits): UNSAT in 0.19s
    cube 1782.239.159 (depth 2, 28 lits): UNSAT in 0.27s
    cube 1782.239.160 (depth 2, 28 lits): UNSAT in 1.32s
    cube 1782.239.161 (depth 2, 28 lits): UNSAT in 0.10s
    cube 1782.239.162 (depth 2, 28 lits): UNSAT in 0.08s
    cube 1782.239.163 (depth 2, 28 lits): UNSAT in 0.27s
    cube 1782.239.164 (depth 2, 28 lits): UNSAT in 0.24s
    cube 1782.239.165 (depth 2, 28 lits): UNSAT in 0.06s
    cube 1782.239.166 (depth 2, 28 lits): UNSAT in 0.37s
    cube 1782.239.167 (depth 2, 28 lits): UNSAT in 0.47s
    cube 1782.239.168 (depth 2, 28 lits): UNSAT in 4.39s
    cube 1782.239.169 (depth 2, 28 lits): UNSAT in 0.04s
    cube 1782.239.170 (depth 2, 28 lits): UNSAT in 0.34s
    cube 1782.239.171 (depth 2, 28 lits): UNSAT in 0.05s
    cube 1782.239.172 (depth 2, 28 lits): UNSAT in 0.06s
    cube 1782.239.173 (depth 2, 28 lits): UNSAT in 0.03s
    cube 1782.239.174 (depth 2, 28 lits): UNSAT in 0.10s
    cube 1782.239.175 (depth 2, 28 lits): UNSAT in 0.12s
    cube 1782.239.176 (depth 2, 28 lits): UNSAT in 1.79s
    cube 1782.239.177 (depth 2, 28 lits): UNSAT in 0.22s
    cube 1782.239.178 (depth 2, 28 lits): UNSAT in 0.11s
    cube 1782.239.179 (depth 2, 28 lits): UNSAT in 0.35s
    cube 1782.239.180 (depth 2, 28 lits): UNSAT in 2.81s
    cube 1782.239.181 (depth 2, 28 lits): UNSAT in 0.33s
    cube 1782.239.182 (depth 2, 28 lits): UNSAT in 2.83s
    cube 1782.239.183 (depth 2, 28 lits): UNSAT in 4.75s
    cube 1782.239.184 (depth 2, 28 lits): UNSAT in 14.57s
    cube 1782.239.185 (depth 2, 28 lits): UNSAT in 0.02s
    cube 1782.239.186 (depth 2, 28 lits): UNSAT in 0.10s
    cube 1782.239.187 (depth 2, 28 lits): UNSAT in 0.10s
    cube 1782.239.188 (depth 2, 28 lits): UNSAT in 0.25s
    cube 1782.239.189 (depth 2, 28 lits): UNSAT in 0.03s
    cube 1782.239.190 (depth 2, 28 lits): UNSAT in 0.02s
    cube 1782.239.191 (depth 2, 28 lits): UNSAT in 0.19s
    cube 1782.239.192 (depth 2, 28 lits): UNSAT in 1.42s
    cube 1782.239.193 (depth 2, 28 lits): UNSAT in 0.06s
    cube 1782.239.194 (depth 2, 28 lits): UNSAT in 0.07s
    cube 1782.239.195 (depth 2, 28 lits): UNSAT in 0.03s
    cube 1782.239.196 (depth 2, 28 lits): UNSAT in 0.10s
    cube 1782.239.197 (depth 2, 28 lits): UNSAT in 0.18s
    cube 1782.239.198 (depth 2, 28 lits): UNSAT in 0.24s
    cube 1782.239.199 (depth 2, 28 lits): UNSAT in 0.31s
    cube 1782.239.200 (depth 2, 28 lits): UNSAT in 1.80s
    cube 1782.239.201 (depth 2, 28 lits): UNSAT in 0.13s
    cube 1782.239.202 (depth 2, 28 lits): UNSAT in 0.68s
    cube 1782.239.203 (depth 2, 28 lits): UNSAT in 0.18s
    cube 1782.239.204 (depth 2, 28 lits): UNSAT in 1.60s
    cube 1782.239.205 (depth 2, 28 lits): UNSAT in 0.20s
    cube 1782.239.206 (depth 2, 28 lits): UNSAT in 0.32s
    cube 1782.239.207 (depth 2, 28 lits): UNSAT in 0.57s
    cube 1782.239.208 (depth 2, 28 lits): UNSAT in 5.78s
    cube 1782.239.209 (depth 2, 28 lits): UNSAT in 0.05s
    cube 1782.239.210 (depth 2, 28 lits): UNSAT in 0.19s
    cube 1782.239.211 (depth 2, 28 lits): UNSAT in 0.06s
    cube 1782.239.212 (depth 2, 28 lits): UNSAT in 0.75s
    cube 1782.239.213 (depth 2, 28 lits): UNSAT in 0.47s
    cube 1782.239.214 (depth 2, 28 lits): UNSAT in 1.55s
    cube 1782.239.215 (depth 2, 28 lits): UNSAT in 3.76s
    cube 1782.239.216 (depth 2, 28 lits): UNSAT in 29.25s
    cube 1782.239.217 (depth 2, 28 lits): UNSAT in 0.04s
    cube 1782.239.218 (depth 2, 28 lits): UNSAT in 0.36s
    cube 1782.239.219 (depth 2, 28 lits): UNSAT in 0.18s
    cube 1782.239.220 (depth 2, 28 lits): UNSAT in 0.50s
    cube 1782.239.221 (depth 2, 28 lits): UNSAT in 0.14s
    cube 1782.239.222 (depth 2, 28 lits): UNSAT in 0.31s
    cube 1782.239.223 (depth 2, 28 lits): UNSAT in 0.14s
    cube 1782.239.224 (depth 2, 28 lits): UNSAT in 2.95s
    cube 1782.239.225 (depth 2, 28 lits): UNSAT in 0.34s
    cube 1782.239.226 (depth 2, 28 lits): UNSAT in 1.61s
    cube 1782.239.227 (depth 2, 28 lits): UNSAT in 1.04s
    cube 1782.239.228 (depth 2, 28 lits): UNSAT in 4.74s
    cube 1782.239.229 (depth 2, 28 lits): UNSAT in 0.22s
    cube 1782.239.230 (depth 2, 28 lits): UNSAT in 1.38s
    cube 1782.239.231 (depth 2, 28 lits): UNSAT in 3.06s
    cube 1782.239.232 (depth 2, 28 lits): UNSAT in 34.02s
    cube 1782.239.233 (depth 2, 28 lits): UNSAT in 0.10s
    cube 1782.239.234 (depth 2, 28 lits): UNSAT in 1.34s
    cube 1782.239.235 (depth 2, 28 lits): UNSAT in 1.16s
    cube 1782.239.236 (depth 2, 28 lits): UNSAT in 7.43s
    cube 1782.239.237 (depth 2, 28 lits): UNSAT in 0.74s
    cube 1782.239.238 (depth 2, 28 lits): UNSAT in 4.67s
    cube 1782.239.239 (depth 2, 28 lits): UNSAT in 9.00s
    cube 1782.239.240 (depth 2, 28 lits): UNSAT in 67.91s
    cube 1782.239.241 (depth 2, 28 lits): UNSAT in 0.20s
    cube 1782.239.242 (depth 2, 28 lits): UNSAT in 1.46s
    cube 1782.239.243 (depth 2, 28 lits): UNSAT in 1.93s
    cube 1782.239.244 (depth 2, 28 lits): UNSAT in 7.09s
    cube 1782.239.245 (depth 2, 28 lits): UNSAT in 1.15s
    cube 1782.239.246 (depth 2, 28 lits): UNSAT in 9.05s
    cube 1782.239.247 (depth 2, 28 lits): UNSAT in 4.11s
    cube 1782.239.248 (depth 2, 28 lits): UNSAT in 178.63s
    cube 1782.240 (depth 1, 20 lits): UNSAT in 2.11s
    cube 1782.241 (depth 1, 20 lits): UNSAT in 11.92s
    cube 1782.242 (depth 1, 20 lits): UNSAT in 4.22s
    cube 1782.243 (depth 1, 20 lits): UNSAT in 227.42s
    cube 1782.244 (depth 1, 20 lits): UNSAT in 6.87s
    cube 1782.245 (depth 1, 20 lits): UNSAT in 67.55s
    cube 1782.246 (depth 1, 20 lits): UNSAT in 114.70s
    cube 1782.247 (depth 1, 20 lits): TIMEOUT in 1200.10s
    cube 1782.247 TIMEOUT -> re-split into 240 sub-cubes (depth 2)
    cube 1782.247.0 (depth 2, 26 lits): UNSAT in 0.02s
    cube 1782.247.1 (depth 2, 26 lits): UNSAT in 0.02s
    cube 1782.247.2 (depth 2, 26 lits): UNSAT in 0.01s
    cube 1782.247.3 (depth 2, 28 lits): UNSAT in 0.01s
    cube 1782.247.4 (depth 2, 28 lits): UNSAT in 0.02s
    cube 1782.247.5 (depth 2, 28 lits): UNSAT in 0.03s
    cube 1782.247.6 (depth 2, 28 lits): UNSAT in 0.02s
    cube 1782.247.7 (depth 2, 27 lits): UNSAT in 0.01s
    cube 1782.247.8 (depth 2, 28 lits): UNSAT in 0.01s
    cube 1782.247.9 (depth 2, 28 lits): UNSAT in 0.02s
    cube 1782.247.10 (depth 2, 28 lits): UNSAT in 0.02s
    cube 1782.247.11 (depth 2, 28 lits): UNSAT in 0.03s
    cube 1782.247.12 (depth 2, 28 lits): UNSAT in 0.03s
    cube 1782.247.13 (depth 2, 28 lits): UNSAT in 0.03s
    cube 1782.247.14 (depth 2, 28 lits): UNSAT in 0.02s
    cube 1782.247.15 (depth 2, 28 lits): UNSAT in 0.04s
    cube 1782.247.16 (depth 2, 28 lits): UNSAT in 0.03s
    cube 1782.247.17 (depth 2, 28 lits): UNSAT in 0.08s
    cube 1782.247.18 (depth 2, 28 lits): UNSAT in 0.03s
    cube 1782.247.19 (depth 2, 28 lits): UNSAT in 0.07s
    cube 1782.247.20 (depth 2, 28 lits): UNSAT in 0.07s
    cube 1782.247.21 (depth 2, 28 lits): UNSAT in 0.14s
    cube 1782.247.22 (depth 2, 27 lits): UNSAT in 0.01s
    cube 1782.247.23 (depth 2, 28 lits): UNSAT in 0.02s
    cube 1782.247.24 (depth 2, 28 lits): UNSAT in 0.02s
    cube 1782.247.25 (depth 2, 28 lits): UNSAT in 0.02s
    cube 1782.247.26 (depth 2, 28 lits): UNSAT in 0.02s
    cube 1782.247.27 (depth 2, 28 lits): UNSAT in 0.03s
    cube 1782.247.28 (depth 2, 28 lits): UNSAT in 0.05s
    cube 1782.247.29 (depth 2, 27 lits): UNSAT in 0.01s
    cube 1782.247.30 (depth 2, 27 lits): UNSAT in 0.02s
    cube 1782.247.31 (depth 2, 28 lits): UNSAT in 0.02s
    cube 1782.247.32 (depth 2, 28 lits): UNSAT in 0.04s
    cube 1782.247.33 (depth 2, 28 lits): UNSAT in 0.01s
    cube 1782.247.34 (depth 2, 28 lits): UNSAT in 0.05s
    cube 1782.247.35 (depth 2, 28 lits): UNSAT in 0.02s
    cube 1782.247.36 (depth 2, 28 lits): UNSAT in 0.02s
    cube 1782.247.37 (depth 2, 28 lits): UNSAT in 0.02s
    cube 1782.247.38 (depth 2, 28 lits): UNSAT in 0.02s
    cube 1782.247.39 (depth 2, 28 lits): UNSAT in 0.04s
    cube 1782.247.40 (depth 2, 28 lits): UNSAT in 0.10s
    cube 1782.247.41 (depth 2, 28 lits): UNSAT in 0.10s
    cube 1782.247.42 (depth 2, 28 lits): UNSAT in 0.34s
    cube 1782.247.43 (depth 2, 28 lits): UNSAT in 0.02s
    cube 1782.247.44 (depth 2, 28 lits): UNSAT in 0.06s
    cube 1782.247.45 (depth 2, 28 lits): UNSAT in 0.05s
    cube 1782.247.46 (depth 2, 28 lits): UNSAT in 0.17s
    cube 1782.247.47 (depth 2, 28 lits): UNSAT in 0.38s
    cube 1782.247.48 (depth 2, 28 lits): UNSAT in 0.86s
    cube 1782.247.49 (depth 2, 28 lits): UNSAT in 1.47s
    cube 1782.247.50 (depth 2, 28 lits): UNSAT in 4.46s
    cube 1782.247.51 (depth 2, 28 lits): UNSAT in 0.02s
    cube 1782.247.52 (depth 2, 28 lits): UNSAT in 0.03s
    cube 1782.247.53 (depth 2, 28 lits): UNSAT in 0.02s
    cube 1782.247.54 (depth 2, 28 lits): UNSAT in 0.04s
    cube 1782.247.55 (depth 2, 28 lits): UNSAT in 0.02s
    cube 1782.247.56 (depth 2, 28 lits): UNSAT in 0.04s
    cube 1782.247.57 (depth 2, 28 lits): UNSAT in 0.03s
    cube 1782.247.58 (depth 2, 28 lits): UNSAT in 0.10s
    cube 1782.247.59 (depth 2, 28 lits): UNSAT in 0.02s
    cube 1782.247.60 (depth 2, 28 lits): UNSAT in 0.04s
    cube 1782.247.61 (depth 2, 28 lits): UNSAT in 0.03s
    cube 1782.247.62 (depth 2, 28 lits): UNSAT in 0.15s
    cube 1782.247.63 (depth 2, 28 lits): UNSAT in 0.09s
    cube 1782.247.64 (depth 2, 28 lits): UNSAT in 0.21s
    cube 1782.247.65 (depth 2, 28 lits): UNSAT in 0.51s
    cube 1782.247.66 (depth 2, 28 lits): UNSAT in 2.69s
    cube 1782.247.67 (depth 2, 28 lits): UNSAT in 0.02s
    cube 1782.247.68 (depth 2, 28 lits): UNSAT in 0.05s
    cube 1782.247.69 (depth 2, 28 lits): UNSAT in 0.04s
    cube 1782.247.70 (depth 2, 28 lits): UNSAT in 0.26s
    cube 1782.247.71 (depth 2, 28 lits): UNSAT in 0.04s
    cube 1782.247.72 (depth 2, 28 lits): UNSAT in 0.15s
    cube 1782.247.73 (depth 2, 28 lits): UNSAT in 0.66s
    cube 1782.247.74 (depth 2, 28 lits): UNSAT in 3.08s
    cube 1782.247.75 (depth 2, 28 lits): UNSAT in 0.08s
    cube 1782.247.76 (depth 2, 28 lits): UNSAT in 0.11s
    cube 1782.247.77 (depth 2, 28 lits): UNSAT in 0.11s
    cube 1782.247.78 (depth 2, 28 lits): UNSAT in 2.07s
    cube 1782.247.79 (depth 2, 28 lits): UNSAT in 0.25s
    cube 1782.247.80 (depth 2, 28 lits): UNSAT in 0.47s
    cube 1782.247.81 (depth 2, 28 lits): UNSAT in 0.80s
    cube 1782.247.82 (depth 2, 28 lits): UNSAT in 10.89s
    cube 1782.247.83 (depth 2, 28 lits): UNSAT in 0.03s
    cube 1782.247.84 (depth 2, 28 lits): UNSAT in 0.05s
    cube 1782.247.85 (depth 2, 28 lits): UNSAT in 0.03s
    cube 1782.247.86 (depth 2, 28 lits): UNSAT in 0.13s
    cube 1782.247.87 (depth 2, 28 lits): UNSAT in 0.02s
    cube 1782.247.88 (depth 2, 28 lits): UNSAT in 0.09s
    cube 1782.247.89 (depth 2, 28 lits): UNSAT in 0.09s
    cube 1782.247.90 (depth 2, 28 lits): UNSAT in 0.13s
    cube 1782.247.91 (depth 2, 28 lits): UNSAT in 0.03s
    cube 1782.247.92 (depth 2, 28 lits): UNSAT in 0.04s
    cube 1782.247.93 (depth 2, 28 lits): UNSAT in 0.04s
    cube 1782.247.94 (depth 2, 28 lits): UNSAT in 0.22s
    cube 1782.247.95 (depth 2, 28 lits): UNSAT in 0.27s
    cube 1782.247.96 (depth 2, 28 lits): UNSAT in 0.54s
    cube 1782.247.97 (depth 2, 28 lits): UNSAT in 0.46s
    cube 1782.247.98 (depth 2, 28 lits): UNSAT in 3.82s
    cube 1782.247.99 (depth 2, 28 lits): UNSAT in 0.02s
    cube 1782.247.100 (depth 2, 28 lits): UNSAT in 0.13s
    cube 1782.247.101 (depth 2, 28 lits): UNSAT in 0.08s
    cube 1782.247.102 (depth 2, 28 lits): UNSAT in 0.08s
    cube 1782.247.103 (depth 2, 28 lits): UNSAT in 0.08s
    cube 1782.247.104 (depth 2, 28 lits): UNSAT in 0.06s
    cube 1782.247.105 (depth 2, 28 lits): UNSAT in 0.83s
    cube 1782.247.106 (depth 2, 28 lits): UNSAT in 1.34s
    cube 1782.247.107 (depth 2, 28 lits): UNSAT in 0.07s
    cube 1782.247.108 (depth 2, 28 lits): UNSAT in 0.98s
    cube 1782.247.109 (depth 2, 28 lits): UNSAT in 0.17s
    cube 1782.247.110 (depth 2, 28 lits): UNSAT in 8.75s
    cube 1782.247.111 (depth 2, 28 lits): UNSAT in 0.47s
    cube 1782.247.112 (depth 2, 28 lits): UNSAT in 0.75s
    cube 1782.247.113 (depth 2, 28 lits): UNSAT in 4.86s
    cube 1782.247.114 (depth 2, 28 lits): UNSAT in 23.46s
    cube 1782.247.115 (depth 2, 27 lits): UNSAT in 0.02s
    cube 1782.247.116 (depth 2, 27 lits): UNSAT in 0.02s
    cube 1782.247.117 (depth 2, 28 lits): UNSAT in 0.02s
    cube 1782.247.118 (depth 2, 28 lits): UNSAT in 0.04s
    cube 1782.247.119 (depth 2, 28 lits): UNSAT in 0.04s
    cube 1782.247.120 (depth 2, 28 lits): UNSAT in 0.08s
    cube 1782.247.121 (depth 2, 28 lits): UNSAT in 0.01s
    cube 1782.247.122 (depth 2, 28 lits): UNSAT in 0.02s
    cube 1782.247.123 (depth 2, 28 lits): UNSAT in 0.03s
    cube 1782.247.124 (depth 2, 28 lits): UNSAT in 0.17s
    cube 1782.247.125 (depth 2, 28 lits): UNSAT in 0.02s
    cube 1782.247.126 (depth 2, 28 lits): UNSAT in 0.18s
    cube 1782.247.127 (depth 2, 28 lits): UNSAT in 0.19s
    cube 1782.247.128 (depth 2, 28 lits): UNSAT in 0.30s
    cube 1782.247.129 (depth 2, 28 lits): UNSAT in 0.01s
    cube 1782.247.130 (depth 2, 28 lits): UNSAT in 0.02s
    cube 1782.247.131 (depth 2, 28 lits): UNSAT in 0.02s
    cube 1782.247.132 (depth 2, 28 lits): UNSAT in 0.05s
    cube 1782.247.133 (depth 2, 28 lits): UNSAT in 0.03s
    cube 1782.247.134 (depth 2, 28 lits): UNSAT in 0.02s
    cube 1782.247.135 (depth 2, 28 lits): UNSAT in 0.09s
    cube 1782.247.136 (depth 2, 28 lits): UNSAT in 0.13s
    cube 1782.247.137 (depth 2, 28 lits): UNSAT in 0.03s
    cube 1782.247.138 (depth 2, 28 lits): UNSAT in 0.08s
    cube 1782.247.139 (depth 2, 28 lits): UNSAT in 0.15s
    cube 1782.247.140 (depth 2, 28 lits): UNSAT in 0.16s
    cube 1782.247.141 (depth 2, 28 lits): UNSAT in 0.07s
    cube 1782.247.142 (depth 2, 28 lits): UNSAT in 0.21s
    cube 1782.247.143 (depth 2, 28 lits): UNSAT in 0.13s
    cube 1782.247.144 (depth 2, 28 lits): UNSAT in 1.37s
    cube 1782.247.145 (depth 2, 28 lits): UNSAT in 0.02s
    cube 1782.247.146 (depth 2, 28 lits): UNSAT in 0.02s
    cube 1782.247.147 (depth 2, 28 lits): UNSAT in 0.03s
    cube 1782.247.148 (depth 2, 28 lits): UNSAT in 0.04s
    cube 1782.247.149 (depth 2, 27 lits): UNSAT in 0.02s
    cube 1782.247.150 (depth 2, 28 lits): UNSAT in 0.03s
    cube 1782.247.151 (depth 2, 28 lits): UNSAT in 0.08s
    cube 1782.247.152 (depth 2, 28 lits): UNSAT in 0.01s
    cube 1782.247.153 (depth 2, 28 lits): UNSAT in 0.04s
    cube 1782.247.154 (depth 2, 28 lits): UNSAT in 0.05s
    cube 1782.247.155 (depth 2, 28 lits): UNSAT in 0.12s
    cube 1782.247.156 (depth 2, 28 lits): UNSAT in 0.05s
    cube 1782.247.157 (depth 2, 28 lits): UNSAT in 0.14s
    cube 1782.247.158 (depth 2, 28 lits): UNSAT in 0.03s
    cube 1782.247.159 (depth 2, 28 lits): UNSAT in 0.08s
    cube 1782.247.160 (depth 2, 28 lits): UNSAT in 0.04s
    cube 1782.247.161 (depth 2, 28 lits): UNSAT in 0.05s
    cube 1782.247.162 (depth 2, 28 lits): UNSAT in 0.09s
    cube 1782.247.163 (depth 2, 28 lits): UNSAT in 0.24s
    cube 1782.247.164 (depth 2, 28 lits): UNSAT in 0.19s
    cube 1782.247.165 (depth 2, 28 lits): UNSAT in 0.83s
    cube 1782.247.166 (depth 2, 28 lits): UNSAT in 0.12s
    cube 1782.247.167 (depth 2, 28 lits): UNSAT in 1.20s
    cube 1782.247.168 (depth 2, 28 lits): UNSAT in 0.05s
    cube 1782.247.169 (depth 2, 28 lits): UNSAT in 0.43s
    cube 1782.247.170 (depth 2, 28 lits): UNSAT in 0.30s
    cube 1782.247.171 (depth 2, 28 lits): UNSAT in 0.53s
    cube 1782.247.172 (depth 2, 28 lits): UNSAT in 0.27s
    cube 1782.247.173 (depth 2, 28 lits): UNSAT in 1.05s
    cube 1782.247.174 (depth 2, 28 lits): UNSAT in 2.24s
    cube 1782.247.175 (depth 2, 28 lits): UNSAT in 3.33s
    cube 1782.247.176 (depth 2, 28 lits): UNSAT in 0.02s
    cube 1782.247.177 (depth 2, 28 lits): UNSAT in 0.04s
    cube 1782.247.178 (depth 2, 28 lits): UNSAT in 0.06s
    cube 1782.247.179 (depth 2, 28 lits): UNSAT in 0.05s
    cube 1782.247.180 (depth 2, 28 lits): UNSAT in 0.02s
    cube 1782.247.181 (depth 2, 28 lits): UNSAT in 0.05s
    cube 1782.247.182 (depth 2, 28 lits): UNSAT in 0.01s
    cube 1782.247.183 (depth 2, 28 lits): UNSAT in 0.23s
    cube 1782.247.184 (depth 2, 28 lits): UNSAT in 0.11s
    cube 1782.247.185 (depth 2, 28 lits): UNSAT in 0.16s
    cube 1782.247.186 (depth 2, 28 lits): UNSAT in 0.11s
    cube 1782.247.187 (depth 2, 28 lits): UNSAT in 0.18s
    cube 1782.247.188 (depth 2, 28 lits): UNSAT in 0.10s
    cube 1782.247.189 (depth 2, 28 lits): UNSAT in 0.17s
    cube 1782.247.190 (depth 2, 28 lits): UNSAT in 0.23s
    cube 1782.247.191 (depth 2, 28 lits): UNSAT in 1.59s
    cube 1782.247.192 (depth 2, 28 lits): UNSAT in 0.04s
    cube 1782.247.193 (depth 2, 28 lits): UNSAT in 0.07s
    cube 1782.247.194 (depth 2, 28 lits): UNSAT in 0.10s
    cube 1782.247.195 (depth 2, 28 lits): UNSAT in 0.55s
    cube 1782.247.196 (depth 2, 28 lits): UNSAT in 0.11s
    cube 1782.247.197 (depth 2, 28 lits): UNSAT in 0.38s
    cube 1782.247.198 (depth 2, 28 lits): UNSAT in 0.13s
    cube 1782.247.199 (depth 2, 28 lits): UNSAT in 1.48s
    cube 1782.247.200 (depth 2, 28 lits): UNSAT in 0.09s
    cube 1782.247.201 (depth 2, 28 lits): UNSAT in 0.47s
    cube 1782.247.202 (depth 2, 28 lits): UNSAT in 0.24s
    cube 1782.247.203 (depth 2, 28 lits): UNSAT in 1.33s
    cube 1782.247.204 (depth 2, 28 lits): UNSAT in 0.37s
    cube 1782.247.205 (depth 2, 28 lits): UNSAT in 0.76s
    cube 1782.247.206 (depth 2, 28 lits): UNSAT in 1.26s
    cube 1782.247.207 (depth 2, 28 lits): UNSAT in 9.97s
    cube 1782.247.208 (depth 2, 28 lits): UNSAT in 0.05s
    cube 1782.247.209 (depth 2, 28 lits): UNSAT in 0.24s
    cube 1782.247.210 (depth 2, 28 lits): UNSAT in 0.12s
    cube 1782.247.211 (depth 2, 28 lits): UNSAT in 0.34s
    cube 1782.247.212 (depth 2, 28 lits): UNSAT in 0.26s
    cube 1782.247.213 (depth 2, 28 lits): UNSAT in 0.34s
    cube 1782.247.214 (depth 2, 28 lits): UNSAT in 0.22s
    cube 1782.247.215 (depth 2, 28 lits): UNSAT in 1.27s
    cube 1782.247.216 (depth 2, 28 lits): UNSAT in 0.22s
    cube 1782.247.217 (depth 2, 28 lits): UNSAT in 0.21s
    cube 1782.247.218 (depth 2, 28 lits): UNSAT in 0.32s
    cube 1782.247.219 (depth 2, 28 lits): UNSAT in 2.75s
    cube 1782.247.220 (depth 2, 28 lits): UNSAT in 0.77s
    cube 1782.247.221 (depth 2, 28 lits): UNSAT in 7.63s
    cube 1782.247.222 (depth 2, 28 lits): UNSAT in 6.60s
    cube 1782.247.223 (depth 2, 28 lits): UNSAT in 62.55s
    cube 1782.247.224 (depth 2, 28 lits): UNSAT in 0.56s
    cube 1782.247.225 (depth 2, 28 lits): UNSAT in 2.27s
    cube 1782.247.226 (depth 2, 28 lits): UNSAT in 0.83s
    cube 1782.247.227 (depth 2, 28 lits): UNSAT in 9.86s
    cube 1782.247.228 (depth 2, 28 lits): UNSAT in 0.21s
    cube 1782.247.229 (depth 2, 28 lits): UNSAT in 4.81s
    cube 1782.247.230 (depth 2, 28 lits): UNSAT in 3.41s
    cube 1782.247.231 (depth 2, 28 lits): UNSAT in 51.07s
    cube 1782.247.232 (depth 2, 28 lits): UNSAT in 1.13s
    cube 1782.247.233 (depth 2, 28 lits): UNSAT in 3.85s
    cube 1782.247.234 (depth 2, 28 lits): UNSAT in 9.74s
    cube 1782.247.235 (depth 2, 28 lits): UNSAT in 170.95s
    cube 1782.247.236 (depth 2, 28 lits): UNSAT in 13.61s
    cube 1782.247.237 (depth 2, 28 lits): UNSAT in 397.43s
    cube 1782.247.238 (depth 2, 28 lits): UNSAT in 25.58s
    cube 1782.247.239 (depth 2, 28 lits): UNSAT in 211.60s
    cube 1782.248 (depth 1, 20 lits): UNSAT in 1.44s
    cube 1782.249 (depth 1, 20 lits): UNSAT in 13.79s
    cube 1782.250 (depth 1, 20 lits): UNSAT in 3.88s
    cube 1782.251 (depth 1, 20 lits): UNSAT in 227.08s
    cube 1782.252 (depth 1, 20 lits): UNSAT in 4.40s
    cube 1782.253 (depth 1, 20 lits): UNSAT in 84.38s
    cube 1782.254 (depth 1, 20 lits): UNSAT in 161.52s
    cube 1782.255 (depth 1, 20 lits): TIMEOUT in 1200.09s
    cube 1782.255 TIMEOUT -> re-split into 250 sub-cubes (depth 2)
    cube 1782.255.0 (depth 2, 26 lits): UNSAT in 0.01s
    cube 1782.255.1 (depth 2, 27 lits): UNSAT in 0.01s
    cube 1782.255.2 (depth 2, 28 lits): UNSAT in 0.02s
    cube 1782.255.3 (depth 2, 28 lits): UNSAT in 0.02s
    cube 1782.255.4 (depth 2, 28 lits): UNSAT in 0.02s
    cube 1782.255.5 (depth 2, 28 lits): UNSAT in 0.02s
    cube 1782.255.6 (depth 2, 28 lits): UNSAT in 0.02s
    cube 1782.255.7 (depth 2, 28 lits): UNSAT in 0.03s
    cube 1782.255.8 (depth 2, 28 lits): UNSAT in 0.02s
    cube 1782.255.9 (depth 2, 28 lits): UNSAT in 0.02s
    cube 1782.255.10 (depth 2, 28 lits): UNSAT in 0.04s
    cube 1782.255.11 (depth 2, 28 lits): UNSAT in 0.07s
    cube 1782.255.12 (depth 2, 28 lits): UNSAT in 0.01s
    cube 1782.255.13 (depth 2, 28 lits): UNSAT in 0.02s
    cube 1782.255.14 (depth 2, 28 lits): UNSAT in 0.03s
    cube 1782.255.15 (depth 2, 28 lits): UNSAT in 0.03s
    cube 1782.255.16 (depth 2, 28 lits): UNSAT in 0.01s
    cube 1782.255.17 (depth 2, 28 lits): UNSAT in 0.03s
    cube 1782.255.18 (depth 2, 28 lits): UNSAT in 0.03s
    cube 1782.255.19 (depth 2, 28 lits): UNSAT in 0.07s
    cube 1782.255.20 (depth 2, 28 lits): UNSAT in 0.02s
    cube 1782.255.21 (depth 2, 28 lits): UNSAT in 0.02s
    cube 1782.255.22 (depth 2, 28 lits): UNSAT in 0.03s
    cube 1782.255.23 (depth 2, 28 lits): UNSAT in 0.07s
    cube 1782.255.24 (depth 2, 28 lits): UNSAT in 0.03s
    cube 1782.255.25 (depth 2, 28 lits): UNSAT in 0.07s
    cube 1782.255.26 (depth 2, 28 lits): UNSAT in 0.15s
    cube 1782.255.27 (depth 2, 28 lits): UNSAT in 0.46s
    cube 1782.255.28 (depth 2, 28 lits): UNSAT in 0.02s
    cube 1782.255.29 (depth 2, 28 lits): UNSAT in 0.02s
    cube 1782.255.30 (depth 2, 28 lits): UNSAT in 0.02s
    cube 1782.255.31 (depth 2, 28 lits): UNSAT in 0.04s
    cube 1782.255.32 (depth 2, 28 lits): UNSAT in 0.03s
    cube 1782.255.33 (depth 2, 28 lits): UNSAT in 0.05s
    cube 1782.255.34 (depth 2, 28 lits): UNSAT in 0.09s
    cube 1782.255.35 (depth 2, 28 lits): UNSAT in 0.15s
    cube 1782.255.36 (depth 2, 28 lits): UNSAT in 0.04s
    cube 1782.255.37 (depth 2, 28 lits): UNSAT in 0.09s
    cube 1782.255.38 (depth 2, 28 lits): UNSAT in 0.12s
    cube 1782.255.39 (depth 2, 28 lits): UNSAT in 0.26s
    cube 1782.255.40 (depth 2, 28 lits): UNSAT in 0.06s
    cube 1782.255.41 (depth 2, 28 lits): UNSAT in 0.18s
    cube 1782.255.42 (depth 2, 28 lits): UNSAT in 0.27s
    cube 1782.255.43 (depth 2, 28 lits): UNSAT in 1.12s
    cube 1782.255.44 (depth 2, 28 lits): UNSAT in 0.03s
    cube 1782.255.45 (depth 2, 28 lits): UNSAT in 0.14s
    cube 1782.255.46 (depth 2, 28 lits): UNSAT in 0.10s
    cube 1782.255.47 (depth 2, 28 lits): UNSAT in 0.33s
    cube 1782.255.48 (depth 2, 28 lits): UNSAT in 0.05s
    cube 1782.255.49 (depth 2, 28 lits): UNSAT in 0.23s
    cube 1782.255.50 (depth 2, 28 lits): UNSAT in 0.30s
    cube 1782.255.51 (depth 2, 28 lits): UNSAT in 2.15s
    cube 1782.255.52 (depth 2, 28 lits): UNSAT in 0.04s
    cube 1782.255.53 (depth 2, 28 lits): UNSAT in 0.22s
    cube 1782.255.54 (depth 2, 28 lits): UNSAT in 0.15s
    cube 1782.255.55 (depth 2, 28 lits): UNSAT in 0.44s
    cube 1782.255.56 (depth 2, 28 lits): UNSAT in 0.49s
    cube 1782.255.57 (depth 2, 28 lits): UNSAT in 1.49s
    cube 1782.255.58 (depth 2, 28 lits): UNSAT in 1.48s
    cube 1782.255.59 (depth 2, 28 lits): UNSAT in 4.03s
    cube 1782.255.60 (depth 2, 27 lits): UNSAT in 0.02s
    cube 1782.255.61 (depth 2, 28 lits): UNSAT in 0.02s
    cube 1782.255.62 (depth 2, 28 lits): UNSAT in 0.02s
    cube 1782.255.63 (depth 2, 28 lits): UNSAT in 0.02s
    cube 1782.255.64 (depth 2, 28 lits): UNSAT in 0.02s
    cube 1782.255.65 (depth 2, 28 lits): UNSAT in 0.02s
    cube 1782.255.66 (depth 2, 28 lits): UNSAT in 0.06s
    cube 1782.255.67 (depth 2, 28 lits): UNSAT in 0.02s
    cube 1782.255.68 (depth 2, 28 lits): UNSAT in 0.03s
    cube 1782.255.69 (depth 2, 28 lits): UNSAT in 0.02s
    cube 1782.255.70 (depth 2, 28 lits): UNSAT in 0.02s
    cube 1782.255.71 (depth 2, 28 lits): UNSAT in 0.02s
    cube 1782.255.72 (depth 2, 28 lits): UNSAT in 0.02s
    cube 1782.255.73 (depth 2, 28 lits): UNSAT in 0.07s
    cube 1782.255.74 (depth 2, 28 lits): UNSAT in 0.04s
    cube 1782.255.75 (depth 2, 28 lits): UNSAT in 0.03s
    cube 1782.255.76 (depth 2, 28 lits): UNSAT in 0.03s
    cube 1782.255.77 (depth 2, 28 lits): UNSAT in 0.06s
    cube 1782.255.78 (depth 2, 28 lits): UNSAT in 0.18s
    cube 1782.255.79 (depth 2, 28 lits): UNSAT in 0.04s
    cube 1782.255.80 (depth 2, 28 lits): UNSAT in 0.07s
    cube 1782.255.81 (depth 2, 28 lits): UNSAT in 0.10s
    cube 1782.255.82 (depth 2, 28 lits): UNSAT in 0.19s
    cube 1782.255.83 (depth 2, 28 lits): UNSAT in 0.06s
    cube 1782.255.84 (depth 2, 28 lits): UNSAT in 0.28s
    cube 1782.255.85 (depth 2, 28 lits): UNSAT in 0.08s
    cube 1782.255.86 (depth 2, 28 lits): UNSAT in 0.12s
    cube 1782.255.87 (depth 2, 28 lits): UNSAT in 0.09s
    cube 1782.255.88 (depth 2, 28 lits): UNSAT in 0.25s
    cube 1782.255.89 (depth 2, 28 lits): UNSAT in 0.26s
    cube 1782.255.90 (depth 2, 28 lits): UNSAT in 0.71s
    cube 1782.255.91 (depth 2, 28 lits): UNSAT in 0.02s
    cube 1782.255.92 (depth 2, 28 lits): UNSAT in 0.06s
    cube 1782.255.93 (depth 2, 28 lits): UNSAT in 0.04s
    cube 1782.255.94 (depth 2, 28 lits): UNSAT in 0.14s
    cube 1782.255.95 (depth 2, 28 lits): UNSAT in 0.06s
    cube 1782.255.96 (depth 2, 28 lits): UNSAT in 0.20s
    cube 1782.255.97 (depth 2, 28 lits): UNSAT in 0.07s
    cube 1782.255.98 (depth 2, 28 lits): UNSAT in 0.37s
    cube 1782.255.99 (depth 2, 28 lits): UNSAT in 0.02s
    cube 1782.255.100 (depth 2, 28 lits): UNSAT in 0.04s
    cube 1782.255.101 (depth 2, 28 lits): UNSAT in 0.06s
    cube 1782.255.102 (depth 2, 28 lits): UNSAT in 0.21s
    cube 1782.255.103 (depth 2, 28 lits): UNSAT in 0.10s
    cube 1782.255.104 (depth 2, 28 lits): UNSAT in 0.16s
    cube 1782.255.105 (depth 2, 28 lits): UNSAT in 0.17s
    cube 1782.255.106 (depth 2, 28 lits): UNSAT in 1.25s
    cube 1782.255.107 (depth 2, 28 lits): UNSAT in 0.07s
    cube 1782.255.108 (depth 2, 28 lits): UNSAT in 0.19s
    cube 1782.255.109 (depth 2, 28 lits): UNSAT in 0.16s
    cube 1782.255.110 (depth 2, 28 lits): UNSAT in 0.42s
    cube 1782.255.111 (depth 2, 28 lits): UNSAT in 0.13s
    cube 1782.255.112 (depth 2, 28 lits): UNSAT in 0.40s
    cube 1782.255.113 (depth 2, 28 lits): UNSAT in 0.32s
    cube 1782.255.114 (depth 2, 28 lits): UNSAT in 0.81s
    cube 1782.255.115 (depth 2, 28 lits): UNSAT in 0.05s
    cube 1782.255.116 (depth 2, 28 lits): UNSAT in 0.52s
    cube 1782.255.117 (depth 2, 28 lits): UNSAT in 0.10s
    cube 1782.255.118 (depth 2, 28 lits): UNSAT in 1.92s
    cube 1782.255.119 (depth 2, 28 lits): UNSAT in 0.42s
    cube 1782.255.120 (depth 2, 28 lits): UNSAT in 0.96s
    cube 1782.255.121 (depth 2, 28 lits): UNSAT in 1.12s
    cube 1782.255.122 (depth 2, 28 lits): UNSAT in 8.57s
    cube 1782.255.123 (depth 2, 28 lits): UNSAT in 0.02s
    cube 1782.255.124 (depth 2, 28 lits): UNSAT in 0.02s
    cube 1782.255.125 (depth 2, 28 lits): UNSAT in 0.01s
    cube 1782.255.126 (depth 2, 28 lits): UNSAT in 0.02s
    cube 1782.255.127 (depth 2, 27 lits): UNSAT in 0.02s
    cube 1782.255.128 (depth 2, 28 lits): UNSAT in 0.04s
    cube 1782.255.129 (depth 2, 28 lits): UNSAT in 0.06s
    cube 1782.255.130 (depth 2, 28 lits): UNSAT in 0.04s
    cube 1782.255.131 (depth 2, 28 lits): UNSAT in 0.09s
    cube 1782.255.132 (depth 2, 28 lits): UNSAT in 0.13s
    cube 1782.255.133 (depth 2, 28 lits): UNSAT in 1.03s
    cube 1782.255.134 (depth 2, 28 lits): UNSAT in 0.15s
    cube 1782.255.135 (depth 2, 28 lits): UNSAT in 0.17s
    cube 1782.255.136 (depth 2, 28 lits): UNSAT in 0.64s
    cube 1782.255.137 (depth 2, 28 lits): UNSAT in 2.83s
    cube 1782.255.138 (depth 2, 28 lits): UNSAT in 0.03s
    cube 1782.255.139 (depth 2, 28 lits): UNSAT in 0.05s
    cube 1782.255.140 (depth 2, 28 lits): UNSAT in 0.02s
    cube 1782.255.141 (depth 2, 28 lits): UNSAT in 0.09s
    cube 1782.255.142 (depth 2, 28 lits): UNSAT in 0.02s
    cube 1782.255.143 (depth 2, 28 lits): UNSAT in 0.05s
    cube 1782.255.144 (depth 2, 28 lits): UNSAT in 0.06s
    cube 1782.255.145 (depth 2, 28 lits): UNSAT in 0.09s
    cube 1782.255.146 (depth 2, 28 lits): UNSAT in 0.23s
    cube 1782.255.147 (depth 2, 28 lits): UNSAT in 0.49s
    cube 1782.255.148 (depth 2, 28 lits): UNSAT in 0.37s
    cube 1782.255.149 (depth 2, 28 lits): UNSAT in 0.56s
    cube 1782.255.150 (depth 2, 28 lits): UNSAT in 0.05s
    cube 1782.255.151 (depth 2, 28 lits): UNSAT in 0.24s
    cube 1782.255.152 (depth 2, 28 lits): UNSAT in 0.36s
    cube 1782.255.153 (depth 2, 28 lits): UNSAT in 2.73s
    cube 1782.255.154 (depth 2, 28 lits): UNSAT in 0.03s
    cube 1782.255.155 (depth 2, 28 lits): UNSAT in 0.06s
    cube 1782.255.156 (depth 2, 28 lits): UNSAT in 0.11s
    cube 1782.255.157 (depth 2, 28 lits): UNSAT in 0.49s
    cube 1782.255.158 (depth 2, 28 lits): UNSAT in 0.05s
    cube 1782.255.159 (depth 2, 28 lits): UNSAT in 0.34s
    cube 1782.255.160 (depth 2, 28 lits): UNSAT in 0.17s
    cube 1782.255.161 (depth 2, 28 lits): UNSAT in 0.43s
    cube 1782.255.162 (depth 2, 28 lits): UNSAT in 0.09s
    cube 1782.255.163 (depth 2, 28 lits): UNSAT in 0.17s
    cube 1782.255.164 (depth 2, 28 lits): UNSAT in 0.38s
    cube 1782.255.165 (depth 2, 28 lits): UNSAT in 2.33s
    cube 1782.255.166 (depth 2, 28 lits): UNSAT in 0.26s
    cube 1782.255.167 (depth 2, 28 lits): UNSAT in 0.59s
    cube 1782.255.168 (depth 2, 28 lits): UNSAT in 1.91s
    cube 1782.255.169 (depth 2, 28 lits): UNSAT in 6.48s
    cube 1782.255.170 (depth 2, 28 lits): UNSAT in 0.03s
    cube 1782.255.171 (depth 2, 28 lits): UNSAT in 0.03s
    cube 1782.255.172 (depth 2, 28 lits): UNSAT in 0.08s
    cube 1782.255.173 (depth 2, 28 lits): UNSAT in 0.07s
    cube 1782.255.174 (depth 2, 28 lits): UNSAT in 0.15s
    cube 1782.255.175 (depth 2, 28 lits): UNSAT in 0.20s
    cube 1782.255.176 (depth 2, 28 lits): UNSAT in 0.23s
    cube 1782.255.177 (depth 2, 28 lits): UNSAT in 2.04s
    cube 1782.255.178 (depth 2, 28 lits): UNSAT in 0.08s
    cube 1782.255.179 (depth 2, 28 lits): UNSAT in 0.24s
    cube 1782.255.180 (depth 2, 28 lits): UNSAT in 0.58s
    cube 1782.255.181 (depth 2, 28 lits): UNSAT in 3.71s
    cube 1782.255.182 (depth 2, 28 lits): UNSAT in 0.78s
    cube 1782.255.183 (depth 2, 28 lits): UNSAT in 4.31s
    cube 1782.255.184 (depth 2, 28 lits): UNSAT in 5.67s
    cube 1782.255.185 (depth 2, 28 lits): UNSAT in 13.97s
    cube 1782.255.186 (depth 2, 28 lits): UNSAT in 0.03s
    cube 1782.255.187 (depth 2, 28 lits): UNSAT in 0.03s
    cube 1782.255.188 (depth 2, 28 lits): UNSAT in 0.01s
    cube 1782.255.189 (depth 2, 28 lits): UNSAT in 0.02s
    cube 1782.255.190 (depth 2, 28 lits): UNSAT in 0.18s
    cube 1782.255.191 (depth 2, 28 lits): UNSAT in 0.18s
    cube 1782.255.192 (depth 2, 28 lits): UNSAT in 0.20s
    cube 1782.255.193 (depth 2, 28 lits): UNSAT in 1.63s
    cube 1782.255.194 (depth 2, 28 lits): UNSAT in 0.09s
    cube 1782.255.195 (depth 2, 28 lits): UNSAT in 0.23s
    cube 1782.255.196 (depth 2, 28 lits): UNSAT in 0.20s
    cube 1782.255.197 (depth 2, 28 lits): UNSAT in 1.55s
    cube 1782.255.198 (depth 2, 28 lits): UNSAT in 0.27s
    cube 1782.255.199 (depth 2, 28 lits): UNSAT in 0.83s
    cube 1782.255.200 (depth 2, 28 lits): UNSAT in 1.82s
    cube 1782.255.201 (depth 2, 28 lits): UNSAT in 8.62s
    cube 1782.255.202 (depth 2, 28 lits): UNSAT in 0.06s
    cube 1782.255.203 (depth 2, 28 lits): UNSAT in 0.09s
    cube 1782.255.204 (depth 2, 28 lits): UNSAT in 0.07s
    cube 1782.255.205 (depth 2, 28 lits): UNSAT in 0.20s
    cube 1782.255.206 (depth 2, 28 lits): UNSAT in 0.16s
    cube 1782.255.207 (depth 2, 28 lits): UNSAT in 0.24s
    cube 1782.255.208 (depth 2, 28 lits): UNSAT in 0.12s
    cube 1782.255.209 (depth 2, 28 lits): UNSAT in 1.73s
    cube 1782.255.210 (depth 2, 28 lits): UNSAT in 0.16s
    cube 1782.255.211 (depth 2, 28 lits): UNSAT in 1.30s
    cube 1782.255.212 (depth 2, 28 lits): UNSAT in 0.97s
    cube 1782.255.213 (depth 2, 28 lits): UNSAT in 11.94s
    cube 1782.255.214 (depth 2, 28 lits): UNSAT in 0.28s
    cube 1782.255.215 (depth 2, 28 lits): UNSAT in 2.95s
    cube 1782.255.216 (depth 2, 28 lits): UNSAT in 6.21s
    cube 1782.255.217 (depth 2, 28 lits): UNSAT in 24.35s
    cube 1782.255.218 (depth 2, 28 lits): UNSAT in 0.03s
    cube 1782.255.219 (depth 2, 28 lits): UNSAT in 0.06s
    cube 1782.255.220 (depth 2, 28 lits): UNSAT in 0.22s
    cube 1782.255.221 (depth 2, 28 lits): UNSAT in 1.36s
    cube 1782.255.222 (depth 2, 28 lits): UNSAT in 0.21s
    cube 1782.255.223 (depth 2, 28 lits): UNSAT in 1.49s
    cube 1782.255.224 (depth 2, 28 lits): UNSAT in 1.20s
    cube 1782.255.225 (depth 2, 28 lits): UNSAT in 8.29s
    cube 1782.255.226 (depth 2, 28 lits): UNSAT in 0.19s
    cube 1782.255.227 (depth 2, 28 lits): UNSAT in 0.73s
    cube 1782.255.228 (depth 2, 28 lits): UNSAT in 0.80s
    cube 1782.255.229 (depth 2, 28 lits): UNSAT in 2.35s
    cube 1782.255.230 (depth 2, 28 lits): UNSAT in 0.38s
    cube 1782.255.231 (depth 2, 28 lits): UNSAT in 4.35s
    cube 1782.255.232 (depth 2, 28 lits): UNSAT in 14.82s
    cube 1782.255.233 (depth 2, 28 lits): UNSAT in 83.61s
    cube 1782.255.234 (depth 2, 28 lits): UNSAT in 0.15s
    cube 1782.255.235 (depth 2, 28 lits): UNSAT in 1.15s
    cube 1782.255.236 (depth 2, 28 lits): UNSAT in 0.93s
    cube 1782.255.237 (depth 2, 28 lits): UNSAT in 5.26s
    cube 1782.255.238 (depth 2, 28 lits): UNSAT in 2.01s
    cube 1782.255.239 (depth 2, 28 lits): UNSAT in 4.44s
    cube 1782.255.240 (depth 2, 28 lits): UNSAT in 2.41s
    cube 1782.255.241 (depth 2, 28 lits): UNSAT in 95.05s
    cube 1782.255.242 (depth 2, 28 lits): UNSAT in 1.55s
    cube 1782.255.243 (depth 2, 28 lits): UNSAT in 12.82s
    cube 1782.255.244 (depth 2, 28 lits): UNSAT in 13.75s
    cube 1782.255.245 (depth 2, 28 lits): UNSAT in 94.19s
    cube 1782.255.246 (depth 2, 28 lits): UNSAT in 1.54s
    cube 1782.255.247 (depth 2, 28 lits): UNSAT in 12.59s
    cube 1782.255.248 (depth 2, 28 lits): UNSAT in 10.43s
    cube 1782.255.249 (depth 2, 28 lits): UNSAT in 512.00s

  shard 8 verdict: UNSAT (1 UNSAT, 0 unresolved) in 13957.3s
