  shard 2/24 (explicit): 1 of 4095 cubes, per-cube cap 1200.0s, re-split depth 7
    cube 1531 (depth 0, 12 lits): TIMEOUT in 1200.10s
    cube 1531 TIMEOUT -> re-split into 253 sub-cubes (depth 1)
    cube 1531.0 (depth 1, 19 lits): UNSAT in 0.01s
    cube 1531.1 (depth 1, 19 lits): UNSAT in 0.02s
    cube 1531.2 (depth 1, 20 lits): UNSAT in 0.01s
    cube 1531.3 (depth 1, 20 lits): UNSAT in 0.02s
    cube 1531.4 (depth 1, 20 lits): UNSAT in 0.02s
    cube 1531.5 (depth 1, 20 lits): UNSAT in 0.03s
    cube 1531.6 (depth 1, 20 lits): UNSAT in 0.02s
    cube 1531.7 (depth 1, 20 lits): UNSAT in 0.02s
    cube 1531.8 (depth 1, 20 lits): UNSAT in 0.02s
    cube 1531.9 (depth 1, 20 lits): UNSAT in 0.04s
    cube 1531.10 (depth 1, 20 lits): UNSAT in 0.02s
    cube 1531.11 (depth 1, 20 lits): UNSAT in 0.02s
    cube 1531.12 (depth 1, 20 lits): UNSAT in 0.04s
    cube 1531.13 (depth 1, 20 lits): UNSAT in 0.27s
    cube 1531.14 (depth 1, 20 lits): UNSAT in 0.04s
    cube 1531.15 (depth 1, 20 lits): UNSAT in 0.05s
    cube 1531.16 (depth 1, 20 lits): UNSAT in 0.06s
    cube 1531.17 (depth 1, 20 lits): UNSAT in 0.10s
    cube 1531.18 (depth 1, 20 lits): UNSAT in 0.03s
    cube 1531.19 (depth 1, 20 lits): UNSAT in 0.04s
    cube 1531.20 (depth 1, 20 lits): UNSAT in 0.07s
    cube 1531.21 (depth 1, 20 lits): UNSAT in 0.14s
    cube 1531.22 (depth 1, 20 lits): UNSAT in 0.06s
    cube 1531.23 (depth 1, 20 lits): UNSAT in 0.12s
    cube 1531.24 (depth 1, 20 lits): UNSAT in 0.03s
    cube 1531.25 (depth 1, 20 lits): UNSAT in 0.40s
    cube 1531.26 (depth 1, 20 lits): UNSAT in 0.03s
    cube 1531.27 (depth 1, 20 lits): UNSAT in 0.23s
    cube 1531.28 (depth 1, 20 lits): UNSAT in 0.09s
    cube 1531.29 (depth 1, 20 lits): UNSAT in 0.35s
    cube 1531.30 (depth 1, 20 lits): UNSAT in 0.02s
    cube 1531.31 (depth 1, 20 lits): UNSAT in 0.02s
    cube 1531.32 (depth 1, 20 lits): UNSAT in 0.02s
    cube 1531.33 (depth 1, 20 lits): UNSAT in 0.04s
    cube 1531.34 (depth 1, 20 lits): UNSAT in 0.02s
    cube 1531.35 (depth 1, 20 lits): UNSAT in 0.03s
    cube 1531.36 (depth 1, 20 lits): UNSAT in 0.04s
    cube 1531.37 (depth 1, 20 lits): UNSAT in 0.05s
    cube 1531.38 (depth 1, 20 lits): UNSAT in 0.01s
    cube 1531.39 (depth 1, 20 lits): UNSAT in 0.02s
    cube 1531.40 (depth 1, 20 lits): UNSAT in 0.03s
    cube 1531.41 (depth 1, 20 lits): UNSAT in 0.04s
    cube 1531.42 (depth 1, 20 lits): UNSAT in 0.02s
    cube 1531.43 (depth 1, 20 lits): UNSAT in 0.02s
    cube 1531.44 (depth 1, 20 lits): UNSAT in 0.07s
    cube 1531.45 (depth 1, 20 lits): UNSAT in 0.18s
    cube 1531.46 (depth 1, 20 lits): UNSAT in 0.03s
    cube 1531.47 (depth 1, 20 lits): UNSAT in 0.03s
    cube 1531.48 (depth 1, 20 lits): UNSAT in 0.06s
    cube 1531.49 (depth 1, 20 lits): UNSAT in 0.11s
    cube 1531.50 (depth 1, 20 lits): UNSAT in 0.06s
    cube 1531.51 (depth 1, 20 lits): UNSAT in 0.31s
    cube 1531.52 (depth 1, 20 lits): UNSAT in 0.44s
    cube 1531.53 (depth 1, 20 lits): UNSAT in 0.98s
    cube 1531.54 (depth 1, 20 lits): UNSAT in 0.08s
    cube 1531.55 (depth 1, 20 lits): UNSAT in 0.19s
    cube 1531.56 (depth 1, 20 lits): UNSAT in 0.32s
    cube 1531.57 (depth 1, 20 lits): UNSAT in 5.99s
    cube 1531.58 (depth 1, 20 lits): UNSAT in 0.24s
    cube 1531.59 (depth 1, 20 lits): UNSAT in 0.58s
    cube 1531.60 (depth 1, 20 lits): UNSAT in 0.62s
    cube 1531.61 (depth 1, 20 lits): UNSAT in 2.41s
    cube 1531.62 (depth 1, 20 lits): UNSAT in 0.02s
    cube 1531.63 (depth 1, 20 lits): UNSAT in 0.02s
    cube 1531.64 (depth 1, 20 lits): UNSAT in 0.02s
    cube 1531.65 (depth 1, 20 lits): UNSAT in 0.04s
    cube 1531.66 (depth 1, 20 lits): UNSAT in 0.02s
    cube 1531.67 (depth 1, 20 lits): UNSAT in 0.04s
    cube 1531.68 (depth 1, 20 lits): UNSAT in 0.05s
    cube 1531.69 (depth 1, 20 lits): UNSAT in 0.12s
    cube 1531.70 (depth 1, 20 lits): UNSAT in 0.05s
    cube 1531.71 (depth 1, 20 lits): UNSAT in 0.08s
    cube 1531.72 (depth 1, 20 lits): UNSAT in 0.07s
    cube 1531.73 (depth 1, 20 lits): UNSAT in 0.06s
    cube 1531.74 (depth 1, 20 lits): UNSAT in 0.04s
    cube 1531.75 (depth 1, 20 lits): UNSAT in 0.18s
    cube 1531.76 (depth 1, 20 lits): UNSAT in 0.28s
    cube 1531.77 (depth 1, 20 lits): UNSAT in 1.11s
    cube 1531.78 (depth 1, 20 lits): UNSAT in 0.02s
    cube 1531.79 (depth 1, 20 lits): UNSAT in 0.07s
    cube 1531.80 (depth 1, 20 lits): UNSAT in 0.04s
    cube 1531.81 (depth 1, 20 lits): UNSAT in 0.24s
    cube 1531.82 (depth 1, 20 lits): UNSAT in 0.04s
    cube 1531.83 (depth 1, 20 lits): UNSAT in 0.11s
    cube 1531.84 (depth 1, 20 lits): UNSAT in 0.18s
    cube 1531.85 (depth 1, 20 lits): UNSAT in 0.33s
    cube 1531.86 (depth 1, 20 lits): UNSAT in 0.26s
    cube 1531.87 (depth 1, 20 lits): UNSAT in 0.35s
    cube 1531.88 (depth 1, 20 lits): UNSAT in 0.20s
    cube 1531.89 (depth 1, 20 lits): UNSAT in 1.39s
    cube 1531.90 (depth 1, 20 lits): UNSAT in 0.07s
    cube 1531.91 (depth 1, 20 lits): UNSAT in 0.39s
    cube 1531.92 (depth 1, 20 lits): UNSAT in 0.34s
    cube 1531.93 (depth 1, 20 lits): UNSAT in 2.33s
    cube 1531.94 (depth 1, 20 lits): UNSAT in 0.06s
    cube 1531.95 (depth 1, 20 lits): UNSAT in 0.11s
    cube 1531.96 (depth 1, 20 lits): UNSAT in 0.05s
    cube 1531.97 (depth 1, 20 lits): UNSAT in 0.23s
    cube 1531.98 (depth 1, 20 lits): UNSAT in 0.11s
    cube 1531.99 (depth 1, 20 lits): UNSAT in 0.49s
    cube 1531.100 (depth 1, 20 lits): UNSAT in 0.16s
    cube 1531.101 (depth 1, 20 lits): UNSAT in 0.59s
    cube 1531.102 (depth 1, 20 lits): UNSAT in 0.03s
    cube 1531.103 (depth 1, 20 lits): UNSAT in 0.05s
    cube 1531.104 (depth 1, 20 lits): UNSAT in 0.10s
    cube 1531.105 (depth 1, 20 lits): UNSAT in 0.08s
    cube 1531.106 (depth 1, 20 lits): UNSAT in 0.27s
    cube 1531.107 (depth 1, 20 lits): UNSAT in 0.44s
    cube 1531.108 (depth 1, 20 lits): UNSAT in 0.36s
    cube 1531.109 (depth 1, 20 lits): UNSAT in 2.52s
    cube 1531.110 (depth 1, 20 lits): UNSAT in 0.16s
    cube 1531.111 (depth 1, 20 lits): UNSAT in 0.34s
    cube 1531.112 (depth 1, 20 lits): UNSAT in 0.11s
    cube 1531.113 (depth 1, 20 lits): UNSAT in 1.46s
    cube 1531.114 (depth 1, 20 lits): UNSAT in 0.50s
    cube 1531.115 (depth 1, 20 lits): UNSAT in 0.73s
    cube 1531.116 (depth 1, 20 lits): UNSAT in 0.62s
    cube 1531.117 (depth 1, 20 lits): UNSAT in 0.42s
    cube 1531.118 (depth 1, 20 lits): UNSAT in 0.18s
    cube 1531.119 (depth 1, 20 lits): UNSAT in 0.35s
    cube 1531.120 (depth 1, 20 lits): UNSAT in 0.58s
    cube 1531.121 (depth 1, 20 lits): UNSAT in 1.20s
    cube 1531.122 (depth 1, 20 lits): UNSAT in 0.20s
    cube 1531.123 (depth 1, 20 lits): UNSAT in 1.42s
    cube 1531.124 (depth 1, 20 lits): UNSAT in 2.18s
    cube 1531.125 (depth 1, 20 lits): UNSAT in 10.92s
    cube 1531.126 (depth 1, 19 lits): UNSAT in 0.02s
    cube 1531.127 (depth 1, 20 lits): UNSAT in 0.01s
    cube 1531.128 (depth 1, 20 lits): UNSAT in 0.07s
    cube 1531.129 (depth 1, 20 lits): UNSAT in 0.07s
    cube 1531.130 (depth 1, 20 lits): UNSAT in 0.14s
    cube 1531.131 (depth 1, 20 lits): UNSAT in 0.04s
    cube 1531.132 (depth 1, 20 lits): UNSAT in 0.23s
    cube 1531.133 (depth 1, 20 lits): UNSAT in 0.09s
    cube 1531.134 (depth 1, 20 lits): UNSAT in 0.13s
    cube 1531.135 (depth 1, 20 lits): UNSAT in 0.12s
    cube 1531.136 (depth 1, 20 lits): UNSAT in 0.36s
    cube 1531.137 (depth 1, 20 lits): UNSAT in 0.09s
    cube 1531.138 (depth 1, 20 lits): UNSAT in 0.30s
    cube 1531.139 (depth 1, 20 lits): UNSAT in 0.37s
    cube 1531.140 (depth 1, 20 lits): UNSAT in 0.95s
    cube 1531.141 (depth 1, 20 lits): UNSAT in 0.03s
    cube 1531.142 (depth 1, 20 lits): UNSAT in 0.04s
    cube 1531.143 (depth 1, 20 lits): UNSAT in 0.05s
    cube 1531.144 (depth 1, 20 lits): UNSAT in 0.11s
    cube 1531.145 (depth 1, 20 lits): UNSAT in 0.05s
    cube 1531.146 (depth 1, 20 lits): UNSAT in 0.12s
    cube 1531.147 (depth 1, 20 lits): UNSAT in 0.13s
    cube 1531.148 (depth 1, 20 lits): UNSAT in 0.47s
    cube 1531.149 (depth 1, 20 lits): UNSAT in 0.12s
    cube 1531.150 (depth 1, 20 lits): UNSAT in 0.21s
    cube 1531.151 (depth 1, 20 lits): UNSAT in 0.25s
    cube 1531.152 (depth 1, 20 lits): UNSAT in 0.53s
    cube 1531.153 (depth 1, 20 lits): UNSAT in 0.12s
    cube 1531.154 (depth 1, 20 lits): UNSAT in 0.21s
    cube 1531.155 (depth 1, 20 lits): UNSAT in 0.23s
    cube 1531.156 (depth 1, 20 lits): UNSAT in 3.44s
    cube 1531.157 (depth 1, 20 lits): UNSAT in 0.04s
    cube 1531.158 (depth 1, 20 lits): UNSAT in 0.05s
    cube 1531.159 (depth 1, 20 lits): UNSAT in 0.06s
    cube 1531.160 (depth 1, 20 lits): UNSAT in 0.12s
    cube 1531.161 (depth 1, 20 lits): UNSAT in 0.06s
    cube 1531.162 (depth 1, 20 lits): UNSAT in 0.10s
    cube 1531.163 (depth 1, 20 lits): UNSAT in 0.05s
    cube 1531.164 (depth 1, 20 lits): UNSAT in 0.28s
    cube 1531.165 (depth 1, 20 lits): UNSAT in 0.02s
    cube 1531.166 (depth 1, 20 lits): UNSAT in 0.09s
    cube 1531.167 (depth 1, 20 lits): UNSAT in 0.18s
    cube 1531.168 (depth 1, 20 lits): UNSAT in 0.48s
    cube 1531.169 (depth 1, 20 lits): UNSAT in 0.18s
    cube 1531.170 (depth 1, 20 lits): UNSAT in 0.63s
    cube 1531.171 (depth 1, 20 lits): UNSAT in 0.89s
    cube 1531.172 (depth 1, 20 lits): UNSAT in 2.30s
    cube 1531.173 (depth 1, 20 lits): UNSAT in 0.04s
    cube 1531.174 (depth 1, 20 lits): UNSAT in 0.12s
    cube 1531.175 (depth 1, 20 lits): UNSAT in 0.16s
    cube 1531.176 (depth 1, 20 lits): UNSAT in 0.21s
    cube 1531.177 (depth 1, 20 lits): UNSAT in 0.09s
    cube 1531.178 (depth 1, 20 lits): UNSAT in 0.18s
    cube 1531.179 (depth 1, 20 lits): UNSAT in 0.33s
    cube 1531.180 (depth 1, 20 lits): UNSAT in 0.99s
    cube 1531.181 (depth 1, 20 lits): UNSAT in 0.18s
    cube 1531.182 (depth 1, 20 lits): UNSAT in 0.53s
    cube 1531.183 (depth 1, 20 lits): UNSAT in 0.86s
    cube 1531.184 (depth 1, 20 lits): UNSAT in 2.43s
    cube 1531.185 (depth 1, 20 lits): UNSAT in 2.90s
    cube 1531.186 (depth 1, 20 lits): UNSAT in 6.01s
    cube 1531.187 (depth 1, 20 lits): UNSAT in 15.53s
    cube 1531.188 (depth 1, 20 lits): UNSAT in 55.89s
    cube 1531.189 (depth 1, 20 lits): UNSAT in 0.05s
    cube 1531.190 (depth 1, 20 lits): UNSAT in 0.06s
    cube 1531.191 (depth 1, 20 lits): UNSAT in 0.09s
    cube 1531.192 (depth 1, 20 lits): UNSAT in 0.17s
    cube 1531.193 (depth 1, 20 lits): UNSAT in 0.09s
    cube 1531.194 (depth 1, 20 lits): UNSAT in 0.18s
    cube 1531.195 (depth 1, 20 lits): UNSAT in 0.23s
    cube 1531.196 (depth 1, 20 lits): UNSAT in 0.31s
    cube 1531.197 (depth 1, 20 lits): UNSAT in 0.05s
    cube 1531.198 (depth 1, 20 lits): UNSAT in 0.16s
    cube 1531.199 (depth 1, 20 lits): UNSAT in 0.14s
    cube 1531.200 (depth 1, 20 lits): UNSAT in 0.15s
    cube 1531.201 (depth 1, 20 lits): UNSAT in 0.08s
    cube 1531.202 (depth 1, 20 lits): UNSAT in 0.19s
    cube 1531.203 (depth 1, 20 lits): UNSAT in 0.38s
    cube 1531.204 (depth 1, 20 lits): UNSAT in 0.91s
    cube 1531.205 (depth 1, 20 lits): UNSAT in 0.07s
    cube 1531.206 (depth 1, 20 lits): UNSAT in 0.12s
    cube 1531.207 (depth 1, 20 lits): UNSAT in 0.14s
    cube 1531.208 (depth 1, 20 lits): UNSAT in 0.67s
    cube 1531.209 (depth 1, 20 lits): UNSAT in 0.06s
    cube 1531.210 (depth 1, 20 lits): UNSAT in 0.42s
    cube 1531.211 (depth 1, 20 lits): UNSAT in 0.57s
    cube 1531.212 (depth 1, 20 lits): UNSAT in 1.66s
    cube 1531.213 (depth 1, 20 lits): UNSAT in 0.10s
    cube 1531.214 (depth 1, 20 lits): UNSAT in 0.44s
    cube 1531.215 (depth 1, 20 lits): UNSAT in 0.22s
    cube 1531.216 (depth 1, 20 lits): UNSAT in 1.84s
    cube 1531.217 (depth 1, 20 lits): UNSAT in 0.10s
    cube 1531.218 (depth 1, 20 lits): UNSAT in 0.24s
    cube 1531.219 (depth 1, 20 lits): UNSAT in 1.00s
    cube 1531.220 (depth 1, 20 lits): UNSAT in 5.14s
    cube 1531.221 (depth 1, 20 lits): UNSAT in 0.04s
    cube 1531.222 (depth 1, 20 lits): UNSAT in 0.10s
    cube 1531.223 (depth 1, 20 lits): UNSAT in 0.17s
    cube 1531.224 (depth 1, 20 lits): UNSAT in 0.18s
    cube 1531.225 (depth 1, 20 lits): UNSAT in 0.37s
    cube 1531.226 (depth 1, 20 lits): UNSAT in 0.74s
    cube 1531.227 (depth 1, 20 lits): UNSAT in 0.24s
    cube 1531.228 (depth 1, 20 lits): UNSAT in 0.84s
    cube 1531.229 (depth 1, 20 lits): UNSAT in 0.10s
    cube 1531.230 (depth 1, 20 lits): UNSAT in 0.42s
    cube 1531.231 (depth 1, 20 lits): UNSAT in 0.85s
    cube 1531.232 (depth 1, 20 lits): UNSAT in 2.23s
    cube 1531.233 (depth 1, 20 lits): UNSAT in 0.63s
    cube 1531.234 (depth 1, 20 lits): UNSAT in 2.91s
    cube 1531.235 (depth 1, 20 lits): UNSAT in 2.19s
    cube 1531.236 (depth 1, 20 lits): UNSAT in 11.18s
    cube 1531.237 (depth 1, 20 lits): UNSAT in 0.40s
    cube 1531.238 (depth 1, 20 lits): UNSAT in 0.77s
    cube 1531.239 (depth 1, 20 lits): UNSAT in 0.43s
    cube 1531.240 (depth 1, 20 lits): UNSAT in 1.25s
    cube 1531.241 (depth 1, 20 lits): UNSAT in 0.40s
    cube 1531.242 (depth 1, 20 lits): UNSAT in 0.52s
    cube 1531.243 (depth 1, 20 lits): UNSAT in 0.92s
    cube 1531.244 (depth 1, 20 lits): UNSAT in 15.64s
    cube 1531.245 (depth 1, 20 lits): UNSAT in 0.85s
    cube 1531.246 (depth 1, 20 lits): UNSAT in 4.21s
    cube 1531.247 (depth 1, 20 lits): UNSAT in 4.12s
    cube 1531.248 (depth 1, 20 lits): UNSAT in 40.65s
    cube 1531.249 (depth 1, 20 lits): UNSAT in 2.44s
    cube 1531.250 (depth 1, 20 lits): UNSAT in 65.77s
    cube 1531.251 (depth 1, 20 lits): UNSAT in 59.68s
    cube 1531.252 (depth 1, 20 lits): UNSAT in 997.06s

  shard 2 verdict: UNSAT (1 UNSAT, 0 unresolved) in 2591.4s
