  shard 4/24 (explicit): 1 of 4095 cubes, per-cube cap 1200.0s, re-split depth 7
    cube 3945 (depth 0, 12 lits): TIMEOUT in 1200.10s
    cube 3945 TIMEOUT -> re-split into 249 sub-cubes (depth 1)
    cube 3945.0 (depth 1, 19 lits): UNSAT in 0.02s
    cube 3945.1 (depth 1, 20 lits): UNSAT in 0.01s
    cube 3945.2 (depth 1, 20 lits): UNSAT in 0.03s
    cube 3945.3 (depth 1, 20 lits): UNSAT in 0.01s
    cube 3945.4 (depth 1, 20 lits): UNSAT in 0.02s
    cube 3945.5 (depth 1, 20 lits): UNSAT in 0.03s
    cube 3945.6 (depth 1, 20 lits): UNSAT in 0.07s
    cube 3945.7 (depth 1, 20 lits): UNSAT in 0.01s
    cube 3945.8 (depth 1, 20 lits): UNSAT in 0.03s
    cube 3945.9 (depth 1, 20 lits): UNSAT in 0.04s
    cube 3945.10 (depth 1, 20 lits): UNSAT in 0.08s
    cube 3945.11 (depth 1, 20 lits): UNSAT in 0.02s
    cube 3945.12 (depth 1, 20 lits): UNSAT in 0.02s
    cube 3945.13 (depth 1, 20 lits): UNSAT in 0.06s
    cube 3945.14 (depth 1, 20 lits): UNSAT in 0.45s
    cube 3945.15 (depth 1, 19 lits): UNSAT in 0.01s
    cube 3945.16 (depth 1, 20 lits): UNSAT in 0.02s
    cube 3945.17 (depth 1, 20 lits): UNSAT in 0.08s
    cube 3945.18 (depth 1, 20 lits): UNSAT in 0.05s
    cube 3945.19 (depth 1, 20 lits): UNSAT in 0.05s
    cube 3945.20 (depth 1, 20 lits): UNSAT in 0.05s
    cube 3945.21 (depth 1, 20 lits): UNSAT in 0.19s
    cube 3945.22 (depth 1, 20 lits): UNSAT in 0.04s
    cube 3945.23 (depth 1, 20 lits): UNSAT in 0.16s
    cube 3945.24 (depth 1, 20 lits): UNSAT in 0.11s
    cube 3945.25 (depth 1, 20 lits): UNSAT in 0.37s
    cube 3945.26 (depth 1, 20 lits): UNSAT in 0.07s
    cube 3945.27 (depth 1, 20 lits): UNSAT in 0.58s
    cube 3945.28 (depth 1, 20 lits): UNSAT in 0.45s
    cube 3945.29 (depth 1, 20 lits): UNSAT in 1.47s
    cube 3945.30 (depth 1, 20 lits): UNSAT in 0.02s
    cube 3945.31 (depth 1, 20 lits): UNSAT in 0.09s
    cube 3945.32 (depth 1, 20 lits): UNSAT in 0.04s
    cube 3945.33 (depth 1, 20 lits): UNSAT in 0.07s
    cube 3945.34 (depth 1, 20 lits): UNSAT in 0.02s
    cube 3945.35 (depth 1, 20 lits): UNSAT in 0.05s
    cube 3945.36 (depth 1, 20 lits): UNSAT in 0.06s
    cube 3945.37 (depth 1, 20 lits): UNSAT in 0.19s
    cube 3945.38 (depth 1, 20 lits): UNSAT in 0.06s
    cube 3945.39 (depth 1, 20 lits): UNSAT in 0.08s
    cube 3945.40 (depth 1, 20 lits): UNSAT in 0.04s
    cube 3945.41 (depth 1, 20 lits): UNSAT in 0.17s
    cube 3945.42 (depth 1, 20 lits): UNSAT in 0.06s
    cube 3945.43 (depth 1, 20 lits): UNSAT in 0.14s
    cube 3945.44 (depth 1, 20 lits): UNSAT in 0.29s
    cube 3945.45 (depth 1, 20 lits): UNSAT in 0.64s
    cube 3945.46 (depth 1, 20 lits): UNSAT in 0.01s
    cube 3945.47 (depth 1, 20 lits): UNSAT in 0.02s
    cube 3945.48 (depth 1, 20 lits): UNSAT in 0.03s
    cube 3945.49 (depth 1, 20 lits): UNSAT in 0.11s
    cube 3945.50 (depth 1, 20 lits): UNSAT in 0.05s
    cube 3945.51 (depth 1, 20 lits): UNSAT in 0.09s
    cube 3945.52 (depth 1, 20 lits): UNSAT in 0.18s
    cube 3945.53 (depth 1, 20 lits): UNSAT in 1.88s
    cube 3945.54 (depth 1, 20 lits): UNSAT in 0.02s
    cube 3945.55 (depth 1, 20 lits): UNSAT in 0.08s
    cube 3945.56 (depth 1, 20 lits): UNSAT in 0.09s
    cube 3945.57 (depth 1, 20 lits): UNSAT in 0.80s
    cube 3945.58 (depth 1, 20 lits): UNSAT in 0.24s
    cube 3945.59 (depth 1, 20 lits): UNSAT in 1.10s
    cube 3945.60 (depth 1, 20 lits): UNSAT in 3.66s
    cube 3945.61 (depth 1, 20 lits): UNSAT in 5.21s
    cube 3945.62 (depth 1, 19 lits): UNSAT in 0.01s
    cube 3945.63 (depth 1, 19 lits): UNSAT in 0.01s
    cube 3945.64 (depth 1, 19 lits): UNSAT in 0.01s
    cube 3945.65 (depth 1, 20 lits): UNSAT in 0.01s
    cube 3945.66 (depth 1, 20 lits): UNSAT in 0.02s
    cube 3945.67 (depth 1, 20 lits): UNSAT in 0.02s
    cube 3945.68 (depth 1, 20 lits): UNSAT in 0.05s
    cube 3945.69 (depth 1, 20 lits): UNSAT in 0.05s
    cube 3945.70 (depth 1, 20 lits): UNSAT in 0.02s
    cube 3945.71 (depth 1, 20 lits): UNSAT in 0.02s
    cube 3945.72 (depth 1, 20 lits): UNSAT in 0.04s
    cube 3945.73 (depth 1, 20 lits): UNSAT in 0.13s
    cube 3945.74 (depth 1, 20 lits): UNSAT in 0.39s
    cube 3945.75 (depth 1, 20 lits): UNSAT in 0.02s
    cube 3945.76 (depth 1, 20 lits): UNSAT in 0.02s
    cube 3945.77 (depth 1, 20 lits): UNSAT in 0.03s
    cube 3945.78 (depth 1, 20 lits): UNSAT in 0.04s
    cube 3945.79 (depth 1, 20 lits): UNSAT in 0.02s
    cube 3945.80 (depth 1, 20 lits): UNSAT in 0.05s
    cube 3945.81 (depth 1, 20 lits): UNSAT in 0.10s
    cube 3945.82 (depth 1, 20 lits): UNSAT in 0.11s
    cube 3945.83 (depth 1, 20 lits): UNSAT in 0.06s
    cube 3945.84 (depth 1, 20 lits): UNSAT in 0.22s
    cube 3945.85 (depth 1, 20 lits): UNSAT in 0.13s
    cube 3945.86 (depth 1, 20 lits): UNSAT in 1.12s
    cube 3945.87 (depth 1, 20 lits): UNSAT in 0.59s
    cube 3945.88 (depth 1, 20 lits): UNSAT in 2.14s
    cube 3945.89 (depth 1, 20 lits): UNSAT in 1.08s
    cube 3945.90 (depth 1, 20 lits): UNSAT in 8.71s
    cube 3945.91 (depth 1, 20 lits): UNSAT in 0.03s
    cube 3945.92 (depth 1, 20 lits): UNSAT in 0.05s
    cube 3945.93 (depth 1, 20 lits): UNSAT in 0.04s
    cube 3945.94 (depth 1, 20 lits): UNSAT in 0.13s
    cube 3945.95 (depth 1, 20 lits): UNSAT in 0.03s
    cube 3945.96 (depth 1, 20 lits): UNSAT in 0.02s
    cube 3945.97 (depth 1, 20 lits): UNSAT in 0.02s
    cube 3945.98 (depth 1, 20 lits): UNSAT in 0.12s
    cube 3945.99 (depth 1, 20 lits): UNSAT in 0.06s
    cube 3945.100 (depth 1, 20 lits): UNSAT in 0.20s
    cube 3945.101 (depth 1, 20 lits): UNSAT in 0.97s
    cube 3945.102 (depth 1, 20 lits): UNSAT in 1.54s
    cube 3945.103 (depth 1, 20 lits): UNSAT in 0.16s
    cube 3945.104 (depth 1, 20 lits): UNSAT in 0.46s
    cube 3945.105 (depth 1, 20 lits): UNSAT in 0.53s
    cube 3945.106 (depth 1, 20 lits): UNSAT in 0.92s
    cube 3945.107 (depth 1, 20 lits): UNSAT in 0.04s
    cube 3945.108 (depth 1, 20 lits): UNSAT in 0.14s
    cube 3945.109 (depth 1, 20 lits): UNSAT in 0.08s
    cube 3945.110 (depth 1, 20 lits): UNSAT in 0.30s
    cube 3945.111 (depth 1, 20 lits): UNSAT in 0.24s
    cube 3945.112 (depth 1, 20 lits): UNSAT in 0.50s
    cube 3945.113 (depth 1, 20 lits): UNSAT in 0.73s
    cube 3945.114 (depth 1, 20 lits): UNSAT in 6.97s
    cube 3945.115 (depth 1, 20 lits): UNSAT in 0.04s
    cube 3945.116 (depth 1, 20 lits): UNSAT in 0.15s
    cube 3945.117 (depth 1, 20 lits): UNSAT in 0.40s
    cube 3945.118 (depth 1, 20 lits): UNSAT in 7.14s
    cube 3945.119 (depth 1, 20 lits): UNSAT in 0.40s
    cube 3945.120 (depth 1, 20 lits): UNSAT in 8.02s
    cube 3945.121 (depth 1, 20 lits): UNSAT in 6.50s
    cube 3945.122 (depth 1, 20 lits): UNSAT in 150.11s
    cube 3945.123 (depth 1, 20 lits): UNSAT in 0.02s
    cube 3945.124 (depth 1, 20 lits): UNSAT in 0.03s
    cube 3945.125 (depth 1, 20 lits): UNSAT in 0.02s
    cube 3945.126 (depth 1, 20 lits): UNSAT in 0.03s
    cube 3945.127 (depth 1, 20 lits): UNSAT in 0.02s
    cube 3945.128 (depth 1, 20 lits): UNSAT in 0.08s
    cube 3945.129 (depth 1, 20 lits): UNSAT in 0.02s
    cube 3945.130 (depth 1, 20 lits): UNSAT in 0.04s
    cube 3945.131 (depth 1, 19 lits): UNSAT in 0.01s
    cube 3945.132 (depth 1, 20 lits): UNSAT in 0.01s
    cube 3945.133 (depth 1, 20 lits): UNSAT in 0.02s
    cube 3945.134 (depth 1, 20 lits): UNSAT in 0.01s
    cube 3945.135 (depth 1, 20 lits): UNSAT in 0.03s
    cube 3945.136 (depth 1, 20 lits): UNSAT in 0.11s
    cube 3945.137 (depth 1, 20 lits): UNSAT in 0.18s
    cube 3945.138 (depth 1, 20 lits): UNSAT in 0.02s
    cube 3945.139 (depth 1, 20 lits): UNSAT in 0.02s
    cube 3945.140 (depth 1, 20 lits): UNSAT in 0.01s
    cube 3945.141 (depth 1, 20 lits): UNSAT in 0.08s
    cube 3945.142 (depth 1, 20 lits): UNSAT in 0.02s
    cube 3945.143 (depth 1, 20 lits): UNSAT in 0.10s
    cube 3945.144 (depth 1, 20 lits): UNSAT in 0.05s
    cube 3945.145 (depth 1, 20 lits): UNSAT in 0.23s
    cube 3945.146 (depth 1, 20 lits): UNSAT in 0.01s
    cube 3945.147 (depth 1, 20 lits): UNSAT in 0.02s
    cube 3945.148 (depth 1, 20 lits): UNSAT in 0.03s
    cube 3945.149 (depth 1, 20 lits): UNSAT in 0.10s
    cube 3945.150 (depth 1, 20 lits): UNSAT in 0.05s
    cube 3945.151 (depth 1, 20 lits): UNSAT in 0.19s
    cube 3945.152 (depth 1, 20 lits): UNSAT in 0.08s
    cube 3945.153 (depth 1, 20 lits): UNSAT in 0.49s
    cube 3945.154 (depth 1, 20 lits): UNSAT in 0.01s
    cube 3945.155 (depth 1, 20 lits): UNSAT in 0.03s
    cube 3945.156 (depth 1, 20 lits): UNSAT in 0.05s
    cube 3945.157 (depth 1, 20 lits): UNSAT in 0.05s
    cube 3945.158 (depth 1, 20 lits): UNSAT in 0.02s
    cube 3945.159 (depth 1, 20 lits): UNSAT in 0.09s
    cube 3945.160 (depth 1, 20 lits): UNSAT in 0.06s
    cube 3945.161 (depth 1, 20 lits): UNSAT in 0.14s
    cube 3945.162 (depth 1, 20 lits): UNSAT in 0.02s
    cube 3945.163 (depth 1, 20 lits): UNSAT in 0.05s
    cube 3945.164 (depth 1, 20 lits): UNSAT in 0.04s
    cube 3945.165 (depth 1, 20 lits): UNSAT in 0.08s
    cube 3945.166 (depth 1, 19 lits): UNSAT in 0.02s
    cube 3945.167 (depth 1, 20 lits): UNSAT in 0.07s
    cube 3945.168 (depth 1, 20 lits): UNSAT in 0.17s
    cube 3945.169 (depth 1, 20 lits): UNSAT in 0.03s
    cube 3945.170 (depth 1, 20 lits): UNSAT in 0.03s
    cube 3945.171 (depth 1, 20 lits): UNSAT in 0.14s
    cube 3945.172 (depth 1, 20 lits): UNSAT in 0.16s
    cube 3945.173 (depth 1, 20 lits): UNSAT in 0.11s
    cube 3945.174 (depth 1, 20 lits): UNSAT in 0.13s
    cube 3945.175 (depth 1, 20 lits): UNSAT in 0.44s
    cube 3945.176 (depth 1, 20 lits): UNSAT in 2.26s
    cube 3945.177 (depth 1, 20 lits): UNSAT in 0.10s
    cube 3945.178 (depth 1, 20 lits): UNSAT in 0.12s
    cube 3945.179 (depth 1, 20 lits): UNSAT in 0.60s
    cube 3945.180 (depth 1, 20 lits): UNSAT in 0.53s
    cube 3945.181 (depth 1, 20 lits): UNSAT in 0.23s
    cube 3945.182 (depth 1, 20 lits): UNSAT in 1.47s
    cube 3945.183 (depth 1, 20 lits): UNSAT in 0.99s
    cube 3945.184 (depth 1, 20 lits): UNSAT in 13.91s
    cube 3945.185 (depth 1, 20 lits): UNSAT in 0.02s
    cube 3945.186 (depth 1, 20 lits): UNSAT in 0.02s
    cube 3945.187 (depth 1, 20 lits): UNSAT in 0.03s
    cube 3945.188 (depth 1, 20 lits): UNSAT in 0.06s
    cube 3945.189 (depth 1, 20 lits): UNSAT in 0.04s
    cube 3945.190 (depth 1, 20 lits): UNSAT in 0.19s
    cube 3945.191 (depth 1, 20 lits): UNSAT in 0.09s
    cube 3945.192 (depth 1, 20 lits): UNSAT in 0.38s
    cube 3945.193 (depth 1, 20 lits): UNSAT in 0.02s
    cube 3945.194 (depth 1, 20 lits): UNSAT in 0.11s
    cube 3945.195 (depth 1, 20 lits): UNSAT in 0.06s
    cube 3945.196 (depth 1, 20 lits): UNSAT in 0.26s
    cube 3945.197 (depth 1, 20 lits): UNSAT in 0.05s
    cube 3945.198 (depth 1, 20 lits): UNSAT in 0.14s
    cube 3945.199 (depth 1, 20 lits): UNSAT in 0.33s
    cube 3945.200 (depth 1, 20 lits): UNSAT in 1.53s
    cube 3945.201 (depth 1, 20 lits): UNSAT in 0.03s
    cube 3945.202 (depth 1, 20 lits): UNSAT in 0.09s
    cube 3945.203 (depth 1, 20 lits): UNSAT in 0.08s
    cube 3945.204 (depth 1, 20 lits): UNSAT in 0.37s
    cube 3945.205 (depth 1, 20 lits): UNSAT in 0.09s
    cube 3945.206 (depth 1, 20 lits): UNSAT in 0.56s
    cube 3945.207 (depth 1, 20 lits): UNSAT in 0.57s
    cube 3945.208 (depth 1, 20 lits): UNSAT in 3.56s
    cube 3945.209 (depth 1, 20 lits): UNSAT in 0.06s
    cube 3945.210 (depth 1, 20 lits): UNSAT in 0.13s
    cube 3945.211 (depth 1, 20 lits): UNSAT in 0.12s
    cube 3945.212 (depth 1, 20 lits): UNSAT in 0.60s
    cube 3945.213 (depth 1, 20 lits): UNSAT in 0.50s
    cube 3945.214 (depth 1, 20 lits): UNSAT in 2.12s
    cube 3945.215 (depth 1, 20 lits): UNSAT in 4.68s
    cube 3945.216 (depth 1, 20 lits): UNSAT in 21.56s
    cube 3945.217 (depth 1, 20 lits): UNSAT in 0.02s
    cube 3945.218 (depth 1, 20 lits): UNSAT in 0.05s
    cube 3945.219 (depth 1, 20 lits): UNSAT in 0.07s
    cube 3945.220 (depth 1, 20 lits): UNSAT in 0.13s
    cube 3945.221 (depth 1, 20 lits): UNSAT in 0.02s
    cube 3945.222 (depth 1, 20 lits): UNSAT in 0.10s
    cube 3945.223 (depth 1, 20 lits): UNSAT in 0.07s
    cube 3945.224 (depth 1, 20 lits): UNSAT in 0.55s
    cube 3945.225 (depth 1, 20 lits): UNSAT in 0.05s
    cube 3945.226 (depth 1, 20 lits): UNSAT in 0.16s
    cube 3945.227 (depth 1, 20 lits): UNSAT in 0.32s
    cube 3945.228 (depth 1, 20 lits): UNSAT in 1.04s
    cube 3945.229 (depth 1, 20 lits): UNSAT in 0.83s
    cube 3945.230 (depth 1, 20 lits): UNSAT in 3.08s
    cube 3945.231 (depth 1, 20 lits): UNSAT in 2.40s
    cube 3945.232 (depth 1, 20 lits): UNSAT in 13.41s
    cube 3945.233 (depth 1, 20 lits): UNSAT in 0.03s
    cube 3945.234 (depth 1, 20 lits): UNSAT in 0.11s
    cube 3945.235 (depth 1, 20 lits): UNSAT in 0.19s
    cube 3945.236 (depth 1, 20 lits): UNSAT in 0.99s
    cube 3945.237 (depth 1, 20 lits): UNSAT in 0.66s
    cube 3945.238 (depth 1, 20 lits): UNSAT in 1.95s
    cube 3945.239 (depth 1, 20 lits): UNSAT in 2.42s
    cube 3945.240 (depth 1, 20 lits): UNSAT in 58.90s
    cube 3945.241 (depth 1, 20 lits): UNSAT in 1.14s
    cube 3945.242 (depth 1, 20 lits): UNSAT in 6.16s
    cube 3945.243 (depth 1, 20 lits): UNSAT in 8.57s
    cube 3945.244 (depth 1, 20 lits): UNSAT in 153.56s
    cube 3945.245 (depth 1, 20 lits): UNSAT in 8.50s
    cube 3945.246 (depth 1, 20 lits): UNSAT in 129.59s
    cube 3945.247 (depth 1, 20 lits): UNSAT in 671.48s
    cube 3945.248 (depth 1, 20 lits): TIMEOUT in 1200.10s
    cube 3945.248 TIMEOUT -> re-split into 254 sub-cubes (depth 2)
    cube 3945.248.0 (depth 2, 28 lits): UNSAT in 0.01s
    cube 3945.248.1 (depth 2, 28 lits): UNSAT in 0.01s
    cube 3945.248.2 (depth 2, 28 lits): UNSAT in 0.01s
    cube 3945.248.3 (depth 2, 28 lits): UNSAT in 0.02s
    cube 3945.248.4 (depth 2, 28 lits): UNSAT in 0.02s
    cube 3945.248.5 (depth 2, 28 lits): UNSAT in 0.06s
    cube 3945.248.6 (depth 2, 28 lits): UNSAT in 0.04s
    cube 3945.248.7 (depth 2, 28 lits): UNSAT in 0.06s
    cube 3945.248.8 (depth 2, 28 lits): UNSAT in 0.01s
    cube 3945.248.9 (depth 2, 28 lits): UNSAT in 0.02s
    cube 3945.248.10 (depth 2, 28 lits): UNSAT in 0.04s
    cube 3945.248.11 (depth 2, 28 lits): UNSAT in 0.07s
    cube 3945.248.12 (depth 2, 28 lits): UNSAT in 0.03s
    cube 3945.248.13 (depth 2, 28 lits): UNSAT in 0.07s
    cube 3945.248.14 (depth 2, 28 lits): UNSAT in 0.07s
    cube 3945.248.15 (depth 2, 28 lits): UNSAT in 0.11s
    cube 3945.248.16 (depth 2, 28 lits): UNSAT in 0.02s
    cube 3945.248.17 (depth 2, 28 lits): UNSAT in 0.02s
    cube 3945.248.18 (depth 2, 28 lits): UNSAT in 0.04s
    cube 3945.248.19 (depth 2, 28 lits): UNSAT in 0.09s
    cube 3945.248.20 (depth 2, 28 lits): UNSAT in 0.01s
    cube 3945.248.21 (depth 2, 28 lits): UNSAT in 0.02s
    cube 3945.248.22 (depth 2, 28 lits): UNSAT in 0.10s
    cube 3945.248.23 (depth 2, 28 lits): UNSAT in 0.06s
    cube 3945.248.24 (depth 2, 28 lits): UNSAT in 0.02s
    cube 3945.248.25 (depth 2, 28 lits): UNSAT in 0.03s
    cube 3945.248.26 (depth 2, 28 lits): UNSAT in 0.03s
    cube 3945.248.27 (depth 2, 28 lits): UNSAT in 0.14s
    cube 3945.248.28 (depth 2, 28 lits): UNSAT in 0.03s
    cube 3945.248.29 (depth 2, 28 lits): UNSAT in 0.06s
    cube 3945.248.30 (depth 2, 28 lits): UNSAT in 0.15s
    cube 3945.248.31 (depth 2, 28 lits): UNSAT in 0.82s
    cube 3945.248.32 (depth 2, 27 lits): UNSAT in 0.02s
    cube 3945.248.33 (depth 2, 28 lits): UNSAT in 0.02s
    cube 3945.248.34 (depth 2, 28 lits): UNSAT in 0.02s
    cube 3945.248.35 (depth 2, 28 lits): UNSAT in 0.01s
    cube 3945.248.36 (depth 2, 28 lits): UNSAT in 0.06s
    cube 3945.248.37 (depth 2, 28 lits): UNSAT in 0.09s
    cube 3945.248.38 (depth 2, 28 lits): UNSAT in 0.27s
    cube 3945.248.39 (depth 2, 28 lits): UNSAT in 0.03s
    cube 3945.248.40 (depth 2, 28 lits): UNSAT in 0.04s
    cube 3945.248.41 (depth 2, 28 lits): UNSAT in 0.03s
    cube 3945.248.42 (depth 2, 28 lits): UNSAT in 0.46s
    cube 3945.248.43 (depth 2, 28 lits): UNSAT in 0.08s
    cube 3945.248.44 (depth 2, 28 lits): UNSAT in 0.06s
    cube 3945.248.45 (depth 2, 28 lits): UNSAT in 0.34s
    cube 3945.248.46 (depth 2, 28 lits): UNSAT in 1.99s
    cube 3945.248.47 (depth 2, 28 lits): UNSAT in 0.01s
    cube 3945.248.48 (depth 2, 28 lits): UNSAT in 0.01s
    cube 3945.248.49 (depth 2, 28 lits): UNSAT in 0.03s
    cube 3945.248.50 (depth 2, 28 lits): UNSAT in 0.11s
    cube 3945.248.51 (depth 2, 28 lits): UNSAT in 0.02s
    cube 3945.248.52 (depth 2, 28 lits): UNSAT in 0.04s
    cube 3945.248.53 (depth 2, 28 lits): UNSAT in 0.04s
    cube 3945.248.54 (depth 2, 28 lits): UNSAT in 0.57s
    cube 3945.248.55 (depth 2, 28 lits): UNSAT in 0.03s
    cube 3945.248.56 (depth 2, 28 lits): UNSAT in 0.05s
    cube 3945.248.57 (depth 2, 28 lits): UNSAT in 0.06s
    cube 3945.248.58 (depth 2, 28 lits): UNSAT in 0.57s
    cube 3945.248.59 (depth 2, 28 lits): UNSAT in 0.18s
    cube 3945.248.60 (depth 2, 28 lits): UNSAT in 0.67s
    cube 3945.248.61 (depth 2, 28 lits): UNSAT in 0.25s
    cube 3945.248.62 (depth 2, 28 lits): UNSAT in 1.25s
    cube 3945.248.63 (depth 2, 28 lits): UNSAT in 0.01s
    cube 3945.248.64 (depth 2, 28 lits): UNSAT in 0.02s
    cube 3945.248.65 (depth 2, 28 lits): UNSAT in 0.02s
    cube 3945.248.66 (depth 2, 28 lits): UNSAT in 0.04s
    cube 3945.248.67 (depth 2, 28 lits): UNSAT in 0.01s
    cube 3945.248.68 (depth 2, 28 lits): UNSAT in 0.02s
    cube 3945.248.69 (depth 2, 28 lits): UNSAT in 0.02s
    cube 3945.248.70 (depth 2, 28 lits): UNSAT in 0.06s
    cube 3945.248.71 (depth 2, 28 lits): UNSAT in 0.01s
    cube 3945.248.72 (depth 2, 28 lits): UNSAT in 0.02s
    cube 3945.248.73 (depth 2, 28 lits): UNSAT in 0.05s
    cube 3945.248.74 (depth 2, 28 lits): UNSAT in 0.43s
    cube 3945.248.75 (depth 2, 28 lits): UNSAT in 0.05s
    cube 3945.248.76 (depth 2, 28 lits): UNSAT in 0.20s
    cube 3945.248.77 (depth 2, 28 lits): UNSAT in 0.13s
    cube 3945.248.78 (depth 2, 28 lits): UNSAT in 0.70s
    cube 3945.248.79 (depth 2, 28 lits): UNSAT in 0.02s
    cube 3945.248.80 (depth 2, 28 lits): UNSAT in 0.04s
    cube 3945.248.81 (depth 2, 28 lits): UNSAT in 0.05s
    cube 3945.248.82 (depth 2, 28 lits): UNSAT in 0.33s
    cube 3945.248.83 (depth 2, 28 lits): UNSAT in 0.10s
    cube 3945.248.84 (depth 2, 28 lits): UNSAT in 0.27s
    cube 3945.248.85 (depth 2, 28 lits): UNSAT in 0.92s
    cube 3945.248.86 (depth 2, 28 lits): UNSAT in 1.72s
    cube 3945.248.87 (depth 2, 28 lits): UNSAT in 0.10s
    cube 3945.248.88 (depth 2, 28 lits): UNSAT in 0.20s
    cube 3945.248.89 (depth 2, 28 lits): UNSAT in 0.09s
    cube 3945.248.90 (depth 2, 28 lits): UNSAT in 0.41s
    cube 3945.248.91 (depth 2, 28 lits): UNSAT in 0.12s
    cube 3945.248.92 (depth 2, 28 lits): UNSAT in 0.32s
    cube 3945.248.93 (depth 2, 28 lits): UNSAT in 0.14s
    cube 3945.248.94 (depth 2, 28 lits): UNSAT in 3.37s
    cube 3945.248.95 (depth 2, 28 lits): UNSAT in 0.01s
    cube 3945.248.96 (depth 2, 28 lits): UNSAT in 0.03s
    cube 3945.248.97 (depth 2, 28 lits): UNSAT in 0.01s
    cube 3945.248.98 (depth 2, 28 lits): UNSAT in 0.04s
    cube 3945.248.99 (depth 2, 28 lits): UNSAT in 0.02s
    cube 3945.248.100 (depth 2, 28 lits): UNSAT in 0.02s
    cube 3945.248.101 (depth 2, 28 lits): UNSAT in 0.12s
    cube 3945.248.102 (depth 2, 28 lits): UNSAT in 0.18s
    cube 3945.248.103 (depth 2, 28 lits): UNSAT in 0.01s
    cube 3945.248.104 (depth 2, 28 lits): UNSAT in 0.07s
    cube 3945.248.105 (depth 2, 28 lits): UNSAT in 0.05s
    cube 3945.248.106 (depth 2, 28 lits): UNSAT in 0.21s
    cube 3945.248.107 (depth 2, 28 lits): UNSAT in 0.08s
    cube 3945.248.108 (depth 2, 28 lits): UNSAT in 0.13s
    cube 3945.248.109 (depth 2, 28 lits): UNSAT in 0.51s
    cube 3945.248.110 (depth 2, 28 lits): UNSAT in 0.86s
    cube 3945.248.111 (depth 2, 28 lits): UNSAT in 0.18s
    cube 3945.248.112 (depth 2, 28 lits): UNSAT in 0.31s
    cube 3945.248.113 (depth 2, 28 lits): UNSAT in 0.19s
    cube 3945.248.114 (depth 2, 28 lits): UNSAT in 1.31s
    cube 3945.248.115 (depth 2, 28 lits): UNSAT in 0.23s
    cube 3945.248.116 (depth 2, 28 lits): UNSAT in 0.45s
    cube 3945.248.117 (depth 2, 28 lits): UNSAT in 0.40s
    cube 3945.248.118 (depth 2, 28 lits): UNSAT in 2.57s
    cube 3945.248.119 (depth 2, 28 lits): UNSAT in 0.16s
    cube 3945.248.120 (depth 2, 28 lits): UNSAT in 0.90s
    cube 3945.248.121 (depth 2, 28 lits): UNSAT in 0.71s
    cube 3945.248.122 (depth 2, 28 lits): UNSAT in 2.75s
    cube 3945.248.123 (depth 2, 28 lits): UNSAT in 1.75s
    cube 3945.248.124 (depth 2, 28 lits): UNSAT in 13.85s
    cube 3945.248.125 (depth 2, 28 lits): UNSAT in 12.55s
    cube 3945.248.126 (depth 2, 28 lits): UNSAT in 105.84s
    cube 3945.248.127 (depth 2, 28 lits): UNSAT in 0.01s
    cube 3945.248.128 (depth 2, 28 lits): UNSAT in 0.03s
    cube 3945.248.129 (depth 2, 28 lits): UNSAT in 0.08s
    cube 3945.248.130 (depth 2, 28 lits): UNSAT in 0.18s
    cube 3945.248.131 (depth 2, 28 lits): UNSAT in 0.10s
    cube 3945.248.132 (depth 2, 28 lits): UNSAT in 0.24s
    cube 3945.248.133 (depth 2, 28 lits): UNSAT in 0.32s
    cube 3945.248.134 (depth 2, 28 lits): UNSAT in 0.77s
    cube 3945.248.135 (depth 2, 28 lits): UNSAT in 0.04s
    cube 3945.248.136 (depth 2, 28 lits): UNSAT in 0.08s
    cube 3945.248.137 (depth 2, 28 lits): UNSAT in 0.18s
    cube 3945.248.138 (depth 2, 28 lits): UNSAT in 0.65s
    cube 3945.248.139 (depth 2, 28 lits): UNSAT in 0.10s
    cube 3945.248.140 (depth 2, 28 lits): UNSAT in 0.71s
    cube 3945.248.141 (depth 2, 28 lits): UNSAT in 0.51s
    cube 3945.248.142 (depth 2, 28 lits): UNSAT in 4.39s
    cube 3945.248.143 (depth 2, 28 lits): UNSAT in 0.02s
    cube 3945.248.144 (depth 2, 28 lits): UNSAT in 0.08s
    cube 3945.248.145 (depth 2, 28 lits): UNSAT in 0.05s
    cube 3945.248.146 (depth 2, 28 lits): UNSAT in 0.11s
    cube 3945.248.147 (depth 2, 28 lits): UNSAT in 0.12s
    cube 3945.248.148 (depth 2, 28 lits): UNSAT in 0.33s
    cube 3945.248.149 (depth 2, 28 lits): UNSAT in 0.12s
    cube 3945.248.150 (depth 2, 28 lits): UNSAT in 1.88s
    cube 3945.248.151 (depth 2, 28 lits): UNSAT in 0.06s
    cube 3945.248.152 (depth 2, 28 lits): UNSAT in 0.28s
    cube 3945.248.153 (depth 2, 28 lits): UNSAT in 0.29s
    cube 3945.248.154 (depth 2, 28 lits): UNSAT in 2.91s
    cube 3945.248.155 (depth 2, 28 lits): UNSAT in 0.10s
    cube 3945.248.156 (depth 2, 28 lits): UNSAT in 1.54s
    cube 3945.248.157 (depth 2, 28 lits): UNSAT in 5.80s
    cube 3945.248.158 (depth 2, 28 lits): UNSAT in 44.15s
    cube 3945.248.159 (depth 2, 28 lits): UNSAT in 0.03s
    cube 3945.248.160 (depth 2, 28 lits): UNSAT in 0.04s
    cube 3945.248.161 (depth 2, 28 lits): UNSAT in 0.02s
    cube 3945.248.162 (depth 2, 28 lits): UNSAT in 0.15s
    cube 3945.248.163 (depth 2, 28 lits): UNSAT in 0.02s
    cube 3945.248.164 (depth 2, 28 lits): UNSAT in 0.02s
    cube 3945.248.165 (depth 2, 28 lits): UNSAT in 0.06s
    cube 3945.248.166 (depth 2, 28 lits): UNSAT in 0.49s
    cube 3945.248.167 (depth 2, 28 lits): UNSAT in 0.04s
    cube 3945.248.168 (depth 2, 28 lits): UNSAT in 0.17s
    cube 3945.248.169 (depth 2, 28 lits): UNSAT in 0.25s
    cube 3945.248.170 (depth 2, 28 lits): UNSAT in 0.69s
    cube 3945.248.171 (depth 2, 28 lits): UNSAT in 0.22s
    cube 3945.248.172 (depth 2, 28 lits): UNSAT in 0.75s
    cube 3945.248.173 (depth 2, 28 lits): UNSAT in 1.79s
    cube 3945.248.174 (depth 2, 28 lits): UNSAT in 11.82s
    cube 3945.248.175 (depth 2, 28 lits): UNSAT in 0.17s
    cube 3945.248.176 (depth 2, 28 lits): UNSAT in 0.78s
    cube 3945.248.177 (depth 2, 28 lits): UNSAT in 0.89s
    cube 3945.248.178 (depth 2, 28 lits): UNSAT in 2.05s
    cube 3945.248.179 (depth 2, 28 lits): UNSAT in 0.16s
    cube 3945.248.180 (depth 2, 28 lits): UNSAT in 1.20s
    cube 3945.248.181 (depth 2, 28 lits): UNSAT in 1.41s
    cube 3945.248.182 (depth 2, 28 lits): UNSAT in 7.99s
    cube 3945.248.183 (depth 2, 28 lits): UNSAT in 0.04s
    cube 3945.248.184 (depth 2, 28 lits): UNSAT in 0.62s
    cube 3945.248.185 (depth 2, 28 lits): UNSAT in 0.40s
    cube 3945.248.186 (depth 2, 28 lits): UNSAT in 4.36s
    cube 3945.248.187 (depth 2, 28 lits): UNSAT in 1.92s
    cube 3945.248.188 (depth 2, 28 lits): UNSAT in 11.27s
    cube 3945.248.189 (depth 2, 28 lits): UNSAT in 7.73s
    cube 3945.248.190 (depth 2, 28 lits): UNSAT in 402.15s
    cube 3945.248.191 (depth 2, 28 lits): UNSAT in 0.01s
    cube 3945.248.192 (depth 2, 28 lits): UNSAT in 0.03s
    cube 3945.248.193 (depth 2, 28 lits): UNSAT in 0.02s
    cube 3945.248.194 (depth 2, 28 lits): UNSAT in 0.04s
    cube 3945.248.195 (depth 2, 28 lits): UNSAT in 0.02s
    cube 3945.248.196 (depth 2, 28 lits): UNSAT in 0.02s
    cube 3945.248.197 (depth 2, 28 lits): UNSAT in 0.11s
    cube 3945.248.198 (depth 2, 28 lits): UNSAT in 0.08s
    cube 3945.248.199 (depth 2, 27 lits): UNSAT in 0.02s
    cube 3945.248.200 (depth 2, 28 lits): UNSAT in 0.01s
    cube 3945.248.201 (depth 2, 28 lits): UNSAT in 0.02s
    cube 3945.248.202 (depth 2, 28 lits): UNSAT in 0.03s
    cube 3945.248.203 (depth 2, 28 lits): UNSAT in 0.04s
    cube 3945.248.204 (depth 2, 28 lits): UNSAT in 0.07s
    cube 3945.248.205 (depth 2, 28 lits): UNSAT in 0.47s
    cube 3945.248.206 (depth 2, 28 lits): UNSAT in 0.03s
    cube 3945.248.207 (depth 2, 28 lits): UNSAT in 0.01s
    cube 3945.248.208 (depth 2, 28 lits): UNSAT in 0.06s
    cube 3945.248.209 (depth 2, 28 lits): UNSAT in 0.16s
    cube 3945.248.210 (depth 2, 28 lits): UNSAT in 0.07s
    cube 3945.248.211 (depth 2, 28 lits): UNSAT in 0.03s
    cube 3945.248.212 (depth 2, 28 lits): UNSAT in 0.09s
    cube 3945.248.213 (depth 2, 28 lits): UNSAT in 0.44s
    cube 3945.248.214 (depth 2, 28 lits): UNSAT in 0.06s
    cube 3945.248.215 (depth 2, 28 lits): UNSAT in 0.24s
    cube 3945.248.216 (depth 2, 28 lits): UNSAT in 0.15s
    cube 3945.248.217 (depth 2, 28 lits): UNSAT in 0.95s
    cube 3945.248.218 (depth 2, 28 lits): UNSAT in 0.59s
    cube 3945.248.219 (depth 2, 28 lits): UNSAT in 0.89s
    cube 3945.248.220 (depth 2, 28 lits): UNSAT in 1.86s
    cube 3945.248.221 (depth 2, 28 lits): UNSAT in 20.78s
    cube 3945.248.222 (depth 2, 28 lits): UNSAT in 0.06s
    cube 3945.248.223 (depth 2, 28 lits): UNSAT in 0.15s
    cube 3945.248.224 (depth 2, 28 lits): UNSAT in 0.37s
    cube 3945.248.225 (depth 2, 28 lits): UNSAT in 0.64s
    cube 3945.248.226 (depth 2, 28 lits): UNSAT in 0.23s
    cube 3945.248.227 (depth 2, 28 lits): UNSAT in 0.38s
    cube 3945.248.228 (depth 2, 28 lits): UNSAT in 0.33s
    cube 3945.248.229 (depth 2, 28 lits): UNSAT in 2.27s
    cube 3945.248.230 (depth 2, 28 lits): UNSAT in 0.07s
    cube 3945.248.231 (depth 2, 28 lits): UNSAT in 0.22s
    cube 3945.248.232 (depth 2, 28 lits): UNSAT in 0.24s
    cube 3945.248.233 (depth 2, 28 lits): UNSAT in 0.89s
    cube 3945.248.234 (depth 2, 28 lits): UNSAT in 0.33s
    cube 3945.248.235 (depth 2, 28 lits): UNSAT in 1.39s
    cube 3945.248.236 (depth 2, 28 lits): UNSAT in 0.92s
    cube 3945.248.237 (depth 2, 28 lits): UNSAT in 12.61s
    cube 3945.248.238 (depth 2, 28 lits): UNSAT in 0.04s
    cube 3945.248.239 (depth 2, 28 lits): UNSAT in 0.25s
    cube 3945.248.240 (depth 2, 28 lits): UNSAT in 0.23s
    cube 3945.248.241 (depth 2, 28 lits): UNSAT in 1.37s
    cube 3945.248.242 (depth 2, 28 lits): UNSAT in 0.45s
    cube 3945.248.243 (depth 2, 28 lits): UNSAT in 1.21s
    cube 3945.248.244 (depth 2, 28 lits): UNSAT in 3.75s
    cube 3945.248.245 (depth 2, 28 lits): UNSAT in 3.35s
    cube 3945.248.246 (depth 2, 28 lits): UNSAT in 0.16s
    cube 3945.248.247 (depth 2, 28 lits): UNSAT in 0.65s
    cube 3945.248.248 (depth 2, 28 lits): UNSAT in 0.65s
    cube 3945.248.249 (depth 2, 28 lits): UNSAT in 10.04s
    cube 3945.248.250 (depth 2, 28 lits): UNSAT in 1.77s
    cube 3945.248.251 (depth 2, 28 lits): UNSAT in 13.46s
    cube 3945.248.252 (depth 2, 28 lits): UNSAT in 11.57s
    cube 3945.248.253 (depth 2, 28 lits): UNSAT in 113.53s

  shard 4 verdict: UNSAT (1 UNSAT, 0 unresolved) in 4662.8s
