  shard 3/24 (explicit): 1 of 4095 cubes, per-cube cap 1200.0s, re-split depth 7
    cube 3944 (depth 0, 12 lits): TIMEOUT in 1200.07s
    cube 3944 TIMEOUT -> re-split into 251 sub-cubes (depth 1)
    cube 3944.0 (depth 1, 20 lits): UNSAT in 0.01s
    cube 3944.1 (depth 1, 20 lits): UNSAT in 0.01s
    cube 3944.2 (depth 1, 19 lits): UNSAT in 0.01s
    cube 3944.3 (depth 1, 19 lits): UNSAT in 0.01s
    cube 3944.4 (depth 1, 20 lits): UNSAT in 0.01s
    cube 3944.5 (depth 1, 20 lits): UNSAT in 0.01s
    cube 3944.6 (depth 1, 20 lits): UNSAT in 0.01s
    cube 3944.7 (depth 1, 20 lits): UNSAT in 0.01s
    cube 3944.8 (depth 1, 20 lits): UNSAT in 0.01s
    cube 3944.9 (depth 1, 20 lits): UNSAT in 0.02s
    cube 3944.10 (depth 1, 20 lits): UNSAT in 0.02s
    cube 3944.11 (depth 1, 20 lits): UNSAT in 0.03s
    cube 3944.12 (depth 1, 20 lits): UNSAT in 0.02s
    cube 3944.13 (depth 1, 20 lits): UNSAT in 0.04s
    cube 3944.14 (depth 1, 20 lits): UNSAT in 0.02s
    cube 3944.15 (depth 1, 20 lits): UNSAT in 0.02s
    cube 3944.16 (depth 1, 20 lits): UNSAT in 0.02s
    cube 3944.17 (depth 1, 20 lits): UNSAT in 0.03s
    cube 3944.18 (depth 1, 20 lits): UNSAT in 0.03s
    cube 3944.19 (depth 1, 20 lits): UNSAT in 0.03s
    cube 3944.20 (depth 1, 20 lits): UNSAT in 0.06s
    cube 3944.21 (depth 1, 20 lits): UNSAT in 0.23s
    cube 3944.22 (depth 1, 20 lits): UNSAT in 0.01s
    cube 3944.23 (depth 1, 20 lits): UNSAT in 0.02s
    cube 3944.24 (depth 1, 20 lits): UNSAT in 0.02s
    cube 3944.25 (depth 1, 20 lits): UNSAT in 0.05s
    cube 3944.26 (depth 1, 20 lits): UNSAT in 0.05s
    cube 3944.27 (depth 1, 20 lits): UNSAT in 0.40s
    cube 3944.28 (depth 1, 20 lits): UNSAT in 0.12s
    cube 3944.29 (depth 1, 20 lits): UNSAT in 0.85s
    cube 3944.30 (depth 1, 20 lits): UNSAT in 0.01s
    cube 3944.31 (depth 1, 20 lits): UNSAT in 0.02s
    cube 3944.32 (depth 1, 20 lits): UNSAT in 0.01s
    cube 3944.33 (depth 1, 20 lits): UNSAT in 0.03s
    cube 3944.34 (depth 1, 20 lits): UNSAT in 0.01s
    cube 3944.35 (depth 1, 20 lits): UNSAT in 0.02s
    cube 3944.36 (depth 1, 20 lits): UNSAT in 0.02s
    cube 3944.37 (depth 1, 20 lits): UNSAT in 0.03s
    cube 3944.38 (depth 1, 20 lits): UNSAT in 0.02s
    cube 3944.39 (depth 1, 20 lits): UNSAT in 0.02s
    cube 3944.40 (depth 1, 20 lits): UNSAT in 0.03s
    cube 3944.41 (depth 1, 20 lits): UNSAT in 0.02s
    cube 3944.42 (depth 1, 20 lits): UNSAT in 0.03s
    cube 3944.43 (depth 1, 20 lits): UNSAT in 0.14s
    cube 3944.44 (depth 1, 20 lits): UNSAT in 0.13s
    cube 3944.45 (depth 1, 20 lits): UNSAT in 0.31s
    cube 3944.46 (depth 1, 20 lits): UNSAT in 0.02s
    cube 3944.47 (depth 1, 20 lits): UNSAT in 0.02s
    cube 3944.48 (depth 1, 20 lits): UNSAT in 0.03s
    cube 3944.49 (depth 1, 20 lits): UNSAT in 0.04s
    cube 3944.50 (depth 1, 20 lits): UNSAT in 0.03s
    cube 3944.51 (depth 1, 20 lits): UNSAT in 0.13s
    cube 3944.52 (depth 1, 20 lits): UNSAT in 0.09s
    cube 3944.53 (depth 1, 20 lits): UNSAT in 0.22s
    cube 3944.54 (depth 1, 20 lits): UNSAT in 0.06s
    cube 3944.55 (depth 1, 20 lits): UNSAT in 0.09s
    cube 3944.56 (depth 1, 20 lits): UNSAT in 0.12s
    cube 3944.57 (depth 1, 20 lits): UNSAT in 0.47s
    cube 3944.58 (depth 1, 20 lits): UNSAT in 0.07s
    cube 3944.59 (depth 1, 20 lits): UNSAT in 0.80s
    cube 3944.60 (depth 1, 20 lits): UNSAT in 0.55s
    cube 3944.61 (depth 1, 20 lits): UNSAT in 2.29s
    cube 3944.62 (depth 1, 19 lits): UNSAT in 0.01s
    cube 3944.63 (depth 1, 20 lits): UNSAT in 0.02s
    cube 3944.64 (depth 1, 20 lits): UNSAT in 0.02s
    cube 3944.65 (depth 1, 20 lits): UNSAT in 0.01s
    cube 3944.66 (depth 1, 20 lits): UNSAT in 0.02s
    cube 3944.67 (depth 1, 20 lits): UNSAT in 0.02s
    cube 3944.68 (depth 1, 20 lits): UNSAT in 0.03s
    cube 3944.69 (depth 1, 20 lits): UNSAT in 0.01s
    cube 3944.70 (depth 1, 20 lits): UNSAT in 0.02s
    cube 3944.71 (depth 1, 20 lits): UNSAT in 0.02s
    cube 3944.72 (depth 1, 20 lits): UNSAT in 0.03s
    cube 3944.73 (depth 1, 20 lits): UNSAT in 0.03s
    cube 3944.74 (depth 1, 20 lits): UNSAT in 0.04s
    cube 3944.75 (depth 1, 20 lits): UNSAT in 0.02s
    cube 3944.76 (depth 1, 20 lits): UNSAT in 0.15s
    cube 3944.77 (depth 1, 20 lits): UNSAT in 0.02s
    cube 3944.78 (depth 1, 20 lits): UNSAT in 0.02s
    cube 3944.79 (depth 1, 20 lits): UNSAT in 0.03s
    cube 3944.80 (depth 1, 20 lits): UNSAT in 0.04s
    cube 3944.81 (depth 1, 20 lits): UNSAT in 0.02s
    cube 3944.82 (depth 1, 20 lits): UNSAT in 0.05s
    cube 3944.83 (depth 1, 20 lits): UNSAT in 0.06s
    cube 3944.84 (depth 1, 20 lits): UNSAT in 0.07s
    cube 3944.85 (depth 1, 20 lits): UNSAT in 0.06s
    cube 3944.86 (depth 1, 20 lits): UNSAT in 0.03s
    cube 3944.87 (depth 1, 20 lits): UNSAT in 0.06s
    cube 3944.88 (depth 1, 20 lits): UNSAT in 0.13s
    cube 3944.89 (depth 1, 20 lits): UNSAT in 0.15s
    cube 3944.90 (depth 1, 20 lits): UNSAT in 0.32s
    cube 3944.91 (depth 1, 20 lits): UNSAT in 0.47s
    cube 3944.92 (depth 1, 20 lits): UNSAT in 2.37s
    cube 3944.93 (depth 1, 20 lits): UNSAT in 0.01s
    cube 3944.94 (depth 1, 20 lits): UNSAT in 0.03s
    cube 3944.95 (depth 1, 20 lits): UNSAT in 0.09s
    cube 3944.96 (depth 1, 20 lits): UNSAT in 0.07s
    cube 3944.97 (depth 1, 20 lits): UNSAT in 0.02s
    cube 3944.98 (depth 1, 20 lits): UNSAT in 0.12s
    cube 3944.99 (depth 1, 20 lits): UNSAT in 0.05s
    cube 3944.100 (depth 1, 20 lits): UNSAT in 0.40s
    cube 3944.101 (depth 1, 20 lits): UNSAT in 0.02s
    cube 3944.102 (depth 1, 20 lits): UNSAT in 0.11s
    cube 3944.103 (depth 1, 20 lits): UNSAT in 0.05s
    cube 3944.104 (depth 1, 20 lits): UNSAT in 0.21s
    cube 3944.105 (depth 1, 20 lits): UNSAT in 0.04s
    cube 3944.106 (depth 1, 20 lits): UNSAT in 0.31s
    cube 3944.107 (depth 1, 20 lits): UNSAT in 0.06s
    cube 3944.108 (depth 1, 20 lits): UNSAT in 1.72s
    cube 3944.109 (depth 1, 20 lits): UNSAT in 0.07s
    cube 3944.110 (depth 1, 20 lits): UNSAT in 0.11s
    cube 3944.111 (depth 1, 20 lits): UNSAT in 0.29s
    cube 3944.112 (depth 1, 20 lits): UNSAT in 0.32s
    cube 3944.113 (depth 1, 20 lits): UNSAT in 0.04s
    cube 3944.114 (depth 1, 20 lits): UNSAT in 0.08s
    cube 3944.115 (depth 1, 20 lits): UNSAT in 0.67s
    cube 3944.116 (depth 1, 20 lits): UNSAT in 3.67s
    cube 3944.117 (depth 1, 20 lits): UNSAT in 0.10s
    cube 3944.118 (depth 1, 20 lits): UNSAT in 0.08s
    cube 3944.119 (depth 1, 20 lits): UNSAT in 1.13s
    cube 3944.120 (depth 1, 20 lits): UNSAT in 3.94s
    cube 3944.121 (depth 1, 20 lits): UNSAT in 1.08s
    cube 3944.122 (depth 1, 20 lits): UNSAT in 4.75s
    cube 3944.123 (depth 1, 20 lits): UNSAT in 2.94s
    cube 3944.124 (depth 1, 20 lits): UNSAT in 24.44s
    cube 3944.125 (depth 1, 20 lits): UNSAT in 0.02s
    cube 3944.126 (depth 1, 20 lits): UNSAT in 0.02s
    cube 3944.127 (depth 1, 20 lits): UNSAT in 0.01s
    cube 3944.128 (depth 1, 20 lits): UNSAT in 0.03s
    cube 3944.129 (depth 1, 19 lits): UNSAT in 0.01s
    cube 3944.130 (depth 1, 20 lits): UNSAT in 0.04s
    cube 3944.131 (depth 1, 20 lits): UNSAT in 0.02s
    cube 3944.132 (depth 1, 19 lits): UNSAT in 0.01s
    cube 3944.133 (depth 1, 20 lits): UNSAT in 0.01s
    cube 3944.134 (depth 1, 20 lits): UNSAT in 0.01s
    cube 3944.135 (depth 1, 20 lits): UNSAT in 0.01s
    cube 3944.136 (depth 1, 20 lits): UNSAT in 0.02s
    cube 3944.137 (depth 1, 20 lits): UNSAT in 0.02s
    cube 3944.138 (depth 1, 20 lits): UNSAT in 0.03s
    cube 3944.139 (depth 1, 20 lits): UNSAT in 0.01s
    cube 3944.140 (depth 1, 20 lits): UNSAT in 0.02s
    cube 3944.141 (depth 1, 20 lits): UNSAT in 0.03s
    cube 3944.142 (depth 1, 20 lits): UNSAT in 0.04s
    cube 3944.143 (depth 1, 20 lits): UNSAT in 0.01s
    cube 3944.144 (depth 1, 20 lits): UNSAT in 0.06s
    cube 3944.145 (depth 1, 20 lits): UNSAT in 0.04s
    cube 3944.146 (depth 1, 20 lits): UNSAT in 0.09s
    cube 3944.147 (depth 1, 20 lits): UNSAT in 0.02s
    cube 3944.148 (depth 1, 20 lits): UNSAT in 0.04s
    cube 3944.149 (depth 1, 20 lits): UNSAT in 0.03s
    cube 3944.150 (depth 1, 20 lits): UNSAT in 0.10s
    cube 3944.151 (depth 1, 20 lits): UNSAT in 0.14s
    cube 3944.152 (depth 1, 20 lits): UNSAT in 0.14s
    cube 3944.153 (depth 1, 20 lits): UNSAT in 0.32s
    cube 3944.154 (depth 1, 20 lits): UNSAT in 0.74s
    cube 3944.155 (depth 1, 20 lits): UNSAT in 0.01s
    cube 3944.156 (depth 1, 20 lits): UNSAT in 0.12s
    cube 3944.157 (depth 1, 20 lits): UNSAT in 0.03s
    cube 3944.158 (depth 1, 20 lits): UNSAT in 0.10s
    cube 3944.159 (depth 1, 20 lits): UNSAT in 0.04s
    cube 3944.160 (depth 1, 20 lits): UNSAT in 0.05s
    cube 3944.161 (depth 1, 20 lits): UNSAT in 0.07s
    cube 3944.162 (depth 1, 20 lits): UNSAT in 0.23s
    cube 3944.163 (depth 1, 20 lits): UNSAT in 0.03s
    cube 3944.164 (depth 1, 20 lits): UNSAT in 0.04s
    cube 3944.165 (depth 1, 20 lits): UNSAT in 0.04s
    cube 3944.166 (depth 1, 20 lits): UNSAT in 0.43s
    cube 3944.167 (depth 1, 20 lits): UNSAT in 0.06s
    cube 3944.168 (depth 1, 20 lits): UNSAT in 0.07s
    cube 3944.169 (depth 1, 20 lits): UNSAT in 0.34s
    cube 3944.170 (depth 1, 20 lits): UNSAT in 0.47s
    cube 3944.171 (depth 1, 20 lits): UNSAT in 0.02s
    cube 3944.172 (depth 1, 20 lits): UNSAT in 0.04s
    cube 3944.173 (depth 1, 20 lits): UNSAT in 0.04s
    cube 3944.174 (depth 1, 20 lits): UNSAT in 0.12s
    cube 3944.175 (depth 1, 20 lits): UNSAT in 0.12s
    cube 3944.176 (depth 1, 20 lits): UNSAT in 0.83s
    cube 3944.177 (depth 1, 20 lits): UNSAT in 0.37s
    cube 3944.178 (depth 1, 20 lits): UNSAT in 0.60s
    cube 3944.179 (depth 1, 20 lits): UNSAT in 0.17s
    cube 3944.180 (depth 1, 20 lits): UNSAT in 0.38s
    cube 3944.181 (depth 1, 20 lits): UNSAT in 0.15s
    cube 3944.182 (depth 1, 20 lits): UNSAT in 1.21s
    cube 3944.183 (depth 1, 20 lits): UNSAT in 0.20s
    cube 3944.184 (depth 1, 20 lits): UNSAT in 1.25s
    cube 3944.185 (depth 1, 20 lits): UNSAT in 0.99s
    cube 3944.186 (depth 1, 20 lits): UNSAT in 8.02s
    cube 3944.187 (depth 1, 20 lits): UNSAT in 0.01s
    cube 3944.188 (depth 1, 20 lits): UNSAT in 0.02s
    cube 3944.189 (depth 1, 20 lits): UNSAT in 0.02s
    cube 3944.190 (depth 1, 20 lits): UNSAT in 0.03s
    cube 3944.191 (depth 1, 20 lits): UNSAT in 0.02s
    cube 3944.192 (depth 1, 20 lits): UNSAT in 0.03s
    cube 3944.193 (depth 1, 20 lits): UNSAT in 0.05s
    cube 3944.194 (depth 1, 20 lits): UNSAT in 0.12s
    cube 3944.195 (depth 1, 20 lits): UNSAT in 0.02s
    cube 3944.196 (depth 1, 20 lits): UNSAT in 0.05s
    cube 3944.197 (depth 1, 20 lits): UNSAT in 0.18s
    cube 3944.198 (depth 1, 20 lits): UNSAT in 0.15s
    cube 3944.199 (depth 1, 20 lits): UNSAT in 0.05s
    cube 3944.200 (depth 1, 20 lits): UNSAT in 0.25s
    cube 3944.201 (depth 1, 20 lits): UNSAT in 0.70s
    cube 3944.202 (depth 1, 20 lits): UNSAT in 2.65s
    cube 3944.203 (depth 1, 20 lits): UNSAT in 0.02s
    cube 3944.204 (depth 1, 20 lits): UNSAT in 0.09s
    cube 3944.205 (depth 1, 20 lits): UNSAT in 0.18s
    cube 3944.206 (depth 1, 20 lits): UNSAT in 0.27s
    cube 3944.207 (depth 1, 20 lits): UNSAT in 0.20s
    cube 3944.208 (depth 1, 20 lits): UNSAT in 0.50s
    cube 3944.209 (depth 1, 20 lits): UNSAT in 0.39s
    cube 3944.210 (depth 1, 20 lits): UNSAT in 1.24s
    cube 3944.211 (depth 1, 20 lits): UNSAT in 0.03s
    cube 3944.212 (depth 1, 20 lits): UNSAT in 0.16s
    cube 3944.213 (depth 1, 20 lits): UNSAT in 0.18s
    cube 3944.214 (depth 1, 20 lits): UNSAT in 0.47s
    cube 3944.215 (depth 1, 20 lits): UNSAT in 0.14s
    cube 3944.216 (depth 1, 20 lits): UNSAT in 4.89s
    cube 3944.217 (depth 1, 20 lits): UNSAT in 3.77s
    cube 3944.218 (depth 1, 20 lits): UNSAT in 29.04s
    cube 3944.219 (depth 1, 20 lits): UNSAT in 0.10s
    cube 3944.220 (depth 1, 20 lits): UNSAT in 0.18s
    cube 3944.221 (depth 1, 20 lits): UNSAT in 0.14s
    cube 3944.222 (depth 1, 20 lits): UNSAT in 0.15s
    cube 3944.223 (depth 1, 20 lits): UNSAT in 0.31s
    cube 3944.224 (depth 1, 20 lits): UNSAT in 0.25s
    cube 3944.225 (depth 1, 20 lits): UNSAT in 0.36s
    cube 3944.226 (depth 1, 20 lits): UNSAT in 3.17s
    cube 3944.227 (depth 1, 20 lits): UNSAT in 0.26s
    cube 3944.228 (depth 1, 20 lits): UNSAT in 0.65s
    cube 3944.229 (depth 1, 20 lits): UNSAT in 0.76s
    cube 3944.230 (depth 1, 20 lits): UNSAT in 4.48s
    cube 3944.231 (depth 1, 20 lits): UNSAT in 0.58s
    cube 3944.232 (depth 1, 20 lits): UNSAT in 0.52s
    cube 3944.233 (depth 1, 20 lits): UNSAT in 2.33s
    cube 3944.234 (depth 1, 20 lits): UNSAT in 28.34s
    cube 3944.235 (depth 1, 20 lits): UNSAT in 0.20s
    cube 3944.236 (depth 1, 20 lits): UNSAT in 1.03s
    cube 3944.237 (depth 1, 20 lits): UNSAT in 2.41s
    cube 3944.238 (depth 1, 20 lits): UNSAT in 14.27s
    cube 3944.239 (depth 1, 20 lits): UNSAT in 3.23s
    cube 3944.240 (depth 1, 20 lits): UNSAT in 11.13s
    cube 3944.241 (depth 1, 20 lits): UNSAT in 7.32s
    cube 3944.242 (depth 1, 20 lits): UNSAT in 244.57s
    cube 3944.243 (depth 1, 20 lits): UNSAT in 0.27s
    cube 3944.244 (depth 1, 20 lits): UNSAT in 1.50s
    cube 3944.245 (depth 1, 20 lits): UNSAT in 2.31s
    cube 3944.246 (depth 1, 20 lits): UNSAT in 80.50s
    cube 3944.247 (depth 1, 20 lits): UNSAT in 40.07s
    cube 3944.248 (depth 1, 20 lits): UNSAT in 590.19s
    cube 3944.249 (depth 1, 20 lits): UNSAT in 938.41s
    cube 3944.250 (depth 1, 20 lits): TIMEOUT in 1200.10s
    cube 3944.250 TIMEOUT -> re-split into 255 sub-cubes (depth 2)
    cube 3944.250.0 (depth 2, 28 lits): UNSAT in 0.02s
    cube 3944.250.1 (depth 2, 28 lits): UNSAT in 0.01s
    cube 3944.250.2 (depth 2, 28 lits): UNSAT in 0.02s
    cube 3944.250.3 (depth 2, 28 lits): UNSAT in 0.03s
    cube 3944.250.4 (depth 2, 28 lits): UNSAT in 0.01s
    cube 3944.250.5 (depth 2, 28 lits): UNSAT in 0.02s
    cube 3944.250.6 (depth 2, 28 lits): UNSAT in 0.04s
    cube 3944.250.7 (depth 2, 28 lits): UNSAT in 0.03s
    cube 3944.250.8 (depth 2, 28 lits): UNSAT in 0.01s
    cube 3944.250.9 (depth 2, 28 lits): UNSAT in 0.02s
    cube 3944.250.10 (depth 2, 28 lits): UNSAT in 0.02s
    cube 3944.250.11 (depth 2, 28 lits): UNSAT in 0.07s
    cube 3944.250.12 (depth 2, 28 lits): UNSAT in 0.01s
    cube 3944.250.13 (depth 2, 28 lits): UNSAT in 0.07s
    cube 3944.250.14 (depth 2, 28 lits): UNSAT in 0.05s
    cube 3944.250.15 (depth 2, 28 lits): UNSAT in 0.29s
    cube 3944.250.16 (depth 2, 28 lits): UNSAT in 0.01s
    cube 3944.250.17 (depth 2, 28 lits): UNSAT in 0.03s
    cube 3944.250.18 (depth 2, 28 lits): UNSAT in 0.03s
    cube 3944.250.19 (depth 2, 28 lits): UNSAT in 0.04s
    cube 3944.250.20 (depth 2, 28 lits): UNSAT in 0.01s
    cube 3944.250.21 (depth 2, 28 lits): UNSAT in 0.04s
    cube 3944.250.22 (depth 2, 28 lits): UNSAT in 0.04s
    cube 3944.250.23 (depth 2, 28 lits): UNSAT in 0.07s
    cube 3944.250.24 (depth 2, 28 lits): UNSAT in 0.02s
    cube 3944.250.25 (depth 2, 28 lits): UNSAT in 0.02s
    cube 3944.250.26 (depth 2, 28 lits): UNSAT in 0.04s
    cube 3944.250.27 (depth 2, 28 lits): UNSAT in 0.06s
    cube 3944.250.28 (depth 2, 28 lits): UNSAT in 0.04s
    cube 3944.250.29 (depth 2, 28 lits): UNSAT in 0.06s
    cube 3944.250.30 (depth 2, 28 lits): UNSAT in 0.12s
    cube 3944.250.31 (depth 2, 28 lits): UNSAT in 0.51s
    cube 3944.250.32 (depth 2, 28 lits): UNSAT in 0.02s
    cube 3944.250.33 (depth 2, 28 lits): UNSAT in 0.02s
    cube 3944.250.34 (depth 2, 28 lits): UNSAT in 0.02s
    cube 3944.250.35 (depth 2, 28 lits): UNSAT in 0.06s
    cube 3944.250.36 (depth 2, 28 lits): UNSAT in 0.02s
    cube 3944.250.37 (depth 2, 28 lits): UNSAT in 0.03s
    cube 3944.250.38 (depth 2, 28 lits): UNSAT in 0.04s
    cube 3944.250.39 (depth 2, 28 lits): UNSAT in 0.21s
    cube 3944.250.40 (depth 2, 28 lits): UNSAT in 0.02s
    cube 3944.250.41 (depth 2, 28 lits): UNSAT in 0.03s
    cube 3944.250.42 (depth 2, 28 lits): UNSAT in 0.05s
    cube 3944.250.43 (depth 2, 28 lits): UNSAT in 0.17s
    cube 3944.250.44 (depth 2, 28 lits): UNSAT in 0.03s
    cube 3944.250.45 (depth 2, 28 lits): UNSAT in 0.09s
    cube 3944.250.46 (depth 2, 28 lits): UNSAT in 0.13s
    cube 3944.250.47 (depth 2, 28 lits): UNSAT in 0.68s
    cube 3944.250.48 (depth 2, 28 lits): UNSAT in 0.02s
    cube 3944.250.49 (depth 2, 28 lits): UNSAT in 0.01s
    cube 3944.250.50 (depth 2, 28 lits): UNSAT in 0.02s
    cube 3944.250.51 (depth 2, 28 lits): UNSAT in 0.11s
    cube 3944.250.52 (depth 2, 28 lits): UNSAT in 0.03s
    cube 3944.250.53 (depth 2, 28 lits): UNSAT in 0.03s
    cube 3944.250.54 (depth 2, 28 lits): UNSAT in 0.05s
    cube 3944.250.55 (depth 2, 28 lits): UNSAT in 0.20s
    cube 3944.250.56 (depth 2, 28 lits): UNSAT in 0.20s
    cube 3944.250.57 (depth 2, 28 lits): UNSAT in 0.33s
    cube 3944.250.58 (depth 2, 28 lits): UNSAT in 0.16s
    cube 3944.250.59 (depth 2, 28 lits): UNSAT in 0.36s
    cube 3944.250.60 (depth 2, 28 lits): UNSAT in 0.68s
    cube 3944.250.61 (depth 2, 28 lits): UNSAT in 0.71s
    cube 3944.250.62 (depth 2, 28 lits): UNSAT in 0.23s
    cube 3944.250.63 (depth 2, 28 lits): UNSAT in 2.90s
    cube 3944.250.64 (depth 2, 28 lits): UNSAT in 0.01s
    cube 3944.250.65 (depth 2, 28 lits): UNSAT in 0.02s
    cube 3944.250.66 (depth 2, 28 lits): UNSAT in 0.02s
    cube 3944.250.67 (depth 2, 28 lits): UNSAT in 0.02s
    cube 3944.250.68 (depth 2, 28 lits): UNSAT in 0.02s
    cube 3944.250.69 (depth 2, 28 lits): UNSAT in 0.04s
    cube 3944.250.70 (depth 2, 28 lits): UNSAT in 0.06s
    cube 3944.250.71 (depth 2, 28 lits): UNSAT in 0.14s
    cube 3944.250.72 (depth 2, 28 lits): UNSAT in 0.01s
    cube 3944.250.73 (depth 2, 28 lits): UNSAT in 0.03s
    cube 3944.250.74 (depth 2, 28 lits): UNSAT in 0.02s
    cube 3944.250.75 (depth 2, 28 lits): UNSAT in 0.07s
    cube 3944.250.76 (depth 2, 28 lits): UNSAT in 0.04s
    cube 3944.250.77 (depth 2, 28 lits): UNSAT in 0.08s
    cube 3944.250.78 (depth 2, 28 lits): UNSAT in 0.05s
    cube 3944.250.79 (depth 2, 28 lits): UNSAT in 0.06s
    cube 3944.250.80 (depth 2, 28 lits): UNSAT in 0.02s
    cube 3944.250.81 (depth 2, 28 lits): UNSAT in 0.03s
    cube 3944.250.82 (depth 2, 28 lits): UNSAT in 0.01s
    cube 3944.250.83 (depth 2, 28 lits): UNSAT in 0.03s
    cube 3944.250.84 (depth 2, 28 lits): UNSAT in 0.02s
    cube 3944.250.85 (depth 2, 28 lits): UNSAT in 0.04s
    cube 3944.250.86 (depth 2, 28 lits): UNSAT in 0.04s
    cube 3944.250.87 (depth 2, 28 lits): UNSAT in 0.24s
    cube 3944.250.88 (depth 2, 28 lits): UNSAT in 0.02s
    cube 3944.250.89 (depth 2, 28 lits): UNSAT in 0.05s
    cube 3944.250.90 (depth 2, 28 lits): UNSAT in 0.06s
    cube 3944.250.91 (depth 2, 28 lits): UNSAT in 0.47s
    cube 3944.250.92 (depth 2, 28 lits): UNSAT in 0.11s
    cube 3944.250.93 (depth 2, 28 lits): UNSAT in 0.61s
    cube 3944.250.94 (depth 2, 28 lits): UNSAT in 0.25s
    cube 3944.250.95 (depth 2, 28 lits): UNSAT in 1.43s
    cube 3944.250.96 (depth 2, 28 lits): UNSAT in 0.01s
    cube 3944.250.97 (depth 2, 28 lits): UNSAT in 0.04s
    cube 3944.250.98 (depth 2, 28 lits): UNSAT in 0.02s
    cube 3944.250.99 (depth 2, 28 lits): UNSAT in 0.13s
    cube 3944.250.100 (depth 2, 28 lits): UNSAT in 0.03s
    cube 3944.250.101 (depth 2, 28 lits): UNSAT in 0.03s
    cube 3944.250.102 (depth 2, 28 lits): UNSAT in 0.10s
    cube 3944.250.103 (depth 2, 28 lits): UNSAT in 0.21s
    cube 3944.250.104 (depth 2, 28 lits): UNSAT in 0.05s
    cube 3944.250.105 (depth 2, 28 lits): UNSAT in 0.24s
    cube 3944.250.106 (depth 2, 28 lits): UNSAT in 0.07s
    cube 3944.250.107 (depth 2, 28 lits): UNSAT in 0.49s
    cube 3944.250.108 (depth 2, 28 lits): UNSAT in 0.31s
    cube 3944.250.109 (depth 2, 28 lits): UNSAT in 1.15s
    cube 3944.250.110 (depth 2, 28 lits): UNSAT in 0.53s
    cube 3944.250.111 (depth 2, 28 lits): UNSAT in 1.45s
    cube 3944.250.112 (depth 2, 28 lits): UNSAT in 0.03s
    cube 3944.250.113 (depth 2, 28 lits): UNSAT in 0.05s
    cube 3944.250.114 (depth 2, 28 lits): UNSAT in 0.10s
    cube 3944.250.115 (depth 2, 28 lits): UNSAT in 0.24s
    cube 3944.250.116 (depth 2, 28 lits): UNSAT in 0.04s
    cube 3944.250.117 (depth 2, 28 lits): UNSAT in 0.18s
    cube 3944.250.118 (depth 2, 28 lits): UNSAT in 0.06s
    cube 3944.250.119 (depth 2, 28 lits): UNSAT in 1.66s
    cube 3944.250.120 (depth 2, 28 lits): UNSAT in 0.08s
    cube 3944.250.121 (depth 2, 28 lits): UNSAT in 0.36s
    cube 3944.250.122 (depth 2, 28 lits): UNSAT in 2.03s
    cube 3944.250.123 (depth 2, 28 lits): UNSAT in 9.54s
    cube 3944.250.124 (depth 2, 28 lits): UNSAT in 0.36s
    cube 3944.250.125 (depth 2, 28 lits): UNSAT in 2.80s
    cube 3944.250.126 (depth 2, 28 lits): UNSAT in 7.68s
    cube 3944.250.127 (depth 2, 28 lits): UNSAT in 37.07s
    cube 3944.250.128 (depth 2, 27 lits): UNSAT in 0.01s
    cube 3944.250.129 (depth 2, 28 lits): UNSAT in 0.02s
    cube 3944.250.130 (depth 2, 28 lits): UNSAT in 0.03s
    cube 3944.250.131 (depth 2, 28 lits): UNSAT in 0.01s
    cube 3944.250.132 (depth 2, 28 lits): UNSAT in 0.03s
    cube 3944.250.133 (depth 2, 28 lits): UNSAT in 0.01s
    cube 3944.250.134 (depth 2, 28 lits): UNSAT in 0.05s
    cube 3944.250.135 (depth 2, 28 lits): UNSAT in 0.01s
    cube 3944.250.136 (depth 2, 28 lits): UNSAT in 0.04s
    cube 3944.250.137 (depth 2, 28 lits): UNSAT in 0.06s
    cube 3944.250.138 (depth 2, 28 lits): UNSAT in 0.14s
    cube 3944.250.139 (depth 2, 28 lits): UNSAT in 0.03s
    cube 3944.250.140 (depth 2, 28 lits): UNSAT in 0.18s
    cube 3944.250.141 (depth 2, 28 lits): UNSAT in 0.13s
    cube 3944.250.142 (depth 2, 28 lits): UNSAT in 0.34s
    cube 3944.250.143 (depth 2, 28 lits): UNSAT in 0.01s
    cube 3944.250.144 (depth 2, 28 lits): UNSAT in 0.02s
    cube 3944.250.145 (depth 2, 28 lits): UNSAT in 0.06s
    cube 3944.250.146 (depth 2, 28 lits): UNSAT in 0.08s
    cube 3944.250.147 (depth 2, 28 lits): UNSAT in 0.02s
    cube 3944.250.148 (depth 2, 28 lits): UNSAT in 0.06s
    cube 3944.250.149 (depth 2, 28 lits): UNSAT in 0.01s
    cube 3944.250.150 (depth 2, 28 lits): UNSAT in 0.15s
    cube 3944.250.151 (depth 2, 28 lits): UNSAT in 0.07s
    cube 3944.250.152 (depth 2, 28 lits): UNSAT in 0.12s
    cube 3944.250.153 (depth 2, 28 lits): UNSAT in 0.20s
    cube 3944.250.154 (depth 2, 28 lits): UNSAT in 0.41s
    cube 3944.250.155 (depth 2, 28 lits): UNSAT in 0.16s
    cube 3944.250.156 (depth 2, 28 lits): UNSAT in 1.13s
    cube 3944.250.157 (depth 2, 28 lits): UNSAT in 2.29s
    cube 3944.250.158 (depth 2, 28 lits): UNSAT in 12.14s
    cube 3944.250.159 (depth 2, 28 lits): UNSAT in 0.01s
    cube 3944.250.160 (depth 2, 28 lits): UNSAT in 0.03s
    cube 3944.250.161 (depth 2, 28 lits): UNSAT in 0.01s
    cube 3944.250.162 (depth 2, 28 lits): UNSAT in 0.17s
    cube 3944.250.163 (depth 2, 28 lits): UNSAT in 0.03s
    cube 3944.250.164 (depth 2, 28 lits): UNSAT in 0.09s
    cube 3944.250.165 (depth 2, 28 lits): UNSAT in 0.13s
    cube 3944.250.166 (depth 2, 28 lits): UNSAT in 0.11s
    cube 3944.250.167 (depth 2, 28 lits): UNSAT in 0.02s
    cube 3944.250.168 (depth 2, 28 lits): UNSAT in 0.05s
    cube 3944.250.169 (depth 2, 28 lits): UNSAT in 0.15s
    cube 3944.250.170 (depth 2, 28 lits): UNSAT in 0.56s
    cube 3944.250.171 (depth 2, 28 lits): UNSAT in 0.08s
    cube 3944.250.172 (depth 2, 28 lits): UNSAT in 1.08s
    cube 3944.250.173 (depth 2, 28 lits): UNSAT in 0.56s
    cube 3944.250.174 (depth 2, 28 lits): UNSAT in 3.57s
    cube 3944.250.175 (depth 2, 28 lits): UNSAT in 0.05s
    cube 3944.250.176 (depth 2, 28 lits): UNSAT in 0.09s
    cube 3944.250.177 (depth 2, 28 lits): UNSAT in 0.11s
    cube 3944.250.178 (depth 2, 28 lits): UNSAT in 0.15s
    cube 3944.250.179 (depth 2, 28 lits): UNSAT in 0.10s
    cube 3944.250.180 (depth 2, 28 lits): UNSAT in 0.50s
    cube 3944.250.181 (depth 2, 28 lits): UNSAT in 0.22s
    cube 3944.250.182 (depth 2, 28 lits): UNSAT in 3.07s
    cube 3944.250.183 (depth 2, 28 lits): UNSAT in 0.16s
    cube 3944.250.184 (depth 2, 28 lits): UNSAT in 0.88s
    cube 3944.250.185 (depth 2, 28 lits): UNSAT in 1.57s
    cube 3944.250.186 (depth 2, 28 lits): UNSAT in 6.87s
    cube 3944.250.187 (depth 2, 28 lits): UNSAT in 0.60s
    cube 3944.250.188 (depth 2, 28 lits): UNSAT in 10.63s
    cube 3944.250.189 (depth 2, 28 lits): UNSAT in 2.73s
    cube 3944.250.190 (depth 2, 28 lits): UNSAT in 66.72s
    cube 3944.250.191 (depth 2, 28 lits): UNSAT in 0.01s
    cube 3944.250.192 (depth 2, 28 lits): UNSAT in 0.02s
    cube 3944.250.193 (depth 2, 28 lits): UNSAT in 0.03s
    cube 3944.250.194 (depth 2, 28 lits): UNSAT in 0.07s
    cube 3944.250.195 (depth 2, 28 lits): UNSAT in 0.01s
    cube 3944.250.196 (depth 2, 28 lits): UNSAT in 0.03s
    cube 3944.250.197 (depth 2, 28 lits): UNSAT in 0.06s
    cube 3944.250.198 (depth 2, 28 lits): UNSAT in 0.23s
    cube 3944.250.199 (depth 2, 28 lits): UNSAT in 0.02s
    cube 3944.250.200 (depth 2, 28 lits): UNSAT in 0.03s
    cube 3944.250.201 (depth 2, 28 lits): UNSAT in 0.05s
    cube 3944.250.202 (depth 2, 28 lits): UNSAT in 0.26s
    cube 3944.250.203 (depth 2, 28 lits): UNSAT in 0.04s
    cube 3944.250.204 (depth 2, 28 lits): UNSAT in 0.06s
    cube 3944.250.205 (depth 2, 28 lits): UNSAT in 0.06s
    cube 3944.250.206 (depth 2, 28 lits): UNSAT in 0.35s
    cube 3944.250.207 (depth 2, 28 lits): UNSAT in 0.01s
    cube 3944.250.208 (depth 2, 28 lits): UNSAT in 0.02s
    cube 3944.250.209 (depth 2, 28 lits): UNSAT in 0.04s
    cube 3944.250.210 (depth 2, 28 lits): UNSAT in 0.16s
    cube 3944.250.211 (depth 2, 28 lits): UNSAT in 0.08s
    cube 3944.250.212 (depth 2, 28 lits): UNSAT in 0.22s
    cube 3944.250.213 (depth 2, 28 lits): UNSAT in 0.43s
    cube 3944.250.214 (depth 2, 28 lits): UNSAT in 0.73s
    cube 3944.250.215 (depth 2, 28 lits): UNSAT in 0.04s
    cube 3944.250.216 (depth 2, 28 lits): UNSAT in 0.27s
    cube 3944.250.217 (depth 2, 28 lits): UNSAT in 0.46s
    cube 3944.250.218 (depth 2, 28 lits): UNSAT in 0.84s
    cube 3944.250.219 (depth 2, 28 lits): UNSAT in 0.32s
    cube 3944.250.220 (depth 2, 28 lits): UNSAT in 0.33s
    cube 3944.250.221 (depth 2, 28 lits): UNSAT in 0.63s
    cube 3944.250.222 (depth 2, 28 lits): UNSAT in 10.00s
    cube 3944.250.223 (depth 2, 28 lits): UNSAT in 0.02s
    cube 3944.250.224 (depth 2, 28 lits): UNSAT in 0.02s
    cube 3944.250.225 (depth 2, 28 lits): UNSAT in 0.02s
    cube 3944.250.226 (depth 2, 28 lits): UNSAT in 0.03s
    cube 3944.250.227 (depth 2, 28 lits): UNSAT in 0.02s
    cube 3944.250.228 (depth 2, 28 lits): UNSAT in 0.04s
    cube 3944.250.229 (depth 2, 28 lits): UNSAT in 0.12s
    cube 3944.250.230 (depth 2, 28 lits): UNSAT in 0.29s
    cube 3944.250.231 (depth 2, 28 lits): UNSAT in 0.03s
    cube 3944.250.232 (depth 2, 28 lits): UNSAT in 0.17s
    cube 3944.250.233 (depth 2, 28 lits): UNSAT in 0.14s
    cube 3944.250.234 (depth 2, 28 lits): UNSAT in 0.57s
    cube 3944.250.235 (depth 2, 28 lits): UNSAT in 0.17s
    cube 3944.250.236 (depth 2, 28 lits): UNSAT in 1.17s
    cube 3944.250.237 (depth 2, 28 lits): UNSAT in 0.44s
    cube 3944.250.238 (depth 2, 28 lits): UNSAT in 4.69s
    cube 3944.250.239 (depth 2, 28 lits): UNSAT in 0.03s
    cube 3944.250.240 (depth 2, 28 lits): UNSAT in 0.28s
    cube 3944.250.241 (depth 2, 28 lits): UNSAT in 0.29s
    cube 3944.250.242 (depth 2, 28 lits): UNSAT in 1.18s
    cube 3944.250.243 (depth 2, 28 lits): UNSAT in 0.11s
    cube 3944.250.244 (depth 2, 28 lits): UNSAT in 0.40s
    cube 3944.250.245 (depth 2, 28 lits): UNSAT in 0.57s
    cube 3944.250.246 (depth 2, 28 lits): UNSAT in 1.32s
    cube 3944.250.247 (depth 2, 28 lits): UNSAT in 0.13s
    cube 3944.250.248 (depth 2, 28 lits): UNSAT in 0.79s
    cube 3944.250.249 (depth 2, 28 lits): UNSAT in 5.14s
    cube 3944.250.250 (depth 2, 28 lits): UNSAT in 5.41s
    cube 3944.250.251 (depth 2, 28 lits): UNSAT in 0.33s
    cube 3944.250.252 (depth 2, 28 lits): UNSAT in 11.31s
    cube 3944.250.253 (depth 2, 28 lits): UNSAT in 6.93s
    cube 3944.250.254 (depth 2, 28 lits): UNSAT in 127.81s

  shard 3 verdict: UNSAT (1 UNSAT, 0 unresolved) in 4898.2s
