  shard 0/10 (explicit): 1 of 4095 cubes, per-cube cap 3000.0s, re-split depth 3
    cube 1902 (depth 0, 12 lits): TIMEOUT in 3000.09s
    cube 1902 TIMEOUT -> re-split into 64 sub-cubes (depth 1)
    cube 1902.0 (depth 1, 18 lits): UNSAT in 0.07s
    cube 1902.1 (depth 1, 18 lits): UNSAT in 0.13s
    cube 1902.2 (depth 1, 18 lits): UNSAT in 0.06s
    cube 1902.3 (depth 1, 18 lits): UNSAT in 0.88s
    cube 1902.4 (depth 1, 18 lits): UNSAT in 0.05s
    cube 1902.5 (depth 1, 18 lits): UNSAT in 0.17s
    cube 1902.6 (depth 1, 18 lits): UNSAT in 1.00s
    cube 1902.7 (depth 1, 18 lits): UNSAT in 1.94s
    cube 1902.8 (depth 1, 18 lits): UNSAT in 0.08s
    cube 1902.9 (depth 1, 18 lits): UNSAT in 1.22s
    cube 1902.10 (depth 1, 18 lits): UNSAT in 1.28s
    cube 1902.11 (depth 1, 18 lits): UNSAT in 4.44s
    cube 1902.12 (depth 1, 18 lits): UNSAT in 0.41s
    cube 1902.13 (depth 1, 18 lits): UNSAT in 3.91s
    cube 1902.14 (depth 1, 18 lits): UNSAT in 4.13s
    cube 1902.15 (depth 1, 18 lits): UNSAT in 125.78s
    cube 1902.16 (depth 1, 18 lits): UNSAT in 0.08s
    cube 1902.17 (depth 1, 18 lits): UNSAT in 0.51s
    cube 1902.18 (depth 1, 18 lits): UNSAT in 1.59s
    cube 1902.19 (depth 1, 18 lits): UNSAT in 4.03s
    cube 1902.20 (depth 1, 18 lits): UNSAT in 1.33s
    cube 1902.21 (depth 1, 18 lits): UNSAT in 2.51s
    cube 1902.22 (depth 1, 18 lits): UNSAT in 1.49s
    cube 1902.23 (depth 1, 18 lits): UNSAT in 30.98s
    cube 1902.24 (depth 1, 18 lits): UNSAT in 2.02s
    cube 1902.25 (depth 1, 18 lits): UNSAT in 28.42s
    cube 1902.26 (depth 1, 18 lits): UNSAT in 34.74s
    cube 1902.27 (depth 1, 18 lits): UNSAT in 198.23s
    cube 1902.28 (depth 1, 18 lits): UNSAT in 14.60s
    cube 1902.29 (depth 1, 18 lits): UNSAT in 132.53s
    cube 1902.30 (depth 1, 18 lits): UNSAT in 684.94s
    cube 1902.31 (depth 1, 18 lits): TIMEOUT in 3000.10s
    cube 1902.31 TIMEOUT -> re-split into 64 sub-cubes (depth 2)
    cube 1902.31.0 (depth 2, 24 lits): UNSAT in 0.05s
    cube 1902.31.1 (depth 2, 24 lits): UNSAT in 0.09s
    cube 1902.31.2 (depth 2, 24 lits): UNSAT in 0.10s
    cube 1902.31.3 (depth 2, 24 lits): UNSAT in 0.23s
    cube 1902.31.4 (depth 2, 24 lits): UNSAT in 0.08s
    cube 1902.31.5 (depth 2, 24 lits): UNSAT in 0.17s
    cube 1902.31.6 (depth 2, 24 lits): UNSAT in 0.08s
    cube 1902.31.7 (depth 2, 24 lits): UNSAT in 0.67s
    cube 1902.31.8 (depth 2, 24 lits): UNSAT in 0.04s
    cube 1902.31.9 (depth 2, 24 lits): UNSAT in 0.06s
    cube 1902.31.10 (depth 2, 24 lits): UNSAT in 0.15s
    cube 1902.31.11 (depth 2, 24 lits): UNSAT in 0.33s
    cube 1902.31.12 (depth 2, 24 lits): UNSAT in 0.10s
    cube 1902.31.13 (depth 2, 24 lits): UNSAT in 0.31s
    cube 1902.31.14 (depth 2, 24 lits): UNSAT in 0.66s
    cube 1902.31.15 (depth 2, 24 lits): UNSAT in 12.44s
    cube 1902.31.16 (depth 2, 24 lits): UNSAT in 0.02s
    cube 1902.31.17 (depth 2, 24 lits): UNSAT in 0.05s
    cube 1902.31.18 (depth 2, 24 lits): UNSAT in 0.04s
    cube 1902.31.19 (depth 2, 24 lits): UNSAT in 0.10s
    cube 1902.31.20 (depth 2, 24 lits): UNSAT in 0.12s
    cube 1902.31.21 (depth 2, 24 lits): UNSAT in 0.48s
    cube 1902.31.22 (depth 2, 24 lits): UNSAT in 1.71s
    cube 1902.31.23 (depth 2, 24 lits): UNSAT in 10.08s
    cube 1902.31.24 (depth 2, 24 lits): UNSAT in 0.06s
    cube 1902.31.25 (depth 2, 24 lits): UNSAT in 0.98s
    cube 1902.31.26 (depth 2, 24 lits): UNSAT in 0.45s
    cube 1902.31.27 (depth 2, 24 lits): UNSAT in 2.51s
    cube 1902.31.28 (depth 2, 24 lits): UNSAT in 1.36s
    cube 1902.31.29 (depth 2, 24 lits): UNSAT in 4.41s
    cube 1902.31.30 (depth 2, 24 lits): UNSAT in 4.24s
    cube 1902.31.31 (depth 2, 24 lits): UNSAT in 114.99s
    cube 1902.31.32 (depth 2, 24 lits): UNSAT in 0.13s
    cube 1902.31.33 (depth 2, 24 lits): UNSAT in 0.31s
    cube 1902.31.34 (depth 2, 24 lits): UNSAT in 1.05s
    cube 1902.31.35 (depth 2, 24 lits): UNSAT in 2.69s
    cube 1902.31.36 (depth 2, 24 lits): UNSAT in 0.38s
    cube 1902.31.37 (depth 2, 24 lits): UNSAT in 2.11s
    cube 1902.31.38 (depth 2, 24 lits): UNSAT in 1.53s
    cube 1902.31.39 (depth 2, 24 lits): UNSAT in 13.21s
    cube 1902.31.40 (depth 2, 24 lits): UNSAT in 0.15s
    cube 1902.31.41 (depth 2, 24 lits): UNSAT in 0.81s
    cube 1902.31.42 (depth 2, 24 lits): UNSAT in 1.13s
    cube 1902.31.43 (depth 2, 24 lits): UNSAT in 2.77s
    cube 1902.31.44 (depth 2, 24 lits): UNSAT in 0.83s
    cube 1902.31.45 (depth 2, 24 lits): UNSAT in 2.15s
    cube 1902.31.46 (depth 2, 24 lits): UNSAT in 8.30s
    cube 1902.31.47 (depth 2, 24 lits): UNSAT in 197.54s
    cube 1902.31.48 (depth 2, 24 lits): UNSAT in 0.06s
    cube 1902.31.49 (depth 2, 24 lits): UNSAT in 0.25s
    cube 1902.31.50 (depth 2, 24 lits): UNSAT in 0.71s
    cube 1902.31.51 (depth 2, 24 lits): UNSAT in 3.68s
    cube 1902.31.52 (depth 2, 24 lits): UNSAT in 1.33s
    cube 1902.31.53 (depth 2, 24 lits): UNSAT in 10.55s
    cube 1902.31.54 (depth 2, 24 lits): UNSAT in 3.26s
    cube 1902.31.55 (depth 2, 24 lits): UNSAT in 126.32s
    cube 1902.31.56 (depth 2, 24 lits): UNSAT in 1.40s
    cube 1902.31.57 (depth 2, 24 lits): UNSAT in 17.65s
    cube 1902.31.58 (depth 2, 24 lits): UNSAT in 3.00s
    cube 1902.31.59 (depth 2, 24 lits): UNSAT in 260.51s
    cube 1902.31.60 (depth 2, 24 lits): UNSAT in 32.08s
    cube 1902.31.61 (depth 2, 24 lits): UNSAT in 359.03s
    cube 1902.31.62 (depth 2, 24 lits): UNSAT in 18.94s
    cube 1902.31.63 (depth 2, 24 lits): UNSAT in 1884.69s
    cube 1902.32 (depth 1, 18 lits): UNSAT in 0.14s
    cube 1902.33 (depth 1, 18 lits): UNSAT in 0.26s
    cube 1902.34 (depth 1, 18 lits): UNSAT in 1.03s
    cube 1902.35 (depth 1, 18 lits): UNSAT in 1.77s
    cube 1902.36 (depth 1, 18 lits): UNSAT in 1.59s
    cube 1902.37 (depth 1, 18 lits): UNSAT in 2.63s
    cube 1902.38 (depth 1, 18 lits): UNSAT in 3.66s
    cube 1902.39 (depth 1, 18 lits): UNSAT in 206.65s
    cube 1902.40 (depth 1, 18 lits): UNSAT in 0.57s
    cube 1902.41 (depth 1, 18 lits): UNSAT in 5.89s
    cube 1902.42 (depth 1, 18 lits): UNSAT in 6.59s
    cube 1902.43 (depth 1, 18 lits): UNSAT in 43.61s
    cube 1902.44 (depth 1, 18 lits): UNSAT in 34.78s
    cube 1902.45 (depth 1, 18 lits): UNSAT in 672.11s
    cube 1902.46 (depth 1, 18 lits): UNSAT in 207.84s
    cube 1902.47 (depth 1, 18 lits): TIMEOUT in 3000.10s
    cube 1902.47 TIMEOUT -> re-split into 64 sub-cubes (depth 2)
    cube 1902.47.0 (depth 2, 24 lits): UNSAT in 0.03s
    cube 1902.47.1 (depth 2, 24 lits): UNSAT in 0.11s
    cube 1902.47.2 (depth 2, 24 lits): UNSAT in 0.14s
    cube 1902.47.3 (depth 2, 24 lits): UNSAT in 0.64s
    cube 1902.47.4 (depth 2, 24 lits): UNSAT in 0.06s
    cube 1902.47.5 (depth 2, 24 lits): UNSAT in 0.26s
    cube 1902.47.6 (depth 2, 24 lits): UNSAT in 0.12s
    cube 1902.47.7 (depth 2, 24 lits): UNSAT in 2.91s
    cube 1902.47.8 (depth 2, 24 lits): UNSAT in 0.06s
    cube 1902.47.9 (depth 2, 24 lits): UNSAT in 0.13s
    cube 1902.47.10 (depth 2, 24 lits): UNSAT in 0.21s
    cube 1902.47.11 (depth 2, 24 lits): UNSAT in 1.37s
    cube 1902.47.12 (depth 2, 24 lits): UNSAT in 0.48s
    cube 1902.47.13 (depth 2, 24 lits): UNSAT in 0.61s
    cube 1902.47.14 (depth 2, 24 lits): UNSAT in 0.94s
    cube 1902.47.15 (depth 2, 24 lits): UNSAT in 18.86s
    cube 1902.47.16 (depth 2, 24 lits): UNSAT in 0.05s
    cube 1902.47.17 (depth 2, 24 lits): UNSAT in 0.06s
    cube 1902.47.18 (depth 2, 24 lits): UNSAT in 0.16s
    cube 1902.47.19 (depth 2, 24 lits): UNSAT in 0.35s
    cube 1902.47.20 (depth 2, 24 lits): UNSAT in 0.75s
    cube 1902.47.21 (depth 2, 24 lits): UNSAT in 2.08s
    cube 1902.47.22 (depth 2, 24 lits): UNSAT in 0.62s
    cube 1902.47.23 (depth 2, 24 lits): UNSAT in 6.50s
    cube 1902.47.24 (depth 2, 24 lits): UNSAT in 0.56s
    cube 1902.47.25 (depth 2, 24 lits): UNSAT in 0.99s
    cube 1902.47.26 (depth 2, 24 lits): UNSAT in 0.67s
    cube 1902.47.27 (depth 2, 24 lits): UNSAT in 3.33s
    cube 1902.47.28 (depth 2, 24 lits): UNSAT in 0.69s
    cube 1902.47.29 (depth 2, 24 lits): UNSAT in 1.75s
    cube 1902.47.30 (depth 2, 24 lits): UNSAT in 6.98s
    cube 1902.47.31 (depth 2, 24 lits): UNSAT in 226.63s
    cube 1902.47.32 (depth 2, 24 lits): UNSAT in 0.05s
    cube 1902.47.33 (depth 2, 24 lits): UNSAT in 0.43s
    cube 1902.47.34 (depth 2, 24 lits): UNSAT in 0.58s
    cube 1902.47.35 (depth 2, 24 lits): UNSAT in 1.98s
    cube 1902.47.36 (depth 2, 24 lits): UNSAT in 0.46s
    cube 1902.47.37 (depth 2, 24 lits): UNSAT in 2.81s
    cube 1902.47.38 (depth 2, 24 lits): UNSAT in 2.36s
    cube 1902.47.39 (depth 2, 24 lits): UNSAT in 17.68s
    cube 1902.47.40 (depth 2, 24 lits): UNSAT in 0.41s
    cube 1902.47.41 (depth 2, 24 lits): UNSAT in 2.18s
    cube 1902.47.42 (depth 2, 24 lits): UNSAT in 1.63s
    cube 1902.47.43 (depth 2, 24 lits): UNSAT in 8.67s
    cube 1902.47.44 (depth 2, 24 lits): UNSAT in 0.35s
    cube 1902.47.45 (depth 2, 24 lits): UNSAT in 2.69s
    cube 1902.47.46 (depth 2, 24 lits): UNSAT in 5.72s
    cube 1902.47.47 (depth 2, 24 lits): UNSAT in 141.86s
    cube 1902.47.48 (depth 2, 24 lits): UNSAT in 0.49s
    cube 1902.47.49 (depth 2, 24 lits): UNSAT in 3.09s
    cube 1902.47.50 (depth 2, 24 lits): UNSAT in 1.27s
    cube 1902.47.51 (depth 2, 24 lits): UNSAT in 12.76s
    cube 1902.47.52 (depth 2, 24 lits): UNSAT in 1.35s
    cube 1902.47.53 (depth 2, 24 lits): UNSAT in 3.71s
    cube 1902.47.54 (depth 2, 24 lits): UNSAT in 3.88s
    cube 1902.47.55 (depth 2, 24 lits): UNSAT in 280.13s
    cube 1902.47.56 (depth 2, 24 lits): UNSAT in 2.33s
    cube 1902.47.57 (depth 2, 24 lits): UNSAT in 15.71s
    cube 1902.47.58 (depth 2, 24 lits): UNSAT in 6.18s
    cube 1902.47.59 (depth 2, 24 lits): UNSAT in 252.25s
    cube 1902.47.60 (depth 2, 24 lits): UNSAT in 21.65s
    cube 1902.47.61 (depth 2, 24 lits): UNSAT in 485.13s
    cube 1902.47.62 (depth 2, 24 lits): UNSAT in 1938.66s
    cube 1902.47.63 (depth 2, 24 lits): UNSAT in 2867.72s
    cube 1902.48 (depth 1, 18 lits): UNSAT in 0.16s
    cube 1902.49 (depth 1, 18 lits): UNSAT in 7.58s
    cube 1902.50 (depth 1, 18 lits): UNSAT in 4.28s
