  shard 2/10 (explicit): 1 of 4095 cubes, per-cube cap 3000.0s, re-split depth 3
    cube 1910 (depth 0, 12 lits): TIMEOUT in 3000.10s
    cube 1910 TIMEOUT -> re-split into 64 sub-cubes (depth 1)
    cube 1910.0 (depth 1, 18 lits): UNSAT in 0.05s
    cube 1910.1 (depth 1, 18 lits): UNSAT in 0.25s
    cube 1910.2 (depth 1, 18 lits): UNSAT in 0.23s
    cube 1910.3 (depth 1, 18 lits): UNSAT in 1.04s
    cube 1910.4 (depth 1, 18 lits): UNSAT in 0.27s
    cube 1910.5 (depth 1, 18 lits): UNSAT in 0.39s
    cube 1910.6 (depth 1, 18 lits): UNSAT in 1.67s
    cube 1910.7 (depth 1, 18 lits): UNSAT in 5.07s
    cube 1910.8 (depth 1, 18 lits): UNSAT in 0.35s
    cube 1910.9 (depth 1, 18 lits): UNSAT in 4.64s
    cube 1910.10 (depth 1, 18 lits): UNSAT in 3.52s
    cube 1910.11 (depth 1, 18 lits): UNSAT in 17.25s
    cube 1910.12 (depth 1, 18 lits): UNSAT in 1.19s
    cube 1910.13 (depth 1, 18 lits): UNSAT in 2.40s
    cube 1910.14 (depth 1, 18 lits): UNSAT in 5.68s
    cube 1910.15 (depth 1, 18 lits): UNSAT in 80.22s
    cube 1910.16 (depth 1, 18 lits): UNSAT in 0.08s
    cube 1910.17 (depth 1, 18 lits): UNSAT in 0.12s
    cube 1910.18 (depth 1, 18 lits): UNSAT in 0.22s
    cube 1910.19 (depth 1, 18 lits): UNSAT in 0.52s
    cube 1910.20 (depth 1, 18 lits): UNSAT in 0.12s
    cube 1910.21 (depth 1, 18 lits): UNSAT in 0.25s
    cube 1910.22 (depth 1, 18 lits): UNSAT in 0.64s
    cube 1910.23 (depth 1, 18 lits): UNSAT in 20.49s
    cube 1910.24 (depth 1, 18 lits): UNSAT in 0.51s
    cube 1910.25 (depth 1, 18 lits): UNSAT in 3.01s
    cube 1910.26 (depth 1, 18 lits): UNSAT in 4.32s
    cube 1910.27 (depth 1, 18 lits): UNSAT in 18.15s
    cube 1910.28 (depth 1, 18 lits): UNSAT in 2.70s
    cube 1910.29 (depth 1, 18 lits): UNSAT in 29.72s
    cube 1910.30 (depth 1, 18 lits): UNSAT in 61.06s
    cube 1910.31 (depth 1, 18 lits): UNSAT in 1340.56s
    cube 1910.32 (depth 1, 18 lits): UNSAT in 0.09s
    cube 1910.33 (depth 1, 18 lits): UNSAT in 0.16s
    cube 1910.34 (depth 1, 18 lits): UNSAT in 1.43s
    cube 1910.35 (depth 1, 18 lits): UNSAT in 3.80s
    cube 1910.36 (depth 1, 18 lits): UNSAT in 1.83s
    cube 1910.37 (depth 1, 18 lits): UNSAT in 5.98s
    cube 1910.38 (depth 1, 18 lits): UNSAT in 7.14s
    cube 1910.39 (depth 1, 18 lits): UNSAT in 172.27s
    cube 1910.40 (depth 1, 18 lits): UNSAT in 0.99s
    cube 1910.41 (depth 1, 18 lits): UNSAT in 3.64s
    cube 1910.42 (depth 1, 18 lits): UNSAT in 3.43s
    cube 1910.43 (depth 1, 18 lits): UNSAT in 62.08s
    cube 1910.44 (depth 1, 18 lits): UNSAT in 4.70s
    cube 1910.45 (depth 1, 18 lits): UNSAT in 23.76s
    cube 1910.46 (depth 1, 18 lits): UNSAT in 10.31s
    cube 1910.47 (depth 1, 18 lits): UNSAT in 1935.19s
    cube 1910.48 (depth 1, 18 lits): UNSAT in 2.29s
    cube 1910.49 (depth 1, 18 lits): UNSAT in 10.76s
    cube 1910.50 (depth 1, 18 lits): UNSAT in 2.48s
    cube 1910.51 (depth 1, 18 lits): UNSAT in 426.39s
    cube 1910.52 (depth 1, 18 lits): UNSAT in 2.57s
    cube 1910.53 (depth 1, 18 lits): UNSAT in 42.73s
    cube 1910.54 (depth 1, 18 lits): UNSAT in 133.37s
    cube 1910.55 (depth 1, 18 lits): TIMEOUT in 3000.10s
    cube 1910.55 TIMEOUT -> re-split into 64 sub-cubes (depth 2)
    cube 1910.55.0 (depth 2, 24 lits): UNSAT in 0.02s
    cube 1910.55.1 (depth 2, 24 lits): UNSAT in 0.03s
    cube 1910.55.2 (depth 2, 24 lits): UNSAT in 0.03s
    cube 1910.55.3 (depth 2, 24 lits): UNSAT in 0.04s
    cube 1910.55.4 (depth 2, 24 lits): UNSAT in 0.05s
    cube 1910.55.5 (depth 2, 24 lits): UNSAT in 0.04s
    cube 1910.55.6 (depth 2, 24 lits): UNSAT in 0.06s
    cube 1910.55.7 (depth 2, 24 lits): UNSAT in 0.11s
    cube 1910.55.8 (depth 2, 24 lits): UNSAT in 0.03s
    cube 1910.55.9 (depth 2, 24 lits): UNSAT in 0.03s
    cube 1910.55.10 (depth 2, 24 lits): UNSAT in 0.05s
    cube 1910.55.11 (depth 2, 24 lits): UNSAT in 0.26s
    cube 1910.55.12 (depth 2, 24 lits): UNSAT in 0.06s
    cube 1910.55.13 (depth 2, 24 lits): UNSAT in 0.47s
    cube 1910.55.14 (depth 2, 24 lits): UNSAT in 0.31s
    cube 1910.55.15 (depth 2, 24 lits): UNSAT in 3.09s
    cube 1910.55.16 (depth 2, 24 lits): UNSAT in 0.04s
    cube 1910.55.17 (depth 2, 24 lits): UNSAT in 0.11s
    cube 1910.55.18 (depth 2, 24 lits): UNSAT in 0.08s
    cube 1910.55.19 (depth 2, 24 lits): UNSAT in 0.88s
    cube 1910.55.20 (depth 2, 24 lits): UNSAT in 0.11s
    cube 1910.55.21 (depth 2, 24 lits): UNSAT in 0.52s
    cube 1910.55.22 (depth 2, 24 lits): UNSAT in 0.21s
    cube 1910.55.23 (depth 2, 24 lits): UNSAT in 2.66s
    cube 1910.55.24 (depth 2, 24 lits): UNSAT in 0.04s
    cube 1910.55.25 (depth 2, 24 lits): UNSAT in 0.19s
    cube 1910.55.26 (depth 2, 24 lits): UNSAT in 0.36s
    cube 1910.55.27 (depth 2, 24 lits): UNSAT in 1.05s
    cube 1910.55.28 (depth 2, 24 lits): UNSAT in 0.21s
    cube 1910.55.29 (depth 2, 24 lits): UNSAT in 1.76s
    cube 1910.55.30 (depth 2, 24 lits): UNSAT in 1.13s
    cube 1910.55.31 (depth 2, 24 lits): UNSAT in 15.84s
    cube 1910.55.32 (depth 2, 24 lits): UNSAT in 0.07s
    cube 1910.55.33 (depth 2, 24 lits): UNSAT in 0.21s
    cube 1910.55.34 (depth 2, 24 lits): UNSAT in 0.30s
    cube 1910.55.35 (depth 2, 24 lits): UNSAT in 0.49s
    cube 1910.55.36 (depth 2, 24 lits): UNSAT in 0.13s
    cube 1910.55.37 (depth 2, 24 lits): UNSAT in 0.67s
    cube 1910.55.38 (depth 2, 24 lits): UNSAT in 2.12s
    cube 1910.55.39 (depth 2, 24 lits): UNSAT in 2.81s
    cube 1910.55.40 (depth 2, 24 lits): UNSAT in 0.33s
    cube 1910.55.41 (depth 2, 24 lits): UNSAT in 0.18s
    cube 1910.55.42 (depth 2, 24 lits): UNSAT in 0.36s
    cube 1910.55.43 (depth 2, 24 lits): UNSAT in 2.18s
    cube 1910.55.44 (depth 2, 24 lits): UNSAT in 0.25s
    cube 1910.55.45 (depth 2, 24 lits): UNSAT in 3.45s
    cube 1910.55.46 (depth 2, 24 lits): UNSAT in 4.81s
    cube 1910.55.47 (depth 2, 24 lits): UNSAT in 40.87s
    cube 1910.55.48 (depth 2, 24 lits): UNSAT in 0.12s
    cube 1910.55.49 (depth 2, 24 lits): UNSAT in 2.08s
    cube 1910.55.50 (depth 2, 24 lits): UNSAT in 1.03s
    cube 1910.55.51 (depth 2, 24 lits): UNSAT in 3.66s
    cube 1910.55.52 (depth 2, 24 lits): UNSAT in 0.48s
    cube 1910.55.53 (depth 2, 24 lits): UNSAT in 4.52s
    cube 1910.55.54 (depth 2, 24 lits): UNSAT in 6.60s
    cube 1910.55.55 (depth 2, 24 lits): UNSAT in 50.63s
    cube 1910.55.56 (depth 2, 24 lits): UNSAT in 0.17s
    cube 1910.55.57 (depth 2, 24 lits): UNSAT in 1.69s
    cube 1910.55.58 (depth 2, 24 lits): UNSAT in 3.24s
    cube 1910.55.59 (depth 2, 24 lits): UNSAT in 41.48s
    cube 1910.55.60 (depth 2, 24 lits): UNSAT in 2.17s
    cube 1910.55.61 (depth 2, 24 lits): UNSAT in 45.55s
    cube 1910.55.62 (depth 2, 24 lits): UNSAT in 116.47s
    cube 1910.55.63 (depth 2, 24 lits): UNSAT in 99.11s
    cube 1910.56 (depth 1, 18 lits): UNSAT in 5.67s
    cube 1910.57 (depth 1, 18 lits): UNSAT in 259.63s
    cube 1910.58 (depth 1, 18 lits): UNSAT in 364.36s
    cube 1910.59 (depth 1, 18 lits): TIMEOUT in 3000.10s
    cube 1910.59 TIMEOUT -> re-split into 64 sub-cubes (depth 2)
    cube 1910.59.0 (depth 2, 24 lits): UNSAT in 0.02s
    cube 1910.59.1 (depth 2, 24 lits): UNSAT in 0.04s
    cube 1910.59.2 (depth 2, 24 lits): UNSAT in 0.03s
    cube 1910.59.3 (depth 2, 24 lits): UNSAT in 0.10s
    cube 1910.59.4 (depth 2, 24 lits): UNSAT in 0.01s
    cube 1910.59.5 (depth 2, 24 lits): UNSAT in 0.04s
    cube 1910.59.6 (depth 2, 24 lits): UNSAT in 0.08s
    cube 1910.59.7 (depth 2, 24 lits): UNSAT in 0.28s
    cube 1910.59.8 (depth 2, 24 lits): UNSAT in 0.02s
    cube 1910.59.9 (depth 2, 24 lits): UNSAT in 0.04s
    cube 1910.59.10 (depth 2, 24 lits): UNSAT in 0.03s
    cube 1910.59.11 (depth 2, 24 lits): UNSAT in 0.15s
    cube 1910.59.12 (depth 2, 24 lits): UNSAT in 0.10s
    cube 1910.59.13 (depth 2, 24 lits): UNSAT in 0.14s
    cube 1910.59.14 (depth 2, 24 lits): UNSAT in 0.15s
    cube 1910.59.15 (depth 2, 24 lits): UNSAT in 0.48s
    cube 1910.59.16 (depth 2, 24 lits): UNSAT in 0.03s
    cube 1910.59.17 (depth 2, 24 lits): UNSAT in 0.02s
    cube 1910.59.18 (depth 2, 24 lits): UNSAT in 0.02s
    cube 1910.59.19 (depth 2, 24 lits): UNSAT in 0.10s
    cube 1910.59.20 (depth 2, 24 lits): UNSAT in 0.07s
    cube 1910.59.21 (depth 2, 24 lits): UNSAT in 0.06s
    cube 1910.59.22 (depth 2, 24 lits): UNSAT in 0.06s
    cube 1910.59.23 (depth 2, 24 lits): UNSAT in 0.24s
    cube 1910.59.24 (depth 2, 24 lits): UNSAT in 0.05s
    cube 1910.59.25 (depth 2, 24 lits): UNSAT in 0.38s
    cube 1910.59.26 (depth 2, 24 lits): UNSAT in 0.21s
    cube 1910.59.27 (depth 2, 24 lits): UNSAT in 1.00s
    cube 1910.59.28 (depth 2, 24 lits): UNSAT in 0.79s
    cube 1910.59.29 (depth 2, 24 lits): UNSAT in 3.95s
    cube 1910.59.30 (depth 2, 24 lits): UNSAT in 1.01s
    cube 1910.59.31 (depth 2, 24 lits): UNSAT in 12.76s
    cube 1910.59.32 (depth 2, 24 lits): UNSAT in 0.09s
    cube 1910.59.33 (depth 2, 24 lits): UNSAT in 0.21s
    cube 1910.59.34 (depth 2, 24 lits): UNSAT in 0.17s
    cube 1910.59.35 (depth 2, 24 lits): UNSAT in 0.51s
    cube 1910.59.36 (depth 2, 24 lits): UNSAT in 0.14s
    cube 1910.59.37 (depth 2, 24 lits): UNSAT in 0.41s
    cube 1910.59.38 (depth 2, 24 lits): UNSAT in 0.49s
    cube 1910.59.39 (depth 2, 24 lits): UNSAT in 3.05s
    cube 1910.59.40 (depth 2, 24 lits): UNSAT in 0.13s
    cube 1910.59.41 (depth 2, 24 lits): UNSAT in 0.10s
    cube 1910.59.42 (depth 2, 24 lits): UNSAT in 0.22s
    cube 1910.59.43 (depth 2, 24 lits): UNSAT in 1.22s
    cube 1910.59.44 (depth 2, 24 lits): UNSAT in 0.32s
    cube 1910.59.45 (depth 2, 24 lits): UNSAT in 3.05s
    cube 1910.59.46 (depth 2, 24 lits): UNSAT in 4.42s
    cube 1910.59.47 (depth 2, 24 lits): UNSAT in 19.29s
    cube 1910.59.48 (depth 2, 24 lits): UNSAT in 0.13s
    cube 1910.59.49 (depth 2, 24 lits): UNSAT in 0.23s
    cube 1910.59.50 (depth 2, 24 lits): UNSAT in 0.68s
    cube 1910.59.51 (depth 2, 24 lits): UNSAT in 4.10s
    cube 1910.59.52 (depth 2, 24 lits): UNSAT in 0.51s
    cube 1910.59.53 (depth 2, 24 lits): UNSAT in 2.34s
    cube 1910.59.54 (depth 2, 24 lits): UNSAT in 3.82s
    cube 1910.59.55 (depth 2, 24 lits): UNSAT in 22.89s
    cube 1910.59.56 (depth 2, 24 lits): UNSAT in 0.80s
    cube 1910.59.57 (depth 2, 24 lits): UNSAT in 10.94s
    cube 1910.59.58 (depth 2, 24 lits): UNSAT in 6.22s
    cube 1910.59.59 (depth 2, 24 lits): UNSAT in 84.26s
    cube 1910.59.60 (depth 2, 24 lits): UNSAT in 8.12s
    cube 1910.59.61 (depth 2, 24 lits): UNSAT in 86.89s
    cube 1910.59.62 (depth 2, 24 lits): UNSAT in 107.82s
    cube 1910.59.63 (depth 2, 24 lits): UNSAT in 956.92s
    cube 1910.60 (depth 1, 18 lits): UNSAT in 605.75s
    cube 1910.61 (depth 1, 18 lits): TIMEOUT in 3000.10s
    cube 1910.61 TIMEOUT -> re-split into 64 sub-cubes (depth 2)
    cube 1910.61.0 (depth 2, 24 lits): UNSAT in 0.02s
    cube 1910.61.1 (depth 2, 24 lits): UNSAT in 0.09s
    cube 1910.61.2 (depth 2, 24 lits): UNSAT in 0.07s
    cube 1910.61.3 (depth 2, 24 lits): UNSAT in 0.15s
    cube 1910.61.4 (depth 2, 24 lits): UNSAT in 0.02s
    cube 1910.61.5 (depth 2, 24 lits): UNSAT in 0.03s
    cube 1910.61.6 (depth 2, 24 lits): UNSAT in 0.05s
    cube 1910.61.7 (depth 2, 24 lits): UNSAT in 0.72s
    cube 1910.61.8 (depth 2, 24 lits): UNSAT in 0.05s
    cube 1910.61.9 (depth 2, 24 lits): UNSAT in 0.24s
    cube 1910.61.10 (depth 2, 24 lits): UNSAT in 0.50s
    cube 1910.61.11 (depth 2, 24 lits): UNSAT in 1.18s
    cube 1910.61.12 (depth 2, 24 lits): UNSAT in 0.14s
    cube 1910.61.13 (depth 2, 24 lits): UNSAT in 0.19s
    cube 1910.61.14 (depth 2, 24 lits): UNSAT in 0.94s
    cube 1910.61.15 (depth 2, 24 lits): UNSAT in 14.01s
    cube 1910.61.16 (depth 2, 24 lits): UNSAT in 0.09s
    cube 1910.61.17 (depth 2, 24 lits): UNSAT in 0.17s
    cube 1910.61.18 (depth 2, 24 lits): UNSAT in 0.06s
    cube 1910.61.19 (depth 2, 24 lits): UNSAT in 0.32s
    cube 1910.61.20 (depth 2, 24 lits): UNSAT in 0.35s
    cube 1910.61.21 (depth 2, 24 lits): UNSAT in 0.83s
    cube 1910.61.22 (depth 2, 24 lits): UNSAT in 0.10s
    cube 1910.61.23 (depth 2, 24 lits): UNSAT in 0.98s
    cube 1910.61.24 (depth 2, 24 lits): UNSAT in 0.19s
    cube 1910.61.25 (depth 2, 24 lits): UNSAT in 1.26s
    cube 1910.61.26 (depth 2, 24 lits): UNSAT in 0.48s
    cube 1910.61.27 (depth 2, 24 lits): UNSAT in 3.32s
    cube 1910.61.28 (depth 2, 24 lits): UNSAT in 0.68s
    cube 1910.61.29 (depth 2, 24 lits): UNSAT in 5.13s
    cube 1910.61.30 (depth 2, 24 lits): UNSAT in 3.00s
    cube 1910.61.31 (depth 2, 24 lits): UNSAT in 189.61s
    cube 1910.61.32 (depth 2, 24 lits): UNSAT in 0.07s
    cube 1910.61.33 (depth 2, 24 lits): UNSAT in 0.19s
    cube 1910.61.34 (depth 2, 24 lits): UNSAT in 0.07s
    cube 1910.61.35 (depth 2, 24 lits): UNSAT in 0.17s
    cube 1910.61.36 (depth 2, 24 lits): UNSAT in 0.04s
    cube 1910.61.37 (depth 2, 24 lits): UNSAT in 0.30s
    cube 1910.61.38 (depth 2, 24 lits): UNSAT in 0.52s
    cube 1910.61.39 (depth 2, 24 lits): UNSAT in 1.34s
    cube 1910.61.40 (depth 2, 24 lits): UNSAT in 0.08s
    cube 1910.61.41 (depth 2, 24 lits): UNSAT in 0.13s
    cube 1910.61.42 (depth 2, 24 lits): UNSAT in 0.48s
    cube 1910.61.43 (depth 2, 24 lits): UNSAT in 1.11s
    cube 1910.61.44 (depth 2, 24 lits): UNSAT in 0.14s
    cube 1910.61.45 (depth 2, 24 lits): UNSAT in 0.43s
    cube 1910.61.46 (depth 2, 24 lits): UNSAT in 1.97s
    cube 1910.61.47 (depth 2, 24 lits): UNSAT in 21.34s
    cube 1910.61.48 (depth 2, 24 lits): UNSAT in 0.07s
    cube 1910.61.49 (depth 2, 24 lits): UNSAT in 0.50s
    cube 1910.61.50 (depth 2, 24 lits): UNSAT in 0.96s
    cube 1910.61.51 (depth 2, 24 lits): UNSAT in 1.93s
    cube 1910.61.52 (depth 2, 24 lits): UNSAT in 0.41s
    cube 1910.61.53 (depth 2, 24 lits): UNSAT in 1.12s
    cube 1910.61.54 (depth 2, 24 lits): UNSAT in 1.69s
    cube 1910.61.55 (depth 2, 24 lits): UNSAT in 57.49s
    cube 1910.61.56 (depth 2, 24 lits): UNSAT in 0.33s
    cube 1910.61.57 (depth 2, 24 lits): UNSAT in 2.54s
    cube 1910.61.58 (depth 2, 24 lits): UNSAT in 1.50s
    cube 1910.61.59 (depth 2, 24 lits): UNSAT in 31.84s
    cube 1910.61.60 (depth 2, 24 lits): UNSAT in 2.81s
    cube 1910.61.61 (depth 2, 24 lits): UNSAT in 84.26s
    cube 1910.61.62 (depth 2, 24 lits): UNSAT in 58.44s
