  shard 6/10 (explicit): 1 of 4095 cubes, per-cube cap 3000.0s, re-split depth 3
    cube 1916 (depth 0, 12 lits): TIMEOUT in 3000.10s
    cube 1916 TIMEOUT -> re-split into 64 sub-cubes (depth 1)
    cube 1916.0 (depth 1, 18 lits): UNSAT in 0.03s
    cube 1916.1 (depth 1, 18 lits): UNSAT in 0.10s
    cube 1916.2 (depth 1, 18 lits): UNSAT in 0.04s
    cube 1916.3 (depth 1, 18 lits): UNSAT in 0.09s
    cube 1916.4 (depth 1, 18 lits): UNSAT in 0.24s
    cube 1916.5 (depth 1, 18 lits): UNSAT in 0.82s
    cube 1916.6 (depth 1, 18 lits): UNSAT in 0.35s
    cube 1916.7 (depth 1, 18 lits): UNSAT in 3.07s
    cube 1916.8 (depth 1, 18 lits): UNSAT in 0.08s
    cube 1916.9 (depth 1, 18 lits): UNSAT in 0.32s
    cube 1916.10 (depth 1, 18 lits): UNSAT in 0.70s
    cube 1916.11 (depth 1, 18 lits): UNSAT in 3.45s
    cube 1916.12 (depth 1, 18 lits): UNSAT in 0.24s
    cube 1916.13 (depth 1, 18 lits): UNSAT in 2.06s
    cube 1916.14 (depth 1, 18 lits): UNSAT in 2.43s
    cube 1916.15 (depth 1, 18 lits): UNSAT in 42.56s
    cube 1916.16 (depth 1, 18 lits): UNSAT in 0.12s
    cube 1916.17 (depth 1, 18 lits): UNSAT in 0.20s
    cube 1916.18 (depth 1, 18 lits): UNSAT in 0.28s
    cube 1916.19 (depth 1, 18 lits): UNSAT in 1.08s
    cube 1916.20 (depth 1, 18 lits): UNSAT in 0.21s
    cube 1916.21 (depth 1, 18 lits): UNSAT in 0.85s
    cube 1916.22 (depth 1, 18 lits): UNSAT in 1.87s
    cube 1916.23 (depth 1, 18 lits): UNSAT in 13.20s
    cube 1916.24 (depth 1, 18 lits): UNSAT in 0.22s
    cube 1916.25 (depth 1, 18 lits): UNSAT in 0.59s
    cube 1916.26 (depth 1, 18 lits): UNSAT in 0.22s
    cube 1916.27 (depth 1, 18 lits): UNSAT in 6.32s
    cube 1916.28 (depth 1, 18 lits): UNSAT in 2.25s
    cube 1916.29 (depth 1, 18 lits): UNSAT in 23.51s
    cube 1916.30 (depth 1, 18 lits): UNSAT in 10.14s
    cube 1916.31 (depth 1, 18 lits): UNSAT in 542.77s
    cube 1916.32 (depth 1, 18 lits): UNSAT in 0.14s
    cube 1916.33 (depth 1, 18 lits): UNSAT in 1.13s
    cube 1916.34 (depth 1, 18 lits): UNSAT in 0.25s
    cube 1916.35 (depth 1, 18 lits): UNSAT in 2.01s
    cube 1916.36 (depth 1, 18 lits): UNSAT in 0.56s
    cube 1916.37 (depth 1, 18 lits): UNSAT in 4.93s
    cube 1916.38 (depth 1, 18 lits): UNSAT in 1.52s
    cube 1916.39 (depth 1, 18 lits): UNSAT in 23.79s
    cube 1916.40 (depth 1, 18 lits): UNSAT in 0.48s
    cube 1916.41 (depth 1, 18 lits): UNSAT in 1.69s
    cube 1916.42 (depth 1, 18 lits): UNSAT in 4.37s
    cube 1916.43 (depth 1, 18 lits): UNSAT in 16.73s
    cube 1916.44 (depth 1, 18 lits): UNSAT in 4.01s
    cube 1916.45 (depth 1, 18 lits): UNSAT in 21.20s
    cube 1916.46 (depth 1, 18 lits): UNSAT in 3.85s
    cube 1916.47 (depth 1, 18 lits): UNSAT in 927.11s
    cube 1916.48 (depth 1, 18 lits): UNSAT in 0.68s
    cube 1916.49 (depth 1, 18 lits): UNSAT in 3.68s
    cube 1916.50 (depth 1, 18 lits): UNSAT in 6.23s
    cube 1916.51 (depth 1, 18 lits): UNSAT in 27.38s
    cube 1916.52 (depth 1, 18 lits): UNSAT in 0.74s
    cube 1916.53 (depth 1, 18 lits): UNSAT in 24.22s
    cube 1916.54 (depth 1, 18 lits): UNSAT in 6.94s
    cube 1916.55 (depth 1, 18 lits): UNSAT in 267.49s
    cube 1916.56 (depth 1, 18 lits): UNSAT in 9.09s
    cube 1916.57 (depth 1, 18 lits): UNSAT in 165.37s
    cube 1916.58 (depth 1, 18 lits): UNSAT in 108.02s
    cube 1916.59 (depth 1, 18 lits): UNSAT in 1061.87s
    cube 1916.60 (depth 1, 18 lits): UNSAT in 131.66s
    cube 1916.61 (depth 1, 18 lits): UNSAT in 2438.43s
    cube 1916.62 (depth 1, 18 lits): TIMEOUT in 3000.10s
    cube 1916.62 TIMEOUT -> re-split into 64 sub-cubes (depth 2)
    cube 1916.62.0 (depth 2, 24 lits): UNSAT in 0.02s
    cube 1916.62.1 (depth 2, 24 lits): UNSAT in 0.06s
    cube 1916.62.2 (depth 2, 24 lits): UNSAT in 0.04s
    cube 1916.62.3 (depth 2, 24 lits): UNSAT in 0.04s
    cube 1916.62.4 (depth 2, 24 lits): UNSAT in 0.03s
    cube 1916.62.5 (depth 2, 24 lits): UNSAT in 0.16s
    cube 1916.62.6 (depth 2, 24 lits): UNSAT in 0.21s
    cube 1916.62.7 (depth 2, 24 lits): UNSAT in 0.97s
    cube 1916.62.8 (depth 2, 24 lits): UNSAT in 0.06s
    cube 1916.62.9 (depth 2, 24 lits): UNSAT in 0.27s
    cube 1916.62.10 (depth 2, 24 lits): UNSAT in 0.25s
    cube 1916.62.11 (depth 2, 24 lits): UNSAT in 0.39s
    cube 1916.62.12 (depth 2, 24 lits): UNSAT in 0.07s
    cube 1916.62.13 (depth 2, 24 lits): UNSAT in 0.66s
    cube 1916.62.14 (depth 2, 24 lits): UNSAT in 0.19s
    cube 1916.62.15 (depth 2, 24 lits): UNSAT in 5.42s
    cube 1916.62.16 (depth 2, 24 lits): UNSAT in 0.04s
    cube 1916.62.17 (depth 2, 24 lits): UNSAT in 0.12s
    cube 1916.62.18 (depth 2, 24 lits): UNSAT in 0.12s
    cube 1916.62.19 (depth 2, 24 lits): UNSAT in 0.17s
    cube 1916.62.20 (depth 2, 24 lits): UNSAT in 0.03s
    cube 1916.62.21 (depth 2, 24 lits): UNSAT in 0.11s
    cube 1916.62.22 (depth 2, 24 lits): UNSAT in 0.13s
    cube 1916.62.23 (depth 2, 24 lits): UNSAT in 1.33s
    cube 1916.62.24 (depth 2, 24 lits): UNSAT in 0.16s
    cube 1916.62.25 (depth 2, 24 lits): UNSAT in 0.60s
    cube 1916.62.26 (depth 2, 24 lits): UNSAT in 0.88s
    cube 1916.62.27 (depth 2, 24 lits): UNSAT in 2.93s
    cube 1916.62.28 (depth 2, 24 lits): UNSAT in 1.00s
    cube 1916.62.29 (depth 2, 24 lits): UNSAT in 2.57s
    cube 1916.62.30 (depth 2, 24 lits): UNSAT in 3.24s
    cube 1916.62.31 (depth 2, 24 lits): UNSAT in 73.22s
    cube 1916.62.32 (depth 2, 24 lits): UNSAT in 0.04s
    cube 1916.62.33 (depth 2, 24 lits): UNSAT in 0.19s
    cube 1916.62.34 (depth 2, 24 lits): UNSAT in 0.20s
    cube 1916.62.35 (depth 2, 24 lits): UNSAT in 0.47s
    cube 1916.62.36 (depth 2, 24 lits): UNSAT in 0.15s
    cube 1916.62.37 (depth 2, 24 lits): UNSAT in 0.75s
    cube 1916.62.38 (depth 2, 24 lits): UNSAT in 0.74s
    cube 1916.62.39 (depth 2, 24 lits): UNSAT in 4.54s
    cube 1916.62.40 (depth 2, 24 lits): UNSAT in 0.16s
    cube 1916.62.41 (depth 2, 24 lits): UNSAT in 0.31s
    cube 1916.62.42 (depth 2, 24 lits): UNSAT in 0.16s
    cube 1916.62.43 (depth 2, 24 lits): UNSAT in 1.34s
    cube 1916.62.44 (depth 2, 24 lits): UNSAT in 0.44s
    cube 1916.62.45 (depth 2, 24 lits): UNSAT in 3.41s
    cube 1916.62.46 (depth 2, 24 lits): UNSAT in 1.68s
    cube 1916.62.47 (depth 2, 24 lits): UNSAT in 60.74s
    cube 1916.62.48 (depth 2, 24 lits): UNSAT in 0.20s
    cube 1916.62.49 (depth 2, 24 lits): UNSAT in 0.21s
    cube 1916.62.50 (depth 2, 24 lits): UNSAT in 0.22s
    cube 1916.62.51 (depth 2, 24 lits): UNSAT in 1.47s
    cube 1916.62.52 (depth 2, 24 lits): UNSAT in 0.12s
    cube 1916.62.53 (depth 2, 24 lits): UNSAT in 1.18s
    cube 1916.62.54 (depth 2, 24 lits): UNSAT in 0.51s
    cube 1916.62.55 (depth 2, 24 lits): UNSAT in 13.66s
    cube 1916.62.56 (depth 2, 24 lits): UNSAT in 0.17s
    cube 1916.62.57 (depth 2, 24 lits): UNSAT in 1.26s
    cube 1916.62.58 (depth 2, 24 lits): UNSAT in 1.08s
    cube 1916.62.59 (depth 2, 24 lits): UNSAT in 6.02s
    cube 1916.62.60 (depth 2, 24 lits): UNSAT in 1.93s
    cube 1916.62.61 (depth 2, 24 lits): UNSAT in 13.24s
    cube 1916.62.62 (depth 2, 24 lits): UNSAT in 9.96s
    cube 1916.62.63 (depth 2, 24 lits): UNSAT in 745.30s
    cube 1916.63 (depth 1, 18 lits): TIMEOUT in 3000.05s
    cube 1916.63 TIMEOUT -> re-split into 64 sub-cubes (depth 2)
    cube 1916.63.0 (depth 2, 24 lits): UNSAT in 0.02s
    cube 1916.63.1 (depth 2, 24 lits): UNSAT in 0.11s
    cube 1916.63.2 (depth 2, 24 lits): UNSAT in 0.06s
    cube 1916.63.3 (depth 2, 24 lits): UNSAT in 0.42s
    cube 1916.63.4 (depth 2, 24 lits): UNSAT in 0.33s
    cube 1916.63.5 (depth 2, 24 lits): UNSAT in 1.55s
    cube 1916.63.6 (depth 2, 24 lits): UNSAT in 0.74s
    cube 1916.63.7 (depth 2, 24 lits): UNSAT in 3.94s
    cube 1916.63.8 (depth 2, 24 lits): UNSAT in 0.09s
    cube 1916.63.9 (depth 2, 24 lits): UNSAT in 0.31s
    cube 1916.63.10 (depth 2, 24 lits): UNSAT in 0.50s
    cube 1916.63.11 (depth 2, 24 lits): UNSAT in 9.12s
    cube 1916.63.12 (depth 2, 24 lits): UNSAT in 0.26s
    cube 1916.63.13 (depth 2, 24 lits): UNSAT in 0.51s
    cube 1916.63.14 (depth 2, 24 lits): UNSAT in 7.12s
    cube 1916.63.15 (depth 2, 24 lits): UNSAT in 50.05s
    cube 1916.63.16 (depth 2, 24 lits): UNSAT in 0.09s
    cube 1916.63.17 (depth 2, 24 lits): UNSAT in 0.27s
    cube 1916.63.18 (depth 2, 24 lits): UNSAT in 0.25s
    cube 1916.63.19 (depth 2, 24 lits): UNSAT in 1.62s
    cube 1916.63.20 (depth 2, 24 lits): UNSAT in 0.27s
    cube 1916.63.21 (depth 2, 24 lits): UNSAT in 1.39s
    cube 1916.63.22 (depth 2, 24 lits): UNSAT in 2.82s
    cube 1916.63.23 (depth 2, 24 lits): UNSAT in 30.03s
    cube 1916.63.24 (depth 2, 24 lits): UNSAT in 0.48s
    cube 1916.63.25 (depth 2, 24 lits): UNSAT in 1.51s
    cube 1916.63.26 (depth 2, 24 lits): UNSAT in 0.66s
    cube 1916.63.27 (depth 2, 24 lits): UNSAT in 8.57s
    cube 1916.63.28 (depth 2, 24 lits): UNSAT in 2.72s
    cube 1916.63.29 (depth 2, 24 lits): UNSAT in 12.68s
    cube 1916.63.30 (depth 2, 24 lits): UNSAT in 31.15s
    cube 1916.63.31 (depth 2, 24 lits): UNSAT in 2221.69s
    cube 1916.63.32 (depth 2, 24 lits): UNSAT in 0.05s
    cube 1916.63.33 (depth 2, 24 lits): UNSAT in 0.07s
    cube 1916.63.34 (depth 2, 24 lits): UNSAT in 0.19s
    cube 1916.63.35 (depth 2, 24 lits): UNSAT in 0.67s
    cube 1916.63.36 (depth 2, 24 lits): UNSAT in 0.16s
    cube 1916.63.37 (depth 2, 24 lits): UNSAT in 0.62s
    cube 1916.63.38 (depth 2, 24 lits): UNSAT in 3.08s
    cube 1916.63.39 (depth 2, 24 lits): UNSAT in 4.39s
    cube 1916.63.40 (depth 2, 24 lits): UNSAT in 0.09s
    cube 1916.63.41 (depth 2, 24 lits): UNSAT in 0.42s
    cube 1916.63.42 (depth 2, 24 lits): UNSAT in 0.82s
    cube 1916.63.43 (depth 2, 24 lits): UNSAT in 15.38s
    cube 1916.63.44 (depth 2, 24 lits): UNSAT in 0.28s
    cube 1916.63.45 (depth 2, 24 lits): UNSAT in 0.96s
    cube 1916.63.46 (depth 2, 24 lits): UNSAT in 12.28s
    cube 1916.63.47 (depth 2, 24 lits): UNSAT in 90.74s
    cube 1916.63.48 (depth 2, 24 lits): UNSAT in 0.14s
    cube 1916.63.49 (depth 2, 24 lits): UNSAT in 1.16s
    cube 1916.63.50 (depth 2, 24 lits): UNSAT in 0.91s
    cube 1916.63.51 (depth 2, 24 lits): UNSAT in 6.37s
    cube 1916.63.52 (depth 2, 24 lits): UNSAT in 0.88s
    cube 1916.63.53 (depth 2, 24 lits): UNSAT in 3.52s
    cube 1916.63.54 (depth 2, 24 lits): UNSAT in 1.72s
    cube 1916.63.55 (depth 2, 24 lits): UNSAT in 182.94s
    cube 1916.63.56 (depth 2, 24 lits): UNSAT in 0.46s
    cube 1916.63.57 (depth 2, 24 lits): UNSAT in 5.26s
    cube 1916.63.58 (depth 2, 24 lits): UNSAT in 2.02s
    cube 1916.63.59 (depth 2, 24 lits): UNSAT in 36.09s
    cube 1916.63.60 (depth 2, 24 lits): UNSAT in 1.85s
    cube 1916.63.61 (depth 2, 24 lits): UNSAT in 14.57s
    cube 1916.63.62 (depth 2, 24 lits): UNSAT in 39.73s
