  shard 7/24 (explicit): 1 of 4095 cubes, per-cube cap 1200.0s, re-split depth 7
    cube 2556 (depth 0, 12 lits): TIMEOUT in 1200.07s
    cube 2556 TIMEOUT -> re-split into 255 sub-cubes (depth 1)
    cube 2556.0 (depth 1, 20 lits): UNSAT in 0.01s
    cube 2556.1 (depth 1, 20 lits): UNSAT in 0.01s
    cube 2556.2 (depth 1, 20 lits): UNSAT in 0.01s
    cube 2556.3 (depth 1, 20 lits): UNSAT in 0.01s
    cube 2556.4 (depth 1, 19 lits): UNSAT in 0.01s
    cube 2556.5 (depth 1, 20 lits): UNSAT in 0.01s
    cube 2556.6 (depth 1, 20 lits): UNSAT in 0.02s
    cube 2556.7 (depth 1, 20 lits): UNSAT in 0.01s
    cube 2556.8 (depth 1, 20 lits): UNSAT in 0.02s
    cube 2556.9 (depth 1, 20 lits): UNSAT in 0.01s
    cube 2556.10 (depth 1, 20 lits): UNSAT in 0.01s
    cube 2556.11 (depth 1, 20 lits): UNSAT in 0.01s
    cube 2556.12 (depth 1, 20 lits): UNSAT in 0.03s
    cube 2556.13 (depth 1, 20 lits): UNSAT in 0.02s
    cube 2556.14 (depth 1, 20 lits): UNSAT in 0.09s
    cube 2556.15 (depth 1, 20 lits): UNSAT in 0.01s
    cube 2556.16 (depth 1, 20 lits): UNSAT in 0.02s
    cube 2556.17 (depth 1, 20 lits): UNSAT in 0.01s
    cube 2556.18 (depth 1, 20 lits): UNSAT in 0.02s
    cube 2556.19 (depth 1, 20 lits): UNSAT in 0.02s
    cube 2556.20 (depth 1, 20 lits): UNSAT in 0.02s
    cube 2556.21 (depth 1, 20 lits): UNSAT in 0.02s
    cube 2556.22 (depth 1, 20 lits): UNSAT in 0.06s
    cube 2556.23 (depth 1, 20 lits): UNSAT in 0.01s
    cube 2556.24 (depth 1, 20 lits): UNSAT in 0.03s
    cube 2556.25 (depth 1, 20 lits): UNSAT in 0.05s
    cube 2556.26 (depth 1, 20 lits): UNSAT in 0.09s
    cube 2556.27 (depth 1, 20 lits): UNSAT in 0.05s
    cube 2556.28 (depth 1, 20 lits): UNSAT in 0.11s
    cube 2556.29 (depth 1, 20 lits): UNSAT in 0.06s
    cube 2556.30 (depth 1, 20 lits): UNSAT in 0.26s
    cube 2556.31 (depth 1, 20 lits): UNSAT in 0.01s
    cube 2556.32 (depth 1, 20 lits): UNSAT in 0.02s
    cube 2556.33 (depth 1, 20 lits): UNSAT in 0.02s
    cube 2556.34 (depth 1, 20 lits): UNSAT in 0.05s
    cube 2556.35 (depth 1, 20 lits): UNSAT in 0.01s
    cube 2556.36 (depth 1, 20 lits): UNSAT in 0.05s
    cube 2556.37 (depth 1, 20 lits): UNSAT in 0.08s
    cube 2556.38 (depth 1, 20 lits): UNSAT in 0.36s
    cube 2556.39 (depth 1, 20 lits): UNSAT in 0.03s
    cube 2556.40 (depth 1, 20 lits): UNSAT in 0.05s
    cube 2556.41 (depth 1, 20 lits): UNSAT in 0.04s
    cube 2556.42 (depth 1, 20 lits): UNSAT in 0.20s
    cube 2556.43 (depth 1, 20 lits): UNSAT in 0.08s
    cube 2556.44 (depth 1, 20 lits): UNSAT in 0.41s
    cube 2556.45 (depth 1, 20 lits): UNSAT in 0.33s
    cube 2556.46 (depth 1, 20 lits): UNSAT in 1.11s
    cube 2556.47 (depth 1, 20 lits): UNSAT in 0.02s
    cube 2556.48 (depth 1, 20 lits): UNSAT in 0.07s
    cube 2556.49 (depth 1, 20 lits): UNSAT in 0.08s
    cube 2556.50 (depth 1, 20 lits): UNSAT in 0.15s
    cube 2556.51 (depth 1, 20 lits): UNSAT in 0.08s
    cube 2556.52 (depth 1, 20 lits): UNSAT in 0.09s
    cube 2556.53 (depth 1, 20 lits): UNSAT in 0.08s
    cube 2556.54 (depth 1, 20 lits): UNSAT in 0.21s
    cube 2556.55 (depth 1, 20 lits): UNSAT in 0.06s
    cube 2556.56 (depth 1, 20 lits): UNSAT in 0.07s
    cube 2556.57 (depth 1, 20 lits): UNSAT in 0.24s
    cube 2556.58 (depth 1, 20 lits): UNSAT in 0.36s
    cube 2556.59 (depth 1, 20 lits): UNSAT in 0.19s
    cube 2556.60 (depth 1, 20 lits): UNSAT in 0.41s
    cube 2556.61 (depth 1, 20 lits): UNSAT in 0.23s
    cube 2556.62 (depth 1, 20 lits): UNSAT in 0.31s
    cube 2556.63 (depth 1, 20 lits): UNSAT in 0.02s
    cube 2556.64 (depth 1, 20 lits): UNSAT in 0.02s
    cube 2556.65 (depth 1, 20 lits): UNSAT in 0.01s
    cube 2556.66 (depth 1, 20 lits): UNSAT in 0.07s
    cube 2556.67 (depth 1, 20 lits): UNSAT in 0.02s
    cube 2556.68 (depth 1, 20 lits): UNSAT in 0.12s
    cube 2556.69 (depth 1, 20 lits): UNSAT in 0.06s
    cube 2556.70 (depth 1, 20 lits): UNSAT in 0.46s
    cube 2556.71 (depth 1, 20 lits): UNSAT in 0.01s
    cube 2556.72 (depth 1, 20 lits): UNSAT in 0.04s
    cube 2556.73 (depth 1, 20 lits): UNSAT in 0.03s
    cube 2556.74 (depth 1, 20 lits): UNSAT in 0.16s
    cube 2556.75 (depth 1, 20 lits): UNSAT in 0.03s
    cube 2556.76 (depth 1, 20 lits): UNSAT in 0.17s
    cube 2556.77 (depth 1, 20 lits): UNSAT in 0.29s
    cube 2556.78 (depth 1, 20 lits): UNSAT in 1.53s
    cube 2556.79 (depth 1, 20 lits): UNSAT in 0.02s
    cube 2556.80 (depth 1, 20 lits): UNSAT in 0.04s
    cube 2556.81 (depth 1, 20 lits): UNSAT in 0.04s
    cube 2556.82 (depth 1, 20 lits): UNSAT in 0.23s
    cube 2556.83 (depth 1, 20 lits): UNSAT in 0.08s
    cube 2556.84 (depth 1, 20 lits): UNSAT in 0.29s
    cube 2556.85 (depth 1, 20 lits): UNSAT in 0.16s
    cube 2556.86 (depth 1, 20 lits): UNSAT in 1.17s
    cube 2556.87 (depth 1, 20 lits): UNSAT in 0.17s
    cube 2556.88 (depth 1, 20 lits): UNSAT in 0.28s
    cube 2556.89 (depth 1, 20 lits): UNSAT in 0.08s
    cube 2556.90 (depth 1, 20 lits): UNSAT in 0.33s
    cube 2556.91 (depth 1, 20 lits): UNSAT in 0.25s
    cube 2556.92 (depth 1, 20 lits): UNSAT in 0.62s
    cube 2556.93 (depth 1, 20 lits): UNSAT in 1.30s
    cube 2556.94 (depth 1, 20 lits): UNSAT in 1.20s
    cube 2556.95 (depth 1, 20 lits): UNSAT in 0.06s
    cube 2556.96 (depth 1, 20 lits): UNSAT in 0.10s
    cube 2556.97 (depth 1, 20 lits): UNSAT in 0.18s
    cube 2556.98 (depth 1, 20 lits): UNSAT in 0.28s
    cube 2556.99 (depth 1, 20 lits): UNSAT in 0.16s
    cube 2556.100 (depth 1, 20 lits): UNSAT in 0.23s
    cube 2556.101 (depth 1, 20 lits): UNSAT in 0.37s
    cube 2556.102 (depth 1, 20 lits): UNSAT in 1.12s
    cube 2556.103 (depth 1, 20 lits): UNSAT in 0.06s
    cube 2556.104 (depth 1, 20 lits): UNSAT in 0.19s
    cube 2556.105 (depth 1, 20 lits): UNSAT in 0.38s
    cube 2556.106 (depth 1, 20 lits): UNSAT in 0.90s
    cube 2556.107 (depth 1, 20 lits): UNSAT in 0.25s
    cube 2556.108 (depth 1, 20 lits): UNSAT in 1.38s
    cube 2556.109 (depth 1, 20 lits): UNSAT in 1.58s
    cube 2556.110 (depth 1, 20 lits): UNSAT in 6.47s
    cube 2556.111 (depth 1, 20 lits): UNSAT in 0.21s
    cube 2556.112 (depth 1, 20 lits): UNSAT in 0.57s
    cube 2556.113 (depth 1, 20 lits): UNSAT in 0.23s
    cube 2556.114 (depth 1, 20 lits): UNSAT in 2.20s
    cube 2556.115 (depth 1, 20 lits): UNSAT in 0.17s
    cube 2556.116 (depth 1, 20 lits): UNSAT in 0.91s
    cube 2556.117 (depth 1, 20 lits): UNSAT in 1.82s
    cube 2556.118 (depth 1, 20 lits): UNSAT in 1.35s
    cube 2556.119 (depth 1, 20 lits): UNSAT in 0.56s
    cube 2556.120 (depth 1, 20 lits): UNSAT in 1.09s
    cube 2556.121 (depth 1, 20 lits): UNSAT in 1.19s
    cube 2556.122 (depth 1, 20 lits): UNSAT in 30.99s
    cube 2556.123 (depth 1, 20 lits): UNSAT in 2.04s
    cube 2556.124 (depth 1, 20 lits): UNSAT in 11.55s
    cube 2556.125 (depth 1, 20 lits): UNSAT in 11.35s
    cube 2556.126 (depth 1, 20 lits): UNSAT in 48.61s
    cube 2556.127 (depth 1, 20 lits): UNSAT in 0.01s
    cube 2556.128 (depth 1, 20 lits): UNSAT in 0.02s
    cube 2556.129 (depth 1, 20 lits): UNSAT in 0.01s
    cube 2556.130 (depth 1, 20 lits): UNSAT in 0.03s
    cube 2556.131 (depth 1, 20 lits): UNSAT in 0.03s
    cube 2556.132 (depth 1, 20 lits): UNSAT in 0.04s
    cube 2556.133 (depth 1, 20 lits): UNSAT in 0.04s
    cube 2556.134 (depth 1, 20 lits): UNSAT in 0.04s
    cube 2556.135 (depth 1, 20 lits): UNSAT in 0.03s
    cube 2556.136 (depth 1, 20 lits): UNSAT in 0.04s
    cube 2556.137 (depth 1, 20 lits): UNSAT in 0.03s
    cube 2556.138 (depth 1, 20 lits): UNSAT in 0.07s
    cube 2556.139 (depth 1, 20 lits): UNSAT in 0.02s
    cube 2556.140 (depth 1, 20 lits): UNSAT in 0.02s
    cube 2556.141 (depth 1, 20 lits): UNSAT in 0.06s
    cube 2556.142 (depth 1, 20 lits): UNSAT in 0.06s
    cube 2556.143 (depth 1, 20 lits): UNSAT in 0.01s
    cube 2556.144 (depth 1, 20 lits): UNSAT in 0.02s
    cube 2556.145 (depth 1, 20 lits): UNSAT in 0.04s
    cube 2556.146 (depth 1, 20 lits): UNSAT in 0.03s
    cube 2556.147 (depth 1, 20 lits): UNSAT in 0.04s
    cube 2556.148 (depth 1, 20 lits): UNSAT in 0.08s
    cube 2556.149 (depth 1, 20 lits): UNSAT in 0.10s
    cube 2556.150 (depth 1, 20 lits): UNSAT in 0.16s
    cube 2556.151 (depth 1, 20 lits): UNSAT in 0.03s
    cube 2556.152 (depth 1, 20 lits): UNSAT in 0.07s
    cube 2556.153 (depth 1, 20 lits): UNSAT in 0.03s
    cube 2556.154 (depth 1, 20 lits): UNSAT in 0.17s
    cube 2556.155 (depth 1, 20 lits): UNSAT in 0.08s
    cube 2556.156 (depth 1, 20 lits): UNSAT in 0.18s
    cube 2556.157 (depth 1, 20 lits): UNSAT in 0.28s
    cube 2556.158 (depth 1, 20 lits): UNSAT in 1.46s
    cube 2556.159 (depth 1, 20 lits): UNSAT in 0.07s
    cube 2556.160 (depth 1, 20 lits): UNSAT in 0.29s
    cube 2556.161 (depth 1, 20 lits): UNSAT in 0.24s
    cube 2556.162 (depth 1, 20 lits): UNSAT in 0.66s
    cube 2556.163 (depth 1, 20 lits): UNSAT in 0.30s
    cube 2556.164 (depth 1, 20 lits): UNSAT in 1.26s
    cube 2556.165 (depth 1, 20 lits): UNSAT in 0.38s
    cube 2556.166 (depth 1, 20 lits): UNSAT in 1.05s
    cube 2556.167 (depth 1, 20 lits): UNSAT in 0.22s
    cube 2556.168 (depth 1, 20 lits): UNSAT in 1.07s
    cube 2556.169 (depth 1, 20 lits): UNSAT in 0.21s
    cube 2556.170 (depth 1, 20 lits): UNSAT in 1.36s
    cube 2556.171 (depth 1, 20 lits): UNSAT in 0.17s
    cube 2556.172 (depth 1, 20 lits): UNSAT in 0.48s
    cube 2556.173 (depth 1, 20 lits): UNSAT in 0.44s
    cube 2556.174 (depth 1, 20 lits): UNSAT in 2.39s
    cube 2556.175 (depth 1, 20 lits): UNSAT in 0.05s
    cube 2556.176 (depth 1, 20 lits): UNSAT in 0.12s
    cube 2556.177 (depth 1, 20 lits): UNSAT in 0.21s
    cube 2556.178 (depth 1, 20 lits): UNSAT in 0.52s
    cube 2556.179 (depth 1, 20 lits): UNSAT in 0.21s
    cube 2556.180 (depth 1, 20 lits): UNSAT in 0.26s
    cube 2556.181 (depth 1, 20 lits): UNSAT in 0.23s
    cube 2556.182 (depth 1, 20 lits): UNSAT in 0.63s
    cube 2556.183 (depth 1, 20 lits): UNSAT in 0.23s
    cube 2556.184 (depth 1, 20 lits): UNSAT in 1.06s
    cube 2556.185 (depth 1, 20 lits): UNSAT in 1.41s
    cube 2556.186 (depth 1, 20 lits): UNSAT in 4.88s
    cube 2556.187 (depth 1, 20 lits): UNSAT in 0.84s
    cube 2556.188 (depth 1, 20 lits): UNSAT in 2.76s
    cube 2556.189 (depth 1, 20 lits): UNSAT in 7.56s
    cube 2556.190 (depth 1, 20 lits): UNSAT in 33.12s
    cube 2556.191 (depth 1, 20 lits): UNSAT in 0.02s
    cube 2556.192 (depth 1, 20 lits): UNSAT in 0.03s
    cube 2556.193 (depth 1, 20 lits): UNSAT in 0.03s
    cube 2556.194 (depth 1, 20 lits): UNSAT in 0.13s
    cube 2556.195 (depth 1, 20 lits): UNSAT in 0.03s
    cube 2556.196 (depth 1, 20 lits): UNSAT in 0.05s
    cube 2556.197 (depth 1, 20 lits): UNSAT in 0.10s
    cube 2556.198 (depth 1, 20 lits): UNSAT in 0.15s
    cube 2556.199 (depth 1, 20 lits): UNSAT in 0.01s
    cube 2556.200 (depth 1, 20 lits): UNSAT in 0.04s
    cube 2556.201 (depth 1, 20 lits): UNSAT in 0.03s
    cube 2556.202 (depth 1, 20 lits): UNSAT in 0.06s
    cube 2556.203 (depth 1, 20 lits): UNSAT in 0.08s
    cube 2556.204 (depth 1, 20 lits): UNSAT in 0.07s
    cube 2556.205 (depth 1, 20 lits): UNSAT in 0.04s
    cube 2556.206 (depth 1, 20 lits): UNSAT in 0.38s
    cube 2556.207 (depth 1, 20 lits): UNSAT in 0.22s
    cube 2556.208 (depth 1, 20 lits): UNSAT in 0.58s
    cube 2556.209 (depth 1, 20 lits): UNSAT in 0.63s
    cube 2556.210 (depth 1, 20 lits): UNSAT in 2.20s
    cube 2556.211 (depth 1, 20 lits): UNSAT in 0.17s
    cube 2556.212 (depth 1, 20 lits): UNSAT in 1.00s
    cube 2556.213 (depth 1, 20 lits): UNSAT in 0.13s
    cube 2556.214 (depth 1, 20 lits): UNSAT in 3.42s
    cube 2556.215 (depth 1, 20 lits): UNSAT in 0.06s
    cube 2556.216 (depth 1, 20 lits): UNSAT in 0.17s
    cube 2556.217 (depth 1, 20 lits): UNSAT in 0.28s
    cube 2556.218 (depth 1, 20 lits): UNSAT in 0.29s
    cube 2556.219 (depth 1, 20 lits): UNSAT in 0.69s
    cube 2556.220 (depth 1, 20 lits): UNSAT in 3.69s
    cube 2556.221 (depth 1, 20 lits): UNSAT in 2.38s
    cube 2556.222 (depth 1, 20 lits): UNSAT in 15.45s
    cube 2556.223 (depth 1, 20 lits): UNSAT in 0.08s
    cube 2556.224 (depth 1, 20 lits): UNSAT in 0.26s
    cube 2556.225 (depth 1, 20 lits): UNSAT in 0.33s
    cube 2556.226 (depth 1, 20 lits): UNSAT in 0.91s
    cube 2556.227 (depth 1, 20 lits): UNSAT in 0.38s
    cube 2556.228 (depth 1, 20 lits): UNSAT in 0.59s
    cube 2556.229 (depth 1, 20 lits): UNSAT in 0.43s
    cube 2556.230 (depth 1, 20 lits): UNSAT in 6.74s
    cube 2556.231 (depth 1, 20 lits): UNSAT in 0.40s
    cube 2556.232 (depth 1, 20 lits): UNSAT in 2.34s
    cube 2556.233 (depth 1, 20 lits): UNSAT in 3.57s
    cube 2556.234 (depth 1, 20 lits): UNSAT in 37.78s
    cube 2556.235 (depth 1, 20 lits): UNSAT in 2.81s
    cube 2556.236 (depth 1, 20 lits): UNSAT in 11.54s
    cube 2556.237 (depth 1, 20 lits): UNSAT in 12.64s
    cube 2556.238 (depth 1, 20 lits): UNSAT in 194.62s
    cube 2556.239 (depth 1, 20 lits): UNSAT in 0.10s
    cube 2556.240 (depth 1, 20 lits): UNSAT in 0.98s
    cube 2556.241 (depth 1, 20 lits): UNSAT in 2.13s
    cube 2556.242 (depth 1, 20 lits): UNSAT in 8.02s
    cube 2556.243 (depth 1, 20 lits): UNSAT in 6.12s
    cube 2556.244 (depth 1, 20 lits): UNSAT in 8.03s
    cube 2556.245 (depth 1, 20 lits): UNSAT in 20.81s
    cube 2556.246 (depth 1, 20 lits): UNSAT in 1061.34s
    cube 2556.247 (depth 1, 20 lits): UNSAT in 6.90s
    cube 2556.248 (depth 1, 20 lits): UNSAT in 28.48s
    cube 2556.249 (depth 1, 20 lits): UNSAT in 10.50s
    cube 2556.250 (depth 1, 20 lits): TIMEOUT in 1200.08s
    cube 2556.250 TIMEOUT -> re-split into 253 sub-cubes (depth 2)
    cube 2556.250.0 (depth 2, 27 lits): UNSAT in 0.01s
    cube 2556.250.1 (depth 2, 27 lits): UNSAT in 0.01s
    cube 2556.250.2 (depth 2, 28 lits): UNSAT in 0.01s
    cube 2556.250.3 (depth 2, 28 lits): UNSAT in 0.01s
    cube 2556.250.4 (depth 2, 28 lits): UNSAT in 0.02s
    cube 2556.250.5 (depth 2, 28 lits): UNSAT in 0.01s
    cube 2556.250.6 (depth 2, 28 lits): UNSAT in 0.01s
    cube 2556.250.7 (depth 2, 28 lits): UNSAT in 0.01s
    cube 2556.250.8 (depth 2, 28 lits): UNSAT in 0.02s
    cube 2556.250.9 (depth 2, 28 lits): UNSAT in 0.02s
    cube 2556.250.10 (depth 2, 28 lits): UNSAT in 0.03s
    cube 2556.250.11 (depth 2, 28 lits): UNSAT in 0.05s
    cube 2556.250.12 (depth 2, 28 lits): UNSAT in 0.04s
    cube 2556.250.13 (depth 2, 28 lits): UNSAT in 0.03s
    cube 2556.250.14 (depth 2, 28 lits): UNSAT in 0.01s
    cube 2556.250.15 (depth 2, 28 lits): UNSAT in 0.02s
    cube 2556.250.16 (depth 2, 28 lits): UNSAT in 0.01s
    cube 2556.250.17 (depth 2, 28 lits): UNSAT in 0.01s
    cube 2556.250.18 (depth 2, 28 lits): UNSAT in 0.01s
    cube 2556.250.19 (depth 2, 28 lits): UNSAT in 0.02s
    cube 2556.250.20 (depth 2, 28 lits): UNSAT in 0.04s
    cube 2556.250.21 (depth 2, 28 lits): UNSAT in 0.06s
    cube 2556.250.22 (depth 2, 28 lits): UNSAT in 0.02s
    cube 2556.250.23 (depth 2, 28 lits): UNSAT in 0.03s
    cube 2556.250.24 (depth 2, 28 lits): UNSAT in 0.03s
    cube 2556.250.25 (depth 2, 28 lits): UNSAT in 0.08s
    cube 2556.250.26 (depth 2, 28 lits): UNSAT in 0.07s
    cube 2556.250.27 (depth 2, 28 lits): UNSAT in 0.24s
    cube 2556.250.28 (depth 2, 28 lits): UNSAT in 0.07s
    cube 2556.250.29 (depth 2, 28 lits): UNSAT in 0.58s
    cube 2556.250.30 (depth 2, 28 lits): UNSAT in 0.01s
    cube 2556.250.31 (depth 2, 28 lits): UNSAT in 0.01s
    cube 2556.250.32 (depth 2, 28 lits): UNSAT in 0.01s
    cube 2556.250.33 (depth 2, 28 lits): UNSAT in 0.01s
    cube 2556.250.34 (depth 2, 28 lits): UNSAT in 0.01s
    cube 2556.250.35 (depth 2, 28 lits): UNSAT in 0.01s
    cube 2556.250.36 (depth 2, 28 lits): UNSAT in 0.03s
    cube 2556.250.37 (depth 2, 28 lits): UNSAT in 0.02s
    cube 2556.250.38 (depth 2, 28 lits): UNSAT in 0.01s
    cube 2556.250.39 (depth 2, 28 lits): UNSAT in 0.01s
    cube 2556.250.40 (depth 2, 28 lits): UNSAT in 0.03s
    cube 2556.250.41 (depth 2, 28 lits): UNSAT in 0.02s
    cube 2556.250.42 (depth 2, 28 lits): UNSAT in 0.01s
    cube 2556.250.43 (depth 2, 28 lits): UNSAT in 0.03s
    cube 2556.250.44 (depth 2, 28 lits): UNSAT in 0.05s
    cube 2556.250.45 (depth 2, 28 lits): UNSAT in 0.14s
    cube 2556.250.46 (depth 2, 28 lits): UNSAT in 0.02s
    cube 2556.250.47 (depth 2, 28 lits): UNSAT in 0.02s
    cube 2556.250.48 (depth 2, 28 lits): UNSAT in 0.02s
    cube 2556.250.49 (depth 2, 28 lits): UNSAT in 0.09s
    cube 2556.250.50 (depth 2, 28 lits): UNSAT in 0.02s
    cube 2556.250.51 (depth 2, 28 lits): UNSAT in 0.04s
    cube 2556.250.52 (depth 2, 28 lits): UNSAT in 0.03s
    cube 2556.250.53 (depth 2, 28 lits): UNSAT in 0.13s
    cube 2556.250.54 (depth 2, 28 lits): UNSAT in 0.03s
    cube 2556.250.55 (depth 2, 28 lits): UNSAT in 0.05s
    cube 2556.250.56 (depth 2, 28 lits): UNSAT in 0.05s
    cube 2556.250.57 (depth 2, 28 lits): UNSAT in 0.07s
    cube 2556.250.58 (depth 2, 28 lits): UNSAT in 0.08s
    cube 2556.250.59 (depth 2, 28 lits): UNSAT in 0.95s
    cube 2556.250.60 (depth 2, 28 lits): UNSAT in 1.02s
    cube 2556.250.61 (depth 2, 28 lits): UNSAT in 1.88s
    cube 2556.250.62 (depth 2, 27 lits): UNSAT in 0.01s
    cube 2556.250.63 (depth 2, 28 lits): UNSAT in 0.01s
    cube 2556.250.64 (depth 2, 28 lits): UNSAT in 0.02s
    cube 2556.250.65 (depth 2, 28 lits): UNSAT in 0.01s
    cube 2556.250.66 (depth 2, 28 lits): UNSAT in 0.03s
    cube 2556.250.67 (depth 2, 28 lits): UNSAT in 0.01s
    cube 2556.250.68 (depth 2, 28 lits): UNSAT in 0.03s
    cube 2556.250.69 (depth 2, 28 lits): UNSAT in 0.01s
    cube 2556.250.70 (depth 2, 28 lits): UNSAT in 0.02s
    cube 2556.250.71 (depth 2, 28 lits): UNSAT in 0.03s
    cube 2556.250.72 (depth 2, 28 lits): UNSAT in 0.10s
    cube 2556.250.73 (depth 2, 28 lits): UNSAT in 0.05s
    cube 2556.250.74 (depth 2, 28 lits): UNSAT in 0.12s
    cube 2556.250.75 (depth 2, 28 lits): UNSAT in 0.11s
    cube 2556.250.76 (depth 2, 28 lits): UNSAT in 0.20s
    cube 2556.250.77 (depth 2, 28 lits): UNSAT in 0.01s
    cube 2556.250.78 (depth 2, 28 lits): UNSAT in 0.02s
    cube 2556.250.79 (depth 2, 28 lits): UNSAT in 0.04s
    cube 2556.250.80 (depth 2, 28 lits): UNSAT in 0.02s
    cube 2556.250.81 (depth 2, 28 lits): UNSAT in 0.04s
    cube 2556.250.82 (depth 2, 28 lits): UNSAT in 0.06s
    cube 2556.250.83 (depth 2, 28 lits): UNSAT in 0.01s
    cube 2556.250.84 (depth 2, 28 lits): UNSAT in 0.15s
    cube 2556.250.85 (depth 2, 28 lits): UNSAT in 0.02s
    cube 2556.250.86 (depth 2, 28 lits): UNSAT in 0.03s
    cube 2556.250.87 (depth 2, 28 lits): UNSAT in 0.05s
    cube 2556.250.88 (depth 2, 28 lits): UNSAT in 0.24s
    cube 2556.250.89 (depth 2, 28 lits): UNSAT in 0.04s
    cube 2556.250.90 (depth 2, 28 lits): UNSAT in 0.06s
    cube 2556.250.91 (depth 2, 28 lits): UNSAT in 0.97s
    cube 2556.250.92 (depth 2, 28 lits): UNSAT in 0.38s
    cube 2556.250.93 (depth 2, 28 lits): UNSAT in 0.02s
    cube 2556.250.94 (depth 2, 28 lits): UNSAT in 0.04s
    cube 2556.250.95 (depth 2, 28 lits): UNSAT in 0.02s
    cube 2556.250.96 (depth 2, 28 lits): UNSAT in 0.03s
    cube 2556.250.97 (depth 2, 28 lits): UNSAT in 0.03s
    cube 2556.250.98 (depth 2, 28 lits): UNSAT in 0.03s
    cube 2556.250.99 (depth 2, 28 lits): UNSAT in 0.15s
    cube 2556.250.100 (depth 2, 28 lits): UNSAT in 0.11s
    cube 2556.250.101 (depth 2, 28 lits): UNSAT in 0.06s
    cube 2556.250.102 (depth 2, 28 lits): UNSAT in 0.12s
    cube 2556.250.103 (depth 2, 28 lits): UNSAT in 0.14s
    cube 2556.250.104 (depth 2, 28 lits): UNSAT in 0.22s
    cube 2556.250.105 (depth 2, 28 lits): UNSAT in 0.03s
    cube 2556.250.106 (depth 2, 28 lits): UNSAT in 0.06s
    cube 2556.250.107 (depth 2, 28 lits): UNSAT in 0.08s
    cube 2556.250.108 (depth 2, 28 lits): UNSAT in 0.05s
    cube 2556.250.109 (depth 2, 28 lits): UNSAT in 0.05s
    cube 2556.250.110 (depth 2, 28 lits): UNSAT in 0.10s
    cube 2556.250.111 (depth 2, 28 lits): UNSAT in 0.17s
    cube 2556.250.112 (depth 2, 28 lits): UNSAT in 0.12s
    cube 2556.250.113 (depth 2, 28 lits): UNSAT in 0.09s
    cube 2556.250.114 (depth 2, 28 lits): UNSAT in 0.02s
    cube 2556.250.115 (depth 2, 28 lits): UNSAT in 0.23s
    cube 2556.250.116 (depth 2, 28 lits): UNSAT in 0.74s
    cube 2556.250.117 (depth 2, 28 lits): UNSAT in 0.15s
    cube 2556.250.118 (depth 2, 28 lits): UNSAT in 0.23s
    cube 2556.250.119 (depth 2, 28 lits): UNSAT in 0.06s
    cube 2556.250.120 (depth 2, 28 lits): UNSAT in 0.79s
    cube 2556.250.121 (depth 2, 28 lits): UNSAT in 0.15s
    cube 2556.250.122 (depth 2, 28 lits): UNSAT in 0.10s
    cube 2556.250.123 (depth 2, 28 lits): UNSAT in 0.45s
    cube 2556.250.124 (depth 2, 28 lits): UNSAT in 0.93s
    cube 2556.250.125 (depth 2, 28 lits): UNSAT in 0.01s
    cube 2556.250.126 (depth 2, 28 lits): UNSAT in 0.02s
    cube 2556.250.127 (depth 2, 28 lits): UNSAT in 0.01s
    cube 2556.250.128 (depth 2, 28 lits): UNSAT in 0.03s
    cube 2556.250.129 (depth 2, 28 lits): UNSAT in 0.01s
    cube 2556.250.130 (depth 2, 28 lits): UNSAT in 0.04s
    cube 2556.250.131 (depth 2, 28 lits): UNSAT in 0.02s
    cube 2556.250.132 (depth 2, 28 lits): UNSAT in 0.09s
    cube 2556.250.133 (depth 2, 28 lits): UNSAT in 0.01s
    cube 2556.250.134 (depth 2, 28 lits): UNSAT in 0.04s
    cube 2556.250.135 (depth 2, 28 lits): UNSAT in 0.02s
    cube 2556.250.136 (depth 2, 28 lits): UNSAT in 0.05s
    cube 2556.250.137 (depth 2, 28 lits): UNSAT in 0.01s
    cube 2556.250.138 (depth 2, 28 lits): UNSAT in 0.10s
    cube 2556.250.139 (depth 2, 28 lits): UNSAT in 0.26s
    cube 2556.250.140 (depth 2, 28 lits): UNSAT in 1.02s
    cube 2556.250.141 (depth 2, 28 lits): UNSAT in 0.01s
    cube 2556.250.142 (depth 2, 28 lits): UNSAT in 0.01s
    cube 2556.250.143 (depth 2, 28 lits): UNSAT in 0.01s
    cube 2556.250.144 (depth 2, 28 lits): UNSAT in 0.03s
    cube 2556.250.145 (depth 2, 28 lits): UNSAT in 0.02s
    cube 2556.250.146 (depth 2, 28 lits): UNSAT in 0.03s
    cube 2556.250.147 (depth 2, 28 lits): UNSAT in 0.03s
    cube 2556.250.148 (depth 2, 28 lits): UNSAT in 0.15s
    cube 2556.250.149 (depth 2, 28 lits): UNSAT in 0.01s
    cube 2556.250.150 (depth 2, 28 lits): UNSAT in 0.06s
    cube 2556.250.151 (depth 2, 28 lits): UNSAT in 0.05s
    cube 2556.250.152 (depth 2, 28 lits): UNSAT in 0.15s
    cube 2556.250.153 (depth 2, 28 lits): UNSAT in 0.10s
    cube 2556.250.154 (depth 2, 28 lits): UNSAT in 0.21s
    cube 2556.250.155 (depth 2, 28 lits): UNSAT in 0.16s
    cube 2556.250.156 (depth 2, 28 lits): UNSAT in 0.46s
    cube 2556.250.157 (depth 2, 28 lits): UNSAT in 0.02s
    cube 2556.250.158 (depth 2, 28 lits): UNSAT in 0.03s
    cube 2556.250.159 (depth 2, 28 lits): UNSAT in 0.11s
    cube 2556.250.160 (depth 2, 28 lits): UNSAT in 0.24s
    cube 2556.250.161 (depth 2, 28 lits): UNSAT in 0.05s
    cube 2556.250.162 (depth 2, 28 lits): UNSAT in 0.03s
    cube 2556.250.163 (depth 2, 28 lits): UNSAT in 0.20s
    cube 2556.250.164 (depth 2, 28 lits): UNSAT in 0.13s
    cube 2556.250.165 (depth 2, 28 lits): UNSAT in 0.03s
    cube 2556.250.166 (depth 2, 28 lits): UNSAT in 0.02s
    cube 2556.250.167 (depth 2, 28 lits): UNSAT in 0.04s
    cube 2556.250.168 (depth 2, 28 lits): UNSAT in 0.15s
    cube 2556.250.169 (depth 2, 28 lits): UNSAT in 0.02s
    cube 2556.250.170 (depth 2, 28 lits): UNSAT in 0.03s
    cube 2556.250.171 (depth 2, 28 lits): UNSAT in 0.03s
    cube 2556.250.172 (depth 2, 28 lits): UNSAT in 0.13s
    cube 2556.250.173 (depth 2, 28 lits): UNSAT in 0.09s
    cube 2556.250.174 (depth 2, 28 lits): UNSAT in 0.36s
    cube 2556.250.175 (depth 2, 28 lits): UNSAT in 0.10s
    cube 2556.250.176 (depth 2, 28 lits): UNSAT in 0.47s
    cube 2556.250.177 (depth 2, 28 lits): UNSAT in 0.10s
    cube 2556.250.178 (depth 2, 28 lits): UNSAT in 0.34s
    cube 2556.250.179 (depth 2, 28 lits): UNSAT in 0.31s
    cube 2556.250.180 (depth 2, 28 lits): UNSAT in 1.61s
    cube 2556.250.181 (depth 2, 28 lits): UNSAT in 0.08s
    cube 2556.250.182 (depth 2, 28 lits): UNSAT in 0.14s
    cube 2556.250.183 (depth 2, 28 lits): UNSAT in 0.05s
    cube 2556.250.184 (depth 2, 28 lits): UNSAT in 0.22s
    cube 2556.250.185 (depth 2, 28 lits): UNSAT in 0.70s
    cube 2556.250.186 (depth 2, 28 lits): UNSAT in 0.61s
    cube 2556.250.187 (depth 2, 28 lits): UNSAT in 3.77s
    cube 2556.250.188 (depth 2, 28 lits): UNSAT in 9.94s
    cube 2556.250.189 (depth 2, 28 lits): UNSAT in 0.01s
    cube 2556.250.190 (depth 2, 28 lits): UNSAT in 0.02s
    cube 2556.250.191 (depth 2, 28 lits): UNSAT in 0.04s
    cube 2556.250.192 (depth 2, 28 lits): UNSAT in 0.03s
    cube 2556.250.193 (depth 2, 28 lits): UNSAT in 0.01s
    cube 2556.250.194 (depth 2, 28 lits): UNSAT in 0.03s
    cube 2556.250.195 (depth 2, 28 lits): UNSAT in 0.02s
    cube 2556.250.196 (depth 2, 28 lits): UNSAT in 0.12s
    cube 2556.250.197 (depth 2, 28 lits): UNSAT in 0.02s
    cube 2556.250.198 (depth 2, 28 lits): UNSAT in 0.08s
    cube 2556.250.199 (depth 2, 28 lits): UNSAT in 0.02s
    cube 2556.250.200 (depth 2, 28 lits): UNSAT in 0.05s
    cube 2556.250.201 (depth 2, 28 lits): UNSAT in 0.06s
    cube 2556.250.202 (depth 2, 28 lits): UNSAT in 0.13s
    cube 2556.250.203 (depth 2, 28 lits): UNSAT in 0.62s
    cube 2556.250.204 (depth 2, 28 lits): UNSAT in 2.15s
    cube 2556.250.205 (depth 2, 28 lits): UNSAT in 0.03s
    cube 2556.250.206 (depth 2, 28 lits): UNSAT in 0.03s
    cube 2556.250.207 (depth 2, 28 lits): UNSAT in 0.03s
    cube 2556.250.208 (depth 2, 28 lits): UNSAT in 0.13s
    cube 2556.250.209 (depth 2, 28 lits): UNSAT in 0.04s
    cube 2556.250.210 (depth 2, 28 lits): UNSAT in 0.04s
    cube 2556.250.211 (depth 2, 28 lits): UNSAT in 0.02s
    cube 2556.250.212 (depth 2, 28 lits): UNSAT in 0.13s
    cube 2556.250.213 (depth 2, 28 lits): UNSAT in 0.06s
    cube 2556.250.214 (depth 2, 28 lits): UNSAT in 0.11s
    cube 2556.250.215 (depth 2, 28 lits): UNSAT in 0.12s
    cube 2556.250.216 (depth 2, 28 lits): UNSAT in 0.54s
    cube 2556.250.217 (depth 2, 28 lits): UNSAT in 0.22s
    cube 2556.250.218 (depth 2, 28 lits): UNSAT in 2.06s
    cube 2556.250.219 (depth 2, 28 lits): UNSAT in 0.39s
    cube 2556.250.220 (depth 2, 28 lits): UNSAT in 4.97s
    cube 2556.250.221 (depth 2, 28 lits): UNSAT in 0.04s
    cube 2556.250.222 (depth 2, 28 lits): UNSAT in 0.09s
    cube 2556.250.223 (depth 2, 28 lits): UNSAT in 0.15s
    cube 2556.250.224 (depth 2, 28 lits): UNSAT in 0.34s
    cube 2556.250.225 (depth 2, 28 lits): UNSAT in 0.24s
    cube 2556.250.226 (depth 2, 28 lits): UNSAT in 0.90s
    cube 2556.250.227 (depth 2, 28 lits): UNSAT in 0.48s
    cube 2556.250.228 (depth 2, 28 lits): UNSAT in 1.97s
    cube 2556.250.229 (depth 2, 28 lits): UNSAT in 0.08s
    cube 2556.250.230 (depth 2, 28 lits): UNSAT in 0.30s
    cube 2556.250.231 (depth 2, 28 lits): UNSAT in 0.77s
    cube 2556.250.232 (depth 2, 28 lits): UNSAT in 1.99s
    cube 2556.250.233 (depth 2, 28 lits): UNSAT in 0.16s
    cube 2556.250.234 (depth 2, 28 lits): UNSAT in 1.32s
    cube 2556.250.235 (depth 2, 28 lits): UNSAT in 3.01s
    cube 2556.250.236 (depth 2, 28 lits): UNSAT in 7.80s
    cube 2556.250.237 (depth 2, 28 lits): UNSAT in 0.13s
    cube 2556.250.238 (depth 2, 28 lits): UNSAT in 0.23s
    cube 2556.250.239 (depth 2, 28 lits): UNSAT in 0.48s
    cube 2556.250.240 (depth 2, 28 lits): UNSAT in 1.56s
    cube 2556.250.241 (depth 2, 28 lits): UNSAT in 0.16s
    cube 2556.250.242 (depth 2, 28 lits): UNSAT in 0.99s
    cube 2556.250.243 (depth 2, 28 lits): UNSAT in 2.59s
    cube 2556.250.244 (depth 2, 28 lits): UNSAT in 16.37s
    cube 2556.250.245 (depth 2, 28 lits): UNSAT in 0.86s
    cube 2556.250.246 (depth 2, 28 lits): UNSAT in 2.77s
    cube 2556.250.247 (depth 2, 28 lits): UNSAT in 1.85s
    cube 2556.250.248 (depth 2, 28 lits): UNSAT in 2.87s
    cube 2556.250.249 (depth 2, 28 lits): UNSAT in 4.04s
    cube 2556.250.250 (depth 2, 28 lits): UNSAT in 2.41s
    cube 2556.250.251 (depth 2, 28 lits): UNSAT in 11.55s
    cube 2556.250.252 (depth 2, 28 lits): UNSAT in 29.78s
    cube 2556.251 (depth 1, 20 lits): UNSAT in 11.82s
    cube 2556.252 (depth 1, 20 lits): TIMEOUT in 1200.05s
    cube 2556.252 TIMEOUT -> re-split into 255 sub-cubes (depth 2)
    cube 2556.252.0 (depth 2, 27 lits): UNSAT in 0.01s
    cube 2556.252.1 (depth 2, 28 lits): UNSAT in 0.01s
    cube 2556.252.2 (depth 2, 28 lits): UNSAT in 0.01s
    cube 2556.252.3 (depth 2, 28 lits): UNSAT in 0.01s
    cube 2556.252.4 (depth 2, 28 lits): UNSAT in 0.02s
    cube 2556.252.5 (depth 2, 28 lits): UNSAT in 0.02s
    cube 2556.252.6 (depth 2, 28 lits): UNSAT in 0.03s
    cube 2556.252.7 (depth 2, 28 lits): UNSAT in 0.02s
    cube 2556.252.8 (depth 2, 28 lits): UNSAT in 0.04s
    cube 2556.252.9 (depth 2, 28 lits): UNSAT in 0.04s
    cube 2556.252.10 (depth 2, 28 lits): UNSAT in 0.06s
    cube 2556.252.11 (depth 2, 28 lits): UNSAT in 0.04s
    cube 2556.252.12 (depth 2, 28 lits): UNSAT in 0.06s
    cube 2556.252.13 (depth 2, 28 lits): UNSAT in 0.05s
    cube 2556.252.14 (depth 2, 28 lits): UNSAT in 0.12s
    cube 2556.252.15 (depth 2, 28 lits): UNSAT in 0.02s
    cube 2556.252.16 (depth 2, 28 lits): UNSAT in 0.02s
    cube 2556.252.17 (depth 2, 28 lits): UNSAT in 0.02s
    cube 2556.252.18 (depth 2, 28 lits): UNSAT in 0.04s
    cube 2556.252.19 (depth 2, 28 lits): UNSAT in 0.02s
    cube 2556.252.20 (depth 2, 28 lits): UNSAT in 0.05s
    cube 2556.252.21 (depth 2, 28 lits): UNSAT in 0.04s
    cube 2556.252.22 (depth 2, 28 lits): UNSAT in 0.08s
    cube 2556.252.23 (depth 2, 28 lits): UNSAT in 0.04s
    cube 2556.252.24 (depth 2, 28 lits): UNSAT in 0.03s
    cube 2556.252.25 (depth 2, 28 lits): UNSAT in 0.07s
    cube 2556.252.26 (depth 2, 28 lits): UNSAT in 0.06s
    cube 2556.252.27 (depth 2, 28 lits): UNSAT in 0.05s
    cube 2556.252.28 (depth 2, 28 lits): UNSAT in 0.07s
    cube 2556.252.29 (depth 2, 28 lits): UNSAT in 0.17s
    cube 2556.252.30 (depth 2, 28 lits): UNSAT in 0.21s
    cube 2556.252.31 (depth 2, 28 lits): UNSAT in 0.01s
    cube 2556.252.32 (depth 2, 28 lits): UNSAT in 0.02s
    cube 2556.252.33 (depth 2, 28 lits): UNSAT in 0.02s
    cube 2556.252.34 (depth 2, 28 lits): UNSAT in 0.05s
    cube 2556.252.35 (depth 2, 28 lits): UNSAT in 0.01s
    cube 2556.252.36 (depth 2, 28 lits): UNSAT in 0.03s
    cube 2556.252.37 (depth 2, 28 lits): UNSAT in 0.02s
    cube 2556.252.38 (depth 2, 28 lits): UNSAT in 0.08s
    cube 2556.252.39 (depth 2, 28 lits): UNSAT in 0.01s
    cube 2556.252.40 (depth 2, 28 lits): UNSAT in 0.03s
    cube 2556.252.41 (depth 2, 28 lits): UNSAT in 0.02s
    cube 2556.252.42 (depth 2, 28 lits): UNSAT in 0.18s
    cube 2556.252.43 (depth 2, 28 lits): UNSAT in 0.03s
    cube 2556.252.44 (depth 2, 28 lits): UNSAT in 0.04s
    cube 2556.252.45 (depth 2, 28 lits): UNSAT in 0.07s
    cube 2556.252.46 (depth 2, 28 lits): UNSAT in 0.14s
    cube 2556.252.47 (depth 2, 28 lits): UNSAT in 0.04s
    cube 2556.252.48 (depth 2, 28 lits): UNSAT in 0.05s
    cube 2556.252.49 (depth 2, 28 lits): UNSAT in 0.06s
    cube 2556.252.50 (depth 2, 28 lits): UNSAT in 0.14s
    cube 2556.252.51 (depth 2, 28 lits): UNSAT in 0.04s
    cube 2556.252.52 (depth 2, 28 lits): UNSAT in 0.07s
    cube 2556.252.53 (depth 2, 28 lits): UNSAT in 0.13s
    cube 2556.252.54 (depth 2, 28 lits): UNSAT in 0.38s
    cube 2556.252.55 (depth 2, 28 lits): UNSAT in 0.04s
    cube 2556.252.56 (depth 2, 28 lits): UNSAT in 0.05s
    cube 2556.252.57 (depth 2, 28 lits): UNSAT in 0.19s
    cube 2556.252.58 (depth 2, 28 lits): UNSAT in 0.34s
    cube 2556.252.59 (depth 2, 28 lits): UNSAT in 0.19s
    cube 2556.252.60 (depth 2, 28 lits): UNSAT in 0.71s
    cube 2556.252.61 (depth 2, 28 lits): UNSAT in 0.33s
    cube 2556.252.62 (depth 2, 28 lits): UNSAT in 0.72s
    cube 2556.252.63 (depth 2, 28 lits): UNSAT in 0.01s
    cube 2556.252.64 (depth 2, 28 lits): UNSAT in 0.02s
    cube 2556.252.65 (depth 2, 28 lits): UNSAT in 0.02s
    cube 2556.252.66 (depth 2, 28 lits): UNSAT in 0.02s
    cube 2556.252.67 (depth 2, 28 lits): UNSAT in 0.03s
    cube 2556.252.68 (depth 2, 28 lits): UNSAT in 0.07s
    cube 2556.252.69 (depth 2, 28 lits): UNSAT in 0.05s
    cube 2556.252.70 (depth 2, 28 lits): UNSAT in 0.10s
    cube 2556.252.71 (depth 2, 28 lits): UNSAT in 0.03s
    cube 2556.252.72 (depth 2, 28 lits): UNSAT in 0.04s
    cube 2556.252.73 (depth 2, 28 lits): UNSAT in 0.04s
    cube 2556.252.74 (depth 2, 28 lits): UNSAT in 0.05s
    cube 2556.252.75 (depth 2, 28 lits): UNSAT in 0.04s
    cube 2556.252.76 (depth 2, 28 lits): UNSAT in 0.05s
    cube 2556.252.77 (depth 2, 28 lits): UNSAT in 0.13s
    cube 2556.252.78 (depth 2, 28 lits): UNSAT in 0.10s
    cube 2556.252.79 (depth 2, 28 lits): UNSAT in 0.04s
    cube 2556.252.80 (depth 2, 28 lits): UNSAT in 0.05s
    cube 2556.252.81 (depth 2, 28 lits): UNSAT in 0.04s
    cube 2556.252.82 (depth 2, 28 lits): UNSAT in 0.11s
    cube 2556.252.83 (depth 2, 28 lits): UNSAT in 0.05s
    cube 2556.252.84 (depth 2, 28 lits): UNSAT in 0.09s
    cube 2556.252.85 (depth 2, 28 lits): UNSAT in 0.14s
    cube 2556.252.86 (depth 2, 28 lits): UNSAT in 1.12s
    cube 2556.252.87 (depth 2, 28 lits): UNSAT in 0.07s
    cube 2556.252.88 (depth 2, 28 lits): UNSAT in 0.23s
    cube 2556.252.89 (depth 2, 28 lits): UNSAT in 0.02s
    cube 2556.252.90 (depth 2, 28 lits): UNSAT in 0.47s
    cube 2556.252.91 (depth 2, 28 lits): UNSAT in 0.08s
    cube 2556.252.92 (depth 2, 28 lits): UNSAT in 0.41s
    cube 2556.252.93 (depth 2, 28 lits): UNSAT in 0.42s
    cube 2556.252.94 (depth 2, 28 lits): UNSAT in 1.17s
    cube 2556.252.95 (depth 2, 28 lits): UNSAT in 0.02s
    cube 2556.252.96 (depth 2, 28 lits): UNSAT in 0.04s
    cube 2556.252.97 (depth 2, 28 lits): UNSAT in 0.03s
    cube 2556.252.98 (depth 2, 28 lits): UNSAT in 0.04s
    cube 2556.252.99 (depth 2, 28 lits): UNSAT in 0.10s
    cube 2556.252.100 (depth 2, 28 lits): UNSAT in 0.16s
    cube 2556.252.101 (depth 2, 28 lits): UNSAT in 0.17s
    cube 2556.252.102 (depth 2, 28 lits): UNSAT in 0.22s
    cube 2556.252.103 (depth 2, 28 lits): UNSAT in 0.01s
    cube 2556.252.104 (depth 2, 28 lits): UNSAT in 0.05s
    cube 2556.252.105 (depth 2, 28 lits): UNSAT in 0.06s
    cube 2556.252.106 (depth 2, 28 lits): UNSAT in 0.18s
    cube 2556.252.107 (depth 2, 28 lits): UNSAT in 0.09s
    cube 2556.252.108 (depth 2, 28 lits): UNSAT in 0.45s
    cube 2556.252.109 (depth 2, 28 lits): UNSAT in 0.38s
    cube 2556.252.110 (depth 2, 28 lits): UNSAT in 0.95s
    cube 2556.252.111 (depth 2, 28 lits): UNSAT in 0.02s
    cube 2556.252.112 (depth 2, 28 lits): UNSAT in 0.01s
    cube 2556.252.113 (depth 2, 28 lits): UNSAT in 0.02s
    cube 2556.252.114 (depth 2, 28 lits): UNSAT in 0.37s
    cube 2556.252.115 (depth 2, 28 lits): UNSAT in 0.09s
    cube 2556.252.116 (depth 2, 28 lits): UNSAT in 0.26s
    cube 2556.252.117 (depth 2, 28 lits): UNSAT in 0.25s
    cube 2556.252.118 (depth 2, 28 lits): UNSAT in 0.57s
    cube 2556.252.119 (depth 2, 28 lits): UNSAT in 0.15s
    cube 2556.252.120 (depth 2, 28 lits): UNSAT in 0.45s
    cube 2556.252.121 (depth 2, 28 lits): UNSAT in 0.49s
    cube 2556.252.122 (depth 2, 28 lits): UNSAT in 1.60s
    cube 2556.252.123 (depth 2, 28 lits): UNSAT in 0.48s
    cube 2556.252.124 (depth 2, 28 lits): UNSAT in 0.89s
    cube 2556.252.125 (depth 2, 28 lits): UNSAT in 2.57s
    cube 2556.252.126 (depth 2, 28 lits): UNSAT in 8.64s
    cube 2556.252.127 (depth 2, 28 lits): UNSAT in 0.01s
    cube 2556.252.128 (depth 2, 28 lits): UNSAT in 0.01s
    cube 2556.252.129 (depth 2, 28 lits): UNSAT in 0.01s
    cube 2556.252.130 (depth 2, 28 lits): UNSAT in 0.02s
    cube 2556.252.131 (depth 2, 28 lits): UNSAT in 0.02s
    cube 2556.252.132 (depth 2, 28 lits): UNSAT in 0.02s
    cube 2556.252.133 (depth 2, 28 lits): UNSAT in 0.01s
    cube 2556.252.134 (depth 2, 28 lits): UNSAT in 0.10s
    cube 2556.252.135 (depth 2, 28 lits): UNSAT in 0.02s
    cube 2556.252.136 (depth 2, 28 lits): UNSAT in 0.02s
    cube 2556.252.137 (depth 2, 28 lits): UNSAT in 0.03s
    cube 2556.252.138 (depth 2, 28 lits): UNSAT in 0.07s
    cube 2556.252.139 (depth 2, 28 lits): UNSAT in 0.01s
    cube 2556.252.140 (depth 2, 28 lits): UNSAT in 0.02s
    cube 2556.252.141 (depth 2, 28 lits): UNSAT in 0.11s
    cube 2556.252.142 (depth 2, 28 lits): UNSAT in 0.05s
    cube 2556.252.143 (depth 2, 28 lits): UNSAT in 0.02s
    cube 2556.252.144 (depth 2, 28 lits): UNSAT in 0.03s
    cube 2556.252.145 (depth 2, 28 lits): UNSAT in 0.03s
    cube 2556.252.146 (depth 2, 28 lits): UNSAT in 0.06s
    cube 2556.252.147 (depth 2, 28 lits): UNSAT in 0.02s
    cube 2556.252.148 (depth 2, 28 lits): UNSAT in 0.07s
    cube 2556.252.149 (depth 2, 28 lits): UNSAT in 0.09s
    cube 2556.252.150 (depth 2, 28 lits): UNSAT in 0.10s
    cube 2556.252.151 (depth 2, 28 lits): UNSAT in 0.01s
    cube 2556.252.152 (depth 2, 28 lits): UNSAT in 0.08s
    cube 2556.252.153 (depth 2, 28 lits): UNSAT in 0.07s
    cube 2556.252.154 (depth 2, 28 lits): UNSAT in 0.20s
    cube 2556.252.155 (depth 2, 28 lits): UNSAT in 0.12s
    cube 2556.252.156 (depth 2, 28 lits): UNSAT in 0.52s
    cube 2556.252.157 (depth 2, 28 lits): UNSAT in 0.20s
    cube 2556.252.158 (depth 2, 28 lits): UNSAT in 1.02s
    cube 2556.252.159 (depth 2, 28 lits): UNSAT in 0.03s
    cube 2556.252.160 (depth 2, 28 lits): UNSAT in 0.03s
    cube 2556.252.161 (depth 2, 28 lits): UNSAT in 0.02s
    cube 2556.252.162 (depth 2, 28 lits): UNSAT in 0.06s
    cube 2556.252.163 (depth 2, 28 lits): UNSAT in 0.02s
    cube 2556.252.164 (depth 2, 28 lits): UNSAT in 0.09s
    cube 2556.252.165 (depth 2, 28 lits): UNSAT in 0.03s
    cube 2556.252.166 (depth 2, 28 lits): UNSAT in 0.33s
    cube 2556.252.167 (depth 2, 28 lits): UNSAT in 0.02s
    cube 2556.252.168 (depth 2, 28 lits): UNSAT in 0.05s
    cube 2556.252.169 (depth 2, 28 lits): UNSAT in 0.04s
    cube 2556.252.170 (depth 2, 28 lits): UNSAT in 0.11s
    cube 2556.252.171 (depth 2, 28 lits): UNSAT in 0.05s
    cube 2556.252.172 (depth 2, 28 lits): UNSAT in 0.14s
    cube 2556.252.173 (depth 2, 28 lits): UNSAT in 0.16s
    cube 2556.252.174 (depth 2, 28 lits): UNSAT in 0.23s
    cube 2556.252.175 (depth 2, 28 lits): UNSAT in 0.03s
    cube 2556.252.176 (depth 2, 28 lits): UNSAT in 0.08s
    cube 2556.252.177 (depth 2, 28 lits): UNSAT in 0.05s
    cube 2556.252.178 (depth 2, 28 lits): UNSAT in 0.08s
    cube 2556.252.179 (depth 2, 28 lits): UNSAT in 0.04s
    cube 2556.252.180 (depth 2, 28 lits): UNSAT in 0.05s
    cube 2556.252.181 (depth 2, 28 lits): UNSAT in 0.04s
    cube 2556.252.182 (depth 2, 28 lits): UNSAT in 0.05s
    cube 2556.252.183 (depth 2, 28 lits): UNSAT in 0.23s
    cube 2556.252.184 (depth 2, 28 lits): UNSAT in 0.55s
    cube 2556.252.185 (depth 2, 28 lits): UNSAT in 0.49s
    cube 2556.252.186 (depth 2, 28 lits): UNSAT in 0.31s
    cube 2556.252.187 (depth 2, 28 lits): UNSAT in 0.15s
    cube 2556.252.188 (depth 2, 28 lits): UNSAT in 0.22s
    cube 2556.252.189 (depth 2, 28 lits): UNSAT in 2.36s
    cube 2556.252.190 (depth 2, 28 lits): UNSAT in 4.86s
    cube 2556.252.191 (depth 2, 28 lits): UNSAT in 0.02s
    cube 2556.252.192 (depth 2, 28 lits): UNSAT in 0.08s
    cube 2556.252.193 (depth 2, 28 lits): UNSAT in 0.04s
    cube 2556.252.194 (depth 2, 28 lits): UNSAT in 0.16s
    cube 2556.252.195 (depth 2, 28 lits): UNSAT in 0.02s
    cube 2556.252.196 (depth 2, 28 lits): UNSAT in 0.08s
    cube 2556.252.197 (depth 2, 28 lits): UNSAT in 0.02s
    cube 2556.252.198 (depth 2, 28 lits): UNSAT in 0.11s
    cube 2556.252.199 (depth 2, 28 lits): UNSAT in 0.03s
    cube 2556.252.200 (depth 2, 28 lits): UNSAT in 0.10s
    cube 2556.252.201 (depth 2, 28 lits): UNSAT in 0.27s
    cube 2556.252.202 (depth 2, 28 lits): UNSAT in 0.17s
    cube 2556.252.203 (depth 2, 28 lits): UNSAT in 0.05s
    cube 2556.252.204 (depth 2, 28 lits): UNSAT in 0.15s
    cube 2556.252.205 (depth 2, 28 lits): UNSAT in 0.18s
    cube 2556.252.206 (depth 2, 28 lits): UNSAT in 1.83s
    cube 2556.252.207 (depth 2, 28 lits): UNSAT in 0.02s
    cube 2556.252.208 (depth 2, 28 lits): UNSAT in 0.02s
    cube 2556.252.209 (depth 2, 28 lits): UNSAT in 0.04s
    cube 2556.252.210 (depth 2, 28 lits): UNSAT in 0.13s
    cube 2556.252.211 (depth 2, 28 lits): UNSAT in 0.04s
    cube 2556.252.212 (depth 2, 28 lits): UNSAT in 0.15s
    cube 2556.252.213 (depth 2, 28 lits): UNSAT in 0.08s
    cube 2556.252.214 (depth 2, 28 lits): UNSAT in 0.16s
    cube 2556.252.215 (depth 2, 28 lits): UNSAT in 0.04s
    cube 2556.252.216 (depth 2, 28 lits): UNSAT in 0.09s
    cube 2556.252.217 (depth 2, 28 lits): UNSAT in 0.37s
    cube 2556.252.218 (depth 2, 28 lits): UNSAT in 0.21s
    cube 2556.252.219 (depth 2, 28 lits): UNSAT in 0.44s
    cube 2556.252.220 (depth 2, 28 lits): UNSAT in 0.20s
    cube 2556.252.221 (depth 2, 28 lits): UNSAT in 1.88s
    cube 2556.252.222 (depth 2, 28 lits): UNSAT in 7.98s
    cube 2556.252.223 (depth 2, 28 lits): UNSAT in 0.22s
    cube 2556.252.224 (depth 2, 28 lits): UNSAT in 0.18s
    cube 2556.252.225 (depth 2, 28 lits): UNSAT in 0.37s
    cube 2556.252.226 (depth 2, 28 lits): UNSAT in 0.99s
    cube 2556.252.227 (depth 2, 28 lits): UNSAT in 0.12s
    cube 2556.252.228 (depth 2, 28 lits): UNSAT in 1.57s
    cube 2556.252.229 (depth 2, 28 lits): UNSAT in 0.22s
    cube 2556.252.230 (depth 2, 28 lits): UNSAT in 2.43s
    cube 2556.252.231 (depth 2, 28 lits): UNSAT in 0.47s
    cube 2556.252.232 (depth 2, 28 lits): UNSAT in 0.98s
    cube 2556.252.233 (depth 2, 28 lits): UNSAT in 0.84s
    cube 2556.252.234 (depth 2, 28 lits): UNSAT in 1.21s
    cube 2556.252.235 (depth 2, 28 lits): UNSAT in 0.59s
    cube 2556.252.236 (depth 2, 28 lits): UNSAT in 1.19s
    cube 2556.252.237 (depth 2, 28 lits): UNSAT in 4.13s
    cube 2556.252.238 (depth 2, 28 lits): UNSAT in 4.66s
    cube 2556.252.239 (depth 2, 28 lits): UNSAT in 0.46s
    cube 2556.252.240 (depth 2, 28 lits): UNSAT in 0.73s
    cube 2556.252.241 (depth 2, 28 lits): UNSAT in 0.35s
    cube 2556.252.242 (depth 2, 28 lits): UNSAT in 3.37s
    cube 2556.252.243 (depth 2, 28 lits): UNSAT in 0.27s
    cube 2556.252.244 (depth 2, 28 lits): UNSAT in 0.39s
    cube 2556.252.245 (depth 2, 28 lits): UNSAT in 0.44s
    cube 2556.252.246 (depth 2, 28 lits): UNSAT in 14.77s
    cube 2556.252.247 (depth 2, 28 lits): UNSAT in 1.47s
    cube 2556.252.248 (depth 2, 28 lits): UNSAT in 6.35s
    cube 2556.252.249 (depth 2, 28 lits): UNSAT in 3.01s
    cube 2556.252.250 (depth 2, 28 lits): UNSAT in 29.45s
    cube 2556.252.251 (depth 2, 28 lits): UNSAT in 8.25s
    cube 2556.252.252 (depth 2, 28 lits): UNSAT in 5.15s
    cube 2556.252.253 (depth 2, 28 lits): UNSAT in 21.97s
    cube 2556.252.254 (depth 2, 28 lits): UNSAT in 54.81s
    cube 2556.253 (depth 1, 20 lits): TIMEOUT in 1200.01s
    cube 2556.253 TIMEOUT -> re-split into 253 sub-cubes (depth 2)
    cube 2556.253.0 (depth 2, 28 lits): UNSAT in 0.01s
    cube 2556.253.1 (depth 2, 28 lits): UNSAT in 0.01s
    cube 2556.253.2 (depth 2, 27 lits): UNSAT in 0.02s
    cube 2556.253.3 (depth 2, 28 lits): UNSAT in 0.01s
    cube 2556.253.4 (depth 2, 28 lits): UNSAT in 0.01s
    cube 2556.253.5 (depth 2, 28 lits): UNSAT in 0.01s
    cube 2556.253.6 (depth 2, 28 lits): UNSAT in 0.01s
    cube 2556.253.7 (depth 2, 28 lits): UNSAT in 0.01s
    cube 2556.253.8 (depth 2, 28 lits): UNSAT in 0.01s
    cube 2556.253.9 (depth 2, 28 lits): UNSAT in 0.02s
    cube 2556.253.10 (depth 2, 28 lits): UNSAT in 0.02s
    cube 2556.253.11 (depth 2, 28 lits): UNSAT in 0.02s
    cube 2556.253.12 (depth 2, 28 lits): UNSAT in 0.04s
    cube 2556.253.13 (depth 2, 28 lits): UNSAT in 0.09s
    cube 2556.253.14 (depth 2, 28 lits): UNSAT in 0.14s
    cube 2556.253.15 (depth 2, 28 lits): UNSAT in 0.01s
    cube 2556.253.16 (depth 2, 28 lits): UNSAT in 0.01s
    cube 2556.253.17 (depth 2, 28 lits): UNSAT in 0.01s
    cube 2556.253.18 (depth 2, 28 lits): UNSAT in 0.01s
    cube 2556.253.19 (depth 2, 28 lits): UNSAT in 0.01s
    cube 2556.253.20 (depth 2, 28 lits): UNSAT in 0.01s
    cube 2556.253.21 (depth 2, 28 lits): UNSAT in 0.02s
    cube 2556.253.22 (depth 2, 28 lits): UNSAT in 0.06s
    cube 2556.253.23 (depth 2, 28 lits): UNSAT in 0.01s
    cube 2556.253.24 (depth 2, 28 lits): UNSAT in 0.01s
    cube 2556.253.25 (depth 2, 28 lits): UNSAT in 0.05s
    cube 2556.253.26 (depth 2, 28 lits): UNSAT in 0.18s
    cube 2556.253.27 (depth 2, 28 lits): UNSAT in 0.08s
    cube 2556.253.28 (depth 2, 28 lits): UNSAT in 0.18s
    cube 2556.253.29 (depth 2, 28 lits): UNSAT in 0.06s
    cube 2556.253.30 (depth 2, 28 lits): UNSAT in 0.46s
    cube 2556.253.31 (depth 2, 28 lits): UNSAT in 0.01s
    cube 2556.253.32 (depth 2, 28 lits): UNSAT in 0.02s
    cube 2556.253.33 (depth 2, 28 lits): UNSAT in 0.01s
    cube 2556.253.34 (depth 2, 28 lits): UNSAT in 0.04s
    cube 2556.253.35 (depth 2, 28 lits): UNSAT in 0.03s
    cube 2556.253.36 (depth 2, 28 lits): UNSAT in 0.08s
    cube 2556.253.37 (depth 2, 28 lits): UNSAT in 0.05s
    cube 2556.253.38 (depth 2, 28 lits): UNSAT in 0.34s
    cube 2556.253.39 (depth 2, 28 lits): UNSAT in 0.02s
    cube 2556.253.40 (depth 2, 28 lits): UNSAT in 0.02s
    cube 2556.253.41 (depth 2, 28 lits): UNSAT in 0.06s
    cube 2556.253.42 (depth 2, 28 lits): UNSAT in 0.13s
    cube 2556.253.43 (depth 2, 28 lits): UNSAT in 0.11s
    cube 2556.253.44 (depth 2, 28 lits): UNSAT in 0.17s
    cube 2556.253.45 (depth 2, 28 lits): UNSAT in 0.13s
    cube 2556.253.46 (depth 2, 28 lits): UNSAT in 1.16s
    cube 2556.253.47 (depth 2, 28 lits): UNSAT in 0.02s
    cube 2556.253.48 (depth 2, 28 lits): UNSAT in 0.02s
    cube 2556.253.49 (depth 2, 28 lits): UNSAT in 0.04s
    cube 2556.253.50 (depth 2, 28 lits): UNSAT in 0.02s
    cube 2556.253.51 (depth 2, 28 lits): UNSAT in 0.03s
    cube 2556.253.52 (depth 2, 28 lits): UNSAT in 0.02s
    cube 2556.253.53 (depth 2, 28 lits): UNSAT in 0.01s
    cube 2556.253.54 (depth 2, 28 lits): UNSAT in 0.29s
    cube 2556.253.55 (depth 2, 28 lits): UNSAT in 0.03s
    cube 2556.253.56 (depth 2, 28 lits): UNSAT in 0.08s
    cube 2556.253.57 (depth 2, 28 lits): UNSAT in 0.04s
    cube 2556.253.58 (depth 2, 28 lits): UNSAT in 0.44s
    cube 2556.253.59 (depth 2, 28 lits): UNSAT in 0.22s
    cube 2556.253.60 (depth 2, 28 lits): UNSAT in 0.89s
    cube 2556.253.61 (depth 2, 28 lits): UNSAT in 0.87s
    cube 2556.253.62 (depth 2, 28 lits): UNSAT in 7.02s
    cube 2556.253.63 (depth 2, 27 lits): UNSAT in 0.02s
    cube 2556.253.64 (depth 2, 28 lits): UNSAT in 0.01s
    cube 2556.253.65 (depth 2, 28 lits): UNSAT in 0.02s
    cube 2556.253.66 (depth 2, 28 lits): UNSAT in 0.01s
    cube 2556.253.67 (depth 2, 28 lits): UNSAT in 0.01s
    cube 2556.253.68 (depth 2, 28 lits): UNSAT in 0.01s
    cube 2556.253.69 (depth 2, 28 lits): UNSAT in 0.08s
    cube 2556.253.70 (depth 2, 28 lits): UNSAT in 0.02s
    cube 2556.253.71 (depth 2, 28 lits): UNSAT in 0.03s
    cube 2556.253.72 (depth 2, 28 lits): UNSAT in 0.03s
    cube 2556.253.73 (depth 2, 28 lits): UNSAT in 0.07s
    cube 2556.253.74 (depth 2, 28 lits): UNSAT in 0.13s
    cube 2556.253.75 (depth 2, 28 lits): UNSAT in 0.12s
    cube 2556.253.76 (depth 2, 28 lits): UNSAT in 0.05s
    cube 2556.253.77 (depth 2, 28 lits): UNSAT in 0.51s
    cube 2556.253.78 (depth 2, 28 lits): UNSAT in 0.02s
    cube 2556.253.79 (depth 2, 28 lits): UNSAT in 0.05s
    cube 2556.253.80 (depth 2, 28 lits): UNSAT in 0.05s
    cube 2556.253.81 (depth 2, 28 lits): UNSAT in 0.09s
    cube 2556.253.82 (depth 2, 28 lits): UNSAT in 0.03s
    cube 2556.253.83 (depth 2, 28 lits): UNSAT in 0.18s
    cube 2556.253.84 (depth 2, 28 lits): UNSAT in 0.04s
    cube 2556.253.85 (depth 2, 28 lits): UNSAT in 0.18s
    cube 2556.253.86 (depth 2, 28 lits): UNSAT in 0.01s
    cube 2556.253.87 (depth 2, 28 lits): UNSAT in 0.11s
    cube 2556.253.88 (depth 2, 28 lits): UNSAT in 0.32s
    cube 2556.253.89 (depth 2, 28 lits): UNSAT in 0.34s
    cube 2556.253.90 (depth 2, 28 lits): UNSAT in 0.14s
    cube 2556.253.91 (depth 2, 28 lits): UNSAT in 0.31s
    cube 2556.253.92 (depth 2, 28 lits): UNSAT in 0.99s
    cube 2556.253.93 (depth 2, 28 lits): UNSAT in 3.34s
    cube 2556.253.94 (depth 2, 28 lits): UNSAT in 0.02s
    cube 2556.253.95 (depth 2, 28 lits): UNSAT in 0.01s
    cube 2556.253.96 (depth 2, 28 lits): UNSAT in 0.02s
    cube 2556.253.97 (depth 2, 28 lits): UNSAT in 0.04s
    cube 2556.253.98 (depth 2, 28 lits): UNSAT in 0.03s
    cube 2556.253.99 (depth 2, 28 lits): UNSAT in 0.03s
    cube 2556.253.100 (depth 2, 28 lits): UNSAT in 0.08s
    cube 2556.253.101 (depth 2, 28 lits): UNSAT in 0.49s
    cube 2556.253.102 (depth 2, 28 lits): UNSAT in 0.02s
    cube 2556.253.103 (depth 2, 28 lits): UNSAT in 0.04s
    cube 2556.253.104 (depth 2, 28 lits): UNSAT in 0.05s
    cube 2556.253.105 (depth 2, 28 lits): UNSAT in 0.09s
    cube 2556.253.106 (depth 2, 28 lits): UNSAT in 0.02s
    cube 2556.253.107 (depth 2, 28 lits): UNSAT in 0.04s
    cube 2556.253.108 (depth 2, 28 lits): UNSAT in 0.39s
    cube 2556.253.109 (depth 2, 28 lits): UNSAT in 0.31s
    cube 2556.253.110 (depth 2, 28 lits): UNSAT in 0.02s
    cube 2556.253.111 (depth 2, 28 lits): UNSAT in 0.06s
    cube 2556.253.112 (depth 2, 28 lits): UNSAT in 0.05s
    cube 2556.253.113 (depth 2, 28 lits): UNSAT in 0.23s
    cube 2556.253.114 (depth 2, 28 lits): UNSAT in 0.08s
    cube 2556.253.115 (depth 2, 28 lits): UNSAT in 0.15s
    cube 2556.253.116 (depth 2, 28 lits): UNSAT in 0.12s
    cube 2556.253.117 (depth 2, 28 lits): UNSAT in 1.30s
    cube 2556.253.118 (depth 2, 28 lits): UNSAT in 0.08s
    cube 2556.253.119 (depth 2, 28 lits): UNSAT in 0.77s
    cube 2556.253.120 (depth 2, 28 lits): UNSAT in 0.22s
    cube 2556.253.121 (depth 2, 28 lits): UNSAT in 1.71s
    cube 2556.253.122 (depth 2, 28 lits): UNSAT in 0.25s
    cube 2556.253.123 (depth 2, 28 lits): UNSAT in 7.25s
    cube 2556.253.124 (depth 2, 28 lits): UNSAT in 2.39s
    cube 2556.253.125 (depth 2, 28 lits): UNSAT in 62.53s
    cube 2556.253.126 (depth 2, 28 lits): UNSAT in 0.01s
    cube 2556.253.127 (depth 2, 28 lits): UNSAT in 0.02s
    cube 2556.253.128 (depth 2, 28 lits): UNSAT in 0.01s
    cube 2556.253.129 (depth 2, 28 lits): UNSAT in 0.03s
    cube 2556.253.130 (depth 2, 28 lits): UNSAT in 0.03s
    cube 2556.253.131 (depth 2, 28 lits): UNSAT in 0.05s
    cube 2556.253.132 (depth 2, 28 lits): UNSAT in 0.12s
    cube 2556.253.133 (depth 2, 28 lits): UNSAT in 0.22s
    cube 2556.253.134 (depth 2, 28 lits): UNSAT in 0.03s
    cube 2556.253.135 (depth 2, 28 lits): UNSAT in 0.04s
    cube 2556.253.136 (depth 2, 28 lits): UNSAT in 0.05s
    cube 2556.253.137 (depth 2, 28 lits): UNSAT in 0.12s
    cube 2556.253.138 (depth 2, 28 lits): UNSAT in 0.06s
    cube 2556.253.139 (depth 2, 28 lits): UNSAT in 0.11s
    cube 2556.253.140 (depth 2, 28 lits): UNSAT in 0.20s
    cube 2556.253.141 (depth 2, 28 lits): UNSAT in 1.10s
    cube 2556.253.142 (depth 2, 28 lits): UNSAT in 0.01s
    cube 2556.253.143 (depth 2, 28 lits): UNSAT in 0.01s
    cube 2556.253.144 (depth 2, 28 lits): UNSAT in 0.01s
    cube 2556.253.145 (depth 2, 28 lits): UNSAT in 0.05s
    cube 2556.253.146 (depth 2, 28 lits): UNSAT in 0.01s
    cube 2556.253.147 (depth 2, 28 lits): UNSAT in 0.02s
    cube 2556.253.148 (depth 2, 28 lits): UNSAT in 0.03s
    cube 2556.253.149 (depth 2, 28 lits): UNSAT in 0.09s
    cube 2556.253.150 (depth 2, 28 lits): UNSAT in 0.03s
    cube 2556.253.151 (depth 2, 28 lits): UNSAT in 0.06s
    cube 2556.253.152 (depth 2, 28 lits): UNSAT in 0.07s
    cube 2556.253.153 (depth 2, 28 lits): UNSAT in 0.37s
    cube 2556.253.154 (depth 2, 28 lits): UNSAT in 0.08s
    cube 2556.253.155 (depth 2, 28 lits): UNSAT in 0.35s
    cube 2556.253.156 (depth 2, 28 lits): UNSAT in 0.64s
    cube 2556.253.157 (depth 2, 28 lits): UNSAT in 2.65s
    cube 2556.253.158 (depth 2, 28 lits): UNSAT in 0.01s
    cube 2556.253.159 (depth 2, 28 lits): UNSAT in 0.01s
    cube 2556.253.160 (depth 2, 28 lits): UNSAT in 0.01s
    cube 2556.253.161 (depth 2, 28 lits): UNSAT in 0.01s
    cube 2556.253.162 (depth 2, 27 lits): UNSAT in 0.01s
    cube 2556.253.163 (depth 2, 28 lits): UNSAT in 0.02s
    cube 2556.253.164 (depth 2, 28 lits): UNSAT in 0.04s
    cube 2556.253.165 (depth 2, 28 lits): UNSAT in 0.01s
    cube 2556.253.166 (depth 2, 28 lits): UNSAT in 0.03s
    cube 2556.253.167 (depth 2, 28 lits): UNSAT in 0.03s
    cube 2556.253.168 (depth 2, 28 lits): UNSAT in 0.06s
    cube 2556.253.169 (depth 2, 28 lits): UNSAT in 0.02s
    cube 2556.253.170 (depth 2, 28 lits): UNSAT in 0.03s
    cube 2556.253.171 (depth 2, 28 lits): UNSAT in 0.03s
    cube 2556.253.172 (depth 2, 28 lits): UNSAT in 0.24s
    cube 2556.253.173 (depth 2, 28 lits): UNSAT in 0.01s
    cube 2556.253.174 (depth 2, 28 lits): UNSAT in 0.03s
    cube 2556.253.175 (depth 2, 28 lits): UNSAT in 0.01s
    cube 2556.253.176 (depth 2, 28 lits): UNSAT in 0.02s
    cube 2556.253.177 (depth 2, 28 lits): UNSAT in 0.03s
    cube 2556.253.178 (depth 2, 28 lits): UNSAT in 0.07s
    cube 2556.253.179 (depth 2, 28 lits): UNSAT in 0.09s
    cube 2556.253.180 (depth 2, 28 lits): UNSAT in 0.29s
    cube 2556.253.181 (depth 2, 28 lits): UNSAT in 0.12s
    cube 2556.253.182 (depth 2, 28 lits): UNSAT in 0.20s
    cube 2556.253.183 (depth 2, 28 lits): UNSAT in 0.30s
    cube 2556.253.184 (depth 2, 28 lits): UNSAT in 1.78s
    cube 2556.253.185 (depth 2, 28 lits): UNSAT in 0.08s
    cube 2556.253.186 (depth 2, 28 lits): UNSAT in 0.48s
    cube 2556.253.187 (depth 2, 28 lits): UNSAT in 3.32s
    cube 2556.253.188 (depth 2, 28 lits): UNSAT in 20.64s
    cube 2556.253.189 (depth 2, 28 lits): UNSAT in 0.01s
    cube 2556.253.190 (depth 2, 28 lits): UNSAT in 0.03s
    cube 2556.253.191 (depth 2, 28 lits): UNSAT in 0.06s
    cube 2556.253.192 (depth 2, 28 lits): UNSAT in 0.09s
    cube 2556.253.193 (depth 2, 28 lits): UNSAT in 0.03s
    cube 2556.253.194 (depth 2, 28 lits): UNSAT in 0.35s
    cube 2556.253.195 (depth 2, 28 lits): UNSAT in 0.20s
    cube 2556.253.196 (depth 2, 28 lits): UNSAT in 0.67s
    cube 2556.253.197 (depth 2, 28 lits): UNSAT in 0.05s
    cube 2556.253.198 (depth 2, 28 lits): UNSAT in 0.04s
    cube 2556.253.199 (depth 2, 28 lits): UNSAT in 0.13s
    cube 2556.253.200 (depth 2, 28 lits): UNSAT in 0.14s
    cube 2556.253.201 (depth 2, 28 lits): UNSAT in 0.02s
    cube 2556.253.202 (depth 2, 28 lits): UNSAT in 0.56s
    cube 2556.253.203 (depth 2, 28 lits): UNSAT in 0.26s
    cube 2556.253.204 (depth 2, 28 lits): UNSAT in 1.56s
    cube 2556.253.205 (depth 2, 28 lits): UNSAT in 0.03s
    cube 2556.253.206 (depth 2, 28 lits): UNSAT in 0.11s
    cube 2556.253.207 (depth 2, 28 lits): UNSAT in 0.19s
    cube 2556.253.208 (depth 2, 28 lits): UNSAT in 0.33s
    cube 2556.253.209 (depth 2, 28 lits): UNSAT in 0.04s
    cube 2556.253.210 (depth 2, 28 lits): UNSAT in 0.15s
    cube 2556.253.211 (depth 2, 28 lits): UNSAT in 0.36s
    cube 2556.253.212 (depth 2, 28 lits): UNSAT in 3.51s
    cube 2556.253.213 (depth 2, 28 lits): UNSAT in 0.14s
    cube 2556.253.214 (depth 2, 28 lits): UNSAT in 0.17s
    cube 2556.253.215 (depth 2, 28 lits): UNSAT in 0.48s
    cube 2556.253.216 (depth 2, 28 lits): UNSAT in 0.20s
    cube 2556.253.217 (depth 2, 28 lits): UNSAT in 0.45s
    cube 2556.253.218 (depth 2, 28 lits): UNSAT in 0.81s
    cube 2556.253.219 (depth 2, 28 lits): UNSAT in 1.56s
    cube 2556.253.220 (depth 2, 28 lits): UNSAT in 3.74s
    cube 2556.253.221 (depth 2, 28 lits): UNSAT in 0.01s
    cube 2556.253.222 (depth 2, 28 lits): UNSAT in 0.04s
    cube 2556.253.223 (depth 2, 28 lits): UNSAT in 0.05s
    cube 2556.253.224 (depth 2, 28 lits): UNSAT in 0.10s
    cube 2556.253.225 (depth 2, 28 lits): UNSAT in 0.04s
    cube 2556.253.226 (depth 2, 28 lits): UNSAT in 0.21s
    cube 2556.253.227 (depth 2, 28 lits): UNSAT in 0.31s
    cube 2556.253.228 (depth 2, 28 lits): UNSAT in 0.52s
    cube 2556.253.229 (depth 2, 28 lits): UNSAT in 0.13s
    cube 2556.253.230 (depth 2, 28 lits): UNSAT in 0.12s
    cube 2556.253.231 (depth 2, 28 lits): UNSAT in 0.32s
    cube 2556.253.232 (depth 2, 28 lits): UNSAT in 1.44s
    cube 2556.253.233 (depth 2, 28 lits): UNSAT in 0.46s
    cube 2556.253.234 (depth 2, 28 lits): UNSAT in 3.01s
    cube 2556.253.235 (depth 2, 28 lits): UNSAT in 3.60s
    cube 2556.253.236 (depth 2, 28 lits): UNSAT in 16.90s
    cube 2556.253.237 (depth 2, 28 lits): UNSAT in 0.10s
    cube 2556.253.238 (depth 2, 28 lits): UNSAT in 0.68s
    cube 2556.253.239 (depth 2, 28 lits): UNSAT in 0.56s
    cube 2556.253.240 (depth 2, 28 lits): UNSAT in 2.39s
    cube 2556.253.241 (depth 2, 28 lits): UNSAT in 1.99s
    cube 2556.253.242 (depth 2, 28 lits): UNSAT in 7.27s
    cube 2556.253.243 (depth 2, 28 lits): UNSAT in 2.99s
    cube 2556.253.244 (depth 2, 28 lits): UNSAT in 12.36s
    cube 2556.253.245 (depth 2, 28 lits): UNSAT in 1.05s
    cube 2556.253.246 (depth 2, 28 lits): UNSAT in 3.38s
    cube 2556.253.247 (depth 2, 28 lits): UNSAT in 4.56s
    cube 2556.253.248 (depth 2, 28 lits): UNSAT in 24.86s
    cube 2556.253.249 (depth 2, 28 lits): UNSAT in 1.44s
    cube 2556.253.250 (depth 2, 28 lits): UNSAT in 59.36s
    cube 2556.253.251 (depth 2, 28 lits): UNSAT in 19.09s
    cube 2556.253.252 (depth 2, 28 lits): UNSAT in 171.14s
    cube 2556.254 (depth 1, 20 lits): TIMEOUT in 1200.10s
    cube 2556.254 TIMEOUT -> re-split into 256 sub-cubes (depth 2)
    cube 2556.254.0 (depth 2, 28 lits): UNSAT in 0.01s
    cube 2556.254.1 (depth 2, 28 lits): UNSAT in 0.01s
    cube 2556.254.2 (depth 2, 28 lits): UNSAT in 0.01s
    cube 2556.254.3 (depth 2, 28 lits): UNSAT in 0.01s
    cube 2556.254.4 (depth 2, 28 lits): UNSAT in 0.02s
    cube 2556.254.5 (depth 2, 28 lits): UNSAT in 0.03s
    cube 2556.254.6 (depth 2, 28 lits): UNSAT in 0.09s
    cube 2556.254.7 (depth 2, 28 lits): UNSAT in 0.23s
    cube 2556.254.8 (depth 2, 28 lits): UNSAT in 0.03s
    cube 2556.254.9 (depth 2, 28 lits): UNSAT in 0.07s
    cube 2556.254.10 (depth 2, 28 lits): UNSAT in 0.04s
    cube 2556.254.11 (depth 2, 28 lits): UNSAT in 0.09s
    cube 2556.254.12 (depth 2, 28 lits): UNSAT in 0.03s
    cube 2556.254.13 (depth 2, 28 lits): UNSAT in 0.08s
    cube 2556.254.14 (depth 2, 28 lits): UNSAT in 0.08s
    cube 2556.254.15 (depth 2, 28 lits): UNSAT in 0.53s
    cube 2556.254.16 (depth 2, 28 lits): UNSAT in 0.01s
    cube 2556.254.17 (depth 2, 28 lits): UNSAT in 0.01s
    cube 2556.254.18 (depth 2, 28 lits): UNSAT in 0.01s
    cube 2556.254.19 (depth 2, 28 lits): UNSAT in 0.03s
    cube 2556.254.20 (depth 2, 28 lits): UNSAT in 0.02s
    cube 2556.254.21 (depth 2, 28 lits): UNSAT in 0.04s
    cube 2556.254.22 (depth 2, 28 lits): UNSAT in 0.04s
    cube 2556.254.23 (depth 2, 28 lits): UNSAT in 0.24s
    cube 2556.254.24 (depth 2, 28 lits): UNSAT in 0.02s
    cube 2556.254.25 (depth 2, 28 lits): UNSAT in 0.03s
    cube 2556.254.26 (depth 2, 28 lits): UNSAT in 0.13s
    cube 2556.254.27 (depth 2, 28 lits): UNSAT in 0.16s
    cube 2556.254.28 (depth 2, 28 lits): UNSAT in 0.08s
    cube 2556.254.29 (depth 2, 28 lits): UNSAT in 0.13s
    cube 2556.254.30 (depth 2, 28 lits): UNSAT in 0.54s
    cube 2556.254.31 (depth 2, 28 lits): UNSAT in 1.15s
    cube 2556.254.32 (depth 2, 28 lits): UNSAT in 0.02s
    cube 2556.254.33 (depth 2, 28 lits): UNSAT in 0.02s
    cube 2556.254.34 (depth 2, 28 lits): UNSAT in 0.01s
    cube 2556.254.35 (depth 2, 28 lits): UNSAT in 0.08s
    cube 2556.254.36 (depth 2, 28 lits): UNSAT in 0.06s
    cube 2556.254.37 (depth 2, 28 lits): UNSAT in 0.08s
    cube 2556.254.38 (depth 2, 28 lits): UNSAT in 0.10s
    cube 2556.254.39 (depth 2, 28 lits): UNSAT in 0.46s
    cube 2556.254.40 (depth 2, 28 lits): UNSAT in 0.02s
    cube 2556.254.41 (depth 2, 28 lits): UNSAT in 0.06s
    cube 2556.254.42 (depth 2, 28 lits): UNSAT in 0.03s
    cube 2556.254.43 (depth 2, 28 lits): UNSAT in 0.08s
    cube 2556.254.44 (depth 2, 28 lits): UNSAT in 0.06s
    cube 2556.254.45 (depth 2, 28 lits): UNSAT in 0.26s
    cube 2556.254.46 (depth 2, 28 lits): UNSAT in 0.12s
    cube 2556.254.47 (depth 2, 28 lits): UNSAT in 0.42s
    cube 2556.254.48 (depth 2, 28 lits): UNSAT in 0.02s
    cube 2556.254.49 (depth 2, 28 lits): UNSAT in 0.04s
    cube 2556.254.50 (depth 2, 28 lits): UNSAT in 0.01s
    cube 2556.254.51 (depth 2, 28 lits): UNSAT in 0.11s
    cube 2556.254.52 (depth 2, 28 lits): UNSAT in 0.03s
    cube 2556.254.53 (depth 2, 28 lits): UNSAT in 0.07s
    cube 2556.254.54 (depth 2, 28 lits): UNSAT in 0.12s
    cube 2556.254.55 (depth 2, 28 lits): UNSAT in 0.96s
    cube 2556.254.56 (depth 2, 28 lits): UNSAT in 0.04s
    cube 2556.254.57 (depth 2, 28 lits): UNSAT in 1.17s
    cube 2556.254.58 (depth 2, 28 lits): UNSAT in 0.15s
    cube 2556.254.59 (depth 2, 28 lits): UNSAT in 0.60s
    cube 2556.254.60 (depth 2, 28 lits): UNSAT in 0.46s
    cube 2556.254.61 (depth 2, 28 lits): UNSAT in 1.56s
    cube 2556.254.62 (depth 2, 28 lits): UNSAT in 0.49s
    cube 2556.254.63 (depth 2, 28 lits): UNSAT in 8.46s
    cube 2556.254.64 (depth 2, 28 lits): UNSAT in 0.03s
    cube 2556.254.65 (depth 2, 28 lits): UNSAT in 0.05s
    cube 2556.254.66 (depth 2, 28 lits): UNSAT in 0.05s
    cube 2556.254.67 (depth 2, 28 lits): UNSAT in 0.14s
    cube 2556.254.68 (depth 2, 28 lits): UNSAT in 0.05s
    cube 2556.254.69 (depth 2, 28 lits): UNSAT in 0.18s
    cube 2556.254.70 (depth 2, 28 lits): UNSAT in 0.16s
    cube 2556.254.71 (depth 2, 28 lits): UNSAT in 0.58s
    cube 2556.254.72 (depth 2, 28 lits): UNSAT in 0.03s
    cube 2556.254.73 (depth 2, 28 lits): UNSAT in 0.18s
    cube 2556.254.74 (depth 2, 28 lits): UNSAT in 0.14s
    cube 2556.254.75 (depth 2, 28 lits): UNSAT in 0.36s
    cube 2556.254.76 (depth 2, 28 lits): UNSAT in 0.20s
    cube 2556.254.77 (depth 2, 28 lits): UNSAT in 1.07s
    cube 2556.254.78 (depth 2, 28 lits): UNSAT in 0.22s
    cube 2556.254.79 (depth 2, 28 lits): UNSAT in 1.19s
    cube 2556.254.80 (depth 2, 28 lits): UNSAT in 0.03s
    cube 2556.254.81 (depth 2, 28 lits): UNSAT in 0.09s
    cube 2556.254.82 (depth 2, 28 lits): UNSAT in 0.06s
    cube 2556.254.83 (depth 2, 28 lits): UNSAT in 0.24s
    cube 2556.254.84 (depth 2, 28 lits): UNSAT in 0.15s
    cube 2556.254.85 (depth 2, 28 lits): UNSAT in 0.37s
    cube 2556.254.86 (depth 2, 28 lits): UNSAT in 0.42s
    cube 2556.254.87 (depth 2, 28 lits): UNSAT in 1.28s
    cube 2556.254.88 (depth 2, 28 lits): UNSAT in 0.23s
    cube 2556.254.89 (depth 2, 28 lits): UNSAT in 0.24s
    cube 2556.254.90 (depth 2, 28 lits): UNSAT in 0.82s
    cube 2556.254.91 (depth 2, 28 lits): UNSAT in 0.55s
    cube 2556.254.92 (depth 2, 28 lits): UNSAT in 0.20s
    cube 2556.254.93 (depth 2, 28 lits): UNSAT in 0.85s
    cube 2556.254.94 (depth 2, 28 lits): UNSAT in 4.00s
    cube 2556.254.95 (depth 2, 28 lits): UNSAT in 29.63s
    cube 2556.254.96 (depth 2, 28 lits): UNSAT in 0.07s
    cube 2556.254.97 (depth 2, 28 lits): UNSAT in 0.09s
    cube 2556.254.98 (depth 2, 28 lits): UNSAT in 0.32s
    cube 2556.254.99 (depth 2, 28 lits): UNSAT in 1.10s
    cube 2556.254.100 (depth 2, 28 lits): UNSAT in 0.03s
    cube 2556.254.101 (depth 2, 28 lits): UNSAT in 0.81s
    cube 2556.254.102 (depth 2, 28 lits): UNSAT in 0.42s
    cube 2556.254.103 (depth 2, 28 lits): UNSAT in 1.99s
    cube 2556.254.104 (depth 2, 28 lits): UNSAT in 0.18s
    cube 2556.254.105 (depth 2, 28 lits): UNSAT in 0.75s
    cube 2556.254.106 (depth 2, 28 lits): UNSAT in 0.33s
    cube 2556.254.107 (depth 2, 28 lits): UNSAT in 6.59s
    cube 2556.254.108 (depth 2, 28 lits): UNSAT in 0.20s
    cube 2556.254.109 (depth 2, 28 lits): UNSAT in 0.47s
    cube 2556.254.110 (depth 2, 28 lits): UNSAT in 1.56s
    cube 2556.254.111 (depth 2, 28 lits): UNSAT in 8.57s
    cube 2556.254.112 (depth 2, 28 lits): UNSAT in 0.10s
    cube 2556.254.113 (depth 2, 28 lits): UNSAT in 0.90s
    cube 2556.254.114 (depth 2, 28 lits): UNSAT in 0.63s
    cube 2556.254.115 (depth 2, 28 lits): UNSAT in 2.43s
    cube 2556.254.116 (depth 2, 28 lits): UNSAT in 1.02s
    cube 2556.254.117 (depth 2, 28 lits): UNSAT in 6.26s
    cube 2556.254.118 (depth 2, 28 lits): UNSAT in 7.59s
    cube 2556.254.119 (depth 2, 28 lits): UNSAT in 9.44s
    cube 2556.254.120 (depth 2, 28 lits): UNSAT in 1.63s
    cube 2556.254.121 (depth 2, 28 lits): UNSAT in 9.84s
    cube 2556.254.122 (depth 2, 28 lits): UNSAT in 3.84s
    cube 2556.254.123 (depth 2, 28 lits): UNSAT in 26.95s
    cube 2556.254.124 (depth 2, 28 lits): UNSAT in 3.00s
    cube 2556.254.125 (depth 2, 28 lits): UNSAT in 32.77s
    cube 2556.254.126 (depth 2, 28 lits): UNSAT in 39.25s
    cube 2556.254.127 (depth 2, 28 lits): UNSAT in 446.04s
    cube 2556.254.128 (depth 2, 28 lits): UNSAT in 0.06s
    cube 2556.254.129 (depth 2, 28 lits): UNSAT in 0.10s
    cube 2556.254.130 (depth 2, 28 lits): UNSAT in 0.07s
    cube 2556.254.131 (depth 2, 28 lits): UNSAT in 0.17s
    cube 2556.254.132 (depth 2, 28 lits): UNSAT in 0.11s
    cube 2556.254.133 (depth 2, 28 lits): UNSAT in 0.12s
    cube 2556.254.134 (depth 2, 28 lits): UNSAT in 0.13s
    cube 2556.254.135 (depth 2, 28 lits): UNSAT in 0.34s
    cube 2556.254.136 (depth 2, 28 lits): UNSAT in 0.07s
    cube 2556.254.137 (depth 2, 28 lits): UNSAT in 0.08s
    cube 2556.254.138 (depth 2, 28 lits): UNSAT in 0.08s
    cube 2556.254.139 (depth 2, 28 lits): UNSAT in 0.21s
    cube 2556.254.140 (depth 2, 28 lits): UNSAT in 0.28s
    cube 2556.254.141 (depth 2, 28 lits): UNSAT in 0.31s
    cube 2556.254.142 (depth 2, 28 lits): UNSAT in 0.32s
    cube 2556.254.143 (depth 2, 28 lits): UNSAT in 0.54s
    cube 2556.254.144 (depth 2, 28 lits): UNSAT in 0.06s
    cube 2556.254.145 (depth 2, 28 lits): UNSAT in 0.11s
    cube 2556.254.146 (depth 2, 28 lits): UNSAT in 0.16s
    cube 2556.254.147 (depth 2, 28 lits): UNSAT in 0.24s
    cube 2556.254.148 (depth 2, 28 lits): UNSAT in 0.19s
    cube 2556.254.149 (depth 2, 28 lits): UNSAT in 0.27s
    cube 2556.254.150 (depth 2, 28 lits): UNSAT in 0.35s
    cube 2556.254.151 (depth 2, 28 lits): UNSAT in 1.12s
    cube 2556.254.152 (depth 2, 28 lits): UNSAT in 0.11s
    cube 2556.254.153 (depth 2, 28 lits): UNSAT in 0.24s
    cube 2556.254.154 (depth 2, 28 lits): UNSAT in 0.72s
    cube 2556.254.155 (depth 2, 28 lits): UNSAT in 0.44s
    cube 2556.254.156 (depth 2, 28 lits): UNSAT in 0.16s
    cube 2556.254.157 (depth 2, 28 lits): UNSAT in 0.44s
    cube 2556.254.158 (depth 2, 28 lits): UNSAT in 1.69s
    cube 2556.254.159 (depth 2, 28 lits): UNSAT in 1.67s
    cube 2556.254.160 (depth 2, 28 lits): UNSAT in 0.02s
    cube 2556.254.161 (depth 2, 28 lits): UNSAT in 0.07s
    cube 2556.254.162 (depth 2, 28 lits): UNSAT in 0.05s
    cube 2556.254.163 (depth 2, 28 lits): UNSAT in 0.16s
    cube 2556.254.164 (depth 2, 28 lits): UNSAT in 0.03s
    cube 2556.254.165 (depth 2, 28 lits): UNSAT in 0.17s
    cube 2556.254.166 (depth 2, 28 lits): UNSAT in 0.08s
    cube 2556.254.167 (depth 2, 28 lits): UNSAT in 0.28s
    cube 2556.254.168 (depth 2, 28 lits): UNSAT in 0.02s
    cube 2556.254.169 (depth 2, 28 lits): UNSAT in 0.07s
    cube 2556.254.170 (depth 2, 28 lits): UNSAT in 0.05s
    cube 2556.254.171 (depth 2, 28 lits): UNSAT in 0.11s
    cube 2556.254.172 (depth 2, 28 lits): UNSAT in 0.06s
    cube 2556.254.173 (depth 2, 28 lits): UNSAT in 0.25s
    cube 2556.254.174 (depth 2, 28 lits): UNSAT in 0.17s
    cube 2556.254.175 (depth 2, 28 lits): UNSAT in 0.55s
    cube 2556.254.176 (depth 2, 28 lits): UNSAT in 0.09s
    cube 2556.254.177 (depth 2, 28 lits): UNSAT in 0.11s
    cube 2556.254.178 (depth 2, 28 lits): UNSAT in 0.06s
    cube 2556.254.179 (depth 2, 28 lits): UNSAT in 0.22s
    cube 2556.254.180 (depth 2, 28 lits): UNSAT in 0.01s
    cube 2556.254.181 (depth 2, 28 lits): UNSAT in 0.05s
    cube 2556.254.182 (depth 2, 28 lits): UNSAT in 0.33s
    cube 2556.254.183 (depth 2, 28 lits): UNSAT in 0.56s
    cube 2556.254.184 (depth 2, 28 lits): UNSAT in 0.15s
    cube 2556.254.185 (depth 2, 28 lits): UNSAT in 0.99s
    cube 2556.254.186 (depth 2, 28 lits): UNSAT in 0.26s
    cube 2556.254.187 (depth 2, 28 lits): UNSAT in 1.12s
    cube 2556.254.188 (depth 2, 28 lits): UNSAT in 0.15s
    cube 2556.254.189 (depth 2, 28 lits): UNSAT in 0.34s
    cube 2556.254.190 (depth 2, 28 lits): UNSAT in 1.40s
    cube 2556.254.191 (depth 2, 28 lits): UNSAT in 20.69s
    cube 2556.254.192 (depth 2, 28 lits): UNSAT in 0.06s
    cube 2556.254.193 (depth 2, 28 lits): UNSAT in 0.07s
    cube 2556.254.194 (depth 2, 28 lits): UNSAT in 0.10s
    cube 2556.254.195 (depth 2, 28 lits): UNSAT in 0.17s
    cube 2556.254.196 (depth 2, 28 lits): UNSAT in 0.05s
    cube 2556.254.197 (depth 2, 28 lits): UNSAT in 0.21s
    cube 2556.254.198 (depth 2, 28 lits): UNSAT in 0.17s
    cube 2556.254.199 (depth 2, 28 lits): UNSAT in 0.39s
    cube 2556.254.200 (depth 2, 28 lits): UNSAT in 0.11s
    cube 2556.254.201 (depth 2, 28 lits): UNSAT in 0.26s
    cube 2556.254.202 (depth 2, 28 lits): UNSAT in 0.14s
    cube 2556.254.203 (depth 2, 28 lits): UNSAT in 0.55s
    cube 2556.254.204 (depth 2, 28 lits): UNSAT in 0.32s
    cube 2556.254.205 (depth 2, 28 lits): UNSAT in 0.81s
    cube 2556.254.206 (depth 2, 28 lits): UNSAT in 1.15s
    cube 2556.254.207 (depth 2, 28 lits): UNSAT in 3.83s
    cube 2556.254.208 (depth 2, 28 lits): UNSAT in 0.03s
    cube 2556.254.209 (depth 2, 28 lits): UNSAT in 0.14s
    cube 2556.254.210 (depth 2, 28 lits): UNSAT in 0.12s
    cube 2556.254.211 (depth 2, 28 lits): UNSAT in 0.43s
    cube 2556.254.212 (depth 2, 28 lits): UNSAT in 0.06s
    cube 2556.254.213 (depth 2, 28 lits): UNSAT in 0.25s
    cube 2556.254.214 (depth 2, 28 lits): UNSAT in 0.41s
    cube 2556.254.215 (depth 2, 28 lits): UNSAT in 7.96s
    cube 2556.254.216 (depth 2, 28 lits): UNSAT in 0.24s
    cube 2556.254.217 (depth 2, 28 lits): UNSAT in 0.37s
    cube 2556.254.218 (depth 2, 28 lits): UNSAT in 0.11s
    cube 2556.254.219 (depth 2, 28 lits): UNSAT in 0.56s
    cube 2556.254.220 (depth 2, 28 lits): UNSAT in 0.53s
    cube 2556.254.221 (depth 2, 28 lits): UNSAT in 3.62s
    cube 2556.254.222 (depth 2, 28 lits): UNSAT in 3.82s
    cube 2556.254.223 (depth 2, 28 lits): UNSAT in 57.63s
    cube 2556.254.224 (depth 2, 28 lits): UNSAT in 0.06s
    cube 2556.254.225 (depth 2, 28 lits): UNSAT in 0.30s
    cube 2556.254.226 (depth 2, 28 lits): UNSAT in 0.24s
    cube 2556.254.227 (depth 2, 28 lits): UNSAT in 0.35s
    cube 2556.254.228 (depth 2, 28 lits): UNSAT in 0.13s
    cube 2556.254.229 (depth 2, 28 lits): UNSAT in 0.57s
    cube 2556.254.230 (depth 2, 28 lits): UNSAT in 0.97s
    cube 2556.254.231 (depth 2, 28 lits): UNSAT in 4.85s
    cube 2556.254.232 (depth 2, 28 lits): UNSAT in 0.23s
    cube 2556.254.233 (depth 2, 28 lits): UNSAT in 0.53s
    cube 2556.254.234 (depth 2, 28 lits): UNSAT in 1.09s
    cube 2556.254.235 (depth 2, 28 lits): UNSAT in 3.02s
    cube 2556.254.236 (depth 2, 28 lits): UNSAT in 0.79s
    cube 2556.254.237 (depth 2, 28 lits): UNSAT in 5.29s
    cube 2556.254.238 (depth 2, 28 lits): UNSAT in 0.39s
    cube 2556.254.239 (depth 2, 28 lits): UNSAT in 6.44s
    cube 2556.254.240 (depth 2, 28 lits): UNSAT in 0.19s
    cube 2556.254.241 (depth 2, 28 lits): UNSAT in 0.62s
    cube 2556.254.242 (depth 2, 28 lits): UNSAT in 0.55s
    cube 2556.254.243 (depth 2, 28 lits): UNSAT in 6.86s
    cube 2556.254.244 (depth 2, 28 lits): UNSAT in 0.32s
    cube 2556.254.245 (depth 2, 28 lits): UNSAT in 2.77s
    cube 2556.254.246 (depth 2, 28 lits): UNSAT in 2.79s
    cube 2556.254.247 (depth 2, 28 lits): UNSAT in 25.13s
    cube 2556.254.248 (depth 2, 28 lits): UNSAT in 3.05s
    cube 2556.254.249 (depth 2, 28 lits): UNSAT in 10.15s
    cube 2556.254.250 (depth 2, 28 lits): UNSAT in 11.58s
    cube 2556.254.251 (depth 2, 28 lits): UNSAT in 41.90s
    cube 2556.254.252 (depth 2, 28 lits): UNSAT in 4.74s
    cube 2556.254.253 (depth 2, 28 lits): UNSAT in 68.99s
    cube 2556.254.254 (depth 2, 28 lits): UNSAT in 65.81s
    cube 2556.254.255 (depth 2, 28 lits): UNSAT in 867.70s

  shard 7 verdict: UNSAT (1 UNSAT, 0 unresolved) in 10517.2s
