  shard 3/4 (round-robin): 982 of 3930 cubes, per-cube cap 600.0s, re-split depth 7
    cube 3 (depth 0, 23 lits): UNSAT in 0.02s
    cube 7 (depth 0, 23 lits): UNSAT in 0.02s
    cube 11 (depth 0, 24 lits): UNSAT in 0.02s
    cube 15 (depth 0, 23 lits): UNSAT in 0.01s
    cube 19 (depth 0, 23 lits): UNSAT in 0.02s
    cube 23 (depth 0, 24 lits): UNSAT in 0.02s
    cube 27 (depth 0, 24 lits): UNSAT in 0.03s
    cube 31 (depth 0, 22 lits): UNSAT in 0.01s
    cube 35 (depth 0, 24 lits): UNSAT in 0.01s
    cube 39 (depth 0, 24 lits): UNSAT in 0.02s
    cube 43 (depth 0, 23 lits): UNSAT in 0.02s
    cube 47 (depth 0, 24 lits): UNSAT in 0.03s
    cube 51 (depth 0, 24 lits): UNSAT in 0.02s
    cube 55 (depth 0, 24 lits): UNSAT in 0.04s
    cube 59 (depth 0, 24 lits): UNSAT in 0.02s
    cube 63 (depth 0, 24 lits): UNSAT in 0.02s
    cube 67 (depth 0, 24 lits): UNSAT in 0.02s
    cube 71 (depth 0, 24 lits): UNSAT in 0.06s
    cube 75 (depth 0, 24 lits): UNSAT in 0.07s
    cube 79 (depth 0, 24 lits): UNSAT in 0.03s
    cube 83 (depth 0, 24 lits): UNSAT in 0.04s
    cube 87 (depth 0, 24 lits): UNSAT in 0.35s
    cube 91 (depth 0, 24 lits): UNSAT in 0.01s
    cube 95 (depth 0, 24 lits): UNSAT in 0.01s
    cube 99 (depth 0, 24 lits): UNSAT in 0.01s
    cube 103 (depth 0, 24 lits): UNSAT in 0.01s
    cube 107 (depth 0, 24 lits): UNSAT in 0.02s
    cube 111 (depth 0, 24 lits): UNSAT in 0.02s
    cube 115 (depth 0, 24 lits): UNSAT in 0.02s
    cube 119 (depth 0, 24 lits): UNSAT in 0.01s
    cube 123 (depth 0, 24 lits): UNSAT in 0.02s
    cube 127 (depth 0, 23 lits): UNSAT in 0.02s
    cube 131 (depth 0, 24 lits): UNSAT in 0.11s
    cube 135 (depth 0, 24 lits): UNSAT in 0.03s
    cube 139 (depth 0, 24 lits): UNSAT in 0.06s
    cube 143 (depth 0, 24 lits): UNSAT in 0.02s
    cube 147 (depth 0, 24 lits): UNSAT in 0.04s
    cube 151 (depth 0, 24 lits): UNSAT in 0.02s
    cube 155 (depth 0, 24 lits): UNSAT in 0.03s
    cube 159 (depth 0, 24 lits): UNSAT in 0.02s
    cube 163 (depth 0, 24 lits): UNSAT in 0.03s
    cube 167 (depth 0, 24 lits): UNSAT in 0.03s
    cube 171 (depth 0, 24 lits): UNSAT in 0.09s
    cube 175 (depth 0, 24 lits): UNSAT in 0.07s
    cube 179 (depth 0, 24 lits): UNSAT in 0.03s
    cube 183 (depth 0, 24 lits): UNSAT in 0.10s
    cube 187 (depth 0, 24 lits): UNSAT in 0.05s
    cube 191 (depth 0, 24 lits): UNSAT in 0.14s
    cube 195 (depth 0, 24 lits): UNSAT in 0.30s
    cube 199 (depth 0, 24 lits): UNSAT in 0.23s
    cube 203 (depth 0, 24 lits): UNSAT in 0.25s
    cube 207 (depth 0, 24 lits): UNSAT in 0.84s
    cube 211 (depth 0, 24 lits): UNSAT in 2.83s
    cube 215 (depth 0, 24 lits): UNSAT in 0.01s
    cube 219 (depth 0, 24 lits): UNSAT in 0.03s
    cube 223 (depth 0, 24 lits): UNSAT in 0.03s
    cube 227 (depth 0, 24 lits): UNSAT in 0.10s
    cube 231 (depth 0, 24 lits): UNSAT in 0.14s
    cube 235 (depth 0, 23 lits): UNSAT in 0.02s
    cube 239 (depth 0, 24 lits): UNSAT in 0.02s
    cube 243 (depth 0, 24 lits): UNSAT in 0.02s
    cube 247 (depth 0, 24 lits): UNSAT in 0.01s
    cube 251 (depth 0, 24 lits): UNSAT in 0.02s
    cube 255 (depth 0, 24 lits): UNSAT in 0.02s
    cube 259 (depth 0, 24 lits): UNSAT in 0.07s
    cube 263 (depth 0, 24 lits): UNSAT in 0.01s
    cube 267 (depth 0, 24 lits): UNSAT in 0.01s
    cube 271 (depth 0, 24 lits): UNSAT in 0.01s
    cube 275 (depth 0, 23 lits): UNSAT in 0.02s
    cube 279 (depth 0, 24 lits): UNSAT in 0.03s
    cube 283 (depth 0, 24 lits): UNSAT in 0.02s
    cube 287 (depth 0, 24 lits): UNSAT in 0.07s
    cube 291 (depth 0, 24 lits): UNSAT in 0.02s
    cube 295 (depth 0, 24 lits): UNSAT in 0.04s
    cube 299 (depth 0, 24 lits): UNSAT in 0.03s
    cube 303 (depth 0, 24 lits): UNSAT in 0.02s
    cube 307 (depth 0, 24 lits): UNSAT in 0.03s
    cube 311 (depth 0, 24 lits): UNSAT in 0.08s
    cube 315 (depth 0, 24 lits): UNSAT in 0.07s
    cube 319 (depth 0, 23 lits): UNSAT in 0.02s
    cube 323 (depth 0, 24 lits): UNSAT in 0.01s
    cube 327 (depth 0, 24 lits): UNSAT in 0.02s
    cube 331 (depth 0, 24 lits): UNSAT in 0.03s
    cube 335 (depth 0, 24 lits): UNSAT in 0.02s
    cube 339 (depth 0, 24 lits): UNSAT in 0.03s
    cube 343 (depth 0, 24 lits): UNSAT in 0.08s
    cube 347 (depth 0, 24 lits): UNSAT in 0.13s
    cube 351 (depth 0, 24 lits): UNSAT in 0.02s
    cube 355 (depth 0, 24 lits): UNSAT in 0.06s
    cube 359 (depth 0, 24 lits): UNSAT in 0.07s
    cube 363 (depth 0, 24 lits): UNSAT in 0.07s
    cube 367 (depth 0, 24 lits): UNSAT in 0.02s
    cube 371 (depth 0, 24 lits): UNSAT in 0.04s
    cube 375 (depth 0, 24 lits): UNSAT in 0.20s
    cube 379 (depth 0, 24 lits): UNSAT in 0.19s
    cube 383 (depth 0, 24 lits): UNSAT in 0.02s
    cube 387 (depth 0, 24 lits): UNSAT in 0.03s
    cube 391 (depth 0, 24 lits): UNSAT in 0.03s
    cube 395 (depth 0, 24 lits): UNSAT in 0.09s
    cube 399 (depth 0, 24 lits): UNSAT in 0.02s
    cube 403 (depth 0, 24 lits): UNSAT in 0.05s
    cube 407 (depth 0, 24 lits): UNSAT in 0.30s
    cube 411 (depth 0, 24 lits): UNSAT in 0.36s
    cube 415 (depth 0, 24 lits): UNSAT in 0.11s
    cube 419 (depth 0, 24 lits): UNSAT in 0.27s
    cube 423 (depth 0, 24 lits): UNSAT in 0.10s
    cube 427 (depth 0, 24 lits): UNSAT in 1.04s
    cube 431 (depth 0, 24 lits): UNSAT in 0.24s
    cube 435 (depth 0, 24 lits): UNSAT in 0.32s
    cube 439 (depth 0, 24 lits): UNSAT in 2.22s
    cube 443 (depth 0, 24 lits): UNSAT in 21.76s
    cube 447 (depth 0, 23 lits): UNSAT in 0.01s
    cube 451 (depth 0, 23 lits): UNSAT in 0.02s
    cube 455 (depth 0, 24 lits): UNSAT in 0.02s
    cube 459 (depth 0, 24 lits): UNSAT in 0.02s
    cube 463 (depth 0, 24 lits): UNSAT in 0.02s
    cube 467 (depth 0, 24 lits): UNSAT in 0.02s
    cube 471 (depth 0, 24 lits): UNSAT in 0.01s
    cube 475 (depth 0, 24 lits): UNSAT in 0.02s
    cube 479 (depth 0, 24 lits): UNSAT in 0.02s
    cube 483 (depth 0, 24 lits): UNSAT in 0.03s
    cube 487 (depth 0, 24 lits): UNSAT in 0.02s
    cube 491 (depth 0, 24 lits): UNSAT in 0.07s
    cube 495 (depth 0, 24 lits): UNSAT in 0.02s
    cube 499 (depth 0, 24 lits): UNSAT in 0.02s
    cube 503 (depth 0, 24 lits): UNSAT in 0.03s
    cube 507 (depth 0, 24 lits): UNSAT in 0.04s
    cube 511 (depth 0, 23 lits): UNSAT in 0.01s
    cube 515 (depth 0, 24 lits): UNSAT in 0.04s
    cube 519 (depth 0, 24 lits): UNSAT in 0.02s
    cube 523 (depth 0, 24 lits): UNSAT in 0.08s
    cube 527 (depth 0, 24 lits): UNSAT in 0.03s
    cube 531 (depth 0, 24 lits): UNSAT in 0.07s
    cube 535 (depth 0, 24 lits): UNSAT in 0.03s
    cube 539 (depth 0, 24 lits): UNSAT in 0.02s
    cube 543 (depth 0, 24 lits): UNSAT in 0.04s
    cube 547 (depth 0, 24 lits): UNSAT in 0.14s
    cube 551 (depth 0, 24 lits): UNSAT in 0.03s
    cube 555 (depth 0, 24 lits): UNSAT in 0.04s
    cube 559 (depth 0, 24 lits): UNSAT in 0.06s
    cube 563 (depth 0, 24 lits): UNSAT in 0.05s
    cube 567 (depth 0, 24 lits): UNSAT in 0.06s
    cube 571 (depth 0, 24 lits): UNSAT in 0.11s
    cube 575 (depth 0, 24 lits): UNSAT in 0.09s
    cube 579 (depth 0, 24 lits): UNSAT in 0.22s
    cube 583 (depth 0, 24 lits): UNSAT in 0.05s
    cube 587 (depth 0, 24 lits): UNSAT in 0.06s
    cube 591 (depth 0, 24 lits): UNSAT in 0.07s
    cube 595 (depth 0, 24 lits): UNSAT in 0.11s
    cube 599 (depth 0, 24 lits): UNSAT in 0.03s
    cube 603 (depth 0, 24 lits): UNSAT in 0.07s
    cube 607 (depth 0, 24 lits): UNSAT in 0.08s
    cube 611 (depth 0, 24 lits): UNSAT in 0.56s
    cube 615 (depth 0, 24 lits): UNSAT in 0.02s
    cube 619 (depth 0, 24 lits): UNSAT in 0.04s
    cube 623 (depth 0, 24 lits): UNSAT in 0.02s
    cube 627 (depth 0, 24 lits): UNSAT in 0.05s
    cube 631 (depth 0, 24 lits): UNSAT in 0.04s
    cube 635 (depth 0, 24 lits): UNSAT in 0.09s
    cube 639 (depth 0, 24 lits): UNSAT in 0.07s
    cube 643 (depth 0, 24 lits): UNSAT in 0.55s
    cube 647 (depth 0, 24 lits): UNSAT in 0.02s
    cube 651 (depth 0, 24 lits): UNSAT in 0.03s
    cube 655 (depth 0, 24 lits): UNSAT in 0.10s
    cube 659 (depth 0, 24 lits): UNSAT in 0.20s
    cube 663 (depth 0, 24 lits): UNSAT in 0.06s
    cube 667 (depth 0, 24 lits): UNSAT in 0.25s
    cube 671 (depth 0, 24 lits): UNSAT in 0.44s
    cube 675 (depth 0, 24 lits): UNSAT in 3.65s
    cube 679 (depth 0, 24 lits): UNSAT in 0.02s
    cube 683 (depth 0, 24 lits): UNSAT in 0.02s
    cube 687 (depth 0, 24 lits): UNSAT in 0.01s
    cube 691 (depth 0, 24 lits): UNSAT in 0.03s
    cube 695 (depth 0, 24 lits): UNSAT in 0.03s
    cube 699 (depth 0, 24 lits): UNSAT in 0.06s
    cube 703 (depth 0, 24 lits): UNSAT in 0.02s
    cube 707 (depth 0, 24 lits): UNSAT in 0.03s
    cube 711 (depth 0, 23 lits): UNSAT in 0.01s
    cube 715 (depth 0, 24 lits): UNSAT in 0.02s
    cube 719 (depth 0, 24 lits): UNSAT in 0.03s
    cube 723 (depth 0, 24 lits): UNSAT in 0.03s
    cube 727 (depth 0, 24 lits): UNSAT in 0.05s
    cube 731 (depth 0, 24 lits): UNSAT in 0.02s
    cube 735 (depth 0, 24 lits): UNSAT in 0.02s
    cube 739 (depth 0, 24 lits): UNSAT in 0.02s
    cube 743 (depth 0, 24 lits): UNSAT in 0.03s
    cube 747 (depth 0, 24 lits): UNSAT in 0.01s
    cube 751 (depth 0, 24 lits): UNSAT in 0.05s
    cube 755 (depth 0, 24 lits): UNSAT in 0.09s
    cube 759 (depth 0, 24 lits): UNSAT in 0.09s
    cube 763 (depth 0, 24 lits): UNSAT in 0.02s
    cube 767 (depth 0, 24 lits): UNSAT in 0.01s
    cube 771 (depth 0, 24 lits): UNSAT in 0.04s
    cube 775 (depth 0, 24 lits): UNSAT in 0.11s
    cube 779 (depth 0, 24 lits): UNSAT in 0.06s
    cube 783 (depth 0, 24 lits): UNSAT in 0.06s
    cube 787 (depth 0, 24 lits): UNSAT in 0.05s
    cube 791 (depth 0, 24 lits): UNSAT in 0.08s
    cube 795 (depth 0, 24 lits): UNSAT in 0.02s
    cube 799 (depth 0, 24 lits): UNSAT in 0.02s
    cube 803 (depth 0, 24 lits): UNSAT in 0.07s
    cube 807 (depth 0, 24 lits): UNSAT in 0.07s
    cube 811 (depth 0, 24 lits): UNSAT in 0.01s
    cube 815 (depth 0, 24 lits): UNSAT in 0.07s
    cube 819 (depth 0, 24 lits): UNSAT in 0.04s
    cube 823 (depth 0, 24 lits): UNSAT in 0.07s
    cube 827 (depth 0, 24 lits): UNSAT in 0.02s
    cube 831 (depth 0, 24 lits): UNSAT in 0.03s
    cube 835 (depth 0, 24 lits): UNSAT in 0.05s
    cube 839 (depth 0, 24 lits): UNSAT in 0.09s
    cube 843 (depth 0, 24 lits): UNSAT in 0.03s
    cube 847 (depth 0, 24 lits): UNSAT in 0.04s
    cube 851 (depth 0, 24 lits): UNSAT in 0.19s
    cube 855 (depth 0, 24 lits): UNSAT in 0.47s
    cube 859 (depth 0, 24 lits): UNSAT in 0.02s
    cube 863 (depth 0, 24 lits): UNSAT in 0.05s
    cube 867 (depth 0, 24 lits): UNSAT in 0.02s
    cube 871 (depth 0, 24 lits): UNSAT in 0.37s
    cube 875 (depth 0, 24 lits): UNSAT in 0.03s
    cube 879 (depth 0, 24 lits): UNSAT in 0.06s
    cube 883 (depth 0, 24 lits): UNSAT in 0.17s
    cube 887 (depth 0, 24 lits): UNSAT in 0.32s
    cube 891 (depth 0, 24 lits): UNSAT in 0.04s
    cube 895 (depth 0, 24 lits): UNSAT in 0.09s
    cube 899 (depth 0, 24 lits): UNSAT in 0.11s
    cube 903 (depth 0, 24 lits): UNSAT in 3.59s
    cube 907 (depth 0, 24 lits): UNSAT in 0.05s
    cube 911 (depth 0, 24 lits): UNSAT in 0.30s
    cube 915 (depth 0, 24 lits): UNSAT in 0.21s
    cube 919 (depth 0, 24 lits): UNSAT in 3.65s
    cube 923 (depth 0, 23 lits): UNSAT in 0.01s
    cube 927 (depth 0, 24 lits): UNSAT in 0.01s
    cube 931 (depth 0, 24 lits): UNSAT in 0.02s
    cube 935 (depth 0, 24 lits): UNSAT in 0.04s
    cube 939 (depth 0, 24 lits): UNSAT in 0.02s
    cube 943 (depth 0, 24 lits): UNSAT in 0.03s
    cube 947 (depth 0, 24 lits): UNSAT in 0.02s
    cube 951 (depth 0, 24 lits): UNSAT in 0.02s
    cube 955 (depth 0, 24 lits): UNSAT in 0.03s
    cube 959 (depth 0, 24 lits): UNSAT in 0.02s
    cube 963 (depth 0, 24 lits): UNSAT in 0.02s
    cube 967 (depth 0, 24 lits): UNSAT in 0.02s
    cube 971 (depth 0, 24 lits): UNSAT in 0.02s
    cube 975 (depth 0, 24 lits): UNSAT in 0.02s
    cube 979 (depth 0, 24 lits): UNSAT in 0.05s
    cube 983 (depth 0, 23 lits): UNSAT in 0.01s
    cube 987 (depth 0, 24 lits): UNSAT in 0.02s
    cube 991 (depth 0, 24 lits): UNSAT in 0.02s
    cube 995 (depth 0, 24 lits): UNSAT in 0.04s
    cube 999 (depth 0, 24 lits): UNSAT in 0.06s
    cube 1003 (depth 0, 24 lits): UNSAT in 0.07s
    cube 1007 (depth 0, 24 lits): UNSAT in 0.02s
    cube 1011 (depth 0, 24 lits): UNSAT in 0.15s
    cube 1015 (depth 0, 24 lits): UNSAT in 0.02s
    cube 1019 (depth 0, 24 lits): UNSAT in 0.02s
    cube 1023 (depth 0, 24 lits): UNSAT in 0.03s
    cube 1027 (depth 0, 24 lits): UNSAT in 0.08s
    cube 1031 (depth 0, 24 lits): UNSAT in 0.03s
    cube 1035 (depth 0, 24 lits): UNSAT in 0.06s
    cube 1039 (depth 0, 24 lits): UNSAT in 0.18s
    cube 1043 (depth 0, 24 lits): UNSAT in 0.11s
    cube 1047 (depth 0, 24 lits): UNSAT in 0.01s
    cube 1051 (depth 0, 24 lits): UNSAT in 0.02s
    cube 1055 (depth 0, 24 lits): UNSAT in 0.01s
    cube 1059 (depth 0, 24 lits): UNSAT in 0.04s
    cube 1063 (depth 0, 24 lits): UNSAT in 0.02s
    cube 1067 (depth 0, 24 lits): UNSAT in 0.01s
    cube 1071 (depth 0, 24 lits): UNSAT in 0.04s
    cube 1075 (depth 0, 24 lits): UNSAT in 0.03s
    cube 1079 (depth 0, 24 lits): UNSAT in 0.04s
    cube 1083 (depth 0, 24 lits): UNSAT in 0.02s
    cube 1087 (depth 0, 24 lits): UNSAT in 0.07s
    cube 1091 (depth 0, 24 lits): UNSAT in 0.03s
    cube 1095 (depth 0, 24 lits): UNSAT in 0.08s
    cube 1099 (depth 0, 24 lits): UNSAT in 0.08s
    cube 1103 (depth 0, 24 lits): UNSAT in 0.16s
    cube 1107 (depth 0, 24 lits): UNSAT in 0.02s
    cube 1111 (depth 0, 24 lits): UNSAT in 0.02s
    cube 1115 (depth 0, 24 lits): UNSAT in 0.03s
    cube 1119 (depth 0, 24 lits): UNSAT in 0.04s
    cube 1123 (depth 0, 24 lits): UNSAT in 0.06s
    cube 1127 (depth 0, 24 lits): UNSAT in 0.11s
    cube 1131 (depth 0, 24 lits): UNSAT in 0.04s
    cube 1135 (depth 0, 24 lits): UNSAT in 0.53s
    cube 1139 (depth 0, 24 lits): UNSAT in 0.02s
    cube 1143 (depth 0, 24 lits): UNSAT in 0.04s
    cube 1147 (depth 0, 24 lits): UNSAT in 0.04s
    cube 1151 (depth 0, 24 lits): UNSAT in 0.20s
    cube 1155 (depth 0, 24 lits): UNSAT in 0.03s
    cube 1159 (depth 0, 24 lits): UNSAT in 0.10s
    cube 1163 (depth 0, 24 lits): UNSAT in 0.04s
    cube 1167 (depth 0, 24 lits): UNSAT in 0.09s
    cube 1171 (depth 0, 23 lits): UNSAT in 0.02s
    cube 1175 (depth 0, 24 lits): UNSAT in 0.02s
    cube 1179 (depth 0, 24 lits): UNSAT in 0.01s
    cube 1183 (depth 0, 24 lits): UNSAT in 0.01s
    cube 1187 (depth 0, 24 lits): UNSAT in 0.03s
    cube 1191 (depth 0, 24 lits): UNSAT in 0.02s
    cube 1195 (depth 0, 24 lits): UNSAT in 0.05s
    cube 1199 (depth 0, 24 lits): UNSAT in 0.04s
    cube 1203 (depth 0, 24 lits): UNSAT in 0.03s
    cube 1207 (depth 0, 24 lits): UNSAT in 0.22s
    cube 1211 (depth 0, 24 lits): UNSAT in 0.10s
    cube 1215 (depth 0, 24 lits): UNSAT in 0.06s
    cube 1219 (depth 0, 24 lits): UNSAT in 0.06s
    cube 1223 (depth 0, 24 lits): UNSAT in 0.02s
    cube 1227 (depth 0, 24 lits): UNSAT in 0.06s
    cube 1231 (depth 0, 24 lits): UNSAT in 0.68s
    cube 1235 (depth 0, 23 lits): UNSAT in 0.02s
    cube 1239 (depth 0, 24 lits): UNSAT in 0.12s
    cube 1243 (depth 0, 24 lits): UNSAT in 0.19s
    cube 1247 (depth 0, 24 lits): UNSAT in 1.13s
    cube 1251 (depth 0, 24 lits): UNSAT in 0.25s
    cube 1255 (depth 0, 24 lits): UNSAT in 1.34s
    cube 1259 (depth 0, 24 lits): UNSAT in 1.00s
    cube 1263 (depth 0, 24 lits): UNSAT in 3.35s
    cube 1267 (depth 0, 24 lits): UNSAT in 0.05s
    cube 1271 (depth 0, 24 lits): UNSAT in 0.07s
    cube 1275 (depth 0, 24 lits): UNSAT in 0.51s
    cube 1279 (depth 0, 24 lits): UNSAT in 0.64s
    cube 1283 (depth 0, 24 lits): UNSAT in 0.09s
    cube 1287 (depth 0, 24 lits): UNSAT in 0.29s
    cube 1291 (depth 0, 24 lits): UNSAT in 0.56s
    cube 1295 (depth 0, 24 lits): UNSAT in 2.60s
    cube 1299 (depth 0, 24 lits): UNSAT in 0.02s
    cube 1303 (depth 0, 24 lits): UNSAT in 0.03s
    cube 1307 (depth 0, 24 lits): UNSAT in 0.04s
    cube 1311 (depth 0, 24 lits): UNSAT in 0.11s
    cube 1315 (depth 0, 24 lits): UNSAT in 0.08s
    cube 1319 (depth 0, 24 lits): UNSAT in 0.09s
    cube 1323 (depth 0, 24 lits): UNSAT in 0.15s
    cube 1327 (depth 0, 24 lits): UNSAT in 0.02s
    cube 1331 (depth 0, 24 lits): UNSAT in 0.03s
    cube 1335 (depth 0, 24 lits): UNSAT in 0.04s
    cube 1339 (depth 0, 24 lits): UNSAT in 0.08s
    cube 1343 (depth 0, 24 lits): UNSAT in 0.09s
    cube 1347 (depth 0, 24 lits): UNSAT in 0.15s
    cube 1351 (depth 0, 24 lits): UNSAT in 0.46s
    cube 1355 (depth 0, 24 lits): UNSAT in 3.83s
    cube 1359 (depth 0, 24 lits): UNSAT in 0.03s
    cube 1363 (depth 0, 24 lits): UNSAT in 0.06s
    cube 1367 (depth 0, 24 lits): UNSAT in 0.26s
    cube 1371 (depth 0, 24 lits): UNSAT in 0.69s
    cube 1375 (depth 0, 24 lits): UNSAT in 0.10s
    cube 1379 (depth 0, 24 lits): UNSAT in 0.48s
    cube 1383 (depth 0, 24 lits): UNSAT in 0.47s
    cube 1387 (depth 0, 24 lits): UNSAT in 6.33s
    cube 1391 (depth 0, 24 lits): UNSAT in 0.08s
    cube 1395 (depth 0, 24 lits): UNSAT in 0.35s
    cube 1399 (depth 0, 24 lits): UNSAT in 0.24s
    cube 1403 (depth 0, 24 lits): UNSAT in 1.70s
    cube 1407 (depth 0, 24 lits): UNSAT in 0.60s
    cube 1411 (depth 0, 24 lits): UNSAT in 2.53s
    cube 1415 (depth 0, 24 lits): UNSAT in 5.39s
    cube 1419 (depth 0, 24 lits): UNSAT in 11.50s
    cube 1423 (depth 0, 24 lits): UNSAT in 0.02s
    cube 1427 (depth 0, 23 lits): UNSAT in 0.02s
    cube 1431 (depth 0, 24 lits): UNSAT in 0.01s
    cube 1435 (depth 0, 24 lits): UNSAT in 0.02s
    cube 1439 (depth 0, 24 lits): UNSAT in 0.03s
    cube 1443 (depth 0, 24 lits): UNSAT in 0.04s
    cube 1447 (depth 0, 24 lits): UNSAT in 0.04s
    cube 1451 (depth 0, 24 lits): UNSAT in 0.02s
    cube 1455 (depth 0, 24 lits): UNSAT in 0.03s
    cube 1459 (depth 0, 24 lits): UNSAT in 0.08s
    cube 1463 (depth 0, 24 lits): UNSAT in 0.03s
    cube 1467 (depth 0, 24 lits): UNSAT in 0.06s
    cube 1471 (depth 0, 24 lits): UNSAT in 0.07s
    cube 1475 (depth 0, 24 lits): UNSAT in 0.30s
    cube 1479 (depth 0, 24 lits): UNSAT in 0.02s
    cube 1483 (depth 0, 24 lits): UNSAT in 0.09s
    cube 1487 (depth 0, 24 lits): UNSAT in 0.02s
    cube 1491 (depth 0, 24 lits): UNSAT in 0.31s
    cube 1495 (depth 0, 24 lits): UNSAT in 0.02s
    cube 1499 (depth 0, 24 lits): UNSAT in 0.05s
    cube 1503 (depth 0, 24 lits): UNSAT in 0.04s
    cube 1507 (depth 0, 24 lits): UNSAT in 0.30s
    cube 1511 (depth 0, 24 lits): UNSAT in 0.04s
    cube 1515 (depth 0, 24 lits): UNSAT in 0.05s
    cube 1519 (depth 0, 24 lits): UNSAT in 0.03s
    cube 1523 (depth 0, 24 lits): UNSAT in 0.68s
    cube 1527 (depth 0, 24 lits): UNSAT in 0.38s
    cube 1531 (depth 0, 24 lits): UNSAT in 0.12s
    cube 1535 (depth 0, 24 lits): UNSAT in 0.53s
    cube 1539 (depth 0, 24 lits): UNSAT in 0.40s
    cube 1543 (depth 0, 24 lits): UNSAT in 0.02s
    cube 1547 (depth 0, 24 lits): UNSAT in 0.02s
    cube 1551 (depth 0, 24 lits): UNSAT in 0.01s
    cube 1555 (depth 0, 24 lits): UNSAT in 0.01s
    cube 1559 (depth 0, 24 lits): UNSAT in 0.08s
    cube 1563 (depth 0, 24 lits): UNSAT in 0.03s
    cube 1567 (depth 0, 24 lits): UNSAT in 0.11s
    cube 1571 (depth 0, 24 lits): UNSAT in 0.03s
    cube 1575 (depth 0, 24 lits): UNSAT in 0.01s
    cube 1579 (depth 0, 23 lits): UNSAT in 0.01s
    cube 1583 (depth 0, 24 lits): UNSAT in 0.32s
    cube 1587 (depth 0, 24 lits): UNSAT in 0.10s
    cube 1591 (depth 0, 24 lits): UNSAT in 0.16s
    cube 1595 (depth 0, 24 lits): UNSAT in 0.88s
    cube 1599 (depth 0, 24 lits): UNSAT in 3.12s
    cube 1603 (depth 0, 24 lits): UNSAT in 0.16s
    cube 1607 (depth 0, 24 lits): UNSAT in 0.09s
    cube 1611 (depth 0, 24 lits): UNSAT in 0.21s
    cube 1615 (depth 0, 24 lits): UNSAT in 0.20s
    cube 1619 (depth 0, 24 lits): UNSAT in 0.19s
    cube 1623 (depth 0, 24 lits): UNSAT in 0.88s
    cube 1627 (depth 0, 24 lits): UNSAT in 0.29s
    cube 1631 (depth 0, 24 lits): UNSAT in 3.72s
    cube 1635 (depth 0, 24 lits): UNSAT in 0.41s
    cube 1639 (depth 0, 24 lits): UNSAT in 0.04s
    cube 1643 (depth 0, 24 lits): UNSAT in 0.95s
    cube 1647 (depth 0, 24 lits): UNSAT in 3.13s
    cube 1651 (depth 0, 24 lits): UNSAT in 0.71s
    cube 1655 (depth 0, 24 lits): UNSAT in 3.94s
    cube 1659 (depth 0, 24 lits): UNSAT in 4.42s
    cube 1663 (depth 0, 24 lits): UNSAT in 281.64s
    cube 1667 (depth 0, 24 lits): UNSAT in 0.02s
    cube 1671 (depth 0, 24 lits): UNSAT in 0.06s
    cube 1675 (depth 0, 24 lits): UNSAT in 0.02s
    cube 1679 (depth 0, 24 lits): UNSAT in 0.07s
    cube 1683 (depth 0, 24 lits): UNSAT in 0.03s
    cube 1687 (depth 0, 24 lits): UNSAT in 0.06s
    cube 1691 (depth 0, 24 lits): UNSAT in 0.22s
    cube 1695 (depth 0, 24 lits): UNSAT in 0.36s
    cube 1699 (depth 0, 24 lits): UNSAT in 0.02s
    cube 1703 (depth 0, 24 lits): UNSAT in 0.05s
    cube 1707 (depth 0, 24 lits): UNSAT in 0.03s
    cube 1711 (depth 0, 24 lits): UNSAT in 0.10s
    cube 1715 (depth 0, 24 lits): UNSAT in 0.11s
    cube 1719 (depth 0, 24 lits): UNSAT in 0.53s
    cube 1723 (depth 0, 24 lits): UNSAT in 0.53s
    cube 1727 (depth 0, 24 lits): UNSAT in 1.48s
    cube 1731 (depth 0, 24 lits): UNSAT in 0.09s
    cube 1735 (depth 0, 24 lits): UNSAT in 0.20s
    cube 1739 (depth 0, 24 lits): UNSAT in 0.55s
    cube 1743 (depth 0, 24 lits): UNSAT in 0.75s
    cube 1747 (depth 0, 24 lits): UNSAT in 0.13s
    cube 1751 (depth 0, 24 lits): UNSAT in 1.28s
    cube 1755 (depth 0, 24 lits): UNSAT in 0.39s
    cube 1759 (depth 0, 24 lits): UNSAT in 5.91s
    cube 1763 (depth 0, 24 lits): UNSAT in 0.31s
    cube 1767 (depth 0, 24 lits): UNSAT in 1.17s
    cube 1771 (depth 0, 24 lits): UNSAT in 1.43s
    cube 1775 (depth 0, 24 lits): UNSAT in 3.48s
    cube 1779 (depth 0, 24 lits): UNSAT in 1.07s
    cube 1783 (depth 0, 24 lits): UNSAT in 4.91s
    cube 1787 (depth 0, 24 lits): UNSAT in 3.97s
    cube 1791 (depth 0, 24 lits): UNSAT in 389.76s
    cube 1795 (depth 0, 24 lits): UNSAT in 0.04s
    cube 1799 (depth 0, 24 lits): UNSAT in 0.22s
    cube 1803 (depth 0, 24 lits): UNSAT in 0.54s
    cube 1807 (depth 0, 24 lits): UNSAT in 1.24s
    cube 1811 (depth 0, 24 lits): UNSAT in 0.18s
    cube 1815 (depth 0, 24 lits): UNSAT in 0.52s
    cube 1819 (depth 0, 24 lits): UNSAT in 0.74s
    cube 1823 (depth 0, 24 lits): UNSAT in 1.00s
    cube 1827 (depth 0, 24 lits): UNSAT in 0.15s
    cube 1831 (depth 0, 24 lits): UNSAT in 1.64s
    cube 1835 (depth 0, 24 lits): UNSAT in 0.64s
    cube 1839 (depth 0, 24 lits): UNSAT in 2.93s
    cube 1843 (depth 0, 24 lits): UNSAT in 1.16s
    cube 1847 (depth 0, 24 lits): UNSAT in 2.11s
    cube 1851 (depth 0, 24 lits): UNSAT in 23.97s
    cube 1855 (depth 0, 24 lits): UNSAT in 331.68s
    cube 1859 (depth 0, 24 lits): UNSAT in 0.06s
    cube 1863 (depth 0, 24 lits): UNSAT in 0.81s
    cube 1867 (depth 0, 24 lits): UNSAT in 0.36s
    cube 1871 (depth 0, 24 lits): UNSAT in 6.24s
    cube 1875 (depth 0, 24 lits): UNSAT in 0.38s
    cube 1879 (depth 0, 24 lits): UNSAT in 2.44s
    cube 1883 (depth 0, 24 lits): UNSAT in 17.49s
    cube 1887 (depth 0, 24 lits): UNSAT in 185.88s
    cube 1891 (depth 0, 24 lits): UNSAT in 0.89s
    cube 1895 (depth 0, 24 lits): UNSAT in 15.35s
    cube 1899 (depth 0, 24 lits): UNSAT in 14.93s
    cube 1903 (depth 0, 24 lits): TIMEOUT in 600.10s
    cube 1903 TIMEOUT -> re-split into 240 sub-cubes (depth 1)
    cube 1903.0 (depth 1, 31 lits): UNSAT in 0.01s
    cube 1903.1 (depth 1, 31 lits): UNSAT in 0.02s
    cube 1903.2 (depth 1, 32 lits): UNSAT in 0.01s
    cube 1903.3 (depth 1, 32 lits): UNSAT in 0.02s
    cube 1903.4 (depth 1, 32 lits): UNSAT in 0.01s
    cube 1903.5 (depth 1, 32 lits): UNSAT in 0.03s
    cube 1903.6 (depth 1, 31 lits): UNSAT in 0.02s
    cube 1903.7 (depth 1, 32 lits): UNSAT in 0.02s
    cube 1903.8 (depth 1, 32 lits): UNSAT in 0.03s
    cube 1903.9 (depth 1, 32 lits): UNSAT in 0.01s
    cube 1903.10 (depth 1, 32 lits): UNSAT in 0.02s
    cube 1903.11 (depth 1, 32 lits): UNSAT in 0.04s
    cube 1903.12 (depth 1, 32 lits): UNSAT in 0.30s
    cube 1903.13 (depth 1, 31 lits): UNSAT in 0.01s
    cube 1903.14 (depth 1, 32 lits): UNSAT in 0.02s
    cube 1903.15 (depth 1, 32 lits): UNSAT in 0.03s
    cube 1903.16 (depth 1, 32 lits): UNSAT in 0.03s
    cube 1903.17 (depth 1, 32 lits): UNSAT in 0.04s
    cube 1903.18 (depth 1, 32 lits): UNSAT in 0.04s
    cube 1903.19 (depth 1, 32 lits): UNSAT in 0.17s
    cube 1903.20 (depth 1, 32 lits): UNSAT in 0.02s
    cube 1903.21 (depth 1, 32 lits): UNSAT in 0.03s
    cube 1903.22 (depth 1, 32 lits): UNSAT in 0.03s
    cube 1903.23 (depth 1, 32 lits): UNSAT in 0.11s
    cube 1903.24 (depth 1, 32 lits): UNSAT in 0.07s
    cube 1903.25 (depth 1, 32 lits): UNSAT in 0.08s
    cube 1903.26 (depth 1, 32 lits): UNSAT in 0.12s
    cube 1903.27 (depth 1, 32 lits): UNSAT in 0.97s
    cube 1903.28 (depth 1, 30 lits): UNSAT in 0.02s
    cube 1903.29 (depth 1, 31 lits): UNSAT in 0.01s
    cube 1903.30 (depth 1, 32 lits): UNSAT in 0.01s
    cube 1903.31 (depth 1, 32 lits): UNSAT in 0.02s
    cube 1903.32 (depth 1, 32 lits): UNSAT in 0.02s
    cube 1903.33 (depth 1, 32 lits): UNSAT in 0.03s
    cube 1903.34 (depth 1, 32 lits): UNSAT in 0.03s
    cube 1903.35 (depth 1, 32 lits): UNSAT in 0.08s
    cube 1903.36 (depth 1, 32 lits): UNSAT in 0.02s
    cube 1903.37 (depth 1, 32 lits): UNSAT in 0.05s
    cube 1903.38 (depth 1, 32 lits): UNSAT in 0.08s
    cube 1903.39 (depth 1, 32 lits): UNSAT in 0.29s
    cube 1903.40 (depth 1, 32 lits): UNSAT in 0.02s
    cube 1903.41 (depth 1, 32 lits): UNSAT in 0.03s
    cube 1903.42 (depth 1, 32 lits): UNSAT in 0.03s
    cube 1903.43 (depth 1, 32 lits): UNSAT in 0.08s
    cube 1903.44 (depth 1, 32 lits): UNSAT in 0.02s
    cube 1903.45 (depth 1, 32 lits): UNSAT in 0.04s
    cube 1903.46 (depth 1, 32 lits): UNSAT in 0.07s
    cube 1903.47 (depth 1, 32 lits): UNSAT in 0.66s
    cube 1903.48 (depth 1, 32 lits): UNSAT in 0.01s
    cube 1903.49 (depth 1, 32 lits): UNSAT in 0.01s
    cube 1903.50 (depth 1, 32 lits): UNSAT in 0.05s
    cube 1903.51 (depth 1, 32 lits): UNSAT in 0.16s
    cube 1903.52 (depth 1, 32 lits): UNSAT in 0.12s
    cube 1903.53 (depth 1, 32 lits): UNSAT in 0.31s
    cube 1903.54 (depth 1, 32 lits): UNSAT in 0.70s
    cube 1903.55 (depth 1, 32 lits): UNSAT in 1.85s
    cube 1903.56 (depth 1, 31 lits): UNSAT in 0.02s
    cube 1903.57 (depth 1, 31 lits): UNSAT in 0.01s
    cube 1903.58 (depth 1, 32 lits): UNSAT in 0.01s
    cube 1903.59 (depth 1, 32 lits): UNSAT in 0.02s
    cube 1903.60 (depth 1, 31 lits): UNSAT in 0.02s
    cube 1903.61 (depth 1, 31 lits): UNSAT in 0.01s
    cube 1903.62 (depth 1, 31 lits): UNSAT in 0.02s
    cube 1903.63 (depth 1, 32 lits): UNSAT in 0.02s
    cube 1903.64 (depth 1, 32 lits): UNSAT in 0.01s
    cube 1903.65 (depth 1, 32 lits): UNSAT in 0.03s
    cube 1903.66 (depth 1, 32 lits): UNSAT in 0.06s
    cube 1903.67 (depth 1, 32 lits): UNSAT in 0.04s
    cube 1903.68 (depth 1, 32 lits): UNSAT in 0.03s
    cube 1903.69 (depth 1, 32 lits): UNSAT in 0.02s
    cube 1903.70 (depth 1, 32 lits): UNSAT in 0.06s
    cube 1903.71 (depth 1, 32 lits): UNSAT in 0.01s
    cube 1903.72 (depth 1, 32 lits): UNSAT in 0.02s
    cube 1903.73 (depth 1, 32 lits): UNSAT in 0.03s
    cube 1903.74 (depth 1, 32 lits): UNSAT in 0.14s
    cube 1903.75 (depth 1, 32 lits): UNSAT in 0.02s
    cube 1903.76 (depth 1, 32 lits): UNSAT in 0.05s
    cube 1903.77 (depth 1, 32 lits): UNSAT in 0.05s
    cube 1903.78 (depth 1, 32 lits): UNSAT in 0.13s
    cube 1903.79 (depth 1, 32 lits): UNSAT in 0.04s
    cube 1903.80 (depth 1, 32 lits): UNSAT in 0.35s
    cube 1903.81 (depth 1, 32 lits): UNSAT in 0.08s
    cube 1903.82 (depth 1, 32 lits): UNSAT in 0.80s
    cube 1903.83 (depth 1, 32 lits): UNSAT in 0.01s
    cube 1903.84 (depth 1, 32 lits): UNSAT in 0.02s
    cube 1903.85 (depth 1, 32 lits): UNSAT in 0.03s
    cube 1903.86 (depth 1, 32 lits): UNSAT in 0.05s
    cube 1903.87 (depth 1, 32 lits): UNSAT in 0.01s
    cube 1903.88 (depth 1, 32 lits): UNSAT in 0.02s
    cube 1903.89 (depth 1, 32 lits): UNSAT in 0.02s
    cube 1903.90 (depth 1, 32 lits): UNSAT in 0.04s
    cube 1903.91 (depth 1, 32 lits): UNSAT in 0.02s
    cube 1903.92 (depth 1, 32 lits): UNSAT in 0.01s
    cube 1903.93 (depth 1, 32 lits): UNSAT in 0.01s
    cube 1903.94 (depth 1, 32 lits): UNSAT in 0.05s
    cube 1903.95 (depth 1, 32 lits): UNSAT in 0.11s
    cube 1903.96 (depth 1, 32 lits): UNSAT in 0.13s
    cube 1903.97 (depth 1, 32 lits): UNSAT in 0.14s
    cube 1903.98 (depth 1, 32 lits): UNSAT in 0.41s
    cube 1903.99 (depth 1, 32 lits): UNSAT in 0.03s
    cube 1903.100 (depth 1, 32 lits): UNSAT in 0.12s
    cube 1903.101 (depth 1, 32 lits): UNSAT in 0.04s
    cube 1903.102 (depth 1, 32 lits): UNSAT in 0.14s
    cube 1903.103 (depth 1, 32 lits): UNSAT in 0.05s
    cube 1903.104 (depth 1, 32 lits): UNSAT in 0.06s
    cube 1903.105 (depth 1, 32 lits): UNSAT in 0.18s
    cube 1903.106 (depth 1, 32 lits): UNSAT in 0.30s
    cube 1903.107 (depth 1, 32 lits): UNSAT in 0.10s
    cube 1903.108 (depth 1, 32 lits): UNSAT in 0.05s
    cube 1903.109 (depth 1, 32 lits): UNSAT in 0.08s
    cube 1903.110 (depth 1, 32 lits): UNSAT in 0.19s
    cube 1903.111 (depth 1, 32 lits): UNSAT in 0.08s
    cube 1903.112 (depth 1, 32 lits): UNSAT in 0.61s
    cube 1903.113 (depth 1, 32 lits): UNSAT in 0.63s
    cube 1903.114 (depth 1, 32 lits): UNSAT in 2.75s
    cube 1903.115 (depth 1, 31 lits): UNSAT in 0.02s
    cube 1903.116 (depth 1, 32 lits): UNSAT in 0.01s
    cube 1903.117 (depth 1, 32 lits): UNSAT in 0.01s
    cube 1903.118 (depth 1, 32 lits): UNSAT in 0.02s
    cube 1903.119 (depth 1, 32 lits): UNSAT in 0.02s
    cube 1903.120 (depth 1, 32 lits): UNSAT in 0.02s
    cube 1903.121 (depth 1, 32 lits): UNSAT in 0.04s
    cube 1903.122 (depth 1, 31 lits): UNSAT in 0.01s
    cube 1903.123 (depth 1, 32 lits): UNSAT in 0.02s
    cube 1903.124 (depth 1, 32 lits): UNSAT in 0.03s
    cube 1903.125 (depth 1, 32 lits): UNSAT in 0.03s
    cube 1903.126 (depth 1, 32 lits): UNSAT in 0.04s
    cube 1903.127 (depth 1, 32 lits): UNSAT in 0.02s
    cube 1903.128 (depth 1, 32 lits): UNSAT in 0.03s
    cube 1903.129 (depth 1, 32 lits): UNSAT in 0.01s
    cube 1903.130 (depth 1, 32 lits): UNSAT in 0.01s
    cube 1903.131 (depth 1, 32 lits): UNSAT in 0.01s
    cube 1903.132 (depth 1, 32 lits): UNSAT in 0.04s
    cube 1903.133 (depth 1, 32 lits): UNSAT in 0.02s
    cube 1903.134 (depth 1, 32 lits): UNSAT in 0.02s
    cube 1903.135 (depth 1, 32 lits): UNSAT in 0.02s
    cube 1903.136 (depth 1, 32 lits): UNSAT in 0.04s
    cube 1903.137 (depth 1, 32 lits): UNSAT in 0.01s
    cube 1903.138 (depth 1, 32 lits): UNSAT in 0.05s
    cube 1903.139 (depth 1, 32 lits): UNSAT in 0.03s
    cube 1903.140 (depth 1, 32 lits): UNSAT in 0.27s
    cube 1903.141 (depth 1, 32 lits): UNSAT in 0.04s
    cube 1903.142 (depth 1, 32 lits): UNSAT in 0.14s
    cube 1903.143 (depth 1, 32 lits): UNSAT in 0.30s
    cube 1903.144 (depth 1, 32 lits): UNSAT in 0.41s
    cube 1903.145 (depth 1, 32 lits): UNSAT in 0.02s
    cube 1903.146 (depth 1, 32 lits): UNSAT in 0.03s
    cube 1903.147 (depth 1, 32 lits): UNSAT in 0.03s
    cube 1903.148 (depth 1, 32 lits): UNSAT in 0.07s
    cube 1903.149 (depth 1, 32 lits): UNSAT in 0.03s
    cube 1903.150 (depth 1, 32 lits): UNSAT in 0.07s
    cube 1903.151 (depth 1, 32 lits): UNSAT in 0.08s
    cube 1903.152 (depth 1, 32 lits): UNSAT in 0.22s
    cube 1903.153 (depth 1, 32 lits): UNSAT in 0.02s
    cube 1903.154 (depth 1, 32 lits): UNSAT in 0.04s
    cube 1903.155 (depth 1, 32 lits): UNSAT in 0.05s
    cube 1903.156 (depth 1, 32 lits): UNSAT in 0.05s
    cube 1903.157 (depth 1, 32 lits): UNSAT in 0.06s
    cube 1903.158 (depth 1, 32 lits): UNSAT in 0.07s
    cube 1903.159 (depth 1, 32 lits): UNSAT in 0.06s
    cube 1903.160 (depth 1, 32 lits): UNSAT in 0.14s
    cube 1903.161 (depth 1, 32 lits): UNSAT in 0.01s
    cube 1903.162 (depth 1, 32 lits): UNSAT in 0.02s
    cube 1903.163 (depth 1, 32 lits): UNSAT in 0.03s
    cube 1903.164 (depth 1, 32 lits): UNSAT in 0.13s
    cube 1903.165 (depth 1, 32 lits): UNSAT in 0.04s
    cube 1903.166 (depth 1, 32 lits): UNSAT in 0.21s
    cube 1903.167 (depth 1, 32 lits): UNSAT in 0.05s
    cube 1903.168 (depth 1, 32 lits): UNSAT in 0.26s
    cube 1903.169 (depth 1, 32 lits): UNSAT in 0.05s
    cube 1903.170 (depth 1, 32 lits): UNSAT in 0.11s
    cube 1903.171 (depth 1, 32 lits): UNSAT in 0.28s
    cube 1903.172 (depth 1, 32 lits): UNSAT in 0.68s
    cube 1903.173 (depth 1, 32 lits): UNSAT in 0.19s
    cube 1903.174 (depth 1, 32 lits): UNSAT in 0.46s
    cube 1903.175 (depth 1, 32 lits): UNSAT in 0.94s
    cube 1903.176 (depth 1, 32 lits): UNSAT in 3.31s
    cube 1903.177 (depth 1, 32 lits): UNSAT in 0.01s
    cube 1903.178 (depth 1, 32 lits): UNSAT in 0.02s
    cube 1903.179 (depth 1, 32 lits): UNSAT in 0.02s
    cube 1903.180 (depth 1, 32 lits): UNSAT in 0.03s
    cube 1903.181 (depth 1, 32 lits): UNSAT in 0.02s
    cube 1903.182 (depth 1, 32 lits): UNSAT in 0.03s
    cube 1903.183 (depth 1, 32 lits): UNSAT in 0.04s
    cube 1903.184 (depth 1, 32 lits): UNSAT in 0.08s
    cube 1903.185 (depth 1, 32 lits): UNSAT in 0.02s
    cube 1903.186 (depth 1, 32 lits): UNSAT in 0.01s
    cube 1903.187 (depth 1, 32 lits): UNSAT in 0.03s
    cube 1903.188 (depth 1, 32 lits): UNSAT in 0.06s
    cube 1903.189 (depth 1, 32 lits): UNSAT in 0.05s
    cube 1903.190 (depth 1, 32 lits): UNSAT in 0.08s
    cube 1903.191 (depth 1, 32 lits): UNSAT in 0.10s
    cube 1903.192 (depth 1, 32 lits): UNSAT in 0.14s
    cube 1903.193 (depth 1, 31 lits): UNSAT in 0.01s
    cube 1903.194 (depth 1, 32 lits): UNSAT in 0.03s
    cube 1903.195 (depth 1, 32 lits): UNSAT in 0.03s
    cube 1903.196 (depth 1, 32 lits): UNSAT in 0.04s
    cube 1903.197 (depth 1, 32 lits): UNSAT in 0.06s
    cube 1903.198 (depth 1, 32 lits): UNSAT in 0.10s
    cube 1903.199 (depth 1, 32 lits): UNSAT in 0.50s
    cube 1903.200 (depth 1, 32 lits): UNSAT in 0.05s
    cube 1903.201 (depth 1, 32 lits): UNSAT in 0.09s
    cube 1903.202 (depth 1, 32 lits): UNSAT in 0.18s
    cube 1903.203 (depth 1, 32 lits): UNSAT in 0.16s
    cube 1903.204 (depth 1, 32 lits): UNSAT in 0.09s
    cube 1903.205 (depth 1, 32 lits): UNSAT in 0.28s
    cube 1903.206 (depth 1, 32 lits): UNSAT in 0.34s
    cube 1903.207 (depth 1, 32 lits): UNSAT in 1.30s
    cube 1903.208 (depth 1, 32 lits): UNSAT in 0.02s
    cube 1903.209 (depth 1, 32 lits): UNSAT in 0.08s
    cube 1903.210 (depth 1, 32 lits): UNSAT in 0.04s
    cube 1903.211 (depth 1, 32 lits): UNSAT in 0.09s
    cube 1903.212 (depth 1, 32 lits): UNSAT in 0.08s
    cube 1903.213 (depth 1, 32 lits): UNSAT in 0.22s
    cube 1903.214 (depth 1, 32 lits): UNSAT in 0.19s
    cube 1903.215 (depth 1, 32 lits): UNSAT in 0.67s
    cube 1903.216 (depth 1, 32 lits): UNSAT in 0.02s
    cube 1903.217 (depth 1, 32 lits): UNSAT in 0.06s
    cube 1903.218 (depth 1, 32 lits): UNSAT in 0.26s
    cube 1903.219 (depth 1, 32 lits): UNSAT in 0.57s
    cube 1903.220 (depth 1, 32 lits): UNSAT in 0.08s
    cube 1903.221 (depth 1, 32 lits): UNSAT in 0.23s
    cube 1903.222 (depth 1, 32 lits): UNSAT in 1.13s
    cube 1903.223 (depth 1, 32 lits): UNSAT in 3.65s
    cube 1903.224 (depth 1, 32 lits): UNSAT in 0.13s
    cube 1903.225 (depth 1, 32 lits): UNSAT in 0.46s
    cube 1903.226 (depth 1, 32 lits): UNSAT in 0.11s
    cube 1903.227 (depth 1, 32 lits): UNSAT in 1.27s
    cube 1903.228 (depth 1, 32 lits): UNSAT in 0.38s
    cube 1903.229 (depth 1, 32 lits): UNSAT in 2.74s
    cube 1903.230 (depth 1, 32 lits): UNSAT in 0.44s
    cube 1903.231 (depth 1, 32 lits): UNSAT in 11.51s
    cube 1903.232 (depth 1, 32 lits): UNSAT in 0.24s
    cube 1903.233 (depth 1, 32 lits): UNSAT in 1.58s
    cube 1903.234 (depth 1, 32 lits): UNSAT in 1.08s
    cube 1903.235 (depth 1, 32 lits): UNSAT in 7.34s
    cube 1903.236 (depth 1, 32 lits): UNSAT in 1.42s
    cube 1903.237 (depth 1, 32 lits): UNSAT in 19.52s
    cube 1903.238 (depth 1, 32 lits): UNSAT in 2.84s
    cube 1903.239 (depth 1, 32 lits): UNSAT in 26.48s
    cube 1907 (depth 0, 24 lits): UNSAT in 1.62s
    cube 1911 (depth 0, 24 lits): UNSAT in 61.44s
    cube 1915 (depth 0, 24 lits): UNSAT in 66.23s
    cube 1919 (depth 0, 24 lits): UNSAT in 32.21s
    cube 1923 (depth 0, 24 lits): UNSAT in 0.01s
    cube 1927 (depth 0, 24 lits): UNSAT in 0.02s
    cube 1931 (depth 0, 23 lits): UNSAT in 0.01s
    cube 1935 (depth 0, 24 lits): UNSAT in 0.01s
    cube 1939 (depth 0, 24 lits): UNSAT in 0.02s
    cube 1943 (depth 0, 24 lits): UNSAT in 0.02s
    cube 1947 (depth 0, 24 lits): UNSAT in 0.02s
    cube 1951 (depth 0, 24 lits): UNSAT in 0.07s
    cube 1955 (depth 0, 24 lits): UNSAT in 0.09s
    cube 1959 (depth 0, 24 lits): UNSAT in 0.05s
    cube 1963 (depth 0, 24 lits): UNSAT in 0.06s
    cube 1967 (depth 0, 24 lits): UNSAT in 0.10s
    cube 1971 (depth 0, 24 lits): UNSAT in 0.16s
    cube 1975 (depth 0, 24 lits): UNSAT in 0.04s
    cube 1979 (depth 0, 24 lits): UNSAT in 0.06s
    cube 1983 (depth 0, 24 lits): UNSAT in 0.05s
    cube 1987 (depth 0, 24 lits): UNSAT in 0.16s
    cube 1991 (depth 0, 24 lits): UNSAT in 0.02s
    cube 1995 (depth 0, 24 lits): UNSAT in 0.06s
    cube 1999 (depth 0, 24 lits): UNSAT in 0.10s
    cube 2003 (depth 0, 24 lits): UNSAT in 0.15s
    cube 2007 (depth 0, 24 lits): UNSAT in 0.04s
    cube 2011 (depth 0, 24 lits): UNSAT in 0.07s
    cube 2015 (depth 0, 24 lits): UNSAT in 0.04s
    cube 2019 (depth 0, 24 lits): UNSAT in 0.10s
    cube 2023 (depth 0, 24 lits): UNSAT in 0.05s
    cube 2027 (depth 0, 24 lits): UNSAT in 0.37s
    cube 2031 (depth 0, 24 lits): UNSAT in 0.11s
    cube 2035 (depth 0, 24 lits): UNSAT in 0.44s
    cube 2039 (depth 0, 24 lits): UNSAT in 0.01s
    cube 2043 (depth 0, 24 lits): UNSAT in 0.03s
    cube 2047 (depth 0, 24 lits): UNSAT in 0.02s
    cube 2051 (depth 0, 24 lits): UNSAT in 0.04s
    cube 2055 (depth 0, 24 lits): UNSAT in 0.03s
    cube 2059 (depth 0, 24 lits): UNSAT in 0.02s
    cube 2063 (depth 0, 24 lits): UNSAT in 0.06s
    cube 2067 (depth 0, 24 lits): UNSAT in 0.36s
    cube 2071 (depth 0, 24 lits): UNSAT in 0.02s
    cube 2075 (depth 0, 24 lits): UNSAT in 0.05s
    cube 2079 (depth 0, 24 lits): UNSAT in 0.02s
    cube 2083 (depth 0, 24 lits): UNSAT in 0.17s
    cube 2087 (depth 0, 24 lits): UNSAT in 0.21s
    cube 2091 (depth 0, 24 lits): UNSAT in 0.38s
    cube 2095 (depth 0, 24 lits): UNSAT in 0.11s
    cube 2099 (depth 0, 24 lits): UNSAT in 0.98s
    cube 2103 (depth 0, 24 lits): UNSAT in 0.02s
    cube 2107 (depth 0, 24 lits): UNSAT in 0.02s
    cube 2111 (depth 0, 24 lits): UNSAT in 0.04s
    cube 2115 (depth 0, 24 lits): UNSAT in 0.05s
    cube 2119 (depth 0, 24 lits): UNSAT in 0.02s
    cube 2123 (depth 0, 24 lits): UNSAT in 0.08s
    cube 2127 (depth 0, 24 lits): UNSAT in 0.43s
    cube 2131 (depth 0, 24 lits): UNSAT in 0.11s
    cube 2135 (depth 0, 24 lits): UNSAT in 0.15s
    cube 2139 (depth 0, 24 lits): UNSAT in 0.03s
    cube 2143 (depth 0, 24 lits): UNSAT in 0.11s
    cube 2147 (depth 0, 24 lits): UNSAT in 0.03s
    cube 2151 (depth 0, 24 lits): UNSAT in 0.66s
    cube 2155 (depth 0, 24 lits): UNSAT in 0.16s
    cube 2159 (depth 0, 24 lits): UNSAT in 2.87s
    cube 2163 (depth 0, 22 lits): UNSAT in 0.02s
    cube 2167 (depth 0, 24 lits): UNSAT in 0.02s
    cube 2171 (depth 0, 24 lits): UNSAT in 0.02s
    cube 2175 (depth 0, 24 lits): UNSAT in 0.01s
    cube 2179 (depth 0, 24 lits): UNSAT in 0.03s
    cube 2183 (depth 0, 23 lits): UNSAT in 0.01s
    cube 2187 (depth 0, 24 lits): UNSAT in 0.02s
    cube 2191 (depth 0, 24 lits): UNSAT in 0.01s
    cube 2195 (depth 0, 24 lits): UNSAT in 0.03s
    cube 2199 (depth 0, 24 lits): UNSAT in 0.02s
    cube 2203 (depth 0, 24 lits): UNSAT in 0.02s
    cube 2207 (depth 0, 24 lits): UNSAT in 0.07s
    cube 2211 (depth 0, 24 lits): UNSAT in 0.16s
    cube 2215 (depth 0, 24 lits): UNSAT in 0.02s
    cube 2219 (depth 0, 24 lits): UNSAT in 0.03s
    cube 2223 (depth 0, 24 lits): UNSAT in 0.03s
    cube 2227 (depth 0, 24 lits): UNSAT in 0.16s
    cube 2231 (depth 0, 24 lits): UNSAT in 0.03s
    cube 2235 (depth 0, 24 lits): UNSAT in 0.04s
    cube 2239 (depth 0, 24 lits): UNSAT in 0.08s
    cube 2243 (depth 0, 24 lits): UNSAT in 0.20s
    cube 2247 (depth 0, 24 lits): UNSAT in 0.02s
    cube 2251 (depth 0, 24 lits): UNSAT in 0.09s
    cube 2255 (depth 0, 24 lits): UNSAT in 0.12s
    cube 2259 (depth 0, 24 lits): UNSAT in 0.66s
    cube 2263 (depth 0, 24 lits): UNSAT in 0.03s
    cube 2267 (depth 0, 24 lits): UNSAT in 0.08s
    cube 2271 (depth 0, 24 lits): UNSAT in 1.01s
    cube 2275 (depth 0, 24 lits): UNSAT in 0.68s
    cube 2279 (depth 0, 24 lits): UNSAT in 0.02s
    cube 2283 (depth 0, 24 lits): UNSAT in 0.02s
    cube 2287 (depth 0, 24 lits): UNSAT in 0.02s
    cube 2291 (depth 0, 24 lits): UNSAT in 0.02s
    cube 2295 (depth 0, 24 lits): UNSAT in 0.02s
    cube 2299 (depth 0, 24 lits): UNSAT in 0.01s
    cube 2303 (depth 0, 24 lits): UNSAT in 0.07s
    cube 2307 (depth 0, 24 lits): UNSAT in 0.01s
    cube 2311 (depth 0, 24 lits): UNSAT in 0.02s
    cube 2315 (depth 0, 24 lits): UNSAT in 0.03s
    cube 2319 (depth 0, 24 lits): UNSAT in 0.03s
    cube 2323 (depth 0, 24 lits): UNSAT in 0.04s
    cube 2327 (depth 0, 24 lits): UNSAT in 0.09s
    cube 2331 (depth 0, 24 lits): UNSAT in 0.04s
    cube 2335 (depth 0, 24 lits): UNSAT in 0.57s
    cube 2339 (depth 0, 24 lits): UNSAT in 0.03s
    cube 2343 (depth 0, 24 lits): UNSAT in 0.04s
    cube 2347 (depth 0, 24 lits): UNSAT in 0.06s
    cube 2351 (depth 0, 24 lits): UNSAT in 0.20s
    cube 2355 (depth 0, 24 lits): UNSAT in 0.04s
    cube 2359 (depth 0, 24 lits): UNSAT in 0.08s
    cube 2363 (depth 0, 24 lits): UNSAT in 0.05s
    cube 2367 (depth 0, 24 lits): UNSAT in 0.68s
    cube 2371 (depth 0, 24 lits): UNSAT in 0.14s
    cube 2375 (depth 0, 24 lits): UNSAT in 0.50s
    cube 2379 (depth 0, 24 lits): UNSAT in 0.14s
    cube 2383 (depth 0, 24 lits): UNSAT in 0.19s
    cube 2387 (depth 0, 24 lits): UNSAT in 0.40s
    cube 2391 (depth 0, 24 lits): UNSAT in 0.88s
    cube 2395 (depth 0, 24 lits): UNSAT in 1.54s
    cube 2399 (depth 0, 24 lits): UNSAT in 26.49s
    cube 2403 (depth 0, 24 lits): UNSAT in 0.01s
    cube 2407 (depth 0, 24 lits): UNSAT in 0.02s
    cube 2411 (depth 0, 23 lits): UNSAT in 0.02s
    cube 2415 (depth 0, 24 lits): UNSAT in 0.02s
    cube 2419 (depth 0, 24 lits): UNSAT in 0.01s
    cube 2423 (depth 0, 24 lits): UNSAT in 0.06s
    cube 2427 (depth 0, 24 lits): UNSAT in 0.08s
    cube 2431 (depth 0, 24 lits): UNSAT in 0.50s
    cube 2435 (depth 0, 24 lits): UNSAT in 0.02s
    cube 2439 (depth 0, 24 lits): UNSAT in 0.01s
    cube 2443 (depth 0, 24 lits): UNSAT in 0.03s
    cube 2447 (depth 0, 24 lits): UNSAT in 0.03s
    cube 2451 (depth 0, 24 lits): UNSAT in 0.04s
    cube 2455 (depth 0, 24 lits): UNSAT in 0.14s
    cube 2459 (depth 0, 24 lits): UNSAT in 0.29s
    cube 2463 (depth 0, 24 lits): UNSAT in 0.01s
    cube 2467 (depth 0, 24 lits): UNSAT in 0.01s
    cube 2471 (depth 0, 24 lits): UNSAT in 0.03s
    cube 2475 (depth 0, 24 lits): UNSAT in 0.05s
    cube 2479 (depth 0, 24 lits): UNSAT in 0.02s
    cube 2483 (depth 0, 24 lits): UNSAT in 0.04s
    cube 2487 (depth 0, 24 lits): UNSAT in 0.13s
    cube 2491 (depth 0, 24 lits): UNSAT in 0.03s
    cube 2495 (depth 0, 24 lits): UNSAT in 0.02s
    cube 2499 (depth 0, 24 lits): UNSAT in 0.03s
    cube 2503 (depth 0, 24 lits): UNSAT in 0.08s
    cube 2507 (depth 0, 24 lits): UNSAT in 0.21s
    cube 2511 (depth 0, 24 lits): UNSAT in 0.03s
    cube 2515 (depth 0, 24 lits): UNSAT in 0.16s
    cube 2519 (depth 0, 24 lits): UNSAT in 0.20s
    cube 2523 (depth 0, 24 lits): UNSAT in 2.50s
    cube 2527 (depth 0, 23 lits): UNSAT in 0.02s
    cube 2531 (depth 0, 24 lits): UNSAT in 0.03s
    cube 2535 (depth 0, 24 lits): UNSAT in 0.01s
    cube 2539 (depth 0, 24 lits): UNSAT in 0.03s
    cube 2543 (depth 0, 24 lits): UNSAT in 0.04s
    cube 2547 (depth 0, 24 lits): UNSAT in 0.06s
    cube 2551 (depth 0, 24 lits): UNSAT in 0.22s
    cube 2555 (depth 0, 24 lits): UNSAT in 0.12s
    cube 2559 (depth 0, 24 lits): UNSAT in 0.02s
    cube 2563 (depth 0, 24 lits): UNSAT in 0.04s
    cube 2567 (depth 0, 24 lits): UNSAT in 0.10s
    cube 2571 (depth 0, 24 lits): UNSAT in 0.16s
    cube 2575 (depth 0, 24 lits): UNSAT in 0.10s
    cube 2579 (depth 0, 24 lits): UNSAT in 0.40s
    cube 2583 (depth 0, 24 lits): UNSAT in 0.84s
    cube 2587 (depth 0, 24 lits): UNSAT in 3.30s
    cube 2591 (depth 0, 24 lits): UNSAT in 0.03s
    cube 2595 (depth 0, 24 lits): UNSAT in 0.11s
    cube 2599 (depth 0, 24 lits): UNSAT in 0.08s
    cube 2603 (depth 0, 24 lits): UNSAT in 0.81s
    cube 2607 (depth 0, 24 lits): UNSAT in 0.05s
    cube 2611 (depth 0, 24 lits): UNSAT in 0.54s
    cube 2615 (depth 0, 24 lits): UNSAT in 0.61s
    cube 2619 (depth 0, 24 lits): UNSAT in 7.08s
    cube 2623 (depth 0, 24 lits): UNSAT in 0.08s
    cube 2627 (depth 0, 24 lits): UNSAT in 0.23s
    cube 2631 (depth 0, 24 lits): UNSAT in 0.31s
    cube 2635 (depth 0, 24 lits): UNSAT in 3.57s
    cube 2639 (depth 0, 24 lits): UNSAT in 3.01s
    cube 2643 (depth 0, 24 lits): UNSAT in 8.20s
    cube 2647 (depth 0, 24 lits): UNSAT in 2.34s
    cube 2651 (depth 0, 24 lits): UNSAT in 162.66s
    cube 2655 (depth 0, 24 lits): UNSAT in 0.02s
    cube 2659 (depth 0, 24 lits): UNSAT in 0.03s
    cube 2663 (depth 0, 24 lits): UNSAT in 0.12s
    cube 2667 (depth 0, 24 lits): UNSAT in 0.06s
    cube 2671 (depth 0, 24 lits): UNSAT in 0.06s
    cube 2675 (depth 0, 24 lits): UNSAT in 0.17s
    cube 2679 (depth 0, 24 lits): UNSAT in 0.10s
    cube 2683 (depth 0, 24 lits): UNSAT in 0.18s
    cube 2687 (depth 0, 24 lits): UNSAT in 0.07s
    cube 2691 (depth 0, 24 lits): UNSAT in 0.16s
    cube 2695 (depth 0, 24 lits): UNSAT in 0.46s
    cube 2699 (depth 0, 24 lits): UNSAT in 2.06s
    cube 2703 (depth 0, 24 lits): UNSAT in 0.22s
    cube 2707 (depth 0, 24 lits): UNSAT in 1.21s
    cube 2711 (depth 0, 24 lits): UNSAT in 1.57s
    cube 2715 (depth 0, 24 lits): UNSAT in 9.10s
    cube 2719 (depth 0, 24 lits): UNSAT in 0.07s
    cube 2723 (depth 0, 24 lits): UNSAT in 0.40s
    cube 2727 (depth 0, 24 lits): UNSAT in 0.54s
    cube 2731 (depth 0, 24 lits): UNSAT in 1.97s
    cube 2735 (depth 0, 24 lits): UNSAT in 0.18s
    cube 2739 (depth 0, 24 lits): UNSAT in 8.59s
    cube 2743 (depth 0, 24 lits): UNSAT in 1.56s
    cube 2747 (depth 0, 24 lits): UNSAT in 24.07s
    cube 2751 (depth 0, 24 lits): UNSAT in 0.08s
    cube 2755 (depth 0, 24 lits): UNSAT in 0.39s
    cube 2759 (depth 0, 24 lits): UNSAT in 1.44s
    cube 2763 (depth 0, 24 lits): UNSAT in 6.11s
    cube 2767 (depth 0, 24 lits): UNSAT in 12.73s
    cube 2771 (depth 0, 24 lits): UNSAT in 97.24s
    cube 2775 (depth 0, 24 lits): UNSAT in 73.93s
    cube 2779 (depth 0, 24 lits): UNSAT in 17.02s
    cube 2783 (depth 0, 24 lits): UNSAT in 0.05s
    cube 2787 (depth 0, 24 lits): UNSAT in 0.17s
    cube 2791 (depth 0, 24 lits): UNSAT in 0.07s
    cube 2795 (depth 0, 24 lits): UNSAT in 0.22s
    cube 2799 (depth 0, 24 lits): UNSAT in 0.10s
    cube 2803 (depth 0, 24 lits): UNSAT in 0.46s
    cube 2807 (depth 0, 24 lits): UNSAT in 1.09s
    cube 2811 (depth 0, 24 lits): UNSAT in 8.82s
    cube 2815 (depth 0, 24 lits): UNSAT in 0.19s
    cube 2819 (depth 0, 24 lits): UNSAT in 0.68s
    cube 2823 (depth 0, 24 lits): UNSAT in 3.30s
    cube 2827 (depth 0, 24 lits): UNSAT in 9.67s
    cube 2831 (depth 0, 24 lits): UNSAT in 1.32s
    cube 2835 (depth 0, 24 lits): UNSAT in 10.43s
    cube 2839 (depth 0, 24 lits): UNSAT in 8.77s
    cube 2843 (depth 0, 24 lits): UNSAT in 26.24s
    cube 2847 (depth 0, 24 lits): UNSAT in 0.92s
    cube 2851 (depth 0, 24 lits): UNSAT in 6.42s
    cube 2855 (depth 0, 24 lits): UNSAT in 20.43s
    cube 2859 (depth 0, 24 lits): UNSAT in 452.60s
    cube 2863 (depth 0, 24 lits): UNSAT in 4.48s
    cube 2867 (depth 0, 24 lits): UNSAT in 20.10s
    cube 2871 (depth 0, 24 lits): UNSAT in 44.59s
    cube 2875 (depth 0, 24 lits): UNSAT in 530.57s
    cube 2879 (depth 0, 24 lits): UNSAT in 2.19s
    cube 2883 (depth 0, 24 lits): UNSAT in 12.90s
    cube 2887 (depth 0, 24 lits): UNSAT in 59.37s
    cube 2891 (depth 0, 24 lits): UNSAT in 435.82s
    cube 2895 (depth 0, 24 lits): UNSAT in 51.75s
    cube 2899 (depth 0, 24 lits): TIMEOUT in 600.02s
    cube 2899 TIMEOUT -> re-split into 254 sub-cubes (depth 1)
    cube 2899.0 (depth 1, 31 lits): UNSAT in 0.01s
    cube 2899.1 (depth 1, 32 lits): UNSAT in 0.02s
    cube 2899.2 (depth 1, 32 lits): UNSAT in 0.03s
    cube 2899.3 (depth 1, 31 lits): UNSAT in 0.02s
    cube 2899.4 (depth 1, 32 lits): UNSAT in 0.02s
    cube 2899.5 (depth 1, 32 lits): UNSAT in 0.03s
    cube 2899.6 (depth 1, 32 lits): UNSAT in 0.01s
    cube 2899.7 (depth 1, 32 lits): UNSAT in 0.02s
    cube 2899.8 (depth 1, 32 lits): UNSAT in 0.02s
    cube 2899.9 (depth 1, 32 lits): UNSAT in 0.02s
    cube 2899.10 (depth 1, 32 lits): UNSAT in 0.01s
    cube 2899.11 (depth 1, 32 lits): UNSAT in 0.07s
    cube 2899.12 (depth 1, 32 lits): UNSAT in 0.08s
    cube 2899.13 (depth 1, 32 lits): UNSAT in 0.03s
    cube 2899.14 (depth 1, 32 lits): UNSAT in 0.01s
    cube 2899.15 (depth 1, 32 lits): UNSAT in 0.02s
    cube 2899.16 (depth 1, 32 lits): UNSAT in 0.02s
    cube 2899.17 (depth 1, 32 lits): UNSAT in 0.06s
    cube 2899.18 (depth 1, 32 lits): UNSAT in 0.01s
    cube 2899.19 (depth 1, 32 lits): UNSAT in 0.04s
    cube 2899.20 (depth 1, 32 lits): UNSAT in 0.08s
    cube 2899.21 (depth 1, 32 lits): UNSAT in 0.13s
    cube 2899.22 (depth 1, 32 lits): UNSAT in 0.01s
    cube 2899.23 (depth 1, 32 lits): UNSAT in 0.05s
    cube 2899.24 (depth 1, 32 lits): UNSAT in 0.02s
    cube 2899.25 (depth 1, 32 lits): UNSAT in 0.07s
    cube 2899.26 (depth 1, 32 lits): UNSAT in 0.06s
    cube 2899.27 (depth 1, 32 lits): UNSAT in 0.19s
    cube 2899.28 (depth 1, 32 lits): UNSAT in 0.22s
    cube 2899.29 (depth 1, 32 lits): UNSAT in 0.51s
    cube 2899.30 (depth 1, 32 lits): UNSAT in 0.01s
    cube 2899.31 (depth 1, 32 lits): UNSAT in 0.02s
    cube 2899.32 (depth 1, 32 lits): UNSAT in 0.01s
    cube 2899.33 (depth 1, 32 lits): UNSAT in 0.03s
    cube 2899.34 (depth 1, 32 lits): UNSAT in 0.01s
    cube 2899.35 (depth 1, 32 lits): UNSAT in 0.01s
    cube 2899.36 (depth 1, 32 lits): UNSAT in 0.02s
    cube 2899.37 (depth 1, 32 lits): UNSAT in 0.04s
    cube 2899.38 (depth 1, 32 lits): UNSAT in 0.01s
    cube 2899.39 (depth 1, 32 lits): UNSAT in 0.04s
    cube 2899.40 (depth 1, 32 lits): UNSAT in 0.02s
    cube 2899.41 (depth 1, 32 lits): UNSAT in 0.10s
    cube 2899.42 (depth 1, 32 lits): UNSAT in 0.03s
    cube 2899.43 (depth 1, 32 lits): UNSAT in 0.06s
    cube 2899.44 (depth 1, 32 lits): UNSAT in 0.15s
    cube 2899.45 (depth 1, 32 lits): UNSAT in 0.13s
    cube 2899.46 (depth 1, 32 lits): UNSAT in 0.02s
    cube 2899.47 (depth 1, 32 lits): UNSAT in 0.04s
    cube 2899.48 (depth 1, 32 lits): UNSAT in 0.08s
    cube 2899.49 (depth 1, 32 lits): UNSAT in 0.13s
    cube 2899.50 (depth 1, 32 lits): UNSAT in 0.05s
    cube 2899.51 (depth 1, 32 lits): UNSAT in 0.13s
    cube 2899.52 (depth 1, 32 lits): UNSAT in 0.14s
    cube 2899.53 (depth 1, 32 lits): UNSAT in 0.63s
    cube 2899.54 (depth 1, 32 lits): UNSAT in 0.04s
    cube 2899.55 (depth 1, 32 lits): UNSAT in 0.09s
    cube 2899.56 (depth 1, 32 lits): UNSAT in 0.11s
    cube 2899.57 (depth 1, 32 lits): UNSAT in 0.63s
    cube 2899.58 (depth 1, 32 lits): UNSAT in 0.17s
    cube 2899.59 (depth 1, 32 lits): UNSAT in 0.26s
    cube 2899.60 (depth 1, 32 lits): UNSAT in 0.46s
    cube 2899.61 (depth 1, 32 lits): UNSAT in 2.27s
    cube 2899.62 (depth 1, 32 lits): UNSAT in 0.01s
    cube 2899.63 (depth 1, 32 lits): UNSAT in 0.02s
    cube 2899.64 (depth 1, 32 lits): UNSAT in 0.01s
    cube 2899.65 (depth 1, 32 lits): UNSAT in 0.02s
    cube 2899.66 (depth 1, 32 lits): UNSAT in 0.02s
    cube 2899.67 (depth 1, 32 lits): UNSAT in 0.02s
    cube 2899.68 (depth 1, 32 lits): UNSAT in 0.05s
    cube 2899.69 (depth 1, 32 lits): UNSAT in 0.35s
    cube 2899.70 (depth 1, 32 lits): UNSAT in 0.03s
    cube 2899.71 (depth 1, 32 lits): UNSAT in 0.10s
    cube 2899.72 (depth 1, 32 lits): UNSAT in 0.14s
    cube 2899.73 (depth 1, 32 lits): UNSAT in 0.90s
    cube 2899.74 (depth 1, 32 lits): UNSAT in 0.18s
    cube 2899.75 (depth 1, 32 lits): UNSAT in 0.18s
    cube 2899.76 (depth 1, 32 lits): UNSAT in 0.37s
    cube 2899.77 (depth 1, 32 lits): UNSAT in 2.63s
    cube 2899.78 (depth 1, 32 lits): UNSAT in 0.08s
    cube 2899.79 (depth 1, 32 lits): UNSAT in 0.21s
    cube 2899.80 (depth 1, 32 lits): UNSAT in 0.11s
    cube 2899.81 (depth 1, 32 lits): UNSAT in 0.34s
    cube 2899.82 (depth 1, 32 lits): UNSAT in 0.16s
    cube 2899.83 (depth 1, 32 lits): UNSAT in 0.20s
    cube 2899.84 (depth 1, 32 lits): UNSAT in 0.07s
    cube 2899.85 (depth 1, 32 lits): UNSAT in 0.71s
    cube 2899.86 (depth 1, 32 lits): UNSAT in 0.06s
    cube 2899.87 (depth 1, 32 lits): UNSAT in 0.06s
    cube 2899.88 (depth 1, 32 lits): UNSAT in 0.17s
    cube 2899.89 (depth 1, 32 lits): UNSAT in 0.38s
    cube 2899.90 (depth 1, 32 lits): UNSAT in 0.07s
    cube 2899.91 (depth 1, 32 lits): UNSAT in 0.39s
    cube 2899.92 (depth 1, 32 lits): UNSAT in 0.27s
    cube 2899.93 (depth 1, 32 lits): UNSAT in 2.73s
    cube 2899.94 (depth 1, 32 lits): UNSAT in 0.02s
    cube 2899.95 (depth 1, 32 lits): UNSAT in 0.03s
    cube 2899.96 (depth 1, 32 lits): UNSAT in 0.03s
    cube 2899.97 (depth 1, 32 lits): UNSAT in 0.06s
    cube 2899.98 (depth 1, 32 lits): UNSAT in 0.05s
    cube 2899.99 (depth 1, 32 lits): UNSAT in 0.06s
    cube 2899.100 (depth 1, 32 lits): UNSAT in 0.11s
    cube 2899.101 (depth 1, 32 lits): UNSAT in 0.33s
    cube 2899.102 (depth 1, 32 lits): UNSAT in 0.03s
    cube 2899.103 (depth 1, 32 lits): UNSAT in 0.16s
    cube 2899.104 (depth 1, 32 lits): UNSAT in 0.10s
    cube 2899.105 (depth 1, 32 lits): UNSAT in 0.53s
    cube 2899.106 (depth 1, 32 lits): UNSAT in 0.04s
    cube 2899.107 (depth 1, 32 lits): UNSAT in 0.12s
    cube 2899.108 (depth 1, 32 lits): UNSAT in 0.14s
    cube 2899.109 (depth 1, 32 lits): UNSAT in 3.07s
    cube 2899.110 (depth 1, 32 lits): UNSAT in 0.03s
    cube 2899.111 (depth 1, 32 lits): UNSAT in 0.09s
    cube 2899.112 (depth 1, 32 lits): UNSAT in 0.07s
    cube 2899.113 (depth 1, 32 lits): UNSAT in 0.05s
    cube 2899.114 (depth 1, 32 lits): UNSAT in 0.08s
    cube 2899.115 (depth 1, 32 lits): UNSAT in 0.23s
    cube 2899.116 (depth 1, 32 lits): UNSAT in 0.14s
    cube 2899.117 (depth 1, 32 lits): UNSAT in 0.56s
    cube 2899.118 (depth 1, 32 lits): UNSAT in 0.19s
    cube 2899.119 (depth 1, 32 lits): UNSAT in 0.29s
    cube 2899.120 (depth 1, 32 lits): UNSAT in 0.28s
    cube 2899.121 (depth 1, 32 lits): UNSAT in 1.34s
    cube 2899.122 (depth 1, 32 lits): UNSAT in 0.61s
    cube 2899.123 (depth 1, 32 lits): UNSAT in 0.87s
    cube 2899.124 (depth 1, 32 lits): UNSAT in 3.67s
    cube 2899.125 (depth 1, 32 lits): UNSAT in 3.93s
    cube 2899.126 (depth 1, 32 lits): UNSAT in 0.02s
    cube 2899.127 (depth 1, 32 lits): UNSAT in 0.03s
    cube 2899.128 (depth 1, 32 lits): UNSAT in 0.02s
    cube 2899.129 (depth 1, 32 lits): UNSAT in 0.05s
    cube 2899.130 (depth 1, 32 lits): UNSAT in 0.02s
    cube 2899.131 (depth 1, 32 lits): UNSAT in 0.02s
    cube 2899.132 (depth 1, 32 lits): UNSAT in 0.02s
    cube 2899.133 (depth 1, 32 lits): UNSAT in 0.11s
    cube 2899.134 (depth 1, 32 lits): UNSAT in 0.02s
    cube 2899.135 (depth 1, 32 lits): UNSAT in 0.02s
    cube 2899.136 (depth 1, 32 lits): UNSAT in 0.03s
    cube 2899.137 (depth 1, 32 lits): UNSAT in 0.03s
    cube 2899.138 (depth 1, 32 lits): UNSAT in 0.02s
    cube 2899.139 (depth 1, 32 lits): UNSAT in 0.05s
    cube 2899.140 (depth 1, 32 lits): UNSAT in 0.13s
    cube 2899.141 (depth 1, 32 lits): UNSAT in 0.33s
    cube 2899.142 (depth 1, 32 lits): UNSAT in 0.02s
    cube 2899.143 (depth 1, 32 lits): UNSAT in 0.03s
    cube 2899.144 (depth 1, 32 lits): UNSAT in 0.02s
    cube 2899.145 (depth 1, 32 lits): UNSAT in 0.04s
    cube 2899.146 (depth 1, 32 lits): UNSAT in 0.02s
    cube 2899.147 (depth 1, 32 lits): UNSAT in 0.04s
    cube 2899.148 (depth 1, 32 lits): UNSAT in 0.06s
    cube 2899.149 (depth 1, 32 lits): UNSAT in 0.22s
    cube 2899.150 (depth 1, 32 lits): UNSAT in 0.02s
    cube 2899.151 (depth 1, 32 lits): UNSAT in 0.09s
    cube 2899.152 (depth 1, 32 lits): UNSAT in 0.15s
    cube 2899.153 (depth 1, 32 lits): UNSAT in 0.79s
    cube 2899.154 (depth 1, 32 lits): UNSAT in 0.05s
    cube 2899.155 (depth 1, 32 lits): UNSAT in 0.17s
    cube 2899.156 (depth 1, 32 lits): UNSAT in 0.56s
    cube 2899.157 (depth 1, 32 lits): UNSAT in 4.64s
    cube 2899.158 (depth 1, 32 lits): UNSAT in 0.02s
    cube 2899.159 (depth 1, 32 lits): UNSAT in 0.05s
    cube 2899.160 (depth 1, 32 lits): UNSAT in 0.05s
    cube 2899.161 (depth 1, 32 lits): UNSAT in 0.23s
    cube 2899.162 (depth 1, 32 lits): UNSAT in 0.04s
    cube 2899.163 (depth 1, 32 lits): UNSAT in 0.15s
    cube 2899.164 (depth 1, 32 lits): UNSAT in 0.15s
    cube 2899.165 (depth 1, 32 lits): UNSAT in 0.41s
    cube 2899.166 (depth 1, 32 lits): UNSAT in 0.04s
    cube 2899.167 (depth 1, 32 lits): UNSAT in 0.08s
    cube 2899.168 (depth 1, 32 lits): UNSAT in 0.14s
    cube 2899.169 (depth 1, 32 lits): UNSAT in 0.63s
    cube 2899.170 (depth 1, 32 lits): UNSAT in 0.04s
    cube 2899.171 (depth 1, 32 lits): UNSAT in 1.08s
    cube 2899.172 (depth 1, 32 lits): UNSAT in 0.92s
    cube 2899.173 (depth 1, 32 lits): UNSAT in 5.01s
    cube 2899.174 (depth 1, 32 lits): UNSAT in 0.05s
    cube 2899.175 (depth 1, 32 lits): UNSAT in 0.07s
    cube 2899.176 (depth 1, 32 lits): UNSAT in 0.10s
    cube 2899.177 (depth 1, 32 lits): UNSAT in 0.45s
    cube 2899.178 (depth 1, 32 lits): UNSAT in 0.19s
    cube 2899.179 (depth 1, 32 lits): UNSAT in 1.15s
    cube 2899.180 (depth 1, 32 lits): UNSAT in 0.53s
    cube 2899.181 (depth 1, 32 lits): UNSAT in 4.39s
    cube 2899.182 (depth 1, 32 lits): UNSAT in 0.28s
    cube 2899.183 (depth 1, 32 lits): UNSAT in 3.69s
    cube 2899.184 (depth 1, 32 lits): UNSAT in 0.78s
    cube 2899.185 (depth 1, 32 lits): UNSAT in 9.90s
    cube 2899.186 (depth 1, 32 lits): UNSAT in 0.41s
    cube 2899.187 (depth 1, 32 lits): UNSAT in 8.29s
    cube 2899.188 (depth 1, 32 lits): UNSAT in 17.75s
    cube 2899.189 (depth 1, 32 lits): UNSAT in 129.73s
    cube 2899.190 (depth 1, 32 lits): UNSAT in 0.02s
    cube 2899.191 (depth 1, 32 lits): UNSAT in 0.04s
    cube 2899.192 (depth 1, 32 lits): UNSAT in 0.05s
    cube 2899.193 (depth 1, 32 lits): UNSAT in 0.08s
    cube 2899.194 (depth 1, 32 lits): UNSAT in 0.03s
    cube 2899.195 (depth 1, 32 lits): UNSAT in 0.10s
    cube 2899.196 (depth 1, 32 lits): UNSAT in 0.12s
    cube 2899.197 (depth 1, 32 lits): UNSAT in 0.48s
    cube 2899.198 (depth 1, 32 lits): UNSAT in 0.06s
    cube 2899.199 (depth 1, 32 lits): UNSAT in 0.17s
    cube 2899.200 (depth 1, 32 lits): UNSAT in 0.22s
    cube 2899.201 (depth 1, 32 lits): UNSAT in 1.78s
    cube 2899.202 (depth 1, 32 lits): UNSAT in 0.34s
    cube 2899.203 (depth 1, 32 lits): UNSAT in 1.81s
    cube 2899.204 (depth 1, 32 lits): UNSAT in 3.46s
    cube 2899.205 (depth 1, 32 lits): UNSAT in 7.37s
    cube 2899.206 (depth 1, 32 lits): UNSAT in 0.05s
    cube 2899.207 (depth 1, 32 lits): UNSAT in 0.18s
    cube 2899.208 (depth 1, 32 lits): UNSAT in 0.04s
    cube 2899.209 (depth 1, 32 lits): UNSAT in 0.79s
    cube 2899.210 (depth 1, 32 lits): UNSAT in 0.26s
    cube 2899.211 (depth 1, 32 lits): UNSAT in 0.11s
    cube 2899.212 (depth 1, 32 lits): UNSAT in 0.35s
    cube 2899.213 (depth 1, 32 lits): UNSAT in 1.95s
    cube 2899.214 (depth 1, 32 lits): UNSAT in 0.09s
    cube 2899.215 (depth 1, 32 lits): UNSAT in 0.96s
    cube 2899.216 (depth 1, 32 lits): UNSAT in 1.22s
    cube 2899.217 (depth 1, 32 lits): UNSAT in 2.06s
    cube 2899.218 (depth 1, 32 lits): UNSAT in 0.56s
    cube 2899.219 (depth 1, 32 lits): UNSAT in 5.13s
    cube 2899.220 (depth 1, 32 lits): UNSAT in 4.86s
    cube 2899.221 (depth 1, 32 lits): UNSAT in 59.16s
    cube 2899.222 (depth 1, 32 lits): UNSAT in 0.06s
    cube 2899.223 (depth 1, 32 lits): UNSAT in 0.18s
    cube 2899.224 (depth 1, 32 lits): UNSAT in 0.05s
    cube 2899.225 (depth 1, 32 lits): UNSAT in 0.12s
    cube 2899.226 (depth 1, 32 lits): UNSAT in 0.09s
    cube 2899.227 (depth 1, 32 lits): UNSAT in 0.31s
    cube 2899.228 (depth 1, 32 lits): UNSAT in 0.35s
    cube 2899.229 (depth 1, 32 lits): UNSAT in 1.48s
    cube 2899.230 (depth 1, 32 lits): UNSAT in 0.09s
    cube 2899.231 (depth 1, 32 lits): UNSAT in 0.19s
    cube 2899.232 (depth 1, 32 lits): UNSAT in 0.22s
    cube 2899.233 (depth 1, 32 lits): UNSAT in 4.20s
    cube 2899.234 (depth 1, 32 lits): UNSAT in 0.34s
    cube 2899.235 (depth 1, 32 lits): UNSAT in 0.85s
    cube 2899.236 (depth 1, 32 lits): UNSAT in 3.10s
    cube 2899.237 (depth 1, 32 lits): UNSAT in 5.94s
    cube 2899.238 (depth 1, 32 lits): UNSAT in 0.02s
    cube 2899.239 (depth 1, 32 lits): UNSAT in 0.03s
    cube 2899.240 (depth 1, 32 lits): UNSAT in 0.02s
    cube 2899.241 (depth 1, 32 lits): UNSAT in 0.05s
    cube 2899.242 (depth 1, 32 lits): UNSAT in 0.05s
    cube 2899.243 (depth 1, 32 lits): UNSAT in 0.23s
    cube 2899.244 (depth 1, 32 lits): UNSAT in 0.11s
    cube 2899.245 (depth 1, 32 lits): UNSAT in 1.86s
    cube 2899.246 (depth 1, 32 lits): UNSAT in 0.07s
    cube 2899.247 (depth 1, 32 lits): UNSAT in 0.15s
    cube 2899.248 (depth 1, 32 lits): UNSAT in 0.17s
    cube 2899.249 (depth 1, 32 lits): UNSAT in 0.80s
    cube 2899.250 (depth 1, 32 lits): UNSAT in 0.10s
    cube 2899.251 (depth 1, 32 lits): UNSAT in 0.92s
    cube 2899.252 (depth 1, 32 lits): UNSAT in 1.75s
    cube 2899.253 (depth 1, 32 lits): UNSAT in 13.80s
    cube 2903 (depth 0, 24 lits): TIMEOUT in 600.10s
    cube 2903 TIMEOUT -> re-split into 251 sub-cubes (depth 1)
    cube 2903.0 (depth 1, 30 lits): UNSAT in 0.02s
    cube 2903.1 (depth 1, 31 lits): UNSAT in 0.01s
    cube 2903.2 (depth 1, 32 lits): UNSAT in 0.01s
    cube 2903.3 (depth 1, 32 lits): UNSAT in 0.04s
    cube 2903.4 (depth 1, 32 lits): UNSAT in 0.01s
    cube 2903.5 (depth 1, 32 lits): UNSAT in 0.02s
    cube 2903.6 (depth 1, 32 lits): UNSAT in 0.01s
    cube 2903.7 (depth 1, 32 lits): UNSAT in 0.04s
    cube 2903.8 (depth 1, 32 lits): UNSAT in 0.01s
    cube 2903.9 (depth 1, 32 lits): UNSAT in 0.01s
    cube 2903.10 (depth 1, 32 lits): UNSAT in 0.03s
    cube 2903.11 (depth 1, 32 lits): UNSAT in 0.05s
    cube 2903.12 (depth 1, 32 lits): UNSAT in 0.01s
    cube 2903.13 (depth 1, 32 lits): UNSAT in 0.01s
    cube 2903.14 (depth 1, 32 lits): UNSAT in 0.02s
    cube 2903.15 (depth 1, 32 lits): UNSAT in 0.02s
    cube 2903.16 (depth 1, 32 lits): UNSAT in 0.02s
    cube 2903.17 (depth 1, 32 lits): UNSAT in 0.02s
    cube 2903.18 (depth 1, 32 lits): UNSAT in 0.03s
    cube 2903.19 (depth 1, 32 lits): UNSAT in 0.07s
    cube 2903.20 (depth 1, 32 lits): UNSAT in 0.01s
    cube 2903.21 (depth 1, 32 lits): UNSAT in 0.03s
    cube 2903.22 (depth 1, 32 lits): UNSAT in 0.04s
    cube 2903.23 (depth 1, 32 lits): UNSAT in 0.06s
    cube 2903.24 (depth 1, 32 lits): UNSAT in 0.04s
    cube 2903.25 (depth 1, 32 lits): UNSAT in 0.04s
    cube 2903.26 (depth 1, 32 lits): UNSAT in 0.12s
    cube 2903.27 (depth 1, 32 lits): UNSAT in 0.23s
    cube 2903.28 (depth 1, 32 lits): UNSAT in 0.02s
    cube 2903.29 (depth 1, 32 lits): UNSAT in 0.01s
    cube 2903.30 (depth 1, 32 lits): UNSAT in 0.02s
    cube 2903.31 (depth 1, 32 lits): UNSAT in 0.02s
    cube 2903.32 (depth 1, 32 lits): UNSAT in 0.01s
    cube 2903.33 (depth 1, 32 lits): UNSAT in 0.02s
    cube 2903.34 (depth 1, 32 lits): UNSAT in 0.01s
    cube 2903.35 (depth 1, 32 lits): UNSAT in 0.02s
    cube 2903.36 (depth 1, 32 lits): UNSAT in 0.02s
    cube 2903.37 (depth 1, 32 lits): UNSAT in 0.03s
    cube 2903.38 (depth 1, 32 lits): UNSAT in 0.03s
    cube 2903.39 (depth 1, 32 lits): UNSAT in 0.04s
    cube 2903.40 (depth 1, 32 lits): UNSAT in 0.02s
    cube 2903.41 (depth 1, 32 lits): UNSAT in 0.08s
    cube 2903.42 (depth 1, 32 lits): UNSAT in 0.07s
    cube 2903.43 (depth 1, 32 lits): UNSAT in 0.14s
    cube 2903.44 (depth 1, 32 lits): UNSAT in 0.01s
    cube 2903.45 (depth 1, 32 lits): UNSAT in 0.03s
    cube 2903.46 (depth 1, 32 lits): UNSAT in 0.02s
    cube 2903.47 (depth 1, 32 lits): UNSAT in 0.03s
    cube 2903.48 (depth 1, 31 lits): UNSAT in 0.01s
    cube 2903.49 (depth 1, 32 lits): UNSAT in 0.01s
    cube 2903.50 (depth 1, 32 lits): UNSAT in 0.04s
    cube 2903.51 (depth 1, 32 lits): UNSAT in 0.02s
    cube 2903.52 (depth 1, 32 lits): UNSAT in 0.01s
    cube 2903.53 (depth 1, 32 lits): UNSAT in 0.04s
    cube 2903.54 (depth 1, 32 lits): UNSAT in 0.10s
    cube 2903.55 (depth 1, 32 lits): UNSAT in 0.05s
    cube 2903.56 (depth 1, 32 lits): UNSAT in 0.11s
    cube 2903.57 (depth 1, 32 lits): UNSAT in 0.18s
    cube 2903.58 (depth 1, 32 lits): UNSAT in 0.63s
    cube 2903.59 (depth 1, 32 lits): UNSAT in 0.01s
    cube 2903.60 (depth 1, 32 lits): UNSAT in 0.03s
    cube 2903.61 (depth 1, 32 lits): UNSAT in 0.02s
    cube 2903.62 (depth 1, 32 lits): UNSAT in 0.03s
    cube 2903.63 (depth 1, 32 lits): UNSAT in 0.02s
    cube 2903.64 (depth 1, 32 lits): UNSAT in 0.04s
    cube 2903.65 (depth 1, 32 lits): UNSAT in 0.03s
    cube 2903.66 (depth 1, 32 lits): UNSAT in 0.19s
    cube 2903.67 (depth 1, 32 lits): UNSAT in 0.03s
    cube 2903.68 (depth 1, 32 lits): UNSAT in 0.08s
    cube 2903.69 (depth 1, 32 lits): UNSAT in 0.03s
    cube 2903.70 (depth 1, 32 lits): UNSAT in 0.14s
    cube 2903.71 (depth 1, 32 lits): UNSAT in 0.02s
    cube 2903.72 (depth 1, 32 lits): UNSAT in 0.12s
    cube 2903.73 (depth 1, 32 lits): UNSAT in 0.06s
    cube 2903.74 (depth 1, 32 lits): UNSAT in 0.23s
    cube 2903.75 (depth 1, 32 lits): UNSAT in 0.02s
    cube 2903.76 (depth 1, 32 lits): UNSAT in 0.02s
    cube 2903.77 (depth 1, 32 lits): UNSAT in 0.03s
    cube 2903.78 (depth 1, 32 lits): UNSAT in 0.03s
    cube 2903.79 (depth 1, 32 lits): UNSAT in 0.03s
    cube 2903.80 (depth 1, 32 lits): UNSAT in 0.08s
    cube 2903.81 (depth 1, 32 lits): UNSAT in 0.10s
    cube 2903.82 (depth 1, 32 lits): UNSAT in 0.41s
    cube 2903.83 (depth 1, 32 lits): UNSAT in 0.03s
    cube 2903.84 (depth 1, 32 lits): UNSAT in 0.10s
    cube 2903.85 (depth 1, 32 lits): UNSAT in 0.09s
    cube 2903.86 (depth 1, 32 lits): UNSAT in 0.65s
    cube 2903.87 (depth 1, 32 lits): UNSAT in 0.10s
    cube 2903.88 (depth 1, 32 lits): UNSAT in 0.09s
    cube 2903.89 (depth 1, 32 lits): UNSAT in 1.08s
    cube 2903.90 (depth 1, 32 lits): UNSAT in 2.62s
    cube 2903.91 (depth 1, 32 lits): UNSAT in 0.02s
    cube 2903.92 (depth 1, 32 lits): UNSAT in 0.02s
    cube 2903.93 (depth 1, 32 lits): UNSAT in 0.02s
    cube 2903.94 (depth 1, 32 lits): UNSAT in 0.04s
    cube 2903.95 (depth 1, 32 lits): UNSAT in 0.03s
    cube 2903.96 (depth 1, 32 lits): UNSAT in 0.10s
    cube 2903.97 (depth 1, 32 lits): UNSAT in 0.12s
    cube 2903.98 (depth 1, 32 lits): UNSAT in 0.60s
    cube 2903.99 (depth 1, 32 lits): UNSAT in 0.04s
    cube 2903.100 (depth 1, 32 lits): UNSAT in 0.20s
    cube 2903.101 (depth 1, 32 lits): UNSAT in 0.06s
    cube 2903.102 (depth 1, 32 lits): UNSAT in 0.22s
    cube 2903.103 (depth 1, 32 lits): UNSAT in 0.11s
    cube 2903.104 (depth 1, 32 lits): UNSAT in 0.40s
    cube 2903.105 (depth 1, 32 lits): UNSAT in 0.25s
    cube 2903.106 (depth 1, 32 lits): UNSAT in 2.02s
    cube 2903.107 (depth 1, 32 lits): UNSAT in 0.02s
    cube 2903.108 (depth 1, 32 lits): UNSAT in 0.05s
    cube 2903.109 (depth 1, 32 lits): UNSAT in 0.04s
    cube 2903.110 (depth 1, 32 lits): UNSAT in 0.11s
    cube 2903.111 (depth 1, 32 lits): UNSAT in 0.02s
    cube 2903.112 (depth 1, 32 lits): UNSAT in 0.04s
    cube 2903.113 (depth 1, 32 lits): UNSAT in 0.11s
    cube 2903.114 (depth 1, 32 lits): UNSAT in 0.27s
    cube 2903.115 (depth 1, 32 lits): UNSAT in 0.06s
    cube 2903.116 (depth 1, 32 lits): UNSAT in 0.27s
    cube 2903.117 (depth 1, 32 lits): UNSAT in 0.17s
    cube 2903.118 (depth 1, 32 lits): UNSAT in 0.56s
    cube 2903.119 (depth 1, 32 lits): UNSAT in 0.27s
    cube 2903.120 (depth 1, 32 lits): UNSAT in 0.55s
    cube 2903.121 (depth 1, 32 lits): UNSAT in 2.79s
    cube 2903.122 (depth 1, 32 lits): UNSAT in 16.10s
    cube 2903.123 (depth 1, 32 lits): UNSAT in 0.01s
    cube 2903.124 (depth 1, 32 lits): UNSAT in 0.02s
    cube 2903.125 (depth 1, 32 lits): UNSAT in 0.02s
    cube 2903.126 (depth 1, 32 lits): UNSAT in 0.02s
    cube 2903.127 (depth 1, 32 lits): UNSAT in 0.02s
    cube 2903.128 (depth 1, 32 lits): UNSAT in 0.02s
    cube 2903.129 (depth 1, 32 lits): UNSAT in 0.02s
    cube 2903.130 (depth 1, 32 lits): UNSAT in 0.06s
    cube 2903.131 (depth 1, 32 lits): UNSAT in 0.02s
    cube 2903.132 (depth 1, 32 lits): UNSAT in 0.04s
    cube 2903.133 (depth 1, 32 lits): UNSAT in 0.05s
    cube 2903.134 (depth 1, 32 lits): UNSAT in 0.25s
    cube 2903.135 (depth 1, 32 lits): UNSAT in 0.04s
    cube 2903.136 (depth 1, 32 lits): UNSAT in 0.13s
    cube 2903.137 (depth 1, 32 lits): UNSAT in 0.04s
    cube 2903.138 (depth 1, 32 lits): UNSAT in 0.17s
    cube 2903.139 (depth 1, 32 lits): UNSAT in 0.02s
    cube 2903.140 (depth 1, 32 lits): UNSAT in 0.04s
    cube 2903.141 (depth 1, 32 lits): UNSAT in 0.03s
    cube 2903.142 (depth 1, 32 lits): UNSAT in 0.04s
    cube 2903.143 (depth 1, 32 lits): UNSAT in 0.02s
    cube 2903.144 (depth 1, 32 lits): UNSAT in 0.20s
    cube 2903.145 (depth 1, 32 lits): UNSAT in 0.12s
    cube 2903.146 (depth 1, 32 lits): UNSAT in 0.48s
    cube 2903.147 (depth 1, 32 lits): UNSAT in 0.16s
    cube 2903.148 (depth 1, 32 lits): UNSAT in 0.30s
    cube 2903.149 (depth 1, 32 lits): UNSAT in 0.22s
    cube 2903.150 (depth 1, 32 lits): UNSAT in 1.49s
    cube 2903.151 (depth 1, 32 lits): UNSAT in 0.46s
    cube 2903.152 (depth 1, 32 lits): UNSAT in 1.40s
    cube 2903.153 (depth 1, 32 lits): UNSAT in 0.18s
    cube 2903.154 (depth 1, 32 lits): UNSAT in 4.19s
    cube 2903.155 (depth 1, 32 lits): UNSAT in 0.02s
    cube 2903.156 (depth 1, 32 lits): UNSAT in 0.11s
    cube 2903.157 (depth 1, 32 lits): UNSAT in 0.08s
    cube 2903.158 (depth 1, 32 lits): UNSAT in 0.81s
    cube 2903.159 (depth 1, 32 lits): UNSAT in 0.18s
    cube 2903.160 (depth 1, 32 lits): UNSAT in 0.32s
    cube 2903.161 (depth 1, 32 lits): UNSAT in 0.85s
    cube 2903.162 (depth 1, 32 lits): UNSAT in 3.55s
    cube 2903.163 (depth 1, 32 lits): UNSAT in 0.13s
    cube 2903.164 (depth 1, 32 lits): UNSAT in 0.40s
    cube 2903.165 (depth 1, 32 lits): UNSAT in 0.74s
    cube 2903.166 (depth 1, 32 lits): UNSAT in 1.98s
    cube 2903.167 (depth 1, 32 lits): UNSAT in 0.04s
    cube 2903.168 (depth 1, 32 lits): UNSAT in 0.32s
    cube 2903.169 (depth 1, 32 lits): UNSAT in 0.37s
    cube 2903.170 (depth 1, 32 lits): UNSAT in 7.40s
    cube 2903.171 (depth 1, 32 lits): UNSAT in 0.05s
    cube 2903.172 (depth 1, 32 lits): UNSAT in 0.13s
    cube 2903.173 (depth 1, 32 lits): UNSAT in 0.10s
    cube 2903.174 (depth 1, 32 lits): UNSAT in 0.55s
    cube 2903.175 (depth 1, 32 lits): UNSAT in 0.26s
    cube 2903.176 (depth 1, 32 lits): UNSAT in 0.85s
    cube 2903.177 (depth 1, 32 lits): UNSAT in 0.15s
    cube 2903.178 (depth 1, 32 lits): UNSAT in 4.38s
    cube 2903.179 (depth 1, 32 lits): UNSAT in 0.21s
    cube 2903.180 (depth 1, 32 lits): UNSAT in 1.04s
    cube 2903.181 (depth 1, 32 lits): UNSAT in 0.55s
    cube 2903.182 (depth 1, 32 lits): UNSAT in 1.08s
    cube 2903.183 (depth 1, 32 lits): UNSAT in 0.14s
    cube 2903.184 (depth 1, 32 lits): UNSAT in 1.23s
    cube 2903.185 (depth 1, 32 lits): UNSAT in 2.02s
    cube 2903.186 (depth 1, 32 lits): UNSAT in 18.68s
    cube 2903.187 (depth 1, 32 lits): UNSAT in 0.01s
    cube 2903.188 (depth 1, 32 lits): UNSAT in 0.03s
    cube 2903.189 (depth 1, 32 lits): UNSAT in 0.02s
    cube 2903.190 (depth 1, 32 lits): UNSAT in 0.05s
    cube 2903.191 (depth 1, 32 lits): UNSAT in 0.02s
    cube 2903.192 (depth 1, 32 lits): UNSAT in 0.04s
    cube 2903.193 (depth 1, 32 lits): UNSAT in 0.18s
    cube 2903.194 (depth 1, 32 lits): UNSAT in 0.46s
    cube 2903.195 (depth 1, 32 lits): UNSAT in 0.05s
    cube 2903.196 (depth 1, 32 lits): UNSAT in 0.53s
    cube 2903.197 (depth 1, 32 lits): UNSAT in 0.08s
    cube 2903.198 (depth 1, 32 lits): UNSAT in 0.84s
    cube 2903.199 (depth 1, 32 lits): UNSAT in 0.15s
    cube 2903.200 (depth 1, 32 lits): UNSAT in 0.48s
    cube 2903.201 (depth 1, 32 lits): UNSAT in 2.36s
    cube 2903.202 (depth 1, 32 lits): UNSAT in 10.37s
    cube 2903.203 (depth 1, 32 lits): UNSAT in 0.08s
    cube 2903.204 (depth 1, 32 lits): UNSAT in 0.90s
    cube 2903.205 (depth 1, 32 lits): UNSAT in 0.11s
    cube 2903.206 (depth 1, 32 lits): UNSAT in 1.38s
    cube 2903.207 (depth 1, 32 lits): UNSAT in 0.14s
    cube 2903.208 (depth 1, 32 lits): UNSAT in 0.90s
    cube 2903.209 (depth 1, 32 lits): UNSAT in 1.55s
    cube 2903.210 (depth 1, 32 lits): UNSAT in 10.68s
    cube 2903.211 (depth 1, 32 lits): UNSAT in 1.39s
    cube 2903.212 (depth 1, 32 lits): UNSAT in 2.60s
    cube 2903.213 (depth 1, 32 lits): UNSAT in 0.56s
    cube 2903.214 (depth 1, 32 lits): UNSAT in 10.17s
    cube 2903.215 (depth 1, 32 lits): UNSAT in 2.90s
    cube 2903.216 (depth 1, 32 lits): UNSAT in 19.45s
    cube 2903.217 (depth 1, 32 lits): UNSAT in 17.65s
