  shard 4/24 (explicit): 1 of 4095 cubes, per-cube cap 1200.0s, re-split depth 7
    cube 943 (depth 0, 12 lits): TIMEOUT in 1200.10s
    cube 943 TIMEOUT -> re-split into 253 sub-cubes (depth 1)
    cube 943.0 (depth 1, 19 lits): UNSAT in 0.01s
    cube 943.1 (depth 1, 20 lits): UNSAT in 0.01s
    cube 943.2 (depth 1, 20 lits): UNSAT in 0.01s
    cube 943.3 (depth 1, 20 lits): UNSAT in 0.02s
    cube 943.4 (depth 1, 20 lits): UNSAT in 0.01s
    cube 943.5 (depth 1, 19 lits): UNSAT in 0.01s
    cube 943.6 (depth 1, 20 lits): UNSAT in 0.02s
    cube 943.7 (depth 1, 20 lits): UNSAT in 0.03s
    cube 943.8 (depth 1, 20 lits): UNSAT in 0.02s
    cube 943.9 (depth 1, 20 lits): UNSAT in 0.03s
    cube 943.10 (depth 1, 20 lits): UNSAT in 0.01s
    cube 943.11 (depth 1, 20 lits): UNSAT in 0.02s
    cube 943.12 (depth 1, 19 lits): UNSAT in 0.02s
    cube 943.13 (depth 1, 20 lits): UNSAT in 0.02s
    cube 943.14 (depth 1, 20 lits): UNSAT in 0.03s
    cube 943.15 (depth 1, 20 lits): UNSAT in 0.05s
    cube 943.16 (depth 1, 20 lits): UNSAT in 0.07s
    cube 943.17 (depth 1, 20 lits): UNSAT in 0.03s
    cube 943.18 (depth 1, 20 lits): UNSAT in 0.13s
    cube 943.19 (depth 1, 20 lits): UNSAT in 0.03s
    cube 943.20 (depth 1, 20 lits): UNSAT in 0.13s
    cube 943.21 (depth 1, 20 lits): UNSAT in 0.02s
    cube 943.22 (depth 1, 20 lits): UNSAT in 0.03s
    cube 943.23 (depth 1, 20 lits): UNSAT in 0.06s
    cube 943.24 (depth 1, 20 lits): UNSAT in 0.06s
    cube 943.25 (depth 1, 20 lits): UNSAT in 0.02s
    cube 943.26 (depth 1, 20 lits): UNSAT in 0.24s
    cube 943.27 (depth 1, 20 lits): UNSAT in 0.12s
    cube 943.28 (depth 1, 20 lits): UNSAT in 0.36s
    cube 943.29 (depth 1, 20 lits): UNSAT in 0.01s
    cube 943.30 (depth 1, 20 lits): UNSAT in 0.02s
    cube 943.31 (depth 1, 20 lits): UNSAT in 0.02s
    cube 943.32 (depth 1, 20 lits): UNSAT in 0.05s
    cube 943.33 (depth 1, 20 lits): UNSAT in 0.02s
    cube 943.34 (depth 1, 20 lits): UNSAT in 0.07s
    cube 943.35 (depth 1, 20 lits): UNSAT in 0.03s
    cube 943.36 (depth 1, 20 lits): UNSAT in 0.09s
    cube 943.37 (depth 1, 20 lits): UNSAT in 0.02s
    cube 943.38 (depth 1, 20 lits): UNSAT in 0.02s
    cube 943.39 (depth 1, 20 lits): UNSAT in 0.02s
    cube 943.40 (depth 1, 20 lits): UNSAT in 0.12s
    cube 943.41 (depth 1, 20 lits): UNSAT in 0.04s
    cube 943.42 (depth 1, 20 lits): UNSAT in 0.07s
    cube 943.43 (depth 1, 20 lits): UNSAT in 0.17s
    cube 943.44 (depth 1, 20 lits): UNSAT in 0.19s
    cube 943.45 (depth 1, 20 lits): UNSAT in 0.02s
    cube 943.46 (depth 1, 20 lits): UNSAT in 0.02s
    cube 943.47 (depth 1, 20 lits): UNSAT in 0.03s
    cube 943.48 (depth 1, 20 lits): UNSAT in 0.08s
    cube 943.49 (depth 1, 20 lits): UNSAT in 0.12s
    cube 943.50 (depth 1, 20 lits): UNSAT in 0.15s
    cube 943.51 (depth 1, 20 lits): UNSAT in 0.03s
    cube 943.52 (depth 1, 20 lits): UNSAT in 0.47s
    cube 943.53 (depth 1, 20 lits): UNSAT in 0.05s
    cube 943.54 (depth 1, 20 lits): UNSAT in 0.11s
    cube 943.55 (depth 1, 20 lits): UNSAT in 0.09s
    cube 943.56 (depth 1, 20 lits): UNSAT in 0.16s
    cube 943.57 (depth 1, 20 lits): UNSAT in 0.07s
    cube 943.58 (depth 1, 20 lits): UNSAT in 0.50s
    cube 943.59 (depth 1, 20 lits): UNSAT in 0.42s
    cube 943.60 (depth 1, 20 lits): UNSAT in 2.27s
    cube 943.61 (depth 1, 20 lits): UNSAT in 0.02s
    cube 943.62 (depth 1, 20 lits): UNSAT in 0.03s
    cube 943.63 (depth 1, 20 lits): UNSAT in 0.02s
    cube 943.64 (depth 1, 20 lits): UNSAT in 0.04s
    cube 943.65 (depth 1, 20 lits): UNSAT in 0.04s
    cube 943.66 (depth 1, 20 lits): UNSAT in 0.07s
    cube 943.67 (depth 1, 20 lits): UNSAT in 0.05s
    cube 943.68 (depth 1, 20 lits): UNSAT in 0.24s
    cube 943.69 (depth 1, 20 lits): UNSAT in 0.02s
    cube 943.70 (depth 1, 20 lits): UNSAT in 0.06s
    cube 943.71 (depth 1, 20 lits): UNSAT in 0.07s
    cube 943.72 (depth 1, 20 lits): UNSAT in 0.14s
    cube 943.73 (depth 1, 20 lits): UNSAT in 0.03s
    cube 943.74 (depth 1, 20 lits): UNSAT in 0.05s
    cube 943.75 (depth 1, 20 lits): UNSAT in 0.20s
    cube 943.76 (depth 1, 20 lits): UNSAT in 0.42s
    cube 943.77 (depth 1, 20 lits): UNSAT in 0.02s
    cube 943.78 (depth 1, 20 lits): UNSAT in 0.05s
    cube 943.79 (depth 1, 20 lits): UNSAT in 0.02s
    cube 943.80 (depth 1, 20 lits): UNSAT in 0.08s
    cube 943.81 (depth 1, 20 lits): UNSAT in 0.02s
    cube 943.82 (depth 1, 20 lits): UNSAT in 0.06s
    cube 943.83 (depth 1, 20 lits): UNSAT in 0.05s
    cube 943.84 (depth 1, 20 lits): UNSAT in 0.14s
    cube 943.85 (depth 1, 20 lits): UNSAT in 0.08s
    cube 943.86 (depth 1, 20 lits): UNSAT in 0.24s
    cube 943.87 (depth 1, 20 lits): UNSAT in 0.25s
    cube 943.88 (depth 1, 20 lits): UNSAT in 0.32s
    cube 943.89 (depth 1, 20 lits): UNSAT in 0.26s
    cube 943.90 (depth 1, 20 lits): UNSAT in 0.17s
    cube 943.91 (depth 1, 20 lits): UNSAT in 0.60s
    cube 943.92 (depth 1, 20 lits): UNSAT in 1.42s
    cube 943.93 (depth 1, 20 lits): UNSAT in 0.03s
    cube 943.94 (depth 1, 20 lits): UNSAT in 0.08s
    cube 943.95 (depth 1, 20 lits): UNSAT in 0.02s
    cube 943.96 (depth 1, 20 lits): UNSAT in 0.08s
    cube 943.97 (depth 1, 20 lits): UNSAT in 0.03s
    cube 943.98 (depth 1, 20 lits): UNSAT in 0.02s
    cube 943.99 (depth 1, 20 lits): UNSAT in 0.06s
    cube 943.100 (depth 1, 20 lits): UNSAT in 0.46s
    cube 943.101 (depth 1, 20 lits): UNSAT in 0.03s
    cube 943.102 (depth 1, 20 lits): UNSAT in 0.09s
    cube 943.103 (depth 1, 20 lits): UNSAT in 0.03s
    cube 943.104 (depth 1, 20 lits): UNSAT in 0.16s
    cube 943.105 (depth 1, 20 lits): UNSAT in 0.25s
    cube 943.106 (depth 1, 20 lits): UNSAT in 0.36s
    cube 943.107 (depth 1, 20 lits): UNSAT in 0.53s
    cube 943.108 (depth 1, 20 lits): UNSAT in 1.20s
    cube 943.109 (depth 1, 20 lits): UNSAT in 0.02s
    cube 943.110 (depth 1, 20 lits): UNSAT in 0.13s
    cube 943.111 (depth 1, 20 lits): UNSAT in 0.05s
    cube 943.112 (depth 1, 20 lits): UNSAT in 0.50s
    cube 943.113 (depth 1, 20 lits): UNSAT in 0.25s
    cube 943.114 (depth 1, 20 lits): UNSAT in 0.96s
    cube 943.115 (depth 1, 20 lits): UNSAT in 0.25s
    cube 943.116 (depth 1, 20 lits): UNSAT in 2.32s
    cube 943.117 (depth 1, 20 lits): UNSAT in 0.08s
    cube 943.118 (depth 1, 20 lits): UNSAT in 0.37s
    cube 943.119 (depth 1, 20 lits): UNSAT in 0.07s
    cube 943.120 (depth 1, 20 lits): UNSAT in 0.85s
    cube 943.121 (depth 1, 20 lits): UNSAT in 0.55s
    cube 943.122 (depth 1, 20 lits): UNSAT in 1.27s
    cube 943.123 (depth 1, 20 lits): UNSAT in 1.80s
    cube 943.124 (depth 1, 20 lits): UNSAT in 15.99s
    cube 943.125 (depth 1, 20 lits): UNSAT in 0.02s
    cube 943.126 (depth 1, 20 lits): UNSAT in 0.02s
    cube 943.127 (depth 1, 20 lits): UNSAT in 0.02s
    cube 943.128 (depth 1, 20 lits): UNSAT in 0.05s
    cube 943.129 (depth 1, 20 lits): UNSAT in 0.02s
    cube 943.130 (depth 1, 20 lits): UNSAT in 0.04s
    cube 943.131 (depth 1, 20 lits): UNSAT in 0.07s
    cube 943.132 (depth 1, 20 lits): UNSAT in 0.22s
    cube 943.133 (depth 1, 20 lits): UNSAT in 0.04s
    cube 943.134 (depth 1, 20 lits): UNSAT in 0.18s
    cube 943.135 (depth 1, 20 lits): UNSAT in 0.12s
    cube 943.136 (depth 1, 20 lits): UNSAT in 0.14s
    cube 943.137 (depth 1, 20 lits): UNSAT in 0.04s
    cube 943.138 (depth 1, 20 lits): UNSAT in 0.13s
    cube 943.139 (depth 1, 20 lits): UNSAT in 0.10s
    cube 943.140 (depth 1, 20 lits): UNSAT in 0.65s
    cube 943.141 (depth 1, 20 lits): UNSAT in 0.03s
    cube 943.142 (depth 1, 20 lits): UNSAT in 0.08s
    cube 943.143 (depth 1, 20 lits): UNSAT in 0.03s
    cube 943.144 (depth 1, 20 lits): UNSAT in 0.04s
    cube 943.145 (depth 1, 20 lits): UNSAT in 0.02s
    cube 943.146 (depth 1, 20 lits): UNSAT in 0.04s
    cube 943.147 (depth 1, 20 lits): UNSAT in 0.13s
    cube 943.148 (depth 1, 20 lits): UNSAT in 0.20s
    cube 943.149 (depth 1, 20 lits): UNSAT in 0.15s
    cube 943.150 (depth 1, 20 lits): UNSAT in 0.32s
    cube 943.151 (depth 1, 20 lits): UNSAT in 0.26s
    cube 943.152 (depth 1, 20 lits): UNSAT in 0.74s
    cube 943.153 (depth 1, 20 lits): UNSAT in 1.26s
    cube 943.154 (depth 1, 20 lits): UNSAT in 1.03s
    cube 943.155 (depth 1, 20 lits): UNSAT in 0.70s
    cube 943.156 (depth 1, 20 lits): UNSAT in 2.03s
    cube 943.157 (depth 1, 20 lits): UNSAT in 0.03s
    cube 943.158 (depth 1, 20 lits): UNSAT in 0.08s
    cube 943.159 (depth 1, 20 lits): UNSAT in 0.03s
    cube 943.160 (depth 1, 20 lits): UNSAT in 0.42s
    cube 943.161 (depth 1, 20 lits): UNSAT in 0.06s
    cube 943.162 (depth 1, 20 lits): UNSAT in 0.09s
    cube 943.163 (depth 1, 20 lits): UNSAT in 0.15s
    cube 943.164 (depth 1, 20 lits): UNSAT in 0.72s
    cube 943.165 (depth 1, 20 lits): UNSAT in 0.02s
    cube 943.166 (depth 1, 20 lits): UNSAT in 0.08s
    cube 943.167 (depth 1, 20 lits): UNSAT in 0.05s
    cube 943.168 (depth 1, 20 lits): UNSAT in 0.16s
    cube 943.169 (depth 1, 20 lits): UNSAT in 0.03s
    cube 943.170 (depth 1, 20 lits): UNSAT in 0.14s
    cube 943.171 (depth 1, 20 lits): UNSAT in 0.19s
    cube 943.172 (depth 1, 20 lits): UNSAT in 1.52s
    cube 943.173 (depth 1, 20 lits): UNSAT in 0.03s
    cube 943.174 (depth 1, 20 lits): UNSAT in 0.06s
    cube 943.175 (depth 1, 20 lits): UNSAT in 0.07s
    cube 943.176 (depth 1, 20 lits): UNSAT in 0.20s
    cube 943.177 (depth 1, 20 lits): UNSAT in 0.03s
    cube 943.178 (depth 1, 20 lits): UNSAT in 0.10s
    cube 943.179 (depth 1, 20 lits): UNSAT in 0.17s
    cube 943.180 (depth 1, 20 lits): UNSAT in 0.31s
    cube 943.181 (depth 1, 20 lits): UNSAT in 0.19s
    cube 943.182 (depth 1, 20 lits): UNSAT in 1.13s
    cube 943.183 (depth 1, 20 lits): UNSAT in 0.60s
    cube 943.184 (depth 1, 20 lits): UNSAT in 2.02s
    cube 943.185 (depth 1, 20 lits): UNSAT in 0.56s
    cube 943.186 (depth 1, 20 lits): UNSAT in 1.11s
    cube 943.187 (depth 1, 20 lits): UNSAT in 4.52s
    cube 943.188 (depth 1, 20 lits): UNSAT in 57.39s
    cube 943.189 (depth 1, 20 lits): UNSAT in 0.07s
    cube 943.190 (depth 1, 20 lits): UNSAT in 0.36s
    cube 943.191 (depth 1, 20 lits): UNSAT in 0.16s
    cube 943.192 (depth 1, 20 lits): UNSAT in 0.34s
    cube 943.193 (depth 1, 20 lits): UNSAT in 0.09s
    cube 943.194 (depth 1, 20 lits): UNSAT in 0.81s
    cube 943.195 (depth 1, 20 lits): UNSAT in 0.20s
    cube 943.196 (depth 1, 20 lits): UNSAT in 1.06s
    cube 943.197 (depth 1, 20 lits): UNSAT in 0.05s
    cube 943.198 (depth 1, 20 lits): UNSAT in 0.09s
    cube 943.199 (depth 1, 20 lits): UNSAT in 0.26s
    cube 943.200 (depth 1, 20 lits): UNSAT in 0.49s
    cube 943.201 (depth 1, 20 lits): UNSAT in 0.28s
    cube 943.202 (depth 1, 20 lits): UNSAT in 1.11s
    cube 943.203 (depth 1, 20 lits): UNSAT in 1.21s
    cube 943.204 (depth 1, 20 lits): UNSAT in 4.59s
    cube 943.205 (depth 1, 20 lits): UNSAT in 0.05s
    cube 943.206 (depth 1, 20 lits): UNSAT in 0.23s
    cube 943.207 (depth 1, 20 lits): UNSAT in 0.22s
    cube 943.208 (depth 1, 20 lits): UNSAT in 0.26s
    cube 943.209 (depth 1, 20 lits): UNSAT in 0.36s
    cube 943.210 (depth 1, 20 lits): UNSAT in 0.41s
    cube 943.211 (depth 1, 20 lits): UNSAT in 0.32s
    cube 943.212 (depth 1, 20 lits): UNSAT in 2.99s
    cube 943.213 (depth 1, 20 lits): UNSAT in 0.26s
    cube 943.214 (depth 1, 20 lits): UNSAT in 0.47s
    cube 943.215 (depth 1, 20 lits): UNSAT in 0.27s
    cube 943.216 (depth 1, 20 lits): UNSAT in 1.21s
    cube 943.217 (depth 1, 20 lits): UNSAT in 0.40s
    cube 943.218 (depth 1, 20 lits): UNSAT in 2.99s
    cube 943.219 (depth 1, 20 lits): UNSAT in 16.92s
    cube 943.220 (depth 1, 20 lits): UNSAT in 205.79s
    cube 943.221 (depth 1, 20 lits): UNSAT in 0.03s
    cube 943.222 (depth 1, 20 lits): UNSAT in 0.18s
    cube 943.223 (depth 1, 20 lits): UNSAT in 0.40s
    cube 943.224 (depth 1, 20 lits): UNSAT in 1.52s
    cube 943.225 (depth 1, 20 lits): UNSAT in 0.25s
    cube 943.226 (depth 1, 20 lits): UNSAT in 0.51s
    cube 943.227 (depth 1, 20 lits): UNSAT in 1.57s
    cube 943.228 (depth 1, 20 lits): UNSAT in 7.41s
    cube 943.229 (depth 1, 20 lits): UNSAT in 0.14s
    cube 943.230 (depth 1, 20 lits): UNSAT in 0.66s
    cube 943.231 (depth 1, 20 lits): UNSAT in 0.99s
    cube 943.232 (depth 1, 20 lits): UNSAT in 2.22s
    cube 943.233 (depth 1, 20 lits): UNSAT in 0.70s
    cube 943.234 (depth 1, 20 lits): UNSAT in 1.76s
    cube 943.235 (depth 1, 20 lits): UNSAT in 1.29s
    cube 943.236 (depth 1, 20 lits): UNSAT in 147.16s
    cube 943.237 (depth 1, 20 lits): UNSAT in 0.14s
    cube 943.238 (depth 1, 20 lits): UNSAT in 1.15s
    cube 943.239 (depth 1, 20 lits): UNSAT in 1.71s
    cube 943.240 (depth 1, 20 lits): UNSAT in 5.91s
    cube 943.241 (depth 1, 20 lits): UNSAT in 1.52s
    cube 943.242 (depth 1, 20 lits): UNSAT in 6.17s
    cube 943.243 (depth 1, 20 lits): UNSAT in 18.73s
    cube 943.244 (depth 1, 20 lits): UNSAT in 153.45s
    cube 943.245 (depth 1, 20 lits): UNSAT in 1.07s
    cube 943.246 (depth 1, 20 lits): UNSAT in 14.47s
    cube 943.247 (depth 1, 20 lits): UNSAT in 8.04s
    cube 943.248 (depth 1, 20 lits): UNSAT in 299.25s
    cube 943.249 (depth 1, 20 lits): UNSAT in 4.40s
    cube 943.250 (depth 1, 20 lits): UNSAT in 16.47s
    cube 943.251 (depth 1, 20 lits): UNSAT in 3.27s
    cube 943.252 (depth 1, 20 lits): UNSAT in 328.77s

  shard 4 verdict: UNSAT (1 UNSAT, 0 unresolved) in 2603.0s
