  shard 13/24 (explicit): 1 of 4095 cubes, per-cube cap 1200.0s, re-split depth 7
    cube 2590 (depth 0, 12 lits): TIMEOUT in 1200.10s
    cube 2590 TIMEOUT -> re-split into 242 sub-cubes (depth 1)
    cube 2590.0 (depth 1, 18 lits): UNSAT in 0.02s
    cube 2590.1 (depth 1, 19 lits): UNSAT in 0.01s
    cube 2590.2 (depth 1, 19 lits): UNSAT in 0.02s
    cube 2590.3 (depth 1, 19 lits): UNSAT in 0.02s
    cube 2590.4 (depth 1, 20 lits): UNSAT in 0.02s
    cube 2590.5 (depth 1, 20 lits): UNSAT in 0.05s
    cube 2590.6 (depth 1, 20 lits): UNSAT in 0.01s
    cube 2590.7 (depth 1, 20 lits): UNSAT in 0.03s
    cube 2590.8 (depth 1, 20 lits): UNSAT in 0.04s
    cube 2590.9 (depth 1, 20 lits): UNSAT in 0.30s
    cube 2590.10 (depth 1, 20 lits): UNSAT in 0.01s
    cube 2590.11 (depth 1, 20 lits): UNSAT in 0.02s
    cube 2590.12 (depth 1, 20 lits): UNSAT in 0.01s
    cube 2590.13 (depth 1, 20 lits): UNSAT in 0.02s
    cube 2590.14 (depth 1, 20 lits): UNSAT in 0.02s
    cube 2590.15 (depth 1, 20 lits): UNSAT in 0.08s
    cube 2590.16 (depth 1, 20 lits): UNSAT in 0.03s
    cube 2590.17 (depth 1, 20 lits): UNSAT in 0.26s
    cube 2590.18 (depth 1, 20 lits): UNSAT in 0.01s
    cube 2590.19 (depth 1, 20 lits): UNSAT in 0.03s
    cube 2590.20 (depth 1, 20 lits): UNSAT in 0.04s
    cube 2590.21 (depth 1, 20 lits): UNSAT in 0.18s
    cube 2590.22 (depth 1, 20 lits): UNSAT in 0.09s
    cube 2590.23 (depth 1, 20 lits): UNSAT in 0.20s
    cube 2590.24 (depth 1, 20 lits): UNSAT in 0.19s
    cube 2590.25 (depth 1, 20 lits): UNSAT in 0.22s
    cube 2590.26 (depth 1, 19 lits): UNSAT in 0.02s
    cube 2590.27 (depth 1, 20 lits): UNSAT in 0.02s
    cube 2590.28 (depth 1, 20 lits): UNSAT in 0.03s
    cube 2590.29 (depth 1, 19 lits): UNSAT in 0.02s
    cube 2590.30 (depth 1, 20 lits): UNSAT in 0.03s
    cube 2590.31 (depth 1, 20 lits): UNSAT in 0.09s
    cube 2590.32 (depth 1, 19 lits): UNSAT in 0.01s
    cube 2590.33 (depth 1, 20 lits): UNSAT in 0.02s
    cube 2590.34 (depth 1, 20 lits): UNSAT in 0.06s
    cube 2590.35 (depth 1, 20 lits): UNSAT in 0.03s
    cube 2590.36 (depth 1, 20 lits): UNSAT in 0.03s
    cube 2590.37 (depth 1, 20 lits): UNSAT in 0.02s
    cube 2590.38 (depth 1, 20 lits): UNSAT in 0.24s
    cube 2590.39 (depth 1, 20 lits): UNSAT in 0.02s
    cube 2590.40 (depth 1, 20 lits): UNSAT in 0.03s
    cube 2590.41 (depth 1, 20 lits): UNSAT in 0.02s
    cube 2590.42 (depth 1, 20 lits): UNSAT in 0.09s
    cube 2590.43 (depth 1, 20 lits): UNSAT in 0.03s
    cube 2590.44 (depth 1, 20 lits): UNSAT in 0.05s
    cube 2590.45 (depth 1, 20 lits): UNSAT in 0.08s
    cube 2590.46 (depth 1, 20 lits): UNSAT in 0.18s
    cube 2590.47 (depth 1, 20 lits): UNSAT in 0.02s
    cube 2590.48 (depth 1, 20 lits): UNSAT in 0.06s
    cube 2590.49 (depth 1, 20 lits): UNSAT in 0.04s
    cube 2590.50 (depth 1, 20 lits): UNSAT in 0.19s
    cube 2590.51 (depth 1, 20 lits): UNSAT in 0.06s
    cube 2590.52 (depth 1, 20 lits): UNSAT in 0.32s
    cube 2590.53 (depth 1, 20 lits): UNSAT in 0.41s
    cube 2590.54 (depth 1, 20 lits): UNSAT in 3.37s
    cube 2590.55 (depth 1, 18 lits): UNSAT in 0.02s
    cube 2590.56 (depth 1, 19 lits): UNSAT in 0.01s
    cube 2590.57 (depth 1, 20 lits): UNSAT in 0.02s
    cube 2590.58 (depth 1, 20 lits): UNSAT in 0.04s
    cube 2590.59 (depth 1, 20 lits): UNSAT in 0.01s
    cube 2590.60 (depth 1, 20 lits): UNSAT in 0.02s
    cube 2590.61 (depth 1, 20 lits): UNSAT in 0.02s
    cube 2590.62 (depth 1, 20 lits): UNSAT in 0.03s
    cube 2590.63 (depth 1, 20 lits): UNSAT in 0.02s
    cube 2590.64 (depth 1, 20 lits): UNSAT in 0.05s
    cube 2590.65 (depth 1, 20 lits): UNSAT in 0.09s
    cube 2590.66 (depth 1, 20 lits): UNSAT in 0.27s
    cube 2590.67 (depth 1, 20 lits): UNSAT in 0.02s
    cube 2590.68 (depth 1, 20 lits): UNSAT in 0.02s
    cube 2590.69 (depth 1, 20 lits): UNSAT in 0.02s
    cube 2590.70 (depth 1, 20 lits): UNSAT in 0.09s
    cube 2590.71 (depth 1, 20 lits): UNSAT in 0.03s
    cube 2590.72 (depth 1, 20 lits): UNSAT in 0.03s
    cube 2590.73 (depth 1, 20 lits): UNSAT in 0.13s
    cube 2590.74 (depth 1, 20 lits): UNSAT in 0.23s
    cube 2590.75 (depth 1, 20 lits): UNSAT in 0.04s
    cube 2590.76 (depth 1, 20 lits): UNSAT in 0.06s
    cube 2590.77 (depth 1, 20 lits): UNSAT in 0.13s
    cube 2590.78 (depth 1, 20 lits): UNSAT in 0.19s
    cube 2590.79 (depth 1, 20 lits): UNSAT in 0.05s
    cube 2590.80 (depth 1, 20 lits): UNSAT in 0.42s
    cube 2590.81 (depth 1, 20 lits): UNSAT in 0.24s
    cube 2590.82 (depth 1, 20 lits): UNSAT in 3.00s
    cube 2590.83 (depth 1, 20 lits): UNSAT in 0.01s
    cube 2590.84 (depth 1, 20 lits): UNSAT in 0.05s
    cube 2590.85 (depth 1, 20 lits): UNSAT in 0.05s
    cube 2590.86 (depth 1, 20 lits): UNSAT in 0.07s
    cube 2590.87 (depth 1, 20 lits): UNSAT in 0.03s
    cube 2590.88 (depth 1, 20 lits): UNSAT in 0.24s
    cube 2590.89 (depth 1, 20 lits): UNSAT in 0.05s
    cube 2590.90 (depth 1, 20 lits): UNSAT in 0.24s
    cube 2590.91 (depth 1, 20 lits): UNSAT in 0.02s
    cube 2590.92 (depth 1, 20 lits): UNSAT in 0.09s
    cube 2590.93 (depth 1, 20 lits): UNSAT in 0.10s
    cube 2590.94 (depth 1, 20 lits): UNSAT in 0.30s
    cube 2590.95 (depth 1, 20 lits): UNSAT in 0.05s
    cube 2590.96 (depth 1, 20 lits): UNSAT in 0.44s
    cube 2590.97 (depth 1, 20 lits): UNSAT in 0.64s
    cube 2590.98 (depth 1, 20 lits): UNSAT in 3.48s
    cube 2590.99 (depth 1, 20 lits): UNSAT in 0.03s
    cube 2590.100 (depth 1, 20 lits): UNSAT in 0.11s
    cube 2590.101 (depth 1, 20 lits): UNSAT in 0.07s
    cube 2590.102 (depth 1, 20 lits): UNSAT in 0.38s
    cube 2590.103 (depth 1, 20 lits): UNSAT in 0.10s
    cube 2590.104 (depth 1, 20 lits): UNSAT in 0.43s
    cube 2590.105 (depth 1, 20 lits): UNSAT in 0.34s
    cube 2590.106 (depth 1, 20 lits): UNSAT in 0.86s
    cube 2590.107 (depth 1, 20 lits): UNSAT in 0.10s
    cube 2590.108 (depth 1, 20 lits): UNSAT in 0.26s
    cube 2590.109 (depth 1, 20 lits): UNSAT in 0.38s
    cube 2590.110 (depth 1, 20 lits): UNSAT in 1.51s
    cube 2590.111 (depth 1, 20 lits): UNSAT in 0.33s
    cube 2590.112 (depth 1, 20 lits): UNSAT in 0.38s
    cube 2590.113 (depth 1, 20 lits): UNSAT in 2.76s
    cube 2590.114 (depth 1, 20 lits): UNSAT in 17.89s
    cube 2590.115 (depth 1, 19 lits): UNSAT in 0.02s
    cube 2590.116 (depth 1, 20 lits): UNSAT in 0.02s
    cube 2590.117 (depth 1, 20 lits): UNSAT in 0.04s
    cube 2590.118 (depth 1, 20 lits): UNSAT in 0.02s
    cube 2590.119 (depth 1, 20 lits): UNSAT in 0.03s
    cube 2590.120 (depth 1, 20 lits): UNSAT in 0.02s
    cube 2590.121 (depth 1, 20 lits): UNSAT in 0.11s
    cube 2590.122 (depth 1, 20 lits): UNSAT in 0.02s
    cube 2590.123 (depth 1, 20 lits): UNSAT in 0.04s
    cube 2590.124 (depth 1, 20 lits): UNSAT in 0.03s
    cube 2590.125 (depth 1, 20 lits): UNSAT in 0.18s
    cube 2590.126 (depth 1, 20 lits): UNSAT in 0.04s
    cube 2590.127 (depth 1, 20 lits): UNSAT in 0.21s
    cube 2590.128 (depth 1, 20 lits): UNSAT in 0.18s
    cube 2590.129 (depth 1, 20 lits): UNSAT in 0.75s
    cube 2590.130 (depth 1, 20 lits): UNSAT in 0.01s
    cube 2590.131 (depth 1, 20 lits): UNSAT in 0.07s
    cube 2590.132 (depth 1, 20 lits): UNSAT in 0.02s
    cube 2590.133 (depth 1, 20 lits): UNSAT in 0.06s
    cube 2590.134 (depth 1, 20 lits): UNSAT in 0.03s
    cube 2590.135 (depth 1, 20 lits): UNSAT in 0.09s
    cube 2590.136 (depth 1, 20 lits): UNSAT in 0.31s
    cube 2590.137 (depth 1, 20 lits): UNSAT in 0.76s
    cube 2590.138 (depth 1, 20 lits): UNSAT in 0.03s
    cube 2590.139 (depth 1, 20 lits): UNSAT in 0.10s
    cube 2590.140 (depth 1, 20 lits): UNSAT in 0.17s
    cube 2590.141 (depth 1, 20 lits): UNSAT in 0.94s
    cube 2590.142 (depth 1, 20 lits): UNSAT in 0.11s
    cube 2590.143 (depth 1, 20 lits): UNSAT in 1.32s
    cube 2590.144 (depth 1, 20 lits): UNSAT in 1.31s
    cube 2590.145 (depth 1, 20 lits): UNSAT in 5.00s
    cube 2590.146 (depth 1, 20 lits): UNSAT in 0.02s
    cube 2590.147 (depth 1, 20 lits): UNSAT in 0.03s
    cube 2590.148 (depth 1, 20 lits): UNSAT in 0.01s
    cube 2590.149 (depth 1, 20 lits): UNSAT in 0.05s
    cube 2590.150 (depth 1, 20 lits): UNSAT in 0.02s
    cube 2590.151 (depth 1, 20 lits): UNSAT in 0.06s
    cube 2590.152 (depth 1, 20 lits): UNSAT in 0.07s
    cube 2590.153 (depth 1, 20 lits): UNSAT in 0.44s
    cube 2590.154 (depth 1, 20 lits): UNSAT in 0.05s
    cube 2590.155 (depth 1, 20 lits): UNSAT in 0.08s
    cube 2590.156 (depth 1, 20 lits): UNSAT in 0.15s
    cube 2590.157 (depth 1, 20 lits): UNSAT in 0.39s
    cube 2590.158 (depth 1, 20 lits): UNSAT in 0.11s
    cube 2590.159 (depth 1, 20 lits): UNSAT in 0.42s
    cube 2590.160 (depth 1, 20 lits): UNSAT in 0.61s
    cube 2590.161 (depth 1, 20 lits): UNSAT in 1.22s
    cube 2590.162 (depth 1, 20 lits): UNSAT in 0.03s
    cube 2590.163 (depth 1, 20 lits): UNSAT in 0.08s
    cube 2590.164 (depth 1, 20 lits): UNSAT in 0.10s
    cube 2590.165 (depth 1, 20 lits): UNSAT in 0.25s
    cube 2590.166 (depth 1, 20 lits): UNSAT in 0.30s
    cube 2590.167 (depth 1, 20 lits): UNSAT in 1.29s
    cube 2590.168 (depth 1, 20 lits): UNSAT in 0.52s
    cube 2590.169 (depth 1, 20 lits): UNSAT in 6.54s
    cube 2590.170 (depth 1, 20 lits): UNSAT in 0.06s
    cube 2590.171 (depth 1, 20 lits): UNSAT in 0.97s
    cube 2590.172 (depth 1, 20 lits): UNSAT in 0.25s
    cube 2590.173 (depth 1, 20 lits): UNSAT in 1.95s
    cube 2590.174 (depth 1, 20 lits): UNSAT in 0.56s
    cube 2590.175 (depth 1, 20 lits): UNSAT in 4.60s
    cube 2590.176 (depth 1, 20 lits): UNSAT in 6.31s
    cube 2590.177 (depth 1, 20 lits): UNSAT in 223.74s
    cube 2590.178 (depth 1, 20 lits): UNSAT in 0.01s
    cube 2590.179 (depth 1, 20 lits): UNSAT in 0.02s
    cube 2590.180 (depth 1, 20 lits): UNSAT in 0.06s
    cube 2590.181 (depth 1, 20 lits): UNSAT in 0.10s
    cube 2590.182 (depth 1, 20 lits): UNSAT in 0.05s
    cube 2590.183 (depth 1, 20 lits): UNSAT in 0.34s
    cube 2590.184 (depth 1, 20 lits): UNSAT in 0.13s
    cube 2590.185 (depth 1, 20 lits): UNSAT in 1.50s
    cube 2590.186 (depth 1, 20 lits): UNSAT in 0.05s
    cube 2590.187 (depth 1, 20 lits): UNSAT in 0.08s
    cube 2590.188 (depth 1, 20 lits): UNSAT in 0.07s
    cube 2590.189 (depth 1, 20 lits): UNSAT in 0.99s
    cube 2590.190 (depth 1, 20 lits): UNSAT in 0.08s
    cube 2590.191 (depth 1, 20 lits): UNSAT in 0.95s
    cube 2590.192 (depth 1, 20 lits): UNSAT in 1.29s
    cube 2590.193 (depth 1, 20 lits): UNSAT in 5.48s
    cube 2590.194 (depth 1, 20 lits): UNSAT in 0.04s
    cube 2590.195 (depth 1, 20 lits): UNSAT in 0.20s
    cube 2590.196 (depth 1, 20 lits): UNSAT in 0.10s
    cube 2590.197 (depth 1, 20 lits): UNSAT in 0.74s
    cube 2590.198 (depth 1, 20 lits): UNSAT in 0.06s
    cube 2590.199 (depth 1, 20 lits): UNSAT in 0.64s
    cube 2590.200 (depth 1, 20 lits): UNSAT in 0.73s
    cube 2590.201 (depth 1, 20 lits): UNSAT in 3.73s
    cube 2590.202 (depth 1, 20 lits): UNSAT in 0.09s
    cube 2590.203 (depth 1, 20 lits): UNSAT in 0.68s
    cube 2590.204 (depth 1, 20 lits): UNSAT in 0.55s
    cube 2590.205 (depth 1, 20 lits): UNSAT in 2.19s
    cube 2590.206 (depth 1, 20 lits): UNSAT in 0.61s
    cube 2590.207 (depth 1, 20 lits): UNSAT in 1.97s
    cube 2590.208 (depth 1, 20 lits): UNSAT in 5.82s
    cube 2590.209 (depth 1, 20 lits): UNSAT in 238.32s
    cube 2590.210 (depth 1, 20 lits): UNSAT in 0.13s
    cube 2590.211 (depth 1, 20 lits): UNSAT in 0.61s
    cube 2590.212 (depth 1, 20 lits): UNSAT in 0.20s
    cube 2590.213 (depth 1, 20 lits): UNSAT in 0.91s
    cube 2590.214 (depth 1, 20 lits): UNSAT in 0.07s
    cube 2590.215 (depth 1, 20 lits): UNSAT in 0.65s
    cube 2590.216 (depth 1, 20 lits): UNSAT in 1.14s
    cube 2590.217 (depth 1, 20 lits): UNSAT in 5.46s
    cube 2590.218 (depth 1, 20 lits): UNSAT in 0.47s
    cube 2590.219 (depth 1, 20 lits): UNSAT in 1.87s
    cube 2590.220 (depth 1, 20 lits): UNSAT in 0.88s
    cube 2590.221 (depth 1, 20 lits): UNSAT in 12.71s
    cube 2590.222 (depth 1, 20 lits): UNSAT in 0.76s
    cube 2590.223 (depth 1, 20 lits): UNSAT in 6.69s
    cube 2590.224 (depth 1, 20 lits): UNSAT in 4.64s
    cube 2590.225 (depth 1, 20 lits): UNSAT in 133.80s
    cube 2590.226 (depth 1, 20 lits): UNSAT in 0.57s
    cube 2590.227 (depth 1, 20 lits): UNSAT in 1.18s
    cube 2590.228 (depth 1, 20 lits): UNSAT in 1.94s
    cube 2590.229 (depth 1, 20 lits): UNSAT in 13.67s
    cube 2590.230 (depth 1, 20 lits): UNSAT in 1.23s
    cube 2590.231 (depth 1, 20 lits): UNSAT in 14.65s
    cube 2590.232 (depth 1, 20 lits): UNSAT in 5.07s
    cube 2590.233 (depth 1, 20 lits): UNSAT in 375.33s
    cube 2590.234 (depth 1, 20 lits): UNSAT in 1.39s
    cube 2590.235 (depth 1, 20 lits): UNSAT in 25.36s
    cube 2590.236 (depth 1, 20 lits): UNSAT in 7.59s
    cube 2590.237 (depth 1, 20 lits): UNSAT in 427.85s
    cube 2590.238 (depth 1, 20 lits): UNSAT in 16.64s
    cube 2590.239 (depth 1, 20 lits): TIMEOUT in 1200.06s
    cube 2590.239 TIMEOUT -> re-split into 237 sub-cubes (depth 2)
    cube 2590.239.0 (depth 2, 26 lits): UNSAT in 0.02s
    cube 2590.239.1 (depth 2, 28 lits): UNSAT in 0.01s
    cube 2590.239.2 (depth 2, 28 lits): UNSAT in 0.02s
    cube 2590.239.3 (depth 2, 27 lits): UNSAT in 0.01s
    cube 2590.239.4 (depth 2, 27 lits): UNSAT in 0.01s
    cube 2590.239.5 (depth 2, 27 lits): UNSAT in 0.02s
    cube 2590.239.6 (depth 2, 27 lits): UNSAT in 0.01s
    cube 2590.239.7 (depth 2, 28 lits): UNSAT in 0.02s
    cube 2590.239.8 (depth 2, 28 lits): UNSAT in 0.03s
    cube 2590.239.9 (depth 2, 28 lits): UNSAT in 0.01s
    cube 2590.239.10 (depth 2, 28 lits): UNSAT in 0.02s
    cube 2590.239.11 (depth 2, 28 lits): UNSAT in 0.02s
    cube 2590.239.12 (depth 2, 28 lits): UNSAT in 0.01s
    cube 2590.239.13 (depth 2, 28 lits): UNSAT in 0.01s
    cube 2590.239.14 (depth 2, 28 lits): UNSAT in 0.03s
    cube 2590.239.15 (depth 2, 28 lits): UNSAT in 0.02s
    cube 2590.239.16 (depth 2, 28 lits): UNSAT in 0.03s
    cube 2590.239.17 (depth 2, 27 lits): UNSAT in 0.02s
    cube 2590.239.18 (depth 2, 27 lits): UNSAT in 0.02s
    cube 2590.239.19 (depth 2, 28 lits): UNSAT in 0.02s
    cube 2590.239.20 (depth 2, 28 lits): UNSAT in 0.04s
    cube 2590.239.21 (depth 2, 28 lits): UNSAT in 0.04s
    cube 2590.239.22 (depth 2, 28 lits): UNSAT in 0.06s
    cube 2590.239.23 (depth 2, 28 lits): UNSAT in 0.01s
    cube 2590.239.24 (depth 2, 28 lits): UNSAT in 0.01s
    cube 2590.239.25 (depth 2, 28 lits): UNSAT in 0.01s
    cube 2590.239.26 (depth 2, 28 lits): UNSAT in 0.02s
    cube 2590.239.27 (depth 2, 27 lits): UNSAT in 0.01s
    cube 2590.239.28 (depth 2, 28 lits): UNSAT in 0.01s
    cube 2590.239.29 (depth 2, 28 lits): UNSAT in 0.02s
    cube 2590.239.30 (depth 2, 28 lits): UNSAT in 0.01s
    cube 2590.239.31 (depth 2, 28 lits): UNSAT in 0.03s
    cube 2590.239.32 (depth 2, 28 lits): UNSAT in 0.05s
    cube 2590.239.33 (depth 2, 28 lits): UNSAT in 0.05s
    cube 2590.239.34 (depth 2, 28 lits): UNSAT in 0.03s
    cube 2590.239.35 (depth 2, 28 lits): UNSAT in 0.07s
    cube 2590.239.36 (depth 2, 28 lits): UNSAT in 0.07s
    cube 2590.239.37 (depth 2, 28 lits): UNSAT in 0.37s
    cube 2590.239.38 (depth 2, 27 lits): UNSAT in 0.01s
    cube 2590.239.39 (depth 2, 28 lits): UNSAT in 0.01s
    cube 2590.239.40 (depth 2, 28 lits): UNSAT in 0.02s
    cube 2590.239.41 (depth 2, 28 lits): UNSAT in 0.01s
    cube 2590.239.42 (depth 2, 28 lits): UNSAT in 0.02s
    cube 2590.239.43 (depth 2, 28 lits): UNSAT in 0.04s
    cube 2590.239.44 (depth 2, 28 lits): UNSAT in 0.02s
    cube 2590.239.45 (depth 2, 28 lits): UNSAT in 0.02s
    cube 2590.239.46 (depth 2, 28 lits): UNSAT in 0.03s
    cube 2590.239.47 (depth 2, 28 lits): UNSAT in 0.03s
    cube 2590.239.48 (depth 2, 28 lits): UNSAT in 0.12s
    cube 2590.239.49 (depth 2, 28 lits): UNSAT in 0.04s
    cube 2590.239.50 (depth 2, 28 lits): UNSAT in 0.11s
    cube 2590.239.51 (depth 2, 28 lits): UNSAT in 0.05s
    cube 2590.239.52 (depth 2, 28 lits): UNSAT in 0.46s
    cube 2590.239.53 (depth 2, 27 lits): UNSAT in 0.01s
    cube 2590.239.54 (depth 2, 27 lits): UNSAT in 0.02s
    cube 2590.239.55 (depth 2, 27 lits): UNSAT in 0.02s
    cube 2590.239.56 (depth 2, 28 lits): UNSAT in 0.01s
    cube 2590.239.57 (depth 2, 28 lits): UNSAT in 0.02s
    cube 2590.239.58 (depth 2, 28 lits): UNSAT in 0.02s
    cube 2590.239.59 (depth 2, 28 lits): UNSAT in 0.03s
    cube 2590.239.60 (depth 2, 28 lits): UNSAT in 0.04s
    cube 2590.239.61 (depth 2, 28 lits): UNSAT in 0.05s
    cube 2590.239.62 (depth 2, 28 lits): UNSAT in 0.02s
    cube 2590.239.63 (depth 2, 28 lits): UNSAT in 0.05s
    cube 2590.239.64 (depth 2, 28 lits): UNSAT in 0.09s
    cube 2590.239.65 (depth 2, 28 lits): UNSAT in 0.23s
    cube 2590.239.66 (depth 2, 28 lits): UNSAT in 0.02s
    cube 2590.239.67 (depth 2, 28 lits): UNSAT in 0.03s
    cube 2590.239.68 (depth 2, 28 lits): UNSAT in 0.04s
    cube 2590.239.69 (depth 2, 28 lits): UNSAT in 0.05s
    cube 2590.239.70 (depth 2, 28 lits): UNSAT in 0.03s
    cube 2590.239.71 (depth 2, 28 lits): UNSAT in 0.03s
    cube 2590.239.72 (depth 2, 28 lits): UNSAT in 0.05s
    cube 2590.239.73 (depth 2, 28 lits): UNSAT in 0.04s
    cube 2590.239.74 (depth 2, 28 lits): UNSAT in 0.03s
    cube 2590.239.75 (depth 2, 28 lits): UNSAT in 0.14s
    cube 2590.239.76 (depth 2, 28 lits): UNSAT in 0.07s
    cube 2590.239.77 (depth 2, 28 lits): UNSAT in 0.21s
    cube 2590.239.78 (depth 2, 28 lits): UNSAT in 0.10s
    cube 2590.239.79 (depth 2, 28 lits): UNSAT in 0.09s
    cube 2590.239.80 (depth 2, 28 lits): UNSAT in 0.06s
    cube 2590.239.81 (depth 2, 28 lits): UNSAT in 0.26s
    cube 2590.239.82 (depth 2, 28 lits): UNSAT in 0.02s
    cube 2590.239.83 (depth 2, 28 lits): UNSAT in 0.04s
    cube 2590.239.84 (depth 2, 28 lits): UNSAT in 0.02s
    cube 2590.239.85 (depth 2, 28 lits): UNSAT in 0.04s
    cube 2590.239.86 (depth 2, 28 lits): UNSAT in 0.02s
    cube 2590.239.87 (depth 2, 28 lits): UNSAT in 0.03s
    cube 2590.239.88 (depth 2, 28 lits): UNSAT in 0.03s
    cube 2590.239.89 (depth 2, 28 lits): UNSAT in 0.08s
    cube 2590.239.90 (depth 2, 28 lits): UNSAT in 0.03s
    cube 2590.239.91 (depth 2, 28 lits): UNSAT in 0.03s
    cube 2590.239.92 (depth 2, 28 lits): UNSAT in 0.02s
    cube 2590.239.93 (depth 2, 28 lits): UNSAT in 0.03s
    cube 2590.239.94 (depth 2, 28 lits): UNSAT in 0.13s
    cube 2590.239.95 (depth 2, 28 lits): UNSAT in 0.15s
    cube 2590.239.96 (depth 2, 28 lits): UNSAT in 0.04s
    cube 2590.239.97 (depth 2, 28 lits): UNSAT in 0.27s
    cube 2590.239.98 (depth 2, 28 lits): UNSAT in 0.02s
    cube 2590.239.99 (depth 2, 28 lits): UNSAT in 0.04s
    cube 2590.239.100 (depth 2, 28 lits): UNSAT in 0.10s
    cube 2590.239.101 (depth 2, 28 lits): UNSAT in 0.09s
    cube 2590.239.102 (depth 2, 28 lits): UNSAT in 0.08s
    cube 2590.239.103 (depth 2, 28 lits): UNSAT in 0.28s
    cube 2590.239.104 (depth 2, 28 lits): UNSAT in 0.16s
    cube 2590.239.105 (depth 2, 28 lits): UNSAT in 0.54s
    cube 2590.239.106 (depth 2, 28 lits): UNSAT in 0.03s
    cube 2590.239.107 (depth 2, 28 lits): UNSAT in 0.20s
    cube 2590.239.108 (depth 2, 28 lits): UNSAT in 0.17s
    cube 2590.239.109 (depth 2, 28 lits): UNSAT in 0.33s
    cube 2590.239.110 (depth 2, 28 lits): UNSAT in 0.30s
    cube 2590.239.111 (depth 2, 28 lits): UNSAT in 0.28s
    cube 2590.239.112 (depth 2, 28 lits): UNSAT in 0.20s
    cube 2590.239.113 (depth 2, 28 lits): UNSAT in 3.07s
    cube 2590.239.114 (depth 2, 26 lits): UNSAT in 0.02s
    cube 2590.239.115 (depth 2, 27 lits): UNSAT in 0.02s
    cube 2590.239.116 (depth 2, 27 lits): UNSAT in 0.02s
    cube 2590.239.117 (depth 2, 28 lits): UNSAT in 0.02s
    cube 2590.239.118 (depth 2, 28 lits): UNSAT in 0.02s
    cube 2590.239.119 (depth 2, 28 lits): UNSAT in 0.02s
    cube 2590.239.120 (depth 2, 28 lits): UNSAT in 0.02s
    cube 2590.239.121 (depth 2, 28 lits): UNSAT in 0.01s
    cube 2590.239.122 (depth 2, 28 lits): UNSAT in 0.02s
    cube 2590.239.123 (depth 2, 28 lits): UNSAT in 0.03s
    cube 2590.239.124 (depth 2, 28 lits): UNSAT in 0.15s
    cube 2590.239.125 (depth 2, 28 lits): UNSAT in 0.01s
    cube 2590.239.126 (depth 2, 28 lits): UNSAT in 0.02s
    cube 2590.239.127 (depth 2, 28 lits): UNSAT in 0.02s
    cube 2590.239.128 (depth 2, 28 lits): UNSAT in 0.11s
    cube 2590.239.129 (depth 2, 28 lits): UNSAT in 0.02s
    cube 2590.239.130 (depth 2, 28 lits): UNSAT in 0.05s
    cube 2590.239.131 (depth 2, 28 lits): UNSAT in 0.04s
    cube 2590.239.132 (depth 2, 28 lits): UNSAT in 0.08s
    cube 2590.239.133 (depth 2, 28 lits): UNSAT in 0.02s
    cube 2590.239.134 (depth 2, 28 lits): UNSAT in 0.11s
    cube 2590.239.135 (depth 2, 28 lits): UNSAT in 0.06s
    cube 2590.239.136 (depth 2, 28 lits): UNSAT in 0.13s
    cube 2590.239.137 (depth 2, 28 lits): UNSAT in 0.02s
    cube 2590.239.138 (depth 2, 28 lits): UNSAT in 0.13s
    cube 2590.239.139 (depth 2, 28 lits): UNSAT in 0.18s
    cube 2590.239.140 (depth 2, 28 lits): UNSAT in 1.17s
    cube 2590.239.141 (depth 2, 28 lits): UNSAT in 0.02s
    cube 2590.239.142 (depth 2, 28 lits): UNSAT in 0.02s
    cube 2590.239.143 (depth 2, 28 lits): UNSAT in 0.02s
    cube 2590.239.144 (depth 2, 28 lits): UNSAT in 0.03s
    cube 2590.239.145 (depth 2, 28 lits): UNSAT in 0.02s
    cube 2590.239.146 (depth 2, 28 lits): UNSAT in 0.05s
    cube 2590.239.147 (depth 2, 28 lits): UNSAT in 0.02s
    cube 2590.239.148 (depth 2, 28 lits): UNSAT in 0.06s
    cube 2590.239.149 (depth 2, 28 lits): UNSAT in 0.02s
    cube 2590.239.150 (depth 2, 28 lits): UNSAT in 0.02s
    cube 2590.239.151 (depth 2, 28 lits): UNSAT in 0.03s
    cube 2590.239.152 (depth 2, 28 lits): UNSAT in 0.07s
    cube 2590.239.153 (depth 2, 28 lits): UNSAT in 0.03s
    cube 2590.239.154 (depth 2, 28 lits): UNSAT in 0.19s
    cube 2590.239.155 (depth 2, 28 lits): UNSAT in 0.23s
    cube 2590.239.156 (depth 2, 28 lits): UNSAT in 0.96s
    cube 2590.239.157 (depth 2, 28 lits): UNSAT in 0.03s
    cube 2590.239.158 (depth 2, 28 lits): UNSAT in 0.03s
    cube 2590.239.159 (depth 2, 28 lits): UNSAT in 0.04s
    cube 2590.239.160 (depth 2, 28 lits): UNSAT in 0.08s
    cube 2590.239.161 (depth 2, 28 lits): UNSAT in 0.05s
    cube 2590.239.162 (depth 2, 28 lits): UNSAT in 0.14s
    cube 2590.239.163 (depth 2, 28 lits): UNSAT in 0.07s
    cube 2590.239.164 (depth 2, 28 lits): UNSAT in 0.44s
    cube 2590.239.165 (depth 2, 28 lits): UNSAT in 0.10s
    cube 2590.239.166 (depth 2, 28 lits): UNSAT in 0.42s
    cube 2590.239.167 (depth 2, 28 lits): UNSAT in 0.08s
    cube 2590.239.168 (depth 2, 28 lits): UNSAT in 0.47s
    cube 2590.239.169 (depth 2, 28 lits): UNSAT in 0.12s
    cube 2590.239.170 (depth 2, 28 lits): UNSAT in 0.60s
    cube 2590.239.171 (depth 2, 28 lits): UNSAT in 0.43s
    cube 2590.239.172 (depth 2, 28 lits): UNSAT in 4.45s
    cube 2590.239.173 (depth 2, 28 lits): UNSAT in 0.01s
    cube 2590.239.174 (depth 2, 28 lits): UNSAT in 0.02s
    cube 2590.239.175 (depth 2, 28 lits): UNSAT in 0.01s
    cube 2590.239.176 (depth 2, 28 lits): UNSAT in 0.05s
    cube 2590.239.177 (depth 2, 28 lits): UNSAT in 0.01s
    cube 2590.239.178 (depth 2, 28 lits): UNSAT in 0.02s
    cube 2590.239.179 (depth 2, 28 lits): UNSAT in 0.03s
    cube 2590.239.180 (depth 2, 28 lits): UNSAT in 0.07s
    cube 2590.239.181 (depth 2, 28 lits): UNSAT in 0.02s
    cube 2590.239.182 (depth 2, 28 lits): UNSAT in 0.04s
    cube 2590.239.183 (depth 2, 28 lits): UNSAT in 0.02s
    cube 2590.239.184 (depth 2, 28 lits): UNSAT in 0.04s
    cube 2590.239.185 (depth 2, 28 lits): UNSAT in 0.05s
    cube 2590.239.186 (depth 2, 28 lits): UNSAT in 0.07s
    cube 2590.239.187 (depth 2, 28 lits): UNSAT in 0.07s
    cube 2590.239.188 (depth 2, 28 lits): UNSAT in 0.42s
    cube 2590.239.189 (depth 2, 28 lits): UNSAT in 0.02s
    cube 2590.239.190 (depth 2, 28 lits): UNSAT in 0.02s
    cube 2590.239.191 (depth 2, 28 lits): UNSAT in 0.04s
    cube 2590.239.192 (depth 2, 28 lits): UNSAT in 0.07s
    cube 2590.239.193 (depth 2, 28 lits): UNSAT in 0.02s
    cube 2590.239.194 (depth 2, 28 lits): UNSAT in 0.03s
    cube 2590.239.195 (depth 2, 28 lits): UNSAT in 0.08s
    cube 2590.239.196 (depth 2, 28 lits): UNSAT in 0.20s
    cube 2590.239.197 (depth 2, 28 lits): UNSAT in 0.02s
    cube 2590.239.198 (depth 2, 28 lits): UNSAT in 0.05s
    cube 2590.239.199 (depth 2, 28 lits): UNSAT in 0.07s
    cube 2590.239.200 (depth 2, 28 lits): UNSAT in 0.45s
    cube 2590.239.201 (depth 2, 28 lits): UNSAT in 0.05s
    cube 2590.239.202 (depth 2, 28 lits): UNSAT in 0.23s
    cube 2590.239.203 (depth 2, 28 lits): UNSAT in 0.58s
    cube 2590.239.204 (depth 2, 28 lits): UNSAT in 1.34s
    cube 2590.239.205 (depth 2, 28 lits): UNSAT in 0.01s
    cube 2590.239.206 (depth 2, 28 lits): UNSAT in 0.02s
    cube 2590.239.207 (depth 2, 28 lits): UNSAT in 0.03s
    cube 2590.239.208 (depth 2, 28 lits): UNSAT in 0.09s
    cube 2590.239.209 (depth 2, 28 lits): UNSAT in 0.02s
    cube 2590.239.210 (depth 2, 28 lits): UNSAT in 0.07s
    cube 2590.239.211 (depth 2, 28 lits): UNSAT in 0.05s
    cube 2590.239.212 (depth 2, 28 lits): UNSAT in 0.31s
    cube 2590.239.213 (depth 2, 28 lits): UNSAT in 0.04s
    cube 2590.239.214 (depth 2, 28 lits): UNSAT in 0.10s
    cube 2590.239.215 (depth 2, 28 lits): UNSAT in 0.08s
    cube 2590.239.216 (depth 2, 28 lits): UNSAT in 0.66s
    cube 2590.239.217 (depth 2, 28 lits): UNSAT in 0.12s
    cube 2590.239.218 (depth 2, 28 lits): UNSAT in 0.16s
    cube 2590.239.219 (depth 2, 28 lits): UNSAT in 0.53s
    cube 2590.239.220 (depth 2, 28 lits): UNSAT in 2.38s
    cube 2590.239.221 (depth 2, 28 lits): UNSAT in 0.04s
    cube 2590.239.222 (depth 2, 28 lits): UNSAT in 0.10s
    cube 2590.239.223 (depth 2, 28 lits): UNSAT in 0.10s
    cube 2590.239.224 (depth 2, 28 lits): UNSAT in 0.52s
    cube 2590.239.225 (depth 2, 28 lits): UNSAT in 0.11s
    cube 2590.239.226 (depth 2, 28 lits): UNSAT in 0.39s
    cube 2590.239.227 (depth 2, 28 lits): UNSAT in 1.03s
    cube 2590.239.228 (depth 2, 28 lits): UNSAT in 5.15s
    cube 2590.239.229 (depth 2, 28 lits): UNSAT in 0.33s
    cube 2590.239.230 (depth 2, 28 lits): UNSAT in 1.48s
    cube 2590.239.231 (depth 2, 28 lits): UNSAT in 3.89s
    cube 2590.239.232 (depth 2, 28 lits): UNSAT in 20.38s
    cube 2590.239.233 (depth 2, 28 lits): UNSAT in 4.06s
    cube 2590.239.234 (depth 2, 28 lits): UNSAT in 18.65s
    cube 2590.239.235 (depth 2, 28 lits): UNSAT in 38.39s
    cube 2590.239.236 (depth 2, 28 lits): UNSAT in 396.68s
    cube 2590.240 (depth 1, 20 lits): UNSAT in 20.61s
    cube 2590.241 (depth 1, 20 lits): UNSAT in 916.30s

  shard 13 verdict: UNSAT (1 UNSAT, 0 unresolved) in 5507.6s
