  shard 8/24 (explicit): 1 of 4095 cubes, per-cube cap 1200.0s, re-split depth 7
    cube 3677 (depth 0, 12 lits): TIMEOUT in 1200.10s
    cube 3677 TIMEOUT -> re-split into 253 sub-cubes (depth 1)
    cube 3677.0 (depth 1, 20 lits): UNSAT in 0.01s
    cube 3677.1 (depth 1, 20 lits): UNSAT in 0.03s
    cube 3677.2 (depth 1, 20 lits): UNSAT in 0.02s
    cube 3677.3 (depth 1, 20 lits): UNSAT in 0.03s
    cube 3677.4 (depth 1, 20 lits): UNSAT in 0.02s
    cube 3677.5 (depth 1, 20 lits): UNSAT in 0.06s
    cube 3677.6 (depth 1, 20 lits): UNSAT in 0.06s
    cube 3677.7 (depth 1, 20 lits): UNSAT in 0.11s
    cube 3677.8 (depth 1, 20 lits): UNSAT in 0.02s
    cube 3677.9 (depth 1, 20 lits): UNSAT in 0.02s
    cube 3677.10 (depth 1, 20 lits): UNSAT in 0.02s
    cube 3677.11 (depth 1, 20 lits): UNSAT in 0.04s
    cube 3677.12 (depth 1, 20 lits): UNSAT in 0.03s
    cube 3677.13 (depth 1, 20 lits): UNSAT in 0.23s
    cube 3677.14 (depth 1, 20 lits): UNSAT in 0.10s
    cube 3677.15 (depth 1, 20 lits): UNSAT in 0.28s
    cube 3677.16 (depth 1, 20 lits): UNSAT in 0.02s
    cube 3677.17 (depth 1, 20 lits): UNSAT in 0.05s
    cube 3677.18 (depth 1, 20 lits): UNSAT in 0.06s
    cube 3677.19 (depth 1, 20 lits): UNSAT in 0.16s
    cube 3677.20 (depth 1, 20 lits): UNSAT in 0.04s
    cube 3677.21 (depth 1, 20 lits): UNSAT in 0.15s
    cube 3677.22 (depth 1, 20 lits): UNSAT in 0.11s
    cube 3677.23 (depth 1, 20 lits): UNSAT in 0.44s
    cube 3677.24 (depth 1, 20 lits): UNSAT in 0.03s
    cube 3677.25 (depth 1, 20 lits): UNSAT in 0.03s
    cube 3677.26 (depth 1, 20 lits): UNSAT in 0.13s
    cube 3677.27 (depth 1, 20 lits): UNSAT in 0.72s
    cube 3677.28 (depth 1, 20 lits): UNSAT in 0.08s
    cube 3677.29 (depth 1, 20 lits): UNSAT in 0.56s
    cube 3677.30 (depth 1, 20 lits): UNSAT in 0.72s
    cube 3677.31 (depth 1, 20 lits): UNSAT in 3.54s
    cube 3677.32 (depth 1, 20 lits): UNSAT in 0.01s
    cube 3677.33 (depth 1, 20 lits): UNSAT in 0.02s
    cube 3677.34 (depth 1, 20 lits): UNSAT in 0.03s
    cube 3677.35 (depth 1, 20 lits): UNSAT in 0.08s
    cube 3677.36 (depth 1, 20 lits): UNSAT in 0.03s
    cube 3677.37 (depth 1, 20 lits): UNSAT in 0.18s
    cube 3677.38 (depth 1, 20 lits): UNSAT in 0.05s
    cube 3677.39 (depth 1, 20 lits): UNSAT in 0.26s
    cube 3677.40 (depth 1, 20 lits): UNSAT in 0.01s
    cube 3677.41 (depth 1, 20 lits): UNSAT in 0.02s
    cube 3677.42 (depth 1, 20 lits): UNSAT in 0.05s
    cube 3677.43 (depth 1, 20 lits): UNSAT in 0.26s
    cube 3677.44 (depth 1, 20 lits): UNSAT in 0.04s
    cube 3677.45 (depth 1, 20 lits): UNSAT in 0.15s
    cube 3677.46 (depth 1, 20 lits): UNSAT in 0.33s
    cube 3677.47 (depth 1, 20 lits): UNSAT in 4.61s
    cube 3677.48 (depth 1, 20 lits): UNSAT in 0.03s
    cube 3677.49 (depth 1, 20 lits): UNSAT in 0.27s
    cube 3677.50 (depth 1, 20 lits): UNSAT in 0.24s
    cube 3677.51 (depth 1, 20 lits): UNSAT in 0.52s
    cube 3677.52 (depth 1, 20 lits): UNSAT in 0.37s
    cube 3677.53 (depth 1, 20 lits): UNSAT in 0.55s
    cube 3677.54 (depth 1, 20 lits): UNSAT in 0.93s
    cube 3677.55 (depth 1, 20 lits): UNSAT in 2.28s
    cube 3677.56 (depth 1, 20 lits): UNSAT in 0.14s
    cube 3677.57 (depth 1, 20 lits): UNSAT in 0.24s
    cube 3677.58 (depth 1, 20 lits): UNSAT in 0.28s
    cube 3677.59 (depth 1, 20 lits): UNSAT in 1.07s
    cube 3677.60 (depth 1, 20 lits): UNSAT in 0.20s
    cube 3677.61 (depth 1, 20 lits): UNSAT in 0.78s
    cube 3677.62 (depth 1, 20 lits): UNSAT in 0.80s
    cube 3677.63 (depth 1, 20 lits): UNSAT in 22.58s
    cube 3677.64 (depth 1, 20 lits): UNSAT in 0.01s
    cube 3677.65 (depth 1, 20 lits): UNSAT in 0.04s
    cube 3677.66 (depth 1, 20 lits): UNSAT in 0.03s
    cube 3677.67 (depth 1, 20 lits): UNSAT in 0.04s
    cube 3677.68 (depth 1, 20 lits): UNSAT in 0.02s
    cube 3677.69 (depth 1, 20 lits): UNSAT in 0.02s
    cube 3677.70 (depth 1, 20 lits): UNSAT in 0.04s
    cube 3677.71 (depth 1, 20 lits): UNSAT in 0.08s
    cube 3677.72 (depth 1, 20 lits): UNSAT in 0.03s
    cube 3677.73 (depth 1, 20 lits): UNSAT in 0.06s
    cube 3677.74 (depth 1, 20 lits): UNSAT in 0.09s
    cube 3677.75 (depth 1, 20 lits): UNSAT in 0.16s
    cube 3677.76 (depth 1, 20 lits): UNSAT in 0.03s
    cube 3677.77 (depth 1, 20 lits): UNSAT in 0.15s
    cube 3677.78 (depth 1, 20 lits): UNSAT in 0.24s
    cube 3677.79 (depth 1, 20 lits): UNSAT in 1.19s
    cube 3677.80 (depth 1, 20 lits): UNSAT in 0.01s
    cube 3677.81 (depth 1, 20 lits): UNSAT in 0.02s
    cube 3677.82 (depth 1, 20 lits): UNSAT in 0.02s
    cube 3677.83 (depth 1, 20 lits): UNSAT in 0.09s
    cube 3677.84 (depth 1, 20 lits): UNSAT in 0.06s
    cube 3677.85 (depth 1, 20 lits): UNSAT in 0.11s
    cube 3677.86 (depth 1, 20 lits): UNSAT in 0.07s
    cube 3677.87 (depth 1, 20 lits): UNSAT in 0.24s
    cube 3677.88 (depth 1, 20 lits): UNSAT in 0.02s
    cube 3677.89 (depth 1, 20 lits): UNSAT in 0.07s
    cube 3677.90 (depth 1, 20 lits): UNSAT in 0.12s
    cube 3677.91 (depth 1, 20 lits): UNSAT in 0.53s
    cube 3677.92 (depth 1, 20 lits): UNSAT in 0.10s
    cube 3677.93 (depth 1, 20 lits): UNSAT in 0.85s
    cube 3677.94 (depth 1, 20 lits): UNSAT in 1.04s
    cube 3677.95 (depth 1, 20 lits): UNSAT in 3.27s
    cube 3677.96 (depth 1, 20 lits): UNSAT in 0.02s
    cube 3677.97 (depth 1, 20 lits): UNSAT in 0.03s
    cube 3677.98 (depth 1, 20 lits): UNSAT in 0.03s
    cube 3677.99 (depth 1, 20 lits): UNSAT in 0.06s
    cube 3677.100 (depth 1, 20 lits): UNSAT in 0.02s
    cube 3677.101 (depth 1, 20 lits): UNSAT in 0.04s
    cube 3677.102 (depth 1, 20 lits): UNSAT in 0.03s
    cube 3677.103 (depth 1, 20 lits): UNSAT in 0.24s
    cube 3677.104 (depth 1, 20 lits): UNSAT in 0.02s
    cube 3677.105 (depth 1, 20 lits): UNSAT in 0.03s
    cube 3677.106 (depth 1, 20 lits): UNSAT in 0.06s
    cube 3677.107 (depth 1, 20 lits): UNSAT in 0.28s
    cube 3677.108 (depth 1, 20 lits): UNSAT in 0.08s
    cube 3677.109 (depth 1, 20 lits): UNSAT in 0.42s
    cube 3677.110 (depth 1, 20 lits): UNSAT in 0.27s
    cube 3677.111 (depth 1, 20 lits): UNSAT in 1.58s
    cube 3677.112 (depth 1, 20 lits): UNSAT in 0.03s
    cube 3677.113 (depth 1, 20 lits): UNSAT in 0.17s
    cube 3677.114 (depth 1, 20 lits): UNSAT in 0.19s
    cube 3677.115 (depth 1, 20 lits): UNSAT in 0.48s
    cube 3677.116 (depth 1, 20 lits): UNSAT in 0.16s
    cube 3677.117 (depth 1, 20 lits): UNSAT in 0.48s
    cube 3677.118 (depth 1, 20 lits): UNSAT in 0.36s
    cube 3677.119 (depth 1, 20 lits): UNSAT in 2.83s
    cube 3677.120 (depth 1, 20 lits): UNSAT in 0.26s
    cube 3677.121 (depth 1, 20 lits): UNSAT in 0.65s
    cube 3677.122 (depth 1, 20 lits): UNSAT in 3.03s
    cube 3677.123 (depth 1, 20 lits): UNSAT in 1.69s
    cube 3677.124 (depth 1, 20 lits): UNSAT in 4.28s
    cube 3677.125 (depth 1, 20 lits): UNSAT in 6.24s
    cube 3677.126 (depth 1, 20 lits): UNSAT in 6.10s
    cube 3677.127 (depth 1, 20 lits): UNSAT in 51.03s
    cube 3677.128 (depth 1, 18 lits): UNSAT in 0.02s
    cube 3677.129 (depth 1, 20 lits): UNSAT in 0.02s
    cube 3677.130 (depth 1, 20 lits): UNSAT in 0.03s
    cube 3677.131 (depth 1, 20 lits): UNSAT in 0.01s
    cube 3677.132 (depth 1, 20 lits): UNSAT in 0.02s
    cube 3677.133 (depth 1, 20 lits): UNSAT in 0.02s
    cube 3677.134 (depth 1, 20 lits): UNSAT in 0.02s
    cube 3677.135 (depth 1, 20 lits): UNSAT in 0.02s
    cube 3677.136 (depth 1, 20 lits): UNSAT in 0.04s
    cube 3677.137 (depth 1, 20 lits): UNSAT in 0.02s
    cube 3677.138 (depth 1, 20 lits): UNSAT in 0.05s
    cube 3677.139 (depth 1, 20 lits): UNSAT in 0.09s
    cube 3677.140 (depth 1, 20 lits): UNSAT in 0.23s
    cube 3677.141 (depth 1, 20 lits): UNSAT in 0.03s
    cube 3677.142 (depth 1, 20 lits): UNSAT in 0.04s
    cube 3677.143 (depth 1, 20 lits): UNSAT in 0.11s
    cube 3677.144 (depth 1, 20 lits): UNSAT in 0.58s
    cube 3677.145 (depth 1, 20 lits): UNSAT in 0.09s
    cube 3677.146 (depth 1, 20 lits): UNSAT in 0.29s
    cube 3677.147 (depth 1, 20 lits): UNSAT in 0.37s
    cube 3677.148 (depth 1, 20 lits): UNSAT in 0.88s
    cube 3677.149 (depth 1, 20 lits): UNSAT in 0.06s
    cube 3677.150 (depth 1, 20 lits): UNSAT in 0.34s
    cube 3677.151 (depth 1, 20 lits): UNSAT in 0.07s
    cube 3677.152 (depth 1, 20 lits): UNSAT in 0.25s
    cube 3677.153 (depth 1, 20 lits): UNSAT in 0.95s
    cube 3677.154 (depth 1, 20 lits): UNSAT in 3.57s
    cube 3677.155 (depth 1, 20 lits): UNSAT in 1.06s
    cube 3677.156 (depth 1, 20 lits): UNSAT in 15.60s
    cube 3677.157 (depth 1, 20 lits): UNSAT in 0.02s
    cube 3677.158 (depth 1, 20 lits): UNSAT in 0.05s
    cube 3677.159 (depth 1, 20 lits): UNSAT in 0.05s
    cube 3677.160 (depth 1, 20 lits): UNSAT in 0.34s
    cube 3677.161 (depth 1, 20 lits): UNSAT in 0.17s
    cube 3677.162 (depth 1, 20 lits): UNSAT in 0.90s
    cube 3677.163 (depth 1, 20 lits): UNSAT in 0.59s
    cube 3677.164 (depth 1, 20 lits): UNSAT in 3.94s
    cube 3677.165 (depth 1, 20 lits): UNSAT in 0.07s
    cube 3677.166 (depth 1, 20 lits): UNSAT in 0.15s
    cube 3677.167 (depth 1, 20 lits): UNSAT in 0.18s
    cube 3677.168 (depth 1, 20 lits): UNSAT in 0.25s
    cube 3677.169 (depth 1, 20 lits): UNSAT in 0.12s
    cube 3677.170 (depth 1, 20 lits): UNSAT in 0.64s
    cube 3677.171 (depth 1, 20 lits): UNSAT in 0.53s
    cube 3677.172 (depth 1, 20 lits): UNSAT in 10.42s
    cube 3677.173 (depth 1, 20 lits): UNSAT in 0.03s
    cube 3677.174 (depth 1, 20 lits): UNSAT in 0.05s
    cube 3677.175 (depth 1, 20 lits): UNSAT in 0.02s
    cube 3677.176 (depth 1, 20 lits): UNSAT in 0.12s
    cube 3677.177 (depth 1, 20 lits): UNSAT in 0.05s
    cube 3677.178 (depth 1, 20 lits): UNSAT in 0.14s
    cube 3677.179 (depth 1, 20 lits): UNSAT in 0.10s
    cube 3677.180 (depth 1, 20 lits): UNSAT in 0.20s
    cube 3677.181 (depth 1, 20 lits): UNSAT in 0.15s
    cube 3677.182 (depth 1, 20 lits): UNSAT in 0.73s
    cube 3677.183 (depth 1, 20 lits): UNSAT in 1.07s
    cube 3677.184 (depth 1, 20 lits): UNSAT in 0.99s
    cube 3677.185 (depth 1, 20 lits): UNSAT in 0.76s
    cube 3677.186 (depth 1, 20 lits): UNSAT in 0.74s
    cube 3677.187 (depth 1, 20 lits): UNSAT in 2.99s
    cube 3677.188 (depth 1, 20 lits): UNSAT in 12.30s
    cube 3677.189 (depth 1, 20 lits): UNSAT in 0.02s
    cube 3677.190 (depth 1, 20 lits): UNSAT in 0.03s
    cube 3677.191 (depth 1, 20 lits): UNSAT in 0.03s
    cube 3677.192 (depth 1, 20 lits): UNSAT in 0.05s
    cube 3677.193 (depth 1, 20 lits): UNSAT in 0.02s
    cube 3677.194 (depth 1, 20 lits): UNSAT in 0.03s
    cube 3677.195 (depth 1, 20 lits): UNSAT in 0.06s
    cube 3677.196 (depth 1, 20 lits): UNSAT in 0.15s
    cube 3677.197 (depth 1, 20 lits): UNSAT in 0.04s
    cube 3677.198 (depth 1, 20 lits): UNSAT in 0.09s
    cube 3677.199 (depth 1, 20 lits): UNSAT in 0.08s
    cube 3677.200 (depth 1, 20 lits): UNSAT in 0.62s
    cube 3677.201 (depth 1, 20 lits): UNSAT in 0.12s
    cube 3677.202 (depth 1, 20 lits): UNSAT in 1.11s
    cube 3677.203 (depth 1, 20 lits): UNSAT in 0.87s
    cube 3677.204 (depth 1, 20 lits): UNSAT in 4.20s
    cube 3677.205 (depth 1, 20 lits): UNSAT in 0.04s
    cube 3677.206 (depth 1, 20 lits): UNSAT in 0.09s
    cube 3677.207 (depth 1, 20 lits): UNSAT in 0.09s
    cube 3677.208 (depth 1, 20 lits): UNSAT in 0.15s
    cube 3677.209 (depth 1, 20 lits): UNSAT in 0.11s
    cube 3677.210 (depth 1, 20 lits): UNSAT in 0.33s
    cube 3677.211 (depth 1, 20 lits): UNSAT in 0.53s
    cube 3677.212 (depth 1, 20 lits): UNSAT in 4.65s
    cube 3677.213 (depth 1, 20 lits): UNSAT in 0.07s
    cube 3677.214 (depth 1, 20 lits): UNSAT in 0.29s
    cube 3677.215 (depth 1, 20 lits): UNSAT in 0.34s
    cube 3677.216 (depth 1, 20 lits): UNSAT in 0.97s
    cube 3677.217 (depth 1, 20 lits): UNSAT in 1.42s
    cube 3677.218 (depth 1, 20 lits): UNSAT in 7.49s
    cube 3677.219 (depth 1, 20 lits): UNSAT in 2.33s
    cube 3677.220 (depth 1, 20 lits): UNSAT in 27.87s
    cube 3677.221 (depth 1, 20 lits): UNSAT in 0.07s
    cube 3677.222 (depth 1, 20 lits): UNSAT in 0.18s
    cube 3677.223 (depth 1, 20 lits): UNSAT in 0.20s
    cube 3677.224 (depth 1, 20 lits): UNSAT in 0.39s
    cube 3677.225 (depth 1, 20 lits): UNSAT in 0.19s
    cube 3677.226 (depth 1, 20 lits): UNSAT in 0.76s
    cube 3677.227 (depth 1, 20 lits): UNSAT in 2.04s
    cube 3677.228 (depth 1, 20 lits): UNSAT in 6.23s
    cube 3677.229 (depth 1, 20 lits): UNSAT in 0.05s
    cube 3677.230 (depth 1, 20 lits): UNSAT in 0.14s
    cube 3677.231 (depth 1, 20 lits): UNSAT in 0.23s
    cube 3677.232 (depth 1, 20 lits): UNSAT in 2.59s
    cube 3677.233 (depth 1, 20 lits): UNSAT in 0.16s
    cube 3677.234 (depth 1, 20 lits): UNSAT in 3.35s
    cube 3677.235 (depth 1, 20 lits): UNSAT in 2.44s
    cube 3677.236 (depth 1, 20 lits): UNSAT in 43.92s
    cube 3677.237 (depth 1, 20 lits): UNSAT in 0.08s
    cube 3677.238 (depth 1, 20 lits): UNSAT in 0.09s
    cube 3677.239 (depth 1, 20 lits): UNSAT in 0.14s
    cube 3677.240 (depth 1, 20 lits): UNSAT in 1.50s
    cube 3677.241 (depth 1, 20 lits): UNSAT in 0.15s
    cube 3677.242 (depth 1, 20 lits): UNSAT in 1.58s
    cube 3677.243 (depth 1, 20 lits): UNSAT in 5.71s
    cube 3677.244 (depth 1, 20 lits): UNSAT in 117.24s
    cube 3677.245 (depth 1, 20 lits): UNSAT in 1.08s
    cube 3677.246 (depth 1, 20 lits): UNSAT in 4.44s
    cube 3677.247 (depth 1, 20 lits): UNSAT in 5.31s
    cube 3677.248 (depth 1, 20 lits): UNSAT in 131.43s
    cube 3677.249 (depth 1, 20 lits): UNSAT in 10.41s
    cube 3677.250 (depth 1, 20 lits): UNSAT in 86.90s
    cube 3677.251 (depth 1, 20 lits): UNSAT in 222.96s
    cube 3677.252 (depth 1, 20 lits): TIMEOUT in 1200.10s
    cube 3677.252 TIMEOUT -> re-split into 245 sub-cubes (depth 2)
    cube 3677.252.0 (depth 2, 26 lits): UNSAT in 0.01s
    cube 3677.252.1 (depth 2, 28 lits): UNSAT in 0.01s
    cube 3677.252.2 (depth 2, 28 lits): UNSAT in 0.02s
    cube 3677.252.3 (depth 2, 28 lits): UNSAT in 0.02s
    cube 3677.252.4 (depth 2, 28 lits): UNSAT in 0.05s
    cube 3677.252.5 (depth 2, 28 lits): UNSAT in 0.02s
    cube 3677.252.6 (depth 2, 28 lits): UNSAT in 0.02s
    cube 3677.252.7 (depth 2, 28 lits): UNSAT in 0.02s
    cube 3677.252.8 (depth 2, 28 lits): UNSAT in 0.02s
    cube 3677.252.9 (depth 2, 28 lits): UNSAT in 0.02s
    cube 3677.252.10 (depth 2, 28 lits): UNSAT in 0.03s
    cube 3677.252.11 (depth 2, 28 lits): UNSAT in 0.02s
    cube 3677.252.12 (depth 2, 28 lits): UNSAT in 0.13s
    cube 3677.252.13 (depth 2, 28 lits): UNSAT in 0.02s
    cube 3677.252.14 (depth 2, 28 lits): UNSAT in 0.02s
    cube 3677.252.15 (depth 2, 28 lits): UNSAT in 0.02s
    cube 3677.252.16 (depth 2, 28 lits): UNSAT in 0.05s
    cube 3677.252.17 (depth 2, 28 lits): UNSAT in 0.03s
    cube 3677.252.18 (depth 2, 28 lits): UNSAT in 0.09s
    cube 3677.252.19 (depth 2, 28 lits): UNSAT in 0.08s
    cube 3677.252.20 (depth 2, 28 lits): UNSAT in 0.20s
    cube 3677.252.21 (depth 2, 28 lits): UNSAT in 0.02s
    cube 3677.252.22 (depth 2, 28 lits): UNSAT in 0.04s
    cube 3677.252.23 (depth 2, 28 lits): UNSAT in 0.05s
    cube 3677.252.24 (depth 2, 28 lits): UNSAT in 0.06s
    cube 3677.252.25 (depth 2, 28 lits): UNSAT in 0.11s
    cube 3677.252.26 (depth 2, 28 lits): UNSAT in 0.25s
    cube 3677.252.27 (depth 2, 28 lits): UNSAT in 0.07s
    cube 3677.252.28 (depth 2, 28 lits): UNSAT in 0.93s
    cube 3677.252.29 (depth 2, 28 lits): UNSAT in 0.02s
    cube 3677.252.30 (depth 2, 28 lits): UNSAT in 0.03s
    cube 3677.252.31 (depth 2, 28 lits): UNSAT in 0.02s
    cube 3677.252.32 (depth 2, 28 lits): UNSAT in 0.04s
    cube 3677.252.33 (depth 2, 28 lits): UNSAT in 0.02s
    cube 3677.252.34 (depth 2, 28 lits): UNSAT in 0.02s
    cube 3677.252.35 (depth 2, 28 lits): UNSAT in 0.02s
    cube 3677.252.36 (depth 2, 28 lits): UNSAT in 0.14s
    cube 3677.252.37 (depth 2, 28 lits): UNSAT in 0.03s
    cube 3677.252.38 (depth 2, 28 lits): UNSAT in 0.06s
    cube 3677.252.39 (depth 2, 28 lits): UNSAT in 0.03s
    cube 3677.252.40 (depth 2, 28 lits): UNSAT in 0.10s
    cube 3677.252.41 (depth 2, 28 lits): UNSAT in 0.06s
    cube 3677.252.42 (depth 2, 28 lits): UNSAT in 0.14s
    cube 3677.252.43 (depth 2, 28 lits): UNSAT in 0.20s
    cube 3677.252.44 (depth 2, 28 lits): UNSAT in 0.44s
    cube 3677.252.45 (depth 2, 28 lits): UNSAT in 0.02s
    cube 3677.252.46 (depth 2, 28 lits): UNSAT in 0.03s
    cube 3677.252.47 (depth 2, 28 lits): UNSAT in 0.02s
    cube 3677.252.48 (depth 2, 28 lits): UNSAT in 0.03s
    cube 3677.252.49 (depth 2, 28 lits): UNSAT in 0.06s
    cube 3677.252.50 (depth 2, 28 lits): UNSAT in 0.09s
    cube 3677.252.51 (depth 2, 28 lits): UNSAT in 0.03s
    cube 3677.252.52 (depth 2, 28 lits): UNSAT in 0.21s
    cube 3677.252.53 (depth 2, 28 lits): UNSAT in 0.06s
    cube 3677.252.54 (depth 2, 28 lits): UNSAT in 0.05s
    cube 3677.252.55 (depth 2, 28 lits): UNSAT in 0.07s
    cube 3677.252.56 (depth 2, 28 lits): UNSAT in 0.34s
    cube 3677.252.57 (depth 2, 28 lits): UNSAT in 0.69s
    cube 3677.252.58 (depth 2, 28 lits): UNSAT in 1.70s
    cube 3677.252.59 (depth 2, 28 lits): UNSAT in 0.69s
    cube 3677.252.60 (depth 2, 28 lits): UNSAT in 2.24s
    cube 3677.252.61 (depth 2, 26 lits): UNSAT in 0.02s
    cube 3677.252.62 (depth 2, 27 lits): UNSAT in 0.02s
    cube 3677.252.63 (depth 2, 28 lits): UNSAT in 0.02s
    cube 3677.252.64 (depth 2, 28 lits): UNSAT in 0.08s
    cube 3677.252.65 (depth 2, 28 lits): UNSAT in 0.02s
    cube 3677.252.66 (depth 2, 28 lits): UNSAT in 0.02s
    cube 3677.252.67 (depth 2, 28 lits): UNSAT in 0.02s
    cube 3677.252.68 (depth 2, 28 lits): UNSAT in 0.04s
    cube 3677.252.69 (depth 2, 28 lits): UNSAT in 0.03s
    cube 3677.252.70 (depth 2, 28 lits): UNSAT in 0.03s
    cube 3677.252.71 (depth 2, 28 lits): UNSAT in 0.06s
    cube 3677.252.72 (depth 2, 28 lits): UNSAT in 0.07s
    cube 3677.252.73 (depth 2, 28 lits): UNSAT in 0.01s
    cube 3677.252.74 (depth 2, 28 lits): UNSAT in 0.03s
    cube 3677.252.75 (depth 2, 28 lits): UNSAT in 0.02s
    cube 3677.252.76 (depth 2, 28 lits): UNSAT in 0.14s
    cube 3677.252.77 (depth 2, 28 lits): UNSAT in 0.02s
    cube 3677.252.78 (depth 2, 28 lits): UNSAT in 0.04s
    cube 3677.252.79 (depth 2, 28 lits): UNSAT in 0.03s
    cube 3677.252.80 (depth 2, 28 lits): UNSAT in 0.17s
    cube 3677.252.81 (depth 2, 28 lits): UNSAT in 0.02s
    cube 3677.252.82 (depth 2, 28 lits): UNSAT in 0.06s
    cube 3677.252.83 (depth 2, 28 lits): UNSAT in 0.14s
    cube 3677.252.84 (depth 2, 28 lits): UNSAT in 0.36s
    cube 3677.252.85 (depth 2, 28 lits): UNSAT in 0.08s
    cube 3677.252.86 (depth 2, 28 lits): UNSAT in 0.28s
    cube 3677.252.87 (depth 2, 28 lits): UNSAT in 0.32s
    cube 3677.252.88 (depth 2, 28 lits): UNSAT in 0.74s
    cube 3677.252.89 (depth 2, 28 lits): UNSAT in 0.02s
    cube 3677.252.90 (depth 2, 28 lits): UNSAT in 0.09s
    cube 3677.252.91 (depth 2, 28 lits): UNSAT in 0.05s
    cube 3677.252.92 (depth 2, 28 lits): UNSAT in 0.27s
    cube 3677.252.93 (depth 2, 28 lits): UNSAT in 0.05s
    cube 3677.252.94 (depth 2, 28 lits): UNSAT in 0.10s
    cube 3677.252.95 (depth 2, 28 lits): UNSAT in 0.02s
    cube 3677.252.96 (depth 2, 28 lits): UNSAT in 0.53s
    cube 3677.252.97 (depth 2, 28 lits): UNSAT in 0.05s
    cube 3677.252.98 (depth 2, 28 lits): UNSAT in 0.10s
    cube 3677.252.99 (depth 2, 28 lits): UNSAT in 0.03s
    cube 3677.252.100 (depth 2, 28 lits): UNSAT in 0.16s
    cube 3677.252.101 (depth 2, 28 lits): UNSAT in 0.06s
    cube 3677.252.102 (depth 2, 28 lits): UNSAT in 0.04s
    cube 3677.252.103 (depth 2, 28 lits): UNSAT in 0.56s
    cube 3677.252.104 (depth 2, 28 lits): UNSAT in 1.06s
    cube 3677.252.105 (depth 2, 28 lits): UNSAT in 0.02s
    cube 3677.252.106 (depth 2, 28 lits): UNSAT in 0.09s
    cube 3677.252.107 (depth 2, 28 lits): UNSAT in 0.07s
    cube 3677.252.108 (depth 2, 28 lits): UNSAT in 0.87s
    cube 3677.252.109 (depth 2, 28 lits): UNSAT in 0.07s
    cube 3677.252.110 (depth 2, 28 lits): UNSAT in 0.16s
    cube 3677.252.111 (depth 2, 28 lits): UNSAT in 0.31s
    cube 3677.252.112 (depth 2, 28 lits): UNSAT in 2.10s
    cube 3677.252.113 (depth 2, 28 lits): UNSAT in 0.15s
    cube 3677.252.114 (depth 2, 28 lits): UNSAT in 2.79s
    cube 3677.252.115 (depth 2, 28 lits): UNSAT in 0.41s
    cube 3677.252.116 (depth 2, 28 lits): UNSAT in 4.00s
    cube 3677.252.117 (depth 2, 28 lits): UNSAT in 0.67s
    cube 3677.252.118 (depth 2, 28 lits): UNSAT in 12.63s
    cube 3677.252.119 (depth 2, 28 lits): UNSAT in 8.70s
    cube 3677.252.120 (depth 2, 28 lits): UNSAT in 85.89s
    cube 3677.252.121 (depth 2, 26 lits): UNSAT in 0.01s
    cube 3677.252.122 (depth 2, 28 lits): UNSAT in 0.01s
    cube 3677.252.123 (depth 2, 28 lits): UNSAT in 0.02s
    cube 3677.252.124 (depth 2, 28 lits): UNSAT in 0.03s
    cube 3677.252.125 (depth 2, 28 lits): UNSAT in 0.04s
    cube 3677.252.126 (depth 2, 27 lits): UNSAT in 0.01s
    cube 3677.252.127 (depth 2, 28 lits): UNSAT in 0.01s
    cube 3677.252.128 (depth 2, 28 lits): UNSAT in 0.03s
    cube 3677.252.129 (depth 2, 28 lits): UNSAT in 0.02s
    cube 3677.252.130 (depth 2, 28 lits): UNSAT in 0.04s
    cube 3677.252.131 (depth 2, 28 lits): UNSAT in 0.04s
    cube 3677.252.132 (depth 2, 28 lits): UNSAT in 0.16s
    cube 3677.252.133 (depth 2, 28 lits): UNSAT in 0.02s
    cube 3677.252.134 (depth 2, 28 lits): UNSAT in 0.02s
    cube 3677.252.135 (depth 2, 28 lits): UNSAT in 0.04s
    cube 3677.252.136 (depth 2, 28 lits): UNSAT in 0.04s
    cube 3677.252.137 (depth 2, 28 lits): UNSAT in 0.02s
    cube 3677.252.138 (depth 2, 28 lits): UNSAT in 0.04s
    cube 3677.252.139 (depth 2, 28 lits): UNSAT in 0.16s
    cube 3677.252.140 (depth 2, 28 lits): UNSAT in 0.24s
    cube 3677.252.141 (depth 2, 28 lits): UNSAT in 0.02s
    cube 3677.252.142 (depth 2, 28 lits): UNSAT in 0.04s
    cube 3677.252.143 (depth 2, 28 lits): UNSAT in 0.05s
    cube 3677.252.144 (depth 2, 28 lits): UNSAT in 0.50s
    cube 3677.252.145 (depth 2, 28 lits): UNSAT in 0.06s
    cube 3677.252.146 (depth 2, 28 lits): UNSAT in 0.19s
    cube 3677.252.147 (depth 2, 28 lits): UNSAT in 0.39s
    cube 3677.252.148 (depth 2, 28 lits): UNSAT in 1.28s
    cube 3677.252.149 (depth 2, 28 lits): UNSAT in 0.03s
    cube 3677.252.150 (depth 2, 28 lits): UNSAT in 0.04s
    cube 3677.252.151 (depth 2, 28 lits): UNSAT in 0.06s
    cube 3677.252.152 (depth 2, 28 lits): UNSAT in 0.05s
    cube 3677.252.153 (depth 2, 28 lits): UNSAT in 0.02s
    cube 3677.252.154 (depth 2, 28 lits): UNSAT in 0.08s
    cube 3677.252.155 (depth 2, 28 lits): UNSAT in 0.19s
    cube 3677.252.156 (depth 2, 28 lits): UNSAT in 0.80s
    cube 3677.252.157 (depth 2, 28 lits): UNSAT in 0.02s
    cube 3677.252.158 (depth 2, 28 lits): UNSAT in 0.05s
    cube 3677.252.159 (depth 2, 28 lits): UNSAT in 0.11s
    cube 3677.252.160 (depth 2, 28 lits): UNSAT in 0.13s
    cube 3677.252.161 (depth 2, 28 lits): UNSAT in 0.04s
    cube 3677.252.162 (depth 2, 28 lits): UNSAT in 0.11s
    cube 3677.252.163 (depth 2, 28 lits): UNSAT in 0.14s
    cube 3677.252.164 (depth 2, 28 lits): UNSAT in 1.90s
    cube 3677.252.165 (depth 2, 28 lits): UNSAT in 0.11s
    cube 3677.252.166 (depth 2, 28 lits): UNSAT in 0.31s
    cube 3677.252.167 (depth 2, 28 lits): UNSAT in 0.43s
    cube 3677.252.168 (depth 2, 28 lits): UNSAT in 1.48s
    cube 3677.252.169 (depth 2, 28 lits): UNSAT in 0.24s
    cube 3677.252.170 (depth 2, 28 lits): UNSAT in 0.77s
    cube 3677.252.171 (depth 2, 28 lits): UNSAT in 2.40s
    cube 3677.252.172 (depth 2, 28 lits): UNSAT in 7.60s
    cube 3677.252.173 (depth 2, 28 lits): UNSAT in 0.52s
    cube 3677.252.174 (depth 2, 28 lits): UNSAT in 0.37s
    cube 3677.252.175 (depth 2, 28 lits): UNSAT in 0.96s
    cube 3677.252.176 (depth 2, 28 lits): UNSAT in 3.73s
    cube 3677.252.177 (depth 2, 28 lits): UNSAT in 1.08s
    cube 3677.252.178 (depth 2, 28 lits): UNSAT in 19.97s
    cube 3677.252.179 (depth 2, 28 lits): UNSAT in 21.19s
    cube 3677.252.180 (depth 2, 28 lits): UNSAT in 278.85s
    cube 3677.252.181 (depth 2, 28 lits): UNSAT in 0.05s
    cube 3677.252.182 (depth 2, 28 lits): UNSAT in 0.13s
    cube 3677.252.183 (depth 2, 28 lits): UNSAT in 0.04s
    cube 3677.252.184 (depth 2, 28 lits): UNSAT in 0.29s
    cube 3677.252.185 (depth 2, 28 lits): UNSAT in 0.05s
    cube 3677.252.186 (depth 2, 28 lits): UNSAT in 0.68s
    cube 3677.252.187 (depth 2, 28 lits): UNSAT in 0.19s
    cube 3677.252.188 (depth 2, 28 lits): UNSAT in 1.75s
    cube 3677.252.189 (depth 2, 28 lits): UNSAT in 0.02s
    cube 3677.252.190 (depth 2, 28 lits): UNSAT in 0.07s
    cube 3677.252.191 (depth 2, 28 lits): UNSAT in 0.12s
    cube 3677.252.192 (depth 2, 28 lits): UNSAT in 0.42s
    cube 3677.252.193 (depth 2, 28 lits): UNSAT in 0.23s
    cube 3677.252.194 (depth 2, 28 lits): UNSAT in 0.37s
    cube 3677.252.195 (depth 2, 28 lits): UNSAT in 2.05s
    cube 3677.252.196 (depth 2, 28 lits): UNSAT in 9.51s
    cube 3677.252.197 (depth 2, 28 lits): UNSAT in 0.02s
    cube 3677.252.198 (depth 2, 28 lits): UNSAT in 0.06s
    cube 3677.252.199 (depth 2, 28 lits): UNSAT in 0.10s
    cube 3677.252.200 (depth 2, 28 lits): UNSAT in 0.22s
    cube 3677.252.201 (depth 2, 28 lits): UNSAT in 0.17s
    cube 3677.252.202 (depth 2, 28 lits): UNSAT in 0.77s
    cube 3677.252.203 (depth 2, 28 lits): UNSAT in 0.92s
    cube 3677.252.204 (depth 2, 28 lits): UNSAT in 3.34s
    cube 3677.252.205 (depth 2, 28 lits): UNSAT in 0.18s
    cube 3677.252.206 (depth 2, 28 lits): UNSAT in 1.83s
    cube 3677.252.207 (depth 2, 28 lits): UNSAT in 1.37s
    cube 3677.252.208 (depth 2, 28 lits): UNSAT in 2.53s
    cube 3677.252.209 (depth 2, 28 lits): UNSAT in 1.88s
    cube 3677.252.210 (depth 2, 28 lits): UNSAT in 2.18s
    cube 3677.252.211 (depth 2, 28 lits): UNSAT in 16.21s
    cube 3677.252.212 (depth 2, 28 lits): UNSAT in 356.92s
    cube 3677.252.213 (depth 2, 28 lits): UNSAT in 0.04s
    cube 3677.252.214 (depth 2, 28 lits): UNSAT in 0.12s
    cube 3677.252.215 (depth 2, 28 lits): UNSAT in 0.14s
    cube 3677.252.216 (depth 2, 28 lits): UNSAT in 0.25s
    cube 3677.252.217 (depth 2, 28 lits): UNSAT in 0.10s
    cube 3677.252.218 (depth 2, 28 lits): UNSAT in 0.20s
    cube 3677.252.219 (depth 2, 28 lits): UNSAT in 0.76s
    cube 3677.252.220 (depth 2, 28 lits): UNSAT in 2.29s
    cube 3677.252.221 (depth 2, 28 lits): UNSAT in 0.05s
    cube 3677.252.222 (depth 2, 28 lits): UNSAT in 0.18s
    cube 3677.252.223 (depth 2, 28 lits): UNSAT in 0.25s
    cube 3677.252.224 (depth 2, 28 lits): UNSAT in 2.43s
    cube 3677.252.225 (depth 2, 28 lits): UNSAT in 0.47s
    cube 3677.252.226 (depth 2, 28 lits): UNSAT in 2.66s
    cube 3677.252.227 (depth 2, 28 lits): UNSAT in 13.47s
    cube 3677.252.228 (depth 2, 28 lits): UNSAT in 30.55s
    cube 3677.252.229 (depth 2, 28 lits): UNSAT in 0.03s
    cube 3677.252.230 (depth 2, 28 lits): UNSAT in 0.08s
    cube 3677.252.231 (depth 2, 28 lits): UNSAT in 0.12s
    cube 3677.252.232 (depth 2, 28 lits): UNSAT in 0.42s
    cube 3677.252.233 (depth 2, 28 lits): UNSAT in 0.23s
    cube 3677.252.234 (depth 2, 28 lits): UNSAT in 1.38s
    cube 3677.252.235 (depth 2, 28 lits): UNSAT in 0.31s
    cube 3677.252.236 (depth 2, 28 lits): UNSAT in 2.20s
    cube 3677.252.237 (depth 2, 28 lits): UNSAT in 0.24s
    cube 3677.252.238 (depth 2, 28 lits): UNSAT in 0.87s
    cube 3677.252.239 (depth 2, 28 lits): UNSAT in 1.99s
    cube 3677.252.240 (depth 2, 28 lits): UNSAT in 6.10s
    cube 3677.252.241 (depth 2, 28 lits): UNSAT in 1.28s
    cube 3677.252.242 (depth 2, 28 lits): UNSAT in 22.46s
    cube 3677.252.243 (depth 2, 28 lits): UNSAT in 12.17s
    cube 3677.252.244 (depth 2, 28 lits): TIMEOUT in 1200.00s
    cube 3677.252.244 TIMEOUT -> re-split into 233 sub-cubes (depth 3)
    cube 3677.252.244.0 (depth 3, 34 lits): UNSAT in 0.01s
    cube 3677.252.244.1 (depth 3, 35 lits): UNSAT in 0.01s
    cube 3677.252.244.2 (depth 3, 35 lits): UNSAT in 0.02s
    cube 3677.252.244.3 (depth 3, 35 lits): UNSAT in 0.01s
    cube 3677.252.244.4 (depth 3, 35 lits): UNSAT in 0.01s
    cube 3677.252.244.5 (depth 3, 36 lits): UNSAT in 0.01s
    cube 3677.252.244.6 (depth 3, 36 lits): UNSAT in 0.01s
    cube 3677.252.244.7 (depth 3, 36 lits): UNSAT in 0.02s
    cube 3677.252.244.8 (depth 3, 36 lits): UNSAT in 0.02s
    cube 3677.252.244.9 (depth 3, 34 lits): UNSAT in 0.02s
    cube 3677.252.244.10 (depth 3, 35 lits): UNSAT in 0.01s
    cube 3677.252.244.11 (depth 3, 36 lits): UNSAT in 0.01s
    cube 3677.252.244.12 (depth 3, 36 lits): UNSAT in 0.02s
    cube 3677.252.244.13 (depth 3, 36 lits): UNSAT in 0.01s
    cube 3677.252.244.14 (depth 3, 36 lits): UNSAT in 0.02s
    cube 3677.252.244.15 (depth 3, 36 lits): UNSAT in 0.02s
    cube 3677.252.244.16 (depth 3, 36 lits): UNSAT in 0.04s
    cube 3677.252.244.17 (depth 3, 36 lits): UNSAT in 0.01s
    cube 3677.252.244.18 (depth 3, 36 lits): UNSAT in 0.02s
    cube 3677.252.244.19 (depth 3, 36 lits): UNSAT in 0.02s
    cube 3677.252.244.20 (depth 3, 36 lits): UNSAT in 0.08s
    cube 3677.252.244.21 (depth 3, 36 lits): UNSAT in 0.01s
    cube 3677.252.244.22 (depth 3, 36 lits): UNSAT in 0.01s
    cube 3677.252.244.23 (depth 3, 36 lits): UNSAT in 0.01s
    cube 3677.252.244.24 (depth 3, 36 lits): UNSAT in 0.01s
    cube 3677.252.244.25 (depth 3, 35 lits): UNSAT in 0.01s
    cube 3677.252.244.26 (depth 3, 35 lits): UNSAT in 0.02s
    cube 3677.252.244.27 (depth 3, 36 lits): UNSAT in 0.01s
    cube 3677.252.244.28 (depth 3, 36 lits): UNSAT in 0.02s
    cube 3677.252.244.29 (depth 3, 36 lits): UNSAT in 0.02s
    cube 3677.252.244.30 (depth 3, 36 lits): UNSAT in 0.04s
    cube 3677.252.244.31 (depth 3, 36 lits): UNSAT in 0.01s
    cube 3677.252.244.32 (depth 3, 36 lits): UNSAT in 0.04s
    cube 3677.252.244.33 (depth 3, 36 lits): UNSAT in 0.06s
    cube 3677.252.244.34 (depth 3, 36 lits): UNSAT in 0.29s
    cube 3677.252.244.35 (depth 3, 35 lits): UNSAT in 0.01s
    cube 3677.252.244.36 (depth 3, 35 lits): UNSAT in 0.02s
    cube 3677.252.244.37 (depth 3, 36 lits): UNSAT in 0.01s
    cube 3677.252.244.38 (depth 3, 36 lits): UNSAT in 0.02s
    cube 3677.252.244.39 (depth 3, 36 lits): UNSAT in 0.02s
    cube 3677.252.244.40 (depth 3, 36 lits): UNSAT in 0.04s
    cube 3677.252.244.41 (depth 3, 36 lits): UNSAT in 0.01s
    cube 3677.252.244.42 (depth 3, 36 lits): UNSAT in 0.02s
    cube 3677.252.244.43 (depth 3, 36 lits): UNSAT in 0.02s
    cube 3677.252.244.44 (depth 3, 36 lits): UNSAT in 0.04s
    cube 3677.252.244.45 (depth 3, 36 lits): UNSAT in 0.03s
    cube 3677.252.244.46 (depth 3, 36 lits): UNSAT in 0.09s
    cube 3677.252.244.47 (depth 3, 36 lits): UNSAT in 0.12s
    cube 3677.252.244.48 (depth 3, 36 lits): UNSAT in 0.30s
    cube 3677.252.244.49 (depth 3, 35 lits): UNSAT in 0.01s
    cube 3677.252.244.50 (depth 3, 35 lits): UNSAT in 0.01s
    cube 3677.252.244.51 (depth 3, 36 lits): UNSAT in 0.01s
    cube 3677.252.244.52 (depth 3, 36 lits): UNSAT in 0.02s
    cube 3677.252.244.53 (depth 3, 36 lits): UNSAT in 0.02s
    cube 3677.252.244.54 (depth 3, 36 lits): UNSAT in 0.05s
    cube 3677.252.244.55 (depth 3, 36 lits): UNSAT in 0.01s
    cube 3677.252.244.56 (depth 3, 36 lits): UNSAT in 0.02s
    cube 3677.252.244.57 (depth 3, 36 lits): UNSAT in 0.02s
    cube 3677.252.244.58 (depth 3, 36 lits): UNSAT in 0.03s
    cube 3677.252.244.59 (depth 3, 36 lits): UNSAT in 0.01s
    cube 3677.252.244.60 (depth 3, 36 lits): UNSAT in 0.03s
    cube 3677.252.244.61 (depth 3, 36 lits): UNSAT in 0.03s
    cube 3677.252.244.62 (depth 3, 36 lits): UNSAT in 0.10s
    cube 3677.252.244.63 (depth 3, 34 lits): UNSAT in 0.01s
    cube 3677.252.244.64 (depth 3, 36 lits): UNSAT in 0.01s
    cube 3677.252.244.65 (depth 3, 36 lits): UNSAT in 0.01s
    cube 3677.252.244.66 (depth 3, 36 lits): UNSAT in 0.02s
    cube 3677.252.244.67 (depth 3, 36 lits): UNSAT in 0.02s
    cube 3677.252.244.68 (depth 3, 36 lits): UNSAT in 0.01s
    cube 3677.252.244.69 (depth 3, 36 lits): UNSAT in 0.02s
    cube 3677.252.244.70 (depth 3, 36 lits): UNSAT in 0.02s
    cube 3677.252.244.71 (depth 3, 36 lits): UNSAT in 0.02s
    cube 3677.252.244.72 (depth 3, 36 lits): UNSAT in 0.05s
    cube 3677.252.244.73 (depth 3, 36 lits): UNSAT in 0.02s
    cube 3677.252.244.74 (depth 3, 36 lits): UNSAT in 0.02s
    cube 3677.252.244.75 (depth 3, 36 lits): UNSAT in 0.07s
    cube 3677.252.244.76 (depth 3, 35 lits): UNSAT in 0.01s
    cube 3677.252.244.77 (depth 3, 36 lits): UNSAT in 0.01s
    cube 3677.252.244.78 (depth 3, 36 lits): UNSAT in 0.02s
    cube 3677.252.244.79 (depth 3, 35 lits): UNSAT in 0.01s
    cube 3677.252.244.80 (depth 3, 36 lits): UNSAT in 0.02s
    cube 3677.252.244.81 (depth 3, 36 lits): UNSAT in 0.03s
    cube 3677.252.244.82 (depth 3, 36 lits): UNSAT in 0.01s
    cube 3677.252.244.83 (depth 3, 36 lits): UNSAT in 0.02s
    cube 3677.252.244.84 (depth 3, 36 lits): UNSAT in 0.02s
    cube 3677.252.244.85 (depth 3, 36 lits): UNSAT in 0.10s
    cube 3677.252.244.86 (depth 3, 36 lits): UNSAT in 0.02s
    cube 3677.252.244.87 (depth 3, 36 lits): UNSAT in 0.05s
    cube 3677.252.244.88 (depth 3, 36 lits): UNSAT in 0.04s
    cube 3677.252.244.89 (depth 3, 36 lits): UNSAT in 0.15s
    cube 3677.252.244.90 (depth 3, 36 lits): UNSAT in 0.02s
    cube 3677.252.244.91 (depth 3, 36 lits): UNSAT in 0.05s
    cube 3677.252.244.92 (depth 3, 36 lits): UNSAT in 0.03s
    cube 3677.252.244.93 (depth 3, 36 lits): UNSAT in 0.19s
    cube 3677.252.244.94 (depth 3, 36 lits): UNSAT in 0.04s
    cube 3677.252.244.95 (depth 3, 36 lits): UNSAT in 0.12s
    cube 3677.252.244.96 (depth 3, 36 lits): UNSAT in 0.06s
    cube 3677.252.244.97 (depth 3, 36 lits): UNSAT in 0.10s
    cube 3677.252.244.98 (depth 3, 36 lits): UNSAT in 0.03s
    cube 3677.252.244.99 (depth 3, 36 lits): UNSAT in 0.15s
    cube 3677.252.244.100 (depth 3, 36 lits): UNSAT in 0.08s
    cube 3677.252.244.101 (depth 3, 36 lits): UNSAT in 0.64s
    cube 3677.252.244.102 (depth 3, 36 lits): UNSAT in 0.14s
    cube 3677.252.244.103 (depth 3, 36 lits): UNSAT in 1.38s
    cube 3677.252.244.104 (depth 3, 36 lits): UNSAT in 1.53s
    cube 3677.252.244.105 (depth 3, 36 lits): UNSAT in 4.36s
    cube 3677.252.244.106 (depth 3, 35 lits): UNSAT in 0.01s
    cube 3677.252.244.107 (depth 3, 36 lits): UNSAT in 0.01s
    cube 3677.252.244.108 (depth 3, 36 lits): UNSAT in 0.03s
    cube 3677.252.244.109 (depth 3, 36 lits): UNSAT in 0.02s
    cube 3677.252.244.110 (depth 3, 36 lits): UNSAT in 0.05s
    cube 3677.252.244.111 (depth 3, 36 lits): UNSAT in 0.03s
    cube 3677.252.244.112 (depth 3, 36 lits): UNSAT in 0.15s
    cube 3677.252.244.113 (depth 3, 36 lits): UNSAT in 0.03s
    cube 3677.252.244.114 (depth 3, 36 lits): UNSAT in 0.05s
    cube 3677.252.244.115 (depth 3, 36 lits): UNSAT in 0.04s
    cube 3677.252.244.116 (depth 3, 36 lits): UNSAT in 0.09s
    cube 3677.252.244.117 (depth 3, 36 lits): UNSAT in 0.05s
    cube 3677.252.244.118 (depth 3, 36 lits): UNSAT in 0.11s
    cube 3677.252.244.119 (depth 3, 36 lits): UNSAT in 0.20s
    cube 3677.252.244.120 (depth 3, 36 lits): UNSAT in 0.47s
    cube 3677.252.244.121 (depth 3, 36 lits): UNSAT in 0.06s
    cube 3677.252.244.122 (depth 3, 36 lits): UNSAT in 0.09s
    cube 3677.252.244.123 (depth 3, 36 lits): UNSAT in 0.09s
    cube 3677.252.244.124 (depth 3, 36 lits): UNSAT in 0.14s
    cube 3677.252.244.125 (depth 3, 36 lits): UNSAT in 0.07s
    cube 3677.252.244.126 (depth 3, 36 lits): UNSAT in 0.11s
    cube 3677.252.244.127 (depth 3, 36 lits): UNSAT in 0.17s
    cube 3677.252.244.128 (depth 3, 36 lits): UNSAT in 0.44s
    cube 3677.252.244.129 (depth 3, 36 lits): UNSAT in 0.03s
    cube 3677.252.244.130 (depth 3, 36 lits): UNSAT in 0.10s
    cube 3677.252.244.131 (depth 3, 36 lits): UNSAT in 0.25s
    cube 3677.252.244.132 (depth 3, 36 lits): UNSAT in 1.07s
    cube 3677.252.244.133 (depth 3, 36 lits): UNSAT in 0.21s
    cube 3677.252.244.134 (depth 3, 36 lits): UNSAT in 0.39s
    cube 3677.252.244.135 (depth 3, 36 lits): UNSAT in 0.32s
    cube 3677.252.244.136 (depth 3, 36 lits): UNSAT in 2.89s
    cube 3677.252.244.137 (depth 3, 36 lits): UNSAT in 0.01s
    cube 3677.252.244.138 (depth 3, 36 lits): UNSAT in 0.02s
    cube 3677.252.244.139 (depth 3, 36 lits): UNSAT in 0.03s
    cube 3677.252.244.140 (depth 3, 36 lits): UNSAT in 0.04s
    cube 3677.252.244.141 (depth 3, 36 lits): UNSAT in 0.03s
    cube 3677.252.244.142 (depth 3, 36 lits): UNSAT in 0.02s
    cube 3677.252.244.143 (depth 3, 36 lits): UNSAT in 0.04s
    cube 3677.252.244.144 (depth 3, 36 lits): UNSAT in 0.10s
    cube 3677.252.244.145 (depth 3, 36 lits): UNSAT in 0.04s
    cube 3677.252.244.146 (depth 3, 36 lits): UNSAT in 0.10s
    cube 3677.252.244.147 (depth 3, 36 lits): UNSAT in 0.06s
    cube 3677.252.244.148 (depth 3, 36 lits): UNSAT in 0.30s
    cube 3677.252.244.149 (depth 3, 36 lits): UNSAT in 0.11s
    cube 3677.252.244.150 (depth 3, 36 lits): UNSAT in 0.26s
    cube 3677.252.244.151 (depth 3, 36 lits): UNSAT in 0.28s
    cube 3677.252.244.152 (depth 3, 36 lits): UNSAT in 0.39s
    cube 3677.252.244.153 (depth 3, 36 lits): UNSAT in 0.03s
    cube 3677.252.244.154 (depth 3, 36 lits): UNSAT in 0.15s
    cube 3677.252.244.155 (depth 3, 36 lits): UNSAT in 0.08s
    cube 3677.252.244.156 (depth 3, 36 lits): UNSAT in 0.27s
    cube 3677.252.244.157 (depth 3, 36 lits): UNSAT in 0.10s
    cube 3677.252.244.158 (depth 3, 36 lits): UNSAT in 0.19s
    cube 3677.252.244.159 (depth 3, 36 lits): UNSAT in 0.09s
    cube 3677.252.244.160 (depth 3, 36 lits): UNSAT in 0.46s
    cube 3677.252.244.161 (depth 3, 36 lits): UNSAT in 0.11s
    cube 3677.252.244.162 (depth 3, 36 lits): UNSAT in 0.42s
    cube 3677.252.244.163 (depth 3, 36 lits): UNSAT in 0.12s
    cube 3677.252.244.164 (depth 3, 36 lits): UNSAT in 0.86s
    cube 3677.252.244.165 (depth 3, 36 lits): UNSAT in 0.26s
    cube 3677.252.244.166 (depth 3, 36 lits): UNSAT in 6.03s
    cube 3677.252.244.167 (depth 3, 36 lits): UNSAT in 4.13s
    cube 3677.252.244.168 (depth 3, 36 lits): UNSAT in 36.47s
    cube 3677.252.244.169 (depth 3, 36 lits): UNSAT in 0.01s
    cube 3677.252.244.170 (depth 3, 36 lits): UNSAT in 0.02s
    cube 3677.252.244.171 (depth 3, 36 lits): UNSAT in 0.01s
    cube 3677.252.244.172 (depth 3, 36 lits): UNSAT in 0.03s
    cube 3677.252.244.173 (depth 3, 36 lits): UNSAT in 0.02s
    cube 3677.252.244.174 (depth 3, 36 lits): UNSAT in 0.02s
    cube 3677.252.244.175 (depth 3, 36 lits): UNSAT in 0.03s
    cube 3677.252.244.176 (depth 3, 36 lits): UNSAT in 0.07s
    cube 3677.252.244.177 (depth 3, 36 lits): UNSAT in 0.02s
    cube 3677.252.244.178 (depth 3, 36 lits): UNSAT in 0.04s
    cube 3677.252.244.179 (depth 3, 36 lits): UNSAT in 0.05s
    cube 3677.252.244.180 (depth 3, 36 lits): UNSAT in 0.21s
    cube 3677.252.244.181 (depth 3, 36 lits): UNSAT in 0.02s
    cube 3677.252.244.182 (depth 3, 36 lits): UNSAT in 0.04s
    cube 3677.252.244.183 (depth 3, 36 lits): UNSAT in 0.10s
    cube 3677.252.244.184 (depth 3, 36 lits): UNSAT in 1.76s
    cube 3677.252.244.185 (depth 3, 36 lits): UNSAT in 0.02s
    cube 3677.252.244.186 (depth 3, 36 lits): UNSAT in 0.02s
    cube 3677.252.244.187 (depth 3, 36 lits): UNSAT in 0.03s
    cube 3677.252.244.188 (depth 3, 36 lits): UNSAT in 0.13s
    cube 3677.252.244.189 (depth 3, 36 lits): UNSAT in 0.03s
    cube 3677.252.244.190 (depth 3, 36 lits): UNSAT in 0.06s
    cube 3677.252.244.191 (depth 3, 36 lits): UNSAT in 0.11s
    cube 3677.252.244.192 (depth 3, 36 lits): UNSAT in 0.44s
    cube 3677.252.244.193 (depth 3, 36 lits): UNSAT in 0.08s
    cube 3677.252.244.194 (depth 3, 36 lits): UNSAT in 0.41s
    cube 3677.252.244.195 (depth 3, 36 lits): UNSAT in 0.08s
    cube 3677.252.244.196 (depth 3, 36 lits): UNSAT in 0.57s
    cube 3677.252.244.197 (depth 3, 36 lits): UNSAT in 0.58s
    cube 3677.252.244.198 (depth 3, 36 lits): UNSAT in 3.81s
    cube 3677.252.244.199 (depth 3, 36 lits): UNSAT in 1.34s
    cube 3677.252.244.200 (depth 3, 36 lits): UNSAT in 4.41s
    cube 3677.252.244.201 (depth 3, 36 lits): UNSAT in 0.02s
    cube 3677.252.244.202 (depth 3, 36 lits): UNSAT in 0.08s
    cube 3677.252.244.203 (depth 3, 36 lits): UNSAT in 0.09s
    cube 3677.252.244.204 (depth 3, 36 lits): UNSAT in 0.72s
    cube 3677.252.244.205 (depth 3, 36 lits): UNSAT in 0.04s
    cube 3677.252.244.206 (depth 3, 36 lits): UNSAT in 0.06s
    cube 3677.252.244.207 (depth 3, 36 lits): UNSAT in 0.13s
    cube 3677.252.244.208 (depth 3, 36 lits): UNSAT in 1.69s
    cube 3677.252.244.209 (depth 3, 36 lits): UNSAT in 0.08s
    cube 3677.252.244.210 (depth 3, 36 lits): UNSAT in 0.30s
    cube 3677.252.244.211 (depth 3, 36 lits): UNSAT in 0.54s
    cube 3677.252.244.212 (depth 3, 36 lits): UNSAT in 6.42s
    cube 3677.252.244.213 (depth 3, 36 lits): UNSAT in 0.13s
    cube 3677.252.244.214 (depth 3, 36 lits): UNSAT in 0.79s
    cube 3677.252.244.215 (depth 3, 36 lits): UNSAT in 1.39s
    cube 3677.252.244.216 (depth 3, 36 lits): UNSAT in 43.90s
    cube 3677.252.244.217 (depth 3, 36 lits): UNSAT in 0.19s
    cube 3677.252.244.218 (depth 3, 36 lits): UNSAT in 0.73s
    cube 3677.252.244.219 (depth 3, 36 lits): UNSAT in 0.62s
    cube 3677.252.244.220 (depth 3, 36 lits): UNSAT in 4.66s
    cube 3677.252.244.221 (depth 3, 36 lits): UNSAT in 0.13s
    cube 3677.252.244.222 (depth 3, 36 lits): UNSAT in 1.82s
    cube 3677.252.244.223 (depth 3, 36 lits): UNSAT in 2.47s
    cube 3677.252.244.224 (depth 3, 36 lits): UNSAT in 61.18s
    cube 3677.252.244.225 (depth 3, 36 lits): UNSAT in 0.12s
    cube 3677.252.244.226 (depth 3, 36 lits): UNSAT in 0.60s
    cube 3677.252.244.227 (depth 3, 36 lits): UNSAT in 0.29s
    cube 3677.252.244.228 (depth 3, 36 lits): UNSAT in 2.75s
    cube 3677.252.244.229 (depth 3, 36 lits): UNSAT in 0.48s
    cube 3677.252.244.230 (depth 3, 36 lits): UNSAT in 5.97s
    cube 3677.252.244.231 (depth 3, 36 lits): UNSAT in 1.90s
    cube 3677.252.244.232 (depth 3, 36 lits): UNSAT in 48.63s

  shard 8 verdict: UNSAT (1 UNSAT, 0 unresolved) in 5784.4s
