  shard 6/24 (explicit): 1 of 4095 cubes, per-cube cap 1200.0s, re-split depth 7
    cube 3670 (depth 0, 12 lits): TIMEOUT in 1200.10s
    cube 3670 TIMEOUT -> re-split into 244 sub-cubes (depth 1)
    cube 3670.0 (depth 1, 18 lits): UNSAT in 0.02s
    cube 3670.1 (depth 1, 19 lits): UNSAT in 0.02s
    cube 3670.2 (depth 1, 19 lits): UNSAT in 0.02s
    cube 3670.3 (depth 1, 19 lits): UNSAT in 0.01s
    cube 3670.4 (depth 1, 19 lits): UNSAT in 0.02s
    cube 3670.5 (depth 1, 20 lits): UNSAT in 0.02s
    cube 3670.6 (depth 1, 20 lits): UNSAT in 0.02s
    cube 3670.7 (depth 1, 20 lits): UNSAT in 0.02s
    cube 3670.8 (depth 1, 20 lits): UNSAT in 0.02s
    cube 3670.9 (depth 1, 18 lits): UNSAT in 0.02s
    cube 3670.10 (depth 1, 19 lits): UNSAT in 0.02s
    cube 3670.11 (depth 1, 20 lits): UNSAT in 0.02s
    cube 3670.12 (depth 1, 20 lits): UNSAT in 0.03s
    cube 3670.13 (depth 1, 20 lits): UNSAT in 0.03s
    cube 3670.14 (depth 1, 20 lits): UNSAT in 0.03s
    cube 3670.15 (depth 1, 20 lits): UNSAT in 0.04s
    cube 3670.16 (depth 1, 20 lits): UNSAT in 0.03s
    cube 3670.17 (depth 1, 20 lits): UNSAT in 0.02s
    cube 3670.18 (depth 1, 20 lits): UNSAT in 0.05s
    cube 3670.19 (depth 1, 20 lits): UNSAT in 0.08s
    cube 3670.20 (depth 1, 20 lits): UNSAT in 0.06s
    cube 3670.21 (depth 1, 20 lits): UNSAT in 0.02s
    cube 3670.22 (depth 1, 20 lits): UNSAT in 0.02s
    cube 3670.23 (depth 1, 20 lits): UNSAT in 0.02s
    cube 3670.24 (depth 1, 20 lits): UNSAT in 0.03s
    cube 3670.25 (depth 1, 20 lits): UNSAT in 0.02s
    cube 3670.26 (depth 1, 20 lits): UNSAT in 0.02s
    cube 3670.27 (depth 1, 20 lits): UNSAT in 0.02s
    cube 3670.28 (depth 1, 20 lits): UNSAT in 0.02s
    cube 3670.29 (depth 1, 19 lits): UNSAT in 0.01s
    cube 3670.30 (depth 1, 20 lits): UNSAT in 0.02s
    cube 3670.31 (depth 1, 20 lits): UNSAT in 0.02s
    cube 3670.32 (depth 1, 20 lits): UNSAT in 0.02s
    cube 3670.33 (depth 1, 20 lits): UNSAT in 0.06s
    cube 3670.34 (depth 1, 20 lits): UNSAT in 0.10s
    cube 3670.35 (depth 1, 20 lits): UNSAT in 0.03s
    cube 3670.36 (depth 1, 20 lits): UNSAT in 0.03s
    cube 3670.37 (depth 1, 20 lits): UNSAT in 0.04s
    cube 3670.38 (depth 1, 20 lits): UNSAT in 0.03s
    cube 3670.39 (depth 1, 20 lits): UNSAT in 0.11s
    cube 3670.40 (depth 1, 20 lits): UNSAT in 0.06s
    cube 3670.41 (depth 1, 20 lits): UNSAT in 0.16s
    cube 3670.42 (depth 1, 20 lits): UNSAT in 0.05s
    cube 3670.43 (depth 1, 20 lits): UNSAT in 0.15s
    cube 3670.44 (depth 1, 20 lits): UNSAT in 0.05s
    cube 3670.45 (depth 1, 20 lits): UNSAT in 0.04s
    cube 3670.46 (depth 1, 20 lits): UNSAT in 0.08s
    cube 3670.47 (depth 1, 20 lits): UNSAT in 0.20s
    cube 3670.48 (depth 1, 20 lits): UNSAT in 0.04s
    cube 3670.49 (depth 1, 20 lits): UNSAT in 0.32s
    cube 3670.50 (depth 1, 20 lits): UNSAT in 0.29s
    cube 3670.51 (depth 1, 20 lits): UNSAT in 1.62s
    cube 3670.52 (depth 1, 20 lits): UNSAT in 0.02s
    cube 3670.53 (depth 1, 20 lits): UNSAT in 0.03s
    cube 3670.54 (depth 1, 20 lits): UNSAT in 0.01s
    cube 3670.55 (depth 1, 20 lits): UNSAT in 0.05s
    cube 3670.56 (depth 1, 20 lits): UNSAT in 0.03s
    cube 3670.57 (depth 1, 20 lits): UNSAT in 0.05s
    cube 3670.58 (depth 1, 20 lits): UNSAT in 0.07s
    cube 3670.59 (depth 1, 20 lits): UNSAT in 0.20s
    cube 3670.60 (depth 1, 20 lits): UNSAT in 0.03s
    cube 3670.61 (depth 1, 20 lits): UNSAT in 0.04s
    cube 3670.62 (depth 1, 20 lits): UNSAT in 0.07s
    cube 3670.63 (depth 1, 20 lits): UNSAT in 0.11s
    cube 3670.64 (depth 1, 20 lits): UNSAT in 0.04s
    cube 3670.65 (depth 1, 20 lits): UNSAT in 0.06s
    cube 3670.66 (depth 1, 20 lits): UNSAT in 0.17s
    cube 3670.67 (depth 1, 20 lits): UNSAT in 0.82s
    cube 3670.68 (depth 1, 20 lits): UNSAT in 0.02s
    cube 3670.69 (depth 1, 20 lits): UNSAT in 0.05s
    cube 3670.70 (depth 1, 20 lits): UNSAT in 0.07s
    cube 3670.71 (depth 1, 20 lits): UNSAT in 0.31s
    cube 3670.72 (depth 1, 20 lits): UNSAT in 0.05s
    cube 3670.73 (depth 1, 20 lits): UNSAT in 0.20s
    cube 3670.74 (depth 1, 20 lits): UNSAT in 0.05s
    cube 3670.75 (depth 1, 20 lits): UNSAT in 0.65s
    cube 3670.76 (depth 1, 20 lits): UNSAT in 0.02s
    cube 3670.77 (depth 1, 20 lits): UNSAT in 0.06s
    cube 3670.78 (depth 1, 20 lits): UNSAT in 0.42s
    cube 3670.79 (depth 1, 20 lits): UNSAT in 0.73s
    cube 3670.80 (depth 1, 20 lits): UNSAT in 0.80s
    cube 3670.81 (depth 1, 20 lits): UNSAT in 3.90s
    cube 3670.82 (depth 1, 20 lits): UNSAT in 1.71s
    cube 3670.83 (depth 1, 20 lits): UNSAT in 7.61s
    cube 3670.84 (depth 1, 20 lits): UNSAT in 0.02s
    cube 3670.85 (depth 1, 20 lits): UNSAT in 0.02s
    cube 3670.86 (depth 1, 20 lits): UNSAT in 0.02s
    cube 3670.87 (depth 1, 20 lits): UNSAT in 0.10s
    cube 3670.88 (depth 1, 20 lits): UNSAT in 0.06s
    cube 3670.89 (depth 1, 20 lits): UNSAT in 0.12s
    cube 3670.90 (depth 1, 20 lits): UNSAT in 0.10s
    cube 3670.91 (depth 1, 20 lits): UNSAT in 0.39s
    cube 3670.92 (depth 1, 20 lits): UNSAT in 0.03s
    cube 3670.93 (depth 1, 20 lits): UNSAT in 0.05s
    cube 3670.94 (depth 1, 20 lits): UNSAT in 0.05s
    cube 3670.95 (depth 1, 20 lits): UNSAT in 0.40s
    cube 3670.96 (depth 1, 20 lits): UNSAT in 0.17s
    cube 3670.97 (depth 1, 20 lits): UNSAT in 0.21s
    cube 3670.98 (depth 1, 20 lits): UNSAT in 0.22s
    cube 3670.99 (depth 1, 20 lits): UNSAT in 1.67s
    cube 3670.100 (depth 1, 20 lits): UNSAT in 0.03s
    cube 3670.101 (depth 1, 20 lits): UNSAT in 0.10s
    cube 3670.102 (depth 1, 20 lits): UNSAT in 0.15s
    cube 3670.103 (depth 1, 20 lits): UNSAT in 0.65s
    cube 3670.104 (depth 1, 20 lits): UNSAT in 0.16s
    cube 3670.105 (depth 1, 20 lits): UNSAT in 0.80s
    cube 3670.106 (depth 1, 20 lits): UNSAT in 0.53s
    cube 3670.107 (depth 1, 20 lits): UNSAT in 1.64s
    cube 3670.108 (depth 1, 20 lits): UNSAT in 0.40s
    cube 3670.109 (depth 1, 20 lits): UNSAT in 1.50s
    cube 3670.110 (depth 1, 20 lits): UNSAT in 2.98s
    cube 3670.111 (depth 1, 20 lits): UNSAT in 5.44s
    cube 3670.112 (depth 1, 20 lits): UNSAT in 0.45s
    cube 3670.113 (depth 1, 20 lits): UNSAT in 1.21s
    cube 3670.114 (depth 1, 20 lits): UNSAT in 1.69s
    cube 3670.115 (depth 1, 20 lits): UNSAT in 6.67s
    cube 3670.116 (depth 1, 20 lits): UNSAT in 0.02s
    cube 3670.117 (depth 1, 20 lits): UNSAT in 0.02s
    cube 3670.118 (depth 1, 20 lits): UNSAT in 0.01s
    cube 3670.119 (depth 1, 20 lits): UNSAT in 0.02s
    cube 3670.120 (depth 1, 20 lits): UNSAT in 0.02s
    cube 3670.121 (depth 1, 20 lits): UNSAT in 0.03s
    cube 3670.122 (depth 1, 20 lits): UNSAT in 0.03s
    cube 3670.123 (depth 1, 20 lits): UNSAT in 0.10s
    cube 3670.124 (depth 1, 20 lits): UNSAT in 0.02s
    cube 3670.125 (depth 1, 20 lits): UNSAT in 0.02s
    cube 3670.126 (depth 1, 20 lits): UNSAT in 0.02s
    cube 3670.127 (depth 1, 20 lits): UNSAT in 0.06s
    cube 3670.128 (depth 1, 20 lits): UNSAT in 0.07s
    cube 3670.129 (depth 1, 20 lits): UNSAT in 0.14s
    cube 3670.130 (depth 1, 20 lits): UNSAT in 0.05s
    cube 3670.131 (depth 1, 20 lits): UNSAT in 0.17s
    cube 3670.132 (depth 1, 20 lits): UNSAT in 0.03s
    cube 3670.133 (depth 1, 20 lits): UNSAT in 0.08s
    cube 3670.134 (depth 1, 20 lits): UNSAT in 0.05s
    cube 3670.135 (depth 1, 20 lits): UNSAT in 0.15s
    cube 3670.136 (depth 1, 20 lits): UNSAT in 0.05s
    cube 3670.137 (depth 1, 20 lits): UNSAT in 0.32s
    cube 3670.138 (depth 1, 20 lits): UNSAT in 0.12s
    cube 3670.139 (depth 1, 20 lits): UNSAT in 0.86s
    cube 3670.140 (depth 1, 20 lits): UNSAT in 0.04s
    cube 3670.141 (depth 1, 20 lits): UNSAT in 0.09s
    cube 3670.142 (depth 1, 20 lits): UNSAT in 0.10s
    cube 3670.143 (depth 1, 20 lits): UNSAT in 0.63s
    cube 3670.144 (depth 1, 20 lits): UNSAT in 0.24s
    cube 3670.145 (depth 1, 20 lits): UNSAT in 1.97s
    cube 3670.146 (depth 1, 20 lits): UNSAT in 1.87s
    cube 3670.147 (depth 1, 20 lits): UNSAT in 25.79s
    cube 3670.148 (depth 1, 20 lits): UNSAT in 0.02s
    cube 3670.149 (depth 1, 20 lits): UNSAT in 0.04s
    cube 3670.150 (depth 1, 20 lits): UNSAT in 0.03s
    cube 3670.151 (depth 1, 20 lits): UNSAT in 0.10s
    cube 3670.152 (depth 1, 20 lits): UNSAT in 0.02s
    cube 3670.153 (depth 1, 20 lits): UNSAT in 0.05s
    cube 3670.154 (depth 1, 20 lits): UNSAT in 0.24s
    cube 3670.155 (depth 1, 20 lits): UNSAT in 0.29s
    cube 3670.156 (depth 1, 20 lits): UNSAT in 0.05s
    cube 3670.157 (depth 1, 20 lits): UNSAT in 0.10s
    cube 3670.158 (depth 1, 20 lits): UNSAT in 0.13s
    cube 3670.159 (depth 1, 20 lits): UNSAT in 0.61s
    cube 3670.160 (depth 1, 20 lits): UNSAT in 0.07s
    cube 3670.161 (depth 1, 20 lits): UNSAT in 0.51s
    cube 3670.162 (depth 1, 20 lits): UNSAT in 0.58s
    cube 3670.163 (depth 1, 20 lits): UNSAT in 3.56s
    cube 3670.164 (depth 1, 20 lits): UNSAT in 0.02s
    cube 3670.165 (depth 1, 20 lits): UNSAT in 0.02s
    cube 3670.166 (depth 1, 20 lits): UNSAT in 0.10s
    cube 3670.167 (depth 1, 20 lits): UNSAT in 0.35s
    cube 3670.168 (depth 1, 20 lits): UNSAT in 0.15s
    cube 3670.169 (depth 1, 20 lits): UNSAT in 1.01s
    cube 3670.170 (depth 1, 20 lits): UNSAT in 0.33s
    cube 3670.171 (depth 1, 20 lits): UNSAT in 1.86s
    cube 3670.172 (depth 1, 20 lits): UNSAT in 0.23s
    cube 3670.173 (depth 1, 20 lits): UNSAT in 0.29s
    cube 3670.174 (depth 1, 20 lits): UNSAT in 0.57s
    cube 3670.175 (depth 1, 20 lits): UNSAT in 3.73s
    cube 3670.176 (depth 1, 20 lits): UNSAT in 3.87s
    cube 3670.177 (depth 1, 20 lits): UNSAT in 10.78s
    cube 3670.178 (depth 1, 20 lits): UNSAT in 1.92s
    cube 3670.179 (depth 1, 20 lits): UNSAT in 12.20s
    cube 3670.180 (depth 1, 20 lits): UNSAT in 0.02s
    cube 3670.181 (depth 1, 20 lits): UNSAT in 0.02s
    cube 3670.182 (depth 1, 20 lits): UNSAT in 0.02s
    cube 3670.183 (depth 1, 20 lits): UNSAT in 0.03s
    cube 3670.184 (depth 1, 20 lits): UNSAT in 0.02s
    cube 3670.185 (depth 1, 20 lits): UNSAT in 0.06s
    cube 3670.186 (depth 1, 20 lits): UNSAT in 0.08s
    cube 3670.187 (depth 1, 20 lits): UNSAT in 0.17s
    cube 3670.188 (depth 1, 20 lits): UNSAT in 0.05s
    cube 3670.189 (depth 1, 20 lits): UNSAT in 0.35s
    cube 3670.190 (depth 1, 20 lits): UNSAT in 0.17s
    cube 3670.191 (depth 1, 20 lits): UNSAT in 1.93s
    cube 3670.192 (depth 1, 20 lits): UNSAT in 0.29s
    cube 3670.193 (depth 1, 20 lits): UNSAT in 0.58s
    cube 3670.194 (depth 1, 20 lits): UNSAT in 0.44s
    cube 3670.195 (depth 1, 20 lits): UNSAT in 2.00s
    cube 3670.196 (depth 1, 20 lits): UNSAT in 0.37s
    cube 3670.197 (depth 1, 20 lits): UNSAT in 0.21s
    cube 3670.198 (depth 1, 20 lits): UNSAT in 0.45s
    cube 3670.199 (depth 1, 20 lits): UNSAT in 1.85s
    cube 3670.200 (depth 1, 20 lits): UNSAT in 0.26s
    cube 3670.201 (depth 1, 20 lits): UNSAT in 2.42s
    cube 3670.202 (depth 1, 20 lits): UNSAT in 2.04s
    cube 3670.203 (depth 1, 20 lits): UNSAT in 11.61s
    cube 3670.204 (depth 1, 20 lits): UNSAT in 0.35s
    cube 3670.205 (depth 1, 20 lits): UNSAT in 1.90s
    cube 3670.206 (depth 1, 20 lits): UNSAT in 0.49s
    cube 3670.207 (depth 1, 20 lits): UNSAT in 3.87s
    cube 3670.208 (depth 1, 20 lits): UNSAT in 2.23s
    cube 3670.209 (depth 1, 20 lits): UNSAT in 5.04s
    cube 3670.210 (depth 1, 20 lits): UNSAT in 9.00s
    cube 3670.211 (depth 1, 20 lits): UNSAT in 37.90s
    cube 3670.212 (depth 1, 20 lits): UNSAT in 0.06s
    cube 3670.213 (depth 1, 20 lits): UNSAT in 0.23s
    cube 3670.214 (depth 1, 20 lits): UNSAT in 0.16s
    cube 3670.215 (depth 1, 20 lits): UNSAT in 1.52s
    cube 3670.216 (depth 1, 20 lits): UNSAT in 0.17s
    cube 3670.217 (depth 1, 20 lits): UNSAT in 2.36s
    cube 3670.218 (depth 1, 20 lits): UNSAT in 0.69s
    cube 3670.219 (depth 1, 20 lits): UNSAT in 23.24s
    cube 3670.220 (depth 1, 20 lits): UNSAT in 0.03s
    cube 3670.221 (depth 1, 20 lits): UNSAT in 0.38s
    cube 3670.222 (depth 1, 20 lits): UNSAT in 2.16s
    cube 3670.223 (depth 1, 20 lits): UNSAT in 2.94s
    cube 3670.224 (depth 1, 20 lits): UNSAT in 4.65s
    cube 3670.225 (depth 1, 20 lits): UNSAT in 5.30s
    cube 3670.226 (depth 1, 20 lits): UNSAT in 7.17s
    cube 3670.227 (depth 1, 20 lits): UNSAT in 36.76s
    cube 3670.228 (depth 1, 20 lits): UNSAT in 0.12s
    cube 3670.229 (depth 1, 20 lits): UNSAT in 0.34s
    cube 3670.230 (depth 1, 20 lits): UNSAT in 1.27s
    cube 3670.231 (depth 1, 20 lits): UNSAT in 2.82s
    cube 3670.232 (depth 1, 20 lits): UNSAT in 1.54s
    cube 3670.233 (depth 1, 20 lits): UNSAT in 2.72s
    cube 3670.234 (depth 1, 20 lits): UNSAT in 3.94s
    cube 3670.235 (depth 1, 20 lits): UNSAT in 155.74s
    cube 3670.236 (depth 1, 20 lits): UNSAT in 1.61s
    cube 3670.237 (depth 1, 20 lits): UNSAT in 4.03s
    cube 3670.238 (depth 1, 20 lits): UNSAT in 4.06s
    cube 3670.239 (depth 1, 20 lits): UNSAT in 151.19s
    cube 3670.240 (depth 1, 20 lits): UNSAT in 6.00s
    cube 3670.241 (depth 1, 20 lits): UNSAT in 517.37s
    cube 3670.242 (depth 1, 20 lits): UNSAT in 6.60s
    cube 3670.243 (depth 1, 20 lits): UNSAT in 513.09s

  shard 6 verdict: UNSAT (1 UNSAT, 0 unresolved) in 2879.3s
