  shard 16/24 (explicit): 1 of 4095 cubes, per-cube cap 1200.0s, re-split depth 7
    cube 3803 (depth 0, 12 lits): TIMEOUT in 1200.10s
    cube 3803 TIMEOUT -> re-split into 253 sub-cubes (depth 1)
    cube 3803.0 (depth 1, 20 lits): UNSAT in 0.01s
    cube 3803.1 (depth 1, 20 lits): UNSAT in 0.01s
    cube 3803.2 (depth 1, 20 lits): UNSAT in 0.01s
    cube 3803.3 (depth 1, 20 lits): UNSAT in 0.02s
    cube 3803.4 (depth 1, 20 lits): UNSAT in 0.02s
    cube 3803.5 (depth 1, 20 lits): UNSAT in 0.01s
    cube 3803.6 (depth 1, 20 lits): UNSAT in 0.01s
    cube 3803.7 (depth 1, 20 lits): UNSAT in 0.04s
    cube 3803.8 (depth 1, 20 lits): UNSAT in 0.01s
    cube 3803.9 (depth 1, 20 lits): UNSAT in 0.02s
    cube 3803.10 (depth 1, 20 lits): UNSAT in 0.02s
    cube 3803.11 (depth 1, 20 lits): UNSAT in 0.05s
    cube 3803.12 (depth 1, 20 lits): UNSAT in 0.03s
    cube 3803.13 (depth 1, 20 lits): UNSAT in 0.11s
    cube 3803.14 (depth 1, 20 lits): UNSAT in 0.11s
    cube 3803.15 (depth 1, 20 lits): UNSAT in 0.39s
    cube 3803.16 (depth 1, 20 lits): UNSAT in 0.01s
    cube 3803.17 (depth 1, 20 lits): UNSAT in 0.01s
    cube 3803.18 (depth 1, 20 lits): UNSAT in 0.02s
    cube 3803.19 (depth 1, 20 lits): UNSAT in 0.05s
    cube 3803.20 (depth 1, 20 lits): UNSAT in 0.02s
    cube 3803.21 (depth 1, 20 lits): UNSAT in 0.06s
    cube 3803.22 (depth 1, 20 lits): UNSAT in 0.03s
    cube 3803.23 (depth 1, 20 lits): UNSAT in 0.14s
    cube 3803.24 (depth 1, 20 lits): UNSAT in 0.02s
    cube 3803.25 (depth 1, 20 lits): UNSAT in 0.04s
    cube 3803.26 (depth 1, 20 lits): UNSAT in 0.03s
    cube 3803.27 (depth 1, 20 lits): UNSAT in 0.04s
    cube 3803.28 (depth 1, 20 lits): UNSAT in 0.02s
    cube 3803.29 (depth 1, 20 lits): UNSAT in 0.07s
    cube 3803.30 (depth 1, 20 lits): UNSAT in 0.07s
    cube 3803.31 (depth 1, 20 lits): UNSAT in 0.34s
    cube 3803.32 (depth 1, 20 lits): UNSAT in 0.01s
    cube 3803.33 (depth 1, 20 lits): UNSAT in 0.02s
    cube 3803.34 (depth 1, 20 lits): UNSAT in 0.02s
    cube 3803.35 (depth 1, 20 lits): UNSAT in 0.03s
    cube 3803.36 (depth 1, 20 lits): UNSAT in 0.02s
    cube 3803.37 (depth 1, 20 lits): UNSAT in 0.02s
    cube 3803.38 (depth 1, 20 lits): UNSAT in 0.06s
    cube 3803.39 (depth 1, 20 lits): UNSAT in 0.10s
    cube 3803.40 (depth 1, 20 lits): UNSAT in 0.01s
    cube 3803.41 (depth 1, 20 lits): UNSAT in 0.02s
    cube 3803.42 (depth 1, 20 lits): UNSAT in 0.03s
    cube 3803.43 (depth 1, 20 lits): UNSAT in 0.02s
    cube 3803.44 (depth 1, 20 lits): UNSAT in 0.02s
    cube 3803.45 (depth 1, 20 lits): UNSAT in 0.24s
    cube 3803.46 (depth 1, 20 lits): UNSAT in 0.12s
    cube 3803.47 (depth 1, 20 lits): UNSAT in 0.27s
    cube 3803.48 (depth 1, 20 lits): UNSAT in 0.02s
    cube 3803.49 (depth 1, 20 lits): UNSAT in 0.04s
    cube 3803.50 (depth 1, 20 lits): UNSAT in 0.03s
    cube 3803.51 (depth 1, 20 lits): UNSAT in 0.07s
    cube 3803.52 (depth 1, 20 lits): UNSAT in 0.03s
    cube 3803.53 (depth 1, 20 lits): UNSAT in 0.11s
    cube 3803.54 (depth 1, 20 lits): UNSAT in 0.10s
    cube 3803.55 (depth 1, 20 lits): UNSAT in 0.24s
    cube 3803.56 (depth 1, 20 lits): UNSAT in 0.05s
    cube 3803.57 (depth 1, 20 lits): UNSAT in 0.29s
    cube 3803.58 (depth 1, 20 lits): UNSAT in 0.12s
    cube 3803.59 (depth 1, 20 lits): UNSAT in 0.62s
    cube 3803.60 (depth 1, 20 lits): UNSAT in 0.05s
    cube 3803.61 (depth 1, 20 lits): UNSAT in 0.41s
    cube 3803.62 (depth 1, 20 lits): UNSAT in 0.95s
    cube 3803.63 (depth 1, 20 lits): UNSAT in 3.39s
    cube 3803.64 (depth 1, 20 lits): UNSAT in 0.01s
    cube 3803.65 (depth 1, 20 lits): UNSAT in 0.02s
    cube 3803.66 (depth 1, 20 lits): UNSAT in 0.02s
    cube 3803.67 (depth 1, 20 lits): UNSAT in 0.02s
    cube 3803.68 (depth 1, 20 lits): UNSAT in 0.01s
    cube 3803.69 (depth 1, 20 lits): UNSAT in 0.02s
    cube 3803.70 (depth 1, 20 lits): UNSAT in 0.02s
    cube 3803.71 (depth 1, 20 lits): UNSAT in 0.06s
    cube 3803.72 (depth 1, 20 lits): UNSAT in 0.01s
    cube 3803.73 (depth 1, 20 lits): UNSAT in 0.02s
    cube 3803.74 (depth 1, 20 lits): UNSAT in 0.01s
    cube 3803.75 (depth 1, 20 lits): UNSAT in 0.03s
    cube 3803.76 (depth 1, 20 lits): UNSAT in 0.01s
    cube 3803.77 (depth 1, 20 lits): UNSAT in 0.03s
    cube 3803.78 (depth 1, 20 lits): UNSAT in 0.07s
    cube 3803.79 (depth 1, 20 lits): UNSAT in 0.09s
    cube 3803.80 (depth 1, 20 lits): UNSAT in 0.01s
    cube 3803.81 (depth 1, 20 lits): UNSAT in 0.01s
    cube 3803.82 (depth 1, 20 lits): UNSAT in 0.02s
    cube 3803.83 (depth 1, 20 lits): UNSAT in 0.07s
    cube 3803.84 (depth 1, 20 lits): UNSAT in 0.03s
    cube 3803.85 (depth 1, 20 lits): UNSAT in 0.09s
    cube 3803.86 (depth 1, 20 lits): UNSAT in 0.07s
    cube 3803.87 (depth 1, 20 lits): UNSAT in 1.29s
    cube 3803.88 (depth 1, 20 lits): UNSAT in 0.02s
    cube 3803.89 (depth 1, 20 lits): UNSAT in 0.02s
    cube 3803.90 (depth 1, 20 lits): UNSAT in 0.21s
    cube 3803.91 (depth 1, 20 lits): UNSAT in 0.49s
    cube 3803.92 (depth 1, 20 lits): UNSAT in 0.12s
    cube 3803.93 (depth 1, 20 lits): UNSAT in 0.23s
    cube 3803.94 (depth 1, 20 lits): UNSAT in 0.29s
    cube 3803.95 (depth 1, 20 lits): UNSAT in 0.61s
    cube 3803.96 (depth 1, 20 lits): UNSAT in 0.01s
    cube 3803.97 (depth 1, 20 lits): UNSAT in 0.02s
    cube 3803.98 (depth 1, 20 lits): UNSAT in 0.02s
    cube 3803.99 (depth 1, 20 lits): UNSAT in 0.09s
    cube 3803.100 (depth 1, 20 lits): UNSAT in 0.02s
    cube 3803.101 (depth 1, 20 lits): UNSAT in 0.07s
    cube 3803.102 (depth 1, 20 lits): UNSAT in 0.09s
    cube 3803.103 (depth 1, 20 lits): UNSAT in 0.32s
    cube 3803.104 (depth 1, 20 lits): UNSAT in 0.03s
    cube 3803.105 (depth 1, 20 lits): UNSAT in 0.04s
    cube 3803.106 (depth 1, 20 lits): UNSAT in 0.04s
    cube 3803.107 (depth 1, 20 lits): UNSAT in 0.05s
    cube 3803.108 (depth 1, 20 lits): UNSAT in 0.17s
    cube 3803.109 (depth 1, 20 lits): UNSAT in 0.18s
    cube 3803.110 (depth 1, 20 lits): UNSAT in 0.33s
    cube 3803.111 (depth 1, 20 lits): UNSAT in 2.31s
    cube 3803.112 (depth 1, 20 lits): UNSAT in 0.01s
    cube 3803.113 (depth 1, 20 lits): UNSAT in 0.04s
    cube 3803.114 (depth 1, 20 lits): UNSAT in 0.04s
    cube 3803.115 (depth 1, 20 lits): UNSAT in 0.16s
    cube 3803.116 (depth 1, 20 lits): UNSAT in 0.06s
    cube 3803.117 (depth 1, 20 lits): UNSAT in 0.30s
    cube 3803.118 (depth 1, 20 lits): UNSAT in 0.30s
    cube 3803.119 (depth 1, 20 lits): UNSAT in 2.51s
    cube 3803.120 (depth 1, 20 lits): UNSAT in 0.50s
    cube 3803.121 (depth 1, 20 lits): UNSAT in 1.10s
    cube 3803.122 (depth 1, 20 lits): UNSAT in 0.22s
    cube 3803.123 (depth 1, 20 lits): UNSAT in 1.12s
    cube 3803.124 (depth 1, 20 lits): UNSAT in 0.47s
    cube 3803.125 (depth 1, 20 lits): UNSAT in 2.67s
    cube 3803.126 (depth 1, 20 lits): UNSAT in 5.84s
    cube 3803.127 (depth 1, 20 lits): UNSAT in 51.29s
    cube 3803.128 (depth 1, 20 lits): UNSAT in 0.01s
    cube 3803.129 (depth 1, 20 lits): UNSAT in 0.01s
    cube 3803.130 (depth 1, 20 lits): UNSAT in 0.01s
    cube 3803.131 (depth 1, 20 lits): UNSAT in 0.01s
    cube 3803.132 (depth 1, 20 lits): UNSAT in 0.01s
    cube 3803.133 (depth 1, 20 lits): UNSAT in 0.01s
    cube 3803.134 (depth 1, 19 lits): UNSAT in 0.01s
    cube 3803.135 (depth 1, 19 lits): UNSAT in 0.01s
    cube 3803.136 (depth 1, 20 lits): UNSAT in 0.01s
    cube 3803.137 (depth 1, 20 lits): UNSAT in 0.01s
    cube 3803.138 (depth 1, 20 lits): UNSAT in 0.01s
    cube 3803.139 (depth 1, 20 lits): UNSAT in 0.02s
    cube 3803.140 (depth 1, 20 lits): UNSAT in 0.02s
    cube 3803.141 (depth 1, 20 lits): UNSAT in 0.08s
    cube 3803.142 (depth 1, 19 lits): UNSAT in 0.01s
    cube 3803.143 (depth 1, 20 lits): UNSAT in 0.02s
    cube 3803.144 (depth 1, 20 lits): UNSAT in 0.02s
    cube 3803.145 (depth 1, 20 lits): UNSAT in 0.02s
    cube 3803.146 (depth 1, 20 lits): UNSAT in 0.02s
    cube 3803.147 (depth 1, 20 lits): UNSAT in 0.03s
    cube 3803.148 (depth 1, 20 lits): UNSAT in 0.09s
    cube 3803.149 (depth 1, 20 lits): UNSAT in 0.01s
    cube 3803.150 (depth 1, 20 lits): UNSAT in 0.02s
    cube 3803.151 (depth 1, 20 lits): UNSAT in 0.02s
    cube 3803.152 (depth 1, 20 lits): UNSAT in 0.05s
    cube 3803.153 (depth 1, 20 lits): UNSAT in 0.06s
    cube 3803.154 (depth 1, 20 lits): UNSAT in 0.09s
    cube 3803.155 (depth 1, 20 lits): UNSAT in 0.17s
    cube 3803.156 (depth 1, 20 lits): UNSAT in 0.60s
    cube 3803.157 (depth 1, 20 lits): UNSAT in 0.02s
    cube 3803.158 (depth 1, 20 lits): UNSAT in 0.08s
    cube 3803.159 (depth 1, 20 lits): UNSAT in 0.08s
    cube 3803.160 (depth 1, 20 lits): UNSAT in 0.24s
    cube 3803.161 (depth 1, 20 lits): UNSAT in 0.18s
    cube 3803.162 (depth 1, 20 lits): UNSAT in 0.27s
    cube 3803.163 (depth 1, 20 lits): UNSAT in 0.31s
    cube 3803.164 (depth 1, 20 lits): UNSAT in 0.99s
    cube 3803.165 (depth 1, 20 lits): UNSAT in 0.09s
    cube 3803.166 (depth 1, 20 lits): UNSAT in 0.20s
    cube 3803.167 (depth 1, 20 lits): UNSAT in 0.19s
    cube 3803.168 (depth 1, 20 lits): UNSAT in 0.52s
    cube 3803.169 (depth 1, 20 lits): UNSAT in 0.17s
    cube 3803.170 (depth 1, 20 lits): UNSAT in 0.61s
    cube 3803.171 (depth 1, 20 lits): UNSAT in 0.44s
    cube 3803.172 (depth 1, 20 lits): UNSAT in 3.24s
    cube 3803.173 (depth 1, 20 lits): UNSAT in 0.02s
    cube 3803.174 (depth 1, 20 lits): UNSAT in 0.07s
    cube 3803.175 (depth 1, 20 lits): UNSAT in 0.05s
    cube 3803.176 (depth 1, 20 lits): UNSAT in 0.10s
    cube 3803.177 (depth 1, 20 lits): UNSAT in 0.09s
    cube 3803.178 (depth 1, 20 lits): UNSAT in 0.30s
    cube 3803.179 (depth 1, 20 lits): UNSAT in 0.16s
    cube 3803.180 (depth 1, 20 lits): UNSAT in 1.06s
    cube 3803.181 (depth 1, 20 lits): UNSAT in 0.10s
    cube 3803.182 (depth 1, 20 lits): UNSAT in 1.09s
    cube 3803.183 (depth 1, 20 lits): UNSAT in 0.75s
    cube 3803.184 (depth 1, 20 lits): UNSAT in 5.84s
    cube 3803.185 (depth 1, 20 lits): UNSAT in 1.23s
    cube 3803.186 (depth 1, 20 lits): UNSAT in 8.11s
    cube 3803.187 (depth 1, 20 lits): UNSAT in 11.84s
    cube 3803.188 (depth 1, 20 lits): UNSAT in 48.46s
    cube 3803.189 (depth 1, 20 lits): UNSAT in 0.04s
    cube 3803.190 (depth 1, 20 lits): UNSAT in 0.07s
    cube 3803.191 (depth 1, 20 lits): UNSAT in 0.10s
    cube 3803.192 (depth 1, 20 lits): UNSAT in 0.09s
    cube 3803.193 (depth 1, 20 lits): UNSAT in 0.03s
    cube 3803.194 (depth 1, 20 lits): UNSAT in 0.07s
    cube 3803.195 (depth 1, 20 lits): UNSAT in 0.10s
    cube 3803.196 (depth 1, 20 lits): UNSAT in 0.07s
    cube 3803.197 (depth 1, 20 lits): UNSAT in 0.02s
    cube 3803.198 (depth 1, 20 lits): UNSAT in 0.11s
    cube 3803.199 (depth 1, 20 lits): UNSAT in 0.03s
    cube 3803.200 (depth 1, 20 lits): UNSAT in 0.10s
    cube 3803.201 (depth 1, 20 lits): UNSAT in 0.13s
    cube 3803.202 (depth 1, 20 lits): UNSAT in 0.30s
    cube 3803.203 (depth 1, 20 lits): UNSAT in 0.20s
    cube 3803.204 (depth 1, 20 lits): UNSAT in 1.33s
    cube 3803.205 (depth 1, 20 lits): UNSAT in 0.03s
    cube 3803.206 (depth 1, 20 lits): UNSAT in 0.06s
    cube 3803.207 (depth 1, 20 lits): UNSAT in 0.20s
    cube 3803.208 (depth 1, 20 lits): UNSAT in 0.24s
    cube 3803.209 (depth 1, 20 lits): UNSAT in 0.06s
    cube 3803.210 (depth 1, 20 lits): UNSAT in 0.37s
    cube 3803.211 (depth 1, 20 lits): UNSAT in 0.41s
    cube 3803.212 (depth 1, 20 lits): UNSAT in 2.06s
    cube 3803.213 (depth 1, 20 lits): UNSAT in 0.09s
    cube 3803.214 (depth 1, 20 lits): UNSAT in 0.26s
    cube 3803.215 (depth 1, 20 lits): UNSAT in 0.40s
    cube 3803.216 (depth 1, 20 lits): UNSAT in 2.08s
    cube 3803.217 (depth 1, 20 lits): UNSAT in 0.44s
    cube 3803.218 (depth 1, 20 lits): UNSAT in 1.99s
    cube 3803.219 (depth 1, 20 lits): UNSAT in 2.11s
    cube 3803.220 (depth 1, 20 lits): UNSAT in 5.87s
    cube 3803.221 (depth 1, 20 lits): UNSAT in 0.07s
    cube 3803.222 (depth 1, 20 lits): UNSAT in 0.08s
    cube 3803.223 (depth 1, 20 lits): UNSAT in 0.12s
    cube 3803.224 (depth 1, 20 lits): UNSAT in 2.22s
    cube 3803.225 (depth 1, 20 lits): UNSAT in 0.11s
    cube 3803.226 (depth 1, 20 lits): UNSAT in 1.07s
    cube 3803.227 (depth 1, 20 lits): UNSAT in 1.91s
    cube 3803.228 (depth 1, 20 lits): UNSAT in 7.34s
    cube 3803.229 (depth 1, 20 lits): UNSAT in 0.05s
    cube 3803.230 (depth 1, 20 lits): UNSAT in 0.77s
    cube 3803.231 (depth 1, 20 lits): UNSAT in 0.62s
    cube 3803.232 (depth 1, 20 lits): UNSAT in 0.94s
    cube 3803.233 (depth 1, 20 lits): UNSAT in 0.23s
    cube 3803.234 (depth 1, 20 lits): UNSAT in 3.24s
    cube 3803.235 (depth 1, 20 lits): UNSAT in 12.12s
    cube 3803.236 (depth 1, 20 lits): UNSAT in 46.93s
    cube 3803.237 (depth 1, 20 lits): UNSAT in 0.17s
    cube 3803.238 (depth 1, 20 lits): UNSAT in 0.98s
    cube 3803.239 (depth 1, 20 lits): UNSAT in 0.91s
    cube 3803.240 (depth 1, 20 lits): UNSAT in 2.93s
    cube 3803.241 (depth 1, 20 lits): UNSAT in 0.61s
    cube 3803.242 (depth 1, 20 lits): UNSAT in 1.89s
    cube 3803.243 (depth 1, 20 lits): UNSAT in 1.29s
    cube 3803.244 (depth 1, 20 lits): UNSAT in 78.93s
    cube 3803.245 (depth 1, 20 lits): UNSAT in 0.25s
    cube 3803.246 (depth 1, 20 lits): UNSAT in 1.09s
    cube 3803.247 (depth 1, 20 lits): UNSAT in 2.26s
    cube 3803.248 (depth 1, 20 lits): UNSAT in 10.68s
    cube 3803.249 (depth 1, 20 lits): UNSAT in 0.65s
    cube 3803.250 (depth 1, 20 lits): UNSAT in 55.04s
    cube 3803.251 (depth 1, 20 lits): UNSAT in 58.55s
    cube 3803.252 (depth 1, 20 lits): UNSAT in 820.16s

  shard 16 verdict: UNSAT (1 UNSAT, 0 unresolved) in 2509.7s
