  shard 10/24 (explicit): 1 of 4095 cubes, per-cube cap 1200.0s, re-split depth 7
    cube 3694 (depth 0, 12 lits): TIMEOUT in 1200.10s
    cube 3694 TIMEOUT -> re-split into 253 sub-cubes (depth 1)
    cube 3694.0 (depth 1, 20 lits): UNSAT in 0.01s
    cube 3694.1 (depth 1, 20 lits): UNSAT in 0.02s
    cube 3694.2 (depth 1, 20 lits): UNSAT in 0.02s
    cube 3694.3 (depth 1, 20 lits): UNSAT in 0.02s
    cube 3694.4 (depth 1, 19 lits): UNSAT in 0.02s
    cube 3694.5 (depth 1, 20 lits): UNSAT in 0.02s
    cube 3694.6 (depth 1, 20 lits): UNSAT in 0.04s
    cube 3694.7 (depth 1, 19 lits): UNSAT in 0.02s
    cube 3694.8 (depth 1, 20 lits): UNSAT in 0.02s
    cube 3694.9 (depth 1, 20 lits): UNSAT in 0.02s
    cube 3694.10 (depth 1, 20 lits): UNSAT in 0.04s
    cube 3694.11 (depth 1, 20 lits): UNSAT in 0.02s
    cube 3694.12 (depth 1, 20 lits): UNSAT in 0.05s
    cube 3694.13 (depth 1, 20 lits): UNSAT in 0.04s
    cube 3694.14 (depth 1, 20 lits): UNSAT in 0.02s
    cube 3694.15 (depth 1, 20 lits): UNSAT in 0.02s
    cube 3694.16 (depth 1, 20 lits): UNSAT in 0.02s
    cube 3694.17 (depth 1, 20 lits): UNSAT in 0.07s
    cube 3694.18 (depth 1, 20 lits): UNSAT in 0.02s
    cube 3694.19 (depth 1, 20 lits): UNSAT in 0.04s
    cube 3694.20 (depth 1, 20 lits): UNSAT in 0.05s
    cube 3694.21 (depth 1, 20 lits): UNSAT in 0.07s
    cube 3694.22 (depth 1, 20 lits): UNSAT in 0.02s
    cube 3694.23 (depth 1, 20 lits): UNSAT in 0.05s
    cube 3694.24 (depth 1, 20 lits): UNSAT in 0.04s
    cube 3694.25 (depth 1, 20 lits): UNSAT in 0.05s
    cube 3694.26 (depth 1, 20 lits): UNSAT in 0.11s
    cube 3694.27 (depth 1, 20 lits): UNSAT in 0.21s
    cube 3694.28 (depth 1, 20 lits): UNSAT in 0.12s
    cube 3694.29 (depth 1, 20 lits): UNSAT in 0.88s
    cube 3694.30 (depth 1, 20 lits): UNSAT in 0.04s
    cube 3694.31 (depth 1, 20 lits): UNSAT in 0.03s
    cube 3694.32 (depth 1, 20 lits): UNSAT in 0.02s
    cube 3694.33 (depth 1, 20 lits): UNSAT in 0.06s
    cube 3694.34 (depth 1, 20 lits): UNSAT in 0.08s
    cube 3694.35 (depth 1, 20 lits): UNSAT in 0.08s
    cube 3694.36 (depth 1, 20 lits): UNSAT in 0.04s
    cube 3694.37 (depth 1, 20 lits): UNSAT in 0.29s
    cube 3694.38 (depth 1, 20 lits): UNSAT in 0.03s
    cube 3694.39 (depth 1, 20 lits): UNSAT in 0.05s
    cube 3694.40 (depth 1, 20 lits): UNSAT in 0.05s
    cube 3694.41 (depth 1, 20 lits): UNSAT in 0.12s
    cube 3694.42 (depth 1, 20 lits): UNSAT in 0.09s
    cube 3694.43 (depth 1, 20 lits): UNSAT in 0.12s
    cube 3694.44 (depth 1, 20 lits): UNSAT in 0.20s
    cube 3694.45 (depth 1, 20 lits): UNSAT in 0.81s
    cube 3694.46 (depth 1, 20 lits): UNSAT in 0.06s
    cube 3694.47 (depth 1, 20 lits): UNSAT in 0.11s
    cube 3694.48 (depth 1, 20 lits): UNSAT in 0.05s
    cube 3694.49 (depth 1, 20 lits): UNSAT in 0.09s
    cube 3694.50 (depth 1, 20 lits): UNSAT in 0.04s
    cube 3694.51 (depth 1, 20 lits): UNSAT in 0.08s
    cube 3694.52 (depth 1, 20 lits): UNSAT in 0.08s
    cube 3694.53 (depth 1, 20 lits): UNSAT in 0.15s
    cube 3694.54 (depth 1, 20 lits): UNSAT in 0.02s
    cube 3694.55 (depth 1, 20 lits): UNSAT in 0.16s
    cube 3694.56 (depth 1, 20 lits): UNSAT in 0.12s
    cube 3694.57 (depth 1, 20 lits): UNSAT in 0.38s
    cube 3694.58 (depth 1, 20 lits): UNSAT in 0.26s
    cube 3694.59 (depth 1, 20 lits): UNSAT in 0.49s
    cube 3694.60 (depth 1, 20 lits): UNSAT in 0.44s
    cube 3694.61 (depth 1, 20 lits): UNSAT in 1.07s
    cube 3694.62 (depth 1, 20 lits): UNSAT in 0.02s
    cube 3694.63 (depth 1, 20 lits): UNSAT in 0.03s
    cube 3694.64 (depth 1, 20 lits): UNSAT in 0.02s
    cube 3694.65 (depth 1, 20 lits): UNSAT in 0.03s
    cube 3694.66 (depth 1, 19 lits): UNSAT in 0.02s
    cube 3694.67 (depth 1, 20 lits): UNSAT in 0.03s
    cube 3694.68 (depth 1, 20 lits): UNSAT in 0.03s
    cube 3694.69 (depth 1, 20 lits): UNSAT in 0.01s
    cube 3694.70 (depth 1, 20 lits): UNSAT in 0.02s
    cube 3694.71 (depth 1, 20 lits): UNSAT in 0.03s
    cube 3694.72 (depth 1, 20 lits): UNSAT in 0.06s
    cube 3694.73 (depth 1, 20 lits): UNSAT in 0.03s
    cube 3694.74 (depth 1, 20 lits): UNSAT in 0.02s
    cube 3694.75 (depth 1, 20 lits): UNSAT in 0.29s
    cube 3694.76 (depth 1, 20 lits): UNSAT in 0.11s
    cube 3694.77 (depth 1, 20 lits): UNSAT in 0.04s
    cube 3694.78 (depth 1, 20 lits): UNSAT in 0.06s
    cube 3694.79 (depth 1, 20 lits): UNSAT in 0.13s
    cube 3694.80 (depth 1, 20 lits): UNSAT in 0.16s
    cube 3694.81 (depth 1, 20 lits): UNSAT in 0.06s
    cube 3694.82 (depth 1, 20 lits): UNSAT in 0.49s
    cube 3694.83 (depth 1, 20 lits): UNSAT in 0.04s
    cube 3694.84 (depth 1, 20 lits): UNSAT in 0.35s
    cube 3694.85 (depth 1, 20 lits): UNSAT in 0.05s
    cube 3694.86 (depth 1, 20 lits): UNSAT in 0.07s
    cube 3694.87 (depth 1, 20 lits): UNSAT in 0.10s
    cube 3694.88 (depth 1, 20 lits): UNSAT in 0.15s
    cube 3694.89 (depth 1, 20 lits): UNSAT in 0.08s
    cube 3694.90 (depth 1, 20 lits): UNSAT in 0.47s
    cube 3694.91 (depth 1, 20 lits): UNSAT in 0.16s
    cube 3694.92 (depth 1, 20 lits): UNSAT in 1.31s
    cube 3694.93 (depth 1, 20 lits): UNSAT in 0.07s
    cube 3694.94 (depth 1, 20 lits): UNSAT in 0.23s
    cube 3694.95 (depth 1, 20 lits): UNSAT in 0.14s
    cube 3694.96 (depth 1, 20 lits): UNSAT in 0.46s
    cube 3694.97 (depth 1, 20 lits): UNSAT in 0.08s
    cube 3694.98 (depth 1, 20 lits): UNSAT in 0.11s
    cube 3694.99 (depth 1, 20 lits): UNSAT in 0.18s
    cube 3694.100 (depth 1, 20 lits): UNSAT in 0.76s
    cube 3694.101 (depth 1, 20 lits): UNSAT in 0.34s
    cube 3694.102 (depth 1, 20 lits): UNSAT in 0.22s
    cube 3694.103 (depth 1, 20 lits): UNSAT in 0.06s
    cube 3694.104 (depth 1, 20 lits): UNSAT in 0.32s
    cube 3694.105 (depth 1, 20 lits): UNSAT in 0.35s
    cube 3694.106 (depth 1, 20 lits): UNSAT in 0.65s
    cube 3694.107 (depth 1, 20 lits): UNSAT in 0.71s
    cube 3694.108 (depth 1, 20 lits): UNSAT in 1.77s
    cube 3694.109 (depth 1, 20 lits): UNSAT in 0.03s
    cube 3694.110 (depth 1, 20 lits): UNSAT in 0.25s
    cube 3694.111 (depth 1, 20 lits): UNSAT in 0.02s
    cube 3694.112 (depth 1, 20 lits): UNSAT in 0.09s
    cube 3694.113 (depth 1, 20 lits): UNSAT in 0.51s
    cube 3694.114 (depth 1, 20 lits): UNSAT in 0.05s
    cube 3694.115 (depth 1, 20 lits): UNSAT in 0.10s
    cube 3694.116 (depth 1, 20 lits): UNSAT in 0.50s
    cube 3694.117 (depth 1, 20 lits): UNSAT in 0.27s
    cube 3694.118 (depth 1, 20 lits): UNSAT in 0.32s
    cube 3694.119 (depth 1, 20 lits): UNSAT in 0.07s
    cube 3694.120 (depth 1, 20 lits): UNSAT in 0.88s
    cube 3694.121 (depth 1, 20 lits): UNSAT in 1.26s
    cube 3694.122 (depth 1, 20 lits): UNSAT in 1.21s
    cube 3694.123 (depth 1, 20 lits): UNSAT in 5.61s
    cube 3694.124 (depth 1, 20 lits): UNSAT in 15.76s
    cube 3694.125 (depth 1, 20 lits): UNSAT in 0.01s
    cube 3694.126 (depth 1, 20 lits): UNSAT in 0.02s
    cube 3694.127 (depth 1, 20 lits): UNSAT in 0.03s
    cube 3694.128 (depth 1, 20 lits): UNSAT in 0.04s
    cube 3694.129 (depth 1, 20 lits): UNSAT in 0.02s
    cube 3694.130 (depth 1, 20 lits): UNSAT in 0.04s
    cube 3694.131 (depth 1, 20 lits): UNSAT in 0.06s
    cube 3694.132 (depth 1, 20 lits): UNSAT in 0.09s
    cube 3694.133 (depth 1, 20 lits): UNSAT in 0.02s
    cube 3694.134 (depth 1, 20 lits): UNSAT in 0.05s
    cube 3694.135 (depth 1, 20 lits): UNSAT in 0.02s
    cube 3694.136 (depth 1, 20 lits): UNSAT in 0.04s
    cube 3694.137 (depth 1, 20 lits): UNSAT in 0.05s
    cube 3694.138 (depth 1, 20 lits): UNSAT in 0.15s
    cube 3694.139 (depth 1, 20 lits): UNSAT in 0.10s
    cube 3694.140 (depth 1, 20 lits): UNSAT in 0.95s
    cube 3694.141 (depth 1, 20 lits): UNSAT in 0.03s
    cube 3694.142 (depth 1, 20 lits): UNSAT in 0.08s
    cube 3694.143 (depth 1, 20 lits): UNSAT in 0.20s
    cube 3694.144 (depth 1, 20 lits): UNSAT in 0.47s
    cube 3694.145 (depth 1, 20 lits): UNSAT in 0.04s
    cube 3694.146 (depth 1, 20 lits): UNSAT in 0.24s
    cube 3694.147 (depth 1, 20 lits): UNSAT in 0.08s
    cube 3694.148 (depth 1, 20 lits): UNSAT in 0.62s
    cube 3694.149 (depth 1, 20 lits): UNSAT in 0.21s
    cube 3694.150 (depth 1, 20 lits): UNSAT in 0.39s
    cube 3694.151 (depth 1, 20 lits): UNSAT in 0.17s
    cube 3694.152 (depth 1, 20 lits): UNSAT in 0.82s
    cube 3694.153 (depth 1, 20 lits): UNSAT in 0.19s
    cube 3694.154 (depth 1, 20 lits): UNSAT in 1.36s
    cube 3694.155 (depth 1, 20 lits): UNSAT in 2.50s
    cube 3694.156 (depth 1, 20 lits): UNSAT in 3.59s
    cube 3694.157 (depth 1, 20 lits): UNSAT in 0.05s
    cube 3694.158 (depth 1, 20 lits): UNSAT in 0.31s
    cube 3694.159 (depth 1, 20 lits): UNSAT in 0.15s
    cube 3694.160 (depth 1, 20 lits): UNSAT in 0.84s
    cube 3694.161 (depth 1, 20 lits): UNSAT in 0.19s
    cube 3694.162 (depth 1, 20 lits): UNSAT in 0.90s
    cube 3694.163 (depth 1, 20 lits): UNSAT in 0.49s
    cube 3694.164 (depth 1, 20 lits): UNSAT in 1.52s
    cube 3694.165 (depth 1, 20 lits): UNSAT in 0.61s
    cube 3694.166 (depth 1, 20 lits): UNSAT in 0.30s
    cube 3694.167 (depth 1, 20 lits): UNSAT in 0.91s
    cube 3694.168 (depth 1, 20 lits): UNSAT in 2.13s
    cube 3694.169 (depth 1, 20 lits): UNSAT in 0.41s
    cube 3694.170 (depth 1, 20 lits): UNSAT in 2.10s
    cube 3694.171 (depth 1, 20 lits): UNSAT in 2.08s
    cube 3694.172 (depth 1, 20 lits): UNSAT in 2.65s
    cube 3694.173 (depth 1, 20 lits): UNSAT in 0.09s
    cube 3694.174 (depth 1, 20 lits): UNSAT in 0.47s
    cube 3694.175 (depth 1, 20 lits): UNSAT in 0.27s
    cube 3694.176 (depth 1, 20 lits): UNSAT in 0.84s
    cube 3694.177 (depth 1, 20 lits): UNSAT in 0.18s
    cube 3694.178 (depth 1, 20 lits): UNSAT in 1.90s
    cube 3694.179 (depth 1, 20 lits): UNSAT in 2.30s
    cube 3694.180 (depth 1, 20 lits): UNSAT in 5.67s
    cube 3694.181 (depth 1, 20 lits): UNSAT in 0.21s
    cube 3694.182 (depth 1, 20 lits): UNSAT in 2.82s
    cube 3694.183 (depth 1, 20 lits): UNSAT in 3.74s
    cube 3694.184 (depth 1, 20 lits): UNSAT in 12.44s
    cube 3694.185 (depth 1, 20 lits): UNSAT in 2.01s
    cube 3694.186 (depth 1, 20 lits): UNSAT in 7.94s
    cube 3694.187 (depth 1, 20 lits): UNSAT in 11.34s
    cube 3694.188 (depth 1, 20 lits): UNSAT in 176.33s
    cube 3694.189 (depth 1, 20 lits): UNSAT in 0.04s
    cube 3694.190 (depth 1, 20 lits): UNSAT in 0.06s
    cube 3694.191 (depth 1, 20 lits): UNSAT in 0.18s
    cube 3694.192 (depth 1, 20 lits): UNSAT in 0.11s
    cube 3694.193 (depth 1, 20 lits): UNSAT in 0.24s
    cube 3694.194 (depth 1, 20 lits): UNSAT in 0.42s
    cube 3694.195 (depth 1, 20 lits): UNSAT in 0.73s
    cube 3694.196 (depth 1, 20 lits): UNSAT in 1.97s
    cube 3694.197 (depth 1, 20 lits): UNSAT in 0.22s
    cube 3694.198 (depth 1, 20 lits): UNSAT in 0.24s
    cube 3694.199 (depth 1, 20 lits): UNSAT in 0.50s
    cube 3694.200 (depth 1, 20 lits): UNSAT in 2.15s
    cube 3694.201 (depth 1, 20 lits): UNSAT in 0.39s
    cube 3694.202 (depth 1, 20 lits): UNSAT in 0.68s
    cube 3694.203 (depth 1, 20 lits): UNSAT in 0.78s
    cube 3694.204 (depth 1, 20 lits): UNSAT in 7.33s
    cube 3694.205 (depth 1, 20 lits): UNSAT in 0.08s
    cube 3694.206 (depth 1, 20 lits): UNSAT in 0.28s
    cube 3694.207 (depth 1, 20 lits): UNSAT in 0.24s
    cube 3694.208 (depth 1, 20 lits): UNSAT in 0.88s
    cube 3694.209 (depth 1, 20 lits): UNSAT in 0.22s
    cube 3694.210 (depth 1, 20 lits): UNSAT in 0.39s
    cube 3694.211 (depth 1, 20 lits): UNSAT in 0.50s
    cube 3694.212 (depth 1, 20 lits): UNSAT in 4.71s
    cube 3694.213 (depth 1, 20 lits): UNSAT in 0.28s
    cube 3694.214 (depth 1, 20 lits): UNSAT in 2.78s
    cube 3694.215 (depth 1, 20 lits): UNSAT in 4.10s
    cube 3694.216 (depth 1, 20 lits): UNSAT in 4.47s
    cube 3694.217 (depth 1, 20 lits): UNSAT in 2.57s
    cube 3694.218 (depth 1, 20 lits): UNSAT in 8.07s
    cube 3694.219 (depth 1, 20 lits): UNSAT in 6.11s
    cube 3694.220 (depth 1, 20 lits): UNSAT in 306.35s
    cube 3694.221 (depth 1, 20 lits): UNSAT in 0.21s
    cube 3694.222 (depth 1, 20 lits): UNSAT in 0.26s
    cube 3694.223 (depth 1, 20 lits): UNSAT in 0.39s
    cube 3694.224 (depth 1, 20 lits): UNSAT in 3.54s
    cube 3694.225 (depth 1, 20 lits): UNSAT in 0.18s
    cube 3694.226 (depth 1, 20 lits): UNSAT in 2.62s
    cube 3694.227 (depth 1, 20 lits): UNSAT in 1.78s
    cube 3694.228 (depth 1, 20 lits): UNSAT in 2.77s
    cube 3694.229 (depth 1, 20 lits): UNSAT in 0.97s
    cube 3694.230 (depth 1, 20 lits): UNSAT in 9.19s
    cube 3694.231 (depth 1, 20 lits): UNSAT in 1.23s
    cube 3694.232 (depth 1, 20 lits): UNSAT in 22.57s
    cube 3694.233 (depth 1, 20 lits): UNSAT in 1.59s
    cube 3694.234 (depth 1, 20 lits): UNSAT in 12.40s
    cube 3694.235 (depth 1, 20 lits): UNSAT in 14.71s
    cube 3694.236 (depth 1, 20 lits): UNSAT in 327.56s
    cube 3694.237 (depth 1, 20 lits): UNSAT in 0.37s
    cube 3694.238 (depth 1, 20 lits): UNSAT in 5.33s
    cube 3694.239 (depth 1, 20 lits): UNSAT in 2.97s
    cube 3694.240 (depth 1, 20 lits): UNSAT in 8.12s
    cube 3694.241 (depth 1, 20 lits): UNSAT in 2.06s
    cube 3694.242 (depth 1, 20 lits): UNSAT in 12.06s
    cube 3694.243 (depth 1, 20 lits): UNSAT in 24.44s
    cube 3694.244 (depth 1, 20 lits): UNSAT in 462.89s
    cube 3694.245 (depth 1, 20 lits): UNSAT in 5.41s
    cube 3694.246 (depth 1, 20 lits): UNSAT in 36.50s
    cube 3694.247 (depth 1, 20 lits): UNSAT in 11.19s
    cube 3694.248 (depth 1, 20 lits): UNSAT in 420.32s
    cube 3694.249 (depth 1, 20 lits): UNSAT in 45.58s
    cube 3694.250 (depth 1, 20 lits): UNSAT in 1066.29s
    cube 3694.251 (depth 1, 20 lits): UNSAT in 74.05s
    cube 3694.252 (depth 1, 20 lits): TIMEOUT in 1200.06s
    cube 3694.252 TIMEOUT -> re-split into 245 sub-cubes (depth 2)
    cube 3694.252.0 (depth 2, 27 lits): UNSAT in 0.02s
    cube 3694.252.1 (depth 2, 28 lits): UNSAT in 0.01s
    cube 3694.252.2 (depth 2, 28 lits): UNSAT in 0.02s
    cube 3694.252.3 (depth 2, 27 lits): UNSAT in 0.01s
    cube 3694.252.4 (depth 2, 28 lits): UNSAT in 0.01s
    cube 3694.252.5 (depth 2, 28 lits): UNSAT in 0.02s
    cube 3694.252.6 (depth 2, 28 lits): UNSAT in 0.01s
    cube 3694.252.7 (depth 2, 28 lits): UNSAT in 0.01s
    cube 3694.252.8 (depth 2, 28 lits): UNSAT in 0.01s
    cube 3694.252.9 (depth 2, 28 lits): UNSAT in 0.02s
    cube 3694.252.10 (depth 2, 27 lits): UNSAT in 0.01s
    cube 3694.252.11 (depth 2, 28 lits): UNSAT in 0.03s
    cube 3694.252.12 (depth 2, 28 lits): UNSAT in 0.02s
    cube 3694.252.13 (depth 2, 27 lits): UNSAT in 0.01s
    cube 3694.252.14 (depth 2, 28 lits): UNSAT in 0.01s
    cube 3694.252.15 (depth 2, 28 lits): UNSAT in 0.02s
    cube 3694.252.16 (depth 2, 28 lits): UNSAT in 0.01s
    cube 3694.252.17 (depth 2, 28 lits): UNSAT in 0.01s
    cube 3694.252.18 (depth 2, 27 lits): UNSAT in 0.01s
    cube 3694.252.19 (depth 2, 27 lits): UNSAT in 0.01s
    cube 3694.252.20 (depth 2, 28 lits): UNSAT in 0.01s
    cube 3694.252.21 (depth 2, 28 lits): UNSAT in 0.02s
    cube 3694.252.22 (depth 2, 28 lits): UNSAT in 0.04s
    cube 3694.252.23 (depth 2, 28 lits): UNSAT in 0.05s
    cube 3694.252.24 (depth 2, 28 lits): UNSAT in 0.03s
    cube 3694.252.25 (depth 2, 28 lits): UNSAT in 0.06s
    cube 3694.252.26 (depth 2, 28 lits): UNSAT in 0.01s
    cube 3694.252.27 (depth 2, 28 lits): UNSAT in 0.01s
    cube 3694.252.28 (depth 2, 28 lits): UNSAT in 0.03s
    cube 3694.252.29 (depth 2, 28 lits): UNSAT in 0.04s
    cube 3694.252.30 (depth 2, 27 lits): UNSAT in 0.02s
    cube 3694.252.31 (depth 2, 28 lits): UNSAT in 0.02s
    cube 3694.252.32 (depth 2, 28 lits): UNSAT in 0.07s
    cube 3694.252.33 (depth 2, 28 lits): UNSAT in 0.02s
    cube 3694.252.34 (depth 2, 28 lits): UNSAT in 0.02s
    cube 3694.252.35 (depth 2, 28 lits): UNSAT in 0.01s
    cube 3694.252.36 (depth 2, 28 lits): UNSAT in 0.02s
    cube 3694.252.37 (depth 2, 28 lits): UNSAT in 0.03s
    cube 3694.252.38 (depth 2, 28 lits): UNSAT in 0.04s
    cube 3694.252.39 (depth 2, 28 lits): UNSAT in 0.08s
    cube 3694.252.40 (depth 2, 28 lits): UNSAT in 0.28s
    cube 3694.252.41 (depth 2, 28 lits): UNSAT in 0.03s
    cube 3694.252.42 (depth 2, 28 lits): UNSAT in 0.04s
    cube 3694.252.43 (depth 2, 28 lits): UNSAT in 0.02s
    cube 3694.252.44 (depth 2, 28 lits): UNSAT in 0.05s
    cube 3694.252.45 (depth 2, 28 lits): UNSAT in 0.04s
    cube 3694.252.46 (depth 2, 28 lits): UNSAT in 0.05s
    cube 3694.252.47 (depth 2, 28 lits): UNSAT in 0.06s
    cube 3694.252.48 (depth 2, 28 lits): UNSAT in 0.14s
    cube 3694.252.49 (depth 2, 28 lits): UNSAT in 0.03s
    cube 3694.252.50 (depth 2, 28 lits): UNSAT in 0.07s
    cube 3694.252.51 (depth 2, 28 lits): UNSAT in 0.05s
    cube 3694.252.52 (depth 2, 28 lits): UNSAT in 0.05s
    cube 3694.252.53 (depth 2, 28 lits): UNSAT in 0.05s
    cube 3694.252.54 (depth 2, 28 lits): UNSAT in 0.07s
    cube 3694.252.55 (depth 2, 28 lits): UNSAT in 0.32s
    cube 3694.252.56 (depth 2, 28 lits): UNSAT in 0.28s
    cube 3694.252.57 (depth 2, 28 lits): UNSAT in 0.01s
    cube 3694.252.58 (depth 2, 28 lits): UNSAT in 0.01s
    cube 3694.252.59 (depth 2, 27 lits): UNSAT in 0.01s
    cube 3694.252.60 (depth 2, 28 lits): UNSAT in 0.02s
    cube 3694.252.61 (depth 2, 28 lits): UNSAT in 0.03s
    cube 3694.252.62 (depth 2, 28 lits): UNSAT in 0.01s
    cube 3694.252.63 (depth 2, 28 lits): UNSAT in 0.05s
    cube 3694.252.64 (depth 2, 28 lits): UNSAT in 0.01s
    cube 3694.252.65 (depth 2, 28 lits): UNSAT in 0.01s
    cube 3694.252.66 (depth 2, 28 lits): UNSAT in 0.03s
    cube 3694.252.67 (depth 2, 28 lits): UNSAT in 0.07s
    cube 3694.252.68 (depth 2, 28 lits): UNSAT in 0.01s
    cube 3694.252.69 (depth 2, 28 lits): UNSAT in 0.02s
    cube 3694.252.70 (depth 2, 28 lits): UNSAT in 0.06s
    cube 3694.252.71 (depth 2, 28 lits): UNSAT in 0.23s
    cube 3694.252.72 (depth 2, 28 lits): UNSAT in 0.02s
    cube 3694.252.73 (depth 2, 28 lits): UNSAT in 0.02s
    cube 3694.252.74 (depth 2, 28 lits): UNSAT in 0.02s
    cube 3694.252.75 (depth 2, 28 lits): UNSAT in 0.05s
    cube 3694.252.76 (depth 2, 28 lits): UNSAT in 0.02s
    cube 3694.252.77 (depth 2, 28 lits): UNSAT in 0.03s
    cube 3694.252.78 (depth 2, 28 lits): UNSAT in 0.02s
    cube 3694.252.79 (depth 2, 28 lits): UNSAT in 0.11s
    cube 3694.252.80 (depth 2, 28 lits): UNSAT in 0.03s
    cube 3694.252.81 (depth 2, 28 lits): UNSAT in 0.04s
    cube 3694.252.82 (depth 2, 28 lits): UNSAT in 0.03s
    cube 3694.252.83 (depth 2, 28 lits): UNSAT in 0.05s
    cube 3694.252.84 (depth 2, 28 lits): UNSAT in 0.12s
    cube 3694.252.85 (depth 2, 28 lits): UNSAT in 0.20s
    cube 3694.252.86 (depth 2, 28 lits): UNSAT in 0.16s
    cube 3694.252.87 (depth 2, 28 lits): UNSAT in 0.28s
    cube 3694.252.88 (depth 2, 28 lits): UNSAT in 0.02s
    cube 3694.252.89 (depth 2, 28 lits): UNSAT in 0.07s
    cube 3694.252.90 (depth 2, 28 lits): UNSAT in 0.07s
    cube 3694.252.91 (depth 2, 28 lits): UNSAT in 0.19s
    cube 3694.252.92 (depth 2, 28 lits): UNSAT in 0.03s
    cube 3694.252.93 (depth 2, 28 lits): UNSAT in 0.04s
    cube 3694.252.94 (depth 2, 28 lits): UNSAT in 0.12s
    cube 3694.252.95 (depth 2, 28 lits): UNSAT in 0.15s
    cube 3694.252.96 (depth 2, 28 lits): UNSAT in 0.10s
    cube 3694.252.97 (depth 2, 28 lits): UNSAT in 0.12s
    cube 3694.252.98 (depth 2, 28 lits): UNSAT in 0.10s
    cube 3694.252.99 (depth 2, 28 lits): UNSAT in 0.55s
    cube 3694.252.100 (depth 2, 28 lits): UNSAT in 0.29s
    cube 3694.252.101 (depth 2, 28 lits): UNSAT in 0.49s
    cube 3694.252.102 (depth 2, 28 lits): UNSAT in 0.83s
    cube 3694.252.103 (depth 2, 28 lits): UNSAT in 0.82s
    cube 3694.252.104 (depth 2, 28 lits): UNSAT in 0.02s
    cube 3694.252.105 (depth 2, 28 lits): UNSAT in 0.04s
    cube 3694.252.106 (depth 2, 28 lits): UNSAT in 0.15s
    cube 3694.252.107 (depth 2, 28 lits): UNSAT in 0.24s
    cube 3694.252.108 (depth 2, 28 lits): UNSAT in 0.09s
    cube 3694.252.109 (depth 2, 28 lits): UNSAT in 0.19s
    cube 3694.252.110 (depth 2, 28 lits): UNSAT in 0.11s
    cube 3694.252.111 (depth 2, 28 lits): UNSAT in 0.23s
    cube 3694.252.112 (depth 2, 28 lits): UNSAT in 0.02s
    cube 3694.252.113 (depth 2, 28 lits): UNSAT in 0.05s
    cube 3694.252.114 (depth 2, 28 lits): UNSAT in 0.24s
    cube 3694.252.115 (depth 2, 28 lits): UNSAT in 0.21s
    cube 3694.252.116 (depth 2, 28 lits): UNSAT in 1.75s
    cube 3694.252.117 (depth 2, 28 lits): UNSAT in 2.32s
    cube 3694.252.118 (depth 2, 28 lits): UNSAT in 1.98s
    cube 3694.252.119 (depth 2, 28 lits): UNSAT in 10.71s
    cube 3694.252.120 (depth 2, 27 lits): UNSAT in 0.01s
    cube 3694.252.121 (depth 2, 28 lits): UNSAT in 0.01s
    cube 3694.252.122 (depth 2, 28 lits): UNSAT in 0.02s
    cube 3694.252.123 (depth 2, 28 lits): UNSAT in 0.01s
    cube 3694.252.124 (depth 2, 28 lits): UNSAT in 0.02s
    cube 3694.252.125 (depth 2, 28 lits): UNSAT in 0.01s
    cube 3694.252.126 (depth 2, 28 lits): UNSAT in 0.04s
    cube 3694.252.127 (depth 2, 28 lits): UNSAT in 0.01s
    cube 3694.252.128 (depth 2, 28 lits): UNSAT in 0.02s
    cube 3694.252.129 (depth 2, 28 lits): UNSAT in 0.01s
    cube 3694.252.130 (depth 2, 28 lits): UNSAT in 0.02s
    cube 3694.252.131 (depth 2, 28 lits): UNSAT in 0.02s
    cube 3694.252.132 (depth 2, 28 lits): UNSAT in 0.03s
    cube 3694.252.133 (depth 2, 28 lits): UNSAT in 0.03s
    cube 3694.252.134 (depth 2, 28 lits): UNSAT in 0.05s
    cube 3694.252.135 (depth 2, 28 lits): UNSAT in 0.02s
    cube 3694.252.136 (depth 2, 28 lits): UNSAT in 0.03s
    cube 3694.252.137 (depth 2, 28 lits): UNSAT in 0.01s
    cube 3694.252.138 (depth 2, 28 lits): UNSAT in 0.03s
    cube 3694.252.139 (depth 2, 28 lits): UNSAT in 0.03s
    cube 3694.252.140 (depth 2, 28 lits): UNSAT in 0.03s
    cube 3694.252.141 (depth 2, 28 lits): UNSAT in 0.03s
    cube 3694.252.142 (depth 2, 28 lits): UNSAT in 0.06s
    cube 3694.252.143 (depth 2, 28 lits): UNSAT in 0.03s
    cube 3694.252.144 (depth 2, 28 lits): UNSAT in 0.03s
    cube 3694.252.145 (depth 2, 28 lits): UNSAT in 0.02s
    cube 3694.252.146 (depth 2, 28 lits): UNSAT in 0.05s
    cube 3694.252.147 (depth 2, 28 lits): UNSAT in 0.05s
    cube 3694.252.148 (depth 2, 28 lits): UNSAT in 0.08s
    cube 3694.252.149 (depth 2, 28 lits): UNSAT in 0.05s
    cube 3694.252.150 (depth 2, 28 lits): UNSAT in 0.11s
    cube 3694.252.151 (depth 2, 27 lits): UNSAT in 0.01s
    cube 3694.252.152 (depth 2, 27 lits): UNSAT in 0.02s
    cube 3694.252.153 (depth 2, 28 lits): UNSAT in 0.03s
    cube 3694.252.154 (depth 2, 28 lits): UNSAT in 0.02s
    cube 3694.252.155 (depth 2, 28 lits): UNSAT in 0.03s
    cube 3694.252.156 (depth 2, 28 lits): UNSAT in 0.04s
    cube 3694.252.157 (depth 2, 28 lits): UNSAT in 0.01s
    cube 3694.252.158 (depth 2, 28 lits): UNSAT in 0.02s
    cube 3694.252.159 (depth 2, 28 lits): UNSAT in 0.04s
    cube 3694.252.160 (depth 2, 28 lits): UNSAT in 0.07s
    cube 3694.252.161 (depth 2, 28 lits): UNSAT in 0.03s
    cube 3694.252.162 (depth 2, 28 lits): UNSAT in 0.06s
    cube 3694.252.163 (depth 2, 28 lits): UNSAT in 0.11s
    cube 3694.252.164 (depth 2, 28 lits): UNSAT in 0.30s
    cube 3694.252.165 (depth 2, 28 lits): UNSAT in 0.01s
    cube 3694.252.166 (depth 2, 28 lits): UNSAT in 0.02s
    cube 3694.252.167 (depth 2, 28 lits): UNSAT in 0.05s
    cube 3694.252.168 (depth 2, 28 lits): UNSAT in 0.18s
    cube 3694.252.169 (depth 2, 28 lits): UNSAT in 0.06s
    cube 3694.252.170 (depth 2, 28 lits): UNSAT in 0.07s
    cube 3694.252.171 (depth 2, 28 lits): UNSAT in 0.15s
    cube 3694.252.172 (depth 2, 28 lits): UNSAT in 0.61s
    cube 3694.252.173 (depth 2, 28 lits): UNSAT in 0.10s
    cube 3694.252.174 (depth 2, 28 lits): UNSAT in 0.19s
    cube 3694.252.175 (depth 2, 28 lits): UNSAT in 0.10s
    cube 3694.252.176 (depth 2, 28 lits): UNSAT in 0.44s
    cube 3694.252.177 (depth 2, 28 lits): UNSAT in 0.16s
    cube 3694.252.178 (depth 2, 28 lits): UNSAT in 1.23s
    cube 3694.252.179 (depth 2, 28 lits): UNSAT in 0.44s
    cube 3694.252.180 (depth 2, 28 lits): UNSAT in 6.10s
    cube 3694.252.181 (depth 2, 28 lits): UNSAT in 0.01s
    cube 3694.252.182 (depth 2, 28 lits): UNSAT in 0.02s
    cube 3694.252.183 (depth 2, 28 lits): UNSAT in 0.02s
    cube 3694.252.184 (depth 2, 28 lits): UNSAT in 0.01s
    cube 3694.252.185 (depth 2, 28 lits): UNSAT in 0.02s
    cube 3694.252.186 (depth 2, 28 lits): UNSAT in 0.02s
    cube 3694.252.187 (depth 2, 28 lits): UNSAT in 0.04s
    cube 3694.252.188 (depth 2, 28 lits): UNSAT in 0.08s
    cube 3694.252.189 (depth 2, 28 lits): UNSAT in 0.02s
    cube 3694.252.190 (depth 2, 28 lits): UNSAT in 0.05s
    cube 3694.252.191 (depth 2, 28 lits): UNSAT in 0.02s
    cube 3694.252.192 (depth 2, 28 lits): UNSAT in 0.12s
    cube 3694.252.193 (depth 2, 28 lits): UNSAT in 0.05s
    cube 3694.252.194 (depth 2, 28 lits): UNSAT in 0.09s
    cube 3694.252.195 (depth 2, 28 lits): UNSAT in 0.08s
    cube 3694.252.196 (depth 2, 28 lits): UNSAT in 0.18s
    cube 3694.252.197 (depth 2, 28 lits): UNSAT in 0.02s
    cube 3694.252.198 (depth 2, 28 lits): UNSAT in 0.02s
    cube 3694.252.199 (depth 2, 28 lits): UNSAT in 0.02s
    cube 3694.252.200 (depth 2, 28 lits): UNSAT in 0.04s
    cube 3694.252.201 (depth 2, 28 lits): UNSAT in 0.01s
    cube 3694.252.202 (depth 2, 28 lits): UNSAT in 0.04s
    cube 3694.252.203 (depth 2, 28 lits): UNSAT in 0.05s
    cube 3694.252.204 (depth 2, 28 lits): UNSAT in 0.10s
    cube 3694.252.205 (depth 2, 28 lits): UNSAT in 0.04s
    cube 3694.252.206 (depth 2, 28 lits): UNSAT in 0.15s
    cube 3694.252.207 (depth 2, 28 lits): UNSAT in 0.17s
    cube 3694.252.208 (depth 2, 28 lits): UNSAT in 0.45s
    cube 3694.252.209 (depth 2, 28 lits): UNSAT in 0.12s
    cube 3694.252.210 (depth 2, 28 lits): UNSAT in 0.27s
    cube 3694.252.211 (depth 2, 28 lits): UNSAT in 0.10s
    cube 3694.252.212 (depth 2, 28 lits): UNSAT in 0.97s
    cube 3694.252.213 (depth 2, 28 lits): UNSAT in 0.01s
    cube 3694.252.214 (depth 2, 28 lits): UNSAT in 0.03s
    cube 3694.252.215 (depth 2, 28 lits): UNSAT in 0.03s
    cube 3694.252.216 (depth 2, 28 lits): UNSAT in 0.07s
    cube 3694.252.217 (depth 2, 28 lits): UNSAT in 0.02s
    cube 3694.252.218 (depth 2, 28 lits): UNSAT in 0.21s
    cube 3694.252.219 (depth 2, 28 lits): UNSAT in 0.07s
    cube 3694.252.220 (depth 2, 28 lits): UNSAT in 0.68s
    cube 3694.252.221 (depth 2, 28 lits): UNSAT in 0.02s
    cube 3694.252.222 (depth 2, 28 lits): UNSAT in 0.06s
    cube 3694.252.223 (depth 2, 28 lits): UNSAT in 0.05s
    cube 3694.252.224 (depth 2, 28 lits): UNSAT in 0.21s
    cube 3694.252.225 (depth 2, 28 lits): UNSAT in 0.14s
    cube 3694.252.226 (depth 2, 28 lits): UNSAT in 0.10s
    cube 3694.252.227 (depth 2, 28 lits): UNSAT in 0.39s
    cube 3694.252.228 (depth 2, 28 lits): UNSAT in 2.99s
    cube 3694.252.229 (depth 2, 28 lits): UNSAT in 0.12s
    cube 3694.252.230 (depth 2, 28 lits): UNSAT in 0.41s
    cube 3694.252.231 (depth 2, 28 lits): UNSAT in 0.38s
    cube 3694.252.232 (depth 2, 28 lits): UNSAT in 0.88s
    cube 3694.252.233 (depth 2, 28 lits): UNSAT in 0.32s
    cube 3694.252.234 (depth 2, 28 lits): UNSAT in 0.48s
    cube 3694.252.235 (depth 2, 28 lits): UNSAT in 1.83s
    cube 3694.252.236 (depth 2, 28 lits): UNSAT in 11.03s
    cube 3694.252.237 (depth 2, 28 lits): UNSAT in 0.34s
    cube 3694.252.238 (depth 2, 28 lits): UNSAT in 1.04s
    cube 3694.252.239 (depth 2, 28 lits): UNSAT in 1.27s
    cube 3694.252.240 (depth 2, 28 lits): UNSAT in 20.67s
    cube 3694.252.241 (depth 2, 28 lits): UNSAT in 1.52s
    cube 3694.252.242 (depth 2, 28 lits): UNSAT in 18.14s
    cube 3694.252.243 (depth 2, 28 lits): UNSAT in 56.96s
    cube 3694.252.244 (depth 2, 28 lits): UNSAT in 217.95s

  shard 10 verdict: UNSAT (1 UNSAT, 0 unresolved) in 6030.3s
