  shard 11/20 (explicit): 35 of 4095 cubes, per-cube cap 60.0s, re-split depth 3
    batch [2559..2602] TIMEOUT in 900.0s -> per-cube fallback
    cube 2559 (depth 0, 12 lits): UNSAT in 0.09s
    cube 2562 (depth 0, 12 lits): UNSAT in 0.22s
    cube 2564 (depth 0, 12 lits): UNSAT in 0.53s
    cube 2565 (depth 0, 12 lits): UNSAT in 0.30s
    cube 2566 (depth 0, 12 lits): UNSAT in 2.64s
    cube 2567 (depth 0, 12 lits): UNSAT in 0.23s
    cube 2568 (depth 0, 12 lits): UNSAT in 1.83s
    cube 2569 (depth 0, 12 lits): UNSAT in 0.54s
    cube 2570 (depth 0, 12 lits): UNSAT in 2.81s
    cube 2571 (depth 0, 12 lits): UNSAT in 0.45s
    cube 2572 (depth 0, 12 lits): UNSAT in 1.42s
    cube 2573 (depth 0, 12 lits): UNSAT in 2.44s
    cube 2574 (depth 0, 12 lits): UNSAT in 41.40s
    cube 2575 (depth 0, 12 lits): UNSAT in 0.18s
    cube 2578 (depth 0, 12 lits): UNSAT in 2.24s
    cube 2580 (depth 0, 12 lits): UNSAT in 3.57s
    cube 2581 (depth 0, 12 lits): UNSAT in 2.61s
    cube 2582 (depth 0, 12 lits): UNSAT in 24.41s
    cube 2583 (depth 0, 12 lits): UNSAT in 1.25s
    cube 2584 (depth 0, 12 lits): UNSAT in 3.45s
    cube 2585 (depth 0, 12 lits): UNSAT in 2.79s
    cube 2586 (depth 0, 12 lits): UNSAT in 38.90s
    cube 2587 (depth 0, 12 lits): UNSAT in 2.84s
    cube 2588 (depth 0, 12 lits): UNSAT in 20.18s
    cube 2589 (depth 0, 12 lits): UNSAT in 33.07s
    cube 2590 (depth 0, 12 lits): TIMEOUT in 60.06s
    cube 2590 TIMEOUT -> re-split into 64 sub-cubes (depth 1)
    cube 2590.0 (depth 1, 18 lits): UNSAT in 0.02s
    cube 2590.1 (depth 1, 18 lits): UNSAT in 0.02s
    cube 2590.2 (depth 1, 18 lits): UNSAT in 0.08s
    cube 2590.3 (depth 1, 18 lits): UNSAT in 0.43s
    cube 2590.4 (depth 1, 18 lits): UNSAT in 0.03s
    cube 2590.5 (depth 1, 18 lits): UNSAT in 0.40s
    cube 2590.6 (depth 1, 18 lits): UNSAT in 0.26s
    cube 2590.7 (depth 1, 18 lits): UNSAT in 0.95s
    cube 2590.8 (depth 1, 18 lits): UNSAT in 0.03s
    cube 2590.9 (depth 1, 18 lits): UNSAT in 0.12s
    cube 2590.10 (depth 1, 18 lits): UNSAT in 0.08s
    cube 2590.11 (depth 1, 18 lits): UNSAT in 0.24s
    cube 2590.12 (depth 1, 18 lits): UNSAT in 0.14s
    cube 2590.13 (depth 1, 18 lits): UNSAT in 0.32s
    cube 2590.14 (depth 1, 18 lits): UNSAT in 0.34s
    cube 2590.15 (depth 1, 18 lits): UNSAT in 4.95s
    cube 2590.16 (depth 1, 18 lits): UNSAT in 0.02s
    cube 2590.17 (depth 1, 18 lits): UNSAT in 0.06s
    cube 2590.18 (depth 1, 18 lits): UNSAT in 0.04s
    cube 2590.19 (depth 1, 18 lits): UNSAT in 0.33s
    cube 2590.20 (depth 1, 18 lits): UNSAT in 0.12s
    cube 2590.21 (depth 1, 18 lits): UNSAT in 0.25s
    cube 2590.22 (depth 1, 18 lits): UNSAT in 0.39s
    cube 2590.23 (depth 1, 18 lits): UNSAT in 3.47s
    cube 2590.24 (depth 1, 18 lits): UNSAT in 0.18s
    cube 2590.25 (depth 1, 18 lits): UNSAT in 0.54s
    cube 2590.26 (depth 1, 18 lits): UNSAT in 0.43s
    cube 2590.27 (depth 1, 18 lits): UNSAT in 5.27s
    cube 2590.28 (depth 1, 18 lits): UNSAT in 0.52s
    cube 2590.29 (depth 1, 18 lits): UNSAT in 1.62s
    cube 2590.30 (depth 1, 18 lits): UNSAT in 2.38s
    cube 2590.31 (depth 1, 18 lits): UNSAT in 29.56s
    cube 2590.32 (depth 1, 18 lits): UNSAT in 0.04s
    cube 2590.33 (depth 1, 18 lits): UNSAT in 0.14s
    cube 2590.34 (depth 1, 18 lits): UNSAT in 0.25s
    cube 2590.35 (depth 1, 18 lits): UNSAT in 1.66s
    cube 2590.36 (depth 1, 18 lits): UNSAT in 0.14s
    cube 2590.37 (depth 1, 18 lits): UNSAT in 1.30s
    cube 2590.38 (depth 1, 18 lits): UNSAT in 1.23s
    cube 2590.39 (depth 1, 18 lits): UNSAT in 6.35s
    cube 2590.40 (depth 1, 18 lits): UNSAT in 0.10s
    cube 2590.41 (depth 1, 18 lits): UNSAT in 0.52s
    cube 2590.42 (depth 1, 18 lits): UNSAT in 0.68s
    cube 2590.43 (depth 1, 18 lits): UNSAT in 2.55s
    cube 2590.44 (depth 1, 18 lits): UNSAT in 0.53s
    cube 2590.45 (depth 1, 18 lits): UNSAT in 9.15s
    cube 2590.46 (depth 1, 18 lits): UNSAT in 2.94s
    cube 2590.47 (depth 1, 18 lits): TIMEOUT in 60.06s
    cube 2590.47 TIMEOUT -> re-split into 63 sub-cubes (depth 2)
    cube 2590.47.0 (depth 2, 24 lits): UNSAT in 0.01s
    cube 2590.47.1 (depth 2, 24 lits): UNSAT in 0.02s
    cube 2590.47.2 (depth 2, 24 lits): UNSAT in 0.02s
    cube 2590.47.3 (depth 2, 24 lits): UNSAT in 0.03s
    cube 2590.47.4 (depth 2, 23 lits): UNSAT in 0.01s
    cube 2590.47.5 (depth 2, 24 lits): UNSAT in 0.02s
    cube 2590.47.6 (depth 2, 24 lits): UNSAT in 0.02s
    cube 2590.47.7 (depth 2, 24 lits): UNSAT in 0.02s
    cube 2590.47.8 (depth 2, 24 lits): UNSAT in 0.03s
    cube 2590.47.9 (depth 2, 24 lits): UNSAT in 0.01s
    cube 2590.47.10 (depth 2, 24 lits): UNSAT in 0.05s
    cube 2590.47.11 (depth 2, 24 lits): UNSAT in 0.02s
    cube 2590.47.12 (depth 2, 24 lits): UNSAT in 0.03s
    cube 2590.47.13 (depth 2, 24 lits): UNSAT in 0.05s
    cube 2590.47.14 (depth 2, 24 lits): UNSAT in 0.41s
    cube 2590.47.15 (depth 2, 24 lits): UNSAT in 0.02s
    cube 2590.47.16 (depth 2, 24 lits): UNSAT in 0.02s
    cube 2590.47.17 (depth 2, 24 lits): UNSAT in 0.02s
    cube 2590.47.18 (depth 2, 24 lits): UNSAT in 0.08s
    cube 2590.47.19 (depth 2, 24 lits): UNSAT in 0.02s
    cube 2590.47.20 (depth 2, 24 lits): UNSAT in 0.03s
    cube 2590.47.21 (depth 2, 24 lits): UNSAT in 0.03s
    cube 2590.47.22 (depth 2, 24 lits): UNSAT in 0.05s
    cube 2590.47.23 (depth 2, 24 lits): UNSAT in 0.05s
    cube 2590.47.24 (depth 2, 24 lits): UNSAT in 0.07s
    cube 2590.47.25 (depth 2, 24 lits): UNSAT in 0.10s
    cube 2590.47.26 (depth 2, 24 lits): UNSAT in 0.25s
    cube 2590.47.27 (depth 2, 24 lits): UNSAT in 0.07s
    cube 2590.47.28 (depth 2, 24 lits): UNSAT in 0.36s
    cube 2590.47.29 (depth 2, 24 lits): UNSAT in 0.47s
    cube 2590.47.30 (depth 2, 24 lits): UNSAT in 2.74s
    cube 2590.47.31 (depth 2, 24 lits): UNSAT in 0.02s
    cube 2590.47.32 (depth 2, 24 lits): UNSAT in 0.06s
    cube 2590.47.33 (depth 2, 24 lits): UNSAT in 0.04s
    cube 2590.47.34 (depth 2, 24 lits): UNSAT in 0.10s
    cube 2590.47.35 (depth 2, 24 lits): UNSAT in 0.04s
    cube 2590.47.36 (depth 2, 24 lits): UNSAT in 0.18s
    cube 2590.47.37 (depth 2, 24 lits): UNSAT in 0.11s
    cube 2590.47.38 (depth 2, 24 lits): UNSAT in 0.52s
    cube 2590.47.39 (depth 2, 24 lits): UNSAT in 0.02s
    cube 2590.47.40 (depth 2, 24 lits): UNSAT in 0.07s
    cube 2590.47.41 (depth 2, 24 lits): UNSAT in 0.04s
    cube 2590.47.42 (depth 2, 24 lits): UNSAT in 0.80s
    cube 2590.47.43 (depth 2, 24 lits): UNSAT in 0.12s
    cube 2590.47.44 (depth 2, 24 lits): UNSAT in 0.39s
    cube 2590.47.45 (depth 2, 24 lits): UNSAT in 0.28s
    cube 2590.47.46 (depth 2, 24 lits): UNSAT in 3.42s
    cube 2590.47.47 (depth 2, 24 lits): UNSAT in 0.02s
    cube 2590.47.48 (depth 2, 24 lits): UNSAT in 0.05s
    cube 2590.47.49 (depth 2, 24 lits): UNSAT in 0.16s
    cube 2590.47.50 (depth 2, 24 lits): UNSAT in 1.07s
    cube 2590.47.51 (depth 2, 24 lits): UNSAT in 0.13s
    cube 2590.47.52 (depth 2, 24 lits): UNSAT in 2.25s
    cube 2590.47.53 (depth 2, 24 lits): UNSAT in 0.35s
    cube 2590.47.54 (depth 2, 24 lits): UNSAT in 7.65s
    cube 2590.47.55 (depth 2, 24 lits): UNSAT in 0.10s
    cube 2590.47.56 (depth 2, 24 lits): UNSAT in 1.22s
    cube 2590.47.57 (depth 2, 24 lits): UNSAT in 0.46s
    cube 2590.47.58 (depth 2, 24 lits): UNSAT in 8.61s
    cube 2590.47.59 (depth 2, 24 lits): UNSAT in 1.59s
    cube 2590.47.60 (depth 2, 24 lits): UNSAT in 23.65s
    cube 2590.47.61 (depth 2, 24 lits): UNSAT in 16.37s
    cube 2590.47.62 (depth 2, 24 lits): TIMEOUT in 60.06s
    cube 2590.47.62 TIMEOUT -> re-split into 62 sub-cubes (depth 3)
    cube 2590.47.62.0 (depth 3, 29 lits): UNSAT in 0.02s
    cube 2590.47.62.1 (depth 3, 30 lits): UNSAT in 0.01s
    cube 2590.47.62.2 (depth 3, 30 lits): UNSAT in 0.02s
    cube 2590.47.62.3 (depth 3, 30 lits): UNSAT in 0.01s
    cube 2590.47.62.4 (depth 3, 30 lits): UNSAT in 0.03s
    cube 2590.47.62.5 (depth 3, 30 lits): UNSAT in 0.03s
    cube 2590.47.62.6 (depth 3, 30 lits): UNSAT in 0.11s
    cube 2590.47.62.7 (depth 3, 30 lits): UNSAT in 0.01s
    cube 2590.47.62.8 (depth 3, 30 lits): UNSAT in 0.02s
    cube 2590.47.62.9 (depth 3, 30 lits): UNSAT in 0.01s
    cube 2590.47.62.10 (depth 3, 30 lits): UNSAT in 0.07s
    cube 2590.47.62.11 (depth 3, 30 lits): UNSAT in 0.02s
    cube 2590.47.62.12 (depth 3, 30 lits): UNSAT in 0.11s
    cube 2590.47.62.13 (depth 3, 30 lits): UNSAT in 0.09s
    cube 2590.47.62.14 (depth 3, 30 lits): UNSAT in 1.23s
    cube 2590.47.62.15 (depth 3, 29 lits): UNSAT in 0.01s
    cube 2590.47.62.16 (depth 3, 30 lits): UNSAT in 0.02s
    cube 2590.47.62.17 (depth 3, 30 lits): UNSAT in 0.02s
    cube 2590.47.62.18 (depth 3, 30 lits): UNSAT in 0.01s
    cube 2590.47.62.19 (depth 3, 30 lits): UNSAT in 0.04s
    cube 2590.47.62.20 (depth 3, 30 lits): UNSAT in 0.04s
    cube 2590.47.62.21 (depth 3, 30 lits): UNSAT in 0.25s
    cube 2590.47.62.22 (depth 3, 30 lits): UNSAT in 0.02s
    cube 2590.47.62.23 (depth 3, 30 lits): UNSAT in 0.05s
    cube 2590.47.62.24 (depth 3, 30 lits): UNSAT in 0.07s
    cube 2590.47.62.25 (depth 3, 30 lits): UNSAT in 0.23s
    cube 2590.47.62.26 (depth 3, 30 lits): UNSAT in 0.20s
    cube 2590.47.62.27 (depth 3, 30 lits): UNSAT in 1.34s
    cube 2590.47.62.28 (depth 3, 30 lits): UNSAT in 1.33s
    cube 2590.47.62.29 (depth 3, 30 lits): UNSAT in 10.27s
    cube 2590.47.62.30 (depth 3, 30 lits): UNSAT in 0.02s
    cube 2590.47.62.31 (depth 3, 30 lits): UNSAT in 0.06s
    cube 2590.47.62.32 (depth 3, 30 lits): UNSAT in 0.04s
    cube 2590.47.62.33 (depth 3, 30 lits): UNSAT in 0.11s
    cube 2590.47.62.34 (depth 3, 30 lits): UNSAT in 0.11s
    cube 2590.47.62.35 (depth 3, 30 lits): UNSAT in 0.12s
    cube 2590.47.62.36 (depth 3, 30 lits): UNSAT in 0.26s
    cube 2590.47.62.37 (depth 3, 30 lits): UNSAT in 1.53s
    cube 2590.47.62.38 (depth 3, 30 lits): UNSAT in 0.04s
    cube 2590.47.62.39 (depth 3, 30 lits): UNSAT in 0.23s
    cube 2590.47.62.40 (depth 3, 30 lits): UNSAT in 0.24s
    cube 2590.47.62.41 (depth 3, 30 lits): UNSAT in 0.31s
    cube 2590.47.62.42 (depth 3, 30 lits): UNSAT in 0.25s
    cube 2590.47.62.43 (depth 3, 30 lits): UNSAT in 0.73s
    cube 2590.47.62.44 (depth 3, 30 lits): UNSAT in 2.45s
    cube 2590.47.62.45 (depth 3, 30 lits): UNSAT in 21.80s
    cube 2590.47.62.46 (depth 3, 30 lits): UNSAT in 0.02s
    cube 2590.47.62.47 (depth 3, 30 lits): UNSAT in 0.06s
    cube 2590.47.62.48 (depth 3, 30 lits): UNSAT in 0.05s
    cube 2590.47.62.49 (depth 3, 30 lits): UNSAT in 0.18s
    cube 2590.47.62.50 (depth 3, 30 lits): UNSAT in 0.08s
    cube 2590.47.62.51 (depth 3, 30 lits): UNSAT in 0.19s
    cube 2590.47.62.52 (depth 3, 30 lits): UNSAT in 0.14s
    cube 2590.47.62.53 (depth 3, 30 lits): UNSAT in 2.62s
    cube 2590.47.62.54 (depth 3, 30 lits): UNSAT in 0.02s
    cube 2590.47.62.55 (depth 3, 30 lits): UNSAT in 0.13s
    cube 2590.47.62.56 (depth 3, 30 lits): UNSAT in 0.32s
    cube 2590.47.62.57 (depth 3, 30 lits): UNSAT in 0.88s
    cube 2590.47.62.58 (depth 3, 30 lits): UNSAT in 0.08s
    cube 2590.47.62.59 (depth 3, 30 lits): UNSAT in 0.48s
    cube 2590.47.62.60 (depth 3, 30 lits): UNSAT in 0.55s
    cube 2590.47.62.61 (depth 3, 30 lits): UNSAT in 15.06s
    cube 2590.48 (depth 1, 18 lits): UNSAT in 0.20s
    cube 2590.49 (depth 1, 18 lits): UNSAT in 2.07s
    cube 2590.50 (depth 1, 18 lits): UNSAT in 1.57s
    cube 2590.51 (depth 1, 18 lits): UNSAT in 12.05s
    cube 2590.52 (depth 1, 18 lits): UNSAT in 0.98s
    cube 2590.53 (depth 1, 18 lits): UNSAT in 5.93s
    cube 2590.54 (depth 1, 18 lits): UNSAT in 3.23s
    cube 2590.55 (depth 1, 18 lits): TIMEOUT in 60.04s
    cube 2590.55 TIMEOUT -> re-split into 63 sub-cubes (depth 2)
    cube 2590.55.0 (depth 2, 23 lits): UNSAT in 0.01s
    cube 2590.55.1 (depth 2, 24 lits): UNSAT in 0.01s
    cube 2590.55.2 (depth 2, 24 lits): UNSAT in 0.02s
    cube 2590.55.3 (depth 2, 24 lits): UNSAT in 0.02s
    cube 2590.55.4 (depth 2, 24 lits): UNSAT in 0.02s
    cube 2590.55.5 (depth 2, 24 lits): UNSAT in 0.02s
    cube 2590.55.6 (depth 2, 24 lits): UNSAT in 0.05s
    cube 2590.55.7 (depth 2, 24 lits): UNSAT in 0.02s
    cube 2590.55.8 (depth 2, 24 lits): UNSAT in 0.01s
    cube 2590.55.9 (depth 2, 24 lits): UNSAT in 0.02s
    cube 2590.55.10 (depth 2, 24 lits): UNSAT in 0.06s
    cube 2590.55.11 (depth 2, 24 lits): UNSAT in 0.01s
    cube 2590.55.12 (depth 2, 24 lits): UNSAT in 0.01s
    cube 2590.55.13 (depth 2, 24 lits): UNSAT in 0.09s
    cube 2590.55.14 (depth 2, 24 lits): UNSAT in 0.44s
    cube 2590.55.15 (depth 2, 24 lits): UNSAT in 0.01s
    cube 2590.55.16 (depth 2, 24 lits): UNSAT in 0.02s
    cube 2590.55.17 (depth 2, 24 lits): UNSAT in 0.02s
    cube 2590.55.18 (depth 2, 24 lits): UNSAT in 0.03s
    cube 2590.55.19 (depth 2, 24 lits): UNSAT in 0.02s
    cube 2590.55.20 (depth 2, 24 lits): UNSAT in 0.08s
    cube 2590.55.21 (depth 2, 24 lits): UNSAT in 0.16s
    cube 2590.55.22 (depth 2, 24 lits): UNSAT in 0.50s
    cube 2590.55.23 (depth 2, 24 lits): UNSAT in 0.01s
    cube 2590.55.24 (depth 2, 24 lits): UNSAT in 0.07s
    cube 2590.55.25 (depth 2, 24 lits): UNSAT in 0.07s
    cube 2590.55.26 (depth 2, 24 lits): UNSAT in 0.13s
    cube 2590.55.27 (depth 2, 24 lits): UNSAT in 0.04s
    cube 2590.55.28 (depth 2, 24 lits): UNSAT in 0.16s
    cube 2590.55.29 (depth 2, 24 lits): UNSAT in 0.18s
    cube 2590.55.30 (depth 2, 24 lits): UNSAT in 0.43s
    cube 2590.55.31 (depth 2, 24 lits): UNSAT in 0.02s
    cube 2590.55.32 (depth 2, 24 lits): UNSAT in 0.04s
    cube 2590.55.33 (depth 2, 24 lits): UNSAT in 0.02s
    cube 2590.55.34 (depth 2, 24 lits): UNSAT in 0.07s
    cube 2590.55.35 (depth 2, 24 lits): UNSAT in 0.04s
    cube 2590.55.36 (depth 2, 24 lits): UNSAT in 0.16s
    cube 2590.55.37 (depth 2, 24 lits): UNSAT in 0.12s
    cube 2590.55.38 (depth 2, 24 lits): UNSAT in 0.73s
    cube 2590.55.39 (depth 2, 24 lits): UNSAT in 0.04s
    cube 2590.55.40 (depth 2, 24 lits): UNSAT in 0.06s
    cube 2590.55.41 (depth 2, 24 lits): UNSAT in 0.04s
    cube 2590.55.42 (depth 2, 24 lits): UNSAT in 0.31s
    cube 2590.55.43 (depth 2, 24 lits): UNSAT in 0.05s
    cube 2590.55.44 (depth 2, 24 lits): UNSAT in 0.28s
    cube 2590.55.45 (depth 2, 24 lits): UNSAT in 0.51s
    cube 2590.55.46 (depth 2, 24 lits): UNSAT in 3.14s
    cube 2590.55.47 (depth 2, 24 lits): UNSAT in 0.03s
    cube 2590.55.48 (depth 2, 24 lits): UNSAT in 0.20s
    cube 2590.55.49 (depth 2, 24 lits): UNSAT in 0.28s
    cube 2590.55.50 (depth 2, 24 lits): UNSAT in 2.88s
    cube 2590.55.51 (depth 2, 24 lits): UNSAT in 0.40s
    cube 2590.55.52 (depth 2, 24 lits): UNSAT in 1.37s
    cube 2590.55.53 (depth 2, 24 lits): UNSAT in 0.44s
    cube 2590.55.54 (depth 2, 24 lits): UNSAT in 11.34s
    cube 2590.55.55 (depth 2, 24 lits): UNSAT in 0.23s
    cube 2590.55.56 (depth 2, 24 lits): UNSAT in 1.02s
    cube 2590.55.57 (depth 2, 24 lits): UNSAT in 2.41s
    cube 2590.55.58 (depth 2, 24 lits): UNSAT in 7.44s
    cube 2590.55.59 (depth 2, 24 lits): UNSAT in 1.89s
    cube 2590.55.60 (depth 2, 24 lits): UNSAT in 11.74s
    cube 2590.55.61 (depth 2, 24 lits): UNSAT in 18.01s
    cube 2590.55.62 (depth 2, 24 lits): TIMEOUT in 60.00s
    cube 2590.55.62 TIMEOUT -> re-split into 63 sub-cubes (depth 3)
    cube 2590.55.62.0 (depth 3, 29 lits): UNSAT in 0.01s
    cube 2590.55.62.1 (depth 3, 30 lits): UNSAT in 0.01s
    cube 2590.55.62.2 (depth 3, 30 lits): UNSAT in 0.02s
    cube 2590.55.62.3 (depth 3, 30 lits): UNSAT in 0.02s
    cube 2590.55.62.4 (depth 3, 30 lits): UNSAT in 0.03s
    cube 2590.55.62.5 (depth 3, 30 lits): UNSAT in 0.02s
    cube 2590.55.62.6 (depth 3, 30 lits): UNSAT in 0.07s
    cube 2590.55.62.7 (depth 3, 30 lits): UNSAT in 0.02s
    cube 2590.55.62.8 (depth 3, 30 lits): UNSAT in 0.03s
    cube 2590.55.62.9 (depth 3, 30 lits): UNSAT in 0.03s
    cube 2590.55.62.10 (depth 3, 30 lits): UNSAT in 0.07s
    cube 2590.55.62.11 (depth 3, 30 lits): UNSAT in 0.03s
    cube 2590.55.62.12 (depth 3, 30 lits): UNSAT in 0.13s
    cube 2590.55.62.13 (depth 3, 30 lits): UNSAT in 0.09s
    cube 2590.55.62.14 (depth 3, 30 lits): UNSAT in 0.85s
    cube 2590.55.62.15 (depth 3, 30 lits): UNSAT in 0.03s
    cube 2590.55.62.16 (depth 3, 30 lits): UNSAT in 0.03s
    cube 2590.55.62.17 (depth 3, 30 lits): UNSAT in 0.05s
    cube 2590.55.62.18 (depth 3, 30 lits): UNSAT in 0.51s
    cube 2590.55.62.19 (depth 3, 30 lits): UNSAT in 0.04s
    cube 2590.55.62.20 (depth 3, 30 lits): UNSAT in 0.17s
    cube 2590.55.62.21 (depth 3, 30 lits): UNSAT in 0.12s
    cube 2590.55.62.22 (depth 3, 30 lits): UNSAT in 0.81s
    cube 2590.55.62.23 (depth 3, 30 lits): UNSAT in 0.02s
    cube 2590.55.62.24 (depth 3, 30 lits): UNSAT in 0.04s
    cube 2590.55.62.25 (depth 3, 30 lits): UNSAT in 0.07s
    cube 2590.55.62.26 (depth 3, 30 lits): UNSAT in 0.32s
    cube 2590.55.62.27 (depth 3, 30 lits): UNSAT in 0.14s
    cube 2590.55.62.28 (depth 3, 30 lits): UNSAT in 0.91s
    cube 2590.55.62.29 (depth 3, 30 lits): UNSAT in 2.15s
    cube 2590.55.62.30 (depth 3, 30 lits): UNSAT in 7.62s
    cube 2590.55.62.31 (depth 3, 30 lits): UNSAT in 0.04s
    cube 2590.55.62.32 (depth 3, 30 lits): UNSAT in 0.09s
    cube 2590.55.62.33 (depth 3, 30 lits): UNSAT in 0.09s
    cube 2590.55.62.34 (depth 3, 30 lits): UNSAT in 0.56s
    cube 2590.55.62.35 (depth 3, 30 lits): UNSAT in 0.21s
    cube 2590.55.62.36 (depth 3, 30 lits): UNSAT in 0.49s
    cube 2590.55.62.37 (depth 3, 30 lits): UNSAT in 1.14s
    cube 2590.55.62.38 (depth 3, 30 lits): UNSAT in 2.87s
    cube 2590.55.62.39 (depth 3, 30 lits): UNSAT in 0.03s
    cube 2590.55.62.40 (depth 3, 30 lits): UNSAT in 0.17s
    cube 2590.55.62.41 (depth 3, 30 lits): UNSAT in 0.07s
    cube 2590.55.62.42 (depth 3, 30 lits): UNSAT in 1.75s
    cube 2590.55.62.43 (depth 3, 30 lits): UNSAT in 0.23s
    cube 2590.55.62.44 (depth 3, 30 lits): UNSAT in 3.45s
    cube 2590.55.62.45 (depth 3, 30 lits): UNSAT in 2.87s
    cube 2590.55.62.46 (depth 3, 30 lits): UNSAT in 10.49s
    cube 2590.55.62.47 (depth 3, 30 lits): UNSAT in 0.02s
    cube 2590.55.62.48 (depth 3, 30 lits): UNSAT in 0.04s
    cube 2590.55.62.49 (depth 3, 30 lits): UNSAT in 0.02s
    cube 2590.55.62.50 (depth 3, 30 lits): UNSAT in 0.16s
    cube 2590.55.62.51 (depth 3, 30 lits): UNSAT in 0.05s
    cube 2590.55.62.52 (depth 3, 30 lits): UNSAT in 0.10s
    cube 2590.55.62.53 (depth 3, 30 lits): UNSAT in 0.22s
    cube 2590.55.62.54 (depth 3, 30 lits): UNSAT in 0.86s
    cube 2590.55.62.55 (depth 3, 30 lits): UNSAT in 0.03s
    cube 2590.55.62.56 (depth 3, 30 lits): UNSAT in 0.06s
    cube 2590.55.62.57 (depth 3, 30 lits): UNSAT in 0.42s
    cube 2590.55.62.58 (depth 3, 30 lits): UNSAT in 0.61s
    cube 2590.55.62.59 (depth 3, 30 lits): UNSAT in 0.18s
    cube 2590.55.62.60 (depth 3, 30 lits): UNSAT in 2.82s
    cube 2590.55.62.61 (depth 3, 30 lits): UNSAT in 1.09s
    cube 2590.55.62.62 (depth 3, 30 lits): UNSAT in 11.02s
    cube 2590.56 (depth 1, 18 lits): UNSAT in 2.28s
    cube 2590.57 (depth 1, 18 lits): UNSAT in 11.69s
    cube 2590.58 (depth 1, 18 lits): UNSAT in 21.74s
    cube 2590.59 (depth 1, 18 lits): TIMEOUT in 60.06s
    cube 2590.59 TIMEOUT -> re-split into 62 sub-cubes (depth 2)
    cube 2590.59.0 (depth 2, 23 lits): UNSAT in 0.01s
    cube 2590.59.1 (depth 2, 24 lits): UNSAT in 0.01s
    cube 2590.59.2 (depth 2, 24 lits): UNSAT in 0.02s
    cube 2590.59.3 (depth 2, 24 lits): UNSAT in 0.02s
    cube 2590.59.4 (depth 2, 24 lits): UNSAT in 0.03s
    cube 2590.59.5 (depth 2, 24 lits): UNSAT in 0.03s
    cube 2590.59.6 (depth 2, 24 lits): UNSAT in 0.05s
    cube 2590.59.7 (depth 2, 24 lits): UNSAT in 0.02s
    cube 2590.59.8 (depth 2, 24 lits): UNSAT in 0.08s
    cube 2590.59.9 (depth 2, 24 lits): UNSAT in 0.04s
    cube 2590.59.10 (depth 2, 24 lits): UNSAT in 0.03s
    cube 2590.59.11 (depth 2, 24 lits): UNSAT in 0.02s
    cube 2590.59.12 (depth 2, 24 lits): UNSAT in 0.13s
    cube 2590.59.13 (depth 2, 24 lits): UNSAT in 0.13s
    cube 2590.59.14 (depth 2, 24 lits): UNSAT in 0.30s
    cube 2590.59.15 (depth 2, 24 lits): UNSAT in 0.02s
    cube 2590.59.16 (depth 2, 24 lits): UNSAT in 0.05s
    cube 2590.59.17 (depth 2, 24 lits): UNSAT in 0.06s
    cube 2590.59.18 (depth 2, 24 lits): UNSAT in 0.28s
    cube 2590.59.19 (depth 2, 24 lits): UNSAT in 0.10s
    cube 2590.59.20 (depth 2, 24 lits): UNSAT in 0.17s
    cube 2590.59.21 (depth 2, 24 lits): UNSAT in 0.06s
    cube 2590.59.22 (depth 2, 24 lits): UNSAT in 0.18s
    cube 2590.59.23 (depth 2, 24 lits): UNSAT in 0.02s
    cube 2590.59.24 (depth 2, 24 lits): UNSAT in 0.19s
    cube 2590.59.25 (depth 2, 24 lits): UNSAT in 0.14s
    cube 2590.59.26 (depth 2, 24 lits): UNSAT in 0.23s
    cube 2590.59.27 (depth 2, 24 lits): UNSAT in 0.25s
    cube 2590.59.28 (depth 2, 24 lits): UNSAT in 0.31s
    cube 2590.59.29 (depth 2, 24 lits): UNSAT in 0.32s
    cube 2590.59.30 (depth 2, 24 lits): UNSAT in 3.64s
    cube 2590.59.31 (depth 2, 23 lits): UNSAT in 0.02s
    cube 2590.59.32 (depth 2, 24 lits): UNSAT in 0.02s
    cube 2590.59.33 (depth 2, 24 lits): UNSAT in 0.03s
    cube 2590.59.34 (depth 2, 24 lits): UNSAT in 0.02s
    cube 2590.59.35 (depth 2, 24 lits): UNSAT in 0.05s
    cube 2590.59.36 (depth 2, 24 lits): UNSAT in 0.04s
    cube 2590.59.37 (depth 2, 24 lits): UNSAT in 0.19s
    cube 2590.59.38 (depth 2, 24 lits): UNSAT in 0.04s
    cube 2590.59.39 (depth 2, 24 lits): UNSAT in 0.11s
    cube 2590.59.40 (depth 2, 24 lits): UNSAT in 0.05s
    cube 2590.59.41 (depth 2, 24 lits): UNSAT in 0.46s
    cube 2590.59.42 (depth 2, 24 lits): UNSAT in 0.15s
    cube 2590.59.43 (depth 2, 24 lits): UNSAT in 0.47s
    cube 2590.59.44 (depth 2, 24 lits): UNSAT in 0.57s
    cube 2590.59.45 (depth 2, 24 lits): UNSAT in 3.02s
    cube 2590.59.46 (depth 2, 24 lits): UNSAT in 0.03s
    cube 2590.59.47 (depth 2, 24 lits): UNSAT in 0.08s
    cube 2590.59.48 (depth 2, 24 lits): UNSAT in 0.05s
    cube 2590.59.49 (depth 2, 24 lits): UNSAT in 0.10s
    cube 2590.59.50 (depth 2, 24 lits): UNSAT in 0.06s
    cube 2590.59.51 (depth 2, 24 lits): UNSAT in 0.13s
    cube 2590.59.52 (depth 2, 24 lits): UNSAT in 0.31s
    cube 2590.59.53 (depth 2, 24 lits): UNSAT in 2.44s
    cube 2590.59.54 (depth 2, 24 lits): UNSAT in 0.06s
    cube 2590.59.55 (depth 2, 24 lits): UNSAT in 0.32s
    cube 2590.59.56 (depth 2, 24 lits): UNSAT in 0.19s
    cube 2590.59.57 (depth 2, 24 lits): UNSAT in 2.59s
    cube 2590.59.58 (depth 2, 24 lits): UNSAT in 0.37s
    cube 2590.59.59 (depth 2, 24 lits): UNSAT in 3.01s
    cube 2590.59.60 (depth 2, 24 lits): UNSAT in 2.43s
    cube 2590.59.61 (depth 2, 24 lits): TIMEOUT in 60.06s
    cube 2590.59.61 TIMEOUT -> re-split into 63 sub-cubes (depth 3)
    cube 2590.59.61.0 (depth 3, 30 lits): UNSAT in 0.01s
    cube 2590.59.61.1 (depth 3, 30 lits): UNSAT in 0.02s
    cube 2590.59.61.2 (depth 3, 30 lits): UNSAT in 0.02s
    cube 2590.59.61.3 (depth 3, 30 lits): UNSAT in 0.02s
    cube 2590.59.61.4 (depth 3, 30 lits): UNSAT in 0.01s
    cube 2590.59.61.5 (depth 3, 30 lits): UNSAT in 0.03s
    cube 2590.59.61.6 (depth 3, 30 lits): UNSAT in 0.07s
    cube 2590.59.61.7 (depth 3, 30 lits): UNSAT in 0.08s
    cube 2590.59.61.8 (depth 3, 29 lits): UNSAT in 0.01s
    cube 2590.59.61.9 (depth 3, 30 lits): UNSAT in 0.02s
    cube 2590.59.61.10 (depth 3, 30 lits): UNSAT in 0.03s
    cube 2590.59.61.11 (depth 3, 30 lits): UNSAT in 0.02s
    cube 2590.59.61.12 (depth 3, 30 lits): UNSAT in 0.04s
    cube 2590.59.61.13 (depth 3, 30 lits): UNSAT in 0.07s
    cube 2590.59.61.14 (depth 3, 30 lits): UNSAT in 0.18s
    cube 2590.59.61.15 (depth 3, 30 lits): UNSAT in 0.02s
    cube 2590.59.61.16 (depth 3, 30 lits): UNSAT in 0.03s
    cube 2590.59.61.17 (depth 3, 30 lits): UNSAT in 0.02s
    cube 2590.59.61.18 (depth 3, 30 lits): UNSAT in 0.05s
    cube 2590.59.61.19 (depth 3, 30 lits): UNSAT in 0.04s
    cube 2590.59.61.20 (depth 3, 30 lits): UNSAT in 0.05s
    cube 2590.59.61.21 (depth 3, 30 lits): UNSAT in 0.03s
    cube 2590.59.61.22 (depth 3, 30 lits): UNSAT in 0.20s
    cube 2590.59.61.23 (depth 3, 30 lits): UNSAT in 0.02s
    cube 2590.59.61.24 (depth 3, 30 lits): UNSAT in 0.05s
    cube 2590.59.61.25 (depth 3, 30 lits): UNSAT in 0.05s
    cube 2590.59.61.26 (depth 3, 30 lits): UNSAT in 0.19s
    cube 2590.59.61.27 (depth 3, 30 lits): UNSAT in 0.10s
    cube 2590.59.61.28 (depth 3, 30 lits): UNSAT in 0.21s
    cube 2590.59.61.29 (depth 3, 30 lits): UNSAT in 0.10s
    cube 2590.59.61.30 (depth 3, 30 lits): UNSAT in 1.36s
    cube 2590.59.61.31 (depth 3, 30 lits): UNSAT in 0.01s
    cube 2590.59.61.32 (depth 3, 30 lits): UNSAT in 0.02s
    cube 2590.59.61.33 (depth 3, 30 lits): UNSAT in 0.02s
    cube 2590.59.61.34 (depth 3, 30 lits): UNSAT in 0.07s
    cube 2590.59.61.35 (depth 3, 30 lits): UNSAT in 0.02s
    cube 2590.59.61.36 (depth 3, 30 lits): UNSAT in 0.04s
    cube 2590.59.61.37 (depth 3, 30 lits): UNSAT in 0.09s
    cube 2590.59.61.38 (depth 3, 30 lits): UNSAT in 0.41s
    cube 2590.59.61.39 (depth 3, 30 lits): UNSAT in 0.02s
    cube 2590.59.61.40 (depth 3, 30 lits): UNSAT in 0.07s
    cube 2590.59.61.41 (depth 3, 30 lits): UNSAT in 0.09s
    cube 2590.59.61.42 (depth 3, 30 lits): UNSAT in 0.24s
    cube 2590.59.61.43 (depth 3, 30 lits): UNSAT in 0.06s
    cube 2590.59.61.44 (depth 3, 30 lits): UNSAT in 0.14s
    cube 2590.59.61.45 (depth 3, 30 lits): UNSAT in 0.26s
    cube 2590.59.61.46 (depth 3, 30 lits): UNSAT in 2.86s
    cube 2590.59.61.47 (depth 3, 30 lits): UNSAT in 0.03s
    cube 2590.59.61.48 (depth 3, 30 lits): UNSAT in 0.06s
    cube 2590.59.61.49 (depth 3, 30 lits): UNSAT in 0.07s
    cube 2590.59.61.50 (depth 3, 30 lits): UNSAT in 0.53s
    cube 2590.59.61.51 (depth 3, 30 lits): UNSAT in 0.25s
    cube 2590.59.61.52 (depth 3, 30 lits): UNSAT in 0.69s
    cube 2590.59.61.53 (depth 3, 30 lits): UNSAT in 0.45s
    cube 2590.59.61.54 (depth 3, 30 lits): UNSAT in 1.83s
    cube 2590.59.61.55 (depth 3, 30 lits): UNSAT in 0.25s
    cube 2590.59.61.56 (depth 3, 30 lits): UNSAT in 1.19s
    cube 2590.59.61.57 (depth 3, 30 lits): UNSAT in 0.78s
    cube 2590.59.61.58 (depth 3, 30 lits): UNSAT in 6.90s
    cube 2590.59.61.59 (depth 3, 30 lits): UNSAT in 0.44s
    cube 2590.59.61.60 (depth 3, 30 lits): UNSAT in 2.26s
    cube 2590.59.61.61 (depth 3, 30 lits): UNSAT in 3.38s
    cube 2590.59.61.62 (depth 3, 30 lits): UNSAT in 3.94s
    cube 2590.60 (depth 1, 18 lits): UNSAT in 18.39s
    cube 2590.61 (depth 1, 18 lits): TIMEOUT in 60.01s
    cube 2590.61 TIMEOUT -> re-split into 64 sub-cubes (depth 2)
    cube 2590.61.0 (depth 2, 24 lits): UNSAT in 0.02s
    cube 2590.61.1 (depth 2, 24 lits): UNSAT in 0.02s
    cube 2590.61.2 (depth 2, 24 lits): UNSAT in 0.02s
    cube 2590.61.3 (depth 2, 24 lits): UNSAT in 0.05s
    cube 2590.61.4 (depth 2, 24 lits): UNSAT in 0.02s
    cube 2590.61.5 (depth 2, 24 lits): UNSAT in 0.07s
    cube 2590.61.6 (depth 2, 24 lits): UNSAT in 0.02s
    cube 2590.61.7 (depth 2, 24 lits): UNSAT in 0.18s
    cube 2590.61.8 (depth 2, 24 lits): UNSAT in 0.02s
    cube 2590.61.9 (depth 2, 24 lits): UNSAT in 0.02s
    cube 2590.61.10 (depth 2, 24 lits): UNSAT in 0.06s
    cube 2590.61.11 (depth 2, 24 lits): UNSAT in 0.10s
    cube 2590.61.12 (depth 2, 24 lits): UNSAT in 0.02s
    cube 2590.61.13 (depth 2, 24 lits): UNSAT in 0.07s
    cube 2590.61.14 (depth 2, 24 lits): UNSAT in 0.07s
    cube 2590.61.15 (depth 2, 24 lits): UNSAT in 0.83s
    cube 2590.61.16 (depth 2, 24 lits): UNSAT in 0.02s
    cube 2590.61.17 (depth 2, 24 lits): UNSAT in 0.04s
    cube 2590.61.18 (depth 2, 24 lits): UNSAT in 0.08s
    cube 2590.61.19 (depth 2, 24 lits): UNSAT in 0.35s
    cube 2590.61.20 (depth 2, 24 lits): UNSAT in 0.04s
    cube 2590.61.21 (depth 2, 24 lits): UNSAT in 0.12s
    cube 2590.61.22 (depth 2, 24 lits): UNSAT in 0.21s
    cube 2590.61.23 (depth 2, 24 lits): UNSAT in 1.49s
    cube 2590.61.24 (depth 2, 24 lits): UNSAT in 0.04s
    cube 2590.61.25 (depth 2, 24 lits): UNSAT in 0.10s
    cube 2590.61.26 (depth 2, 24 lits): UNSAT in 0.09s
    cube 2590.61.27 (depth 2, 24 lits): UNSAT in 0.32s
    cube 2590.61.28 (depth 2, 24 lits): UNSAT in 0.09s
    cube 2590.61.29 (depth 2, 24 lits): UNSAT in 0.49s
    cube 2590.61.30 (depth 2, 24 lits): UNSAT in 0.59s
    cube 2590.61.31 (depth 2, 24 lits): UNSAT in 4.10s
    cube 2590.61.32 (depth 2, 24 lits): UNSAT in 0.02s
    cube 2590.61.33 (depth 2, 24 lits): UNSAT in 0.03s
    cube 2590.61.34 (depth 2, 24 lits): UNSAT in 0.04s
    cube 2590.61.35 (depth 2, 24 lits): UNSAT in 0.06s
    cube 2590.61.36 (depth 2, 24 lits): UNSAT in 0.04s
    cube 2590.61.37 (depth 2, 24 lits): UNSAT in 0.08s
    cube 2590.61.38 (depth 2, 24 lits): UNSAT in 0.20s
    cube 2590.61.39 (depth 2, 24 lits): UNSAT in 0.18s
    cube 2590.61.40 (depth 2, 24 lits): UNSAT in 0.02s
    cube 2590.61.41 (depth 2, 24 lits): UNSAT in 0.12s
    cube 2590.61.42 (depth 2, 24 lits): UNSAT in 0.06s
    cube 2590.61.43 (depth 2, 24 lits): UNSAT in 0.47s
    cube 2590.61.44 (depth 2, 24 lits): UNSAT in 0.08s
    cube 2590.61.45 (depth 2, 24 lits): UNSAT in 0.51s
    cube 2590.61.46 (depth 2, 24 lits): UNSAT in 0.25s
    cube 2590.61.47 (depth 2, 24 lits): UNSAT in 1.82s
    cube 2590.61.48 (depth 2, 24 lits): UNSAT in 0.02s
    cube 2590.61.49 (depth 2, 24 lits): UNSAT in 0.05s
    cube 2590.61.50 (depth 2, 24 lits): UNSAT in 0.07s
    cube 2590.61.51 (depth 2, 24 lits): UNSAT in 0.23s
    cube 2590.61.52 (depth 2, 24 lits): UNSAT in 0.07s
    cube 2590.61.53 (depth 2, 24 lits): UNSAT in 0.37s
    cube 2590.61.54 (depth 2, 24 lits): UNSAT in 0.13s
    cube 2590.61.55 (depth 2, 24 lits): UNSAT in 2.41s
    cube 2590.61.56 (depth 2, 24 lits): UNSAT in 0.35s
    cube 2590.61.57 (depth 2, 24 lits): UNSAT in 1.13s
    cube 2590.61.58 (depth 2, 24 lits): UNSAT in 1.18s
    cube 2590.61.59 (depth 2, 24 lits): UNSAT in 6.28s
    cube 2590.61.60 (depth 2, 24 lits): UNSAT in 0.38s
    cube 2590.61.61 (depth 2, 24 lits): UNSAT in 6.86s
    cube 2590.61.62 (depth 2, 24 lits): UNSAT in 16.60s
    cube 2590.61.63 (depth 2, 24 lits): TIMEOUT in 60.05s
    cube 2590.61.63 TIMEOUT -> re-split into 64 sub-cubes (depth 3)
    cube 2590.61.63.0 (depth 3, 30 lits): UNSAT in 0.01s
    cube 2590.61.63.1 (depth 3, 30 lits): UNSAT in 0.02s
    cube 2590.61.63.2 (depth 3, 30 lits): UNSAT in 0.03s
    cube 2590.61.63.3 (depth 3, 30 lits): UNSAT in 0.06s
    cube 2590.61.63.4 (depth 3, 30 lits): UNSAT in 0.02s
    cube 2590.61.63.5 (depth 3, 30 lits): UNSAT in 0.02s
    cube 2590.61.63.6 (depth 3, 30 lits): UNSAT in 0.03s
    cube 2590.61.63.7 (depth 3, 30 lits): UNSAT in 0.19s
    cube 2590.61.63.8 (depth 3, 30 lits): UNSAT in 0.01s
    cube 2590.61.63.9 (depth 3, 30 lits): UNSAT in 0.04s
    cube 2590.61.63.10 (depth 3, 30 lits): UNSAT in 0.07s
    cube 2590.61.63.11 (depth 3, 30 lits): UNSAT in 0.26s
    cube 2590.61.63.12 (depth 3, 30 lits): UNSAT in 0.09s
    cube 2590.61.63.13 (depth 3, 30 lits): UNSAT in 0.12s
    cube 2590.61.63.14 (depth 3, 30 lits): UNSAT in 0.12s
    cube 2590.61.63.15 (depth 3, 30 lits): UNSAT in 1.02s
    cube 2590.61.63.16 (depth 3, 30 lits): UNSAT in 0.02s
    cube 2590.61.63.17 (depth 3, 30 lits): UNSAT in 0.04s
    cube 2590.61.63.18 (depth 3, 30 lits): UNSAT in 0.02s
    cube 2590.61.63.19 (depth 3, 30 lits): UNSAT in 0.06s
    cube 2590.61.63.20 (depth 3, 30 lits): UNSAT in 0.02s
    cube 2590.61.63.21 (depth 3, 30 lits): UNSAT in 0.05s
    cube 2590.61.63.22 (depth 3, 30 lits): UNSAT in 0.07s
    cube 2590.61.63.23 (depth 3, 30 lits): UNSAT in 0.23s
    cube 2590.61.63.24 (depth 3, 30 lits): UNSAT in 0.08s
    cube 2590.61.63.25 (depth 3, 30 lits): UNSAT in 0.13s
    cube 2590.61.63.26 (depth 3, 30 lits): UNSAT in 0.20s
    cube 2590.61.63.27 (depth 3, 30 lits): UNSAT in 0.47s
    cube 2590.61.63.28 (depth 3, 30 lits): UNSAT in 0.05s
    cube 2590.61.63.29 (depth 3, 30 lits): UNSAT in 0.39s
    cube 2590.61.63.30 (depth 3, 30 lits): UNSAT in 1.20s
    cube 2590.61.63.31 (depth 3, 30 lits): UNSAT in 5.06s
    cube 2590.61.63.32 (depth 3, 30 lits): UNSAT in 0.02s
    cube 2590.61.63.33 (depth 3, 30 lits): UNSAT in 0.02s
    cube 2590.61.63.34 (depth 3, 30 lits): UNSAT in 0.03s
    cube 2590.61.63.35 (depth 3, 30 lits): UNSAT in 0.05s
    cube 2590.61.63.36 (depth 3, 30 lits): UNSAT in 0.03s
    cube 2590.61.63.37 (depth 3, 30 lits): UNSAT in 0.06s
    cube 2590.61.63.38 (depth 3, 30 lits): UNSAT in 0.07s
    cube 2590.61.63.39 (depth 3, 30 lits): UNSAT in 0.33s
    cube 2590.61.63.40 (depth 3, 30 lits): UNSAT in 0.03s
    cube 2590.61.63.41 (depth 3, 30 lits): UNSAT in 0.09s
    cube 2590.61.63.42 (depth 3, 30 lits): UNSAT in 0.17s
    cube 2590.61.63.43 (depth 3, 30 lits): UNSAT in 0.22s
    cube 2590.61.63.44 (depth 3, 30 lits): UNSAT in 0.10s
    cube 2590.61.63.45 (depth 3, 30 lits): UNSAT in 0.65s
    cube 2590.61.63.46 (depth 3, 30 lits): UNSAT in 0.20s
    cube 2590.61.63.47 (depth 3, 30 lits): UNSAT in 9.96s
    cube 2590.61.63.48 (depth 3, 30 lits): UNSAT in 0.07s
    cube 2590.61.63.49 (depth 3, 30 lits): UNSAT in 0.15s
    cube 2590.61.63.50 (depth 3, 30 lits): UNSAT in 0.12s
    cube 2590.61.63.51 (depth 3, 30 lits): UNSAT in 1.05s
    cube 2590.61.63.52 (depth 3, 30 lits): UNSAT in 0.14s
    cube 2590.61.63.53 (depth 3, 30 lits): UNSAT in 1.06s
    cube 2590.61.63.54 (depth 3, 30 lits): UNSAT in 0.73s
    cube 2590.61.63.55 (depth 3, 30 lits): UNSAT in 15.33s
    cube 2590.61.63.56 (depth 3, 30 lits): UNSAT in 0.23s
    cube 2590.61.63.57 (depth 3, 30 lits): UNSAT in 1.67s
    cube 2590.61.63.58 (depth 3, 30 lits): UNSAT in 3.12s
    cube 2590.61.63.59 (depth 3, 30 lits): UNSAT in 24.65s
    cube 2590.61.63.60 (depth 3, 30 lits): UNSAT in 4.93s
    cube 2590.61.63.61 (depth 3, 30 lits): UNSAT in 19.91s
    cube 2590.61.63.62 (depth 3, 30 lits): UNSAT in 4.30s
    cube 2590.61.63.63 (depth 3, 30 lits): UNSAT in 20.76s
    cube 2590.62 (depth 1, 18 lits): TIMEOUT in 60.06s
    cube 2590.62 TIMEOUT -> re-split into 64 sub-cubes (depth 2)
    cube 2590.62.0 (depth 2, 24 lits): UNSAT in 0.02s
    cube 2590.62.1 (depth 2, 24 lits): UNSAT in 0.02s
    cube 2590.62.2 (depth 2, 24 lits): UNSAT in 0.03s
    cube 2590.62.3 (depth 2, 24 lits): UNSAT in 0.08s
    cube 2590.62.4 (depth 2, 24 lits): UNSAT in 0.02s
    cube 2590.62.5 (depth 2, 24 lits): UNSAT in 0.11s
    cube 2590.62.6 (depth 2, 24 lits): UNSAT in 0.03s
    cube 2590.62.7 (depth 2, 24 lits): UNSAT in 0.13s
    cube 2590.62.8 (depth 2, 24 lits): UNSAT in 0.02s
    cube 2590.62.9 (depth 2, 24 lits): UNSAT in 0.04s
    cube 2590.62.10 (depth 2, 24 lits): UNSAT in 0.05s
    cube 2590.62.11 (depth 2, 24 lits): UNSAT in 0.06s
    cube 2590.62.12 (depth 2, 24 lits): UNSAT in 0.04s
    cube 2590.62.13 (depth 2, 24 lits): UNSAT in 0.08s
    cube 2590.62.14 (depth 2, 24 lits): UNSAT in 0.19s
    cube 2590.62.15 (depth 2, 24 lits): UNSAT in 0.72s
    cube 2590.62.16 (depth 2, 24 lits): UNSAT in 0.02s
    cube 2590.62.17 (depth 2, 24 lits): UNSAT in 0.05s
    cube 2590.62.18 (depth 2, 24 lits): UNSAT in 0.05s
    cube 2590.62.19 (depth 2, 24 lits): UNSAT in 0.08s
    cube 2590.62.20 (depth 2, 24 lits): UNSAT in 0.13s
    cube 2590.62.21 (depth 2, 24 lits): UNSAT in 0.19s
    cube 2590.62.22 (depth 2, 24 lits): UNSAT in 0.22s
    cube 2590.62.23 (depth 2, 24 lits): UNSAT in 0.48s
    cube 2590.62.24 (depth 2, 24 lits): UNSAT in 0.04s
    cube 2590.62.25 (depth 2, 24 lits): UNSAT in 0.20s
    cube 2590.62.26 (depth 2, 24 lits): UNSAT in 0.37s
    cube 2590.62.27 (depth 2, 24 lits): UNSAT in 0.66s
    cube 2590.62.28 (depth 2, 24 lits): UNSAT in 0.32s
    cube 2590.62.29 (depth 2, 24 lits): UNSAT in 2.87s
    cube 2590.62.30 (depth 2, 24 lits): UNSAT in 0.37s
    cube 2590.62.31 (depth 2, 24 lits): UNSAT in 12.00s
    cube 2590.62.32 (depth 2, 24 lits): UNSAT in 0.03s
    cube 2590.62.33 (depth 2, 24 lits): UNSAT in 0.04s
    cube 2590.62.34 (depth 2, 24 lits): UNSAT in 0.02s
    cube 2590.62.35 (depth 2, 24 lits): UNSAT in 0.12s
    cube 2590.62.36 (depth 2, 24 lits): UNSAT in 0.05s
    cube 2590.62.37 (depth 2, 24 lits): UNSAT in 0.21s
    cube 2590.62.38 (depth 2, 24 lits): UNSAT in 0.19s
    cube 2590.62.39 (depth 2, 24 lits): UNSAT in 0.60s
    cube 2590.62.40 (depth 2, 24 lits): UNSAT in 0.04s
    cube 2590.62.41 (depth 2, 24 lits): UNSAT in 0.12s
    cube 2590.62.42 (depth 2, 24 lits): UNSAT in 0.08s
    cube 2590.62.43 (depth 2, 24 lits): UNSAT in 0.26s
    cube 2590.62.44 (depth 2, 24 lits): UNSAT in 0.09s
    cube 2590.62.45 (depth 2, 24 lits): UNSAT in 0.21s
    cube 2590.62.46 (depth 2, 24 lits): UNSAT in 0.32s
    cube 2590.62.47 (depth 2, 24 lits): UNSAT in 3.06s
    cube 2590.62.48 (depth 2, 24 lits): UNSAT in 0.03s
    cube 2590.62.49 (depth 2, 24 lits): UNSAT in 0.05s
    cube 2590.62.50 (depth 2, 24 lits): UNSAT in 0.18s
    cube 2590.62.51 (depth 2, 24 lits): UNSAT in 0.56s
    cube 2590.62.52 (depth 2, 24 lits): UNSAT in 0.08s
    cube 2590.62.53 (depth 2, 24 lits): UNSAT in 0.38s
    cube 2590.62.54 (depth 2, 24 lits): UNSAT in 0.34s
    cube 2590.62.55 (depth 2, 24 lits): UNSAT in 4.52s
    cube 2590.62.56 (depth 2, 24 lits): UNSAT in 0.18s
    cube 2590.62.57 (depth 2, 24 lits): UNSAT in 0.52s
    cube 2590.62.58 (depth 2, 24 lits): UNSAT in 0.53s
    cube 2590.62.59 (depth 2, 24 lits): UNSAT in 3.73s
    cube 2590.62.60 (depth 2, 24 lits): UNSAT in 1.79s
    cube 2590.62.61 (depth 2, 24 lits): UNSAT in 2.99s
    cube 2590.62.62 (depth 2, 24 lits): UNSAT in 4.29s
    cube 2590.62.63 (depth 2, 24 lits): TIMEOUT in 60.06s
    cube 2590.62.63 TIMEOUT -> re-split into 64 sub-cubes (depth 3)
    cube 2590.62.63.0 (depth 3, 30 lits): UNSAT in 0.01s
    cube 2590.62.63.1 (depth 3, 30 lits): UNSAT in 0.02s
    cube 2590.62.63.2 (depth 3, 30 lits): UNSAT in 0.02s
    cube 2590.62.63.3 (depth 3, 30 lits): UNSAT in 0.04s
    cube 2590.62.63.4 (depth 3, 30 lits): UNSAT in 0.02s
    cube 2590.62.63.5 (depth 3, 30 lits): UNSAT in 0.03s
    cube 2590.62.63.6 (depth 3, 30 lits): UNSAT in 0.02s
    cube 2590.62.63.7 (depth 3, 30 lits): UNSAT in 0.10s
    cube 2590.62.63.8 (depth 3, 30 lits): UNSAT in 0.01s
    cube 2590.62.63.9 (depth 3, 30 lits): UNSAT in 0.02s
    cube 2590.62.63.10 (depth 3, 30 lits): UNSAT in 0.02s
    cube 2590.62.63.11 (depth 3, 30 lits): UNSAT in 0.05s
    cube 2590.62.63.12 (depth 3, 30 lits): UNSAT in 0.03s
    cube 2590.62.63.13 (depth 3, 30 lits): UNSAT in 0.09s
    cube 2590.62.63.14 (depth 3, 30 lits): UNSAT in 0.03s
    cube 2590.62.63.15 (depth 3, 30 lits): UNSAT in 0.51s
    cube 2590.62.63.16 (depth 3, 30 lits): UNSAT in 0.02s
    cube 2590.62.63.17 (depth 3, 30 lits): UNSAT in 0.02s
    cube 2590.62.63.18 (depth 3, 30 lits): UNSAT in 0.02s
    cube 2590.62.63.19 (depth 3, 30 lits): UNSAT in 0.04s
    cube 2590.62.63.20 (depth 3, 30 lits): UNSAT in 0.01s
    cube 2590.62.63.21 (depth 3, 30 lits): UNSAT in 0.02s
    cube 2590.62.63.22 (depth 3, 30 lits): UNSAT in 0.05s
    cube 2590.62.63.23 (depth 3, 30 lits): UNSAT in 0.19s
    cube 2590.62.63.24 (depth 3, 30 lits): UNSAT in 0.03s
    cube 2590.62.63.25 (depth 3, 30 lits): UNSAT in 0.06s
    cube 2590.62.63.26 (depth 3, 30 lits): UNSAT in 0.11s
    cube 2590.62.63.27 (depth 3, 30 lits): UNSAT in 0.14s
    cube 2590.62.63.28 (depth 3, 30 lits): UNSAT in 0.03s
    cube 2590.62.63.29 (depth 3, 30 lits): UNSAT in 0.15s
    cube 2590.62.63.30 (depth 3, 30 lits): UNSAT in 0.63s
    cube 2590.62.63.31 (depth 3, 30 lits): UNSAT in 1.83s
    cube 2590.62.63.32 (depth 3, 30 lits): UNSAT in 0.03s
    cube 2590.62.63.33 (depth 3, 30 lits): UNSAT in 0.14s
    cube 2590.62.63.34 (depth 3, 30 lits): UNSAT in 0.10s
    cube 2590.62.63.35 (depth 3, 30 lits): UNSAT in 0.53s
    cube 2590.62.63.36 (depth 3, 30 lits): UNSAT in 0.05s
    cube 2590.62.63.37 (depth 3, 30 lits): UNSAT in 0.09s
    cube 2590.62.63.38 (depth 3, 30 lits): UNSAT in 0.27s
    cube 2590.62.63.39 (depth 3, 30 lits): UNSAT in 1.01s
    cube 2590.62.63.40 (depth 3, 30 lits): UNSAT in 0.03s
    cube 2590.62.63.41 (depth 3, 30 lits): UNSAT in 0.17s
    cube 2590.62.63.42 (depth 3, 30 lits): UNSAT in 0.14s
    cube 2590.62.63.43 (depth 3, 30 lits): UNSAT in 0.32s
    cube 2590.62.63.44 (depth 3, 30 lits): UNSAT in 0.24s
    cube 2590.62.63.45 (depth 3, 30 lits): UNSAT in 0.50s
    cube 2590.62.63.46 (depth 3, 30 lits): UNSAT in 0.71s
    cube 2590.62.63.47 (depth 3, 30 lits): UNSAT in 3.45s
    cube 2590.62.63.48 (depth 3, 30 lits): UNSAT in 0.03s
    cube 2590.62.63.49 (depth 3, 30 lits): UNSAT in 0.28s
    cube 2590.62.63.50 (depth 3, 30 lits): UNSAT in 0.58s
    cube 2590.62.63.51 (depth 3, 30 lits): UNSAT in 1.04s
    cube 2590.62.63.52 (depth 3, 30 lits): UNSAT in 0.16s
    cube 2590.62.63.53 (depth 3, 30 lits): UNSAT in 0.35s
    cube 2590.62.63.54 (depth 3, 30 lits): UNSAT in 1.31s
    cube 2590.62.63.55 (depth 3, 30 lits): UNSAT in 5.84s
    cube 2590.62.63.56 (depth 3, 30 lits): UNSAT in 0.14s
    cube 2590.62.63.57 (depth 3, 30 lits): UNSAT in 1.61s
    cube 2590.62.63.58 (depth 3, 30 lits): UNSAT in 1.61s
    cube 2590.62.63.59 (depth 3, 30 lits): UNSAT in 8.67s
    cube 2590.62.63.60 (depth 3, 30 lits): UNSAT in 1.70s
    cube 2590.62.63.61 (depth 3, 30 lits): UNSAT in 4.02s
    cube 2590.62.63.62 (depth 3, 30 lits): UNSAT in 18.11s
    cube 2590.62.63.63 (depth 3, 30 lits): UNSAT in 13.34s
    cube 2590.63 (depth 1, 18 lits): TIMEOUT in 60.06s
    cube 2590.63 TIMEOUT -> re-split into 64 sub-cubes (depth 2)
    cube 2590.63.0 (depth 2, 24 lits): UNSAT in 0.02s
    cube 2590.63.1 (depth 2, 24 lits): UNSAT in 0.04s
    cube 2590.63.2 (depth 2, 24 lits): UNSAT in 0.05s
    cube 2590.63.3 (depth 2, 24 lits): UNSAT in 0.14s
    cube 2590.63.4 (depth 2, 24 lits): UNSAT in 0.05s
    cube 2590.63.5 (depth 2, 24 lits): UNSAT in 0.37s
    cube 2590.63.6 (depth 2, 24 lits): UNSAT in 0.39s
    cube 2590.63.7 (depth 2, 24 lits): UNSAT in 1.12s
    cube 2590.63.8 (depth 2, 24 lits): UNSAT in 0.04s
    cube 2590.63.9 (depth 2, 24 lits): UNSAT in 0.33s
    cube 2590.63.10 (depth 2, 24 lits): UNSAT in 0.20s
    cube 2590.63.11 (depth 2, 24 lits): UNSAT in 1.19s
    cube 2590.63.12 (depth 2, 24 lits): UNSAT in 0.33s
    cube 2590.63.13 (depth 2, 24 lits): UNSAT in 1.54s
    cube 2590.63.14 (depth 2, 24 lits): UNSAT in 1.91s
    cube 2590.63.15 (depth 2, 24 lits): UNSAT in 9.58s
    cube 2590.63.16 (depth 2, 24 lits): UNSAT in 0.06s
    cube 2590.63.17 (depth 2, 24 lits): UNSAT in 0.23s
    cube 2590.63.18 (depth 2, 24 lits): UNSAT in 0.56s
    cube 2590.63.19 (depth 2, 24 lits): UNSAT in 0.83s
    cube 2590.63.20 (depth 2, 24 lits): UNSAT in 0.56s
    cube 2590.63.21 (depth 2, 24 lits): UNSAT in 1.63s
    cube 2590.63.22 (depth 2, 24 lits): UNSAT in 1.01s
    cube 2590.63.23 (depth 2, 24 lits): UNSAT in 7.79s
    cube 2590.63.24 (depth 2, 24 lits): UNSAT in 0.26s
    cube 2590.63.25 (depth 2, 24 lits): UNSAT in 2.49s
    cube 2590.63.26 (depth 2, 24 lits): UNSAT in 1.96s
    cube 2590.63.27 (depth 2, 24 lits): UNSAT in 8.83s
    cube 2590.63.28 (depth 2, 24 lits): UNSAT in 1.00s
    cube 2590.63.29 (depth 2, 24 lits): UNSAT in 4.89s
    cube 2590.63.30 (depth 2, 24 lits): UNSAT in 5.18s
    cube 2590.63.31 (depth 2, 24 lits): TIMEOUT in 60.06s
    cube 2590.63.31 TIMEOUT -> re-split into 63 sub-cubes (depth 3)
    cube 2590.63.31.0 (depth 3, 30 lits): UNSAT in 0.01s
    cube 2590.63.31.1 (depth 3, 30 lits): UNSAT in 0.01s
    cube 2590.63.31.2 (depth 3, 30 lits): UNSAT in 0.02s
    cube 2590.63.31.3 (depth 3, 30 lits): UNSAT in 0.03s
    cube 2590.63.31.4 (depth 3, 30 lits): UNSAT in 0.02s
    cube 2590.63.31.5 (depth 3, 30 lits): UNSAT in 0.02s
    cube 2590.63.31.6 (depth 3, 30 lits): UNSAT in 0.02s
    cube 2590.63.31.7 (depth 3, 30 lits): UNSAT in 0.06s
    cube 2590.63.31.8 (depth 3, 30 lits): UNSAT in 0.01s
    cube 2590.63.31.9 (depth 3, 30 lits): UNSAT in 0.03s
    cube 2590.63.31.10 (depth 3, 30 lits): UNSAT in 0.05s
    cube 2590.63.31.11 (depth 3, 30 lits): UNSAT in 0.08s
    cube 2590.63.31.12 (depth 3, 30 lits): UNSAT in 0.02s
    cube 2590.63.31.13 (depth 3, 30 lits): UNSAT in 0.04s
    cube 2590.63.31.14 (depth 3, 30 lits): UNSAT in 0.03s
    cube 2590.63.31.15 (depth 3, 30 lits): UNSAT in 0.32s
    cube 2590.63.31.16 (depth 3, 29 lits): UNSAT in 0.02s
    cube 2590.63.31.17 (depth 3, 30 lits): UNSAT in 0.06s
    cube 2590.63.31.18 (depth 3, 30 lits): UNSAT in 0.05s
    cube 2590.63.31.19 (depth 3, 30 lits): UNSAT in 0.04s
    cube 2590.63.31.20 (depth 3, 30 lits): UNSAT in 0.05s
    cube 2590.63.31.21 (depth 3, 30 lits): UNSAT in 0.06s
    cube 2590.63.31.22 (depth 3, 30 lits): UNSAT in 0.31s
    cube 2590.63.31.23 (depth 3, 30 lits): UNSAT in 0.04s
    cube 2590.63.31.24 (depth 3, 30 lits): UNSAT in 0.13s
    cube 2590.63.31.25 (depth 3, 30 lits): UNSAT in 0.14s
    cube 2590.63.31.26 (depth 3, 30 lits): UNSAT in 0.74s
    cube 2590.63.31.27 (depth 3, 30 lits): UNSAT in 0.15s
    cube 2590.63.31.28 (depth 3, 30 lits): UNSAT in 0.41s
    cube 2590.63.31.29 (depth 3, 30 lits): UNSAT in 0.68s
    cube 2590.63.31.30 (depth 3, 30 lits): UNSAT in 1.87s
    cube 2590.63.31.31 (depth 3, 30 lits): UNSAT in 0.02s
    cube 2590.63.31.32 (depth 3, 30 lits): UNSAT in 0.03s
    cube 2590.63.31.33 (depth 3, 30 lits): UNSAT in 0.03s
    cube 2590.63.31.34 (depth 3, 30 lits): UNSAT in 0.32s
    cube 2590.63.31.35 (depth 3, 30 lits): UNSAT in 0.03s
    cube 2590.63.31.36 (depth 3, 30 lits): UNSAT in 0.26s
    cube 2590.63.31.37 (depth 3, 30 lits): UNSAT in 0.25s
    cube 2590.63.31.38 (depth 3, 30 lits): UNSAT in 1.06s
    cube 2590.63.31.39 (depth 3, 30 lits): UNSAT in 0.06s
    cube 2590.63.31.40 (depth 3, 30 lits): UNSAT in 0.21s
    cube 2590.63.31.41 (depth 3, 30 lits): UNSAT in 0.20s
    cube 2590.63.31.42 (depth 3, 30 lits): UNSAT in 2.31s
    cube 2590.63.31.43 (depth 3, 30 lits): UNSAT in 0.24s
    cube 2590.63.31.44 (depth 3, 30 lits): UNSAT in 1.26s
    cube 2590.63.31.45 (depth 3, 30 lits): UNSAT in 2.09s
    cube 2590.63.31.46 (depth 3, 30 lits): UNSAT in 14.03s
    cube 2590.63.31.47 (depth 3, 30 lits): UNSAT in 0.08s
    cube 2590.63.31.48 (depth 3, 30 lits): UNSAT in 0.81s
    cube 2590.63.31.49 (depth 3, 30 lits): UNSAT in 0.41s
    cube 2590.63.31.50 (depth 3, 30 lits): UNSAT in 2.83s
    cube 2590.63.31.51 (depth 3, 30 lits): UNSAT in 0.39s
    cube 2590.63.31.52 (depth 3, 30 lits): UNSAT in 1.13s
    cube 2590.63.31.53 (depth 3, 30 lits): UNSAT in 1.33s
    cube 2590.63.31.54 (depth 3, 30 lits): UNSAT in 11.90s
    cube 2590.63.31.55 (depth 3, 30 lits): UNSAT in 0.45s
    cube 2590.63.31.56 (depth 3, 30 lits): UNSAT in 1.14s
    cube 2590.63.31.57 (depth 3, 30 lits): UNSAT in 2.14s
    cube 2590.63.31.58 (depth 3, 30 lits): UNSAT in 11.66s
    cube 2590.63.31.59 (depth 3, 30 lits): UNSAT in 3.45s
    cube 2590.63.31.60 (depth 3, 30 lits): UNSAT in 34.69s
    cube 2590.63.31.61 (depth 3, 30 lits): UNSAT in 30.23s
    cube 2590.63.31.62 (depth 3, 30 lits): TIMEOUT in 60.06s
    cube 2590.63.32 (depth 2, 24 lits): UNSAT in 0.01s
    cube 2590.63.33 (depth 2, 24 lits): UNSAT in 0.01s
    cube 2590.63.34 (depth 2, 24 lits): UNSAT in 0.02s
    cube 2590.63.35 (depth 2, 24 lits): UNSAT in 0.08s
    cube 2590.63.36 (depth 2, 24 lits): UNSAT in 0.04s
    cube 2590.63.37 (depth 2, 24 lits): UNSAT in 0.24s
    cube 2590.63.38 (depth 2, 24 lits): UNSAT in 0.11s
    cube 2590.63.39 (depth 2, 24 lits): UNSAT in 1.79s
    cube 2590.63.40 (depth 2, 24 lits): UNSAT in 0.04s
    cube 2590.63.41 (depth 2, 24 lits): UNSAT in 0.12s
    cube 2590.63.42 (depth 2, 24 lits): UNSAT in 0.05s
    cube 2590.63.43 (depth 2, 24 lits): UNSAT in 0.63s
    cube 2590.63.44 (depth 2, 24 lits): UNSAT in 0.13s
    cube 2590.63.45 (depth 2, 24 lits): UNSAT in 0.70s
    cube 2590.63.46 (depth 2, 24 lits): UNSAT in 0.58s
    cube 2590.63.47 (depth 2, 24 lits): UNSAT in 8.24s
    cube 2590.63.48 (depth 2, 24 lits): UNSAT in 0.03s
    cube 2590.63.49 (depth 2, 24 lits): UNSAT in 0.06s
    cube 2590.63.50 (depth 2, 24 lits): UNSAT in 0.04s
    cube 2590.63.51 (depth 2, 24 lits): UNSAT in 0.46s
    cube 2590.63.52 (depth 2, 24 lits): UNSAT in 0.14s
    cube 2590.63.53 (depth 2, 24 lits): UNSAT in 0.57s
    cube 2590.63.54 (depth 2, 24 lits): UNSAT in 0.39s
    cube 2590.63.55 (depth 2, 24 lits): UNSAT in 3.76s
    cube 2590.63.56 (depth 2, 24 lits): UNSAT in 0.50s
    cube 2590.63.57 (depth 2, 24 lits): UNSAT in 0.61s
    cube 2590.63.58 (depth 2, 24 lits): UNSAT in 1.13s
    cube 2590.63.59 (depth 2, 24 lits): UNSAT in 7.13s
    cube 2590.63.60 (depth 2, 24 lits): UNSAT in 0.40s
    cube 2590.63.61 (depth 2, 24 lits): UNSAT in 4.01s
    cube 2590.63.62 (depth 2, 24 lits): UNSAT in 18.63s
    cube 2590.63.63 (depth 2, 24 lits): TIMEOUT in 60.06s
    cube 2590.63.63 TIMEOUT -> re-split into 64 sub-cubes (depth 3)
    cube 2590.63.63.0 (depth 3, 30 lits): UNSAT in 0.01s
    cube 2590.63.63.1 (depth 3, 30 lits): UNSAT in 0.02s
    cube 2590.63.63.2 (depth 3, 30 lits): UNSAT in 0.03s
    cube 2590.63.63.3 (depth 3, 30 lits): UNSAT in 0.02s
    cube 2590.63.63.4 (depth 3, 30 lits): UNSAT in 0.02s
    cube 2590.63.63.5 (depth 3, 30 lits): UNSAT in 0.02s
    cube 2590.63.63.6 (depth 3, 30 lits): UNSAT in 0.04s
    cube 2590.63.63.7 (depth 3, 30 lits): UNSAT in 0.05s
    cube 2590.63.63.8 (depth 3, 30 lits): UNSAT in 0.03s
    cube 2590.63.63.9 (depth 3, 30 lits): UNSAT in 0.08s
    cube 2590.63.63.10 (depth 3, 30 lits): UNSAT in 0.07s
    cube 2590.63.63.11 (depth 3, 30 lits): UNSAT in 0.06s
    cube 2590.63.63.12 (depth 3, 30 lits): UNSAT in 0.02s
    cube 2590.63.63.13 (depth 3, 30 lits): UNSAT in 0.04s
    cube 2590.63.63.14 (depth 3, 30 lits): UNSAT in 0.30s
    cube 2590.63.63.15 (depth 3, 30 lits): UNSAT in 1.58s
    cube 2590.63.63.16 (depth 3, 30 lits): UNSAT in 0.03s
    cube 2590.63.63.17 (depth 3, 30 lits): UNSAT in 0.11s
    cube 2590.63.63.18 (depth 3, 30 lits): UNSAT in 0.08s
    cube 2590.63.63.19 (depth 3, 30 lits): UNSAT in 0.24s
    cube 2590.63.63.20 (depth 3, 30 lits): UNSAT in 0.03s
    cube 2590.63.63.21 (depth 3, 30 lits): UNSAT in 0.06s
    cube 2590.63.63.22 (depth 3, 30 lits): UNSAT in 0.11s
    cube 2590.63.63.23 (depth 3, 30 lits): UNSAT in 0.60s
    cube 2590.63.63.24 (depth 3, 30 lits): UNSAT in 0.02s
    cube 2590.63.63.25 (depth 3, 30 lits): UNSAT in 0.18s
    cube 2590.63.63.26 (depth 3, 30 lits): UNSAT in 0.09s
    cube 2590.63.63.27 (depth 3, 30 lits): UNSAT in 0.57s
    cube 2590.63.63.28 (depth 3, 30 lits): UNSAT in 0.26s
    cube 2590.63.63.29 (depth 3, 30 lits): UNSAT in 3.30s
    cube 2590.63.63.30 (depth 3, 30 lits): UNSAT in 2.09s
    cube 2590.63.63.31 (depth 3, 30 lits): UNSAT in 6.19s
    cube 2590.63.63.32 (depth 3, 30 lits): UNSAT in 0.01s
    cube 2590.63.63.33 (depth 3, 30 lits): UNSAT in 0.02s
    cube 2590.63.63.34 (depth 3, 30 lits): UNSAT in 0.04s
    cube 2590.63.63.35 (depth 3, 30 lits): UNSAT in 0.11s
    cube 2590.63.63.36 (depth 3, 30 lits): UNSAT in 0.09s
    cube 2590.63.63.37 (depth 3, 30 lits): UNSAT in 0.25s
    cube 2590.63.63.38 (depth 3, 30 lits): UNSAT in 0.22s
    cube 2590.63.63.39 (depth 3, 30 lits): UNSAT in 1.39s
    cube 2590.63.63.40 (depth 3, 30 lits): UNSAT in 0.04s
    cube 2590.63.63.41 (depth 3, 30 lits): UNSAT in 0.09s
    cube 2590.63.63.42 (depth 3, 30 lits): UNSAT in 0.20s
    cube 2590.63.63.43 (depth 3, 30 lits): UNSAT in 0.65s
    cube 2590.63.63.44 (depth 3, 30 lits): UNSAT in 0.16s
    cube 2590.63.63.45 (depth 3, 30 lits): UNSAT in 1.99s
    cube 2590.63.63.46 (depth 3, 30 lits): UNSAT in 1.74s
    cube 2590.63.63.47 (depth 3, 30 lits): UNSAT in 19.84s
    cube 2590.63.63.48 (depth 3, 30 lits): UNSAT in 0.08s
    cube 2590.63.63.49 (depth 3, 30 lits): UNSAT in 0.17s
    cube 2590.63.63.50 (depth 3, 30 lits): UNSAT in 0.09s
    cube 2590.63.63.51 (depth 3, 30 lits): UNSAT in 2.22s
    cube 2590.63.63.52 (depth 3, 30 lits): UNSAT in 0.23s
    cube 2590.63.63.53 (depth 3, 30 lits): UNSAT in 1.76s
    cube 2590.63.63.54 (depth 3, 30 lits): UNSAT in 0.86s
    cube 2590.63.63.55 (depth 3, 30 lits): UNSAT in 16.09s
    cube 2590.63.63.56 (depth 3, 30 lits): UNSAT in 0.59s
    cube 2590.63.63.57 (depth 3, 30 lits): UNSAT in 3.17s
    cube 2590.63.63.58 (depth 3, 30 lits): UNSAT in 3.27s
    cube 2590.63.63.59 (depth 3, 30 lits): UNSAT in 33.00s
    cube 2590.63.63.60 (depth 3, 30 lits): UNSAT in 3.89s
    cube 2590.63.63.61 (depth 3, 30 lits): UNSAT in 12.82s
    cube 2590.63.63.62 (depth 3, 30 lits): UNSAT in 41.04s
    cube 2590.63.63.63 (depth 3, 30 lits): TIMEOUT in 60.02s
    cube 2591 (depth 0, 12 lits): UNSAT in 0.04s
    cube 2594 (depth 0, 12 lits): UNSAT in 2.71s
    cube 2596 (depth 0, 12 lits): UNSAT in 1.20s
    cube 2597 (depth 0, 12 lits): UNSAT in 0.71s
    cube 2598 (depth 0, 12 lits): UNSAT in 5.18s
    cube 2599 (depth 0, 12 lits): UNSAT in 1.02s
    cube 2600 (depth 0, 12 lits): UNSAT in 0.87s
    cube 2601 (depth 0, 12 lits): UNSAT in 0.40s
    cube 2602 (depth 0, 12 lits): UNSAT in 5.76s

  shard 11 verdict: UNRESOLVED (34 UNSAT, 1 unresolved) in 3248.7s
