  shard 20/24 (explicit): 1 of 4095 cubes, per-cube cap 1200.0s, re-split depth 7
    cube 3796 (depth 0, 12 lits): TIMEOUT in 1200.10s
    cube 3796 TIMEOUT -> re-split into 247 sub-cubes (depth 1)
    cube 3796.0 (depth 1, 17 lits): UNSAT in 0.01s
    cube 3796.1 (depth 1, 19 lits): UNSAT in 0.01s
    cube 3796.2 (depth 1, 20 lits): UNSAT in 0.01s
    cube 3796.3 (depth 1, 20 lits): UNSAT in 0.02s
    cube 3796.4 (depth 1, 20 lits): UNSAT in 0.02s
    cube 3796.5 (depth 1, 20 lits): UNSAT in 0.02s
    cube 3796.6 (depth 1, 20 lits): UNSAT in 0.02s
    cube 3796.7 (depth 1, 20 lits): UNSAT in 0.03s
    cube 3796.8 (depth 1, 20 lits): UNSAT in 0.01s
    cube 3796.9 (depth 1, 20 lits): UNSAT in 0.03s
    cube 3796.10 (depth 1, 20 lits): UNSAT in 0.01s
    cube 3796.11 (depth 1, 20 lits): UNSAT in 0.04s
    cube 3796.12 (depth 1, 20 lits): UNSAT in 0.02s
    cube 3796.13 (depth 1, 20 lits): UNSAT in 0.05s
    cube 3796.14 (depth 1, 20 lits): UNSAT in 0.02s
    cube 3796.15 (depth 1, 20 lits): UNSAT in 0.02s
    cube 3796.16 (depth 1, 19 lits): UNSAT in 0.02s
    cube 3796.17 (depth 1, 20 lits): UNSAT in 0.03s
    cube 3796.18 (depth 1, 20 lits): UNSAT in 0.02s
    cube 3796.19 (depth 1, 20 lits): UNSAT in 0.03s
    cube 3796.20 (depth 1, 20 lits): UNSAT in 0.08s
    cube 3796.21 (depth 1, 20 lits): UNSAT in 0.02s
    cube 3796.22 (depth 1, 20 lits): UNSAT in 0.20s
    cube 3796.23 (depth 1, 20 lits): UNSAT in 0.02s
    cube 3796.24 (depth 1, 20 lits): UNSAT in 0.02s
    cube 3796.25 (depth 1, 20 lits): UNSAT in 0.02s
    cube 3796.26 (depth 1, 20 lits): UNSAT in 0.02s
    cube 3796.27 (depth 1, 20 lits): UNSAT in 0.06s
    cube 3796.28 (depth 1, 20 lits): UNSAT in 0.06s
    cube 3796.29 (depth 1, 20 lits): UNSAT in 0.10s
    cube 3796.30 (depth 1, 20 lits): UNSAT in 0.19s
    cube 3796.31 (depth 1, 20 lits): UNSAT in 0.02s
    cube 3796.32 (depth 1, 20 lits): UNSAT in 0.02s
    cube 3796.33 (depth 1, 20 lits): UNSAT in 0.01s
    cube 3796.34 (depth 1, 20 lits): UNSAT in 0.09s
    cube 3796.35 (depth 1, 20 lits): UNSAT in 0.05s
    cube 3796.36 (depth 1, 20 lits): UNSAT in 0.09s
    cube 3796.37 (depth 1, 20 lits): UNSAT in 0.06s
    cube 3796.38 (depth 1, 20 lits): UNSAT in 0.01s
    cube 3796.39 (depth 1, 20 lits): UNSAT in 0.02s
    cube 3796.40 (depth 1, 20 lits): UNSAT in 0.12s
    cube 3796.41 (depth 1, 20 lits): UNSAT in 0.04s
    cube 3796.42 (depth 1, 20 lits): UNSAT in 0.12s
    cube 3796.43 (depth 1, 20 lits): UNSAT in 0.12s
    cube 3796.44 (depth 1, 20 lits): UNSAT in 0.29s
    cube 3796.45 (depth 1, 20 lits): UNSAT in 0.11s
    cube 3796.46 (depth 1, 20 lits): UNSAT in 0.29s
    cube 3796.47 (depth 1, 20 lits): UNSAT in 0.11s
    cube 3796.48 (depth 1, 20 lits): UNSAT in 0.24s
    cube 3796.49 (depth 1, 20 lits): UNSAT in 0.07s
    cube 3796.50 (depth 1, 20 lits): UNSAT in 0.43s
    cube 3796.51 (depth 1, 20 lits): UNSAT in 0.34s
    cube 3796.52 (depth 1, 20 lits): UNSAT in 0.51s
    cube 3796.53 (depth 1, 20 lits): UNSAT in 0.46s
    cube 3796.54 (depth 1, 20 lits): UNSAT in 1.16s
    cube 3796.55 (depth 1, 20 lits): UNSAT in 0.01s
    cube 3796.56 (depth 1, 20 lits): UNSAT in 0.02s
    cube 3796.57 (depth 1, 20 lits): UNSAT in 0.01s
    cube 3796.58 (depth 1, 20 lits): UNSAT in 0.02s
    cube 3796.59 (depth 1, 20 lits): UNSAT in 0.01s
    cube 3796.60 (depth 1, 20 lits): UNSAT in 0.03s
    cube 3796.61 (depth 1, 20 lits): UNSAT in 0.02s
    cube 3796.62 (depth 1, 20 lits): UNSAT in 0.08s
    cube 3796.63 (depth 1, 20 lits): UNSAT in 0.01s
    cube 3796.64 (depth 1, 20 lits): UNSAT in 0.03s
    cube 3796.65 (depth 1, 20 lits): UNSAT in 0.03s
    cube 3796.66 (depth 1, 20 lits): UNSAT in 0.03s
    cube 3796.67 (depth 1, 20 lits): UNSAT in 0.02s
    cube 3796.68 (depth 1, 20 lits): UNSAT in 0.03s
    cube 3796.69 (depth 1, 20 lits): UNSAT in 0.11s
    cube 3796.70 (depth 1, 20 lits): UNSAT in 0.12s
    cube 3796.71 (depth 1, 20 lits): UNSAT in 0.02s
    cube 3796.72 (depth 1, 20 lits): UNSAT in 0.02s
    cube 3796.73 (depth 1, 20 lits): UNSAT in 0.02s
    cube 3796.74 (depth 1, 20 lits): UNSAT in 0.04s
    cube 3796.75 (depth 1, 20 lits): UNSAT in 0.02s
    cube 3796.76 (depth 1, 20 lits): UNSAT in 0.06s
    cube 3796.77 (depth 1, 20 lits): UNSAT in 0.14s
    cube 3796.78 (depth 1, 20 lits): UNSAT in 0.25s
    cube 3796.79 (depth 1, 20 lits): UNSAT in 0.05s
    cube 3796.80 (depth 1, 20 lits): UNSAT in 0.14s
    cube 3796.81 (depth 1, 20 lits): UNSAT in 0.09s
    cube 3796.82 (depth 1, 20 lits): UNSAT in 0.16s
    cube 3796.83 (depth 1, 20 lits): UNSAT in 0.03s
    cube 3796.84 (depth 1, 20 lits): UNSAT in 0.35s
    cube 3796.85 (depth 1, 20 lits): UNSAT in 0.41s
    cube 3796.86 (depth 1, 20 lits): UNSAT in 1.37s
    cube 3796.87 (depth 1, 20 lits): UNSAT in 0.01s
    cube 3796.88 (depth 1, 20 lits): UNSAT in 0.02s
    cube 3796.89 (depth 1, 20 lits): UNSAT in 0.03s
    cube 3796.90 (depth 1, 20 lits): UNSAT in 0.02s
    cube 3796.91 (depth 1, 20 lits): UNSAT in 0.02s
    cube 3796.92 (depth 1, 20 lits): UNSAT in 0.02s
    cube 3796.93 (depth 1, 20 lits): UNSAT in 0.06s
    cube 3796.94 (depth 1, 20 lits): UNSAT in 0.27s
    cube 3796.95 (depth 1, 20 lits): UNSAT in 0.02s
    cube 3796.96 (depth 1, 20 lits): UNSAT in 0.08s
    cube 3796.97 (depth 1, 20 lits): UNSAT in 0.18s
    cube 3796.98 (depth 1, 20 lits): UNSAT in 0.12s
    cube 3796.99 (depth 1, 20 lits): UNSAT in 0.09s
    cube 3796.100 (depth 1, 20 lits): UNSAT in 0.14s
    cube 3796.101 (depth 1, 20 lits): UNSAT in 0.05s
    cube 3796.102 (depth 1, 20 lits): UNSAT in 0.30s
    cube 3796.103 (depth 1, 20 lits): UNSAT in 0.06s
    cube 3796.104 (depth 1, 20 lits): UNSAT in 0.20s
    cube 3796.105 (depth 1, 20 lits): UNSAT in 0.35s
    cube 3796.106 (depth 1, 20 lits): UNSAT in 1.21s
    cube 3796.107 (depth 1, 20 lits): UNSAT in 0.16s
    cube 3796.108 (depth 1, 20 lits): UNSAT in 0.65s
    cube 3796.109 (depth 1, 20 lits): UNSAT in 0.64s
    cube 3796.110 (depth 1, 20 lits): UNSAT in 1.84s
    cube 3796.111 (depth 1, 20 lits): UNSAT in 0.09s
    cube 3796.112 (depth 1, 20 lits): UNSAT in 0.22s
    cube 3796.113 (depth 1, 20 lits): UNSAT in 0.51s
    cube 3796.114 (depth 1, 20 lits): UNSAT in 0.61s
    cube 3796.115 (depth 1, 20 lits): UNSAT in 0.23s
    cube 3796.116 (depth 1, 20 lits): UNSAT in 2.11s
    cube 3796.117 (depth 1, 20 lits): UNSAT in 3.31s
    cube 3796.118 (depth 1, 20 lits): UNSAT in 13.28s
    cube 3796.119 (depth 1, 20 lits): UNSAT in 0.02s
    cube 3796.120 (depth 1, 20 lits): UNSAT in 0.02s
    cube 3796.121 (depth 1, 20 lits): UNSAT in 0.02s
    cube 3796.122 (depth 1, 20 lits): UNSAT in 0.04s
    cube 3796.123 (depth 1, 20 lits): UNSAT in 0.02s
    cube 3796.124 (depth 1, 20 lits): UNSAT in 0.05s
    cube 3796.125 (depth 1, 20 lits): UNSAT in 0.02s
    cube 3796.126 (depth 1, 20 lits): UNSAT in 0.13s
    cube 3796.127 (depth 1, 20 lits): UNSAT in 0.12s
    cube 3796.128 (depth 1, 20 lits): UNSAT in 0.14s
    cube 3796.129 (depth 1, 20 lits): UNSAT in 0.13s
    cube 3796.130 (depth 1, 20 lits): UNSAT in 0.32s
    cube 3796.131 (depth 1, 20 lits): UNSAT in 0.20s
    cube 3796.132 (depth 1, 20 lits): UNSAT in 0.19s
    cube 3796.133 (depth 1, 20 lits): UNSAT in 0.28s
    cube 3796.134 (depth 1, 20 lits): UNSAT in 1.64s
    cube 3796.135 (depth 1, 20 lits): UNSAT in 0.05s
    cube 3796.136 (depth 1, 20 lits): UNSAT in 0.07s
    cube 3796.137 (depth 1, 20 lits): UNSAT in 0.17s
    cube 3796.138 (depth 1, 20 lits): UNSAT in 0.22s
    cube 3796.139 (depth 1, 20 lits): UNSAT in 0.06s
    cube 3796.140 (depth 1, 20 lits): UNSAT in 0.15s
    cube 3796.141 (depth 1, 20 lits): UNSAT in 0.29s
    cube 3796.142 (depth 1, 20 lits): UNSAT in 0.59s
    cube 3796.143 (depth 1, 20 lits): UNSAT in 0.06s
    cube 3796.144 (depth 1, 20 lits): UNSAT in 0.24s
    cube 3796.145 (depth 1, 20 lits): UNSAT in 0.60s
    cube 3796.146 (depth 1, 20 lits): UNSAT in 0.83s
    cube 3796.147 (depth 1, 20 lits): UNSAT in 0.31s
    cube 3796.148 (depth 1, 20 lits): UNSAT in 2.76s
    cube 3796.149 (depth 1, 20 lits): UNSAT in 2.12s
    cube 3796.150 (depth 1, 20 lits): UNSAT in 4.49s
    cube 3796.151 (depth 1, 20 lits): UNSAT in 0.08s
    cube 3796.152 (depth 1, 20 lits): UNSAT in 0.12s
    cube 3796.153 (depth 1, 20 lits): UNSAT in 0.10s
    cube 3796.154 (depth 1, 20 lits): UNSAT in 0.24s
    cube 3796.155 (depth 1, 20 lits): UNSAT in 0.08s
    cube 3796.156 (depth 1, 20 lits): UNSAT in 0.09s
    cube 3796.157 (depth 1, 20 lits): UNSAT in 0.47s
    cube 3796.158 (depth 1, 20 lits): UNSAT in 0.65s
    cube 3796.159 (depth 1, 20 lits): UNSAT in 0.12s
    cube 3796.160 (depth 1, 20 lits): UNSAT in 0.47s
    cube 3796.161 (depth 1, 20 lits): UNSAT in 0.18s
    cube 3796.162 (depth 1, 20 lits): UNSAT in 0.94s
    cube 3796.163 (depth 1, 20 lits): UNSAT in 0.64s
    cube 3796.164 (depth 1, 20 lits): UNSAT in 1.06s
    cube 3796.165 (depth 1, 20 lits): UNSAT in 1.55s
    cube 3796.166 (depth 1, 20 lits): UNSAT in 3.05s
    cube 3796.167 (depth 1, 20 lits): UNSAT in 0.35s
    cube 3796.168 (depth 1, 20 lits): UNSAT in 0.98s
    cube 3796.169 (depth 1, 20 lits): UNSAT in 0.61s
    cube 3796.170 (depth 1, 20 lits): UNSAT in 1.83s
    cube 3796.171 (depth 1, 20 lits): UNSAT in 0.27s
    cube 3796.172 (depth 1, 20 lits): UNSAT in 2.22s
    cube 3796.173 (depth 1, 20 lits): UNSAT in 1.27s
    cube 3796.174 (depth 1, 20 lits): UNSAT in 3.59s
    cube 3796.175 (depth 1, 20 lits): UNSAT in 0.96s
    cube 3796.176 (depth 1, 20 lits): UNSAT in 2.15s
    cube 3796.177 (depth 1, 20 lits): UNSAT in 4.49s
    cube 3796.178 (depth 1, 20 lits): UNSAT in 11.41s
    cube 3796.179 (depth 1, 20 lits): UNSAT in 1.66s
    cube 3796.180 (depth 1, 20 lits): UNSAT in 23.69s
    cube 3796.181 (depth 1, 20 lits): UNSAT in 32.94s
    cube 3796.182 (depth 1, 20 lits): UNSAT in 71.96s
    cube 3796.183 (depth 1, 20 lits): UNSAT in 0.04s
    cube 3796.184 (depth 1, 20 lits): UNSAT in 0.08s
    cube 3796.185 (depth 1, 20 lits): UNSAT in 0.10s
    cube 3796.186 (depth 1, 20 lits): UNSAT in 0.19s
    cube 3796.187 (depth 1, 20 lits): UNSAT in 0.05s
    cube 3796.188 (depth 1, 20 lits): UNSAT in 0.06s
    cube 3796.189 (depth 1, 20 lits): UNSAT in 0.25s
    cube 3796.190 (depth 1, 20 lits): UNSAT in 1.03s
    cube 3796.191 (depth 1, 20 lits): UNSAT in 0.08s
    cube 3796.192 (depth 1, 20 lits): UNSAT in 0.23s
    cube 3796.193 (depth 1, 20 lits): UNSAT in 0.14s
    cube 3796.194 (depth 1, 20 lits): UNSAT in 0.80s
    cube 3796.195 (depth 1, 20 lits): UNSAT in 0.21s
    cube 3796.196 (depth 1, 20 lits): UNSAT in 1.68s
    cube 3796.197 (depth 1, 20 lits): UNSAT in 2.05s
    cube 3796.198 (depth 1, 20 lits): UNSAT in 6.02s
    cube 3796.199 (depth 1, 20 lits): UNSAT in 0.05s
    cube 3796.200 (depth 1, 20 lits): UNSAT in 0.16s
    cube 3796.201 (depth 1, 20 lits): UNSAT in 0.31s
    cube 3796.202 (depth 1, 20 lits): UNSAT in 1.39s
    cube 3796.203 (depth 1, 20 lits): UNSAT in 0.07s
    cube 3796.204 (depth 1, 20 lits): UNSAT in 1.13s
    cube 3796.205 (depth 1, 20 lits): UNSAT in 1.03s
    cube 3796.206 (depth 1, 20 lits): UNSAT in 3.71s
    cube 3796.207 (depth 1, 20 lits): UNSAT in 0.12s
    cube 3796.208 (depth 1, 20 lits): UNSAT in 0.86s
    cube 3796.209 (depth 1, 20 lits): UNSAT in 0.54s
    cube 3796.210 (depth 1, 20 lits): UNSAT in 2.15s
    cube 3796.211 (depth 1, 20 lits): UNSAT in 0.67s
    cube 3796.212 (depth 1, 20 lits): UNSAT in 4.84s
    cube 3796.213 (depth 1, 20 lits): UNSAT in 20.50s
    cube 3796.214 (depth 1, 20 lits): UNSAT in 69.32s
    cube 3796.215 (depth 1, 20 lits): UNSAT in 0.06s
    cube 3796.216 (depth 1, 20 lits): UNSAT in 0.12s
    cube 3796.217 (depth 1, 20 lits): UNSAT in 0.11s
    cube 3796.218 (depth 1, 20 lits): UNSAT in 0.56s
    cube 3796.219 (depth 1, 20 lits): UNSAT in 0.16s
    cube 3796.220 (depth 1, 20 lits): UNSAT in 0.51s
    cube 3796.221 (depth 1, 20 lits): UNSAT in 0.77s
    cube 3796.222 (depth 1, 20 lits): UNSAT in 3.70s
    cube 3796.223 (depth 1, 20 lits): UNSAT in 0.26s
    cube 3796.224 (depth 1, 20 lits): UNSAT in 0.58s
    cube 3796.225 (depth 1, 20 lits): UNSAT in 2.78s
    cube 3796.226 (depth 1, 20 lits): UNSAT in 6.91s
    cube 3796.227 (depth 1, 20 lits): UNSAT in 1.93s
    cube 3796.228 (depth 1, 20 lits): UNSAT in 4.94s
    cube 3796.229 (depth 1, 20 lits): UNSAT in 22.30s
    cube 3796.230 (depth 1, 20 lits): UNSAT in 79.09s
    cube 3796.231 (depth 1, 20 lits): UNSAT in 0.78s
    cube 3796.232 (depth 1, 20 lits): UNSAT in 1.99s
    cube 3796.233 (depth 1, 20 lits): UNSAT in 1.22s
    cube 3796.234 (depth 1, 20 lits): UNSAT in 13.30s
    cube 3796.235 (depth 1, 20 lits): UNSAT in 0.41s
    cube 3796.236 (depth 1, 20 lits): UNSAT in 5.73s
    cube 3796.237 (depth 1, 20 lits): UNSAT in 11.22s
    cube 3796.238 (depth 1, 20 lits): UNSAT in 91.64s
    cube 3796.239 (depth 1, 20 lits): UNSAT in 0.53s
    cube 3796.240 (depth 1, 20 lits): UNSAT in 10.78s
    cube 3796.241 (depth 1, 20 lits): UNSAT in 19.80s
    cube 3796.242 (depth 1, 20 lits): UNSAT in 259.49s
    cube 3796.243 (depth 1, 20 lits): UNSAT in 10.75s
    cube 3796.244 (depth 1, 20 lits): UNSAT in 51.47s
    cube 3796.245 (depth 1, 20 lits): UNSAT in 303.75s
    cube 3796.246 (depth 1, 20 lits): UNSAT in 177.87s

  shard 20 verdict: UNSAT (1 UNSAT, 0 unresolved) in 2633.6s
