  shard 6/24 (explicit): 1 of 4095 cubes, per-cube cap 1200.0s, re-split depth 7
    cube 3706 (depth 0, 12 lits): TIMEOUT in 1200.10s
    cube 3706 TIMEOUT -> re-split into 246 sub-cubes (depth 1)
    cube 3706.0 (depth 1, 17 lits): UNSAT in 0.01s
    cube 3706.1 (depth 1, 20 lits): UNSAT in 0.01s
    cube 3706.2 (depth 1, 20 lits): UNSAT in 0.02s
    cube 3706.3 (depth 1, 20 lits): UNSAT in 0.02s
    cube 3706.4 (depth 1, 20 lits): UNSAT in 0.02s
    cube 3706.5 (depth 1, 19 lits): UNSAT in 0.01s
    cube 3706.6 (depth 1, 20 lits): UNSAT in 0.02s
    cube 3706.7 (depth 1, 20 lits): UNSAT in 0.01s
    cube 3706.8 (depth 1, 20 lits): UNSAT in 0.02s
    cube 3706.9 (depth 1, 20 lits): UNSAT in 0.02s
    cube 3706.10 (depth 1, 20 lits): UNSAT in 0.02s
    cube 3706.11 (depth 1, 20 lits): UNSAT in 0.04s
    cube 3706.12 (depth 1, 20 lits): UNSAT in 0.01s
    cube 3706.13 (depth 1, 20 lits): UNSAT in 0.02s
    cube 3706.14 (depth 1, 20 lits): UNSAT in 0.11s
    cube 3706.15 (depth 1, 20 lits): UNSAT in 0.10s
    cube 3706.16 (depth 1, 20 lits): UNSAT in 0.02s
    cube 3706.17 (depth 1, 20 lits): UNSAT in 0.02s
    cube 3706.18 (depth 1, 20 lits): UNSAT in 0.05s
    cube 3706.19 (depth 1, 20 lits): UNSAT in 0.04s
    cube 3706.20 (depth 1, 20 lits): UNSAT in 0.02s
    cube 3706.21 (depth 1, 20 lits): UNSAT in 0.01s
    cube 3706.22 (depth 1, 20 lits): UNSAT in 0.03s
    cube 3706.23 (depth 1, 20 lits): UNSAT in 0.03s
    cube 3706.24 (depth 1, 20 lits): UNSAT in 0.01s
    cube 3706.25 (depth 1, 20 lits): UNSAT in 0.02s
    cube 3706.26 (depth 1, 20 lits): UNSAT in 0.01s
    cube 3706.27 (depth 1, 20 lits): UNSAT in 0.03s
    cube 3706.28 (depth 1, 20 lits): UNSAT in 0.04s
    cube 3706.29 (depth 1, 20 lits): UNSAT in 0.08s
    cube 3706.30 (depth 1, 20 lits): UNSAT in 0.08s
    cube 3706.31 (depth 1, 20 lits): UNSAT in 0.06s
    cube 3706.32 (depth 1, 20 lits): UNSAT in 0.01s
    cube 3706.33 (depth 1, 20 lits): UNSAT in 0.02s
    cube 3706.34 (depth 1, 20 lits): UNSAT in 0.06s
    cube 3706.35 (depth 1, 20 lits): UNSAT in 0.07s
    cube 3706.36 (depth 1, 20 lits): UNSAT in 0.06s
    cube 3706.37 (depth 1, 20 lits): UNSAT in 0.29s
    cube 3706.38 (depth 1, 20 lits): UNSAT in 0.12s
    cube 3706.39 (depth 1, 20 lits): UNSAT in 0.08s
    cube 3706.40 (depth 1, 20 lits): UNSAT in 0.03s
    cube 3706.41 (depth 1, 20 lits): UNSAT in 0.06s
    cube 3706.42 (depth 1, 20 lits): UNSAT in 0.03s
    cube 3706.43 (depth 1, 20 lits): UNSAT in 0.22s
    cube 3706.44 (depth 1, 20 lits): UNSAT in 0.13s
    cube 3706.45 (depth 1, 20 lits): UNSAT in 0.30s
    cube 3706.46 (depth 1, 20 lits): UNSAT in 0.32s
    cube 3706.47 (depth 1, 20 lits): UNSAT in 1.15s
    cube 3706.48 (depth 1, 20 lits): UNSAT in 0.07s
    cube 3706.49 (depth 1, 20 lits): UNSAT in 0.17s
    cube 3706.50 (depth 1, 20 lits): UNSAT in 0.31s
    cube 3706.51 (depth 1, 20 lits): UNSAT in 1.41s
    cube 3706.52 (depth 1, 20 lits): UNSAT in 0.04s
    cube 3706.53 (depth 1, 20 lits): UNSAT in 0.13s
    cube 3706.54 (depth 1, 20 lits): UNSAT in 0.17s
    cube 3706.55 (depth 1, 20 lits): UNSAT in 0.81s
    cube 3706.56 (depth 1, 19 lits): UNSAT in 0.01s
    cube 3706.57 (depth 1, 20 lits): UNSAT in 0.02s
    cube 3706.58 (depth 1, 20 lits): UNSAT in 0.01s
    cube 3706.59 (depth 1, 20 lits): UNSAT in 0.02s
    cube 3706.60 (depth 1, 20 lits): UNSAT in 0.05s
    cube 3706.61 (depth 1, 20 lits): UNSAT in 0.02s
    cube 3706.62 (depth 1, 20 lits): UNSAT in 0.05s
    cube 3706.63 (depth 1, 20 lits): UNSAT in 0.01s
    cube 3706.64 (depth 1, 20 lits): UNSAT in 0.06s
    cube 3706.65 (depth 1, 20 lits): UNSAT in 0.03s
    cube 3706.66 (depth 1, 20 lits): UNSAT in 0.03s
    cube 3706.67 (depth 1, 20 lits): UNSAT in 0.04s
    cube 3706.68 (depth 1, 20 lits): UNSAT in 0.03s
    cube 3706.69 (depth 1, 20 lits): UNSAT in 0.08s
    cube 3706.70 (depth 1, 20 lits): UNSAT in 0.15s
    cube 3706.71 (depth 1, 20 lits): UNSAT in 0.02s
    cube 3706.72 (depth 1, 20 lits): UNSAT in 0.02s
    cube 3706.73 (depth 1, 20 lits): UNSAT in 0.04s
    cube 3706.74 (depth 1, 20 lits): UNSAT in 0.08s
    cube 3706.75 (depth 1, 20 lits): UNSAT in 0.03s
    cube 3706.76 (depth 1, 20 lits): UNSAT in 0.09s
    cube 3706.77 (depth 1, 20 lits): UNSAT in 0.02s
    cube 3706.78 (depth 1, 20 lits): UNSAT in 0.21s
    cube 3706.79 (depth 1, 20 lits): UNSAT in 0.07s
    cube 3706.80 (depth 1, 20 lits): UNSAT in 0.12s
    cube 3706.81 (depth 1, 20 lits): UNSAT in 0.38s
    cube 3706.82 (depth 1, 20 lits): UNSAT in 0.88s
    cube 3706.83 (depth 1, 20 lits): UNSAT in 0.42s
    cube 3706.84 (depth 1, 20 lits): UNSAT in 0.36s
    cube 3706.85 (depth 1, 20 lits): UNSAT in 0.26s
    cube 3706.86 (depth 1, 20 lits): UNSAT in 1.29s
    cube 3706.87 (depth 1, 20 lits): UNSAT in 0.02s
    cube 3706.88 (depth 1, 20 lits): UNSAT in 0.09s
    cube 3706.89 (depth 1, 20 lits): UNSAT in 0.06s
    cube 3706.90 (depth 1, 20 lits): UNSAT in 0.11s
    cube 3706.91 (depth 1, 20 lits): UNSAT in 0.03s
    cube 3706.92 (depth 1, 20 lits): UNSAT in 0.04s
    cube 3706.93 (depth 1, 20 lits): UNSAT in 0.13s
    cube 3706.94 (depth 1, 20 lits): UNSAT in 0.35s
    cube 3706.95 (depth 1, 20 lits): UNSAT in 0.18s
    cube 3706.96 (depth 1, 20 lits): UNSAT in 0.28s
    cube 3706.97 (depth 1, 20 lits): UNSAT in 0.42s
    cube 3706.98 (depth 1, 20 lits): UNSAT in 1.25s
    cube 3706.99 (depth 1, 20 lits): UNSAT in 0.13s
    cube 3706.100 (depth 1, 20 lits): UNSAT in 0.38s
    cube 3706.101 (depth 1, 20 lits): UNSAT in 1.24s
    cube 3706.102 (depth 1, 20 lits): UNSAT in 3.70s
    cube 3706.103 (depth 1, 20 lits): UNSAT in 0.05s
    cube 3706.104 (depth 1, 20 lits): UNSAT in 0.09s
    cube 3706.105 (depth 1, 20 lits): UNSAT in 0.13s
    cube 3706.106 (depth 1, 20 lits): UNSAT in 0.57s
    cube 3706.107 (depth 1, 20 lits): UNSAT in 0.20s
    cube 3706.108 (depth 1, 20 lits): UNSAT in 0.90s
    cube 3706.109 (depth 1, 20 lits): UNSAT in 2.58s
    cube 3706.110 (depth 1, 20 lits): UNSAT in 5.24s
    cube 3706.111 (depth 1, 20 lits): UNSAT in 0.16s
    cube 3706.112 (depth 1, 20 lits): UNSAT in 0.47s
    cube 3706.113 (depth 1, 20 lits): UNSAT in 0.67s
    cube 3706.114 (depth 1, 20 lits): UNSAT in 11.10s
    cube 3706.115 (depth 1, 20 lits): UNSAT in 2.29s
    cube 3706.116 (depth 1, 20 lits): UNSAT in 5.78s
    cube 3706.117 (depth 1, 20 lits): UNSAT in 26.16s
    cube 3706.118 (depth 1, 20 lits): UNSAT in 78.67s
    cube 3706.119 (depth 1, 20 lits): UNSAT in 0.02s
    cube 3706.120 (depth 1, 20 lits): UNSAT in 0.02s
    cube 3706.121 (depth 1, 20 lits): UNSAT in 0.02s
    cube 3706.122 (depth 1, 20 lits): UNSAT in 0.09s
    cube 3706.123 (depth 1, 20 lits): UNSAT in 0.05s
    cube 3706.124 (depth 1, 20 lits): UNSAT in 0.14s
    cube 3706.125 (depth 1, 20 lits): UNSAT in 0.07s
    cube 3706.126 (depth 1, 20 lits): UNSAT in 0.05s
    cube 3706.127 (depth 1, 20 lits): UNSAT in 0.04s
    cube 3706.128 (depth 1, 20 lits): UNSAT in 0.14s
    cube 3706.129 (depth 1, 20 lits): UNSAT in 0.15s
    cube 3706.130 (depth 1, 20 lits): UNSAT in 0.37s
    cube 3706.131 (depth 1, 20 lits): UNSAT in 0.05s
    cube 3706.132 (depth 1, 20 lits): UNSAT in 0.14s
    cube 3706.133 (depth 1, 20 lits): UNSAT in 0.18s
    cube 3706.134 (depth 1, 20 lits): UNSAT in 2.03s
    cube 3706.135 (depth 1, 20 lits): UNSAT in 0.03s
    cube 3706.136 (depth 1, 20 lits): UNSAT in 0.10s
    cube 3706.137 (depth 1, 20 lits): UNSAT in 0.06s
    cube 3706.138 (depth 1, 20 lits): UNSAT in 0.14s
    cube 3706.139 (depth 1, 20 lits): UNSAT in 0.06s
    cube 3706.140 (depth 1, 20 lits): UNSAT in 0.23s
    cube 3706.141 (depth 1, 20 lits): UNSAT in 0.14s
    cube 3706.142 (depth 1, 20 lits): UNSAT in 0.41s
    cube 3706.143 (depth 1, 20 lits): UNSAT in 0.09s
    cube 3706.144 (depth 1, 20 lits): UNSAT in 0.54s
    cube 3706.145 (depth 1, 20 lits): UNSAT in 1.54s
    cube 3706.146 (depth 1, 20 lits): UNSAT in 2.29s
    cube 3706.147 (depth 1, 20 lits): UNSAT in 0.14s
    cube 3706.148 (depth 1, 20 lits): UNSAT in 0.89s
    cube 3706.149 (depth 1, 20 lits): UNSAT in 0.46s
    cube 3706.150 (depth 1, 20 lits): UNSAT in 5.59s
    cube 3706.151 (depth 1, 20 lits): UNSAT in 0.02s
    cube 3706.152 (depth 1, 20 lits): UNSAT in 0.02s
    cube 3706.153 (depth 1, 19 lits): UNSAT in 0.02s
    cube 3706.154 (depth 1, 20 lits): UNSAT in 0.01s
    cube 3706.155 (depth 1, 20 lits): UNSAT in 0.04s
    cube 3706.156 (depth 1, 20 lits): UNSAT in 0.12s
    cube 3706.157 (depth 1, 20 lits): UNSAT in 0.03s
    cube 3706.158 (depth 1, 20 lits): UNSAT in 0.03s
    cube 3706.159 (depth 1, 20 lits): UNSAT in 0.03s
    cube 3706.160 (depth 1, 20 lits): UNSAT in 0.01s
    cube 3706.161 (depth 1, 20 lits): UNSAT in 0.16s
    cube 3706.162 (depth 1, 20 lits): UNSAT in 0.05s
    cube 3706.163 (depth 1, 20 lits): UNSAT in 0.56s
    cube 3706.164 (depth 1, 20 lits): UNSAT in 0.20s
    cube 3706.165 (depth 1, 20 lits): UNSAT in 1.60s
    cube 3706.166 (depth 1, 20 lits): UNSAT in 0.15s
    cube 3706.167 (depth 1, 20 lits): UNSAT in 0.45s
    cube 3706.168 (depth 1, 20 lits): UNSAT in 0.80s
    cube 3706.169 (depth 1, 20 lits): UNSAT in 0.89s
    cube 3706.170 (depth 1, 20 lits): UNSAT in 0.39s
    cube 3706.171 (depth 1, 20 lits): UNSAT in 1.38s
    cube 3706.172 (depth 1, 20 lits): UNSAT in 1.56s
    cube 3706.173 (depth 1, 20 lits): UNSAT in 6.20s
    cube 3706.174 (depth 1, 20 lits): UNSAT in 0.13s
    cube 3706.175 (depth 1, 20 lits): UNSAT in 0.49s
    cube 3706.176 (depth 1, 20 lits): UNSAT in 1.25s
    cube 3706.177 (depth 1, 20 lits): UNSAT in 5.66s
    cube 3706.178 (depth 1, 20 lits): UNSAT in 2.17s
    cube 3706.179 (depth 1, 20 lits): UNSAT in 3.50s
    cube 3706.180 (depth 1, 20 lits): UNSAT in 3.47s
    cube 3706.181 (depth 1, 20 lits): UNSAT in 25.69s
    cube 3706.182 (depth 1, 20 lits): UNSAT in 0.08s
    cube 3706.183 (depth 1, 20 lits): UNSAT in 0.33s
    cube 3706.184 (depth 1, 20 lits): UNSAT in 0.12s
    cube 3706.185 (depth 1, 20 lits): UNSAT in 0.93s
    cube 3706.186 (depth 1, 20 lits): UNSAT in 0.01s
    cube 3706.187 (depth 1, 20 lits): UNSAT in 0.79s
    cube 3706.188 (depth 1, 20 lits): UNSAT in 1.46s
    cube 3706.189 (depth 1, 20 lits): UNSAT in 2.73s
    cube 3706.190 (depth 1, 20 lits): UNSAT in 0.09s
    cube 3706.191 (depth 1, 20 lits): UNSAT in 0.29s
    cube 3706.192 (depth 1, 20 lits): UNSAT in 0.29s
    cube 3706.193 (depth 1, 20 lits): UNSAT in 0.89s
    cube 3706.194 (depth 1, 20 lits): UNSAT in 0.38s
    cube 3706.195 (depth 1, 20 lits): UNSAT in 0.78s
    cube 3706.196 (depth 1, 20 lits): UNSAT in 0.36s
    cube 3706.197 (depth 1, 20 lits): UNSAT in 4.47s
    cube 3706.198 (depth 1, 20 lits): UNSAT in 0.03s
    cube 3706.199 (depth 1, 20 lits): UNSAT in 0.08s
    cube 3706.200 (depth 1, 20 lits): UNSAT in 0.26s
    cube 3706.201 (depth 1, 20 lits): UNSAT in 0.72s
    cube 3706.202 (depth 1, 20 lits): UNSAT in 0.16s
    cube 3706.203 (depth 1, 20 lits): UNSAT in 0.29s
    cube 3706.204 (depth 1, 20 lits): UNSAT in 0.37s
    cube 3706.205 (depth 1, 20 lits): UNSAT in 1.05s
    cube 3706.206 (depth 1, 20 lits): UNSAT in 0.06s
    cube 3706.207 (depth 1, 20 lits): UNSAT in 0.35s
    cube 3706.208 (depth 1, 20 lits): UNSAT in 0.66s
    cube 3706.209 (depth 1, 20 lits): UNSAT in 6.34s
    cube 3706.210 (depth 1, 20 lits): UNSAT in 3.24s
    cube 3706.211 (depth 1, 20 lits): UNSAT in 15.88s
    cube 3706.212 (depth 1, 20 lits): UNSAT in 14.83s
    cube 3706.213 (depth 1, 20 lits): UNSAT in 64.86s
    cube 3706.214 (depth 1, 20 lits): UNSAT in 0.19s
    cube 3706.215 (depth 1, 20 lits): UNSAT in 0.39s
    cube 3706.216 (depth 1, 20 lits): UNSAT in 1.08s
    cube 3706.217 (depth 1, 20 lits): UNSAT in 6.45s
    cube 3706.218 (depth 1, 20 lits): UNSAT in 0.14s
    cube 3706.219 (depth 1, 20 lits): UNSAT in 1.29s
    cube 3706.220 (depth 1, 20 lits): UNSAT in 0.92s
    cube 3706.221 (depth 1, 20 lits): UNSAT in 11.61s
    cube 3706.222 (depth 1, 20 lits): UNSAT in 0.09s
    cube 3706.223 (depth 1, 20 lits): UNSAT in 0.20s
    cube 3706.224 (depth 1, 20 lits): UNSAT in 0.21s
    cube 3706.225 (depth 1, 20 lits): UNSAT in 0.85s
    cube 3706.226 (depth 1, 20 lits): UNSAT in 0.81s
    cube 3706.227 (depth 1, 20 lits): UNSAT in 3.89s
    cube 3706.228 (depth 1, 20 lits): UNSAT in 14.63s
    cube 3706.229 (depth 1, 20 lits): UNSAT in 137.79s
    cube 3706.230 (depth 1, 20 lits): UNSAT in 0.11s
    cube 3706.231 (depth 1, 20 lits): UNSAT in 0.71s
    cube 3706.232 (depth 1, 20 lits): UNSAT in 0.43s
    cube 3706.233 (depth 1, 20 lits): UNSAT in 4.56s
    cube 3706.234 (depth 1, 20 lits): UNSAT in 1.62s
    cube 3706.235 (depth 1, 20 lits): UNSAT in 7.38s
    cube 3706.236 (depth 1, 20 lits): UNSAT in 29.01s
    cube 3706.237 (depth 1, 20 lits): UNSAT in 455.78s
    cube 3706.238 (depth 1, 20 lits): UNSAT in 2.03s
    cube 3706.239 (depth 1, 20 lits): UNSAT in 14.55s
    cube 3706.240 (depth 1, 20 lits): UNSAT in 2.85s
    cube 3706.241 (depth 1, 20 lits): UNSAT in 293.04s
    cube 3706.242 (depth 1, 20 lits): UNSAT in 30.45s
    cube 3706.243 (depth 1, 20 lits): UNSAT in 1105.90s
    cube 3706.244 (depth 1, 20 lits): TIMEOUT in 1200.10s
    cube 3706.244 TIMEOUT -> re-split into 249 sub-cubes (depth 2)
    cube 3706.244.0 (depth 2, 27 lits): UNSAT in 0.01s
    cube 3706.244.1 (depth 2, 28 lits): UNSAT in 0.01s
    cube 3706.244.2 (depth 2, 28 lits): UNSAT in 0.01s
    cube 3706.244.3 (depth 2, 28 lits): UNSAT in 0.01s
    cube 3706.244.4 (depth 2, 28 lits): UNSAT in 0.02s
    cube 3706.244.5 (depth 2, 28 lits): UNSAT in 0.02s
    cube 3706.244.6 (depth 2, 28 lits): UNSAT in 0.03s
    cube 3706.244.7 (depth 2, 28 lits): UNSAT in 0.01s
    cube 3706.244.8 (depth 2, 28 lits): UNSAT in 0.02s
    cube 3706.244.9 (depth 2, 28 lits): UNSAT in 0.02s
    cube 3706.244.10 (depth 2, 28 lits): UNSAT in 0.06s
    cube 3706.244.11 (depth 2, 28 lits): UNSAT in 0.03s
    cube 3706.244.12 (depth 2, 28 lits): UNSAT in 0.04s
    cube 3706.244.13 (depth 2, 28 lits): UNSAT in 0.05s
    cube 3706.244.14 (depth 2, 28 lits): UNSAT in 0.07s
    cube 3706.244.15 (depth 2, 27 lits): UNSAT in 0.02s
    cube 3706.244.16 (depth 2, 28 lits): UNSAT in 0.01s
    cube 3706.244.17 (depth 2, 28 lits): UNSAT in 0.02s
    cube 3706.244.18 (depth 2, 28 lits): UNSAT in 0.01s
    cube 3706.244.19 (depth 2, 28 lits): UNSAT in 0.02s
    cube 3706.244.20 (depth 2, 28 lits): UNSAT in 0.03s
    cube 3706.244.21 (depth 2, 28 lits): UNSAT in 0.12s
    cube 3706.244.22 (depth 2, 28 lits): UNSAT in 0.02s
    cube 3706.244.23 (depth 2, 28 lits): UNSAT in 0.02s
    cube 3706.244.24 (depth 2, 28 lits): UNSAT in 0.02s
    cube 3706.244.25 (depth 2, 28 lits): UNSAT in 0.07s
    cube 3706.244.26 (depth 2, 28 lits): UNSAT in 0.04s
    cube 3706.244.27 (depth 2, 28 lits): UNSAT in 0.12s
    cube 3706.244.28 (depth 2, 28 lits): UNSAT in 0.08s
    cube 3706.244.29 (depth 2, 28 lits): UNSAT in 0.38s
    cube 3706.244.30 (depth 2, 27 lits): UNSAT in 0.01s
    cube 3706.244.31 (depth 2, 28 lits): UNSAT in 0.01s
    cube 3706.244.32 (depth 2, 28 lits): UNSAT in 0.02s
    cube 3706.244.33 (depth 2, 28 lits): UNSAT in 0.02s
    cube 3706.244.34 (depth 2, 28 lits): UNSAT in 0.04s
    cube 3706.244.35 (depth 2, 28 lits): UNSAT in 0.03s
    cube 3706.244.36 (depth 2, 28 lits): UNSAT in 0.04s
    cube 3706.244.37 (depth 2, 27 lits): UNSAT in 0.02s
    cube 3706.244.38 (depth 2, 28 lits): UNSAT in 0.03s
    cube 3706.244.39 (depth 2, 28 lits): UNSAT in 0.04s
    cube 3706.244.40 (depth 2, 28 lits): UNSAT in 0.02s
    cube 3706.244.41 (depth 2, 28 lits): UNSAT in 0.02s
    cube 3706.244.42 (depth 2, 28 lits): UNSAT in 0.10s
    cube 3706.244.43 (depth 2, 28 lits): UNSAT in 0.23s
    cube 3706.244.44 (depth 2, 28 lits): UNSAT in 0.02s
    cube 3706.244.45 (depth 2, 28 lits): UNSAT in 0.04s
    cube 3706.244.46 (depth 2, 28 lits): UNSAT in 0.03s
    cube 3706.244.47 (depth 2, 28 lits): UNSAT in 0.10s
    cube 3706.244.48 (depth 2, 28 lits): UNSAT in 0.02s
    cube 3706.244.49 (depth 2, 28 lits): UNSAT in 0.08s
    cube 3706.244.50 (depth 2, 28 lits): UNSAT in 0.15s
    cube 3706.244.51 (depth 2, 28 lits): UNSAT in 0.62s
    cube 3706.244.52 (depth 2, 28 lits): UNSAT in 0.04s
    cube 3706.244.53 (depth 2, 28 lits): UNSAT in 0.05s
    cube 3706.244.54 (depth 2, 28 lits): UNSAT in 0.10s
    cube 3706.244.55 (depth 2, 28 lits): UNSAT in 0.59s
    cube 3706.244.56 (depth 2, 28 lits): UNSAT in 0.11s
    cube 3706.244.57 (depth 2, 28 lits): UNSAT in 0.56s
    cube 3706.244.58 (depth 2, 28 lits): UNSAT in 0.42s
    cube 3706.244.59 (depth 2, 28 lits): UNSAT in 0.40s
    cube 3706.244.60 (depth 2, 28 lits): UNSAT in 0.01s
    cube 3706.244.61 (depth 2, 28 lits): UNSAT in 0.02s
    cube 3706.244.62 (depth 2, 28 lits): UNSAT in 0.02s
    cube 3706.244.63 (depth 2, 28 lits): UNSAT in 0.01s
    cube 3706.244.64 (depth 2, 28 lits): UNSAT in 0.01s
    cube 3706.244.65 (depth 2, 28 lits): UNSAT in 0.02s
    cube 3706.244.66 (depth 2, 28 lits): UNSAT in 0.02s
    cube 3706.244.67 (depth 2, 28 lits): UNSAT in 0.09s
    cube 3706.244.68 (depth 2, 28 lits): UNSAT in 0.01s
    cube 3706.244.69 (depth 2, 28 lits): UNSAT in 0.03s
    cube 3706.244.70 (depth 2, 28 lits): UNSAT in 0.03s
    cube 3706.244.71 (depth 2, 28 lits): UNSAT in 0.11s
    cube 3706.244.72 (depth 2, 28 lits): UNSAT in 0.04s
    cube 3706.244.73 (depth 2, 28 lits): UNSAT in 0.26s
    cube 3706.244.74 (depth 2, 28 lits): UNSAT in 0.14s
    cube 3706.244.75 (depth 2, 28 lits): UNSAT in 0.46s
    cube 3706.244.76 (depth 2, 28 lits): UNSAT in 0.02s
    cube 3706.244.77 (depth 2, 28 lits): UNSAT in 0.02s
    cube 3706.244.78 (depth 2, 28 lits): UNSAT in 0.02s
    cube 3706.244.79 (depth 2, 28 lits): UNSAT in 0.04s
    cube 3706.244.80 (depth 2, 28 lits): UNSAT in 0.03s
    cube 3706.244.81 (depth 2, 28 lits): UNSAT in 0.09s
    cube 3706.244.82 (depth 2, 28 lits): UNSAT in 0.06s
    cube 3706.244.83 (depth 2, 28 lits): UNSAT in 0.08s
    cube 3706.244.84 (depth 2, 27 lits): UNSAT in 0.02s
    cube 3706.244.85 (depth 2, 28 lits): UNSAT in 0.05s
    cube 3706.244.86 (depth 2, 28 lits): UNSAT in 0.14s
    cube 3706.244.87 (depth 2, 28 lits): UNSAT in 0.05s
    cube 3706.244.88 (depth 2, 28 lits): UNSAT in 0.15s
    cube 3706.244.89 (depth 2, 28 lits): UNSAT in 0.18s
    cube 3706.244.90 (depth 2, 28 lits): UNSAT in 1.04s
    cube 3706.244.91 (depth 2, 28 lits): UNSAT in 0.01s
    cube 3706.244.92 (depth 2, 28 lits): UNSAT in 0.01s
    cube 3706.244.93 (depth 2, 28 lits): UNSAT in 0.01s
    cube 3706.244.94 (depth 2, 28 lits): UNSAT in 0.03s
    cube 3706.244.95 (depth 2, 28 lits): UNSAT in 0.02s
    cube 3706.244.96 (depth 2, 28 lits): UNSAT in 0.07s
    cube 3706.244.97 (depth 2, 28 lits): UNSAT in 0.04s
    cube 3706.244.98 (depth 2, 28 lits): UNSAT in 0.15s
    cube 3706.244.99 (depth 2, 28 lits): UNSAT in 0.07s
    cube 3706.244.100 (depth 2, 28 lits): UNSAT in 0.17s
    cube 3706.244.101 (depth 2, 28 lits): UNSAT in 0.11s
    cube 3706.244.102 (depth 2, 28 lits): UNSAT in 0.54s
    cube 3706.244.103 (depth 2, 28 lits): UNSAT in 0.12s
    cube 3706.244.104 (depth 2, 28 lits): UNSAT in 0.25s
    cube 3706.244.105 (depth 2, 28 lits): UNSAT in 0.12s
    cube 3706.244.106 (depth 2, 28 lits): UNSAT in 0.55s
    cube 3706.244.107 (depth 2, 28 lits): UNSAT in 0.02s
    cube 3706.244.108 (depth 2, 28 lits): UNSAT in 0.02s
    cube 3706.244.109 (depth 2, 28 lits): UNSAT in 0.06s
    cube 3706.244.110 (depth 2, 28 lits): UNSAT in 0.02s
    cube 3706.244.111 (depth 2, 28 lits): UNSAT in 0.05s
    cube 3706.244.112 (depth 2, 28 lits): UNSAT in 0.08s
    cube 3706.244.113 (depth 2, 28 lits): UNSAT in 0.20s
    cube 3706.244.114 (depth 2, 28 lits): UNSAT in 0.22s
    cube 3706.244.115 (depth 2, 28 lits): UNSAT in 0.08s
    cube 3706.244.116 (depth 2, 28 lits): UNSAT in 0.24s
    cube 3706.244.117 (depth 2, 28 lits): UNSAT in 0.30s
    cube 3706.244.118 (depth 2, 28 lits): UNSAT in 1.65s
    cube 3706.244.119 (depth 2, 28 lits): UNSAT in 0.07s
    cube 3706.244.120 (depth 2, 28 lits): UNSAT in 0.44s
    cube 3706.244.121 (depth 2, 28 lits): UNSAT in 0.78s
    cube 3706.244.122 (depth 2, 28 lits): UNSAT in 4.35s
    cube 3706.244.123 (depth 2, 28 lits): UNSAT in 0.01s
    cube 3706.244.124 (depth 2, 28 lits): UNSAT in 0.02s
    cube 3706.244.125 (depth 2, 28 lits): UNSAT in 0.01s
    cube 3706.244.126 (depth 2, 28 lits): UNSAT in 0.02s
    cube 3706.244.127 (depth 2, 28 lits): UNSAT in 0.02s
    cube 3706.244.128 (depth 2, 28 lits): UNSAT in 0.02s
    cube 3706.244.129 (depth 2, 28 lits): UNSAT in 0.02s
    cube 3706.244.130 (depth 2, 28 lits): UNSAT in 0.04s
    cube 3706.244.131 (depth 2, 28 lits): UNSAT in 0.02s
    cube 3706.244.132 (depth 2, 28 lits): UNSAT in 0.02s
    cube 3706.244.133 (depth 2, 28 lits): UNSAT in 0.03s
    cube 3706.244.134 (depth 2, 28 lits): UNSAT in 0.04s
    cube 3706.244.135 (depth 2, 28 lits): UNSAT in 0.02s
    cube 3706.244.136 (depth 2, 28 lits): UNSAT in 0.05s
    cube 3706.244.137 (depth 2, 28 lits): UNSAT in 0.05s
    cube 3706.244.138 (depth 2, 28 lits): UNSAT in 0.09s
    cube 3706.244.139 (depth 2, 28 lits): UNSAT in 0.02s
    cube 3706.244.140 (depth 2, 28 lits): UNSAT in 0.02s
    cube 3706.244.141 (depth 2, 28 lits): UNSAT in 0.02s
    cube 3706.244.142 (depth 2, 28 lits): UNSAT in 0.05s
    cube 3706.244.143 (depth 2, 28 lits): UNSAT in 0.04s
    cube 3706.244.144 (depth 2, 28 lits): UNSAT in 0.06s
    cube 3706.244.145 (depth 2, 28 lits): UNSAT in 0.04s
    cube 3706.244.146 (depth 2, 28 lits): UNSAT in 0.08s
    cube 3706.244.147 (depth 2, 28 lits): UNSAT in 0.02s
    cube 3706.244.148 (depth 2, 28 lits): UNSAT in 0.05s
    cube 3706.244.149 (depth 2, 28 lits): UNSAT in 0.05s
    cube 3706.244.150 (depth 2, 28 lits): UNSAT in 0.10s
    cube 3706.244.151 (depth 2, 28 lits): UNSAT in 0.04s
    cube 3706.244.152 (depth 2, 28 lits): UNSAT in 0.20s
    cube 3706.244.153 (depth 2, 28 lits): UNSAT in 0.14s
    cube 3706.244.154 (depth 2, 28 lits): UNSAT in 0.76s
    cube 3706.244.155 (depth 2, 28 lits): UNSAT in 0.02s
    cube 3706.244.156 (depth 2, 28 lits): UNSAT in 0.03s
    cube 3706.244.157 (depth 2, 28 lits): UNSAT in 0.02s
    cube 3706.244.158 (depth 2, 28 lits): UNSAT in 0.05s
    cube 3706.244.159 (depth 2, 28 lits): UNSAT in 0.01s
    cube 3706.244.160 (depth 2, 28 lits): UNSAT in 0.02s
    cube 3706.244.161 (depth 2, 28 lits): UNSAT in 0.06s
    cube 3706.244.162 (depth 2, 28 lits): UNSAT in 0.04s
    cube 3706.244.163 (depth 2, 28 lits): UNSAT in 0.02s
    cube 3706.244.164 (depth 2, 28 lits): UNSAT in 0.02s
    cube 3706.244.165 (depth 2, 28 lits): UNSAT in 0.03s
    cube 3706.244.166 (depth 2, 28 lits): UNSAT in 0.03s
    cube 3706.244.167 (depth 2, 28 lits): UNSAT in 0.03s
    cube 3706.244.168 (depth 2, 28 lits): UNSAT in 0.06s
    cube 3706.244.169 (depth 2, 28 lits): UNSAT in 0.06s
    cube 3706.244.170 (depth 2, 28 lits): UNSAT in 0.21s
    cube 3706.244.171 (depth 2, 28 lits): UNSAT in 0.03s
    cube 3706.244.172 (depth 2, 28 lits): UNSAT in 0.02s
    cube 3706.244.173 (depth 2, 28 lits): UNSAT in 0.04s
    cube 3706.244.174 (depth 2, 28 lits): UNSAT in 0.36s
    cube 3706.244.175 (depth 2, 28 lits): UNSAT in 0.04s
    cube 3706.244.176 (depth 2, 28 lits): UNSAT in 0.14s
    cube 3706.244.177 (depth 2, 28 lits): UNSAT in 0.18s
    cube 3706.244.178 (depth 2, 28 lits): UNSAT in 0.16s
    cube 3706.244.179 (depth 2, 28 lits): UNSAT in 0.04s
    cube 3706.244.180 (depth 2, 28 lits): UNSAT in 0.11s
    cube 3706.244.181 (depth 2, 28 lits): UNSAT in 0.10s
    cube 3706.244.182 (depth 2, 28 lits): UNSAT in 1.01s
    cube 3706.244.183 (depth 2, 28 lits): UNSAT in 0.20s
    cube 3706.244.184 (depth 2, 28 lits): UNSAT in 0.87s
    cube 3706.244.185 (depth 2, 28 lits): UNSAT in 1.98s
    cube 3706.244.186 (depth 2, 28 lits): UNSAT in 4.82s
    cube 3706.244.187 (depth 2, 27 lits): UNSAT in 0.01s
    cube 3706.244.188 (depth 2, 27 lits): UNSAT in 0.02s
    cube 3706.244.189 (depth 2, 28 lits): UNSAT in 0.02s
    cube 3706.244.190 (depth 2, 28 lits): UNSAT in 0.02s
    cube 3706.244.191 (depth 2, 28 lits): UNSAT in 0.04s
    cube 3706.244.192 (depth 2, 28 lits): UNSAT in 0.06s
    cube 3706.244.193 (depth 2, 28 lits): UNSAT in 0.04s
    cube 3706.244.194 (depth 2, 28 lits): UNSAT in 0.09s
    cube 3706.244.195 (depth 2, 28 lits): UNSAT in 0.04s
    cube 3706.244.196 (depth 2, 28 lits): UNSAT in 0.04s
    cube 3706.244.197 (depth 2, 28 lits): UNSAT in 0.03s
    cube 3706.244.198 (depth 2, 28 lits): UNSAT in 0.12s
    cube 3706.244.199 (depth 2, 28 lits): UNSAT in 0.13s
    cube 3706.244.200 (depth 2, 28 lits): UNSAT in 0.41s
    cube 3706.244.201 (depth 2, 28 lits): UNSAT in 0.05s
    cube 3706.244.202 (depth 2, 28 lits): UNSAT in 0.09s
    cube 3706.244.203 (depth 2, 28 lits): UNSAT in 0.33s
    cube 3706.244.204 (depth 2, 28 lits): UNSAT in 1.73s
    cube 3706.244.205 (depth 2, 28 lits): UNSAT in 0.04s
    cube 3706.244.206 (depth 2, 28 lits): UNSAT in 0.38s
    cube 3706.244.207 (depth 2, 28 lits): UNSAT in 0.08s
    cube 3706.244.208 (depth 2, 28 lits): UNSAT in 1.72s
    cube 3706.244.209 (depth 2, 28 lits): UNSAT in 0.09s
    cube 3706.244.210 (depth 2, 28 lits): UNSAT in 0.13s
    cube 3706.244.211 (depth 2, 28 lits): UNSAT in 0.09s
    cube 3706.244.212 (depth 2, 28 lits): UNSAT in 0.22s
    cube 3706.244.213 (depth 2, 28 lits): UNSAT in 1.48s
    cube 3706.244.214 (depth 2, 28 lits): UNSAT in 1.40s
    cube 3706.244.215 (depth 2, 28 lits): UNSAT in 1.12s
    cube 3706.244.216 (depth 2, 28 lits): UNSAT in 28.62s
    cube 3706.244.217 (depth 2, 28 lits): UNSAT in 0.02s
    cube 3706.244.218 (depth 2, 28 lits): UNSAT in 0.07s
    cube 3706.244.219 (depth 2, 28 lits): UNSAT in 0.05s
    cube 3706.244.220 (depth 2, 28 lits): UNSAT in 0.17s
    cube 3706.244.221 (depth 2, 28 lits): UNSAT in 0.09s
    cube 3706.244.222 (depth 2, 28 lits): UNSAT in 0.34s
    cube 3706.244.223 (depth 2, 28 lits): UNSAT in 0.30s
    cube 3706.244.224 (depth 2, 28 lits): UNSAT in 2.37s
    cube 3706.244.225 (depth 2, 28 lits): UNSAT in 0.29s
    cube 3706.244.226 (depth 2, 28 lits): UNSAT in 0.89s
    cube 3706.244.227 (depth 2, 28 lits): UNSAT in 1.24s
    cube 3706.244.228 (depth 2, 28 lits): UNSAT in 1.38s
    cube 3706.244.229 (depth 2, 28 lits): UNSAT in 0.55s
    cube 3706.244.230 (depth 2, 28 lits): UNSAT in 2.66s
    cube 3706.244.231 (depth 2, 28 lits): UNSAT in 1.14s
    cube 3706.244.232 (depth 2, 28 lits): UNSAT in 17.39s
    cube 3706.244.233 (depth 2, 28 lits): UNSAT in 0.04s
    cube 3706.244.234 (depth 2, 28 lits): UNSAT in 0.36s
    cube 3706.244.235 (depth 2, 28 lits): UNSAT in 1.90s
    cube 3706.244.236 (depth 2, 28 lits): UNSAT in 11.88s
    cube 3706.244.237 (depth 2, 28 lits): UNSAT in 0.56s
    cube 3706.244.238 (depth 2, 28 lits): UNSAT in 9.90s
    cube 3706.244.239 (depth 2, 28 lits): UNSAT in 5.13s
    cube 3706.244.240 (depth 2, 28 lits): UNSAT in 34.61s
    cube 3706.244.241 (depth 2, 28 lits): UNSAT in 0.88s
    cube 3706.244.242 (depth 2, 28 lits): UNSAT in 1.51s
    cube 3706.244.243 (depth 2, 28 lits): UNSAT in 1.33s
    cube 3706.244.244 (depth 2, 28 lits): UNSAT in 26.92s
    cube 3706.244.245 (depth 2, 28 lits): UNSAT in 1.01s
    cube 3706.244.246 (depth 2, 28 lits): UNSAT in 52.70s
    cube 3706.244.247 (depth 2, 28 lits): UNSAT in 4.61s
    cube 3706.244.248 (depth 2, 28 lits): UNSAT in 34.91s
    cube 3706.245 (depth 1, 20 lits): TIMEOUT in 1200.03s
    cube 3706.245 TIMEOUT -> re-split into 249 sub-cubes (depth 2)
    cube 3706.245.0 (depth 2, 26 lits): UNSAT in 0.02s
    cube 3706.245.1 (depth 2, 28 lits): UNSAT in 0.01s
    cube 3706.245.2 (depth 2, 28 lits): UNSAT in 0.01s
    cube 3706.245.3 (depth 2, 28 lits): UNSAT in 0.01s
    cube 3706.245.4 (depth 2, 28 lits): UNSAT in 0.01s
    cube 3706.245.5 (depth 2, 28 lits): UNSAT in 0.01s
    cube 3706.245.6 (depth 2, 28 lits): UNSAT in 0.02s
    cube 3706.245.7 (depth 2, 28 lits): UNSAT in 0.02s
    cube 3706.245.8 (depth 2, 28 lits): UNSAT in 0.01s
    cube 3706.245.9 (depth 2, 28 lits): UNSAT in 0.02s
    cube 3706.245.10 (depth 2, 28 lits): UNSAT in 0.02s
    cube 3706.245.11 (depth 2, 28 lits): UNSAT in 0.02s
    cube 3706.245.12 (depth 2, 28 lits): UNSAT in 0.05s
    cube 3706.245.13 (depth 2, 28 lits): UNSAT in 0.01s
    cube 3706.245.14 (depth 2, 28 lits): UNSAT in 0.01s
    cube 3706.245.15 (depth 2, 28 lits): UNSAT in 0.01s
    cube 3706.245.16 (depth 2, 28 lits): UNSAT in 0.01s
    cube 3706.245.17 (depth 2, 28 lits): UNSAT in 0.01s
    cube 3706.245.18 (depth 2, 28 lits): UNSAT in 0.02s
    cube 3706.245.19 (depth 2, 28 lits): UNSAT in 0.01s
    cube 3706.245.20 (depth 2, 28 lits): UNSAT in 0.02s
    cube 3706.245.21 (depth 2, 28 lits): UNSAT in 0.02s
    cube 3706.245.22 (depth 2, 28 lits): UNSAT in 0.02s
    cube 3706.245.23 (depth 2, 28 lits): UNSAT in 0.03s
    cube 3706.245.24 (depth 2, 28 lits): UNSAT in 0.05s
    cube 3706.245.25 (depth 2, 28 lits): UNSAT in 0.02s
    cube 3706.245.26 (depth 2, 28 lits): UNSAT in 0.03s
    cube 3706.245.27 (depth 2, 28 lits): UNSAT in 0.03s
    cube 3706.245.28 (depth 2, 28 lits): UNSAT in 0.06s
    cube 3706.245.29 (depth 2, 28 lits): UNSAT in 0.01s
    cube 3706.245.30 (depth 2, 28 lits): UNSAT in 0.01s
    cube 3706.245.31 (depth 2, 28 lits): UNSAT in 0.01s
    cube 3706.245.32 (depth 2, 28 lits): UNSAT in 0.02s
    cube 3706.245.33 (depth 2, 28 lits): UNSAT in 0.01s
    cube 3706.245.34 (depth 2, 28 lits): UNSAT in 0.03s
    cube 3706.245.35 (depth 2, 28 lits): UNSAT in 0.02s
    cube 3706.245.36 (depth 2, 28 lits): UNSAT in 0.04s
    cube 3706.245.37 (depth 2, 28 lits): UNSAT in 0.01s
    cube 3706.245.38 (depth 2, 28 lits): UNSAT in 0.02s
    cube 3706.245.39 (depth 2, 28 lits): UNSAT in 0.02s
    cube 3706.245.40 (depth 2, 28 lits): UNSAT in 0.04s
    cube 3706.245.41 (depth 2, 28 lits): UNSAT in 0.02s
    cube 3706.245.42 (depth 2, 28 lits): UNSAT in 0.03s
    cube 3706.245.43 (depth 2, 28 lits): UNSAT in 0.02s
    cube 3706.245.44 (depth 2, 28 lits): UNSAT in 0.07s
    cube 3706.245.45 (depth 2, 28 lits): UNSAT in 0.01s
    cube 3706.245.46 (depth 2, 28 lits): UNSAT in 0.02s
    cube 3706.245.47 (depth 2, 28 lits): UNSAT in 0.02s
    cube 3706.245.48 (depth 2, 28 lits): UNSAT in 0.04s
    cube 3706.245.49 (depth 2, 28 lits): UNSAT in 0.02s
    cube 3706.245.50 (depth 2, 28 lits): UNSAT in 0.03s
    cube 3706.245.51 (depth 2, 28 lits): UNSAT in 0.12s
    cube 3706.245.52 (depth 2, 28 lits): UNSAT in 0.05s
    cube 3706.245.53 (depth 2, 28 lits): UNSAT in 0.01s
    cube 3706.245.54 (depth 2, 28 lits): UNSAT in 0.01s
    cube 3706.245.55 (depth 2, 28 lits): UNSAT in 0.06s
    cube 3706.245.56 (depth 2, 28 lits): UNSAT in 0.14s
    cube 3706.245.57 (depth 2, 28 lits): UNSAT in 0.04s
    cube 3706.245.58 (depth 2, 28 lits): UNSAT in 0.24s
    cube 3706.245.59 (depth 2, 28 lits): UNSAT in 0.12s
    cube 3706.245.60 (depth 2, 28 lits): UNSAT in 0.07s
    cube 3706.245.61 (depth 2, 28 lits): UNSAT in 0.01s
    cube 3706.245.62 (depth 2, 28 lits): UNSAT in 0.02s
    cube 3706.245.63 (depth 2, 28 lits): UNSAT in 0.01s
    cube 3706.245.64 (depth 2, 28 lits): UNSAT in 0.03s
    cube 3706.245.65 (depth 2, 28 lits): UNSAT in 0.01s
    cube 3706.245.66 (depth 2, 28 lits): UNSAT in 0.02s
    cube 3706.245.67 (depth 2, 28 lits): UNSAT in 0.03s
    cube 3706.245.68 (depth 2, 28 lits): UNSAT in 0.03s
    cube 3706.245.69 (depth 2, 28 lits): UNSAT in 0.01s
    cube 3706.245.70 (depth 2, 28 lits): UNSAT in 0.01s
    cube 3706.245.71 (depth 2, 28 lits): UNSAT in 0.02s
    cube 3706.245.72 (depth 2, 28 lits): UNSAT in 0.03s
    cube 3706.245.73 (depth 2, 28 lits): UNSAT in 0.02s
    cube 3706.245.74 (depth 2, 28 lits): UNSAT in 0.06s
    cube 3706.245.75 (depth 2, 28 lits): UNSAT in 0.14s
    cube 3706.245.76 (depth 2, 28 lits): UNSAT in 0.27s
    cube 3706.245.77 (depth 2, 28 lits): UNSAT in 0.01s
    cube 3706.245.78 (depth 2, 28 lits): UNSAT in 0.02s
    cube 3706.245.79 (depth 2, 28 lits): UNSAT in 0.02s
    cube 3706.245.80 (depth 2, 28 lits): UNSAT in 0.06s
    cube 3706.245.81 (depth 2, 28 lits): UNSAT in 0.02s
    cube 3706.245.82 (depth 2, 28 lits): UNSAT in 0.02s
    cube 3706.245.83 (depth 2, 28 lits): UNSAT in 0.08s
    cube 3706.245.84 (depth 2, 28 lits): UNSAT in 0.13s
    cube 3706.245.85 (depth 2, 28 lits): UNSAT in 0.02s
    cube 3706.245.86 (depth 2, 28 lits): UNSAT in 0.05s
    cube 3706.245.87 (depth 2, 28 lits): UNSAT in 0.07s
    cube 3706.245.88 (depth 2, 28 lits): UNSAT in 0.26s
    cube 3706.245.89 (depth 2, 28 lits): UNSAT in 0.03s
    cube 3706.245.90 (depth 2, 28 lits): UNSAT in 0.12s
    cube 3706.245.91 (depth 2, 28 lits): UNSAT in 0.52s
    cube 3706.245.92 (depth 2, 28 lits): UNSAT in 0.81s
    cube 3706.245.93 (depth 2, 27 lits): UNSAT in 0.02s
    cube 3706.245.94 (depth 2, 28 lits): UNSAT in 0.01s
    cube 3706.245.95 (depth 2, 28 lits): UNSAT in 0.02s
    cube 3706.245.96 (depth 2, 28 lits): UNSAT in 0.02s
    cube 3706.245.97 (depth 2, 28 lits): UNSAT in 0.02s
    cube 3706.245.98 (depth 2, 28 lits): UNSAT in 0.01s
    cube 3706.245.99 (depth 2, 28 lits): UNSAT in 0.06s
    cube 3706.245.100 (depth 2, 28 lits): UNSAT in 0.02s
    cube 3706.245.101 (depth 2, 28 lits): UNSAT in 0.05s
    cube 3706.245.102 (depth 2, 28 lits): UNSAT in 0.05s
    cube 3706.245.103 (depth 2, 28 lits): UNSAT in 0.13s
    cube 3706.245.104 (depth 2, 28 lits): UNSAT in 0.02s
    cube 3706.245.105 (depth 2, 28 lits): UNSAT in 0.13s
    cube 3706.245.106 (depth 2, 28 lits): UNSAT in 0.12s
    cube 3706.245.107 (depth 2, 28 lits): UNSAT in 0.33s
    cube 3706.245.108 (depth 2, 28 lits): UNSAT in 0.02s
    cube 3706.245.109 (depth 2, 28 lits): UNSAT in 0.03s
    cube 3706.245.110 (depth 2, 28 lits): UNSAT in 0.04s
    cube 3706.245.111 (depth 2, 28 lits): UNSAT in 0.08s
    cube 3706.245.112 (depth 2, 28 lits): UNSAT in 0.06s
    cube 3706.245.113 (depth 2, 28 lits): UNSAT in 0.09s
    cube 3706.245.114 (depth 2, 28 lits): UNSAT in 0.22s
    cube 3706.245.115 (depth 2, 28 lits): UNSAT in 0.08s
    cube 3706.245.116 (depth 2, 28 lits): UNSAT in 0.05s
    cube 3706.245.117 (depth 2, 28 lits): UNSAT in 0.09s
    cube 3706.245.118 (depth 2, 28 lits): UNSAT in 0.09s
    cube 3706.245.119 (depth 2, 28 lits): UNSAT in 0.36s
    cube 3706.245.120 (depth 2, 28 lits): UNSAT in 0.37s
    cube 3706.245.121 (depth 2, 28 lits): UNSAT in 3.48s
    cube 3706.245.122 (depth 2, 28 lits): UNSAT in 0.34s
    cube 3706.245.123 (depth 2, 28 lits): UNSAT in 2.01s
    cube 3706.245.124 (depth 2, 28 lits): UNSAT in 0.01s
    cube 3706.245.125 (depth 2, 28 lits): UNSAT in 0.01s
    cube 3706.245.126 (depth 2, 27 lits): UNSAT in 0.01s
    cube 3706.245.127 (depth 2, 28 lits): UNSAT in 0.01s
    cube 3706.245.128 (depth 2, 28 lits): UNSAT in 0.02s
    cube 3706.245.129 (depth 2, 27 lits): UNSAT in 0.01s
    cube 3706.245.130 (depth 2, 27 lits): UNSAT in 0.02s
    cube 3706.245.131 (depth 2, 28 lits): UNSAT in 0.02s
    cube 3706.245.132 (depth 2, 28 lits): UNSAT in 0.02s
    cube 3706.245.133 (depth 2, 28 lits): UNSAT in 0.02s
    cube 3706.245.134 (depth 2, 28 lits): UNSAT in 0.02s
    cube 3706.245.135 (depth 2, 28 lits): UNSAT in 0.02s
    cube 3706.245.136 (depth 2, 28 lits): UNSAT in 0.04s
    cube 3706.245.137 (depth 2, 28 lits): UNSAT in 0.02s
    cube 3706.245.138 (depth 2, 28 lits): UNSAT in 0.03s
    cube 3706.245.139 (depth 2, 28 lits): UNSAT in 0.05s
    cube 3706.245.140 (depth 2, 28 lits): UNSAT in 0.05s
    cube 3706.245.141 (depth 2, 28 lits): UNSAT in 0.02s
    cube 3706.245.142 (depth 2, 28 lits): UNSAT in 0.02s
    cube 3706.245.143 (depth 2, 28 lits): UNSAT in 0.03s
    cube 3706.245.144 (depth 2, 28 lits): UNSAT in 0.14s
    cube 3706.245.145 (depth 2, 28 lits): UNSAT in 0.02s
    cube 3706.245.146 (depth 2, 28 lits): UNSAT in 0.02s
    cube 3706.245.147 (depth 2, 28 lits): UNSAT in 0.03s
    cube 3706.245.148 (depth 2, 28 lits): UNSAT in 0.06s
    cube 3706.245.149 (depth 2, 28 lits): UNSAT in 0.02s
    cube 3706.245.150 (depth 2, 28 lits): UNSAT in 0.09s
    cube 3706.245.151 (depth 2, 28 lits): UNSAT in 0.07s
    cube 3706.245.152 (depth 2, 28 lits): UNSAT in 0.29s
    cube 3706.245.153 (depth 2, 28 lits): UNSAT in 0.02s
    cube 3706.245.154 (depth 2, 28 lits): UNSAT in 0.02s
    cube 3706.245.155 (depth 2, 28 lits): UNSAT in 0.02s
    cube 3706.245.156 (depth 2, 28 lits): UNSAT in 0.03s
    cube 3706.245.157 (depth 2, 28 lits): UNSAT in 0.02s
    cube 3706.245.158 (depth 2, 28 lits): UNSAT in 0.03s
    cube 3706.245.159 (depth 2, 28 lits): UNSAT in 0.03s
    cube 3706.245.160 (depth 2, 28 lits): UNSAT in 0.16s
    cube 3706.245.161 (depth 2, 28 lits): UNSAT in 0.01s
    cube 3706.245.162 (depth 2, 28 lits): UNSAT in 0.03s
    cube 3706.245.163 (depth 2, 28 lits): UNSAT in 0.03s
    cube 3706.245.164 (depth 2, 28 lits): UNSAT in 0.03s
    cube 3706.245.165 (depth 2, 28 lits): UNSAT in 0.02s
    cube 3706.245.166 (depth 2, 28 lits): UNSAT in 0.13s
    cube 3706.245.167 (depth 2, 28 lits): UNSAT in 0.18s
    cube 3706.245.168 (depth 2, 28 lits): UNSAT in 0.42s
    cube 3706.245.169 (depth 2, 28 lits): UNSAT in 0.03s
    cube 3706.245.170 (depth 2, 28 lits): UNSAT in 0.05s
    cube 3706.245.171 (depth 2, 28 lits): UNSAT in 0.03s
    cube 3706.245.172 (depth 2, 28 lits): UNSAT in 0.06s
    cube 3706.245.173 (depth 2, 28 lits): UNSAT in 0.03s
    cube 3706.245.174 (depth 2, 28 lits): UNSAT in 0.18s
    cube 3706.245.175 (depth 2, 28 lits): UNSAT in 0.10s
    cube 3706.245.176 (depth 2, 28 lits): UNSAT in 0.42s
    cube 3706.245.177 (depth 2, 28 lits): UNSAT in 0.03s
    cube 3706.245.178 (depth 2, 28 lits): UNSAT in 0.04s
    cube 3706.245.179 (depth 2, 28 lits): UNSAT in 0.06s
    cube 3706.245.180 (depth 2, 28 lits): UNSAT in 0.49s
    cube 3706.245.181 (depth 2, 28 lits): UNSAT in 0.07s
    cube 3706.245.182 (depth 2, 28 lits): UNSAT in 0.27s
    cube 3706.245.183 (depth 2, 28 lits): UNSAT in 0.54s
    cube 3706.245.184 (depth 2, 28 lits): UNSAT in 0.32s
    cube 3706.245.185 (depth 2, 28 lits): UNSAT in 0.02s
    cube 3706.245.186 (depth 2, 28 lits): UNSAT in 0.03s
    cube 3706.245.187 (depth 2, 28 lits): UNSAT in 0.02s
    cube 3706.245.188 (depth 2, 28 lits): UNSAT in 0.06s
    cube 3706.245.189 (depth 2, 28 lits): UNSAT in 0.02s
    cube 3706.245.190 (depth 2, 28 lits): UNSAT in 0.06s
    cube 3706.245.191 (depth 2, 28 lits): UNSAT in 0.05s
    cube 3706.245.192 (depth 2, 28 lits): UNSAT in 0.13s
    cube 3706.245.193 (depth 2, 28 lits): UNSAT in 0.04s
    cube 3706.245.194 (depth 2, 28 lits): UNSAT in 0.09s
    cube 3706.245.195 (depth 2, 28 lits): UNSAT in 0.03s
    cube 3706.245.196 (depth 2, 28 lits): UNSAT in 0.24s
    cube 3706.245.197 (depth 2, 28 lits): UNSAT in 0.03s
    cube 3706.245.198 (depth 2, 28 lits): UNSAT in 0.08s
    cube 3706.245.199 (depth 2, 28 lits): UNSAT in 0.17s
    cube 3706.245.200 (depth 2, 28 lits): UNSAT in 0.67s
    cube 3706.245.201 (depth 2, 28 lits): UNSAT in 0.05s
    cube 3706.245.202 (depth 2, 28 lits): UNSAT in 0.12s
    cube 3706.245.203 (depth 2, 28 lits): UNSAT in 0.05s
    cube 3706.245.204 (depth 2, 28 lits): UNSAT in 0.40s
    cube 3706.245.205 (depth 2, 28 lits): UNSAT in 0.04s
    cube 3706.245.206 (depth 2, 28 lits): UNSAT in 0.07s
    cube 3706.245.207 (depth 2, 28 lits): UNSAT in 0.09s
    cube 3706.245.208 (depth 2, 28 lits): UNSAT in 0.84s
    cube 3706.245.209 (depth 2, 28 lits): UNSAT in 0.11s
    cube 3706.245.210 (depth 2, 28 lits): UNSAT in 0.22s
    cube 3706.245.211 (depth 2, 28 lits): UNSAT in 0.19s
    cube 3706.245.212 (depth 2, 28 lits): UNSAT in 0.81s
    cube 3706.245.213 (depth 2, 28 lits): UNSAT in 0.27s
    cube 3706.245.214 (depth 2, 28 lits): UNSAT in 1.47s
    cube 3706.245.215 (depth 2, 28 lits): UNSAT in 1.74s
    cube 3706.245.216 (depth 2, 28 lits): UNSAT in 4.19s
    cube 3706.245.217 (depth 2, 28 lits): UNSAT in 0.03s
    cube 3706.245.218 (depth 2, 28 lits): UNSAT in 0.12s
    cube 3706.245.219 (depth 2, 28 lits): UNSAT in 0.20s
    cube 3706.245.220 (depth 2, 28 lits): UNSAT in 0.84s
    cube 3706.245.221 (depth 2, 28 lits): UNSAT in 0.11s
    cube 3706.245.222 (depth 2, 28 lits): UNSAT in 0.24s
    cube 3706.245.223 (depth 2, 28 lits): UNSAT in 0.11s
    cube 3706.245.224 (depth 2, 28 lits): UNSAT in 2.30s
    cube 3706.245.225 (depth 2, 28 lits): UNSAT in 0.08s
    cube 3706.245.226 (depth 2, 28 lits): UNSAT in 0.08s
    cube 3706.245.227 (depth 2, 28 lits): UNSAT in 0.09s
    cube 3706.245.228 (depth 2, 28 lits): UNSAT in 0.57s
    cube 3706.245.229 (depth 2, 28 lits): UNSAT in 0.49s
    cube 3706.245.230 (depth 2, 28 lits): UNSAT in 0.63s
    cube 3706.245.231 (depth 2, 28 lits): UNSAT in 1.78s
    cube 3706.245.232 (depth 2, 28 lits): UNSAT in 21.06s
    cube 3706.245.233 (depth 2, 28 lits): UNSAT in 0.25s
    cube 3706.245.234 (depth 2, 28 lits): UNSAT in 0.52s
    cube 3706.245.235 (depth 2, 28 lits): UNSAT in 0.48s
    cube 3706.245.236 (depth 2, 28 lits): UNSAT in 2.07s
    cube 3706.245.237 (depth 2, 28 lits): UNSAT in 0.33s
    cube 3706.245.238 (depth 2, 28 lits): UNSAT in 1.69s
    cube 3706.245.239 (depth 2, 28 lits): UNSAT in 3.48s
    cube 3706.245.240 (depth 2, 28 lits): UNSAT in 17.28s
    cube 3706.245.241 (depth 2, 28 lits): UNSAT in 0.54s
    cube 3706.245.242 (depth 2, 28 lits): UNSAT in 1.69s
    cube 3706.245.243 (depth 2, 28 lits): UNSAT in 1.79s
    cube 3706.245.244 (depth 2, 28 lits): UNSAT in 10.91s
    cube 3706.245.245 (depth 2, 28 lits): UNSAT in 3.48s
    cube 3706.245.246 (depth 2, 28 lits): UNSAT in 33.51s
    cube 3706.245.247 (depth 2, 28 lits): UNSAT in 53.34s
    cube 3706.245.248 (depth 2, 28 lits): UNSAT in 213.59s

  shard 6 verdict: UNSAT (1 UNSAT, 0 unresolved) in 6789.1s
