  shard 4/24 (explicit): 1 of 4095 cubes, per-cube cap 1200.0s, re-split depth 7
    cube 3704 (depth 0, 12 lits): TIMEOUT in 1200.08s
    cube 3704 TIMEOUT -> re-split into 249 sub-cubes (depth 1)
    cube 3704.0 (depth 1, 19 lits): UNSAT in 0.02s
    cube 3704.1 (depth 1, 19 lits): UNSAT in 0.01s
    cube 3704.2 (depth 1, 19 lits): UNSAT in 0.01s
    cube 3704.3 (depth 1, 20 lits): UNSAT in 0.02s
    cube 3704.4 (depth 1, 20 lits): UNSAT in 0.02s
    cube 3704.5 (depth 1, 19 lits): UNSAT in 0.02s
    cube 3704.6 (depth 1, 20 lits): UNSAT in 0.02s
    cube 3704.7 (depth 1, 20 lits): UNSAT in 0.02s
    cube 3704.8 (depth 1, 20 lits): UNSAT in 0.02s
    cube 3704.9 (depth 1, 20 lits): UNSAT in 0.02s
    cube 3704.10 (depth 1, 20 lits): UNSAT in 0.02s
    cube 3704.11 (depth 1, 20 lits): UNSAT in 0.05s
    cube 3704.12 (depth 1, 20 lits): UNSAT in 0.01s
    cube 3704.13 (depth 1, 20 lits): UNSAT in 0.02s
    cube 3704.14 (depth 1, 20 lits): UNSAT in 0.01s
    cube 3704.15 (depth 1, 20 lits): UNSAT in 0.02s
    cube 3704.16 (depth 1, 20 lits): UNSAT in 0.01s
    cube 3704.17 (depth 1, 20 lits): UNSAT in 0.02s
    cube 3704.18 (depth 1, 20 lits): UNSAT in 0.04s
    cube 3704.19 (depth 1, 20 lits): UNSAT in 0.05s
    cube 3704.20 (depth 1, 20 lits): UNSAT in 0.01s
    cube 3704.21 (depth 1, 20 lits): UNSAT in 0.01s
    cube 3704.22 (depth 1, 20 lits): UNSAT in 0.02s
    cube 3704.23 (depth 1, 20 lits): UNSAT in 0.03s
    cube 3704.24 (depth 1, 20 lits): UNSAT in 0.02s
    cube 3704.25 (depth 1, 20 lits): UNSAT in 0.04s
    cube 3704.26 (depth 1, 20 lits): UNSAT in 0.04s
    cube 3704.27 (depth 1, 20 lits): UNSAT in 0.06s
    cube 3704.28 (depth 1, 19 lits): UNSAT in 0.01s
    cube 3704.29 (depth 1, 20 lits): UNSAT in 0.03s
    cube 3704.30 (depth 1, 20 lits): UNSAT in 0.02s
    cube 3704.31 (depth 1, 20 lits): UNSAT in 0.02s
    cube 3704.32 (depth 1, 20 lits): UNSAT in 0.03s
    cube 3704.33 (depth 1, 20 lits): UNSAT in 0.04s
    cube 3704.34 (depth 1, 20 lits): UNSAT in 0.06s
    cube 3704.35 (depth 1, 20 lits): UNSAT in 0.01s
    cube 3704.36 (depth 1, 20 lits): UNSAT in 0.02s
    cube 3704.37 (depth 1, 19 lits): UNSAT in 0.02s
    cube 3704.38 (depth 1, 20 lits): UNSAT in 0.03s
    cube 3704.39 (depth 1, 20 lits): UNSAT in 0.06s
    cube 3704.40 (depth 1, 20 lits): UNSAT in 0.08s
    cube 3704.41 (depth 1, 20 lits): UNSAT in 0.16s
    cube 3704.42 (depth 1, 20 lits): UNSAT in 0.02s
    cube 3704.43 (depth 1, 20 lits): UNSAT in 0.01s
    cube 3704.44 (depth 1, 20 lits): UNSAT in 0.01s
    cube 3704.45 (depth 1, 20 lits): UNSAT in 0.03s
    cube 3704.46 (depth 1, 20 lits): UNSAT in 0.03s
    cube 3704.47 (depth 1, 20 lits): UNSAT in 0.05s
    cube 3704.48 (depth 1, 20 lits): UNSAT in 0.08s
    cube 3704.49 (depth 1, 20 lits): UNSAT in 0.12s
    cube 3704.50 (depth 1, 20 lits): UNSAT in 0.06s
    cube 3704.51 (depth 1, 20 lits): UNSAT in 0.16s
    cube 3704.52 (depth 1, 20 lits): UNSAT in 0.09s
    cube 3704.53 (depth 1, 20 lits): UNSAT in 0.31s
    cube 3704.54 (depth 1, 20 lits): UNSAT in 0.10s
    cube 3704.55 (depth 1, 20 lits): UNSAT in 0.19s
    cube 3704.56 (depth 1, 20 lits): UNSAT in 0.15s
    cube 3704.57 (depth 1, 20 lits): UNSAT in 0.91s
    cube 3704.58 (depth 1, 20 lits): UNSAT in 0.02s
    cube 3704.59 (depth 1, 20 lits): UNSAT in 0.02s
    cube 3704.60 (depth 1, 20 lits): UNSAT in 0.03s
    cube 3704.61 (depth 1, 20 lits): UNSAT in 0.06s
    cube 3704.62 (depth 1, 20 lits): UNSAT in 0.02s
    cube 3704.63 (depth 1, 20 lits): UNSAT in 0.03s
    cube 3704.64 (depth 1, 20 lits): UNSAT in 0.02s
    cube 3704.65 (depth 1, 20 lits): UNSAT in 0.04s
    cube 3704.66 (depth 1, 20 lits): UNSAT in 0.02s
    cube 3704.67 (depth 1, 20 lits): UNSAT in 0.04s
    cube 3704.68 (depth 1, 20 lits): UNSAT in 0.03s
    cube 3704.69 (depth 1, 20 lits): UNSAT in 0.04s
    cube 3704.70 (depth 1, 20 lits): UNSAT in 0.07s
    cube 3704.71 (depth 1, 20 lits): UNSAT in 0.07s
    cube 3704.72 (depth 1, 20 lits): UNSAT in 0.11s
    cube 3704.73 (depth 1, 20 lits): UNSAT in 0.15s
    cube 3704.74 (depth 1, 20 lits): UNSAT in 0.02s
    cube 3704.75 (depth 1, 20 lits): UNSAT in 0.02s
    cube 3704.76 (depth 1, 20 lits): UNSAT in 0.02s
    cube 3704.77 (depth 1, 20 lits): UNSAT in 0.13s
    cube 3704.78 (depth 1, 20 lits): UNSAT in 0.03s
    cube 3704.79 (depth 1, 20 lits): UNSAT in 0.06s
    cube 3704.80 (depth 1, 20 lits): UNSAT in 0.07s
    cube 3704.81 (depth 1, 20 lits): UNSAT in 0.09s
    cube 3704.82 (depth 1, 20 lits): UNSAT in 0.05s
    cube 3704.83 (depth 1, 20 lits): UNSAT in 0.09s
    cube 3704.84 (depth 1, 20 lits): UNSAT in 0.17s
    cube 3704.85 (depth 1, 20 lits): UNSAT in 0.11s
    cube 3704.86 (depth 1, 20 lits): UNSAT in 0.06s
    cube 3704.87 (depth 1, 20 lits): UNSAT in 0.24s
    cube 3704.88 (depth 1, 20 lits): UNSAT in 0.18s
    cube 3704.89 (depth 1, 20 lits): UNSAT in 0.28s
    cube 3704.90 (depth 1, 20 lits): UNSAT in 0.02s
    cube 3704.91 (depth 1, 20 lits): UNSAT in 0.02s
    cube 3704.92 (depth 1, 20 lits): UNSAT in 0.03s
    cube 3704.93 (depth 1, 20 lits): UNSAT in 0.03s
    cube 3704.94 (depth 1, 20 lits): UNSAT in 0.03s
    cube 3704.95 (depth 1, 20 lits): UNSAT in 0.04s
    cube 3704.96 (depth 1, 20 lits): UNSAT in 0.04s
    cube 3704.97 (depth 1, 20 lits): UNSAT in 0.02s
    cube 3704.98 (depth 1, 20 lits): UNSAT in 0.12s
    cube 3704.99 (depth 1, 20 lits): UNSAT in 0.11s
    cube 3704.100 (depth 1, 20 lits): UNSAT in 0.02s
    cube 3704.101 (depth 1, 20 lits): UNSAT in 0.15s
    cube 3704.102 (depth 1, 20 lits): UNSAT in 0.04s
    cube 3704.103 (depth 1, 20 lits): UNSAT in 0.21s
    cube 3704.104 (depth 1, 20 lits): UNSAT in 0.18s
    cube 3704.105 (depth 1, 20 lits): UNSAT in 0.35s
    cube 3704.106 (depth 1, 20 lits): UNSAT in 0.03s
    cube 3704.107 (depth 1, 20 lits): UNSAT in 0.07s
    cube 3704.108 (depth 1, 20 lits): UNSAT in 0.05s
    cube 3704.109 (depth 1, 20 lits): UNSAT in 0.09s
    cube 3704.110 (depth 1, 20 lits): UNSAT in 0.07s
    cube 3704.111 (depth 1, 20 lits): UNSAT in 0.12s
    cube 3704.112 (depth 1, 20 lits): UNSAT in 0.14s
    cube 3704.113 (depth 1, 20 lits): UNSAT in 0.22s
    cube 3704.114 (depth 1, 20 lits): UNSAT in 0.11s
    cube 3704.115 (depth 1, 20 lits): UNSAT in 0.17s
    cube 3704.116 (depth 1, 20 lits): UNSAT in 0.12s
    cube 3704.117 (depth 1, 20 lits): UNSAT in 0.42s
    cube 3704.118 (depth 1, 20 lits): UNSAT in 0.02s
    cube 3704.119 (depth 1, 20 lits): UNSAT in 0.15s
    cube 3704.120 (depth 1, 20 lits): UNSAT in 0.81s
    cube 3704.121 (depth 1, 20 lits): UNSAT in 0.74s
    cube 3704.122 (depth 1, 20 lits): UNSAT in 0.01s
    cube 3704.123 (depth 1, 20 lits): UNSAT in 0.02s
    cube 3704.124 (depth 1, 19 lits): UNSAT in 0.02s
    cube 3704.125 (depth 1, 20 lits): UNSAT in 0.02s
    cube 3704.126 (depth 1, 20 lits): UNSAT in 0.01s
    cube 3704.127 (depth 1, 20 lits): UNSAT in 0.02s
    cube 3704.128 (depth 1, 20 lits): UNSAT in 0.02s
    cube 3704.129 (depth 1, 20 lits): UNSAT in 0.01s
    cube 3704.130 (depth 1, 20 lits): UNSAT in 0.02s
    cube 3704.131 (depth 1, 20 lits): UNSAT in 0.02s
    cube 3704.132 (depth 1, 20 lits): UNSAT in 0.02s
    cube 3704.133 (depth 1, 20 lits): UNSAT in 0.01s
    cube 3704.134 (depth 1, 20 lits): UNSAT in 0.02s
    cube 3704.135 (depth 1, 20 lits): UNSAT in 0.03s
    cube 3704.136 (depth 1, 20 lits): UNSAT in 0.04s
    cube 3704.137 (depth 1, 20 lits): UNSAT in 0.02s
    cube 3704.138 (depth 1, 20 lits): UNSAT in 0.03s
    cube 3704.139 (depth 1, 20 lits): UNSAT in 0.02s
    cube 3704.140 (depth 1, 20 lits): UNSAT in 0.03s
    cube 3704.141 (depth 1, 20 lits): UNSAT in 0.02s
    cube 3704.142 (depth 1, 20 lits): UNSAT in 0.02s
    cube 3704.143 (depth 1, 20 lits): UNSAT in 0.03s
    cube 3704.144 (depth 1, 20 lits): UNSAT in 0.07s
    cube 3704.145 (depth 1, 20 lits): UNSAT in 0.02s
    cube 3704.146 (depth 1, 20 lits): UNSAT in 0.02s
    cube 3704.147 (depth 1, 20 lits): UNSAT in 0.04s
    cube 3704.148 (depth 1, 20 lits): UNSAT in 0.06s
    cube 3704.149 (depth 1, 20 lits): UNSAT in 0.02s
    cube 3704.150 (depth 1, 20 lits): UNSAT in 0.04s
    cube 3704.151 (depth 1, 20 lits): UNSAT in 0.04s
    cube 3704.152 (depth 1, 20 lits): UNSAT in 0.19s
    cube 3704.153 (depth 1, 20 lits): UNSAT in 0.02s
    cube 3704.154 (depth 1, 20 lits): UNSAT in 0.02s
    cube 3704.155 (depth 1, 20 lits): UNSAT in 0.02s
    cube 3704.156 (depth 1, 20 lits): UNSAT in 0.06s
    cube 3704.157 (depth 1, 20 lits): UNSAT in 0.03s
    cube 3704.158 (depth 1, 20 lits): UNSAT in 0.07s
    cube 3704.159 (depth 1, 20 lits): UNSAT in 0.10s
    cube 3704.160 (depth 1, 20 lits): UNSAT in 0.16s
    cube 3704.161 (depth 1, 20 lits): UNSAT in 0.03s
    cube 3704.162 (depth 1, 20 lits): UNSAT in 0.03s
    cube 3704.163 (depth 1, 20 lits): UNSAT in 0.06s
    cube 3704.164 (depth 1, 20 lits): UNSAT in 0.12s
    cube 3704.165 (depth 1, 20 lits): UNSAT in 0.03s
    cube 3704.166 (depth 1, 20 lits): UNSAT in 0.05s
    cube 3704.167 (depth 1, 20 lits): UNSAT in 0.23s
    cube 3704.168 (depth 1, 20 lits): UNSAT in 0.47s
    cube 3704.169 (depth 1, 20 lits): UNSAT in 0.05s
    cube 3704.170 (depth 1, 20 lits): UNSAT in 0.08s
    cube 3704.171 (depth 1, 20 lits): UNSAT in 0.17s
    cube 3704.172 (depth 1, 20 lits): UNSAT in 0.46s
    cube 3704.173 (depth 1, 20 lits): UNSAT in 0.04s
    cube 3704.174 (depth 1, 20 lits): UNSAT in 0.04s
    cube 3704.175 (depth 1, 20 lits): UNSAT in 0.13s
    cube 3704.176 (depth 1, 20 lits): UNSAT in 0.84s
    cube 3704.177 (depth 1, 20 lits): UNSAT in 0.06s
    cube 3704.178 (depth 1, 20 lits): UNSAT in 0.17s
    cube 3704.179 (depth 1, 20 lits): UNSAT in 0.27s
    cube 3704.180 (depth 1, 20 lits): UNSAT in 0.51s
    cube 3704.181 (depth 1, 20 lits): UNSAT in 0.13s
    cube 3704.182 (depth 1, 20 lits): UNSAT in 0.37s
    cube 3704.183 (depth 1, 20 lits): UNSAT in 0.32s
    cube 3704.184 (depth 1, 20 lits): UNSAT in 1.72s
    cube 3704.185 (depth 1, 20 lits): UNSAT in 0.01s
    cube 3704.186 (depth 1, 20 lits): UNSAT in 0.04s
    cube 3704.187 (depth 1, 20 lits): UNSAT in 0.03s
    cube 3704.188 (depth 1, 20 lits): UNSAT in 0.05s
    cube 3704.189 (depth 1, 20 lits): UNSAT in 0.02s
    cube 3704.190 (depth 1, 20 lits): UNSAT in 0.11s
    cube 3704.191 (depth 1, 20 lits): UNSAT in 0.04s
    cube 3704.192 (depth 1, 20 lits): UNSAT in 0.27s
    cube 3704.193 (depth 1, 20 lits): UNSAT in 0.05s
    cube 3704.194 (depth 1, 20 lits): UNSAT in 0.09s
    cube 3704.195 (depth 1, 20 lits): UNSAT in 0.10s
    cube 3704.196 (depth 1, 20 lits): UNSAT in 0.21s
    cube 3704.197 (depth 1, 20 lits): UNSAT in 0.10s
    cube 3704.198 (depth 1, 20 lits): UNSAT in 0.24s
    cube 3704.199 (depth 1, 20 lits): UNSAT in 0.14s
    cube 3704.200 (depth 1, 20 lits): UNSAT in 1.75s
    cube 3704.201 (depth 1, 20 lits): UNSAT in 0.03s
    cube 3704.202 (depth 1, 20 lits): UNSAT in 0.05s
    cube 3704.203 (depth 1, 20 lits): UNSAT in 0.03s
    cube 3704.204 (depth 1, 20 lits): UNSAT in 0.18s
    cube 3704.205 (depth 1, 20 lits): UNSAT in 0.06s
    cube 3704.206 (depth 1, 20 lits): UNSAT in 0.14s
    cube 3704.207 (depth 1, 20 lits): UNSAT in 0.12s
    cube 3704.208 (depth 1, 20 lits): UNSAT in 0.60s
    cube 3704.209 (depth 1, 20 lits): UNSAT in 0.12s
    cube 3704.210 (depth 1, 20 lits): UNSAT in 0.20s
    cube 3704.211 (depth 1, 20 lits): UNSAT in 0.15s
    cube 3704.212 (depth 1, 20 lits): UNSAT in 1.04s
    cube 3704.213 (depth 1, 20 lits): UNSAT in 0.30s
    cube 3704.214 (depth 1, 20 lits): UNSAT in 0.75s
    cube 3704.215 (depth 1, 20 lits): UNSAT in 0.31s
    cube 3704.216 (depth 1, 20 lits): UNSAT in 2.33s
    cube 3704.217 (depth 1, 20 lits): UNSAT in 0.04s
    cube 3704.218 (depth 1, 20 lits): UNSAT in 0.11s
    cube 3704.219 (depth 1, 20 lits): UNSAT in 0.03s
    cube 3704.220 (depth 1, 20 lits): UNSAT in 0.45s
    cube 3704.221 (depth 1, 20 lits): UNSAT in 0.06s
    cube 3704.222 (depth 1, 20 lits): UNSAT in 0.11s
    cube 3704.223 (depth 1, 20 lits): UNSAT in 0.47s
    cube 3704.224 (depth 1, 20 lits): UNSAT in 1.13s
    cube 3704.225 (depth 1, 20 lits): UNSAT in 0.27s
    cube 3704.226 (depth 1, 20 lits): UNSAT in 0.31s
    cube 3704.227 (depth 1, 20 lits): UNSAT in 0.93s
    cube 3704.228 (depth 1, 20 lits): UNSAT in 3.30s
    cube 3704.229 (depth 1, 20 lits): UNSAT in 0.78s
    cube 3704.230 (depth 1, 20 lits): UNSAT in 4.31s
    cube 3704.231 (depth 1, 20 lits): UNSAT in 1.57s
    cube 3704.232 (depth 1, 20 lits): UNSAT in 7.00s
    cube 3704.233 (depth 1, 20 lits): UNSAT in 0.44s
    cube 3704.234 (depth 1, 20 lits): UNSAT in 1.45s
    cube 3704.235 (depth 1, 20 lits): UNSAT in 0.89s
    cube 3704.236 (depth 1, 20 lits): UNSAT in 5.28s
    cube 3704.237 (depth 1, 20 lits): UNSAT in 0.66s
    cube 3704.238 (depth 1, 20 lits): UNSAT in 1.97s
    cube 3704.239 (depth 1, 20 lits): UNSAT in 3.37s
    cube 3704.240 (depth 1, 20 lits): UNSAT in 11.64s
    cube 3704.241 (depth 1, 20 lits): UNSAT in 0.39s
    cube 3704.242 (depth 1, 20 lits): UNSAT in 3.30s
    cube 3704.243 (depth 1, 20 lits): UNSAT in 4.64s
    cube 3704.244 (depth 1, 20 lits): UNSAT in 31.45s
    cube 3704.245 (depth 1, 20 lits): UNSAT in 2.29s
    cube 3704.246 (depth 1, 20 lits): UNSAT in 32.21s
    cube 3704.247 (depth 1, 20 lits): UNSAT in 45.28s
    cube 3704.248 (depth 1, 20 lits): UNSAT in 310.59s

  shard 4 verdict: UNSAT (1 UNSAT, 0 unresolved) in 1709.7s
