  shard 23/24 (explicit): 1 of 4095 cubes, per-cube cap 1200.0s, re-split depth 7
    cube 3799 (depth 0, 12 lits): TIMEOUT in 1200.03s
    cube 3799 TIMEOUT -> re-split into 255 sub-cubes (depth 1)
    cube 3799.0 (depth 1, 20 lits): UNSAT in 0.01s
    cube 3799.1 (depth 1, 20 lits): UNSAT in 0.03s
    cube 3799.2 (depth 1, 20 lits): UNSAT in 0.02s
    cube 3799.3 (depth 1, 20 lits): UNSAT in 0.08s
    cube 3799.4 (depth 1, 20 lits): UNSAT in 0.03s
    cube 3799.5 (depth 1, 20 lits): UNSAT in 0.12s
    cube 3799.6 (depth 1, 20 lits): UNSAT in 0.13s
    cube 3799.7 (depth 1, 20 lits): UNSAT in 0.14s
    cube 3799.8 (depth 1, 20 lits): UNSAT in 0.02s
    cube 3799.9 (depth 1, 20 lits): UNSAT in 0.14s
    cube 3799.10 (depth 1, 20 lits): UNSAT in 0.13s
    cube 3799.11 (depth 1, 20 lits): UNSAT in 0.18s
    cube 3799.12 (depth 1, 20 lits): UNSAT in 0.15s
    cube 3799.13 (depth 1, 20 lits): UNSAT in 0.20s
    cube 3799.14 (depth 1, 20 lits): UNSAT in 0.18s
    cube 3799.15 (depth 1, 20 lits): UNSAT in 0.38s
    cube 3799.16 (depth 1, 20 lits): UNSAT in 0.09s
    cube 3799.17 (depth 1, 20 lits): UNSAT in 0.19s
    cube 3799.18 (depth 1, 20 lits): UNSAT in 0.19s
    cube 3799.19 (depth 1, 20 lits): UNSAT in 0.25s
    cube 3799.20 (depth 1, 20 lits): UNSAT in 0.11s
    cube 3799.21 (depth 1, 20 lits): UNSAT in 0.15s
    cube 3799.22 (depth 1, 20 lits): UNSAT in 0.18s
    cube 3799.23 (depth 1, 20 lits): UNSAT in 0.41s
    cube 3799.24 (depth 1, 20 lits): UNSAT in 0.14s
    cube 3799.25 (depth 1, 20 lits): UNSAT in 0.24s
    cube 3799.26 (depth 1, 20 lits): UNSAT in 0.19s
    cube 3799.27 (depth 1, 20 lits): UNSAT in 0.38s
    cube 3799.28 (depth 1, 20 lits): UNSAT in 0.19s
    cube 3799.29 (depth 1, 20 lits): UNSAT in 0.35s
    cube 3799.30 (depth 1, 20 lits): UNSAT in 0.47s
    cube 3799.31 (depth 1, 20 lits): UNSAT in 0.83s
    cube 3799.32 (depth 1, 20 lits): UNSAT in 0.10s
    cube 3799.33 (depth 1, 20 lits): UNSAT in 0.09s
    cube 3799.34 (depth 1, 20 lits): UNSAT in 0.12s
    cube 3799.35 (depth 1, 20 lits): UNSAT in 0.21s
    cube 3799.36 (depth 1, 20 lits): UNSAT in 0.20s
    cube 3799.37 (depth 1, 20 lits): UNSAT in 0.21s
    cube 3799.38 (depth 1, 20 lits): UNSAT in 0.33s
    cube 3799.39 (depth 1, 20 lits): UNSAT in 0.36s
    cube 3799.40 (depth 1, 20 lits): UNSAT in 0.17s
    cube 3799.41 (depth 1, 20 lits): UNSAT in 0.20s
    cube 3799.42 (depth 1, 20 lits): UNSAT in 0.29s
    cube 3799.43 (depth 1, 20 lits): UNSAT in 0.37s
    cube 3799.44 (depth 1, 20 lits): UNSAT in 0.18s
    cube 3799.45 (depth 1, 20 lits): UNSAT in 0.53s
    cube 3799.46 (depth 1, 20 lits): UNSAT in 0.33s
    cube 3799.47 (depth 1, 20 lits): UNSAT in 0.79s
    cube 3799.48 (depth 1, 20 lits): UNSAT in 0.06s
    cube 3799.49 (depth 1, 20 lits): UNSAT in 0.25s
    cube 3799.50 (depth 1, 20 lits): UNSAT in 0.19s
    cube 3799.51 (depth 1, 20 lits): UNSAT in 0.39s
    cube 3799.52 (depth 1, 20 lits): UNSAT in 0.13s
    cube 3799.53 (depth 1, 20 lits): UNSAT in 0.30s
    cube 3799.54 (depth 1, 20 lits): UNSAT in 0.43s
    cube 3799.55 (depth 1, 20 lits): UNSAT in 0.29s
    cube 3799.56 (depth 1, 20 lits): UNSAT in 0.27s
    cube 3799.57 (depth 1, 20 lits): UNSAT in 0.23s
    cube 3799.58 (depth 1, 20 lits): UNSAT in 0.17s
    cube 3799.59 (depth 1, 20 lits): UNSAT in 0.34s
    cube 3799.60 (depth 1, 20 lits): UNSAT in 0.15s
    cube 3799.61 (depth 1, 20 lits): UNSAT in 0.22s
    cube 3799.62 (depth 1, 20 lits): UNSAT in 0.40s
    cube 3799.63 (depth 1, 20 lits): UNSAT in 0.42s
    cube 3799.64 (depth 1, 20 lits): UNSAT in 0.02s
    cube 3799.65 (depth 1, 20 lits): UNSAT in 0.02s
    cube 3799.66 (depth 1, 20 lits): UNSAT in 0.02s
    cube 3799.67 (depth 1, 20 lits): UNSAT in 0.03s
    cube 3799.68 (depth 1, 20 lits): UNSAT in 0.03s
    cube 3799.69 (depth 1, 20 lits): UNSAT in 0.76s
    cube 3799.70 (depth 1, 20 lits): UNSAT in 0.04s
    cube 3799.71 (depth 1, 20 lits): UNSAT in 1.45s
    cube 3799.72 (depth 1, 20 lits): UNSAT in 0.03s
    cube 3799.73 (depth 1, 20 lits): UNSAT in 0.39s
    cube 3799.74 (depth 1, 20 lits): UNSAT in 0.47s
    cube 3799.75 (depth 1, 20 lits): UNSAT in 1.10s
    cube 3799.76 (depth 1, 20 lits): UNSAT in 0.26s
    cube 3799.77 (depth 1, 20 lits): UNSAT in 0.58s
    cube 3799.78 (depth 1, 20 lits): UNSAT in 1.41s
    cube 3799.79 (depth 1, 20 lits): UNSAT in 2.42s
    cube 3799.80 (depth 1, 20 lits): UNSAT in 0.21s
    cube 3799.81 (depth 1, 20 lits): UNSAT in 0.41s
    cube 3799.82 (depth 1, 20 lits): UNSAT in 0.39s
    cube 3799.83 (depth 1, 20 lits): UNSAT in 0.54s
    cube 3799.84 (depth 1, 20 lits): UNSAT in 0.60s
    cube 3799.85 (depth 1, 20 lits): UNSAT in 0.57s
    cube 3799.86 (depth 1, 20 lits): UNSAT in 0.58s
    cube 3799.87 (depth 1, 20 lits): UNSAT in 1.32s
    cube 3799.88 (depth 1, 20 lits): UNSAT in 0.42s
    cube 3799.89 (depth 1, 20 lits): UNSAT in 0.86s
    cube 3799.90 (depth 1, 20 lits): UNSAT in 0.56s
    cube 3799.91 (depth 1, 20 lits): UNSAT in 1.70s
    cube 3799.92 (depth 1, 20 lits): UNSAT in 0.69s
    cube 3799.93 (depth 1, 20 lits): UNSAT in 2.02s
    cube 3799.94 (depth 1, 20 lits): UNSAT in 2.10s
    cube 3799.95 (depth 1, 20 lits): UNSAT in 2.85s
    cube 3799.96 (depth 1, 20 lits): UNSAT in 0.13s
    cube 3799.97 (depth 1, 20 lits): UNSAT in 0.35s
    cube 3799.98 (depth 1, 20 lits): UNSAT in 0.50s
    cube 3799.99 (depth 1, 20 lits): UNSAT in 0.78s
    cube 3799.100 (depth 1, 20 lits): UNSAT in 0.24s
    cube 3799.101 (depth 1, 20 lits): UNSAT in 0.72s
    cube 3799.102 (depth 1, 20 lits): UNSAT in 0.48s
    cube 3799.103 (depth 1, 20 lits): UNSAT in 1.60s
    cube 3799.104 (depth 1, 20 lits): UNSAT in 0.03s
    cube 3799.105 (depth 1, 20 lits): UNSAT in 0.80s
    cube 3799.106 (depth 1, 20 lits): UNSAT in 0.61s
    cube 3799.107 (depth 1, 20 lits): UNSAT in 1.37s
    cube 3799.108 (depth 1, 20 lits): UNSAT in 0.94s
    cube 3799.109 (depth 1, 20 lits): UNSAT in 1.09s
    cube 3799.110 (depth 1, 20 lits): UNSAT in 1.21s
    cube 3799.111 (depth 1, 20 lits): UNSAT in 2.90s
    cube 3799.112 (depth 1, 20 lits): UNSAT in 0.03s
    cube 3799.113 (depth 1, 20 lits): UNSAT in 0.67s
    cube 3799.114 (depth 1, 20 lits): UNSAT in 1.32s
    cube 3799.115 (depth 1, 20 lits): UNSAT in 2.36s
    cube 3799.116 (depth 1, 20 lits): UNSAT in 0.96s
    cube 3799.117 (depth 1, 20 lits): UNSAT in 1.94s
    cube 3799.118 (depth 1, 20 lits): UNSAT in 1.96s
    cube 3799.119 (depth 1, 20 lits): UNSAT in 3.89s
    cube 3799.120 (depth 1, 20 lits): UNSAT in 0.77s
    cube 3799.121 (depth 1, 20 lits): UNSAT in 1.52s
    cube 3799.122 (depth 1, 20 lits): UNSAT in 2.32s
    cube 3799.123 (depth 1, 20 lits): UNSAT in 4.56s
    cube 3799.124 (depth 1, 20 lits): UNSAT in 2.19s
    cube 3799.125 (depth 1, 20 lits): UNSAT in 4.51s
    cube 3799.126 (depth 1, 20 lits): UNSAT in 3.63s
    cube 3799.127 (depth 1, 20 lits): UNSAT in 7.76s
    cube 3799.128 (depth 1, 19 lits): UNSAT in 0.02s
    cube 3799.129 (depth 1, 20 lits): UNSAT in 0.01s
    cube 3799.130 (depth 1, 20 lits): UNSAT in 0.02s
    cube 3799.131 (depth 1, 20 lits): UNSAT in 0.01s
    cube 3799.132 (depth 1, 20 lits): UNSAT in 0.03s
    cube 3799.133 (depth 1, 20 lits): UNSAT in 0.03s
    cube 3799.134 (depth 1, 20 lits): UNSAT in 0.03s
    cube 3799.135 (depth 1, 20 lits): UNSAT in 0.03s
    cube 3799.136 (depth 1, 20 lits): UNSAT in 0.11s
    cube 3799.137 (depth 1, 20 lits): UNSAT in 0.11s
    cube 3799.138 (depth 1, 20 lits): UNSAT in 0.17s
    cube 3799.139 (depth 1, 20 lits): UNSAT in 0.01s
    cube 3799.140 (depth 1, 20 lits): UNSAT in 0.04s
    cube 3799.141 (depth 1, 20 lits): UNSAT in 0.12s
    cube 3799.142 (depth 1, 20 lits): UNSAT in 0.36s
    cube 3799.143 (depth 1, 20 lits): UNSAT in 0.02s
    cube 3799.144 (depth 1, 20 lits): UNSAT in 0.02s
    cube 3799.145 (depth 1, 20 lits): UNSAT in 0.02s
    cube 3799.146 (depth 1, 20 lits): UNSAT in 0.01s
    cube 3799.147 (depth 1, 20 lits): UNSAT in 0.01s
    cube 3799.148 (depth 1, 20 lits): UNSAT in 0.04s
    cube 3799.149 (depth 1, 20 lits): UNSAT in 0.05s
    cube 3799.150 (depth 1, 20 lits): UNSAT in 0.04s
    cube 3799.151 (depth 1, 20 lits): UNSAT in 0.31s
    cube 3799.152 (depth 1, 20 lits): UNSAT in 0.67s
    cube 3799.153 (depth 1, 20 lits): UNSAT in 0.61s
    cube 3799.154 (depth 1, 20 lits): UNSAT in 1.49s
    cube 3799.155 (depth 1, 20 lits): UNSAT in 0.03s
    cube 3799.156 (depth 1, 20 lits): UNSAT in 0.17s
    cube 3799.157 (depth 1, 20 lits): UNSAT in 0.22s
    cube 3799.158 (depth 1, 20 lits): UNSAT in 2.86s
    cube 3799.159 (depth 1, 20 lits): UNSAT in 0.25s
    cube 3799.160 (depth 1, 20 lits): UNSAT in 0.36s
    cube 3799.161 (depth 1, 20 lits): UNSAT in 0.04s
    cube 3799.162 (depth 1, 20 lits): UNSAT in 0.65s
    cube 3799.163 (depth 1, 20 lits): UNSAT in 0.59s
    cube 3799.164 (depth 1, 20 lits): UNSAT in 1.02s
    cube 3799.165 (depth 1, 20 lits): UNSAT in 0.98s
    cube 3799.166 (depth 1, 20 lits): UNSAT in 1.60s
    cube 3799.167 (depth 1, 20 lits): UNSAT in 0.04s
    cube 3799.168 (depth 1, 20 lits): UNSAT in 0.35s
    cube 3799.169 (depth 1, 20 lits): UNSAT in 0.07s
    cube 3799.170 (depth 1, 20 lits): UNSAT in 0.99s
    cube 3799.171 (depth 1, 20 lits): UNSAT in 0.41s
    cube 3799.172 (depth 1, 20 lits): UNSAT in 1.53s
    cube 3799.173 (depth 1, 20 lits): UNSAT in 2.49s
    cube 3799.174 (depth 1, 20 lits): UNSAT in 5.41s
    cube 3799.175 (depth 1, 20 lits): UNSAT in 0.43s
    cube 3799.176 (depth 1, 20 lits): UNSAT in 1.09s
    cube 3799.177 (depth 1, 20 lits): UNSAT in 1.67s
    cube 3799.178 (depth 1, 20 lits): UNSAT in 2.71s
    cube 3799.179 (depth 1, 20 lits): UNSAT in 0.99s
    cube 3799.180 (depth 1, 20 lits): UNSAT in 1.40s
    cube 3799.181 (depth 1, 20 lits): UNSAT in 3.21s
    cube 3799.182 (depth 1, 20 lits): UNSAT in 7.27s
    cube 3799.183 (depth 1, 20 lits): UNSAT in 0.06s
    cube 3799.184 (depth 1, 20 lits): UNSAT in 1.37s
    cube 3799.185 (depth 1, 20 lits): UNSAT in 0.20s
    cube 3799.186 (depth 1, 20 lits): UNSAT in 8.00s
    cube 3799.187 (depth 1, 20 lits): UNSAT in 3.98s
    cube 3799.188 (depth 1, 20 lits): UNSAT in 9.58s
    cube 3799.189 (depth 1, 20 lits): UNSAT in 10.23s
    cube 3799.190 (depth 1, 20 lits): UNSAT in 34.60s
    cube 3799.191 (depth 1, 20 lits): UNSAT in 0.02s
    cube 3799.192 (depth 1, 20 lits): UNSAT in 0.02s
    cube 3799.193 (depth 1, 20 lits): UNSAT in 0.03s
    cube 3799.194 (depth 1, 20 lits): UNSAT in 0.20s
    cube 3799.195 (depth 1, 20 lits): UNSAT in 0.03s
    cube 3799.196 (depth 1, 20 lits): UNSAT in 0.08s
    cube 3799.197 (depth 1, 20 lits): UNSAT in 0.08s
    cube 3799.198 (depth 1, 20 lits): UNSAT in 2.35s
    cube 3799.199 (depth 1, 20 lits): UNSAT in 0.03s
    cube 3799.200 (depth 1, 20 lits): UNSAT in 0.31s
    cube 3799.201 (depth 1, 20 lits): UNSAT in 0.17s
    cube 3799.202 (depth 1, 20 lits): UNSAT in 2.30s
    cube 3799.203 (depth 1, 20 lits): UNSAT in 0.05s
    cube 3799.204 (depth 1, 20 lits): UNSAT in 0.72s
    cube 3799.205 (depth 1, 20 lits): UNSAT in 0.76s
    cube 3799.206 (depth 1, 20 lits): UNSAT in 9.64s
    cube 3799.207 (depth 1, 20 lits): UNSAT in 1.04s
    cube 3799.208 (depth 1, 20 lits): UNSAT in 2.65s
    cube 3799.209 (depth 1, 20 lits): UNSAT in 3.93s
    cube 3799.210 (depth 1, 20 lits): UNSAT in 6.56s
    cube 3799.211 (depth 1, 20 lits): UNSAT in 2.62s
    cube 3799.212 (depth 1, 20 lits): UNSAT in 5.77s
    cube 3799.213 (depth 1, 20 lits): UNSAT in 1.77s
    cube 3799.214 (depth 1, 20 lits): UNSAT in 17.65s
    cube 3799.215 (depth 1, 20 lits): UNSAT in 0.78s
    cube 3799.216 (depth 1, 20 lits): UNSAT in 1.80s
    cube 3799.217 (depth 1, 20 lits): UNSAT in 1.83s
    cube 3799.218 (depth 1, 20 lits): UNSAT in 6.24s
    cube 3799.219 (depth 1, 20 lits): UNSAT in 2.10s
    cube 3799.220 (depth 1, 20 lits): UNSAT in 5.21s
    cube 3799.221 (depth 1, 20 lits): UNSAT in 3.51s
    cube 3799.222 (depth 1, 20 lits): UNSAT in 39.65s
    cube 3799.223 (depth 1, 20 lits): UNSAT in 0.32s
    cube 3799.224 (depth 1, 20 lits): UNSAT in 1.19s
    cube 3799.225 (depth 1, 20 lits): UNSAT in 1.48s
    cube 3799.226 (depth 1, 20 lits): UNSAT in 2.55s
    cube 3799.227 (depth 1, 20 lits): UNSAT in 0.71s
    cube 3799.228 (depth 1, 20 lits): UNSAT in 1.98s
    cube 3799.229 (depth 1, 20 lits): UNSAT in 2.27s
    cube 3799.230 (depth 1, 20 lits): UNSAT in 5.03s
    cube 3799.231 (depth 1, 20 lits): UNSAT in 0.47s
    cube 3799.232 (depth 1, 20 lits): UNSAT in 2.25s
    cube 3799.233 (depth 1, 20 lits): UNSAT in 2.75s
    cube 3799.234 (depth 1, 20 lits): UNSAT in 6.09s
    cube 3799.235 (depth 1, 20 lits): UNSAT in 1.66s
    cube 3799.236 (depth 1, 20 lits): UNSAT in 3.87s
    cube 3799.237 (depth 1, 20 lits): UNSAT in 5.29s
    cube 3799.238 (depth 1, 20 lits): UNSAT in 7.81s
    cube 3799.239 (depth 1, 20 lits): UNSAT in 0.66s
    cube 3799.240 (depth 1, 20 lits): UNSAT in 2.04s
    cube 3799.241 (depth 1, 20 lits): UNSAT in 2.66s
    cube 3799.242 (depth 1, 20 lits): UNSAT in 4.61s
    cube 3799.243 (depth 1, 20 lits): UNSAT in 1.49s
    cube 3799.244 (depth 1, 20 lits): UNSAT in 2.66s
    cube 3799.245 (depth 1, 20 lits): UNSAT in 3.83s
    cube 3799.246 (depth 1, 20 lits): UNSAT in 13.00s
    cube 3799.247 (depth 1, 20 lits): UNSAT in 1.76s
    cube 3799.248 (depth 1, 20 lits): UNSAT in 4.03s
    cube 3799.249 (depth 1, 20 lits): UNSAT in 4.75s
    cube 3799.250 (depth 1, 20 lits): UNSAT in 9.18s
    cube 3799.251 (depth 1, 20 lits): UNSAT in 6.36s
    cube 3799.252 (depth 1, 20 lits): UNSAT in 31.76s
    cube 3799.253 (depth 1, 20 lits): UNSAT in 20.92s
    cube 3799.254 (depth 1, 20 lits): UNSAT in 242.90s

  shard 23 verdict: UNSAT (1 UNSAT, 0 unresolved) in 1929.3s
