  shard 8/24 (explicit): 1 of 4095 cubes, per-cube cap 1200.0s, re-split depth 7
    cube 3708 (depth 0, 12 lits): TIMEOUT in 1200.10s
    cube 3708 TIMEOUT -> re-split into 255 sub-cubes (depth 1)
    cube 3708.0 (depth 1, 20 lits): UNSAT in 0.05s
    cube 3708.1 (depth 1, 20 lits): UNSAT in 0.06s
    cube 3708.2 (depth 1, 20 lits): UNSAT in 0.05s
    cube 3708.3 (depth 1, 20 lits): UNSAT in 0.08s
    cube 3708.4 (depth 1, 20 lits): UNSAT in 0.03s
    cube 3708.5 (depth 1, 20 lits): UNSAT in 0.05s
    cube 3708.6 (depth 1, 20 lits): UNSAT in 0.08s
    cube 3708.7 (depth 1, 20 lits): UNSAT in 0.10s
    cube 3708.8 (depth 1, 20 lits): UNSAT in 0.05s
    cube 3708.9 (depth 1, 20 lits): UNSAT in 0.12s
    cube 3708.10 (depth 1, 20 lits): UNSAT in 0.02s
    cube 3708.11 (depth 1, 20 lits): UNSAT in 0.18s
    cube 3708.12 (depth 1, 20 lits): UNSAT in 0.04s
    cube 3708.13 (depth 1, 20 lits): UNSAT in 0.05s
    cube 3708.14 (depth 1, 20 lits): UNSAT in 0.23s
    cube 3708.15 (depth 1, 20 lits): UNSAT in 0.18s
    cube 3708.16 (depth 1, 20 lits): UNSAT in 0.02s
    cube 3708.17 (depth 1, 20 lits): UNSAT in 0.04s
    cube 3708.18 (depth 1, 20 lits): UNSAT in 0.13s
    cube 3708.19 (depth 1, 20 lits): UNSAT in 0.16s
    cube 3708.20 (depth 1, 20 lits): UNSAT in 0.02s
    cube 3708.21 (depth 1, 20 lits): UNSAT in 0.05s
    cube 3708.22 (depth 1, 20 lits): UNSAT in 0.04s
    cube 3708.23 (depth 1, 20 lits): UNSAT in 0.15s
    cube 3708.24 (depth 1, 20 lits): UNSAT in 0.02s
    cube 3708.25 (depth 1, 20 lits): UNSAT in 0.03s
    cube 3708.26 (depth 1, 20 lits): UNSAT in 0.07s
    cube 3708.27 (depth 1, 20 lits): UNSAT in 0.20s
    cube 3708.28 (depth 1, 20 lits): UNSAT in 0.13s
    cube 3708.29 (depth 1, 20 lits): UNSAT in 0.24s
    cube 3708.30 (depth 1, 20 lits): UNSAT in 0.48s
    cube 3708.31 (depth 1, 20 lits): UNSAT in 0.86s
    cube 3708.32 (depth 1, 20 lits): UNSAT in 0.03s
    cube 3708.33 (depth 1, 20 lits): UNSAT in 0.05s
    cube 3708.34 (depth 1, 20 lits): UNSAT in 0.02s
    cube 3708.35 (depth 1, 20 lits): UNSAT in 0.17s
    cube 3708.36 (depth 1, 20 lits): UNSAT in 0.10s
    cube 3708.37 (depth 1, 20 lits): UNSAT in 0.10s
    cube 3708.38 (depth 1, 20 lits): UNSAT in 0.22s
    cube 3708.39 (depth 1, 20 lits): UNSAT in 0.65s
    cube 3708.40 (depth 1, 20 lits): UNSAT in 0.06s
    cube 3708.41 (depth 1, 20 lits): UNSAT in 0.15s
    cube 3708.42 (depth 1, 20 lits): UNSAT in 0.13s
    cube 3708.43 (depth 1, 20 lits): UNSAT in 0.33s
    cube 3708.44 (depth 1, 20 lits): UNSAT in 0.20s
    cube 3708.45 (depth 1, 20 lits): UNSAT in 0.47s
    cube 3708.46 (depth 1, 20 lits): UNSAT in 0.24s
    cube 3708.47 (depth 1, 20 lits): UNSAT in 1.56s
    cube 3708.48 (depth 1, 20 lits): UNSAT in 0.06s
    cube 3708.49 (depth 1, 20 lits): UNSAT in 0.29s
    cube 3708.50 (depth 1, 20 lits): UNSAT in 0.07s
    cube 3708.51 (depth 1, 20 lits): UNSAT in 0.25s
    cube 3708.52 (depth 1, 20 lits): UNSAT in 0.06s
    cube 3708.53 (depth 1, 20 lits): UNSAT in 0.26s
    cube 3708.54 (depth 1, 20 lits): UNSAT in 0.88s
    cube 3708.55 (depth 1, 20 lits): UNSAT in 1.93s
    cube 3708.56 (depth 1, 20 lits): UNSAT in 0.15s
    cube 3708.57 (depth 1, 20 lits): UNSAT in 0.23s
    cube 3708.58 (depth 1, 20 lits): UNSAT in 0.37s
    cube 3708.59 (depth 1, 20 lits): UNSAT in 3.22s
    cube 3708.60 (depth 1, 20 lits): UNSAT in 0.60s
    cube 3708.61 (depth 1, 20 lits): UNSAT in 1.59s
    cube 3708.62 (depth 1, 20 lits): UNSAT in 4.73s
    cube 3708.63 (depth 1, 20 lits): UNSAT in 8.32s
    cube 3708.64 (depth 1, 20 lits): UNSAT in 0.02s
    cube 3708.65 (depth 1, 20 lits): UNSAT in 0.06s
    cube 3708.66 (depth 1, 20 lits): UNSAT in 0.02s
    cube 3708.67 (depth 1, 20 lits): UNSAT in 0.04s
    cube 3708.68 (depth 1, 20 lits): UNSAT in 0.03s
    cube 3708.69 (depth 1, 20 lits): UNSAT in 0.06s
    cube 3708.70 (depth 1, 20 lits): UNSAT in 0.07s
    cube 3708.71 (depth 1, 20 lits): UNSAT in 0.57s
    cube 3708.72 (depth 1, 20 lits): UNSAT in 0.02s
    cube 3708.73 (depth 1, 20 lits): UNSAT in 0.02s
    cube 3708.74 (depth 1, 20 lits): UNSAT in 0.07s
    cube 3708.75 (depth 1, 20 lits): UNSAT in 0.07s
    cube 3708.76 (depth 1, 20 lits): UNSAT in 0.04s
    cube 3708.77 (depth 1, 20 lits): UNSAT in 0.11s
    cube 3708.78 (depth 1, 20 lits): UNSAT in 0.74s
    cube 3708.79 (depth 1, 20 lits): UNSAT in 0.55s
    cube 3708.80 (depth 1, 20 lits): UNSAT in 0.05s
    cube 3708.81 (depth 1, 20 lits): UNSAT in 0.12s
    cube 3708.82 (depth 1, 20 lits): UNSAT in 0.02s
    cube 3708.83 (depth 1, 20 lits): UNSAT in 0.06s
    cube 3708.84 (depth 1, 20 lits): UNSAT in 0.05s
    cube 3708.85 (depth 1, 20 lits): UNSAT in 0.13s
    cube 3708.86 (depth 1, 20 lits): UNSAT in 0.12s
    cube 3708.87 (depth 1, 20 lits): UNSAT in 0.64s
    cube 3708.88 (depth 1, 20 lits): UNSAT in 0.15s
    cube 3708.89 (depth 1, 20 lits): UNSAT in 0.69s
    cube 3708.90 (depth 1, 20 lits): UNSAT in 0.39s
    cube 3708.91 (depth 1, 20 lits): UNSAT in 0.33s
    cube 3708.92 (depth 1, 20 lits): UNSAT in 0.29s
    cube 3708.93 (depth 1, 20 lits): UNSAT in 1.11s
    cube 3708.94 (depth 1, 20 lits): UNSAT in 1.02s
    cube 3708.95 (depth 1, 20 lits): UNSAT in 3.96s
    cube 3708.96 (depth 1, 20 lits): UNSAT in 0.03s
    cube 3708.97 (depth 1, 20 lits): UNSAT in 0.12s
    cube 3708.98 (depth 1, 20 lits): UNSAT in 0.13s
    cube 3708.99 (depth 1, 20 lits): UNSAT in 0.47s
    cube 3708.100 (depth 1, 20 lits): UNSAT in 0.15s
    cube 3708.101 (depth 1, 20 lits): UNSAT in 0.48s
    cube 3708.102 (depth 1, 20 lits): UNSAT in 0.17s
    cube 3708.103 (depth 1, 20 lits): UNSAT in 0.82s
    cube 3708.104 (depth 1, 20 lits): UNSAT in 0.18s
    cube 3708.105 (depth 1, 20 lits): UNSAT in 0.77s
    cube 3708.106 (depth 1, 20 lits): UNSAT in 0.16s
    cube 3708.107 (depth 1, 20 lits): UNSAT in 1.17s
    cube 3708.108 (depth 1, 20 lits): UNSAT in 0.31s
    cube 3708.109 (depth 1, 20 lits): UNSAT in 0.51s
    cube 3708.110 (depth 1, 20 lits): UNSAT in 0.36s
    cube 3708.111 (depth 1, 20 lits): UNSAT in 3.64s
    cube 3708.112 (depth 1, 20 lits): UNSAT in 0.08s
    cube 3708.113 (depth 1, 20 lits): UNSAT in 0.50s
    cube 3708.114 (depth 1, 20 lits): UNSAT in 0.45s
    cube 3708.115 (depth 1, 20 lits): UNSAT in 1.67s
    cube 3708.116 (depth 1, 20 lits): UNSAT in 0.51s
    cube 3708.117 (depth 1, 20 lits): UNSAT in 0.30s
    cube 3708.118 (depth 1, 20 lits): UNSAT in 0.23s
    cube 3708.119 (depth 1, 20 lits): UNSAT in 0.50s
    cube 3708.120 (depth 1, 20 lits): UNSAT in 0.57s
    cube 3708.121 (depth 1, 20 lits): UNSAT in 2.39s
    cube 3708.122 (depth 1, 20 lits): UNSAT in 0.92s
    cube 3708.123 (depth 1, 20 lits): UNSAT in 4.72s
    cube 3708.124 (depth 1, 20 lits): UNSAT in 4.37s
    cube 3708.125 (depth 1, 20 lits): UNSAT in 8.10s
    cube 3708.126 (depth 1, 20 lits): UNSAT in 9.94s
    cube 3708.127 (depth 1, 20 lits): UNSAT in 160.43s
    cube 3708.128 (depth 1, 20 lits): UNSAT in 0.02s
    cube 3708.129 (depth 1, 20 lits): UNSAT in 0.02s
    cube 3708.130 (depth 1, 20 lits): UNSAT in 0.03s
    cube 3708.131 (depth 1, 20 lits): UNSAT in 0.02s
    cube 3708.132 (depth 1, 20 lits): UNSAT in 0.01s
    cube 3708.133 (depth 1, 20 lits): UNSAT in 0.02s
    cube 3708.134 (depth 1, 20 lits): UNSAT in 0.01s
    cube 3708.135 (depth 1, 20 lits): UNSAT in 0.03s
    cube 3708.136 (depth 1, 20 lits): UNSAT in 0.02s
    cube 3708.137 (depth 1, 20 lits): UNSAT in 0.04s
    cube 3708.138 (depth 1, 20 lits): UNSAT in 0.08s
    cube 3708.139 (depth 1, 20 lits): UNSAT in 0.07s
    cube 3708.140 (depth 1, 20 lits): UNSAT in 0.03s
    cube 3708.141 (depth 1, 20 lits): UNSAT in 0.03s
    cube 3708.142 (depth 1, 20 lits): UNSAT in 0.11s
    cube 3708.143 (depth 1, 20 lits): UNSAT in 0.06s
    cube 3708.144 (depth 1, 20 lits): UNSAT in 0.02s
    cube 3708.145 (depth 1, 20 lits): UNSAT in 0.03s
    cube 3708.146 (depth 1, 20 lits): UNSAT in 0.03s
    cube 3708.147 (depth 1, 20 lits): UNSAT in 0.08s
    cube 3708.148 (depth 1, 19 lits): UNSAT in 0.01s
    cube 3708.149 (depth 1, 20 lits): UNSAT in 0.04s
    cube 3708.150 (depth 1, 20 lits): UNSAT in 0.10s
    cube 3708.151 (depth 1, 20 lits): UNSAT in 0.14s
    cube 3708.152 (depth 1, 20 lits): UNSAT in 0.13s
    cube 3708.153 (depth 1, 20 lits): UNSAT in 0.05s
    cube 3708.154 (depth 1, 20 lits): UNSAT in 0.10s
    cube 3708.155 (depth 1, 20 lits): UNSAT in 0.02s
    cube 3708.156 (depth 1, 20 lits): UNSAT in 0.12s
    cube 3708.157 (depth 1, 20 lits): UNSAT in 0.06s
    cube 3708.158 (depth 1, 20 lits): UNSAT in 1.51s
    cube 3708.159 (depth 1, 20 lits): UNSAT in 0.12s
    cube 3708.160 (depth 1, 20 lits): UNSAT in 0.26s
    cube 3708.161 (depth 1, 20 lits): UNSAT in 0.30s
    cube 3708.162 (depth 1, 20 lits): UNSAT in 0.94s
    cube 3708.163 (depth 1, 20 lits): UNSAT in 0.19s
    cube 3708.164 (depth 1, 20 lits): UNSAT in 0.99s
    cube 3708.165 (depth 1, 20 lits): UNSAT in 0.28s
    cube 3708.166 (depth 1, 20 lits): UNSAT in 4.36s
    cube 3708.167 (depth 1, 20 lits): UNSAT in 0.10s
    cube 3708.168 (depth 1, 20 lits): UNSAT in 0.12s
    cube 3708.169 (depth 1, 20 lits): UNSAT in 0.04s
    cube 3708.170 (depth 1, 20 lits): UNSAT in 0.47s
    cube 3708.171 (depth 1, 20 lits): UNSAT in 0.42s
    cube 3708.172 (depth 1, 20 lits): UNSAT in 1.28s
    cube 3708.173 (depth 1, 20 lits): UNSAT in 1.77s
    cube 3708.174 (depth 1, 20 lits): UNSAT in 1.43s
    cube 3708.175 (depth 1, 20 lits): UNSAT in 0.02s
    cube 3708.176 (depth 1, 20 lits): UNSAT in 0.02s
    cube 3708.177 (depth 1, 20 lits): UNSAT in 0.20s
    cube 3708.178 (depth 1, 20 lits): UNSAT in 0.34s
    cube 3708.179 (depth 1, 20 lits): UNSAT in 0.28s
    cube 3708.180 (depth 1, 20 lits): UNSAT in 0.34s
    cube 3708.181 (depth 1, 20 lits): UNSAT in 0.47s
    cube 3708.182 (depth 1, 20 lits): UNSAT in 2.74s
    cube 3708.183 (depth 1, 20 lits): UNSAT in 0.07s
    cube 3708.184 (depth 1, 20 lits): UNSAT in 0.58s
    cube 3708.185 (depth 1, 20 lits): UNSAT in 0.52s
    cube 3708.186 (depth 1, 20 lits): UNSAT in 1.20s
    cube 3708.187 (depth 1, 20 lits): UNSAT in 0.37s
    cube 3708.188 (depth 1, 20 lits): UNSAT in 3.44s
    cube 3708.189 (depth 1, 20 lits): UNSAT in 1.48s
    cube 3708.190 (depth 1, 20 lits): UNSAT in 58.93s
    cube 3708.191 (depth 1, 20 lits): UNSAT in 0.03s
    cube 3708.192 (depth 1, 20 lits): UNSAT in 0.07s
    cube 3708.193 (depth 1, 20 lits): UNSAT in 0.14s
    cube 3708.194 (depth 1, 20 lits): UNSAT in 0.55s
    cube 3708.195 (depth 1, 20 lits): UNSAT in 0.13s
    cube 3708.196 (depth 1, 20 lits): UNSAT in 0.17s
    cube 3708.197 (depth 1, 20 lits): UNSAT in 0.11s
    cube 3708.198 (depth 1, 20 lits): UNSAT in 1.07s
    cube 3708.199 (depth 1, 20 lits): UNSAT in 0.11s
    cube 3708.200 (depth 1, 20 lits): UNSAT in 0.20s
    cube 3708.201 (depth 1, 20 lits): UNSAT in 0.10s
    cube 3708.202 (depth 1, 20 lits): UNSAT in 1.31s
    cube 3708.203 (depth 1, 20 lits): UNSAT in 0.23s
    cube 3708.204 (depth 1, 20 lits): UNSAT in 0.89s
    cube 3708.205 (depth 1, 20 lits): UNSAT in 2.76s
    cube 3708.206 (depth 1, 20 lits): UNSAT in 54.11s
    cube 3708.207 (depth 1, 20 lits): UNSAT in 0.05s
    cube 3708.208 (depth 1, 20 lits): UNSAT in 0.20s
    cube 3708.209 (depth 1, 20 lits): UNSAT in 0.34s
    cube 3708.210 (depth 1, 20 lits): UNSAT in 1.64s
    cube 3708.211 (depth 1, 20 lits): UNSAT in 0.02s
    cube 3708.212 (depth 1, 20 lits): UNSAT in 0.35s
    cube 3708.213 (depth 1, 20 lits): UNSAT in 0.21s
    cube 3708.214 (depth 1, 20 lits): UNSAT in 16.93s
    cube 3708.215 (depth 1, 20 lits): UNSAT in 1.27s
    cube 3708.216 (depth 1, 20 lits): UNSAT in 3.35s
    cube 3708.217 (depth 1, 20 lits): UNSAT in 3.58s
    cube 3708.218 (depth 1, 20 lits): UNSAT in 9.04s
    cube 3708.219 (depth 1, 20 lits): UNSAT in 3.33s
    cube 3708.220 (depth 1, 20 lits): UNSAT in 11.38s
    cube 3708.221 (depth 1, 20 lits): UNSAT in 26.02s
    cube 3708.222 (depth 1, 20 lits): UNSAT in 523.95s
    cube 3708.223 (depth 1, 20 lits): UNSAT in 0.21s
    cube 3708.224 (depth 1, 20 lits): UNSAT in 1.26s
    cube 3708.225 (depth 1, 20 lits): UNSAT in 1.00s
    cube 3708.226 (depth 1, 20 lits): UNSAT in 4.53s
    cube 3708.227 (depth 1, 20 lits): UNSAT in 0.84s
    cube 3708.228 (depth 1, 20 lits): UNSAT in 2.28s
    cube 3708.229 (depth 1, 20 lits): UNSAT in 4.37s
    cube 3708.230 (depth 1, 20 lits): UNSAT in 17.66s
    cube 3708.231 (depth 1, 20 lits): UNSAT in 0.23s
    cube 3708.232 (depth 1, 20 lits): UNSAT in 2.71s
    cube 3708.233 (depth 1, 20 lits): UNSAT in 1.78s
    cube 3708.234 (depth 1, 20 lits): UNSAT in 16.41s
    cube 3708.235 (depth 1, 20 lits): UNSAT in 1.67s
    cube 3708.236 (depth 1, 20 lits): UNSAT in 31.31s
    cube 3708.237 (depth 1, 20 lits): UNSAT in 3.32s
    cube 3708.238 (depth 1, 20 lits): UNSAT in 122.20s
    cube 3708.239 (depth 1, 20 lits): UNSAT in 1.52s
    cube 3708.240 (depth 1, 20 lits): UNSAT in 6.16s
    cube 3708.241 (depth 1, 20 lits): UNSAT in 4.89s
    cube 3708.242 (depth 1, 20 lits): UNSAT in 35.52s
    cube 3708.243 (depth 1, 20 lits): UNSAT in 10.22s
    cube 3708.244 (depth 1, 20 lits): UNSAT in 49.22s
    cube 3708.245 (depth 1, 20 lits): UNSAT in 26.21s
    cube 3708.246 (depth 1, 20 lits): UNSAT in 1160.12s
    cube 3708.247 (depth 1, 20 lits): UNSAT in 1.38s
    cube 3708.248 (depth 1, 20 lits): UNSAT in 8.62s
    cube 3708.249 (depth 1, 20 lits): UNSAT in 33.91s
    cube 3708.250 (depth 1, 20 lits): UNSAT in 510.74s
    cube 3708.251 (depth 1, 20 lits): UNSAT in 14.98s
    cube 3708.252 (depth 1, 20 lits): UNSAT in 1102.71s
    cube 3708.253 (depth 1, 20 lits): TIMEOUT in 1200.10s
    cube 3708.253 TIMEOUT -> re-split into 256 sub-cubes (depth 2)
    cube 3708.253.0 (depth 2, 28 lits): UNSAT in 0.06s
    cube 3708.253.1 (depth 2, 28 lits): UNSAT in 0.12s
    cube 3708.253.2 (depth 2, 28 lits): UNSAT in 0.11s
    cube 3708.253.3 (depth 2, 28 lits): UNSAT in 0.11s
    cube 3708.253.4 (depth 2, 28 lits): UNSAT in 0.12s
    cube 3708.253.5 (depth 2, 28 lits): UNSAT in 0.12s
    cube 3708.253.6 (depth 2, 28 lits): UNSAT in 0.12s
    cube 3708.253.7 (depth 2, 28 lits): UNSAT in 0.37s
    cube 3708.253.8 (depth 2, 28 lits): UNSAT in 0.03s
    cube 3708.253.9 (depth 2, 28 lits): UNSAT in 0.13s
    cube 3708.253.10 (depth 2, 28 lits): UNSAT in 0.18s
    cube 3708.253.11 (depth 2, 28 lits): UNSAT in 0.27s
    cube 3708.253.12 (depth 2, 28 lits): UNSAT in 0.13s
    cube 3708.253.13 (depth 2, 28 lits): UNSAT in 0.28s
    cube 3708.253.14 (depth 2, 28 lits): UNSAT in 0.29s
    cube 3708.253.15 (depth 2, 28 lits): UNSAT in 0.17s
    cube 3708.253.16 (depth 2, 28 lits): UNSAT in 0.02s
    cube 3708.253.17 (depth 2, 28 lits): UNSAT in 0.19s
    cube 3708.253.18 (depth 2, 28 lits): UNSAT in 0.03s
    cube 3708.253.19 (depth 2, 28 lits): UNSAT in 0.31s
    cube 3708.253.20 (depth 2, 28 lits): UNSAT in 0.20s
    cube 3708.253.21 (depth 2, 28 lits): UNSAT in 0.23s
    cube 3708.253.22 (depth 2, 28 lits): UNSAT in 0.32s
    cube 3708.253.23 (depth 2, 28 lits): UNSAT in 0.63s
    cube 3708.253.24 (depth 2, 28 lits): UNSAT in 0.22s
    cube 3708.253.25 (depth 2, 28 lits): UNSAT in 0.17s
    cube 3708.253.26 (depth 2, 28 lits): UNSAT in 0.26s
    cube 3708.253.27 (depth 2, 28 lits): UNSAT in 0.44s
    cube 3708.253.28 (depth 2, 28 lits): UNSAT in 0.23s
    cube 3708.253.29 (depth 2, 28 lits): UNSAT in 0.37s
    cube 3708.253.30 (depth 2, 28 lits): UNSAT in 0.68s
    cube 3708.253.31 (depth 2, 28 lits): UNSAT in 0.58s
    cube 3708.253.32 (depth 2, 28 lits): UNSAT in 0.10s
    cube 3708.253.33 (depth 2, 28 lits): UNSAT in 0.12s
    cube 3708.253.34 (depth 2, 28 lits): UNSAT in 0.14s
    cube 3708.253.35 (depth 2, 28 lits): UNSAT in 0.23s
    cube 3708.253.36 (depth 2, 28 lits): UNSAT in 0.17s
    cube 3708.253.37 (depth 2, 28 lits): UNSAT in 0.17s
    cube 3708.253.38 (depth 2, 28 lits): UNSAT in 0.29s
    cube 3708.253.39 (depth 2, 28 lits): UNSAT in 0.35s
    cube 3708.253.40 (depth 2, 28 lits): UNSAT in 0.15s
    cube 3708.253.41 (depth 2, 28 lits): UNSAT in 0.16s
    cube 3708.253.42 (depth 2, 28 lits): UNSAT in 0.24s
    cube 3708.253.43 (depth 2, 28 lits): UNSAT in 0.45s
    cube 3708.253.44 (depth 2, 28 lits): UNSAT in 0.14s
    cube 3708.253.45 (depth 2, 28 lits): UNSAT in 0.13s
    cube 3708.253.46 (depth 2, 28 lits): UNSAT in 0.18s
    cube 3708.253.47 (depth 2, 28 lits): UNSAT in 0.56s
    cube 3708.253.48 (depth 2, 28 lits): UNSAT in 0.11s
    cube 3708.253.49 (depth 2, 28 lits): UNSAT in 0.16s
    cube 3708.253.50 (depth 2, 28 lits): UNSAT in 0.14s
    cube 3708.253.51 (depth 2, 28 lits): UNSAT in 0.17s
    cube 3708.253.52 (depth 2, 28 lits): UNSAT in 0.06s
    cube 3708.253.53 (depth 2, 28 lits): UNSAT in 0.11s
    cube 3708.253.54 (depth 2, 28 lits): UNSAT in 0.21s
    cube 3708.253.55 (depth 2, 28 lits): UNSAT in 1.02s
    cube 3708.253.56 (depth 2, 28 lits): UNSAT in 0.13s
    cube 3708.253.57 (depth 2, 28 lits): UNSAT in 0.21s
    cube 3708.253.58 (depth 2, 28 lits): UNSAT in 0.33s
    cube 3708.253.59 (depth 2, 28 lits): UNSAT in 0.32s
    cube 3708.253.60 (depth 2, 28 lits): UNSAT in 0.44s
    cube 3708.253.61 (depth 2, 28 lits): UNSAT in 0.68s
    cube 3708.253.62 (depth 2, 28 lits): UNSAT in 0.46s
    cube 3708.253.63 (depth 2, 28 lits): UNSAT in 0.78s
    cube 3708.253.64 (depth 2, 28 lits): UNSAT in 0.10s
    cube 3708.253.65 (depth 2, 28 lits): UNSAT in 0.19s
    cube 3708.253.66 (depth 2, 28 lits): UNSAT in 0.24s
    cube 3708.253.67 (depth 2, 28 lits): UNSAT in 0.34s
    cube 3708.253.68 (depth 2, 28 lits): UNSAT in 0.13s
    cube 3708.253.69 (depth 2, 28 lits): UNSAT in 0.28s
    cube 3708.253.70 (depth 2, 28 lits): UNSAT in 0.22s
    cube 3708.253.71 (depth 2, 28 lits): UNSAT in 0.37s
    cube 3708.253.72 (depth 2, 28 lits): UNSAT in 0.06s
    cube 3708.253.73 (depth 2, 28 lits): UNSAT in 0.29s
    cube 3708.253.74 (depth 2, 28 lits): UNSAT in 0.34s
    cube 3708.253.75 (depth 2, 28 lits): UNSAT in 0.57s
    cube 3708.253.76 (depth 2, 28 lits): UNSAT in 0.65s
    cube 3708.253.77 (depth 2, 28 lits): UNSAT in 0.67s
    cube 3708.253.78 (depth 2, 28 lits): UNSAT in 0.68s
    cube 3708.253.79 (depth 2, 28 lits): UNSAT in 1.79s
    cube 3708.253.80 (depth 2, 28 lits): UNSAT in 0.16s
    cube 3708.253.81 (depth 2, 28 lits): UNSAT in 0.17s
    cube 3708.253.82 (depth 2, 28 lits): UNSAT in 0.30s
    cube 3708.253.83 (depth 2, 28 lits): UNSAT in 0.53s
    cube 3708.253.84 (depth 2, 28 lits): UNSAT in 0.18s
    cube 3708.253.85 (depth 2, 28 lits): UNSAT in 0.28s
    cube 3708.253.86 (depth 2, 28 lits): UNSAT in 0.49s
    cube 3708.253.87 (depth 2, 28 lits): UNSAT in 1.15s
    cube 3708.253.88 (depth 2, 28 lits): UNSAT in 0.12s
    cube 3708.253.89 (depth 2, 28 lits): UNSAT in 0.14s
    cube 3708.253.90 (depth 2, 28 lits): UNSAT in 0.93s
    cube 3708.253.91 (depth 2, 28 lits): UNSAT in 1.45s
    cube 3708.253.92 (depth 2, 28 lits): UNSAT in 0.37s
    cube 3708.253.93 (depth 2, 28 lits): UNSAT in 1.38s
    cube 3708.253.94 (depth 2, 28 lits): UNSAT in 1.31s
    cube 3708.253.95 (depth 2, 28 lits): UNSAT in 6.51s
    cube 3708.253.96 (depth 2, 28 lits): UNSAT in 0.07s
    cube 3708.253.97 (depth 2, 28 lits): UNSAT in 0.10s
    cube 3708.253.98 (depth 2, 28 lits): UNSAT in 0.11s
    cube 3708.253.99 (depth 2, 28 lits): UNSAT in 0.12s
    cube 3708.253.100 (depth 2, 28 lits): UNSAT in 0.10s
    cube 3708.253.101 (depth 2, 28 lits): UNSAT in 0.40s
    cube 3708.253.102 (depth 2, 28 lits): UNSAT in 0.38s
    cube 3708.253.103 (depth 2, 28 lits): UNSAT in 1.77s
    cube 3708.253.104 (depth 2, 28 lits): UNSAT in 0.07s
    cube 3708.253.105 (depth 2, 28 lits): UNSAT in 0.35s
    cube 3708.253.106 (depth 2, 28 lits): UNSAT in 0.36s
    cube 3708.253.107 (depth 2, 28 lits): UNSAT in 1.08s
    cube 3708.253.108 (depth 2, 28 lits): UNSAT in 0.73s
    cube 3708.253.109 (depth 2, 28 lits): UNSAT in 1.95s
    cube 3708.253.110 (depth 2, 28 lits): UNSAT in 1.57s
    cube 3708.253.111 (depth 2, 28 lits): UNSAT in 5.23s
    cube 3708.253.112 (depth 2, 28 lits): UNSAT in 0.10s
    cube 3708.253.113 (depth 2, 28 lits): UNSAT in 0.57s
    cube 3708.253.114 (depth 2, 28 lits): UNSAT in 1.00s
    cube 3708.253.115 (depth 2, 28 lits): UNSAT in 1.37s
    cube 3708.253.116 (depth 2, 28 lits): UNSAT in 0.36s
    cube 3708.253.117 (depth 2, 28 lits): UNSAT in 1.04s
    cube 3708.253.118 (depth 2, 28 lits): UNSAT in 0.35s
    cube 3708.253.119 (depth 2, 28 lits): UNSAT in 5.16s
    cube 3708.253.120 (depth 2, 28 lits): UNSAT in 0.36s
    cube 3708.253.121 (depth 2, 28 lits): UNSAT in 0.65s
    cube 3708.253.122 (depth 2, 28 lits): UNSAT in 0.58s
    cube 3708.253.123 (depth 2, 28 lits): UNSAT in 3.30s
    cube 3708.253.124 (depth 2, 28 lits): UNSAT in 2.76s
    cube 3708.253.125 (depth 2, 28 lits): UNSAT in 6.46s
    cube 3708.253.126 (depth 2, 28 lits): UNSAT in 6.51s
    cube 3708.253.127 (depth 2, 28 lits): UNSAT in 31.57s
    cube 3708.253.128 (depth 2, 28 lits): UNSAT in 0.07s
    cube 3708.253.129 (depth 2, 28 lits): UNSAT in 0.13s
    cube 3708.253.130 (depth 2, 28 lits): UNSAT in 0.09s
    cube 3708.253.131 (depth 2, 28 lits): UNSAT in 0.22s
    cube 3708.253.132 (depth 2, 28 lits): UNSAT in 0.06s
    cube 3708.253.133 (depth 2, 28 lits): UNSAT in 0.09s
    cube 3708.253.134 (depth 2, 28 lits): UNSAT in 0.11s
    cube 3708.253.135 (depth 2, 28 lits): UNSAT in 0.20s
    cube 3708.253.136 (depth 2, 28 lits): UNSAT in 0.08s
    cube 3708.253.137 (depth 2, 28 lits): UNSAT in 0.10s
    cube 3708.253.138 (depth 2, 28 lits): UNSAT in 0.06s
    cube 3708.253.139 (depth 2, 28 lits): UNSAT in 0.12s
    cube 3708.253.140 (depth 2, 28 lits): UNSAT in 0.12s
    cube 3708.253.141 (depth 2, 28 lits): UNSAT in 0.13s
    cube 3708.253.142 (depth 2, 28 lits): UNSAT in 0.25s
    cube 3708.253.143 (depth 2, 28 lits): UNSAT in 0.25s
    cube 3708.253.144 (depth 2, 28 lits): UNSAT in 0.07s
    cube 3708.253.145 (depth 2, 28 lits): UNSAT in 0.13s
    cube 3708.253.146 (depth 2, 28 lits): UNSAT in 0.14s
    cube 3708.253.147 (depth 2, 28 lits): UNSAT in 0.16s
    cube 3708.253.148 (depth 2, 28 lits): UNSAT in 0.08s
    cube 3708.253.149 (depth 2, 28 lits): UNSAT in 0.14s
    cube 3708.253.150 (depth 2, 28 lits): UNSAT in 0.16s
    cube 3708.253.151 (depth 2, 28 lits): UNSAT in 0.30s
    cube 3708.253.152 (depth 2, 28 lits): UNSAT in 0.26s
    cube 3708.253.153 (depth 2, 28 lits): UNSAT in 0.24s
    cube 3708.253.154 (depth 2, 28 lits): UNSAT in 0.25s
    cube 3708.253.155 (depth 2, 28 lits): UNSAT in 0.53s
    cube 3708.253.156 (depth 2, 28 lits): UNSAT in 0.18s
    cube 3708.253.157 (depth 2, 28 lits): UNSAT in 0.17s
    cube 3708.253.158 (depth 2, 28 lits): UNSAT in 0.21s
    cube 3708.253.159 (depth 2, 28 lits): UNSAT in 0.63s
    cube 3708.253.160 (depth 2, 28 lits): UNSAT in 0.03s
    cube 3708.253.161 (depth 2, 28 lits): UNSAT in 0.15s
    cube 3708.253.162 (depth 2, 28 lits): UNSAT in 0.21s
    cube 3708.253.163 (depth 2, 28 lits): UNSAT in 0.27s
    cube 3708.253.164 (depth 2, 28 lits): UNSAT in 0.08s
    cube 3708.253.165 (depth 2, 28 lits): UNSAT in 0.32s
    cube 3708.253.166 (depth 2, 28 lits): UNSAT in 0.38s
    cube 3708.253.167 (depth 2, 28 lits): UNSAT in 0.91s
    cube 3708.253.168 (depth 2, 28 lits): UNSAT in 0.12s
    cube 3708.253.169 (depth 2, 28 lits): UNSAT in 0.25s
    cube 3708.253.170 (depth 2, 28 lits): UNSAT in 0.20s
    cube 3708.253.171 (depth 2, 28 lits): UNSAT in 0.29s
    cube 3708.253.172 (depth 2, 28 lits): UNSAT in 0.36s
    cube 3708.253.173 (depth 2, 28 lits): UNSAT in 0.30s
    cube 3708.253.174 (depth 2, 28 lits): UNSAT in 0.61s
    cube 3708.253.175 (depth 2, 28 lits): UNSAT in 0.98s
    cube 3708.253.176 (depth 2, 28 lits): UNSAT in 0.25s
    cube 3708.253.177 (depth 2, 28 lits): UNSAT in 0.65s
    cube 3708.253.178 (depth 2, 28 lits): UNSAT in 0.53s
    cube 3708.253.179 (depth 2, 28 lits): UNSAT in 0.80s
    cube 3708.253.180 (depth 2, 28 lits): UNSAT in 0.09s
    cube 3708.253.181 (depth 2, 28 lits): UNSAT in 0.14s
    cube 3708.253.182 (depth 2, 28 lits): UNSAT in 0.67s
    cube 3708.253.183 (depth 2, 28 lits): UNSAT in 1.02s
    cube 3708.253.184 (depth 2, 28 lits): UNSAT in 0.34s
    cube 3708.253.185 (depth 2, 28 lits): UNSAT in 1.81s
    cube 3708.253.186 (depth 2, 28 lits): UNSAT in 0.80s
    cube 3708.253.187 (depth 2, 28 lits): UNSAT in 2.68s
    cube 3708.253.188 (depth 2, 28 lits): UNSAT in 0.48s
    cube 3708.253.189 (depth 2, 28 lits): UNSAT in 0.88s
    cube 3708.253.190 (depth 2, 28 lits): UNSAT in 1.64s
    cube 3708.253.191 (depth 2, 28 lits): UNSAT in 0.86s
    cube 3708.253.192 (depth 2, 28 lits): UNSAT in 0.10s
    cube 3708.253.193 (depth 2, 28 lits): UNSAT in 0.09s
    cube 3708.253.194 (depth 2, 28 lits): UNSAT in 0.12s
    cube 3708.253.195 (depth 2, 28 lits): UNSAT in 0.19s
    cube 3708.253.196 (depth 2, 28 lits): UNSAT in 0.04s
    cube 3708.253.197 (depth 2, 28 lits): UNSAT in 0.29s
    cube 3708.253.198 (depth 2, 28 lits): UNSAT in 0.40s
    cube 3708.253.199 (depth 2, 28 lits): UNSAT in 0.61s
    cube 3708.253.200 (depth 2, 28 lits): UNSAT in 0.08s
    cube 3708.253.201 (depth 2, 28 lits): UNSAT in 0.08s
    cube 3708.253.202 (depth 2, 28 lits): UNSAT in 0.05s
    cube 3708.253.203 (depth 2, 28 lits): UNSAT in 0.14s
    cube 3708.253.204 (depth 2, 28 lits): UNSAT in 0.38s
    cube 3708.253.205 (depth 2, 28 lits): UNSAT in 0.32s
    cube 3708.253.206 (depth 2, 28 lits): UNSAT in 1.03s
    cube 3708.253.207 (depth 2, 28 lits): UNSAT in 1.97s
    cube 3708.253.208 (depth 2, 28 lits): UNSAT in 0.04s
    cube 3708.253.209 (depth 2, 28 lits): UNSAT in 0.12s
    cube 3708.253.210 (depth 2, 28 lits): UNSAT in 0.04s
    cube 3708.253.211 (depth 2, 28 lits): UNSAT in 0.63s
    cube 3708.253.212 (depth 2, 28 lits): UNSAT in 0.07s
    cube 3708.253.213 (depth 2, 28 lits): UNSAT in 0.08s
    cube 3708.253.214 (depth 2, 28 lits): UNSAT in 0.35s
    cube 3708.253.215 (depth 2, 28 lits): UNSAT in 0.97s
    cube 3708.253.216 (depth 2, 28 lits): UNSAT in 0.04s
    cube 3708.253.217 (depth 2, 28 lits): UNSAT in 0.18s
    cube 3708.253.218 (depth 2, 28 lits): UNSAT in 0.19s
    cube 3708.253.219 (depth 2, 28 lits): UNSAT in 0.97s
    cube 3708.253.220 (depth 2, 28 lits): UNSAT in 0.28s
    cube 3708.253.221 (depth 2, 28 lits): UNSAT in 0.66s
    cube 3708.253.222 (depth 2, 28 lits): UNSAT in 1.18s
    cube 3708.253.223 (depth 2, 28 lits): UNSAT in 11.28s
    cube 3708.253.224 (depth 2, 28 lits): UNSAT in 0.03s
    cube 3708.253.225 (depth 2, 28 lits): UNSAT in 0.07s
    cube 3708.253.226 (depth 2, 28 lits): UNSAT in 0.02s
    cube 3708.253.227 (depth 2, 28 lits): UNSAT in 0.10s
    cube 3708.253.228 (depth 2, 28 lits): UNSAT in 0.08s
    cube 3708.253.229 (depth 2, 28 lits): UNSAT in 0.04s
    cube 3708.253.230 (depth 2, 28 lits): UNSAT in 0.21s
    cube 3708.253.231 (depth 2, 28 lits): UNSAT in 1.06s
    cube 3708.253.232 (depth 2, 28 lits): UNSAT in 0.12s
    cube 3708.253.233 (depth 2, 28 lits): UNSAT in 0.44s
    cube 3708.253.234 (depth 2, 28 lits): UNSAT in 0.14s
    cube 3708.253.235 (depth 2, 28 lits): UNSAT in 2.94s
    cube 3708.253.236 (depth 2, 28 lits): UNSAT in 0.95s
    cube 3708.253.237 (depth 2, 28 lits): UNSAT in 3.13s
    cube 3708.253.238 (depth 2, 28 lits): UNSAT in 0.89s
    cube 3708.253.239 (depth 2, 28 lits): UNSAT in 15.00s
    cube 3708.253.240 (depth 2, 28 lits): UNSAT in 0.11s
    cube 3708.253.241 (depth 2, 28 lits): UNSAT in 0.89s
    cube 3708.253.242 (depth 2, 28 lits): UNSAT in 1.16s
    cube 3708.253.243 (depth 2, 28 lits): UNSAT in 3.97s
    cube 3708.253.244 (depth 2, 28 lits): UNSAT in 0.86s
    cube 3708.253.245 (depth 2, 28 lits): UNSAT in 5.04s
    cube 3708.253.246 (depth 2, 28 lits): UNSAT in 6.60s
    cube 3708.253.247 (depth 2, 28 lits): UNSAT in 16.55s
    cube 3708.253.248 (depth 2, 28 lits): UNSAT in 1.46s
    cube 3708.253.249 (depth 2, 28 lits): UNSAT in 7.39s
    cube 3708.253.250 (depth 2, 28 lits): UNSAT in 3.05s
    cube 3708.253.251 (depth 2, 28 lits): UNSAT in 20.11s
    cube 3708.253.252 (depth 2, 28 lits): UNSAT in 1.24s
    cube 3708.253.253 (depth 2, 28 lits): UNSAT in 24.67s
    cube 3708.253.254 (depth 2, 28 lits): UNSAT in 12.18s
    cube 3708.253.255 (depth 2, 28 lits): UNSAT in 40.17s
    cube 3708.254 (depth 1, 20 lits): TIMEOUT in 1200.10s
    cube 3708.254 TIMEOUT -> re-split into 256 sub-cubes (depth 2)
    cube 3708.254.0 (depth 2, 28 lits): UNSAT in 0.01s
    cube 3708.254.1 (depth 2, 28 lits): UNSAT in 0.02s
    cube 3708.254.2 (depth 2, 28 lits): UNSAT in 0.03s
    cube 3708.254.3 (depth 2, 28 lits): UNSAT in 0.10s
    cube 3708.254.4 (depth 2, 28 lits): UNSAT in 0.08s
    cube 3708.254.5 (depth 2, 28 lits): UNSAT in 0.10s
    cube 3708.254.6 (depth 2, 28 lits): UNSAT in 0.06s
    cube 3708.254.7 (depth 2, 28 lits): UNSAT in 0.18s
    cube 3708.254.8 (depth 2, 28 lits): UNSAT in 0.02s
    cube 3708.254.9 (depth 2, 28 lits): UNSAT in 0.06s
    cube 3708.254.10 (depth 2, 28 lits): UNSAT in 0.03s
    cube 3708.254.11 (depth 2, 28 lits): UNSAT in 0.17s
    cube 3708.254.12 (depth 2, 28 lits): UNSAT in 0.03s
    cube 3708.254.13 (depth 2, 28 lits): UNSAT in 0.20s
    cube 3708.254.14 (depth 2, 28 lits): UNSAT in 0.07s
    cube 3708.254.15 (depth 2, 28 lits): UNSAT in 0.41s
    cube 3708.254.16 (depth 2, 28 lits): UNSAT in 0.07s
    cube 3708.254.17 (depth 2, 28 lits): UNSAT in 0.12s
    cube 3708.254.18 (depth 2, 28 lits): UNSAT in 0.13s
    cube 3708.254.19 (depth 2, 28 lits): UNSAT in 0.30s
    cube 3708.254.20 (depth 2, 28 lits): UNSAT in 0.15s
    cube 3708.254.21 (depth 2, 28 lits): UNSAT in 0.55s
    cube 3708.254.22 (depth 2, 28 lits): UNSAT in 0.40s
    cube 3708.254.23 (depth 2, 28 lits): UNSAT in 0.69s
    cube 3708.254.24 (depth 2, 28 lits): UNSAT in 0.13s
    cube 3708.254.25 (depth 2, 28 lits): UNSAT in 0.15s
    cube 3708.254.26 (depth 2, 28 lits): UNSAT in 0.37s
    cube 3708.254.27 (depth 2, 28 lits): UNSAT in 0.52s
    cube 3708.254.28 (depth 2, 28 lits): UNSAT in 0.16s
    cube 3708.254.29 (depth 2, 28 lits): UNSAT in 0.37s
    cube 3708.254.30 (depth 2, 28 lits): UNSAT in 0.47s
    cube 3708.254.31 (depth 2, 28 lits): UNSAT in 0.80s
    cube 3708.254.32 (depth 2, 28 lits): UNSAT in 0.01s
    cube 3708.254.33 (depth 2, 28 lits): UNSAT in 0.03s
    cube 3708.254.34 (depth 2, 28 lits): UNSAT in 0.02s
    cube 3708.254.35 (depth 2, 28 lits): UNSAT in 0.12s
    cube 3708.254.36 (depth 2, 28 lits): UNSAT in 0.01s
    cube 3708.254.37 (depth 2, 28 lits): UNSAT in 0.21s
    cube 3708.254.38 (depth 2, 28 lits): UNSAT in 0.10s
    cube 3708.254.39 (depth 2, 28 lits): UNSAT in 0.48s
    cube 3708.254.40 (depth 2, 28 lits): UNSAT in 0.02s
    cube 3708.254.41 (depth 2, 28 lits): UNSAT in 0.02s
    cube 3708.254.42 (depth 2, 28 lits): UNSAT in 0.05s
    cube 3708.254.43 (depth 2, 28 lits): UNSAT in 0.45s
    cube 3708.254.44 (depth 2, 28 lits): UNSAT in 0.05s
    cube 3708.254.45 (depth 2, 28 lits): UNSAT in 0.46s
    cube 3708.254.46 (depth 2, 28 lits): UNSAT in 0.26s
    cube 3708.254.47 (depth 2, 28 lits): UNSAT in 1.39s
    cube 3708.254.48 (depth 2, 28 lits): UNSAT in 0.02s
    cube 3708.254.49 (depth 2, 28 lits): UNSAT in 0.04s
    cube 3708.254.50 (depth 2, 28 lits): UNSAT in 0.08s
    cube 3708.254.51 (depth 2, 28 lits): UNSAT in 0.17s
    cube 3708.254.52 (depth 2, 28 lits): UNSAT in 0.02s
    cube 3708.254.53 (depth 2, 28 lits): UNSAT in 0.06s
    cube 3708.254.54 (depth 2, 28 lits): UNSAT in 0.07s
    cube 3708.254.55 (depth 2, 28 lits): UNSAT in 0.27s
    cube 3708.254.56 (depth 2, 28 lits): UNSAT in 0.12s
    cube 3708.254.57 (depth 2, 28 lits): UNSAT in 0.57s
    cube 3708.254.58 (depth 2, 28 lits): UNSAT in 0.13s
    cube 3708.254.59 (depth 2, 28 lits): UNSAT in 0.45s
    cube 3708.254.60 (depth 2, 28 lits): UNSAT in 0.74s
    cube 3708.254.61 (depth 2, 28 lits): UNSAT in 4.41s
    cube 3708.254.62 (depth 2, 28 lits): UNSAT in 2.27s
    cube 3708.254.63 (depth 2, 28 lits): UNSAT in 23.97s
    cube 3708.254.64 (depth 2, 28 lits): UNSAT in 0.03s
    cube 3708.254.65 (depth 2, 28 lits): UNSAT in 0.04s
    cube 3708.254.66 (depth 2, 28 lits): UNSAT in 0.03s
    cube 3708.254.67 (depth 2, 28 lits): UNSAT in 0.11s
    cube 3708.254.68 (depth 2, 28 lits): UNSAT in 0.02s
    cube 3708.254.69 (depth 2, 28 lits): UNSAT in 0.06s
    cube 3708.254.70 (depth 2, 28 lits): UNSAT in 0.03s
    cube 3708.254.71 (depth 2, 28 lits): UNSAT in 0.06s
    cube 3708.254.72 (depth 2, 28 lits): UNSAT in 0.01s
    cube 3708.254.73 (depth 2, 28 lits): UNSAT in 0.04s
    cube 3708.254.74 (depth 2, 28 lits): UNSAT in 0.04s
    cube 3708.254.75 (depth 2, 28 lits): UNSAT in 0.08s
    cube 3708.254.76 (depth 2, 28 lits): UNSAT in 0.07s
    cube 3708.254.77 (depth 2, 28 lits): UNSAT in 0.03s
    cube 3708.254.78 (depth 2, 28 lits): UNSAT in 0.45s
    cube 3708.254.79 (depth 2, 28 lits): UNSAT in 1.57s
    cube 3708.254.80 (depth 2, 28 lits): UNSAT in 0.09s
    cube 3708.254.81 (depth 2, 28 lits): UNSAT in 0.19s
    cube 3708.254.82 (depth 2, 28 lits): UNSAT in 0.14s
    cube 3708.254.83 (depth 2, 28 lits): UNSAT in 0.21s
    cube 3708.254.84 (depth 2, 28 lits): UNSAT in 0.11s
    cube 3708.254.85 (depth 2, 28 lits): UNSAT in 0.36s
    cube 3708.254.86 (depth 2, 28 lits): UNSAT in 0.29s
    cube 3708.254.87 (depth 2, 28 lits): UNSAT in 1.57s
    cube 3708.254.88 (depth 2, 28 lits): UNSAT in 0.12s
    cube 3708.254.89 (depth 2, 28 lits): UNSAT in 0.78s
    cube 3708.254.90 (depth 2, 28 lits): UNSAT in 0.19s
    cube 3708.254.91 (depth 2, 28 lits): UNSAT in 2.02s
    cube 3708.254.92 (depth 2, 28 lits): UNSAT in 0.67s
    cube 3708.254.93 (depth 2, 28 lits): UNSAT in 1.48s
    cube 3708.254.94 (depth 2, 28 lits): UNSAT in 0.72s
    cube 3708.254.95 (depth 2, 28 lits): UNSAT in 6.33s
    cube 3708.254.96 (depth 2, 28 lits): UNSAT in 0.03s
    cube 3708.254.97 (depth 2, 28 lits): UNSAT in 0.26s
    cube 3708.254.98 (depth 2, 28 lits): UNSAT in 0.15s
    cube 3708.254.99 (depth 2, 28 lits): UNSAT in 0.65s
    cube 3708.254.100 (depth 2, 28 lits): UNSAT in 0.38s
    cube 3708.254.101 (depth 2, 28 lits): UNSAT in 1.85s
    cube 3708.254.102 (depth 2, 28 lits): UNSAT in 1.08s
    cube 3708.254.103 (depth 2, 28 lits): UNSAT in 6.44s
    cube 3708.254.104 (depth 2, 28 lits): UNSAT in 0.03s
    cube 3708.254.105 (depth 2, 28 lits): UNSAT in 0.25s
    cube 3708.254.106 (depth 2, 28 lits): UNSAT in 0.23s
    cube 3708.254.107 (depth 2, 28 lits): UNSAT in 0.92s
    cube 3708.254.108 (depth 2, 28 lits): UNSAT in 0.29s
    cube 3708.254.109 (depth 2, 28 lits): UNSAT in 0.32s
    cube 3708.254.110 (depth 2, 28 lits): UNSAT in 1.35s
    cube 3708.254.111 (depth 2, 28 lits): UNSAT in 6.39s
    cube 3708.254.112 (depth 2, 28 lits): UNSAT in 0.04s
    cube 3708.254.113 (depth 2, 28 lits): UNSAT in 0.25s
    cube 3708.254.114 (depth 2, 28 lits): UNSAT in 0.22s
    cube 3708.254.115 (depth 2, 28 lits): UNSAT in 2.24s
    cube 3708.254.116 (depth 2, 28 lits): UNSAT in 0.35s
    cube 3708.254.117 (depth 2, 28 lits): UNSAT in 2.11s
    cube 3708.254.118 (depth 2, 28 lits): UNSAT in 1.46s
    cube 3708.254.119 (depth 2, 28 lits): UNSAT in 18.97s
    cube 3708.254.120 (depth 2, 28 lits): UNSAT in 0.25s
    cube 3708.254.121 (depth 2, 28 lits): UNSAT in 0.59s
    cube 3708.254.122 (depth 2, 28 lits): UNSAT in 1.04s
    cube 3708.254.123 (depth 2, 28 lits): UNSAT in 5.46s
    cube 3708.254.124 (depth 2, 28 lits): UNSAT in 1.74s
    cube 3708.254.125 (depth 2, 28 lits): UNSAT in 9.83s
    cube 3708.254.126 (depth 2, 28 lits): UNSAT in 11.60s
    cube 3708.254.127 (depth 2, 28 lits): UNSAT in 206.99s
    cube 3708.254.128 (depth 2, 28 lits): UNSAT in 0.02s
    cube 3708.254.129 (depth 2, 28 lits): UNSAT in 0.04s
    cube 3708.254.130 (depth 2, 28 lits): UNSAT in 0.03s
    cube 3708.254.131 (depth 2, 28 lits): UNSAT in 0.04s
    cube 3708.254.132 (depth 2, 28 lits): UNSAT in 0.03s
    cube 3708.254.133 (depth 2, 28 lits): UNSAT in 0.06s
    cube 3708.254.134 (depth 2, 28 lits): UNSAT in 0.07s
    cube 3708.254.135 (depth 2, 28 lits): UNSAT in 0.04s
    cube 3708.254.136 (depth 2, 28 lits): UNSAT in 0.02s
    cube 3708.254.137 (depth 2, 28 lits): UNSAT in 0.09s
    cube 3708.254.138 (depth 2, 28 lits): UNSAT in 0.09s
    cube 3708.254.139 (depth 2, 28 lits): UNSAT in 0.13s
    cube 3708.254.140 (depth 2, 28 lits): UNSAT in 0.03s
    cube 3708.254.141 (depth 2, 28 lits): UNSAT in 0.12s
    cube 3708.254.142 (depth 2, 28 lits): UNSAT in 0.37s
    cube 3708.254.143 (depth 2, 28 lits): UNSAT in 1.34s
    cube 3708.254.144 (depth 2, 28 lits): UNSAT in 0.05s
    cube 3708.254.145 (depth 2, 28 lits): UNSAT in 0.17s
    cube 3708.254.146 (depth 2, 28 lits): UNSAT in 0.12s
    cube 3708.254.147 (depth 2, 28 lits): UNSAT in 0.51s
    cube 3708.254.148 (depth 2, 28 lits): UNSAT in 0.09s
    cube 3708.254.149 (depth 2, 28 lits): UNSAT in 0.32s
    cube 3708.254.150 (depth 2, 28 lits): UNSAT in 0.19s
    cube 3708.254.151 (depth 2, 28 lits): UNSAT in 3.27s
    cube 3708.254.152 (depth 2, 28 lits): UNSAT in 0.12s
    cube 3708.254.153 (depth 2, 28 lits): UNSAT in 0.40s
    cube 3708.254.154 (depth 2, 28 lits): UNSAT in 0.41s
    cube 3708.254.155 (depth 2, 28 lits): UNSAT in 2.64s
    cube 3708.254.156 (depth 2, 28 lits): UNSAT in 0.86s
    cube 3708.254.157 (depth 2, 28 lits): UNSAT in 4.64s
    cube 3708.254.158 (depth 2, 28 lits): UNSAT in 8.68s
    cube 3708.254.159 (depth 2, 28 lits): UNSAT in 38.25s
    cube 3708.254.160 (depth 2, 28 lits): UNSAT in 0.10s
    cube 3708.254.161 (depth 2, 28 lits): UNSAT in 0.35s
    cube 3708.254.162 (depth 2, 28 lits): UNSAT in 0.19s
    cube 3708.254.163 (depth 2, 28 lits): UNSAT in 0.18s
    cube 3708.254.164 (depth 2, 28 lits): UNSAT in 0.19s
    cube 3708.254.165 (depth 2, 28 lits): UNSAT in 0.61s
    cube 3708.254.166 (depth 2, 28 lits): UNSAT in 1.19s
    cube 3708.254.167 (depth 2, 28 lits): UNSAT in 2.36s
    cube 3708.254.168 (depth 2, 28 lits): UNSAT in 0.46s
    cube 3708.254.169 (depth 2, 28 lits): UNSAT in 1.31s
    cube 3708.254.170 (depth 2, 28 lits): UNSAT in 0.36s
    cube 3708.254.171 (depth 2, 28 lits): UNSAT in 1.55s
    cube 3708.254.172 (depth 2, 28 lits): UNSAT in 0.34s
    cube 3708.254.173 (depth 2, 28 lits): UNSAT in 0.96s
    cube 3708.254.174 (depth 2, 28 lits): UNSAT in 1.02s
    cube 3708.254.175 (depth 2, 28 lits): UNSAT in 7.86s
    cube 3708.254.176 (depth 2, 28 lits): UNSAT in 0.06s
    cube 3708.254.177 (depth 2, 28 lits): UNSAT in 0.13s
    cube 3708.254.178 (depth 2, 28 lits): UNSAT in 0.40s
    cube 3708.254.179 (depth 2, 28 lits): UNSAT in 0.62s
    cube 3708.254.180 (depth 2, 28 lits): UNSAT in 0.29s
    cube 3708.254.181 (depth 2, 28 lits): UNSAT in 0.41s
    cube 3708.254.182 (depth 2, 28 lits): UNSAT in 1.10s
    cube 3708.254.183 (depth 2, 28 lits): UNSAT in 11.51s
    cube 3708.254.184 (depth 2, 28 lits): UNSAT in 0.72s
    cube 3708.254.185 (depth 2, 28 lits): UNSAT in 2.64s
    cube 3708.254.186 (depth 2, 28 lits): UNSAT in 1.14s
    cube 3708.254.187 (depth 2, 28 lits): UNSAT in 13.73s
    cube 3708.254.188 (depth 2, 28 lits): UNSAT in 0.35s
    cube 3708.254.189 (depth 2, 28 lits): UNSAT in 6.62s
    cube 3708.254.190 (depth 2, 28 lits): UNSAT in 64.63s
    cube 3708.254.191 (depth 2, 28 lits): UNSAT in 814.29s
    cube 3708.254.192 (depth 2, 28 lits): UNSAT in 0.02s
    cube 3708.254.193 (depth 2, 28 lits): UNSAT in 0.02s
    cube 3708.254.194 (depth 2, 28 lits): UNSAT in 0.05s
    cube 3708.254.195 (depth 2, 28 lits): UNSAT in 0.04s
    cube 3708.254.196 (depth 2, 28 lits): UNSAT in 0.02s
    cube 3708.254.197 (depth 2, 28 lits): UNSAT in 0.08s
    cube 3708.254.198 (depth 2, 28 lits): UNSAT in 0.09s
    cube 3708.254.199 (depth 2, 28 lits): UNSAT in 0.71s
    cube 3708.254.200 (depth 2, 28 lits): UNSAT in 0.02s
    cube 3708.254.201 (depth 2, 28 lits): UNSAT in 0.02s
    cube 3708.254.202 (depth 2, 28 lits): UNSAT in 0.06s
    cube 3708.254.203 (depth 2, 28 lits): UNSAT in 0.10s
    cube 3708.254.204 (depth 2, 28 lits): UNSAT in 0.05s
    cube 3708.254.205 (depth 2, 28 lits): UNSAT in 0.26s
    cube 3708.254.206 (depth 2, 28 lits): UNSAT in 0.14s
    cube 3708.254.207 (depth 2, 28 lits): UNSAT in 1.01s
    cube 3708.254.208 (depth 2, 28 lits): UNSAT in 0.02s
    cube 3708.254.209 (depth 2, 28 lits): UNSAT in 0.03s
    cube 3708.254.210 (depth 2, 28 lits): UNSAT in 0.11s
    cube 3708.254.211 (depth 2, 28 lits): UNSAT in 0.28s
    cube 3708.254.212 (depth 2, 28 lits): UNSAT in 0.14s
    cube 3708.254.213 (depth 2, 28 lits): UNSAT in 0.18s
    cube 3708.254.214 (depth 2, 28 lits): UNSAT in 0.12s
    cube 3708.254.215 (depth 2, 28 lits): UNSAT in 0.78s
    cube 3708.254.216 (depth 2, 28 lits): UNSAT in 0.05s
    cube 3708.254.217 (depth 2, 28 lits): UNSAT in 0.12s
    cube 3708.254.218 (depth 2, 28 lits): UNSAT in 0.13s
    cube 3708.254.219 (depth 2, 28 lits): UNSAT in 0.31s
    cube 3708.254.220 (depth 2, 28 lits): UNSAT in 0.41s
    cube 3708.254.221 (depth 2, 28 lits): UNSAT in 0.94s
    cube 3708.254.222 (depth 2, 28 lits): UNSAT in 2.38s
    cube 3708.254.223 (depth 2, 28 lits): UNSAT in 7.66s
    cube 3708.254.224 (depth 2, 28 lits): UNSAT in 0.02s
    cube 3708.254.225 (depth 2, 28 lits): UNSAT in 0.07s
    cube 3708.254.226 (depth 2, 28 lits): UNSAT in 0.06s
    cube 3708.254.227 (depth 2, 28 lits): UNSAT in 0.34s
    cube 3708.254.228 (depth 2, 28 lits): UNSAT in 0.08s
    cube 3708.254.229 (depth 2, 28 lits): UNSAT in 0.06s
    cube 3708.254.230 (depth 2, 28 lits): UNSAT in 0.33s
    cube 3708.254.231 (depth 2, 28 lits): UNSAT in 0.84s
    cube 3708.254.232 (depth 2, 28 lits): UNSAT in 0.21s
    cube 3708.254.233 (depth 2, 28 lits): UNSAT in 1.29s
    cube 3708.254.234 (depth 2, 28 lits): UNSAT in 0.27s
    cube 3708.254.235 (depth 2, 28 lits): UNSAT in 2.95s
    cube 3708.254.236 (depth 2, 28 lits): UNSAT in 0.30s
    cube 3708.254.237 (depth 2, 28 lits): UNSAT in 1.57s
    cube 3708.254.238 (depth 2, 28 lits): UNSAT in 1.73s
    cube 3708.254.239 (depth 2, 28 lits): UNSAT in 8.46s
    cube 3708.254.240 (depth 2, 28 lits): UNSAT in 0.08s
    cube 3708.254.241 (depth 2, 28 lits): UNSAT in 0.07s
    cube 3708.254.242 (depth 2, 28 lits): UNSAT in 0.43s
    cube 3708.254.243 (depth 2, 28 lits): UNSAT in 0.52s
    cube 3708.254.244 (depth 2, 28 lits): UNSAT in 0.21s
    cube 3708.254.245 (depth 2, 28 lits): UNSAT in 0.45s
    cube 3708.254.246 (depth 2, 28 lits): UNSAT in 0.39s
    cube 3708.254.247 (depth 2, 28 lits): UNSAT in 4.76s
    cube 3708.254.248 (depth 2, 28 lits): UNSAT in 0.18s
    cube 3708.254.249 (depth 2, 28 lits): UNSAT in 1.03s
    cube 3708.254.250 (depth 2, 28 lits): UNSAT in 1.52s
    cube 3708.254.251 (depth 2, 28 lits): UNSAT in 5.16s
    cube 3708.254.252 (depth 2, 28 lits): UNSAT in 0.31s
    cube 3708.254.253 (depth 2, 28 lits): UNSAT in 3.24s
    cube 3708.254.254 (depth 2, 28 lits): UNSAT in 20.33s
    cube 3708.254.255 (depth 2, 28 lits): UNSAT in 446.18s

  shard 8 verdict: UNSAT (1 UNSAT, 0 unresolved) in 9991.0s
