  shard 21/24 (explicit): 1 of 4095 cubes, per-cube cap 1200.0s, re-split depth 7
    cube 3797 (depth 0, 12 lits): TIMEOUT in 1200.08s
    cube 3797 TIMEOUT -> re-split into 248 sub-cubes (depth 1)
    cube 3797.0 (depth 1, 20 lits): UNSAT in 0.01s
    cube 3797.1 (depth 1, 20 lits): UNSAT in 0.01s
    cube 3797.2 (depth 1, 20 lits): UNSAT in 0.01s
    cube 3797.3 (depth 1, 20 lits): UNSAT in 0.01s
    cube 3797.4 (depth 1, 19 lits): UNSAT in 0.01s
    cube 3797.5 (depth 1, 20 lits): UNSAT in 0.02s
    cube 3797.6 (depth 1, 20 lits): UNSAT in 0.02s
    cube 3797.7 (depth 1, 20 lits): UNSAT in 0.02s
    cube 3797.8 (depth 1, 20 lits): UNSAT in 0.02s
    cube 3797.9 (depth 1, 20 lits): UNSAT in 0.01s
    cube 3797.10 (depth 1, 20 lits): UNSAT in 0.02s
    cube 3797.11 (depth 1, 20 lits): UNSAT in 0.02s
    cube 3797.12 (depth 1, 20 lits): UNSAT in 0.02s
    cube 3797.13 (depth 1, 20 lits): UNSAT in 0.05s
    cube 3797.14 (depth 1, 20 lits): UNSAT in 0.03s
    cube 3797.15 (depth 1, 20 lits): UNSAT in 0.01s
    cube 3797.16 (depth 1, 20 lits): UNSAT in 0.02s
    cube 3797.17 (depth 1, 20 lits): UNSAT in 0.01s
    cube 3797.18 (depth 1, 20 lits): UNSAT in 0.01s
    cube 3797.19 (depth 1, 20 lits): UNSAT in 0.02s
    cube 3797.20 (depth 1, 20 lits): UNSAT in 0.01s
    cube 3797.21 (depth 1, 20 lits): UNSAT in 0.02s
    cube 3797.22 (depth 1, 20 lits): UNSAT in 0.02s
    cube 3797.23 (depth 1, 20 lits): UNSAT in 0.01s
    cube 3797.24 (depth 1, 20 lits): UNSAT in 0.02s
    cube 3797.25 (depth 1, 20 lits): UNSAT in 0.05s
    cube 3797.26 (depth 1, 20 lits): UNSAT in 0.07s
    cube 3797.27 (depth 1, 20 lits): UNSAT in 0.05s
    cube 3797.28 (depth 1, 20 lits): UNSAT in 0.07s
    cube 3797.29 (depth 1, 20 lits): UNSAT in 0.24s
    cube 3797.30 (depth 1, 20 lits): UNSAT in 0.24s
    cube 3797.31 (depth 1, 20 lits): UNSAT in 0.01s
    cube 3797.32 (depth 1, 20 lits): UNSAT in 0.02s
    cube 3797.33 (depth 1, 20 lits): UNSAT in 0.01s
    cube 3797.34 (depth 1, 20 lits): UNSAT in 0.02s
    cube 3797.35 (depth 1, 20 lits): UNSAT in 0.02s
    cube 3797.36 (depth 1, 20 lits): UNSAT in 0.02s
    cube 3797.37 (depth 1, 20 lits): UNSAT in 0.01s
    cube 3797.38 (depth 1, 20 lits): UNSAT in 0.05s
    cube 3797.39 (depth 1, 19 lits): UNSAT in 0.02s
    cube 3797.40 (depth 1, 20 lits): UNSAT in 0.03s
    cube 3797.41 (depth 1, 20 lits): UNSAT in 0.02s
    cube 3797.42 (depth 1, 20 lits): UNSAT in 0.02s
    cube 3797.43 (depth 1, 20 lits): UNSAT in 0.03s
    cube 3797.44 (depth 1, 20 lits): UNSAT in 0.03s
    cube 3797.45 (depth 1, 20 lits): UNSAT in 0.14s
    cube 3797.46 (depth 1, 20 lits): UNSAT in 0.01s
    cube 3797.47 (depth 1, 20 lits): UNSAT in 0.02s
    cube 3797.48 (depth 1, 20 lits): UNSAT in 0.02s
    cube 3797.49 (depth 1, 20 lits): UNSAT in 0.02s
    cube 3797.50 (depth 1, 20 lits): UNSAT in 0.01s
    cube 3797.51 (depth 1, 20 lits): UNSAT in 0.01s
    cube 3797.52 (depth 1, 20 lits): UNSAT in 0.04s
    cube 3797.53 (depth 1, 20 lits): UNSAT in 0.05s
    cube 3797.54 (depth 1, 20 lits): UNSAT in 0.03s
    cube 3797.55 (depth 1, 20 lits): UNSAT in 0.10s
    cube 3797.56 (depth 1, 20 lits): UNSAT in 0.05s
    cube 3797.57 (depth 1, 20 lits): UNSAT in 0.34s
    cube 3797.58 (depth 1, 20 lits): UNSAT in 0.03s
    cube 3797.59 (depth 1, 20 lits): UNSAT in 0.15s
    cube 3797.60 (depth 1, 20 lits): UNSAT in 0.11s
    cube 3797.61 (depth 1, 20 lits): UNSAT in 0.66s
    cube 3797.62 (depth 1, 19 lits): UNSAT in 0.02s
    cube 3797.63 (depth 1, 20 lits): UNSAT in 0.02s
    cube 3797.64 (depth 1, 20 lits): UNSAT in 0.02s
    cube 3797.65 (depth 1, 20 lits): UNSAT in 0.01s
    cube 3797.66 (depth 1, 20 lits): UNSAT in 0.02s
    cube 3797.67 (depth 1, 20 lits): UNSAT in 0.03s
    cube 3797.68 (depth 1, 20 lits): UNSAT in 0.04s
    cube 3797.69 (depth 1, 20 lits): UNSAT in 0.02s
    cube 3797.70 (depth 1, 20 lits): UNSAT in 0.02s
    cube 3797.71 (depth 1, 20 lits): UNSAT in 0.02s
    cube 3797.72 (depth 1, 20 lits): UNSAT in 0.04s
    cube 3797.73 (depth 1, 20 lits): UNSAT in 0.03s
    cube 3797.74 (depth 1, 20 lits): UNSAT in 0.05s
    cube 3797.75 (depth 1, 20 lits): UNSAT in 0.02s
    cube 3797.76 (depth 1, 20 lits): UNSAT in 0.10s
    cube 3797.77 (depth 1, 19 lits): UNSAT in 0.02s
    cube 3797.78 (depth 1, 20 lits): UNSAT in 0.03s
    cube 3797.79 (depth 1, 20 lits): UNSAT in 0.04s
    cube 3797.80 (depth 1, 20 lits): UNSAT in 0.05s
    cube 3797.81 (depth 1, 20 lits): UNSAT in 0.06s
    cube 3797.82 (depth 1, 20 lits): UNSAT in 0.07s
    cube 3797.83 (depth 1, 20 lits): UNSAT in 0.08s
    cube 3797.84 (depth 1, 20 lits): UNSAT in 0.02s
    cube 3797.85 (depth 1, 20 lits): UNSAT in 0.02s
    cube 3797.86 (depth 1, 20 lits): UNSAT in 0.03s
    cube 3797.87 (depth 1, 20 lits): UNSAT in 0.05s
    cube 3797.88 (depth 1, 20 lits): UNSAT in 0.02s
    cube 3797.89 (depth 1, 20 lits): UNSAT in 0.07s
    cube 3797.90 (depth 1, 20 lits): UNSAT in 0.28s
    cube 3797.91 (depth 1, 20 lits): UNSAT in 0.63s
    cube 3797.92 (depth 1, 20 lits): UNSAT in 0.01s
    cube 3797.93 (depth 1, 20 lits): UNSAT in 0.03s
    cube 3797.94 (depth 1, 20 lits): UNSAT in 0.03s
    cube 3797.95 (depth 1, 20 lits): UNSAT in 0.06s
    cube 3797.96 (depth 1, 20 lits): UNSAT in 0.06s
    cube 3797.97 (depth 1, 20 lits): UNSAT in 0.08s
    cube 3797.98 (depth 1, 20 lits): UNSAT in 0.15s
    cube 3797.99 (depth 1, 20 lits): UNSAT in 0.36s
    cube 3797.100 (depth 1, 20 lits): UNSAT in 0.02s
    cube 3797.101 (depth 1, 20 lits): UNSAT in 0.02s
    cube 3797.102 (depth 1, 20 lits): UNSAT in 0.07s
    cube 3797.103 (depth 1, 20 lits): UNSAT in 0.05s
    cube 3797.104 (depth 1, 20 lits): UNSAT in 0.10s
    cube 3797.105 (depth 1, 20 lits): UNSAT in 0.12s
    cube 3797.106 (depth 1, 20 lits): UNSAT in 0.28s
    cube 3797.107 (depth 1, 20 lits): UNSAT in 0.58s
    cube 3797.108 (depth 1, 20 lits): UNSAT in 0.02s
    cube 3797.109 (depth 1, 20 lits): UNSAT in 0.02s
    cube 3797.110 (depth 1, 20 lits): UNSAT in 0.02s
    cube 3797.111 (depth 1, 20 lits): UNSAT in 0.03s
    cube 3797.112 (depth 1, 20 lits): UNSAT in 0.08s
    cube 3797.113 (depth 1, 20 lits): UNSAT in 0.18s
    cube 3797.114 (depth 1, 20 lits): UNSAT in 0.05s
    cube 3797.115 (depth 1, 20 lits): UNSAT in 0.14s
    cube 3797.116 (depth 1, 20 lits): UNSAT in 0.24s
    cube 3797.117 (depth 1, 20 lits): UNSAT in 0.29s
    cube 3797.118 (depth 1, 20 lits): UNSAT in 0.28s
    cube 3797.119 (depth 1, 20 lits): UNSAT in 1.68s
    cube 3797.120 (depth 1, 20 lits): UNSAT in 1.15s
    cube 3797.121 (depth 1, 20 lits): UNSAT in 1.12s
    cube 3797.122 (depth 1, 20 lits): UNSAT in 2.21s
    cube 3797.123 (depth 1, 20 lits): UNSAT in 1.39s
    cube 3797.124 (depth 1, 19 lits): UNSAT in 0.01s
    cube 3797.125 (depth 1, 19 lits): UNSAT in 0.01s
    cube 3797.126 (depth 1, 20 lits): UNSAT in 0.02s
    cube 3797.127 (depth 1, 20 lits): UNSAT in 0.02s
    cube 3797.128 (depth 1, 20 lits): UNSAT in 0.02s
    cube 3797.129 (depth 1, 20 lits): UNSAT in 0.02s
    cube 3797.130 (depth 1, 19 lits): UNSAT in 0.01s
    cube 3797.131 (depth 1, 20 lits): UNSAT in 0.01s
    cube 3797.132 (depth 1, 20 lits): UNSAT in 0.02s
    cube 3797.133 (depth 1, 20 lits): UNSAT in 0.02s
    cube 3797.134 (depth 1, 20 lits): UNSAT in 0.02s
    cube 3797.135 (depth 1, 20 lits): UNSAT in 0.03s
    cube 3797.136 (depth 1, 20 lits): UNSAT in 0.03s
    cube 3797.137 (depth 1, 20 lits): UNSAT in 0.03s
    cube 3797.138 (depth 1, 20 lits): UNSAT in 0.04s
    cube 3797.139 (depth 1, 20 lits): UNSAT in 0.07s
    cube 3797.140 (depth 1, 20 lits): UNSAT in 0.25s
    cube 3797.141 (depth 1, 20 lits): UNSAT in 0.02s
    cube 3797.142 (depth 1, 20 lits): UNSAT in 0.13s
    cube 3797.143 (depth 1, 20 lits): UNSAT in 0.05s
    cube 3797.144 (depth 1, 20 lits): UNSAT in 0.41s
    cube 3797.145 (depth 1, 20 lits): UNSAT in 0.05s
    cube 3797.146 (depth 1, 20 lits): UNSAT in 0.06s
    cube 3797.147 (depth 1, 20 lits): UNSAT in 0.03s
    cube 3797.148 (depth 1, 20 lits): UNSAT in 0.18s
    cube 3797.149 (depth 1, 20 lits): UNSAT in 0.13s
    cube 3797.150 (depth 1, 20 lits): UNSAT in 0.17s
    cube 3797.151 (depth 1, 20 lits): UNSAT in 0.07s
    cube 3797.152 (depth 1, 20 lits): UNSAT in 1.39s
    cube 3797.153 (depth 1, 20 lits): UNSAT in 0.01s
    cube 3797.154 (depth 1, 20 lits): UNSAT in 0.03s
    cube 3797.155 (depth 1, 20 lits): UNSAT in 0.02s
    cube 3797.156 (depth 1, 20 lits): UNSAT in 0.02s
    cube 3797.157 (depth 1, 20 lits): UNSAT in 0.03s
    cube 3797.158 (depth 1, 20 lits): UNSAT in 0.03s
    cube 3797.159 (depth 1, 20 lits): UNSAT in 0.08s
    cube 3797.160 (depth 1, 20 lits): UNSAT in 0.16s
    cube 3797.161 (depth 1, 20 lits): UNSAT in 0.02s
    cube 3797.162 (depth 1, 20 lits): UNSAT in 0.03s
    cube 3797.163 (depth 1, 20 lits): UNSAT in 0.02s
    cube 3797.164 (depth 1, 20 lits): UNSAT in 0.02s
    cube 3797.165 (depth 1, 20 lits): UNSAT in 0.02s
    cube 3797.166 (depth 1, 20 lits): UNSAT in 0.04s
    cube 3797.167 (depth 1, 20 lits): UNSAT in 0.02s
    cube 3797.168 (depth 1, 20 lits): UNSAT in 0.34s
    cube 3797.169 (depth 1, 20 lits): UNSAT in 0.02s
    cube 3797.170 (depth 1, 20 lits): UNSAT in 0.03s
    cube 3797.171 (depth 1, 20 lits): UNSAT in 0.03s
    cube 3797.172 (depth 1, 20 lits): UNSAT in 0.15s
    cube 3797.173 (depth 1, 20 lits): UNSAT in 0.01s
    cube 3797.174 (depth 1, 20 lits): UNSAT in 0.03s
    cube 3797.175 (depth 1, 20 lits): UNSAT in 0.01s
    cube 3797.176 (depth 1, 20 lits): UNSAT in 0.10s
    cube 3797.177 (depth 1, 20 lits): UNSAT in 0.17s
    cube 3797.178 (depth 1, 20 lits): UNSAT in 0.05s
    cube 3797.179 (depth 1, 20 lits): UNSAT in 0.11s
    cube 3797.180 (depth 1, 20 lits): UNSAT in 0.77s
    cube 3797.181 (depth 1, 20 lits): UNSAT in 0.05s
    cube 3797.182 (depth 1, 20 lits): UNSAT in 0.40s
    cube 3797.183 (depth 1, 20 lits): UNSAT in 0.13s
    cube 3797.184 (depth 1, 20 lits): UNSAT in 1.52s
    cube 3797.185 (depth 1, 19 lits): UNSAT in 0.01s
    cube 3797.186 (depth 1, 20 lits): UNSAT in 0.03s
    cube 3797.187 (depth 1, 20 lits): UNSAT in 0.03s
    cube 3797.188 (depth 1, 20 lits): UNSAT in 0.02s
    cube 3797.189 (depth 1, 20 lits): UNSAT in 0.01s
    cube 3797.190 (depth 1, 20 lits): UNSAT in 0.05s
    cube 3797.191 (depth 1, 20 lits): UNSAT in 0.12s
    cube 3797.192 (depth 1, 20 lits): UNSAT in 0.05s
    cube 3797.193 (depth 1, 20 lits): UNSAT in 0.04s
    cube 3797.194 (depth 1, 20 lits): UNSAT in 0.05s
    cube 3797.195 (depth 1, 20 lits): UNSAT in 0.12s
    cube 3797.196 (depth 1, 20 lits): UNSAT in 0.11s
    cube 3797.197 (depth 1, 20 lits): UNSAT in 0.06s
    cube 3797.198 (depth 1, 20 lits): UNSAT in 0.02s
    cube 3797.199 (depth 1, 20 lits): UNSAT in 0.10s
    cube 3797.200 (depth 1, 20 lits): UNSAT in 0.07s
    cube 3797.201 (depth 1, 20 lits): UNSAT in 0.16s
    cube 3797.202 (depth 1, 20 lits): UNSAT in 0.12s
    cube 3797.203 (depth 1, 20 lits): UNSAT in 0.30s
    cube 3797.204 (depth 1, 20 lits): UNSAT in 0.19s
    cube 3797.205 (depth 1, 20 lits): UNSAT in 0.38s
    cube 3797.206 (depth 1, 20 lits): UNSAT in 0.19s
    cube 3797.207 (depth 1, 20 lits): UNSAT in 1.69s
    cube 3797.208 (depth 1, 20 lits): UNSAT in 0.05s
    cube 3797.209 (depth 1, 20 lits): UNSAT in 0.48s
    cube 3797.210 (depth 1, 20 lits): UNSAT in 0.19s
    cube 3797.211 (depth 1, 20 lits): UNSAT in 0.78s
    cube 3797.212 (depth 1, 20 lits): UNSAT in 0.10s
    cube 3797.213 (depth 1, 20 lits): UNSAT in 0.24s
    cube 3797.214 (depth 1, 20 lits): UNSAT in 1.40s
    cube 3797.215 (depth 1, 20 lits): UNSAT in 1.94s
    cube 3797.216 (depth 1, 20 lits): UNSAT in 0.02s
    cube 3797.217 (depth 1, 20 lits): UNSAT in 0.04s
    cube 3797.218 (depth 1, 20 lits): UNSAT in 0.10s
    cube 3797.219 (depth 1, 20 lits): UNSAT in 0.49s
    cube 3797.220 (depth 1, 20 lits): UNSAT in 0.03s
    cube 3797.221 (depth 1, 20 lits): UNSAT in 0.10s
    cube 3797.222 (depth 1, 20 lits): UNSAT in 0.28s
    cube 3797.223 (depth 1, 20 lits): UNSAT in 1.37s
    cube 3797.224 (depth 1, 20 lits): UNSAT in 0.10s
    cube 3797.225 (depth 1, 20 lits): UNSAT in 0.48s
    cube 3797.226 (depth 1, 20 lits): UNSAT in 0.19s
    cube 3797.227 (depth 1, 20 lits): UNSAT in 0.58s
    cube 3797.228 (depth 1, 20 lits): UNSAT in 0.26s
    cube 3797.229 (depth 1, 20 lits): UNSAT in 0.47s
    cube 3797.230 (depth 1, 20 lits): UNSAT in 0.59s
    cube 3797.231 (depth 1, 20 lits): UNSAT in 5.67s
    cube 3797.232 (depth 1, 20 lits): UNSAT in 0.06s
    cube 3797.233 (depth 1, 20 lits): UNSAT in 0.17s
    cube 3797.234 (depth 1, 20 lits): UNSAT in 0.19s
    cube 3797.235 (depth 1, 20 lits): UNSAT in 2.48s
    cube 3797.236 (depth 1, 20 lits): UNSAT in 0.33s
    cube 3797.237 (depth 1, 20 lits): UNSAT in 1.18s
    cube 3797.238 (depth 1, 20 lits): UNSAT in 0.60s
    cube 3797.239 (depth 1, 20 lits): UNSAT in 4.29s
    cube 3797.240 (depth 1, 20 lits): UNSAT in 1.28s
    cube 3797.241 (depth 1, 20 lits): UNSAT in 1.77s
    cube 3797.242 (depth 1, 20 lits): UNSAT in 0.87s
    cube 3797.243 (depth 1, 20 lits): UNSAT in 8.41s
    cube 3797.244 (depth 1, 20 lits): UNSAT in 2.69s
    cube 3797.245 (depth 1, 20 lits): UNSAT in 10.77s
    cube 3797.246 (depth 1, 20 lits): UNSAT in 18.92s
    cube 3797.247 (depth 1, 20 lits): UNSAT in 131.20s

  shard 21 verdict: UNSAT (1 UNSAT, 0 unresolved) in 1433.2s
