  shard 1/24 (explicit): 1 of 4095 cubes, per-cube cap 1200.0s, re-split depth 7
    cube 3892 (depth 0, 12 lits): TIMEOUT in 1200.10s
    cube 3892 TIMEOUT -> re-split into 242 sub-cubes (depth 1)
    cube 3892.0 (depth 1, 18 lits): UNSAT in 0.01s
    cube 3892.1 (depth 1, 18 lits): UNSAT in 0.01s
    cube 3892.2 (depth 1, 20 lits): UNSAT in 0.01s
    cube 3892.3 (depth 1, 20 lits): UNSAT in 0.01s
    cube 3892.4 (depth 1, 19 lits): UNSAT in 0.01s
    cube 3892.5 (depth 1, 19 lits): UNSAT in 0.01s
    cube 3892.6 (depth 1, 20 lits): UNSAT in 0.01s
    cube 3892.7 (depth 1, 20 lits): UNSAT in 0.02s
    cube 3892.8 (depth 1, 20 lits): UNSAT in 0.01s
    cube 3892.9 (depth 1, 20 lits): UNSAT in 0.01s
    cube 3892.10 (depth 1, 20 lits): UNSAT in 0.01s
    cube 3892.11 (depth 1, 20 lits): UNSAT in 0.02s
    cube 3892.12 (depth 1, 20 lits): UNSAT in 0.01s
    cube 3892.13 (depth 1, 20 lits): UNSAT in 0.01s
    cube 3892.14 (depth 1, 20 lits): UNSAT in 0.01s
    cube 3892.15 (depth 1, 20 lits): UNSAT in 0.01s
    cube 3892.16 (depth 1, 20 lits): UNSAT in 0.02s
    cube 3892.17 (depth 1, 20 lits): UNSAT in 0.03s
    cube 3892.18 (depth 1, 20 lits): UNSAT in 0.02s
    cube 3892.19 (depth 1, 20 lits): UNSAT in 0.03s
    cube 3892.20 (depth 1, 20 lits): UNSAT in 0.05s
    cube 3892.21 (depth 1, 20 lits): UNSAT in 0.10s
    cube 3892.22 (depth 1, 20 lits): UNSAT in 0.07s
    cube 3892.23 (depth 1, 20 lits): UNSAT in 0.08s
    cube 3892.24 (depth 1, 20 lits): UNSAT in 0.01s
    cube 3892.25 (depth 1, 20 lits): UNSAT in 0.01s
    cube 3892.26 (depth 1, 20 lits): UNSAT in 0.02s
    cube 3892.27 (depth 1, 20 lits): UNSAT in 0.01s
    cube 3892.28 (depth 1, 20 lits): UNSAT in 0.02s
    cube 3892.29 (depth 1, 20 lits): UNSAT in 0.02s
    cube 3892.30 (depth 1, 20 lits): UNSAT in 0.01s
    cube 3892.31 (depth 1, 20 lits): UNSAT in 0.07s
    cube 3892.32 (depth 1, 20 lits): UNSAT in 0.03s
    cube 3892.33 (depth 1, 20 lits): UNSAT in 0.02s
    cube 3892.34 (depth 1, 20 lits): UNSAT in 0.02s
    cube 3892.35 (depth 1, 20 lits): UNSAT in 0.02s
    cube 3892.36 (depth 1, 20 lits): UNSAT in 0.02s
    cube 3892.37 (depth 1, 20 lits): UNSAT in 0.05s
    cube 3892.38 (depth 1, 20 lits): UNSAT in 0.04s
    cube 3892.39 (depth 1, 20 lits): UNSAT in 0.09s
    cube 3892.40 (depth 1, 20 lits): UNSAT in 0.02s
    cube 3892.41 (depth 1, 20 lits): UNSAT in 0.02s
    cube 3892.42 (depth 1, 20 lits): UNSAT in 0.01s
    cube 3892.43 (depth 1, 20 lits): UNSAT in 0.02s
    cube 3892.44 (depth 1, 19 lits): UNSAT in 0.01s
    cube 3892.45 (depth 1, 20 lits): UNSAT in 0.04s
    cube 3892.46 (depth 1, 20 lits): UNSAT in 0.02s
    cube 3892.47 (depth 1, 20 lits): UNSAT in 0.02s
    cube 3892.48 (depth 1, 20 lits): UNSAT in 0.04s
    cube 3892.49 (depth 1, 20 lits): UNSAT in 0.02s
    cube 3892.50 (depth 1, 20 lits): UNSAT in 0.03s
    cube 3892.51 (depth 1, 20 lits): UNSAT in 0.06s
    cube 3892.52 (depth 1, 20 lits): UNSAT in 0.14s
    cube 3892.53 (depth 1, 20 lits): UNSAT in 0.27s
    cube 3892.54 (depth 1, 20 lits): UNSAT in 0.84s
    cube 3892.55 (depth 1, 19 lits): UNSAT in 0.02s
    cube 3892.56 (depth 1, 20 lits): UNSAT in 0.02s
    cube 3892.57 (depth 1, 20 lits): UNSAT in 0.01s
    cube 3892.58 (depth 1, 20 lits): UNSAT in 0.02s
    cube 3892.59 (depth 1, 20 lits): UNSAT in 0.01s
    cube 3892.60 (depth 1, 20 lits): UNSAT in 0.03s
    cube 3892.61 (depth 1, 20 lits): UNSAT in 0.11s
    cube 3892.62 (depth 1, 20 lits): UNSAT in 0.01s
    cube 3892.63 (depth 1, 20 lits): UNSAT in 0.01s
    cube 3892.64 (depth 1, 20 lits): UNSAT in 0.01s
    cube 3892.65 (depth 1, 20 lits): UNSAT in 0.02s
    cube 3892.66 (depth 1, 20 lits): UNSAT in 0.02s
    cube 3892.67 (depth 1, 20 lits): UNSAT in 0.03s
    cube 3892.68 (depth 1, 20 lits): UNSAT in 0.04s
    cube 3892.69 (depth 1, 20 lits): UNSAT in 0.04s
    cube 3892.70 (depth 1, 20 lits): UNSAT in 0.01s
    cube 3892.71 (depth 1, 20 lits): UNSAT in 0.02s
    cube 3892.72 (depth 1, 20 lits): UNSAT in 0.02s
    cube 3892.73 (depth 1, 20 lits): UNSAT in 0.01s
    cube 3892.74 (depth 1, 20 lits): UNSAT in 0.01s
    cube 3892.75 (depth 1, 20 lits): UNSAT in 0.02s
    cube 3892.76 (depth 1, 20 lits): UNSAT in 0.02s
    cube 3892.77 (depth 1, 20 lits): UNSAT in 0.02s
    cube 3892.78 (depth 1, 20 lits): UNSAT in 0.03s
    cube 3892.79 (depth 1, 20 lits): UNSAT in 0.02s
    cube 3892.80 (depth 1, 20 lits): UNSAT in 0.05s
    cube 3892.81 (depth 1, 20 lits): UNSAT in 0.06s
    cube 3892.82 (depth 1, 20 lits): UNSAT in 0.06s
    cube 3892.83 (depth 1, 20 lits): UNSAT in 0.10s
    cube 3892.84 (depth 1, 20 lits): UNSAT in 0.25s
    cube 3892.85 (depth 1, 20 lits): UNSAT in 0.09s
    cube 3892.86 (depth 1, 20 lits): UNSAT in 0.02s
    cube 3892.87 (depth 1, 20 lits): UNSAT in 0.02s
    cube 3892.88 (depth 1, 20 lits): UNSAT in 0.01s
    cube 3892.89 (depth 1, 20 lits): UNSAT in 0.03s
    cube 3892.90 (depth 1, 20 lits): UNSAT in 0.01s
    cube 3892.91 (depth 1, 20 lits): UNSAT in 0.02s
    cube 3892.92 (depth 1, 20 lits): UNSAT in 0.02s
    cube 3892.93 (depth 1, 20 lits): UNSAT in 0.03s
    cube 3892.94 (depth 1, 20 lits): UNSAT in 0.02s
    cube 3892.95 (depth 1, 20 lits): UNSAT in 0.02s
    cube 3892.96 (depth 1, 19 lits): UNSAT in 0.01s
    cube 3892.97 (depth 1, 20 lits): UNSAT in 0.08s
    cube 3892.98 (depth 1, 20 lits): UNSAT in 0.04s
    cube 3892.99 (depth 1, 20 lits): UNSAT in 0.04s
    cube 3892.100 (depth 1, 20 lits): UNSAT in 0.16s
    cube 3892.101 (depth 1, 20 lits): UNSAT in 0.02s
    cube 3892.102 (depth 1, 20 lits): UNSAT in 0.02s
    cube 3892.103 (depth 1, 20 lits): UNSAT in 0.05s
    cube 3892.104 (depth 1, 20 lits): UNSAT in 0.11s
    cube 3892.105 (depth 1, 20 lits): UNSAT in 0.03s
    cube 3892.106 (depth 1, 20 lits): UNSAT in 0.15s
    cube 3892.107 (depth 1, 20 lits): UNSAT in 0.07s
    cube 3892.108 (depth 1, 20 lits): UNSAT in 0.09s
    cube 3892.109 (depth 1, 20 lits): UNSAT in 0.02s
    cube 3892.110 (depth 1, 20 lits): UNSAT in 0.02s
    cube 3892.111 (depth 1, 20 lits): UNSAT in 0.12s
    cube 3892.112 (depth 1, 20 lits): UNSAT in 0.17s
    cube 3892.113 (depth 1, 20 lits): UNSAT in 0.16s
    cube 3892.114 (depth 1, 20 lits): UNSAT in 0.16s
    cube 3892.115 (depth 1, 20 lits): UNSAT in 0.28s
    cube 3892.116 (depth 1, 20 lits): UNSAT in 0.58s
    cube 3892.117 (depth 1, 19 lits): UNSAT in 0.01s
    cube 3892.118 (depth 1, 20 lits): UNSAT in 0.02s
    cube 3892.119 (depth 1, 20 lits): UNSAT in 0.03s
    cube 3892.120 (depth 1, 20 lits): UNSAT in 0.02s
    cube 3892.121 (depth 1, 20 lits): UNSAT in 0.01s
    cube 3892.122 (depth 1, 20 lits): UNSAT in 0.01s
    cube 3892.123 (depth 1, 20 lits): UNSAT in 0.04s
    cube 3892.124 (depth 1, 20 lits): UNSAT in 0.03s
    cube 3892.125 (depth 1, 20 lits): UNSAT in 0.02s
    cube 3892.126 (depth 1, 20 lits): UNSAT in 0.02s
    cube 3892.127 (depth 1, 20 lits): UNSAT in 0.02s
    cube 3892.128 (depth 1, 20 lits): UNSAT in 0.02s
    cube 3892.129 (depth 1, 20 lits): UNSAT in 0.04s
    cube 3892.130 (depth 1, 20 lits): UNSAT in 0.05s
    cube 3892.131 (depth 1, 20 lits): UNSAT in 0.12s
    cube 3892.132 (depth 1, 19 lits): UNSAT in 0.02s
    cube 3892.133 (depth 1, 19 lits): UNSAT in 0.02s
    cube 3892.134 (depth 1, 20 lits): UNSAT in 0.02s
    cube 3892.135 (depth 1, 20 lits): UNSAT in 0.01s
    cube 3892.136 (depth 1, 20 lits): UNSAT in 0.04s
    cube 3892.137 (depth 1, 20 lits): UNSAT in 0.04s
    cube 3892.138 (depth 1, 20 lits): UNSAT in 0.01s
    cube 3892.139 (depth 1, 20 lits): UNSAT in 0.02s
    cube 3892.140 (depth 1, 20 lits): UNSAT in 0.05s
    cube 3892.141 (depth 1, 20 lits): UNSAT in 0.06s
    cube 3892.142 (depth 1, 20 lits): UNSAT in 0.06s
    cube 3892.143 (depth 1, 20 lits): UNSAT in 0.07s
    cube 3892.144 (depth 1, 20 lits): UNSAT in 0.08s
    cube 3892.145 (depth 1, 20 lits): UNSAT in 0.04s
    cube 3892.146 (depth 1, 20 lits): UNSAT in 0.01s
    cube 3892.147 (depth 1, 20 lits): UNSAT in 0.03s
    cube 3892.148 (depth 1, 20 lits): UNSAT in 0.02s
    cube 3892.149 (depth 1, 20 lits): UNSAT in 0.04s
    cube 3892.150 (depth 1, 20 lits): UNSAT in 0.03s
    cube 3892.151 (depth 1, 20 lits): UNSAT in 0.11s
    cube 3892.152 (depth 1, 20 lits): UNSAT in 0.06s
    cube 3892.153 (depth 1, 20 lits): UNSAT in 0.22s
    cube 3892.154 (depth 1, 20 lits): UNSAT in 0.02s
    cube 3892.155 (depth 1, 20 lits): UNSAT in 0.05s
    cube 3892.156 (depth 1, 20 lits): UNSAT in 0.13s
    cube 3892.157 (depth 1, 20 lits): UNSAT in 0.30s
    cube 3892.158 (depth 1, 20 lits): UNSAT in 0.15s
    cube 3892.159 (depth 1, 20 lits): UNSAT in 0.39s
    cube 3892.160 (depth 1, 20 lits): UNSAT in 0.47s
    cube 3892.161 (depth 1, 20 lits): UNSAT in 1.14s
    cube 3892.162 (depth 1, 20 lits): UNSAT in 0.03s
    cube 3892.163 (depth 1, 20 lits): UNSAT in 0.07s
    cube 3892.164 (depth 1, 20 lits): UNSAT in 0.03s
    cube 3892.165 (depth 1, 20 lits): UNSAT in 0.11s
    cube 3892.166 (depth 1, 20 lits): UNSAT in 0.05s
    cube 3892.167 (depth 1, 20 lits): UNSAT in 0.19s
    cube 3892.168 (depth 1, 20 lits): UNSAT in 0.38s
    cube 3892.169 (depth 1, 20 lits): UNSAT in 0.64s
    cube 3892.170 (depth 1, 20 lits): UNSAT in 0.14s
    cube 3892.171 (depth 1, 20 lits): UNSAT in 0.48s
    cube 3892.172 (depth 1, 20 lits): UNSAT in 0.33s
    cube 3892.173 (depth 1, 20 lits): UNSAT in 0.83s
    cube 3892.174 (depth 1, 20 lits): UNSAT in 0.23s
    cube 3892.175 (depth 1, 20 lits): UNSAT in 0.43s
    cube 3892.176 (depth 1, 20 lits): UNSAT in 3.24s
    cube 3892.177 (depth 1, 20 lits): UNSAT in 6.54s
    cube 3892.178 (depth 1, 20 lits): UNSAT in 0.02s
    cube 3892.179 (depth 1, 20 lits): UNSAT in 0.03s
    cube 3892.180 (depth 1, 20 lits): UNSAT in 0.03s
    cube 3892.181 (depth 1, 20 lits): UNSAT in 0.07s
    cube 3892.182 (depth 1, 20 lits): UNSAT in 0.02s
    cube 3892.183 (depth 1, 20 lits): UNSAT in 0.02s
    cube 3892.184 (depth 1, 20 lits): UNSAT in 0.04s
    cube 3892.185 (depth 1, 20 lits): UNSAT in 0.08s
    cube 3892.186 (depth 1, 20 lits): UNSAT in 0.08s
    cube 3892.187 (depth 1, 20 lits): UNSAT in 0.10s
    cube 3892.188 (depth 1, 20 lits): UNSAT in 0.06s
    cube 3892.189 (depth 1, 20 lits): UNSAT in 0.10s
    cube 3892.190 (depth 1, 20 lits): UNSAT in 0.10s
    cube 3892.191 (depth 1, 20 lits): UNSAT in 0.23s
    cube 3892.192 (depth 1, 20 lits): UNSAT in 0.18s
    cube 3892.193 (depth 1, 20 lits): UNSAT in 1.93s
    cube 3892.194 (depth 1, 20 lits): UNSAT in 0.07s
    cube 3892.195 (depth 1, 20 lits): UNSAT in 0.13s
    cube 3892.196 (depth 1, 20 lits): UNSAT in 0.10s
    cube 3892.197 (depth 1, 20 lits): UNSAT in 0.93s
    cube 3892.198 (depth 1, 20 lits): UNSAT in 0.11s
    cube 3892.199 (depth 1, 20 lits): UNSAT in 0.36s
    cube 3892.200 (depth 1, 20 lits): UNSAT in 0.34s
    cube 3892.201 (depth 1, 20 lits): UNSAT in 2.89s
    cube 3892.202 (depth 1, 20 lits): UNSAT in 0.20s
    cube 3892.203 (depth 1, 20 lits): UNSAT in 0.46s
    cube 3892.204 (depth 1, 20 lits): UNSAT in 0.36s
    cube 3892.205 (depth 1, 20 lits): UNSAT in 0.51s
    cube 3892.206 (depth 1, 20 lits): UNSAT in 0.12s
    cube 3892.207 (depth 1, 20 lits): UNSAT in 0.18s
    cube 3892.208 (depth 1, 20 lits): UNSAT in 2.28s
    cube 3892.209 (depth 1, 20 lits): UNSAT in 2.00s
    cube 3892.210 (depth 1, 20 lits): UNSAT in 0.03s
    cube 3892.211 (depth 1, 20 lits): UNSAT in 0.08s
    cube 3892.212 (depth 1, 20 lits): UNSAT in 0.06s
    cube 3892.213 (depth 1, 20 lits): UNSAT in 0.13s
    cube 3892.214 (depth 1, 20 lits): UNSAT in 0.45s
    cube 3892.215 (depth 1, 20 lits): UNSAT in 1.17s
    cube 3892.216 (depth 1, 20 lits): UNSAT in 0.24s
    cube 3892.217 (depth 1, 20 lits): UNSAT in 2.04s
    cube 3892.218 (depth 1, 20 lits): UNSAT in 0.09s
    cube 3892.219 (depth 1, 20 lits): UNSAT in 0.75s
    cube 3892.220 (depth 1, 20 lits): UNSAT in 1.09s
    cube 3892.221 (depth 1, 20 lits): UNSAT in 1.15s
    cube 3892.222 (depth 1, 20 lits): UNSAT in 0.19s
    cube 3892.223 (depth 1, 20 lits): UNSAT in 0.46s
    cube 3892.224 (depth 1, 20 lits): UNSAT in 1.48s
    cube 3892.225 (depth 1, 20 lits): UNSAT in 5.59s
    cube 3892.226 (depth 1, 20 lits): UNSAT in 0.11s
    cube 3892.227 (depth 1, 20 lits): UNSAT in 0.16s
    cube 3892.228 (depth 1, 20 lits): UNSAT in 0.07s
    cube 3892.229 (depth 1, 20 lits): UNSAT in 0.42s
    cube 3892.230 (depth 1, 20 lits): UNSAT in 0.10s
    cube 3892.231 (depth 1, 20 lits): UNSAT in 0.68s
    cube 3892.232 (depth 1, 20 lits): UNSAT in 2.31s
    cube 3892.233 (depth 1, 20 lits): UNSAT in 13.12s
    cube 3892.234 (depth 1, 20 lits): UNSAT in 0.41s
    cube 3892.235 (depth 1, 20 lits): UNSAT in 5.68s
    cube 3892.236 (depth 1, 20 lits): UNSAT in 4.61s
    cube 3892.237 (depth 1, 20 lits): UNSAT in 39.79s
    cube 3892.238 (depth 1, 20 lits): UNSAT in 1.82s
    cube 3892.239 (depth 1, 20 lits): UNSAT in 20.53s
    cube 3892.240 (depth 1, 20 lits): UNSAT in 89.58s
    cube 3892.241 (depth 1, 20 lits): UNSAT in 160.57s

  shard 1 verdict: UNSAT (1 UNSAT, 0 unresolved) in 1598.2s
