  shard 2/24 (explicit): 1 of 4095 cubes, per-cube cap 1200.0s, re-split depth 7
    cube 3893 (depth 0, 12 lits): TIMEOUT in 1200.07s
    cube 3893 TIMEOUT -> re-split into 247 sub-cubes (depth 1)
    cube 3893.0 (depth 1, 18 lits): UNSAT in 0.01s
    cube 3893.1 (depth 1, 19 lits): UNSAT in 0.01s
    cube 3893.2 (depth 1, 20 lits): UNSAT in 0.02s
    cube 3893.3 (depth 1, 20 lits): UNSAT in 0.02s
    cube 3893.4 (depth 1, 20 lits): UNSAT in 0.01s
    cube 3893.5 (depth 1, 20 lits): UNSAT in 0.02s
    cube 3893.6 (depth 1, 19 lits): UNSAT in 0.02s
    cube 3893.7 (depth 1, 20 lits): UNSAT in 0.02s
    cube 3893.8 (depth 1, 20 lits): UNSAT in 0.02s
    cube 3893.9 (depth 1, 20 lits): UNSAT in 0.02s
    cube 3893.10 (depth 1, 20 lits): UNSAT in 0.05s
    cube 3893.11 (depth 1, 19 lits): UNSAT in 0.01s
    cube 3893.12 (depth 1, 20 lits): UNSAT in 0.02s
    cube 3893.13 (depth 1, 20 lits): UNSAT in 0.02s
    cube 3893.14 (depth 1, 20 lits): UNSAT in 0.03s
    cube 3893.15 (depth 1, 20 lits): UNSAT in 0.03s
    cube 3893.16 (depth 1, 20 lits): UNSAT in 0.02s
    cube 3893.17 (depth 1, 20 lits): UNSAT in 0.06s
    cube 3893.18 (depth 1, 20 lits): UNSAT in 0.02s
    cube 3893.19 (depth 1, 20 lits): UNSAT in 0.02s
    cube 3893.20 (depth 1, 20 lits): UNSAT in 0.02s
    cube 3893.21 (depth 1, 20 lits): UNSAT in 0.03s
    cube 3893.22 (depth 1, 20 lits): UNSAT in 0.02s
    cube 3893.23 (depth 1, 20 lits): UNSAT in 0.02s
    cube 3893.24 (depth 1, 20 lits): UNSAT in 0.11s
    cube 3893.25 (depth 1, 20 lits): UNSAT in 0.08s
    cube 3893.26 (depth 1, 19 lits): UNSAT in 0.02s
    cube 3893.27 (depth 1, 20 lits): UNSAT in 0.01s
    cube 3893.28 (depth 1, 20 lits): UNSAT in 0.02s
    cube 3893.29 (depth 1, 20 lits): UNSAT in 0.02s
    cube 3893.30 (depth 1, 20 lits): UNSAT in 0.04s
    cube 3893.31 (depth 1, 20 lits): UNSAT in 0.03s
    cube 3893.32 (depth 1, 20 lits): UNSAT in 0.10s
    cube 3893.33 (depth 1, 20 lits): UNSAT in 0.02s
    cube 3893.34 (depth 1, 20 lits): UNSAT in 0.02s
    cube 3893.35 (depth 1, 20 lits): UNSAT in 0.02s
    cube 3893.36 (depth 1, 20 lits): UNSAT in 0.03s
    cube 3893.37 (depth 1, 20 lits): UNSAT in 0.03s
    cube 3893.38 (depth 1, 20 lits): UNSAT in 0.08s
    cube 3893.39 (depth 1, 20 lits): UNSAT in 0.06s
    cube 3893.40 (depth 1, 20 lits): UNSAT in 0.11s
    cube 3893.41 (depth 1, 20 lits): UNSAT in 0.02s
    cube 3893.42 (depth 1, 20 lits): UNSAT in 0.06s
    cube 3893.43 (depth 1, 20 lits): UNSAT in 0.05s
    cube 3893.44 (depth 1, 20 lits): UNSAT in 0.10s
    cube 3893.45 (depth 1, 20 lits): UNSAT in 0.02s
    cube 3893.46 (depth 1, 20 lits): UNSAT in 0.06s
    cube 3893.47 (depth 1, 20 lits): UNSAT in 0.04s
    cube 3893.48 (depth 1, 20 lits): UNSAT in 0.27s
    cube 3893.49 (depth 1, 20 lits): UNSAT in 0.03s
    cube 3893.50 (depth 1, 20 lits): UNSAT in 0.07s
    cube 3893.51 (depth 1, 20 lits): UNSAT in 0.02s
    cube 3893.52 (depth 1, 20 lits): UNSAT in 0.09s
    cube 3893.53 (depth 1, 20 lits): UNSAT in 0.10s
    cube 3893.54 (depth 1, 20 lits): UNSAT in 0.11s
    cube 3893.55 (depth 1, 20 lits): UNSAT in 0.24s
    cube 3893.56 (depth 1, 20 lits): UNSAT in 0.79s
    cube 3893.57 (depth 1, 20 lits): UNSAT in 0.02s
    cube 3893.58 (depth 1, 20 lits): UNSAT in 0.02s
    cube 3893.59 (depth 1, 20 lits): UNSAT in 0.02s
    cube 3893.60 (depth 1, 20 lits): UNSAT in 0.02s
    cube 3893.61 (depth 1, 20 lits): UNSAT in 0.02s
    cube 3893.62 (depth 1, 20 lits): UNSAT in 0.02s
    cube 3893.63 (depth 1, 20 lits): UNSAT in 0.02s
    cube 3893.64 (depth 1, 20 lits): UNSAT in 0.04s
    cube 3893.65 (depth 1, 19 lits): UNSAT in 0.01s
    cube 3893.66 (depth 1, 20 lits): UNSAT in 0.02s
    cube 3893.67 (depth 1, 20 lits): UNSAT in 0.01s
    cube 3893.68 (depth 1, 20 lits): UNSAT in 0.04s
    cube 3893.69 (depth 1, 20 lits): UNSAT in 0.03s
    cube 3893.70 (depth 1, 20 lits): UNSAT in 0.04s
    cube 3893.71 (depth 1, 20 lits): UNSAT in 0.08s
    cube 3893.72 (depth 1, 20 lits): UNSAT in 0.02s
    cube 3893.73 (depth 1, 20 lits): UNSAT in 0.05s
    cube 3893.74 (depth 1, 20 lits): UNSAT in 0.07s
    cube 3893.75 (depth 1, 20 lits): UNSAT in 0.16s
    cube 3893.76 (depth 1, 20 lits): UNSAT in 0.03s
    cube 3893.77 (depth 1, 20 lits): UNSAT in 0.05s
    cube 3893.78 (depth 1, 20 lits): UNSAT in 0.14s
    cube 3893.79 (depth 1, 20 lits): UNSAT in 0.12s
    cube 3893.80 (depth 1, 20 lits): UNSAT in 0.02s
    cube 3893.81 (depth 1, 20 lits): UNSAT in 0.02s
    cube 3893.82 (depth 1, 20 lits): UNSAT in 0.04s
    cube 3893.83 (depth 1, 20 lits): UNSAT in 0.06s
    cube 3893.84 (depth 1, 20 lits): UNSAT in 0.04s
    cube 3893.85 (depth 1, 20 lits): UNSAT in 0.12s
    cube 3893.86 (depth 1, 20 lits): UNSAT in 0.20s
    cube 3893.87 (depth 1, 20 lits): UNSAT in 0.27s
    cube 3893.88 (depth 1, 20 lits): UNSAT in 0.03s
    cube 3893.89 (depth 1, 20 lits): UNSAT in 0.04s
    cube 3893.90 (depth 1, 20 lits): UNSAT in 0.04s
    cube 3893.91 (depth 1, 20 lits): UNSAT in 0.11s
    cube 3893.92 (depth 1, 20 lits): UNSAT in 0.02s
    cube 3893.93 (depth 1, 20 lits): UNSAT in 0.03s
    cube 3893.94 (depth 1, 20 lits): UNSAT in 0.09s
    cube 3893.95 (depth 1, 20 lits): UNSAT in 0.17s
    cube 3893.96 (depth 1, 20 lits): UNSAT in 0.04s
    cube 3893.97 (depth 1, 20 lits): UNSAT in 0.16s
    cube 3893.98 (depth 1, 20 lits): UNSAT in 0.23s
    cube 3893.99 (depth 1, 20 lits): UNSAT in 0.26s
    cube 3893.100 (depth 1, 20 lits): UNSAT in 0.08s
    cube 3893.101 (depth 1, 20 lits): UNSAT in 0.10s
    cube 3893.102 (depth 1, 20 lits): UNSAT in 0.28s
    cube 3893.103 (depth 1, 20 lits): UNSAT in 1.17s
    cube 3893.104 (depth 1, 20 lits): UNSAT in 0.03s
    cube 3893.105 (depth 1, 20 lits): UNSAT in 0.02s
    cube 3893.106 (depth 1, 20 lits): UNSAT in 0.05s
    cube 3893.107 (depth 1, 20 lits): UNSAT in 0.12s
    cube 3893.108 (depth 1, 20 lits): UNSAT in 0.07s
    cube 3893.109 (depth 1, 20 lits): UNSAT in 0.17s
    cube 3893.110 (depth 1, 20 lits): UNSAT in 0.06s
    cube 3893.111 (depth 1, 20 lits): UNSAT in 0.06s
    cube 3893.112 (depth 1, 20 lits): UNSAT in 0.03s
    cube 3893.113 (depth 1, 20 lits): UNSAT in 0.04s
    cube 3893.114 (depth 1, 20 lits): UNSAT in 0.06s
    cube 3893.115 (depth 1, 20 lits): UNSAT in 0.14s
    cube 3893.116 (depth 1, 20 lits): UNSAT in 0.72s
    cube 3893.117 (depth 1, 20 lits): UNSAT in 1.22s
    cube 3893.118 (depth 1, 20 lits): UNSAT in 1.32s
    cube 3893.119 (depth 1, 20 lits): UNSAT in 0.39s
    cube 3893.120 (depth 1, 20 lits): UNSAT in 0.02s
    cube 3893.121 (depth 1, 20 lits): UNSAT in 0.02s
    cube 3893.122 (depth 1, 20 lits): UNSAT in 0.01s
    cube 3893.123 (depth 1, 20 lits): UNSAT in 0.02s
    cube 3893.124 (depth 1, 20 lits): UNSAT in 0.02s
    cube 3893.125 (depth 1, 20 lits): UNSAT in 0.06s
    cube 3893.126 (depth 1, 20 lits): UNSAT in 0.03s
    cube 3893.127 (depth 1, 20 lits): UNSAT in 0.12s
    cube 3893.128 (depth 1, 20 lits): UNSAT in 0.02s
    cube 3893.129 (depth 1, 20 lits): UNSAT in 0.02s
    cube 3893.130 (depth 1, 20 lits): UNSAT in 0.01s
    cube 3893.131 (depth 1, 20 lits): UNSAT in 0.02s
    cube 3893.132 (depth 1, 20 lits): UNSAT in 0.04s
    cube 3893.133 (depth 1, 20 lits): UNSAT in 0.05s
    cube 3893.134 (depth 1, 20 lits): UNSAT in 0.10s
    cube 3893.135 (depth 1, 20 lits): UNSAT in 0.07s
    cube 3893.136 (depth 1, 20 lits): UNSAT in 0.02s
    cube 3893.137 (depth 1, 20 lits): UNSAT in 0.02s
    cube 3893.138 (depth 1, 20 lits): UNSAT in 0.02s
    cube 3893.139 (depth 1, 20 lits): UNSAT in 0.03s
    cube 3893.140 (depth 1, 19 lits): UNSAT in 0.01s
    cube 3893.141 (depth 1, 20 lits): UNSAT in 0.06s
    cube 3893.142 (depth 1, 20 lits): UNSAT in 0.09s
    cube 3893.143 (depth 1, 20 lits): UNSAT in 0.03s
    cube 3893.144 (depth 1, 20 lits): UNSAT in 0.04s
    cube 3893.145 (depth 1, 20 lits): UNSAT in 0.04s
    cube 3893.146 (depth 1, 20 lits): UNSAT in 0.03s
    cube 3893.147 (depth 1, 20 lits): UNSAT in 0.03s
    cube 3893.148 (depth 1, 20 lits): UNSAT in 0.06s
    cube 3893.149 (depth 1, 20 lits): UNSAT in 0.09s
    cube 3893.150 (depth 1, 20 lits): UNSAT in 0.21s
    cube 3893.151 (depth 1, 20 lits): UNSAT in 0.01s
    cube 3893.152 (depth 1, 20 lits): UNSAT in 0.02s
    cube 3893.153 (depth 1, 20 lits): UNSAT in 0.02s
    cube 3893.154 (depth 1, 20 lits): UNSAT in 0.06s
    cube 3893.155 (depth 1, 20 lits): UNSAT in 0.03s
    cube 3893.156 (depth 1, 20 lits): UNSAT in 0.06s
    cube 3893.157 (depth 1, 20 lits): UNSAT in 0.06s
    cube 3893.158 (depth 1, 20 lits): UNSAT in 0.18s
    cube 3893.159 (depth 1, 20 lits): UNSAT in 0.02s
    cube 3893.160 (depth 1, 20 lits): UNSAT in 0.04s
    cube 3893.161 (depth 1, 20 lits): UNSAT in 0.04s
    cube 3893.162 (depth 1, 20 lits): UNSAT in 0.11s
    cube 3893.163 (depth 1, 20 lits): UNSAT in 0.03s
    cube 3893.164 (depth 1, 20 lits): UNSAT in 0.07s
    cube 3893.165 (depth 1, 20 lits): UNSAT in 0.20s
    cube 3893.166 (depth 1, 20 lits): UNSAT in 0.55s
    cube 3893.167 (depth 1, 20 lits): UNSAT in 0.02s
    cube 3893.168 (depth 1, 20 lits): UNSAT in 0.04s
    cube 3893.169 (depth 1, 20 lits): UNSAT in 0.05s
    cube 3893.170 (depth 1, 20 lits): UNSAT in 0.39s
    cube 3893.171 (depth 1, 20 lits): UNSAT in 0.03s
    cube 3893.172 (depth 1, 20 lits): UNSAT in 0.19s
    cube 3893.173 (depth 1, 20 lits): UNSAT in 0.18s
    cube 3893.174 (depth 1, 20 lits): UNSAT in 0.46s
    cube 3893.175 (depth 1, 20 lits): UNSAT in 0.04s
    cube 3893.176 (depth 1, 20 lits): UNSAT in 0.10s
    cube 3893.177 (depth 1, 20 lits): UNSAT in 0.11s
    cube 3893.178 (depth 1, 20 lits): UNSAT in 0.24s
    cube 3893.179 (depth 1, 20 lits): UNSAT in 0.31s
    cube 3893.180 (depth 1, 20 lits): UNSAT in 0.33s
    cube 3893.181 (depth 1, 20 lits): UNSAT in 1.08s
    cube 3893.182 (depth 1, 20 lits): UNSAT in 2.63s
    cube 3893.183 (depth 1, 20 lits): UNSAT in 0.02s
    cube 3893.184 (depth 1, 20 lits): UNSAT in 0.05s
    cube 3893.185 (depth 1, 20 lits): UNSAT in 0.04s
    cube 3893.186 (depth 1, 20 lits): UNSAT in 0.09s
    cube 3893.187 (depth 1, 20 lits): UNSAT in 0.09s
    cube 3893.188 (depth 1, 20 lits): UNSAT in 0.25s
    cube 3893.189 (depth 1, 20 lits): UNSAT in 0.13s
    cube 3893.190 (depth 1, 20 lits): UNSAT in 0.54s
    cube 3893.191 (depth 1, 20 lits): UNSAT in 0.05s
    cube 3893.192 (depth 1, 20 lits): UNSAT in 0.10s
    cube 3893.193 (depth 1, 20 lits): UNSAT in 0.25s
    cube 3893.194 (depth 1, 20 lits): UNSAT in 0.57s
    cube 3893.195 (depth 1, 20 lits): UNSAT in 0.91s
    cube 3893.196 (depth 1, 20 lits): UNSAT in 1.13s
    cube 3893.197 (depth 1, 20 lits): UNSAT in 0.85s
    cube 3893.198 (depth 1, 20 lits): UNSAT in 4.84s
    cube 3893.199 (depth 1, 20 lits): UNSAT in 0.03s
    cube 3893.200 (depth 1, 20 lits): UNSAT in 0.05s
    cube 3893.201 (depth 1, 20 lits): UNSAT in 0.01s
    cube 3893.202 (depth 1, 20 lits): UNSAT in 0.04s
    cube 3893.203 (depth 1, 20 lits): UNSAT in 0.06s
    cube 3893.204 (depth 1, 20 lits): UNSAT in 0.04s
    cube 3893.205 (depth 1, 20 lits): UNSAT in 0.38s
    cube 3893.206 (depth 1, 20 lits): UNSAT in 0.25s
    cube 3893.207 (depth 1, 20 lits): UNSAT in 0.02s
    cube 3893.208 (depth 1, 20 lits): UNSAT in 0.05s
    cube 3893.209 (depth 1, 20 lits): UNSAT in 0.05s
    cube 3893.210 (depth 1, 20 lits): UNSAT in 0.14s
    cube 3893.211 (depth 1, 20 lits): UNSAT in 0.28s
    cube 3893.212 (depth 1, 20 lits): UNSAT in 0.24s
    cube 3893.213 (depth 1, 20 lits): UNSAT in 0.43s
    cube 3893.214 (depth 1, 20 lits): UNSAT in 3.39s
    cube 3893.215 (depth 1, 20 lits): UNSAT in 0.02s
    cube 3893.216 (depth 1, 20 lits): UNSAT in 0.03s
    cube 3893.217 (depth 1, 20 lits): UNSAT in 0.02s
    cube 3893.218 (depth 1, 20 lits): UNSAT in 0.07s
    cube 3893.219 (depth 1, 20 lits): UNSAT in 0.04s
    cube 3893.220 (depth 1, 20 lits): UNSAT in 0.11s
    cube 3893.221 (depth 1, 20 lits): UNSAT in 0.13s
    cube 3893.222 (depth 1, 20 lits): UNSAT in 0.24s
    cube 3893.223 (depth 1, 20 lits): UNSAT in 0.03s
    cube 3893.224 (depth 1, 20 lits): UNSAT in 0.27s
    cube 3893.225 (depth 1, 20 lits): UNSAT in 0.13s
    cube 3893.226 (depth 1, 20 lits): UNSAT in 0.10s
    cube 3893.227 (depth 1, 20 lits): UNSAT in 0.04s
    cube 3893.228 (depth 1, 20 lits): UNSAT in 0.24s
    cube 3893.229 (depth 1, 20 lits): UNSAT in 0.62s
    cube 3893.230 (depth 1, 20 lits): UNSAT in 2.99s
    cube 3893.231 (depth 1, 20 lits): UNSAT in 0.23s
    cube 3893.232 (depth 1, 20 lits): UNSAT in 0.77s
    cube 3893.233 (depth 1, 20 lits): UNSAT in 0.18s
    cube 3893.234 (depth 1, 20 lits): UNSAT in 0.47s
    cube 3893.235 (depth 1, 20 lits): UNSAT in 0.57s
    cube 3893.236 (depth 1, 20 lits): UNSAT in 0.86s
    cube 3893.237 (depth 1, 20 lits): UNSAT in 2.24s
    cube 3893.238 (depth 1, 20 lits): UNSAT in 20.80s
    cube 3893.239 (depth 1, 20 lits): UNSAT in 1.48s
    cube 3893.240 (depth 1, 20 lits): UNSAT in 9.76s
    cube 3893.241 (depth 1, 20 lits): UNSAT in 0.66s
    cube 3893.242 (depth 1, 20 lits): UNSAT in 11.24s
    cube 3893.243 (depth 1, 20 lits): UNSAT in 1.12s
    cube 3893.244 (depth 1, 20 lits): UNSAT in 22.33s
    cube 3893.245 (depth 1, 20 lits): UNSAT in 19.37s
    cube 3893.246 (depth 1, 20 lits): UNSAT in 30.43s

  shard 2 verdict: UNSAT (1 UNSAT, 0 unresolved) in 1369.1s
