  shard 7/24 (explicit): 1 of 4095 cubes, per-cube cap 1200.0s, re-split depth 7
    cube 3898 (depth 0, 12 lits): TIMEOUT in 1200.10s
    cube 3898 TIMEOUT -> re-split into 255 sub-cubes (depth 1)
    cube 3898.0 (depth 1, 20 lits): UNSAT in 0.01s
    cube 3898.1 (depth 1, 20 lits): UNSAT in 0.02s
    cube 3898.2 (depth 1, 20 lits): UNSAT in 0.01s
    cube 3898.3 (depth 1, 20 lits): UNSAT in 0.02s
    cube 3898.4 (depth 1, 20 lits): UNSAT in 0.02s
    cube 3898.5 (depth 1, 20 lits): UNSAT in 0.04s
    cube 3898.6 (depth 1, 20 lits): UNSAT in 0.02s
    cube 3898.7 (depth 1, 20 lits): UNSAT in 0.05s
    cube 3898.8 (depth 1, 20 lits): UNSAT in 0.01s
    cube 3898.9 (depth 1, 20 lits): UNSAT in 0.02s
    cube 3898.10 (depth 1, 20 lits): UNSAT in 0.01s
    cube 3898.11 (depth 1, 20 lits): UNSAT in 0.03s
    cube 3898.12 (depth 1, 20 lits): UNSAT in 0.01s
    cube 3898.13 (depth 1, 20 lits): UNSAT in 0.08s
    cube 3898.14 (depth 1, 20 lits): UNSAT in 0.07s
    cube 3898.15 (depth 1, 20 lits): UNSAT in 0.14s
    cube 3898.16 (depth 1, 19 lits): UNSAT in 0.01s
    cube 3898.17 (depth 1, 20 lits): UNSAT in 0.02s
    cube 3898.18 (depth 1, 20 lits): UNSAT in 0.03s
    cube 3898.19 (depth 1, 20 lits): UNSAT in 0.03s
    cube 3898.20 (depth 1, 20 lits): UNSAT in 0.06s
    cube 3898.21 (depth 1, 20 lits): UNSAT in 0.12s
    cube 3898.22 (depth 1, 20 lits): UNSAT in 0.13s
    cube 3898.23 (depth 1, 20 lits): UNSAT in 0.08s
    cube 3898.24 (depth 1, 20 lits): UNSAT in 0.16s
    cube 3898.25 (depth 1, 20 lits): UNSAT in 0.03s
    cube 3898.26 (depth 1, 20 lits): UNSAT in 0.11s
    cube 3898.27 (depth 1, 20 lits): UNSAT in 0.04s
    cube 3898.28 (depth 1, 20 lits): UNSAT in 0.15s
    cube 3898.29 (depth 1, 20 lits): UNSAT in 0.23s
    cube 3898.30 (depth 1, 20 lits): UNSAT in 0.74s
    cube 3898.31 (depth 1, 20 lits): UNSAT in 0.02s
    cube 3898.32 (depth 1, 20 lits): UNSAT in 0.02s
    cube 3898.33 (depth 1, 20 lits): UNSAT in 0.04s
    cube 3898.34 (depth 1, 20 lits): UNSAT in 0.10s
    cube 3898.35 (depth 1, 20 lits): UNSAT in 0.02s
    cube 3898.36 (depth 1, 20 lits): UNSAT in 0.05s
    cube 3898.37 (depth 1, 20 lits): UNSAT in 0.05s
    cube 3898.38 (depth 1, 20 lits): UNSAT in 0.55s
    cube 3898.39 (depth 1, 20 lits): UNSAT in 0.07s
    cube 3898.40 (depth 1, 20 lits): UNSAT in 0.23s
    cube 3898.41 (depth 1, 20 lits): UNSAT in 0.09s
    cube 3898.42 (depth 1, 20 lits): UNSAT in 0.43s
    cube 3898.43 (depth 1, 20 lits): UNSAT in 0.44s
    cube 3898.44 (depth 1, 20 lits): UNSAT in 0.49s
    cube 3898.45 (depth 1, 20 lits): UNSAT in 0.78s
    cube 3898.46 (depth 1, 20 lits): UNSAT in 2.07s
    cube 3898.47 (depth 1, 20 lits): UNSAT in 0.04s
    cube 3898.48 (depth 1, 20 lits): UNSAT in 0.16s
    cube 3898.49 (depth 1, 20 lits): UNSAT in 0.03s
    cube 3898.50 (depth 1, 20 lits): UNSAT in 0.39s
    cube 3898.51 (depth 1, 20 lits): UNSAT in 0.13s
    cube 3898.52 (depth 1, 20 lits): UNSAT in 0.18s
    cube 3898.53 (depth 1, 20 lits): UNSAT in 0.09s
    cube 3898.54 (depth 1, 20 lits): UNSAT in 0.26s
    cube 3898.55 (depth 1, 20 lits): UNSAT in 0.13s
    cube 3898.56 (depth 1, 20 lits): UNSAT in 0.16s
    cube 3898.57 (depth 1, 20 lits): UNSAT in 0.20s
    cube 3898.58 (depth 1, 20 lits): UNSAT in 0.14s
    cube 3898.59 (depth 1, 20 lits): UNSAT in 0.19s
    cube 3898.60 (depth 1, 20 lits): UNSAT in 0.73s
    cube 3898.61 (depth 1, 20 lits): UNSAT in 1.22s
    cube 3898.62 (depth 1, 20 lits): UNSAT in 5.51s
    cube 3898.63 (depth 1, 20 lits): UNSAT in 0.02s
    cube 3898.64 (depth 1, 20 lits): UNSAT in 0.04s
    cube 3898.65 (depth 1, 20 lits): UNSAT in 0.02s
    cube 3898.66 (depth 1, 20 lits): UNSAT in 0.05s
    cube 3898.67 (depth 1, 20 lits): UNSAT in 0.03s
    cube 3898.68 (depth 1, 20 lits): UNSAT in 0.07s
    cube 3898.69 (depth 1, 20 lits): UNSAT in 0.36s
    cube 3898.70 (depth 1, 20 lits): UNSAT in 0.44s
    cube 3898.71 (depth 1, 20 lits): UNSAT in 0.03s
    cube 3898.72 (depth 1, 20 lits): UNSAT in 0.13s
    cube 3898.73 (depth 1, 20 lits): UNSAT in 0.28s
    cube 3898.74 (depth 1, 20 lits): UNSAT in 0.55s
    cube 3898.75 (depth 1, 20 lits): UNSAT in 0.55s
    cube 3898.76 (depth 1, 20 lits): UNSAT in 2.63s
    cube 3898.77 (depth 1, 20 lits): UNSAT in 3.44s
    cube 3898.78 (depth 1, 20 lits): UNSAT in 8.75s
    cube 3898.79 (depth 1, 20 lits): UNSAT in 0.06s
    cube 3898.80 (depth 1, 20 lits): UNSAT in 0.09s
    cube 3898.81 (depth 1, 20 lits): UNSAT in 0.05s
    cube 3898.82 (depth 1, 20 lits): UNSAT in 0.29s
    cube 3898.83 (depth 1, 20 lits): UNSAT in 0.08s
    cube 3898.84 (depth 1, 20 lits): UNSAT in 0.39s
    cube 3898.85 (depth 1, 20 lits): UNSAT in 0.81s
    cube 3898.86 (depth 1, 20 lits): UNSAT in 4.20s
    cube 3898.87 (depth 1, 20 lits): UNSAT in 0.05s
    cube 3898.88 (depth 1, 20 lits): UNSAT in 0.42s
    cube 3898.89 (depth 1, 20 lits): UNSAT in 0.24s
    cube 3898.90 (depth 1, 20 lits): UNSAT in 0.74s
    cube 3898.91 (depth 1, 20 lits): UNSAT in 0.24s
    cube 3898.92 (depth 1, 20 lits): UNSAT in 0.47s
    cube 3898.93 (depth 1, 20 lits): UNSAT in 2.60s
    cube 3898.94 (depth 1, 20 lits): UNSAT in 15.42s
    cube 3898.95 (depth 1, 20 lits): UNSAT in 0.02s
    cube 3898.96 (depth 1, 20 lits): UNSAT in 0.09s
    cube 3898.97 (depth 1, 20 lits): UNSAT in 0.08s
    cube 3898.98 (depth 1, 20 lits): UNSAT in 0.37s
    cube 3898.99 (depth 1, 20 lits): UNSAT in 0.19s
    cube 3898.100 (depth 1, 20 lits): UNSAT in 0.27s
    cube 3898.101 (depth 1, 20 lits): UNSAT in 0.20s
    cube 3898.102 (depth 1, 20 lits): UNSAT in 0.38s
    cube 3898.103 (depth 1, 20 lits): UNSAT in 0.07s
    cube 3898.104 (depth 1, 20 lits): UNSAT in 0.08s
    cube 3898.105 (depth 1, 20 lits): UNSAT in 0.14s
    cube 3898.106 (depth 1, 20 lits): UNSAT in 0.39s
    cube 3898.107 (depth 1, 20 lits): UNSAT in 0.09s
    cube 3898.108 (depth 1, 20 lits): UNSAT in 0.17s
    cube 3898.109 (depth 1, 20 lits): UNSAT in 0.57s
    cube 3898.110 (depth 1, 20 lits): UNSAT in 2.01s
    cube 3898.111 (depth 1, 20 lits): UNSAT in 0.07s
    cube 3898.112 (depth 1, 20 lits): UNSAT in 0.61s
    cube 3898.113 (depth 1, 20 lits): UNSAT in 0.08s
    cube 3898.114 (depth 1, 20 lits): UNSAT in 0.49s
    cube 3898.115 (depth 1, 20 lits): UNSAT in 0.72s
    cube 3898.116 (depth 1, 20 lits): UNSAT in 0.46s
    cube 3898.117 (depth 1, 20 lits): UNSAT in 0.49s
    cube 3898.118 (depth 1, 20 lits): UNSAT in 2.77s
    cube 3898.119 (depth 1, 20 lits): UNSAT in 0.58s
    cube 3898.120 (depth 1, 20 lits): UNSAT in 1.52s
    cube 3898.121 (depth 1, 20 lits): UNSAT in 0.85s
    cube 3898.122 (depth 1, 20 lits): UNSAT in 7.96s
    cube 3898.123 (depth 1, 20 lits): UNSAT in 4.85s
    cube 3898.124 (depth 1, 20 lits): UNSAT in 13.32s
    cube 3898.125 (depth 1, 20 lits): UNSAT in 37.56s
    cube 3898.126 (depth 1, 20 lits): UNSAT in 43.52s
    cube 3898.127 (depth 1, 20 lits): UNSAT in 0.01s
    cube 3898.128 (depth 1, 20 lits): UNSAT in 0.03s
    cube 3898.129 (depth 1, 20 lits): UNSAT in 0.04s
    cube 3898.130 (depth 1, 20 lits): UNSAT in 0.07s
    cube 3898.131 (depth 1, 20 lits): UNSAT in 0.04s
    cube 3898.132 (depth 1, 20 lits): UNSAT in 0.07s
    cube 3898.133 (depth 1, 20 lits): UNSAT in 0.03s
    cube 3898.134 (depth 1, 20 lits): UNSAT in 0.26s
    cube 3898.135 (depth 1, 20 lits): UNSAT in 0.04s
    cube 3898.136 (depth 1, 20 lits): UNSAT in 0.07s
    cube 3898.137 (depth 1, 20 lits): UNSAT in 0.03s
    cube 3898.138 (depth 1, 20 lits): UNSAT in 0.30s
    cube 3898.139 (depth 1, 20 lits): UNSAT in 0.43s
    cube 3898.140 (depth 1, 20 lits): UNSAT in 0.63s
    cube 3898.141 (depth 1, 20 lits): UNSAT in 0.40s
    cube 3898.142 (depth 1, 20 lits): UNSAT in 4.98s
    cube 3898.143 (depth 1, 20 lits): UNSAT in 0.11s
    cube 3898.144 (depth 1, 20 lits): UNSAT in 0.21s
    cube 3898.145 (depth 1, 20 lits): UNSAT in 0.22s
    cube 3898.146 (depth 1, 20 lits): UNSAT in 0.65s
    cube 3898.147 (depth 1, 20 lits): UNSAT in 0.26s
    cube 3898.148 (depth 1, 20 lits): UNSAT in 0.35s
    cube 3898.149 (depth 1, 20 lits): UNSAT in 0.22s
    cube 3898.150 (depth 1, 20 lits): UNSAT in 3.65s
    cube 3898.151 (depth 1, 20 lits): UNSAT in 0.06s
    cube 3898.152 (depth 1, 20 lits): UNSAT in 0.55s
    cube 3898.153 (depth 1, 20 lits): UNSAT in 0.85s
    cube 3898.154 (depth 1, 20 lits): UNSAT in 1.83s
    cube 3898.155 (depth 1, 20 lits): UNSAT in 0.28s
    cube 3898.156 (depth 1, 20 lits): UNSAT in 0.35s
    cube 3898.157 (depth 1, 20 lits): UNSAT in 1.01s
    cube 3898.158 (depth 1, 20 lits): UNSAT in 21.50s
    cube 3898.159 (depth 1, 20 lits): UNSAT in 0.01s
    cube 3898.160 (depth 1, 20 lits): UNSAT in 0.05s
    cube 3898.161 (depth 1, 20 lits): UNSAT in 0.03s
    cube 3898.162 (depth 1, 20 lits): UNSAT in 0.09s
    cube 3898.163 (depth 1, 20 lits): UNSAT in 0.06s
    cube 3898.164 (depth 1, 20 lits): UNSAT in 0.13s
    cube 3898.165 (depth 1, 20 lits): UNSAT in 0.06s
    cube 3898.166 (depth 1, 20 lits): UNSAT in 1.32s
    cube 3898.167 (depth 1, 20 lits): UNSAT in 0.05s
    cube 3898.168 (depth 1, 20 lits): UNSAT in 0.18s
    cube 3898.169 (depth 1, 20 lits): UNSAT in 0.04s
    cube 3898.170 (depth 1, 20 lits): UNSAT in 1.63s
    cube 3898.171 (depth 1, 20 lits): UNSAT in 0.20s
    cube 3898.172 (depth 1, 20 lits): UNSAT in 1.56s
    cube 3898.173 (depth 1, 20 lits): UNSAT in 2.19s
    cube 3898.174 (depth 1, 20 lits): UNSAT in 6.65s
    cube 3898.175 (depth 1, 20 lits): UNSAT in 0.25s
    cube 3898.176 (depth 1, 20 lits): UNSAT in 1.81s
    cube 3898.177 (depth 1, 20 lits): UNSAT in 1.87s
    cube 3898.178 (depth 1, 20 lits): UNSAT in 5.50s
    cube 3898.179 (depth 1, 20 lits): UNSAT in 0.43s
    cube 3898.180 (depth 1, 20 lits): UNSAT in 7.10s
    cube 3898.181 (depth 1, 20 lits): UNSAT in 10.15s
    cube 3898.182 (depth 1, 20 lits): UNSAT in 47.20s
    cube 3898.183 (depth 1, 20 lits): UNSAT in 2.44s
    cube 3898.184 (depth 1, 20 lits): UNSAT in 8.92s
    cube 3898.185 (depth 1, 20 lits): UNSAT in 6.04s
    cube 3898.186 (depth 1, 20 lits): UNSAT in 40.55s
    cube 3898.187 (depth 1, 20 lits): UNSAT in 10.68s
    cube 3898.188 (depth 1, 20 lits): UNSAT in 127.14s
    cube 3898.189 (depth 1, 20 lits): UNSAT in 213.50s
    cube 3898.190 (depth 1, 20 lits): TIMEOUT in 1200.10s
    cube 3898.190 TIMEOUT -> re-split into 251 sub-cubes (depth 2)
    cube 3898.190.0 (depth 2, 27 lits): UNSAT in 0.01s
    cube 3898.190.1 (depth 2, 27 lits): UNSAT in 0.01s
    cube 3898.190.2 (depth 2, 27 lits): UNSAT in 0.01s
    cube 3898.190.3 (depth 2, 27 lits): UNSAT in 0.02s
    cube 3898.190.4 (depth 2, 28 lits): UNSAT in 0.02s
    cube 3898.190.5 (depth 2, 28 lits): UNSAT in 0.02s
    cube 3898.190.6 (depth 2, 28 lits): UNSAT in 0.02s
    cube 3898.190.7 (depth 2, 28 lits): UNSAT in 0.02s
    cube 3898.190.8 (depth 2, 28 lits): UNSAT in 0.02s
    cube 3898.190.9 (depth 2, 28 lits): UNSAT in 0.03s
    cube 3898.190.10 (depth 2, 28 lits): UNSAT in 0.03s
    cube 3898.190.11 (depth 2, 28 lits): UNSAT in 0.02s
    cube 3898.190.12 (depth 2, 28 lits): UNSAT in 0.01s
    cube 3898.190.13 (depth 2, 28 lits): UNSAT in 0.01s
    cube 3898.190.14 (depth 2, 28 lits): UNSAT in 0.02s
    cube 3898.190.15 (depth 2, 28 lits): UNSAT in 0.02s
    cube 3898.190.16 (depth 2, 28 lits): UNSAT in 0.02s
    cube 3898.190.17 (depth 2, 28 lits): UNSAT in 0.03s
    cube 3898.190.18 (depth 2, 28 lits): UNSAT in 0.03s
    cube 3898.190.19 (depth 2, 28 lits): UNSAT in 0.04s
    cube 3898.190.20 (depth 2, 28 lits): UNSAT in 0.03s
    cube 3898.190.21 (depth 2, 28 lits): UNSAT in 0.05s
    cube 3898.190.22 (depth 2, 28 lits): UNSAT in 0.03s
    cube 3898.190.23 (depth 2, 28 lits): UNSAT in 0.09s
    cube 3898.190.24 (depth 2, 28 lits): UNSAT in 0.03s
    cube 3898.190.25 (depth 2, 28 lits): UNSAT in 0.04s
    cube 3898.190.26 (depth 2, 28 lits): UNSAT in 0.10s
    cube 3898.190.27 (depth 2, 28 lits): UNSAT in 0.15s
    cube 3898.190.28 (depth 2, 27 lits): UNSAT in 0.01s
    cube 3898.190.29 (depth 2, 28 lits): UNSAT in 0.02s
    cube 3898.190.30 (depth 2, 28 lits): UNSAT in 0.03s
    cube 3898.190.31 (depth 2, 28 lits): UNSAT in 0.02s
    cube 3898.190.32 (depth 2, 28 lits): UNSAT in 0.03s
    cube 3898.190.33 (depth 2, 28 lits): UNSAT in 0.03s
    cube 3898.190.34 (depth 2, 28 lits): UNSAT in 0.03s
    cube 3898.190.35 (depth 2, 28 lits): UNSAT in 0.01s
    cube 3898.190.36 (depth 2, 28 lits): UNSAT in 0.01s
    cube 3898.190.37 (depth 2, 28 lits): UNSAT in 0.02s
    cube 3898.190.38 (depth 2, 28 lits): UNSAT in 0.02s
    cube 3898.190.39 (depth 2, 28 lits): UNSAT in 0.02s
    cube 3898.190.40 (depth 2, 28 lits): UNSAT in 0.06s
    cube 3898.190.41 (depth 2, 28 lits): UNSAT in 0.04s
    cube 3898.190.42 (depth 2, 28 lits): UNSAT in 0.06s
    cube 3898.190.43 (depth 2, 28 lits): UNSAT in 0.02s
    cube 3898.190.44 (depth 2, 28 lits): UNSAT in 0.03s
    cube 3898.190.45 (depth 2, 28 lits): UNSAT in 0.03s
    cube 3898.190.46 (depth 2, 28 lits): UNSAT in 0.08s
    cube 3898.190.47 (depth 2, 28 lits): UNSAT in 0.03s
    cube 3898.190.48 (depth 2, 28 lits): UNSAT in 0.15s
    cube 3898.190.49 (depth 2, 28 lits): UNSAT in 0.09s
    cube 3898.190.50 (depth 2, 28 lits): UNSAT in 0.25s
    cube 3898.190.51 (depth 2, 28 lits): UNSAT in 0.02s
    cube 3898.190.52 (depth 2, 28 lits): UNSAT in 0.11s
    cube 3898.190.53 (depth 2, 28 lits): UNSAT in 0.06s
    cube 3898.190.54 (depth 2, 28 lits): UNSAT in 0.14s
    cube 3898.190.55 (depth 2, 28 lits): UNSAT in 0.43s
    cube 3898.190.56 (depth 2, 28 lits): UNSAT in 0.23s
    cube 3898.190.57 (depth 2, 28 lits): UNSAT in 0.39s
    cube 3898.190.58 (depth 2, 28 lits): UNSAT in 2.47s
    cube 3898.190.59 (depth 2, 28 lits): UNSAT in 0.02s
    cube 3898.190.60 (depth 2, 28 lits): UNSAT in 0.04s
    cube 3898.190.61 (depth 2, 28 lits): UNSAT in 0.04s
    cube 3898.190.62 (depth 2, 28 lits): UNSAT in 0.13s
    cube 3898.190.63 (depth 2, 28 lits): UNSAT in 0.05s
    cube 3898.190.64 (depth 2, 28 lits): UNSAT in 0.25s
    cube 3898.190.65 (depth 2, 28 lits): UNSAT in 0.07s
    cube 3898.190.66 (depth 2, 28 lits): UNSAT in 0.68s
    cube 3898.190.67 (depth 2, 28 lits): UNSAT in 0.04s
    cube 3898.190.68 (depth 2, 28 lits): UNSAT in 0.10s
    cube 3898.190.69 (depth 2, 28 lits): UNSAT in 0.04s
    cube 3898.190.70 (depth 2, 28 lits): UNSAT in 0.69s
    cube 3898.190.71 (depth 2, 28 lits): UNSAT in 0.22s
    cube 3898.190.72 (depth 2, 28 lits): UNSAT in 1.18s
    cube 3898.190.73 (depth 2, 28 lits): UNSAT in 2.23s
    cube 3898.190.74 (depth 2, 28 lits): UNSAT in 3.86s
    cube 3898.190.75 (depth 2, 28 lits): UNSAT in 0.02s
    cube 3898.190.76 (depth 2, 28 lits): UNSAT in 0.06s
    cube 3898.190.77 (depth 2, 28 lits): UNSAT in 0.03s
    cube 3898.190.78 (depth 2, 28 lits): UNSAT in 0.22s
    cube 3898.190.79 (depth 2, 28 lits): UNSAT in 0.04s
    cube 3898.190.80 (depth 2, 28 lits): UNSAT in 0.17s
    cube 3898.190.81 (depth 2, 28 lits): UNSAT in 0.14s
    cube 3898.190.82 (depth 2, 28 lits): UNSAT in 3.72s
    cube 3898.190.83 (depth 2, 28 lits): UNSAT in 0.09s
    cube 3898.190.84 (depth 2, 28 lits): UNSAT in 0.58s
    cube 3898.190.85 (depth 2, 28 lits): UNSAT in 0.23s
    cube 3898.190.86 (depth 2, 28 lits): UNSAT in 5.61s
    cube 3898.190.87 (depth 2, 28 lits): UNSAT in 0.33s
    cube 3898.190.88 (depth 2, 28 lits): UNSAT in 2.39s
    cube 3898.190.89 (depth 2, 28 lits): UNSAT in 7.29s
    cube 3898.190.90 (depth 2, 28 lits): UNSAT in 16.26s
    cube 3898.190.91 (depth 2, 28 lits): UNSAT in 0.02s
    cube 3898.190.92 (depth 2, 28 lits): UNSAT in 0.04s
    cube 3898.190.93 (depth 2, 28 lits): UNSAT in 0.05s
    cube 3898.190.94 (depth 2, 28 lits): UNSAT in 0.13s
    cube 3898.190.95 (depth 2, 28 lits): UNSAT in 0.05s
    cube 3898.190.96 (depth 2, 28 lits): UNSAT in 0.12s
    cube 3898.190.97 (depth 2, 28 lits): UNSAT in 0.29s
    cube 3898.190.98 (depth 2, 28 lits): UNSAT in 2.40s
    cube 3898.190.99 (depth 2, 28 lits): UNSAT in 0.07s
    cube 3898.190.100 (depth 2, 28 lits): UNSAT in 0.36s
    cube 3898.190.101 (depth 2, 28 lits): UNSAT in 0.28s
    cube 3898.190.102 (depth 2, 28 lits): UNSAT in 3.37s
    cube 3898.190.103 (depth 2, 28 lits): UNSAT in 0.31s
    cube 3898.190.104 (depth 2, 28 lits): UNSAT in 2.64s
    cube 3898.190.105 (depth 2, 28 lits): UNSAT in 1.30s
    cube 3898.190.106 (depth 2, 28 lits): UNSAT in 8.32s
    cube 3898.190.107 (depth 2, 28 lits): UNSAT in 0.19s
    cube 3898.190.108 (depth 2, 28 lits): UNSAT in 0.88s
    cube 3898.190.109 (depth 2, 28 lits): UNSAT in 1.44s
    cube 3898.190.110 (depth 2, 28 lits): UNSAT in 3.17s
    cube 3898.190.111 (depth 2, 28 lits): UNSAT in 0.35s
    cube 3898.190.112 (depth 2, 28 lits): UNSAT in 1.32s
    cube 3898.190.113 (depth 2, 28 lits): UNSAT in 7.55s
    cube 3898.190.114 (depth 2, 28 lits): UNSAT in 13.13s
    cube 3898.190.115 (depth 2, 28 lits): UNSAT in 1.12s
    cube 3898.190.116 (depth 2, 28 lits): UNSAT in 1.42s
    cube 3898.190.117 (depth 2, 28 lits): UNSAT in 5.57s
    cube 3898.190.118 (depth 2, 28 lits): UNSAT in 6.94s
    cube 3898.190.119 (depth 2, 28 lits): UNSAT in 4.57s
    cube 3898.190.120 (depth 2, 28 lits): UNSAT in 6.72s
    cube 3898.190.121 (depth 2, 28 lits): UNSAT in 0.76s
    cube 3898.190.122 (depth 2, 28 lits): UNSAT in 61.90s
    cube 3898.190.123 (depth 2, 28 lits): UNSAT in 0.02s
    cube 3898.190.124 (depth 2, 28 lits): UNSAT in 0.03s
    cube 3898.190.125 (depth 2, 28 lits): UNSAT in 0.01s
    cube 3898.190.126 (depth 2, 28 lits): UNSAT in 0.21s
    cube 3898.190.127 (depth 2, 28 lits): UNSAT in 0.04s
    cube 3898.190.128 (depth 2, 28 lits): UNSAT in 0.29s
    cube 3898.190.129 (depth 2, 28 lits): UNSAT in 0.22s
    cube 3898.190.130 (depth 2, 28 lits): UNSAT in 0.56s
    cube 3898.190.131 (depth 2, 28 lits): UNSAT in 0.02s
    cube 3898.190.132 (depth 2, 28 lits): UNSAT in 0.10s
    cube 3898.190.133 (depth 2, 28 lits): UNSAT in 0.03s
    cube 3898.190.134 (depth 2, 28 lits): UNSAT in 0.15s
    cube 3898.190.135 (depth 2, 28 lits): UNSAT in 0.13s
    cube 3898.190.136 (depth 2, 28 lits): UNSAT in 0.49s
    cube 3898.190.137 (depth 2, 28 lits): UNSAT in 0.23s
    cube 3898.190.138 (depth 2, 28 lits): UNSAT in 2.75s
    cube 3898.190.139 (depth 2, 28 lits): UNSAT in 0.02s
    cube 3898.190.140 (depth 2, 28 lits): UNSAT in 0.06s
    cube 3898.190.141 (depth 2, 28 lits): UNSAT in 0.07s
    cube 3898.190.142 (depth 2, 28 lits): UNSAT in 0.26s
    cube 3898.190.143 (depth 2, 28 lits): UNSAT in 0.06s
    cube 3898.190.144 (depth 2, 28 lits): UNSAT in 0.18s
    cube 3898.190.145 (depth 2, 28 lits): UNSAT in 0.21s
    cube 3898.190.146 (depth 2, 28 lits): UNSAT in 1.33s
    cube 3898.190.147 (depth 2, 28 lits): UNSAT in 0.04s
    cube 3898.190.148 (depth 2, 28 lits): UNSAT in 0.06s
    cube 3898.190.149 (depth 2, 28 lits): UNSAT in 0.02s
    cube 3898.190.150 (depth 2, 28 lits): UNSAT in 0.20s
    cube 3898.190.151 (depth 2, 28 lits): UNSAT in 0.08s
    cube 3898.190.152 (depth 2, 28 lits): UNSAT in 0.62s
    cube 3898.190.153 (depth 2, 28 lits): UNSAT in 1.09s
    cube 3898.190.154 (depth 2, 28 lits): UNSAT in 12.95s
    cube 3898.190.155 (depth 2, 28 lits): UNSAT in 0.05s
    cube 3898.190.156 (depth 2, 28 lits): UNSAT in 0.06s
    cube 3898.190.157 (depth 2, 28 lits): UNSAT in 0.21s
    cube 3898.190.158 (depth 2, 28 lits): UNSAT in 0.82s
    cube 3898.190.159 (depth 2, 28 lits): UNSAT in 0.09s
    cube 3898.190.160 (depth 2, 28 lits): UNSAT in 0.85s
    cube 3898.190.161 (depth 2, 28 lits): UNSAT in 0.84s
    cube 3898.190.162 (depth 2, 28 lits): UNSAT in 3.36s
    cube 3898.190.163 (depth 2, 28 lits): UNSAT in 0.04s
    cube 3898.190.164 (depth 2, 28 lits): UNSAT in 0.13s
    cube 3898.190.165 (depth 2, 28 lits): UNSAT in 0.35s
    cube 3898.190.166 (depth 2, 28 lits): UNSAT in 0.37s
    cube 3898.190.167 (depth 2, 28 lits): UNSAT in 0.11s
    cube 3898.190.168 (depth 2, 28 lits): UNSAT in 0.25s
    cube 3898.190.169 (depth 2, 28 lits): UNSAT in 0.86s
    cube 3898.190.170 (depth 2, 28 lits): UNSAT in 5.11s
    cube 3898.190.171 (depth 2, 28 lits): UNSAT in 0.09s
    cube 3898.190.172 (depth 2, 28 lits): UNSAT in 0.75s
    cube 3898.190.173 (depth 2, 28 lits): UNSAT in 0.31s
    cube 3898.190.174 (depth 2, 28 lits): UNSAT in 4.77s
    cube 3898.190.175 (depth 2, 28 lits): UNSAT in 0.21s
    cube 3898.190.176 (depth 2, 28 lits): UNSAT in 1.98s
    cube 3898.190.177 (depth 2, 28 lits): UNSAT in 0.50s
    cube 3898.190.178 (depth 2, 28 lits): UNSAT in 14.58s
    cube 3898.190.179 (depth 2, 28 lits): UNSAT in 1.30s
    cube 3898.190.180 (depth 2, 28 lits): UNSAT in 3.29s
    cube 3898.190.181 (depth 2, 28 lits): UNSAT in 6.78s
    cube 3898.190.182 (depth 2, 28 lits): UNSAT in 19.09s
    cube 3898.190.183 (depth 2, 28 lits): UNSAT in 1.17s
    cube 3898.190.184 (depth 2, 28 lits): UNSAT in 4.23s
    cube 3898.190.185 (depth 2, 28 lits): UNSAT in 9.49s
    cube 3898.190.186 (depth 2, 28 lits): UNSAT in 70.92s
    cube 3898.190.187 (depth 2, 28 lits): UNSAT in 0.03s
    cube 3898.190.188 (depth 2, 28 lits): UNSAT in 0.07s
    cube 3898.190.189 (depth 2, 28 lits): UNSAT in 0.03s
    cube 3898.190.190 (depth 2, 28 lits): UNSAT in 0.21s
    cube 3898.190.191 (depth 2, 28 lits): UNSAT in 0.02s
    cube 3898.190.192 (depth 2, 28 lits): UNSAT in 0.04s
    cube 3898.190.193 (depth 2, 28 lits): UNSAT in 0.24s
    cube 3898.190.194 (depth 2, 28 lits): UNSAT in 0.48s
    cube 3898.190.195 (depth 2, 28 lits): UNSAT in 0.09s
    cube 3898.190.196 (depth 2, 28 lits): UNSAT in 0.41s
    cube 3898.190.197 (depth 2, 28 lits): UNSAT in 1.16s
    cube 3898.190.198 (depth 2, 28 lits): UNSAT in 2.28s
    cube 3898.190.199 (depth 2, 28 lits): UNSAT in 0.46s
    cube 3898.190.200 (depth 2, 28 lits): UNSAT in 2.48s
    cube 3898.190.201 (depth 2, 28 lits): UNSAT in 3.28s
    cube 3898.190.202 (depth 2, 28 lits): UNSAT in 2.93s
    cube 3898.190.203 (depth 2, 28 lits): UNSAT in 0.03s
    cube 3898.190.204 (depth 2, 28 lits): UNSAT in 0.06s
    cube 3898.190.205 (depth 2, 28 lits): UNSAT in 0.03s
    cube 3898.190.206 (depth 2, 28 lits): UNSAT in 0.10s
    cube 3898.190.207 (depth 2, 28 lits): UNSAT in 0.14s
    cube 3898.190.208 (depth 2, 28 lits): UNSAT in 0.13s
    cube 3898.190.209 (depth 2, 28 lits): UNSAT in 0.97s
    cube 3898.190.210 (depth 2, 28 lits): UNSAT in 2.31s
    cube 3898.190.211 (depth 2, 28 lits): UNSAT in 0.18s
    cube 3898.190.212 (depth 2, 28 lits): UNSAT in 0.58s
    cube 3898.190.213 (depth 2, 28 lits): UNSAT in 0.80s
    cube 3898.190.214 (depth 2, 28 lits): UNSAT in 2.42s
    cube 3898.190.215 (depth 2, 28 lits): UNSAT in 0.06s
    cube 3898.190.216 (depth 2, 28 lits): UNSAT in 0.80s
    cube 3898.190.217 (depth 2, 28 lits): UNSAT in 0.22s
    cube 3898.190.218 (depth 2, 28 lits): UNSAT in 4.18s
    cube 3898.190.219 (depth 2, 28 lits): UNSAT in 0.04s
    cube 3898.190.220 (depth 2, 28 lits): UNSAT in 0.06s
    cube 3898.190.221 (depth 2, 28 lits): UNSAT in 0.13s
    cube 3898.190.222 (depth 2, 28 lits): UNSAT in 0.67s
    cube 3898.190.223 (depth 2, 28 lits): UNSAT in 0.13s
    cube 3898.190.224 (depth 2, 28 lits): UNSAT in 1.76s
    cube 3898.190.225 (depth 2, 28 lits): UNSAT in 1.41s
    cube 3898.190.226 (depth 2, 28 lits): UNSAT in 3.10s
    cube 3898.190.227 (depth 2, 28 lits): UNSAT in 0.11s
    cube 3898.190.228 (depth 2, 28 lits): UNSAT in 0.48s
    cube 3898.190.229 (depth 2, 28 lits): UNSAT in 0.18s
    cube 3898.190.230 (depth 2, 28 lits): UNSAT in 1.72s
    cube 3898.190.231 (depth 2, 28 lits): UNSAT in 1.16s
    cube 3898.190.232 (depth 2, 28 lits): UNSAT in 3.15s
    cube 3898.190.233 (depth 2, 28 lits): UNSAT in 4.92s
    cube 3898.190.234 (depth 2, 28 lits): UNSAT in 11.83s
    cube 3898.190.235 (depth 2, 28 lits): UNSAT in 0.05s
    cube 3898.190.236 (depth 2, 28 lits): UNSAT in 0.15s
    cube 3898.190.237 (depth 2, 28 lits): UNSAT in 0.31s
    cube 3898.190.238 (depth 2, 28 lits): UNSAT in 1.71s
    cube 3898.190.239 (depth 2, 28 lits): UNSAT in 0.30s
    cube 3898.190.240 (depth 2, 28 lits): UNSAT in 5.71s
    cube 3898.190.241 (depth 2, 28 lits): UNSAT in 3.66s
    cube 3898.190.242 (depth 2, 28 lits): UNSAT in 23.40s
    cube 3898.190.243 (depth 2, 28 lits): UNSAT in 1.43s
    cube 3898.190.244 (depth 2, 28 lits): UNSAT in 4.95s
    cube 3898.190.245 (depth 2, 28 lits): UNSAT in 7.34s
    cube 3898.190.246 (depth 2, 28 lits): UNSAT in 8.74s
    cube 3898.190.247 (depth 2, 28 lits): UNSAT in 5.16s
    cube 3898.190.248 (depth 2, 28 lits): UNSAT in 18.85s
    cube 3898.190.249 (depth 2, 28 lits): UNSAT in 18.76s
    cube 3898.190.250 (depth 2, 28 lits): UNSAT in 130.35s
    cube 3898.191 (depth 1, 20 lits): UNSAT in 0.03s
    cube 3898.192 (depth 1, 20 lits): UNSAT in 0.10s
    cube 3898.193 (depth 1, 20 lits): UNSAT in 0.28s
    cube 3898.194 (depth 1, 20 lits): UNSAT in 0.10s
    cube 3898.195 (depth 1, 20 lits): UNSAT in 0.14s
    cube 3898.196 (depth 1, 20 lits): UNSAT in 0.29s
    cube 3898.197 (depth 1, 20 lits): UNSAT in 0.10s
    cube 3898.198 (depth 1, 20 lits): UNSAT in 1.09s
    cube 3898.199 (depth 1, 20 lits): UNSAT in 0.15s
    cube 3898.200 (depth 1, 20 lits): UNSAT in 1.10s
    cube 3898.201 (depth 1, 20 lits): UNSAT in 0.62s
    cube 3898.202 (depth 1, 20 lits): UNSAT in 2.56s
    cube 3898.203 (depth 1, 20 lits): UNSAT in 2.01s
    cube 3898.204 (depth 1, 20 lits): UNSAT in 6.74s
    cube 3898.205 (depth 1, 20 lits): UNSAT in 2.65s
    cube 3898.206 (depth 1, 20 lits): UNSAT in 59.42s
    cube 3898.207 (depth 1, 20 lits): UNSAT in 0.30s
    cube 3898.208 (depth 1, 20 lits): UNSAT in 0.54s
    cube 3898.209 (depth 1, 20 lits): UNSAT in 0.18s
    cube 3898.210 (depth 1, 20 lits): UNSAT in 2.10s
    cube 3898.211 (depth 1, 20 lits): UNSAT in 1.69s
    cube 3898.212 (depth 1, 20 lits): UNSAT in 6.91s
    cube 3898.213 (depth 1, 20 lits): UNSAT in 5.48s
    cube 3898.214 (depth 1, 20 lits): UNSAT in 81.50s
    cube 3898.215 (depth 1, 20 lits): UNSAT in 0.39s
    cube 3898.216 (depth 1, 20 lits): UNSAT in 1.34s
    cube 3898.217 (depth 1, 20 lits): UNSAT in 0.89s
    cube 3898.218 (depth 1, 20 lits): UNSAT in 2.56s
    cube 3898.219 (depth 1, 20 lits): UNSAT in 4.15s
    cube 3898.220 (depth 1, 20 lits): UNSAT in 14.03s
    cube 3898.221 (depth 1, 20 lits): UNSAT in 17.67s
    cube 3898.222 (depth 1, 20 lits): UNSAT in 225.73s
    cube 3898.223 (depth 1, 20 lits): UNSAT in 0.06s
    cube 3898.224 (depth 1, 20 lits): UNSAT in 0.28s
    cube 3898.225 (depth 1, 20 lits): UNSAT in 0.38s
    cube 3898.226 (depth 1, 20 lits): UNSAT in 1.57s
    cube 3898.227 (depth 1, 20 lits): UNSAT in 0.14s
    cube 3898.228 (depth 1, 20 lits): UNSAT in 0.79s
    cube 3898.229 (depth 1, 20 lits): UNSAT in 0.34s
    cube 3898.230 (depth 1, 20 lits): UNSAT in 20.14s
    cube 3898.231 (depth 1, 20 lits): UNSAT in 0.15s
    cube 3898.232 (depth 1, 20 lits): UNSAT in 0.82s
    cube 3898.233 (depth 1, 20 lits): UNSAT in 0.55s
    cube 3898.234 (depth 1, 20 lits): UNSAT in 6.06s
    cube 3898.235 (depth 1, 20 lits): UNSAT in 0.50s
    cube 3898.236 (depth 1, 20 lits): UNSAT in 11.77s
    cube 3898.237 (depth 1, 20 lits): UNSAT in 15.62s
    cube 3898.238 (depth 1, 20 lits): UNSAT in 266.18s
    cube 3898.239 (depth 1, 20 lits): UNSAT in 0.70s
    cube 3898.240 (depth 1, 20 lits): UNSAT in 6.24s
    cube 3898.241 (depth 1, 20 lits): UNSAT in 4.47s
    cube 3898.242 (depth 1, 20 lits): UNSAT in 25.24s
    cube 3898.243 (depth 1, 20 lits): UNSAT in 3.40s
    cube 3898.244 (depth 1, 20 lits): UNSAT in 24.92s
    cube 3898.245 (depth 1, 20 lits): UNSAT in 16.37s
    cube 3898.246 (depth 1, 20 lits): UNSAT in 906.10s
    cube 3898.247 (depth 1, 20 lits): UNSAT in 2.56s
    cube 3898.248 (depth 1, 20 lits): UNSAT in 77.43s
    cube 3898.249 (depth 1, 20 lits): UNSAT in 23.75s
    cube 3898.250 (depth 1, 20 lits): TIMEOUT in 1200.10s
    cube 3898.250 TIMEOUT -> re-split into 245 sub-cubes (depth 2)
    cube 3898.250.0 (depth 2, 27 lits): UNSAT in 0.01s
    cube 3898.250.1 (depth 2, 28 lits): UNSAT in 0.02s
    cube 3898.250.2 (depth 2, 28 lits): UNSAT in 0.02s
    cube 3898.250.3 (depth 2, 27 lits): UNSAT in 0.01s
    cube 3898.250.4 (depth 2, 27 lits): UNSAT in 0.02s
    cube 3898.250.5 (depth 2, 27 lits): UNSAT in 0.01s
    cube 3898.250.6 (depth 2, 27 lits): UNSAT in 0.01s
    cube 3898.250.7 (depth 2, 28 lits): UNSAT in 0.02s
    cube 3898.250.8 (depth 2, 28 lits): UNSAT in 0.03s
    cube 3898.250.9 (depth 2, 28 lits): UNSAT in 0.01s
    cube 3898.250.10 (depth 2, 28 lits): UNSAT in 0.02s
    cube 3898.250.11 (depth 2, 28 lits): UNSAT in 0.01s
    cube 3898.250.12 (depth 2, 28 lits): UNSAT in 0.02s
    cube 3898.250.13 (depth 2, 28 lits): UNSAT in 0.03s
    cube 3898.250.14 (depth 2, 28 lits): UNSAT in 0.08s
    cube 3898.250.15 (depth 2, 28 lits): UNSAT in 0.02s
    cube 3898.250.16 (depth 2, 28 lits): UNSAT in 0.03s
    cube 3898.250.17 (depth 2, 28 lits): UNSAT in 0.04s
    cube 3898.250.18 (depth 2, 28 lits): UNSAT in 0.07s
    cube 3898.250.19 (depth 2, 28 lits): UNSAT in 0.02s
    cube 3898.250.20 (depth 2, 28 lits): UNSAT in 0.03s
    cube 3898.250.21 (depth 2, 28 lits): UNSAT in 0.03s
    cube 3898.250.22 (depth 2, 28 lits): UNSAT in 0.05s
    cube 3898.250.23 (depth 2, 28 lits): UNSAT in 0.03s
    cube 3898.250.24 (depth 2, 28 lits): UNSAT in 0.05s
    cube 3898.250.25 (depth 2, 28 lits): UNSAT in 0.07s
    cube 3898.250.26 (depth 2, 28 lits): UNSAT in 0.06s
    cube 3898.250.27 (depth 2, 27 lits): UNSAT in 0.01s
    cube 3898.250.28 (depth 2, 28 lits): UNSAT in 0.03s
    cube 3898.250.29 (depth 2, 28 lits): UNSAT in 0.04s
    cube 3898.250.30 (depth 2, 28 lits): UNSAT in 0.01s
    cube 3898.250.31 (depth 2, 28 lits): UNSAT in 0.02s
    cube 3898.250.32 (depth 2, 28 lits): UNSAT in 0.03s
    cube 3898.250.33 (depth 2, 28 lits): UNSAT in 0.11s
    cube 3898.250.34 (depth 2, 28 lits): UNSAT in 0.02s
    cube 3898.250.35 (depth 2, 28 lits): UNSAT in 0.02s
    cube 3898.250.36 (depth 2, 28 lits): UNSAT in 0.02s
    cube 3898.250.37 (depth 2, 28 lits): UNSAT in 0.03s
    cube 3898.250.38 (depth 2, 28 lits): UNSAT in 0.02s
    cube 3898.250.39 (depth 2, 28 lits): UNSAT in 0.03s
    cube 3898.250.40 (depth 2, 28 lits): UNSAT in 0.03s
    cube 3898.250.41 (depth 2, 28 lits): UNSAT in 0.03s
    cube 3898.250.42 (depth 2, 28 lits): UNSAT in 0.01s
    cube 3898.250.43 (depth 2, 28 lits): UNSAT in 0.05s
    cube 3898.250.44 (depth 2, 28 lits): UNSAT in 0.07s
    cube 3898.250.45 (depth 2, 28 lits): UNSAT in 0.06s
    cube 3898.250.46 (depth 2, 28 lits): UNSAT in 0.03s
    cube 3898.250.47 (depth 2, 28 lits): UNSAT in 0.16s
    cube 3898.250.48 (depth 2, 28 lits): UNSAT in 0.03s
    cube 3898.250.49 (depth 2, 28 lits): UNSAT in 0.09s
    cube 3898.250.50 (depth 2, 28 lits): UNSAT in 0.02s
    cube 3898.250.51 (depth 2, 28 lits): UNSAT in 0.03s
    cube 3898.250.52 (depth 2, 28 lits): UNSAT in 0.10s
    cube 3898.250.53 (depth 2, 28 lits): UNSAT in 0.18s
    cube 3898.250.54 (depth 2, 28 lits): UNSAT in 0.13s
    cube 3898.250.55 (depth 2, 28 lits): UNSAT in 0.28s
    cube 3898.250.56 (depth 2, 28 lits): UNSAT in 0.05s
    cube 3898.250.57 (depth 2, 28 lits): UNSAT in 0.56s
    cube 3898.250.58 (depth 2, 27 lits): UNSAT in 0.02s
    cube 3898.250.59 (depth 2, 27 lits): UNSAT in 0.01s
    cube 3898.250.60 (depth 2, 27 lits): UNSAT in 0.01s
    cube 3898.250.61 (depth 2, 27 lits): UNSAT in 0.02s
    cube 3898.250.62 (depth 2, 28 lits): UNSAT in 0.02s
    cube 3898.250.63 (depth 2, 28 lits): UNSAT in 0.03s
    cube 3898.250.64 (depth 2, 28 lits): UNSAT in 0.04s
    cube 3898.250.65 (depth 2, 28 lits): UNSAT in 0.02s
    cube 3898.250.66 (depth 2, 28 lits): UNSAT in 0.02s
    cube 3898.250.67 (depth 2, 28 lits): UNSAT in 0.04s
    cube 3898.250.68 (depth 2, 28 lits): UNSAT in 0.03s
    cube 3898.250.69 (depth 2, 28 lits): UNSAT in 0.11s
    cube 3898.250.70 (depth 2, 28 lits): UNSAT in 0.02s
    cube 3898.250.71 (depth 2, 28 lits): UNSAT in 0.02s
    cube 3898.250.72 (depth 2, 28 lits): UNSAT in 0.03s
    cube 3898.250.73 (depth 2, 28 lits): UNSAT in 0.05s
    cube 3898.250.74 (depth 2, 28 lits): UNSAT in 0.02s
    cube 3898.250.75 (depth 2, 28 lits): UNSAT in 0.04s
    cube 3898.250.76 (depth 2, 28 lits): UNSAT in 0.12s
    cube 3898.250.77 (depth 2, 28 lits): UNSAT in 0.03s
    cube 3898.250.78 (depth 2, 28 lits): UNSAT in 0.04s
    cube 3898.250.79 (depth 2, 28 lits): UNSAT in 0.04s
    cube 3898.250.80 (depth 2, 28 lits): UNSAT in 0.10s
    cube 3898.250.81 (depth 2, 28 lits): UNSAT in 0.14s
    cube 3898.250.82 (depth 2, 28 lits): UNSAT in 0.09s
    cube 3898.250.83 (depth 2, 28 lits): UNSAT in 0.10s
    cube 3898.250.84 (depth 2, 28 lits): UNSAT in 0.04s
    cube 3898.250.85 (depth 2, 28 lits): UNSAT in 0.14s
    cube 3898.250.86 (depth 2, 28 lits): UNSAT in 0.02s
    cube 3898.250.87 (depth 2, 28 lits): UNSAT in 0.03s
    cube 3898.250.88 (depth 2, 28 lits): UNSAT in 0.03s
    cube 3898.250.89 (depth 2, 28 lits): UNSAT in 0.02s
    cube 3898.250.90 (depth 2, 28 lits): UNSAT in 0.03s
    cube 3898.250.91 (depth 2, 28 lits): UNSAT in 0.04s
    cube 3898.250.92 (depth 2, 28 lits): UNSAT in 0.04s
    cube 3898.250.93 (depth 2, 28 lits): UNSAT in 0.03s
    cube 3898.250.94 (depth 2, 28 lits): UNSAT in 0.02s
    cube 3898.250.95 (depth 2, 28 lits): UNSAT in 0.06s
    cube 3898.250.96 (depth 2, 28 lits): UNSAT in 0.04s
    cube 3898.250.97 (depth 2, 28 lits): UNSAT in 0.04s
    cube 3898.250.98 (depth 2, 28 lits): UNSAT in 0.09s
    cube 3898.250.99 (depth 2, 28 lits): UNSAT in 0.11s
    cube 3898.250.100 (depth 2, 28 lits): UNSAT in 0.06s
    cube 3898.250.101 (depth 2, 28 lits): UNSAT in 0.46s
    cube 3898.250.102 (depth 2, 28 lits): UNSAT in 0.01s
    cube 3898.250.103 (depth 2, 28 lits): UNSAT in 0.06s
    cube 3898.250.104 (depth 2, 28 lits): UNSAT in 0.09s
    cube 3898.250.105 (depth 2, 28 lits): UNSAT in 0.31s
    cube 3898.250.106 (depth 2, 28 lits): UNSAT in 0.05s
    cube 3898.250.107 (depth 2, 28 lits): UNSAT in 0.03s
    cube 3898.250.108 (depth 2, 28 lits): UNSAT in 0.27s
    cube 3898.250.109 (depth 2, 28 lits): UNSAT in 0.67s
    cube 3898.250.110 (depth 2, 27 lits): UNSAT in 0.02s
    cube 3898.250.111 (depth 2, 28 lits): UNSAT in 0.13s
    cube 3898.250.112 (depth 2, 28 lits): UNSAT in 0.14s
    cube 3898.250.113 (depth 2, 28 lits): UNSAT in 0.02s
    cube 3898.250.114 (depth 2, 28 lits): UNSAT in 0.03s
    cube 3898.250.115 (depth 2, 28 lits): UNSAT in 0.53s
    cube 3898.250.116 (depth 2, 28 lits): UNSAT in 1.86s
    cube 3898.250.117 (depth 2, 28 lits): UNSAT in 0.02s
    cube 3898.250.118 (depth 2, 28 lits): UNSAT in 0.02s
    cube 3898.250.119 (depth 2, 28 lits): UNSAT in 0.02s
    cube 3898.250.120 (depth 2, 28 lits): UNSAT in 0.03s
    cube 3898.250.121 (depth 2, 28 lits): UNSAT in 0.02s
    cube 3898.250.122 (depth 2, 28 lits): UNSAT in 0.05s
    cube 3898.250.123 (depth 2, 28 lits): UNSAT in 0.05s
    cube 3898.250.124 (depth 2, 28 lits): UNSAT in 0.07s
    cube 3898.250.125 (depth 2, 28 lits): UNSAT in 0.02s
    cube 3898.250.126 (depth 2, 28 lits): UNSAT in 0.05s
    cube 3898.250.127 (depth 2, 28 lits): UNSAT in 0.02s
    cube 3898.250.128 (depth 2, 28 lits): UNSAT in 0.07s
    cube 3898.250.129 (depth 2, 28 lits): UNSAT in 0.03s
    cube 3898.250.130 (depth 2, 28 lits): UNSAT in 0.07s
    cube 3898.250.131 (depth 2, 28 lits): UNSAT in 0.10s
    cube 3898.250.132 (depth 2, 28 lits): UNSAT in 0.46s
    cube 3898.250.133 (depth 2, 28 lits): UNSAT in 0.02s
    cube 3898.250.134 (depth 2, 28 lits): UNSAT in 0.05s
    cube 3898.250.135 (depth 2, 28 lits): UNSAT in 0.02s
    cube 3898.250.136 (depth 2, 28 lits): UNSAT in 0.12s
    cube 3898.250.137 (depth 2, 28 lits): UNSAT in 0.02s
    cube 3898.250.138 (depth 2, 28 lits): UNSAT in 0.04s
    cube 3898.250.139 (depth 2, 28 lits): UNSAT in 0.07s
    cube 3898.250.140 (depth 2, 28 lits): UNSAT in 0.37s
    cube 3898.250.141 (depth 2, 28 lits): UNSAT in 0.03s
    cube 3898.250.142 (depth 2, 28 lits): UNSAT in 0.12s
    cube 3898.250.143 (depth 2, 28 lits): UNSAT in 0.13s
    cube 3898.250.144 (depth 2, 28 lits): UNSAT in 0.18s
    cube 3898.250.145 (depth 2, 28 lits): UNSAT in 0.08s
    cube 3898.250.146 (depth 2, 28 lits): UNSAT in 0.32s
    cube 3898.250.147 (depth 2, 28 lits): UNSAT in 0.27s
    cube 3898.250.148 (depth 2, 28 lits): UNSAT in 2.93s
    cube 3898.250.149 (depth 2, 28 lits): UNSAT in 0.04s
    cube 3898.250.150 (depth 2, 28 lits): UNSAT in 0.08s
    cube 3898.250.151 (depth 2, 28 lits): UNSAT in 0.04s
    cube 3898.250.152 (depth 2, 28 lits): UNSAT in 0.04s
    cube 3898.250.153 (depth 2, 28 lits): UNSAT in 0.01s
    cube 3898.250.154 (depth 2, 28 lits): UNSAT in 0.02s
    cube 3898.250.155 (depth 2, 28 lits): UNSAT in 0.02s
    cube 3898.250.156 (depth 2, 28 lits): UNSAT in 0.18s
    cube 3898.250.157 (depth 2, 28 lits): UNSAT in 0.03s
    cube 3898.250.158 (depth 2, 28 lits): UNSAT in 0.05s
    cube 3898.250.159 (depth 2, 28 lits): UNSAT in 0.02s
    cube 3898.250.160 (depth 2, 28 lits): UNSAT in 0.04s
    cube 3898.250.161 (depth 2, 28 lits): UNSAT in 0.01s
    cube 3898.250.162 (depth 2, 28 lits): UNSAT in 0.03s
    cube 3898.250.163 (depth 2, 28 lits): UNSAT in 0.04s
    cube 3898.250.164 (depth 2, 28 lits): UNSAT in 0.18s
    cube 3898.250.165 (depth 2, 28 lits): UNSAT in 0.03s
    cube 3898.250.166 (depth 2, 28 lits): UNSAT in 0.04s
    cube 3898.250.167 (depth 2, 28 lits): UNSAT in 0.06s
    cube 3898.250.168 (depth 2, 28 lits): UNSAT in 0.20s
    cube 3898.250.169 (depth 2, 28 lits): UNSAT in 0.03s
    cube 3898.250.170 (depth 2, 28 lits): UNSAT in 0.20s
    cube 3898.250.171 (depth 2, 28 lits): UNSAT in 0.29s
    cube 3898.250.172 (depth 2, 28 lits): UNSAT in 0.19s
    cube 3898.250.173 (depth 2, 28 lits): UNSAT in 0.02s
    cube 3898.250.174 (depth 2, 28 lits): UNSAT in 0.07s
    cube 3898.250.175 (depth 2, 28 lits): UNSAT in 0.04s
    cube 3898.250.176 (depth 2, 28 lits): UNSAT in 0.15s
    cube 3898.250.177 (depth 2, 28 lits): UNSAT in 0.04s
    cube 3898.250.178 (depth 2, 28 lits): UNSAT in 0.11s
    cube 3898.250.179 (depth 2, 28 lits): UNSAT in 0.27s
    cube 3898.250.180 (depth 2, 28 lits): UNSAT in 1.32s
    cube 3898.250.181 (depth 2, 28 lits): UNSAT in 0.02s
    cube 3898.250.182 (depth 2, 28 lits): UNSAT in 0.02s
    cube 3898.250.183 (depth 2, 28 lits): UNSAT in 0.02s
    cube 3898.250.184 (depth 2, 28 lits): UNSAT in 0.11s
    cube 3898.250.185 (depth 2, 28 lits): UNSAT in 0.02s
    cube 3898.250.186 (depth 2, 28 lits): UNSAT in 0.08s
    cube 3898.250.187 (depth 2, 28 lits): UNSAT in 0.04s
    cube 3898.250.188 (depth 2, 28 lits): UNSAT in 0.89s
    cube 3898.250.189 (depth 2, 28 lits): UNSAT in 0.07s
    cube 3898.250.190 (depth 2, 28 lits): UNSAT in 0.11s
    cube 3898.250.191 (depth 2, 28 lits): UNSAT in 0.19s
    cube 3898.250.192 (depth 2, 28 lits): UNSAT in 0.53s
    cube 3898.250.193 (depth 2, 28 lits): UNSAT in 0.08s
    cube 3898.250.194 (depth 2, 28 lits): UNSAT in 0.22s
    cube 3898.250.195 (depth 2, 28 lits): UNSAT in 0.24s
    cube 3898.250.196 (depth 2, 28 lits): UNSAT in 1.05s
    cube 3898.250.197 (depth 2, 28 lits): UNSAT in 0.04s
    cube 3898.250.198 (depth 2, 28 lits): UNSAT in 0.16s
    cube 3898.250.199 (depth 2, 28 lits): UNSAT in 0.09s
    cube 3898.250.200 (depth 2, 28 lits): UNSAT in 0.18s
    cube 3898.250.201 (depth 2, 28 lits): UNSAT in 0.06s
    cube 3898.250.202 (depth 2, 28 lits): UNSAT in 0.17s
    cube 3898.250.203 (depth 2, 28 lits): UNSAT in 0.64s
    cube 3898.250.204 (depth 2, 28 lits): UNSAT in 2.33s
    cube 3898.250.205 (depth 2, 28 lits): UNSAT in 0.12s
    cube 3898.250.206 (depth 2, 28 lits): UNSAT in 0.07s
    cube 3898.250.207 (depth 2, 28 lits): UNSAT in 0.06s
    cube 3898.250.208 (depth 2, 28 lits): UNSAT in 0.17s
    cube 3898.250.209 (depth 2, 28 lits): UNSAT in 0.16s
    cube 3898.250.210 (depth 2, 28 lits): UNSAT in 0.51s
    cube 3898.250.211 (depth 2, 28 lits): UNSAT in 1.63s
    cube 3898.250.212 (depth 2, 28 lits): UNSAT in 2.49s
    cube 3898.250.213 (depth 2, 28 lits): UNSAT in 0.07s
    cube 3898.250.214 (depth 2, 28 lits): UNSAT in 0.12s
    cube 3898.250.215 (depth 2, 28 lits): UNSAT in 0.06s
    cube 3898.250.216 (depth 2, 28 lits): UNSAT in 0.27s
    cube 3898.250.217 (depth 2, 28 lits): UNSAT in 0.23s
    cube 3898.250.218 (depth 2, 28 lits): UNSAT in 0.50s
    cube 3898.250.219 (depth 2, 28 lits): UNSAT in 1.70s
    cube 3898.250.220 (depth 2, 28 lits): UNSAT in 7.55s
    cube 3898.250.221 (depth 2, 28 lits): UNSAT in 0.64s
    cube 3898.250.222 (depth 2, 28 lits): UNSAT in 0.37s
    cube 3898.250.223 (depth 2, 28 lits): UNSAT in 0.47s
    cube 3898.250.224 (depth 2, 28 lits): UNSAT in 0.74s
    cube 3898.250.225 (depth 2, 28 lits): UNSAT in 1.22s
    cube 3898.250.226 (depth 2, 28 lits): UNSAT in 6.88s
    cube 3898.250.227 (depth 2, 28 lits): UNSAT in 3.65s
    cube 3898.250.228 (depth 2, 28 lits): UNSAT in 4.60s
    cube 3898.250.229 (depth 2, 28 lits): UNSAT in 0.17s
    cube 3898.250.230 (depth 2, 28 lits): UNSAT in 0.31s
    cube 3898.250.231 (depth 2, 28 lits): UNSAT in 0.39s
    cube 3898.250.232 (depth 2, 28 lits): UNSAT in 1.73s
    cube 3898.250.233 (depth 2, 28 lits): UNSAT in 0.68s
    cube 3898.250.234 (depth 2, 28 lits): UNSAT in 0.92s
    cube 3898.250.235 (depth 2, 28 lits): UNSAT in 2.74s
    cube 3898.250.236 (depth 2, 28 lits): UNSAT in 6.24s
    cube 3898.250.237 (depth 2, 28 lits): UNSAT in 2.01s
    cube 3898.250.238 (depth 2, 28 lits): UNSAT in 3.88s
    cube 3898.250.239 (depth 2, 28 lits): UNSAT in 1.25s
    cube 3898.250.240 (depth 2, 28 lits): UNSAT in 14.54s
    cube 3898.250.241 (depth 2, 28 lits): UNSAT in 2.67s
    cube 3898.250.242 (depth 2, 28 lits): UNSAT in 13.51s
    cube 3898.250.243 (depth 2, 28 lits): UNSAT in 5.20s
    cube 3898.250.244 (depth 2, 28 lits): UNSAT in 44.30s
    cube 3898.251 (depth 1, 20 lits): UNSAT in 47.18s
    cube 3898.252 (depth 1, 20 lits): TIMEOUT in 1200.10s
    cube 3898.252 TIMEOUT -> re-split into 246 sub-cubes (depth 2)
    cube 3898.252.0 (depth 2, 26 lits): UNSAT in 0.01s
    cube 3898.252.1 (depth 2, 28 lits): UNSAT in 0.02s
    cube 3898.252.2 (depth 2, 28 lits): UNSAT in 0.02s
    cube 3898.252.3 (depth 2, 27 lits): UNSAT in 0.02s
    cube 3898.252.4 (depth 2, 27 lits): UNSAT in 0.02s
    cube 3898.252.5 (depth 2, 27 lits): UNSAT in 0.02s
    cube 3898.252.6 (depth 2, 28 lits): UNSAT in 0.02s
    cube 3898.252.7 (depth 2, 28 lits): UNSAT in 0.02s
    cube 3898.252.8 (depth 2, 28 lits): UNSAT in 0.02s
    cube 3898.252.9 (depth 2, 28 lits): UNSAT in 0.02s
    cube 3898.252.10 (depth 2, 28 lits): UNSAT in 0.02s
    cube 3898.252.11 (depth 2, 28 lits): UNSAT in 0.02s
    cube 3898.252.12 (depth 2, 28 lits): UNSAT in 0.02s
    cube 3898.252.13 (depth 2, 28 lits): UNSAT in 0.03s
    cube 3898.252.14 (depth 2, 28 lits): UNSAT in 0.02s
    cube 3898.252.15 (depth 2, 28 lits): UNSAT in 0.03s
    cube 3898.252.16 (depth 2, 28 lits): UNSAT in 0.02s
    cube 3898.252.17 (depth 2, 28 lits): UNSAT in 0.04s
    cube 3898.252.18 (depth 2, 28 lits): UNSAT in 0.01s
    cube 3898.252.19 (depth 2, 28 lits): UNSAT in 0.02s
    cube 3898.252.20 (depth 2, 28 lits): UNSAT in 0.02s
    cube 3898.252.21 (depth 2, 28 lits): UNSAT in 0.03s
    cube 3898.252.22 (depth 2, 28 lits): UNSAT in 0.02s
    cube 3898.252.23 (depth 2, 28 lits): UNSAT in 0.03s
    cube 3898.252.24 (depth 2, 28 lits): UNSAT in 0.04s
    cube 3898.252.25 (depth 2, 28 lits): UNSAT in 0.05s
    cube 3898.252.26 (depth 2, 27 lits): UNSAT in 0.01s
    cube 3898.252.27 (depth 2, 27 lits): UNSAT in 0.01s
    cube 3898.252.28 (depth 2, 28 lits): UNSAT in 0.02s
    cube 3898.252.29 (depth 2, 28 lits): UNSAT in 0.02s
    cube 3898.252.30 (depth 2, 28 lits): UNSAT in 0.02s
    cube 3898.252.31 (depth 2, 28 lits): UNSAT in 0.02s
    cube 3898.252.32 (depth 2, 28 lits): UNSAT in 0.01s
    cube 3898.252.33 (depth 2, 28 lits): UNSAT in 0.02s
    cube 3898.252.34 (depth 2, 28 lits): UNSAT in 0.01s
    cube 3898.252.35 (depth 2, 28 lits): UNSAT in 0.02s
    cube 3898.252.36 (depth 2, 28 lits): UNSAT in 0.02s
    cube 3898.252.37 (depth 2, 28 lits): UNSAT in 0.03s
    cube 3898.252.38 (depth 2, 28 lits): UNSAT in 0.03s
    cube 3898.252.39 (depth 2, 28 lits): UNSAT in 0.09s
    cube 3898.252.40 (depth 2, 28 lits): UNSAT in 0.02s
    cube 3898.252.41 (depth 2, 28 lits): UNSAT in 0.02s
    cube 3898.252.42 (depth 2, 28 lits): UNSAT in 0.02s
    cube 3898.252.43 (depth 2, 28 lits): UNSAT in 0.04s
    cube 3898.252.44 (depth 2, 28 lits): UNSAT in 0.02s
    cube 3898.252.45 (depth 2, 28 lits): UNSAT in 0.05s
    cube 3898.252.46 (depth 2, 28 lits): UNSAT in 0.09s
    cube 3898.252.47 (depth 2, 28 lits): UNSAT in 0.12s
    cube 3898.252.48 (depth 2, 28 lits): UNSAT in 0.01s
    cube 3898.252.49 (depth 2, 28 lits): UNSAT in 0.05s
    cube 3898.252.50 (depth 2, 28 lits): UNSAT in 0.04s
    cube 3898.252.51 (depth 2, 28 lits): UNSAT in 0.26s
    cube 3898.252.52 (depth 2, 28 lits): UNSAT in 0.09s
    cube 3898.252.53 (depth 2, 28 lits): UNSAT in 0.25s
    cube 3898.252.54 (depth 2, 28 lits): UNSAT in 0.37s
    cube 3898.252.55 (depth 2, 28 lits): UNSAT in 0.15s
    cube 3898.252.56 (depth 2, 28 lits): UNSAT in 0.02s
    cube 3898.252.57 (depth 2, 28 lits): UNSAT in 0.03s
    cube 3898.252.58 (depth 2, 28 lits): UNSAT in 0.02s
    cube 3898.252.59 (depth 2, 28 lits): UNSAT in 0.03s
    cube 3898.252.60 (depth 2, 28 lits): UNSAT in 0.02s
    cube 3898.252.61 (depth 2, 28 lits): UNSAT in 0.04s
    cube 3898.252.62 (depth 2, 28 lits): UNSAT in 0.03s
    cube 3898.252.63 (depth 2, 28 lits): UNSAT in 0.02s
    cube 3898.252.64 (depth 2, 28 lits): UNSAT in 0.02s
    cube 3898.252.65 (depth 2, 28 lits): UNSAT in 0.03s
    cube 3898.252.66 (depth 2, 28 lits): UNSAT in 0.02s
    cube 3898.252.67 (depth 2, 28 lits): UNSAT in 0.05s
    cube 3898.252.68 (depth 2, 28 lits): UNSAT in 0.02s
    cube 3898.252.69 (depth 2, 28 lits): UNSAT in 0.03s
    cube 3898.252.70 (depth 2, 28 lits): UNSAT in 0.12s
    cube 3898.252.71 (depth 2, 28 lits): UNSAT in 0.27s
    cube 3898.252.72 (depth 2, 28 lits): UNSAT in 0.01s
    cube 3898.252.73 (depth 2, 28 lits): UNSAT in 0.03s
    cube 3898.252.74 (depth 2, 28 lits): UNSAT in 0.04s
    cube 3898.252.75 (depth 2, 28 lits): UNSAT in 0.04s
    cube 3898.252.76 (depth 2, 28 lits): UNSAT in 0.02s
    cube 3898.252.77 (depth 2, 28 lits): UNSAT in 0.01s
    cube 3898.252.78 (depth 2, 28 lits): UNSAT in 0.16s
    cube 3898.252.79 (depth 2, 28 lits): UNSAT in 0.19s
    cube 3898.252.80 (depth 2, 28 lits): UNSAT in 0.04s
    cube 3898.252.81 (depth 2, 28 lits): UNSAT in 0.04s
    cube 3898.252.82 (depth 2, 28 lits): UNSAT in 0.03s
    cube 3898.252.83 (depth 2, 28 lits): UNSAT in 0.11s
    cube 3898.252.84 (depth 2, 28 lits): UNSAT in 0.12s
    cube 3898.252.85 (depth 2, 28 lits): UNSAT in 0.25s
    cube 3898.252.86 (depth 2, 28 lits): UNSAT in 0.10s
    cube 3898.252.87 (depth 2, 28 lits): UNSAT in 1.28s
    cube 3898.252.88 (depth 2, 28 lits): UNSAT in 0.02s
    cube 3898.252.89 (depth 2, 28 lits): UNSAT in 0.02s
    cube 3898.252.90 (depth 2, 28 lits): UNSAT in 0.04s
    cube 3898.252.91 (depth 2, 28 lits): UNSAT in 0.07s
    cube 3898.252.92 (depth 2, 28 lits): UNSAT in 0.03s
    cube 3898.252.93 (depth 2, 28 lits): UNSAT in 0.04s
    cube 3898.252.94 (depth 2, 28 lits): UNSAT in 0.07s
    cube 3898.252.95 (depth 2, 28 lits): UNSAT in 0.51s
    cube 3898.252.96 (depth 2, 28 lits): UNSAT in 0.02s
    cube 3898.252.97 (depth 2, 28 lits): UNSAT in 0.06s
    cube 3898.252.98 (depth 2, 28 lits): UNSAT in 0.38s
    cube 3898.252.99 (depth 2, 28 lits): UNSAT in 0.92s
    cube 3898.252.100 (depth 2, 28 lits): UNSAT in 0.06s
    cube 3898.252.101 (depth 2, 28 lits): UNSAT in 0.24s
    cube 3898.252.102 (depth 2, 28 lits): UNSAT in 0.40s
    cube 3898.252.103 (depth 2, 28 lits): UNSAT in 4.97s
    cube 3898.252.104 (depth 2, 28 lits): UNSAT in 0.08s
    cube 3898.252.105 (depth 2, 28 lits): UNSAT in 0.24s
    cube 3898.252.106 (depth 2, 28 lits): UNSAT in 0.10s
    cube 3898.252.107 (depth 2, 28 lits): UNSAT in 0.53s
    cube 3898.252.108 (depth 2, 28 lits): UNSAT in 0.38s
    cube 3898.252.109 (depth 2, 28 lits): UNSAT in 1.46s
    cube 3898.252.110 (depth 2, 28 lits): UNSAT in 0.66s
    cube 3898.252.111 (depth 2, 28 lits): UNSAT in 2.93s
    cube 3898.252.112 (depth 2, 28 lits): UNSAT in 0.09s
    cube 3898.252.113 (depth 2, 28 lits): UNSAT in 0.65s
    cube 3898.252.114 (depth 2, 28 lits): UNSAT in 0.85s
    cube 3898.252.115 (depth 2, 28 lits): UNSAT in 10.25s
    cube 3898.252.116 (depth 2, 28 lits): UNSAT in 0.78s
    cube 3898.252.117 (depth 2, 28 lits): UNSAT in 12.22s
    cube 3898.252.118 (depth 2, 28 lits): UNSAT in 17.07s
    cube 3898.252.119 (depth 2, 28 lits): UNSAT in 89.60s
    cube 3898.252.120 (depth 2, 27 lits): UNSAT in 0.02s
    cube 3898.252.121 (depth 2, 28 lits): UNSAT in 0.01s
    cube 3898.252.122 (depth 2, 28 lits): UNSAT in 0.02s
    cube 3898.252.123 (depth 2, 28 lits): UNSAT in 0.02s
    cube 3898.252.124 (depth 2, 28 lits): UNSAT in 0.02s
    cube 3898.252.125 (depth 2, 28 lits): UNSAT in 0.03s
    cube 3898.252.126 (depth 2, 28 lits): UNSAT in 0.04s
    cube 3898.252.127 (depth 2, 28 lits): UNSAT in 0.02s
    cube 3898.252.128 (depth 2, 28 lits): UNSAT in 0.04s
    cube 3898.252.129 (depth 2, 28 lits): UNSAT in 0.04s
    cube 3898.252.130 (depth 2, 28 lits): UNSAT in 0.07s
    cube 3898.252.131 (depth 2, 28 lits): UNSAT in 0.03s
    cube 3898.252.132 (depth 2, 28 lits): UNSAT in 0.10s
    cube 3898.252.133 (depth 2, 28 lits): UNSAT in 0.05s
    cube 3898.252.134 (depth 2, 28 lits): UNSAT in 0.13s
    cube 3898.252.135 (depth 2, 28 lits): UNSAT in 0.02s
    cube 3898.252.136 (depth 2, 28 lits): UNSAT in 0.01s
    cube 3898.252.137 (depth 2, 28 lits): UNSAT in 0.02s
    cube 3898.252.138 (depth 2, 28 lits): UNSAT in 0.06s
    cube 3898.252.139 (depth 2, 28 lits): UNSAT in 0.04s
    cube 3898.252.140 (depth 2, 28 lits): UNSAT in 0.04s
    cube 3898.252.141 (depth 2, 28 lits): UNSAT in 0.04s
    cube 3898.252.142 (depth 2, 28 lits): UNSAT in 0.20s
    cube 3898.252.143 (depth 2, 28 lits): UNSAT in 0.02s
    cube 3898.252.144 (depth 2, 28 lits): UNSAT in 0.04s
    cube 3898.252.145 (depth 2, 28 lits): UNSAT in 0.07s
    cube 3898.252.146 (depth 2, 28 lits): UNSAT in 0.10s
    cube 3898.252.147 (depth 2, 28 lits): UNSAT in 0.11s
    cube 3898.252.148 (depth 2, 28 lits): UNSAT in 0.08s
    cube 3898.252.149 (depth 2, 28 lits): UNSAT in 0.27s
    cube 3898.252.150 (depth 2, 28 lits): UNSAT in 0.59s
    cube 3898.252.151 (depth 2, 27 lits): UNSAT in 0.02s
    cube 3898.252.152 (depth 2, 28 lits): UNSAT in 0.02s
    cube 3898.252.153 (depth 2, 28 lits): UNSAT in 0.02s
    cube 3898.252.154 (depth 2, 28 lits): UNSAT in 0.03s
    cube 3898.252.155 (depth 2, 28 lits): UNSAT in 0.01s
    cube 3898.252.156 (depth 2, 28 lits): UNSAT in 0.02s
    cube 3898.252.157 (depth 2, 28 lits): UNSAT in 0.07s
    cube 3898.252.158 (depth 2, 28 lits): UNSAT in 0.02s
    cube 3898.252.159 (depth 2, 28 lits): UNSAT in 0.07s
    cube 3898.252.160 (depth 2, 28 lits): UNSAT in 0.15s
    cube 3898.252.161 (depth 2, 28 lits): UNSAT in 0.21s
    cube 3898.252.162 (depth 2, 28 lits): UNSAT in 0.07s
    cube 3898.252.163 (depth 2, 28 lits): UNSAT in 0.20s
    cube 3898.252.164 (depth 2, 28 lits): UNSAT in 0.23s
    cube 3898.252.165 (depth 2, 28 lits): UNSAT in 0.80s
    cube 3898.252.166 (depth 2, 28 lits): UNSAT in 0.02s
    cube 3898.252.167 (depth 2, 28 lits): UNSAT in 0.03s
    cube 3898.252.168 (depth 2, 28 lits): UNSAT in 0.02s
    cube 3898.252.169 (depth 2, 28 lits): UNSAT in 0.03s
    cube 3898.252.170 (depth 2, 28 lits): UNSAT in 0.07s
    cube 3898.252.171 (depth 2, 28 lits): UNSAT in 0.06s
    cube 3898.252.172 (depth 2, 28 lits): UNSAT in 0.07s
    cube 3898.252.173 (depth 2, 28 lits): UNSAT in 0.13s
    cube 3898.252.174 (depth 2, 28 lits): UNSAT in 0.03s
    cube 3898.252.175 (depth 2, 28 lits): UNSAT in 0.13s
    cube 3898.252.176 (depth 2, 28 lits): UNSAT in 0.14s
    cube 3898.252.177 (depth 2, 28 lits): UNSAT in 0.18s
    cube 3898.252.178 (depth 2, 28 lits): UNSAT in 0.33s
    cube 3898.252.179 (depth 2, 28 lits): UNSAT in 0.72s
    cube 3898.252.180 (depth 2, 28 lits): UNSAT in 1.25s
    cube 3898.252.181 (depth 2, 28 lits): UNSAT in 3.39s
    cube 3898.252.182 (depth 2, 28 lits): UNSAT in 0.02s
    cube 3898.252.183 (depth 2, 28 lits): UNSAT in 0.02s
    cube 3898.252.184 (depth 2, 28 lits): UNSAT in 0.02s
    cube 3898.252.185 (depth 2, 28 lits): UNSAT in 0.05s
    cube 3898.252.186 (depth 2, 28 lits): UNSAT in 0.02s
    cube 3898.252.187 (depth 2, 28 lits): UNSAT in 0.02s
    cube 3898.252.188 (depth 2, 28 lits): UNSAT in 0.10s
    cube 3898.252.189 (depth 2, 28 lits): UNSAT in 0.16s
    cube 3898.252.190 (depth 2, 28 lits): UNSAT in 0.02s
    cube 3898.252.191 (depth 2, 28 lits): UNSAT in 0.10s
    cube 3898.252.192 (depth 2, 28 lits): UNSAT in 0.06s
    cube 3898.252.193 (depth 2, 28 lits): UNSAT in 0.15s
    cube 3898.252.194 (depth 2, 28 lits): UNSAT in 0.15s
    cube 3898.252.195 (depth 2, 28 lits): UNSAT in 0.35s
    cube 3898.252.196 (depth 2, 28 lits): UNSAT in 0.16s
    cube 3898.252.197 (depth 2, 28 lits): UNSAT in 0.39s
    cube 3898.252.198 (depth 2, 28 lits): UNSAT in 0.03s
    cube 3898.252.199 (depth 2, 28 lits): UNSAT in 0.07s
    cube 3898.252.200 (depth 2, 28 lits): UNSAT in 0.02s
    cube 3898.252.201 (depth 2, 28 lits): UNSAT in 0.09s
    cube 3898.252.202 (depth 2, 28 lits): UNSAT in 0.06s
    cube 3898.252.203 (depth 2, 28 lits): UNSAT in 0.04s
    cube 3898.252.204 (depth 2, 28 lits): UNSAT in 0.08s
    cube 3898.252.205 (depth 2, 28 lits): UNSAT in 0.71s
    cube 3898.252.206 (depth 2, 28 lits): UNSAT in 0.11s
    cube 3898.252.207 (depth 2, 28 lits): UNSAT in 0.20s
    cube 3898.252.208 (depth 2, 28 lits): UNSAT in 0.16s
    cube 3898.252.209 (depth 2, 28 lits): UNSAT in 0.44s
    cube 3898.252.210 (depth 2, 28 lits): UNSAT in 0.09s
    cube 3898.252.211 (depth 2, 28 lits): UNSAT in 0.68s
    cube 3898.252.212 (depth 2, 28 lits): UNSAT in 0.09s
    cube 3898.252.213 (depth 2, 28 lits): UNSAT in 1.65s
    cube 3898.252.214 (depth 2, 28 lits): UNSAT in 0.03s
    cube 3898.252.215 (depth 2, 28 lits): UNSAT in 0.05s
    cube 3898.252.216 (depth 2, 28 lits): UNSAT in 0.12s
    cube 3898.252.217 (depth 2, 28 lits): UNSAT in 0.86s
    cube 3898.252.218 (depth 2, 28 lits): UNSAT in 0.06s
    cube 3898.252.219 (depth 2, 28 lits): UNSAT in 0.59s
    cube 3898.252.220 (depth 2, 28 lits): UNSAT in 0.16s
    cube 3898.252.221 (depth 2, 28 lits): UNSAT in 0.71s
    cube 3898.252.222 (depth 2, 28 lits): UNSAT in 0.15s
    cube 3898.252.223 (depth 2, 28 lits): UNSAT in 0.61s
    cube 3898.252.224 (depth 2, 28 lits): UNSAT in 0.43s
    cube 3898.252.225 (depth 2, 28 lits): UNSAT in 0.92s
    cube 3898.252.226 (depth 2, 28 lits): UNSAT in 0.41s
    cube 3898.252.227 (depth 2, 28 lits): UNSAT in 2.41s
    cube 3898.252.228 (depth 2, 28 lits): UNSAT in 0.89s
    cube 3898.252.229 (depth 2, 28 lits): UNSAT in 6.79s
    cube 3898.252.230 (depth 2, 28 lits): UNSAT in 0.17s
    cube 3898.252.231 (depth 2, 28 lits): UNSAT in 1.01s
    cube 3898.252.232 (depth 2, 28 lits): UNSAT in 0.22s
    cube 3898.252.233 (depth 2, 28 lits): UNSAT in 0.61s
    cube 3898.252.234 (depth 2, 28 lits): UNSAT in 0.13s
    cube 3898.252.235 (depth 2, 28 lits): UNSAT in 0.14s
    cube 3898.252.236 (depth 2, 28 lits): UNSAT in 1.72s
    cube 3898.252.237 (depth 2, 28 lits): UNSAT in 17.85s
    cube 3898.252.238 (depth 2, 28 lits): UNSAT in 0.40s
    cube 3898.252.239 (depth 2, 28 lits): UNSAT in 1.34s
    cube 3898.252.240 (depth 2, 28 lits): UNSAT in 1.98s
    cube 3898.252.241 (depth 2, 28 lits): UNSAT in 11.76s
    cube 3898.252.242 (depth 2, 28 lits): UNSAT in 5.25s
    cube 3898.252.243 (depth 2, 28 lits): UNSAT in 40.67s
    cube 3898.252.244 (depth 2, 28 lits): UNSAT in 38.04s
    cube 3898.252.245 (depth 2, 28 lits): UNSAT in 30.40s
    cube 3898.253 (depth 1, 20 lits): TIMEOUT in 1200.09s
    cube 3898.253 TIMEOUT -> re-split into 246 sub-cubes (depth 2)
    cube 3898.253.0 (depth 2, 26 lits): UNSAT in 0.02s
    cube 3898.253.1 (depth 2, 27 lits): UNSAT in 0.01s
    cube 3898.253.2 (depth 2, 28 lits): UNSAT in 0.03s
    cube 3898.253.3 (depth 2, 28 lits): UNSAT in 0.04s
    cube 3898.253.4 (depth 2, 28 lits): UNSAT in 0.01s
    cube 3898.253.5 (depth 2, 28 lits): UNSAT in 0.01s
    cube 3898.253.6 (depth 2, 28 lits): UNSAT in 0.01s
    cube 3898.253.7 (depth 2, 28 lits): UNSAT in 0.02s
    cube 3898.253.8 (depth 2, 27 lits): UNSAT in 0.02s
    cube 3898.253.9 (depth 2, 28 lits): UNSAT in 0.03s
    cube 3898.253.10 (depth 2, 28 lits): UNSAT in 0.02s
    cube 3898.253.11 (depth 2, 27 lits): UNSAT in 0.01s
    cube 3898.253.12 (depth 2, 28 lits): UNSAT in 0.02s
    cube 3898.253.13 (depth 2, 28 lits): UNSAT in 0.02s
    cube 3898.253.14 (depth 2, 28 lits): UNSAT in 0.01s
    cube 3898.253.15 (depth 2, 28 lits): UNSAT in 0.04s
    cube 3898.253.16 (depth 2, 28 lits): UNSAT in 0.02s
    cube 3898.253.17 (depth 2, 28 lits): UNSAT in 0.02s
    cube 3898.253.18 (depth 2, 28 lits): UNSAT in 0.02s
    cube 3898.253.19 (depth 2, 28 lits): UNSAT in 0.03s
    cube 3898.253.20 (depth 2, 28 lits): UNSAT in 0.02s
    cube 3898.253.21 (depth 2, 28 lits): UNSAT in 0.03s
    cube 3898.253.22 (depth 2, 28 lits): UNSAT in 0.03s
    cube 3898.253.23 (depth 2, 28 lits): UNSAT in 0.08s
    cube 3898.253.24 (depth 2, 28 lits): UNSAT in 0.04s
    cube 3898.253.25 (depth 2, 28 lits): UNSAT in 0.08s
    cube 3898.253.26 (depth 2, 28 lits): UNSAT in 0.01s
    cube 3898.253.27 (depth 2, 28 lits): UNSAT in 0.02s
    cube 3898.253.28 (depth 2, 28 lits): UNSAT in 0.02s
    cube 3898.253.29 (depth 2, 28 lits): UNSAT in 0.04s
    cube 3898.253.30 (depth 2, 28 lits): UNSAT in 0.02s
    cube 3898.253.31 (depth 2, 28 lits): UNSAT in 0.03s
    cube 3898.253.32 (depth 2, 28 lits): UNSAT in 0.05s
    cube 3898.253.33 (depth 2, 28 lits): UNSAT in 0.10s
    cube 3898.253.34 (depth 2, 27 lits): UNSAT in 0.02s
    cube 3898.253.35 (depth 2, 28 lits): UNSAT in 0.01s
    cube 3898.253.36 (depth 2, 28 lits): UNSAT in 0.03s
    cube 3898.253.37 (depth 2, 28 lits): UNSAT in 0.02s
    cube 3898.253.38 (depth 2, 28 lits): UNSAT in 0.02s
    cube 3898.253.39 (depth 2, 28 lits): UNSAT in 0.05s
    cube 3898.253.40 (depth 2, 28 lits): UNSAT in 0.05s
    cube 3898.253.41 (depth 2, 28 lits): UNSAT in 0.02s
    cube 3898.253.42 (depth 2, 28 lits): UNSAT in 0.04s
    cube 3898.253.43 (depth 2, 28 lits): UNSAT in 0.03s
    cube 3898.253.44 (depth 2, 28 lits): UNSAT in 0.06s
    cube 3898.253.45 (depth 2, 28 lits): UNSAT in 0.02s
    cube 3898.253.46 (depth 2, 28 lits): UNSAT in 0.10s
    cube 3898.253.47 (depth 2, 28 lits): UNSAT in 0.11s
    cube 3898.253.48 (depth 2, 28 lits): UNSAT in 0.16s
    cube 3898.253.49 (depth 2, 28 lits): UNSAT in 0.03s
    cube 3898.253.50 (depth 2, 28 lits): UNSAT in 0.05s
    cube 3898.253.51 (depth 2, 28 lits): UNSAT in 0.06s
    cube 3898.253.52 (depth 2, 28 lits): UNSAT in 0.23s
    cube 3898.253.53 (depth 2, 28 lits): UNSAT in 0.03s
    cube 3898.253.54 (depth 2, 28 lits): UNSAT in 0.10s
    cube 3898.253.55 (depth 2, 28 lits): UNSAT in 0.18s
    cube 3898.253.56 (depth 2, 28 lits): UNSAT in 0.84s
    cube 3898.253.57 (depth 2, 28 lits): UNSAT in 0.01s
    cube 3898.253.58 (depth 2, 28 lits): UNSAT in 0.02s
    cube 3898.253.59 (depth 2, 28 lits): UNSAT in 0.02s
    cube 3898.253.60 (depth 2, 28 lits): UNSAT in 0.04s
    cube 3898.253.61 (depth 2, 28 lits): UNSAT in 0.02s
    cube 3898.253.62 (depth 2, 28 lits): UNSAT in 0.02s
    cube 3898.253.63 (depth 2, 28 lits): UNSAT in 0.02s
    cube 3898.253.64 (depth 2, 28 lits): UNSAT in 0.02s
    cube 3898.253.65 (depth 2, 28 lits): UNSAT in 0.02s
    cube 3898.253.66 (depth 2, 28 lits): UNSAT in 0.02s
    cube 3898.253.67 (depth 2, 28 lits): UNSAT in 0.02s
    cube 3898.253.68 (depth 2, 28 lits): UNSAT in 0.04s
    cube 3898.253.69 (depth 2, 28 lits): UNSAT in 0.02s
    cube 3898.253.70 (depth 2, 28 lits): UNSAT in 0.03s
    cube 3898.253.71 (depth 2, 28 lits): UNSAT in 0.07s
    cube 3898.253.72 (depth 2, 28 lits): UNSAT in 0.28s
    cube 3898.253.73 (depth 2, 28 lits): UNSAT in 0.01s
    cube 3898.253.74 (depth 2, 28 lits): UNSAT in 0.03s
    cube 3898.253.75 (depth 2, 28 lits): UNSAT in 0.02s
    cube 3898.253.76 (depth 2, 28 lits): UNSAT in 0.05s
    cube 3898.253.77 (depth 2, 28 lits): UNSAT in 0.02s
    cube 3898.253.78 (depth 2, 28 lits): UNSAT in 0.02s
    cube 3898.253.79 (depth 2, 28 lits): UNSAT in 0.04s
    cube 3898.253.80 (depth 2, 28 lits): UNSAT in 0.11s
    cube 3898.253.81 (depth 2, 28 lits): UNSAT in 0.03s
    cube 3898.253.82 (depth 2, 28 lits): UNSAT in 0.07s
    cube 3898.253.83 (depth 2, 28 lits): UNSAT in 0.02s
    cube 3898.253.84 (depth 2, 28 lits): UNSAT in 0.08s
    cube 3898.253.85 (depth 2, 28 lits): UNSAT in 0.05s
    cube 3898.253.86 (depth 2, 28 lits): UNSAT in 0.07s
    cube 3898.253.87 (depth 2, 28 lits): UNSAT in 0.19s
    cube 3898.253.88 (depth 2, 28 lits): UNSAT in 0.35s
    cube 3898.253.89 (depth 2, 27 lits): UNSAT in 0.01s
    cube 3898.253.90 (depth 2, 28 lits): UNSAT in 0.02s
    cube 3898.253.91 (depth 2, 28 lits): UNSAT in 0.06s
    cube 3898.253.92 (depth 2, 27 lits): UNSAT in 0.02s
    cube 3898.253.93 (depth 2, 28 lits): UNSAT in 0.03s
    cube 3898.253.94 (depth 2, 28 lits): UNSAT in 0.05s
    cube 3898.253.95 (depth 2, 28 lits): UNSAT in 0.04s
    cube 3898.253.96 (depth 2, 28 lits): UNSAT in 0.05s
    cube 3898.253.97 (depth 2, 28 lits): UNSAT in 0.03s
    cube 3898.253.98 (depth 2, 28 lits): UNSAT in 0.05s
    cube 3898.253.99 (depth 2, 28 lits): UNSAT in 0.06s
    cube 3898.253.100 (depth 2, 28 lits): UNSAT in 0.03s
    cube 3898.253.101 (depth 2, 28 lits): UNSAT in 0.10s
    cube 3898.253.102 (depth 2, 28 lits): UNSAT in 0.27s
    cube 3898.253.103 (depth 2, 28 lits): UNSAT in 0.03s
    cube 3898.253.104 (depth 2, 28 lits): UNSAT in 0.08s
    cube 3898.253.105 (depth 2, 28 lits): UNSAT in 0.06s
    cube 3898.253.106 (depth 2, 28 lits): UNSAT in 0.35s
    cube 3898.253.107 (depth 2, 28 lits): UNSAT in 0.03s
    cube 3898.253.108 (depth 2, 28 lits): UNSAT in 0.30s
    cube 3898.253.109 (depth 2, 28 lits): UNSAT in 0.16s
    cube 3898.253.110 (depth 2, 28 lits): UNSAT in 0.25s
    cube 3898.253.111 (depth 2, 28 lits): UNSAT in 0.04s
    cube 3898.253.112 (depth 2, 28 lits): UNSAT in 0.12s
    cube 3898.253.113 (depth 2, 28 lits): UNSAT in 0.15s
    cube 3898.253.114 (depth 2, 28 lits): UNSAT in 0.13s
    cube 3898.253.115 (depth 2, 28 lits): UNSAT in 0.43s
    cube 3898.253.116 (depth 2, 28 lits): UNSAT in 1.16s
    cube 3898.253.117 (depth 2, 28 lits): UNSAT in 1.43s
    cube 3898.253.118 (depth 2, 28 lits): UNSAT in 8.11s
    cube 3898.253.119 (depth 2, 28 lits): UNSAT in 0.01s
    cube 3898.253.120 (depth 2, 28 lits): UNSAT in 0.02s
    cube 3898.253.121 (depth 2, 28 lits): UNSAT in 0.02s
    cube 3898.253.122 (depth 2, 28 lits): UNSAT in 0.02s
    cube 3898.253.123 (depth 2, 28 lits): UNSAT in 0.01s
    cube 3898.253.124 (depth 2, 28 lits): UNSAT in 0.02s
    cube 3898.253.125 (depth 2, 28 lits): UNSAT in 0.02s
    cube 3898.253.126 (depth 2, 28 lits): UNSAT in 0.08s
    cube 3898.253.127 (depth 2, 28 lits): UNSAT in 0.02s
    cube 3898.253.128 (depth 2, 28 lits): UNSAT in 0.02s
    cube 3898.253.129 (depth 2, 28 lits): UNSAT in 0.02s
    cube 3898.253.130 (depth 2, 28 lits): UNSAT in 0.04s
    cube 3898.253.131 (depth 2, 28 lits): UNSAT in 0.04s
    cube 3898.253.132 (depth 2, 28 lits): UNSAT in 0.08s
    cube 3898.253.133 (depth 2, 28 lits): UNSAT in 0.02s
    cube 3898.253.134 (depth 2, 28 lits): UNSAT in 0.18s
    cube 3898.253.135 (depth 2, 27 lits): UNSAT in 0.01s
    cube 3898.253.136 (depth 2, 28 lits): UNSAT in 0.02s
    cube 3898.253.137 (depth 2, 28 lits): UNSAT in 0.04s
    cube 3898.253.138 (depth 2, 28 lits): UNSAT in 0.02s
    cube 3898.253.139 (depth 2, 28 lits): UNSAT in 0.05s
    cube 3898.253.140 (depth 2, 28 lits): UNSAT in 0.04s
    cube 3898.253.141 (depth 2, 28 lits): UNSAT in 0.08s
    cube 3898.253.142 (depth 2, 28 lits): UNSAT in 0.03s
    cube 3898.253.143 (depth 2, 28 lits): UNSAT in 0.02s
    cube 3898.253.144 (depth 2, 28 lits): UNSAT in 0.05s
    cube 3898.253.145 (depth 2, 28 lits): UNSAT in 0.23s
    cube 3898.253.146 (depth 2, 28 lits): UNSAT in 0.05s
    cube 3898.253.147 (depth 2, 28 lits): UNSAT in 0.19s
    cube 3898.253.148 (depth 2, 28 lits): UNSAT in 0.24s
    cube 3898.253.149 (depth 2, 28 lits): UNSAT in 0.55s
    cube 3898.253.150 (depth 2, 28 lits): UNSAT in 0.03s
    cube 3898.253.151 (depth 2, 28 lits): UNSAT in 0.02s
    cube 3898.253.152 (depth 2, 28 lits): UNSAT in 0.03s
    cube 3898.253.153 (depth 2, 28 lits): UNSAT in 0.03s
    cube 3898.253.154 (depth 2, 28 lits): UNSAT in 0.06s
    cube 3898.253.155 (depth 2, 28 lits): UNSAT in 0.19s
    cube 3898.253.156 (depth 2, 28 lits): UNSAT in 0.24s
    cube 3898.253.157 (depth 2, 28 lits): UNSAT in 0.46s
    cube 3898.253.158 (depth 2, 28 lits): UNSAT in 0.03s
    cube 3898.253.159 (depth 2, 28 lits): UNSAT in 0.03s
    cube 3898.253.160 (depth 2, 28 lits): UNSAT in 0.08s
    cube 3898.253.161 (depth 2, 28 lits): UNSAT in 0.22s
    cube 3898.253.162 (depth 2, 28 lits): UNSAT in 0.06s
    cube 3898.253.163 (depth 2, 28 lits): UNSAT in 0.08s
    cube 3898.253.164 (depth 2, 28 lits): UNSAT in 0.31s
    cube 3898.253.165 (depth 2, 28 lits): UNSAT in 1.41s
    cube 3898.253.166 (depth 2, 28 lits): UNSAT in 0.03s
    cube 3898.253.167 (depth 2, 28 lits): UNSAT in 0.07s
    cube 3898.253.168 (depth 2, 28 lits): UNSAT in 0.16s
    cube 3898.253.169 (depth 2, 28 lits): UNSAT in 0.35s
    cube 3898.253.170 (depth 2, 28 lits): UNSAT in 0.23s
    cube 3898.253.171 (depth 2, 28 lits): UNSAT in 0.29s
    cube 3898.253.172 (depth 2, 28 lits): UNSAT in 0.96s
    cube 3898.253.173 (depth 2, 28 lits): UNSAT in 4.01s
    cube 3898.253.174 (depth 2, 28 lits): UNSAT in 0.50s
    cube 3898.253.175 (depth 2, 28 lits): UNSAT in 3.26s
    cube 3898.253.176 (depth 2, 28 lits): UNSAT in 0.49s
    cube 3898.253.177 (depth 2, 28 lits): UNSAT in 5.19s
    cube 3898.253.178 (depth 2, 28 lits): UNSAT in 1.76s
    cube 3898.253.179 (depth 2, 28 lits): UNSAT in 6.44s
    cube 3898.253.180 (depth 2, 28 lits): UNSAT in 11.69s
    cube 3898.253.181 (depth 2, 28 lits): UNSAT in 44.22s
    cube 3898.253.182 (depth 2, 28 lits): UNSAT in 0.02s
    cube 3898.253.183 (depth 2, 28 lits): UNSAT in 0.04s
    cube 3898.253.184 (depth 2, 28 lits): UNSAT in 0.03s
    cube 3898.253.185 (depth 2, 28 lits): UNSAT in 0.10s
    cube 3898.253.186 (depth 2, 28 lits): UNSAT in 0.02s
    cube 3898.253.187 (depth 2, 28 lits): UNSAT in 0.05s
    cube 3898.253.188 (depth 2, 28 lits): UNSAT in 0.04s
    cube 3898.253.189 (depth 2, 28 lits): UNSAT in 0.19s
    cube 3898.253.190 (depth 2, 28 lits): UNSAT in 0.03s
    cube 3898.253.191 (depth 2, 28 lits): UNSAT in 0.03s
    cube 3898.253.192 (depth 2, 28 lits): UNSAT in 0.04s
    cube 3898.253.193 (depth 2, 28 lits): UNSAT in 0.13s
    cube 3898.253.194 (depth 2, 28 lits): UNSAT in 0.04s
    cube 3898.253.195 (depth 2, 28 lits): UNSAT in 0.13s
    cube 3898.253.196 (depth 2, 28 lits): UNSAT in 0.06s
    cube 3898.253.197 (depth 2, 28 lits): UNSAT in 0.39s
    cube 3898.253.198 (depth 2, 28 lits): UNSAT in 0.02s
    cube 3898.253.199 (depth 2, 28 lits): UNSAT in 0.14s
    cube 3898.253.200 (depth 2, 28 lits): UNSAT in 0.19s
    cube 3898.253.201 (depth 2, 28 lits): UNSAT in 0.46s
    cube 3898.253.202 (depth 2, 28 lits): UNSAT in 0.08s
    cube 3898.253.203 (depth 2, 28 lits): UNSAT in 0.29s
    cube 3898.253.204 (depth 2, 28 lits): UNSAT in 0.13s
    cube 3898.253.205 (depth 2, 28 lits): UNSAT in 0.50s
    cube 3898.253.206 (depth 2, 28 lits): UNSAT in 0.11s
    cube 3898.253.207 (depth 2, 28 lits): UNSAT in 0.18s
    cube 3898.253.208 (depth 2, 28 lits): UNSAT in 0.03s
    cube 3898.253.209 (depth 2, 28 lits): UNSAT in 0.46s
    cube 3898.253.210 (depth 2, 28 lits): UNSAT in 0.05s
    cube 3898.253.211 (depth 2, 28 lits): UNSAT in 0.26s
    cube 3898.253.212 (depth 2, 28 lits): UNSAT in 0.26s
    cube 3898.253.213 (depth 2, 28 lits): UNSAT in 1.82s
    cube 3898.253.214 (depth 2, 28 lits): UNSAT in 0.02s
    cube 3898.253.215 (depth 2, 28 lits): UNSAT in 0.05s
    cube 3898.253.216 (depth 2, 28 lits): UNSAT in 0.04s
    cube 3898.253.217 (depth 2, 28 lits): UNSAT in 0.24s
    cube 3898.253.218 (depth 2, 28 lits): UNSAT in 0.17s
    cube 3898.253.219 (depth 2, 28 lits): UNSAT in 0.13s
    cube 3898.253.220 (depth 2, 28 lits): UNSAT in 0.16s
    cube 3898.253.221 (depth 2, 28 lits): UNSAT in 0.53s
    cube 3898.253.222 (depth 2, 28 lits): UNSAT in 0.11s
    cube 3898.253.223 (depth 2, 28 lits): UNSAT in 0.23s
    cube 3898.253.224 (depth 2, 28 lits): UNSAT in 0.90s
    cube 3898.253.225 (depth 2, 28 lits): UNSAT in 1.25s
    cube 3898.253.226 (depth 2, 28 lits): UNSAT in 0.61s
    cube 3898.253.227 (depth 2, 28 lits): UNSAT in 0.94s
    cube 3898.253.228 (depth 2, 28 lits): UNSAT in 0.64s
    cube 3898.253.229 (depth 2, 28 lits): UNSAT in 3.70s
    cube 3898.253.230 (depth 2, 28 lits): UNSAT in 0.11s
    cube 3898.253.231 (depth 2, 28 lits): UNSAT in 0.14s
    cube 3898.253.232 (depth 2, 28 lits): UNSAT in 0.09s
    cube 3898.253.233 (depth 2, 28 lits): UNSAT in 1.98s
    cube 3898.253.234 (depth 2, 28 lits): UNSAT in 0.32s
    cube 3898.253.235 (depth 2, 28 lits): UNSAT in 0.99s
    cube 3898.253.236 (depth 2, 28 lits): UNSAT in 1.44s
    cube 3898.253.237 (depth 2, 28 lits): UNSAT in 5.49s
    cube 3898.253.238 (depth 2, 28 lits): UNSAT in 0.60s
    cube 3898.253.239 (depth 2, 28 lits): UNSAT in 5.14s
    cube 3898.253.240 (depth 2, 28 lits): UNSAT in 4.63s
    cube 3898.253.241 (depth 2, 28 lits): UNSAT in 7.10s
    cube 3898.253.242 (depth 2, 28 lits): UNSAT in 0.64s
    cube 3898.253.243 (depth 2, 28 lits): UNSAT in 8.11s
    cube 3898.253.244 (depth 2, 28 lits): UNSAT in 47.37s
    cube 3898.253.245 (depth 2, 28 lits): UNSAT in 341.09s
    cube 3898.254 (depth 1, 20 lits): TIMEOUT in 1200.10s
    cube 3898.254 TIMEOUT -> re-split into 250 sub-cubes (depth 2)
    cube 3898.254.0 (depth 2, 28 lits): UNSAT in 0.01s
    cube 3898.254.1 (depth 2, 28 lits): UNSAT in 0.02s
    cube 3898.254.2 (depth 2, 28 lits): UNSAT in 0.01s
    cube 3898.254.3 (depth 2, 28 lits): UNSAT in 0.03s
    cube 3898.254.4 (depth 2, 28 lits): UNSAT in 0.02s
    cube 3898.254.5 (depth 2, 28 lits): UNSAT in 0.03s
    cube 3898.254.6 (depth 2, 28 lits): UNSAT in 0.03s
    cube 3898.254.7 (depth 2, 28 lits): UNSAT in 0.07s
    cube 3898.254.8 (depth 2, 28 lits): UNSAT in 0.02s
    cube 3898.254.9 (depth 2, 28 lits): UNSAT in 0.02s
    cube 3898.254.10 (depth 2, 28 lits): UNSAT in 0.01s
    cube 3898.254.11 (depth 2, 28 lits): UNSAT in 0.03s
    cube 3898.254.12 (depth 2, 28 lits): UNSAT in 0.03s
    cube 3898.254.13 (depth 2, 28 lits): UNSAT in 0.08s
    cube 3898.254.14 (depth 2, 28 lits): UNSAT in 0.02s
    cube 3898.254.15 (depth 2, 28 lits): UNSAT in 0.13s
    cube 3898.254.16 (depth 2, 28 lits): UNSAT in 0.01s
    cube 3898.254.17 (depth 2, 28 lits): UNSAT in 0.02s
    cube 3898.254.18 (depth 2, 28 lits): UNSAT in 0.02s
    cube 3898.254.19 (depth 2, 28 lits): UNSAT in 0.03s
    cube 3898.254.20 (depth 2, 28 lits): UNSAT in 0.02s
    cube 3898.254.21 (depth 2, 28 lits): UNSAT in 0.02s
    cube 3898.254.22 (depth 2, 28 lits): UNSAT in 0.02s
    cube 3898.254.23 (depth 2, 28 lits): UNSAT in 0.07s
    cube 3898.254.24 (depth 2, 28 lits): UNSAT in 0.02s
    cube 3898.254.25 (depth 2, 28 lits): UNSAT in 0.02s
    cube 3898.254.26 (depth 2, 28 lits): UNSAT in 0.02s
    cube 3898.254.27 (depth 2, 28 lits): UNSAT in 0.06s
    cube 3898.254.28 (depth 2, 28 lits): UNSAT in 0.03s
    cube 3898.254.29 (depth 2, 28 lits): UNSAT in 0.04s
    cube 3898.254.30 (depth 2, 28 lits): UNSAT in 0.03s
    cube 3898.254.31 (depth 2, 28 lits): UNSAT in 0.17s
    cube 3898.254.32 (depth 2, 27 lits): UNSAT in 0.01s
    cube 3898.254.33 (depth 2, 28 lits): UNSAT in 0.02s
    cube 3898.254.34 (depth 2, 28 lits): UNSAT in 0.03s
    cube 3898.254.35 (depth 2, 27 lits): UNSAT in 0.01s
    cube 3898.254.36 (depth 2, 28 lits): UNSAT in 0.02s
    cube 3898.254.37 (depth 2, 28 lits): UNSAT in 0.02s
    cube 3898.254.38 (depth 2, 27 lits): UNSAT in 0.02s
    cube 3898.254.39 (depth 2, 28 lits): UNSAT in 0.02s
    cube 3898.254.40 (depth 2, 28 lits): UNSAT in 0.02s
    cube 3898.254.41 (depth 2, 27 lits): UNSAT in 0.01s
    cube 3898.254.42 (depth 2, 28 lits): UNSAT in 0.02s
    cube 3898.254.43 (depth 2, 28 lits): UNSAT in 0.03s
    cube 3898.254.44 (depth 2, 28 lits): UNSAT in 0.02s
    cube 3898.254.45 (depth 2, 28 lits): UNSAT in 0.03s
    cube 3898.254.46 (depth 2, 28 lits): UNSAT in 0.02s
    cube 3898.254.47 (depth 2, 28 lits): UNSAT in 0.04s
    cube 3898.254.48 (depth 2, 28 lits): UNSAT in 0.03s
    cube 3898.254.49 (depth 2, 28 lits): UNSAT in 0.06s
    cube 3898.254.50 (depth 2, 28 lits): UNSAT in 0.04s
    cube 3898.254.51 (depth 2, 28 lits): UNSAT in 0.18s
    cube 3898.254.52 (depth 2, 28 lits): UNSAT in 0.02s
    cube 3898.254.53 (depth 2, 28 lits): UNSAT in 0.03s
    cube 3898.254.54 (depth 2, 28 lits): UNSAT in 0.04s
    cube 3898.254.55 (depth 2, 28 lits): UNSAT in 0.05s
    cube 3898.254.56 (depth 2, 28 lits): UNSAT in 0.05s
    cube 3898.254.57 (depth 2, 28 lits): UNSAT in 0.28s
    cube 3898.254.58 (depth 2, 28 lits): UNSAT in 0.11s
    cube 3898.254.59 (depth 2, 28 lits): UNSAT in 0.47s
    cube 3898.254.60 (depth 2, 27 lits): UNSAT in 0.02s
    cube 3898.254.61 (depth 2, 28 lits): UNSAT in 0.02s
    cube 3898.254.62 (depth 2, 28 lits): UNSAT in 0.06s
    cube 3898.254.63 (depth 2, 28 lits): UNSAT in 0.05s
    cube 3898.254.64 (depth 2, 28 lits): UNSAT in 0.17s
    cube 3898.254.65 (depth 2, 28 lits): UNSAT in 0.07s
    cube 3898.254.66 (depth 2, 28 lits): UNSAT in 0.77s
    cube 3898.254.67 (depth 2, 28 lits): UNSAT in 0.03s
    cube 3898.254.68 (depth 2, 28 lits): UNSAT in 0.10s
    cube 3898.254.69 (depth 2, 28 lits): UNSAT in 0.07s
    cube 3898.254.70 (depth 2, 28 lits): UNSAT in 0.24s
    cube 3898.254.71 (depth 2, 28 lits): UNSAT in 0.03s
    cube 3898.254.72 (depth 2, 28 lits): UNSAT in 0.10s
    cube 3898.254.73 (depth 2, 28 lits): UNSAT in 0.12s
    cube 3898.254.74 (depth 2, 28 lits): UNSAT in 0.76s
    cube 3898.254.75 (depth 2, 28 lits): UNSAT in 0.02s
    cube 3898.254.76 (depth 2, 28 lits): UNSAT in 0.05s
    cube 3898.254.77 (depth 2, 28 lits): UNSAT in 0.04s
    cube 3898.254.78 (depth 2, 28 lits): UNSAT in 0.18s
    cube 3898.254.79 (depth 2, 28 lits): UNSAT in 0.02s
    cube 3898.254.80 (depth 2, 28 lits): UNSAT in 0.13s
    cube 3898.254.81 (depth 2, 28 lits): UNSAT in 0.12s
    cube 3898.254.82 (depth 2, 28 lits): UNSAT in 0.91s
    cube 3898.254.83 (depth 2, 28 lits): UNSAT in 0.08s
    cube 3898.254.84 (depth 2, 28 lits): UNSAT in 0.40s
    cube 3898.254.85 (depth 2, 28 lits): UNSAT in 0.62s
    cube 3898.254.86 (depth 2, 28 lits): UNSAT in 1.77s
    cube 3898.254.87 (depth 2, 28 lits): UNSAT in 0.63s
    cube 3898.254.88 (depth 2, 28 lits): UNSAT in 0.90s
    cube 3898.254.89 (depth 2, 28 lits): UNSAT in 1.48s
    cube 3898.254.90 (depth 2, 28 lits): UNSAT in 10.76s
    cube 3898.254.91 (depth 2, 28 lits): UNSAT in 0.02s
    cube 3898.254.92 (depth 2, 28 lits): UNSAT in 0.02s
    cube 3898.254.93 (depth 2, 28 lits): UNSAT in 0.02s
    cube 3898.254.94 (depth 2, 28 lits): UNSAT in 0.07s
    cube 3898.254.95 (depth 2, 28 lits): UNSAT in 0.03s
    cube 3898.254.96 (depth 2, 28 lits): UNSAT in 0.06s
    cube 3898.254.97 (depth 2, 28 lits): UNSAT in 0.05s
    cube 3898.254.98 (depth 2, 28 lits): UNSAT in 0.07s
    cube 3898.254.99 (depth 2, 28 lits): UNSAT in 0.02s
    cube 3898.254.100 (depth 2, 28 lits): UNSAT in 0.12s
    cube 3898.254.101 (depth 2, 28 lits): UNSAT in 0.09s
    cube 3898.254.102 (depth 2, 28 lits): UNSAT in 0.20s
    cube 3898.254.103 (depth 2, 28 lits): UNSAT in 0.25s
    cube 3898.254.104 (depth 2, 28 lits): UNSAT in 0.27s
    cube 3898.254.105 (depth 2, 28 lits): UNSAT in 0.11s
    cube 3898.254.106 (depth 2, 28 lits): UNSAT in 1.90s
    cube 3898.254.107 (depth 2, 28 lits): UNSAT in 0.02s
    cube 3898.254.108 (depth 2, 28 lits): UNSAT in 0.06s
    cube 3898.254.109 (depth 2, 28 lits): UNSAT in 0.07s
    cube 3898.254.110 (depth 2, 28 lits): UNSAT in 0.27s
    cube 3898.254.111 (depth 2, 28 lits): UNSAT in 0.07s
    cube 3898.254.112 (depth 2, 28 lits): UNSAT in 0.78s
    cube 3898.254.113 (depth 2, 28 lits): UNSAT in 0.91s
    cube 3898.254.114 (depth 2, 28 lits): UNSAT in 8.71s
    cube 3898.254.115 (depth 2, 28 lits): UNSAT in 0.16s
    cube 3898.254.116 (depth 2, 28 lits): UNSAT in 0.73s
    cube 3898.254.117 (depth 2, 28 lits): UNSAT in 0.59s
    cube 3898.254.118 (depth 2, 28 lits): UNSAT in 3.66s
    cube 3898.254.119 (depth 2, 28 lits): UNSAT in 0.81s
    cube 3898.254.120 (depth 2, 28 lits): UNSAT in 14.99s
    cube 3898.254.121 (depth 2, 28 lits): UNSAT in 33.33s
    cube 3898.254.122 (depth 2, 28 lits): UNSAT in 210.22s
    cube 3898.254.123 (depth 2, 27 lits): UNSAT in 0.01s
    cube 3898.254.124 (depth 2, 28 lits): UNSAT in 0.02s
    cube 3898.254.125 (depth 2, 28 lits): UNSAT in 0.02s
    cube 3898.254.126 (depth 2, 28 lits): UNSAT in 0.01s
    cube 3898.254.127 (depth 2, 28 lits): UNSAT in 0.02s
    cube 3898.254.128 (depth 2, 28 lits): UNSAT in 0.02s
    cube 3898.254.129 (depth 2, 28 lits): UNSAT in 0.04s
    cube 3898.254.130 (depth 2, 28 lits): UNSAT in 0.02s
    cube 3898.254.131 (depth 2, 28 lits): UNSAT in 0.03s
    cube 3898.254.132 (depth 2, 28 lits): UNSAT in 0.03s
    cube 3898.254.133 (depth 2, 28 lits): UNSAT in 0.07s
    cube 3898.254.134 (depth 2, 28 lits): UNSAT in 0.02s
    cube 3898.254.135 (depth 2, 28 lits): UNSAT in 0.04s
    cube 3898.254.136 (depth 2, 28 lits): UNSAT in 0.03s
    cube 3898.254.137 (depth 2, 28 lits): UNSAT in 0.06s
    cube 3898.254.138 (depth 2, 28 lits): UNSAT in 0.02s
    cube 3898.254.139 (depth 2, 28 lits): UNSAT in 0.05s
    cube 3898.254.140 (depth 2, 28 lits): UNSAT in 0.02s
    cube 3898.254.141 (depth 2, 28 lits): UNSAT in 0.04s
    cube 3898.254.142 (depth 2, 28 lits): UNSAT in 0.01s
    cube 3898.254.143 (depth 2, 28 lits): UNSAT in 0.07s
    cube 3898.254.144 (depth 2, 28 lits): UNSAT in 0.09s
    cube 3898.254.145 (depth 2, 28 lits): UNSAT in 0.14s
    cube 3898.254.146 (depth 2, 28 lits): UNSAT in 0.02s
    cube 3898.254.147 (depth 2, 28 lits): UNSAT in 0.03s
    cube 3898.254.148 (depth 2, 28 lits): UNSAT in 0.05s
    cube 3898.254.149 (depth 2, 28 lits): UNSAT in 0.04s
    cube 3898.254.150 (depth 2, 28 lits): UNSAT in 0.02s
    cube 3898.254.151 (depth 2, 28 lits): UNSAT in 0.04s
    cube 3898.254.152 (depth 2, 28 lits): UNSAT in 0.06s
    cube 3898.254.153 (depth 2, 28 lits): UNSAT in 0.31s
    cube 3898.254.154 (depth 2, 28 lits): UNSAT in 0.02s
    cube 3898.254.155 (depth 2, 28 lits): UNSAT in 0.04s
    cube 3898.254.156 (depth 2, 28 lits): UNSAT in 0.02s
    cube 3898.254.157 (depth 2, 28 lits): UNSAT in 0.03s
    cube 3898.254.158 (depth 2, 28 lits): UNSAT in 0.06s
    cube 3898.254.159 (depth 2, 28 lits): UNSAT in 0.21s
    cube 3898.254.160 (depth 2, 28 lits): UNSAT in 0.03s
    cube 3898.254.161 (depth 2, 28 lits): UNSAT in 0.47s
    cube 3898.254.162 (depth 2, 28 lits): UNSAT in 0.05s
    cube 3898.254.163 (depth 2, 28 lits): UNSAT in 0.10s
    cube 3898.254.164 (depth 2, 28 lits): UNSAT in 0.09s
    cube 3898.254.165 (depth 2, 28 lits): UNSAT in 0.23s
    cube 3898.254.166 (depth 2, 28 lits): UNSAT in 0.16s
    cube 3898.254.167 (depth 2, 28 lits): UNSAT in 0.59s
    cube 3898.254.168 (depth 2, 28 lits): UNSAT in 1.21s
    cube 3898.254.169 (depth 2, 28 lits): UNSAT in 2.06s
    cube 3898.254.170 (depth 2, 28 lits): UNSAT in 0.09s
    cube 3898.254.171 (depth 2, 28 lits): UNSAT in 0.23s
    cube 3898.254.172 (depth 2, 28 lits): UNSAT in 0.15s
    cube 3898.254.173 (depth 2, 28 lits): UNSAT in 0.61s
    cube 3898.254.174 (depth 2, 28 lits): UNSAT in 0.05s
    cube 3898.254.175 (depth 2, 28 lits): UNSAT in 0.50s
    cube 3898.254.176 (depth 2, 28 lits): UNSAT in 0.74s
    cube 3898.254.177 (depth 2, 28 lits): UNSAT in 5.00s
    cube 3898.254.178 (depth 2, 28 lits): UNSAT in 0.41s
    cube 3898.254.179 (depth 2, 28 lits): UNSAT in 1.97s
    cube 3898.254.180 (depth 2, 28 lits): UNSAT in 0.47s
    cube 3898.254.181 (depth 2, 28 lits): UNSAT in 8.44s
    cube 3898.254.182 (depth 2, 28 lits): UNSAT in 0.27s
    cube 3898.254.183 (depth 2, 28 lits): UNSAT in 4.21s
    cube 3898.254.184 (depth 2, 28 lits): UNSAT in 6.42s
    cube 3898.254.185 (depth 2, 28 lits): UNSAT in 23.77s
    cube 3898.254.186 (depth 2, 28 lits): UNSAT in 0.01s
    cube 3898.254.187 (depth 2, 28 lits): UNSAT in 0.03s
    cube 3898.254.188 (depth 2, 28 lits): UNSAT in 0.02s
    cube 3898.254.189 (depth 2, 28 lits): UNSAT in 0.05s
    cube 3898.254.190 (depth 2, 28 lits): UNSAT in 0.03s
    cube 3898.254.191 (depth 2, 28 lits): UNSAT in 0.03s
    cube 3898.254.192 (depth 2, 28 lits): UNSAT in 0.03s
    cube 3898.254.193 (depth 2, 28 lits): UNSAT in 0.15s
    cube 3898.254.194 (depth 2, 28 lits): UNSAT in 0.02s
    cube 3898.254.195 (depth 2, 28 lits): UNSAT in 0.03s
    cube 3898.254.196 (depth 2, 28 lits): UNSAT in 0.13s
    cube 3898.254.197 (depth 2, 28 lits): UNSAT in 0.15s
    cube 3898.254.198 (depth 2, 28 lits): UNSAT in 0.04s
    cube 3898.254.199 (depth 2, 28 lits): UNSAT in 0.04s
    cube 3898.254.200 (depth 2, 28 lits): UNSAT in 0.09s
    cube 3898.254.201 (depth 2, 28 lits): UNSAT in 0.11s
    cube 3898.254.202 (depth 2, 28 lits): UNSAT in 0.02s
    cube 3898.254.203 (depth 2, 28 lits): UNSAT in 0.05s
    cube 3898.254.204 (depth 2, 28 lits): UNSAT in 0.07s
    cube 3898.254.205 (depth 2, 28 lits): UNSAT in 0.11s
    cube 3898.254.206 (depth 2, 28 lits): UNSAT in 0.02s
    cube 3898.254.207 (depth 2, 28 lits): UNSAT in 0.05s
    cube 3898.254.208 (depth 2, 28 lits): UNSAT in 0.07s
    cube 3898.254.209 (depth 2, 28 lits): UNSAT in 0.17s
    cube 3898.254.210 (depth 2, 28 lits): UNSAT in 0.05s
    cube 3898.254.211 (depth 2, 28 lits): UNSAT in 0.18s
    cube 3898.254.212 (depth 2, 28 lits): UNSAT in 0.25s
    cube 3898.254.213 (depth 2, 28 lits): UNSAT in 0.93s
    cube 3898.254.214 (depth 2, 28 lits): UNSAT in 0.70s
    cube 3898.254.215 (depth 2, 28 lits): UNSAT in 1.93s
    cube 3898.254.216 (depth 2, 28 lits): UNSAT in 3.22s
    cube 3898.254.217 (depth 2, 28 lits): UNSAT in 11.20s
    cube 3898.254.218 (depth 2, 28 lits): UNSAT in 0.02s
    cube 3898.254.219 (depth 2, 28 lits): UNSAT in 0.09s
    cube 3898.254.220 (depth 2, 28 lits): UNSAT in 0.07s
    cube 3898.254.221 (depth 2, 28 lits): UNSAT in 0.33s
    cube 3898.254.222 (depth 2, 28 lits): UNSAT in 0.04s
    cube 3898.254.223 (depth 2, 28 lits): UNSAT in 0.39s
    cube 3898.254.224 (depth 2, 28 lits): UNSAT in 0.24s
    cube 3898.254.225 (depth 2, 28 lits): UNSAT in 1.00s
    cube 3898.254.226 (depth 2, 28 lits): UNSAT in 0.16s
    cube 3898.254.227 (depth 2, 28 lits): UNSAT in 0.56s
    cube 3898.254.228 (depth 2, 28 lits): UNSAT in 0.26s
    cube 3898.254.229 (depth 2, 28 lits): UNSAT in 0.73s
    cube 3898.254.230 (depth 2, 28 lits): UNSAT in 0.16s
    cube 3898.254.231 (depth 2, 28 lits): UNSAT in 4.98s
    cube 3898.254.232 (depth 2, 28 lits): UNSAT in 6.74s
    cube 3898.254.233 (depth 2, 28 lits): UNSAT in 65.99s
    cube 3898.254.234 (depth 2, 28 lits): UNSAT in 0.14s
    cube 3898.254.235 (depth 2, 28 lits): UNSAT in 0.62s
    cube 3898.254.236 (depth 2, 28 lits): UNSAT in 0.36s
    cube 3898.254.237 (depth 2, 28 lits): UNSAT in 2.24s
    cube 3898.254.238 (depth 2, 28 lits): UNSAT in 0.11s
    cube 3898.254.239 (depth 2, 28 lits): UNSAT in 0.43s
    cube 3898.254.240 (depth 2, 28 lits): UNSAT in 0.82s
    cube 3898.254.241 (depth 2, 28 lits): UNSAT in 21.40s
    cube 3898.254.242 (depth 2, 28 lits): UNSAT in 0.40s
    cube 3898.254.243 (depth 2, 28 lits): UNSAT in 0.99s
    cube 3898.254.244 (depth 2, 28 lits): UNSAT in 3.90s
    cube 3898.254.245 (depth 2, 28 lits): UNSAT in 47.41s
    cube 3898.254.246 (depth 2, 28 lits): UNSAT in 3.78s
    cube 3898.254.247 (depth 2, 28 lits): UNSAT in 49.53s
    cube 3898.254.248 (depth 2, 28 lits): UNSAT in 30.89s
    cube 3898.254.249 (depth 2, 28 lits): UNSAT in 169.84s

  shard 7 verdict: UNSAT (1 UNSAT, 0 unresolved) in 12348.6s
