  shard 22/24 (explicit): 1 of 4095 cubes, per-cube cap 1200.0s, re-split depth 7
    cube 3916 (depth 0, 12 lits): TIMEOUT in 1200.08s
    cube 3916 TIMEOUT -> re-split into 239 sub-cubes (depth 1)
    cube 3916.0 (depth 1, 17 lits): UNSAT in 0.01s
    cube 3916.1 (depth 1, 20 lits): UNSAT in 0.02s
    cube 3916.2 (depth 1, 20 lits): UNSAT in 0.02s
    cube 3916.3 (depth 1, 20 lits): UNSAT in 0.01s
    cube 3916.4 (depth 1, 20 lits): UNSAT in 0.02s
    cube 3916.5 (depth 1, 20 lits): UNSAT in 0.02s
    cube 3916.6 (depth 1, 20 lits): UNSAT in 0.02s
    cube 3916.7 (depth 1, 20 lits): UNSAT in 0.01s
    cube 3916.8 (depth 1, 20 lits): UNSAT in 0.02s
    cube 3916.9 (depth 1, 20 lits): UNSAT in 0.01s
    cube 3916.10 (depth 1, 20 lits): UNSAT in 0.02s
    cube 3916.11 (depth 1, 20 lits): UNSAT in 0.04s
    cube 3916.12 (depth 1, 20 lits): UNSAT in 0.05s
    cube 3916.13 (depth 1, 20 lits): UNSAT in 0.01s
    cube 3916.14 (depth 1, 20 lits): UNSAT in 0.02s
    cube 3916.15 (depth 1, 20 lits): UNSAT in 0.06s
    cube 3916.16 (depth 1, 20 lits): UNSAT in 0.15s
    cube 3916.17 (depth 1, 20 lits): UNSAT in 0.02s
    cube 3916.18 (depth 1, 20 lits): UNSAT in 0.04s
    cube 3916.19 (depth 1, 20 lits): UNSAT in 0.02s
    cube 3916.20 (depth 1, 20 lits): UNSAT in 0.05s
    cube 3916.21 (depth 1, 20 lits): UNSAT in 0.03s
    cube 3916.22 (depth 1, 20 lits): UNSAT in 0.13s
    cube 3916.23 (depth 1, 20 lits): UNSAT in 0.33s
    cube 3916.24 (depth 1, 20 lits): UNSAT in 0.26s
    cube 3916.25 (depth 1, 18 lits): UNSAT in 0.01s
    cube 3916.26 (depth 1, 20 lits): UNSAT in 0.01s
    cube 3916.27 (depth 1, 20 lits): UNSAT in 0.01s
    cube 3916.28 (depth 1, 19 lits): UNSAT in 0.01s
    cube 3916.29 (depth 1, 20 lits): UNSAT in 0.01s
    cube 3916.30 (depth 1, 20 lits): UNSAT in 0.02s
    cube 3916.31 (depth 1, 20 lits): UNSAT in 0.02s
    cube 3916.32 (depth 1, 20 lits): UNSAT in 0.02s
    cube 3916.33 (depth 1, 20 lits): UNSAT in 0.02s
    cube 3916.34 (depth 1, 20 lits): UNSAT in 0.04s
    cube 3916.35 (depth 1, 20 lits): UNSAT in 0.02s
    cube 3916.36 (depth 1, 20 lits): UNSAT in 0.03s
    cube 3916.37 (depth 1, 20 lits): UNSAT in 0.02s
    cube 3916.38 (depth 1, 20 lits): UNSAT in 0.02s
    cube 3916.39 (depth 1, 20 lits): UNSAT in 0.03s
    cube 3916.40 (depth 1, 20 lits): UNSAT in 0.02s
    cube 3916.41 (depth 1, 20 lits): UNSAT in 0.03s
    cube 3916.42 (depth 1, 20 lits): UNSAT in 0.01s
    cube 3916.43 (depth 1, 19 lits): UNSAT in 0.02s
    cube 3916.44 (depth 1, 20 lits): UNSAT in 0.03s
    cube 3916.45 (depth 1, 20 lits): UNSAT in 0.09s
    cube 3916.46 (depth 1, 20 lits): UNSAT in 0.03s
    cube 3916.47 (depth 1, 20 lits): UNSAT in 0.15s
    cube 3916.48 (depth 1, 20 lits): UNSAT in 0.09s
    cube 3916.49 (depth 1, 20 lits): UNSAT in 0.24s
    cube 3916.50 (depth 1, 20 lits): UNSAT in 0.23s
    cube 3916.51 (depth 1, 20 lits): UNSAT in 0.13s
    cube 3916.52 (depth 1, 20 lits): UNSAT in 0.02s
    cube 3916.53 (depth 1, 20 lits): UNSAT in 0.03s
    cube 3916.54 (depth 1, 20 lits): UNSAT in 0.03s
    cube 3916.55 (depth 1, 20 lits): UNSAT in 0.10s
    cube 3916.56 (depth 1, 20 lits): UNSAT in 0.03s
    cube 3916.57 (depth 1, 20 lits): UNSAT in 0.12s
    cube 3916.58 (depth 1, 20 lits): UNSAT in 0.04s
    cube 3916.59 (depth 1, 20 lits): UNSAT in 0.12s
    cube 3916.60 (depth 1, 20 lits): UNSAT in 0.03s
    cube 3916.61 (depth 1, 20 lits): UNSAT in 0.14s
    cube 3916.62 (depth 1, 20 lits): UNSAT in 0.07s
    cube 3916.63 (depth 1, 20 lits): UNSAT in 0.35s
    cube 3916.64 (depth 1, 20 lits): UNSAT in 0.04s
    cube 3916.65 (depth 1, 20 lits): UNSAT in 0.15s
    cube 3916.66 (depth 1, 20 lits): UNSAT in 0.19s
    cube 3916.67 (depth 1, 20 lits): UNSAT in 0.39s
    cube 3916.68 (depth 1, 20 lits): UNSAT in 0.01s
    cube 3916.69 (depth 1, 20 lits): UNSAT in 0.02s
    cube 3916.70 (depth 1, 20 lits): UNSAT in 0.02s
    cube 3916.71 (depth 1, 20 lits): UNSAT in 0.02s
    cube 3916.72 (depth 1, 19 lits): UNSAT in 0.01s
    cube 3916.73 (depth 1, 20 lits): UNSAT in 0.02s
    cube 3916.74 (depth 1, 20 lits): UNSAT in 0.02s
    cube 3916.75 (depth 1, 20 lits): UNSAT in 0.04s
    cube 3916.76 (depth 1, 20 lits): UNSAT in 0.09s
    cube 3916.77 (depth 1, 20 lits): UNSAT in 0.07s
    cube 3916.78 (depth 1, 20 lits): UNSAT in 0.23s
    cube 3916.79 (depth 1, 20 lits): UNSAT in 0.03s
    cube 3916.80 (depth 1, 20 lits): UNSAT in 0.04s
    cube 3916.81 (depth 1, 20 lits): UNSAT in 0.46s
    cube 3916.82 (depth 1, 20 lits): UNSAT in 0.52s
    cube 3916.83 (depth 1, 20 lits): UNSAT in 0.02s
    cube 3916.84 (depth 1, 20 lits): UNSAT in 0.02s
    cube 3916.85 (depth 1, 20 lits): UNSAT in 0.02s
    cube 3916.86 (depth 1, 20 lits): UNSAT in 0.08s
    cube 3916.87 (depth 1, 20 lits): UNSAT in 0.02s
    cube 3916.88 (depth 1, 20 lits): UNSAT in 0.03s
    cube 3916.89 (depth 1, 20 lits): UNSAT in 0.05s
    cube 3916.90 (depth 1, 20 lits): UNSAT in 0.08s
    cube 3916.91 (depth 1, 20 lits): UNSAT in 0.02s
    cube 3916.92 (depth 1, 20 lits): UNSAT in 0.03s
    cube 3916.93 (depth 1, 20 lits): UNSAT in 0.07s
    cube 3916.94 (depth 1, 20 lits): UNSAT in 0.03s
    cube 3916.95 (depth 1, 20 lits): UNSAT in 0.04s
    cube 3916.96 (depth 1, 20 lits): UNSAT in 0.08s
    cube 3916.97 (depth 1, 20 lits): UNSAT in 0.12s
    cube 3916.98 (depth 1, 20 lits): UNSAT in 0.17s
    cube 3916.99 (depth 1, 20 lits): UNSAT in 0.04s
    cube 3916.100 (depth 1, 20 lits): UNSAT in 0.11s
    cube 3916.101 (depth 1, 20 lits): UNSAT in 0.11s
    cube 3916.102 (depth 1, 20 lits): UNSAT in 0.13s
    cube 3916.103 (depth 1, 19 lits): UNSAT in 0.02s
    cube 3916.104 (depth 1, 20 lits): UNSAT in 0.19s
    cube 3916.105 (depth 1, 20 lits): UNSAT in 0.15s
    cube 3916.106 (depth 1, 20 lits): UNSAT in 0.05s
    cube 3916.107 (depth 1, 20 lits): UNSAT in 0.13s
    cube 3916.108 (depth 1, 20 lits): UNSAT in 0.20s
    cube 3916.109 (depth 1, 20 lits): UNSAT in 0.23s
    cube 3916.110 (depth 1, 20 lits): UNSAT in 0.10s
    cube 3916.111 (depth 1, 20 lits): UNSAT in 0.08s
    cube 3916.112 (depth 1, 20 lits): UNSAT in 0.06s
    cube 3916.113 (depth 1, 20 lits): UNSAT in 0.28s
    cube 3916.114 (depth 1, 20 lits): UNSAT in 0.01s
    cube 3916.115 (depth 1, 20 lits): UNSAT in 0.01s
    cube 3916.116 (depth 1, 20 lits): UNSAT in 0.02s
    cube 3916.117 (depth 1, 20 lits): UNSAT in 0.02s
    cube 3916.118 (depth 1, 20 lits): UNSAT in 0.02s
    cube 3916.119 (depth 1, 20 lits): UNSAT in 0.01s
    cube 3916.120 (depth 1, 20 lits): UNSAT in 0.03s
    cube 3916.121 (depth 1, 20 lits): UNSAT in 0.02s
    cube 3916.122 (depth 1, 18 lits): UNSAT in 0.02s
    cube 3916.123 (depth 1, 20 lits): UNSAT in 0.02s
    cube 3916.124 (depth 1, 20 lits): UNSAT in 0.02s
    cube 3916.125 (depth 1, 20 lits): UNSAT in 0.04s
    cube 3916.126 (depth 1, 20 lits): UNSAT in 0.08s
    cube 3916.127 (depth 1, 20 lits): UNSAT in 0.01s
    cube 3916.128 (depth 1, 20 lits): UNSAT in 0.02s
    cube 3916.129 (depth 1, 20 lits): UNSAT in 0.02s
    cube 3916.130 (depth 1, 20 lits): UNSAT in 0.02s
    cube 3916.131 (depth 1, 20 lits): UNSAT in 0.02s
    cube 3916.132 (depth 1, 20 lits): UNSAT in 0.03s
    cube 3916.133 (depth 1, 20 lits): UNSAT in 0.05s
    cube 3916.134 (depth 1, 20 lits): UNSAT in 0.09s
    cube 3916.135 (depth 1, 20 lits): UNSAT in 0.05s
    cube 3916.136 (depth 1, 20 lits): UNSAT in 0.06s
    cube 3916.137 (depth 1, 20 lits): UNSAT in 0.07s
    cube 3916.138 (depth 1, 20 lits): UNSAT in 0.06s
    cube 3916.139 (depth 1, 20 lits): UNSAT in 0.06s
    cube 3916.140 (depth 1, 20 lits): UNSAT in 0.17s
    cube 3916.141 (depth 1, 20 lits): UNSAT in 0.22s
    cube 3916.142 (depth 1, 20 lits): UNSAT in 0.07s
    cube 3916.143 (depth 1, 20 lits): UNSAT in 0.01s
    cube 3916.144 (depth 1, 20 lits): UNSAT in 0.03s
    cube 3916.145 (depth 1, 20 lits): UNSAT in 0.02s
    cube 3916.146 (depth 1, 20 lits): UNSAT in 0.05s
    cube 3916.147 (depth 1, 20 lits): UNSAT in 0.03s
    cube 3916.148 (depth 1, 20 lits): UNSAT in 0.05s
    cube 3916.149 (depth 1, 20 lits): UNSAT in 0.03s
    cube 3916.150 (depth 1, 20 lits): UNSAT in 0.07s
    cube 3916.151 (depth 1, 20 lits): UNSAT in 0.07s
    cube 3916.152 (depth 1, 20 lits): UNSAT in 0.11s
    cube 3916.153 (depth 1, 20 lits): UNSAT in 0.06s
    cube 3916.154 (depth 1, 20 lits): UNSAT in 0.10s
    cube 3916.155 (depth 1, 20 lits): UNSAT in 0.12s
    cube 3916.156 (depth 1, 20 lits): UNSAT in 0.10s
    cube 3916.157 (depth 1, 20 lits): UNSAT in 0.21s
    cube 3916.158 (depth 1, 20 lits): UNSAT in 0.47s
    cube 3916.159 (depth 1, 20 lits): UNSAT in 0.02s
    cube 3916.160 (depth 1, 20 lits): UNSAT in 0.04s
    cube 3916.161 (depth 1, 20 lits): UNSAT in 0.06s
    cube 3916.162 (depth 1, 20 lits): UNSAT in 0.13s
    cube 3916.163 (depth 1, 20 lits): UNSAT in 0.18s
    cube 3916.164 (depth 1, 20 lits): UNSAT in 0.27s
    cube 3916.165 (depth 1, 20 lits): UNSAT in 0.07s
    cube 3916.166 (depth 1, 20 lits): UNSAT in 0.65s
    cube 3916.167 (depth 1, 20 lits): UNSAT in 0.03s
    cube 3916.168 (depth 1, 20 lits): UNSAT in 0.15s
    cube 3916.169 (depth 1, 20 lits): UNSAT in 0.05s
    cube 3916.170 (depth 1, 20 lits): UNSAT in 0.36s
    cube 3916.171 (depth 1, 20 lits): UNSAT in 0.57s
    cube 3916.172 (depth 1, 20 lits): UNSAT in 0.80s
    cube 3916.173 (depth 1, 20 lits): UNSAT in 0.40s
    cube 3916.174 (depth 1, 20 lits): UNSAT in 2.81s
    cube 3916.175 (depth 1, 20 lits): UNSAT in 0.01s
    cube 3916.176 (depth 1, 20 lits): UNSAT in 0.02s
    cube 3916.177 (depth 1, 20 lits): UNSAT in 0.02s
    cube 3916.178 (depth 1, 20 lits): UNSAT in 0.02s
    cube 3916.179 (depth 1, 20 lits): UNSAT in 0.02s
    cube 3916.180 (depth 1, 20 lits): UNSAT in 0.04s
    cube 3916.181 (depth 1, 20 lits): UNSAT in 0.04s
    cube 3916.182 (depth 1, 20 lits): UNSAT in 0.14s
    cube 3916.183 (depth 1, 20 lits): UNSAT in 0.01s
    cube 3916.184 (depth 1, 20 lits): UNSAT in 0.01s
    cube 3916.185 (depth 1, 20 lits): UNSAT in 0.02s
    cube 3916.186 (depth 1, 20 lits): UNSAT in 0.05s
    cube 3916.187 (depth 1, 20 lits): UNSAT in 0.04s
    cube 3916.188 (depth 1, 20 lits): UNSAT in 0.24s
    cube 3916.189 (depth 1, 20 lits): UNSAT in 0.71s
    cube 3916.190 (depth 1, 20 lits): UNSAT in 2.21s
    cube 3916.191 (depth 1, 20 lits): UNSAT in 0.08s
    cube 3916.192 (depth 1, 20 lits): UNSAT in 0.33s
    cube 3916.193 (depth 1, 20 lits): UNSAT in 0.24s
    cube 3916.194 (depth 1, 20 lits): UNSAT in 1.84s
    cube 3916.195 (depth 1, 20 lits): UNSAT in 0.27s
    cube 3916.196 (depth 1, 20 lits): UNSAT in 0.66s
    cube 3916.197 (depth 1, 20 lits): UNSAT in 0.28s
    cube 3916.198 (depth 1, 20 lits): UNSAT in 2.03s
    cube 3916.199 (depth 1, 20 lits): UNSAT in 0.16s
    cube 3916.200 (depth 1, 20 lits): UNSAT in 0.25s
    cube 3916.201 (depth 1, 20 lits): UNSAT in 0.22s
    cube 3916.202 (depth 1, 20 lits): UNSAT in 2.29s
    cube 3916.203 (depth 1, 20 lits): UNSAT in 0.29s
    cube 3916.204 (depth 1, 20 lits): UNSAT in 2.01s
    cube 3916.205 (depth 1, 20 lits): UNSAT in 2.29s
    cube 3916.206 (depth 1, 20 lits): UNSAT in 3.64s
    cube 3916.207 (depth 1, 20 lits): UNSAT in 0.02s
    cube 3916.208 (depth 1, 20 lits): UNSAT in 0.02s
    cube 3916.209 (depth 1, 20 lits): UNSAT in 0.04s
    cube 3916.210 (depth 1, 20 lits): UNSAT in 0.14s
    cube 3916.211 (depth 1, 20 lits): UNSAT in 0.04s
    cube 3916.212 (depth 1, 20 lits): UNSAT in 0.29s
    cube 3916.213 (depth 1, 20 lits): UNSAT in 0.26s
    cube 3916.214 (depth 1, 20 lits): UNSAT in 0.72s
    cube 3916.215 (depth 1, 20 lits): UNSAT in 0.08s
    cube 3916.216 (depth 1, 20 lits): UNSAT in 0.12s
    cube 3916.217 (depth 1, 20 lits): UNSAT in 0.23s
    cube 3916.218 (depth 1, 20 lits): UNSAT in 0.29s
    cube 3916.219 (depth 1, 20 lits): UNSAT in 0.09s
    cube 3916.220 (depth 1, 20 lits): UNSAT in 0.17s
    cube 3916.221 (depth 1, 20 lits): UNSAT in 0.63s
    cube 3916.222 (depth 1, 20 lits): UNSAT in 11.56s
    cube 3916.223 (depth 1, 20 lits): UNSAT in 0.10s
    cube 3916.224 (depth 1, 20 lits): UNSAT in 0.51s
    cube 3916.225 (depth 1, 20 lits): UNSAT in 0.10s
    cube 3916.226 (depth 1, 20 lits): UNSAT in 0.38s
    cube 3916.227 (depth 1, 20 lits): UNSAT in 0.81s
    cube 3916.228 (depth 1, 20 lits): UNSAT in 3.31s
    cube 3916.229 (depth 1, 20 lits): UNSAT in 1.70s
    cube 3916.230 (depth 1, 20 lits): UNSAT in 56.43s
    cube 3916.231 (depth 1, 20 lits): UNSAT in 0.17s
    cube 3916.232 (depth 1, 20 lits): UNSAT in 0.58s
    cube 3916.233 (depth 1, 20 lits): UNSAT in 0.38s
    cube 3916.234 (depth 1, 20 lits): UNSAT in 22.40s
    cube 3916.235 (depth 1, 20 lits): UNSAT in 0.29s
    cube 3916.236 (depth 1, 20 lits): UNSAT in 35.21s
    cube 3916.237 (depth 1, 20 lits): UNSAT in 110.29s
    cube 3916.238 (depth 1, 20 lits): UNSAT in 453.41s

  shard 22 verdict: UNSAT (1 UNSAT, 0 unresolved) in 1944.2s
