  shard 9/24 (explicit): 1 of 4095 cubes, per-cube cap 1200.0s, re-split depth 7
    cube 4022 (depth 0, 12 lits): TIMEOUT in 1200.10s
    cube 4022 TIMEOUT -> re-split into 256 sub-cubes (depth 1)
    cube 4022.0 (depth 1, 20 lits): UNSAT in 0.01s
    cube 4022.1 (depth 1, 20 lits): UNSAT in 0.02s
    cube 4022.2 (depth 1, 20 lits): UNSAT in 0.01s
    cube 4022.3 (depth 1, 20 lits): UNSAT in 0.03s
    cube 4022.4 (depth 1, 20 lits): UNSAT in 0.03s
    cube 4022.5 (depth 1, 20 lits): UNSAT in 0.10s
    cube 4022.6 (depth 1, 20 lits): UNSAT in 0.04s
    cube 4022.7 (depth 1, 20 lits): UNSAT in 0.08s
    cube 4022.8 (depth 1, 20 lits): UNSAT in 0.03s
    cube 4022.9 (depth 1, 20 lits): UNSAT in 0.08s
    cube 4022.10 (depth 1, 20 lits): UNSAT in 0.09s
    cube 4022.11 (depth 1, 20 lits): UNSAT in 0.39s
    cube 4022.12 (depth 1, 20 lits): UNSAT in 0.04s
    cube 4022.13 (depth 1, 20 lits): UNSAT in 0.25s
    cube 4022.14 (depth 1, 20 lits): UNSAT in 0.28s
    cube 4022.15 (depth 1, 20 lits): UNSAT in 2.03s
    cube 4022.16 (depth 1, 20 lits): UNSAT in 0.03s
    cube 4022.17 (depth 1, 20 lits): UNSAT in 0.07s
    cube 4022.18 (depth 1, 20 lits): UNSAT in 0.03s
    cube 4022.19 (depth 1, 20 lits): UNSAT in 0.09s
    cube 4022.20 (depth 1, 20 lits): UNSAT in 0.06s
    cube 4022.21 (depth 1, 20 lits): UNSAT in 0.26s
    cube 4022.22 (depth 1, 20 lits): UNSAT in 0.18s
    cube 4022.23 (depth 1, 20 lits): UNSAT in 2.34s
    cube 4022.24 (depth 1, 20 lits): UNSAT in 0.15s
    cube 4022.25 (depth 1, 20 lits): UNSAT in 0.52s
    cube 4022.26 (depth 1, 20 lits): UNSAT in 0.43s
    cube 4022.27 (depth 1, 20 lits): UNSAT in 0.63s
    cube 4022.28 (depth 1, 20 lits): UNSAT in 0.13s
    cube 4022.29 (depth 1, 20 lits): UNSAT in 1.03s
    cube 4022.30 (depth 1, 20 lits): UNSAT in 1.83s
    cube 4022.31 (depth 1, 20 lits): UNSAT in 24.93s
    cube 4022.32 (depth 1, 20 lits): UNSAT in 0.02s
    cube 4022.33 (depth 1, 20 lits): UNSAT in 0.02s
    cube 4022.34 (depth 1, 20 lits): UNSAT in 0.10s
    cube 4022.35 (depth 1, 20 lits): UNSAT in 0.54s
    cube 4022.36 (depth 1, 20 lits): UNSAT in 0.02s
    cube 4022.37 (depth 1, 20 lits): UNSAT in 0.22s
    cube 4022.38 (depth 1, 20 lits): UNSAT in 0.15s
    cube 4022.39 (depth 1, 20 lits): UNSAT in 0.42s
    cube 4022.40 (depth 1, 20 lits): UNSAT in 0.03s
    cube 4022.41 (depth 1, 20 lits): UNSAT in 0.07s
    cube 4022.42 (depth 1, 20 lits): UNSAT in 0.15s
    cube 4022.43 (depth 1, 20 lits): UNSAT in 0.71s
    cube 4022.44 (depth 1, 20 lits): UNSAT in 0.13s
    cube 4022.45 (depth 1, 20 lits): UNSAT in 1.00s
    cube 4022.46 (depth 1, 20 lits): UNSAT in 1.97s
    cube 4022.47 (depth 1, 20 lits): UNSAT in 14.45s
    cube 4022.48 (depth 1, 20 lits): UNSAT in 0.08s
    cube 4022.49 (depth 1, 20 lits): UNSAT in 0.28s
    cube 4022.50 (depth 1, 20 lits): UNSAT in 0.40s
    cube 4022.51 (depth 1, 20 lits): UNSAT in 2.97s
    cube 4022.52 (depth 1, 20 lits): UNSAT in 0.75s
    cube 4022.53 (depth 1, 20 lits): UNSAT in 1.09s
    cube 4022.54 (depth 1, 20 lits): UNSAT in 1.16s
    cube 4022.55 (depth 1, 20 lits): UNSAT in 9.54s
    cube 4022.56 (depth 1, 20 lits): UNSAT in 0.40s
    cube 4022.57 (depth 1, 20 lits): UNSAT in 1.64s
    cube 4022.58 (depth 1, 20 lits): UNSAT in 1.22s
    cube 4022.59 (depth 1, 20 lits): UNSAT in 12.39s
    cube 4022.60 (depth 1, 20 lits): UNSAT in 2.48s
    cube 4022.61 (depth 1, 20 lits): UNSAT in 9.42s
    cube 4022.62 (depth 1, 20 lits): UNSAT in 7.68s
    cube 4022.63 (depth 1, 20 lits): UNSAT in 433.97s
    cube 4022.64 (depth 1, 20 lits): UNSAT in 0.11s
    cube 4022.65 (depth 1, 20 lits): UNSAT in 0.27s
    cube 4022.66 (depth 1, 20 lits): UNSAT in 0.09s
    cube 4022.67 (depth 1, 20 lits): UNSAT in 0.12s
    cube 4022.68 (depth 1, 20 lits): UNSAT in 0.19s
    cube 4022.69 (depth 1, 20 lits): UNSAT in 0.19s
    cube 4022.70 (depth 1, 20 lits): UNSAT in 0.16s
    cube 4022.71 (depth 1, 20 lits): UNSAT in 0.77s
    cube 4022.72 (depth 1, 20 lits): UNSAT in 0.75s
    cube 4022.73 (depth 1, 20 lits): UNSAT in 0.65s
    cube 4022.74 (depth 1, 20 lits): UNSAT in 1.16s
    cube 4022.75 (depth 1, 20 lits): UNSAT in 3.39s
    cube 4022.76 (depth 1, 20 lits): UNSAT in 0.26s
    cube 4022.77 (depth 1, 20 lits): UNSAT in 0.44s
    cube 4022.78 (depth 1, 20 lits): UNSAT in 0.54s
    cube 4022.79 (depth 1, 20 lits): UNSAT in 9.11s
    cube 4022.80 (depth 1, 20 lits): UNSAT in 0.16s
    cube 4022.81 (depth 1, 20 lits): UNSAT in 0.57s
    cube 4022.82 (depth 1, 20 lits): UNSAT in 0.73s
    cube 4022.83 (depth 1, 20 lits): UNSAT in 4.01s
    cube 4022.84 (depth 1, 20 lits): UNSAT in 0.19s
    cube 4022.85 (depth 1, 20 lits): UNSAT in 0.51s
    cube 4022.86 (depth 1, 20 lits): UNSAT in 2.74s
    cube 4022.87 (depth 1, 20 lits): UNSAT in 20.48s
    cube 4022.88 (depth 1, 20 lits): UNSAT in 0.60s
    cube 4022.89 (depth 1, 20 lits): UNSAT in 2.86s
    cube 4022.90 (depth 1, 20 lits): UNSAT in 1.48s
    cube 4022.91 (depth 1, 20 lits): UNSAT in 18.13s
    cube 4022.92 (depth 1, 20 lits): UNSAT in 4.06s
    cube 4022.93 (depth 1, 20 lits): UNSAT in 23.96s
    cube 4022.94 (depth 1, 20 lits): UNSAT in 46.01s
    cube 4022.95 (depth 1, 20 lits): UNSAT in 443.58s
    cube 4022.96 (depth 1, 20 lits): UNSAT in 0.03s
    cube 4022.97 (depth 1, 20 lits): UNSAT in 0.22s
    cube 4022.98 (depth 1, 20 lits): UNSAT in 0.35s
    cube 4022.99 (depth 1, 20 lits): UNSAT in 0.47s
    cube 4022.100 (depth 1, 20 lits): UNSAT in 0.14s
    cube 4022.101 (depth 1, 20 lits): UNSAT in 2.27s
    cube 4022.102 (depth 1, 20 lits): UNSAT in 3.70s
    cube 4022.103 (depth 1, 20 lits): UNSAT in 32.68s
    cube 4022.104 (depth 1, 20 lits): UNSAT in 0.53s
    cube 4022.105 (depth 1, 20 lits): UNSAT in 1.46s
    cube 4022.106 (depth 1, 20 lits): UNSAT in 1.89s
    cube 4022.107 (depth 1, 20 lits): UNSAT in 35.21s
    cube 4022.108 (depth 1, 20 lits): UNSAT in 2.11s
    cube 4022.109 (depth 1, 20 lits): UNSAT in 70.59s
    cube 4022.110 (depth 1, 20 lits): UNSAT in 27.87s
    cube 4022.111 (depth 1, 20 lits): UNSAT in 1048.96s
    cube 4022.112 (depth 1, 20 lits): UNSAT in 0.32s
    cube 4022.113 (depth 1, 20 lits): UNSAT in 0.54s
    cube 4022.114 (depth 1, 20 lits): UNSAT in 2.21s
    cube 4022.115 (depth 1, 20 lits): UNSAT in 33.07s
    cube 4022.116 (depth 1, 20 lits): UNSAT in 2.94s
    cube 4022.117 (depth 1, 20 lits): UNSAT in 33.67s
    cube 4022.118 (depth 1, 20 lits): UNSAT in 82.50s
    cube 4022.119 (depth 1, 20 lits): UNSAT in 1031.40s
    cube 4022.120 (depth 1, 20 lits): UNSAT in 4.33s
    cube 4022.121 (depth 1, 20 lits): UNSAT in 84.79s
    cube 4022.122 (depth 1, 20 lits): UNSAT in 45.14s
    cube 4022.123 (depth 1, 20 lits): UNSAT in 397.71s
    cube 4022.124 (depth 1, 20 lits): UNSAT in 90.56s
    cube 4022.125 (depth 1, 20 lits): TIMEOUT in 1200.07s
    cube 4022.125 TIMEOUT -> re-split into 238 sub-cubes (depth 2)
    cube 4022.125.0 (depth 2, 27 lits): UNSAT in 0.01s
    cube 4022.125.1 (depth 2, 27 lits): UNSAT in 0.01s
    cube 4022.125.2 (depth 2, 26 lits): UNSAT in 0.01s
    cube 4022.125.3 (depth 2, 26 lits): UNSAT in 0.01s
    cube 4022.125.4 (depth 2, 28 lits): UNSAT in 0.01s
    cube 4022.125.5 (depth 2, 28 lits): UNSAT in 0.02s
    cube 4022.125.6 (depth 2, 28 lits): UNSAT in 0.03s
    cube 4022.125.7 (depth 2, 28 lits): UNSAT in 0.07s
    cube 4022.125.8 (depth 2, 26 lits): UNSAT in 0.02s
    cube 4022.125.9 (depth 2, 27 lits): UNSAT in 0.02s
    cube 4022.125.10 (depth 2, 28 lits): UNSAT in 0.01s
    cube 4022.125.11 (depth 2, 28 lits): UNSAT in 0.02s
    cube 4022.125.12 (depth 2, 27 lits): UNSAT in 0.01s
    cube 4022.125.13 (depth 2, 28 lits): UNSAT in 0.01s
    cube 4022.125.14 (depth 2, 28 lits): UNSAT in 0.05s
    cube 4022.125.15 (depth 2, 28 lits): UNSAT in 0.03s
    cube 4022.125.16 (depth 2, 28 lits): UNSAT in 0.06s
    cube 4022.125.17 (depth 2, 28 lits): UNSAT in 0.09s
    cube 4022.125.18 (depth 2, 28 lits): UNSAT in 0.18s
    cube 4022.125.19 (depth 2, 28 lits): UNSAT in 0.01s
    cube 4022.125.20 (depth 2, 28 lits): UNSAT in 0.02s
    cube 4022.125.21 (depth 2, 28 lits): UNSAT in 0.01s
    cube 4022.125.22 (depth 2, 28 lits): UNSAT in 0.02s
    cube 4022.125.23 (depth 2, 28 lits): UNSAT in 0.02s
    cube 4022.125.24 (depth 2, 28 lits): UNSAT in 0.02s
    cube 4022.125.25 (depth 2, 28 lits): UNSAT in 0.02s
    cube 4022.125.26 (depth 2, 28 lits): UNSAT in 0.04s
    cube 4022.125.27 (depth 2, 28 lits): UNSAT in 0.04s
    cube 4022.125.28 (depth 2, 28 lits): UNSAT in 0.04s
    cube 4022.125.29 (depth 2, 28 lits): UNSAT in 0.03s
    cube 4022.125.30 (depth 2, 28 lits): UNSAT in 0.06s
    cube 4022.125.31 (depth 2, 28 lits): UNSAT in 0.03s
    cube 4022.125.32 (depth 2, 28 lits): UNSAT in 0.05s
    cube 4022.125.33 (depth 2, 28 lits): UNSAT in 0.05s
    cube 4022.125.34 (depth 2, 28 lits): UNSAT in 0.16s
    cube 4022.125.35 (depth 2, 28 lits): UNSAT in 0.02s
    cube 4022.125.36 (depth 2, 28 lits): UNSAT in 0.02s
    cube 4022.125.37 (depth 2, 28 lits): UNSAT in 0.03s
    cube 4022.125.38 (depth 2, 28 lits): UNSAT in 0.08s
    cube 4022.125.39 (depth 2, 27 lits): UNSAT in 0.01s
    cube 4022.125.40 (depth 2, 28 lits): UNSAT in 0.04s
    cube 4022.125.41 (depth 2, 28 lits): UNSAT in 0.09s
    cube 4022.125.42 (depth 2, 28 lits): UNSAT in 0.02s
    cube 4022.125.43 (depth 2, 28 lits): UNSAT in 0.02s
    cube 4022.125.44 (depth 2, 28 lits): UNSAT in 0.03s
    cube 4022.125.45 (depth 2, 28 lits): UNSAT in 0.08s
    cube 4022.125.46 (depth 2, 28 lits): UNSAT in 0.04s
    cube 4022.125.47 (depth 2, 28 lits): UNSAT in 0.07s
    cube 4022.125.48 (depth 2, 28 lits): UNSAT in 0.13s
    cube 4022.125.49 (depth 2, 28 lits): UNSAT in 0.18s
    cube 4022.125.50 (depth 2, 28 lits): UNSAT in 0.01s
    cube 4022.125.51 (depth 2, 28 lits): UNSAT in 0.02s
    cube 4022.125.52 (depth 2, 28 lits): UNSAT in 0.02s
    cube 4022.125.53 (depth 2, 28 lits): UNSAT in 0.02s
    cube 4022.125.54 (depth 2, 28 lits): UNSAT in 0.01s
    cube 4022.125.55 (depth 2, 28 lits): UNSAT in 0.02s
    cube 4022.125.56 (depth 2, 28 lits): UNSAT in 0.01s
    cube 4022.125.57 (depth 2, 28 lits): UNSAT in 0.07s
    cube 4022.125.58 (depth 2, 28 lits): UNSAT in 0.01s
    cube 4022.125.59 (depth 2, 28 lits): UNSAT in 0.02s
    cube 4022.125.60 (depth 2, 28 lits): UNSAT in 0.02s
    cube 4022.125.61 (depth 2, 28 lits): UNSAT in 0.05s
    cube 4022.125.62 (depth 2, 28 lits): UNSAT in 0.02s
    cube 4022.125.63 (depth 2, 28 lits): UNSAT in 0.06s
    cube 4022.125.64 (depth 2, 28 lits): UNSAT in 0.07s
    cube 4022.125.65 (depth 2, 28 lits): UNSAT in 0.12s
    cube 4022.125.66 (depth 2, 28 lits): UNSAT in 0.03s
    cube 4022.125.67 (depth 2, 28 lits): UNSAT in 0.03s
    cube 4022.125.68 (depth 2, 28 lits): UNSAT in 0.02s
    cube 4022.125.69 (depth 2, 28 lits): UNSAT in 0.15s
    cube 4022.125.70 (depth 2, 28 lits): UNSAT in 0.03s
    cube 4022.125.71 (depth 2, 28 lits): UNSAT in 0.17s
    cube 4022.125.72 (depth 2, 28 lits): UNSAT in 0.07s
    cube 4022.125.73 (depth 2, 28 lits): UNSAT in 0.15s
    cube 4022.125.74 (depth 2, 28 lits): UNSAT in 0.05s
    cube 4022.125.75 (depth 2, 28 lits): UNSAT in 0.06s
    cube 4022.125.76 (depth 2, 28 lits): UNSAT in 0.22s
    cube 4022.125.77 (depth 2, 28 lits): UNSAT in 0.71s
    cube 4022.125.78 (depth 2, 28 lits): UNSAT in 0.05s
    cube 4022.125.79 (depth 2, 28 lits): UNSAT in 0.21s
    cube 4022.125.80 (depth 2, 28 lits): UNSAT in 0.20s
    cube 4022.125.81 (depth 2, 28 lits): UNSAT in 1.56s
    cube 4022.125.82 (depth 2, 28 lits): UNSAT in 0.02s
    cube 4022.125.83 (depth 2, 28 lits): UNSAT in 0.06s
    cube 4022.125.84 (depth 2, 28 lits): UNSAT in 0.06s
    cube 4022.125.85 (depth 2, 28 lits): UNSAT in 0.18s
    cube 4022.125.86 (depth 2, 28 lits): UNSAT in 0.05s
    cube 4022.125.87 (depth 2, 28 lits): UNSAT in 0.41s
    cube 4022.125.88 (depth 2, 28 lits): UNSAT in 0.07s
    cube 4022.125.89 (depth 2, 28 lits): UNSAT in 0.67s
    cube 4022.125.90 (depth 2, 28 lits): UNSAT in 0.05s
    cube 4022.125.91 (depth 2, 28 lits): UNSAT in 0.21s
    cube 4022.125.92 (depth 2, 28 lits): UNSAT in 0.16s
    cube 4022.125.93 (depth 2, 28 lits): UNSAT in 0.95s
    cube 4022.125.94 (depth 2, 28 lits): UNSAT in 0.17s
    cube 4022.125.95 (depth 2, 28 lits): UNSAT in 1.40s
    cube 4022.125.96 (depth 2, 28 lits): UNSAT in 0.74s
    cube 4022.125.97 (depth 2, 28 lits): UNSAT in 4.40s
    cube 4022.125.98 (depth 2, 28 lits): UNSAT in 0.05s
    cube 4022.125.99 (depth 2, 28 lits): UNSAT in 0.10s
    cube 4022.125.100 (depth 2, 28 lits): UNSAT in 0.08s
    cube 4022.125.101 (depth 2, 28 lits): UNSAT in 1.05s
    cube 4022.125.102 (depth 2, 28 lits): UNSAT in 0.10s
    cube 4022.125.103 (depth 2, 28 lits): UNSAT in 1.05s
    cube 4022.125.104 (depth 2, 28 lits): UNSAT in 0.67s
    cube 4022.125.105 (depth 2, 28 lits): UNSAT in 3.80s
    cube 4022.125.106 (depth 2, 28 lits): UNSAT in 0.16s
    cube 4022.125.107 (depth 2, 28 lits): UNSAT in 0.43s
    cube 4022.125.108 (depth 2, 28 lits): UNSAT in 0.41s
    cube 4022.125.109 (depth 2, 28 lits): UNSAT in 6.25s
    cube 4022.125.110 (depth 2, 28 lits): UNSAT in 0.33s
    cube 4022.125.111 (depth 2, 28 lits): UNSAT in 12.36s
    cube 4022.125.112 (depth 2, 28 lits): UNSAT in 0.63s
    cube 4022.125.113 (depth 2, 28 lits): UNSAT in 19.68s
    cube 4022.125.114 (depth 2, 28 lits): UNSAT in 0.01s
    cube 4022.125.115 (depth 2, 28 lits): UNSAT in 0.01s
    cube 4022.125.116 (depth 2, 28 lits): UNSAT in 0.02s
    cube 4022.125.117 (depth 2, 28 lits): UNSAT in 0.01s
    cube 4022.125.118 (depth 2, 27 lits): UNSAT in 0.01s
    cube 4022.125.119 (depth 2, 27 lits): UNSAT in 0.02s
    cube 4022.125.120 (depth 2, 28 lits): UNSAT in 0.01s
    cube 4022.125.121 (depth 2, 28 lits): UNSAT in 0.02s
    cube 4022.125.122 (depth 2, 28 lits): UNSAT in 0.01s
    cube 4022.125.123 (depth 2, 28 lits): UNSAT in 0.02s
    cube 4022.125.124 (depth 2, 28 lits): UNSAT in 0.01s
    cube 4022.125.125 (depth 2, 28 lits): UNSAT in 0.03s
    cube 4022.125.126 (depth 2, 28 lits): UNSAT in 0.06s
    cube 4022.125.127 (depth 2, 28 lits): UNSAT in 0.08s
    cube 4022.125.128 (depth 2, 27 lits): UNSAT in 0.01s
    cube 4022.125.129 (depth 2, 28 lits): UNSAT in 0.02s
    cube 4022.125.130 (depth 2, 28 lits): UNSAT in 0.02s
    cube 4022.125.131 (depth 2, 27 lits): UNSAT in 0.01s
    cube 4022.125.132 (depth 2, 28 lits): UNSAT in 0.03s
    cube 4022.125.133 (depth 2, 28 lits): UNSAT in 0.07s
    cube 4022.125.134 (depth 2, 28 lits): UNSAT in 0.01s
    cube 4022.125.135 (depth 2, 28 lits): UNSAT in 0.02s
    cube 4022.125.136 (depth 2, 28 lits): UNSAT in 0.03s
    cube 4022.125.137 (depth 2, 28 lits): UNSAT in 0.07s
    cube 4022.125.138 (depth 2, 28 lits): UNSAT in 0.03s
    cube 4022.125.139 (depth 2, 28 lits): UNSAT in 0.11s
    cube 4022.125.140 (depth 2, 28 lits): UNSAT in 0.09s
    cube 4022.125.141 (depth 2, 28 lits): UNSAT in 0.34s
    cube 4022.125.142 (depth 2, 28 lits): UNSAT in 0.01s
    cube 4022.125.143 (depth 2, 28 lits): UNSAT in 0.03s
    cube 4022.125.144 (depth 2, 28 lits): UNSAT in 0.02s
    cube 4022.125.145 (depth 2, 28 lits): UNSAT in 0.02s
    cube 4022.125.146 (depth 2, 28 lits): UNSAT in 0.03s
    cube 4022.125.147 (depth 2, 28 lits): UNSAT in 0.04s
    cube 4022.125.148 (depth 2, 28 lits): UNSAT in 0.04s
    cube 4022.125.149 (depth 2, 28 lits): UNSAT in 0.12s
    cube 4022.125.150 (depth 2, 28 lits): UNSAT in 0.02s
    cube 4022.125.151 (depth 2, 28 lits): UNSAT in 0.03s
    cube 4022.125.152 (depth 2, 28 lits): UNSAT in 0.04s
    cube 4022.125.153 (depth 2, 28 lits): UNSAT in 0.06s
    cube 4022.125.154 (depth 2, 28 lits): UNSAT in 0.06s
    cube 4022.125.155 (depth 2, 28 lits): UNSAT in 0.08s
    cube 4022.125.156 (depth 2, 28 lits): UNSAT in 0.04s
    cube 4022.125.157 (depth 2, 28 lits): UNSAT in 0.17s
    cube 4022.125.158 (depth 2, 28 lits): UNSAT in 0.02s
    cube 4022.125.159 (depth 2, 28 lits): UNSAT in 0.01s
    cube 4022.125.160 (depth 2, 28 lits): UNSAT in 0.07s
    cube 4022.125.161 (depth 2, 28 lits): UNSAT in 0.10s
    cube 4022.125.162 (depth 2, 28 lits): UNSAT in 0.02s
    cube 4022.125.163 (depth 2, 28 lits): UNSAT in 0.24s
    cube 4022.125.164 (depth 2, 28 lits): UNSAT in 0.09s
    cube 4022.125.165 (depth 2, 28 lits): UNSAT in 1.04s
    cube 4022.125.166 (depth 2, 28 lits): UNSAT in 0.03s
    cube 4022.125.167 (depth 2, 28 lits): UNSAT in 0.33s
    cube 4022.125.168 (depth 2, 28 lits): UNSAT in 0.08s
    cube 4022.125.169 (depth 2, 28 lits): UNSAT in 1.22s
    cube 4022.125.170 (depth 2, 28 lits): UNSAT in 0.21s
    cube 4022.125.171 (depth 2, 28 lits): UNSAT in 1.36s
    cube 4022.125.172 (depth 2, 28 lits): UNSAT in 2.67s
    cube 4022.125.173 (depth 2, 28 lits): UNSAT in 2.23s
    cube 4022.125.174 (depth 2, 28 lits): UNSAT in 0.02s
    cube 4022.125.175 (depth 2, 28 lits): UNSAT in 0.03s
    cube 4022.125.176 (depth 2, 28 lits): UNSAT in 0.04s
    cube 4022.125.177 (depth 2, 28 lits): UNSAT in 0.05s
    cube 4022.125.178 (depth 2, 28 lits): UNSAT in 0.02s
    cube 4022.125.179 (depth 2, 28 lits): UNSAT in 0.03s
    cube 4022.125.180 (depth 2, 28 lits): UNSAT in 0.01s
    cube 4022.125.181 (depth 2, 28 lits): UNSAT in 0.05s
    cube 4022.125.182 (depth 2, 28 lits): UNSAT in 0.02s
    cube 4022.125.183 (depth 2, 28 lits): UNSAT in 0.06s
    cube 4022.125.184 (depth 2, 28 lits): UNSAT in 0.02s
    cube 4022.125.185 (depth 2, 28 lits): UNSAT in 0.15s
    cube 4022.125.186 (depth 2, 28 lits): UNSAT in 0.02s
    cube 4022.125.187 (depth 2, 28 lits): UNSAT in 0.08s
    cube 4022.125.188 (depth 2, 28 lits): UNSAT in 0.09s
    cube 4022.125.189 (depth 2, 28 lits): UNSAT in 0.28s
    cube 4022.125.190 (depth 2, 28 lits): UNSAT in 0.03s
    cube 4022.125.191 (depth 2, 28 lits): UNSAT in 0.04s
    cube 4022.125.192 (depth 2, 28 lits): UNSAT in 0.03s
    cube 4022.125.193 (depth 2, 28 lits): UNSAT in 0.13s
    cube 4022.125.194 (depth 2, 28 lits): UNSAT in 0.02s
    cube 4022.125.195 (depth 2, 28 lits): UNSAT in 0.07s
    cube 4022.125.196 (depth 2, 28 lits): UNSAT in 0.14s
    cube 4022.125.197 (depth 2, 28 lits): UNSAT in 1.67s
    cube 4022.125.198 (depth 2, 28 lits): UNSAT in 0.05s
    cube 4022.125.199 (depth 2, 28 lits): UNSAT in 0.16s
    cube 4022.125.200 (depth 2, 28 lits): UNSAT in 0.06s
    cube 4022.125.201 (depth 2, 28 lits): UNSAT in 0.73s
    cube 4022.125.202 (depth 2, 28 lits): UNSAT in 0.33s
    cube 4022.125.203 (depth 2, 28 lits): UNSAT in 0.56s
    cube 4022.125.204 (depth 2, 28 lits): UNSAT in 0.75s
    cube 4022.125.205 (depth 2, 28 lits): UNSAT in 2.21s
    cube 4022.125.206 (depth 2, 28 lits): UNSAT in 0.03s
    cube 4022.125.207 (depth 2, 28 lits): UNSAT in 0.05s
    cube 4022.125.208 (depth 2, 28 lits): UNSAT in 0.04s
    cube 4022.125.209 (depth 2, 28 lits): UNSAT in 0.05s
    cube 4022.125.210 (depth 2, 28 lits): UNSAT in 0.05s
    cube 4022.125.211 (depth 2, 28 lits): UNSAT in 0.16s
    cube 4022.125.212 (depth 2, 28 lits): UNSAT in 0.05s
    cube 4022.125.213 (depth 2, 28 lits): UNSAT in 0.21s
    cube 4022.125.214 (depth 2, 28 lits): UNSAT in 0.04s
    cube 4022.125.215 (depth 2, 28 lits): UNSAT in 0.08s
    cube 4022.125.216 (depth 2, 28 lits): UNSAT in 0.04s
    cube 4022.125.217 (depth 2, 28 lits): UNSAT in 0.71s
    cube 4022.125.218 (depth 2, 28 lits): UNSAT in 0.12s
    cube 4022.125.219 (depth 2, 28 lits): UNSAT in 0.94s
    cube 4022.125.220 (depth 2, 28 lits): UNSAT in 2.00s
    cube 4022.125.221 (depth 2, 28 lits): UNSAT in 5.34s
    cube 4022.125.222 (depth 2, 28 lits): UNSAT in 0.03s
    cube 4022.125.223 (depth 2, 28 lits): UNSAT in 0.07s
    cube 4022.125.224 (depth 2, 28 lits): UNSAT in 0.14s
    cube 4022.125.225 (depth 2, 28 lits): UNSAT in 0.43s
    cube 4022.125.226 (depth 2, 28 lits): UNSAT in 0.06s
    cube 4022.125.227 (depth 2, 28 lits): UNSAT in 0.64s
    cube 4022.125.228 (depth 2, 28 lits): UNSAT in 0.61s
    cube 4022.125.229 (depth 2, 28 lits): UNSAT in 7.71s
    cube 4022.125.230 (depth 2, 28 lits): UNSAT in 0.18s
    cube 4022.125.231 (depth 2, 28 lits): UNSAT in 4.62s
    cube 4022.125.232 (depth 2, 28 lits): UNSAT in 0.90s
    cube 4022.125.233 (depth 2, 28 lits): UNSAT in 21.24s
    cube 4022.125.234 (depth 2, 28 lits): UNSAT in 0.58s
    cube 4022.125.235 (depth 2, 28 lits): UNSAT in 20.37s
    cube 4022.125.236 (depth 2, 28 lits): UNSAT in 1.29s
    cube 4022.125.237 (depth 2, 28 lits): UNSAT in 7.70s
    cube 4022.126 (depth 1, 20 lits): TIMEOUT in 1200.07s
    cube 4022.126 TIMEOUT -> re-split into 244 sub-cubes (depth 2)
    cube 4022.126.0 (depth 2, 27 lits): UNSAT in 0.01s
    cube 4022.126.1 (depth 2, 28 lits): UNSAT in 0.01s
    cube 4022.126.2 (depth 2, 28 lits): UNSAT in 0.02s
    cube 4022.126.3 (depth 2, 28 lits): UNSAT in 0.01s
    cube 4022.126.4 (depth 2, 28 lits): UNSAT in 0.01s
    cube 4022.126.5 (depth 2, 27 lits): UNSAT in 0.01s
    cube 4022.126.6 (depth 2, 26 lits): UNSAT in 0.01s
    cube 4022.126.7 (depth 2, 26 lits): UNSAT in 0.02s
    cube 4022.126.8 (depth 2, 27 lits): UNSAT in 0.01s
    cube 4022.126.9 (depth 2, 28 lits): UNSAT in 0.02s
    cube 4022.126.10 (depth 2, 28 lits): UNSAT in 0.04s
    cube 4022.126.11 (depth 2, 27 lits): UNSAT in 0.02s
    cube 4022.126.12 (depth 2, 28 lits): UNSAT in 0.03s
    cube 4022.126.13 (depth 2, 28 lits): UNSAT in 0.17s
    cube 4022.126.14 (depth 2, 28 lits): UNSAT in 0.01s
    cube 4022.126.15 (depth 2, 28 lits): UNSAT in 0.01s
    cube 4022.126.16 (depth 2, 27 lits): UNSAT in 0.01s
    cube 4022.126.17 (depth 2, 28 lits): UNSAT in 0.04s
    cube 4022.126.18 (depth 2, 28 lits): UNSAT in 0.02s
    cube 4022.126.19 (depth 2, 27 lits): UNSAT in 0.01s
    cube 4022.126.20 (depth 2, 28 lits): UNSAT in 0.01s
    cube 4022.126.21 (depth 2, 28 lits): UNSAT in 0.02s
    cube 4022.126.22 (depth 2, 28 lits): UNSAT in 0.02s
    cube 4022.126.23 (depth 2, 28 lits): UNSAT in 0.05s
    cube 4022.126.24 (depth 2, 28 lits): UNSAT in 0.02s
    cube 4022.126.25 (depth 2, 28 lits): UNSAT in 0.03s
    cube 4022.126.26 (depth 2, 28 lits): UNSAT in 0.05s
    cube 4022.126.27 (depth 2, 28 lits): UNSAT in 0.18s
    cube 4022.126.28 (depth 2, 28 lits): UNSAT in 0.01s
    cube 4022.126.29 (depth 2, 28 lits): UNSAT in 0.02s
    cube 4022.126.30 (depth 2, 28 lits): UNSAT in 0.02s
    cube 4022.126.31 (depth 2, 28 lits): UNSAT in 0.11s
    cube 4022.126.32 (depth 2, 28 lits): UNSAT in 0.02s
    cube 4022.126.33 (depth 2, 28 lits): UNSAT in 0.03s
    cube 4022.126.34 (depth 2, 28 lits): UNSAT in 0.12s
    cube 4022.126.35 (depth 2, 28 lits): UNSAT in 0.16s
    cube 4022.126.36 (depth 2, 28 lits): UNSAT in 0.01s
    cube 4022.126.37 (depth 2, 28 lits): UNSAT in 0.02s
    cube 4022.126.38 (depth 2, 28 lits): UNSAT in 0.03s
    cube 4022.126.39 (depth 2, 28 lits): UNSAT in 0.02s
    cube 4022.126.40 (depth 2, 28 lits): UNSAT in 0.02s
    cube 4022.126.41 (depth 2, 28 lits): UNSAT in 0.10s
    cube 4022.126.42 (depth 2, 28 lits): UNSAT in 0.14s
    cube 4022.126.43 (depth 2, 28 lits): UNSAT in 0.31s
    cube 4022.126.44 (depth 2, 28 lits): UNSAT in 0.09s
    cube 4022.126.45 (depth 2, 28 lits): UNSAT in 0.17s
    cube 4022.126.46 (depth 2, 28 lits): UNSAT in 0.08s
    cube 4022.126.47 (depth 2, 28 lits): UNSAT in 0.94s
    cube 4022.126.48 (depth 2, 28 lits): UNSAT in 0.18s
    cube 4022.126.49 (depth 2, 28 lits): UNSAT in 0.12s
    cube 4022.126.50 (depth 2, 28 lits): UNSAT in 0.35s
    cube 4022.126.51 (depth 2, 28 lits): UNSAT in 2.62s
    cube 4022.126.52 (depth 2, 28 lits): UNSAT in 0.01s
    cube 4022.126.53 (depth 2, 28 lits): UNSAT in 0.02s
    cube 4022.126.54 (depth 2, 28 lits): UNSAT in 0.02s
    cube 4022.126.55 (depth 2, 28 lits): UNSAT in 0.03s
    cube 4022.126.56 (depth 2, 28 lits): UNSAT in 0.02s
    cube 4022.126.57 (depth 2, 28 lits): UNSAT in 0.01s
    cube 4022.126.58 (depth 2, 28 lits): UNSAT in 0.03s
    cube 4022.126.59 (depth 2, 28 lits): UNSAT in 0.04s
    cube 4022.126.60 (depth 2, 28 lits): UNSAT in 0.02s
    cube 4022.126.61 (depth 2, 28 lits): UNSAT in 0.04s
    cube 4022.126.62 (depth 2, 28 lits): UNSAT in 0.04s
    cube 4022.126.63 (depth 2, 28 lits): UNSAT in 0.16s
    cube 4022.126.64 (depth 2, 28 lits): UNSAT in 0.05s
    cube 4022.126.65 (depth 2, 28 lits): UNSAT in 0.11s
    cube 4022.126.66 (depth 2, 28 lits): UNSAT in 0.03s
    cube 4022.126.67 (depth 2, 28 lits): UNSAT in 0.42s
    cube 4022.126.68 (depth 2, 28 lits): UNSAT in 0.02s
    cube 4022.126.69 (depth 2, 28 lits): UNSAT in 0.04s
    cube 4022.126.70 (depth 2, 28 lits): UNSAT in 0.02s
    cube 4022.126.71 (depth 2, 28 lits): UNSAT in 0.06s
    cube 4022.126.72 (depth 2, 28 lits): UNSAT in 0.02s
    cube 4022.126.73 (depth 2, 28 lits): UNSAT in 0.05s
    cube 4022.126.74 (depth 2, 28 lits): UNSAT in 0.12s
    cube 4022.126.75 (depth 2, 28 lits): UNSAT in 0.98s
    cube 4022.126.76 (depth 2, 28 lits): UNSAT in 0.03s
    cube 4022.126.77 (depth 2, 28 lits): UNSAT in 0.14s
    cube 4022.126.78 (depth 2, 28 lits): UNSAT in 0.17s
    cube 4022.126.79 (depth 2, 28 lits): UNSAT in 0.52s
    cube 4022.126.80 (depth 2, 28 lits): UNSAT in 0.20s
    cube 4022.126.81 (depth 2, 28 lits): UNSAT in 0.99s
    cube 4022.126.82 (depth 2, 28 lits): UNSAT in 0.56s
    cube 4022.126.83 (depth 2, 28 lits): UNSAT in 9.09s
    cube 4022.126.84 (depth 2, 28 lits): UNSAT in 0.02s
    cube 4022.126.85 (depth 2, 28 lits): UNSAT in 0.03s
    cube 4022.126.86 (depth 2, 28 lits): UNSAT in 0.03s
    cube 4022.126.87 (depth 2, 28 lits): UNSAT in 0.14s
    cube 4022.126.88 (depth 2, 28 lits): UNSAT in 0.14s
    cube 4022.126.89 (depth 2, 28 lits): UNSAT in 0.36s
    cube 4022.126.90 (depth 2, 28 lits): UNSAT in 0.09s
    cube 4022.126.91 (depth 2, 28 lits): UNSAT in 0.70s
    cube 4022.126.92 (depth 2, 28 lits): UNSAT in 0.01s
    cube 4022.126.93 (depth 2, 28 lits): UNSAT in 0.08s
    cube 4022.126.94 (depth 2, 28 lits): UNSAT in 0.07s
    cube 4022.126.95 (depth 2, 28 lits): UNSAT in 0.05s
    cube 4022.126.96 (depth 2, 28 lits): UNSAT in 0.05s
    cube 4022.126.97 (depth 2, 28 lits): UNSAT in 0.12s
    cube 4022.126.98 (depth 2, 28 lits): UNSAT in 0.33s
    cube 4022.126.99 (depth 2, 28 lits): UNSAT in 1.27s
    cube 4022.126.100 (depth 2, 28 lits): UNSAT in 0.04s
    cube 4022.126.101 (depth 2, 28 lits): UNSAT in 0.06s
    cube 4022.126.102 (depth 2, 28 lits): UNSAT in 0.23s
    cube 4022.126.103 (depth 2, 28 lits): UNSAT in 1.09s
    cube 4022.126.104 (depth 2, 28 lits): UNSAT in 0.13s
    cube 4022.126.105 (depth 2, 28 lits): UNSAT in 1.63s
    cube 4022.126.106 (depth 2, 28 lits): UNSAT in 0.40s
    cube 4022.126.107 (depth 2, 28 lits): UNSAT in 8.88s
    cube 4022.126.108 (depth 2, 28 lits): UNSAT in 0.28s
    cube 4022.126.109 (depth 2, 28 lits): UNSAT in 0.97s
    cube 4022.126.110 (depth 2, 28 lits): UNSAT in 0.30s
    cube 4022.126.111 (depth 2, 28 lits): UNSAT in 1.79s
    cube 4022.126.112 (depth 2, 28 lits): UNSAT in 2.55s
    cube 4022.126.113 (depth 2, 28 lits): UNSAT in 13.70s
    cube 4022.126.114 (depth 2, 28 lits): UNSAT in 7.38s
    cube 4022.126.115 (depth 2, 28 lits): UNSAT in 82.65s
    cube 4022.126.116 (depth 2, 28 lits): UNSAT in 0.01s
    cube 4022.126.117 (depth 2, 28 lits): UNSAT in 0.01s
    cube 4022.126.118 (depth 2, 28 lits): UNSAT in 0.01s
    cube 4022.126.119 (depth 2, 28 lits): UNSAT in 0.02s
    cube 4022.126.120 (depth 2, 28 lits): UNSAT in 0.01s
    cube 4022.126.121 (depth 2, 28 lits): UNSAT in 0.01s
    cube 4022.126.122 (depth 2, 28 lits): UNSAT in 0.02s
    cube 4022.126.123 (depth 2, 28 lits): UNSAT in 0.02s
    cube 4022.126.124 (depth 2, 28 lits): UNSAT in 0.01s
    cube 4022.126.125 (depth 2, 28 lits): UNSAT in 0.01s
    cube 4022.126.126 (depth 2, 28 lits): UNSAT in 0.01s
    cube 4022.126.127 (depth 2, 28 lits): UNSAT in 0.04s
    cube 4022.126.128 (depth 2, 28 lits): UNSAT in 0.02s
    cube 4022.126.129 (depth 2, 28 lits): UNSAT in 0.02s
    cube 4022.126.130 (depth 2, 28 lits): UNSAT in 0.01s
    cube 4022.126.131 (depth 2, 28 lits): UNSAT in 0.04s
    cube 4022.126.132 (depth 2, 28 lits): UNSAT in 0.02s
    cube 4022.126.133 (depth 2, 28 lits): UNSAT in 0.03s
    cube 4022.126.134 (depth 2, 28 lits): UNSAT in 0.03s
    cube 4022.126.135 (depth 2, 28 lits): UNSAT in 0.09s
    cube 4022.126.136 (depth 2, 28 lits): UNSAT in 0.04s
    cube 4022.126.137 (depth 2, 28 lits): UNSAT in 0.20s
    cube 4022.126.138 (depth 2, 28 lits): UNSAT in 0.08s
    cube 4022.126.139 (depth 2, 28 lits): UNSAT in 0.30s
    cube 4022.126.140 (depth 2, 28 lits): UNSAT in 0.02s
    cube 4022.126.141 (depth 2, 28 lits): UNSAT in 0.04s
    cube 4022.126.142 (depth 2, 28 lits): UNSAT in 0.04s
    cube 4022.126.143 (depth 2, 28 lits): UNSAT in 0.09s
    cube 4022.126.144 (depth 2, 28 lits): UNSAT in 0.04s
    cube 4022.126.145 (depth 2, 28 lits): UNSAT in 0.07s
    cube 4022.126.146 (depth 2, 28 lits): UNSAT in 0.05s
    cube 4022.126.147 (depth 2, 28 lits): UNSAT in 0.21s
    cube 4022.126.148 (depth 2, 28 lits): UNSAT in 0.02s
    cube 4022.126.149 (depth 2, 28 lits): UNSAT in 0.04s
    cube 4022.126.150 (depth 2, 28 lits): UNSAT in 0.02s
    cube 4022.126.151 (depth 2, 28 lits): UNSAT in 0.02s
    cube 4022.126.152 (depth 2, 28 lits): UNSAT in 0.02s
    cube 4022.126.153 (depth 2, 28 lits): UNSAT in 0.02s
    cube 4022.126.154 (depth 2, 28 lits): UNSAT in 0.06s
    cube 4022.126.155 (depth 2, 28 lits): UNSAT in 0.22s
    cube 4022.126.156 (depth 2, 28 lits): UNSAT in 0.02s
    cube 4022.126.157 (depth 2, 28 lits): UNSAT in 0.07s
    cube 4022.126.158 (depth 2, 28 lits): UNSAT in 0.02s
    cube 4022.126.159 (depth 2, 28 lits): UNSAT in 0.15s
    cube 4022.126.160 (depth 2, 28 lits): UNSAT in 0.25s
    cube 4022.126.161 (depth 2, 28 lits): UNSAT in 0.51s
    cube 4022.126.162 (depth 2, 28 lits): UNSAT in 0.05s
    cube 4022.126.163 (depth 2, 28 lits): UNSAT in 1.13s
    cube 4022.126.164 (depth 2, 28 lits): UNSAT in 0.04s
    cube 4022.126.165 (depth 2, 28 lits): UNSAT in 0.09s
    cube 4022.126.166 (depth 2, 28 lits): UNSAT in 0.08s
    cube 4022.126.167 (depth 2, 28 lits): UNSAT in 0.10s
    cube 4022.126.168 (depth 2, 28 lits): UNSAT in 0.04s
    cube 4022.126.169 (depth 2, 28 lits): UNSAT in 0.16s
    cube 4022.126.170 (depth 2, 28 lits): UNSAT in 0.81s
    cube 4022.126.171 (depth 2, 28 lits): UNSAT in 0.98s
    cube 4022.126.172 (depth 2, 28 lits): UNSAT in 0.11s
    cube 4022.126.173 (depth 2, 28 lits): UNSAT in 0.62s
    cube 4022.126.174 (depth 2, 28 lits): UNSAT in 0.54s
    cube 4022.126.175 (depth 2, 28 lits): UNSAT in 1.58s
    cube 4022.126.176 (depth 2, 28 lits): UNSAT in 0.55s
    cube 4022.126.177 (depth 2, 28 lits): UNSAT in 1.19s
    cube 4022.126.178 (depth 2, 28 lits): UNSAT in 0.63s
    cube 4022.126.179 (depth 2, 28 lits): UNSAT in 2.44s
    cube 4022.126.180 (depth 2, 28 lits): UNSAT in 0.01s
    cube 4022.126.181 (depth 2, 28 lits): UNSAT in 0.02s
    cube 4022.126.182 (depth 2, 28 lits): UNSAT in 0.01s
    cube 4022.126.183 (depth 2, 28 lits): UNSAT in 0.01s
    cube 4022.126.184 (depth 2, 28 lits): UNSAT in 0.10s
    cube 4022.126.185 (depth 2, 28 lits): UNSAT in 0.09s
    cube 4022.126.186 (depth 2, 28 lits): UNSAT in 0.04s
    cube 4022.126.187 (depth 2, 28 lits): UNSAT in 0.19s
    cube 4022.126.188 (depth 2, 28 lits): UNSAT in 0.02s
    cube 4022.126.189 (depth 2, 28 lits): UNSAT in 0.04s
    cube 4022.126.190 (depth 2, 28 lits): UNSAT in 0.07s
    cube 4022.126.191 (depth 2, 28 lits): UNSAT in 0.25s
    cube 4022.126.192 (depth 2, 28 lits): UNSAT in 0.12s
    cube 4022.126.193 (depth 2, 28 lits): UNSAT in 0.35s
    cube 4022.126.194 (depth 2, 28 lits): UNSAT in 0.17s
    cube 4022.126.195 (depth 2, 28 lits): UNSAT in 4.22s
    cube 4022.126.196 (depth 2, 28 lits): UNSAT in 0.02s
    cube 4022.126.197 (depth 2, 28 lits): UNSAT in 0.02s
    cube 4022.126.198 (depth 2, 28 lits): UNSAT in 0.03s
    cube 4022.126.199 (depth 2, 28 lits): UNSAT in 0.10s
    cube 4022.126.200 (depth 2, 28 lits): UNSAT in 0.02s
    cube 4022.126.201 (depth 2, 28 lits): UNSAT in 0.04s
    cube 4022.126.202 (depth 2, 28 lits): UNSAT in 0.08s
    cube 4022.126.203 (depth 2, 28 lits): UNSAT in 0.56s
    cube 4022.126.204 (depth 2, 28 lits): UNSAT in 0.17s
    cube 4022.126.205 (depth 2, 28 lits): UNSAT in 0.34s
    cube 4022.126.206 (depth 2, 28 lits): UNSAT in 0.23s
    cube 4022.126.207 (depth 2, 28 lits): UNSAT in 2.72s
    cube 4022.126.208 (depth 2, 28 lits): UNSAT in 0.28s
    cube 4022.126.209 (depth 2, 28 lits): UNSAT in 1.54s
    cube 4022.126.210 (depth 2, 28 lits): UNSAT in 2.29s
    cube 4022.126.211 (depth 2, 28 lits): UNSAT in 5.43s
    cube 4022.126.212 (depth 2, 28 lits): UNSAT in 0.04s
    cube 4022.126.213 (depth 2, 28 lits): UNSAT in 0.12s
    cube 4022.126.214 (depth 2, 28 lits): UNSAT in 0.04s
    cube 4022.126.215 (depth 2, 28 lits): UNSAT in 0.11s
    cube 4022.126.216 (depth 2, 28 lits): UNSAT in 0.17s
    cube 4022.126.217 (depth 2, 28 lits): UNSAT in 0.24s
    cube 4022.126.218 (depth 2, 28 lits): UNSAT in 0.30s
    cube 4022.126.219 (depth 2, 28 lits): UNSAT in 1.69s
    cube 4022.126.220 (depth 2, 28 lits): UNSAT in 0.03s
    cube 4022.126.221 (depth 2, 28 lits): UNSAT in 0.10s
    cube 4022.126.222 (depth 2, 28 lits): UNSAT in 0.13s
    cube 4022.126.223 (depth 2, 28 lits): UNSAT in 0.34s
    cube 4022.126.224 (depth 2, 28 lits): UNSAT in 0.28s
    cube 4022.126.225 (depth 2, 28 lits): UNSAT in 1.17s
    cube 4022.126.226 (depth 2, 28 lits): UNSAT in 3.19s
    cube 4022.126.227 (depth 2, 28 lits): UNSAT in 8.30s
    cube 4022.126.228 (depth 2, 28 lits): UNSAT in 0.05s
    cube 4022.126.229 (depth 2, 28 lits): UNSAT in 0.61s
    cube 4022.126.230 (depth 2, 28 lits): UNSAT in 0.31s
    cube 4022.126.231 (depth 2, 28 lits): UNSAT in 1.99s
    cube 4022.126.232 (depth 2, 28 lits): UNSAT in 0.70s
    cube 4022.126.233 (depth 2, 28 lits): UNSAT in 2.57s
    cube 4022.126.234 (depth 2, 28 lits): UNSAT in 1.82s
    cube 4022.126.235 (depth 2, 28 lits): UNSAT in 16.31s
    cube 4022.126.236 (depth 2, 28 lits): UNSAT in 0.49s
    cube 4022.126.237 (depth 2, 28 lits): UNSAT in 8.46s
    cube 4022.126.238 (depth 2, 28 lits): UNSAT in 6.58s
    cube 4022.126.239 (depth 2, 28 lits): UNSAT in 31.16s
    cube 4022.126.240 (depth 2, 28 lits): UNSAT in 2.56s
    cube 4022.126.241 (depth 2, 28 lits): UNSAT in 43.23s
    cube 4022.126.242 (depth 2, 28 lits): UNSAT in 3.92s
    cube 4022.126.243 (depth 2, 28 lits): UNSAT in 20.45s
    cube 4022.127 (depth 1, 20 lits): TIMEOUT in 1200.05s
    cube 4022.127 TIMEOUT -> re-split into 256 sub-cubes (depth 2)
    cube 4022.127.0 (depth 2, 28 lits): UNSAT in 0.01s
    cube 4022.127.1 (depth 2, 28 lits): UNSAT in 0.02s
    cube 4022.127.2 (depth 2, 28 lits): UNSAT in 0.02s
    cube 4022.127.3 (depth 2, 28 lits): UNSAT in 0.03s
    cube 4022.127.4 (depth 2, 28 lits): UNSAT in 0.07s
    cube 4022.127.5 (depth 2, 28 lits): UNSAT in 0.03s
    cube 4022.127.6 (depth 2, 28 lits): UNSAT in 0.08s
    cube 4022.127.7 (depth 2, 28 lits): UNSAT in 0.12s
    cube 4022.127.8 (depth 2, 28 lits): UNSAT in 0.03s
    cube 4022.127.9 (depth 2, 28 lits): UNSAT in 0.03s
    cube 4022.127.10 (depth 2, 28 lits): UNSAT in 0.04s
    cube 4022.127.11 (depth 2, 28 lits): UNSAT in 0.09s
    cube 4022.127.12 (depth 2, 28 lits): UNSAT in 0.05s
    cube 4022.127.13 (depth 2, 28 lits): UNSAT in 0.07s
    cube 4022.127.14 (depth 2, 28 lits): UNSAT in 0.41s
    cube 4022.127.15 (depth 2, 28 lits): UNSAT in 0.28s
    cube 4022.127.16 (depth 2, 28 lits): UNSAT in 0.02s
    cube 4022.127.17 (depth 2, 28 lits): UNSAT in 0.01s
    cube 4022.127.18 (depth 2, 28 lits): UNSAT in 0.02s
    cube 4022.127.19 (depth 2, 28 lits): UNSAT in 0.10s
    cube 4022.127.20 (depth 2, 28 lits): UNSAT in 0.05s
    cube 4022.127.21 (depth 2, 28 lits): UNSAT in 0.05s
    cube 4022.127.22 (depth 2, 28 lits): UNSAT in 0.11s
    cube 4022.127.23 (depth 2, 28 lits): UNSAT in 0.71s
    cube 4022.127.24 (depth 2, 28 lits): UNSAT in 0.05s
    cube 4022.127.25 (depth 2, 28 lits): UNSAT in 0.09s
    cube 4022.127.26 (depth 2, 28 lits): UNSAT in 0.12s
    cube 4022.127.27 (depth 2, 28 lits): UNSAT in 1.12s
    cube 4022.127.28 (depth 2, 28 lits): UNSAT in 0.09s
    cube 4022.127.29 (depth 2, 28 lits): UNSAT in 1.35s
    cube 4022.127.30 (depth 2, 28 lits): UNSAT in 1.06s
    cube 4022.127.31 (depth 2, 28 lits): UNSAT in 3.55s
    cube 4022.127.32 (depth 2, 28 lits): UNSAT in 0.02s
    cube 4022.127.33 (depth 2, 28 lits): UNSAT in 0.04s
    cube 4022.127.34 (depth 2, 28 lits): UNSAT in 0.02s
    cube 4022.127.35 (depth 2, 28 lits): UNSAT in 0.09s
    cube 4022.127.36 (depth 2, 28 lits): UNSAT in 0.04s
    cube 4022.127.37 (depth 2, 28 lits): UNSAT in 0.14s
    cube 4022.127.38 (depth 2, 28 lits): UNSAT in 0.33s
    cube 4022.127.39 (depth 2, 28 lits): UNSAT in 1.01s
    cube 4022.127.40 (depth 2, 28 lits): UNSAT in 0.03s
    cube 4022.127.41 (depth 2, 28 lits): UNSAT in 0.10s
    cube 4022.127.42 (depth 2, 28 lits): UNSAT in 0.05s
    cube 4022.127.43 (depth 2, 28 lits): UNSAT in 0.16s
    cube 4022.127.44 (depth 2, 28 lits): UNSAT in 0.14s
    cube 4022.127.45 (depth 2, 28 lits): UNSAT in 0.43s
    cube 4022.127.46 (depth 2, 28 lits): UNSAT in 0.05s
    cube 4022.127.47 (depth 2, 28 lits): UNSAT in 1.08s
    cube 4022.127.48 (depth 2, 28 lits): UNSAT in 0.02s
    cube 4022.127.49 (depth 2, 28 lits): UNSAT in 0.10s
    cube 4022.127.50 (depth 2, 28 lits): UNSAT in 0.19s
    cube 4022.127.51 (depth 2, 28 lits): UNSAT in 1.43s
    cube 4022.127.52 (depth 2, 28 lits): UNSAT in 0.05s
    cube 4022.127.53 (depth 2, 28 lits): UNSAT in 0.13s
    cube 4022.127.54 (depth 2, 28 lits): UNSAT in 0.68s
    cube 4022.127.55 (depth 2, 28 lits): UNSAT in 3.10s
    cube 4022.127.56 (depth 2, 28 lits): UNSAT in 0.21s
    cube 4022.127.57 (depth 2, 28 lits): UNSAT in 1.85s
    cube 4022.127.58 (depth 2, 28 lits): UNSAT in 1.53s
    cube 4022.127.59 (depth 2, 28 lits): UNSAT in 7.06s
    cube 4022.127.60 (depth 2, 28 lits): UNSAT in 0.19s
    cube 4022.127.61 (depth 2, 28 lits): UNSAT in 2.48s
    cube 4022.127.62 (depth 2, 28 lits): UNSAT in 5.71s
    cube 4022.127.63 (depth 2, 28 lits): UNSAT in 75.67s
    cube 4022.127.64 (depth 2, 28 lits): UNSAT in 0.02s
    cube 4022.127.65 (depth 2, 28 lits): UNSAT in 0.03s
    cube 4022.127.66 (depth 2, 28 lits): UNSAT in 0.03s
    cube 4022.127.67 (depth 2, 28 lits): UNSAT in 0.03s
    cube 4022.127.68 (depth 2, 28 lits): UNSAT in 0.02s
    cube 4022.127.69 (depth 2, 28 lits): UNSAT in 0.02s
    cube 4022.127.70 (depth 2, 28 lits): UNSAT in 0.07s
    cube 4022.127.71 (depth 2, 28 lits): UNSAT in 0.16s
    cube 4022.127.72 (depth 2, 28 lits): UNSAT in 0.02s
    cube 4022.127.73 (depth 2, 28 lits): UNSAT in 0.03s
    cube 4022.127.74 (depth 2, 28 lits): UNSAT in 0.16s
    cube 4022.127.75 (depth 2, 28 lits): UNSAT in 0.26s
    cube 4022.127.76 (depth 2, 28 lits): UNSAT in 0.08s
    cube 4022.127.77 (depth 2, 28 lits): UNSAT in 0.25s
    cube 4022.127.78 (depth 2, 28 lits): UNSAT in 0.49s
    cube 4022.127.79 (depth 2, 28 lits): UNSAT in 3.98s
    cube 4022.127.80 (depth 2, 28 lits): UNSAT in 0.02s
    cube 4022.127.81 (depth 2, 28 lits): UNSAT in 0.07s
    cube 4022.127.82 (depth 2, 28 lits): UNSAT in 0.04s
    cube 4022.127.83 (depth 2, 28 lits): UNSAT in 0.40s
    cube 4022.127.84 (depth 2, 28 lits): UNSAT in 0.05s
    cube 4022.127.85 (depth 2, 28 lits): UNSAT in 0.47s
    cube 4022.127.86 (depth 2, 28 lits): UNSAT in 0.12s
    cube 4022.127.87 (depth 2, 28 lits): UNSAT in 6.32s
    cube 4022.127.88 (depth 2, 28 lits): UNSAT in 0.10s
    cube 4022.127.89 (depth 2, 28 lits): UNSAT in 0.45s
    cube 4022.127.90 (depth 2, 28 lits): UNSAT in 0.51s
    cube 4022.127.91 (depth 2, 28 lits): UNSAT in 5.46s
    cube 4022.127.92 (depth 2, 28 lits): UNSAT in 1.70s
    cube 4022.127.93 (depth 2, 28 lits): UNSAT in 15.41s
    cube 4022.127.94 (depth 2, 28 lits): UNSAT in 36.04s
    cube 4022.127.95 (depth 2, 28 lits): UNSAT in 54.47s
    cube 4022.127.96 (depth 2, 28 lits): UNSAT in 0.03s
    cube 4022.127.97 (depth 2, 28 lits): UNSAT in 0.03s
    cube 4022.127.98 (depth 2, 28 lits): UNSAT in 0.15s
    cube 4022.127.99 (depth 2, 28 lits): UNSAT in 0.32s
    cube 4022.127.100 (depth 2, 28 lits): UNSAT in 0.05s
    cube 4022.127.101 (depth 2, 28 lits): UNSAT in 0.15s
    cube 4022.127.102 (depth 2, 28 lits): UNSAT in 0.41s
    cube 4022.127.103 (depth 2, 28 lits): UNSAT in 1.80s
    cube 4022.127.104 (depth 2, 28 lits): UNSAT in 0.09s
    cube 4022.127.105 (depth 2, 28 lits): UNSAT in 0.30s
    cube 4022.127.106 (depth 2, 28 lits): UNSAT in 0.19s
    cube 4022.127.107 (depth 2, 28 lits): UNSAT in 0.62s
    cube 4022.127.108 (depth 2, 28 lits): UNSAT in 0.30s
    cube 4022.127.109 (depth 2, 28 lits): UNSAT in 3.16s
    cube 4022.127.110 (depth 2, 28 lits): UNSAT in 4.77s
    cube 4022.127.111 (depth 2, 28 lits): UNSAT in 21.73s
    cube 4022.127.112 (depth 2, 28 lits): UNSAT in 0.08s
    cube 4022.127.113 (depth 2, 28 lits): UNSAT in 0.29s
    cube 4022.127.114 (depth 2, 28 lits): UNSAT in 0.32s
    cube 4022.127.115 (depth 2, 28 lits): UNSAT in 1.83s
    cube 4022.127.116 (depth 2, 28 lits): UNSAT in 0.25s
    cube 4022.127.117 (depth 2, 28 lits): UNSAT in 0.98s
    cube 4022.127.118 (depth 2, 28 lits): UNSAT in 2.13s
    cube 4022.127.119 (depth 2, 28 lits): UNSAT in 10.27s
    cube 4022.127.120 (depth 2, 28 lits): UNSAT in 0.20s
    cube 4022.127.121 (depth 2, 28 lits): UNSAT in 1.03s
    cube 4022.127.122 (depth 2, 28 lits): UNSAT in 2.54s
    cube 4022.127.123 (depth 2, 28 lits): UNSAT in 19.54s
    cube 4022.127.124 (depth 2, 28 lits): UNSAT in 1.99s
    cube 4022.127.125 (depth 2, 28 lits): UNSAT in 16.69s
    cube 4022.127.126 (depth 2, 28 lits): UNSAT in 32.27s
    cube 4022.127.127 (depth 2, 28 lits): UNSAT in 202.56s
    cube 4022.127.128 (depth 2, 28 lits): UNSAT in 0.03s
    cube 4022.127.129 (depth 2, 28 lits): UNSAT in 0.04s
    cube 4022.127.130 (depth 2, 28 lits): UNSAT in 0.05s
    cube 4022.127.131 (depth 2, 28 lits): UNSAT in 0.43s
    cube 4022.127.132 (depth 2, 28 lits): UNSAT in 0.07s
    cube 4022.127.133 (depth 2, 28 lits): UNSAT in 0.11s
    cube 4022.127.134 (depth 2, 28 lits): UNSAT in 0.12s
    cube 4022.127.135 (depth 2, 28 lits): UNSAT in 0.62s
    cube 4022.127.136 (depth 2, 28 lits): UNSAT in 0.11s
    cube 4022.127.137 (depth 2, 28 lits): UNSAT in 0.23s
    cube 4022.127.138 (depth 2, 28 lits): UNSAT in 0.11s
    cube 4022.127.139 (depth 2, 28 lits): UNSAT in 1.53s
    cube 4022.127.140 (depth 2, 28 lits): UNSAT in 0.32s
    cube 4022.127.141 (depth 2, 28 lits): UNSAT in 2.33s
    cube 4022.127.142 (depth 2, 28 lits): UNSAT in 1.11s
    cube 4022.127.143 (depth 2, 28 lits): UNSAT in 15.02s
    cube 4022.127.144 (depth 2, 28 lits): UNSAT in 0.02s
    cube 4022.127.145 (depth 2, 28 lits): UNSAT in 0.08s
    cube 4022.127.146 (depth 2, 28 lits): UNSAT in 0.17s
    cube 4022.127.147 (depth 2, 28 lits): UNSAT in 0.23s
    cube 4022.127.148 (depth 2, 28 lits): UNSAT in 0.08s
    cube 4022.127.149 (depth 2, 28 lits): UNSAT in 0.40s
    cube 4022.127.150 (depth 2, 28 lits): UNSAT in 0.28s
    cube 4022.127.151 (depth 2, 28 lits): UNSAT in 3.87s
    cube 4022.127.152 (depth 2, 28 lits): UNSAT in 0.13s
    cube 4022.127.153 (depth 2, 28 lits): UNSAT in 0.94s
    cube 4022.127.154 (depth 2, 28 lits): UNSAT in 1.05s
    cube 4022.127.155 (depth 2, 28 lits): UNSAT in 8.84s
    cube 4022.127.156 (depth 2, 28 lits): UNSAT in 0.79s
    cube 4022.127.157 (depth 2, 28 lits): UNSAT in 4.64s
    cube 4022.127.158 (depth 2, 28 lits): UNSAT in 4.87s
    cube 4022.127.159 (depth 2, 28 lits): UNSAT in 98.39s
    cube 4022.127.160 (depth 2, 28 lits): UNSAT in 0.05s
    cube 4022.127.161 (depth 2, 28 lits): UNSAT in 0.04s
    cube 4022.127.162 (depth 2, 28 lits): UNSAT in 0.11s
    cube 4022.127.163 (depth 2, 28 lits): UNSAT in 1.06s
    cube 4022.127.164 (depth 2, 28 lits): UNSAT in 0.12s
    cube 4022.127.165 (depth 2, 28 lits): UNSAT in 0.53s
    cube 4022.127.166 (depth 2, 28 lits): UNSAT in 1.05s
    cube 4022.127.167 (depth 2, 28 lits): UNSAT in 4.45s
    cube 4022.127.168 (depth 2, 28 lits): UNSAT in 0.02s
    cube 4022.127.169 (depth 2, 28 lits): UNSAT in 0.09s
    cube 4022.127.170 (depth 2, 28 lits): UNSAT in 0.08s
    cube 4022.127.171 (depth 2, 28 lits): UNSAT in 0.61s
    cube 4022.127.172 (depth 2, 28 lits): UNSAT in 0.21s
    cube 4022.127.173 (depth 2, 28 lits): UNSAT in 2.74s
    cube 4022.127.174 (depth 2, 28 lits): UNSAT in 4.62s
    cube 4022.127.175 (depth 2, 28 lits): UNSAT in 26.60s
    cube 4022.127.176 (depth 2, 28 lits): UNSAT in 0.10s
    cube 4022.127.177 (depth 2, 28 lits): UNSAT in 0.10s
    cube 4022.127.178 (depth 2, 28 lits): UNSAT in 0.35s
    cube 4022.127.179 (depth 2, 28 lits): UNSAT in 0.70s
    cube 4022.127.180 (depth 2, 28 lits): UNSAT in 0.24s
    cube 4022.127.181 (depth 2, 28 lits): UNSAT in 1.57s
    cube 4022.127.182 (depth 2, 28 lits): UNSAT in 2.90s
    cube 4022.127.183 (depth 2, 28 lits): UNSAT in 12.59s
    cube 4022.127.184 (depth 2, 28 lits): UNSAT in 0.20s
    cube 4022.127.185 (depth 2, 28 lits): UNSAT in 1.71s
    cube 4022.127.186 (depth 2, 28 lits): UNSAT in 0.57s
    cube 4022.127.187 (depth 2, 28 lits): UNSAT in 21.08s
    cube 4022.127.188 (depth 2, 28 lits): UNSAT in 2.35s
    cube 4022.127.189 (depth 2, 28 lits): UNSAT in 33.74s
    cube 4022.127.190 (depth 2, 28 lits): UNSAT in 119.12s
    cube 4022.127.191 (depth 2, 28 lits): UNSAT in 203.53s
    cube 4022.127.192 (depth 2, 28 lits): UNSAT in 0.05s
    cube 4022.127.193 (depth 2, 28 lits): UNSAT in 0.09s
    cube 4022.127.194 (depth 2, 28 lits): UNSAT in 0.10s
    cube 4022.127.195 (depth 2, 28 lits): UNSAT in 0.85s
    cube 4022.127.196 (depth 2, 28 lits): UNSAT in 0.15s
    cube 4022.127.197 (depth 2, 28 lits): UNSAT in 1.69s
    cube 4022.127.198 (depth 2, 28 lits): UNSAT in 1.22s
    cube 4022.127.199 (depth 2, 28 lits): UNSAT in 17.17s
    cube 4022.127.200 (depth 2, 28 lits): UNSAT in 0.05s
    cube 4022.127.201 (depth 2, 28 lits): UNSAT in 0.70s
    cube 4022.127.202 (depth 2, 28 lits): UNSAT in 0.35s
    cube 4022.127.203 (depth 2, 28 lits): UNSAT in 4.08s
    cube 4022.127.204 (depth 2, 28 lits): UNSAT in 0.69s
    cube 4022.127.205 (depth 2, 28 lits): UNSAT in 13.71s
    cube 4022.127.206 (depth 2, 28 lits): UNSAT in 5.37s
    cube 4022.127.207 (depth 2, 28 lits): UNSAT in 400.74s
    cube 4022.127.208 (depth 2, 28 lits): UNSAT in 0.03s
    cube 4022.127.209 (depth 2, 28 lits): UNSAT in 1.65s
    cube 4022.127.210 (depth 2, 28 lits): UNSAT in 0.57s
    cube 4022.127.211 (depth 2, 28 lits): UNSAT in 7.69s
    cube 4022.127.212 (depth 2, 28 lits): UNSAT in 0.31s
    cube 4022.127.213 (depth 2, 28 lits): UNSAT in 1.14s
    cube 4022.127.214 (depth 2, 28 lits): UNSAT in 4.09s
    cube 4022.127.215 (depth 2, 28 lits): UNSAT in 28.80s
    cube 4022.127.216 (depth 2, 28 lits): UNSAT in 0.30s
    cube 4022.127.217 (depth 2, 28 lits): UNSAT in 2.25s
    cube 4022.127.218 (depth 2, 28 lits): UNSAT in 3.83s
    cube 4022.127.219 (depth 2, 28 lits): UNSAT in 21.48s
    cube 4022.127.220 (depth 2, 28 lits): UNSAT in 2.80s
    cube 4022.127.221 (depth 2, 28 lits): UNSAT in 33.05s
    cube 4022.127.222 (depth 2, 28 lits): UNSAT in 58.95s
    cube 4022.127.223 (depth 2, 28 lits): UNSAT in 798.34s
    cube 4022.127.224 (depth 2, 28 lits): UNSAT in 0.02s
    cube 4022.127.225 (depth 2, 28 lits): UNSAT in 0.06s
    cube 4022.127.226 (depth 2, 28 lits): UNSAT in 0.20s
    cube 4022.127.227 (depth 2, 28 lits): UNSAT in 0.44s
    cube 4022.127.228 (depth 2, 28 lits): UNSAT in 0.06s
    cube 4022.127.229 (depth 2, 28 lits): UNSAT in 0.50s
    cube 4022.127.230 (depth 2, 28 lits): UNSAT in 0.64s
    cube 4022.127.231 (depth 2, 28 lits): UNSAT in 7.45s
    cube 4022.127.232 (depth 2, 28 lits): UNSAT in 0.18s
    cube 4022.127.233 (depth 2, 28 lits): UNSAT in 2.78s
    cube 4022.127.234 (depth 2, 28 lits): UNSAT in 1.17s
    cube 4022.127.235 (depth 2, 28 lits): UNSAT in 11.83s
    cube 4022.127.236 (depth 2, 28 lits): UNSAT in 0.90s
    cube 4022.127.237 (depth 2, 28 lits): UNSAT in 7.58s
    cube 4022.127.238 (depth 2, 28 lits): UNSAT in 21.52s
    cube 4022.127.239 (depth 2, 28 lits): UNSAT in 602.58s
    cube 4022.127.240 (depth 2, 28 lits): UNSAT in 0.14s
    cube 4022.127.241 (depth 2, 28 lits): UNSAT in 0.78s
    cube 4022.127.242 (depth 2, 28 lits): UNSAT in 1.12s
    cube 4022.127.243 (depth 2, 28 lits): UNSAT in 9.41s
    cube 4022.127.244 (depth 2, 28 lits): UNSAT in 1.59s
    cube 4022.127.245 (depth 2, 28 lits): UNSAT in 3.66s
    cube 4022.127.246 (depth 2, 28 lits): UNSAT in 20.35s
    cube 4022.127.247 (depth 2, 28 lits): UNSAT in 113.39s
    cube 4022.127.248 (depth 2, 28 lits): UNSAT in 0.65s
    cube 4022.127.249 (depth 2, 28 lits): UNSAT in 1.32s
    cube 4022.127.250 (depth 2, 28 lits): UNSAT in 4.44s
    cube 4022.127.251 (depth 2, 28 lits): UNSAT in 22.65s
    cube 4022.127.252 (depth 2, 28 lits): UNSAT in 12.31s
    cube 4022.127.253 (depth 2, 28 lits): UNSAT in 58.17s
    cube 4022.127.254 (depth 2, 28 lits): UNSAT in 25.07s
    cube 4022.127.255 (depth 2, 28 lits): TIMEOUT in 1200.10s
    cube 4022.127.255 TIMEOUT -> re-split into 250 sub-cubes (depth 3)
    cube 4022.127.255.0 (depth 3, 34 lits): UNSAT in 0.01s
    cube 4022.127.255.1 (depth 3, 35 lits): UNSAT in 0.01s
    cube 4022.127.255.2 (depth 3, 36 lits): UNSAT in 0.01s
    cube 4022.127.255.3 (depth 3, 36 lits): UNSAT in 0.02s
    cube 4022.127.255.4 (depth 3, 36 lits): UNSAT in 0.01s
    cube 4022.127.255.5 (depth 3, 36 lits): UNSAT in 0.02s
    cube 4022.127.255.6 (depth 3, 36 lits): UNSAT in 0.02s
    cube 4022.127.255.7 (depth 3, 36 lits): UNSAT in 0.02s
    cube 4022.127.255.8 (depth 3, 36 lits): UNSAT in 0.01s
    cube 4022.127.255.9 (depth 3, 36 lits): UNSAT in 0.02s
    cube 4022.127.255.10 (depth 3, 36 lits): UNSAT in 0.01s
    cube 4022.127.255.11 (depth 3, 36 lits): UNSAT in 0.02s
    cube 4022.127.255.12 (depth 3, 35 lits): UNSAT in 0.01s
    cube 4022.127.255.13 (depth 3, 36 lits): UNSAT in 0.02s
    cube 4022.127.255.14 (depth 3, 36 lits): UNSAT in 0.02s
    cube 4022.127.255.15 (depth 3, 36 lits): UNSAT in 0.01s
    cube 4022.127.255.16 (depth 3, 36 lits): UNSAT in 0.02s
    cube 4022.127.255.17 (depth 3, 36 lits): UNSAT in 0.02s
    cube 4022.127.255.18 (depth 3, 36 lits): UNSAT in 0.02s
    cube 4022.127.255.19 (depth 3, 36 lits): UNSAT in 0.01s
    cube 4022.127.255.20 (depth 3, 36 lits): UNSAT in 0.02s
    cube 4022.127.255.21 (depth 3, 36 lits): UNSAT in 0.02s
    cube 4022.127.255.22 (depth 3, 36 lits): UNSAT in 0.03s
    cube 4022.127.255.23 (depth 3, 36 lits): UNSAT in 0.02s
    cube 4022.127.255.24 (depth 3, 36 lits): UNSAT in 0.03s
    cube 4022.127.255.25 (depth 3, 36 lits): UNSAT in 0.04s
    cube 4022.127.255.26 (depth 3, 36 lits): UNSAT in 0.06s
    cube 4022.127.255.27 (depth 3, 35 lits): UNSAT in 0.01s
    cube 4022.127.255.28 (depth 3, 36 lits): UNSAT in 0.01s
    cube 4022.127.255.29 (depth 3, 36 lits): UNSAT in 0.01s
    cube 4022.127.255.30 (depth 3, 36 lits): UNSAT in 0.01s
    cube 4022.127.255.31 (depth 3, 36 lits): UNSAT in 0.02s
    cube 4022.127.255.32 (depth 3, 36 lits): UNSAT in 0.01s
    cube 4022.127.255.33 (depth 3, 36 lits): UNSAT in 0.03s
    cube 4022.127.255.34 (depth 3, 36 lits): UNSAT in 0.02s
    cube 4022.127.255.35 (depth 3, 36 lits): UNSAT in 0.02s
    cube 4022.127.255.36 (depth 3, 36 lits): UNSAT in 0.02s
    cube 4022.127.255.37 (depth 3, 36 lits): UNSAT in 0.03s
    cube 4022.127.255.38 (depth 3, 36 lits): UNSAT in 0.03s
    cube 4022.127.255.39 (depth 3, 36 lits): UNSAT in 0.04s
    cube 4022.127.255.40 (depth 3, 36 lits): UNSAT in 0.04s
    cube 4022.127.255.41 (depth 3, 36 lits): UNSAT in 0.13s
    cube 4022.127.255.42 (depth 3, 36 lits): UNSAT in 0.01s
    cube 4022.127.255.43 (depth 3, 36 lits): UNSAT in 0.02s
    cube 4022.127.255.44 (depth 3, 36 lits): UNSAT in 0.02s
    cube 4022.127.255.45 (depth 3, 36 lits): UNSAT in 0.03s
    cube 4022.127.255.46 (depth 3, 36 lits): UNSAT in 0.02s
    cube 4022.127.255.47 (depth 3, 36 lits): UNSAT in 0.05s
    cube 4022.127.255.48 (depth 3, 36 lits): UNSAT in 0.05s
    cube 4022.127.255.49 (depth 3, 36 lits): UNSAT in 0.08s
    cube 4022.127.255.50 (depth 3, 36 lits): UNSAT in 0.02s
    cube 4022.127.255.51 (depth 3, 36 lits): UNSAT in 0.03s
    cube 4022.127.255.52 (depth 3, 36 lits): UNSAT in 0.07s
    cube 4022.127.255.53 (depth 3, 36 lits): UNSAT in 0.19s
    cube 4022.127.255.54 (depth 3, 36 lits): UNSAT in 0.04s
    cube 4022.127.255.55 (depth 3, 36 lits): UNSAT in 0.20s
    cube 4022.127.255.56 (depth 3, 36 lits): UNSAT in 0.41s
    cube 4022.127.255.57 (depth 3, 36 lits): UNSAT in 0.40s
    cube 4022.127.255.58 (depth 3, 36 lits): UNSAT in 0.01s
    cube 4022.127.255.59 (depth 3, 36 lits): UNSAT in 0.02s
    cube 4022.127.255.60 (depth 3, 36 lits): UNSAT in 0.02s
    cube 4022.127.255.61 (depth 3, 36 lits): UNSAT in 0.03s
    cube 4022.127.255.62 (depth 3, 36 lits): UNSAT in 0.01s
    cube 4022.127.255.63 (depth 3, 36 lits): UNSAT in 0.02s
    cube 4022.127.255.64 (depth 3, 36 lits): UNSAT in 0.03s
    cube 4022.127.255.65 (depth 3, 36 lits): UNSAT in 0.03s
    cube 4022.127.255.66 (depth 3, 36 lits): UNSAT in 0.02s
    cube 4022.127.255.67 (depth 3, 36 lits): UNSAT in 0.05s
    cube 4022.127.255.68 (depth 3, 36 lits): UNSAT in 0.02s
    cube 4022.127.255.69 (depth 3, 36 lits): UNSAT in 0.05s
    cube 4022.127.255.70 (depth 3, 36 lits): UNSAT in 0.01s
    cube 4022.127.255.71 (depth 3, 36 lits): UNSAT in 0.04s
    cube 4022.127.255.72 (depth 3, 36 lits): UNSAT in 0.02s
    cube 4022.127.255.73 (depth 3, 36 lits): UNSAT in 0.09s
    cube 4022.127.255.74 (depth 3, 36 lits): UNSAT in 0.02s
    cube 4022.127.255.75 (depth 3, 36 lits): UNSAT in 0.02s
    cube 4022.127.255.76 (depth 3, 36 lits): UNSAT in 0.02s
    cube 4022.127.255.77 (depth 3, 36 lits): UNSAT in 0.05s
    cube 4022.127.255.78 (depth 3, 36 lits): UNSAT in 0.03s
    cube 4022.127.255.79 (depth 3, 36 lits): UNSAT in 0.05s
    cube 4022.127.255.80 (depth 3, 36 lits): UNSAT in 0.02s
    cube 4022.127.255.81 (depth 3, 36 lits): UNSAT in 0.11s
    cube 4022.127.255.82 (depth 3, 36 lits): UNSAT in 0.02s
    cube 4022.127.255.83 (depth 3, 36 lits): UNSAT in 0.03s
    cube 4022.127.255.84 (depth 3, 36 lits): UNSAT in 0.07s
    cube 4022.127.255.85 (depth 3, 36 lits): UNSAT in 0.19s
    cube 4022.127.255.86 (depth 3, 36 lits): UNSAT in 0.08s
    cube 4022.127.255.87 (depth 3, 36 lits): UNSAT in 0.31s
    cube 4022.127.255.88 (depth 3, 36 lits): UNSAT in 0.29s
    cube 4022.127.255.89 (depth 3, 36 lits): UNSAT in 0.67s
    cube 4022.127.255.90 (depth 3, 36 lits): UNSAT in 0.01s
    cube 4022.127.255.91 (depth 3, 36 lits): UNSAT in 0.02s
    cube 4022.127.255.92 (depth 3, 36 lits): UNSAT in 0.02s
    cube 4022.127.255.93 (depth 3, 36 lits): UNSAT in 0.02s
    cube 4022.127.255.94 (depth 3, 36 lits): UNSAT in 0.01s
    cube 4022.127.255.95 (depth 3, 36 lits): UNSAT in 0.02s
    cube 4022.127.255.96 (depth 3, 36 lits): UNSAT in 0.06s
    cube 4022.127.255.97 (depth 3, 36 lits): UNSAT in 0.13s
    cube 4022.127.255.98 (depth 3, 36 lits): UNSAT in 0.04s
    cube 4022.127.255.99 (depth 3, 36 lits): UNSAT in 0.07s
    cube 4022.127.255.100 (depth 3, 36 lits): UNSAT in 0.16s
    cube 4022.127.255.101 (depth 3, 36 lits): UNSAT in 0.17s
    cube 4022.127.255.102 (depth 3, 36 lits): UNSAT in 0.06s
    cube 4022.127.255.103 (depth 3, 36 lits): UNSAT in 0.34s
    cube 4022.127.255.104 (depth 3, 36 lits): UNSAT in 0.06s
    cube 4022.127.255.105 (depth 3, 36 lits): UNSAT in 0.27s
    cube 4022.127.255.106 (depth 3, 36 lits): UNSAT in 0.03s
    cube 4022.127.255.107 (depth 3, 36 lits): UNSAT in 0.06s
    cube 4022.127.255.108 (depth 3, 36 lits): UNSAT in 0.08s
    cube 4022.127.255.109 (depth 3, 36 lits): UNSAT in 0.19s
    cube 4022.127.255.110 (depth 3, 36 lits): UNSAT in 0.06s
    cube 4022.127.255.111 (depth 3, 36 lits): UNSAT in 0.11s
    cube 4022.127.255.112 (depth 3, 36 lits): UNSAT in 0.09s
    cube 4022.127.255.113 (depth 3, 36 lits): UNSAT in 2.91s
    cube 4022.127.255.114 (depth 3, 36 lits): UNSAT in 0.14s
    cube 4022.127.255.115 (depth 3, 36 lits): UNSAT in 0.19s
    cube 4022.127.255.116 (depth 3, 36 lits): UNSAT in 0.25s
    cube 4022.127.255.117 (depth 3, 36 lits): UNSAT in 1.16s
    cube 4022.127.255.118 (depth 3, 36 lits): UNSAT in 0.25s
    cube 4022.127.255.119 (depth 3, 36 lits): UNSAT in 2.31s
    cube 4022.127.255.120 (depth 3, 36 lits): UNSAT in 0.86s
    cube 4022.127.255.121 (depth 3, 36 lits): UNSAT in 6.49s
    cube 4022.127.255.122 (depth 3, 36 lits): UNSAT in 0.01s
    cube 4022.127.255.123 (depth 3, 36 lits): UNSAT in 0.03s
    cube 4022.127.255.124 (depth 3, 36 lits): UNSAT in 0.02s
    cube 4022.127.255.125 (depth 3, 36 lits): UNSAT in 0.07s
    cube 4022.127.255.126 (depth 3, 36 lits): UNSAT in 0.01s
    cube 4022.127.255.127 (depth 3, 36 lits): UNSAT in 0.03s
    cube 4022.127.255.128 (depth 3, 36 lits): UNSAT in 0.04s
    cube 4022.127.255.129 (depth 3, 36 lits): UNSAT in 0.06s
    cube 4022.127.255.130 (depth 3, 36 lits): UNSAT in 0.01s
    cube 4022.127.255.131 (depth 3, 36 lits): UNSAT in 0.02s
    cube 4022.127.255.132 (depth 3, 36 lits): UNSAT in 0.02s
    cube 4022.127.255.133 (depth 3, 36 lits): UNSAT in 0.02s
    cube 4022.127.255.134 (depth 3, 36 lits): UNSAT in 0.02s
    cube 4022.127.255.135 (depth 3, 36 lits): UNSAT in 0.03s
    cube 4022.127.255.136 (depth 3, 36 lits): UNSAT in 0.05s
    cube 4022.127.255.137 (depth 3, 36 lits): UNSAT in 0.14s
    cube 4022.127.255.138 (depth 3, 36 lits): UNSAT in 0.02s
    cube 4022.127.255.139 (depth 3, 36 lits): UNSAT in 0.02s
    cube 4022.127.255.140 (depth 3, 36 lits): UNSAT in 0.02s
    cube 4022.127.255.141 (depth 3, 36 lits): UNSAT in 0.04s
    cube 4022.127.255.142 (depth 3, 36 lits): UNSAT in 0.03s
    cube 4022.127.255.143 (depth 3, 36 lits): UNSAT in 0.03s
    cube 4022.127.255.144 (depth 3, 36 lits): UNSAT in 0.07s
    cube 4022.127.255.145 (depth 3, 36 lits): UNSAT in 0.21s
    cube 4022.127.255.146 (depth 3, 36 lits): UNSAT in 0.03s
    cube 4022.127.255.147 (depth 3, 36 lits): UNSAT in 0.10s
    cube 4022.127.255.148 (depth 3, 36 lits): UNSAT in 0.10s
    cube 4022.127.255.149 (depth 3, 36 lits): UNSAT in 0.32s
    cube 4022.127.255.150 (depth 3, 36 lits): UNSAT in 0.04s
    cube 4022.127.255.151 (depth 3, 36 lits): UNSAT in 0.34s
    cube 4022.127.255.152 (depth 3, 36 lits): UNSAT in 0.43s
    cube 4022.127.255.153 (depth 3, 36 lits): UNSAT in 1.85s
    cube 4022.127.255.154 (depth 3, 36 lits): UNSAT in 0.01s
    cube 4022.127.255.155 (depth 3, 36 lits): UNSAT in 0.02s
    cube 4022.127.255.156 (depth 3, 36 lits): UNSAT in 0.02s
    cube 4022.127.255.157 (depth 3, 36 lits): UNSAT in 0.03s
    cube 4022.127.255.158 (depth 3, 36 lits): UNSAT in 0.01s
    cube 4022.127.255.159 (depth 3, 36 lits): UNSAT in 0.01s
    cube 4022.127.255.160 (depth 3, 36 lits): UNSAT in 0.01s
    cube 4022.127.255.161 (depth 3, 36 lits): UNSAT in 0.06s
    cube 4022.127.255.162 (depth 3, 36 lits): UNSAT in 0.03s
    cube 4022.127.255.163 (depth 3, 36 lits): UNSAT in 0.08s
    cube 4022.127.255.164 (depth 3, 36 lits): UNSAT in 0.05s
    cube 4022.127.255.165 (depth 3, 36 lits): UNSAT in 0.18s
    cube 4022.127.255.166 (depth 3, 36 lits): UNSAT in 0.03s
    cube 4022.127.255.167 (depth 3, 36 lits): UNSAT in 0.11s
    cube 4022.127.255.168 (depth 3, 36 lits): UNSAT in 0.23s
    cube 4022.127.255.169 (depth 3, 36 lits): UNSAT in 1.95s
    cube 4022.127.255.170 (depth 3, 36 lits): UNSAT in 0.02s
    cube 4022.127.255.171 (depth 3, 36 lits): UNSAT in 0.11s
    cube 4022.127.255.172 (depth 3, 36 lits): UNSAT in 0.12s
    cube 4022.127.255.173 (depth 3, 36 lits): UNSAT in 0.36s
    cube 4022.127.255.174 (depth 3, 36 lits): UNSAT in 0.11s
    cube 4022.127.255.175 (depth 3, 36 lits): UNSAT in 0.27s
    cube 4022.127.255.176 (depth 3, 36 lits): UNSAT in 0.76s
    cube 4022.127.255.177 (depth 3, 36 lits): UNSAT in 1.80s
    cube 4022.127.255.178 (depth 3, 36 lits): UNSAT in 0.16s
    cube 4022.127.255.179 (depth 3, 36 lits): UNSAT in 0.51s
    cube 4022.127.255.180 (depth 3, 36 lits): UNSAT in 0.18s
    cube 4022.127.255.181 (depth 3, 36 lits): UNSAT in 3.00s
    cube 4022.127.255.182 (depth 3, 36 lits): UNSAT in 0.26s
    cube 4022.127.255.183 (depth 3, 36 lits): UNSAT in 1.27s
    cube 4022.127.255.184 (depth 3, 36 lits): UNSAT in 2.95s
    cube 4022.127.255.185 (depth 3, 36 lits): UNSAT in 3.39s
    cube 4022.127.255.186 (depth 3, 36 lits): UNSAT in 0.01s
    cube 4022.127.255.187 (depth 3, 36 lits): UNSAT in 0.02s
    cube 4022.127.255.188 (depth 3, 36 lits): UNSAT in 0.02s
    cube 4022.127.255.189 (depth 3, 36 lits): UNSAT in 0.03s
    cube 4022.127.255.190 (depth 3, 36 lits): UNSAT in 0.02s
    cube 4022.127.255.191 (depth 3, 36 lits): UNSAT in 0.05s
    cube 4022.127.255.192 (depth 3, 36 lits): UNSAT in 0.04s
    cube 4022.127.255.193 (depth 3, 36 lits): UNSAT in 0.12s
    cube 4022.127.255.194 (depth 3, 36 lits): UNSAT in 0.08s
    cube 4022.127.255.195 (depth 3, 36 lits): UNSAT in 0.05s
    cube 4022.127.255.196 (depth 3, 36 lits): UNSAT in 0.02s
    cube 4022.127.255.197 (depth 3, 36 lits): UNSAT in 0.08s
    cube 4022.127.255.198 (depth 3, 36 lits): UNSAT in 0.03s
    cube 4022.127.255.199 (depth 3, 36 lits): UNSAT in 0.08s
    cube 4022.127.255.200 (depth 3, 36 lits): UNSAT in 0.35s
    cube 4022.127.255.201 (depth 3, 36 lits): UNSAT in 1.12s
    cube 4022.127.255.202 (depth 3, 36 lits): UNSAT in 0.07s
    cube 4022.127.255.203 (depth 3, 36 lits): UNSAT in 0.27s
    cube 4022.127.255.204 (depth 3, 36 lits): UNSAT in 0.08s
    cube 4022.127.255.205 (depth 3, 36 lits): UNSAT in 0.31s
    cube 4022.127.255.206 (depth 3, 36 lits): UNSAT in 0.08s
    cube 4022.127.255.207 (depth 3, 36 lits): UNSAT in 0.13s
    cube 4022.127.255.208 (depth 3, 36 lits): UNSAT in 0.57s
    cube 4022.127.255.209 (depth 3, 36 lits): UNSAT in 2.24s
    cube 4022.127.255.210 (depth 3, 36 lits): UNSAT in 0.11s
    cube 4022.127.255.211 (depth 3, 36 lits): UNSAT in 0.96s
    cube 4022.127.255.212 (depth 3, 36 lits): UNSAT in 0.32s
    cube 4022.127.255.213 (depth 3, 36 lits): UNSAT in 2.50s
    cube 4022.127.255.214 (depth 3, 36 lits): UNSAT in 0.09s
    cube 4022.127.255.215 (depth 3, 36 lits): UNSAT in 1.79s
    cube 4022.127.255.216 (depth 3, 36 lits): UNSAT in 2.66s
    cube 4022.127.255.217 (depth 3, 36 lits): UNSAT in 14.55s
    cube 4022.127.255.218 (depth 3, 36 lits): UNSAT in 0.01s
    cube 4022.127.255.219 (depth 3, 36 lits): UNSAT in 0.01s
    cube 4022.127.255.220 (depth 3, 36 lits): UNSAT in 0.03s
    cube 4022.127.255.221 (depth 3, 36 lits): UNSAT in 0.05s
    cube 4022.127.255.222 (depth 3, 36 lits): UNSAT in 0.02s
    cube 4022.127.255.223 (depth 3, 36 lits): UNSAT in 0.07s
    cube 4022.127.255.224 (depth 3, 36 lits): UNSAT in 0.09s
    cube 4022.127.255.225 (depth 3, 36 lits): UNSAT in 0.15s
    cube 4022.127.255.226 (depth 3, 36 lits): UNSAT in 0.03s
    cube 4022.127.255.227 (depth 3, 36 lits): UNSAT in 0.09s
    cube 4022.127.255.228 (depth 3, 36 lits): UNSAT in 0.02s
    cube 4022.127.255.229 (depth 3, 36 lits): UNSAT in 0.15s
    cube 4022.127.255.230 (depth 3, 36 lits): UNSAT in 0.17s
    cube 4022.127.255.231 (depth 3, 36 lits): UNSAT in 0.53s
    cube 4022.127.255.232 (depth 3, 36 lits): UNSAT in 0.37s
    cube 4022.127.255.233 (depth 3, 36 lits): UNSAT in 3.12s
    cube 4022.127.255.234 (depth 3, 36 lits): UNSAT in 0.01s
    cube 4022.127.255.235 (depth 3, 36 lits): UNSAT in 0.08s
    cube 4022.127.255.236 (depth 3, 36 lits): UNSAT in 0.06s
    cube 4022.127.255.237 (depth 3, 36 lits): UNSAT in 0.62s
    cube 4022.127.255.238 (depth 3, 36 lits): UNSAT in 0.08s
    cube 4022.127.255.239 (depth 3, 36 lits): UNSAT in 0.50s
    cube 4022.127.255.240 (depth 3, 36 lits): UNSAT in 0.27s
    cube 4022.127.255.241 (depth 3, 36 lits): UNSAT in 2.47s
    cube 4022.127.255.242 (depth 3, 36 lits): UNSAT in 0.07s
    cube 4022.127.255.243 (depth 3, 36 lits): UNSAT in 0.14s
    cube 4022.127.255.244 (depth 3, 36 lits): UNSAT in 0.18s
    cube 4022.127.255.245 (depth 3, 36 lits): UNSAT in 1.40s
    cube 4022.127.255.246 (depth 3, 36 lits): UNSAT in 0.27s
    cube 4022.127.255.247 (depth 3, 36 lits): UNSAT in 2.04s
    cube 4022.127.255.248 (depth 3, 36 lits): UNSAT in 5.07s
    cube 4022.127.255.249 (depth 3, 36 lits): UNSAT in 35.67s
    cube 4022.128 (depth 1, 20 lits): UNSAT in 0.12s
    cube 4022.129 (depth 1, 20 lits): UNSAT in 0.17s
    cube 4022.130 (depth 1, 20 lits): UNSAT in 0.05s
    cube 4022.131 (depth 1, 20 lits): UNSAT in 0.32s
    cube 4022.132 (depth 1, 20 lits): UNSAT in 0.13s
    cube 4022.133 (depth 1, 20 lits): UNSAT in 0.35s
    cube 4022.134 (depth 1, 20 lits): UNSAT in 0.20s
    cube 4022.135 (depth 1, 20 lits): UNSAT in 1.75s
    cube 4022.136 (depth 1, 20 lits): UNSAT in 0.23s
    cube 4022.137 (depth 1, 20 lits): UNSAT in 0.96s
    cube 4022.138 (depth 1, 20 lits): UNSAT in 0.32s
    cube 4022.139 (depth 1, 20 lits): UNSAT in 3.43s
    cube 4022.140 (depth 1, 20 lits): UNSAT in 0.53s
    cube 4022.141 (depth 1, 20 lits): UNSAT in 3.65s
    cube 4022.142 (depth 1, 20 lits): UNSAT in 1.74s
    cube 4022.143 (depth 1, 20 lits): UNSAT in 5.34s
    cube 4022.144 (depth 1, 20 lits): UNSAT in 0.17s
    cube 4022.145 (depth 1, 20 lits): UNSAT in 0.45s
    cube 4022.146 (depth 1, 20 lits): UNSAT in 0.58s
    cube 4022.147 (depth 1, 20 lits): UNSAT in 1.85s
    cube 4022.148 (depth 1, 20 lits): UNSAT in 0.52s
    cube 4022.149 (depth 1, 20 lits): UNSAT in 1.44s
    cube 4022.150 (depth 1, 20 lits): UNSAT in 2.18s
    cube 4022.151 (depth 1, 20 lits): UNSAT in 13.85s
    cube 4022.152 (depth 1, 20 lits): UNSAT in 0.81s
    cube 4022.153 (depth 1, 20 lits): UNSAT in 3.27s
    cube 4022.154 (depth 1, 20 lits): UNSAT in 1.10s
    cube 4022.155 (depth 1, 20 lits): UNSAT in 35.46s
    cube 4022.156 (depth 1, 20 lits): UNSAT in 2.00s
    cube 4022.157 (depth 1, 20 lits): UNSAT in 65.90s
    cube 4022.158 (depth 1, 20 lits): UNSAT in 49.74s
    cube 4022.159 (depth 1, 20 lits): UNSAT in 169.26s
    cube 4022.160 (depth 1, 20 lits): UNSAT in 0.11s
    cube 4022.161 (depth 1, 20 lits): UNSAT in 0.14s
    cube 4022.162 (depth 1, 20 lits): UNSAT in 0.86s
    cube 4022.163 (depth 1, 20 lits): UNSAT in 2.41s
    cube 4022.164 (depth 1, 20 lits): UNSAT in 0.18s
    cube 4022.165 (depth 1, 20 lits): UNSAT in 0.31s
    cube 4022.166 (depth 1, 20 lits): UNSAT in 1.80s
    cube 4022.167 (depth 1, 20 lits): UNSAT in 8.95s
    cube 4022.168 (depth 1, 20 lits): UNSAT in 0.27s
    cube 4022.169 (depth 1, 20 lits): UNSAT in 1.34s
    cube 4022.170 (depth 1, 20 lits): UNSAT in 0.16s
    cube 4022.171 (depth 1, 20 lits): UNSAT in 1.78s
    cube 4022.172 (depth 1, 20 lits): UNSAT in 8.17s
    cube 4022.173 (depth 1, 20 lits): UNSAT in 25.07s
    cube 4022.174 (depth 1, 20 lits): UNSAT in 14.31s
    cube 4022.175 (depth 1, 20 lits): UNSAT in 20.67s
    cube 4022.176 (depth 1, 20 lits): UNSAT in 0.82s
    cube 4022.177 (depth 1, 20 lits): UNSAT in 2.82s
    cube 4022.178 (depth 1, 20 lits): UNSAT in 7.30s
    cube 4022.179 (depth 1, 20 lits): UNSAT in 41.42s
    cube 4022.180 (depth 1, 20 lits): UNSAT in 1.93s
    cube 4022.181 (depth 1, 20 lits): UNSAT in 19.06s
    cube 4022.182 (depth 1, 20 lits): UNSAT in 10.73s
    cube 4022.183 (depth 1, 20 lits): UNSAT in 1042.07s
    cube 4022.184 (depth 1, 20 lits): UNSAT in 4.50s
    cube 4022.185 (depth 1, 20 lits): UNSAT in 42.76s
    cube 4022.186 (depth 1, 20 lits): UNSAT in 10.79s
    cube 4022.187 (depth 1, 20 lits): UNSAT in 288.08s
    cube 4022.188 (depth 1, 20 lits): UNSAT in 3.96s
    cube 4022.189 (depth 1, 20 lits): UNSAT in 29.16s
    cube 4022.190 (depth 1, 20 lits): UNSAT in 39.04s
    cube 4022.191 (depth 1, 20 lits): UNSAT in 419.41s
    cube 4022.192 (depth 1, 20 lits): UNSAT in 0.20s
    cube 4022.193 (depth 1, 20 lits): UNSAT in 1.77s
    cube 4022.194 (depth 1, 20 lits): UNSAT in 0.59s
    cube 4022.195 (depth 1, 20 lits): UNSAT in 2.84s
    cube 4022.196 (depth 1, 20 lits): UNSAT in 1.28s
    cube 4022.197 (depth 1, 20 lits): UNSAT in 4.61s
    cube 4022.198 (depth 1, 20 lits): UNSAT in 3.97s
    cube 4022.199 (depth 1, 20 lits): UNSAT in 76.64s
    cube 4022.200 (depth 1, 20 lits): UNSAT in 0.16s
    cube 4022.201 (depth 1, 20 lits): UNSAT in 0.24s
    cube 4022.202 (depth 1, 20 lits): UNSAT in 6.65s
    cube 4022.203 (depth 1, 20 lits): UNSAT in 17.94s
    cube 4022.204 (depth 1, 20 lits): UNSAT in 11.20s
    cube 4022.205 (depth 1, 20 lits): UNSAT in 24.48s
    cube 4022.206 (depth 1, 20 lits): UNSAT in 86.76s
    cube 4022.207 (depth 1, 20 lits): TIMEOUT in 1200.03s
    cube 4022.207 TIMEOUT -> re-split into 254 sub-cubes (depth 2)
    cube 4022.207.0 (depth 2, 28 lits): UNSAT in 0.01s
    cube 4022.207.1 (depth 2, 28 lits): UNSAT in 0.01s
    cube 4022.207.2 (depth 2, 27 lits): UNSAT in 0.02s
    cube 4022.207.3 (depth 2, 28 lits): UNSAT in 0.01s
    cube 4022.207.4 (depth 2, 28 lits): UNSAT in 0.02s
    cube 4022.207.5 (depth 2, 28 lits): UNSAT in 0.02s
    cube 4022.207.6 (depth 2, 28 lits): UNSAT in 0.03s
    cube 4022.207.7 (depth 2, 28 lits): UNSAT in 0.01s
    cube 4022.207.8 (depth 2, 28 lits): UNSAT in 0.02s
    cube 4022.207.9 (depth 2, 28 lits): UNSAT in 0.02s
    cube 4022.207.10 (depth 2, 28 lits): UNSAT in 0.03s
    cube 4022.207.11 (depth 2, 28 lits): UNSAT in 0.02s
    cube 4022.207.12 (depth 2, 28 lits): UNSAT in 0.02s
    cube 4022.207.13 (depth 2, 28 lits): UNSAT in 0.04s
    cube 4022.207.14 (depth 2, 28 lits): UNSAT in 0.17s
    cube 4022.207.15 (depth 2, 28 lits): UNSAT in 0.02s
    cube 4022.207.16 (depth 2, 28 lits): UNSAT in 0.03s
    cube 4022.207.17 (depth 2, 28 lits): UNSAT in 0.02s
    cube 4022.207.18 (depth 2, 28 lits): UNSAT in 0.11s
    cube 4022.207.19 (depth 2, 28 lits): UNSAT in 0.03s
    cube 4022.207.20 (depth 2, 28 lits): UNSAT in 0.07s
    cube 4022.207.21 (depth 2, 28 lits): UNSAT in 0.06s
    cube 4022.207.22 (depth 2, 28 lits): UNSAT in 0.13s
    cube 4022.207.23 (depth 2, 28 lits): UNSAT in 0.02s
    cube 4022.207.24 (depth 2, 28 lits): UNSAT in 0.04s
    cube 4022.207.25 (depth 2, 28 lits): UNSAT in 0.05s
    cube 4022.207.26 (depth 2, 28 lits): UNSAT in 0.13s
    cube 4022.207.27 (depth 2, 28 lits): UNSAT in 0.04s
    cube 4022.207.28 (depth 2, 28 lits): UNSAT in 0.06s
    cube 4022.207.29 (depth 2, 28 lits): UNSAT in 0.24s
    cube 4022.207.30 (depth 2, 28 lits): UNSAT in 0.61s
    cube 4022.207.31 (depth 2, 28 lits): UNSAT in 0.01s
    cube 4022.207.32 (depth 2, 28 lits): UNSAT in 0.02s
    cube 4022.207.33 (depth 2, 28 lits): UNSAT in 0.01s
    cube 4022.207.34 (depth 2, 28 lits): UNSAT in 0.02s
    cube 4022.207.35 (depth 2, 28 lits): UNSAT in 0.01s
    cube 4022.207.36 (depth 2, 28 lits): UNSAT in 0.02s
    cube 4022.207.37 (depth 2, 28 lits): UNSAT in 0.01s
    cube 4022.207.38 (depth 2, 28 lits): UNSAT in 0.01s
    cube 4022.207.39 (depth 2, 28 lits): UNSAT in 0.01s
    cube 4022.207.40 (depth 2, 28 lits): UNSAT in 0.02s
    cube 4022.207.41 (depth 2, 28 lits): UNSAT in 0.01s
    cube 4022.207.42 (depth 2, 28 lits): UNSAT in 0.03s
    cube 4022.207.43 (depth 2, 28 lits): UNSAT in 0.04s
    cube 4022.207.44 (depth 2, 28 lits): UNSAT in 0.05s
    cube 4022.207.45 (depth 2, 28 lits): UNSAT in 0.05s
    cube 4022.207.46 (depth 2, 28 lits): UNSAT in 0.04s
    cube 4022.207.47 (depth 2, 28 lits): UNSAT in 0.03s
    cube 4022.207.48 (depth 2, 28 lits): UNSAT in 0.06s
    cube 4022.207.49 (depth 2, 28 lits): UNSAT in 0.08s
    cube 4022.207.50 (depth 2, 28 lits): UNSAT in 0.19s
    cube 4022.207.51 (depth 2, 28 lits): UNSAT in 0.02s
    cube 4022.207.52 (depth 2, 28 lits): UNSAT in 0.03s
    cube 4022.207.53 (depth 2, 28 lits): UNSAT in 0.12s
    cube 4022.207.54 (depth 2, 28 lits): UNSAT in 0.22s
    cube 4022.207.55 (depth 2, 28 lits): UNSAT in 0.02s
    cube 4022.207.56 (depth 2, 28 lits): UNSAT in 0.03s
    cube 4022.207.57 (depth 2, 28 lits): UNSAT in 0.01s
    cube 4022.207.58 (depth 2, 28 lits): UNSAT in 0.09s
    cube 4022.207.59 (depth 2, 28 lits): UNSAT in 0.13s
    cube 4022.207.60 (depth 2, 28 lits): UNSAT in 0.26s
    cube 4022.207.61 (depth 2, 28 lits): UNSAT in 0.11s
    cube 4022.207.62 (depth 2, 28 lits): UNSAT in 0.53s
    cube 4022.207.63 (depth 2, 28 lits): UNSAT in 0.01s
    cube 4022.207.64 (depth 2, 28 lits): UNSAT in 0.01s
    cube 4022.207.65 (depth 2, 28 lits): UNSAT in 0.04s
    cube 4022.207.66 (depth 2, 28 lits): UNSAT in 0.02s
    cube 4022.207.67 (depth 2, 28 lits): UNSAT in 0.02s
    cube 4022.207.68 (depth 2, 28 lits): UNSAT in 0.07s
    cube 4022.207.69 (depth 2, 28 lits): UNSAT in 0.07s
    cube 4022.207.70 (depth 2, 28 lits): UNSAT in 0.09s
    cube 4022.207.71 (depth 2, 28 lits): UNSAT in 0.02s
    cube 4022.207.72 (depth 2, 28 lits): UNSAT in 0.06s
    cube 4022.207.73 (depth 2, 28 lits): UNSAT in 0.05s
    cube 4022.207.74 (depth 2, 28 lits): UNSAT in 0.10s
    cube 4022.207.75 (depth 2, 28 lits): UNSAT in 0.04s
    cube 4022.207.76 (depth 2, 28 lits): UNSAT in 0.04s
    cube 4022.207.77 (depth 2, 28 lits): UNSAT in 0.03s
    cube 4022.207.78 (depth 2, 28 lits): UNSAT in 0.14s
    cube 4022.207.79 (depth 2, 27 lits): UNSAT in 0.01s
    cube 4022.207.80 (depth 2, 28 lits): UNSAT in 0.01s
    cube 4022.207.81 (depth 2, 28 lits): UNSAT in 0.01s
    cube 4022.207.82 (depth 2, 28 lits): UNSAT in 0.02s
    cube 4022.207.83 (depth 2, 28 lits): UNSAT in 0.01s
    cube 4022.207.84 (depth 2, 28 lits): UNSAT in 0.01s
    cube 4022.207.85 (depth 2, 28 lits): UNSAT in 0.03s
    cube 4022.207.86 (depth 2, 28 lits): UNSAT in 0.02s
    cube 4022.207.87 (depth 2, 28 lits): UNSAT in 0.01s
    cube 4022.207.88 (depth 2, 28 lits): UNSAT in 0.04s
    cube 4022.207.89 (depth 2, 28 lits): UNSAT in 0.11s
    cube 4022.207.90 (depth 2, 28 lits): UNSAT in 0.02s
    cube 4022.207.91 (depth 2, 28 lits): UNSAT in 0.05s
    cube 4022.207.92 (depth 2, 28 lits): UNSAT in 0.11s
    cube 4022.207.93 (depth 2, 28 lits): UNSAT in 0.17s
    cube 4022.207.94 (depth 2, 28 lits): UNSAT in 0.02s
    cube 4022.207.95 (depth 2, 28 lits): UNSAT in 0.02s
    cube 4022.207.96 (depth 2, 28 lits): UNSAT in 0.04s
    cube 4022.207.97 (depth 2, 28 lits): UNSAT in 0.11s
    cube 4022.207.98 (depth 2, 28 lits): UNSAT in 0.03s
    cube 4022.207.99 (depth 2, 28 lits): UNSAT in 0.06s
    cube 4022.207.100 (depth 2, 28 lits): UNSAT in 0.18s
    cube 4022.207.101 (depth 2, 28 lits): UNSAT in 0.98s
    cube 4022.207.102 (depth 2, 28 lits): UNSAT in 0.05s
    cube 4022.207.103 (depth 2, 28 lits): UNSAT in 0.10s
    cube 4022.207.104 (depth 2, 28 lits): UNSAT in 0.40s
    cube 4022.207.105 (depth 2, 28 lits): UNSAT in 1.37s
    cube 4022.207.106 (depth 2, 28 lits): UNSAT in 0.13s
    cube 4022.207.107 (depth 2, 28 lits): UNSAT in 0.46s
    cube 4022.207.108 (depth 2, 28 lits): UNSAT in 0.57s
    cube 4022.207.109 (depth 2, 28 lits): UNSAT in 0.66s
    cube 4022.207.110 (depth 2, 28 lits): UNSAT in 0.02s
    cube 4022.207.111 (depth 2, 28 lits): UNSAT in 0.01s
    cube 4022.207.112 (depth 2, 28 lits): UNSAT in 0.03s
    cube 4022.207.113 (depth 2, 28 lits): UNSAT in 0.18s
    cube 4022.207.114 (depth 2, 28 lits): UNSAT in 0.06s
    cube 4022.207.115 (depth 2, 28 lits): UNSAT in 0.06s
    cube 4022.207.116 (depth 2, 28 lits): UNSAT in 0.28s
    cube 4022.207.117 (depth 2, 28 lits): UNSAT in 0.26s
    cube 4022.207.118 (depth 2, 28 lits): UNSAT in 0.16s
    cube 4022.207.119 (depth 2, 28 lits): UNSAT in 1.05s
    cube 4022.207.120 (depth 2, 28 lits): UNSAT in 0.26s
    cube 4022.207.121 (depth 2, 28 lits): UNSAT in 1.03s
    cube 4022.207.122 (depth 2, 28 lits): UNSAT in 1.42s
    cube 4022.207.123 (depth 2, 28 lits): UNSAT in 1.14s
    cube 4022.207.124 (depth 2, 28 lits): UNSAT in 6.16s
    cube 4022.207.125 (depth 2, 28 lits): UNSAT in 4.76s
    cube 4022.207.126 (depth 2, 28 lits): UNSAT in 0.01s
    cube 4022.207.127 (depth 2, 28 lits): UNSAT in 0.02s
    cube 4022.207.128 (depth 2, 28 lits): UNSAT in 0.02s
    cube 4022.207.129 (depth 2, 28 lits): UNSAT in 0.09s
    cube 4022.207.130 (depth 2, 28 lits): UNSAT in 0.02s
    cube 4022.207.131 (depth 2, 28 lits): UNSAT in 0.05s
    cube 4022.207.132 (depth 2, 28 lits): UNSAT in 0.03s
    cube 4022.207.133 (depth 2, 28 lits): UNSAT in 0.09s
    cube 4022.207.134 (depth 2, 28 lits): UNSAT in 0.03s
    cube 4022.207.135 (depth 2, 28 lits): UNSAT in 0.09s
    cube 4022.207.136 (depth 2, 28 lits): UNSAT in 0.08s
    cube 4022.207.137 (depth 2, 28 lits): UNSAT in 0.14s
    cube 4022.207.138 (depth 2, 28 lits): UNSAT in 0.04s
    cube 4022.207.139 (depth 2, 28 lits): UNSAT in 0.05s
    cube 4022.207.140 (depth 2, 28 lits): UNSAT in 0.17s
    cube 4022.207.141 (depth 2, 28 lits): UNSAT in 0.19s
    cube 4022.207.142 (depth 2, 28 lits): UNSAT in 0.02s
    cube 4022.207.143 (depth 2, 28 lits): UNSAT in 0.03s
    cube 4022.207.144 (depth 2, 28 lits): UNSAT in 0.03s
    cube 4022.207.145 (depth 2, 28 lits): UNSAT in 0.13s
    cube 4022.207.146 (depth 2, 28 lits): UNSAT in 0.04s
    cube 4022.207.147 (depth 2, 28 lits): UNSAT in 0.13s
    cube 4022.207.148 (depth 2, 28 lits): UNSAT in 0.16s
    cube 4022.207.149 (depth 2, 28 lits): UNSAT in 0.46s
    cube 4022.207.150 (depth 2, 28 lits): UNSAT in 0.14s
    cube 4022.207.151 (depth 2, 28 lits): UNSAT in 0.36s
    cube 4022.207.152 (depth 2, 28 lits): UNSAT in 0.07s
    cube 4022.207.153 (depth 2, 28 lits): UNSAT in 0.35s
    cube 4022.207.154 (depth 2, 28 lits): UNSAT in 0.13s
    cube 4022.207.155 (depth 2, 28 lits): UNSAT in 0.12s
    cube 4022.207.156 (depth 2, 28 lits): UNSAT in 1.20s
    cube 4022.207.157 (depth 2, 28 lits): UNSAT in 5.15s
    cube 4022.207.158 (depth 2, 28 lits): UNSAT in 0.02s
    cube 4022.207.159 (depth 2, 28 lits): UNSAT in 0.02s
    cube 4022.207.160 (depth 2, 28 lits): UNSAT in 0.04s
    cube 4022.207.161 (depth 2, 28 lits): UNSAT in 0.07s
    cube 4022.207.162 (depth 2, 28 lits): UNSAT in 0.04s
    cube 4022.207.163 (depth 2, 28 lits): UNSAT in 0.07s
    cube 4022.207.164 (depth 2, 28 lits): UNSAT in 0.09s
    cube 4022.207.165 (depth 2, 28 lits): UNSAT in 0.46s
    cube 4022.207.166 (depth 2, 28 lits): UNSAT in 0.04s
    cube 4022.207.167 (depth 2, 28 lits): UNSAT in 0.09s
    cube 4022.207.168 (depth 2, 28 lits): UNSAT in 0.09s
    cube 4022.207.169 (depth 2, 28 lits): UNSAT in 0.20s
    cube 4022.207.170 (depth 2, 28 lits): UNSAT in 0.02s
    cube 4022.207.171 (depth 2, 28 lits): UNSAT in 0.10s
    cube 4022.207.172 (depth 2, 28 lits): UNSAT in 0.18s
    cube 4022.207.173 (depth 2, 28 lits): UNSAT in 0.57s
    cube 4022.207.174 (depth 2, 28 lits): UNSAT in 0.07s
    cube 4022.207.175 (depth 2, 28 lits): UNSAT in 0.13s
    cube 4022.207.176 (depth 2, 28 lits): UNSAT in 0.06s
    cube 4022.207.177 (depth 2, 28 lits): UNSAT in 0.23s
    cube 4022.207.178 (depth 2, 28 lits): UNSAT in 0.09s
    cube 4022.207.179 (depth 2, 28 lits): UNSAT in 1.40s
    cube 4022.207.180 (depth 2, 28 lits): UNSAT in 0.12s
    cube 4022.207.181 (depth 2, 28 lits): UNSAT in 1.16s
    cube 4022.207.182 (depth 2, 28 lits): UNSAT in 0.17s
    cube 4022.207.183 (depth 2, 28 lits): UNSAT in 0.34s
    cube 4022.207.184 (depth 2, 28 lits): UNSAT in 0.16s
    cube 4022.207.185 (depth 2, 28 lits): UNSAT in 0.85s
    cube 4022.207.186 (depth 2, 28 lits): UNSAT in 0.80s
    cube 4022.207.187 (depth 2, 28 lits): UNSAT in 4.50s
    cube 4022.207.188 (depth 2, 28 lits): UNSAT in 3.15s
    cube 4022.207.189 (depth 2, 28 lits): UNSAT in 40.08s
    cube 4022.207.190 (depth 2, 28 lits): UNSAT in 0.22s
    cube 4022.207.191 (depth 2, 28 lits): UNSAT in 0.32s
    cube 4022.207.192 (depth 2, 28 lits): UNSAT in 0.15s
    cube 4022.207.193 (depth 2, 28 lits): UNSAT in 0.53s
    cube 4022.207.194 (depth 2, 28 lits): UNSAT in 0.12s
    cube 4022.207.195 (depth 2, 28 lits): UNSAT in 0.57s
    cube 4022.207.196 (depth 2, 28 lits): UNSAT in 0.45s
    cube 4022.207.197 (depth 2, 28 lits): UNSAT in 1.28s
    cube 4022.207.198 (depth 2, 28 lits): UNSAT in 0.07s
    cube 4022.207.199 (depth 2, 28 lits): UNSAT in 0.30s
    cube 4022.207.200 (depth 2, 28 lits): UNSAT in 0.14s
    cube 4022.207.201 (depth 2, 28 lits): UNSAT in 2.33s
    cube 4022.207.202 (depth 2, 28 lits): UNSAT in 0.17s
    cube 4022.207.203 (depth 2, 28 lits): UNSAT in 0.79s
    cube 4022.207.204 (depth 2, 28 lits): UNSAT in 1.06s
    cube 4022.207.205 (depth 2, 28 lits): UNSAT in 8.76s
    cube 4022.207.206 (depth 2, 28 lits): UNSAT in 0.04s
    cube 4022.207.207 (depth 2, 28 lits): UNSAT in 0.09s
    cube 4022.207.208 (depth 2, 28 lits): UNSAT in 0.16s
    cube 4022.207.209 (depth 2, 28 lits): UNSAT in 0.59s
    cube 4022.207.210 (depth 2, 28 lits): UNSAT in 0.62s
    cube 4022.207.211 (depth 2, 28 lits): UNSAT in 2.93s
    cube 4022.207.212 (depth 2, 28 lits): UNSAT in 2.30s
    cube 4022.207.213 (depth 2, 28 lits): UNSAT in 12.20s
    cube 4022.207.214 (depth 2, 28 lits): UNSAT in 0.12s
    cube 4022.207.215 (depth 2, 28 lits): UNSAT in 0.44s
    cube 4022.207.216 (depth 2, 28 lits): UNSAT in 0.21s
    cube 4022.207.217 (depth 2, 28 lits): UNSAT in 0.42s
    cube 4022.207.218 (depth 2, 28 lits): UNSAT in 1.15s
    cube 4022.207.219 (depth 2, 28 lits): UNSAT in 5.18s
    cube 4022.207.220 (depth 2, 28 lits): UNSAT in 1.38s
    cube 4022.207.221 (depth 2, 28 lits): UNSAT in 20.93s
    cube 4022.207.222 (depth 2, 28 lits): UNSAT in 0.11s
    cube 4022.207.223 (depth 2, 28 lits): UNSAT in 0.72s
    cube 4022.207.224 (depth 2, 28 lits): UNSAT in 0.14s
    cube 4022.207.225 (depth 2, 28 lits): UNSAT in 2.05s
    cube 4022.207.226 (depth 2, 28 lits): UNSAT in 0.38s
    cube 4022.207.227 (depth 2, 28 lits): UNSAT in 1.11s
    cube 4022.207.228 (depth 2, 28 lits): UNSAT in 0.21s
    cube 4022.207.229 (depth 2, 28 lits): UNSAT in 2.88s
    cube 4022.207.230 (depth 2, 28 lits): UNSAT in 0.69s
    cube 4022.207.231 (depth 2, 28 lits): UNSAT in 2.33s
    cube 4022.207.232 (depth 2, 28 lits): UNSAT in 0.62s
    cube 4022.207.233 (depth 2, 28 lits): UNSAT in 8.95s
    cube 4022.207.234 (depth 2, 28 lits): UNSAT in 0.85s
    cube 4022.207.235 (depth 2, 28 lits): UNSAT in 0.56s
    cube 4022.207.236 (depth 2, 28 lits): UNSAT in 5.11s
    cube 4022.207.237 (depth 2, 28 lits): UNSAT in 37.39s
    cube 4022.207.238 (depth 2, 28 lits): UNSAT in 0.21s
    cube 4022.207.239 (depth 2, 28 lits): UNSAT in 1.77s
    cube 4022.207.240 (depth 2, 28 lits): UNSAT in 2.40s
    cube 4022.207.241 (depth 2, 28 lits): UNSAT in 2.41s
    cube 4022.207.242 (depth 2, 28 lits): UNSAT in 1.41s
    cube 4022.207.243 (depth 2, 28 lits): UNSAT in 14.37s
    cube 4022.207.244 (depth 2, 28 lits): UNSAT in 5.29s
    cube 4022.207.245 (depth 2, 28 lits): UNSAT in 68.55s
    cube 4022.207.246 (depth 2, 28 lits): UNSAT in 0.26s
    cube 4022.207.247 (depth 2, 28 lits): UNSAT in 0.82s
    cube 4022.207.248 (depth 2, 28 lits): UNSAT in 0.20s
    cube 4022.207.249 (depth 2, 28 lits): UNSAT in 9.01s
    cube 4022.207.250 (depth 2, 28 lits): UNSAT in 0.60s
    cube 4022.207.251 (depth 2, 28 lits): UNSAT in 9.94s
    cube 4022.207.252 (depth 2, 28 lits): UNSAT in 3.17s
    cube 4022.207.253 (depth 2, 28 lits): UNSAT in 84.75s
    cube 4022.208 (depth 1, 20 lits): UNSAT in 0.11s
    cube 4022.209 (depth 1, 20 lits): UNSAT in 0.32s
    cube 4022.210 (depth 1, 20 lits): UNSAT in 0.74s
    cube 4022.211 (depth 1, 20 lits): UNSAT in 5.32s
    cube 4022.212 (depth 1, 20 lits): UNSAT in 14.15s
    cube 4022.213 (depth 1, 20 lits): UNSAT in 44.53s
    cube 4022.214 (depth 1, 20 lits): UNSAT in 29.56s
    cube 4022.215 (depth 1, 20 lits): UNSAT in 921.79s
    cube 4022.216 (depth 1, 20 lits): UNSAT in 2.84s
    cube 4022.217 (depth 1, 20 lits): UNSAT in 47.51s
    cube 4022.218 (depth 1, 20 lits): UNSAT in 19.04s
    cube 4022.219 (depth 1, 20 lits): UNSAT in 1082.63s
    cube 4022.220 (depth 1, 20 lits): UNSAT in 74.58s
