  shard 7/10 (explicit): 1 of 4095 cubes, per-cube cap 3000.0s, re-split depth 3
    cube 1023 (depth 0, 12 lits): TIMEOUT in 3000.09s
    cube 1023 TIMEOUT -> re-split into 64 sub-cubes (depth 1)
    cube 1023.0 (depth 1, 18 lits): UNSAT in 0.11s
    cube 1023.1 (depth 1, 18 lits): UNSAT in 0.78s
    cube 1023.2 (depth 1, 18 lits): UNSAT in 0.68s
    cube 1023.3 (depth 1, 18 lits): UNSAT in 8.89s
    cube 1023.4 (depth 1, 18 lits): UNSAT in 1.00s
    cube 1023.5 (depth 1, 18 lits): UNSAT in 5.98s
    cube 1023.6 (depth 1, 18 lits): UNSAT in 8.33s
    cube 1023.7 (depth 1, 18 lits): UNSAT in 642.86s
    cube 1023.8 (depth 1, 18 lits): UNSAT in 0.55s
    cube 1023.9 (depth 1, 18 lits): UNSAT in 1.37s
    cube 1023.10 (depth 1, 18 lits): UNSAT in 5.10s
    cube 1023.11 (depth 1, 18 lits): UNSAT in 43.97s
    cube 1023.12 (depth 1, 18 lits): UNSAT in 7.53s
    cube 1023.13 (depth 1, 18 lits): UNSAT in 77.40s
    cube 1023.14 (depth 1, 18 lits): UNSAT in 61.53s
    cube 1023.15 (depth 1, 18 lits): TIMEOUT in 3000.04s
    cube 1023.15 TIMEOUT -> re-split into 64 sub-cubes (depth 2)
    cube 1023.15.0 (depth 2, 24 lits): UNSAT in 0.04s
    cube 1023.15.1 (depth 2, 24 lits): UNSAT in 0.11s
    cube 1023.15.2 (depth 2, 24 lits): UNSAT in 0.05s
    cube 1023.15.3 (depth 2, 24 lits): UNSAT in 0.70s
    cube 1023.15.4 (depth 2, 24 lits): UNSAT in 0.05s
    cube 1023.15.5 (depth 2, 24 lits): UNSAT in 0.50s
    cube 1023.15.6 (depth 2, 24 lits): UNSAT in 0.45s
    cube 1023.15.7 (depth 2, 24 lits): UNSAT in 2.19s
    cube 1023.15.8 (depth 2, 24 lits): UNSAT in 0.02s
    cube 1023.15.9 (depth 2, 24 lits): UNSAT in 0.07s
    cube 1023.15.10 (depth 2, 24 lits): UNSAT in 0.10s
    cube 1023.15.11 (depth 2, 24 lits): UNSAT in 0.70s
    cube 1023.15.12 (depth 2, 24 lits): UNSAT in 0.02s
    cube 1023.15.13 (depth 2, 24 lits): UNSAT in 0.58s
    cube 1023.15.14 (depth 2, 24 lits): UNSAT in 0.08s
    cube 1023.15.15 (depth 2, 24 lits): UNSAT in 0.64s
    cube 1023.15.16 (depth 2, 24 lits): UNSAT in 0.02s
    cube 1023.15.17 (depth 2, 24 lits): UNSAT in 0.05s
    cube 1023.15.18 (depth 2, 24 lits): UNSAT in 0.05s
    cube 1023.15.19 (depth 2, 24 lits): UNSAT in 0.12s
    cube 1023.15.20 (depth 2, 24 lits): UNSAT in 0.09s
    cube 1023.15.21 (depth 2, 24 lits): UNSAT in 0.54s
    cube 1023.15.22 (depth 2, 24 lits): UNSAT in 0.26s
    cube 1023.15.23 (depth 2, 24 lits): UNSAT in 3.22s
    cube 1023.15.24 (depth 2, 24 lits): UNSAT in 0.08s
    cube 1023.15.25 (depth 2, 24 lits): UNSAT in 0.75s
    cube 1023.15.26 (depth 2, 24 lits): UNSAT in 0.46s
    cube 1023.15.27 (depth 2, 24 lits): UNSAT in 1.00s
    cube 1023.15.28 (depth 2, 24 lits): UNSAT in 0.36s
    cube 1023.15.29 (depth 2, 24 lits): UNSAT in 2.95s
    cube 1023.15.30 (depth 2, 24 lits): UNSAT in 6.34s
    cube 1023.15.31 (depth 2, 24 lits): UNSAT in 43.82s
    cube 1023.15.32 (depth 2, 24 lits): UNSAT in 0.03s
    cube 1023.15.33 (depth 2, 24 lits): UNSAT in 0.18s
    cube 1023.15.34 (depth 2, 24 lits): UNSAT in 0.23s
    cube 1023.15.35 (depth 2, 24 lits): UNSAT in 0.33s
    cube 1023.15.36 (depth 2, 24 lits): UNSAT in 0.13s
    cube 1023.15.37 (depth 2, 24 lits): UNSAT in 0.23s
    cube 1023.15.38 (depth 2, 24 lits): UNSAT in 0.44s
    cube 1023.15.39 (depth 2, 24 lits): UNSAT in 2.57s
    cube 1023.15.40 (depth 2, 24 lits): UNSAT in 0.09s
    cube 1023.15.41 (depth 2, 24 lits): UNSAT in 0.24s
    cube 1023.15.42 (depth 2, 24 lits): UNSAT in 0.50s
    cube 1023.15.43 (depth 2, 24 lits): UNSAT in 0.89s
    cube 1023.15.44 (depth 2, 24 lits): UNSAT in 1.27s
    cube 1023.15.45 (depth 2, 24 lits): UNSAT in 8.41s
    cube 1023.15.46 (depth 2, 24 lits): UNSAT in 2.29s
    cube 1023.15.47 (depth 2, 24 lits): UNSAT in 35.57s
    cube 1023.15.48 (depth 2, 24 lits): UNSAT in 0.18s
    cube 1023.15.49 (depth 2, 24 lits): UNSAT in 0.57s
    cube 1023.15.50 (depth 2, 24 lits): UNSAT in 0.28s
    cube 1023.15.51 (depth 2, 24 lits): UNSAT in 2.37s
    cube 1023.15.52 (depth 2, 24 lits): UNSAT in 0.90s
    cube 1023.15.53 (depth 2, 24 lits): UNSAT in 2.36s
    cube 1023.15.54 (depth 2, 24 lits): UNSAT in 1.79s
    cube 1023.15.55 (depth 2, 24 lits): UNSAT in 52.44s
    cube 1023.15.56 (depth 2, 24 lits): UNSAT in 0.94s
    cube 1023.15.57 (depth 2, 24 lits): UNSAT in 8.27s
    cube 1023.15.58 (depth 2, 24 lits): UNSAT in 4.49s
    cube 1023.15.59 (depth 2, 24 lits): UNSAT in 30.28s
    cube 1023.15.60 (depth 2, 24 lits): UNSAT in 3.06s
    cube 1023.15.61 (depth 2, 24 lits): UNSAT in 73.51s
    cube 1023.15.62 (depth 2, 24 lits): UNSAT in 93.46s
    cube 1023.15.63 (depth 2, 24 lits): UNSAT in 2170.89s
    cube 1023.16 (depth 1, 18 lits): UNSAT in 0.15s
    cube 1023.17 (depth 1, 18 lits): UNSAT in 1.65s
    cube 1023.18 (depth 1, 18 lits): UNSAT in 2.04s
    cube 1023.19 (depth 1, 18 lits): UNSAT in 16.57s
    cube 1023.20 (depth 1, 18 lits): UNSAT in 1.53s
    cube 1023.21 (depth 1, 18 lits): UNSAT in 4.79s
    cube 1023.22 (depth 1, 18 lits): UNSAT in 18.84s
    cube 1023.23 (depth 1, 18 lits): UNSAT in 1146.33s
    cube 1023.24 (depth 1, 18 lits): UNSAT in 3.95s
    cube 1023.25 (depth 1, 18 lits): UNSAT in 49.59s
    cube 1023.26 (depth 1, 18 lits): UNSAT in 47.44s
    cube 1023.27 (depth 1, 18 lits): UNSAT in 1313.69s
    cube 1023.28 (depth 1, 18 lits): UNSAT in 28.56s
    cube 1023.29 (depth 1, 18 lits): UNSAT in 1987.75s
    cube 1023.30 (depth 1, 18 lits): TIMEOUT in 3000.08s
    cube 1023.30 TIMEOUT -> re-split into 64 sub-cubes (depth 2)
    cube 1023.30.0 (depth 2, 24 lits): UNSAT in 0.04s
    cube 1023.30.1 (depth 2, 24 lits): UNSAT in 0.07s
    cube 1023.30.2 (depth 2, 24 lits): UNSAT in 0.05s
    cube 1023.30.3 (depth 2, 24 lits): UNSAT in 0.21s
    cube 1023.30.4 (depth 2, 24 lits): UNSAT in 0.12s
    cube 1023.30.5 (depth 2, 24 lits): UNSAT in 0.25s
    cube 1023.30.6 (depth 2, 24 lits): UNSAT in 0.10s
    cube 1023.30.7 (depth 2, 24 lits): UNSAT in 0.82s
    cube 1023.30.8 (depth 2, 24 lits): UNSAT in 0.12s
    cube 1023.30.9 (depth 2, 24 lits): UNSAT in 0.20s
    cube 1023.30.10 (depth 2, 24 lits): UNSAT in 0.97s
    cube 1023.30.11 (depth 2, 24 lits): UNSAT in 1.05s
    cube 1023.30.12 (depth 2, 24 lits): UNSAT in 0.15s
    cube 1023.30.13 (depth 2, 24 lits): UNSAT in 0.66s
    cube 1023.30.14 (depth 2, 24 lits): UNSAT in 0.31s
    cube 1023.30.15 (depth 2, 24 lits): UNSAT in 5.67s
    cube 1023.30.16 (depth 2, 24 lits): UNSAT in 0.03s
    cube 1023.30.17 (depth 2, 24 lits): UNSAT in 0.07s
    cube 1023.30.18 (depth 2, 24 lits): UNSAT in 0.07s
    cube 1023.30.19 (depth 2, 24 lits): UNSAT in 0.32s
    cube 1023.30.20 (depth 2, 24 lits): UNSAT in 0.02s
    cube 1023.30.21 (depth 2, 24 lits): UNSAT in 0.32s
    cube 1023.30.22 (depth 2, 24 lits): UNSAT in 0.27s
    cube 1023.30.23 (depth 2, 24 lits): UNSAT in 0.90s
    cube 1023.30.24 (depth 2, 24 lits): UNSAT in 0.06s
    cube 1023.30.25 (depth 2, 24 lits): UNSAT in 0.52s
    cube 1023.30.26 (depth 2, 24 lits): UNSAT in 0.16s
    cube 1023.30.27 (depth 2, 24 lits): UNSAT in 0.85s
    cube 1023.30.28 (depth 2, 24 lits): UNSAT in 0.59s
    cube 1023.30.29 (depth 2, 24 lits): UNSAT in 2.01s
    cube 1023.30.30 (depth 2, 24 lits): UNSAT in 5.18s
    cube 1023.30.31 (depth 2, 24 lits): UNSAT in 34.24s
    cube 1023.30.32 (depth 2, 24 lits): UNSAT in 0.06s
    cube 1023.30.33 (depth 2, 24 lits): UNSAT in 0.11s
    cube 1023.30.34 (depth 2, 24 lits): UNSAT in 0.11s
    cube 1023.30.35 (depth 2, 24 lits): UNSAT in 0.59s
    cube 1023.30.36 (depth 2, 24 lits): UNSAT in 0.19s
    cube 1023.30.37 (depth 2, 24 lits): UNSAT in 0.29s
    cube 1023.30.38 (depth 2, 24 lits): UNSAT in 0.15s
    cube 1023.30.39 (depth 2, 24 lits): UNSAT in 2.37s
    cube 1023.30.40 (depth 2, 24 lits): UNSAT in 0.08s
    cube 1023.30.41 (depth 2, 24 lits): UNSAT in 0.39s
    cube 1023.30.42 (depth 2, 24 lits): UNSAT in 0.45s
    cube 1023.30.43 (depth 2, 24 lits): UNSAT in 3.20s
    cube 1023.30.44 (depth 2, 24 lits): UNSAT in 0.67s
    cube 1023.30.45 (depth 2, 24 lits): UNSAT in 1.33s
    cube 1023.30.46 (depth 2, 24 lits): UNSAT in 2.24s
    cube 1023.30.47 (depth 2, 24 lits): UNSAT in 4.95s
    cube 1023.30.48 (depth 2, 24 lits): UNSAT in 1.82s
    cube 1023.30.49 (depth 2, 24 lits): UNSAT in 0.79s
    cube 1023.30.50 (depth 2, 24 lits): UNSAT in 1.38s
    cube 1023.30.51 (depth 2, 24 lits): UNSAT in 5.83s
    cube 1023.30.52 (depth 2, 24 lits): UNSAT in 0.28s
    cube 1023.30.53 (depth 2, 24 lits): UNSAT in 1.22s
    cube 1023.30.54 (depth 2, 24 lits): UNSAT in 2.04s
    cube 1023.30.55 (depth 2, 24 lits): UNSAT in 14.66s
    cube 1023.30.56 (depth 2, 24 lits): UNSAT in 1.28s
    cube 1023.30.57 (depth 2, 24 lits): UNSAT in 4.70s
    cube 1023.30.58 (depth 2, 24 lits): UNSAT in 11.80s
    cube 1023.30.59 (depth 2, 24 lits): UNSAT in 16.64s
    cube 1023.30.60 (depth 2, 24 lits): UNSAT in 6.97s
    cube 1023.30.61 (depth 2, 24 lits): UNSAT in 43.50s
    cube 1023.30.62 (depth 2, 24 lits): UNSAT in 53.45s
    cube 1023.30.63 (depth 2, 24 lits): TIMEOUT in 3000.08s
    cube 1023.30.63 TIMEOUT -> re-split into 64 sub-cubes (depth 3)
    cube 1023.30.63.0 (depth 3, 30 lits): UNSAT in 0.02s
    cube 1023.30.63.1 (depth 3, 30 lits): UNSAT in 0.02s
    cube 1023.30.63.2 (depth 3, 30 lits): UNSAT in 0.03s
    cube 1023.30.63.3 (depth 3, 30 lits): UNSAT in 0.05s
    cube 1023.30.63.4 (depth 3, 30 lits): UNSAT in 0.03s
    cube 1023.30.63.5 (depth 3, 30 lits): UNSAT in 0.05s
    cube 1023.30.63.6 (depth 3, 30 lits): UNSAT in 0.05s
    cube 1023.30.63.7 (depth 3, 30 lits): UNSAT in 0.27s
    cube 1023.30.63.8 (depth 3, 30 lits): UNSAT in 0.03s
    cube 1023.30.63.9 (depth 3, 30 lits): UNSAT in 0.07s
    cube 1023.30.63.10 (depth 3, 30 lits): UNSAT in 0.05s
    cube 1023.30.63.11 (depth 3, 30 lits): UNSAT in 0.12s
    cube 1023.30.63.12 (depth 3, 30 lits): UNSAT in 0.15s
    cube 1023.30.63.13 (depth 3, 30 lits): UNSAT in 0.49s
    cube 1023.30.63.14 (depth 3, 30 lits): UNSAT in 0.40s
    cube 1023.30.63.15 (depth 3, 30 lits): UNSAT in 4.05s
    cube 1023.30.63.16 (depth 3, 30 lits): UNSAT in 0.22s
    cube 1023.30.63.17 (depth 3, 30 lits): UNSAT in 0.86s
    cube 1023.30.63.18 (depth 3, 30 lits): UNSAT in 0.07s
    cube 1023.30.63.19 (depth 3, 30 lits): UNSAT in 0.43s
    cube 1023.30.63.20 (depth 3, 30 lits): UNSAT in 0.07s
    cube 1023.30.63.21 (depth 3, 30 lits): UNSAT in 0.09s
    cube 1023.30.63.22 (depth 3, 30 lits): UNSAT in 0.43s
    cube 1023.30.63.23 (depth 3, 30 lits): UNSAT in 2.42s
    cube 1023.30.63.24 (depth 3, 30 lits): UNSAT in 0.23s
    cube 1023.30.63.25 (depth 3, 30 lits): UNSAT in 0.34s
    cube 1023.30.63.26 (depth 3, 30 lits): UNSAT in 0.61s
    cube 1023.30.63.27 (depth 3, 30 lits): UNSAT in 1.44s
    cube 1023.30.63.28 (depth 3, 30 lits): UNSAT in 0.47s
    cube 1023.30.63.29 (depth 3, 30 lits): UNSAT in 6.12s
    cube 1023.30.63.30 (depth 3, 30 lits): UNSAT in 14.82s
    cube 1023.30.63.31 (depth 3, 30 lits): UNSAT in 41.63s
    cube 1023.30.63.32 (depth 3, 30 lits): UNSAT in 0.02s
    cube 1023.30.63.33 (depth 3, 30 lits): UNSAT in 0.08s
    cube 1023.30.63.34 (depth 3, 30 lits): UNSAT in 0.12s
    cube 1023.30.63.35 (depth 3, 30 lits): UNSAT in 0.35s
    cube 1023.30.63.36 (depth 3, 30 lits): UNSAT in 0.04s
    cube 1023.30.63.37 (depth 3, 30 lits): UNSAT in 0.15s
    cube 1023.30.63.38 (depth 3, 30 lits): UNSAT in 0.21s
    cube 1023.30.63.39 (depth 3, 30 lits): UNSAT in 2.74s
    cube 1023.30.63.40 (depth 3, 30 lits): UNSAT in 0.29s
    cube 1023.30.63.41 (depth 3, 30 lits): UNSAT in 1.04s
    cube 1023.30.63.42 (depth 3, 30 lits): UNSAT in 0.76s
    cube 1023.30.63.43 (depth 3, 30 lits): UNSAT in 2.05s
    cube 1023.30.63.44 (depth 3, 30 lits): UNSAT in 0.22s
    cube 1023.30.63.45 (depth 3, 30 lits): UNSAT in 1.25s
    cube 1023.30.63.46 (depth 3, 30 lits): UNSAT in 2.97s
    cube 1023.30.63.47 (depth 3, 30 lits): UNSAT in 17.15s
    cube 1023.30.63.48 (depth 3, 30 lits): UNSAT in 0.47s
    cube 1023.30.63.49 (depth 3, 30 lits): UNSAT in 0.86s
    cube 1023.30.63.50 (depth 3, 30 lits): UNSAT in 2.45s
    cube 1023.30.63.51 (depth 3, 30 lits): UNSAT in 6.70s
    cube 1023.30.63.52 (depth 3, 30 lits): UNSAT in 0.77s
    cube 1023.30.63.53 (depth 3, 30 lits): UNSAT in 4.49s
    cube 1023.30.63.54 (depth 3, 30 lits): UNSAT in 0.60s
    cube 1023.30.63.55 (depth 3, 30 lits): UNSAT in 38.15s
    cube 1023.30.63.56 (depth 3, 30 lits): UNSAT in 3.96s
    cube 1023.30.63.57 (depth 3, 30 lits): UNSAT in 2.23s
    cube 1023.30.63.58 (depth 3, 30 lits): UNSAT in 4.90s
    cube 1023.30.63.59 (depth 3, 30 lits): UNSAT in 61.10s
    cube 1023.30.63.60 (depth 3, 30 lits): UNSAT in 4.45s
    cube 1023.30.63.61 (depth 3, 30 lits): UNSAT in 63.36s
    cube 1023.30.63.62 (depth 3, 30 lits): UNSAT in 6.88s
    cube 1023.30.63.63 (depth 3, 30 lits): UNSAT in 103.53s
