  shard 2/4 (round-robin): 982 of 3930 cubes, per-cube cap 600.0s, re-split depth 7
    cube 2 (depth 0, 23 lits): UNSAT in 0.01s
    cube 6 (depth 0, 22 lits): UNSAT in 0.02s
    cube 10 (depth 0, 24 lits): UNSAT in 0.01s
    cube 14 (depth 0, 22 lits): UNSAT in 0.01s
    cube 18 (depth 0, 24 lits): UNSAT in 0.02s
    cube 22 (depth 0, 24 lits): UNSAT in 0.01s
    cube 26 (depth 0, 22 lits): UNSAT in 0.02s
    cube 30 (depth 0, 24 lits): UNSAT in 0.02s
    cube 34 (depth 0, 24 lits): UNSAT in 0.01s
    cube 38 (depth 0, 24 lits): UNSAT in 0.02s
    cube 42 (depth 0, 24 lits): UNSAT in 0.05s
    cube 46 (depth 0, 24 lits): UNSAT in 0.01s
    cube 50 (depth 0, 24 lits): UNSAT in 0.01s
    cube 54 (depth 0, 24 lits): UNSAT in 0.02s
    cube 58 (depth 0, 24 lits): UNSAT in 0.01s
    cube 62 (depth 0, 24 lits): UNSAT in 0.02s
    cube 66 (depth 0, 24 lits): UNSAT in 0.02s
    cube 70 (depth 0, 24 lits): UNSAT in 0.05s
    cube 74 (depth 0, 24 lits): UNSAT in 0.03s
    cube 78 (depth 0, 24 lits): UNSAT in 0.03s
    cube 82 (depth 0, 24 lits): UNSAT in 0.02s
    cube 86 (depth 0, 24 lits): UNSAT in 0.10s
    cube 90 (depth 0, 22 lits): UNSAT in 0.02s
    cube 94 (depth 0, 24 lits): UNSAT in 0.02s
    cube 98 (depth 0, 24 lits): UNSAT in 0.02s
    cube 102 (depth 0, 24 lits): UNSAT in 0.03s
    cube 106 (depth 0, 24 lits): UNSAT in 0.02s
    cube 110 (depth 0, 24 lits): UNSAT in 0.03s
    cube 114 (depth 0, 24 lits): UNSAT in 0.05s
    cube 118 (depth 0, 24 lits): UNSAT in 0.08s
    cube 122 (depth 0, 24 lits): UNSAT in 0.02s
    cube 126 (depth 0, 24 lits): UNSAT in 0.03s
    cube 130 (depth 0, 24 lits): UNSAT in 0.03s
    cube 134 (depth 0, 24 lits): UNSAT in 0.03s
    cube 138 (depth 0, 24 lits): UNSAT in 0.03s
    cube 142 (depth 0, 24 lits): UNSAT in 0.03s
    cube 146 (depth 0, 24 lits): UNSAT in 0.35s
    cube 150 (depth 0, 24 lits): UNSAT in 0.01s
    cube 154 (depth 0, 24 lits): UNSAT in 0.02s
    cube 158 (depth 0, 24 lits): UNSAT in 0.02s
    cube 162 (depth 0, 24 lits): UNSAT in 0.04s
    cube 166 (depth 0, 24 lits): UNSAT in 0.02s
    cube 170 (depth 0, 24 lits): UNSAT in 0.05s
    cube 174 (depth 0, 24 lits): UNSAT in 0.08s
    cube 178 (depth 0, 24 lits): UNSAT in 0.04s
    cube 182 (depth 0, 24 lits): UNSAT in 0.03s
    cube 186 (depth 0, 24 lits): UNSAT in 0.03s
    cube 190 (depth 0, 24 lits): UNSAT in 0.03s
    cube 194 (depth 0, 24 lits): UNSAT in 0.10s
    cube 198 (depth 0, 24 lits): UNSAT in 0.05s
    cube 202 (depth 0, 24 lits): UNSAT in 0.25s
    cube 206 (depth 0, 24 lits): UNSAT in 0.21s
    cube 210 (depth 0, 24 lits): UNSAT in 0.62s
    cube 214 (depth 0, 23 lits): UNSAT in 0.01s
    cube 218 (depth 0, 24 lits): UNSAT in 0.02s
    cube 222 (depth 0, 24 lits): UNSAT in 0.02s
    cube 226 (depth 0, 24 lits): UNSAT in 0.02s
    cube 230 (depth 0, 24 lits): UNSAT in 0.08s
    cube 234 (depth 0, 24 lits): UNSAT in 0.02s
    cube 238 (depth 0, 23 lits): UNSAT in 0.02s
    cube 242 (depth 0, 24 lits): UNSAT in 0.04s
    cube 246 (depth 0, 24 lits): UNSAT in 0.02s
    cube 250 (depth 0, 24 lits): UNSAT in 0.01s
    cube 254 (depth 0, 24 lits): UNSAT in 0.01s
    cube 258 (depth 0, 24 lits): UNSAT in 0.14s
    cube 262 (depth 0, 23 lits): UNSAT in 0.02s
    cube 266 (depth 0, 24 lits): UNSAT in 0.01s
    cube 270 (depth 0, 24 lits): UNSAT in 0.03s
    cube 274 (depth 0, 24 lits): UNSAT in 0.04s
    cube 278 (depth 0, 24 lits): UNSAT in 0.01s
    cube 282 (depth 0, 23 lits): UNSAT in 0.01s
    cube 286 (depth 0, 24 lits): UNSAT in 0.17s
    cube 290 (depth 0, 24 lits): UNSAT in 0.01s
    cube 294 (depth 0, 24 lits): UNSAT in 0.01s
    cube 298 (depth 0, 24 lits): UNSAT in 0.02s
    cube 302 (depth 0, 24 lits): UNSAT in 0.13s
    cube 306 (depth 0, 24 lits): UNSAT in 0.32s
    cube 310 (depth 0, 24 lits): UNSAT in 0.26s
    cube 314 (depth 0, 24 lits): UNSAT in 0.46s
    cube 318 (depth 0, 24 lits): UNSAT in 0.59s
    cube 322 (depth 0, 24 lits): UNSAT in 0.02s
    cube 326 (depth 0, 24 lits): UNSAT in 0.01s
    cube 330 (depth 0, 24 lits): UNSAT in 0.03s
    cube 334 (depth 0, 24 lits): UNSAT in 0.01s
    cube 338 (depth 0, 24 lits): UNSAT in 0.03s
    cube 342 (depth 0, 24 lits): UNSAT in 0.02s
    cube 346 (depth 0, 24 lits): UNSAT in 0.06s
    cube 350 (depth 0, 24 lits): UNSAT in 0.02s
    cube 354 (depth 0, 24 lits): UNSAT in 0.02s
    cube 358 (depth 0, 24 lits): UNSAT in 0.02s
    cube 362 (depth 0, 24 lits): UNSAT in 0.02s
    cube 366 (depth 0, 24 lits): UNSAT in 0.02s
    cube 370 (depth 0, 24 lits): UNSAT in 0.03s
    cube 374 (depth 0, 24 lits): UNSAT in 0.06s
    cube 378 (depth 0, 24 lits): UNSAT in 0.06s
    cube 382 (depth 0, 23 lits): UNSAT in 0.01s
    cube 386 (depth 0, 24 lits): UNSAT in 0.05s
    cube 390 (depth 0, 24 lits): UNSAT in 0.02s
    cube 394 (depth 0, 24 lits): UNSAT in 0.15s
    cube 398 (depth 0, 24 lits): UNSAT in 0.02s
    cube 402 (depth 0, 24 lits): UNSAT in 0.02s
    cube 406 (depth 0, 24 lits): UNSAT in 0.15s
    cube 410 (depth 0, 24 lits): UNSAT in 0.39s
    cube 414 (depth 0, 24 lits): UNSAT in 0.07s
    cube 418 (depth 0, 24 lits): UNSAT in 0.07s
    cube 422 (depth 0, 24 lits): UNSAT in 0.04s
    cube 426 (depth 0, 24 lits): UNSAT in 0.28s
    cube 430 (depth 0, 24 lits): UNSAT in 0.13s
    cube 434 (depth 0, 24 lits): UNSAT in 1.28s
    cube 438 (depth 0, 24 lits): UNSAT in 2.64s
    cube 442 (depth 0, 24 lits): UNSAT in 6.98s
    cube 446 (depth 0, 22 lits): UNSAT in 0.02s
    cube 450 (depth 0, 23 lits): UNSAT in 0.01s
    cube 454 (depth 0, 24 lits): UNSAT in 0.01s
    cube 458 (depth 0, 24 lits): UNSAT in 0.02s
    cube 462 (depth 0, 23 lits): UNSAT in 0.01s
    cube 466 (depth 0, 24 lits): UNSAT in 0.01s
    cube 470 (depth 0, 24 lits): UNSAT in 0.02s
    cube 474 (depth 0, 24 lits): UNSAT in 0.02s
    cube 478 (depth 0, 24 lits): UNSAT in 0.01s
    cube 482 (depth 0, 24 lits): UNSAT in 0.02s
    cube 486 (depth 0, 24 lits): UNSAT in 0.01s
    cube 490 (depth 0, 24 lits): UNSAT in 0.06s
    cube 494 (depth 0, 24 lits): UNSAT in 0.01s
    cube 498 (depth 0, 24 lits): UNSAT in 0.02s
    cube 502 (depth 0, 24 lits): UNSAT in 0.01s
    cube 506 (depth 0, 24 lits): UNSAT in 0.02s
    cube 510 (depth 0, 24 lits): UNSAT in 0.05s
    cube 514 (depth 0, 24 lits): UNSAT in 0.03s
    cube 518 (depth 0, 24 lits): UNSAT in 0.02s
    cube 522 (depth 0, 24 lits): UNSAT in 0.02s
    cube 526 (depth 0, 24 lits): UNSAT in 0.02s
    cube 530 (depth 0, 24 lits): UNSAT in 0.04s
    cube 534 (depth 0, 24 lits): UNSAT in 0.02s
    cube 538 (depth 0, 24 lits): UNSAT in 0.01s
    cube 542 (depth 0, 24 lits): UNSAT in 0.06s
    cube 546 (depth 0, 24 lits): UNSAT in 0.14s
    cube 550 (depth 0, 24 lits): UNSAT in 0.04s
    cube 554 (depth 0, 24 lits): UNSAT in 0.05s
    cube 558 (depth 0, 24 lits): UNSAT in 0.04s
    cube 562 (depth 0, 24 lits): UNSAT in 0.08s
    cube 566 (depth 0, 24 lits): UNSAT in 0.04s
    cube 570 (depth 0, 24 lits): UNSAT in 0.11s
    cube 574 (depth 0, 24 lits): UNSAT in 0.11s
    cube 578 (depth 0, 24 lits): UNSAT in 0.41s
    cube 582 (depth 0, 24 lits): UNSAT in 0.04s
    cube 586 (depth 0, 24 lits): UNSAT in 0.07s
    cube 590 (depth 0, 24 lits): UNSAT in 0.07s
    cube 594 (depth 0, 24 lits): UNSAT in 0.15s
    cube 598 (depth 0, 24 lits): UNSAT in 0.03s
    cube 602 (depth 0, 24 lits): UNSAT in 0.14s
    cube 606 (depth 0, 24 lits): UNSAT in 0.07s
    cube 610 (depth 0, 24 lits): UNSAT in 0.09s
    cube 614 (depth 0, 24 lits): UNSAT in 0.01s
    cube 618 (depth 0, 24 lits): UNSAT in 0.02s
    cube 622 (depth 0, 24 lits): UNSAT in 0.02s
    cube 626 (depth 0, 24 lits): UNSAT in 0.09s
    cube 630 (depth 0, 24 lits): UNSAT in 0.04s
    cube 634 (depth 0, 24 lits): UNSAT in 0.03s
    cube 638 (depth 0, 24 lits): UNSAT in 0.03s
    cube 642 (depth 0, 24 lits): UNSAT in 0.50s
    cube 646 (depth 0, 24 lits): UNSAT in 0.02s
    cube 650 (depth 0, 24 lits): UNSAT in 0.05s
    cube 654 (depth 0, 24 lits): UNSAT in 0.08s
    cube 658 (depth 0, 24 lits): UNSAT in 0.24s
    cube 662 (depth 0, 24 lits): UNSAT in 0.17s
    cube 666 (depth 0, 24 lits): UNSAT in 0.29s
    cube 670 (depth 0, 24 lits): UNSAT in 0.11s
    cube 674 (depth 0, 24 lits): UNSAT in 2.26s
    cube 678 (depth 0, 24 lits): UNSAT in 0.01s
    cube 682 (depth 0, 23 lits): UNSAT in 0.01s
    cube 686 (depth 0, 24 lits): UNSAT in 0.02s
    cube 690 (depth 0, 24 lits): UNSAT in 0.01s
    cube 694 (depth 0, 24 lits): UNSAT in 0.04s
    cube 698 (depth 0, 24 lits): UNSAT in 0.09s
    cube 702 (depth 0, 24 lits): UNSAT in 0.02s
    cube 706 (depth 0, 24 lits): UNSAT in 0.03s
    cube 710 (depth 0, 24 lits): UNSAT in 0.02s
    cube 714 (depth 0, 24 lits): UNSAT in 0.02s
    cube 718 (depth 0, 24 lits): UNSAT in 0.04s
    cube 722 (depth 0, 24 lits): UNSAT in 0.01s
    cube 726 (depth 0, 24 lits): UNSAT in 0.04s
    cube 730 (depth 0, 24 lits): UNSAT in 0.53s
    cube 734 (depth 0, 24 lits): UNSAT in 0.04s
    cube 738 (depth 0, 24 lits): UNSAT in 0.09s
    cube 742 (depth 0, 24 lits): UNSAT in 0.17s
    cube 746 (depth 0, 24 lits): UNSAT in 0.38s
    cube 750 (depth 0, 24 lits): UNSAT in 0.08s
    cube 754 (depth 0, 24 lits): UNSAT in 0.22s
    cube 758 (depth 0, 24 lits): UNSAT in 0.33s
    cube 762 (depth 0, 24 lits): UNSAT in 0.97s
    cube 766 (depth 0, 24 lits): UNSAT in 0.07s
    cube 770 (depth 0, 24 lits): UNSAT in 0.02s
    cube 774 (depth 0, 24 lits): UNSAT in 0.17s
    cube 778 (depth 0, 24 lits): UNSAT in 0.18s
    cube 782 (depth 0, 24 lits): UNSAT in 0.36s
    cube 786 (depth 0, 24 lits): UNSAT in 1.28s
    cube 790 (depth 0, 24 lits): UNSAT in 0.56s
    cube 794 (depth 0, 24 lits): UNSAT in 3.76s
    cube 798 (depth 0, 24 lits): UNSAT in 0.06s
    cube 802 (depth 0, 24 lits): UNSAT in 0.08s
    cube 806 (depth 0, 24 lits): UNSAT in 0.21s
    cube 810 (depth 0, 24 lits): UNSAT in 0.20s
    cube 814 (depth 0, 24 lits): UNSAT in 0.07s
    cube 818 (depth 0, 24 lits): UNSAT in 0.79s
    cube 822 (depth 0, 24 lits): UNSAT in 0.67s
    cube 826 (depth 0, 24 lits): UNSAT in 0.64s
    cube 830 (depth 0, 24 lits): UNSAT in 0.02s
    cube 834 (depth 0, 24 lits): UNSAT in 0.26s
    cube 838 (depth 0, 24 lits): UNSAT in 0.23s
    cube 842 (depth 0, 24 lits): UNSAT in 1.08s
    cube 846 (depth 0, 24 lits): UNSAT in 0.58s
    cube 850 (depth 0, 24 lits): UNSAT in 1.04s
    cube 854 (depth 0, 24 lits): UNSAT in 1.34s
    cube 858 (depth 0, 24 lits): UNSAT in 11.86s
    cube 862 (depth 0, 24 lits): UNSAT in 0.17s
    cube 866 (depth 0, 24 lits): UNSAT in 0.68s
    cube 870 (depth 0, 24 lits): UNSAT in 0.09s
    cube 874 (depth 0, 24 lits): UNSAT in 5.46s
    cube 878 (depth 0, 24 lits): UNSAT in 0.08s
    cube 882 (depth 0, 24 lits): UNSAT in 1.40s
    cube 886 (depth 0, 24 lits): UNSAT in 1.45s
    cube 890 (depth 0, 24 lits): UNSAT in 10.21s
    cube 894 (depth 0, 24 lits): UNSAT in 0.23s
    cube 898 (depth 0, 24 lits): UNSAT in 0.78s
    cube 902 (depth 0, 24 lits): UNSAT in 1.53s
    cube 906 (depth 0, 24 lits): UNSAT in 11.03s
    cube 910 (depth 0, 24 lits): UNSAT in 0.34s
    cube 914 (depth 0, 24 lits): UNSAT in 13.03s
    cube 918 (depth 0, 24 lits): UNSAT in 9.78s
    cube 922 (depth 0, 24 lits): UNSAT in 173.97s
    cube 926 (depth 0, 24 lits): UNSAT in 0.01s
    cube 930 (depth 0, 24 lits): UNSAT in 0.01s
    cube 934 (depth 0, 24 lits): UNSAT in 0.03s
    cube 938 (depth 0, 23 lits): UNSAT in 0.02s
    cube 942 (depth 0, 24 lits): UNSAT in 0.02s
    cube 946 (depth 0, 24 lits): UNSAT in 0.02s
    cube 950 (depth 0, 24 lits): UNSAT in 0.02s
    cube 954 (depth 0, 24 lits): UNSAT in 0.01s
    cube 958 (depth 0, 24 lits): UNSAT in 0.01s
    cube 962 (depth 0, 24 lits): UNSAT in 0.02s
    cube 966 (depth 0, 24 lits): UNSAT in 0.02s
    cube 970 (depth 0, 24 lits): UNSAT in 0.02s
    cube 974 (depth 0, 24 lits): UNSAT in 0.08s
    cube 978 (depth 0, 24 lits): UNSAT in 0.02s
    cube 982 (depth 0, 24 lits): UNSAT in 0.16s
    cube 986 (depth 0, 24 lits): UNSAT in 0.02s
    cube 990 (depth 0, 24 lits): UNSAT in 0.01s
    cube 994 (depth 0, 24 lits): UNSAT in 0.01s
    cube 998 (depth 0, 24 lits): UNSAT in 0.02s
    cube 1002 (depth 0, 24 lits): UNSAT in 0.03s
    cube 1006 (depth 0, 24 lits): UNSAT in 0.01s
    cube 1010 (depth 0, 24 lits): UNSAT in 0.07s
    cube 1014 (depth 0, 24 lits): UNSAT in 0.01s
    cube 1018 (depth 0, 23 lits): UNSAT in 0.02s
    cube 1022 (depth 0, 24 lits): UNSAT in 0.02s
    cube 1026 (depth 0, 24 lits): UNSAT in 0.04s
    cube 1030 (depth 0, 24 lits): UNSAT in 0.05s
    cube 1034 (depth 0, 24 lits): UNSAT in 0.05s
    cube 1038 (depth 0, 24 lits): UNSAT in 0.14s
    cube 1042 (depth 0, 24 lits): UNSAT in 0.10s
    cube 1046 (depth 0, 24 lits): UNSAT in 0.02s
    cube 1050 (depth 0, 24 lits): UNSAT in 0.02s
    cube 1054 (depth 0, 24 lits): UNSAT in 0.03s
    cube 1058 (depth 0, 24 lits): UNSAT in 0.03s
    cube 1062 (depth 0, 24 lits): UNSAT in 0.01s
    cube 1066 (depth 0, 24 lits): UNSAT in 0.03s
    cube 1070 (depth 0, 24 lits): UNSAT in 0.18s
    cube 1074 (depth 0, 24 lits): UNSAT in 0.28s
    cube 1078 (depth 0, 24 lits): UNSAT in 0.09s
    cube 1082 (depth 0, 24 lits): UNSAT in 0.12s
    cube 1086 (depth 0, 24 lits): UNSAT in 0.02s
    cube 1090 (depth 0, 24 lits): UNSAT in 0.28s
    cube 1094 (depth 0, 24 lits): UNSAT in 0.03s
    cube 1098 (depth 0, 24 lits): UNSAT in 0.32s
    cube 1102 (depth 0, 24 lits): UNSAT in 0.91s
    cube 1106 (depth 0, 24 lits): UNSAT in 1.95s
    cube 1110 (depth 0, 24 lits): UNSAT in 0.03s
    cube 1114 (depth 0, 24 lits): UNSAT in 0.10s
    cube 1118 (depth 0, 24 lits): UNSAT in 0.10s
    cube 1122 (depth 0, 24 lits): UNSAT in 1.58s
    cube 1126 (depth 0, 24 lits): UNSAT in 0.26s
    cube 1130 (depth 0, 24 lits): UNSAT in 3.47s
    cube 1134 (depth 0, 24 lits): UNSAT in 0.67s
    cube 1138 (depth 0, 24 lits): UNSAT in 2.69s
    cube 1142 (depth 0, 24 lits): UNSAT in 0.03s
    cube 1146 (depth 0, 24 lits): UNSAT in 0.21s
    cube 1150 (depth 0, 24 lits): UNSAT in 0.34s
    cube 1154 (depth 0, 24 lits): UNSAT in 0.92s
    cube 1158 (depth 0, 24 lits): UNSAT in 0.21s
    cube 1162 (depth 0, 24 lits): UNSAT in 3.19s
    cube 1166 (depth 0, 24 lits): UNSAT in 1.11s
    cube 1170 (depth 0, 24 lits): UNSAT in 3.86s
    cube 1174 (depth 0, 24 lits): UNSAT in 0.01s
    cube 1178 (depth 0, 24 lits): UNSAT in 0.01s
    cube 1182 (depth 0, 24 lits): UNSAT in 0.02s
    cube 1186 (depth 0, 24 lits): UNSAT in 0.02s
    cube 1190 (depth 0, 24 lits): UNSAT in 0.02s
    cube 1194 (depth 0, 24 lits): UNSAT in 0.01s
    cube 1198 (depth 0, 24 lits): UNSAT in 0.05s
    cube 1202 (depth 0, 24 lits): UNSAT in 0.01s
    cube 1206 (depth 0, 24 lits): UNSAT in 0.03s
    cube 1210 (depth 0, 24 lits): UNSAT in 0.02s
    cube 1214 (depth 0, 24 lits): UNSAT in 0.02s
    cube 1218 (depth 0, 24 lits): UNSAT in 0.01s
    cube 1222 (depth 0, 24 lits): UNSAT in 0.02s
    cube 1226 (depth 0, 24 lits): UNSAT in 0.05s
    cube 1230 (depth 0, 24 lits): UNSAT in 0.31s
    cube 1234 (depth 0, 23 lits): UNSAT in 0.02s
    cube 1238 (depth 0, 24 lits): UNSAT in 0.04s
    cube 1242 (depth 0, 24 lits): UNSAT in 0.11s
    cube 1246 (depth 0, 24 lits): UNSAT in 0.24s
    cube 1250 (depth 0, 24 lits): UNSAT in 0.03s
    cube 1254 (depth 0, 24 lits): UNSAT in 0.70s
    cube 1258 (depth 0, 24 lits): UNSAT in 0.13s
    cube 1262 (depth 0, 24 lits): UNSAT in 1.97s
    cube 1266 (depth 0, 24 lits): UNSAT in 0.02s
    cube 1270 (depth 0, 24 lits): UNSAT in 0.03s
    cube 1274 (depth 0, 24 lits): UNSAT in 0.31s
    cube 1278 (depth 0, 24 lits): UNSAT in 0.18s
    cube 1282 (depth 0, 24 lits): UNSAT in 0.04s
    cube 1286 (depth 0, 24 lits): UNSAT in 0.19s
    cube 1290 (depth 0, 24 lits): UNSAT in 0.45s
    cube 1294 (depth 0, 24 lits): UNSAT in 1.58s
    cube 1298 (depth 0, 24 lits): UNSAT in 0.02s
    cube 1302 (depth 0, 24 lits): UNSAT in 0.01s
    cube 1306 (depth 0, 24 lits): UNSAT in 0.04s
    cube 1310 (depth 0, 24 lits): UNSAT in 0.04s
    cube 1314 (depth 0, 24 lits): UNSAT in 0.02s
    cube 1318 (depth 0, 24 lits): UNSAT in 0.06s
    cube 1322 (depth 0, 24 lits): UNSAT in 0.14s
    cube 1326 (depth 0, 24 lits): UNSAT in 0.03s
    cube 1330 (depth 0, 24 lits): UNSAT in 0.08s
    cube 1334 (depth 0, 24 lits): UNSAT in 0.02s
    cube 1338 (depth 0, 24 lits): UNSAT in 0.08s
    cube 1342 (depth 0, 24 lits): UNSAT in 0.23s
    cube 1346 (depth 0, 24 lits): UNSAT in 0.17s
    cube 1350 (depth 0, 24 lits): UNSAT in 0.27s
    cube 1354 (depth 0, 24 lits): UNSAT in 1.78s
    cube 1358 (depth 0, 24 lits): UNSAT in 0.04s
    cube 1362 (depth 0, 24 lits): UNSAT in 0.07s
    cube 1366 (depth 0, 24 lits): UNSAT in 0.14s
    cube 1370 (depth 0, 24 lits): UNSAT in 0.17s
    cube 1374 (depth 0, 24 lits): UNSAT in 0.04s
    cube 1378 (depth 0, 24 lits): UNSAT in 0.89s
    cube 1382 (depth 0, 24 lits): UNSAT in 0.62s
    cube 1386 (depth 0, 24 lits): UNSAT in 6.25s
    cube 1390 (depth 0, 24 lits): UNSAT in 0.15s
    cube 1394 (depth 0, 24 lits): UNSAT in 0.38s
    cube 1398 (depth 0, 24 lits): UNSAT in 1.03s
    cube 1402 (depth 0, 24 lits): UNSAT in 1.82s
    cube 1406 (depth 0, 24 lits): UNSAT in 0.56s
    cube 1410 (depth 0, 24 lits): UNSAT in 8.02s
    cube 1414 (depth 0, 24 lits): UNSAT in 5.87s
    cube 1418 (depth 0, 24 lits): UNSAT in 200.58s
    cube 1422 (depth 0, 24 lits): UNSAT in 0.01s
    cube 1426 (depth 0, 24 lits): UNSAT in 0.01s
    cube 1430 (depth 0, 24 lits): UNSAT in 0.02s
    cube 1434 (depth 0, 24 lits): UNSAT in 0.01s
    cube 1438 (depth 0, 23 lits): UNSAT in 0.02s
    cube 1442 (depth 0, 24 lits): UNSAT in 0.04s
    cube 1446 (depth 0, 24 lits): UNSAT in 0.02s
    cube 1450 (depth 0, 24 lits): UNSAT in 0.02s
    cube 1454 (depth 0, 24 lits): UNSAT in 0.02s
    cube 1458 (depth 0, 24 lits): UNSAT in 0.04s
    cube 1462 (depth 0, 24 lits): UNSAT in 0.02s
    cube 1466 (depth 0, 24 lits): UNSAT in 0.15s
    cube 1470 (depth 0, 24 lits): UNSAT in 0.06s
    cube 1474 (depth 0, 24 lits): UNSAT in 0.37s
    cube 1478 (depth 0, 24 lits): UNSAT in 0.02s
    cube 1482 (depth 0, 24 lits): UNSAT in 0.09s
    cube 1486 (depth 0, 24 lits): UNSAT in 0.02s
    cube 1490 (depth 0, 24 lits): UNSAT in 0.11s
    cube 1494 (depth 0, 24 lits): UNSAT in 0.01s
    cube 1498 (depth 0, 24 lits): UNSAT in 0.02s
    cube 1502 (depth 0, 24 lits): UNSAT in 0.04s
    cube 1506 (depth 0, 24 lits): UNSAT in 0.57s
    cube 1510 (depth 0, 24 lits): UNSAT in 0.04s
    cube 1514 (depth 0, 24 lits): UNSAT in 0.04s
    cube 1518 (depth 0, 24 lits): UNSAT in 0.15s
    cube 1522 (depth 0, 24 lits): UNSAT in 0.48s
    cube 1526 (depth 0, 24 lits): UNSAT in 0.33s
    cube 1530 (depth 0, 24 lits): UNSAT in 0.46s
    cube 1534 (depth 0, 24 lits): UNSAT in 0.60s
    cube 1538 (depth 0, 24 lits): UNSAT in 2.07s
    cube 1542 (depth 0, 23 lits): UNSAT in 0.02s
    cube 1546 (depth 0, 24 lits): UNSAT in 0.11s
    cube 1550 (depth 0, 24 lits): UNSAT in 0.07s
    cube 1554 (depth 0, 24 lits): UNSAT in 0.19s
    cube 1558 (depth 0, 24 lits): UNSAT in 0.07s
    cube 1562 (depth 0, 24 lits): UNSAT in 2.83s
    cube 1566 (depth 0, 24 lits): UNSAT in 0.76s
    cube 1570 (depth 0, 24 lits): UNSAT in 2.58s
    cube 1574 (depth 0, 24 lits): UNSAT in 0.13s
    cube 1578 (depth 0, 24 lits): UNSAT in 0.19s
    cube 1582 (depth 0, 24 lits): UNSAT in 0.25s
    cube 1586 (depth 0, 24 lits): UNSAT in 0.02s
    cube 1590 (depth 0, 24 lits): UNSAT in 0.11s
    cube 1594 (depth 0, 24 lits): UNSAT in 0.07s
    cube 1598 (depth 0, 24 lits): UNSAT in 2.16s
    cube 1602 (depth 0, 24 lits): UNSAT in 0.03s
    cube 1606 (depth 0, 24 lits): UNSAT in 0.02s
    cube 1610 (depth 0, 24 lits): UNSAT in 0.05s
    cube 1614 (depth 0, 24 lits): UNSAT in 0.16s
    cube 1618 (depth 0, 24 lits): UNSAT in 0.13s
    cube 1622 (depth 0, 24 lits): UNSAT in 0.10s
    cube 1626 (depth 0, 24 lits): UNSAT in 0.16s
    cube 1630 (depth 0, 24 lits): UNSAT in 1.01s
    cube 1634 (depth 0, 24 lits): UNSAT in 0.10s
    cube 1638 (depth 0, 24 lits): UNSAT in 0.03s
    cube 1642 (depth 0, 24 lits): UNSAT in 0.19s
    cube 1646 (depth 0, 24 lits): UNSAT in 1.09s
    cube 1650 (depth 0, 24 lits): UNSAT in 0.17s
    cube 1654 (depth 0, 24 lits): UNSAT in 0.92s
    cube 1658 (depth 0, 24 lits): UNSAT in 2.34s
    cube 1662 (depth 0, 24 lits): UNSAT in 29.33s
    cube 1666 (depth 0, 24 lits): UNSAT in 0.01s
    cube 1670 (depth 0, 24 lits): UNSAT in 0.03s
    cube 1674 (depth 0, 24 lits): UNSAT in 0.01s
    cube 1678 (depth 0, 24 lits): UNSAT in 0.02s
    cube 1682 (depth 0, 24 lits): UNSAT in 0.02s
    cube 1686 (depth 0, 24 lits): UNSAT in 0.03s
    cube 1690 (depth 0, 24 lits): UNSAT in 0.06s
    cube 1694 (depth 0, 24 lits): UNSAT in 0.09s
    cube 1698 (depth 0, 23 lits): UNSAT in 0.01s
    cube 1702 (depth 0, 24 lits): UNSAT in 0.05s
    cube 1706 (depth 0, 24 lits): UNSAT in 0.18s
    cube 1710 (depth 0, 24 lits): UNSAT in 0.06s
    cube 1714 (depth 0, 24 lits): UNSAT in 0.05s
    cube 1718 (depth 0, 24 lits): UNSAT in 0.44s
    cube 1722 (depth 0, 24 lits): UNSAT in 0.35s
    cube 1726 (depth 0, 24 lits): UNSAT in 1.31s
    cube 1730 (depth 0, 24 lits): UNSAT in 0.07s
    cube 1734 (depth 0, 24 lits): UNSAT in 0.14s
    cube 1738 (depth 0, 24 lits): UNSAT in 0.12s
    cube 1742 (depth 0, 24 lits): UNSAT in 1.14s
    cube 1746 (depth 0, 24 lits): UNSAT in 0.07s
    cube 1750 (depth 0, 24 lits): UNSAT in 1.22s
    cube 1754 (depth 0, 24 lits): UNSAT in 0.28s
    cube 1758 (depth 0, 24 lits): UNSAT in 3.18s
    cube 1762 (depth 0, 24 lits): UNSAT in 0.74s
    cube 1766 (depth 0, 24 lits): UNSAT in 0.87s
    cube 1770 (depth 0, 24 lits): UNSAT in 1.01s
    cube 1774 (depth 0, 24 lits): UNSAT in 5.66s
    cube 1778 (depth 0, 24 lits): UNSAT in 1.24s
    cube 1782 (depth 0, 24 lits): UNSAT in 9.39s
    cube 1786 (depth 0, 24 lits): UNSAT in 2.55s
    cube 1790 (depth 0, 24 lits): UNSAT in 143.21s
    cube 1794 (depth 0, 24 lits): UNSAT in 0.08s
    cube 1798 (depth 0, 24 lits): UNSAT in 0.11s
    cube 1802 (depth 0, 24 lits): UNSAT in 0.13s
    cube 1806 (depth 0, 24 lits): UNSAT in 0.94s
    cube 1810 (depth 0, 24 lits): UNSAT in 0.29s
    cube 1814 (depth 0, 24 lits): UNSAT in 0.13s
    cube 1818 (depth 0, 24 lits): UNSAT in 0.51s
    cube 1822 (depth 0, 24 lits): UNSAT in 1.30s
    cube 1826 (depth 0, 24 lits): UNSAT in 0.14s
    cube 1830 (depth 0, 24 lits): UNSAT in 0.32s
    cube 1834 (depth 0, 24 lits): UNSAT in 0.69s
    cube 1838 (depth 0, 24 lits): UNSAT in 0.59s
    cube 1842 (depth 0, 24 lits): UNSAT in 0.75s
    cube 1846 (depth 0, 24 lits): UNSAT in 3.64s
    cube 1850 (depth 0, 24 lits): UNSAT in 17.62s
    cube 1854 (depth 0, 24 lits): UNSAT in 100.86s
    cube 1858 (depth 0, 24 lits): UNSAT in 0.19s
    cube 1862 (depth 0, 24 lits): UNSAT in 0.33s
    cube 1866 (depth 0, 24 lits): UNSAT in 0.38s
    cube 1870 (depth 0, 24 lits): UNSAT in 6.43s
    cube 1874 (depth 0, 24 lits): UNSAT in 0.44s
    cube 1878 (depth 0, 24 lits): UNSAT in 6.61s
    cube 1882 (depth 0, 24 lits): UNSAT in 11.55s
    cube 1886 (depth 0, 24 lits): UNSAT in 210.29s
    cube 1890 (depth 0, 24 lits): UNSAT in 6.03s
    cube 1894 (depth 0, 24 lits): UNSAT in 7.49s
    cube 1898 (depth 0, 24 lits): UNSAT in 34.63s
    cube 1902 (depth 0, 24 lits): TIMEOUT in 600.10s
    cube 1902 TIMEOUT -> re-split into 241 sub-cubes (depth 1)
    cube 1902.0 (depth 1, 32 lits): UNSAT in 0.01s
    cube 1902.1 (depth 1, 32 lits): UNSAT in 0.02s
    cube 1902.2 (depth 1, 32 lits): UNSAT in 0.01s
    cube 1902.3 (depth 1, 32 lits): UNSAT in 0.01s
    cube 1902.4 (depth 1, 32 lits): UNSAT in 0.02s
    cube 1902.5 (depth 1, 32 lits): UNSAT in 0.02s
    cube 1902.6 (depth 1, 32 lits): UNSAT in 0.01s
    cube 1902.7 (depth 1, 32 lits): UNSAT in 0.01s
    cube 1902.8 (depth 1, 32 lits): UNSAT in 0.01s
    cube 1902.9 (depth 1, 32 lits): UNSAT in 0.01s
    cube 1902.10 (depth 1, 32 lits): UNSAT in 0.02s
    cube 1902.11 (depth 1, 32 lits): UNSAT in 0.02s
    cube 1902.12 (depth 1, 32 lits): UNSAT in 0.01s
    cube 1902.13 (depth 1, 32 lits): UNSAT in 0.02s
    cube 1902.14 (depth 1, 32 lits): UNSAT in 0.02s
    cube 1902.15 (depth 1, 32 lits): UNSAT in 0.09s
    cube 1902.16 (depth 1, 31 lits): UNSAT in 0.02s
    cube 1902.17 (depth 1, 32 lits): UNSAT in 0.01s
    cube 1902.18 (depth 1, 32 lits): UNSAT in 0.02s
    cube 1902.19 (depth 1, 32 lits): UNSAT in 0.01s
    cube 1902.20 (depth 1, 32 lits): UNSAT in 0.02s
    cube 1902.21 (depth 1, 32 lits): UNSAT in 0.03s
    cube 1902.22 (depth 1, 32 lits): UNSAT in 0.05s
    cube 1902.23 (depth 1, 31 lits): UNSAT in 0.02s
    cube 1902.24 (depth 1, 32 lits): UNSAT in 0.01s
    cube 1902.25 (depth 1, 32 lits): UNSAT in 0.05s
    cube 1902.26 (depth 1, 32 lits): UNSAT in 0.02s
    cube 1902.27 (depth 1, 32 lits): UNSAT in 0.05s
    cube 1902.28 (depth 1, 32 lits): UNSAT in 0.05s
    cube 1902.29 (depth 1, 32 lits): UNSAT in 0.41s
    cube 1902.30 (depth 1, 32 lits): UNSAT in 0.02s
    cube 1902.31 (depth 1, 32 lits): UNSAT in 0.03s
    cube 1902.32 (depth 1, 32 lits): UNSAT in 0.02s
    cube 1902.33 (depth 1, 32 lits): UNSAT in 0.03s
    cube 1902.34 (depth 1, 32 lits): UNSAT in 0.02s
    cube 1902.35 (depth 1, 32 lits): UNSAT in 0.02s
    cube 1902.36 (depth 1, 32 lits): UNSAT in 0.02s
    cube 1902.37 (depth 1, 32 lits): UNSAT in 0.04s
    cube 1902.38 (depth 1, 31 lits): UNSAT in 0.01s
    cube 1902.39 (depth 1, 32 lits): UNSAT in 0.02s
    cube 1902.40 (depth 1, 32 lits): UNSAT in 0.04s
    cube 1902.41 (depth 1, 32 lits): UNSAT in 0.02s
    cube 1902.42 (depth 1, 32 lits): UNSAT in 0.03s
    cube 1902.43 (depth 1, 32 lits): UNSAT in 0.02s
    cube 1902.44 (depth 1, 32 lits): UNSAT in 0.14s
    cube 1902.45 (depth 1, 32 lits): UNSAT in 0.02s
    cube 1902.46 (depth 1, 32 lits): UNSAT in 0.03s
    cube 1902.47 (depth 1, 32 lits): UNSAT in 0.02s
    cube 1902.48 (depth 1, 32 lits): UNSAT in 0.06s
    cube 1902.49 (depth 1, 32 lits): UNSAT in 0.02s
    cube 1902.50 (depth 1, 32 lits): UNSAT in 0.09s
    cube 1902.51 (depth 1, 32 lits): UNSAT in 0.13s
    cube 1902.52 (depth 1, 32 lits): UNSAT in 0.44s
    cube 1902.53 (depth 1, 32 lits): UNSAT in 0.06s
    cube 1902.54 (depth 1, 32 lits): UNSAT in 0.10s
    cube 1902.55 (depth 1, 32 lits): UNSAT in 0.10s
    cube 1902.56 (depth 1, 32 lits): UNSAT in 0.43s
    cube 1902.57 (depth 1, 32 lits): UNSAT in 0.05s
    cube 1902.58 (depth 1, 32 lits): UNSAT in 0.38s
    cube 1902.59 (depth 1, 32 lits): UNSAT in 0.87s
    cube 1902.60 (depth 1, 32 lits): UNSAT in 2.33s
    cube 1902.61 (depth 1, 32 lits): UNSAT in 0.01s
    cube 1902.62 (depth 1, 32 lits): UNSAT in 0.02s
    cube 1902.63 (depth 1, 32 lits): UNSAT in 0.02s
    cube 1902.64 (depth 1, 32 lits): UNSAT in 0.02s
    cube 1902.65 (depth 1, 32 lits): UNSAT in 0.02s
    cube 1902.66 (depth 1, 32 lits): UNSAT in 0.03s
    cube 1902.67 (depth 1, 32 lits): UNSAT in 0.03s
    cube 1902.68 (depth 1, 32 lits): UNSAT in 0.16s
    cube 1902.69 (depth 1, 32 lits): UNSAT in 0.02s
    cube 1902.70 (depth 1, 32 lits): UNSAT in 0.05s
    cube 1902.71 (depth 1, 32 lits): UNSAT in 0.05s
    cube 1902.72 (depth 1, 32 lits): UNSAT in 0.06s
    cube 1902.73 (depth 1, 32 lits): UNSAT in 0.03s
    cube 1902.74 (depth 1, 32 lits): UNSAT in 0.05s
    cube 1902.75 (depth 1, 32 lits): UNSAT in 0.05s
    cube 1902.76 (depth 1, 32 lits): UNSAT in 0.34s
    cube 1902.77 (depth 1, 32 lits): UNSAT in 0.03s
    cube 1902.78 (depth 1, 32 lits): UNSAT in 0.02s
    cube 1902.79 (depth 1, 32 lits): UNSAT in 0.02s
    cube 1902.80 (depth 1, 32 lits): UNSAT in 0.10s
    cube 1902.81 (depth 1, 32 lits): UNSAT in 0.01s
    cube 1902.82 (depth 1, 32 lits): UNSAT in 0.05s
    cube 1902.83 (depth 1, 32 lits): UNSAT in 0.03s
    cube 1902.84 (depth 1, 32 lits): UNSAT in 0.21s
    cube 1902.85 (depth 1, 32 lits): UNSAT in 0.03s
    cube 1902.86 (depth 1, 32 lits): UNSAT in 0.08s
    cube 1902.87 (depth 1, 32 lits): UNSAT in 0.08s
    cube 1902.88 (depth 1, 32 lits): UNSAT in 0.22s
    cube 1902.89 (depth 1, 32 lits): UNSAT in 0.10s
    cube 1902.90 (depth 1, 32 lits): UNSAT in 0.73s
    cube 1902.91 (depth 1, 32 lits): UNSAT in 0.25s
    cube 1902.92 (depth 1, 32 lits): UNSAT in 1.88s
    cube 1902.93 (depth 1, 32 lits): UNSAT in 0.02s
    cube 1902.94 (depth 1, 32 lits): UNSAT in 0.02s
    cube 1902.95 (depth 1, 32 lits): UNSAT in 0.02s
    cube 1902.96 (depth 1, 32 lits): UNSAT in 0.08s
    cube 1902.97 (depth 1, 32 lits): UNSAT in 0.01s
    cube 1902.98 (depth 1, 32 lits): UNSAT in 0.02s
    cube 1902.99 (depth 1, 32 lits): UNSAT in 0.07s
    cube 1902.100 (depth 1, 32 lits): UNSAT in 0.46s
    cube 1902.101 (depth 1, 32 lits): UNSAT in 0.02s
    cube 1902.102 (depth 1, 32 lits): UNSAT in 0.18s
    cube 1902.103 (depth 1, 32 lits): UNSAT in 0.17s
    cube 1902.104 (depth 1, 32 lits): UNSAT in 0.26s
    cube 1902.105 (depth 1, 32 lits): UNSAT in 0.08s
    cube 1902.106 (depth 1, 32 lits): UNSAT in 0.51s
    cube 1902.107 (depth 1, 32 lits): UNSAT in 0.36s
    cube 1902.108 (depth 1, 32 lits): UNSAT in 0.64s
    cube 1902.109 (depth 1, 32 lits): UNSAT in 0.02s
    cube 1902.110 (depth 1, 32 lits): UNSAT in 0.06s
    cube 1902.111 (depth 1, 32 lits): UNSAT in 0.10s
    cube 1902.112 (depth 1, 32 lits): UNSAT in 0.20s
    cube 1902.113 (depth 1, 32 lits): UNSAT in 0.03s
    cube 1902.114 (depth 1, 32 lits): UNSAT in 0.06s
    cube 1902.115 (depth 1, 32 lits): UNSAT in 0.16s
    cube 1902.116 (depth 1, 32 lits): UNSAT in 0.27s
    cube 1902.117 (depth 1, 32 lits): UNSAT in 0.02s
    cube 1902.118 (depth 1, 32 lits): UNSAT in 0.10s
    cube 1902.119 (depth 1, 32 lits): UNSAT in 0.07s
    cube 1902.120 (depth 1, 32 lits): UNSAT in 0.09s
    cube 1902.121 (depth 1, 32 lits): UNSAT in 0.27s
    cube 1902.122 (depth 1, 32 lits): UNSAT in 0.82s
    cube 1902.123 (depth 1, 32 lits): UNSAT in 0.76s
    cube 1902.124 (depth 1, 32 lits): UNSAT in 3.82s
    cube 1902.125 (depth 1, 29 lits): UNSAT in 0.02s
    cube 1902.126 (depth 1, 31 lits): UNSAT in 0.01s
    cube 1902.127 (depth 1, 32 lits): UNSAT in 0.02s
    cube 1902.128 (depth 1, 32 lits): UNSAT in 0.02s
    cube 1902.129 (depth 1, 32 lits): UNSAT in 0.02s
    cube 1902.130 (depth 1, 32 lits): UNSAT in 0.02s
    cube 1902.131 (depth 1, 32 lits): UNSAT in 0.04s
    cube 1902.132 (depth 1, 32 lits): UNSAT in 0.04s
    cube 1902.133 (depth 1, 31 lits): UNSAT in 0.01s
    cube 1902.134 (depth 1, 32 lits): UNSAT in 0.02s
    cube 1902.135 (depth 1, 32 lits): UNSAT in 0.03s
    cube 1902.136 (depth 1, 32 lits): UNSAT in 0.02s
    cube 1902.137 (depth 1, 32 lits): UNSAT in 0.04s
    cube 1902.138 (depth 1, 32 lits): UNSAT in 0.04s
    cube 1902.139 (depth 1, 32 lits): UNSAT in 0.02s
    cube 1902.140 (depth 1, 32 lits): UNSAT in 0.02s
    cube 1902.141 (depth 1, 32 lits): UNSAT in 0.03s
    cube 1902.142 (depth 1, 32 lits): UNSAT in 0.04s
    cube 1902.143 (depth 1, 32 lits): UNSAT in 0.08s
    cube 1902.144 (depth 1, 32 lits): UNSAT in 0.01s
    cube 1902.145 (depth 1, 32 lits): UNSAT in 0.06s
    cube 1902.146 (depth 1, 32 lits): UNSAT in 0.11s
    cube 1902.147 (depth 1, 32 lits): UNSAT in 0.09s
    cube 1902.148 (depth 1, 30 lits): UNSAT in 0.01s
    cube 1902.149 (depth 1, 32 lits): UNSAT in 0.02s
    cube 1902.150 (depth 1, 32 lits): UNSAT in 0.03s
    cube 1902.151 (depth 1, 32 lits): UNSAT in 0.03s
    cube 1902.152 (depth 1, 32 lits): UNSAT in 0.05s
    cube 1902.153 (depth 1, 32 lits): UNSAT in 0.03s
    cube 1902.154 (depth 1, 32 lits): UNSAT in 0.04s
    cube 1902.155 (depth 1, 32 lits): UNSAT in 0.02s
    cube 1902.156 (depth 1, 32 lits): UNSAT in 0.11s
    cube 1902.157 (depth 1, 32 lits): UNSAT in 0.05s
    cube 1902.158 (depth 1, 32 lits): UNSAT in 0.08s
    cube 1902.159 (depth 1, 32 lits): UNSAT in 0.05s
    cube 1902.160 (depth 1, 32 lits): UNSAT in 0.27s
    cube 1902.161 (depth 1, 32 lits): UNSAT in 0.02s
    cube 1902.162 (depth 1, 32 lits): UNSAT in 0.02s
    cube 1902.163 (depth 1, 32 lits): UNSAT in 0.04s
    cube 1902.164 (depth 1, 32 lits): UNSAT in 0.09s
    cube 1902.165 (depth 1, 32 lits): UNSAT in 0.03s
    cube 1902.166 (depth 1, 32 lits): UNSAT in 0.15s
    cube 1902.167 (depth 1, 32 lits): UNSAT in 0.08s
    cube 1902.168 (depth 1, 32 lits): UNSAT in 0.72s
    cube 1902.169 (depth 1, 32 lits): UNSAT in 0.09s
    cube 1902.170 (depth 1, 32 lits): UNSAT in 0.09s
    cube 1902.171 (depth 1, 32 lits): UNSAT in 0.16s
    cube 1902.172 (depth 1, 32 lits): UNSAT in 0.28s
    cube 1902.173 (depth 1, 32 lits): UNSAT in 0.06s
    cube 1902.174 (depth 1, 32 lits): UNSAT in 0.25s
    cube 1902.175 (depth 1, 32 lits): UNSAT in 0.76s
    cube 1902.176 (depth 1, 32 lits): UNSAT in 3.58s
    cube 1902.177 (depth 1, 32 lits): UNSAT in 0.01s
    cube 1902.178 (depth 1, 32 lits): UNSAT in 0.03s
    cube 1902.179 (depth 1, 32 lits): UNSAT in 0.02s
    cube 1902.180 (depth 1, 32 lits): UNSAT in 0.06s
    cube 1902.181 (depth 1, 32 lits): UNSAT in 0.04s
    cube 1902.182 (depth 1, 32 lits): UNSAT in 0.09s
    cube 1902.183 (depth 1, 32 lits): UNSAT in 0.09s
    cube 1902.184 (depth 1, 32 lits): UNSAT in 0.24s
    cube 1902.185 (depth 1, 32 lits): UNSAT in 0.02s
    cube 1902.186 (depth 1, 32 lits): UNSAT in 0.02s
    cube 1902.187 (depth 1, 32 lits): UNSAT in 0.02s
    cube 1902.188 (depth 1, 32 lits): UNSAT in 0.05s
    cube 1902.189 (depth 1, 32 lits): UNSAT in 0.02s
    cube 1902.190 (depth 1, 32 lits): UNSAT in 0.08s
    cube 1902.191 (depth 1, 32 lits): UNSAT in 0.19s
    cube 1902.192 (depth 1, 32 lits): UNSAT in 0.61s
    cube 1902.193 (depth 1, 32 lits): UNSAT in 0.03s
    cube 1902.194 (depth 1, 32 lits): UNSAT in 0.09s
    cube 1902.195 (depth 1, 32 lits): UNSAT in 0.07s
    cube 1902.196 (depth 1, 32 lits): UNSAT in 0.07s
    cube 1902.197 (depth 1, 32 lits): UNSAT in 0.14s
    cube 1902.198 (depth 1, 32 lits): UNSAT in 0.28s
    cube 1902.199 (depth 1, 32 lits): UNSAT in 0.51s
    cube 1902.200 (depth 1, 32 lits): UNSAT in 1.83s
    cube 1902.201 (depth 1, 32 lits): UNSAT in 0.04s
    cube 1902.202 (depth 1, 32 lits): UNSAT in 0.05s
    cube 1902.203 (depth 1, 32 lits): UNSAT in 0.22s
    cube 1902.204 (depth 1, 32 lits): UNSAT in 1.04s
    cube 1902.205 (depth 1, 32 lits): UNSAT in 0.22s
    cube 1902.206 (depth 1, 32 lits): UNSAT in 1.41s
    cube 1902.207 (depth 1, 32 lits): UNSAT in 0.31s
    cube 1902.208 (depth 1, 32 lits): UNSAT in 5.94s
    cube 1902.209 (depth 1, 32 lits): UNSAT in 0.02s
    cube 1902.210 (depth 1, 32 lits): UNSAT in 0.08s
    cube 1902.211 (depth 1, 32 lits): UNSAT in 0.04s
    cube 1902.212 (depth 1, 32 lits): UNSAT in 0.11s
    cube 1902.213 (depth 1, 32 lits): UNSAT in 0.05s
    cube 1902.214 (depth 1, 32 lits): UNSAT in 0.37s
    cube 1902.215 (depth 1, 32 lits): UNSAT in 0.24s
    cube 1902.216 (depth 1, 32 lits): UNSAT in 0.58s
    cube 1902.217 (depth 1, 32 lits): UNSAT in 0.04s
    cube 1902.218 (depth 1, 32 lits): UNSAT in 0.10s
    cube 1902.219 (depth 1, 32 lits): UNSAT in 0.21s
    cube 1902.220 (depth 1, 32 lits): UNSAT in 0.99s
    cube 1902.221 (depth 1, 32 lits): UNSAT in 0.16s
    cube 1902.222 (depth 1, 32 lits): UNSAT in 0.54s
    cube 1902.223 (depth 1, 32 lits): UNSAT in 1.03s
    cube 1902.224 (depth 1, 32 lits): UNSAT in 5.38s
    cube 1902.225 (depth 1, 32 lits): UNSAT in 0.06s
    cube 1902.226 (depth 1, 32 lits): UNSAT in 0.16s
    cube 1902.227 (depth 1, 32 lits): UNSAT in 0.22s
    cube 1902.228 (depth 1, 32 lits): UNSAT in 0.86s
    cube 1902.229 (depth 1, 32 lits): UNSAT in 0.66s
    cube 1902.230 (depth 1, 32 lits): UNSAT in 1.57s
    cube 1902.231 (depth 1, 32 lits): UNSAT in 5.26s
    cube 1902.232 (depth 1, 32 lits): UNSAT in 12.83s
    cube 1902.233 (depth 1, 32 lits): UNSAT in 0.33s
    cube 1902.234 (depth 1, 32 lits): UNSAT in 0.71s
    cube 1902.235 (depth 1, 32 lits): UNSAT in 2.30s
    cube 1902.236 (depth 1, 32 lits): UNSAT in 19.59s
    cube 1902.237 (depth 1, 32 lits): UNSAT in 1.16s
    cube 1902.238 (depth 1, 32 lits): UNSAT in 33.01s
    cube 1902.239 (depth 1, 32 lits): UNSAT in 2.28s
    cube 1902.240 (depth 1, 32 lits): UNSAT in 41.98s
    cube 1906 (depth 0, 24 lits): UNSAT in 9.35s
    cube 1910 (depth 0, 24 lits): UNSAT in 20.49s
    cube 1914 (depth 0, 24 lits): UNSAT in 31.08s
    cube 1918 (depth 0, 24 lits): UNSAT in 48.91s
    cube 1922 (depth 0, 23 lits): UNSAT in 0.01s
    cube 1926 (depth 0, 23 lits): UNSAT in 0.02s
    cube 1930 (depth 0, 24 lits): UNSAT in 0.01s
    cube 1934 (depth 0, 24 lits): UNSAT in 0.02s
    cube 1938 (depth 0, 24 lits): UNSAT in 0.02s
    cube 1942 (depth 0, 23 lits): UNSAT in 0.02s
    cube 1946 (depth 0, 24 lits): UNSAT in 0.02s
    cube 1950 (depth 0, 24 lits): UNSAT in 0.05s
    cube 1954 (depth 0, 24 lits): UNSAT in 0.07s
    cube 1958 (depth 0, 24 lits): UNSAT in 0.08s
    cube 1962 (depth 0, 24 lits): UNSAT in 0.08s
    cube 1966 (depth 0, 24 lits): UNSAT in 0.17s
    cube 1970 (depth 0, 24 lits): UNSAT in 0.05s
    cube 1974 (depth 0, 24 lits): UNSAT in 0.04s
    cube 1978 (depth 0, 24 lits): UNSAT in 0.07s
    cube 1982 (depth 0, 24 lits): UNSAT in 0.06s
    cube 1986 (depth 0, 24 lits): UNSAT in 0.10s
    cube 1990 (depth 0, 24 lits): UNSAT in 0.03s
    cube 1994 (depth 0, 24 lits): UNSAT in 0.02s
    cube 1998 (depth 0, 24 lits): UNSAT in 0.06s
    cube 2002 (depth 0, 24 lits): UNSAT in 0.19s
    cube 2006 (depth 0, 24 lits): UNSAT in 0.03s
    cube 2010 (depth 0, 24 lits): UNSAT in 0.07s
    cube 2014 (depth 0, 24 lits): UNSAT in 0.05s
    cube 2018 (depth 0, 24 lits): UNSAT in 0.07s
    cube 2022 (depth 0, 24 lits): UNSAT in 0.04s
    cube 2026 (depth 0, 24 lits): UNSAT in 0.18s
    cube 2030 (depth 0, 24 lits): UNSAT in 0.12s
    cube 2034 (depth 0, 24 lits): UNSAT in 0.21s
    cube 2038 (depth 0, 24 lits): UNSAT in 0.01s
    cube 2042 (depth 0, 24 lits): UNSAT in 0.03s
    cube 2046 (depth 0, 24 lits): UNSAT in 0.02s
    cube 2050 (depth 0, 24 lits): UNSAT in 0.03s
    cube 2054 (depth 0, 24 lits): UNSAT in 0.01s
    cube 2058 (depth 0, 24 lits): UNSAT in 0.02s
    cube 2062 (depth 0, 24 lits): UNSAT in 0.07s
    cube 2066 (depth 0, 24 lits): UNSAT in 0.15s
    cube 2070 (depth 0, 24 lits): UNSAT in 0.01s
    cube 2074 (depth 0, 24 lits): UNSAT in 0.02s
    cube 2078 (depth 0, 24 lits): UNSAT in 0.01s
    cube 2082 (depth 0, 24 lits): UNSAT in 0.14s
    cube 2086 (depth 0, 24 lits): UNSAT in 0.09s
    cube 2090 (depth 0, 24 lits): UNSAT in 0.04s
    cube 2094 (depth 0, 24 lits): UNSAT in 0.03s
    cube 2098 (depth 0, 24 lits): UNSAT in 0.31s
    cube 2102 (depth 0, 24 lits): UNSAT in 0.03s
    cube 2106 (depth 0, 24 lits): UNSAT in 0.02s
    cube 2110 (depth 0, 24 lits): UNSAT in 0.04s
    cube 2114 (depth 0, 24 lits): UNSAT in 0.05s
    cube 2118 (depth 0, 24 lits): UNSAT in 0.07s
    cube 2122 (depth 0, 24 lits): UNSAT in 0.04s
    cube 2126 (depth 0, 24 lits): UNSAT in 0.06s
    cube 2130 (depth 0, 24 lits): UNSAT in 0.08s
    cube 2134 (depth 0, 24 lits): UNSAT in 0.08s
    cube 2138 (depth 0, 24 lits): UNSAT in 0.15s
    cube 2142 (depth 0, 24 lits): UNSAT in 0.08s
    cube 2146 (depth 0, 24 lits): UNSAT in 0.05s
    cube 2150 (depth 0, 24 lits): UNSAT in 0.15s
    cube 2154 (depth 0, 24 lits): UNSAT in 0.19s
    cube 2158 (depth 0, 24 lits): UNSAT in 2.06s
    cube 2162 (depth 0, 22 lits): UNSAT in 0.02s
    cube 2166 (depth 0, 24 lits): UNSAT in 0.02s
    cube 2170 (depth 0, 24 lits): UNSAT in 0.01s
    cube 2174 (depth 0, 24 lits): UNSAT in 0.02s
    cube 2178 (depth 0, 24 lits): UNSAT in 0.02s
    cube 2182 (depth 0, 24 lits): UNSAT in 0.07s
    cube 2186 (depth 0, 24 lits): UNSAT in 0.02s
    cube 2190 (depth 0, 24 lits): UNSAT in 0.01s
    cube 2194 (depth 0, 24 lits): UNSAT in 0.02s
    cube 2198 (depth 0, 24 lits): UNSAT in 0.02s
    cube 2202 (depth 0, 24 lits): UNSAT in 0.02s
    cube 2206 (depth 0, 24 lits): UNSAT in 0.04s
    cube 2210 (depth 0, 24 lits): UNSAT in 0.05s
    cube 2214 (depth 0, 24 lits): UNSAT in 0.02s
    cube 2218 (depth 0, 24 lits): UNSAT in 0.02s
    cube 2222 (depth 0, 24 lits): UNSAT in 0.02s
    cube 2226 (depth 0, 24 lits): UNSAT in 0.06s
    cube 2230 (depth 0, 24 lits): UNSAT in 0.03s
    cube 2234 (depth 0, 24 lits): UNSAT in 0.04s
    cube 2238 (depth 0, 24 lits): UNSAT in 0.03s
    cube 2242 (depth 0, 24 lits): UNSAT in 0.08s
    cube 2246 (depth 0, 24 lits): UNSAT in 0.03s
    cube 2250 (depth 0, 24 lits): UNSAT in 0.04s
    cube 2254 (depth 0, 24 lits): UNSAT in 0.02s
    cube 2258 (depth 0, 24 lits): UNSAT in 0.35s
    cube 2262 (depth 0, 24 lits): UNSAT in 0.03s
    cube 2266 (depth 0, 24 lits): UNSAT in 0.01s
    cube 2270 (depth 0, 24 lits): UNSAT in 0.11s
    cube 2274 (depth 0, 24 lits): UNSAT in 0.36s
    cube 2278 (depth 0, 22 lits): UNSAT in 0.01s
    cube 2282 (depth 0, 24 lits): UNSAT in 0.03s
    cube 2286 (depth 0, 24 lits): UNSAT in 0.04s
    cube 2290 (depth 0, 24 lits): UNSAT in 0.22s
    cube 2294 (depth 0, 24 lits): UNSAT in 0.08s
    cube 2298 (depth 0, 24 lits): UNSAT in 0.23s
    cube 2302 (depth 0, 24 lits): UNSAT in 0.02s
    cube 2306 (depth 0, 24 lits): UNSAT in 0.80s
    cube 2310 (depth 0, 24 lits): UNSAT in 0.03s
    cube 2314 (depth 0, 24 lits): UNSAT in 0.11s
    cube 2318 (depth 0, 24 lits): UNSAT in 0.11s
    cube 2322 (depth 0, 24 lits): UNSAT in 0.30s
    cube 2326 (depth 0, 24 lits): UNSAT in 0.48s
    cube 2330 (depth 0, 24 lits): UNSAT in 2.82s
    cube 2334 (depth 0, 24 lits): UNSAT in 0.37s
    cube 2338 (depth 0, 24 lits): UNSAT in 14.48s
    cube 2342 (depth 0, 24 lits): UNSAT in 0.12s
    cube 2346 (depth 0, 24 lits): UNSAT in 0.20s
    cube 2350 (depth 0, 24 lits): UNSAT in 0.58s
    cube 2354 (depth 0, 24 lits): UNSAT in 3.01s
    cube 2358 (depth 0, 24 lits): UNSAT in 0.44s
    cube 2362 (depth 0, 24 lits): UNSAT in 4.53s
    cube 2366 (depth 0, 24 lits): UNSAT in 0.45s
    cube 2370 (depth 0, 24 lits): UNSAT in 27.40s
    cube 2374 (depth 0, 24 lits): UNSAT in 0.78s
    cube 2378 (depth 0, 24 lits): UNSAT in 9.76s
    cube 2382 (depth 0, 24 lits): UNSAT in 10.78s
    cube 2386 (depth 0, 24 lits): UNSAT in 34.56s
    cube 2390 (depth 0, 24 lits): UNSAT in 5.54s
    cube 2394 (depth 0, 24 lits): UNSAT in 102.24s
    cube 2398 (depth 0, 24 lits): UNSAT in 142.34s
    cube 2402 (depth 0, 24 lits): UNSAT in 455.26s
    cube 2406 (depth 0, 24 lits): UNSAT in 0.02s
    cube 2410 (depth 0, 24 lits): UNSAT in 0.03s
    cube 2414 (depth 0, 24 lits): UNSAT in 0.01s
    cube 2418 (depth 0, 23 lits): UNSAT in 0.01s
    cube 2422 (depth 0, 24 lits): UNSAT in 0.01s
    cube 2426 (depth 0, 24 lits): UNSAT in 0.02s
    cube 2430 (depth 0, 24 lits): UNSAT in 0.16s
    cube 2434 (depth 0, 23 lits): UNSAT in 0.02s
    cube 2438 (depth 0, 24 lits): UNSAT in 0.05s
    cube 2442 (depth 0, 24 lits): UNSAT in 0.08s
    cube 2446 (depth 0, 24 lits): UNSAT in 0.60s
    cube 2450 (depth 0, 24 lits): UNSAT in 0.11s
    cube 2454 (depth 0, 24 lits): UNSAT in 1.00s
    cube 2458 (depth 0, 24 lits): UNSAT in 0.21s
    cube 2462 (depth 0, 24 lits): UNSAT in 4.15s
    cube 2466 (depth 0, 24 lits): UNSAT in 0.02s
    cube 2470 (depth 0, 24 lits): UNSAT in 0.17s
    cube 2474 (depth 0, 24 lits): UNSAT in 0.17s
    cube 2478 (depth 0, 24 lits): UNSAT in 0.52s
    cube 2482 (depth 0, 24 lits): UNSAT in 0.04s
    cube 2486 (depth 0, 24 lits): UNSAT in 0.11s
    cube 2490 (depth 0, 24 lits): UNSAT in 0.21s
    cube 2494 (depth 0, 24 lits): UNSAT in 4.66s
    cube 2498 (depth 0, 24 lits): UNSAT in 0.24s
    cube 2502 (depth 0, 24 lits): UNSAT in 0.59s
    cube 2506 (depth 0, 24 lits): UNSAT in 0.27s
    cube 2510 (depth 0, 24 lits): UNSAT in 1.05s
    cube 2514 (depth 0, 24 lits): UNSAT in 0.90s
    cube 2518 (depth 0, 24 lits): UNSAT in 3.64s
    cube 2522 (depth 0, 24 lits): UNSAT in 10.45s
    cube 2526 (depth 0, 24 lits): UNSAT in 77.17s
    cube 2530 (depth 0, 24 lits): UNSAT in 0.02s
    cube 2534 (depth 0, 24 lits): UNSAT in 0.01s
    cube 2538 (depth 0, 24 lits): UNSAT in 0.02s
    cube 2542 (depth 0, 24 lits): UNSAT in 0.02s
    cube 2546 (depth 0, 24 lits): UNSAT in 0.02s
    cube 2550 (depth 0, 24 lits): UNSAT in 0.06s
    cube 2554 (depth 0, 24 lits): UNSAT in 0.04s
    cube 2558 (depth 0, 23 lits): UNSAT in 0.02s
    cube 2562 (depth 0, 24 lits): UNSAT in 0.04s
    cube 2566 (depth 0, 24 lits): UNSAT in 0.03s
    cube 2570 (depth 0, 24 lits): UNSAT in 0.27s
    cube 2574 (depth 0, 24 lits): UNSAT in 0.05s
    cube 2578 (depth 0, 24 lits): UNSAT in 0.13s
    cube 2582 (depth 0, 24 lits): UNSAT in 0.27s
    cube 2586 (depth 0, 24 lits): UNSAT in 2.17s
    cube 2590 (depth 0, 24 lits): UNSAT in 0.06s
    cube 2594 (depth 0, 24 lits): UNSAT in 0.16s
    cube 2598 (depth 0, 24 lits): UNSAT in 0.13s
    cube 2602 (depth 0, 24 lits): UNSAT in 0.72s
    cube 2606 (depth 0, 24 lits): UNSAT in 0.26s
    cube 2610 (depth 0, 24 lits): UNSAT in 0.56s
    cube 2614 (depth 0, 24 lits): UNSAT in 0.56s
    cube 2618 (depth 0, 24 lits): UNSAT in 5.04s
    cube 2622 (depth 0, 24 lits): UNSAT in 0.06s
    cube 2626 (depth 0, 24 lits): UNSAT in 0.34s
    cube 2630 (depth 0, 24 lits): UNSAT in 0.25s
    cube 2634 (depth 0, 24 lits): UNSAT in 2.25s
    cube 2638 (depth 0, 24 lits): UNSAT in 2.11s
    cube 2642 (depth 0, 24 lits): UNSAT in 4.93s
    cube 2646 (depth 0, 24 lits): UNSAT in 4.03s
    cube 2650 (depth 0, 24 lits): UNSAT in 78.01s
    cube 2654 (depth 0, 24 lits): UNSAT in 0.02s
    cube 2658 (depth 0, 24 lits): UNSAT in 0.02s
    cube 2662 (depth 0, 24 lits): UNSAT in 0.03s
    cube 2666 (depth 0, 24 lits): UNSAT in 0.12s
    cube 2670 (depth 0, 24 lits): UNSAT in 0.05s
    cube 2674 (depth 0, 24 lits): UNSAT in 0.07s
    cube 2678 (depth 0, 24 lits): UNSAT in 0.05s
    cube 2682 (depth 0, 24 lits): UNSAT in 0.08s
    cube 2686 (depth 0, 24 lits): UNSAT in 0.01s
    cube 2690 (depth 0, 24 lits): UNSAT in 0.03s
    cube 2694 (depth 0, 24 lits): UNSAT in 0.14s
    cube 2698 (depth 0, 24 lits): UNSAT in 0.25s
    cube 2702 (depth 0, 24 lits): UNSAT in 0.04s
    cube 2706 (depth 0, 24 lits): UNSAT in 0.10s
    cube 2710 (depth 0, 24 lits): UNSAT in 0.24s
    cube 2714 (depth 0, 24 lits): UNSAT in 3.36s
    cube 2718 (depth 0, 24 lits): UNSAT in 0.05s
    cube 2722 (depth 0, 24 lits): UNSAT in 0.12s
    cube 2726 (depth 0, 24 lits): UNSAT in 0.11s
    cube 2730 (depth 0, 24 lits): UNSAT in 0.06s
    cube 2734 (depth 0, 24 lits): UNSAT in 0.06s
    cube 2738 (depth 0, 24 lits): UNSAT in 0.74s
    cube 2742 (depth 0, 24 lits): UNSAT in 0.46s
    cube 2746 (depth 0, 24 lits): UNSAT in 6.01s
    cube 2750 (depth 0, 24 lits): UNSAT in 0.02s
    cube 2754 (depth 0, 24 lits): UNSAT in 0.19s
    cube 2758 (depth 0, 24 lits): UNSAT in 0.28s
    cube 2762 (depth 0, 24 lits): UNSAT in 0.97s
    cube 2766 (depth 0, 24 lits): UNSAT in 0.70s
    cube 2770 (depth 0, 24 lits): UNSAT in 9.46s
    cube 2774 (depth 0, 24 lits): UNSAT in 12.96s
    cube 2778 (depth 0, 24 lits): UNSAT in 24.23s
    cube 2782 (depth 0, 24 lits): UNSAT in 0.03s
    cube 2786 (depth 0, 24 lits): UNSAT in 0.04s
    cube 2790 (depth 0, 24 lits): UNSAT in 0.05s
    cube 2794 (depth 0, 24 lits): UNSAT in 0.10s
    cube 2798 (depth 0, 24 lits): UNSAT in 0.07s
    cube 2802 (depth 0, 24 lits): UNSAT in 0.21s
    cube 2806 (depth 0, 24 lits): UNSAT in 0.16s
    cube 2810 (depth 0, 24 lits): UNSAT in 1.13s
    cube 2814 (depth 0, 24 lits): UNSAT in 0.19s
    cube 2818 (depth 0, 24 lits): UNSAT in 0.80s
    cube 2822 (depth 0, 24 lits): UNSAT in 0.35s
    cube 2826 (depth 0, 24 lits): UNSAT in 1.42s
    cube 2830 (depth 0, 24 lits): UNSAT in 0.85s
    cube 2834 (depth 0, 24 lits): UNSAT in 0.69s
    cube 2838 (depth 0, 24 lits): UNSAT in 1.80s
    cube 2842 (depth 0, 24 lits): UNSAT in 74.61s
    cube 2846 (depth 0, 24 lits): UNSAT in 0.21s
    cube 2850 (depth 0, 24 lits): UNSAT in 0.60s
    cube 2854 (depth 0, 24 lits): UNSAT in 0.93s
    cube 2858 (depth 0, 24 lits): UNSAT in 20.92s
    cube 2862 (depth 0, 24 lits): UNSAT in 0.63s
    cube 2866 (depth 0, 24 lits): UNSAT in 0.45s
    cube 2870 (depth 0, 24 lits): UNSAT in 7.17s
    cube 2874 (depth 0, 24 lits): UNSAT in 15.27s
    cube 2878 (depth 0, 24 lits): UNSAT in 0.64s
    cube 2882 (depth 0, 24 lits): UNSAT in 1.26s
    cube 2886 (depth 0, 24 lits): UNSAT in 4.90s
    cube 2890 (depth 0, 24 lits): UNSAT in 36.10s
    cube 2894 (depth 0, 24 lits): UNSAT in 3.67s
    cube 2898 (depth 0, 24 lits): UNSAT in 43.79s
    cube 2902 (depth 0, 24 lits): UNSAT in 166.83s
    cube 2906 (depth 0, 24 lits): UNSAT in 187.83s
    cube 2910 (depth 0, 24 lits): UNSAT in 0.04s
    cube 2914 (depth 0, 24 lits): UNSAT in 0.04s
    cube 2918 (depth 0, 24 lits): UNSAT in 0.07s
    cube 2922 (depth 0, 24 lits): UNSAT in 0.09s
    cube 2926 (depth 0, 24 lits): UNSAT in 0.04s
    cube 2930 (depth 0, 24 lits): UNSAT in 0.10s
    cube 2934 (depth 0, 24 lits): UNSAT in 0.06s
    cube 2938 (depth 0, 24 lits): UNSAT in 0.13s
    cube 2942 (depth 0, 24 lits): UNSAT in 0.03s
    cube 2946 (depth 0, 24 lits): UNSAT in 0.02s
    cube 2950 (depth 0, 24 lits): UNSAT in 0.03s
    cube 2954 (depth 0, 24 lits): UNSAT in 0.04s
    cube 2958 (depth 0, 24 lits): UNSAT in 0.03s
    cube 2962 (depth 0, 24 lits): UNSAT in 0.08s
    cube 2966 (depth 0, 24 lits): UNSAT in 0.97s
    cube 2970 (depth 0, 24 lits): UNSAT in 0.20s
    cube 2974 (depth 0, 24 lits): UNSAT in 0.01s
    cube 2978 (depth 0, 24 lits): UNSAT in 0.04s
    cube 2982 (depth 0, 24 lits): UNSAT in 0.03s
    cube 2986 (depth 0, 24 lits): UNSAT in 0.05s
    cube 2990 (depth 0, 24 lits): UNSAT in 0.06s
    cube 2994 (depth 0, 24 lits): UNSAT in 0.19s
    cube 2998 (depth 0, 24 lits): UNSAT in 0.08s
    cube 3002 (depth 0, 24 lits): UNSAT in 0.88s
    cube 3006 (depth 0, 24 lits): UNSAT in 0.04s
    cube 3010 (depth 0, 24 lits): UNSAT in 0.12s
    cube 3014 (depth 0, 24 lits): UNSAT in 0.10s
    cube 3018 (depth 0, 24 lits): UNSAT in 0.26s
    cube 3022 (depth 0, 24 lits): UNSAT in 0.09s
    cube 3026 (depth 0, 24 lits): UNSAT in 1.01s
    cube 3030 (depth 0, 24 lits): UNSAT in 0.82s
    cube 3034 (depth 0, 24 lits): UNSAT in 0.53s
    cube 3038 (depth 0, 24 lits): UNSAT in 0.02s
    cube 3042 (depth 0, 24 lits): UNSAT in 0.02s
    cube 3046 (depth 0, 24 lits): UNSAT in 0.02s
    cube 3050 (depth 0, 24 lits): UNSAT in 0.22s
    cube 3054 (depth 0, 24 lits): UNSAT in 0.11s
    cube 3058 (depth 0, 24 lits): UNSAT in 0.17s
    cube 3062 (depth 0, 24 lits): UNSAT in 1.09s
    cube 3066 (depth 0, 24 lits): UNSAT in 4.03s
    cube 3070 (depth 0, 24 lits): UNSAT in 0.26s
    cube 3074 (depth 0, 24 lits): UNSAT in 0.51s
    cube 3078 (depth 0, 24 lits): UNSAT in 0.94s
    cube 3082 (depth 0, 24 lits): UNSAT in 0.58s
    cube 3086 (depth 0, 24 lits): UNSAT in 0.21s
    cube 3090 (depth 0, 24 lits): UNSAT in 0.86s
    cube 3094 (depth 0, 24 lits): UNSAT in 0.27s
    cube 3098 (depth 0, 24 lits): UNSAT in 6.41s
    cube 3102 (depth 0, 24 lits): UNSAT in 0.10s
    cube 3106 (depth 0, 24 lits): UNSAT in 1.04s
    cube 3110 (depth 0, 24 lits): UNSAT in 0.91s
    cube 3114 (depth 0, 24 lits): UNSAT in 1.17s
    cube 3118 (depth 0, 24 lits): UNSAT in 0.81s
    cube 3122 (depth 0, 24 lits): UNSAT in 12.91s
    cube 3126 (depth 0, 24 lits): UNSAT in 1.28s
    cube 3130 (depth 0, 24 lits): UNSAT in 11.34s
    cube 3134 (depth 0, 24 lits): UNSAT in 0.16s
    cube 3138 (depth 0, 24 lits): UNSAT in 9.43s
    cube 3142 (depth 0, 24 lits): UNSAT in 0.85s
    cube 3146 (depth 0, 24 lits): UNSAT in 16.16s
    cube 3150 (depth 0, 24 lits): UNSAT in 1.26s
    cube 3154 (depth 0, 24 lits): UNSAT in 19.27s
    cube 3158 (depth 0, 24 lits): UNSAT in 16.56s
    cube 3162 (depth 0, 24 lits): TIMEOUT in 600.02s
    cube 3162 TIMEOUT -> re-split into 248 sub-cubes (depth 1)
    cube 3162.0 (depth 1, 31 lits): UNSAT in 0.01s
    cube 3162.1 (depth 1, 31 lits): UNSAT in 0.01s
    cube 3162.2 (depth 1, 30 lits): UNSAT in 0.01s
    cube 3162.3 (depth 1, 31 lits): UNSAT in 0.01s
    cube 3162.4 (depth 1, 32 lits): UNSAT in 0.01s
    cube 3162.5 (depth 1, 32 lits): UNSAT in 0.01s
    cube 3162.6 (depth 1, 32 lits): UNSAT in 0.01s
    cube 3162.7 (depth 1, 32 lits): UNSAT in 0.01s
    cube 3162.8 (depth 1, 32 lits): UNSAT in 0.02s
    cube 3162.9 (depth 1, 32 lits): UNSAT in 0.02s
    cube 3162.10 (depth 1, 31 lits): UNSAT in 0.01s
    cube 3162.11 (depth 1, 32 lits): UNSAT in 0.01s
    cube 3162.12 (depth 1, 32 lits): UNSAT in 0.02s
    cube 3162.13 (depth 1, 32 lits): UNSAT in 0.01s
    cube 3162.14 (depth 1, 32 lits): UNSAT in 0.02s
    cube 3162.15 (depth 1, 32 lits): UNSAT in 0.02s
    cube 3162.16 (depth 1, 32 lits): UNSAT in 0.03s
    cube 3162.17 (depth 1, 32 lits): UNSAT in 0.02s
    cube 3162.18 (depth 1, 32 lits): UNSAT in 0.02s
    cube 3162.19 (depth 1, 32 lits): UNSAT in 0.02s
    cube 3162.20 (depth 1, 32 lits): UNSAT in 0.03s
    cube 3162.21 (depth 1, 32 lits): UNSAT in 0.02s
    cube 3162.22 (depth 1, 32 lits): UNSAT in 0.05s
    cube 3162.23 (depth 1, 32 lits): UNSAT in 0.03s
    cube 3162.24 (depth 1, 32 lits): UNSAT in 0.12s
    cube 3162.25 (depth 1, 32 lits): UNSAT in 0.01s
    cube 3162.26 (depth 1, 32 lits): UNSAT in 0.02s
    cube 3162.27 (depth 1, 32 lits): UNSAT in 0.02s
    cube 3162.28 (depth 1, 32 lits): UNSAT in 0.02s
    cube 3162.29 (depth 1, 32 lits): UNSAT in 0.01s
    cube 3162.30 (depth 1, 32 lits): UNSAT in 0.03s
    cube 3162.31 (depth 1, 32 lits): UNSAT in 0.02s
    cube 3162.32 (depth 1, 32 lits): UNSAT in 0.03s
    cube 3162.33 (depth 1, 32 lits): UNSAT in 0.01s
    cube 3162.34 (depth 1, 32 lits): UNSAT in 0.02s
    cube 3162.35 (depth 1, 32 lits): UNSAT in 0.01s
    cube 3162.36 (depth 1, 32 lits): UNSAT in 0.02s
    cube 3162.37 (depth 1, 32 lits): UNSAT in 0.01s
    cube 3162.38 (depth 1, 32 lits): UNSAT in 0.01s
    cube 3162.39 (depth 1, 32 lits): UNSAT in 0.03s
    cube 3162.40 (depth 1, 32 lits): UNSAT in 0.04s
    cube 3162.41 (depth 1, 32 lits): UNSAT in 0.01s
    cube 3162.42 (depth 1, 32 lits): UNSAT in 0.01s
    cube 3162.43 (depth 1, 32 lits): UNSAT in 0.01s
    cube 3162.44 (depth 1, 32 lits): UNSAT in 0.03s
    cube 3162.45 (depth 1, 32 lits): UNSAT in 0.01s
    cube 3162.46 (depth 1, 32 lits): UNSAT in 0.04s
    cube 3162.47 (depth 1, 32 lits): UNSAT in 0.03s
    cube 3162.48 (depth 1, 32 lits): UNSAT in 0.04s
    cube 3162.49 (depth 1, 32 lits): UNSAT in 0.02s
    cube 3162.50 (depth 1, 32 lits): UNSAT in 0.03s
    cube 3162.51 (depth 1, 32 lits): UNSAT in 0.04s
    cube 3162.52 (depth 1, 32 lits): UNSAT in 0.07s
    cube 3162.53 (depth 1, 32 lits): UNSAT in 0.05s
    cube 3162.54 (depth 1, 32 lits): UNSAT in 0.14s
    cube 3162.55 (depth 1, 32 lits): UNSAT in 0.08s
    cube 3162.56 (depth 1, 32 lits): UNSAT in 0.46s
    cube 3162.57 (depth 1, 32 lits): UNSAT in 0.01s
    cube 3162.58 (depth 1, 32 lits): UNSAT in 0.01s
    cube 3162.59 (depth 1, 32 lits): UNSAT in 0.01s
    cube 3162.60 (depth 1, 32 lits): UNSAT in 0.02s
    cube 3162.61 (depth 1, 32 lits): UNSAT in 0.02s
    cube 3162.62 (depth 1, 32 lits): UNSAT in 0.02s
    cube 3162.63 (depth 1, 32 lits): UNSAT in 0.02s
    cube 3162.64 (depth 1, 32 lits): UNSAT in 0.05s
    cube 3162.65 (depth 1, 32 lits): UNSAT in 0.01s
    cube 3162.66 (depth 1, 32 lits): UNSAT in 0.01s
    cube 3162.67 (depth 1, 32 lits): UNSAT in 0.03s
    cube 3162.68 (depth 1, 32 lits): UNSAT in 0.05s
    cube 3162.69 (depth 1, 32 lits): UNSAT in 0.03s
    cube 3162.70 (depth 1, 32 lits): UNSAT in 0.02s
    cube 3162.71 (depth 1, 32 lits): UNSAT in 0.02s
    cube 3162.72 (depth 1, 32 lits): UNSAT in 0.05s
    cube 3162.73 (depth 1, 32 lits): UNSAT in 0.01s
    cube 3162.74 (depth 1, 32 lits): UNSAT in 0.02s
    cube 3162.75 (depth 1, 32 lits): UNSAT in 0.03s
    cube 3162.76 (depth 1, 32 lits): UNSAT in 0.08s
    cube 3162.77 (depth 1, 32 lits): UNSAT in 0.02s
    cube 3162.78 (depth 1, 32 lits): UNSAT in 0.03s
    cube 3162.79 (depth 1, 32 lits): UNSAT in 0.02s
    cube 3162.80 (depth 1, 32 lits): UNSAT in 0.10s
    cube 3162.81 (depth 1, 32 lits): UNSAT in 0.02s
    cube 3162.82 (depth 1, 32 lits): UNSAT in 0.02s
    cube 3162.83 (depth 1, 32 lits): UNSAT in 0.02s
    cube 3162.84 (depth 1, 32 lits): UNSAT in 0.03s
    cube 3162.85 (depth 1, 32 lits): UNSAT in 0.08s
    cube 3162.86 (depth 1, 32 lits): UNSAT in 0.09s
    cube 3162.87 (depth 1, 32 lits): UNSAT in 0.07s
    cube 3162.88 (depth 1, 32 lits): UNSAT in 0.65s
    cube 3162.89 (depth 1, 32 lits): UNSAT in 0.01s
    cube 3162.90 (depth 1, 32 lits): UNSAT in 0.02s
    cube 3162.91 (depth 1, 32 lits): UNSAT in 0.03s
    cube 3162.92 (depth 1, 32 lits): UNSAT in 0.12s
    cube 3162.93 (depth 1, 32 lits): UNSAT in 0.05s
    cube 3162.94 (depth 1, 32 lits): UNSAT in 0.08s
    cube 3162.95 (depth 1, 32 lits): UNSAT in 0.06s
    cube 3162.96 (depth 1, 32 lits): UNSAT in 0.18s
    cube 3162.97 (depth 1, 32 lits): UNSAT in 0.03s
    cube 3162.98 (depth 1, 32 lits): UNSAT in 0.09s
    cube 3162.99 (depth 1, 32 lits): UNSAT in 0.05s
    cube 3162.100 (depth 1, 32 lits): UNSAT in 0.16s
    cube 3162.101 (depth 1, 32 lits): UNSAT in 0.05s
    cube 3162.102 (depth 1, 32 lits): UNSAT in 0.29s
    cube 3162.103 (depth 1, 32 lits): UNSAT in 0.24s
    cube 3162.104 (depth 1, 32 lits): UNSAT in 1.63s
    cube 3162.105 (depth 1, 32 lits): UNSAT in 0.06s
    cube 3162.106 (depth 1, 32 lits): UNSAT in 0.11s
    cube 3162.107 (depth 1, 32 lits): UNSAT in 0.29s
    cube 3162.108 (depth 1, 32 lits): UNSAT in 0.36s
    cube 3162.109 (depth 1, 32 lits): UNSAT in 0.30s
    cube 3162.110 (depth 1, 32 lits): UNSAT in 0.91s
    cube 3162.111 (depth 1, 32 lits): UNSAT in 0.56s
    cube 3162.112 (depth 1, 32 lits): UNSAT in 3.16s
    cube 3162.113 (depth 1, 32 lits): UNSAT in 0.26s
    cube 3162.114 (depth 1, 32 lits): UNSAT in 0.42s
    cube 3162.115 (depth 1, 32 lits): UNSAT in 0.79s
    cube 3162.116 (depth 1, 32 lits): UNSAT in 5.26s
    cube 3162.117 (depth 1, 32 lits): UNSAT in 1.20s
    cube 3162.118 (depth 1, 32 lits): UNSAT in 9.19s
    cube 3162.119 (depth 1, 32 lits): UNSAT in 10.63s
    cube 3162.120 (depth 1, 32 lits): UNSAT in 17.52s
    cube 3162.121 (depth 1, 32 lits): UNSAT in 0.02s
    cube 3162.122 (depth 1, 32 lits): UNSAT in 0.03s
    cube 3162.123 (depth 1, 32 lits): UNSAT in 0.02s
    cube 3162.124 (depth 1, 32 lits): UNSAT in 0.04s
    cube 3162.125 (depth 1, 32 lits): UNSAT in 0.02s
    cube 3162.126 (depth 1, 32 lits): UNSAT in 0.11s
    cube 3162.127 (depth 1, 32 lits): UNSAT in 0.04s
    cube 3162.128 (depth 1, 32 lits): UNSAT in 0.13s
    cube 3162.129 (depth 1, 32 lits): UNSAT in 0.03s
    cube 3162.130 (depth 1, 32 lits): UNSAT in 0.03s
    cube 3162.131 (depth 1, 32 lits): UNSAT in 0.04s
    cube 3162.132 (depth 1, 32 lits): UNSAT in 0.13s
    cube 3162.133 (depth 1, 32 lits): UNSAT in 0.06s
    cube 3162.134 (depth 1, 32 lits): UNSAT in 0.16s
    cube 3162.135 (depth 1, 32 lits): UNSAT in 0.05s
    cube 3162.136 (depth 1, 32 lits): UNSAT in 0.12s
    cube 3162.137 (depth 1, 31 lits): UNSAT in 0.02s
    cube 3162.138 (depth 1, 32 lits): UNSAT in 0.02s
    cube 3162.139 (depth 1, 32 lits): UNSAT in 0.02s
    cube 3162.140 (depth 1, 32 lits): UNSAT in 0.01s
    cube 3162.141 (depth 1, 32 lits): UNSAT in 0.04s
    cube 3162.142 (depth 1, 32 lits): UNSAT in 0.07s
    cube 3162.143 (depth 1, 32 lits): UNSAT in 0.14s
    cube 3162.144 (depth 1, 32 lits): UNSAT in 0.06s
    cube 3162.145 (depth 1, 32 lits): UNSAT in 0.07s
    cube 3162.146 (depth 1, 32 lits): UNSAT in 0.11s
    cube 3162.147 (depth 1, 32 lits): UNSAT in 0.41s
    cube 3162.148 (depth 1, 32 lits): UNSAT in 0.15s
    cube 3162.149 (depth 1, 32 lits): UNSAT in 0.10s
    cube 3162.150 (depth 1, 32 lits): UNSAT in 0.27s
    cube 3162.151 (depth 1, 32 lits): UNSAT in 0.56s
    cube 3162.152 (depth 1, 32 lits): UNSAT in 0.02s
    cube 3162.153 (depth 1, 32 lits): UNSAT in 0.05s
    cube 3162.154 (depth 1, 32 lits): UNSAT in 0.04s
    cube 3162.155 (depth 1, 32 lits): UNSAT in 0.09s
    cube 3162.156 (depth 1, 32 lits): UNSAT in 0.03s
    cube 3162.157 (depth 1, 32 lits): UNSAT in 0.06s
    cube 3162.158 (depth 1, 32 lits): UNSAT in 0.07s
    cube 3162.159 (depth 1, 32 lits): UNSAT in 0.55s
    cube 3162.160 (depth 1, 32 lits): UNSAT in 0.04s
    cube 3162.161 (depth 1, 32 lits): UNSAT in 0.08s
    cube 3162.162 (depth 1, 32 lits): UNSAT in 0.09s
    cube 3162.163 (depth 1, 32 lits): UNSAT in 0.25s
    cube 3162.164 (depth 1, 32 lits): UNSAT in 0.06s
    cube 3162.165 (depth 1, 32 lits): UNSAT in 0.09s
    cube 3162.166 (depth 1, 32 lits): UNSAT in 0.22s
    cube 3162.167 (depth 1, 32 lits): UNSAT in 1.32s
    cube 3162.168 (depth 1, 32 lits): UNSAT in 0.10s
    cube 3162.169 (depth 1, 32 lits): UNSAT in 0.19s
    cube 3162.170 (depth 1, 32 lits): UNSAT in 0.10s
    cube 3162.171 (depth 1, 32 lits): UNSAT in 0.17s
    cube 3162.172 (depth 1, 32 lits): UNSAT in 0.07s
    cube 3162.173 (depth 1, 32 lits): UNSAT in 0.11s
    cube 3162.174 (depth 1, 32 lits): UNSAT in 0.70s
    cube 3162.175 (depth 1, 32 lits): UNSAT in 0.83s
    cube 3162.176 (depth 1, 32 lits): UNSAT in 0.05s
    cube 3162.177 (depth 1, 32 lits): UNSAT in 0.16s
    cube 3162.178 (depth 1, 32 lits): UNSAT in 0.37s
    cube 3162.179 (depth 1, 32 lits): UNSAT in 0.55s
    cube 3162.180 (depth 1, 32 lits): UNSAT in 0.95s
    cube 3162.181 (depth 1, 32 lits): UNSAT in 2.70s
    cube 3162.182 (depth 1, 32 lits): UNSAT in 0.87s
    cube 3162.183 (depth 1, 32 lits): UNSAT in 11.77s
    cube 3162.184 (depth 1, 32 lits): UNSAT in 0.02s
    cube 3162.185 (depth 1, 32 lits): UNSAT in 0.04s
    cube 3162.186 (depth 1, 32 lits): UNSAT in 0.03s
    cube 3162.187 (depth 1, 32 lits): UNSAT in 0.14s
    cube 3162.188 (depth 1, 32 lits): UNSAT in 0.02s
    cube 3162.189 (depth 1, 32 lits): UNSAT in 0.05s
    cube 3162.190 (depth 1, 32 lits): UNSAT in 0.05s
    cube 3162.191 (depth 1, 32 lits): UNSAT in 0.10s
    cube 3162.192 (depth 1, 32 lits): UNSAT in 0.03s
    cube 3162.193 (depth 1, 32 lits): UNSAT in 0.13s
    cube 3162.194 (depth 1, 32 lits): UNSAT in 0.07s
    cube 3162.195 (depth 1, 32 lits): UNSAT in 0.30s
    cube 3162.196 (depth 1, 32 lits): UNSAT in 0.15s
    cube 3162.197 (depth 1, 32 lits): UNSAT in 0.47s
    cube 3162.198 (depth 1, 32 lits): UNSAT in 0.32s
    cube 3162.199 (depth 1, 32 lits): UNSAT in 1.76s
    cube 3162.200 (depth 1, 32 lits): UNSAT in 0.03s
    cube 3162.201 (depth 1, 32 lits): UNSAT in 0.03s
    cube 3162.202 (depth 1, 32 lits): UNSAT in 0.03s
    cube 3162.203 (depth 1, 32 lits): UNSAT in 0.13s
    cube 3162.204 (depth 1, 32 lits): UNSAT in 0.05s
    cube 3162.205 (depth 1, 32 lits): UNSAT in 0.14s
    cube 3162.206 (depth 1, 32 lits): UNSAT in 0.17s
    cube 3162.207 (depth 1, 32 lits): UNSAT in 1.83s
    cube 3162.208 (depth 1, 32 lits): UNSAT in 0.18s
    cube 3162.209 (depth 1, 32 lits): UNSAT in 0.62s
    cube 3162.210 (depth 1, 32 lits): UNSAT in 0.57s
    cube 3162.211 (depth 1, 32 lits): UNSAT in 4.07s
    cube 3162.212 (depth 1, 32 lits): UNSAT in 0.88s
    cube 3162.213 (depth 1, 32 lits): UNSAT in 5.61s
    cube 3162.214 (depth 1, 32 lits): UNSAT in 19.09s
    cube 3162.215 (depth 1, 32 lits): UNSAT in 89.96s
    cube 3162.216 (depth 1, 32 lits): UNSAT in 0.02s
    cube 3162.217 (depth 1, 32 lits): UNSAT in 0.02s
    cube 3162.218 (depth 1, 32 lits): UNSAT in 0.03s
    cube 3162.219 (depth 1, 32 lits): UNSAT in 0.07s
    cube 3162.220 (depth 1, 32 lits): UNSAT in 0.02s
    cube 3162.221 (depth 1, 32 lits): UNSAT in 0.15s
    cube 3162.222 (depth 1, 32 lits): UNSAT in 0.05s
    cube 3162.223 (depth 1, 32 lits): UNSAT in 0.11s
    cube 3162.224 (depth 1, 32 lits): UNSAT in 0.06s
    cube 3162.225 (depth 1, 32 lits): UNSAT in 0.14s
    cube 3162.226 (depth 1, 32 lits): UNSAT in 0.09s
    cube 3162.227 (depth 1, 32 lits): UNSAT in 0.27s
    cube 3162.228 (depth 1, 32 lits): UNSAT in 0.21s
    cube 3162.229 (depth 1, 32 lits): UNSAT in 0.45s
    cube 3162.230 (depth 1, 32 lits): UNSAT in 3.98s
    cube 3162.231 (depth 1, 32 lits): UNSAT in 16.38s
    cube 3162.232 (depth 1, 32 lits): UNSAT in 0.13s
    cube 3162.233 (depth 1, 32 lits): UNSAT in 0.27s
    cube 3162.234 (depth 1, 32 lits): UNSAT in 0.29s
    cube 3162.235 (depth 1, 32 lits): UNSAT in 1.09s
    cube 3162.236 (depth 1, 32 lits): UNSAT in 0.09s
    cube 3162.237 (depth 1, 32 lits): UNSAT in 0.25s
    cube 3162.238 (depth 1, 32 lits): UNSAT in 0.26s
    cube 3162.239 (depth 1, 32 lits): UNSAT in 1.02s
    cube 3162.240 (depth 1, 32 lits): UNSAT in 0.21s
    cube 3162.241 (depth 1, 32 lits): UNSAT in 0.60s
    cube 3162.242 (depth 1, 32 lits): UNSAT in 1.38s
    cube 3162.243 (depth 1, 32 lits): UNSAT in 3.51s
    cube 3162.244 (depth 1, 32 lits): UNSAT in 0.62s
    cube 3162.245 (depth 1, 32 lits): UNSAT in 3.62s
    cube 3162.246 (depth 1, 32 lits): UNSAT in 7.91s
    cube 3162.247 (depth 1, 32 lits): UNSAT in 56.87s
    cube 3166 (depth 0, 24 lits): UNSAT in 0.01s
    cube 3170 (depth 0, 24 lits): UNSAT in 0.01s
    cube 3174 (depth 0, 24 lits): UNSAT in 0.02s
    cube 3178 (depth 0, 24 lits): UNSAT in 0.02s
    cube 3182 (depth 0, 24 lits): UNSAT in 0.01s
    cube 3186 (depth 0, 24 lits): UNSAT in 0.01s
    cube 3190 (depth 0, 24 lits): UNSAT in 0.11s
    cube 3194 (depth 0, 24 lits): UNSAT in 0.03s
    cube 3198 (depth 0, 24 lits): UNSAT in 0.06s
    cube 3202 (depth 0, 24 lits): UNSAT in 0.07s
    cube 3206 (depth 0, 24 lits): UNSAT in 0.36s
    cube 3210 (depth 0, 24 lits): UNSAT in 0.02s
    cube 3214 (depth 0, 24 lits): UNSAT in 0.07s
    cube 3218 (depth 0, 24 lits): UNSAT in 0.05s
    cube 3222 (depth 0, 24 lits): UNSAT in 0.46s
    cube 3226 (depth 0, 24 lits): UNSAT in 0.02s
    cube 3230 (depth 0, 24 lits): UNSAT in 0.06s
    cube 3234 (depth 0, 24 lits): UNSAT in 0.02s
    cube 3238 (depth 0, 24 lits): UNSAT in 0.14s
    cube 3242 (depth 0, 24 lits): UNSAT in 0.03s
    cube 3246 (depth 0, 24 lits): UNSAT in 0.27s
    cube 3250 (depth 0, 24 lits): UNSAT in 0.36s
    cube 3254 (depth 0, 24 lits): UNSAT in 0.44s
    cube 3258 (depth 0, 24 lits): UNSAT in 0.02s
    cube 3262 (depth 0, 24 lits): UNSAT in 0.10s
    cube 3266 (depth 0, 24 lits): UNSAT in 0.41s
    cube 3270 (depth 0, 24 lits): UNSAT in 0.33s
    cube 3274 (depth 0, 24 lits): UNSAT in 0.19s
    cube 3278 (depth 0, 24 lits): UNSAT in 2.12s
    cube 3282 (depth 0, 24 lits): UNSAT in 0.49s
    cube 3286 (depth 0, 24 lits): UNSAT in 7.11s
    cube 3290 (depth 0, 24 lits): UNSAT in 0.02s
    cube 3294 (depth 0, 24 lits): UNSAT in 0.02s
    cube 3298 (depth 0, 24 lits): UNSAT in 0.07s
    cube 3302 (depth 0, 24 lits): UNSAT in 0.14s
    cube 3306 (depth 0, 24 lits): UNSAT in 0.02s
    cube 3310 (depth 0, 24 lits): UNSAT in 0.06s
    cube 3314 (depth 0, 24 lits): UNSAT in 0.11s
    cube 3318 (depth 0, 24 lits): UNSAT in 0.10s
    cube 3322 (depth 0, 24 lits): UNSAT in 0.03s
    cube 3326 (depth 0, 24 lits): UNSAT in 0.19s
    cube 3330 (depth 0, 24 lits): UNSAT in 0.10s
    cube 3334 (depth 0, 24 lits): UNSAT in 0.90s
    cube 3338 (depth 0, 24 lits): UNSAT in 0.36s
    cube 3342 (depth 0, 24 lits): UNSAT in 0.52s
    cube 3346 (depth 0, 24 lits): UNSAT in 0.76s
    cube 3350 (depth 0, 24 lits): UNSAT in 4.43s
    cube 3354 (depth 0, 24 lits): UNSAT in 0.02s
    cube 3358 (depth 0, 24 lits): UNSAT in 0.16s
    cube 3362 (depth 0, 24 lits): UNSAT in 0.12s
    cube 3366 (depth 0, 24 lits): UNSAT in 0.86s
    cube 3370 (depth 0, 24 lits): UNSAT in 0.27s
    cube 3374 (depth 0, 24 lits): UNSAT in 2.63s
    cube 3378 (depth 0, 24 lits): UNSAT in 0.28s
    cube 3382 (depth 0, 24 lits): UNSAT in 5.08s
    cube 3386 (depth 0, 24 lits): UNSAT in 0.29s
    cube 3390 (depth 0, 24 lits): UNSAT in 0.27s
    cube 3394 (depth 0, 24 lits): UNSAT in 0.62s
    cube 3398 (depth 0, 24 lits): UNSAT in 5.04s
    cube 3402 (depth 0, 24 lits): UNSAT in 0.85s
    cube 3406 (depth 0, 24 lits): UNSAT in 5.56s
    cube 3410 (depth 0, 24 lits): UNSAT in 4.69s
    cube 3414 (depth 0, 24 lits): UNSAT in 36.92s
    cube 3418 (depth 0, 24 lits): UNSAT in 0.02s
    cube 3422 (depth 0, 24 lits): UNSAT in 0.01s
    cube 3426 (depth 0, 24 lits): UNSAT in 0.02s
    cube 3430 (depth 0, 24 lits): UNSAT in 0.02s
    cube 3434 (depth 0, 24 lits): UNSAT in 0.03s
    cube 3438 (depth 0, 24 lits): UNSAT in 0.08s
    cube 3442 (depth 0, 24 lits): UNSAT in 0.12s
    cube 3446 (depth 0, 24 lits): UNSAT in 0.07s
    cube 3450 (depth 0, 24 lits): UNSAT in 0.01s
    cube 3454 (depth 0, 24 lits): UNSAT in 0.01s
    cube 3458 (depth 0, 24 lits): UNSAT in 0.04s
    cube 3462 (depth 0, 24 lits): UNSAT in 0.03s
    cube 3466 (depth 0, 24 lits): UNSAT in 0.06s
    cube 3470 (depth 0, 24 lits): UNSAT in 0.04s
    cube 3474 (depth 0, 24 lits): UNSAT in 0.07s
    cube 3478 (depth 0, 24 lits): UNSAT in 0.22s
    cube 3482 (depth 0, 24 lits): UNSAT in 0.01s
    cube 3486 (depth 0, 24 lits): UNSAT in 0.03s
    cube 3490 (depth 0, 24 lits): UNSAT in 0.02s
    cube 3494 (depth 0, 24 lits): UNSAT in 0.12s
    cube 3498 (depth 0, 24 lits): UNSAT in 0.03s
    cube 3502 (depth 0, 24 lits): UNSAT in 0.14s
    cube 3506 (depth 0, 24 lits): UNSAT in 0.13s
    cube 3510 (depth 0, 24 lits): UNSAT in 1.73s
    cube 3514 (depth 0, 24 lits): UNSAT in 0.10s
    cube 3518 (depth 0, 24 lits): UNSAT in 0.37s
    cube 3522 (depth 0, 24 lits): UNSAT in 0.31s
    cube 3526 (depth 0, 24 lits): UNSAT in 0.64s
    cube 3530 (depth 0, 24 lits): UNSAT in 0.13s
    cube 3534 (depth 0, 24 lits): UNSAT in 0.93s
    cube 3538 (depth 0, 24 lits): UNSAT in 0.72s
    cube 3542 (depth 0, 24 lits): UNSAT in 49.12s
    cube 3546 (depth 0, 24 lits): UNSAT in 0.04s
    cube 3550 (depth 0, 24 lits): UNSAT in 0.10s
    cube 3554 (depth 0, 24 lits): UNSAT in 0.02s
    cube 3558 (depth 0, 24 lits): UNSAT in 0.12s
    cube 3562 (depth 0, 24 lits): UNSAT in 0.02s
    cube 3566 (depth 0, 24 lits): UNSAT in 0.07s
    cube 3570 (depth 0, 24 lits): UNSAT in 0.12s
    cube 3574 (depth 0, 24 lits): UNSAT in 0.76s
    cube 3578 (depth 0, 24 lits): UNSAT in 0.04s
    cube 3582 (depth 0, 24 lits): UNSAT in 0.07s
    cube 3586 (depth 0, 24 lits): UNSAT in 0.05s
    cube 3590 (depth 0, 24 lits): UNSAT in 1.38s
    cube 3594 (depth 0, 24 lits): UNSAT in 0.15s
    cube 3598 (depth 0, 24 lits): UNSAT in 0.70s
    cube 3602 (depth 0, 24 lits): UNSAT in 0.63s
    cube 3606 (depth 0, 24 lits): UNSAT in 6.12s
    cube 3610 (depth 0, 24 lits): UNSAT in 0.02s
    cube 3614 (depth 0, 24 lits): UNSAT in 0.11s
    cube 3618 (depth 0, 24 lits): UNSAT in 0.19s
    cube 3622 (depth 0, 24 lits): UNSAT in 0.67s
    cube 3626 (depth 0, 24 lits): UNSAT in 0.14s
    cube 3630 (depth 0, 24 lits): UNSAT in 0.19s
    cube 3634 (depth 0, 24 lits): UNSAT in 0.32s
    cube 3638 (depth 0, 24 lits): UNSAT in 3.30s
    cube 3642 (depth 0, 24 lits): UNSAT in 0.45s
    cube 3646 (depth 0, 24 lits): UNSAT in 0.21s
    cube 3650 (depth 0, 24 lits): UNSAT in 0.51s
    cube 3654 (depth 0, 24 lits): UNSAT in 1.52s
    cube 3658 (depth 0, 24 lits): UNSAT in 1.45s
    cube 3662 (depth 0, 24 lits): UNSAT in 13.07s
    cube 3666 (depth 0, 24 lits): UNSAT in 7.07s
    cube 3670 (depth 0, 24 lits): UNSAT in 115.36s
    cube 3674 (depth 0, 24 lits): UNSAT in 0.03s
    cube 3678 (depth 0, 24 lits): UNSAT in 0.10s
    cube 3682 (depth 0, 24 lits): UNSAT in 0.09s
    cube 3686 (depth 0, 24 lits): UNSAT in 0.28s
    cube 3690 (depth 0, 24 lits): UNSAT in 0.46s
    cube 3694 (depth 0, 24 lits): UNSAT in 0.12s
    cube 3698 (depth 0, 24 lits): UNSAT in 0.16s
    cube 3702 (depth 0, 24 lits): UNSAT in 0.49s
    cube 3706 (depth 0, 24 lits): UNSAT in 0.12s
    cube 3710 (depth 0, 24 lits): UNSAT in 0.21s
    cube 3714 (depth 0, 24 lits): UNSAT in 0.15s
    cube 3718 (depth 0, 24 lits): UNSAT in 0.19s
    cube 3722 (depth 0, 24 lits): UNSAT in 0.45s
    cube 3726 (depth 0, 24 lits): UNSAT in 2.44s
    cube 3730 (depth 0, 24 lits): UNSAT in 2.44s
    cube 3734 (depth 0, 24 lits): UNSAT in 7.73s
    cube 3738 (depth 0, 24 lits): UNSAT in 0.04s
    cube 3742 (depth 0, 24 lits): UNSAT in 0.23s
    cube 3746 (depth 0, 24 lits): UNSAT in 0.04s
    cube 3750 (depth 0, 24 lits): UNSAT in 0.37s
    cube 3754 (depth 0, 24 lits): UNSAT in 0.22s
    cube 3758 (depth 0, 24 lits): UNSAT in 1.11s
    cube 3762 (depth 0, 24 lits): UNSAT in 0.29s
    cube 3766 (depth 0, 24 lits): UNSAT in 7.23s
    cube 3770 (depth 0, 24 lits): UNSAT in 0.51s
    cube 3774 (depth 0, 24 lits): UNSAT in 1.92s
    cube 3778 (depth 0, 24 lits): UNSAT in 0.59s
    cube 3782 (depth 0, 24 lits): UNSAT in 6.35s
    cube 3786 (depth 0, 24 lits): UNSAT in 0.48s
    cube 3790 (depth 0, 24 lits): UNSAT in 5.01s
    cube 3794 (depth 0, 24 lits): UNSAT in 10.31s
    cube 3798 (depth 0, 24 lits): UNSAT in 21.35s
    cube 3802 (depth 0, 24 lits): UNSAT in 0.04s
    cube 3806 (depth 0, 24 lits): UNSAT in 0.10s
    cube 3810 (depth 0, 24 lits): UNSAT in 0.08s
    cube 3814 (depth 0, 24 lits): UNSAT in 0.14s
    cube 3818 (depth 0, 24 lits): UNSAT in 0.05s
    cube 3822 (depth 0, 24 lits): UNSAT in 0.22s
    cube 3826 (depth 0, 24 lits): UNSAT in 0.73s
    cube 3830 (depth 0, 24 lits): UNSAT in 1.15s
    cube 3834 (depth 0, 24 lits): UNSAT in 0.11s
    cube 3838 (depth 0, 24 lits): UNSAT in 0.66s
    cube 3842 (depth 0, 24 lits): UNSAT in 1.55s
    cube 3846 (depth 0, 24 lits): UNSAT in 1.88s
    cube 3850 (depth 0, 24 lits): UNSAT in 0.42s
    cube 3854 (depth 0, 24 lits): UNSAT in 3.88s
    cube 3858 (depth 0, 24 lits): UNSAT in 5.90s
    cube 3862 (depth 0, 24 lits): UNSAT in 32.63s
    cube 3866 (depth 0, 24 lits): UNSAT in 0.03s
    cube 3870 (depth 0, 24 lits): UNSAT in 0.08s
    cube 3874 (depth 0, 24 lits): UNSAT in 0.17s
    cube 3878 (depth 0, 24 lits): UNSAT in 0.72s
    cube 3882 (depth 0, 24 lits): UNSAT in 0.13s
    cube 3886 (depth 0, 24 lits): UNSAT in 0.14s
    cube 3890 (depth 0, 24 lits): UNSAT in 0.79s
    cube 3894 (depth 0, 24 lits): UNSAT in 4.40s
    cube 3898 (depth 0, 24 lits): UNSAT in 0.07s
    cube 3902 (depth 0, 24 lits): UNSAT in 1.59s
    cube 3906 (depth 0, 24 lits): UNSAT in 3.51s
    cube 3910 (depth 0, 24 lits): UNSAT in 1.64s
    cube 3914 (depth 0, 24 lits): UNSAT in 0.21s
    cube 3918 (depth 0, 24 lits): UNSAT in 1.57s
    cube 3922 (depth 0, 24 lits): UNSAT in 2.00s
    cube 3926 (depth 0, 24 lits): UNSAT in 16.85s

  shard 2 verdict: UNSAT [parent cube 4046's children only] (982 UNSAT, 0 unresolved) in 5226.5s
