  shard 20/24 (explicit): 1 of 4095 cubes, per-cube cap 1200.0s, re-split depth 7
    cube 3630 (depth 0, 12 lits): TIMEOUT in 1200.10s
    cube 3630 TIMEOUT -> re-split into 248 sub-cubes (depth 1)
    cube 3630.0 (depth 1, 19 lits): UNSAT in 0.01s
    cube 3630.1 (depth 1, 19 lits): UNSAT in 0.02s
    cube 3630.2 (depth 1, 20 lits): UNSAT in 0.01s
    cube 3630.3 (depth 1, 20 lits): UNSAT in 0.02s
    cube 3630.4 (depth 1, 20 lits): UNSAT in 0.02s
    cube 3630.5 (depth 1, 20 lits): UNSAT in 0.02s
    cube 3630.6 (depth 1, 19 lits): UNSAT in 0.01s
    cube 3630.7 (depth 1, 19 lits): UNSAT in 0.02s
    cube 3630.8 (depth 1, 20 lits): UNSAT in 0.02s
    cube 3630.9 (depth 1, 20 lits): UNSAT in 0.02s
    cube 3630.10 (depth 1, 20 lits): UNSAT in 0.03s
    cube 3630.11 (depth 1, 20 lits): UNSAT in 0.03s
    cube 3630.12 (depth 1, 20 lits): UNSAT in 0.02s
    cube 3630.13 (depth 1, 20 lits): UNSAT in 0.01s
    cube 3630.14 (depth 1, 20 lits): UNSAT in 0.02s
    cube 3630.15 (depth 1, 20 lits): UNSAT in 0.02s
    cube 3630.16 (depth 1, 20 lits): UNSAT in 0.01s
    cube 3630.17 (depth 1, 20 lits): UNSAT in 0.02s
    cube 3630.18 (depth 1, 20 lits): UNSAT in 0.01s
    cube 3630.19 (depth 1, 20 lits): UNSAT in 0.02s
    cube 3630.20 (depth 1, 20 lits): UNSAT in 0.01s
    cube 3630.21 (depth 1, 20 lits): UNSAT in 0.02s
    cube 3630.22 (depth 1, 20 lits): UNSAT in 0.02s
    cube 3630.23 (depth 1, 20 lits): UNSAT in 0.01s
    cube 3630.24 (depth 1, 20 lits): UNSAT in 0.02s
    cube 3630.25 (depth 1, 20 lits): UNSAT in 0.02s
    cube 3630.26 (depth 1, 20 lits): UNSAT in 0.03s
    cube 3630.27 (depth 1, 20 lits): UNSAT in 0.03s
    cube 3630.28 (depth 1, 20 lits): UNSAT in 0.01s
    cube 3630.29 (depth 1, 20 lits): UNSAT in 0.01s
    cube 3630.30 (depth 1, 19 lits): UNSAT in 0.02s
    cube 3630.31 (depth 1, 19 lits): UNSAT in 0.01s
    cube 3630.32 (depth 1, 20 lits): UNSAT in 0.02s
    cube 3630.33 (depth 1, 20 lits): UNSAT in 0.04s
    cube 3630.34 (depth 1, 20 lits): UNSAT in 0.02s
    cube 3630.35 (depth 1, 20 lits): UNSAT in 0.01s
    cube 3630.36 (depth 1, 20 lits): UNSAT in 0.01s
    cube 3630.37 (depth 1, 20 lits): UNSAT in 0.03s
    cube 3630.38 (depth 1, 20 lits): UNSAT in 0.02s
    cube 3630.39 (depth 1, 20 lits): UNSAT in 0.02s
    cube 3630.40 (depth 1, 20 lits): UNSAT in 0.03s
    cube 3630.41 (depth 1, 20 lits): UNSAT in 0.04s
    cube 3630.42 (depth 1, 20 lits): UNSAT in 0.02s
    cube 3630.43 (depth 1, 20 lits): UNSAT in 0.05s
    cube 3630.44 (depth 1, 20 lits): UNSAT in 0.02s
    cube 3630.45 (depth 1, 20 lits): UNSAT in 0.02s
    cube 3630.46 (depth 1, 19 lits): UNSAT in 0.02s
    cube 3630.47 (depth 1, 20 lits): UNSAT in 0.02s
    cube 3630.48 (depth 1, 20 lits): UNSAT in 0.06s
    cube 3630.49 (depth 1, 20 lits): UNSAT in 0.07s
    cube 3630.50 (depth 1, 20 lits): UNSAT in 0.05s
    cube 3630.51 (depth 1, 20 lits): UNSAT in 0.02s
    cube 3630.52 (depth 1, 20 lits): UNSAT in 0.08s
    cube 3630.53 (depth 1, 20 lits): UNSAT in 0.02s
    cube 3630.54 (depth 1, 20 lits): UNSAT in 0.08s
    cube 3630.55 (depth 1, 20 lits): UNSAT in 0.04s
    cube 3630.56 (depth 1, 20 lits): UNSAT in 0.24s
    cube 3630.57 (depth 1, 20 lits): UNSAT in 0.01s
    cube 3630.58 (depth 1, 20 lits): UNSAT in 0.01s
    cube 3630.59 (depth 1, 19 lits): UNSAT in 0.02s
    cube 3630.60 (depth 1, 20 lits): UNSAT in 0.01s
    cube 3630.61 (depth 1, 20 lits): UNSAT in 0.02s
    cube 3630.62 (depth 1, 20 lits): UNSAT in 0.01s
    cube 3630.63 (depth 1, 20 lits): UNSAT in 0.03s
    cube 3630.64 (depth 1, 20 lits): UNSAT in 0.01s
    cube 3630.65 (depth 1, 20 lits): UNSAT in 0.01s
    cube 3630.66 (depth 1, 20 lits): UNSAT in 0.02s
    cube 3630.67 (depth 1, 20 lits): UNSAT in 0.04s
    cube 3630.68 (depth 1, 20 lits): UNSAT in 0.02s
    cube 3630.69 (depth 1, 20 lits): UNSAT in 0.04s
    cube 3630.70 (depth 1, 20 lits): UNSAT in 0.05s
    cube 3630.71 (depth 1, 20 lits): UNSAT in 0.05s
    cube 3630.72 (depth 1, 20 lits): UNSAT in 0.02s
    cube 3630.73 (depth 1, 20 lits): UNSAT in 0.02s
    cube 3630.74 (depth 1, 20 lits): UNSAT in 0.01s
    cube 3630.75 (depth 1, 20 lits): UNSAT in 0.02s
    cube 3630.76 (depth 1, 20 lits): UNSAT in 0.02s
    cube 3630.77 (depth 1, 20 lits): UNSAT in 0.04s
    cube 3630.78 (depth 1, 20 lits): UNSAT in 0.05s
    cube 3630.79 (depth 1, 20 lits): UNSAT in 0.08s
    cube 3630.80 (depth 1, 20 lits): UNSAT in 0.05s
    cube 3630.81 (depth 1, 20 lits): UNSAT in 0.09s
    cube 3630.82 (depth 1, 20 lits): UNSAT in 0.01s
    cube 3630.83 (depth 1, 20 lits): UNSAT in 0.03s
    cube 3630.84 (depth 1, 20 lits): UNSAT in 0.08s
    cube 3630.85 (depth 1, 20 lits): UNSAT in 0.23s
    cube 3630.86 (depth 1, 20 lits): UNSAT in 0.07s
    cube 3630.87 (depth 1, 20 lits): UNSAT in 0.65s
    cube 3630.88 (depth 1, 20 lits): UNSAT in 0.01s
    cube 3630.89 (depth 1, 20 lits): UNSAT in 0.03s
    cube 3630.90 (depth 1, 20 lits): UNSAT in 0.02s
    cube 3630.91 (depth 1, 20 lits): UNSAT in 0.03s
    cube 3630.92 (depth 1, 20 lits): UNSAT in 0.03s
    cube 3630.93 (depth 1, 20 lits): UNSAT in 0.03s
    cube 3630.94 (depth 1, 20 lits): UNSAT in 0.02s
    cube 3630.95 (depth 1, 20 lits): UNSAT in 0.07s
    cube 3630.96 (depth 1, 20 lits): UNSAT in 0.01s
    cube 3630.97 (depth 1, 20 lits): UNSAT in 0.03s
    cube 3630.98 (depth 1, 20 lits): UNSAT in 0.02s
    cube 3630.99 (depth 1, 20 lits): UNSAT in 0.08s
    cube 3630.100 (depth 1, 20 lits): UNSAT in 0.05s
    cube 3630.101 (depth 1, 20 lits): UNSAT in 0.15s
    cube 3630.102 (depth 1, 20 lits): UNSAT in 0.34s
    cube 3630.103 (depth 1, 20 lits): UNSAT in 1.77s
    cube 3630.104 (depth 1, 20 lits): UNSAT in 0.01s
    cube 3630.105 (depth 1, 20 lits): UNSAT in 0.02s
    cube 3630.106 (depth 1, 20 lits): UNSAT in 0.12s
    cube 3630.107 (depth 1, 20 lits): UNSAT in 0.24s
    cube 3630.108 (depth 1, 20 lits): UNSAT in 0.04s
    cube 3630.109 (depth 1, 20 lits): UNSAT in 0.09s
    cube 3630.110 (depth 1, 20 lits): UNSAT in 0.52s
    cube 3630.111 (depth 1, 20 lits): UNSAT in 2.29s
    cube 3630.112 (depth 1, 20 lits): UNSAT in 0.02s
    cube 3630.113 (depth 1, 20 lits): UNSAT in 0.25s
    cube 3630.114 (depth 1, 20 lits): UNSAT in 0.34s
    cube 3630.115 (depth 1, 20 lits): UNSAT in 2.19s
    cube 3630.116 (depth 1, 20 lits): UNSAT in 0.56s
    cube 3630.117 (depth 1, 20 lits): UNSAT in 4.43s
    cube 3630.118 (depth 1, 20 lits): UNSAT in 5.72s
    cube 3630.119 (depth 1, 20 lits): UNSAT in 53.84s
    cube 3630.120 (depth 1, 20 lits): UNSAT in 0.01s
    cube 3630.121 (depth 1, 20 lits): UNSAT in 0.02s
    cube 3630.122 (depth 1, 20 lits): UNSAT in 0.01s
    cube 3630.123 (depth 1, 20 lits): UNSAT in 0.02s
    cube 3630.124 (depth 1, 20 lits): UNSAT in 0.03s
    cube 3630.125 (depth 1, 20 lits): UNSAT in 0.03s
    cube 3630.126 (depth 1, 20 lits): UNSAT in 0.02s
    cube 3630.127 (depth 1, 20 lits): UNSAT in 0.12s
    cube 3630.128 (depth 1, 20 lits): UNSAT in 0.01s
    cube 3630.129 (depth 1, 20 lits): UNSAT in 0.02s
    cube 3630.130 (depth 1, 20 lits): UNSAT in 0.04s
    cube 3630.131 (depth 1, 20 lits): UNSAT in 0.04s
    cube 3630.132 (depth 1, 20 lits): UNSAT in 0.03s
    cube 3630.133 (depth 1, 20 lits): UNSAT in 0.05s
    cube 3630.134 (depth 1, 20 lits): UNSAT in 0.05s
    cube 3630.135 (depth 1, 20 lits): UNSAT in 0.05s
    cube 3630.136 (depth 1, 20 lits): UNSAT in 0.01s
    cube 3630.137 (depth 1, 20 lits): UNSAT in 0.02s
    cube 3630.138 (depth 1, 20 lits): UNSAT in 0.03s
    cube 3630.139 (depth 1, 20 lits): UNSAT in 0.04s
    cube 3630.140 (depth 1, 20 lits): UNSAT in 0.04s
    cube 3630.141 (depth 1, 20 lits): UNSAT in 0.11s
    cube 3630.142 (depth 1, 20 lits): UNSAT in 0.13s
    cube 3630.143 (depth 1, 20 lits): UNSAT in 0.16s
    cube 3630.144 (depth 1, 20 lits): UNSAT in 0.02s
    cube 3630.145 (depth 1, 20 lits): UNSAT in 0.06s
    cube 3630.146 (depth 1, 20 lits): UNSAT in 0.05s
    cube 3630.147 (depth 1, 20 lits): UNSAT in 0.11s
    cube 3630.148 (depth 1, 20 lits): UNSAT in 0.22s
    cube 3630.149 (depth 1, 20 lits): UNSAT in 0.34s
    cube 3630.150 (depth 1, 20 lits): UNSAT in 0.34s
    cube 3630.151 (depth 1, 20 lits): UNSAT in 0.90s
    cube 3630.152 (depth 1, 20 lits): UNSAT in 0.02s
    cube 3630.153 (depth 1, 20 lits): UNSAT in 0.05s
    cube 3630.154 (depth 1, 20 lits): UNSAT in 0.02s
    cube 3630.155 (depth 1, 20 lits): UNSAT in 0.12s
    cube 3630.156 (depth 1, 20 lits): UNSAT in 0.02s
    cube 3630.157 (depth 1, 20 lits): UNSAT in 0.03s
    cube 3630.158 (depth 1, 20 lits): UNSAT in 0.07s
    cube 3630.159 (depth 1, 20 lits): UNSAT in 0.26s
    cube 3630.160 (depth 1, 20 lits): UNSAT in 0.02s
    cube 3630.161 (depth 1, 20 lits): UNSAT in 0.02s
    cube 3630.162 (depth 1, 20 lits): UNSAT in 0.04s
    cube 3630.163 (depth 1, 20 lits): UNSAT in 0.04s
    cube 3630.164 (depth 1, 20 lits): UNSAT in 0.03s
    cube 3630.165 (depth 1, 20 lits): UNSAT in 0.09s
    cube 3630.166 (depth 1, 20 lits): UNSAT in 0.30s
    cube 3630.167 (depth 1, 20 lits): UNSAT in 0.24s
    cube 3630.168 (depth 1, 20 lits): UNSAT in 0.06s
    cube 3630.169 (depth 1, 20 lits): UNSAT in 0.05s
    cube 3630.170 (depth 1, 20 lits): UNSAT in 0.04s
    cube 3630.171 (depth 1, 20 lits): UNSAT in 0.28s
    cube 3630.172 (depth 1, 20 lits): UNSAT in 0.03s
    cube 3630.173 (depth 1, 20 lits): UNSAT in 0.12s
    cube 3630.174 (depth 1, 20 lits): UNSAT in 0.23s
    cube 3630.175 (depth 1, 20 lits): UNSAT in 3.25s
    cube 3630.176 (depth 1, 20 lits): UNSAT in 0.19s
    cube 3630.177 (depth 1, 20 lits): UNSAT in 0.85s
    cube 3630.178 (depth 1, 20 lits): UNSAT in 0.64s
    cube 3630.179 (depth 1, 20 lits): UNSAT in 3.49s
    cube 3630.180 (depth 1, 20 lits): UNSAT in 1.01s
    cube 3630.181 (depth 1, 20 lits): UNSAT in 8.28s
    cube 3630.182 (depth 1, 20 lits): UNSAT in 5.80s
    cube 3630.183 (depth 1, 20 lits): UNSAT in 80.24s
    cube 3630.184 (depth 1, 20 lits): UNSAT in 0.02s
    cube 3630.185 (depth 1, 20 lits): UNSAT in 0.02s
    cube 3630.186 (depth 1, 20 lits): UNSAT in 0.02s
    cube 3630.187 (depth 1, 20 lits): UNSAT in 0.02s
    cube 3630.188 (depth 1, 20 lits): UNSAT in 0.01s
    cube 3630.189 (depth 1, 20 lits): UNSAT in 0.04s
    cube 3630.190 (depth 1, 20 lits): UNSAT in 0.05s
    cube 3630.191 (depth 1, 20 lits): UNSAT in 0.16s
    cube 3630.192 (depth 1, 20 lits): UNSAT in 0.04s
    cube 3630.193 (depth 1, 20 lits): UNSAT in 0.21s
    cube 3630.194 (depth 1, 20 lits): UNSAT in 0.06s
    cube 3630.195 (depth 1, 20 lits): UNSAT in 0.14s
    cube 3630.196 (depth 1, 20 lits): UNSAT in 0.04s
    cube 3630.197 (depth 1, 20 lits): UNSAT in 0.19s
    cube 3630.198 (depth 1, 20 lits): UNSAT in 0.34s
    cube 3630.199 (depth 1, 20 lits): UNSAT in 0.82s
    cube 3630.200 (depth 1, 20 lits): UNSAT in 0.03s
    cube 3630.201 (depth 1, 20 lits): UNSAT in 0.06s
    cube 3630.202 (depth 1, 20 lits): UNSAT in 0.04s
    cube 3630.203 (depth 1, 20 lits): UNSAT in 0.08s
    cube 3630.204 (depth 1, 20 lits): UNSAT in 0.20s
    cube 3630.205 (depth 1, 20 lits): UNSAT in 0.46s
    cube 3630.206 (depth 1, 20 lits): UNSAT in 0.20s
    cube 3630.207 (depth 1, 20 lits): UNSAT in 0.31s
    cube 3630.208 (depth 1, 20 lits): UNSAT in 0.17s
    cube 3630.209 (depth 1, 20 lits): UNSAT in 0.45s
    cube 3630.210 (depth 1, 20 lits): UNSAT in 0.10s
    cube 3630.211 (depth 1, 20 lits): UNSAT in 6.73s
    cube 3630.212 (depth 1, 20 lits): UNSAT in 0.44s
    cube 3630.213 (depth 1, 20 lits): UNSAT in 5.22s
    cube 3630.214 (depth 1, 20 lits): UNSAT in 17.87s
    cube 3630.215 (depth 1, 20 lits): UNSAT in 183.94s
    cube 3630.216 (depth 1, 20 lits): UNSAT in 0.08s
    cube 3630.217 (depth 1, 20 lits): UNSAT in 0.19s
    cube 3630.218 (depth 1, 20 lits): UNSAT in 0.11s
    cube 3630.219 (depth 1, 20 lits): UNSAT in 0.46s
    cube 3630.220 (depth 1, 20 lits): UNSAT in 0.15s
    cube 3630.221 (depth 1, 20 lits): UNSAT in 1.10s
    cube 3630.222 (depth 1, 20 lits): UNSAT in 0.71s
    cube 3630.223 (depth 1, 20 lits): UNSAT in 3.89s
    cube 3630.224 (depth 1, 20 lits): UNSAT in 0.14s
    cube 3630.225 (depth 1, 20 lits): UNSAT in 0.41s
    cube 3630.226 (depth 1, 20 lits): UNSAT in 0.36s
    cube 3630.227 (depth 1, 20 lits): UNSAT in 1.64s
    cube 3630.228 (depth 1, 20 lits): UNSAT in 0.23s
    cube 3630.229 (depth 1, 20 lits): UNSAT in 0.82s
    cube 3630.230 (depth 1, 20 lits): UNSAT in 5.60s
    cube 3630.231 (depth 1, 20 lits): UNSAT in 110.44s
    cube 3630.232 (depth 1, 20 lits): UNSAT in 0.07s
    cube 3630.233 (depth 1, 20 lits): UNSAT in 0.12s
    cube 3630.234 (depth 1, 20 lits): UNSAT in 1.12s
    cube 3630.235 (depth 1, 20 lits): UNSAT in 1.30s
    cube 3630.236 (depth 1, 20 lits): UNSAT in 0.31s
    cube 3630.237 (depth 1, 20 lits): UNSAT in 2.66s
    cube 3630.238 (depth 1, 20 lits): UNSAT in 4.93s
    cube 3630.239 (depth 1, 20 lits): UNSAT in 290.15s
    cube 3630.240 (depth 1, 20 lits): UNSAT in 1.26s
    cube 3630.241 (depth 1, 20 lits): UNSAT in 0.95s
    cube 3630.242 (depth 1, 20 lits): UNSAT in 5.25s
    cube 3630.243 (depth 1, 20 lits): UNSAT in 223.39s
    cube 3630.244 (depth 1, 20 lits): UNSAT in 1.41s
    cube 3630.245 (depth 1, 20 lits): UNSAT in 7.52s
    cube 3630.246 (depth 1, 20 lits): UNSAT in 3.41s
    cube 3630.247 (depth 1, 20 lits): UNSAT in 258.81s

  shard 20 verdict: UNSAT (1 UNSAT, 0 unresolved) in 2537.8s
