  shard 22/24 (explicit): 1 of 4095 cubes, per-cube cap 1200.0s, re-split depth 7
    cube 3642 (depth 0, 12 lits): TIMEOUT in 1200.01s
    cube 3642 TIMEOUT -> re-split into 250 sub-cubes (depth 1)
    cube 3642.0 (depth 1, 20 lits): UNSAT in 0.01s
    cube 3642.1 (depth 1, 20 lits): UNSAT in 0.01s
    cube 3642.2 (depth 1, 20 lits): UNSAT in 0.02s
    cube 3642.3 (depth 1, 20 lits): UNSAT in 0.01s
    cube 3642.4 (depth 1, 20 lits): UNSAT in 0.01s
    cube 3642.5 (depth 1, 20 lits): UNSAT in 0.01s
    cube 3642.6 (depth 1, 20 lits): UNSAT in 0.02s
    cube 3642.7 (depth 1, 20 lits): UNSAT in 0.04s
    cube 3642.8 (depth 1, 20 lits): UNSAT in 0.02s
    cube 3642.9 (depth 1, 20 lits): UNSAT in 0.02s
    cube 3642.10 (depth 1, 20 lits): UNSAT in 0.02s
    cube 3642.11 (depth 1, 20 lits): UNSAT in 0.02s
    cube 3642.12 (depth 1, 20 lits): UNSAT in 0.01s
    cube 3642.13 (depth 1, 20 lits): UNSAT in 0.03s
    cube 3642.14 (depth 1, 20 lits): UNSAT in 0.03s
    cube 3642.15 (depth 1, 20 lits): UNSAT in 0.05s
    cube 3642.16 (depth 1, 20 lits): UNSAT in 0.01s
    cube 3642.17 (depth 1, 20 lits): UNSAT in 0.02s
    cube 3642.18 (depth 1, 20 lits): UNSAT in 0.02s
    cube 3642.19 (depth 1, 20 lits): UNSAT in 0.03s
    cube 3642.20 (depth 1, 20 lits): UNSAT in 0.02s
    cube 3642.21 (depth 1, 20 lits): UNSAT in 0.04s
    cube 3642.22 (depth 1, 20 lits): UNSAT in 0.04s
    cube 3642.23 (depth 1, 20 lits): UNSAT in 0.13s
    cube 3642.24 (depth 1, 20 lits): UNSAT in 0.04s
    cube 3642.25 (depth 1, 20 lits): UNSAT in 0.08s
    cube 3642.26 (depth 1, 20 lits): UNSAT in 0.12s
    cube 3642.27 (depth 1, 20 lits): UNSAT in 0.30s
    cube 3642.28 (depth 1, 20 lits): UNSAT in 0.01s
    cube 3642.29 (depth 1, 20 lits): UNSAT in 0.13s
    cube 3642.30 (depth 1, 20 lits): UNSAT in 0.21s
    cube 3642.31 (depth 1, 20 lits): UNSAT in 1.18s
    cube 3642.32 (depth 1, 20 lits): UNSAT in 0.01s
    cube 3642.33 (depth 1, 20 lits): UNSAT in 0.01s
    cube 3642.34 (depth 1, 20 lits): UNSAT in 0.02s
    cube 3642.35 (depth 1, 20 lits): UNSAT in 0.03s
    cube 3642.36 (depth 1, 20 lits): UNSAT in 0.01s
    cube 3642.37 (depth 1, 20 lits): UNSAT in 0.01s
    cube 3642.38 (depth 1, 20 lits): UNSAT in 0.02s
    cube 3642.39 (depth 1, 20 lits): UNSAT in 0.03s
    cube 3642.40 (depth 1, 19 lits): UNSAT in 0.02s
    cube 3642.41 (depth 1, 20 lits): UNSAT in 0.04s
    cube 3642.42 (depth 1, 20 lits): UNSAT in 0.13s
    cube 3642.43 (depth 1, 20 lits): UNSAT in 0.02s
    cube 3642.44 (depth 1, 20 lits): UNSAT in 0.07s
    cube 3642.45 (depth 1, 20 lits): UNSAT in 0.17s
    cube 3642.46 (depth 1, 20 lits): UNSAT in 0.23s
    cube 3642.47 (depth 1, 20 lits): UNSAT in 0.02s
    cube 3642.48 (depth 1, 20 lits): UNSAT in 0.02s
    cube 3642.49 (depth 1, 20 lits): UNSAT in 0.03s
    cube 3642.50 (depth 1, 20 lits): UNSAT in 0.09s
    cube 3642.51 (depth 1, 20 lits): UNSAT in 0.11s
    cube 3642.52 (depth 1, 20 lits): UNSAT in 0.18s
    cube 3642.53 (depth 1, 20 lits): UNSAT in 0.18s
    cube 3642.54 (depth 1, 20 lits): UNSAT in 1.02s
    cube 3642.55 (depth 1, 20 lits): UNSAT in 0.05s
    cube 3642.56 (depth 1, 20 lits): UNSAT in 0.18s
    cube 3642.57 (depth 1, 20 lits): UNSAT in 0.48s
    cube 3642.58 (depth 1, 20 lits): UNSAT in 0.63s
    cube 3642.59 (depth 1, 20 lits): UNSAT in 0.84s
    cube 3642.60 (depth 1, 20 lits): UNSAT in 4.09s
    cube 3642.61 (depth 1, 20 lits): UNSAT in 0.90s
    cube 3642.62 (depth 1, 20 lits): UNSAT in 3.56s
    cube 3642.63 (depth 1, 19 lits): UNSAT in 0.01s
    cube 3642.64 (depth 1, 19 lits): UNSAT in 0.01s
    cube 3642.65 (depth 1, 18 lits): UNSAT in 0.02s
    cube 3642.66 (depth 1, 20 lits): UNSAT in 0.02s
    cube 3642.67 (depth 1, 20 lits): UNSAT in 0.03s
    cube 3642.68 (depth 1, 20 lits): UNSAT in 0.01s
    cube 3642.69 (depth 1, 20 lits): UNSAT in 0.03s
    cube 3642.70 (depth 1, 20 lits): UNSAT in 0.02s
    cube 3642.71 (depth 1, 20 lits): UNSAT in 0.01s
    cube 3642.72 (depth 1, 20 lits): UNSAT in 0.04s
    cube 3642.73 (depth 1, 20 lits): UNSAT in 0.08s
    cube 3642.74 (depth 1, 20 lits): UNSAT in 0.01s
    cube 3642.75 (depth 1, 20 lits): UNSAT in 0.02s
    cube 3642.76 (depth 1, 20 lits): UNSAT in 0.01s
    cube 3642.77 (depth 1, 20 lits): UNSAT in 0.02s
    cube 3642.78 (depth 1, 20 lits): UNSAT in 0.02s
    cube 3642.79 (depth 1, 20 lits): UNSAT in 0.04s
    cube 3642.80 (depth 1, 20 lits): UNSAT in 0.02s
    cube 3642.81 (depth 1, 20 lits): UNSAT in 0.03s
    cube 3642.82 (depth 1, 20 lits): UNSAT in 0.02s
    cube 3642.83 (depth 1, 20 lits): UNSAT in 0.03s
    cube 3642.84 (depth 1, 20 lits): UNSAT in 0.05s
    cube 3642.85 (depth 1, 20 lits): UNSAT in 0.22s
    cube 3642.86 (depth 1, 20 lits): UNSAT in 0.02s
    cube 3642.87 (depth 1, 20 lits): UNSAT in 0.12s
    cube 3642.88 (depth 1, 20 lits): UNSAT in 0.05s
    cube 3642.89 (depth 1, 20 lits): UNSAT in 0.24s
    cube 3642.90 (depth 1, 20 lits): UNSAT in 0.02s
    cube 3642.91 (depth 1, 20 lits): UNSAT in 0.03s
    cube 3642.92 (depth 1, 20 lits): UNSAT in 0.03s
    cube 3642.93 (depth 1, 20 lits): UNSAT in 0.09s
    cube 3642.94 (depth 1, 20 lits): UNSAT in 0.02s
    cube 3642.95 (depth 1, 20 lits): UNSAT in 0.08s
    cube 3642.96 (depth 1, 20 lits): UNSAT in 0.04s
    cube 3642.97 (depth 1, 20 lits): UNSAT in 0.04s
    cube 3642.98 (depth 1, 20 lits): UNSAT in 0.03s
    cube 3642.99 (depth 1, 20 lits): UNSAT in 0.08s
    cube 3642.100 (depth 1, 20 lits): UNSAT in 0.18s
    cube 3642.101 (depth 1, 20 lits): UNSAT in 0.34s
    cube 3642.102 (depth 1, 20 lits): UNSAT in 0.08s
    cube 3642.103 (depth 1, 20 lits): UNSAT in 0.25s
    cube 3642.104 (depth 1, 20 lits): UNSAT in 0.22s
    cube 3642.105 (depth 1, 20 lits): UNSAT in 0.54s
    cube 3642.106 (depth 1, 20 lits): UNSAT in 0.03s
    cube 3642.107 (depth 1, 20 lits): UNSAT in 0.04s
    cube 3642.108 (depth 1, 20 lits): UNSAT in 0.12s
    cube 3642.109 (depth 1, 20 lits): UNSAT in 0.64s
    cube 3642.110 (depth 1, 20 lits): UNSAT in 0.52s
    cube 3642.111 (depth 1, 20 lits): UNSAT in 4.34s
    cube 3642.112 (depth 1, 20 lits): UNSAT in 0.47s
    cube 3642.113 (depth 1, 20 lits): UNSAT in 2.78s
    cube 3642.114 (depth 1, 20 lits): UNSAT in 0.08s
    cube 3642.115 (depth 1, 20 lits): UNSAT in 0.82s
    cube 3642.116 (depth 1, 20 lits): UNSAT in 1.21s
    cube 3642.117 (depth 1, 20 lits): UNSAT in 4.37s
    cube 3642.118 (depth 1, 20 lits): UNSAT in 0.32s
    cube 3642.119 (depth 1, 20 lits): UNSAT in 7.94s
    cube 3642.120 (depth 1, 20 lits): UNSAT in 13.07s
    cube 3642.121 (depth 1, 20 lits): UNSAT in 35.54s
    cube 3642.122 (depth 1, 20 lits): UNSAT in 0.02s
    cube 3642.123 (depth 1, 20 lits): UNSAT in 0.02s
    cube 3642.124 (depth 1, 20 lits): UNSAT in 0.03s
    cube 3642.125 (depth 1, 20 lits): UNSAT in 0.05s
    cube 3642.126 (depth 1, 20 lits): UNSAT in 0.01s
    cube 3642.127 (depth 1, 20 lits): UNSAT in 0.02s
    cube 3642.128 (depth 1, 20 lits): UNSAT in 0.05s
    cube 3642.129 (depth 1, 20 lits): UNSAT in 0.23s
    cube 3642.130 (depth 1, 20 lits): UNSAT in 0.01s
    cube 3642.131 (depth 1, 20 lits): UNSAT in 0.03s
    cube 3642.132 (depth 1, 20 lits): UNSAT in 0.03s
    cube 3642.133 (depth 1, 20 lits): UNSAT in 0.07s
    cube 3642.134 (depth 1, 20 lits): UNSAT in 0.04s
    cube 3642.135 (depth 1, 20 lits): UNSAT in 0.13s
    cube 3642.136 (depth 1, 20 lits): UNSAT in 0.07s
    cube 3642.137 (depth 1, 20 lits): UNSAT in 0.26s
    cube 3642.138 (depth 1, 20 lits): UNSAT in 0.02s
    cube 3642.139 (depth 1, 20 lits): UNSAT in 0.01s
    cube 3642.140 (depth 1, 20 lits): UNSAT in 0.02s
    cube 3642.141 (depth 1, 20 lits): UNSAT in 0.07s
    cube 3642.142 (depth 1, 20 lits): UNSAT in 0.04s
    cube 3642.143 (depth 1, 20 lits): UNSAT in 0.11s
    cube 3642.144 (depth 1, 20 lits): UNSAT in 0.10s
    cube 3642.145 (depth 1, 20 lits): UNSAT in 0.53s
    cube 3642.146 (depth 1, 20 lits): UNSAT in 0.02s
    cube 3642.147 (depth 1, 20 lits): UNSAT in 0.02s
    cube 3642.148 (depth 1, 20 lits): UNSAT in 0.03s
    cube 3642.149 (depth 1, 20 lits): UNSAT in 0.21s
    cube 3642.150 (depth 1, 20 lits): UNSAT in 0.09s
    cube 3642.151 (depth 1, 20 lits): UNSAT in 0.34s
    cube 3642.152 (depth 1, 20 lits): UNSAT in 0.05s
    cube 3642.153 (depth 1, 20 lits): UNSAT in 0.55s
    cube 3642.154 (depth 1, 20 lits): UNSAT in 0.02s
    cube 3642.155 (depth 1, 20 lits): UNSAT in 0.03s
    cube 3642.156 (depth 1, 20 lits): UNSAT in 0.08s
    cube 3642.157 (depth 1, 20 lits): UNSAT in 0.04s
    cube 3642.158 (depth 1, 20 lits): UNSAT in 0.09s
    cube 3642.159 (depth 1, 20 lits): UNSAT in 0.08s
    cube 3642.160 (depth 1, 20 lits): UNSAT in 0.03s
    cube 3642.161 (depth 1, 20 lits): UNSAT in 0.64s
    cube 3642.162 (depth 1, 20 lits): UNSAT in 0.03s
    cube 3642.163 (depth 1, 20 lits): UNSAT in 0.20s
    cube 3642.164 (depth 1, 20 lits): UNSAT in 0.08s
    cube 3642.165 (depth 1, 20 lits): UNSAT in 0.32s
    cube 3642.166 (depth 1, 20 lits): UNSAT in 0.04s
    cube 3642.167 (depth 1, 20 lits): UNSAT in 0.25s
    cube 3642.168 (depth 1, 20 lits): UNSAT in 0.46s
    cube 3642.169 (depth 1, 20 lits): UNSAT in 0.44s
    cube 3642.170 (depth 1, 20 lits): UNSAT in 0.02s
    cube 3642.171 (depth 1, 20 lits): UNSAT in 0.02s
    cube 3642.172 (depth 1, 20 lits): UNSAT in 0.03s
    cube 3642.173 (depth 1, 20 lits): UNSAT in 0.18s
    cube 3642.174 (depth 1, 20 lits): UNSAT in 0.07s
    cube 3642.175 (depth 1, 20 lits): UNSAT in 0.16s
    cube 3642.176 (depth 1, 20 lits): UNSAT in 0.11s
    cube 3642.177 (depth 1, 20 lits): UNSAT in 0.27s
    cube 3642.178 (depth 1, 20 lits): UNSAT in 0.15s
    cube 3642.179 (depth 1, 20 lits): UNSAT in 1.00s
    cube 3642.180 (depth 1, 20 lits): UNSAT in 0.71s
    cube 3642.181 (depth 1, 20 lits): UNSAT in 3.12s
    cube 3642.182 (depth 1, 20 lits): UNSAT in 1.24s
    cube 3642.183 (depth 1, 20 lits): UNSAT in 4.21s
    cube 3642.184 (depth 1, 20 lits): UNSAT in 4.37s
    cube 3642.185 (depth 1, 20 lits): UNSAT in 27.90s
    cube 3642.186 (depth 1, 20 lits): UNSAT in 0.02s
    cube 3642.187 (depth 1, 20 lits): UNSAT in 0.03s
    cube 3642.188 (depth 1, 20 lits): UNSAT in 0.08s
    cube 3642.189 (depth 1, 20 lits): UNSAT in 0.16s
    cube 3642.190 (depth 1, 20 lits): UNSAT in 0.09s
    cube 3642.191 (depth 1, 20 lits): UNSAT in 0.31s
    cube 3642.192 (depth 1, 20 lits): UNSAT in 0.32s
    cube 3642.193 (depth 1, 20 lits): UNSAT in 1.35s
    cube 3642.194 (depth 1, 20 lits): UNSAT in 0.13s
    cube 3642.195 (depth 1, 20 lits): UNSAT in 0.23s
    cube 3642.196 (depth 1, 20 lits): UNSAT in 0.64s
    cube 3642.197 (depth 1, 20 lits): UNSAT in 1.28s
    cube 3642.198 (depth 1, 20 lits): UNSAT in 0.06s
    cube 3642.199 (depth 1, 20 lits): UNSAT in 0.08s
    cube 3642.200 (depth 1, 20 lits): UNSAT in 0.19s
    cube 3642.201 (depth 1, 20 lits): UNSAT in 2.59s
    cube 3642.202 (depth 1, 20 lits): UNSAT in 0.06s
    cube 3642.203 (depth 1, 20 lits): UNSAT in 0.28s
    cube 3642.204 (depth 1, 20 lits): UNSAT in 0.20s
    cube 3642.205 (depth 1, 20 lits): UNSAT in 0.58s
    cube 3642.206 (depth 1, 20 lits): UNSAT in 0.35s
    cube 3642.207 (depth 1, 20 lits): UNSAT in 0.93s
    cube 3642.208 (depth 1, 20 lits): UNSAT in 1.43s
    cube 3642.209 (depth 1, 20 lits): UNSAT in 3.79s
    cube 3642.210 (depth 1, 20 lits): UNSAT in 0.03s
    cube 3642.211 (depth 1, 20 lits): UNSAT in 0.35s
    cube 3642.212 (depth 1, 20 lits): UNSAT in 0.18s
    cube 3642.213 (depth 1, 20 lits): UNSAT in 1.59s
    cube 3642.214 (depth 1, 20 lits): UNSAT in 1.34s
    cube 3642.215 (depth 1, 20 lits): UNSAT in 12.61s
    cube 3642.216 (depth 1, 20 lits): UNSAT in 7.80s
    cube 3642.217 (depth 1, 20 lits): UNSAT in 176.60s
    cube 3642.218 (depth 1, 20 lits): UNSAT in 0.15s
    cube 3642.219 (depth 1, 20 lits): UNSAT in 0.49s
    cube 3642.220 (depth 1, 20 lits): UNSAT in 0.42s
    cube 3642.221 (depth 1, 20 lits): UNSAT in 0.78s
    cube 3642.222 (depth 1, 20 lits): UNSAT in 0.18s
    cube 3642.223 (depth 1, 20 lits): UNSAT in 1.88s
    cube 3642.224 (depth 1, 20 lits): UNSAT in 0.41s
    cube 3642.225 (depth 1, 20 lits): UNSAT in 2.85s
    cube 3642.226 (depth 1, 20 lits): UNSAT in 0.70s
    cube 3642.227 (depth 1, 20 lits): UNSAT in 1.15s
    cube 3642.228 (depth 1, 20 lits): UNSAT in 1.47s
    cube 3642.229 (depth 1, 20 lits): UNSAT in 6.92s
    cube 3642.230 (depth 1, 20 lits): UNSAT in 0.31s
    cube 3642.231 (depth 1, 20 lits): UNSAT in 1.28s
    cube 3642.232 (depth 1, 20 lits): UNSAT in 31.16s
    cube 3642.233 (depth 1, 20 lits): UNSAT in 133.19s
    cube 3642.234 (depth 1, 20 lits): UNSAT in 0.14s
    cube 3642.235 (depth 1, 20 lits): UNSAT in 4.06s
    cube 3642.236 (depth 1, 20 lits): UNSAT in 3.24s
    cube 3642.237 (depth 1, 20 lits): UNSAT in 6.18s
    cube 3642.238 (depth 1, 20 lits): UNSAT in 2.51s
    cube 3642.239 (depth 1, 20 lits): UNSAT in 11.85s
    cube 3642.240 (depth 1, 20 lits): UNSAT in 3.18s
    cube 3642.241 (depth 1, 20 lits): UNSAT in 759.35s
    cube 3642.242 (depth 1, 20 lits): UNSAT in 5.50s
    cube 3642.243 (depth 1, 20 lits): UNSAT in 16.28s
    cube 3642.244 (depth 1, 20 lits): UNSAT in 30.41s
    cube 3642.245 (depth 1, 20 lits): UNSAT in 817.00s
    cube 3642.246 (depth 1, 20 lits): UNSAT in 112.64s
    cube 3642.247 (depth 1, 20 lits): TIMEOUT in 1200.07s
    cube 3642.247 TIMEOUT -> re-split into 235 sub-cubes (depth 2)
    cube 3642.247.0 (depth 2, 25 lits): UNSAT in 0.02s
    cube 3642.247.1 (depth 2, 27 lits): UNSAT in 0.01s
    cube 3642.247.2 (depth 2, 28 lits): UNSAT in 0.01s
    cube 3642.247.3 (depth 2, 28 lits): UNSAT in 0.02s
    cube 3642.247.4 (depth 2, 28 lits): UNSAT in 0.01s
    cube 3642.247.5 (depth 2, 28 lits): UNSAT in 0.02s
    cube 3642.247.6 (depth 2, 28 lits): UNSAT in 0.02s
    cube 3642.247.7 (depth 2, 28 lits): UNSAT in 0.02s
    cube 3642.247.8 (depth 2, 27 lits): UNSAT in 0.01s
    cube 3642.247.9 (depth 2, 28 lits): UNSAT in 0.01s
    cube 3642.247.10 (depth 2, 28 lits): UNSAT in 0.02s
    cube 3642.247.11 (depth 2, 28 lits): UNSAT in 0.01s
    cube 3642.247.12 (depth 2, 28 lits): UNSAT in 0.02s
    cube 3642.247.13 (depth 2, 28 lits): UNSAT in 0.03s
    cube 3642.247.14 (depth 2, 28 lits): UNSAT in 0.06s
    cube 3642.247.15 (depth 2, 27 lits): UNSAT in 0.02s
    cube 3642.247.16 (depth 2, 28 lits): UNSAT in 0.02s
    cube 3642.247.17 (depth 2, 28 lits): UNSAT in 0.03s
    cube 3642.247.18 (depth 2, 28 lits): UNSAT in 0.02s
    cube 3642.247.19 (depth 2, 28 lits): UNSAT in 0.02s
    cube 3642.247.20 (depth 2, 28 lits): UNSAT in 0.07s
    cube 3642.247.21 (depth 2, 28 lits): UNSAT in 0.07s
    cube 3642.247.22 (depth 2, 27 lits): UNSAT in 0.01s
    cube 3642.247.23 (depth 2, 27 lits): UNSAT in 0.02s
    cube 3642.247.24 (depth 2, 27 lits): UNSAT in 0.02s
    cube 3642.247.25 (depth 2, 27 lits): UNSAT in 0.02s
    cube 3642.247.26 (depth 2, 28 lits): UNSAT in 0.01s
    cube 3642.247.27 (depth 2, 28 lits): UNSAT in 0.02s
    cube 3642.247.28 (depth 2, 28 lits): UNSAT in 0.01s
    cube 3642.247.29 (depth 2, 28 lits): UNSAT in 0.02s
    cube 3642.247.30 (depth 2, 28 lits): UNSAT in 0.02s
    cube 3642.247.31 (depth 2, 28 lits): UNSAT in 0.02s
    cube 3642.247.32 (depth 2, 28 lits): UNSAT in 0.02s
    cube 3642.247.33 (depth 2, 28 lits): UNSAT in 0.03s
    cube 3642.247.34 (depth 2, 28 lits): UNSAT in 0.01s
    cube 3642.247.35 (depth 2, 28 lits): UNSAT in 0.02s
    cube 3642.247.36 (depth 2, 28 lits): UNSAT in 0.02s
    cube 3642.247.37 (depth 2, 28 lits): UNSAT in 0.02s
    cube 3642.247.38 (depth 2, 28 lits): UNSAT in 0.02s
    cube 3642.247.39 (depth 2, 28 lits): UNSAT in 0.05s
    cube 3642.247.40 (depth 2, 28 lits): UNSAT in 0.02s
    cube 3642.247.41 (depth 2, 28 lits): UNSAT in 0.09s
    cube 3642.247.42 (depth 2, 28 lits): UNSAT in 0.04s
    cube 3642.247.43 (depth 2, 28 lits): UNSAT in 0.05s
    cube 3642.247.44 (depth 2, 28 lits): UNSAT in 0.05s
    cube 3642.247.45 (depth 2, 28 lits): UNSAT in 0.11s
    cube 3642.247.46 (depth 2, 28 lits): UNSAT in 0.04s
    cube 3642.247.47 (depth 2, 28 lits): UNSAT in 0.12s
    cube 3642.247.48 (depth 2, 28 lits): UNSAT in 0.13s
    cube 3642.247.49 (depth 2, 28 lits): UNSAT in 0.59s
    cube 3642.247.50 (depth 2, 27 lits): UNSAT in 0.01s
    cube 3642.247.51 (depth 2, 28 lits): UNSAT in 0.02s
    cube 3642.247.52 (depth 2, 28 lits): UNSAT in 0.04s
    cube 3642.247.53 (depth 2, 28 lits): UNSAT in 0.01s
    cube 3642.247.54 (depth 2, 28 lits): UNSAT in 0.02s
    cube 3642.247.55 (depth 2, 28 lits): UNSAT in 0.03s
    cube 3642.247.56 (depth 2, 28 lits): UNSAT in 0.03s
    cube 3642.247.57 (depth 2, 28 lits): UNSAT in 0.02s
    cube 3642.247.58 (depth 2, 28 lits): UNSAT in 0.01s
    cube 3642.247.59 (depth 2, 28 lits): UNSAT in 0.02s
    cube 3642.247.60 (depth 2, 28 lits): UNSAT in 0.02s
    cube 3642.247.61 (depth 2, 28 lits): UNSAT in 0.01s
    cube 3642.247.62 (depth 2, 28 lits): UNSAT in 0.01s
    cube 3642.247.63 (depth 2, 28 lits): UNSAT in 0.03s
    cube 3642.247.64 (depth 2, 28 lits): UNSAT in 0.03s
    cube 3642.247.65 (depth 2, 28 lits): UNSAT in 0.01s
    cube 3642.247.66 (depth 2, 28 lits): UNSAT in 0.02s
    cube 3642.247.67 (depth 2, 28 lits): UNSAT in 0.02s
    cube 3642.247.68 (depth 2, 28 lits): UNSAT in 0.06s
    cube 3642.247.69 (depth 2, 28 lits): UNSAT in 0.03s
    cube 3642.247.70 (depth 2, 28 lits): UNSAT in 0.06s
    cube 3642.247.71 (depth 2, 28 lits): UNSAT in 0.04s
    cube 3642.247.72 (depth 2, 28 lits): UNSAT in 0.07s
    cube 3642.247.73 (depth 2, 28 lits): UNSAT in 0.03s
    cube 3642.247.74 (depth 2, 28 lits): UNSAT in 0.05s
    cube 3642.247.75 (depth 2, 28 lits): UNSAT in 0.03s
    cube 3642.247.76 (depth 2, 28 lits): UNSAT in 0.07s
    cube 3642.247.77 (depth 2, 28 lits): UNSAT in 0.03s
    cube 3642.247.78 (depth 2, 28 lits): UNSAT in 0.04s
    cube 3642.247.79 (depth 2, 28 lits): UNSAT in 0.02s
    cube 3642.247.80 (depth 2, 28 lits): UNSAT in 0.04s
    cube 3642.247.81 (depth 2, 28 lits): UNSAT in 0.02s
    cube 3642.247.82 (depth 2, 28 lits): UNSAT in 0.03s
    cube 3642.247.83 (depth 2, 28 lits): UNSAT in 0.03s
    cube 3642.247.84 (depth 2, 28 lits): UNSAT in 0.04s
    cube 3642.247.85 (depth 2, 28 lits): UNSAT in 0.02s
    cube 3642.247.86 (depth 2, 28 lits): UNSAT in 0.03s
    cube 3642.247.87 (depth 2, 28 lits): UNSAT in 0.04s
    cube 3642.247.88 (depth 2, 28 lits): UNSAT in 0.10s
    cube 3642.247.89 (depth 2, 28 lits): UNSAT in 0.02s
    cube 3642.247.90 (depth 2, 28 lits): UNSAT in 0.06s
    cube 3642.247.91 (depth 2, 28 lits): UNSAT in 0.09s
    cube 3642.247.92 (depth 2, 28 lits): UNSAT in 0.20s
    cube 3642.247.93 (depth 2, 28 lits): UNSAT in 0.03s
    cube 3642.247.94 (depth 2, 28 lits): UNSAT in 0.08s
    cube 3642.247.95 (depth 2, 28 lits): UNSAT in 0.27s
    cube 3642.247.96 (depth 2, 28 lits): UNSAT in 0.43s
    cube 3642.247.97 (depth 2, 28 lits): UNSAT in 0.02s
    cube 3642.247.98 (depth 2, 28 lits): UNSAT in 0.06s
    cube 3642.247.99 (depth 2, 28 lits): UNSAT in 0.05s
    cube 3642.247.100 (depth 2, 28 lits): UNSAT in 0.51s
    cube 3642.247.101 (depth 2, 28 lits): UNSAT in 0.10s
    cube 3642.247.102 (depth 2, 28 lits): UNSAT in 0.14s
    cube 3642.247.103 (depth 2, 28 lits): UNSAT in 0.19s
    cube 3642.247.104 (depth 2, 28 lits): UNSAT in 0.46s
    cube 3642.247.105 (depth 2, 28 lits): UNSAT in 0.16s
    cube 3642.247.106 (depth 2, 28 lits): UNSAT in 0.98s
    cube 3642.247.107 (depth 2, 28 lits): UNSAT in 0.47s
    cube 3642.247.108 (depth 2, 28 lits): UNSAT in 3.84s
    cube 3642.247.109 (depth 2, 28 lits): UNSAT in 0.71s
    cube 3642.247.110 (depth 2, 28 lits): UNSAT in 2.71s
    cube 3642.247.111 (depth 2, 28 lits): UNSAT in 6.56s
    cube 3642.247.112 (depth 2, 28 lits): UNSAT in 17.64s
    cube 3642.247.113 (depth 2, 27 lits): UNSAT in 0.01s
    cube 3642.247.114 (depth 2, 27 lits): UNSAT in 0.01s
    cube 3642.247.115 (depth 2, 28 lits): UNSAT in 0.02s
    cube 3642.247.116 (depth 2, 28 lits): UNSAT in 0.03s
    cube 3642.247.117 (depth 2, 28 lits): UNSAT in 0.02s
    cube 3642.247.118 (depth 2, 28 lits): UNSAT in 0.04s
    cube 3642.247.119 (depth 2, 27 lits): UNSAT in 0.02s
    cube 3642.247.120 (depth 2, 28 lits): UNSAT in 0.02s
    cube 3642.247.121 (depth 2, 28 lits): UNSAT in 0.02s
    cube 3642.247.122 (depth 2, 28 lits): UNSAT in 0.02s
    cube 3642.247.123 (depth 2, 28 lits): UNSAT in 0.02s
    cube 3642.247.124 (depth 2, 28 lits): UNSAT in 0.17s
    cube 3642.247.125 (depth 2, 28 lits): UNSAT in 0.10s
    cube 3642.247.126 (depth 2, 27 lits): UNSAT in 0.01s
    cube 3642.247.127 (depth 2, 28 lits): UNSAT in 0.02s
    cube 3642.247.128 (depth 2, 28 lits): UNSAT in 0.03s
    cube 3642.247.129 (depth 2, 27 lits): UNSAT in 0.02s
    cube 3642.247.130 (depth 2, 28 lits): UNSAT in 0.02s
    cube 3642.247.131 (depth 2, 28 lits): UNSAT in 0.04s
    cube 3642.247.132 (depth 2, 28 lits): UNSAT in 0.03s
    cube 3642.247.133 (depth 2, 28 lits): UNSAT in 0.03s
    cube 3642.247.134 (depth 2, 28 lits): UNSAT in 0.02s
    cube 3642.247.135 (depth 2, 28 lits): UNSAT in 0.05s
    cube 3642.247.136 (depth 2, 28 lits): UNSAT in 0.02s
    cube 3642.247.137 (depth 2, 28 lits): UNSAT in 0.02s
    cube 3642.247.138 (depth 2, 28 lits): UNSAT in 0.09s
    cube 3642.247.139 (depth 2, 28 lits): UNSAT in 0.04s
    cube 3642.247.140 (depth 2, 27 lits): UNSAT in 0.02s
    cube 3642.247.141 (depth 2, 28 lits): UNSAT in 0.02s
    cube 3642.247.142 (depth 2, 28 lits): UNSAT in 0.02s
    cube 3642.247.143 (depth 2, 28 lits): UNSAT in 0.01s
    cube 3642.247.144 (depth 2, 28 lits): UNSAT in 0.01s
    cube 3642.247.145 (depth 2, 28 lits): UNSAT in 0.03s
    cube 3642.247.146 (depth 2, 28 lits): UNSAT in 0.02s
    cube 3642.247.147 (depth 2, 28 lits): UNSAT in 0.01s
    cube 3642.247.148 (depth 2, 28 lits): UNSAT in 0.03s
    cube 3642.247.149 (depth 2, 28 lits): UNSAT in 0.03s
    cube 3642.247.150 (depth 2, 28 lits): UNSAT in 0.02s
    cube 3642.247.151 (depth 2, 28 lits): UNSAT in 0.03s
    cube 3642.247.152 (depth 2, 28 lits): UNSAT in 0.05s
    cube 3642.247.153 (depth 2, 28 lits): UNSAT in 0.02s
    cube 3642.247.154 (depth 2, 28 lits): UNSAT in 0.06s
    cube 3642.247.155 (depth 2, 28 lits): UNSAT in 0.02s
    cube 3642.247.156 (depth 2, 28 lits): UNSAT in 0.02s
    cube 3642.247.157 (depth 2, 28 lits): UNSAT in 0.02s
    cube 3642.247.158 (depth 2, 28 lits): UNSAT in 0.07s
    cube 3642.247.159 (depth 2, 28 lits): UNSAT in 0.03s
    cube 3642.247.160 (depth 2, 28 lits): UNSAT in 0.02s
    cube 3642.247.161 (depth 2, 28 lits): UNSAT in 0.02s
    cube 3642.247.162 (depth 2, 28 lits): UNSAT in 0.06s
    cube 3642.247.163 (depth 2, 28 lits): UNSAT in 0.07s
    cube 3642.247.164 (depth 2, 28 lits): UNSAT in 0.08s
    cube 3642.247.165 (depth 2, 28 lits): UNSAT in 0.09s
    cube 3642.247.166 (depth 2, 28 lits): UNSAT in 0.21s
    cube 3642.247.167 (depth 2, 28 lits): UNSAT in 0.24s
    cube 3642.247.168 (depth 2, 28 lits): UNSAT in 0.25s
    cube 3642.247.169 (depth 2, 28 lits): UNSAT in 1.19s
    cube 3642.247.170 (depth 2, 28 lits): UNSAT in 1.99s
    cube 3642.247.171 (depth 2, 28 lits): UNSAT in 0.01s
    cube 3642.247.172 (depth 2, 28 lits): UNSAT in 0.02s
    cube 3642.247.173 (depth 2, 28 lits): UNSAT in 0.01s
    cube 3642.247.174 (depth 2, 28 lits): UNSAT in 0.02s
    cube 3642.247.175 (depth 2, 28 lits): UNSAT in 0.02s
    cube 3642.247.176 (depth 2, 28 lits): UNSAT in 0.01s
    cube 3642.247.177 (depth 2, 28 lits): UNSAT in 0.04s
    cube 3642.247.178 (depth 2, 28 lits): UNSAT in 0.05s
    cube 3642.247.179 (depth 2, 28 lits): UNSAT in 0.02s
    cube 3642.247.180 (depth 2, 28 lits): UNSAT in 0.05s
    cube 3642.247.181 (depth 2, 28 lits): UNSAT in 0.04s
    cube 3642.247.182 (depth 2, 28 lits): UNSAT in 0.25s
    cube 3642.247.183 (depth 2, 28 lits): UNSAT in 0.02s
    cube 3642.247.184 (depth 2, 28 lits): UNSAT in 0.05s
    cube 3642.247.185 (depth 2, 28 lits): UNSAT in 0.04s
    cube 3642.247.186 (depth 2, 28 lits): UNSAT in 0.16s
    cube 3642.247.187 (depth 2, 28 lits): UNSAT in 0.03s
    cube 3642.247.188 (depth 2, 28 lits): UNSAT in 0.08s
    cube 3642.247.189 (depth 2, 28 lits): UNSAT in 0.04s
    cube 3642.247.190 (depth 2, 28 lits): UNSAT in 0.37s
    cube 3642.247.191 (depth 2, 28 lits): UNSAT in 0.04s
    cube 3642.247.192 (depth 2, 28 lits): UNSAT in 0.07s
    cube 3642.247.193 (depth 2, 28 lits): UNSAT in 0.16s
    cube 3642.247.194 (depth 2, 28 lits): UNSAT in 0.21s
    cube 3642.247.195 (depth 2, 28 lits): UNSAT in 0.12s
    cube 3642.247.196 (depth 2, 28 lits): UNSAT in 0.20s
    cube 3642.247.197 (depth 2, 28 lits): UNSAT in 0.08s
    cube 3642.247.198 (depth 2, 28 lits): UNSAT in 0.42s
    cube 3642.247.199 (depth 2, 28 lits): UNSAT in 0.12s
    cube 3642.247.200 (depth 2, 28 lits): UNSAT in 0.46s
    cube 3642.247.201 (depth 2, 28 lits): UNSAT in 1.87s
    cube 3642.247.202 (depth 2, 28 lits): UNSAT in 17.77s
    cube 3642.247.203 (depth 2, 28 lits): UNSAT in 0.01s
    cube 3642.247.204 (depth 2, 28 lits): UNSAT in 0.03s
    cube 3642.247.205 (depth 2, 28 lits): UNSAT in 0.09s
    cube 3642.247.206 (depth 2, 28 lits): UNSAT in 0.75s
    cube 3642.247.207 (depth 2, 28 lits): UNSAT in 0.06s
    cube 3642.247.208 (depth 2, 28 lits): UNSAT in 0.13s
    cube 3642.247.209 (depth 2, 28 lits): UNSAT in 0.11s
    cube 3642.247.210 (depth 2, 28 lits): UNSAT in 0.45s
    cube 3642.247.211 (depth 2, 28 lits): UNSAT in 0.03s
    cube 3642.247.212 (depth 2, 28 lits): UNSAT in 0.15s
    cube 3642.247.213 (depth 2, 28 lits): UNSAT in 0.10s
    cube 3642.247.214 (depth 2, 28 lits): UNSAT in 0.51s
    cube 3642.247.215 (depth 2, 28 lits): UNSAT in 0.13s
    cube 3642.247.216 (depth 2, 28 lits): UNSAT in 0.24s
    cube 3642.247.217 (depth 2, 28 lits): UNSAT in 1.73s
    cube 3642.247.218 (depth 2, 28 lits): UNSAT in 71.21s
    cube 3642.247.219 (depth 2, 28 lits): UNSAT in 0.03s
    cube 3642.247.220 (depth 2, 28 lits): UNSAT in 0.38s
    cube 3642.247.221 (depth 2, 28 lits): UNSAT in 0.29s
    cube 3642.247.222 (depth 2, 28 lits): UNSAT in 0.78s
    cube 3642.247.223 (depth 2, 28 lits): UNSAT in 0.14s
    cube 3642.247.224 (depth 2, 28 lits): UNSAT in 0.28s
    cube 3642.247.225 (depth 2, 28 lits): UNSAT in 1.66s
    cube 3642.247.226 (depth 2, 28 lits): UNSAT in 41.61s
    cube 3642.247.227 (depth 2, 28 lits): UNSAT in 0.16s
    cube 3642.247.228 (depth 2, 28 lits): UNSAT in 2.54s
    cube 3642.247.229 (depth 2, 28 lits): UNSAT in 0.45s
    cube 3642.247.230 (depth 2, 28 lits): UNSAT in 40.32s
    cube 3642.247.231 (depth 2, 28 lits): UNSAT in 1.20s
    cube 3642.247.232 (depth 2, 28 lits): UNSAT in 19.39s
    cube 3642.247.233 (depth 2, 28 lits): UNSAT in 68.23s
    cube 3642.247.234 (depth 2, 28 lits): UNSAT in 121.64s
    cube 3642.248 (depth 1, 20 lits): UNSAT in 68.64s
    cube 3642.249 (depth 1, 20 lits): TIMEOUT in 1200.10s
    cube 3642.249 TIMEOUT -> re-split into 241 sub-cubes (depth 2)
    cube 3642.249.0 (depth 2, 26 lits): UNSAT in 0.01s
    cube 3642.249.1 (depth 2, 27 lits): UNSAT in 0.02s
    cube 3642.249.2 (depth 2, 27 lits): UNSAT in 0.02s
    cube 3642.249.3 (depth 2, 27 lits): UNSAT in 0.02s
    cube 3642.249.4 (depth 2, 28 lits): UNSAT in 0.03s
    cube 3642.249.5 (depth 2, 28 lits): UNSAT in 0.03s
    cube 3642.249.6 (depth 2, 28 lits): UNSAT in 0.02s
    cube 3642.249.7 (depth 2, 28 lits): UNSAT in 0.03s
    cube 3642.249.8 (depth 2, 28 lits): UNSAT in 0.01s
    cube 3642.249.9 (depth 2, 28 lits): UNSAT in 0.05s
    cube 3642.249.10 (depth 2, 28 lits): UNSAT in 0.01s
    cube 3642.249.11 (depth 2, 28 lits): UNSAT in 0.02s
    cube 3642.249.12 (depth 2, 27 lits): UNSAT in 0.01s
    cube 3642.249.13 (depth 2, 28 lits): UNSAT in 0.02s
    cube 3642.249.14 (depth 2, 28 lits): UNSAT in 0.02s
    cube 3642.249.15 (depth 2, 28 lits): UNSAT in 0.01s
    cube 3642.249.16 (depth 2, 28 lits): UNSAT in 0.02s
    cube 3642.249.17 (depth 2, 28 lits): UNSAT in 0.01s
    cube 3642.249.18 (depth 2, 28 lits): UNSAT in 0.01s
    cube 3642.249.19 (depth 2, 27 lits): UNSAT in 0.02s
    cube 3642.249.20 (depth 2, 28 lits): UNSAT in 0.02s
    cube 3642.249.21 (depth 2, 28 lits): UNSAT in 0.02s
    cube 3642.249.22 (depth 2, 28 lits): UNSAT in 0.02s
    cube 3642.249.23 (depth 2, 28 lits): UNSAT in 0.05s
    cube 3642.249.24 (depth 2, 28 lits): UNSAT in 0.01s
    cube 3642.249.25 (depth 2, 28 lits): UNSAT in 0.02s
    cube 3642.249.26 (depth 2, 28 lits): UNSAT in 0.01s
    cube 3642.249.27 (depth 2, 28 lits): UNSAT in 0.02s
    cube 3642.249.28 (depth 2, 28 lits): UNSAT in 0.02s
    cube 3642.249.29 (depth 2, 28 lits): UNSAT in 0.01s
    cube 3642.249.30 (depth 2, 28 lits): UNSAT in 0.02s
    cube 3642.249.31 (depth 2, 28 lits): UNSAT in 0.02s
    cube 3642.249.32 (depth 2, 28 lits): UNSAT in 0.02s
    cube 3642.249.33 (depth 2, 28 lits): UNSAT in 0.02s
    cube 3642.249.34 (depth 2, 28 lits): UNSAT in 0.02s
    cube 3642.249.35 (depth 2, 28 lits): UNSAT in 0.03s
    cube 3642.249.36 (depth 2, 28 lits): UNSAT in 0.02s
    cube 3642.249.37 (depth 2, 28 lits): UNSAT in 0.03s
    cube 3642.249.38 (depth 2, 28 lits): UNSAT in 0.02s
    cube 3642.249.39 (depth 2, 28 lits): UNSAT in 0.04s
    cube 3642.249.40 (depth 2, 28 lits): UNSAT in 0.02s
    cube 3642.249.41 (depth 2, 28 lits): UNSAT in 0.02s
    cube 3642.249.42 (depth 2, 28 lits): UNSAT in 0.02s
    cube 3642.249.43 (depth 2, 28 lits): UNSAT in 0.05s
    cube 3642.249.44 (depth 2, 28 lits): UNSAT in 0.04s
    cube 3642.249.45 (depth 2, 28 lits): UNSAT in 0.07s
    cube 3642.249.46 (depth 2, 28 lits): UNSAT in 0.03s
    cube 3642.249.47 (depth 2, 28 lits): UNSAT in 0.04s
    cube 3642.249.48 (depth 2, 28 lits): UNSAT in 0.01s
    cube 3642.249.49 (depth 2, 28 lits): UNSAT in 0.03s
    cube 3642.249.50 (depth 2, 28 lits): UNSAT in 0.03s
    cube 3642.249.51 (depth 2, 28 lits): UNSAT in 0.02s
    cube 3642.249.52 (depth 2, 28 lits): UNSAT in 0.01s
    cube 3642.249.53 (depth 2, 28 lits): UNSAT in 0.02s
    cube 3642.249.54 (depth 2, 28 lits): UNSAT in 0.03s
    cube 3642.249.55 (depth 2, 28 lits): UNSAT in 0.02s
    cube 3642.249.56 (depth 2, 28 lits): UNSAT in 0.01s
    cube 3642.249.57 (depth 2, 28 lits): UNSAT in 0.02s
    cube 3642.249.58 (depth 2, 28 lits): UNSAT in 0.01s
    cube 3642.249.59 (depth 2, 28 lits): UNSAT in 0.02s
    cube 3642.249.60 (depth 2, 28 lits): UNSAT in 0.01s
    cube 3642.249.61 (depth 2, 28 lits): UNSAT in 0.02s
    cube 3642.249.62 (depth 2, 28 lits): UNSAT in 0.03s
    cube 3642.249.63 (depth 2, 28 lits): UNSAT in 0.10s
    cube 3642.249.64 (depth 2, 27 lits): UNSAT in 0.02s
    cube 3642.249.65 (depth 2, 28 lits): UNSAT in 0.02s
    cube 3642.249.66 (depth 2, 28 lits): UNSAT in 0.08s
    cube 3642.249.67 (depth 2, 28 lits): UNSAT in 0.02s
    cube 3642.249.68 (depth 2, 28 lits): UNSAT in 0.03s
    cube 3642.249.69 (depth 2, 28 lits): UNSAT in 0.06s
    cube 3642.249.70 (depth 2, 28 lits): UNSAT in 0.23s
    cube 3642.249.71 (depth 2, 28 lits): UNSAT in 0.02s
    cube 3642.249.72 (depth 2, 28 lits): UNSAT in 0.03s
    cube 3642.249.73 (depth 2, 28 lits): UNSAT in 0.02s
    cube 3642.249.74 (depth 2, 28 lits): UNSAT in 0.03s
    cube 3642.249.75 (depth 2, 28 lits): UNSAT in 0.02s
    cube 3642.249.76 (depth 2, 28 lits): UNSAT in 0.03s
    cube 3642.249.77 (depth 2, 28 lits): UNSAT in 0.05s
    cube 3642.249.78 (depth 2, 28 lits): UNSAT in 0.13s
    cube 3642.249.79 (depth 2, 28 lits): UNSAT in 0.01s
    cube 3642.249.80 (depth 2, 28 lits): UNSAT in 0.02s
    cube 3642.249.81 (depth 2, 28 lits): UNSAT in 0.02s
    cube 3642.249.82 (depth 2, 28 lits): UNSAT in 0.08s
    cube 3642.249.83 (depth 2, 28 lits): UNSAT in 0.06s
    cube 3642.249.84 (depth 2, 28 lits): UNSAT in 0.26s
    cube 3642.249.85 (depth 2, 28 lits): UNSAT in 0.07s
    cube 3642.249.86 (depth 2, 28 lits): UNSAT in 0.31s
    cube 3642.249.87 (depth 2, 28 lits): UNSAT in 0.01s
    cube 3642.249.88 (depth 2, 28 lits): UNSAT in 0.02s
    cube 3642.249.89 (depth 2, 28 lits): UNSAT in 0.02s
    cube 3642.249.90 (depth 2, 28 lits): UNSAT in 0.03s
    cube 3642.249.91 (depth 2, 28 lits): UNSAT in 0.02s
    cube 3642.249.92 (depth 2, 28 lits): UNSAT in 0.03s
    cube 3642.249.93 (depth 2, 28 lits): UNSAT in 0.06s
    cube 3642.249.94 (depth 2, 28 lits): UNSAT in 0.16s
    cube 3642.249.95 (depth 2, 28 lits): UNSAT in 0.03s
    cube 3642.249.96 (depth 2, 28 lits): UNSAT in 0.03s
    cube 3642.249.97 (depth 2, 28 lits): UNSAT in 0.06s
    cube 3642.249.98 (depth 2, 28 lits): UNSAT in 0.10s
    cube 3642.249.99 (depth 2, 28 lits): UNSAT in 0.03s
    cube 3642.249.100 (depth 2, 28 lits): UNSAT in 0.06s
    cube 3642.249.101 (depth 2, 28 lits): UNSAT in 0.13s
    cube 3642.249.102 (depth 2, 28 lits): UNSAT in 0.71s
    cube 3642.249.103 (depth 2, 28 lits): UNSAT in 0.06s
    cube 3642.249.104 (depth 2, 28 lits): UNSAT in 0.20s
    cube 3642.249.105 (depth 2, 28 lits): UNSAT in 0.15s
    cube 3642.249.106 (depth 2, 28 lits): UNSAT in 0.41s
    cube 3642.249.107 (depth 2, 28 lits): UNSAT in 0.17s
    cube 3642.249.108 (depth 2, 28 lits): UNSAT in 0.88s
    cube 3642.249.109 (depth 2, 28 lits): UNSAT in 0.83s
    cube 3642.249.110 (depth 2, 28 lits): UNSAT in 2.23s
    cube 3642.249.111 (depth 2, 28 lits): UNSAT in 0.11s
    cube 3642.249.112 (depth 2, 28 lits): UNSAT in 0.23s
    cube 3642.249.113 (depth 2, 28 lits): UNSAT in 0.23s
    cube 3642.249.114 (depth 2, 28 lits): UNSAT in 0.88s
    cube 3642.249.115 (depth 2, 28 lits): UNSAT in 1.31s
    cube 3642.249.116 (depth 2, 28 lits): UNSAT in 2.49s
    cube 3642.249.117 (depth 2, 28 lits): UNSAT in 4.42s
    cube 3642.249.118 (depth 2, 28 lits): UNSAT in 4.15s
    cube 3642.249.119 (depth 2, 26 lits): UNSAT in 0.02s
    cube 3642.249.120 (depth 2, 28 lits): UNSAT in 0.02s
    cube 3642.249.121 (depth 2, 28 lits): UNSAT in 0.04s
    cube 3642.249.122 (depth 2, 28 lits): UNSAT in 0.02s
    cube 3642.249.123 (depth 2, 28 lits): UNSAT in 0.03s
    cube 3642.249.124 (depth 2, 28 lits): UNSAT in 0.01s
    cube 3642.249.125 (depth 2, 28 lits): UNSAT in 0.02s
    cube 3642.249.126 (depth 2, 28 lits): UNSAT in 0.02s
    cube 3642.249.127 (depth 2, 28 lits): UNSAT in 0.02s
    cube 3642.249.128 (depth 2, 28 lits): UNSAT in 0.02s
    cube 3642.249.129 (depth 2, 28 lits): UNSAT in 0.02s
    cube 3642.249.130 (depth 2, 28 lits): UNSAT in 0.03s
    cube 3642.249.131 (depth 2, 28 lits): UNSAT in 0.06s
    cube 3642.249.132 (depth 2, 28 lits): UNSAT in 0.02s
    cube 3642.249.133 (depth 2, 28 lits): UNSAT in 0.02s
    cube 3642.249.134 (depth 2, 28 lits): UNSAT in 0.02s
    cube 3642.249.135 (depth 2, 28 lits): UNSAT in 0.02s
    cube 3642.249.136 (depth 2, 27 lits): UNSAT in 0.03s
    cube 3642.249.137 (depth 2, 28 lits): UNSAT in 0.02s
    cube 3642.249.138 (depth 2, 28 lits): UNSAT in 0.02s
    cube 3642.249.139 (depth 2, 27 lits): UNSAT in 0.02s
    cube 3642.249.140 (depth 2, 28 lits): UNSAT in 0.03s
    cube 3642.249.141 (depth 2, 28 lits): UNSAT in 0.04s
    cube 3642.249.142 (depth 2, 28 lits): UNSAT in 0.04s
    cube 3642.249.143 (depth 2, 28 lits): UNSAT in 0.02s
    cube 3642.249.144 (depth 2, 28 lits): UNSAT in 0.32s
    cube 3642.249.145 (depth 2, 28 lits): UNSAT in 0.05s
    cube 3642.249.146 (depth 2, 28 lits): UNSAT in 0.01s
    cube 3642.249.147 (depth 2, 28 lits): UNSAT in 0.02s
    cube 3642.249.148 (depth 2, 28 lits): UNSAT in 0.01s
    cube 3642.249.149 (depth 2, 28 lits): UNSAT in 0.02s
    cube 3642.249.150 (depth 2, 28 lits): UNSAT in 0.02s
    cube 3642.249.151 (depth 2, 28 lits): UNSAT in 0.02s
    cube 3642.249.152 (depth 2, 28 lits): UNSAT in 0.02s
    cube 3642.249.153 (depth 2, 28 lits): UNSAT in 0.02s
    cube 3642.249.154 (depth 2, 28 lits): UNSAT in 0.03s
    cube 3642.249.155 (depth 2, 28 lits): UNSAT in 0.02s
    cube 3642.249.156 (depth 2, 28 lits): UNSAT in 0.02s
    cube 3642.249.157 (depth 2, 28 lits): UNSAT in 0.02s
    cube 3642.249.158 (depth 2, 27 lits): UNSAT in 0.02s
    cube 3642.249.159 (depth 2, 28 lits): UNSAT in 0.05s
    cube 3642.249.160 (depth 2, 28 lits): UNSAT in 0.06s
    cube 3642.249.161 (depth 2, 28 lits): UNSAT in 0.01s
    cube 3642.249.162 (depth 2, 28 lits): UNSAT in 0.04s
    cube 3642.249.163 (depth 2, 28 lits): UNSAT in 0.02s
    cube 3642.249.164 (depth 2, 28 lits): UNSAT in 0.03s
    cube 3642.249.165 (depth 2, 28 lits): UNSAT in 0.02s
    cube 3642.249.166 (depth 2, 28 lits): UNSAT in 0.08s
    cube 3642.249.167 (depth 2, 28 lits): UNSAT in 0.12s
    cube 3642.249.168 (depth 2, 28 lits): UNSAT in 0.43s
    cube 3642.249.169 (depth 2, 28 lits): UNSAT in 0.03s
    cube 3642.249.170 (depth 2, 28 lits): UNSAT in 0.04s
    cube 3642.249.171 (depth 2, 28 lits): UNSAT in 0.06s
    cube 3642.249.172 (depth 2, 28 lits): UNSAT in 0.54s
    cube 3642.249.173 (depth 2, 28 lits): UNSAT in 0.06s
    cube 3642.249.174 (depth 2, 28 lits): UNSAT in 0.16s
    cube 3642.249.175 (depth 2, 28 lits): UNSAT in 0.27s
    cube 3642.249.176 (depth 2, 28 lits): UNSAT in 1.38s
    cube 3642.249.177 (depth 2, 28 lits): UNSAT in 0.01s
    cube 3642.249.178 (depth 2, 28 lits): UNSAT in 0.02s
    cube 3642.249.179 (depth 2, 28 lits): UNSAT in 0.02s
    cube 3642.249.180 (depth 2, 28 lits): UNSAT in 0.02s
    cube 3642.249.181 (depth 2, 28 lits): UNSAT in 0.02s
    cube 3642.249.182 (depth 2, 28 lits): UNSAT in 0.06s
    cube 3642.249.183 (depth 2, 28 lits): UNSAT in 0.07s
    cube 3642.249.184 (depth 2, 28 lits): UNSAT in 0.29s
    cube 3642.249.185 (depth 2, 28 lits): UNSAT in 0.01s
    cube 3642.249.186 (depth 2, 28 lits): UNSAT in 0.02s
    cube 3642.249.187 (depth 2, 28 lits): UNSAT in 0.03s
    cube 3642.249.188 (depth 2, 28 lits): UNSAT in 0.06s
    cube 3642.249.189 (depth 2, 28 lits): UNSAT in 0.02s
    cube 3642.249.190 (depth 2, 28 lits): UNSAT in 0.06s
    cube 3642.249.191 (depth 2, 28 lits): UNSAT in 0.04s
    cube 3642.249.192 (depth 2, 28 lits): UNSAT in 0.16s
    cube 3642.249.193 (depth 2, 28 lits): UNSAT in 0.03s
    cube 3642.249.194 (depth 2, 28 lits): UNSAT in 0.10s
    cube 3642.249.195 (depth 2, 28 lits): UNSAT in 0.05s
    cube 3642.249.196 (depth 2, 28 lits): UNSAT in 0.45s
    cube 3642.249.197 (depth 2, 28 lits): UNSAT in 0.05s
    cube 3642.249.198 (depth 2, 28 lits): UNSAT in 0.10s
    cube 3642.249.199 (depth 2, 28 lits): UNSAT in 0.24s
    cube 3642.249.200 (depth 2, 28 lits): UNSAT in 0.17s
    cube 3642.249.201 (depth 2, 28 lits): UNSAT in 0.09s
    cube 3642.249.202 (depth 2, 28 lits): UNSAT in 0.21s
    cube 3642.249.203 (depth 2, 28 lits): UNSAT in 0.09s
    cube 3642.249.204 (depth 2, 28 lits): UNSAT in 0.44s
    cube 3642.249.205 (depth 2, 28 lits): UNSAT in 0.16s
    cube 3642.249.206 (depth 2, 28 lits): UNSAT in 0.29s
    cube 3642.249.207 (depth 2, 28 lits): UNSAT in 2.11s
    cube 3642.249.208 (depth 2, 28 lits): UNSAT in 8.87s
    cube 3642.249.209 (depth 2, 28 lits): UNSAT in 0.05s
    cube 3642.249.210 (depth 2, 28 lits): UNSAT in 0.11s
    cube 3642.249.211 (depth 2, 28 lits): UNSAT in 0.11s
    cube 3642.249.212 (depth 2, 28 lits): UNSAT in 0.34s
    cube 3642.249.213 (depth 2, 28 lits): UNSAT in 0.02s
    cube 3642.249.214 (depth 2, 28 lits): UNSAT in 0.14s
    cube 3642.249.215 (depth 2, 28 lits): UNSAT in 0.10s
    cube 3642.249.216 (depth 2, 28 lits): UNSAT in 0.46s
    cube 3642.249.217 (depth 2, 28 lits): UNSAT in 0.04s
    cube 3642.249.218 (depth 2, 28 lits): UNSAT in 0.10s
    cube 3642.249.219 (depth 2, 28 lits): UNSAT in 0.08s
    cube 3642.249.220 (depth 2, 28 lits): UNSAT in 0.18s
    cube 3642.249.221 (depth 2, 28 lits): UNSAT in 0.23s
    cube 3642.249.222 (depth 2, 28 lits): UNSAT in 0.90s
    cube 3642.249.223 (depth 2, 28 lits): UNSAT in 2.05s
    cube 3642.249.224 (depth 2, 28 lits): UNSAT in 27.98s
    cube 3642.249.225 (depth 2, 28 lits): UNSAT in 0.03s
    cube 3642.249.226 (depth 2, 28 lits): UNSAT in 0.64s
    cube 3642.249.227 (depth 2, 28 lits): UNSAT in 0.41s
    cube 3642.249.228 (depth 2, 28 lits): UNSAT in 1.18s
    cube 3642.249.229 (depth 2, 28 lits): UNSAT in 0.13s
    cube 3642.249.230 (depth 2, 28 lits): UNSAT in 0.44s
    cube 3642.249.231 (depth 2, 28 lits): UNSAT in 1.45s
    cube 3642.249.232 (depth 2, 28 lits): UNSAT in 26.78s
    cube 3642.249.233 (depth 2, 28 lits): UNSAT in 0.59s
    cube 3642.249.234 (depth 2, 28 lits): UNSAT in 0.66s
    cube 3642.249.235 (depth 2, 28 lits): UNSAT in 4.26s
    cube 3642.249.236 (depth 2, 28 lits): UNSAT in 20.11s
    cube 3642.249.237 (depth 2, 28 lits): UNSAT in 0.66s
    cube 3642.249.238 (depth 2, 28 lits): UNSAT in 39.38s
    cube 3642.249.239 (depth 2, 28 lits): UNSAT in 19.84s
    cube 3642.249.240 (depth 2, 28 lits): UNSAT in 84.26s

  shard 22 verdict: UNSAT (1 UNSAT, 0 unresolved) in 6712.5s
