  shard 2/4 (round-robin): 923 of 3692 cubes, per-cube cap 600.0s, re-split depth 7
    cube 2 (depth 0, 22 lits): UNSAT in 0.01s
    cube 6 (depth 0, 22 lits): UNSAT in 0.02s
    cube 10 (depth 0, 21 lits): UNSAT in 0.01s
    cube 14 (depth 0, 24 lits): UNSAT in 0.01s
    cube 18 (depth 0, 24 lits): UNSAT in 0.01s
    cube 22 (depth 0, 23 lits): UNSAT in 0.01s
    cube 26 (depth 0, 24 lits): UNSAT in 0.02s
    cube 30 (depth 0, 22 lits): UNSAT in 0.01s
    cube 34 (depth 0, 24 lits): UNSAT in 0.02s
    cube 38 (depth 0, 21 lits): UNSAT in 0.01s
    cube 42 (depth 0, 24 lits): UNSAT in 0.01s
    cube 46 (depth 0, 21 lits): UNSAT in 0.02s
    cube 50 (depth 0, 24 lits): UNSAT in 0.02s
    cube 54 (depth 0, 23 lits): UNSAT in 0.01s
    cube 58 (depth 0, 24 lits): UNSAT in 0.03s
    cube 62 (depth 0, 24 lits): UNSAT in 0.02s
    cube 66 (depth 0, 24 lits): UNSAT in 0.04s
    cube 70 (depth 0, 22 lits): UNSAT in 0.01s
    cube 74 (depth 0, 24 lits): UNSAT in 0.01s
    cube 78 (depth 0, 23 lits): UNSAT in 0.01s
    cube 82 (depth 0, 24 lits): UNSAT in 0.02s
    cube 86 (depth 0, 24 lits): UNSAT in 0.02s
    cube 90 (depth 0, 24 lits): UNSAT in 0.02s
    cube 94 (depth 0, 24 lits): UNSAT in 0.02s
    cube 98 (depth 0, 24 lits): UNSAT in 0.02s
    cube 102 (depth 0, 23 lits): UNSAT in 0.01s
    cube 106 (depth 0, 24 lits): UNSAT in 0.02s
    cube 110 (depth 0, 24 lits): UNSAT in 0.03s
    cube 114 (depth 0, 24 lits): UNSAT in 0.22s
    cube 118 (depth 0, 23 lits): UNSAT in 0.01s
    cube 122 (depth 0, 24 lits): UNSAT in 0.01s
    cube 126 (depth 0, 23 lits): UNSAT in 0.01s
    cube 130 (depth 0, 23 lits): UNSAT in 0.01s
    cube 134 (depth 0, 24 lits): UNSAT in 0.01s
    cube 138 (depth 0, 23 lits): UNSAT in 0.02s
    cube 142 (depth 0, 24 lits): UNSAT in 0.02s
    cube 146 (depth 0, 24 lits): UNSAT in 0.03s
    cube 150 (depth 0, 24 lits): UNSAT in 0.05s
    cube 154 (depth 0, 24 lits): UNSAT in 0.02s
    cube 158 (depth 0, 24 lits): UNSAT in 0.01s
    cube 162 (depth 0, 24 lits): UNSAT in 0.01s
    cube 166 (depth 0, 24 lits): UNSAT in 0.02s
    cube 170 (depth 0, 24 lits): UNSAT in 0.02s
    cube 174 (depth 0, 24 lits): UNSAT in 0.03s
    cube 178 (depth 0, 23 lits): UNSAT in 0.01s
    cube 182 (depth 0, 24 lits): UNSAT in 0.02s
    cube 186 (depth 0, 24 lits): UNSAT in 0.02s
    cube 190 (depth 0, 24 lits): UNSAT in 0.03s
    cube 194 (depth 0, 24 lits): UNSAT in 0.04s
    cube 198 (depth 0, 24 lits): UNSAT in 0.05s
    cube 202 (depth 0, 24 lits): UNSAT in 0.03s
    cube 206 (depth 0, 24 lits): UNSAT in 0.21s
    cube 210 (depth 0, 24 lits): UNSAT in 0.02s
    cube 214 (depth 0, 24 lits): UNSAT in 0.02s
    cube 218 (depth 0, 24 lits): UNSAT in 0.02s
    cube 222 (depth 0, 24 lits): UNSAT in 0.02s
    cube 226 (depth 0, 24 lits): UNSAT in 0.02s
    cube 230 (depth 0, 24 lits): UNSAT in 0.02s
    cube 234 (depth 0, 24 lits): UNSAT in 0.08s
    cube 238 (depth 0, 24 lits): UNSAT in 0.01s
    cube 242 (depth 0, 24 lits): UNSAT in 0.04s
    cube 246 (depth 0, 24 lits): UNSAT in 0.02s
    cube 250 (depth 0, 24 lits): UNSAT in 0.07s
    cube 254 (depth 0, 24 lits): UNSAT in 0.03s
    cube 258 (depth 0, 24 lits): UNSAT in 0.07s
    cube 262 (depth 0, 24 lits): UNSAT in 0.02s
    cube 266 (depth 0, 24 lits): UNSAT in 0.20s
    cube 270 (depth 0, 24 lits): UNSAT in 0.02s
    cube 274 (depth 0, 24 lits): UNSAT in 0.03s
    cube 278 (depth 0, 24 lits): UNSAT in 0.02s
    cube 282 (depth 0, 24 lits): UNSAT in 0.03s
    cube 286 (depth 0, 24 lits): UNSAT in 0.04s
    cube 290 (depth 0, 24 lits): UNSAT in 0.03s
    cube 294 (depth 0, 24 lits): UNSAT in 0.03s
    cube 298 (depth 0, 24 lits): UNSAT in 0.20s
    cube 302 (depth 0, 24 lits): UNSAT in 0.03s
    cube 306 (depth 0, 24 lits): UNSAT in 0.03s
    cube 310 (depth 0, 24 lits): UNSAT in 0.01s
    cube 314 (depth 0, 24 lits): UNSAT in 0.08s
    cube 318 (depth 0, 24 lits): UNSAT in 0.03s
    cube 322 (depth 0, 24 lits): UNSAT in 0.12s
    cube 326 (depth 0, 24 lits): UNSAT in 0.09s
    cube 330 (depth 0, 24 lits): UNSAT in 0.39s
    cube 334 (depth 0, 24 lits): UNSAT in 0.01s
    cube 338 (depth 0, 24 lits): UNSAT in 0.02s
    cube 342 (depth 0, 22 lits): UNSAT in 0.01s
    cube 346 (depth 0, 24 lits): UNSAT in 0.03s
    cube 350 (depth 0, 23 lits): UNSAT in 0.02s
    cube 354 (depth 0, 24 lits): UNSAT in 0.02s
    cube 358 (depth 0, 24 lits): UNSAT in 0.05s
    cube 362 (depth 0, 24 lits): UNSAT in 0.01s
    cube 366 (depth 0, 24 lits): UNSAT in 0.01s
    cube 370 (depth 0, 24 lits): UNSAT in 0.02s
    cube 374 (depth 0, 22 lits): UNSAT in 0.01s
    cube 378 (depth 0, 24 lits): UNSAT in 0.02s
    cube 382 (depth 0, 24 lits): UNSAT in 0.01s
    cube 386 (depth 0, 24 lits): UNSAT in 0.02s
    cube 390 (depth 0, 24 lits): UNSAT in 0.02s
    cube 394 (depth 0, 24 lits): UNSAT in 0.03s
    cube 398 (depth 0, 24 lits): UNSAT in 0.01s
    cube 402 (depth 0, 24 lits): UNSAT in 0.03s
    cube 406 (depth 0, 24 lits): UNSAT in 0.04s
    cube 410 (depth 0, 24 lits): UNSAT in 0.07s
    cube 414 (depth 0, 24 lits): UNSAT in 0.02s
    cube 418 (depth 0, 24 lits): UNSAT in 0.04s
    cube 422 (depth 0, 24 lits): UNSAT in 0.07s
    cube 426 (depth 0, 24 lits): UNSAT in 0.16s
    cube 430 (depth 0, 24 lits): UNSAT in 0.01s
    cube 434 (depth 0, 24 lits): UNSAT in 0.01s
    cube 438 (depth 0, 24 lits): UNSAT in 0.01s
    cube 442 (depth 0, 24 lits): UNSAT in 0.02s
    cube 446 (depth 0, 24 lits): UNSAT in 0.02s
    cube 450 (depth 0, 24 lits): UNSAT in 0.03s
    cube 454 (depth 0, 24 lits): UNSAT in 0.02s
    cube 458 (depth 0, 24 lits): UNSAT in 0.02s
    cube 462 (depth 0, 24 lits): UNSAT in 0.01s
    cube 466 (depth 0, 24 lits): UNSAT in 0.01s
    cube 470 (depth 0, 24 lits): UNSAT in 0.02s
    cube 474 (depth 0, 24 lits): UNSAT in 0.01s
    cube 478 (depth 0, 24 lits): UNSAT in 0.02s
    cube 482 (depth 0, 21 lits): UNSAT in 0.01s
    cube 486 (depth 0, 24 lits): UNSAT in 0.01s
    cube 490 (depth 0, 24 lits): UNSAT in 0.02s
    cube 494 (depth 0, 24 lits): UNSAT in 0.02s
    cube 498 (depth 0, 24 lits): UNSAT in 0.04s
    cube 502 (depth 0, 24 lits): UNSAT in 0.05s
    cube 506 (depth 0, 24 lits): UNSAT in 0.02s
    cube 510 (depth 0, 24 lits): UNSAT in 0.02s
    cube 514 (depth 0, 24 lits): UNSAT in 0.14s
    cube 518 (depth 0, 24 lits): UNSAT in 0.03s
    cube 522 (depth 0, 24 lits): UNSAT in 0.01s
    cube 526 (depth 0, 24 lits): UNSAT in 0.08s
    cube 530 (depth 0, 24 lits): UNSAT in 0.13s
    cube 534 (depth 0, 24 lits): UNSAT in 0.43s
    cube 538 (depth 0, 23 lits): UNSAT in 0.01s
    cube 542 (depth 0, 22 lits): UNSAT in 0.01s
    cube 546 (depth 0, 23 lits): UNSAT in 0.01s
    cube 550 (depth 0, 24 lits): UNSAT in 0.02s
    cube 554 (depth 0, 24 lits): UNSAT in 0.01s
    cube 558 (depth 0, 24 lits): UNSAT in 0.03s
    cube 562 (depth 0, 24 lits): UNSAT in 0.02s
    cube 566 (depth 0, 24 lits): UNSAT in 0.03s
    cube 570 (depth 0, 24 lits): UNSAT in 0.02s
    cube 574 (depth 0, 24 lits): UNSAT in 0.03s
    cube 578 (depth 0, 24 lits): UNSAT in 0.01s
    cube 582 (depth 0, 24 lits): UNSAT in 0.13s
    cube 586 (depth 0, 23 lits): UNSAT in 0.01s
    cube 590 (depth 0, 24 lits): UNSAT in 0.01s
    cube 594 (depth 0, 23 lits): UNSAT in 0.01s
    cube 598 (depth 0, 24 lits): UNSAT in 0.02s
    cube 602 (depth 0, 24 lits): UNSAT in 0.03s
    cube 606 (depth 0, 24 lits): UNSAT in 0.05s
    cube 610 (depth 0, 24 lits): UNSAT in 0.02s
    cube 614 (depth 0, 24 lits): UNSAT in 0.08s
    cube 618 (depth 0, 24 lits): UNSAT in 0.07s
    cube 622 (depth 0, 24 lits): UNSAT in 0.20s
    cube 626 (depth 0, 24 lits): UNSAT in 0.08s
    cube 630 (depth 0, 24 lits): UNSAT in 0.02s
    cube 634 (depth 0, 24 lits): UNSAT in 0.23s
    cube 638 (depth 0, 24 lits): UNSAT in 0.01s
    cube 642 (depth 0, 24 lits): UNSAT in 0.04s
    cube 646 (depth 0, 24 lits): UNSAT in 0.01s
    cube 650 (depth 0, 24 lits): UNSAT in 0.02s
    cube 654 (depth 0, 24 lits): UNSAT in 0.02s
    cube 658 (depth 0, 24 lits): UNSAT in 0.02s
    cube 662 (depth 0, 24 lits): UNSAT in 0.02s
    cube 666 (depth 0, 24 lits): UNSAT in 0.12s
    cube 670 (depth 0, 24 lits): UNSAT in 0.03s
    cube 674 (depth 0, 24 lits): UNSAT in 0.03s
    cube 678 (depth 0, 24 lits): UNSAT in 0.02s
    cube 682 (depth 0, 24 lits): UNSAT in 0.03s
    cube 686 (depth 0, 24 lits): UNSAT in 0.01s
    cube 690 (depth 0, 24 lits): UNSAT in 0.02s
    cube 694 (depth 0, 24 lits): UNSAT in 0.03s
    cube 698 (depth 0, 24 lits): UNSAT in 0.17s
    cube 702 (depth 0, 24 lits): UNSAT in 0.04s
    cube 706 (depth 0, 24 lits): UNSAT in 0.04s
    cube 710 (depth 0, 24 lits): UNSAT in 0.04s
    cube 714 (depth 0, 24 lits): UNSAT in 0.14s
    cube 718 (depth 0, 24 lits): UNSAT in 0.08s
    cube 722 (depth 0, 24 lits): UNSAT in 0.06s
    cube 726 (depth 0, 24 lits): UNSAT in 0.02s
    cube 730 (depth 0, 24 lits): UNSAT in 0.36s
    cube 734 (depth 0, 24 lits): UNSAT in 0.12s
    cube 738 (depth 0, 24 lits): UNSAT in 0.15s
    cube 742 (depth 0, 24 lits): UNSAT in 0.19s
    cube 746 (depth 0, 24 lits): UNSAT in 0.95s
    cube 750 (depth 0, 24 lits): UNSAT in 0.21s
    cube 754 (depth 0, 24 lits): UNSAT in 1.67s
    cube 758 (depth 0, 24 lits): UNSAT in 0.92s
    cube 762 (depth 0, 24 lits): UNSAT in 17.61s
    cube 766 (depth 0, 24 lits): UNSAT in 0.01s
    cube 770 (depth 0, 23 lits): UNSAT in 0.02s
    cube 774 (depth 0, 24 lits): UNSAT in 0.01s
    cube 778 (depth 0, 24 lits): UNSAT in 0.03s
    cube 782 (depth 0, 24 lits): UNSAT in 0.01s
    cube 786 (depth 0, 24 lits): UNSAT in 0.01s
    cube 790 (depth 0, 24 lits): UNSAT in 0.03s
    cube 794 (depth 0, 24 lits): UNSAT in 0.05s
    cube 798 (depth 0, 24 lits): UNSAT in 0.02s
    cube 802 (depth 0, 24 lits): UNSAT in 0.02s
    cube 806 (depth 0, 24 lits): UNSAT in 0.01s
    cube 810 (depth 0, 24 lits): UNSAT in 0.04s
    cube 814 (depth 0, 24 lits): UNSAT in 0.01s
    cube 818 (depth 0, 24 lits): UNSAT in 0.02s
    cube 822 (depth 0, 23 lits): UNSAT in 0.02s
    cube 826 (depth 0, 24 lits): UNSAT in 0.01s
    cube 830 (depth 0, 24 lits): UNSAT in 0.01s
    cube 834 (depth 0, 24 lits): UNSAT in 0.02s
    cube 838 (depth 0, 24 lits): UNSAT in 0.03s
    cube 842 (depth 0, 24 lits): UNSAT in 0.02s
    cube 846 (depth 0, 24 lits): UNSAT in 0.02s
    cube 850 (depth 0, 24 lits): UNSAT in 0.02s
    cube 854 (depth 0, 24 lits): UNSAT in 0.02s
    cube 858 (depth 0, 24 lits): UNSAT in 0.02s
    cube 862 (depth 0, 24 lits): UNSAT in 0.04s
    cube 866 (depth 0, 24 lits): UNSAT in 0.05s
    cube 870 (depth 0, 24 lits): UNSAT in 0.29s
    cube 874 (depth 0, 23 lits): UNSAT in 0.01s
    cube 878 (depth 0, 24 lits): UNSAT in 0.02s
    cube 882 (depth 0, 24 lits): UNSAT in 0.03s
    cube 886 (depth 0, 24 lits): UNSAT in 0.02s
    cube 890 (depth 0, 24 lits): UNSAT in 0.01s
    cube 894 (depth 0, 24 lits): UNSAT in 0.06s
    cube 898 (depth 0, 24 lits): UNSAT in 0.04s
    cube 902 (depth 0, 24 lits): UNSAT in 0.03s
    cube 906 (depth 0, 24 lits): UNSAT in 0.02s
    cube 910 (depth 0, 24 lits): UNSAT in 0.02s
    cube 914 (depth 0, 24 lits): UNSAT in 0.11s
    cube 918 (depth 0, 24 lits): UNSAT in 0.04s
    cube 922 (depth 0, 24 lits): UNSAT in 0.03s
    cube 926 (depth 0, 24 lits): UNSAT in 0.04s
    cube 930 (depth 0, 24 lits): UNSAT in 0.31s
    cube 934 (depth 0, 24 lits): UNSAT in 0.04s
    cube 938 (depth 0, 24 lits): UNSAT in 0.03s
    cube 942 (depth 0, 24 lits): UNSAT in 0.03s
    cube 946 (depth 0, 24 lits): UNSAT in 0.11s
    cube 950 (depth 0, 24 lits): UNSAT in 0.02s
    cube 954 (depth 0, 24 lits): UNSAT in 0.02s
    cube 958 (depth 0, 24 lits): UNSAT in 0.07s
    cube 962 (depth 0, 24 lits): UNSAT in 0.19s
    cube 966 (depth 0, 24 lits): UNSAT in 0.02s
    cube 970 (depth 0, 24 lits): UNSAT in 0.10s
    cube 974 (depth 0, 24 lits): UNSAT in 0.03s
    cube 978 (depth 0, 24 lits): UNSAT in 0.06s
    cube 982 (depth 0, 24 lits): UNSAT in 0.03s
    cube 986 (depth 0, 24 lits): UNSAT in 0.07s
    cube 990 (depth 0, 24 lits): UNSAT in 0.41s
    cube 994 (depth 0, 24 lits): UNSAT in 1.29s
    cube 998 (depth 0, 22 lits): UNSAT in 0.02s
    cube 1002 (depth 0, 24 lits): UNSAT in 0.02s
    cube 1006 (depth 0, 24 lits): UNSAT in 0.01s
    cube 1010 (depth 0, 24 lits): UNSAT in 0.02s
    cube 1014 (depth 0, 24 lits): UNSAT in 0.02s
    cube 1018 (depth 0, 24 lits): UNSAT in 0.02s
    cube 1022 (depth 0, 24 lits): UNSAT in 0.01s
    cube 1026 (depth 0, 24 lits): UNSAT in 0.01s
    cube 1030 (depth 0, 24 lits): UNSAT in 0.03s
    cube 1034 (depth 0, 24 lits): UNSAT in 0.03s
    cube 1038 (depth 0, 24 lits): UNSAT in 0.03s
    cube 1042 (depth 0, 22 lits): UNSAT in 0.02s
    cube 1046 (depth 0, 24 lits): UNSAT in 0.02s
    cube 1050 (depth 0, 24 lits): UNSAT in 0.02s
    cube 1054 (depth 0, 24 lits): UNSAT in 0.01s
    cube 1058 (depth 0, 24 lits): UNSAT in 0.02s
    cube 1062 (depth 0, 24 lits): UNSAT in 0.02s
    cube 1066 (depth 0, 24 lits): UNSAT in 0.03s
    cube 1070 (depth 0, 24 lits): UNSAT in 0.03s
    cube 1074 (depth 0, 24 lits): UNSAT in 0.02s
    cube 1078 (depth 0, 24 lits): UNSAT in 0.20s
    cube 1082 (depth 0, 24 lits): UNSAT in 0.21s
    cube 1086 (depth 0, 24 lits): UNSAT in 0.47s
    cube 1090 (depth 0, 24 lits): UNSAT in 0.21s
    cube 1094 (depth 0, 24 lits): UNSAT in 0.52s
    cube 1098 (depth 0, 24 lits): UNSAT in 0.02s
    cube 1102 (depth 0, 23 lits): UNSAT in 0.01s
    cube 1106 (depth 0, 24 lits): UNSAT in 0.02s
    cube 1110 (depth 0, 23 lits): UNSAT in 0.01s
    cube 1114 (depth 0, 24 lits): UNSAT in 0.02s
    cube 1118 (depth 0, 24 lits): UNSAT in 0.08s
    cube 1122 (depth 0, 24 lits): UNSAT in 0.01s
    cube 1126 (depth 0, 24 lits): UNSAT in 0.02s
    cube 1130 (depth 0, 24 lits): UNSAT in 0.02s
    cube 1134 (depth 0, 24 lits): UNSAT in 0.01s
    cube 1138 (depth 0, 24 lits): UNSAT in 0.03s
    cube 1142 (depth 0, 24 lits): UNSAT in 0.02s
    cube 1146 (depth 0, 24 lits): UNSAT in 0.09s
    cube 1150 (depth 0, 23 lits): UNSAT in 0.02s
    cube 1154 (depth 0, 24 lits): UNSAT in 0.04s
    cube 1158 (depth 0, 24 lits): UNSAT in 0.07s
    cube 1162 (depth 0, 24 lits): UNSAT in 0.14s
    cube 1166 (depth 0, 24 lits): UNSAT in 0.02s
    cube 1170 (depth 0, 24 lits): UNSAT in 0.10s
    cube 1174 (depth 0, 24 lits): UNSAT in 0.05s
    cube 1178 (depth 0, 24 lits): UNSAT in 0.24s
    cube 1182 (depth 0, 24 lits): UNSAT in 0.12s
    cube 1186 (depth 0, 24 lits): UNSAT in 0.15s
    cube 1190 (depth 0, 24 lits): UNSAT in 0.05s
    cube 1194 (depth 0, 24 lits): UNSAT in 0.61s
    cube 1198 (depth 0, 24 lits): UNSAT in 0.19s
    cube 1202 (depth 0, 24 lits): UNSAT in 0.30s
    cube 1206 (depth 0, 24 lits): UNSAT in 0.95s
    cube 1210 (depth 0, 24 lits): UNSAT in 12.46s
    cube 1214 (depth 0, 24 lits): UNSAT in 0.02s
    cube 1218 (depth 0, 24 lits): UNSAT in 0.04s
    cube 1222 (depth 0, 24 lits): UNSAT in 0.04s
    cube 1226 (depth 0, 24 lits): UNSAT in 0.08s
    cube 1230 (depth 0, 24 lits): UNSAT in 0.02s
    cube 1234 (depth 0, 24 lits): UNSAT in 0.02s
    cube 1238 (depth 0, 24 lits): UNSAT in 0.03s
    cube 1242 (depth 0, 24 lits): UNSAT in 0.59s
    cube 1246 (depth 0, 24 lits): UNSAT in 0.03s
    cube 1250 (depth 0, 24 lits): UNSAT in 0.15s
    cube 1254 (depth 0, 24 lits): UNSAT in 0.05s
    cube 1258 (depth 0, 24 lits): UNSAT in 0.05s
    cube 1262 (depth 0, 24 lits): UNSAT in 0.03s
    cube 1266 (depth 0, 24 lits): UNSAT in 0.03s
    cube 1270 (depth 0, 24 lits): UNSAT in 0.47s
    cube 1274 (depth 0, 24 lits): UNSAT in 3.25s
    cube 1278 (depth 0, 24 lits): UNSAT in 0.06s
    cube 1282 (depth 0, 24 lits): UNSAT in 0.23s
    cube 1286 (depth 0, 24 lits): UNSAT in 0.06s
    cube 1290 (depth 0, 24 lits): UNSAT in 0.86s
    cube 1294 (depth 0, 24 lits): UNSAT in 0.02s
    cube 1298 (depth 0, 24 lits): UNSAT in 0.10s
    cube 1302 (depth 0, 24 lits): UNSAT in 0.22s
    cube 1306 (depth 0, 24 lits): UNSAT in 7.04s
    cube 1310 (depth 0, 24 lits): UNSAT in 0.05s
    cube 1314 (depth 0, 24 lits): UNSAT in 0.22s
    cube 1318 (depth 0, 24 lits): UNSAT in 0.09s
    cube 1322 (depth 0, 24 lits): UNSAT in 0.50s
    cube 1326 (depth 0, 24 lits): UNSAT in 0.24s
    cube 1330 (depth 0, 24 lits): UNSAT in 2.67s
    cube 1334 (depth 0, 24 lits): UNSAT in 0.90s
    cube 1338 (depth 0, 24 lits): UNSAT in 1.39s
    cube 1342 (depth 0, 24 lits): UNSAT in 0.02s
    cube 1346 (depth 0, 24 lits): UNSAT in 0.02s
    cube 1350 (depth 0, 24 lits): UNSAT in 0.02s
    cube 1354 (depth 0, 24 lits): UNSAT in 0.08s
    cube 1358 (depth 0, 24 lits): UNSAT in 0.01s
    cube 1362 (depth 0, 24 lits): UNSAT in 0.03s
    cube 1366 (depth 0, 24 lits): UNSAT in 0.06s
    cube 1370 (depth 0, 24 lits): UNSAT in 0.77s
    cube 1374 (depth 0, 24 lits): UNSAT in 0.01s
    cube 1378 (depth 0, 24 lits): UNSAT in 0.05s
    cube 1382 (depth 0, 24 lits): UNSAT in 0.17s
    cube 1386 (depth 0, 24 lits): UNSAT in 0.15s
    cube 1390 (depth 0, 24 lits): UNSAT in 0.04s
    cube 1394 (depth 0, 24 lits): UNSAT in 0.34s
    cube 1398 (depth 0, 24 lits): UNSAT in 0.17s
    cube 1402 (depth 0, 24 lits): UNSAT in 1.27s
    cube 1406 (depth 0, 24 lits): UNSAT in 0.03s
    cube 1410 (depth 0, 24 lits): UNSAT in 0.02s
    cube 1414 (depth 0, 24 lits): UNSAT in 0.02s
    cube 1418 (depth 0, 24 lits): UNSAT in 0.03s
    cube 1422 (depth 0, 23 lits): UNSAT in 0.02s
    cube 1426 (depth 0, 24 lits): UNSAT in 0.03s
    cube 1430 (depth 0, 24 lits): UNSAT in 0.75s
    cube 1434 (depth 0, 24 lits): UNSAT in 0.02s
    cube 1438 (depth 0, 24 lits): UNSAT in 0.08s
    cube 1442 (depth 0, 24 lits): UNSAT in 0.08s
    cube 1446 (depth 0, 24 lits): UNSAT in 0.99s
    cube 1450 (depth 0, 24 lits): UNSAT in 0.66s
    cube 1454 (depth 0, 24 lits): UNSAT in 1.89s
    cube 1458 (depth 0, 24 lits): UNSAT in 0.92s
    cube 1462 (depth 0, 24 lits): UNSAT in 17.72s
    cube 1466 (depth 0, 24 lits): UNSAT in 0.03s
    cube 1470 (depth 0, 24 lits): UNSAT in 0.17s
    cube 1474 (depth 0, 24 lits): UNSAT in 0.08s
    cube 1478 (depth 0, 24 lits): UNSAT in 0.25s
    cube 1482 (depth 0, 24 lits): UNSAT in 0.03s
    cube 1486 (depth 0, 24 lits): UNSAT in 0.11s
    cube 1490 (depth 0, 24 lits): UNSAT in 0.08s
    cube 1494 (depth 0, 24 lits): UNSAT in 0.92s
    cube 1498 (depth 0, 24 lits): UNSAT in 0.06s
    cube 1502 (depth 0, 24 lits): UNSAT in 0.04s
    cube 1506 (depth 0, 24 lits): UNSAT in 0.11s
    cube 1510 (depth 0, 24 lits): UNSAT in 0.28s
    cube 1514 (depth 0, 24 lits): UNSAT in 0.11s
    cube 1518 (depth 0, 24 lits): UNSAT in 1.57s
    cube 1522 (depth 0, 24 lits): UNSAT in 0.11s
    cube 1526 (depth 0, 24 lits): UNSAT in 13.71s
    cube 1530 (depth 0, 24 lits): UNSAT in 0.07s
    cube 1534 (depth 0, 24 lits): UNSAT in 0.11s
    cube 1538 (depth 0, 24 lits): UNSAT in 0.04s
    cube 1542 (depth 0, 24 lits): UNSAT in 0.10s
    cube 1546 (depth 0, 24 lits): UNSAT in 0.14s
    cube 1550 (depth 0, 24 lits): UNSAT in 0.83s
    cube 1554 (depth 0, 24 lits): UNSAT in 0.37s
    cube 1558 (depth 0, 24 lits): UNSAT in 2.86s
    cube 1562 (depth 0, 24 lits): UNSAT in 0.05s
    cube 1566 (depth 0, 24 lits): UNSAT in 0.34s
    cube 1570 (depth 0, 24 lits): UNSAT in 1.11s
    cube 1574 (depth 0, 24 lits): UNSAT in 0.54s
    cube 1578 (depth 0, 24 lits): UNSAT in 0.04s
    cube 1582 (depth 0, 24 lits): UNSAT in 1.60s
    cube 1586 (depth 0, 24 lits): UNSAT in 5.74s
    cube 1590 (depth 0, 24 lits): UNSAT in 83.36s
    cube 1594 (depth 0, 24 lits): UNSAT in 0.27s
    cube 1598 (depth 0, 24 lits): UNSAT in 0.26s
    cube 1602 (depth 0, 24 lits): UNSAT in 0.09s
    cube 1606 (depth 0, 24 lits): UNSAT in 1.15s
    cube 1610 (depth 0, 24 lits): UNSAT in 0.11s
    cube 1614 (depth 0, 24 lits): UNSAT in 1.90s
    cube 1618 (depth 0, 24 lits): UNSAT in 0.54s
    cube 1622 (depth 0, 24 lits): UNSAT in 3.37s
    cube 1626 (depth 0, 24 lits): UNSAT in 0.30s
    cube 1630 (depth 0, 24 lits): UNSAT in 0.49s
    cube 1634 (depth 0, 24 lits): UNSAT in 1.07s
    cube 1638 (depth 0, 24 lits): UNSAT in 0.68s
    cube 1642 (depth 0, 24 lits): UNSAT in 0.98s
    cube 1646 (depth 0, 24 lits): UNSAT in 5.86s
    cube 1650 (depth 0, 24 lits): UNSAT in 27.34s
    cube 1654 (depth 0, 24 lits): UNSAT in 28.72s
    cube 1658 (depth 0, 24 lits): UNSAT in 0.13s
    cube 1662 (depth 0, 24 lits): UNSAT in 0.77s
    cube 1666 (depth 0, 24 lits): UNSAT in 2.18s
    cube 1670 (depth 0, 24 lits): UNSAT in 5.40s
    cube 1674 (depth 0, 24 lits): UNSAT in 2.20s
    cube 1678 (depth 0, 24 lits): UNSAT in 9.57s
    cube 1682 (depth 0, 24 lits): UNSAT in 9.21s
    cube 1686 (depth 0, 24 lits): UNSAT in 145.84s
    cube 1690 (depth 0, 24 lits): UNSAT in 1.40s
    cube 1694 (depth 0, 24 lits): UNSAT in 12.52s
    cube 1698 (depth 0, 24 lits): UNSAT in 5.05s
    cube 1702 (depth 0, 24 lits): UNSAT in 16.34s
    cube 1706 (depth 0, 24 lits): UNSAT in 8.09s
    cube 1710 (depth 0, 24 lits): UNSAT in 88.60s
    cube 1714 (depth 0, 24 lits): UNSAT in 15.30s
    cube 1718 (depth 0, 24 lits): TIMEOUT in 600.10s
    cube 1718 TIMEOUT -> re-split into 253 sub-cubes (depth 1)
    cube 1718.0 (depth 1, 31 lits): UNSAT in 0.01s
    cube 1718.1 (depth 1, 32 lits): UNSAT in 0.01s
    cube 1718.2 (depth 1, 32 lits): UNSAT in 0.02s
    cube 1718.3 (depth 1, 32 lits): UNSAT in 0.01s
    cube 1718.4 (depth 1, 32 lits): UNSAT in 0.02s
    cube 1718.5 (depth 1, 32 lits): UNSAT in 0.02s
    cube 1718.6 (depth 1, 32 lits): UNSAT in 0.04s
    cube 1718.7 (depth 1, 32 lits): UNSAT in 0.01s
    cube 1718.8 (depth 1, 32 lits): UNSAT in 0.02s
    cube 1718.9 (depth 1, 32 lits): UNSAT in 0.02s
    cube 1718.10 (depth 1, 32 lits): UNSAT in 0.06s
    cube 1718.11 (depth 1, 32 lits): UNSAT in 0.02s
    cube 1718.12 (depth 1, 32 lits): UNSAT in 0.08s
    cube 1718.13 (depth 1, 32 lits): UNSAT in 0.09s
    cube 1718.14 (depth 1, 32 lits): UNSAT in 0.11s
    cube 1718.15 (depth 1, 32 lits): UNSAT in 0.02s
    cube 1718.16 (depth 1, 32 lits): UNSAT in 0.02s
    cube 1718.17 (depth 1, 32 lits): UNSAT in 0.02s
    cube 1718.18 (depth 1, 32 lits): UNSAT in 0.04s
    cube 1718.19 (depth 1, 32 lits): UNSAT in 0.01s
    cube 1718.20 (depth 1, 32 lits): UNSAT in 0.03s
    cube 1718.21 (depth 1, 32 lits): UNSAT in 0.04s
    cube 1718.22 (depth 1, 32 lits): UNSAT in 0.15s
    cube 1718.23 (depth 1, 32 lits): UNSAT in 0.02s
    cube 1718.24 (depth 1, 32 lits): UNSAT in 0.03s
    cube 1718.25 (depth 1, 32 lits): UNSAT in 0.03s
    cube 1718.26 (depth 1, 32 lits): UNSAT in 0.20s
    cube 1718.27 (depth 1, 32 lits): UNSAT in 0.03s
    cube 1718.28 (depth 1, 32 lits): UNSAT in 0.12s
    cube 1718.29 (depth 1, 32 lits): UNSAT in 0.26s
    cube 1718.30 (depth 1, 32 lits): UNSAT in 0.28s
    cube 1718.31 (depth 1, 32 lits): UNSAT in 0.02s
    cube 1718.32 (depth 1, 32 lits): UNSAT in 0.02s
    cube 1718.33 (depth 1, 32 lits): UNSAT in 0.02s
    cube 1718.34 (depth 1, 32 lits): UNSAT in 0.02s
    cube 1718.35 (depth 1, 32 lits): UNSAT in 0.01s
    cube 1718.36 (depth 1, 32 lits): UNSAT in 0.03s
    cube 1718.37 (depth 1, 32 lits): UNSAT in 0.05s
    cube 1718.38 (depth 1, 32 lits): UNSAT in 0.06s
    cube 1718.39 (depth 1, 32 lits): UNSAT in 0.01s
    cube 1718.40 (depth 1, 32 lits): UNSAT in 0.01s
    cube 1718.41 (depth 1, 32 lits): UNSAT in 0.02s
    cube 1718.42 (depth 1, 32 lits): UNSAT in 0.07s
    cube 1718.43 (depth 1, 32 lits): UNSAT in 0.04s
    cube 1718.44 (depth 1, 32 lits): UNSAT in 0.13s
    cube 1718.45 (depth 1, 32 lits): UNSAT in 0.10s
    cube 1718.46 (depth 1, 32 lits): UNSAT in 0.21s
    cube 1718.47 (depth 1, 32 lits): UNSAT in 0.02s
    cube 1718.48 (depth 1, 32 lits): UNSAT in 0.02s
    cube 1718.49 (depth 1, 32 lits): UNSAT in 0.02s
    cube 1718.50 (depth 1, 32 lits): UNSAT in 0.03s
    cube 1718.51 (depth 1, 32 lits): UNSAT in 0.01s
    cube 1718.52 (depth 1, 32 lits): UNSAT in 0.03s
    cube 1718.53 (depth 1, 32 lits): UNSAT in 0.03s
    cube 1718.54 (depth 1, 32 lits): UNSAT in 0.15s
    cube 1718.55 (depth 1, 32 lits): UNSAT in 0.02s
    cube 1718.56 (depth 1, 32 lits): UNSAT in 0.05s
    cube 1718.57 (depth 1, 32 lits): UNSAT in 0.03s
    cube 1718.58 (depth 1, 32 lits): UNSAT in 0.09s
    cube 1718.59 (depth 1, 32 lits): UNSAT in 0.15s
    cube 1718.60 (depth 1, 32 lits): UNSAT in 0.50s
    cube 1718.61 (depth 1, 32 lits): UNSAT in 0.45s
    cube 1718.62 (depth 1, 32 lits): UNSAT in 1.19s
    cube 1718.63 (depth 1, 32 lits): UNSAT in 0.01s
    cube 1718.64 (depth 1, 32 lits): UNSAT in 0.02s
    cube 1718.65 (depth 1, 32 lits): UNSAT in 0.01s
    cube 1718.66 (depth 1, 32 lits): UNSAT in 0.02s
    cube 1718.67 (depth 1, 32 lits): UNSAT in 0.02s
    cube 1718.68 (depth 1, 32 lits): UNSAT in 0.02s
    cube 1718.69 (depth 1, 32 lits): UNSAT in 0.02s
    cube 1718.70 (depth 1, 32 lits): UNSAT in 0.03s
    cube 1718.71 (depth 1, 32 lits): UNSAT in 0.02s
    cube 1718.72 (depth 1, 32 lits): UNSAT in 0.02s
    cube 1718.73 (depth 1, 32 lits): UNSAT in 0.04s
    cube 1718.74 (depth 1, 32 lits): UNSAT in 0.04s
    cube 1718.75 (depth 1, 32 lits): UNSAT in 0.02s
    cube 1718.76 (depth 1, 32 lits): UNSAT in 0.05s
    cube 1718.77 (depth 1, 32 lits): UNSAT in 0.06s
    cube 1718.78 (depth 1, 32 lits): UNSAT in 0.30s
    cube 1718.79 (depth 1, 32 lits): UNSAT in 0.01s
    cube 1718.80 (depth 1, 32 lits): UNSAT in 0.02s
    cube 1718.81 (depth 1, 32 lits): UNSAT in 0.02s
    cube 1718.82 (depth 1, 32 lits): UNSAT in 0.07s
    cube 1718.83 (depth 1, 32 lits): UNSAT in 0.03s
    cube 1718.84 (depth 1, 32 lits): UNSAT in 0.04s
    cube 1718.85 (depth 1, 32 lits): UNSAT in 0.05s
    cube 1718.86 (depth 1, 32 lits): UNSAT in 0.14s
    cube 1718.87 (depth 1, 32 lits): UNSAT in 0.04s
    cube 1718.88 (depth 1, 32 lits): UNSAT in 0.07s
    cube 1718.89 (depth 1, 32 lits): UNSAT in 0.07s
    cube 1718.90 (depth 1, 32 lits): UNSAT in 0.18s
    cube 1718.91 (depth 1, 32 lits): UNSAT in 0.10s
    cube 1718.92 (depth 1, 32 lits): UNSAT in 0.37s
    cube 1718.93 (depth 1, 32 lits): UNSAT in 0.17s
    cube 1718.94 (depth 1, 32 lits): UNSAT in 1.18s
    cube 1718.95 (depth 1, 31 lits): UNSAT in 0.01s
    cube 1718.96 (depth 1, 32 lits): UNSAT in 0.02s
    cube 1718.97 (depth 1, 32 lits): UNSAT in 0.02s
    cube 1718.98 (depth 1, 31 lits): UNSAT in 0.01s
    cube 1718.99 (depth 1, 32 lits): UNSAT in 0.03s
    cube 1718.100 (depth 1, 32 lits): UNSAT in 0.04s
    cube 1718.101 (depth 1, 32 lits): UNSAT in 0.01s
    cube 1718.102 (depth 1, 32 lits): UNSAT in 0.03s
    cube 1718.103 (depth 1, 32 lits): UNSAT in 0.02s
    cube 1718.104 (depth 1, 32 lits): UNSAT in 0.04s
    cube 1718.105 (depth 1, 32 lits): UNSAT in 0.01s
    cube 1718.106 (depth 1, 32 lits): UNSAT in 0.03s
    cube 1718.107 (depth 1, 32 lits): UNSAT in 0.02s
    cube 1718.108 (depth 1, 32 lits): UNSAT in 0.16s
    cube 1718.109 (depth 1, 32 lits): UNSAT in 0.04s
    cube 1718.110 (depth 1, 32 lits): UNSAT in 0.05s
    cube 1718.111 (depth 1, 32 lits): UNSAT in 0.08s
    cube 1718.112 (depth 1, 32 lits): UNSAT in 0.18s
    cube 1718.113 (depth 1, 32 lits): UNSAT in 0.03s
    cube 1718.114 (depth 1, 32 lits): UNSAT in 0.05s
    cube 1718.115 (depth 1, 32 lits): UNSAT in 0.33s
    cube 1718.116 (depth 1, 32 lits): UNSAT in 0.25s
    cube 1718.117 (depth 1, 32 lits): UNSAT in 0.06s
    cube 1718.118 (depth 1, 32 lits): UNSAT in 0.12s
    cube 1718.119 (depth 1, 32 lits): UNSAT in 0.08s
    cube 1718.120 (depth 1, 32 lits): UNSAT in 0.22s
    cube 1718.121 (depth 1, 32 lits): UNSAT in 0.08s
    cube 1718.122 (depth 1, 32 lits): UNSAT in 0.17s
    cube 1718.123 (depth 1, 32 lits): UNSAT in 0.09s
    cube 1718.124 (depth 1, 32 lits): UNSAT in 0.44s
    cube 1718.125 (depth 1, 32 lits): UNSAT in 0.02s
    cube 1718.126 (depth 1, 32 lits): UNSAT in 0.07s
    cube 1718.127 (depth 1, 32 lits): UNSAT in 0.03s
    cube 1718.128 (depth 1, 32 lits): UNSAT in 0.05s
    cube 1718.129 (depth 1, 32 lits): UNSAT in 0.02s
    cube 1718.130 (depth 1, 32 lits): UNSAT in 0.04s
    cube 1718.131 (depth 1, 32 lits): UNSAT in 0.04s
    cube 1718.132 (depth 1, 32 lits): UNSAT in 0.05s
    cube 1718.133 (depth 1, 32 lits): UNSAT in 0.02s
    cube 1718.134 (depth 1, 32 lits): UNSAT in 0.03s
    cube 1718.135 (depth 1, 32 lits): UNSAT in 0.03s
    cube 1718.136 (depth 1, 32 lits): UNSAT in 0.06s
    cube 1718.137 (depth 1, 32 lits): UNSAT in 0.04s
    cube 1718.138 (depth 1, 32 lits): UNSAT in 0.13s
    cube 1718.139 (depth 1, 32 lits): UNSAT in 0.13s
    cube 1718.140 (depth 1, 32 lits): UNSAT in 0.20s
    cube 1718.141 (depth 1, 32 lits): UNSAT in 0.02s
    cube 1718.142 (depth 1, 32 lits): UNSAT in 0.02s
    cube 1718.143 (depth 1, 32 lits): UNSAT in 0.03s
    cube 1718.144 (depth 1, 32 lits): UNSAT in 0.09s
    cube 1718.145 (depth 1, 32 lits): UNSAT in 0.03s
    cube 1718.146 (depth 1, 32 lits): UNSAT in 0.06s
    cube 1718.147 (depth 1, 32 lits): UNSAT in 0.04s
    cube 1718.148 (depth 1, 32 lits): UNSAT in 0.18s
    cube 1718.149 (depth 1, 32 lits): UNSAT in 0.04s
    cube 1718.150 (depth 1, 32 lits): UNSAT in 0.04s
    cube 1718.151 (depth 1, 32 lits): UNSAT in 0.02s
    cube 1718.152 (depth 1, 32 lits): UNSAT in 0.07s
    cube 1718.153 (depth 1, 32 lits): UNSAT in 0.10s
    cube 1718.154 (depth 1, 32 lits): UNSAT in 0.69s
    cube 1718.155 (depth 1, 32 lits): UNSAT in 0.24s
    cube 1718.156 (depth 1, 32 lits): UNSAT in 1.02s
    cube 1718.157 (depth 1, 32 lits): UNSAT in 0.02s
    cube 1718.158 (depth 1, 32 lits): UNSAT in 0.03s
    cube 1718.159 (depth 1, 32 lits): UNSAT in 0.03s
    cube 1718.160 (depth 1, 32 lits): UNSAT in 0.05s
    cube 1718.161 (depth 1, 32 lits): UNSAT in 0.04s
    cube 1718.162 (depth 1, 32 lits): UNSAT in 0.04s
    cube 1718.163 (depth 1, 32 lits): UNSAT in 0.02s
    cube 1718.164 (depth 1, 32 lits): UNSAT in 0.06s
    cube 1718.165 (depth 1, 32 lits): UNSAT in 0.02s
    cube 1718.166 (depth 1, 32 lits): UNSAT in 0.03s
    cube 1718.167 (depth 1, 32 lits): UNSAT in 0.06s
    cube 1718.168 (depth 1, 32 lits): UNSAT in 0.03s
    cube 1718.169 (depth 1, 32 lits): UNSAT in 0.02s
    cube 1718.170 (depth 1, 32 lits): UNSAT in 0.03s
    cube 1718.171 (depth 1, 32 lits): UNSAT in 0.04s
    cube 1718.172 (depth 1, 32 lits): UNSAT in 0.03s
    cube 1718.173 (depth 1, 32 lits): UNSAT in 0.02s
    cube 1718.174 (depth 1, 32 lits): UNSAT in 0.08s
    cube 1718.175 (depth 1, 32 lits): UNSAT in 0.03s
    cube 1718.176 (depth 1, 32 lits): UNSAT in 0.12s
    cube 1718.177 (depth 1, 32 lits): UNSAT in 0.02s
    cube 1718.178 (depth 1, 32 lits): UNSAT in 0.02s
    cube 1718.179 (depth 1, 32 lits): UNSAT in 0.03s
    cube 1718.180 (depth 1, 32 lits): UNSAT in 0.04s
    cube 1718.181 (depth 1, 32 lits): UNSAT in 0.04s
    cube 1718.182 (depth 1, 32 lits): UNSAT in 0.02s
    cube 1718.183 (depth 1, 32 lits): UNSAT in 0.05s
    cube 1718.184 (depth 1, 32 lits): UNSAT in 0.06s
    cube 1718.185 (depth 1, 32 lits): UNSAT in 0.15s
    cube 1718.186 (depth 1, 32 lits): UNSAT in 0.18s
    cube 1718.187 (depth 1, 32 lits): UNSAT in 0.26s
    cube 1718.188 (depth 1, 32 lits): UNSAT in 0.79s
    cube 1718.189 (depth 1, 32 lits): UNSAT in 0.02s
    cube 1718.190 (depth 1, 32 lits): UNSAT in 0.02s
    cube 1718.191 (depth 1, 32 lits): UNSAT in 0.03s
    cube 1718.192 (depth 1, 32 lits): UNSAT in 0.07s
    cube 1718.193 (depth 1, 32 lits): UNSAT in 0.03s
    cube 1718.194 (depth 1, 32 lits): UNSAT in 0.15s
    cube 1718.195 (depth 1, 32 lits): UNSAT in 0.11s
    cube 1718.196 (depth 1, 32 lits): UNSAT in 0.72s
    cube 1718.197 (depth 1, 32 lits): UNSAT in 0.09s
    cube 1718.198 (depth 1, 32 lits): UNSAT in 0.12s
    cube 1718.199 (depth 1, 32 lits): UNSAT in 0.06s
    cube 1718.200 (depth 1, 32 lits): UNSAT in 0.74s
    cube 1718.201 (depth 1, 32 lits): UNSAT in 0.16s
    cube 1718.202 (depth 1, 32 lits): UNSAT in 0.82s
    cube 1718.203 (depth 1, 32 lits): UNSAT in 0.15s
    cube 1718.204 (depth 1, 32 lits): UNSAT in 5.56s
    cube 1718.205 (depth 1, 32 lits): UNSAT in 0.03s
    cube 1718.206 (depth 1, 32 lits): UNSAT in 0.06s
    cube 1718.207 (depth 1, 32 lits): UNSAT in 0.04s
    cube 1718.208 (depth 1, 32 lits): UNSAT in 0.07s
    cube 1718.209 (depth 1, 32 lits): UNSAT in 0.08s
    cube 1718.210 (depth 1, 32 lits): UNSAT in 0.20s
    cube 1718.211 (depth 1, 32 lits): UNSAT in 0.19s
    cube 1718.212 (depth 1, 32 lits): UNSAT in 0.38s
    cube 1718.213 (depth 1, 32 lits): UNSAT in 0.01s
    cube 1718.214 (depth 1, 32 lits): UNSAT in 0.06s
    cube 1718.215 (depth 1, 32 lits): UNSAT in 0.06s
    cube 1718.216 (depth 1, 32 lits): UNSAT in 0.56s
    cube 1718.217 (depth 1, 32 lits): UNSAT in 0.05s
    cube 1718.218 (depth 1, 32 lits): UNSAT in 0.36s
    cube 1718.219 (depth 1, 32 lits): UNSAT in 0.78s
    cube 1718.220 (depth 1, 32 lits): UNSAT in 3.83s
    cube 1718.221 (depth 1, 32 lits): UNSAT in 0.04s
    cube 1718.222 (depth 1, 32 lits): UNSAT in 0.04s
    cube 1718.223 (depth 1, 32 lits): UNSAT in 0.13s
    cube 1718.224 (depth 1, 32 lits): UNSAT in 1.36s
    cube 1718.225 (depth 1, 32 lits): UNSAT in 0.47s
    cube 1718.226 (depth 1, 32 lits): UNSAT in 1.58s
    cube 1718.227 (depth 1, 32 lits): UNSAT in 0.50s
    cube 1718.228 (depth 1, 32 lits): UNSAT in 4.81s
    cube 1718.229 (depth 1, 32 lits): UNSAT in 0.15s
    cube 1718.230 (depth 1, 32 lits): UNSAT in 2.37s
    cube 1718.231 (depth 1, 32 lits): UNSAT in 2.68s
    cube 1718.232 (depth 1, 32 lits): UNSAT in 8.50s
    cube 1718.233 (depth 1, 32 lits): UNSAT in 0.78s
    cube 1718.234 (depth 1, 32 lits): UNSAT in 3.05s
    cube 1718.235 (depth 1, 32 lits): UNSAT in 5.57s
    cube 1718.236 (depth 1, 32 lits): UNSAT in 3.07s
    cube 1718.237 (depth 1, 32 lits): UNSAT in 0.06s
    cube 1718.238 (depth 1, 32 lits): UNSAT in 0.36s
    cube 1718.239 (depth 1, 32 lits): UNSAT in 0.83s
    cube 1718.240 (depth 1, 32 lits): UNSAT in 9.62s
    cube 1718.241 (depth 1, 32 lits): UNSAT in 0.50s
    cube 1718.242 (depth 1, 32 lits): UNSAT in 4.35s
    cube 1718.243 (depth 1, 32 lits): UNSAT in 8.27s
    cube 1718.244 (depth 1, 32 lits): UNSAT in 48.55s
    cube 1718.245 (depth 1, 32 lits): UNSAT in 0.32s
    cube 1718.246 (depth 1, 32 lits): UNSAT in 1.37s
    cube 1718.247 (depth 1, 32 lits): UNSAT in 2.92s
    cube 1718.248 (depth 1, 32 lits): UNSAT in 36.08s
    cube 1718.249 (depth 1, 32 lits): UNSAT in 5.66s
    cube 1718.250 (depth 1, 32 lits): UNSAT in 73.97s
    cube 1718.251 (depth 1, 32 lits): UNSAT in 147.36s
    cube 1718.252 (depth 1, 32 lits): UNSAT in 153.30s
    cube 1722 (depth 0, 24 lits): UNSAT in 0.01s
    cube 1726 (depth 0, 21 lits): UNSAT in 0.01s
    cube 1730 (depth 0, 24 lits): UNSAT in 0.01s
    cube 1734 (depth 0, 23 lits): UNSAT in 0.01s
    cube 1738 (depth 0, 24 lits): UNSAT in 0.02s
    cube 1742 (depth 0, 24 lits): UNSAT in 0.02s
    cube 1746 (depth 0, 23 lits): UNSAT in 0.01s
    cube 1750 (depth 0, 24 lits): UNSAT in 0.02s
    cube 1754 (depth 0, 23 lits): UNSAT in 0.02s
    cube 1758 (depth 0, 24 lits): UNSAT in 0.01s
    cube 1762 (depth 0, 24 lits): UNSAT in 0.02s
    cube 1766 (depth 0, 24 lits): UNSAT in 0.01s
    cube 1770 (depth 0, 24 lits): UNSAT in 0.04s
    cube 1774 (depth 0, 24 lits): UNSAT in 0.03s
    cube 1778 (depth 0, 24 lits): UNSAT in 0.03s
    cube 1782 (depth 0, 24 lits): UNSAT in 0.01s
    cube 1786 (depth 0, 24 lits): UNSAT in 0.01s
    cube 1790 (depth 0, 24 lits): UNSAT in 0.01s
    cube 1794 (depth 0, 24 lits): UNSAT in 0.01s
    cube 1798 (depth 0, 24 lits): UNSAT in 0.02s
    cube 1802 (depth 0, 24 lits): UNSAT in 0.10s
    cube 1806 (depth 0, 24 lits): UNSAT in 0.04s
    cube 1810 (depth 0, 24 lits): UNSAT in 0.06s
    cube 1814 (depth 0, 24 lits): UNSAT in 0.03s
    cube 1818 (depth 0, 24 lits): UNSAT in 0.05s
    cube 1822 (depth 0, 24 lits): UNSAT in 0.03s
    cube 1826 (depth 0, 24 lits): UNSAT in 0.24s
    cube 1830 (depth 0, 24 lits): UNSAT in 0.03s
    cube 1834 (depth 0, 24 lits): UNSAT in 0.08s
    cube 1838 (depth 0, 24 lits): UNSAT in 0.23s
    cube 1842 (depth 0, 24 lits): UNSAT in 0.47s
    cube 1846 (depth 0, 24 lits): UNSAT in 0.03s
    cube 1850 (depth 0, 24 lits): UNSAT in 0.03s
    cube 1854 (depth 0, 24 lits): UNSAT in 0.02s
    cube 1858 (depth 0, 24 lits): UNSAT in 0.02s
    cube 1862 (depth 0, 24 lits): UNSAT in 0.01s
    cube 1866 (depth 0, 24 lits): UNSAT in 0.02s
    cube 1870 (depth 0, 24 lits): UNSAT in 0.08s
    cube 1874 (depth 0, 24 lits): UNSAT in 0.01s
    cube 1878 (depth 0, 24 lits): UNSAT in 0.02s
    cube 1882 (depth 0, 24 lits): UNSAT in 0.03s
    cube 1886 (depth 0, 24 lits): UNSAT in 0.05s
    cube 1890 (depth 0, 24 lits): UNSAT in 0.01s
    cube 1894 (depth 0, 24 lits): UNSAT in 0.04s
    cube 1898 (depth 0, 24 lits): UNSAT in 0.02s
    cube 1902 (depth 0, 24 lits): UNSAT in 0.08s
    cube 1906 (depth 0, 24 lits): UNSAT in 0.03s
    cube 1910 (depth 0, 24 lits): UNSAT in 0.02s
    cube 1914 (depth 0, 24 lits): UNSAT in 0.03s
    cube 1918 (depth 0, 24 lits): UNSAT in 0.26s
    cube 1922 (depth 0, 24 lits): UNSAT in 0.02s
    cube 1926 (depth 0, 24 lits): UNSAT in 0.09s
    cube 1930 (depth 0, 24 lits): UNSAT in 0.06s
    cube 1934 (depth 0, 24 lits): UNSAT in 0.93s
    cube 1938 (depth 0, 23 lits): UNSAT in 0.01s
    cube 1942 (depth 0, 24 lits): UNSAT in 0.02s
    cube 1946 (depth 0, 24 lits): UNSAT in 0.01s
    cube 1950 (depth 0, 24 lits): UNSAT in 0.01s
    cube 1954 (depth 0, 24 lits): UNSAT in 0.01s
    cube 1958 (depth 0, 24 lits): UNSAT in 0.03s
    cube 1962 (depth 0, 24 lits): UNSAT in 0.05s
    cube 1966 (depth 0, 24 lits): UNSAT in 0.04s
    cube 1970 (depth 0, 24 lits): UNSAT in 0.02s
    cube 1974 (depth 0, 24 lits): UNSAT in 0.04s
    cube 1978 (depth 0, 24 lits): UNSAT in 0.01s
    cube 1982 (depth 0, 24 lits): UNSAT in 0.10s
    cube 1986 (depth 0, 24 lits): UNSAT in 0.02s
    cube 1990 (depth 0, 24 lits): UNSAT in 0.03s
    cube 1994 (depth 0, 24 lits): UNSAT in 0.14s
    cube 1998 (depth 0, 24 lits): UNSAT in 0.51s
    cube 2002 (depth 0, 24 lits): UNSAT in 0.02s
    cube 2006 (depth 0, 24 lits): UNSAT in 0.05s
    cube 2010 (depth 0, 24 lits): UNSAT in 0.08s
    cube 2014 (depth 0, 24 lits): UNSAT in 0.19s
    cube 2018 (depth 0, 24 lits): UNSAT in 0.05s
    cube 2022 (depth 0, 24 lits): UNSAT in 0.12s
    cube 2026 (depth 0, 24 lits): UNSAT in 0.20s
    cube 2030 (depth 0, 24 lits): UNSAT in 0.59s
    cube 2034 (depth 0, 24 lits): UNSAT in 0.02s
    cube 2038 (depth 0, 24 lits): UNSAT in 0.04s
    cube 2042 (depth 0, 24 lits): UNSAT in 0.04s
    cube 2046 (depth 0, 24 lits): UNSAT in 0.16s
    cube 2050 (depth 0, 24 lits): UNSAT in 0.19s
    cube 2054 (depth 0, 24 lits): UNSAT in 1.90s
    cube 2058 (depth 0, 24 lits): UNSAT in 0.31s
    cube 2062 (depth 0, 24 lits): UNSAT in 13.86s
    cube 2066 (depth 0, 24 lits): UNSAT in 0.02s
    cube 2070 (depth 0, 24 lits): UNSAT in 0.02s
    cube 2074 (depth 0, 24 lits): UNSAT in 0.01s
    cube 2078 (depth 0, 24 lits): UNSAT in 0.05s
    cube 2082 (depth 0, 23 lits): UNSAT in 0.02s
    cube 2086 (depth 0, 24 lits): UNSAT in 0.03s
    cube 2090 (depth 0, 24 lits): UNSAT in 0.21s
    cube 2094 (depth 0, 24 lits): UNSAT in 0.26s
    cube 2098 (depth 0, 24 lits): UNSAT in 0.03s
    cube 2102 (depth 0, 24 lits): UNSAT in 0.13s
    cube 2106 (depth 0, 24 lits): UNSAT in 0.09s
    cube 2110 (depth 0, 24 lits): UNSAT in 0.42s
    cube 2114 (depth 0, 24 lits): UNSAT in 0.47s
    cube 2118 (depth 0, 24 lits): UNSAT in 0.43s
    cube 2122 (depth 0, 24 lits): UNSAT in 3.57s
    cube 2126 (depth 0, 24 lits): UNSAT in 5.50s
    cube 2130 (depth 0, 24 lits): UNSAT in 0.13s
    cube 2134 (depth 0, 24 lits): UNSAT in 0.21s
    cube 2138 (depth 0, 24 lits): UNSAT in 0.15s
    cube 2142 (depth 0, 24 lits): UNSAT in 0.38s
    cube 2146 (depth 0, 24 lits): UNSAT in 0.06s
    cube 2150 (depth 0, 24 lits): UNSAT in 0.40s
    cube 2154 (depth 0, 24 lits): UNSAT in 1.21s
    cube 2158 (depth 0, 24 lits): UNSAT in 4.26s
    cube 2162 (depth 0, 24 lits): UNSAT in 0.14s
    cube 2166 (depth 0, 24 lits): UNSAT in 0.68s
    cube 2170 (depth 0, 24 lits): UNSAT in 0.58s
    cube 2174 (depth 0, 24 lits): UNSAT in 15.61s
    cube 2178 (depth 0, 24 lits): UNSAT in 1.02s
    cube 2182 (depth 0, 24 lits): UNSAT in 31.29s
    cube 2186 (depth 0, 24 lits): UNSAT in 27.94s
    cube 2190 (depth 0, 24 lits): UNSAT in 11.03s
    cube 2194 (depth 0, 24 lits): UNSAT in 0.01s
    cube 2198 (depth 0, 24 lits): UNSAT in 0.02s
    cube 2202 (depth 0, 22 lits): UNSAT in 0.01s
    cube 2206 (depth 0, 24 lits): UNSAT in 0.02s
    cube 2210 (depth 0, 24 lits): UNSAT in 0.05s
    cube 2214 (depth 0, 24 lits): UNSAT in 0.06s
    cube 2218 (depth 0, 24 lits): UNSAT in 0.01s
    cube 2222 (depth 0, 24 lits): UNSAT in 0.02s
    cube 2226 (depth 0, 24 lits): UNSAT in 0.02s
    cube 2230 (depth 0, 24 lits): UNSAT in 0.03s
    cube 2234 (depth 0, 24 lits): UNSAT in 0.07s
    cube 2238 (depth 0, 24 lits): UNSAT in 0.14s
    cube 2242 (depth 0, 24 lits): UNSAT in 0.18s
    cube 2246 (depth 0, 24 lits): UNSAT in 0.01s
    cube 2250 (depth 0, 24 lits): UNSAT in 0.02s
    cube 2254 (depth 0, 24 lits): UNSAT in 0.01s
    cube 2258 (depth 0, 24 lits): UNSAT in 0.01s
    cube 2262 (depth 0, 24 lits): UNSAT in 0.03s
    cube 2266 (depth 0, 24 lits): UNSAT in 0.03s
    cube 2270 (depth 0, 24 lits): UNSAT in 0.05s
    cube 2274 (depth 0, 24 lits): UNSAT in 0.02s
    cube 2278 (depth 0, 24 lits): UNSAT in 0.02s
    cube 2282 (depth 0, 24 lits): UNSAT in 0.02s
    cube 2286 (depth 0, 24 lits): UNSAT in 0.05s
    cube 2290 (depth 0, 24 lits): UNSAT in 0.05s
    cube 2294 (depth 0, 24 lits): UNSAT in 0.04s
    cube 2298 (depth 0, 24 lits): UNSAT in 0.04s
    cube 2302 (depth 0, 24 lits): UNSAT in 0.27s
    cube 2306 (depth 0, 22 lits): UNSAT in 0.02s
    cube 2310 (depth 0, 24 lits): UNSAT in 0.03s
    cube 2314 (depth 0, 24 lits): UNSAT in 0.03s
    cube 2318 (depth 0, 24 lits): UNSAT in 0.05s
    cube 2322 (depth 0, 24 lits): UNSAT in 0.05s
    cube 2326 (depth 0, 24 lits): UNSAT in 0.16s
    cube 2330 (depth 0, 24 lits): UNSAT in 0.04s
    cube 2334 (depth 0, 24 lits): UNSAT in 0.03s
    cube 2338 (depth 0, 24 lits): UNSAT in 0.03s
    cube 2342 (depth 0, 24 lits): UNSAT in 0.02s
    cube 2346 (depth 0, 24 lits): UNSAT in 0.02s
    cube 2350 (depth 0, 24 lits): UNSAT in 0.02s
    cube 2354 (depth 0, 24 lits): UNSAT in 0.04s
    cube 2358 (depth 0, 24 lits): UNSAT in 0.03s
    cube 2362 (depth 0, 24 lits): UNSAT in 0.18s
    cube 2366 (depth 0, 24 lits): UNSAT in 0.01s
    cube 2370 (depth 0, 24 lits): UNSAT in 0.02s
    cube 2374 (depth 0, 24 lits): UNSAT in 0.01s
    cube 2378 (depth 0, 24 lits): UNSAT in 0.19s
    cube 2382 (depth 0, 24 lits): UNSAT in 0.02s
    cube 2386 (depth 0, 24 lits): UNSAT in 0.08s
    cube 2390 (depth 0, 24 lits): UNSAT in 0.27s
    cube 2394 (depth 0, 24 lits): UNSAT in 0.42s
    cube 2398 (depth 0, 24 lits): UNSAT in 0.04s
    cube 2402 (depth 0, 24 lits): UNSAT in 0.63s
    cube 2406 (depth 0, 24 lits): UNSAT in 0.12s
    cube 2410 (depth 0, 24 lits): UNSAT in 0.33s
    cube 2414 (depth 0, 24 lits): UNSAT in 0.16s
    cube 2418 (depth 0, 24 lits): UNSAT in 0.63s
    cube 2422 (depth 0, 24 lits): UNSAT in 0.33s
    cube 2426 (depth 0, 24 lits): UNSAT in 1.62s
    cube 2430 (depth 0, 24 lits): UNSAT in 0.02s
    cube 2434 (depth 0, 24 lits): UNSAT in 0.05s
    cube 2438 (depth 0, 24 lits): UNSAT in 0.05s
    cube 2442 (depth 0, 24 lits): UNSAT in 0.04s
    cube 2446 (depth 0, 24 lits): UNSAT in 0.02s
    cube 2450 (depth 0, 24 lits): UNSAT in 0.03s
    cube 2454 (depth 0, 24 lits): UNSAT in 0.04s
    cube 2458 (depth 0, 24 lits): UNSAT in 0.04s
    cube 2462 (depth 0, 24 lits): UNSAT in 0.01s
    cube 2466 (depth 0, 24 lits): UNSAT in 0.03s
    cube 2470 (depth 0, 24 lits): UNSAT in 0.04s
    cube 2474 (depth 0, 24 lits): UNSAT in 0.03s
    cube 2478 (depth 0, 24 lits): UNSAT in 0.23s
    cube 2482 (depth 0, 24 lits): UNSAT in 0.05s
    cube 2486 (depth 0, 24 lits): UNSAT in 0.03s
    cube 2490 (depth 0, 24 lits): UNSAT in 1.90s
    cube 2494 (depth 0, 24 lits): UNSAT in 0.01s
    cube 2498 (depth 0, 24 lits): UNSAT in 0.02s
    cube 2502 (depth 0, 24 lits): UNSAT in 0.02s
    cube 2506 (depth 0, 24 lits): UNSAT in 0.09s
    cube 2510 (depth 0, 24 lits): UNSAT in 0.03s
    cube 2514 (depth 0, 24 lits): UNSAT in 0.03s
    cube 2518 (depth 0, 24 lits): UNSAT in 0.03s
    cube 2522 (depth 0, 24 lits): UNSAT in 0.29s
    cube 2526 (depth 0, 24 lits): UNSAT in 0.05s
    cube 2530 (depth 0, 24 lits): UNSAT in 0.09s
    cube 2534 (depth 0, 24 lits): UNSAT in 0.16s
    cube 2538 (depth 0, 24 lits): UNSAT in 0.25s
    cube 2542 (depth 0, 24 lits): UNSAT in 0.40s
    cube 2546 (depth 0, 24 lits): UNSAT in 6.32s
    cube 2550 (depth 0, 24 lits): UNSAT in 0.69s
    cube 2554 (depth 0, 24 lits): UNSAT in 1.47s
    cube 2558 (depth 0, 24 lits): UNSAT in 0.02s
    cube 2562 (depth 0, 24 lits): UNSAT in 0.02s
    cube 2566 (depth 0, 24 lits): UNSAT in 0.02s
    cube 2570 (depth 0, 24 lits): UNSAT in 0.20s
    cube 2574 (depth 0, 24 lits): UNSAT in 0.07s
    cube 2578 (depth 0, 24 lits): UNSAT in 0.14s
    cube 2582 (depth 0, 24 lits): UNSAT in 0.19s
    cube 2586 (depth 0, 24 lits): UNSAT in 0.81s
    cube 2590 (depth 0, 24 lits): UNSAT in 0.11s
    cube 2594 (depth 0, 24 lits): UNSAT in 0.18s
    cube 2598 (depth 0, 24 lits): UNSAT in 0.13s
    cube 2602 (depth 0, 24 lits): UNSAT in 1.16s
    cube 2606 (depth 0, 24 lits): UNSAT in 0.14s
    cube 2610 (depth 0, 24 lits): UNSAT in 0.42s
    cube 2614 (depth 0, 24 lits): UNSAT in 0.91s
    cube 2618 (depth 0, 24 lits): UNSAT in 12.76s
    cube 2622 (depth 0, 24 lits): UNSAT in 0.04s
    cube 2626 (depth 0, 24 lits): UNSAT in 0.49s
    cube 2630 (depth 0, 24 lits): UNSAT in 0.21s
    cube 2634 (depth 0, 24 lits): UNSAT in 1.17s
    cube 2638 (depth 0, 24 lits): UNSAT in 0.26s
    cube 2642 (depth 0, 24 lits): UNSAT in 0.40s
    cube 2646 (depth 0, 24 lits): UNSAT in 0.99s
    cube 2650 (depth 0, 24 lits): UNSAT in 9.27s
    cube 2654 (depth 0, 24 lits): UNSAT in 0.27s
    cube 2658 (depth 0, 24 lits): UNSAT in 2.71s
    cube 2662 (depth 0, 24 lits): UNSAT in 3.94s
    cube 2666 (depth 0, 24 lits): UNSAT in 11.84s
    cube 2670 (depth 0, 24 lits): UNSAT in 2.27s
    cube 2674 (depth 0, 24 lits): UNSAT in 3.06s
    cube 2678 (depth 0, 24 lits): UNSAT in 332.11s
    cube 2682 (depth 0, 24 lits): UNSAT in 41.81s
    cube 2686 (depth 0, 23 lits): UNSAT in 0.01s
    cube 2690 (depth 0, 24 lits): UNSAT in 0.02s
    cube 2694 (depth 0, 22 lits): UNSAT in 0.02s
    cube 2698 (depth 0, 23 lits): UNSAT in 0.01s
    cube 2702 (depth 0, 24 lits): UNSAT in 0.04s
    cube 2706 (depth 0, 24 lits): UNSAT in 0.01s
    cube 2710 (depth 0, 24 lits): UNSAT in 0.02s
    cube 2714 (depth 0, 24 lits): UNSAT in 0.02s
    cube 2718 (depth 0, 24 lits): UNSAT in 0.02s
    cube 2722 (depth 0, 24 lits): UNSAT in 0.02s
    cube 2726 (depth 0, 24 lits): UNSAT in 0.02s
    cube 2730 (depth 0, 24 lits): UNSAT in 0.04s
    cube 2734 (depth 0, 24 lits): UNSAT in 0.03s
    cube 2738 (depth 0, 24 lits): UNSAT in 0.02s
    cube 2742 (depth 0, 24 lits): UNSAT in 0.04s
    cube 2746 (depth 0, 24 lits): UNSAT in 0.03s
    cube 2750 (depth 0, 24 lits): UNSAT in 0.09s
    cube 2754 (depth 0, 24 lits): UNSAT in 0.07s
    cube 2758 (depth 0, 24 lits): UNSAT in 0.15s
    cube 2762 (depth 0, 24 lits): UNSAT in 0.14s
    cube 2766 (depth 0, 24 lits): UNSAT in 0.08s
    cube 2770 (depth 0, 24 lits): UNSAT in 0.03s
    cube 2774 (depth 0, 24 lits): UNSAT in 0.05s
    cube 2778 (depth 0, 24 lits): UNSAT in 0.08s
    cube 2782 (depth 0, 24 lits): UNSAT in 0.23s
    cube 2786 (depth 0, 24 lits): UNSAT in 0.20s
    cube 2790 (depth 0, 24 lits): UNSAT in 1.21s
    cube 2794 (depth 0, 24 lits): UNSAT in 0.51s
    cube 2798 (depth 0, 24 lits): UNSAT in 7.03s
    cube 2802 (depth 0, 23 lits): UNSAT in 0.02s
    cube 2806 (depth 0, 24 lits): UNSAT in 0.02s
    cube 2810 (depth 0, 24 lits): UNSAT in 0.04s
    cube 2814 (depth 0, 24 lits): UNSAT in 0.06s
    cube 2818 (depth 0, 24 lits): UNSAT in 0.08s
    cube 2822 (depth 0, 24 lits): UNSAT in 0.06s
    cube 2826 (depth 0, 24 lits): UNSAT in 0.43s
    cube 2830 (depth 0, 24 lits): UNSAT in 2.26s
    cube 2834 (depth 0, 24 lits): UNSAT in 0.02s
    cube 2838 (depth 0, 24 lits): UNSAT in 0.42s
    cube 2842 (depth 0, 24 lits): UNSAT in 1.15s
    cube 2846 (depth 0, 24 lits): UNSAT in 1.25s
    cube 2850 (depth 0, 24 lits): UNSAT in 0.11s
    cube 2854 (depth 0, 24 lits): UNSAT in 12.13s
    cube 2858 (depth 0, 24 lits): UNSAT in 14.01s
    cube 2862 (depth 0, 24 lits): UNSAT in 25.71s
    cube 2866 (depth 0, 24 lits): UNSAT in 0.11s
    cube 2870 (depth 0, 24 lits): UNSAT in 0.23s
    cube 2874 (depth 0, 24 lits): UNSAT in 0.08s
    cube 2878 (depth 0, 24 lits): UNSAT in 0.86s
    cube 2882 (depth 0, 24 lits): UNSAT in 0.04s
    cube 2886 (depth 0, 24 lits): UNSAT in 0.26s
    cube 2890 (depth 0, 24 lits): UNSAT in 0.23s
    cube 2894 (depth 0, 24 lits): UNSAT in 3.82s
    cube 2898 (depth 0, 24 lits): UNSAT in 0.72s
    cube 2902 (depth 0, 24 lits): UNSAT in 0.83s
    cube 2906 (depth 0, 24 lits): UNSAT in 2.02s
    cube 2910 (depth 0, 24 lits): UNSAT in 10.70s
    cube 2914 (depth 0, 24 lits): UNSAT in 2.08s
    cube 2918 (depth 0, 24 lits): UNSAT in 102.35s
    cube 2922 (depth 0, 24 lits): UNSAT in 43.48s
    cube 2926 (depth 0, 24 lits): UNSAT in 54.76s
    cube 2930 (depth 0, 24 lits): UNSAT in 0.02s
    cube 2934 (depth 0, 24 lits): UNSAT in 0.13s
    cube 2938 (depth 0, 24 lits): UNSAT in 0.10s
    cube 2942 (depth 0, 24 lits): UNSAT in 0.36s
    cube 2946 (depth 0, 24 lits): UNSAT in 0.08s
    cube 2950 (depth 0, 24 lits): UNSAT in 0.12s
    cube 2954 (depth 0, 24 lits): UNSAT in 0.12s
    cube 2958 (depth 0, 24 lits): UNSAT in 0.69s
    cube 2962 (depth 0, 24 lits): UNSAT in 0.17s
    cube 2966 (depth 0, 24 lits): UNSAT in 0.60s
    cube 2970 (depth 0, 24 lits): UNSAT in 0.47s
    cube 2974 (depth 0, 24 lits): UNSAT in 0.85s
    cube 2978 (depth 0, 24 lits): UNSAT in 0.73s
    cube 2982 (depth 0, 24 lits): UNSAT in 5.46s
    cube 2986 (depth 0, 24 lits): UNSAT in 13.48s
    cube 2990 (depth 0, 24 lits): UNSAT in 193.20s
    cube 2994 (depth 0, 24 lits): UNSAT in 0.06s
    cube 2998 (depth 0, 24 lits): UNSAT in 0.26s
    cube 3002 (depth 0, 24 lits): UNSAT in 0.15s
    cube 3006 (depth 0, 24 lits): UNSAT in 0.23s
    cube 3010 (depth 0, 24 lits): UNSAT in 1.04s
    cube 3014 (depth 0, 24 lits): UNSAT in 0.49s
    cube 3018 (depth 0, 24 lits): UNSAT in 0.25s
    cube 3022 (depth 0, 24 lits): UNSAT in 1.73s
    cube 3026 (depth 0, 24 lits): UNSAT in 0.28s
    cube 3030 (depth 0, 24 lits): UNSAT in 3.32s
    cube 3034 (depth 0, 24 lits): UNSAT in 0.69s
    cube 3038 (depth 0, 24 lits): UNSAT in 25.72s
    cube 3042 (depth 0, 24 lits): UNSAT in 1.55s
    cube 3046 (depth 0, 24 lits): UNSAT in 30.36s
    cube 3050 (depth 0, 24 lits): UNSAT in 11.03s
    cube 3054 (depth 0, 24 lits): UNSAT in 91.50s
    cube 3058 (depth 0, 24 lits): UNSAT in 0.20s
    cube 3062 (depth 0, 24 lits): UNSAT in 2.85s
    cube 3066 (depth 0, 24 lits): UNSAT in 0.55s
    cube 3070 (depth 0, 24 lits): UNSAT in 19.43s
    cube 3074 (depth 0, 24 lits): UNSAT in 0.30s
    cube 3078 (depth 0, 24 lits): UNSAT in 18.15s
    cube 3082 (depth 0, 24 lits): UNSAT in 2.75s
    cube 3086 (depth 0, 24 lits): UNSAT in 102.23s
    cube 3090 (depth 0, 24 lits): UNSAT in 1.35s
    cube 3094 (depth 0, 24 lits): UNSAT in 1.02s
    cube 3098 (depth 0, 24 lits): UNSAT in 2.66s
    cube 3102 (depth 0, 24 lits): UNSAT in 162.28s
    cube 3106 (depth 0, 24 lits): UNSAT in 23.43s
    cube 3110 (depth 0, 24 lits): UNSAT in 64.03s
    cube 3114 (depth 0, 24 lits): UNSAT in 32.42s
    cube 3118 (depth 0, 24 lits): TIMEOUT in 600.07s
    cube 3118 TIMEOUT -> re-split into 249 sub-cubes (depth 1)
    cube 3118.0 (depth 1, 31 lits): UNSAT in 0.01s
    cube 3118.1 (depth 1, 32 lits): UNSAT in 0.01s
    cube 3118.2 (depth 1, 32 lits): UNSAT in 0.02s
    cube 3118.3 (depth 1, 31 lits): UNSAT in 0.01s
    cube 3118.4 (depth 1, 32 lits): UNSAT in 0.02s
    cube 3118.5 (depth 1, 32 lits): UNSAT in 0.02s
    cube 3118.6 (depth 1, 31 lits): UNSAT in 0.02s
    cube 3118.7 (depth 1, 32 lits): UNSAT in 0.01s
    cube 3118.8 (depth 1, 32 lits): UNSAT in 0.02s
    cube 3118.9 (depth 1, 32 lits): UNSAT in 0.01s
    cube 3118.10 (depth 1, 32 lits): UNSAT in 0.02s
    cube 3118.11 (depth 1, 32 lits): UNSAT in 0.02s
    cube 3118.12 (depth 1, 32 lits): UNSAT in 0.04s
    cube 3118.13 (depth 1, 32 lits): UNSAT in 0.02s
    cube 3118.14 (depth 1, 32 lits): UNSAT in 0.02s
    cube 3118.15 (depth 1, 32 lits): UNSAT in 0.02s
    cube 3118.16 (depth 1, 32 lits): UNSAT in 0.03s
    cube 3118.17 (depth 1, 32 lits): UNSAT in 0.02s
    cube 3118.18 (depth 1, 32 lits): UNSAT in 0.02s
    cube 3118.19 (depth 1, 32 lits): UNSAT in 0.02s
    cube 3118.20 (depth 1, 32 lits): UNSAT in 0.03s
    cube 3118.21 (depth 1, 32 lits): UNSAT in 0.02s
    cube 3118.22 (depth 1, 32 lits): UNSAT in 0.03s
    cube 3118.23 (depth 1, 32 lits): UNSAT in 0.02s
    cube 3118.24 (depth 1, 32 lits): UNSAT in 0.02s
    cube 3118.25 (depth 1, 32 lits): UNSAT in 0.02s
    cube 3118.26 (depth 1, 32 lits): UNSAT in 0.06s
    cube 3118.27 (depth 1, 32 lits): UNSAT in 0.08s
    cube 3118.28 (depth 1, 32 lits): UNSAT in 0.05s
    cube 3118.29 (depth 1, 32 lits): UNSAT in 0.01s
    cube 3118.30 (depth 1, 32 lits): UNSAT in 0.02s
    cube 3118.31 (depth 1, 31 lits): UNSAT in 0.02s
    cube 3118.32 (depth 1, 32 lits): UNSAT in 0.01s
    cube 3118.33 (depth 1, 32 lits): UNSAT in 0.02s
    cube 3118.34 (depth 1, 32 lits): UNSAT in 0.02s
    cube 3118.35 (depth 1, 32 lits): UNSAT in 0.03s
    cube 3118.36 (depth 1, 31 lits): UNSAT in 0.01s
    cube 3118.37 (depth 1, 32 lits): UNSAT in 0.02s
    cube 3118.38 (depth 1, 32 lits): UNSAT in 0.02s
    cube 3118.39 (depth 1, 32 lits): UNSAT in 0.02s
    cube 3118.40 (depth 1, 32 lits): UNSAT in 0.04s
    cube 3118.41 (depth 1, 32 lits): UNSAT in 0.04s
    cube 3118.42 (depth 1, 32 lits): UNSAT in 0.06s
    cube 3118.43 (depth 1, 32 lits): UNSAT in 0.03s
    cube 3118.44 (depth 1, 32 lits): UNSAT in 0.05s
    cube 3118.45 (depth 1, 32 lits): UNSAT in 0.17s
    cube 3118.46 (depth 1, 32 lits): UNSAT in 0.23s
    cube 3118.47 (depth 1, 32 lits): UNSAT in 0.09s
    cube 3118.48 (depth 1, 32 lits): UNSAT in 0.17s
    cube 3118.49 (depth 1, 32 lits): UNSAT in 0.16s
    cube 3118.50 (depth 1, 32 lits): UNSAT in 0.33s
    cube 3118.51 (depth 1, 32 lits): UNSAT in 0.06s
    cube 3118.52 (depth 1, 32 lits): UNSAT in 0.30s
    cube 3118.53 (depth 1, 32 lits): UNSAT in 0.13s
    cube 3118.54 (depth 1, 32 lits): UNSAT in 0.75s
    cube 3118.55 (depth 1, 32 lits): UNSAT in 0.52s
    cube 3118.56 (depth 1, 32 lits): UNSAT in 2.67s
    cube 3118.57 (depth 1, 32 lits): UNSAT in 0.83s
    cube 3118.58 (depth 1, 32 lits): UNSAT in 3.09s
    cube 3118.59 (depth 1, 32 lits): UNSAT in 0.01s
    cube 3118.60 (depth 1, 32 lits): UNSAT in 0.02s
    cube 3118.61 (depth 1, 32 lits): UNSAT in 0.01s
    cube 3118.62 (depth 1, 32 lits): UNSAT in 0.04s
    cube 3118.63 (depth 1, 31 lits): UNSAT in 0.01s
    cube 3118.64 (depth 1, 32 lits): UNSAT in 0.02s
    cube 3118.65 (depth 1, 32 lits): UNSAT in 0.05s
    cube 3118.66 (depth 1, 32 lits): UNSAT in 0.01s
    cube 3118.67 (depth 1, 32 lits): UNSAT in 0.01s
    cube 3118.68 (depth 1, 32 lits): UNSAT in 0.02s
    cube 3118.69 (depth 1, 32 lits): UNSAT in 0.03s
    cube 3118.70 (depth 1, 32 lits): UNSAT in 0.03s
    cube 3118.71 (depth 1, 32 lits): UNSAT in 0.07s
    cube 3118.72 (depth 1, 32 lits): UNSAT in 0.05s
    cube 3118.73 (depth 1, 32 lits): UNSAT in 0.08s
    cube 3118.74 (depth 1, 32 lits): UNSAT in 0.03s
    cube 3118.75 (depth 1, 32 lits): UNSAT in 0.09s
    cube 3118.76 (depth 1, 32 lits): UNSAT in 0.05s
    cube 3118.77 (depth 1, 32 lits): UNSAT in 0.34s
    cube 3118.78 (depth 1, 32 lits): UNSAT in 0.04s
    cube 3118.79 (depth 1, 32 lits): UNSAT in 0.08s
    cube 3118.80 (depth 1, 32 lits): UNSAT in 0.08s
    cube 3118.81 (depth 1, 32 lits): UNSAT in 0.42s
    cube 3118.82 (depth 1, 32 lits): UNSAT in 0.08s
    cube 3118.83 (depth 1, 32 lits): UNSAT in 0.24s
    cube 3118.84 (depth 1, 32 lits): UNSAT in 0.10s
    cube 3118.85 (depth 1, 32 lits): UNSAT in 0.29s
    cube 3118.86 (depth 1, 32 lits): UNSAT in 0.71s
    cube 3118.87 (depth 1, 32 lits): UNSAT in 0.75s
    cube 3118.88 (depth 1, 32 lits): UNSAT in 1.18s
    cube 3118.89 (depth 1, 32 lits): UNSAT in 1.76s
    cube 3118.90 (depth 1, 32 lits): UNSAT in 0.03s
    cube 3118.91 (depth 1, 32 lits): UNSAT in 0.09s
    cube 3118.92 (depth 1, 32 lits): UNSAT in 0.11s
    cube 3118.93 (depth 1, 32 lits): UNSAT in 0.80s
    cube 3118.94 (depth 1, 32 lits): UNSAT in 0.12s
    cube 3118.95 (depth 1, 32 lits): UNSAT in 0.24s
    cube 3118.96 (depth 1, 32 lits): UNSAT in 0.14s
    cube 3118.97 (depth 1, 32 lits): UNSAT in 0.28s
    cube 3118.98 (depth 1, 32 lits): UNSAT in 0.04s
    cube 3118.99 (depth 1, 32 lits): UNSAT in 0.05s
    cube 3118.100 (depth 1, 32 lits): UNSAT in 0.33s
    cube 3118.101 (depth 1, 32 lits): UNSAT in 1.46s
    cube 3118.102 (depth 1, 32 lits): UNSAT in 0.07s
    cube 3118.103 (depth 1, 32 lits): UNSAT in 0.29s
    cube 3118.104 (depth 1, 32 lits): UNSAT in 0.20s
    cube 3118.105 (depth 1, 32 lits): UNSAT in 0.40s
    cube 3118.106 (depth 1, 32 lits): UNSAT in 0.03s
    cube 3118.107 (depth 1, 32 lits): UNSAT in 0.13s
    cube 3118.108 (depth 1, 32 lits): UNSAT in 0.19s
    cube 3118.109 (depth 1, 32 lits): UNSAT in 0.76s
    cube 3118.110 (depth 1, 32 lits): UNSAT in 0.05s
    cube 3118.111 (depth 1, 32 lits): UNSAT in 0.20s
    cube 3118.112 (depth 1, 32 lits): UNSAT in 0.11s
    cube 3118.113 (depth 1, 32 lits): UNSAT in 0.40s
    cube 3118.114 (depth 1, 32 lits): UNSAT in 0.06s
    cube 3118.115 (depth 1, 32 lits): UNSAT in 0.27s
    cube 3118.116 (depth 1, 32 lits): UNSAT in 0.26s
    cube 3118.117 (depth 1, 32 lits): UNSAT in 4.14s
    cube 3118.118 (depth 1, 32 lits): UNSAT in 0.67s
    cube 3118.119 (depth 1, 32 lits): UNSAT in 4.29s
    cube 3118.120 (depth 1, 32 lits): UNSAT in 11.89s
    cube 3118.121 (depth 1, 32 lits): UNSAT in 7.84s
    cube 3118.122 (depth 1, 31 lits): UNSAT in 0.01s
    cube 3118.123 (depth 1, 32 lits): UNSAT in 0.02s
    cube 3118.124 (depth 1, 32 lits): UNSAT in 0.02s
    cube 3118.125 (depth 1, 32 lits): UNSAT in 0.01s
    cube 3118.126 (depth 1, 32 lits): UNSAT in 0.02s
    cube 3118.127 (depth 1, 32 lits): UNSAT in 0.02s
    cube 3118.128 (depth 1, 32 lits): UNSAT in 0.03s
    cube 3118.129 (depth 1, 32 lits): UNSAT in 0.02s
    cube 3118.130 (depth 1, 32 lits): UNSAT in 0.02s
    cube 3118.131 (depth 1, 32 lits): UNSAT in 0.02s
    cube 3118.132 (depth 1, 32 lits): UNSAT in 0.03s
    cube 3118.133 (depth 1, 32 lits): UNSAT in 0.02s
    cube 3118.134 (depth 1, 32 lits): UNSAT in 0.03s
    cube 3118.135 (depth 1, 32 lits): UNSAT in 0.02s
    cube 3118.136 (depth 1, 32 lits): UNSAT in 0.01s
    cube 3118.137 (depth 1, 32 lits): UNSAT in 0.02s
    cube 3118.138 (depth 1, 32 lits): UNSAT in 0.01s
    cube 3118.139 (depth 1, 32 lits): UNSAT in 0.02s
    cube 3118.140 (depth 1, 32 lits): UNSAT in 0.07s
    cube 3118.141 (depth 1, 32 lits): UNSAT in 0.02s
    cube 3118.142 (depth 1, 32 lits): UNSAT in 0.07s
    cube 3118.143 (depth 1, 32 lits): UNSAT in 0.03s
    cube 3118.144 (depth 1, 32 lits): UNSAT in 0.03s
    cube 3118.145 (depth 1, 32 lits): UNSAT in 0.02s
    cube 3118.146 (depth 1, 32 lits): UNSAT in 0.03s
    cube 3118.147 (depth 1, 32 lits): UNSAT in 0.05s
    cube 3118.148 (depth 1, 32 lits): UNSAT in 0.06s
    cube 3118.149 (depth 1, 32 lits): UNSAT in 0.10s
    cube 3118.150 (depth 1, 32 lits): UNSAT in 0.26s
    cube 3118.151 (depth 1, 32 lits): UNSAT in 0.19s
    cube 3118.152 (depth 1, 32 lits): UNSAT in 0.85s
    cube 3118.153 (depth 1, 32 lits): UNSAT in 0.01s
    cube 3118.154 (depth 1, 32 lits): UNSAT in 0.03s
    cube 3118.155 (depth 1, 32 lits): UNSAT in 0.03s
    cube 3118.156 (depth 1, 32 lits): UNSAT in 0.06s
    cube 3118.157 (depth 1, 32 lits): UNSAT in 0.03s
    cube 3118.158 (depth 1, 32 lits): UNSAT in 0.03s
    cube 3118.159 (depth 1, 32 lits): UNSAT in 0.04s
    cube 3118.160 (depth 1, 32 lits): UNSAT in 0.24s
    cube 3118.161 (depth 1, 32 lits): UNSAT in 0.01s
    cube 3118.162 (depth 1, 32 lits): UNSAT in 0.02s
    cube 3118.163 (depth 1, 32 lits): UNSAT in 0.03s
    cube 3118.164 (depth 1, 32 lits): UNSAT in 0.28s
    cube 3118.165 (depth 1, 32 lits): UNSAT in 0.02s
    cube 3118.166 (depth 1, 32 lits): UNSAT in 0.07s
    cube 3118.167 (depth 1, 32 lits): UNSAT in 0.08s
    cube 3118.168 (depth 1, 32 lits): UNSAT in 0.58s
    cube 3118.169 (depth 1, 32 lits): UNSAT in 0.06s
    cube 3118.170 (depth 1, 32 lits): UNSAT in 0.26s
    cube 3118.171 (depth 1, 32 lits): UNSAT in 0.09s
    cube 3118.172 (depth 1, 32 lits): UNSAT in 0.10s
    cube 3118.173 (depth 1, 32 lits): UNSAT in 0.13s
    cube 3118.174 (depth 1, 32 lits): UNSAT in 0.18s
    cube 3118.175 (depth 1, 32 lits): UNSAT in 0.37s
    cube 3118.176 (depth 1, 32 lits): UNSAT in 4.15s
    cube 3118.177 (depth 1, 32 lits): UNSAT in 0.27s
    cube 3118.178 (depth 1, 32 lits): UNSAT in 0.33s
    cube 3118.179 (depth 1, 32 lits): UNSAT in 0.40s
    cube 3118.180 (depth 1, 32 lits): UNSAT in 5.13s
    cube 3118.181 (depth 1, 32 lits): UNSAT in 1.12s
    cube 3118.182 (depth 1, 32 lits): UNSAT in 5.55s
    cube 3118.183 (depth 1, 32 lits): UNSAT in 4.86s
    cube 3118.184 (depth 1, 32 lits): UNSAT in 24.74s
    cube 3118.185 (depth 1, 32 lits): UNSAT in 0.02s
    cube 3118.186 (depth 1, 32 lits): UNSAT in 0.04s
    cube 3118.187 (depth 1, 32 lits): UNSAT in 0.03s
    cube 3118.188 (depth 1, 32 lits): UNSAT in 0.06s
    cube 3118.189 (depth 1, 32 lits): UNSAT in 0.01s
    cube 3118.190 (depth 1, 32 lits): UNSAT in 0.02s
    cube 3118.191 (depth 1, 32 lits): UNSAT in 0.07s
    cube 3118.192 (depth 1, 32 lits): UNSAT in 0.33s
    cube 3118.193 (depth 1, 32 lits): UNSAT in 0.04s
    cube 3118.194 (depth 1, 32 lits): UNSAT in 0.09s
    cube 3118.195 (depth 1, 32 lits): UNSAT in 0.06s
    cube 3118.196 (depth 1, 32 lits): UNSAT in 0.23s
    cube 3118.197 (depth 1, 32 lits): UNSAT in 0.22s
    cube 3118.198 (depth 1, 32 lits): UNSAT in 1.32s
    cube 3118.199 (depth 1, 32 lits): UNSAT in 2.58s
    cube 3118.200 (depth 1, 32 lits): UNSAT in 6.39s
    cube 3118.201 (depth 1, 32 lits): UNSAT in 0.03s
    cube 3118.202 (depth 1, 32 lits): UNSAT in 0.08s
    cube 3118.203 (depth 1, 32 lits): UNSAT in 0.14s
    cube 3118.204 (depth 1, 32 lits): UNSAT in 0.24s
    cube 3118.205 (depth 1, 32 lits): UNSAT in 0.08s
    cube 3118.206 (depth 1, 32 lits): UNSAT in 0.49s
    cube 3118.207 (depth 1, 32 lits): UNSAT in 0.55s
    cube 3118.208 (depth 1, 32 lits): UNSAT in 1.26s
    cube 3118.209 (depth 1, 32 lits): UNSAT in 0.06s
    cube 3118.210 (depth 1, 32 lits): UNSAT in 3.11s
    cube 3118.211 (depth 1, 32 lits): UNSAT in 0.37s
    cube 3118.212 (depth 1, 32 lits): UNSAT in 4.11s
    cube 3118.213 (depth 1, 32 lits): UNSAT in 0.45s
    cube 3118.214 (depth 1, 32 lits): UNSAT in 3.37s
    cube 3118.215 (depth 1, 32 lits): UNSAT in 3.54s
    cube 3118.216 (depth 1, 32 lits): UNSAT in 5.54s
    cube 3118.217 (depth 1, 32 lits): UNSAT in 0.02s
    cube 3118.218 (depth 1, 32 lits): UNSAT in 0.02s
    cube 3118.219 (depth 1, 32 lits): UNSAT in 0.02s
    cube 3118.220 (depth 1, 32 lits): UNSAT in 0.02s
    cube 3118.221 (depth 1, 32 lits): UNSAT in 0.01s
    cube 3118.222 (depth 1, 32 lits): UNSAT in 0.03s
    cube 3118.223 (depth 1, 32 lits): UNSAT in 0.04s
    cube 3118.224 (depth 1, 32 lits): UNSAT in 0.02s
    cube 3118.225 (depth 1, 32 lits): UNSAT in 0.02s
    cube 3118.226 (depth 1, 32 lits): UNSAT in 0.04s
    cube 3118.227 (depth 1, 32 lits): UNSAT in 0.04s
    cube 3118.228 (depth 1, 32 lits): UNSAT in 0.02s
    cube 3118.229 (depth 1, 32 lits): UNSAT in 0.02s
    cube 3118.230 (depth 1, 32 lits): UNSAT in 0.10s
    cube 3118.231 (depth 1, 32 lits): UNSAT in 0.26s
    cube 3118.232 (depth 1, 32 lits): UNSAT in 1.03s
    cube 3118.233 (depth 1, 32 lits): UNSAT in 0.02s
    cube 3118.234 (depth 1, 32 lits): UNSAT in 0.07s
    cube 3118.235 (depth 1, 32 lits): UNSAT in 0.11s
    cube 3118.236 (depth 1, 32 lits): UNSAT in 0.13s
    cube 3118.237 (depth 1, 32 lits): UNSAT in 0.02s
    cube 3118.238 (depth 1, 32 lits): UNSAT in 0.12s
    cube 3118.239 (depth 1, 32 lits): UNSAT in 0.05s
    cube 3118.240 (depth 1, 32 lits): UNSAT in 0.71s
    cube 3118.241 (depth 1, 32 lits): UNSAT in 0.49s
    cube 3118.242 (depth 1, 32 lits): UNSAT in 0.55s
    cube 3118.243 (depth 1, 32 lits): UNSAT in 0.24s
    cube 3118.244 (depth 1, 32 lits): UNSAT in 4.85s
    cube 3118.245 (depth 1, 32 lits): UNSAT in 0.61s
    cube 3118.246 (depth 1, 32 lits): UNSAT in 3.78s
    cube 3118.247 (depth 1, 32 lits): UNSAT in 6.29s
    cube 3118.248 (depth 1, 32 lits): UNSAT in 23.87s
    cube 3122 (depth 0, 24 lits): UNSAT in 0.20s
    cube 3126 (depth 0, 24 lits): UNSAT in 0.43s
    cube 3130 (depth 0, 24 lits): UNSAT in 0.64s
    cube 3134 (depth 0, 24 lits): UNSAT in 41.17s
    cube 3138 (depth 0, 24 lits): UNSAT in 2.10s
    cube 3142 (depth 0, 24 lits): UNSAT in 3.47s
    cube 3146 (depth 0, 24 lits): UNSAT in 40.48s
    cube 3150 (depth 0, 24 lits): UNSAT in 302.96s
    cube 3154 (depth 0, 24 lits): UNSAT in 2.96s
    cube 3158 (depth 0, 24 lits): UNSAT in 22.12s
    cube 3162 (depth 0, 24 lits): UNSAT in 8.28s
    cube 3166 (depth 0, 24 lits): UNSAT in 220.00s
    cube 3170 (depth 0, 24 lits): UNSAT in 11.08s
    cube 3174 (depth 0, 24 lits): UNSAT in 254.19s
    cube 3178 (depth 0, 24 lits): UNSAT in 20.03s
    cube 3182 (depth 0, 24 lits): UNSAT in 341.16s
    cube 3186 (depth 0, 24 lits): UNSAT in 0.03s
    cube 3190 (depth 0, 24 lits): UNSAT in 0.02s
    cube 3194 (depth 0, 24 lits): UNSAT in 0.03s
    cube 3198 (depth 0, 24 lits): UNSAT in 0.01s
    cube 3202 (depth 0, 24 lits): UNSAT in 0.07s
    cube 3206 (depth 0, 24 lits): UNSAT in 0.11s
    cube 3210 (depth 0, 24 lits): UNSAT in 0.17s
    cube 3214 (depth 0, 24 lits): UNSAT in 0.02s
    cube 3218 (depth 0, 24 lits): UNSAT in 0.07s
    cube 3222 (depth 0, 24 lits): UNSAT in 0.08s
    cube 3226 (depth 0, 24 lits): UNSAT in 0.10s
    cube 3230 (depth 0, 24 lits): UNSAT in 0.08s
    cube 3234 (depth 0, 24 lits): UNSAT in 0.25s
    cube 3238 (depth 0, 24 lits): UNSAT in 0.37s
    cube 3242 (depth 0, 24 lits): UNSAT in 1.26s
    cube 3246 (depth 0, 24 lits): UNSAT in 0.06s
    cube 3250 (depth 0, 24 lits): UNSAT in 0.06s
    cube 3254 (depth 0, 24 lits): UNSAT in 0.06s
    cube 3258 (depth 0, 24 lits): UNSAT in 0.04s
    cube 3262 (depth 0, 24 lits): UNSAT in 0.03s
    cube 3266 (depth 0, 24 lits): UNSAT in 0.04s
    cube 3270 (depth 0, 24 lits): UNSAT in 0.03s
    cube 3274 (depth 0, 24 lits): UNSAT in 0.16s
    cube 3278 (depth 0, 24 lits): UNSAT in 0.07s
    cube 3282 (depth 0, 24 lits): UNSAT in 1.20s
    cube 3286 (depth 0, 24 lits): UNSAT in 0.05s
    cube 3290 (depth 0, 24 lits): UNSAT in 0.62s
    cube 3294 (depth 0, 24 lits): UNSAT in 0.85s
    cube 3298 (depth 0, 24 lits): UNSAT in 0.58s
    cube 3302 (depth 0, 24 lits): UNSAT in 0.95s
    cube 3306 (depth 0, 24 lits): UNSAT in 13.88s
    cube 3310 (depth 0, 24 lits): UNSAT in 0.02s
    cube 3314 (depth 0, 24 lits): UNSAT in 0.04s
    cube 3318 (depth 0, 24 lits): UNSAT in 0.09s
    cube 3322 (depth 0, 24 lits): UNSAT in 0.15s
    cube 3326 (depth 0, 24 lits): UNSAT in 0.03s
    cube 3330 (depth 0, 24 lits): UNSAT in 0.08s
    cube 3334 (depth 0, 24 lits): UNSAT in 0.14s
    cube 3338 (depth 0, 24 lits): UNSAT in 0.75s
    cube 3342 (depth 0, 24 lits): UNSAT in 0.17s
    cube 3346 (depth 0, 24 lits): UNSAT in 0.48s
    cube 3350 (depth 0, 24 lits): UNSAT in 0.31s
    cube 3354 (depth 0, 24 lits): UNSAT in 2.06s
    cube 3358 (depth 0, 24 lits): UNSAT in 0.10s
    cube 3362 (depth 0, 24 lits): UNSAT in 10.39s
    cube 3366 (depth 0, 24 lits): UNSAT in 8.50s
    cube 3370 (depth 0, 24 lits): TIMEOUT in 600.09s
    cube 3370 TIMEOUT -> re-split into 217 sub-cubes (depth 1)
    cube 3370.0 (depth 1, 28 lits): UNSAT in 0.02s
    cube 3370.1 (depth 1, 28 lits): UNSAT in 0.01s
    cube 3370.2 (depth 1, 31 lits): UNSAT in 0.01s
    cube 3370.3 (depth 1, 32 lits): UNSAT in 0.01s
    cube 3370.4 (depth 1, 32 lits): UNSAT in 0.01s
    cube 3370.5 (depth 1, 32 lits): UNSAT in 0.01s
    cube 3370.6 (depth 1, 32 lits): UNSAT in 0.01s
    cube 3370.7 (depth 1, 32 lits): UNSAT in 0.02s
    cube 3370.8 (depth 1, 32 lits): UNSAT in 0.01s
    cube 3370.9 (depth 1, 31 lits): UNSAT in 0.01s
    cube 3370.10 (depth 1, 31 lits): UNSAT in 0.01s
    cube 3370.11 (depth 1, 32 lits): UNSAT in 0.01s
    cube 3370.12 (depth 1, 32 lits): UNSAT in 0.02s
    cube 3370.13 (depth 1, 32 lits): UNSAT in 0.01s
    cube 3370.14 (depth 1, 32 lits): UNSAT in 0.01s
    cube 3370.15 (depth 1, 32 lits): UNSAT in 0.02s
    cube 3370.16 (depth 1, 32 lits): UNSAT in 0.02s
    cube 3370.17 (depth 1, 32 lits): UNSAT in 0.01s
    cube 3370.18 (depth 1, 32 lits): UNSAT in 0.03s
    cube 3370.19 (depth 1, 32 lits): UNSAT in 0.01s
    cube 3370.20 (depth 1, 32 lits): UNSAT in 0.02s
    cube 3370.21 (depth 1, 32 lits): UNSAT in 0.02s
    cube 3370.22 (depth 1, 32 lits): UNSAT in 0.02s
    cube 3370.23 (depth 1, 32 lits): UNSAT in 0.02s
    cube 3370.24 (depth 1, 32 lits): UNSAT in 0.04s
    cube 3370.25 (depth 1, 32 lits): UNSAT in 0.04s
    cube 3370.26 (depth 1, 32 lits): UNSAT in 0.20s
    cube 3370.27 (depth 1, 32 lits): UNSAT in 0.02s
    cube 3370.28 (depth 1, 32 lits): UNSAT in 0.16s
    cube 3370.29 (depth 1, 32 lits): UNSAT in 0.05s
    cube 3370.30 (depth 1, 32 lits): UNSAT in 0.11s
    cube 3370.31 (depth 1, 31 lits): UNSAT in 0.02s
    cube 3370.32 (depth 1, 32 lits): UNSAT in 0.03s
    cube 3370.33 (depth 1, 32 lits): UNSAT in 0.05s
    cube 3370.34 (depth 1, 32 lits): UNSAT in 0.03s
    cube 3370.35 (depth 1, 32 lits): UNSAT in 0.03s
    cube 3370.36 (depth 1, 32 lits): UNSAT in 0.03s
    cube 3370.37 (depth 1, 32 lits): UNSAT in 0.10s
    cube 3370.38 (depth 1, 32 lits): UNSAT in 0.02s
    cube 3370.39 (depth 1, 32 lits): UNSAT in 0.01s
    cube 3370.40 (depth 1, 32 lits): UNSAT in 0.02s
    cube 3370.41 (depth 1, 32 lits): UNSAT in 0.04s
    cube 3370.42 (depth 1, 32 lits): UNSAT in 0.03s
    cube 3370.43 (depth 1, 32 lits): UNSAT in 0.03s
    cube 3370.44 (depth 1, 32 lits): UNSAT in 0.03s
    cube 3370.45 (depth 1, 32 lits): UNSAT in 0.13s
    cube 3370.46 (depth 1, 32 lits): UNSAT in 0.02s
    cube 3370.47 (depth 1, 32 lits): UNSAT in 0.03s
    cube 3370.48 (depth 1, 32 lits): UNSAT in 0.02s
    cube 3370.49 (depth 1, 32 lits): UNSAT in 0.05s
    cube 3370.50 (depth 1, 32 lits): UNSAT in 0.04s
    cube 3370.51 (depth 1, 32 lits): UNSAT in 0.11s
    cube 3370.52 (depth 1, 32 lits): UNSAT in 0.07s
    cube 3370.53 (depth 1, 32 lits): UNSAT in 0.23s
    cube 3370.54 (depth 1, 32 lits): UNSAT in 0.02s
    cube 3370.55 (depth 1, 32 lits): UNSAT in 0.04s
    cube 3370.56 (depth 1, 32 lits): UNSAT in 0.02s
    cube 3370.57 (depth 1, 32 lits): UNSAT in 0.37s
    cube 3370.58 (depth 1, 32 lits): UNSAT in 0.04s
    cube 3370.59 (depth 1, 32 lits): UNSAT in 0.14s
    cube 3370.60 (depth 1, 32 lits): UNSAT in 0.10s
    cube 3370.61 (depth 1, 32 lits): UNSAT in 0.71s
    cube 3370.62 (depth 1, 32 lits): UNSAT in 0.02s
    cube 3370.63 (depth 1, 32 lits): UNSAT in 0.04s
    cube 3370.64 (depth 1, 32 lits): UNSAT in 0.02s
    cube 3370.65 (depth 1, 32 lits): UNSAT in 0.04s
    cube 3370.66 (depth 1, 32 lits): UNSAT in 0.01s
    cube 3370.67 (depth 1, 32 lits): UNSAT in 0.02s
    cube 3370.68 (depth 1, 32 lits): UNSAT in 0.04s
    cube 3370.69 (depth 1, 32 lits): UNSAT in 0.07s
    cube 3370.70 (depth 1, 32 lits): UNSAT in 0.01s
    cube 3370.71 (depth 1, 32 lits): UNSAT in 0.02s
    cube 3370.72 (depth 1, 32 lits): UNSAT in 0.03s
    cube 3370.73 (depth 1, 32 lits): UNSAT in 0.10s
    cube 3370.74 (depth 1, 32 lits): UNSAT in 0.05s
    cube 3370.75 (depth 1, 32 lits): UNSAT in 0.05s
    cube 3370.76 (depth 1, 32 lits): UNSAT in 0.35s
    cube 3370.77 (depth 1, 32 lits): UNSAT in 0.21s
    cube 3370.78 (depth 1, 31 lits): UNSAT in 0.01s
    cube 3370.79 (depth 1, 32 lits): UNSAT in 0.02s
    cube 3370.80 (depth 1, 32 lits): UNSAT in 0.03s
    cube 3370.81 (depth 1, 32 lits): UNSAT in 0.04s
    cube 3370.82 (depth 1, 32 lits): UNSAT in 0.15s
    cube 3370.83 (depth 1, 32 lits): UNSAT in 0.08s
    cube 3370.84 (depth 1, 32 lits): UNSAT in 0.31s
    cube 3370.85 (depth 1, 32 lits): UNSAT in 0.17s
    cube 3370.86 (depth 1, 32 lits): UNSAT in 0.65s
    cube 3370.87 (depth 1, 32 lits): UNSAT in 0.15s
    cube 3370.88 (depth 1, 32 lits): UNSAT in 0.40s
    cube 3370.89 (depth 1, 32 lits): UNSAT in 0.35s
    cube 3370.90 (depth 1, 32 lits): UNSAT in 0.60s
    cube 3370.91 (depth 1, 32 lits): UNSAT in 1.20s
    cube 3370.92 (depth 1, 32 lits): UNSAT in 5.27s
    cube 3370.93 (depth 1, 30 lits): UNSAT in 0.02s
    cube 3370.94 (depth 1, 31 lits): UNSAT in 0.02s
    cube 3370.95 (depth 1, 32 lits): UNSAT in 0.01s
    cube 3370.96 (depth 1, 32 lits): UNSAT in 0.04s
    cube 3370.97 (depth 1, 32 lits): UNSAT in 0.01s
    cube 3370.98 (depth 1, 32 lits): UNSAT in 0.01s
    cube 3370.99 (depth 1, 32 lits): UNSAT in 0.01s
    cube 3370.100 (depth 1, 32 lits): UNSAT in 0.02s
    cube 3370.101 (depth 1, 32 lits): UNSAT in 0.01s
    cube 3370.102 (depth 1, 32 lits): UNSAT in 0.01s
    cube 3370.103 (depth 1, 32 lits): UNSAT in 0.02s
    cube 3370.104 (depth 1, 32 lits): UNSAT in 0.02s
    cube 3370.105 (depth 1, 32 lits): UNSAT in 0.01s
    cube 3370.106 (depth 1, 32 lits): UNSAT in 0.01s
    cube 3370.107 (depth 1, 32 lits): UNSAT in 0.03s
    cube 3370.108 (depth 1, 32 lits): UNSAT in 0.03s
    cube 3370.109 (depth 1, 32 lits): UNSAT in 0.04s
    cube 3370.110 (depth 1, 32 lits): UNSAT in 0.07s
    cube 3370.111 (depth 1, 32 lits): UNSAT in 0.09s
    cube 3370.112 (depth 1, 32 lits): UNSAT in 1.33s
    cube 3370.113 (depth 1, 32 lits): UNSAT in 0.04s
    cube 3370.114 (depth 1, 32 lits): UNSAT in 0.06s
    cube 3370.115 (depth 1, 32 lits): UNSAT in 0.11s
    cube 3370.116 (depth 1, 32 lits): UNSAT in 0.17s
    cube 3370.117 (depth 1, 32 lits): UNSAT in 0.24s
    cube 3370.118 (depth 1, 32 lits): UNSAT in 0.48s
    cube 3370.119 (depth 1, 32 lits): UNSAT in 0.45s
    cube 3370.120 (depth 1, 32 lits): UNSAT in 4.03s
    cube 3370.121 (depth 1, 32 lits): UNSAT in 0.02s
    cube 3370.122 (depth 1, 32 lits): UNSAT in 0.03s
    cube 3370.123 (depth 1, 32 lits): UNSAT in 0.03s
    cube 3370.124 (depth 1, 32 lits): UNSAT in 0.11s
    cube 3370.125 (depth 1, 32 lits): UNSAT in 0.03s
    cube 3370.126 (depth 1, 32 lits): UNSAT in 0.11s
    cube 3370.127 (depth 1, 32 lits): UNSAT in 0.06s
    cube 3370.128 (depth 1, 32 lits): UNSAT in 0.33s
    cube 3370.129 (depth 1, 32 lits): UNSAT in 0.03s
    cube 3370.130 (depth 1, 32 lits): UNSAT in 0.05s
    cube 3370.131 (depth 1, 32 lits): UNSAT in 0.10s
    cube 3370.132 (depth 1, 32 lits): UNSAT in 0.14s
    cube 3370.133 (depth 1, 32 lits): UNSAT in 0.06s
    cube 3370.134 (depth 1, 32 lits): UNSAT in 0.16s
    cube 3370.135 (depth 1, 32 lits): UNSAT in 0.52s
    cube 3370.136 (depth 1, 32 lits): UNSAT in 2.17s
    cube 3370.137 (depth 1, 32 lits): UNSAT in 0.03s
    cube 3370.138 (depth 1, 32 lits): UNSAT in 0.11s
    cube 3370.139 (depth 1, 32 lits): UNSAT in 0.18s
    cube 3370.140 (depth 1, 32 lits): UNSAT in 0.26s
    cube 3370.141 (depth 1, 32 lits): UNSAT in 0.04s
    cube 3370.142 (depth 1, 32 lits): UNSAT in 0.13s
    cube 3370.143 (depth 1, 32 lits): UNSAT in 0.25s
    cube 3370.144 (depth 1, 32 lits): UNSAT in 0.94s
    cube 3370.145 (depth 1, 32 lits): UNSAT in 0.05s
    cube 3370.146 (depth 1, 32 lits): UNSAT in 0.18s
    cube 3370.147 (depth 1, 32 lits): UNSAT in 0.79s
    cube 3370.148 (depth 1, 32 lits): UNSAT in 2.13s
    cube 3370.149 (depth 1, 32 lits): UNSAT in 0.99s
    cube 3370.150 (depth 1, 32 lits): UNSAT in 1.89s
    cube 3370.151 (depth 1, 32 lits): UNSAT in 1.45s
    cube 3370.152 (depth 1, 32 lits): UNSAT in 12.31s
    cube 3370.153 (depth 1, 32 lits): UNSAT in 0.02s
    cube 3370.154 (depth 1, 32 lits): UNSAT in 0.03s
    cube 3370.155 (depth 1, 32 lits): UNSAT in 0.03s
    cube 3370.156 (depth 1, 32 lits): UNSAT in 0.02s
    cube 3370.157 (depth 1, 32 lits): UNSAT in 0.02s
    cube 3370.158 (depth 1, 32 lits): UNSAT in 0.05s
    cube 3370.159 (depth 1, 32 lits): UNSAT in 0.03s
    cube 3370.160 (depth 1, 32 lits): UNSAT in 0.03s
    cube 3370.161 (depth 1, 32 lits): UNSAT in 0.03s
    cube 3370.162 (depth 1, 32 lits): UNSAT in 0.04s
    cube 3370.163 (depth 1, 32 lits): UNSAT in 0.04s
    cube 3370.164 (depth 1, 32 lits): UNSAT in 0.04s
    cube 3370.165 (depth 1, 32 lits): UNSAT in 0.05s
    cube 3370.166 (depth 1, 32 lits): UNSAT in 0.04s
    cube 3370.167 (depth 1, 32 lits): UNSAT in 0.06s
    cube 3370.168 (depth 1, 32 lits): UNSAT in 0.34s
    cube 3370.169 (depth 1, 32 lits): UNSAT in 0.03s
    cube 3370.170 (depth 1, 32 lits): UNSAT in 0.09s
    cube 3370.171 (depth 1, 32 lits): UNSAT in 0.13s
    cube 3370.172 (depth 1, 32 lits): UNSAT in 0.27s
    cube 3370.173 (depth 1, 32 lits): UNSAT in 0.04s
    cube 3370.174 (depth 1, 32 lits): UNSAT in 0.05s
    cube 3370.175 (depth 1, 32 lits): UNSAT in 0.03s
    cube 3370.176 (depth 1, 32 lits): UNSAT in 0.32s
    cube 3370.177 (depth 1, 32 lits): UNSAT in 0.08s
    cube 3370.178 (depth 1, 32 lits): UNSAT in 0.31s
    cube 3370.179 (depth 1, 32 lits): UNSAT in 0.08s
    cube 3370.180 (depth 1, 32 lits): UNSAT in 0.36s
    cube 3370.181 (depth 1, 32 lits): UNSAT in 0.07s
    cube 3370.182 (depth 1, 32 lits): UNSAT in 1.20s
    cube 3370.183 (depth 1, 32 lits): UNSAT in 0.41s
    cube 3370.184 (depth 1, 32 lits): UNSAT in 1.88s
    cube 3370.185 (depth 1, 32 lits): UNSAT in 0.03s
    cube 3370.186 (depth 1, 32 lits): UNSAT in 0.08s
    cube 3370.187 (depth 1, 32 lits): UNSAT in 0.07s
    cube 3370.188 (depth 1, 32 lits): UNSAT in 0.16s
    cube 3370.189 (depth 1, 32 lits): UNSAT in 0.04s
    cube 3370.190 (depth 1, 32 lits): UNSAT in 0.09s
    cube 3370.191 (depth 1, 32 lits): UNSAT in 0.13s
    cube 3370.192 (depth 1, 32 lits): UNSAT in 0.21s
    cube 3370.193 (depth 1, 32 lits): UNSAT in 0.06s
    cube 3370.194 (depth 1, 32 lits): UNSAT in 0.07s
    cube 3370.195 (depth 1, 32 lits): UNSAT in 0.05s
    cube 3370.196 (depth 1, 32 lits): UNSAT in 0.19s
    cube 3370.197 (depth 1, 32 lits): UNSAT in 0.03s
    cube 3370.198 (depth 1, 32 lits): UNSAT in 0.25s
    cube 3370.199 (depth 1, 32 lits): UNSAT in 0.48s
    cube 3370.200 (depth 1, 32 lits): UNSAT in 0.84s
    cube 3370.201 (depth 1, 32 lits): UNSAT in 0.10s
    cube 3370.202 (depth 1, 32 lits): UNSAT in 0.16s
    cube 3370.203 (depth 1, 32 lits): UNSAT in 0.20s
    cube 3370.204 (depth 1, 32 lits): UNSAT in 0.33s
    cube 3370.205 (depth 1, 32 lits): UNSAT in 0.07s
    cube 3370.206 (depth 1, 32 lits): UNSAT in 0.18s
    cube 3370.207 (depth 1, 32 lits): UNSAT in 0.50s
    cube 3370.208 (depth 1, 32 lits): UNSAT in 3.70s
    cube 3370.209 (depth 1, 32 lits): UNSAT in 0.26s
    cube 3370.210 (depth 1, 32 lits): UNSAT in 1.75s
    cube 3370.211 (depth 1, 32 lits): UNSAT in 1.26s
    cube 3370.212 (depth 1, 32 lits): UNSAT in 8.79s
    cube 3370.213 (depth 1, 32 lits): UNSAT in 0.19s
    cube 3370.214 (depth 1, 32 lits): UNSAT in 3.22s
    cube 3370.215 (depth 1, 32 lits): UNSAT in 5.71s
    cube 3370.216 (depth 1, 32 lits): UNSAT in 27.86s
    cube 3374 (depth 0, 24 lits): UNSAT in 0.03s
    cube 3378 (depth 0, 24 lits): UNSAT in 0.17s
    cube 3382 (depth 0, 24 lits): UNSAT in 0.17s
    cube 3386 (depth 0, 24 lits): UNSAT in 8.34s
    cube 3390 (depth 0, 24 lits): UNSAT in 4.09s
    cube 3394 (depth 0, 24 lits): UNSAT in 17.34s
    cube 3398 (depth 0, 24 lits): UNSAT in 10.97s
    cube 3402 (depth 0, 24 lits): UNSAT in 85.05s
    cube 3406 (depth 0, 24 lits): UNSAT in 0.17s
    cube 3410 (depth 0, 24 lits): UNSAT in 5.42s
    cube 3414 (depth 0, 24 lits): UNSAT in 0.46s
    cube 3418 (depth 0, 24 lits): UNSAT in 72.35s
    cube 3422 (depth 0, 24 lits): UNSAT in 0.68s
    cube 3426 (depth 0, 24 lits): UNSAT in 96.53s
    cube 3430 (depth 0, 24 lits): UNSAT in 7.27s
    cube 3434 (depth 0, 24 lits): UNSAT in 171.99s
    cube 3438 (depth 0, 24 lits): UNSAT in 0.02s
    cube 3442 (depth 0, 24 lits): UNSAT in 0.04s
    cube 3446 (depth 0, 24 lits): UNSAT in 0.07s
    cube 3450 (depth 0, 24 lits): UNSAT in 0.07s
    cube 3454 (depth 0, 24 lits): UNSAT in 0.02s
    cube 3458 (depth 0, 24 lits): UNSAT in 0.04s
    cube 3462 (depth 0, 24 lits): UNSAT in 0.08s
    cube 3466 (depth 0, 24 lits): UNSAT in 1.03s
    cube 3470 (depth 0, 24 lits): UNSAT in 0.07s
    cube 3474 (depth 0, 24 lits): UNSAT in 0.36s
    cube 3478 (depth 0, 24 lits): UNSAT in 0.29s
    cube 3482 (depth 0, 24 lits): UNSAT in 0.66s
    cube 3486 (depth 0, 24 lits): UNSAT in 0.04s
    cube 3490 (depth 0, 24 lits): UNSAT in 0.23s
    cube 3494 (depth 0, 24 lits): UNSAT in 3.55s
    cube 3498 (depth 0, 24 lits): UNSAT in 51.45s
    cube 3502 (depth 0, 24 lits): UNSAT in 0.04s
    cube 3506 (depth 0, 24 lits): UNSAT in 0.53s
    cube 3510 (depth 0, 24 lits): UNSAT in 0.08s
    cube 3514 (depth 0, 24 lits): UNSAT in 1.21s
    cube 3518 (depth 0, 24 lits): UNSAT in 0.10s
    cube 3522 (depth 0, 24 lits): UNSAT in 4.72s
    cube 3526 (depth 0, 24 lits): UNSAT in 0.90s
    cube 3530 (depth 0, 24 lits): UNSAT in 118.35s
    cube 3534 (depth 0, 24 lits): UNSAT in 0.23s
    cube 3538 (depth 0, 24 lits): UNSAT in 8.66s
    cube 3542 (depth 0, 24 lits): UNSAT in 2.48s
    cube 3546 (depth 0, 24 lits): UNSAT in 45.15s
    cube 3550 (depth 0, 24 lits): UNSAT in 1.58s
    cube 3554 (depth 0, 24 lits): UNSAT in 14.41s
    cube 3558 (depth 0, 24 lits): UNSAT in 8.51s
    cube 3562 (depth 0, 24 lits): UNSAT in 3.03s
    cube 3566 (depth 0, 24 lits): UNSAT in 0.05s
    cube 3570 (depth 0, 24 lits): UNSAT in 0.22s
    cube 3574 (depth 0, 24 lits): UNSAT in 0.44s
    cube 3578 (depth 0, 24 lits): UNSAT in 8.05s
    cube 3582 (depth 0, 24 lits): UNSAT in 0.41s
    cube 3586 (depth 0, 24 lits): UNSAT in 1.47s
    cube 3590 (depth 0, 24 lits): UNSAT in 1.97s
    cube 3594 (depth 0, 24 lits): UNSAT in 203.99s
    cube 3598 (depth 0, 24 lits): UNSAT in 0.91s
    cube 3602 (depth 0, 24 lits): UNSAT in 8.99s
    cube 3606 (depth 0, 24 lits): UNSAT in 2.10s
    cube 3610 (depth 0, 24 lits): UNSAT in 493.31s
    cube 3614 (depth 0, 24 lits): UNSAT in 0.50s
    cube 3618 (depth 0, 24 lits): UNSAT in 67.80s
    cube 3622 (depth 0, 24 lits): UNSAT in 39.00s
    cube 3626 (depth 0, 24 lits): UNSAT in 13.23s
    cube 3630 (depth 0, 24 lits): UNSAT in 0.32s
    cube 3634 (depth 0, 24 lits): UNSAT in 1.79s
    cube 3638 (depth 0, 24 lits): UNSAT in 8.90s
    cube 3642 (depth 0, 24 lits): UNSAT in 3.69s
    cube 3646 (depth 0, 24 lits): UNSAT in 24.18s
    cube 3650 (depth 0, 24 lits): UNSAT in 65.60s
    cube 3654 (depth 0, 24 lits): UNSAT in 62.85s
    cube 3658 (depth 0, 24 lits): UNSAT in 12.02s
    cube 3662 (depth 0, 24 lits): UNSAT in 1.16s
    cube 3666 (depth 0, 24 lits): UNSAT in 10.07s
    cube 3670 (depth 0, 24 lits): UNSAT in 9.51s
    cube 3674 (depth 0, 24 lits): UNSAT in 487.94s
    cube 3678 (depth 0, 24 lits): UNSAT in 11.56s
    cube 3682 (depth 0, 24 lits): UNSAT in 62.65s
    cube 3686 (depth 0, 24 lits): UNSAT in 109.58s
    cube 3690 (depth 0, 24 lits): UNSAT in 288.43s

  shard 2 verdict: UNSAT [parent cube 4077's children only] (923 UNSAT, 0 unresolved) in 9034.9s
