  shard 16/24 (explicit): 1 of 4095 cubes, per-cube cap 1200.0s, re-split depth 7
    cube 2938 (depth 0, 12 lits): TIMEOUT in 1200.04s
    cube 2938 TIMEOUT -> re-split into 251 sub-cubes (depth 1)
    cube 2938.0 (depth 1, 18 lits): UNSAT in 0.02s
    cube 2938.1 (depth 1, 19 lits): UNSAT in 0.01s
    cube 2938.2 (depth 1, 20 lits): UNSAT in 0.02s
    cube 2938.3 (depth 1, 20 lits): UNSAT in 0.02s
    cube 2938.4 (depth 1, 20 lits): UNSAT in 0.01s
    cube 2938.5 (depth 1, 20 lits): UNSAT in 0.03s
    cube 2938.6 (depth 1, 20 lits): UNSAT in 0.06s
    cube 2938.7 (depth 1, 20 lits): UNSAT in 0.20s
    cube 2938.8 (depth 1, 20 lits): UNSAT in 0.02s
    cube 2938.9 (depth 1, 20 lits): UNSAT in 0.05s
    cube 2938.10 (depth 1, 20 lits): UNSAT in 0.10s
    cube 2938.11 (depth 1, 20 lits): UNSAT in 0.81s
    cube 2938.12 (depth 1, 20 lits): UNSAT in 0.01s
    cube 2938.13 (depth 1, 20 lits): UNSAT in 0.02s
    cube 2938.14 (depth 1, 20 lits): UNSAT in 0.05s
    cube 2938.15 (depth 1, 20 lits): UNSAT in 0.06s
    cube 2938.16 (depth 1, 20 lits): UNSAT in 0.02s
    cube 2938.17 (depth 1, 20 lits): UNSAT in 0.01s
    cube 2938.18 (depth 1, 20 lits): UNSAT in 0.02s
    cube 2938.19 (depth 1, 20 lits): UNSAT in 0.13s
    cube 2938.20 (depth 1, 20 lits): UNSAT in 0.08s
    cube 2938.21 (depth 1, 20 lits): UNSAT in 0.09s
    cube 2938.22 (depth 1, 20 lits): UNSAT in 0.07s
    cube 2938.23 (depth 1, 20 lits): UNSAT in 0.17s
    cube 2938.24 (depth 1, 20 lits): UNSAT in 0.03s
    cube 2938.25 (depth 1, 20 lits): UNSAT in 0.41s
    cube 2938.26 (depth 1, 20 lits): UNSAT in 0.85s
    cube 2938.27 (depth 1, 20 lits): UNSAT in 3.20s
    cube 2938.28 (depth 1, 20 lits): UNSAT in 0.03s
    cube 2938.29 (depth 1, 20 lits): UNSAT in 0.02s
    cube 2938.30 (depth 1, 20 lits): UNSAT in 0.01s
    cube 2938.31 (depth 1, 20 lits): UNSAT in 0.02s
    cube 2938.32 (depth 1, 20 lits): UNSAT in 0.05s
    cube 2938.33 (depth 1, 20 lits): UNSAT in 0.04s
    cube 2938.34 (depth 1, 20 lits): UNSAT in 0.06s
    cube 2938.35 (depth 1, 20 lits): UNSAT in 0.19s
    cube 2938.36 (depth 1, 19 lits): UNSAT in 0.02s
    cube 2938.37 (depth 1, 20 lits): UNSAT in 0.02s
    cube 2938.38 (depth 1, 20 lits): UNSAT in 0.04s
    cube 2938.39 (depth 1, 20 lits): UNSAT in 0.02s
    cube 2938.40 (depth 1, 20 lits): UNSAT in 0.07s
    cube 2938.41 (depth 1, 20 lits): UNSAT in 0.18s
    cube 2938.42 (depth 1, 20 lits): UNSAT in 0.33s
    cube 2938.43 (depth 1, 20 lits): UNSAT in 0.02s
    cube 2938.44 (depth 1, 20 lits): UNSAT in 0.04s
    cube 2938.45 (depth 1, 20 lits): UNSAT in 0.03s
    cube 2938.46 (depth 1, 20 lits): UNSAT in 0.03s
    cube 2938.47 (depth 1, 20 lits): UNSAT in 0.10s
    cube 2938.48 (depth 1, 20 lits): UNSAT in 0.26s
    cube 2938.49 (depth 1, 20 lits): UNSAT in 0.12s
    cube 2938.50 (depth 1, 20 lits): UNSAT in 0.13s
    cube 2938.51 (depth 1, 20 lits): UNSAT in 0.02s
    cube 2938.52 (depth 1, 20 lits): UNSAT in 0.26s
    cube 2938.53 (depth 1, 20 lits): UNSAT in 0.26s
    cube 2938.54 (depth 1, 20 lits): UNSAT in 0.55s
    cube 2938.55 (depth 1, 20 lits): UNSAT in 0.24s
    cube 2938.56 (depth 1, 20 lits): UNSAT in 1.00s
    cube 2938.57 (depth 1, 20 lits): UNSAT in 3.01s
    cube 2938.58 (depth 1, 20 lits): UNSAT in 7.58s
    cube 2938.59 (depth 1, 20 lits): UNSAT in 0.02s
    cube 2938.60 (depth 1, 20 lits): UNSAT in 0.04s
    cube 2938.61 (depth 1, 20 lits): UNSAT in 0.05s
    cube 2938.62 (depth 1, 20 lits): UNSAT in 0.07s
    cube 2938.63 (depth 1, 20 lits): UNSAT in 0.02s
    cube 2938.64 (depth 1, 20 lits): UNSAT in 0.02s
    cube 2938.65 (depth 1, 20 lits): UNSAT in 0.02s
    cube 2938.66 (depth 1, 20 lits): UNSAT in 0.03s
    cube 2938.67 (depth 1, 20 lits): UNSAT in 0.05s
    cube 2938.68 (depth 1, 20 lits): UNSAT in 0.07s
    cube 2938.69 (depth 1, 20 lits): UNSAT in 0.13s
    cube 2938.70 (depth 1, 20 lits): UNSAT in 0.11s
    cube 2938.71 (depth 1, 20 lits): UNSAT in 0.09s
    cube 2938.72 (depth 1, 20 lits): UNSAT in 0.13s
    cube 2938.73 (depth 1, 20 lits): UNSAT in 0.11s
    cube 2938.74 (depth 1, 20 lits): UNSAT in 0.74s
    cube 2938.75 (depth 1, 20 lits): UNSAT in 0.10s
    cube 2938.76 (depth 1, 20 lits): UNSAT in 0.35s
    cube 2938.77 (depth 1, 20 lits): UNSAT in 0.34s
    cube 2938.78 (depth 1, 20 lits): UNSAT in 1.99s
    cube 2938.79 (depth 1, 20 lits): UNSAT in 0.04s
    cube 2938.80 (depth 1, 20 lits): UNSAT in 0.10s
    cube 2938.81 (depth 1, 20 lits): UNSAT in 0.38s
    cube 2938.82 (depth 1, 20 lits): UNSAT in 12.05s
    cube 2938.83 (depth 1, 20 lits): UNSAT in 0.10s
    cube 2938.84 (depth 1, 20 lits): UNSAT in 0.22s
    cube 2938.85 (depth 1, 20 lits): UNSAT in 0.30s
    cube 2938.86 (depth 1, 20 lits): UNSAT in 1.49s
    cube 2938.87 (depth 1, 20 lits): UNSAT in 0.68s
    cube 2938.88 (depth 1, 20 lits): UNSAT in 3.11s
    cube 2938.89 (depth 1, 20 lits): UNSAT in 6.28s
    cube 2938.90 (depth 1, 20 lits): UNSAT in 51.68s
    cube 2938.91 (depth 1, 20 lits): UNSAT in 0.05s
    cube 2938.92 (depth 1, 20 lits): UNSAT in 0.19s
    cube 2938.93 (depth 1, 20 lits): UNSAT in 0.16s
    cube 2938.94 (depth 1, 20 lits): UNSAT in 0.70s
    cube 2938.95 (depth 1, 20 lits): UNSAT in 0.04s
    cube 2938.96 (depth 1, 20 lits): UNSAT in 0.06s
    cube 2938.97 (depth 1, 20 lits): UNSAT in 0.35s
    cube 2938.98 (depth 1, 20 lits): UNSAT in 5.55s
    cube 2938.99 (depth 1, 20 lits): UNSAT in 0.06s
    cube 2938.100 (depth 1, 20 lits): UNSAT in 0.07s
    cube 2938.101 (depth 1, 20 lits): UNSAT in 0.17s
    cube 2938.102 (depth 1, 20 lits): UNSAT in 0.57s
    cube 2938.103 (depth 1, 20 lits): UNSAT in 0.12s
    cube 2938.104 (depth 1, 20 lits): UNSAT in 1.46s
    cube 2938.105 (depth 1, 20 lits): UNSAT in 5.90s
    cube 2938.106 (depth 1, 20 lits): UNSAT in 41.00s
    cube 2938.107 (depth 1, 20 lits): UNSAT in 0.28s
    cube 2938.108 (depth 1, 20 lits): UNSAT in 1.89s
    cube 2938.109 (depth 1, 20 lits): UNSAT in 0.13s
    cube 2938.110 (depth 1, 20 lits): UNSAT in 6.86s
    cube 2938.111 (depth 1, 20 lits): UNSAT in 0.22s
    cube 2938.112 (depth 1, 20 lits): UNSAT in 0.93s
    cube 2938.113 (depth 1, 20 lits): UNSAT in 2.72s
    cube 2938.114 (depth 1, 20 lits): UNSAT in 63.62s
    cube 2938.115 (depth 1, 20 lits): UNSAT in 0.14s
    cube 2938.116 (depth 1, 20 lits): UNSAT in 10.38s
    cube 2938.117 (depth 1, 20 lits): UNSAT in 5.45s
    cube 2938.118 (depth 1, 20 lits): UNSAT in 59.60s
    cube 2938.119 (depth 1, 20 lits): UNSAT in 3.19s
    cube 2938.120 (depth 1, 20 lits): UNSAT in 187.40s
    cube 2938.121 (depth 1, 20 lits): UNSAT in 239.40s
    cube 2938.122 (depth 1, 20 lits): TIMEOUT in 1200.10s
    cube 2938.122 TIMEOUT -> re-split into 249 sub-cubes (depth 2)
    cube 2938.122.0 (depth 2, 27 lits): UNSAT in 0.02s
    cube 2938.122.1 (depth 2, 27 lits): UNSAT in 0.02s
    cube 2938.122.2 (depth 2, 26 lits): UNSAT in 0.02s
    cube 2938.122.3 (depth 2, 28 lits): UNSAT in 0.01s
    cube 2938.122.4 (depth 2, 28 lits): UNSAT in 0.02s
    cube 2938.122.5 (depth 2, 28 lits): UNSAT in 0.03s
    cube 2938.122.6 (depth 2, 28 lits): UNSAT in 0.02s
    cube 2938.122.7 (depth 2, 28 lits): UNSAT in 0.02s
    cube 2938.122.8 (depth 2, 28 lits): UNSAT in 0.02s
    cube 2938.122.9 (depth 2, 28 lits): UNSAT in 0.07s
    cube 2938.122.10 (depth 2, 28 lits): UNSAT in 0.19s
    cube 2938.122.11 (depth 2, 28 lits): UNSAT in 0.01s
    cube 2938.122.12 (depth 2, 28 lits): UNSAT in 0.02s
    cube 2938.122.13 (depth 2, 28 lits): UNSAT in 0.02s
    cube 2938.122.14 (depth 2, 28 lits): UNSAT in 0.09s
    cube 2938.122.15 (depth 2, 28 lits): UNSAT in 0.03s
    cube 2938.122.16 (depth 2, 28 lits): UNSAT in 0.10s
    cube 2938.122.17 (depth 2, 28 lits): UNSAT in 0.11s
    cube 2938.122.18 (depth 2, 28 lits): UNSAT in 0.22s
    cube 2938.122.19 (depth 2, 28 lits): UNSAT in 0.02s
    cube 2938.122.20 (depth 2, 28 lits): UNSAT in 0.04s
    cube 2938.122.21 (depth 2, 28 lits): UNSAT in 0.03s
    cube 2938.122.22 (depth 2, 28 lits): UNSAT in 0.50s
    cube 2938.122.23 (depth 2, 28 lits): UNSAT in 0.07s
    cube 2938.122.24 (depth 2, 28 lits): UNSAT in 0.41s
    cube 2938.122.25 (depth 2, 28 lits): UNSAT in 0.20s
    cube 2938.122.26 (depth 2, 28 lits): UNSAT in 0.83s
    cube 2938.122.27 (depth 2, 28 lits): UNSAT in 0.01s
    cube 2938.122.28 (depth 2, 28 lits): UNSAT in 0.01s
    cube 2938.122.29 (depth 2, 28 lits): UNSAT in 0.01s
    cube 2938.122.30 (depth 2, 28 lits): UNSAT in 0.02s
    cube 2938.122.31 (depth 2, 28 lits): UNSAT in 0.02s
    cube 2938.122.32 (depth 2, 28 lits): UNSAT in 0.02s
    cube 2938.122.33 (depth 2, 28 lits): UNSAT in 0.02s
    cube 2938.122.34 (depth 2, 28 lits): UNSAT in 0.16s
    cube 2938.122.35 (depth 2, 28 lits): UNSAT in 0.02s
    cube 2938.122.36 (depth 2, 28 lits): UNSAT in 0.05s
    cube 2938.122.37 (depth 2, 28 lits): UNSAT in 0.11s
    cube 2938.122.38 (depth 2, 28 lits): UNSAT in 0.26s
    cube 2938.122.39 (depth 2, 28 lits): UNSAT in 0.11s
    cube 2938.122.40 (depth 2, 28 lits): UNSAT in 0.34s
    cube 2938.122.41 (depth 2, 28 lits): UNSAT in 0.05s
    cube 2938.122.42 (depth 2, 28 lits): UNSAT in 0.46s
    cube 2938.122.43 (depth 2, 28 lits): UNSAT in 0.01s
    cube 2938.122.44 (depth 2, 28 lits): UNSAT in 0.02s
    cube 2938.122.45 (depth 2, 28 lits): UNSAT in 0.02s
    cube 2938.122.46 (depth 2, 28 lits): UNSAT in 0.03s
    cube 2938.122.47 (depth 2, 28 lits): UNSAT in 0.02s
    cube 2938.122.48 (depth 2, 28 lits): UNSAT in 0.03s
    cube 2938.122.49 (depth 2, 28 lits): UNSAT in 0.04s
    cube 2938.122.50 (depth 2, 28 lits): UNSAT in 0.17s
    cube 2938.122.51 (depth 2, 28 lits): UNSAT in 0.03s
    cube 2938.122.52 (depth 2, 28 lits): UNSAT in 0.08s
    cube 2938.122.53 (depth 2, 28 lits): UNSAT in 0.09s
    cube 2938.122.54 (depth 2, 28 lits): UNSAT in 0.42s
    cube 2938.122.55 (depth 2, 28 lits): UNSAT in 0.20s
    cube 2938.122.56 (depth 2, 28 lits): UNSAT in 1.03s
    cube 2938.122.57 (depth 2, 28 lits): UNSAT in 0.61s
    cube 2938.122.58 (depth 2, 28 lits): UNSAT in 9.25s
    cube 2938.122.59 (depth 2, 28 lits): UNSAT in 0.03s
    cube 2938.122.60 (depth 2, 28 lits): UNSAT in 0.03s
    cube 2938.122.61 (depth 2, 28 lits): UNSAT in 0.02s
    cube 2938.122.62 (depth 2, 28 lits): UNSAT in 0.05s
    cube 2938.122.63 (depth 2, 28 lits): UNSAT in 0.02s
    cube 2938.122.64 (depth 2, 28 lits): UNSAT in 0.04s
    cube 2938.122.65 (depth 2, 28 lits): UNSAT in 0.04s
    cube 2938.122.66 (depth 2, 28 lits): UNSAT in 0.06s
    cube 2938.122.67 (depth 2, 27 lits): UNSAT in 0.02s
    cube 2938.122.68 (depth 2, 28 lits): UNSAT in 0.03s
    cube 2938.122.69 (depth 2, 28 lits): UNSAT in 0.03s
    cube 2938.122.70 (depth 2, 28 lits): UNSAT in 0.05s
    cube 2938.122.71 (depth 2, 28 lits): UNSAT in 0.08s
    cube 2938.122.72 (depth 2, 28 lits): UNSAT in 0.05s
    cube 2938.122.73 (depth 2, 28 lits): UNSAT in 0.10s
    cube 2938.122.74 (depth 2, 28 lits): UNSAT in 0.02s
    cube 2938.122.75 (depth 2, 28 lits): UNSAT in 0.02s
    cube 2938.122.76 (depth 2, 28 lits): UNSAT in 0.06s
    cube 2938.122.77 (depth 2, 28 lits): UNSAT in 0.02s
    cube 2938.122.78 (depth 2, 28 lits): UNSAT in 0.03s
    cube 2938.122.79 (depth 2, 28 lits): UNSAT in 0.02s
    cube 2938.122.80 (depth 2, 28 lits): UNSAT in 0.11s
    cube 2938.122.81 (depth 2, 28 lits): UNSAT in 0.18s
    cube 2938.122.82 (depth 2, 28 lits): UNSAT in 0.05s
    cube 2938.122.83 (depth 2, 28 lits): UNSAT in 0.13s
    cube 2938.122.84 (depth 2, 28 lits): UNSAT in 0.16s
    cube 2938.122.85 (depth 2, 28 lits): UNSAT in 0.20s
    cube 2938.122.86 (depth 2, 28 lits): UNSAT in 0.11s
    cube 2938.122.87 (depth 2, 28 lits): UNSAT in 0.30s
    cube 2938.122.88 (depth 2, 28 lits): UNSAT in 0.18s
    cube 2938.122.89 (depth 2, 28 lits): UNSAT in 1.32s
    cube 2938.122.90 (depth 2, 28 lits): UNSAT in 0.02s
    cube 2938.122.91 (depth 2, 28 lits): UNSAT in 0.03s
    cube 2938.122.92 (depth 2, 28 lits): UNSAT in 0.01s
    cube 2938.122.93 (depth 2, 28 lits): UNSAT in 0.03s
    cube 2938.122.94 (depth 2, 28 lits): UNSAT in 0.05s
    cube 2938.122.95 (depth 2, 28 lits): UNSAT in 0.08s
    cube 2938.122.96 (depth 2, 28 lits): UNSAT in 0.09s
    cube 2938.122.97 (depth 2, 28 lits): UNSAT in 0.57s
    cube 2938.122.98 (depth 2, 28 lits): UNSAT in 0.04s
    cube 2938.122.99 (depth 2, 28 lits): UNSAT in 0.11s
    cube 2938.122.100 (depth 2, 28 lits): UNSAT in 0.05s
    cube 2938.122.101 (depth 2, 28 lits): UNSAT in 0.26s
    cube 2938.122.102 (depth 2, 28 lits): UNSAT in 0.08s
    cube 2938.122.103 (depth 2, 28 lits): UNSAT in 0.31s
    cube 2938.122.104 (depth 2, 28 lits): UNSAT in 0.57s
    cube 2938.122.105 (depth 2, 28 lits): UNSAT in 3.05s
    cube 2938.122.106 (depth 2, 28 lits): UNSAT in 0.07s
    cube 2938.122.107 (depth 2, 28 lits): UNSAT in 0.23s
    cube 2938.122.108 (depth 2, 28 lits): UNSAT in 0.11s
    cube 2938.122.109 (depth 2, 28 lits): UNSAT in 0.86s
    cube 2938.122.110 (depth 2, 28 lits): UNSAT in 0.15s
    cube 2938.122.111 (depth 2, 28 lits): UNSAT in 0.44s
    cube 2938.122.112 (depth 2, 28 lits): UNSAT in 0.59s
    cube 2938.122.113 (depth 2, 28 lits): UNSAT in 4.74s
    cube 2938.122.114 (depth 2, 28 lits): UNSAT in 0.23s
    cube 2938.122.115 (depth 2, 28 lits): UNSAT in 0.85s
    cube 2938.122.116 (depth 2, 28 lits): UNSAT in 1.91s
    cube 2938.122.117 (depth 2, 28 lits): UNSAT in 29.80s
    cube 2938.122.118 (depth 2, 28 lits): UNSAT in 2.26s
    cube 2938.122.119 (depth 2, 28 lits): UNSAT in 28.03s
    cube 2938.122.120 (depth 2, 28 lits): UNSAT in 96.19s
    cube 2938.122.121 (depth 2, 28 lits): UNSAT in 104.88s
    cube 2938.122.122 (depth 2, 28 lits): UNSAT in 0.01s
    cube 2938.122.123 (depth 2, 28 lits): UNSAT in 0.02s
    cube 2938.122.124 (depth 2, 28 lits): UNSAT in 0.01s
    cube 2938.122.125 (depth 2, 28 lits): UNSAT in 0.03s
    cube 2938.122.126 (depth 2, 28 lits): UNSAT in 0.02s
    cube 2938.122.127 (depth 2, 28 lits): UNSAT in 0.04s
    cube 2938.122.128 (depth 2, 28 lits): UNSAT in 0.02s
    cube 2938.122.129 (depth 2, 28 lits): UNSAT in 0.09s
    cube 2938.122.130 (depth 2, 28 lits): UNSAT in 0.01s
    cube 2938.122.131 (depth 2, 28 lits): UNSAT in 0.03s
    cube 2938.122.132 (depth 2, 28 lits): UNSAT in 0.02s
    cube 2938.122.133 (depth 2, 28 lits): UNSAT in 0.03s
    cube 2938.122.134 (depth 2, 28 lits): UNSAT in 0.01s
    cube 2938.122.135 (depth 2, 28 lits): UNSAT in 0.05s
    cube 2938.122.136 (depth 2, 28 lits): UNSAT in 0.02s
    cube 2938.122.137 (depth 2, 28 lits): UNSAT in 0.06s
    cube 2938.122.138 (depth 2, 28 lits): UNSAT in 0.02s
    cube 2938.122.139 (depth 2, 28 lits): UNSAT in 0.02s
    cube 2938.122.140 (depth 2, 28 lits): UNSAT in 0.02s
    cube 2938.122.141 (depth 2, 28 lits): UNSAT in 0.02s
    cube 2938.122.142 (depth 2, 28 lits): UNSAT in 0.02s
    cube 2938.122.143 (depth 2, 28 lits): UNSAT in 0.02s
    cube 2938.122.144 (depth 2, 28 lits): UNSAT in 0.04s
    cube 2938.122.145 (depth 2, 28 lits): UNSAT in 0.13s
    cube 2938.122.146 (depth 2, 28 lits): UNSAT in 0.02s
    cube 2938.122.147 (depth 2, 28 lits): UNSAT in 0.08s
    cube 2938.122.148 (depth 2, 28 lits): UNSAT in 0.04s
    cube 2938.122.149 (depth 2, 28 lits): UNSAT in 0.11s
    cube 2938.122.150 (depth 2, 28 lits): UNSAT in 0.04s
    cube 2938.122.151 (depth 2, 28 lits): UNSAT in 0.11s
    cube 2938.122.152 (depth 2, 28 lits): UNSAT in 0.40s
    cube 2938.122.153 (depth 2, 28 lits): UNSAT in 1.15s
    cube 2938.122.154 (depth 2, 28 lits): UNSAT in 0.02s
    cube 2938.122.155 (depth 2, 28 lits): UNSAT in 0.02s
    cube 2938.122.156 (depth 2, 28 lits): UNSAT in 0.02s
    cube 2938.122.157 (depth 2, 28 lits): UNSAT in 0.02s
    cube 2938.122.158 (depth 2, 28 lits): UNSAT in 0.02s
    cube 2938.122.159 (depth 2, 28 lits): UNSAT in 0.02s
    cube 2938.122.160 (depth 2, 28 lits): UNSAT in 0.02s
    cube 2938.122.161 (depth 2, 28 lits): UNSAT in 0.03s
    cube 2938.122.162 (depth 2, 27 lits): UNSAT in 0.01s
    cube 2938.122.163 (depth 2, 28 lits): UNSAT in 0.01s
    cube 2938.122.164 (depth 2, 28 lits): UNSAT in 0.02s
    cube 2938.122.165 (depth 2, 28 lits): UNSAT in 0.01s
    cube 2938.122.166 (depth 2, 28 lits): UNSAT in 0.03s
    cube 2938.122.167 (depth 2, 28 lits): UNSAT in 0.02s
    cube 2938.122.168 (depth 2, 28 lits): UNSAT in 0.08s
    cube 2938.122.169 (depth 2, 28 lits): UNSAT in 0.02s
    cube 2938.122.170 (depth 2, 28 lits): UNSAT in 0.03s
    cube 2938.122.171 (depth 2, 28 lits): UNSAT in 0.04s
    cube 2938.122.172 (depth 2, 28 lits): UNSAT in 0.10s
    cube 2938.122.173 (depth 2, 28 lits): UNSAT in 0.03s
    cube 2938.122.174 (depth 2, 28 lits): UNSAT in 0.09s
    cube 2938.122.175 (depth 2, 28 lits): UNSAT in 0.04s
    cube 2938.122.176 (depth 2, 28 lits): UNSAT in 0.43s
    cube 2938.122.177 (depth 2, 28 lits): UNSAT in 0.04s
    cube 2938.122.178 (depth 2, 28 lits): UNSAT in 0.16s
    cube 2938.122.179 (depth 2, 28 lits): UNSAT in 0.10s
    cube 2938.122.180 (depth 2, 28 lits): UNSAT in 1.02s
    cube 2938.122.181 (depth 2, 28 lits): UNSAT in 0.16s
    cube 2938.122.182 (depth 2, 28 lits): UNSAT in 1.33s
    cube 2938.122.183 (depth 2, 28 lits): UNSAT in 1.28s
    cube 2938.122.184 (depth 2, 28 lits): UNSAT in 8.24s
    cube 2938.122.185 (depth 2, 28 lits): UNSAT in 0.03s
    cube 2938.122.186 (depth 2, 28 lits): UNSAT in 0.04s
    cube 2938.122.187 (depth 2, 28 lits): UNSAT in 0.02s
    cube 2938.122.188 (depth 2, 28 lits): UNSAT in 0.04s
    cube 2938.122.189 (depth 2, 28 lits): UNSAT in 0.02s
    cube 2938.122.190 (depth 2, 28 lits): UNSAT in 0.04s
    cube 2938.122.191 (depth 2, 28 lits): UNSAT in 0.04s
    cube 2938.122.192 (depth 2, 28 lits): UNSAT in 0.10s
    cube 2938.122.193 (depth 2, 28 lits): UNSAT in 0.02s
    cube 2938.122.194 (depth 2, 28 lits): UNSAT in 0.02s
    cube 2938.122.195 (depth 2, 28 lits): UNSAT in 0.04s
    cube 2938.122.196 (depth 2, 28 lits): UNSAT in 0.02s
    cube 2938.122.197 (depth 2, 28 lits): UNSAT in 0.06s
    cube 2938.122.198 (depth 2, 28 lits): UNSAT in 0.08s
    cube 2938.122.199 (depth 2, 28 lits): UNSAT in 0.05s
    cube 2938.122.200 (depth 2, 28 lits): UNSAT in 0.09s
    cube 2938.122.201 (depth 2, 28 lits): UNSAT in 0.03s
    cube 2938.122.202 (depth 2, 28 lits): UNSAT in 0.03s
    cube 2938.122.203 (depth 2, 28 lits): UNSAT in 0.05s
    cube 2938.122.204 (depth 2, 28 lits): UNSAT in 0.05s
    cube 2938.122.205 (depth 2, 28 lits): UNSAT in 0.03s
    cube 2938.122.206 (depth 2, 28 lits): UNSAT in 0.04s
    cube 2938.122.207 (depth 2, 28 lits): UNSAT in 0.08s
    cube 2938.122.208 (depth 2, 28 lits): UNSAT in 0.15s
    cube 2938.122.209 (depth 2, 28 lits): UNSAT in 0.04s
    cube 2938.122.210 (depth 2, 28 lits): UNSAT in 0.02s
    cube 2938.122.211 (depth 2, 28 lits): UNSAT in 0.08s
    cube 2938.122.212 (depth 2, 28 lits): UNSAT in 0.10s
    cube 2938.122.213 (depth 2, 28 lits): UNSAT in 0.13s
    cube 2938.122.214 (depth 2, 28 lits): UNSAT in 0.31s
    cube 2938.122.215 (depth 2, 28 lits): UNSAT in 0.49s
    cube 2938.122.216 (depth 2, 28 lits): UNSAT in 0.95s
    cube 2938.122.217 (depth 2, 28 lits): UNSAT in 0.02s
    cube 2938.122.218 (depth 2, 28 lits): UNSAT in 0.03s
    cube 2938.122.219 (depth 2, 28 lits): UNSAT in 0.01s
    cube 2938.122.220 (depth 2, 28 lits): UNSAT in 0.03s
    cube 2938.122.221 (depth 2, 28 lits): UNSAT in 0.03s
    cube 2938.122.222 (depth 2, 28 lits): UNSAT in 0.09s
    cube 2938.122.223 (depth 2, 28 lits): UNSAT in 0.17s
    cube 2938.122.224 (depth 2, 28 lits): UNSAT in 0.41s
    cube 2938.122.225 (depth 2, 28 lits): UNSAT in 0.04s
    cube 2938.122.226 (depth 2, 28 lits): UNSAT in 0.05s
    cube 2938.122.227 (depth 2, 28 lits): UNSAT in 0.03s
    cube 2938.122.228 (depth 2, 28 lits): UNSAT in 0.22s
    cube 2938.122.229 (depth 2, 28 lits): UNSAT in 0.07s
    cube 2938.122.230 (depth 2, 28 lits): UNSAT in 0.36s
    cube 2938.122.231 (depth 2, 28 lits): UNSAT in 0.45s
    cube 2938.122.232 (depth 2, 28 lits): UNSAT in 2.72s
    cube 2938.122.233 (depth 2, 28 lits): UNSAT in 0.10s
    cube 2938.122.234 (depth 2, 28 lits): UNSAT in 0.16s
    cube 2938.122.235 (depth 2, 28 lits): UNSAT in 0.12s
    cube 2938.122.236 (depth 2, 28 lits): UNSAT in 0.76s
    cube 2938.122.237 (depth 2, 28 lits): UNSAT in 0.33s
    cube 2938.122.238 (depth 2, 28 lits): UNSAT in 1.09s
    cube 2938.122.239 (depth 2, 28 lits): UNSAT in 0.68s
    cube 2938.122.240 (depth 2, 28 lits): UNSAT in 4.79s
    cube 2938.122.241 (depth 2, 28 lits): UNSAT in 0.41s
    cube 2938.122.242 (depth 2, 28 lits): UNSAT in 3.01s
    cube 2938.122.243 (depth 2, 28 lits): UNSAT in 0.15s
    cube 2938.122.244 (depth 2, 28 lits): UNSAT in 20.34s
    cube 2938.122.245 (depth 2, 28 lits): UNSAT in 4.20s
    cube 2938.122.246 (depth 2, 28 lits): UNSAT in 44.68s
    cube 2938.122.247 (depth 2, 28 lits): UNSAT in 89.44s
    cube 2938.122.248 (depth 2, 28 lits): UNSAT in 205.14s
    cube 2938.123 (depth 1, 20 lits): UNSAT in 0.04s
    cube 2938.124 (depth 1, 20 lits): UNSAT in 0.04s
    cube 2938.125 (depth 1, 20 lits): UNSAT in 0.10s
    cube 2938.126 (depth 1, 20 lits): UNSAT in 0.28s
    cube 2938.127 (depth 1, 20 lits): UNSAT in 0.06s
    cube 2938.128 (depth 1, 20 lits): UNSAT in 0.37s
    cube 2938.129 (depth 1, 20 lits): UNSAT in 0.15s
    cube 2938.130 (depth 1, 20 lits): UNSAT in 1.09s
    cube 2938.131 (depth 1, 20 lits): UNSAT in 0.07s
    cube 2938.132 (depth 1, 20 lits): UNSAT in 0.34s
    cube 2938.133 (depth 1, 20 lits): UNSAT in 0.19s
    cube 2938.134 (depth 1, 20 lits): UNSAT in 0.76s
    cube 2938.135 (depth 1, 20 lits): UNSAT in 1.05s
    cube 2938.136 (depth 1, 20 lits): UNSAT in 2.19s
    cube 2938.137 (depth 1, 20 lits): UNSAT in 1.18s
    cube 2938.138 (depth 1, 20 lits): UNSAT in 4.16s
    cube 2938.139 (depth 1, 20 lits): UNSAT in 0.24s
    cube 2938.140 (depth 1, 20 lits): UNSAT in 0.31s
    cube 2938.141 (depth 1, 20 lits): UNSAT in 0.14s
    cube 2938.142 (depth 1, 20 lits): UNSAT in 0.71s
    cube 2938.143 (depth 1, 20 lits): UNSAT in 0.12s
    cube 2938.144 (depth 1, 20 lits): UNSAT in 0.40s
    cube 2938.145 (depth 1, 20 lits): UNSAT in 0.44s
    cube 2938.146 (depth 1, 20 lits): UNSAT in 2.94s
    cube 2938.147 (depth 1, 20 lits): UNSAT in 0.11s
    cube 2938.148 (depth 1, 20 lits): UNSAT in 0.30s
    cube 2938.149 (depth 1, 20 lits): UNSAT in 0.26s
    cube 2938.150 (depth 1, 20 lits): UNSAT in 0.57s
    cube 2938.151 (depth 1, 20 lits): UNSAT in 0.19s
    cube 2938.152 (depth 1, 20 lits): UNSAT in 0.47s
    cube 2938.153 (depth 1, 20 lits): UNSAT in 1.43s
    cube 2938.154 (depth 1, 20 lits): UNSAT in 14.57s
    cube 2938.155 (depth 1, 20 lits): UNSAT in 0.05s
    cube 2938.156 (depth 1, 20 lits): UNSAT in 0.08s
    cube 2938.157 (depth 1, 20 lits): UNSAT in 0.12s
    cube 2938.158 (depth 1, 20 lits): UNSAT in 0.88s
    cube 2938.159 (depth 1, 20 lits): UNSAT in 0.58s
    cube 2938.160 (depth 1, 20 lits): UNSAT in 0.89s
    cube 2938.161 (depth 1, 20 lits): UNSAT in 0.84s
    cube 2938.162 (depth 1, 20 lits): UNSAT in 2.68s
    cube 2938.163 (depth 1, 20 lits): UNSAT in 0.22s
    cube 2938.164 (depth 1, 20 lits): UNSAT in 0.30s
    cube 2938.165 (depth 1, 20 lits): UNSAT in 0.81s
    cube 2938.166 (depth 1, 20 lits): UNSAT in 11.60s
    cube 2938.167 (depth 1, 20 lits): UNSAT in 0.24s
    cube 2938.168 (depth 1, 20 lits): UNSAT in 1.76s
    cube 2938.169 (depth 1, 20 lits): UNSAT in 0.92s
    cube 2938.170 (depth 1, 20 lits): UNSAT in 20.03s
    cube 2938.171 (depth 1, 20 lits): UNSAT in 0.86s
    cube 2938.172 (depth 1, 20 lits): UNSAT in 0.69s
    cube 2938.173 (depth 1, 20 lits): UNSAT in 0.47s
    cube 2938.174 (depth 1, 20 lits): UNSAT in 2.36s
    cube 2938.175 (depth 1, 20 lits): UNSAT in 0.74s
    cube 2938.176 (depth 1, 20 lits): UNSAT in 4.23s
    cube 2938.177 (depth 1, 20 lits): UNSAT in 1.97s
    cube 2938.178 (depth 1, 20 lits): UNSAT in 17.26s
    cube 2938.179 (depth 1, 20 lits): UNSAT in 0.72s
    cube 2938.180 (depth 1, 20 lits): UNSAT in 2.40s
    cube 2938.181 (depth 1, 20 lits): UNSAT in 4.44s
    cube 2938.182 (depth 1, 20 lits): UNSAT in 21.63s
    cube 2938.183 (depth 1, 20 lits): UNSAT in 1.39s
    cube 2938.184 (depth 1, 20 lits): UNSAT in 10.02s
    cube 2938.185 (depth 1, 20 lits): UNSAT in 69.67s
    cube 2938.186 (depth 1, 20 lits): UNSAT in 1133.38s
    cube 2938.187 (depth 1, 20 lits): UNSAT in 0.02s
    cube 2938.188 (depth 1, 20 lits): UNSAT in 0.04s
    cube 2938.189 (depth 1, 20 lits): UNSAT in 0.17s
    cube 2938.190 (depth 1, 20 lits): UNSAT in 1.07s
    cube 2938.191 (depth 1, 20 lits): UNSAT in 0.10s
    cube 2938.192 (depth 1, 20 lits): UNSAT in 0.54s
    cube 2938.193 (depth 1, 20 lits): UNSAT in 0.64s
    cube 2938.194 (depth 1, 20 lits): UNSAT in 2.10s
    cube 2938.195 (depth 1, 20 lits): UNSAT in 0.13s
    cube 2938.196 (depth 1, 20 lits): UNSAT in 0.33s
    cube 2938.197 (depth 1, 20 lits): UNSAT in 0.27s
    cube 2938.198 (depth 1, 20 lits): UNSAT in 1.43s
    cube 2938.199 (depth 1, 20 lits): UNSAT in 0.37s
    cube 2938.200 (depth 1, 20 lits): UNSAT in 2.56s
    cube 2938.201 (depth 1, 20 lits): UNSAT in 1.79s
    cube 2938.202 (depth 1, 20 lits): UNSAT in 88.75s
    cube 2938.203 (depth 1, 20 lits): UNSAT in 0.01s
    cube 2938.204 (depth 1, 20 lits): UNSAT in 0.03s
    cube 2938.205 (depth 1, 20 lits): UNSAT in 0.08s
    cube 2938.206 (depth 1, 20 lits): UNSAT in 0.15s
    cube 2938.207 (depth 1, 20 lits): UNSAT in 0.13s
    cube 2938.208 (depth 1, 20 lits): UNSAT in 0.26s
    cube 2938.209 (depth 1, 20 lits): UNSAT in 0.73s
    cube 2938.210 (depth 1, 20 lits): UNSAT in 2.02s
    cube 2938.211 (depth 1, 20 lits): UNSAT in 0.80s
    cube 2938.212 (depth 1, 20 lits): UNSAT in 3.99s
    cube 2938.213 (depth 1, 20 lits): UNSAT in 0.66s
    cube 2938.214 (depth 1, 20 lits): UNSAT in 53.34s
    cube 2938.215 (depth 1, 20 lits): UNSAT in 3.84s
    cube 2938.216 (depth 1, 20 lits): UNSAT in 47.55s
    cube 2938.217 (depth 1, 20 lits): UNSAT in 66.00s
    cube 2938.218 (depth 1, 20 lits): TIMEOUT in 1200.10s
    cube 2938.218 TIMEOUT -> re-split into 250 sub-cubes (depth 2)
    cube 2938.218.0 (depth 2, 27 lits): UNSAT in 0.02s
    cube 2938.218.1 (depth 2, 27 lits): UNSAT in 0.02s
    cube 2938.218.2 (depth 2, 27 lits): UNSAT in 0.01s
    cube 2938.218.3 (depth 2, 28 lits): UNSAT in 0.02s
    cube 2938.218.4 (depth 2, 28 lits): UNSAT in 0.02s
    cube 2938.218.5 (depth 2, 27 lits): UNSAT in 0.01s
    cube 2938.218.6 (depth 2, 28 lits): UNSAT in 0.02s
    cube 2938.218.7 (depth 2, 28 lits): UNSAT in 0.01s
    cube 2938.218.8 (depth 2, 28 lits): UNSAT in 0.02s
    cube 2938.218.9 (depth 2, 28 lits): UNSAT in 0.03s
    cube 2938.218.10 (depth 2, 28 lits): UNSAT in 0.02s
    cube 2938.218.11 (depth 2, 28 lits): UNSAT in 0.05s
    cube 2938.218.12 (depth 2, 28 lits): UNSAT in 0.01s
    cube 2938.218.13 (depth 2, 28 lits): UNSAT in 0.02s
    cube 2938.218.14 (depth 2, 28 lits): UNSAT in 0.02s
    cube 2938.218.15 (depth 2, 28 lits): UNSAT in 0.04s
    cube 2938.218.16 (depth 2, 28 lits): UNSAT in 0.03s
    cube 2938.218.17 (depth 2, 28 lits): UNSAT in 0.05s
    cube 2938.218.18 (depth 2, 28 lits): UNSAT in 0.02s
    cube 2938.218.19 (depth 2, 28 lits): UNSAT in 0.04s
    cube 2938.218.20 (depth 2, 28 lits): UNSAT in 0.01s
    cube 2938.218.21 (depth 2, 28 lits): UNSAT in 0.03s
    cube 2938.218.22 (depth 2, 28 lits): UNSAT in 0.02s
    cube 2938.218.23 (depth 2, 28 lits): UNSAT in 0.04s
    cube 2938.218.24 (depth 2, 28 lits): UNSAT in 0.06s
    cube 2938.218.25 (depth 2, 28 lits): UNSAT in 0.14s
    cube 2938.218.26 (depth 2, 28 lits): UNSAT in 0.24s
    cube 2938.218.27 (depth 2, 28 lits): UNSAT in 0.26s
    cube 2938.218.28 (depth 2, 27 lits): UNSAT in 0.01s
    cube 2938.218.29 (depth 2, 28 lits): UNSAT in 0.02s
    cube 2938.218.30 (depth 2, 28 lits): UNSAT in 0.02s
    cube 2938.218.31 (depth 2, 28 lits): UNSAT in 0.02s
    cube 2938.218.32 (depth 2, 28 lits): UNSAT in 0.03s
    cube 2938.218.33 (depth 2, 28 lits): UNSAT in 0.03s
    cube 2938.218.34 (depth 2, 28 lits): UNSAT in 0.03s
    cube 2938.218.35 (depth 2, 28 lits): UNSAT in 0.02s
    cube 2938.218.36 (depth 2, 28 lits): UNSAT in 0.03s
    cube 2938.218.37 (depth 2, 28 lits): UNSAT in 0.02s
    cube 2938.218.38 (depth 2, 28 lits): UNSAT in 0.02s
    cube 2938.218.39 (depth 2, 28 lits): UNSAT in 0.02s
    cube 2938.218.40 (depth 2, 28 lits): UNSAT in 0.03s
    cube 2938.218.41 (depth 2, 28 lits): UNSAT in 0.03s
    cube 2938.218.42 (depth 2, 28 lits): UNSAT in 0.09s
    cube 2938.218.43 (depth 2, 28 lits): UNSAT in 0.02s
    cube 2938.218.44 (depth 2, 28 lits): UNSAT in 0.03s
    cube 2938.218.45 (depth 2, 28 lits): UNSAT in 0.03s
    cube 2938.218.46 (depth 2, 28 lits): UNSAT in 0.06s
    cube 2938.218.47 (depth 2, 28 lits): UNSAT in 0.03s
    cube 2938.218.48 (depth 2, 28 lits): UNSAT in 0.04s
    cube 2938.218.49 (depth 2, 28 lits): UNSAT in 0.08s
    cube 2938.218.50 (depth 2, 28 lits): UNSAT in 0.21s
    cube 2938.218.51 (depth 2, 28 lits): UNSAT in 0.02s
    cube 2938.218.52 (depth 2, 28 lits): UNSAT in 0.03s
    cube 2938.218.53 (depth 2, 28 lits): UNSAT in 0.03s
    cube 2938.218.54 (depth 2, 28 lits): UNSAT in 0.08s
    cube 2938.218.55 (depth 2, 28 lits): UNSAT in 0.06s
    cube 2938.218.56 (depth 2, 28 lits): UNSAT in 0.24s
    cube 2938.218.57 (depth 2, 28 lits): UNSAT in 0.10s
    cube 2938.218.58 (depth 2, 28 lits): UNSAT in 0.86s
    cube 2938.218.59 (depth 2, 27 lits): UNSAT in 0.02s
    cube 2938.218.60 (depth 2, 28 lits): UNSAT in 0.02s
    cube 2938.218.61 (depth 2, 28 lits): UNSAT in 0.02s
    cube 2938.218.62 (depth 2, 28 lits): UNSAT in 0.02s
    cube 2938.218.63 (depth 2, 28 lits): UNSAT in 0.03s
    cube 2938.218.64 (depth 2, 28 lits): UNSAT in 0.04s
    cube 2938.218.65 (depth 2, 28 lits): UNSAT in 0.05s
    cube 2938.218.66 (depth 2, 28 lits): UNSAT in 0.02s
    cube 2938.218.67 (depth 2, 28 lits): UNSAT in 0.02s
    cube 2938.218.68 (depth 2, 28 lits): UNSAT in 0.02s
    cube 2938.218.69 (depth 2, 28 lits): UNSAT in 0.07s
    cube 2938.218.70 (depth 2, 28 lits): UNSAT in 0.03s
    cube 2938.218.71 (depth 2, 28 lits): UNSAT in 0.05s
    cube 2938.218.72 (depth 2, 28 lits): UNSAT in 0.06s
    cube 2938.218.73 (depth 2, 28 lits): UNSAT in 0.28s
    cube 2938.218.74 (depth 2, 28 lits): UNSAT in 0.02s
    cube 2938.218.75 (depth 2, 28 lits): UNSAT in 0.02s
    cube 2938.218.76 (depth 2, 28 lits): UNSAT in 0.02s
    cube 2938.218.77 (depth 2, 28 lits): UNSAT in 0.02s
    cube 2938.218.78 (depth 2, 28 lits): UNSAT in 0.03s
    cube 2938.218.79 (depth 2, 28 lits): UNSAT in 0.23s
    cube 2938.218.80 (depth 2, 28 lits): UNSAT in 0.08s
    cube 2938.218.81 (depth 2, 28 lits): UNSAT in 0.12s
    cube 2938.218.82 (depth 2, 28 lits): UNSAT in 0.02s
    cube 2938.218.83 (depth 2, 28 lits): UNSAT in 0.11s
    cube 2938.218.84 (depth 2, 28 lits): UNSAT in 0.10s
    cube 2938.218.85 (depth 2, 28 lits): UNSAT in 0.16s
    cube 2938.218.86 (depth 2, 28 lits): UNSAT in 0.14s
    cube 2938.218.87 (depth 2, 28 lits): UNSAT in 0.28s
    cube 2938.218.88 (depth 2, 28 lits): UNSAT in 0.43s
    cube 2938.218.89 (depth 2, 28 lits): UNSAT in 1.33s
    cube 2938.218.90 (depth 2, 28 lits): UNSAT in 0.01s
    cube 2938.218.91 (depth 2, 28 lits): UNSAT in 0.04s
    cube 2938.218.92 (depth 2, 28 lits): UNSAT in 0.04s
    cube 2938.218.93 (depth 2, 28 lits): UNSAT in 0.06s
    cube 2938.218.94 (depth 2, 28 lits): UNSAT in 0.02s
    cube 2938.218.95 (depth 2, 28 lits): UNSAT in 0.03s
    cube 2938.218.96 (depth 2, 28 lits): UNSAT in 0.04s
    cube 2938.218.97 (depth 2, 28 lits): UNSAT in 0.14s
    cube 2938.218.98 (depth 2, 28 lits): UNSAT in 0.03s
    cube 2938.218.99 (depth 2, 28 lits): UNSAT in 0.09s
    cube 2938.218.100 (depth 2, 28 lits): UNSAT in 0.16s
    cube 2938.218.101 (depth 2, 28 lits): UNSAT in 0.21s
    cube 2938.218.102 (depth 2, 28 lits): UNSAT in 0.08s
    cube 2938.218.103 (depth 2, 28 lits): UNSAT in 0.31s
    cube 2938.218.104 (depth 2, 28 lits): UNSAT in 0.34s
    cube 2938.218.105 (depth 2, 28 lits): UNSAT in 4.22s
    cube 2938.218.106 (depth 2, 28 lits): UNSAT in 0.02s
    cube 2938.218.107 (depth 2, 28 lits): UNSAT in 0.08s
    cube 2938.218.108 (depth 2, 28 lits): UNSAT in 0.03s
    cube 2938.218.109 (depth 2, 28 lits): UNSAT in 0.11s
    cube 2938.218.110 (depth 2, 28 lits): UNSAT in 0.07s
    cube 2938.218.111 (depth 2, 28 lits): UNSAT in 0.11s
    cube 2938.218.112 (depth 2, 28 lits): UNSAT in 0.98s
    cube 2938.218.113 (depth 2, 28 lits): UNSAT in 2.19s
    cube 2938.218.114 (depth 2, 28 lits): UNSAT in 0.05s
    cube 2938.218.115 (depth 2, 28 lits): UNSAT in 0.25s
    cube 2938.218.116 (depth 2, 28 lits): UNSAT in 0.66s
    cube 2938.218.117 (depth 2, 28 lits): UNSAT in 1.35s
    cube 2938.218.118 (depth 2, 28 lits): UNSAT in 0.26s
    cube 2938.218.119 (depth 2, 28 lits): UNSAT in 1.73s
    cube 2938.218.120 (depth 2, 28 lits): UNSAT in 3.74s
    cube 2938.218.121 (depth 2, 28 lits): UNSAT in 27.13s
    cube 2938.218.122 (depth 2, 28 lits): UNSAT in 0.02s
    cube 2938.218.123 (depth 2, 28 lits): UNSAT in 0.03s
    cube 2938.218.124 (depth 2, 28 lits): UNSAT in 0.02s
    cube 2938.218.125 (depth 2, 28 lits): UNSAT in 0.05s
    cube 2938.218.126 (depth 2, 28 lits): UNSAT in 0.03s
    cube 2938.218.127 (depth 2, 28 lits): UNSAT in 0.09s
    cube 2938.218.128 (depth 2, 28 lits): UNSAT in 0.09s
    cube 2938.218.129 (depth 2, 28 lits): UNSAT in 0.21s
    cube 2938.218.130 (depth 2, 28 lits): UNSAT in 0.01s
    cube 2938.218.131 (depth 2, 28 lits): UNSAT in 0.03s
    cube 2938.218.132 (depth 2, 28 lits): UNSAT in 0.02s
    cube 2938.218.133 (depth 2, 28 lits): UNSAT in 0.09s
    cube 2938.218.134 (depth 2, 28 lits): UNSAT in 0.03s
    cube 2938.218.135 (depth 2, 28 lits): UNSAT in 0.15s
    cube 2938.218.136 (depth 2, 28 lits): UNSAT in 0.12s
    cube 2938.218.137 (depth 2, 28 lits): UNSAT in 0.25s
    cube 2938.218.138 (depth 2, 28 lits): UNSAT in 0.02s
    cube 2938.218.139 (depth 2, 28 lits): UNSAT in 0.03s
    cube 2938.218.140 (depth 2, 28 lits): UNSAT in 0.05s
    cube 2938.218.141 (depth 2, 28 lits): UNSAT in 0.07s
    cube 2938.218.142 (depth 2, 28 lits): UNSAT in 0.07s
    cube 2938.218.143 (depth 2, 28 lits): UNSAT in 0.25s
    cube 2938.218.144 (depth 2, 28 lits): UNSAT in 0.02s
    cube 2938.218.145 (depth 2, 28 lits): UNSAT in 0.50s
    cube 2938.218.146 (depth 2, 28 lits): UNSAT in 0.03s
    cube 2938.218.147 (depth 2, 28 lits): UNSAT in 0.07s
    cube 2938.218.148 (depth 2, 28 lits): UNSAT in 0.30s
    cube 2938.218.149 (depth 2, 28 lits): UNSAT in 0.41s
    cube 2938.218.150 (depth 2, 28 lits): UNSAT in 0.08s
    cube 2938.218.151 (depth 2, 28 lits): UNSAT in 0.35s
    cube 2938.218.152 (depth 2, 28 lits): UNSAT in 0.37s
    cube 2938.218.153 (depth 2, 28 lits): UNSAT in 3.53s
    cube 2938.218.154 (depth 2, 28 lits): UNSAT in 0.02s
    cube 2938.218.155 (depth 2, 28 lits): UNSAT in 0.03s
    cube 2938.218.156 (depth 2, 28 lits): UNSAT in 0.07s
    cube 2938.218.157 (depth 2, 28 lits): UNSAT in 0.11s
    cube 2938.218.158 (depth 2, 28 lits): UNSAT in 0.02s
    cube 2938.218.159 (depth 2, 28 lits): UNSAT in 0.02s
    cube 2938.218.160 (depth 2, 28 lits): UNSAT in 0.03s
    cube 2938.218.161 (depth 2, 28 lits): UNSAT in 0.12s
    cube 2938.218.162 (depth 2, 28 lits): UNSAT in 0.03s
    cube 2938.218.163 (depth 2, 28 lits): UNSAT in 0.07s
    cube 2938.218.164 (depth 2, 28 lits): UNSAT in 0.07s
    cube 2938.218.165 (depth 2, 28 lits): UNSAT in 0.20s
    cube 2938.218.166 (depth 2, 28 lits): UNSAT in 0.28s
    cube 2938.218.167 (depth 2, 28 lits): UNSAT in 0.53s
    cube 2938.218.168 (depth 2, 28 lits): UNSAT in 0.42s
    cube 2938.218.169 (depth 2, 28 lits): UNSAT in 4.23s
    cube 2938.218.170 (depth 2, 28 lits): UNSAT in 0.03s
    cube 2938.218.171 (depth 2, 28 lits): UNSAT in 0.06s
    cube 2938.218.172 (depth 2, 28 lits): UNSAT in 0.05s
    cube 2938.218.173 (depth 2, 28 lits): UNSAT in 0.21s
    cube 2938.218.174 (depth 2, 28 lits): UNSAT in 0.20s
    cube 2938.218.175 (depth 2, 28 lits): UNSAT in 0.50s
    cube 2938.218.176 (depth 2, 28 lits): UNSAT in 1.65s
    cube 2938.218.177 (depth 2, 28 lits): UNSAT in 6.10s
    cube 2938.218.178 (depth 2, 28 lits): UNSAT in 0.15s
    cube 2938.218.179 (depth 2, 28 lits): UNSAT in 0.46s
    cube 2938.218.180 (depth 2, 28 lits): UNSAT in 0.21s
    cube 2938.218.181 (depth 2, 28 lits): UNSAT in 2.96s
    cube 2938.218.182 (depth 2, 28 lits): UNSAT in 0.61s
    cube 2938.218.183 (depth 2, 28 lits): UNSAT in 3.04s
    cube 2938.218.184 (depth 2, 28 lits): UNSAT in 3.77s
    cube 2938.218.185 (depth 2, 28 lits): UNSAT in 23.73s
    cube 2938.218.186 (depth 2, 28 lits): UNSAT in 0.01s
    cube 2938.218.187 (depth 2, 28 lits): UNSAT in 0.03s
    cube 2938.218.188 (depth 2, 28 lits): UNSAT in 0.02s
    cube 2938.218.189 (depth 2, 28 lits): UNSAT in 0.02s
    cube 2938.218.190 (depth 2, 28 lits): UNSAT in 0.06s
    cube 2938.218.191 (depth 2, 28 lits): UNSAT in 0.08s
    cube 2938.218.192 (depth 2, 28 lits): UNSAT in 0.05s
    cube 2938.218.193 (depth 2, 28 lits): UNSAT in 0.16s
    cube 2938.218.194 (depth 2, 28 lits): UNSAT in 0.03s
    cube 2938.218.195 (depth 2, 28 lits): UNSAT in 0.10s
    cube 2938.218.196 (depth 2, 28 lits): UNSAT in 0.10s
    cube 2938.218.197 (depth 2, 28 lits): UNSAT in 0.42s
    cube 2938.218.198 (depth 2, 28 lits): UNSAT in 0.11s
    cube 2938.218.199 (depth 2, 28 lits): UNSAT in 0.22s
    cube 2938.218.200 (depth 2, 28 lits): UNSAT in 0.20s
    cube 2938.218.201 (depth 2, 28 lits): UNSAT in 6.02s
    cube 2938.218.202 (depth 2, 28 lits): UNSAT in 0.03s
    cube 2938.218.203 (depth 2, 28 lits): UNSAT in 0.05s
    cube 2938.218.204 (depth 2, 28 lits): UNSAT in 0.06s
    cube 2938.218.205 (depth 2, 28 lits): UNSAT in 0.24s
    cube 2938.218.206 (depth 2, 28 lits): UNSAT in 0.13s
    cube 2938.218.207 (depth 2, 28 lits): UNSAT in 0.36s
    cube 2938.218.208 (depth 2, 28 lits): UNSAT in 0.60s
    cube 2938.218.209 (depth 2, 28 lits): UNSAT in 6.45s
    cube 2938.218.210 (depth 2, 28 lits): UNSAT in 0.13s
    cube 2938.218.211 (depth 2, 28 lits): UNSAT in 0.21s
    cube 2938.218.212 (depth 2, 28 lits): UNSAT in 0.23s
    cube 2938.218.213 (depth 2, 28 lits): UNSAT in 3.73s
    cube 2938.218.214 (depth 2, 28 lits): UNSAT in 0.15s
    cube 2938.218.215 (depth 2, 28 lits): UNSAT in 2.27s
    cube 2938.218.216 (depth 2, 28 lits): UNSAT in 2.04s
    cube 2938.218.217 (depth 2, 28 lits): UNSAT in 86.79s
    cube 2938.218.218 (depth 2, 28 lits): UNSAT in 0.07s
    cube 2938.218.219 (depth 2, 28 lits): UNSAT in 0.07s
    cube 2938.218.220 (depth 2, 28 lits): UNSAT in 0.06s
    cube 2938.218.221 (depth 2, 28 lits): UNSAT in 0.27s
    cube 2938.218.222 (depth 2, 28 lits): UNSAT in 0.10s
    cube 2938.218.223 (depth 2, 28 lits): UNSAT in 0.28s
    cube 2938.218.224 (depth 2, 28 lits): UNSAT in 0.66s
    cube 2938.218.225 (depth 2, 28 lits): UNSAT in 2.39s
    cube 2938.218.226 (depth 2, 28 lits): UNSAT in 0.19s
    cube 2938.218.227 (depth 2, 28 lits): UNSAT in 0.33s
    cube 2938.218.228 (depth 2, 28 lits): UNSAT in 0.43s
    cube 2938.218.229 (depth 2, 28 lits): UNSAT in 4.40s
    cube 2938.218.230 (depth 2, 28 lits): UNSAT in 1.00s
    cube 2938.218.231 (depth 2, 28 lits): UNSAT in 2.91s
    cube 2938.218.232 (depth 2, 28 lits): UNSAT in 3.94s
    cube 2938.218.233 (depth 2, 28 lits): UNSAT in 127.03s
    cube 2938.218.234 (depth 2, 28 lits): UNSAT in 0.68s
    cube 2938.218.235 (depth 2, 28 lits): UNSAT in 0.76s
    cube 2938.218.236 (depth 2, 28 lits): UNSAT in 0.72s
    cube 2938.218.237 (depth 2, 28 lits): UNSAT in 15.36s
    cube 2938.218.238 (depth 2, 28 lits): UNSAT in 0.31s
    cube 2938.218.239 (depth 2, 28 lits): UNSAT in 7.11s
    cube 2938.218.240 (depth 2, 28 lits): UNSAT in 8.00s
    cube 2938.218.241 (depth 2, 28 lits): UNSAT in 158.70s
    cube 2938.218.242 (depth 2, 28 lits): UNSAT in 0.58s
    cube 2938.218.243 (depth 2, 28 lits): UNSAT in 0.53s
    cube 2938.218.244 (depth 2, 28 lits): UNSAT in 1.99s
    cube 2938.218.245 (depth 2, 28 lits): UNSAT in 5.07s
    cube 2938.218.246 (depth 2, 28 lits): UNSAT in 0.43s
    cube 2938.218.247 (depth 2, 28 lits): UNSAT in 7.21s
    cube 2938.218.248 (depth 2, 28 lits): UNSAT in 3.76s
    cube 2938.218.249 (depth 2, 28 lits): UNSAT in 335.11s
    cube 2938.219 (depth 1, 20 lits): UNSAT in 0.17s
    cube 2938.220 (depth 1, 20 lits): UNSAT in 1.06s
    cube 2938.221 (depth 1, 20 lits): UNSAT in 0.11s
    cube 2938.222 (depth 1, 20 lits): UNSAT in 1.59s
    cube 2938.223 (depth 1, 20 lits): UNSAT in 0.23s
    cube 2938.224 (depth 1, 20 lits): UNSAT in 1.58s
    cube 2938.225 (depth 1, 20 lits): UNSAT in 1.92s
    cube 2938.226 (depth 1, 20 lits): UNSAT in 8.99s
    cube 2938.227 (depth 1, 20 lits): UNSAT in 0.99s
    cube 2938.228 (depth 1, 20 lits): UNSAT in 7.21s
    cube 2938.229 (depth 1, 20 lits): UNSAT in 0.86s
    cube 2938.230 (depth 1, 20 lits): UNSAT in 113.63s
    cube 2938.231 (depth 1, 20 lits): UNSAT in 6.51s
    cube 2938.232 (depth 1, 20 lits): UNSAT in 32.82s
    cube 2938.233 (depth 1, 20 lits): UNSAT in 332.74s
    cube 2938.234 (depth 1, 20 lits): TIMEOUT in 1200.10s
    cube 2938.234 TIMEOUT -> re-split into 253 sub-cubes (depth 2)
    cube 2938.234.0 (depth 2, 28 lits): UNSAT in 0.01s
    cube 2938.234.1 (depth 2, 28 lits): UNSAT in 0.02s
    cube 2938.234.2 (depth 2, 28 lits): UNSAT in 0.02s
    cube 2938.234.3 (depth 2, 28 lits): UNSAT in 0.02s
    cube 2938.234.4 (depth 2, 27 lits): UNSAT in 0.01s
    cube 2938.234.5 (depth 2, 28 lits): UNSAT in 0.02s
    cube 2938.234.6 (depth 2, 28 lits): UNSAT in 0.04s
    cube 2938.234.7 (depth 2, 28 lits): UNSAT in 0.03s
    cube 2938.234.8 (depth 2, 28 lits): UNSAT in 0.03s
    cube 2938.234.9 (depth 2, 28 lits): UNSAT in 0.03s
    cube 2938.234.10 (depth 2, 28 lits): UNSAT in 0.05s
    cube 2938.234.11 (depth 2, 28 lits): UNSAT in 0.02s
    cube 2938.234.12 (depth 2, 28 lits): UNSAT in 0.05s
    cube 2938.234.13 (depth 2, 28 lits): UNSAT in 0.03s
    cube 2938.234.14 (depth 2, 28 lits): UNSAT in 0.11s
    cube 2938.234.15 (depth 2, 27 lits): UNSAT in 0.02s
    cube 2938.234.16 (depth 2, 28 lits): UNSAT in 0.02s
    cube 2938.234.17 (depth 2, 28 lits): UNSAT in 0.02s
    cube 2938.234.18 (depth 2, 28 lits): UNSAT in 0.01s
    cube 2938.234.19 (depth 2, 28 lits): UNSAT in 0.02s
    cube 2938.234.20 (depth 2, 28 lits): UNSAT in 0.01s
    cube 2938.234.21 (depth 2, 28 lits): UNSAT in 0.04s
    cube 2938.234.22 (depth 2, 28 lits): UNSAT in 0.03s
    cube 2938.234.23 (depth 2, 28 lits): UNSAT in 0.05s
    cube 2938.234.24 (depth 2, 28 lits): UNSAT in 0.02s
    cube 2938.234.25 (depth 2, 28 lits): UNSAT in 0.03s
    cube 2938.234.26 (depth 2, 28 lits): UNSAT in 0.03s
    cube 2938.234.27 (depth 2, 28 lits): UNSAT in 0.05s
    cube 2938.234.28 (depth 2, 28 lits): UNSAT in 0.06s
    cube 2938.234.29 (depth 2, 28 lits): UNSAT in 0.27s
    cube 2938.234.30 (depth 2, 28 lits): UNSAT in 0.01s
    cube 2938.234.31 (depth 2, 28 lits): UNSAT in 0.03s
    cube 2938.234.32 (depth 2, 28 lits): UNSAT in 0.05s
    cube 2938.234.33 (depth 2, 28 lits): UNSAT in 0.04s
    cube 2938.234.34 (depth 2, 28 lits): UNSAT in 0.02s
    cube 2938.234.35 (depth 2, 28 lits): UNSAT in 0.08s
    cube 2938.234.36 (depth 2, 28 lits): UNSAT in 0.05s
    cube 2938.234.37 (depth 2, 28 lits): UNSAT in 0.34s
    cube 2938.234.38 (depth 2, 28 lits): UNSAT in 0.03s
    cube 2938.234.39 (depth 2, 28 lits): UNSAT in 0.04s
    cube 2938.234.40 (depth 2, 28 lits): UNSAT in 0.04s
    cube 2938.234.41 (depth 2, 28 lits): UNSAT in 0.23s
    cube 2938.234.42 (depth 2, 28 lits): UNSAT in 0.03s
    cube 2938.234.43 (depth 2, 28 lits): UNSAT in 0.14s
    cube 2938.234.44 (depth 2, 28 lits): UNSAT in 0.14s
    cube 2938.234.45 (depth 2, 28 lits): UNSAT in 1.15s
    cube 2938.234.46 (depth 2, 28 lits): UNSAT in 0.02s
    cube 2938.234.47 (depth 2, 28 lits): UNSAT in 0.02s
    cube 2938.234.48 (depth 2, 28 lits): UNSAT in 0.02s
    cube 2938.234.49 (depth 2, 28 lits): UNSAT in 0.09s
    cube 2938.234.50 (depth 2, 28 lits): UNSAT in 0.04s
    cube 2938.234.51 (depth 2, 28 lits): UNSAT in 0.16s
    cube 2938.234.52 (depth 2, 28 lits): UNSAT in 0.10s
    cube 2938.234.53 (depth 2, 28 lits): UNSAT in 0.53s
    cube 2938.234.54 (depth 2, 28 lits): UNSAT in 0.10s
    cube 2938.234.55 (depth 2, 28 lits): UNSAT in 0.25s
    cube 2938.234.56 (depth 2, 28 lits): UNSAT in 0.12s
    cube 2938.234.57 (depth 2, 28 lits): UNSAT in 0.15s
    cube 2938.234.58 (depth 2, 28 lits): UNSAT in 0.24s
    cube 2938.234.59 (depth 2, 28 lits): UNSAT in 2.50s
    cube 2938.234.60 (depth 2, 28 lits): UNSAT in 0.37s
    cube 2938.234.61 (depth 2, 28 lits): UNSAT in 3.75s
    cube 2938.234.62 (depth 2, 28 lits): UNSAT in 0.02s
    cube 2938.234.63 (depth 2, 28 lits): UNSAT in 0.02s
    cube 2938.234.64 (depth 2, 28 lits): UNSAT in 0.04s
    cube 2938.234.65 (depth 2, 28 lits): UNSAT in 0.06s
    cube 2938.234.66 (depth 2, 28 lits): UNSAT in 0.04s
    cube 2938.234.67 (depth 2, 28 lits): UNSAT in 0.10s
    cube 2938.234.68 (depth 2, 28 lits): UNSAT in 0.12s
    cube 2938.234.69 (depth 2, 28 lits): UNSAT in 0.28s
    cube 2938.234.70 (depth 2, 28 lits): UNSAT in 0.06s
    cube 2938.234.71 (depth 2, 28 lits): UNSAT in 0.05s
    cube 2938.234.72 (depth 2, 28 lits): UNSAT in 0.04s
    cube 2938.234.73 (depth 2, 28 lits): UNSAT in 0.18s
    cube 2938.234.74 (depth 2, 28 lits): UNSAT in 0.03s
    cube 2938.234.75 (depth 2, 28 lits): UNSAT in 0.07s
    cube 2938.234.76 (depth 2, 28 lits): UNSAT in 0.10s
    cube 2938.234.77 (depth 2, 28 lits): UNSAT in 0.38s
    cube 2938.234.78 (depth 2, 28 lits): UNSAT in 0.05s
    cube 2938.234.79 (depth 2, 28 lits): UNSAT in 0.07s
    cube 2938.234.80 (depth 2, 28 lits): UNSAT in 0.05s
    cube 2938.234.81 (depth 2, 28 lits): UNSAT in 0.18s
    cube 2938.234.82 (depth 2, 28 lits): UNSAT in 0.03s
    cube 2938.234.83 (depth 2, 28 lits): UNSAT in 0.06s
    cube 2938.234.84 (depth 2, 28 lits): UNSAT in 0.15s
    cube 2938.234.85 (depth 2, 28 lits): UNSAT in 0.35s
    cube 2938.234.86 (depth 2, 28 lits): UNSAT in 0.04s
    cube 2938.234.87 (depth 2, 28 lits): UNSAT in 0.08s
    cube 2938.234.88 (depth 2, 28 lits): UNSAT in 0.05s
    cube 2938.234.89 (depth 2, 28 lits): UNSAT in 0.12s
    cube 2938.234.90 (depth 2, 28 lits): UNSAT in 0.12s
    cube 2938.234.91 (depth 2, 28 lits): UNSAT in 0.26s
    cube 2938.234.92 (depth 2, 28 lits): UNSAT in 0.48s
    cube 2938.234.93 (depth 2, 28 lits): UNSAT in 4.38s
    cube 2938.234.94 (depth 2, 28 lits): UNSAT in 0.01s
    cube 2938.234.95 (depth 2, 28 lits): UNSAT in 0.03s
    cube 2938.234.96 (depth 2, 28 lits): UNSAT in 0.03s
    cube 2938.234.97 (depth 2, 28 lits): UNSAT in 0.09s
    cube 2938.234.98 (depth 2, 28 lits): UNSAT in 0.02s
    cube 2938.234.99 (depth 2, 28 lits): UNSAT in 0.01s
    cube 2938.234.100 (depth 2, 28 lits): UNSAT in 0.02s
    cube 2938.234.101 (depth 2, 28 lits): UNSAT in 0.11s
    cube 2938.234.102 (depth 2, 28 lits): UNSAT in 0.03s
    cube 2938.234.103 (depth 2, 28 lits): UNSAT in 0.22s
    cube 2938.234.104 (depth 2, 28 lits): UNSAT in 0.28s
    cube 2938.234.105 (depth 2, 28 lits): UNSAT in 1.76s
    cube 2938.234.106 (depth 2, 28 lits): UNSAT in 0.29s
    cube 2938.234.107 (depth 2, 28 lits): UNSAT in 0.51s
    cube 2938.234.108 (depth 2, 28 lits): UNSAT in 1.62s
    cube 2938.234.109 (depth 2, 28 lits): UNSAT in 6.17s
    cube 2938.234.110 (depth 2, 28 lits): UNSAT in 0.11s
    cube 2938.234.111 (depth 2, 28 lits): UNSAT in 0.18s
    cube 2938.234.112 (depth 2, 28 lits): UNSAT in 0.25s
    cube 2938.234.113 (depth 2, 28 lits): UNSAT in 0.52s
    cube 2938.234.114 (depth 2, 28 lits): UNSAT in 0.11s
    cube 2938.234.115 (depth 2, 28 lits): UNSAT in 0.50s
    cube 2938.234.116 (depth 2, 28 lits): UNSAT in 0.39s
    cube 2938.234.117 (depth 2, 28 lits): UNSAT in 2.23s
    cube 2938.234.118 (depth 2, 28 lits): UNSAT in 0.41s
    cube 2938.234.119 (depth 2, 28 lits): UNSAT in 0.89s
    cube 2938.234.120 (depth 2, 28 lits): UNSAT in 0.84s
    cube 2938.234.121 (depth 2, 28 lits): UNSAT in 6.74s
    cube 2938.234.122 (depth 2, 28 lits): UNSAT in 1.11s
    cube 2938.234.123 (depth 2, 28 lits): UNSAT in 2.87s
    cube 2938.234.124 (depth 2, 28 lits): UNSAT in 3.08s
    cube 2938.234.125 (depth 2, 28 lits): UNSAT in 44.87s
    cube 2938.234.126 (depth 2, 27 lits): UNSAT in 0.02s
    cube 2938.234.127 (depth 2, 28 lits): UNSAT in 0.02s
    cube 2938.234.128 (depth 2, 28 lits): UNSAT in 0.02s
    cube 2938.234.129 (depth 2, 28 lits): UNSAT in 0.04s
    cube 2938.234.130 (depth 2, 28 lits): UNSAT in 0.06s
    cube 2938.234.131 (depth 2, 28 lits): UNSAT in 0.05s
    cube 2938.234.132 (depth 2, 28 lits): UNSAT in 0.16s
    cube 2938.234.133 (depth 2, 28 lits): UNSAT in 0.01s
    cube 2938.234.134 (depth 2, 28 lits): UNSAT in 0.02s
    cube 2938.234.135 (depth 2, 28 lits): UNSAT in 0.04s
    cube 2938.234.136 (depth 2, 28 lits): UNSAT in 0.08s
    cube 2938.234.137 (depth 2, 28 lits): UNSAT in 0.05s
    cube 2938.234.138 (depth 2, 28 lits): UNSAT in 0.11s
    cube 2938.234.139 (depth 2, 28 lits): UNSAT in 0.17s
    cube 2938.234.140 (depth 2, 28 lits): UNSAT in 0.55s
    cube 2938.234.141 (depth 2, 28 lits): UNSAT in 0.03s
    cube 2938.234.142 (depth 2, 28 lits): UNSAT in 0.04s
    cube 2938.234.143 (depth 2, 28 lits): UNSAT in 0.06s
    cube 2938.234.144 (depth 2, 28 lits): UNSAT in 0.26s
    cube 2938.234.145 (depth 2, 28 lits): UNSAT in 0.04s
    cube 2938.234.146 (depth 2, 28 lits): UNSAT in 0.19s
    cube 2938.234.147 (depth 2, 28 lits): UNSAT in 0.05s
    cube 2938.234.148 (depth 2, 28 lits): UNSAT in 0.51s
    cube 2938.234.149 (depth 2, 28 lits): UNSAT in 0.03s
    cube 2938.234.150 (depth 2, 28 lits): UNSAT in 0.21s
    cube 2938.234.151 (depth 2, 28 lits): UNSAT in 0.10s
    cube 2938.234.152 (depth 2, 28 lits): UNSAT in 1.67s
    cube 2938.234.153 (depth 2, 28 lits): UNSAT in 0.76s
    cube 2938.234.154 (depth 2, 28 lits): UNSAT in 0.65s
    cube 2938.234.155 (depth 2, 28 lits): UNSAT in 2.12s
    cube 2938.234.156 (depth 2, 28 lits): UNSAT in 21.32s
    cube 2938.234.157 (depth 2, 28 lits): UNSAT in 0.03s
    cube 2938.234.158 (depth 2, 28 lits): UNSAT in 0.07s
    cube 2938.234.159 (depth 2, 28 lits): UNSAT in 0.06s
    cube 2938.234.160 (depth 2, 28 lits): UNSAT in 0.15s
    cube 2938.234.161 (depth 2, 28 lits): UNSAT in 0.05s
    cube 2938.234.162 (depth 2, 28 lits): UNSAT in 0.33s
    cube 2938.234.163 (depth 2, 28 lits): UNSAT in 0.34s
    cube 2938.234.164 (depth 2, 28 lits): UNSAT in 2.33s
    cube 2938.234.165 (depth 2, 28 lits): UNSAT in 0.03s
    cube 2938.234.166 (depth 2, 28 lits): UNSAT in 0.18s
    cube 2938.234.167 (depth 2, 28 lits): UNSAT in 0.11s
    cube 2938.234.168 (depth 2, 28 lits): UNSAT in 2.96s
    cube 2938.234.169 (depth 2, 28 lits): UNSAT in 0.07s
    cube 2938.234.170 (depth 2, 28 lits): UNSAT in 2.82s
    cube 2938.234.171 (depth 2, 28 lits): UNSAT in 1.34s
    cube 2938.234.172 (depth 2, 28 lits): UNSAT in 13.77s
    cube 2938.234.173 (depth 2, 28 lits): UNSAT in 0.03s
    cube 2938.234.174 (depth 2, 28 lits): UNSAT in 0.06s
    cube 2938.234.175 (depth 2, 28 lits): UNSAT in 0.04s
    cube 2938.234.176 (depth 2, 28 lits): UNSAT in 0.32s
    cube 2938.234.177 (depth 2, 28 lits): UNSAT in 0.02s
    cube 2938.234.178 (depth 2, 28 lits): UNSAT in 0.19s
    cube 2938.234.179 (depth 2, 28 lits): UNSAT in 0.23s
    cube 2938.234.180 (depth 2, 28 lits): UNSAT in 0.63s
    cube 2938.234.181 (depth 2, 28 lits): UNSAT in 0.14s
    cube 2938.234.182 (depth 2, 28 lits): UNSAT in 1.14s
    cube 2938.234.183 (depth 2, 28 lits): UNSAT in 1.17s
    cube 2938.234.184 (depth 2, 28 lits): UNSAT in 7.45s
    cube 2938.234.185 (depth 2, 28 lits): UNSAT in 0.51s
    cube 2938.234.186 (depth 2, 28 lits): UNSAT in 7.21s
    cube 2938.234.187 (depth 2, 28 lits): UNSAT in 43.69s
    cube 2938.234.188 (depth 2, 28 lits): UNSAT in 91.37s
    cube 2938.234.189 (depth 2, 28 lits): UNSAT in 0.04s
    cube 2938.234.190 (depth 2, 28 lits): UNSAT in 0.13s
    cube 2938.234.191 (depth 2, 28 lits): UNSAT in 0.13s
    cube 2938.234.192 (depth 2, 28 lits): UNSAT in 0.22s
    cube 2938.234.193 (depth 2, 28 lits): UNSAT in 0.13s
    cube 2938.234.194 (depth 2, 28 lits): UNSAT in 0.61s
    cube 2938.234.195 (depth 2, 28 lits): UNSAT in 0.20s
    cube 2938.234.196 (depth 2, 28 lits): UNSAT in 1.50s
    cube 2938.234.197 (depth 2, 28 lits): UNSAT in 0.05s
    cube 2938.234.198 (depth 2, 28 lits): UNSAT in 0.12s
    cube 2938.234.199 (depth 2, 28 lits): UNSAT in 0.13s
    cube 2938.234.200 (depth 2, 28 lits): UNSAT in 0.81s
    cube 2938.234.201 (depth 2, 28 lits): UNSAT in 0.04s
    cube 2938.234.202 (depth 2, 28 lits): UNSAT in 0.11s
    cube 2938.234.203 (depth 2, 28 lits): UNSAT in 1.13s
    cube 2938.234.204 (depth 2, 28 lits): UNSAT in 10.19s
    cube 2938.234.205 (depth 2, 28 lits): UNSAT in 0.05s
    cube 2938.234.206 (depth 2, 28 lits): UNSAT in 0.08s
    cube 2938.234.207 (depth 2, 28 lits): UNSAT in 0.16s
    cube 2938.234.208 (depth 2, 28 lits): UNSAT in 0.49s
    cube 2938.234.209 (depth 2, 28 lits): UNSAT in 0.16s
    cube 2938.234.210 (depth 2, 28 lits): UNSAT in 0.62s
    cube 2938.234.211 (depth 2, 28 lits): UNSAT in 1.46s
    cube 2938.234.212 (depth 2, 28 lits): UNSAT in 5.51s
    cube 2938.234.213 (depth 2, 28 lits): UNSAT in 0.19s
    cube 2938.234.214 (depth 2, 28 lits): UNSAT in 0.47s
    cube 2938.234.215 (depth 2, 28 lits): UNSAT in 0.47s
    cube 2938.234.216 (depth 2, 28 lits): UNSAT in 4.66s
    cube 2938.234.217 (depth 2, 28 lits): UNSAT in 2.36s
    cube 2938.234.218 (depth 2, 28 lits): UNSAT in 6.83s
    cube 2938.234.219 (depth 2, 28 lits): UNSAT in 6.66s
    cube 2938.234.220 (depth 2, 28 lits): UNSAT in 239.81s
    cube 2938.234.221 (depth 2, 28 lits): UNSAT in 0.22s
    cube 2938.234.222 (depth 2, 28 lits): UNSAT in 0.87s
    cube 2938.234.223 (depth 2, 28 lits): UNSAT in 0.24s
    cube 2938.234.224 (depth 2, 28 lits): UNSAT in 1.75s
    cube 2938.234.225 (depth 2, 28 lits): UNSAT in 0.24s
    cube 2938.234.226 (depth 2, 28 lits): UNSAT in 1.18s
    cube 2938.234.227 (depth 2, 28 lits): UNSAT in 1.85s
    cube 2938.234.228 (depth 2, 28 lits): UNSAT in 13.31s
    cube 2938.234.229 (depth 2, 28 lits): UNSAT in 0.47s
    cube 2938.234.230 (depth 2, 28 lits): UNSAT in 3.28s
    cube 2938.234.231 (depth 2, 28 lits): UNSAT in 0.30s
    cube 2938.234.232 (depth 2, 28 lits): UNSAT in 15.07s
    cube 2938.234.233 (depth 2, 28 lits): UNSAT in 3.23s
    cube 2938.234.234 (depth 2, 28 lits): UNSAT in 27.55s
    cube 2938.234.235 (depth 2, 28 lits): UNSAT in 9.67s
    cube 2938.234.236 (depth 2, 28 lits): UNSAT in 200.30s
    cube 2938.234.237 (depth 2, 28 lits): UNSAT in 0.05s
    cube 2938.234.238 (depth 2, 28 lits): UNSAT in 0.26s
    cube 2938.234.239 (depth 2, 28 lits): UNSAT in 0.24s
    cube 2938.234.240 (depth 2, 28 lits): UNSAT in 0.43s
    cube 2938.234.241 (depth 2, 28 lits): UNSAT in 0.24s
    cube 2938.234.242 (depth 2, 28 lits): UNSAT in 0.67s
    cube 2938.234.243 (depth 2, 28 lits): UNSAT in 1.80s
    cube 2938.234.244 (depth 2, 28 lits): UNSAT in 24.67s
    cube 2938.234.245 (depth 2, 28 lits): UNSAT in 0.20s
    cube 2938.234.246 (depth 2, 28 lits): UNSAT in 0.33s
    cube 2938.234.247 (depth 2, 28 lits): UNSAT in 0.26s
    cube 2938.234.248 (depth 2, 28 lits): UNSAT in 1.75s
    cube 2938.234.249 (depth 2, 28 lits): UNSAT in 2.58s
    cube 2938.234.250 (depth 2, 28 lits): UNSAT in 11.56s
    cube 2938.234.251 (depth 2, 28 lits): UNSAT in 4.54s
    cube 2938.234.252 (depth 2, 28 lits): UNSAT in 302.36s
    cube 2938.235 (depth 1, 20 lits): UNSAT in 1.48s
    cube 2938.236 (depth 1, 20 lits): UNSAT in 1.83s
    cube 2938.237 (depth 1, 20 lits): UNSAT in 9.30s
    cube 2938.238 (depth 1, 20 lits): UNSAT in 86.15s
    cube 2938.239 (depth 1, 20 lits): UNSAT in 6.42s
    cube 2938.240 (depth 1, 20 lits): UNSAT in 66.17s
    cube 2938.241 (depth 1, 20 lits): UNSAT in 42.99s
    cube 2938.242 (depth 1, 20 lits): TIMEOUT in 1200.10s
    cube 2938.242 TIMEOUT -> re-split into 244 sub-cubes (depth 2)
    cube 2938.242.0 (depth 2, 26 lits): UNSAT in 0.02s
    cube 2938.242.1 (depth 2, 27 lits): UNSAT in 0.02s
    cube 2938.242.2 (depth 2, 27 lits): UNSAT in 0.01s
    cube 2938.242.3 (depth 2, 28 lits): UNSAT in 0.01s
    cube 2938.242.4 (depth 2, 28 lits): UNSAT in 0.01s
    cube 2938.242.5 (depth 2, 28 lits): UNSAT in 0.02s
    cube 2938.242.6 (depth 2, 28 lits): UNSAT in 0.03s
    cube 2938.242.7 (depth 2, 28 lits): UNSAT in 0.02s
    cube 2938.242.8 (depth 2, 28 lits): UNSAT in 0.02s
    cube 2938.242.9 (depth 2, 28 lits): UNSAT in 0.02s
    cube 2938.242.10 (depth 2, 28 lits): UNSAT in 0.02s
    cube 2938.242.11 (depth 2, 27 lits): UNSAT in 0.02s
    cube 2938.242.12 (depth 2, 27 lits): UNSAT in 0.02s
    cube 2938.242.13 (depth 2, 28 lits): UNSAT in 0.01s
    cube 2938.242.14 (depth 2, 28 lits): UNSAT in 0.02s
    cube 2938.242.15 (depth 2, 28 lits): UNSAT in 0.02s
    cube 2938.242.16 (depth 2, 28 lits): UNSAT in 0.02s
    cube 2938.242.17 (depth 2, 28 lits): UNSAT in 0.02s
    cube 2938.242.18 (depth 2, 28 lits): UNSAT in 0.04s
    cube 2938.242.19 (depth 2, 28 lits): UNSAT in 0.04s
    cube 2938.242.20 (depth 2, 28 lits): UNSAT in 0.04s
    cube 2938.242.21 (depth 2, 28 lits): UNSAT in 0.03s
    cube 2938.242.22 (depth 2, 28 lits): UNSAT in 0.05s
    cube 2938.242.23 (depth 2, 28 lits): UNSAT in 0.06s
    cube 2938.242.24 (depth 2, 28 lits): UNSAT in 0.07s
    cube 2938.242.25 (depth 2, 28 lits): UNSAT in 0.02s
    cube 2938.242.26 (depth 2, 28 lits): UNSAT in 0.02s
    cube 2938.242.27 (depth 2, 28 lits): UNSAT in 0.02s
    cube 2938.242.28 (depth 2, 28 lits): UNSAT in 0.06s
    cube 2938.242.29 (depth 2, 28 lits): UNSAT in 0.02s
    cube 2938.242.30 (depth 2, 28 lits): UNSAT in 0.02s
    cube 2938.242.31 (depth 2, 28 lits): UNSAT in 0.03s
    cube 2938.242.32 (depth 2, 28 lits): UNSAT in 0.02s
    cube 2938.242.33 (depth 2, 28 lits): UNSAT in 0.03s
    cube 2938.242.34 (depth 2, 28 lits): UNSAT in 0.04s
    cube 2938.242.35 (depth 2, 28 lits): UNSAT in 0.03s
    cube 2938.242.36 (depth 2, 28 lits): UNSAT in 0.05s
    cube 2938.242.37 (depth 2, 28 lits): UNSAT in 0.01s
    cube 2938.242.38 (depth 2, 28 lits): UNSAT in 0.02s
    cube 2938.242.39 (depth 2, 28 lits): UNSAT in 0.05s
    cube 2938.242.40 (depth 2, 28 lits): UNSAT in 0.14s
    cube 2938.242.41 (depth 2, 28 lits): UNSAT in 0.02s
    cube 2938.242.42 (depth 2, 28 lits): UNSAT in 0.02s
    cube 2938.242.43 (depth 2, 28 lits): UNSAT in 0.04s
    cube 2938.242.44 (depth 2, 28 lits): UNSAT in 0.03s
    cube 2938.242.45 (depth 2, 28 lits): UNSAT in 0.02s
    cube 2938.242.46 (depth 2, 28 lits): UNSAT in 0.02s
    cube 2938.242.47 (depth 2, 28 lits): UNSAT in 0.07s
    cube 2938.242.48 (depth 2, 28 lits): UNSAT in 0.11s
    cube 2938.242.49 (depth 2, 28 lits): UNSAT in 0.04s
    cube 2938.242.50 (depth 2, 28 lits): UNSAT in 0.03s
    cube 2938.242.51 (depth 2, 28 lits): UNSAT in 0.05s
    cube 2938.242.52 (depth 2, 28 lits): UNSAT in 0.06s
    cube 2938.242.53 (depth 2, 28 lits): UNSAT in 0.09s
    cube 2938.242.54 (depth 2, 28 lits): UNSAT in 0.17s
    cube 2938.242.55 (depth 2, 28 lits): UNSAT in 0.14s
    cube 2938.242.56 (depth 2, 28 lits): UNSAT in 0.28s
    cube 2938.242.57 (depth 2, 28 lits): UNSAT in 0.01s
    cube 2938.242.58 (depth 2, 28 lits): UNSAT in 0.02s
    cube 2938.242.59 (depth 2, 28 lits): UNSAT in 0.02s
    cube 2938.242.60 (depth 2, 28 lits): UNSAT in 0.03s
    cube 2938.242.61 (depth 2, 28 lits): UNSAT in 0.03s
    cube 2938.242.62 (depth 2, 28 lits): UNSAT in 0.06s
    cube 2938.242.63 (depth 2, 28 lits): UNSAT in 0.04s
    cube 2938.242.64 (depth 2, 28 lits): UNSAT in 0.06s
    cube 2938.242.65 (depth 2, 28 lits): UNSAT in 0.02s
    cube 2938.242.66 (depth 2, 28 lits): UNSAT in 0.04s
    cube 2938.242.67 (depth 2, 28 lits): UNSAT in 0.03s
    cube 2938.242.68 (depth 2, 28 lits): UNSAT in 0.04s
    cube 2938.242.69 (depth 2, 28 lits): UNSAT in 0.02s
    cube 2938.242.70 (depth 2, 28 lits): UNSAT in 0.05s
    cube 2938.242.71 (depth 2, 28 lits): UNSAT in 0.04s
    cube 2938.242.72 (depth 2, 28 lits): UNSAT in 0.02s
    cube 2938.242.73 (depth 2, 28 lits): UNSAT in 0.02s
    cube 2938.242.74 (depth 2, 28 lits): UNSAT in 0.03s
    cube 2938.242.75 (depth 2, 28 lits): UNSAT in 0.04s
    cube 2938.242.76 (depth 2, 28 lits): UNSAT in 0.18s
    cube 2938.242.77 (depth 2, 28 lits): UNSAT in 0.02s
    cube 2938.242.78 (depth 2, 28 lits): UNSAT in 0.07s
    cube 2938.242.79 (depth 2, 28 lits): UNSAT in 0.16s
    cube 2938.242.80 (depth 2, 28 lits): UNSAT in 0.50s
    cube 2938.242.81 (depth 2, 28 lits): UNSAT in 0.02s
    cube 2938.242.82 (depth 2, 28 lits): UNSAT in 0.03s
    cube 2938.242.83 (depth 2, 28 lits): UNSAT in 0.05s
    cube 2938.242.84 (depth 2, 28 lits): UNSAT in 0.11s
    cube 2938.242.85 (depth 2, 28 lits): UNSAT in 0.18s
    cube 2938.242.86 (depth 2, 28 lits): UNSAT in 0.81s
    cube 2938.242.87 (depth 2, 28 lits): UNSAT in 0.60s
    cube 2938.242.88 (depth 2, 28 lits): UNSAT in 1.49s
    cube 2938.242.89 (depth 2, 28 lits): UNSAT in 0.02s
    cube 2938.242.90 (depth 2, 28 lits): UNSAT in 0.03s
    cube 2938.242.91 (depth 2, 28 lits): UNSAT in 0.02s
    cube 2938.242.92 (depth 2, 28 lits): UNSAT in 0.04s
    cube 2938.242.93 (depth 2, 28 lits): UNSAT in 0.02s
    cube 2938.242.94 (depth 2, 28 lits): UNSAT in 0.04s
    cube 2938.242.95 (depth 2, 28 lits): UNSAT in 0.05s
    cube 2938.242.96 (depth 2, 28 lits): UNSAT in 0.12s
    cube 2938.242.97 (depth 2, 28 lits): UNSAT in 0.05s
    cube 2938.242.98 (depth 2, 28 lits): UNSAT in 0.06s
    cube 2938.242.99 (depth 2, 28 lits): UNSAT in 0.03s
    cube 2938.242.100 (depth 2, 28 lits): UNSAT in 0.29s
    cube 2938.242.101 (depth 2, 28 lits): UNSAT in 0.30s
    cube 2938.242.102 (depth 2, 28 lits): UNSAT in 0.55s
    cube 2938.242.103 (depth 2, 28 lits): UNSAT in 0.11s
    cube 2938.242.104 (depth 2, 28 lits): UNSAT in 0.25s
    cube 2938.242.105 (depth 2, 28 lits): UNSAT in 0.03s
    cube 2938.242.106 (depth 2, 28 lits): UNSAT in 0.05s
    cube 2938.242.107 (depth 2, 28 lits): UNSAT in 0.02s
    cube 2938.242.108 (depth 2, 28 lits): UNSAT in 0.08s
    cube 2938.242.109 (depth 2, 28 lits): UNSAT in 0.01s
    cube 2938.242.110 (depth 2, 28 lits): UNSAT in 0.05s
    cube 2938.242.111 (depth 2, 28 lits): UNSAT in 0.23s
    cube 2938.242.112 (depth 2, 28 lits): UNSAT in 0.24s
    cube 2938.242.113 (depth 2, 28 lits): UNSAT in 0.07s
    cube 2938.242.114 (depth 2, 28 lits): UNSAT in 0.04s
    cube 2938.242.115 (depth 2, 28 lits): UNSAT in 0.04s
    cube 2938.242.116 (depth 2, 28 lits): UNSAT in 1.41s
    cube 2938.242.117 (depth 2, 28 lits): UNSAT in 0.29s
    cube 2938.242.118 (depth 2, 28 lits): UNSAT in 0.34s
    cube 2938.242.119 (depth 2, 28 lits): UNSAT in 0.61s
    cube 2938.242.120 (depth 2, 28 lits): UNSAT in 1.40s
    cube 2938.242.121 (depth 2, 28 lits): UNSAT in 0.01s
    cube 2938.242.122 (depth 2, 28 lits): UNSAT in 0.03s
    cube 2938.242.123 (depth 2, 28 lits): UNSAT in 0.02s
    cube 2938.242.124 (depth 2, 28 lits): UNSAT in 0.06s
    cube 2938.242.125 (depth 2, 28 lits): UNSAT in 0.02s
    cube 2938.242.126 (depth 2, 28 lits): UNSAT in 0.02s
    cube 2938.242.127 (depth 2, 28 lits): UNSAT in 0.04s
    cube 2938.242.128 (depth 2, 28 lits): UNSAT in 0.04s
    cube 2938.242.129 (depth 2, 28 lits): UNSAT in 0.02s
    cube 2938.242.130 (depth 2, 28 lits): UNSAT in 0.03s
    cube 2938.242.131 (depth 2, 28 lits): UNSAT in 0.02s
    cube 2938.242.132 (depth 2, 28 lits): UNSAT in 0.05s
    cube 2938.242.133 (depth 2, 28 lits): UNSAT in 0.03s
    cube 2938.242.134 (depth 2, 28 lits): UNSAT in 0.04s
    cube 2938.242.135 (depth 2, 28 lits): UNSAT in 0.02s
    cube 2938.242.136 (depth 2, 28 lits): UNSAT in 0.04s
    cube 2938.242.137 (depth 2, 27 lits): UNSAT in 0.02s
    cube 2938.242.138 (depth 2, 28 lits): UNSAT in 0.02s
    cube 2938.242.139 (depth 2, 28 lits): UNSAT in 0.04s
    cube 2938.242.140 (depth 2, 28 lits): UNSAT in 0.01s
    cube 2938.242.141 (depth 2, 28 lits): UNSAT in 0.02s
    cube 2938.242.142 (depth 2, 28 lits): UNSAT in 0.04s
    cube 2938.242.143 (depth 2, 28 lits): UNSAT in 0.06s
    cube 2938.242.144 (depth 2, 28 lits): UNSAT in 0.03s
    cube 2938.242.145 (depth 2, 28 lits): UNSAT in 0.04s
    cube 2938.242.146 (depth 2, 28 lits): UNSAT in 0.03s
    cube 2938.242.147 (depth 2, 28 lits): UNSAT in 0.06s
    cube 2938.242.148 (depth 2, 28 lits): UNSAT in 0.05s
    cube 2938.242.149 (depth 2, 28 lits): UNSAT in 0.09s
    cube 2938.242.150 (depth 2, 28 lits): UNSAT in 0.07s
    cube 2938.242.151 (depth 2, 28 lits): UNSAT in 0.15s
    cube 2938.242.152 (depth 2, 28 lits): UNSAT in 0.02s
    cube 2938.242.153 (depth 2, 28 lits): UNSAT in 0.02s
    cube 2938.242.154 (depth 2, 28 lits): UNSAT in 0.04s
    cube 2938.242.155 (depth 2, 28 lits): UNSAT in 0.09s
    cube 2938.242.156 (depth 2, 28 lits): UNSAT in 0.02s
    cube 2938.242.157 (depth 2, 28 lits): UNSAT in 0.03s
    cube 2938.242.158 (depth 2, 28 lits): UNSAT in 0.02s
    cube 2938.242.159 (depth 2, 28 lits): UNSAT in 0.10s
    cube 2938.242.160 (depth 2, 27 lits): UNSAT in 0.02s
    cube 2938.242.161 (depth 2, 28 lits): UNSAT in 0.02s
    cube 2938.242.162 (depth 2, 28 lits): UNSAT in 0.02s
    cube 2938.242.163 (depth 2, 28 lits): UNSAT in 0.02s
    cube 2938.242.164 (depth 2, 28 lits): UNSAT in 0.07s
    cube 2938.242.165 (depth 2, 28 lits): UNSAT in 0.09s
    cube 2938.242.166 (depth 2, 28 lits): UNSAT in 0.30s
    cube 2938.242.167 (depth 2, 28 lits): UNSAT in 0.07s
    cube 2938.242.168 (depth 2, 28 lits): UNSAT in 0.18s
    cube 2938.242.169 (depth 2, 28 lits): UNSAT in 0.11s
    cube 2938.242.170 (depth 2, 28 lits): UNSAT in 0.31s
    cube 2938.242.171 (depth 2, 28 lits): UNSAT in 0.11s
    cube 2938.242.172 (depth 2, 28 lits): UNSAT in 0.26s
    cube 2938.242.173 (depth 2, 28 lits): UNSAT in 0.31s
    cube 2938.242.174 (depth 2, 28 lits): UNSAT in 0.53s
    cube 2938.242.175 (depth 2, 28 lits): UNSAT in 0.16s
    cube 2938.242.176 (depth 2, 28 lits): UNSAT in 0.41s
    cube 2938.242.177 (depth 2, 28 lits): UNSAT in 0.41s
    cube 2938.242.178 (depth 2, 28 lits): UNSAT in 0.56s
    cube 2938.242.179 (depth 2, 28 lits): UNSAT in 0.22s
    cube 2938.242.180 (depth 2, 28 lits): UNSAT in 0.33s
    cube 2938.242.181 (depth 2, 28 lits): UNSAT in 0.76s
    cube 2938.242.182 (depth 2, 28 lits): UNSAT in 1.99s
    cube 2938.242.183 (depth 2, 26 lits): UNSAT in 0.02s
    cube 2938.242.184 (depth 2, 28 lits): UNSAT in 0.01s
    cube 2938.242.185 (depth 2, 28 lits): UNSAT in 0.02s
    cube 2938.242.186 (depth 2, 28 lits): UNSAT in 0.06s
    cube 2938.242.187 (depth 2, 28 lits): UNSAT in 0.05s
    cube 2938.242.188 (depth 2, 28 lits): UNSAT in 0.02s
    cube 2938.242.189 (depth 2, 28 lits): UNSAT in 0.04s
    cube 2938.242.190 (depth 2, 28 lits): UNSAT in 0.06s
    cube 2938.242.191 (depth 2, 28 lits): UNSAT in 0.16s
    cube 2938.242.192 (depth 2, 28 lits): UNSAT in 0.06s
    cube 2938.242.193 (depth 2, 28 lits): UNSAT in 0.12s
    cube 2938.242.194 (depth 2, 28 lits): UNSAT in 0.27s
    cube 2938.242.195 (depth 2, 28 lits): UNSAT in 2.52s
    cube 2938.242.196 (depth 2, 28 lits): UNSAT in 0.06s
    cube 2938.242.197 (depth 2, 28 lits): UNSAT in 0.27s
    cube 2938.242.198 (depth 2, 28 lits): UNSAT in 0.10s
    cube 2938.242.199 (depth 2, 28 lits): UNSAT in 0.27s
    cube 2938.242.200 (depth 2, 28 lits): UNSAT in 0.14s
    cube 2938.242.201 (depth 2, 28 lits): UNSAT in 0.12s
    cube 2938.242.202 (depth 2, 28 lits): UNSAT in 0.27s
    cube 2938.242.203 (depth 2, 28 lits): UNSAT in 0.71s
    cube 2938.242.204 (depth 2, 28 lits): UNSAT in 0.06s
    cube 2938.242.205 (depth 2, 28 lits): UNSAT in 0.16s
    cube 2938.242.206 (depth 2, 28 lits): UNSAT in 0.20s
    cube 2938.242.207 (depth 2, 28 lits): UNSAT in 0.60s
    cube 2938.242.208 (depth 2, 28 lits): UNSAT in 0.18s
    cube 2938.242.209 (depth 2, 28 lits): UNSAT in 0.60s
    cube 2938.242.210 (depth 2, 28 lits): UNSAT in 1.14s
    cube 2938.242.211 (depth 2, 28 lits): UNSAT in 24.08s
    cube 2938.242.212 (depth 2, 28 lits): UNSAT in 0.01s
    cube 2938.242.213 (depth 2, 28 lits): UNSAT in 0.11s
    cube 2938.242.214 (depth 2, 28 lits): UNSAT in 0.05s
    cube 2938.242.215 (depth 2, 28 lits): UNSAT in 0.40s
    cube 2938.242.216 (depth 2, 28 lits): UNSAT in 0.07s
    cube 2938.242.217 (depth 2, 28 lits): UNSAT in 0.26s
    cube 2938.242.218 (depth 2, 28 lits): UNSAT in 0.06s
    cube 2938.242.219 (depth 2, 28 lits): UNSAT in 0.95s
    cube 2938.242.220 (depth 2, 28 lits): UNSAT in 0.13s
    cube 2938.242.221 (depth 2, 28 lits): UNSAT in 0.18s
    cube 2938.242.222 (depth 2, 28 lits): UNSAT in 0.18s
    cube 2938.242.223 (depth 2, 28 lits): UNSAT in 0.28s
    cube 2938.242.224 (depth 2, 28 lits): UNSAT in 0.08s
    cube 2938.242.225 (depth 2, 28 lits): UNSAT in 0.93s
    cube 2938.242.226 (depth 2, 28 lits): UNSAT in 1.10s
    cube 2938.242.227 (depth 2, 28 lits): UNSAT in 13.90s
    cube 2938.242.228 (depth 2, 28 lits): UNSAT in 0.04s
    cube 2938.242.229 (depth 2, 28 lits): UNSAT in 0.25s
    cube 2938.242.230 (depth 2, 28 lits): UNSAT in 0.13s
    cube 2938.242.231 (depth 2, 28 lits): UNSAT in 1.33s
    cube 2938.242.232 (depth 2, 28 lits): UNSAT in 0.32s
    cube 2938.242.233 (depth 2, 28 lits): UNSAT in 0.55s
    cube 2938.242.234 (depth 2, 28 lits): UNSAT in 0.89s
    cube 2938.242.235 (depth 2, 28 lits): UNSAT in 20.56s
    cube 2938.242.236 (depth 2, 28 lits): UNSAT in 0.33s
    cube 2938.242.237 (depth 2, 28 lits): UNSAT in 1.76s
    cube 2938.242.238 (depth 2, 28 lits): UNSAT in 3.11s
    cube 2938.242.239 (depth 2, 28 lits): UNSAT in 32.76s
    cube 2938.242.240 (depth 2, 28 lits): UNSAT in 2.40s
    cube 2938.242.241 (depth 2, 28 lits): UNSAT in 51.80s
    cube 2938.242.242 (depth 2, 28 lits): UNSAT in 0.86s
    cube 2938.242.243 (depth 2, 28 lits): UNSAT in 30.51s
    cube 2938.243 (depth 1, 20 lits): UNSAT in 19.06s
    cube 2938.244 (depth 1, 20 lits): UNSAT in 402.94s
    cube 2938.245 (depth 1, 20 lits): UNSAT in 50.67s
    cube 2938.246 (depth 1, 20 lits): TIMEOUT in 1200.04s
    cube 2938.246 TIMEOUT -> re-split into 241 sub-cubes (depth 2)
    cube 2938.246.0 (depth 2, 27 lits): UNSAT in 0.01s
    cube 2938.246.1 (depth 2, 28 lits): UNSAT in 0.01s
    cube 2938.246.2 (depth 2, 28 lits): UNSAT in 0.01s
    cube 2938.246.3 (depth 2, 27 lits): UNSAT in 0.02s
    cube 2938.246.4 (depth 2, 27 lits): UNSAT in 0.02s
    cube 2938.246.5 (depth 2, 28 lits): UNSAT in 0.01s
    cube 2938.246.6 (depth 2, 28 lits): UNSAT in 0.03s
    cube 2938.246.7 (depth 2, 28 lits): UNSAT in 0.02s
    cube 2938.246.8 (depth 2, 28 lits): UNSAT in 0.04s
    cube 2938.246.9 (depth 2, 28 lits): UNSAT in 0.02s
    cube 2938.246.10 (depth 2, 28 lits): UNSAT in 0.07s
    cube 2938.246.11 (depth 2, 28 lits): UNSAT in 0.03s
    cube 2938.246.12 (depth 2, 28 lits): UNSAT in 0.13s
    cube 2938.246.13 (depth 2, 28 lits): UNSAT in 0.01s
    cube 2938.246.14 (depth 2, 28 lits): UNSAT in 0.01s
    cube 2938.246.15 (depth 2, 27 lits): UNSAT in 0.01s
    cube 2938.246.16 (depth 2, 27 lits): UNSAT in 0.02s
    cube 2938.246.17 (depth 2, 28 lits): UNSAT in 0.02s
    cube 2938.246.18 (depth 2, 28 lits): UNSAT in 0.06s
    cube 2938.246.19 (depth 2, 28 lits): UNSAT in 0.01s
    cube 2938.246.20 (depth 2, 28 lits): UNSAT in 0.03s
    cube 2938.246.21 (depth 2, 28 lits): UNSAT in 0.02s
    cube 2938.246.22 (depth 2, 28 lits): UNSAT in 0.02s
    cube 2938.246.23 (depth 2, 28 lits): UNSAT in 0.33s
    cube 2938.246.24 (depth 2, 28 lits): UNSAT in 0.34s
    cube 2938.246.25 (depth 2, 28 lits): UNSAT in 0.21s
    cube 2938.246.26 (depth 2, 28 lits): UNSAT in 0.54s
    cube 2938.246.27 (depth 2, 26 lits): UNSAT in 0.02s
    cube 2938.246.28 (depth 2, 27 lits): UNSAT in 0.01s
    cube 2938.246.29 (depth 2, 28 lits): UNSAT in 0.02s
    cube 2938.246.30 (depth 2, 28 lits): UNSAT in 0.02s
    cube 2938.246.31 (depth 2, 28 lits): UNSAT in 0.01s
    cube 2938.246.32 (depth 2, 28 lits): UNSAT in 0.01s
    cube 2938.246.33 (depth 2, 28 lits): UNSAT in 0.02s
    cube 2938.246.34 (depth 2, 28 lits): UNSAT in 0.02s
    cube 2938.246.35 (depth 2, 28 lits): UNSAT in 0.02s
    cube 2938.246.36 (depth 2, 28 lits): UNSAT in 0.02s
    cube 2938.246.37 (depth 2, 28 lits): UNSAT in 0.03s
    cube 2938.246.38 (depth 2, 28 lits): UNSAT in 0.05s
    cube 2938.246.39 (depth 2, 28 lits): UNSAT in 0.02s
    cube 2938.246.40 (depth 2, 28 lits): UNSAT in 0.01s
    cube 2938.246.41 (depth 2, 28 lits): UNSAT in 0.05s
    cube 2938.246.42 (depth 2, 28 lits): UNSAT in 0.02s
    cube 2938.246.43 (depth 2, 27 lits): UNSAT in 0.01s
    cube 2938.246.44 (depth 2, 27 lits): UNSAT in 0.02s
    cube 2938.246.45 (depth 2, 28 lits): UNSAT in 0.02s
    cube 2938.246.46 (depth 2, 28 lits): UNSAT in 0.04s
    cube 2938.246.47 (depth 2, 28 lits): UNSAT in 0.05s
    cube 2938.246.48 (depth 2, 28 lits): UNSAT in 0.10s
    cube 2938.246.49 (depth 2, 28 lits): UNSAT in 0.06s
    cube 2938.246.50 (depth 2, 28 lits): UNSAT in 0.13s
    cube 2938.246.51 (depth 2, 28 lits): UNSAT in 0.09s
    cube 2938.246.52 (depth 2, 28 lits): UNSAT in 0.35s
    cube 2938.246.53 (depth 2, 28 lits): UNSAT in 0.02s
    cube 2938.246.54 (depth 2, 28 lits): UNSAT in 0.02s
    cube 2938.246.55 (depth 2, 28 lits): UNSAT in 0.02s
    cube 2938.246.56 (depth 2, 28 lits): UNSAT in 0.02s
    cube 2938.246.57 (depth 2, 27 lits): UNSAT in 0.02s
    cube 2938.246.58 (depth 2, 28 lits): UNSAT in 0.01s
    cube 2938.246.59 (depth 2, 28 lits): UNSAT in 0.02s
    cube 2938.246.60 (depth 2, 28 lits): UNSAT in 0.01s
    cube 2938.246.61 (depth 2, 28 lits): UNSAT in 0.03s
    cube 2938.246.62 (depth 2, 28 lits): UNSAT in 0.02s
    cube 2938.246.63 (depth 2, 28 lits): UNSAT in 0.04s
    cube 2938.246.64 (depth 2, 28 lits): UNSAT in 0.02s
    cube 2938.246.65 (depth 2, 28 lits): UNSAT in 0.04s
    cube 2938.246.66 (depth 2, 28 lits): UNSAT in 0.03s
    cube 2938.246.67 (depth 2, 28 lits): UNSAT in 0.07s
    cube 2938.246.68 (depth 2, 28 lits): UNSAT in 0.03s
    cube 2938.246.69 (depth 2, 28 lits): UNSAT in 0.05s
    cube 2938.246.70 (depth 2, 28 lits): UNSAT in 0.05s
    cube 2938.246.71 (depth 2, 28 lits): UNSAT in 0.13s
    cube 2938.246.72 (depth 2, 28 lits): UNSAT in 0.06s
    cube 2938.246.73 (depth 2, 28 lits): UNSAT in 0.06s
    cube 2938.246.74 (depth 2, 28 lits): UNSAT in 0.03s
    cube 2938.246.75 (depth 2, 28 lits): UNSAT in 0.17s
    cube 2938.246.76 (depth 2, 28 lits): UNSAT in 0.08s
    cube 2938.246.77 (depth 2, 28 lits): UNSAT in 0.07s
    cube 2938.246.78 (depth 2, 28 lits): UNSAT in 0.14s
    cube 2938.246.79 (depth 2, 28 lits): UNSAT in 0.07s
    cube 2938.246.80 (depth 2, 28 lits): UNSAT in 0.04s
    cube 2938.246.81 (depth 2, 28 lits): UNSAT in 0.13s
    cube 2938.246.82 (depth 2, 28 lits): UNSAT in 0.07s
    cube 2938.246.83 (depth 2, 28 lits): UNSAT in 0.24s
    cube 2938.246.84 (depth 2, 28 lits): UNSAT in 0.02s
    cube 2938.246.85 (depth 2, 28 lits): UNSAT in 0.02s
    cube 2938.246.86 (depth 2, 28 lits): UNSAT in 0.02s
    cube 2938.246.87 (depth 2, 28 lits): UNSAT in 0.02s
    cube 2938.246.88 (depth 2, 28 lits): UNSAT in 0.02s
    cube 2938.246.89 (depth 2, 28 lits): UNSAT in 0.02s
    cube 2938.246.90 (depth 2, 28 lits): UNSAT in 0.08s
    cube 2938.246.91 (depth 2, 28 lits): UNSAT in 0.10s
    cube 2938.246.92 (depth 2, 28 lits): UNSAT in 0.04s
    cube 2938.246.93 (depth 2, 28 lits): UNSAT in 0.28s
    cube 2938.246.94 (depth 2, 28 lits): UNSAT in 0.08s
    cube 2938.246.95 (depth 2, 28 lits): UNSAT in 0.30s
    cube 2938.246.96 (depth 2, 28 lits): UNSAT in 0.13s
    cube 2938.246.97 (depth 2, 28 lits): UNSAT in 0.61s
    cube 2938.246.98 (depth 2, 28 lits): UNSAT in 0.31s
    cube 2938.246.99 (depth 2, 28 lits): UNSAT in 1.39s
    cube 2938.246.100 (depth 2, 28 lits): UNSAT in 0.06s
    cube 2938.246.101 (depth 2, 28 lits): UNSAT in 0.16s
    cube 2938.246.102 (depth 2, 28 lits): UNSAT in 0.27s
    cube 2938.246.103 (depth 2, 28 lits): UNSAT in 0.66s
    cube 2938.246.104 (depth 2, 28 lits): UNSAT in 0.18s
    cube 2938.246.105 (depth 2, 28 lits): UNSAT in 0.44s
    cube 2938.246.106 (depth 2, 28 lits): UNSAT in 0.31s
    cube 2938.246.107 (depth 2, 28 lits): UNSAT in 1.68s
    cube 2938.246.108 (depth 2, 28 lits): UNSAT in 0.16s
    cube 2938.246.109 (depth 2, 28 lits): UNSAT in 0.37s
    cube 2938.246.110 (depth 2, 28 lits): UNSAT in 0.38s
    cube 2938.246.111 (depth 2, 28 lits): UNSAT in 0.57s
    cube 2938.246.112 (depth 2, 28 lits): UNSAT in 0.52s
    cube 2938.246.113 (depth 2, 28 lits): UNSAT in 1.19s
    cube 2938.246.114 (depth 2, 28 lits): UNSAT in 4.19s
    cube 2938.246.115 (depth 2, 28 lits): UNSAT in 3.27s
    cube 2938.246.116 (depth 2, 26 lits): UNSAT in 0.01s
    cube 2938.246.117 (depth 2, 28 lits): UNSAT in 0.01s
    cube 2938.246.118 (depth 2, 28 lits): UNSAT in 0.02s
    cube 2938.246.119 (depth 2, 28 lits): UNSAT in 0.02s
    cube 2938.246.120 (depth 2, 28 lits): UNSAT in 0.02s
    cube 2938.246.121 (depth 2, 28 lits): UNSAT in 0.02s
    cube 2938.246.122 (depth 2, 28 lits): UNSAT in 0.02s
    cube 2938.246.123 (depth 2, 28 lits): UNSAT in 0.02s
    cube 2938.246.124 (depth 2, 28 lits): UNSAT in 0.03s
    cube 2938.246.125 (depth 2, 28 lits): UNSAT in 0.02s
    cube 2938.246.126 (depth 2, 28 lits): UNSAT in 0.02s
    cube 2938.246.127 (depth 2, 28 lits): UNSAT in 0.06s
    cube 2938.246.128 (depth 2, 28 lits): UNSAT in 0.04s
    cube 2938.246.129 (depth 2, 28 lits): UNSAT in 0.02s
    cube 2938.246.130 (depth 2, 28 lits): UNSAT in 0.06s
    cube 2938.246.131 (depth 2, 28 lits): UNSAT in 0.04s
    cube 2938.246.132 (depth 2, 28 lits): UNSAT in 0.15s
    cube 2938.246.133 (depth 2, 28 lits): UNSAT in 0.02s
    cube 2938.246.134 (depth 2, 28 lits): UNSAT in 0.06s
    cube 2938.246.135 (depth 2, 28 lits): UNSAT in 0.04s
    cube 2938.246.136 (depth 2, 28 lits): UNSAT in 0.20s
    cube 2938.246.137 (depth 2, 28 lits): UNSAT in 0.06s
    cube 2938.246.138 (depth 2, 28 lits): UNSAT in 0.08s
    cube 2938.246.139 (depth 2, 28 lits): UNSAT in 0.13s
    cube 2938.246.140 (depth 2, 28 lits): UNSAT in 0.48s
    cube 2938.246.141 (depth 2, 28 lits): UNSAT in 0.11s
    cube 2938.246.142 (depth 2, 28 lits): UNSAT in 1.05s
    cube 2938.246.143 (depth 2, 28 lits): UNSAT in 0.48s
    cube 2938.246.144 (depth 2, 28 lits): UNSAT in 2.08s
    cube 2938.246.145 (depth 2, 28 lits): UNSAT in 0.02s
    cube 2938.246.146 (depth 2, 28 lits): UNSAT in 0.03s
    cube 2938.246.147 (depth 2, 28 lits): UNSAT in 0.03s
    cube 2938.246.148 (depth 2, 28 lits): UNSAT in 0.13s
    cube 2938.246.149 (depth 2, 28 lits): UNSAT in 0.03s
    cube 2938.246.150 (depth 2, 28 lits): UNSAT in 0.05s
    cube 2938.246.151 (depth 2, 28 lits): UNSAT in 0.04s
    cube 2938.246.152 (depth 2, 28 lits): UNSAT in 0.13s
    cube 2938.246.153 (depth 2, 28 lits): UNSAT in 0.04s
    cube 2938.246.154 (depth 2, 28 lits): UNSAT in 0.14s
    cube 2938.246.155 (depth 2, 28 lits): UNSAT in 0.12s
    cube 2938.246.156 (depth 2, 28 lits): UNSAT in 0.28s
    cube 2938.246.157 (depth 2, 28 lits): UNSAT in 0.13s
    cube 2938.246.158 (depth 2, 28 lits): UNSAT in 0.10s
    cube 2938.246.159 (depth 2, 28 lits): UNSAT in 0.59s
    cube 2938.246.160 (depth 2, 28 lits): UNSAT in 1.55s
    cube 2938.246.161 (depth 2, 28 lits): UNSAT in 0.02s
    cube 2938.246.162 (depth 2, 28 lits): UNSAT in 0.03s
    cube 2938.246.163 (depth 2, 28 lits): UNSAT in 0.11s
    cube 2938.246.164 (depth 2, 28 lits): UNSAT in 0.22s
    cube 2938.246.165 (depth 2, 28 lits): UNSAT in 0.12s
    cube 2938.246.166 (depth 2, 28 lits): UNSAT in 0.31s
    cube 2938.246.167 (depth 2, 28 lits): UNSAT in 0.27s
    cube 2938.246.168 (depth 2, 28 lits): UNSAT in 1.34s
    cube 2938.246.169 (depth 2, 28 lits): UNSAT in 0.06s
    cube 2938.246.170 (depth 2, 28 lits): UNSAT in 0.37s
    cube 2938.246.171 (depth 2, 28 lits): UNSAT in 0.46s
    cube 2938.246.172 (depth 2, 28 lits): UNSAT in 1.25s
    cube 2938.246.173 (depth 2, 28 lits): UNSAT in 0.82s
    cube 2938.246.174 (depth 2, 28 lits): UNSAT in 1.18s
    cube 2938.246.175 (depth 2, 28 lits): UNSAT in 1.85s
    cube 2938.246.176 (depth 2, 28 lits): UNSAT in 4.54s
    cube 2938.246.177 (depth 2, 28 lits): UNSAT in 0.02s
    cube 2938.246.178 (depth 2, 28 lits): UNSAT in 0.02s
    cube 2938.246.179 (depth 2, 28 lits): UNSAT in 0.02s
    cube 2938.246.180 (depth 2, 28 lits): UNSAT in 0.03s
    cube 2938.246.181 (depth 2, 28 lits): UNSAT in 0.02s
    cube 2938.246.182 (depth 2, 28 lits): UNSAT in 0.04s
    cube 2938.246.183 (depth 2, 28 lits): UNSAT in 0.04s
    cube 2938.246.184 (depth 2, 28 lits): UNSAT in 0.22s
    cube 2938.246.185 (depth 2, 28 lits): UNSAT in 0.06s
    cube 2938.246.186 (depth 2, 28 lits): UNSAT in 0.11s
    cube 2938.246.187 (depth 2, 28 lits): UNSAT in 0.09s
    cube 2938.246.188 (depth 2, 28 lits): UNSAT in 0.37s
    cube 2938.246.189 (depth 2, 28 lits): UNSAT in 0.06s
    cube 2938.246.190 (depth 2, 28 lits): UNSAT in 0.25s
    cube 2938.246.191 (depth 2, 28 lits): UNSAT in 0.20s
    cube 2938.246.192 (depth 2, 28 lits): UNSAT in 2.13s
    cube 2938.246.193 (depth 2, 28 lits): UNSAT in 0.02s
    cube 2938.246.194 (depth 2, 28 lits): UNSAT in 0.03s
    cube 2938.246.195 (depth 2, 28 lits): UNSAT in 0.01s
    cube 2938.246.196 (depth 2, 28 lits): UNSAT in 0.08s
    cube 2938.246.197 (depth 2, 28 lits): UNSAT in 0.05s
    cube 2938.246.198 (depth 2, 28 lits): UNSAT in 0.06s
    cube 2938.246.199 (depth 2, 28 lits): UNSAT in 0.08s
    cube 2938.246.200 (depth 2, 28 lits): UNSAT in 0.28s
    cube 2938.246.201 (depth 2, 28 lits): UNSAT in 0.03s
    cube 2938.246.202 (depth 2, 28 lits): UNSAT in 0.15s
    cube 2938.246.203 (depth 2, 28 lits): UNSAT in 0.14s
    cube 2938.246.204 (depth 2, 28 lits): UNSAT in 0.56s
    cube 2938.246.205 (depth 2, 28 lits): UNSAT in 0.73s
    cube 2938.246.206 (depth 2, 28 lits): UNSAT in 3.26s
    cube 2938.246.207 (depth 2, 28 lits): UNSAT in 4.15s
    cube 2938.246.208 (depth 2, 28 lits): UNSAT in 21.40s
    cube 2938.246.209 (depth 2, 28 lits): UNSAT in 0.06s
    cube 2938.246.210 (depth 2, 28 lits): UNSAT in 0.18s
    cube 2938.246.211 (depth 2, 28 lits): UNSAT in 0.45s
    cube 2938.246.212 (depth 2, 28 lits): UNSAT in 1.24s
    cube 2938.246.213 (depth 2, 28 lits): UNSAT in 0.05s
    cube 2938.246.214 (depth 2, 28 lits): UNSAT in 0.37s
    cube 2938.246.215 (depth 2, 28 lits): UNSAT in 0.25s
    cube 2938.246.216 (depth 2, 28 lits): UNSAT in 0.75s
    cube 2938.246.217 (depth 2, 28 lits): UNSAT in 0.02s
    cube 2938.246.218 (depth 2, 28 lits): UNSAT in 0.13s
    cube 2938.246.219 (depth 2, 28 lits): UNSAT in 0.03s
    cube 2938.246.220 (depth 2, 28 lits): UNSAT in 0.27s
    cube 2938.246.221 (depth 2, 28 lits): UNSAT in 0.26s
    cube 2938.246.222 (depth 2, 28 lits): UNSAT in 0.32s
    cube 2938.246.223 (depth 2, 28 lits): UNSAT in 1.86s
    cube 2938.246.224 (depth 2, 28 lits): UNSAT in 48.47s
    cube 2938.246.225 (depth 2, 28 lits): UNSAT in 0.13s
    cube 2938.246.226 (depth 2, 28 lits): UNSAT in 0.47s
    cube 2938.246.227 (depth 2, 28 lits): UNSAT in 0.42s
    cube 2938.246.228 (depth 2, 28 lits): UNSAT in 3.61s
    cube 2938.246.229 (depth 2, 28 lits): UNSAT in 0.13s
    cube 2938.246.230 (depth 2, 28 lits): UNSAT in 0.33s
    cube 2938.246.231 (depth 2, 28 lits): UNSAT in 2.04s
    cube 2938.246.232 (depth 2, 28 lits): UNSAT in 35.35s
    cube 2938.246.233 (depth 2, 28 lits): UNSAT in 0.38s
    cube 2938.246.234 (depth 2, 28 lits): UNSAT in 1.58s
    cube 2938.246.235 (depth 2, 28 lits): UNSAT in 0.61s
    cube 2938.246.236 (depth 2, 28 lits): UNSAT in 53.74s
    cube 2938.246.237 (depth 2, 28 lits): UNSAT in 3.69s
    cube 2938.246.238 (depth 2, 28 lits): UNSAT in 142.84s
    cube 2938.246.239 (depth 2, 28 lits): UNSAT in 199.66s
    cube 2938.246.240 (depth 2, 28 lits): UNSAT in 551.14s
    cube 2938.247 (depth 1, 20 lits): UNSAT in 10.23s
    cube 2938.248 (depth 1, 20 lits): UNSAT in 439.13s
    cube 2938.249 (depth 1, 20 lits): UNSAT in 203.93s
    cube 2938.250 (depth 1, 20 lits): TIMEOUT in 1200.10s
    cube 2938.250 TIMEOUT -> re-split into 239 sub-cubes (depth 2)
    cube 2938.250.0 (depth 2, 27 lits): UNSAT in 0.01s
    cube 2938.250.1 (depth 2, 27 lits): UNSAT in 0.02s
    cube 2938.250.2 (depth 2, 27 lits): UNSAT in 0.01s
    cube 2938.250.3 (depth 2, 28 lits): UNSAT in 0.01s
    cube 2938.250.4 (depth 2, 28 lits): UNSAT in 0.03s
    cube 2938.250.5 (depth 2, 28 lits): UNSAT in 0.01s
    cube 2938.250.6 (depth 2, 28 lits): UNSAT in 0.01s
    cube 2938.250.7 (depth 2, 28 lits): UNSAT in 0.01s
    cube 2938.250.8 (depth 2, 28 lits): UNSAT in 0.02s
    cube 2938.250.9 (depth 2, 28 lits): UNSAT in 0.01s
    cube 2938.250.10 (depth 2, 28 lits): UNSAT in 0.01s
    cube 2938.250.11 (depth 2, 28 lits): UNSAT in 0.03s
    cube 2938.250.12 (depth 2, 28 lits): UNSAT in 0.02s
    cube 2938.250.13 (depth 2, 27 lits): UNSAT in 0.02s
    cube 2938.250.14 (depth 2, 27 lits): UNSAT in 0.01s
    cube 2938.250.15 (depth 2, 28 lits): UNSAT in 0.02s
    cube 2938.250.16 (depth 2, 28 lits): UNSAT in 0.02s
    cube 2938.250.17 (depth 2, 28 lits): UNSAT in 0.02s
    cube 2938.250.18 (depth 2, 28 lits): UNSAT in 0.03s
    cube 2938.250.19 (depth 2, 28 lits): UNSAT in 0.02s
    cube 2938.250.20 (depth 2, 28 lits): UNSAT in 0.03s
    cube 2938.250.21 (depth 2, 28 lits): UNSAT in 0.06s
    cube 2938.250.22 (depth 2, 28 lits): UNSAT in 0.10s
    cube 2938.250.23 (depth 2, 28 lits): UNSAT in 0.05s
    cube 2938.250.24 (depth 2, 28 lits): UNSAT in 0.18s
    cube 2938.250.25 (depth 2, 28 lits): UNSAT in 0.23s
    cube 2938.250.26 (depth 2, 28 lits): UNSAT in 0.07s
    cube 2938.250.27 (depth 2, 26 lits): UNSAT in 0.02s
    cube 2938.250.28 (depth 2, 27 lits): UNSAT in 0.02s
    cube 2938.250.29 (depth 2, 27 lits): UNSAT in 0.02s
    cube 2938.250.30 (depth 2, 28 lits): UNSAT in 0.01s
    cube 2938.250.31 (depth 2, 28 lits): UNSAT in 0.02s
    cube 2938.250.32 (depth 2, 28 lits): UNSAT in 0.02s
    cube 2938.250.33 (depth 2, 28 lits): UNSAT in 0.03s
    cube 2938.250.34 (depth 2, 28 lits): UNSAT in 0.01s
    cube 2938.250.35 (depth 2, 28 lits): UNSAT in 0.07s
    cube 2938.250.36 (depth 2, 28 lits): UNSAT in 0.08s
    cube 2938.250.37 (depth 2, 28 lits): UNSAT in 0.09s
    cube 2938.250.38 (depth 2, 28 lits): UNSAT in 0.02s
    cube 2938.250.39 (depth 2, 28 lits): UNSAT in 0.02s
    cube 2938.250.40 (depth 2, 28 lits): UNSAT in 0.01s
    cube 2938.250.41 (depth 2, 28 lits): UNSAT in 0.03s
    cube 2938.250.42 (depth 2, 28 lits): UNSAT in 0.02s
    cube 2938.250.43 (depth 2, 28 lits): UNSAT in 0.01s
    cube 2938.250.44 (depth 2, 28 lits): UNSAT in 0.01s
    cube 2938.250.45 (depth 2, 28 lits): UNSAT in 0.02s
    cube 2938.250.46 (depth 2, 26 lits): UNSAT in 0.02s
    cube 2938.250.47 (depth 2, 28 lits): UNSAT in 0.04s
    cube 2938.250.48 (depth 2, 28 lits): UNSAT in 0.05s
    cube 2938.250.49 (depth 2, 28 lits): UNSAT in 0.10s
    cube 2938.250.50 (depth 2, 28 lits): UNSAT in 0.22s
    cube 2938.250.51 (depth 2, 27 lits): UNSAT in 0.01s
    cube 2938.250.52 (depth 2, 28 lits): UNSAT in 0.02s
    cube 2938.250.53 (depth 2, 28 lits): UNSAT in 0.02s
    cube 2938.250.54 (depth 2, 27 lits): UNSAT in 0.02s
    cube 2938.250.55 (depth 2, 28 lits): UNSAT in 0.03s
    cube 2938.250.56 (depth 2, 28 lits): UNSAT in 0.06s
    cube 2938.250.57 (depth 2, 28 lits): UNSAT in 0.02s
    cube 2938.250.58 (depth 2, 28 lits): UNSAT in 0.02s
    cube 2938.250.59 (depth 2, 28 lits): UNSAT in 0.03s
    cube 2938.250.60 (depth 2, 28 lits): UNSAT in 0.03s
    cube 2938.250.61 (depth 2, 28 lits): UNSAT in 0.04s
    cube 2938.250.62 (depth 2, 28 lits): UNSAT in 0.05s
    cube 2938.250.63 (depth 2, 28 lits): UNSAT in 0.03s
    cube 2938.250.64 (depth 2, 28 lits): UNSAT in 0.04s
    cube 2938.250.65 (depth 2, 28 lits): UNSAT in 0.01s
    cube 2938.250.66 (depth 2, 28 lits): UNSAT in 0.02s
    cube 2938.250.67 (depth 2, 28 lits): UNSAT in 0.03s
    cube 2938.250.68 (depth 2, 28 lits): UNSAT in 0.04s
    cube 2938.250.69 (depth 2, 28 lits): UNSAT in 0.01s
    cube 2938.250.70 (depth 2, 28 lits): UNSAT in 0.02s
    cube 2938.250.71 (depth 2, 28 lits): UNSAT in 0.05s
    cube 2938.250.72 (depth 2, 28 lits): UNSAT in 0.05s
    cube 2938.250.73 (depth 2, 28 lits): UNSAT in 0.02s
    cube 2938.250.74 (depth 2, 28 lits): UNSAT in 0.04s
    cube 2938.250.75 (depth 2, 28 lits): UNSAT in 0.02s
    cube 2938.250.76 (depth 2, 28 lits): UNSAT in 0.03s
    cube 2938.250.77 (depth 2, 28 lits): UNSAT in 0.03s
    cube 2938.250.78 (depth 2, 28 lits): UNSAT in 0.03s
    cube 2938.250.79 (depth 2, 28 lits): UNSAT in 0.06s
    cube 2938.250.80 (depth 2, 28 lits): UNSAT in 0.24s
    cube 2938.250.81 (depth 2, 27 lits): UNSAT in 0.01s
    cube 2938.250.82 (depth 2, 27 lits): UNSAT in 0.02s
    cube 2938.250.83 (depth 2, 28 lits): UNSAT in 0.02s
    cube 2938.250.84 (depth 2, 28 lits): UNSAT in 0.05s
    cube 2938.250.85 (depth 2, 28 lits): UNSAT in 0.02s
    cube 2938.250.86 (depth 2, 28 lits): UNSAT in 0.04s
    cube 2938.250.87 (depth 2, 28 lits): UNSAT in 0.01s
    cube 2938.250.88 (depth 2, 28 lits): UNSAT in 0.02s
    cube 2938.250.89 (depth 2, 28 lits): UNSAT in 0.03s
    cube 2938.250.90 (depth 2, 28 lits): UNSAT in 0.03s
    cube 2938.250.91 (depth 2, 28 lits): UNSAT in 0.02s
    cube 2938.250.92 (depth 2, 28 lits): UNSAT in 0.04s
    cube 2938.250.93 (depth 2, 28 lits): UNSAT in 0.06s
    cube 2938.250.94 (depth 2, 28 lits): UNSAT in 0.09s
    cube 2938.250.95 (depth 2, 28 lits): UNSAT in 0.03s
    cube 2938.250.96 (depth 2, 28 lits): UNSAT in 0.11s
    cube 2938.250.97 (depth 2, 28 lits): UNSAT in 0.26s
    cube 2938.250.98 (depth 2, 28 lits): UNSAT in 0.19s
    cube 2938.250.99 (depth 2, 28 lits): UNSAT in 0.04s
    cube 2938.250.100 (depth 2, 28 lits): UNSAT in 0.05s
    cube 2938.250.101 (depth 2, 28 lits): UNSAT in 0.08s
    cube 2938.250.102 (depth 2, 28 lits): UNSAT in 0.10s
    cube 2938.250.103 (depth 2, 28 lits): UNSAT in 0.09s
    cube 2938.250.104 (depth 2, 28 lits): UNSAT in 0.35s
    cube 2938.250.105 (depth 2, 28 lits): UNSAT in 0.14s
    cube 2938.250.106 (depth 2, 28 lits): UNSAT in 0.31s
    cube 2938.250.107 (depth 2, 28 lits): UNSAT in 0.10s
    cube 2938.250.108 (depth 2, 28 lits): UNSAT in 0.15s
    cube 2938.250.109 (depth 2, 28 lits): UNSAT in 0.68s
    cube 2938.250.110 (depth 2, 28 lits): UNSAT in 1.01s
    cube 2938.250.111 (depth 2, 28 lits): UNSAT in 0.01s
    cube 2938.250.112 (depth 2, 28 lits): UNSAT in 0.02s
    cube 2938.250.113 (depth 2, 28 lits): UNSAT in 0.01s
    cube 2938.250.114 (depth 2, 28 lits): UNSAT in 0.04s
    cube 2938.250.115 (depth 2, 28 lits): UNSAT in 0.02s
    cube 2938.250.116 (depth 2, 28 lits): UNSAT in 0.06s
    cube 2938.250.117 (depth 2, 28 lits): UNSAT in 0.03s
    cube 2938.250.118 (depth 2, 28 lits): UNSAT in 0.06s
    cube 2938.250.119 (depth 2, 28 lits): UNSAT in 0.02s
    cube 2938.250.120 (depth 2, 28 lits): UNSAT in 0.05s
    cube 2938.250.121 (depth 2, 28 lits): UNSAT in 0.06s
    cube 2938.250.122 (depth 2, 28 lits): UNSAT in 0.11s
    cube 2938.250.123 (depth 2, 28 lits): UNSAT in 0.05s
    cube 2938.250.124 (depth 2, 28 lits): UNSAT in 0.20s
    cube 2938.250.125 (depth 2, 28 lits): UNSAT in 0.16s
    cube 2938.250.126 (depth 2, 28 lits): UNSAT in 0.48s
    cube 2938.250.127 (depth 2, 28 lits): UNSAT in 0.02s
    cube 2938.250.128 (depth 2, 28 lits): UNSAT in 0.11s
    cube 2938.250.129 (depth 2, 28 lits): UNSAT in 0.03s
    cube 2938.250.130 (depth 2, 28 lits): UNSAT in 0.16s
    cube 2938.250.131 (depth 2, 28 lits): UNSAT in 0.02s
    cube 2938.250.132 (depth 2, 28 lits): UNSAT in 0.04s
    cube 2938.250.133 (depth 2, 28 lits): UNSAT in 0.08s
    cube 2938.250.134 (depth 2, 28 lits): UNSAT in 0.23s
    cube 2938.250.135 (depth 2, 28 lits): UNSAT in 0.03s
    cube 2938.250.136 (depth 2, 28 lits): UNSAT in 0.05s
    cube 2938.250.137 (depth 2, 28 lits): UNSAT in 0.09s
    cube 2938.250.138 (depth 2, 28 lits): UNSAT in 0.48s
    cube 2938.250.139 (depth 2, 28 lits): UNSAT in 0.14s
    cube 2938.250.140 (depth 2, 28 lits): UNSAT in 0.07s
    cube 2938.250.141 (depth 2, 28 lits): UNSAT in 0.23s
    cube 2938.250.142 (depth 2, 28 lits): UNSAT in 2.23s
    cube 2938.250.143 (depth 2, 28 lits): UNSAT in 0.02s
    cube 2938.250.144 (depth 2, 28 lits): UNSAT in 0.02s
    cube 2938.250.145 (depth 2, 28 lits): UNSAT in 0.06s
    cube 2938.250.146 (depth 2, 28 lits): UNSAT in 0.03s
    cube 2938.250.147 (depth 2, 28 lits): UNSAT in 0.03s
    cube 2938.250.148 (depth 2, 28 lits): UNSAT in 0.07s
    cube 2938.250.149 (depth 2, 28 lits): UNSAT in 0.17s
    cube 2938.250.150 (depth 2, 28 lits): UNSAT in 0.29s
    cube 2938.250.151 (depth 2, 28 lits): UNSAT in 0.10s
    cube 2938.250.152 (depth 2, 28 lits): UNSAT in 0.67s
    cube 2938.250.153 (depth 2, 28 lits): UNSAT in 0.19s
    cube 2938.250.154 (depth 2, 28 lits): UNSAT in 2.24s
    cube 2938.250.155 (depth 2, 28 lits): UNSAT in 0.11s
    cube 2938.250.156 (depth 2, 28 lits): UNSAT in 0.49s
    cube 2938.250.157 (depth 2, 28 lits): UNSAT in 0.41s
    cube 2938.250.158 (depth 2, 28 lits): UNSAT in 1.66s
    cube 2938.250.159 (depth 2, 28 lits): UNSAT in 0.02s
    cube 2938.250.160 (depth 2, 28 lits): UNSAT in 0.03s
    cube 2938.250.161 (depth 2, 28 lits): UNSAT in 0.06s
    cube 2938.250.162 (depth 2, 28 lits): UNSAT in 0.26s
    cube 2938.250.163 (depth 2, 28 lits): UNSAT in 0.17s
    cube 2938.250.164 (depth 2, 28 lits): UNSAT in 0.50s
    cube 2938.250.165 (depth 2, 28 lits): UNSAT in 0.22s
    cube 2938.250.166 (depth 2, 28 lits): UNSAT in 1.48s
    cube 2938.250.167 (depth 2, 28 lits): UNSAT in 0.12s
    cube 2938.250.168 (depth 2, 28 lits): UNSAT in 0.48s
    cube 2938.250.169 (depth 2, 28 lits): UNSAT in 0.43s
    cube 2938.250.170 (depth 2, 28 lits): UNSAT in 0.97s
    cube 2938.250.171 (depth 2, 28 lits): UNSAT in 0.20s
    cube 2938.250.172 (depth 2, 28 lits): UNSAT in 2.26s
    cube 2938.250.173 (depth 2, 28 lits): UNSAT in 2.12s
    cube 2938.250.174 (depth 2, 28 lits): UNSAT in 17.50s
    cube 2938.250.175 (depth 2, 28 lits): UNSAT in 0.02s
    cube 2938.250.176 (depth 2, 28 lits): UNSAT in 0.02s
    cube 2938.250.177 (depth 2, 28 lits): UNSAT in 0.02s
    cube 2938.250.178 (depth 2, 28 lits): UNSAT in 0.05s
    cube 2938.250.179 (depth 2, 28 lits): UNSAT in 0.02s
    cube 2938.250.180 (depth 2, 28 lits): UNSAT in 0.02s
    cube 2938.250.181 (depth 2, 28 lits): UNSAT in 0.09s
    cube 2938.250.182 (depth 2, 28 lits): UNSAT in 0.10s
    cube 2938.250.183 (depth 2, 28 lits): UNSAT in 0.03s
    cube 2938.250.184 (depth 2, 28 lits): UNSAT in 0.06s
    cube 2938.250.185 (depth 2, 28 lits): UNSAT in 0.03s
    cube 2938.250.186 (depth 2, 28 lits): UNSAT in 0.19s
    cube 2938.250.187 (depth 2, 28 lits): UNSAT in 0.04s
    cube 2938.250.188 (depth 2, 28 lits): UNSAT in 0.08s
    cube 2938.250.189 (depth 2, 28 lits): UNSAT in 0.07s
    cube 2938.250.190 (depth 2, 28 lits): UNSAT in 0.40s
    cube 2938.250.191 (depth 2, 28 lits): UNSAT in 0.02s
    cube 2938.250.192 (depth 2, 28 lits): UNSAT in 0.05s
    cube 2938.250.193 (depth 2, 28 lits): UNSAT in 0.06s
    cube 2938.250.194 (depth 2, 28 lits): UNSAT in 0.23s
    cube 2938.250.195 (depth 2, 28 lits): UNSAT in 0.13s
    cube 2938.250.196 (depth 2, 28 lits): UNSAT in 0.38s
    cube 2938.250.197 (depth 2, 28 lits): UNSAT in 0.44s
    cube 2938.250.198 (depth 2, 28 lits): UNSAT in 0.82s
    cube 2938.250.199 (depth 2, 28 lits): UNSAT in 0.17s
    cube 2938.250.200 (depth 2, 28 lits): UNSAT in 0.27s
    cube 2938.250.201 (depth 2, 28 lits): UNSAT in 0.19s
    cube 2938.250.202 (depth 2, 28 lits): UNSAT in 0.66s
    cube 2938.250.203 (depth 2, 28 lits): UNSAT in 0.12s
    cube 2938.250.204 (depth 2, 28 lits): UNSAT in 0.53s
    cube 2938.250.205 (depth 2, 28 lits): UNSAT in 1.95s
    cube 2938.250.206 (depth 2, 28 lits): UNSAT in 9.56s
    cube 2938.250.207 (depth 2, 28 lits): UNSAT in 0.04s
    cube 2938.250.208 (depth 2, 28 lits): UNSAT in 0.04s
    cube 2938.250.209 (depth 2, 28 lits): UNSAT in 0.27s
    cube 2938.250.210 (depth 2, 28 lits): UNSAT in 0.47s
    cube 2938.250.211 (depth 2, 28 lits): UNSAT in 0.11s
    cube 2938.250.212 (depth 2, 28 lits): UNSAT in 2.63s
    cube 2938.250.213 (depth 2, 28 lits): UNSAT in 0.88s
    cube 2938.250.214 (depth 2, 28 lits): UNSAT in 2.55s
    cube 2938.250.215 (depth 2, 28 lits): UNSAT in 0.09s
    cube 2938.250.216 (depth 2, 28 lits): UNSAT in 0.07s
    cube 2938.250.217 (depth 2, 28 lits): UNSAT in 0.22s
    cube 2938.250.218 (depth 2, 28 lits): UNSAT in 0.43s
    cube 2938.250.219 (depth 2, 28 lits): UNSAT in 0.65s
    cube 2938.250.220 (depth 2, 28 lits): UNSAT in 1.22s
    cube 2938.250.221 (depth 2, 28 lits): UNSAT in 5.06s
    cube 2938.250.222 (depth 2, 28 lits): UNSAT in 112.80s
    cube 2938.250.223 (depth 2, 28 lits): UNSAT in 0.08s
    cube 2938.250.224 (depth 2, 28 lits): UNSAT in 0.19s
    cube 2938.250.225 (depth 2, 28 lits): UNSAT in 0.20s
    cube 2938.250.226 (depth 2, 28 lits): UNSAT in 1.54s
    cube 2938.250.227 (depth 2, 28 lits): UNSAT in 0.10s
    cube 2938.250.228 (depth 2, 28 lits): UNSAT in 4.80s
    cube 2938.250.229 (depth 2, 28 lits): UNSAT in 1.32s
    cube 2938.250.230 (depth 2, 28 lits): UNSAT in 24.59s
    cube 2938.250.231 (depth 2, 28 lits): UNSAT in 0.52s
    cube 2938.250.232 (depth 2, 28 lits): UNSAT in 3.64s
    cube 2938.250.233 (depth 2, 28 lits): UNSAT in 0.72s
    cube 2938.250.234 (depth 2, 28 lits): UNSAT in 34.56s
    cube 2938.250.235 (depth 2, 28 lits): UNSAT in 1.20s
    cube 2938.250.236 (depth 2, 28 lits): UNSAT in 61.92s
    cube 2938.250.237 (depth 2, 28 lits): UNSAT in 89.82s
    cube 2938.250.238 (depth 2, 28 lits): UNSAT in 137.93s

  shard 16 verdict: UNSAT (1 UNSAT, 0 unresolved) in 17390.6s
