  shard 18/24 (explicit): 1 of 4095 cubes, per-cube cap 1200.0s, re-split depth 7
    cube 2941 (depth 0, 12 lits): TIMEOUT in 1200.10s
    cube 2941 TIMEOUT -> re-split into 256 sub-cubes (depth 1)
    cube 2941.0 (depth 1, 20 lits): UNSAT in 0.02s
    cube 2941.1 (depth 1, 20 lits): UNSAT in 0.03s
    cube 2941.2 (depth 1, 20 lits): UNSAT in 0.02s
    cube 2941.3 (depth 1, 20 lits): UNSAT in 0.03s
    cube 2941.4 (depth 1, 20 lits): UNSAT in 0.02s
    cube 2941.5 (depth 1, 20 lits): UNSAT in 0.06s
    cube 2941.6 (depth 1, 20 lits): UNSAT in 0.02s
    cube 2941.7 (depth 1, 20 lits): UNSAT in 0.27s
    cube 2941.8 (depth 1, 20 lits): UNSAT in 0.02s
    cube 2941.9 (depth 1, 20 lits): UNSAT in 0.07s
    cube 2941.10 (depth 1, 20 lits): UNSAT in 0.05s
    cube 2941.11 (depth 1, 20 lits): UNSAT in 0.18s
    cube 2941.12 (depth 1, 20 lits): UNSAT in 0.04s
    cube 2941.13 (depth 1, 20 lits): UNSAT in 0.05s
    cube 2941.14 (depth 1, 20 lits): UNSAT in 0.11s
    cube 2941.15 (depth 1, 20 lits): UNSAT in 0.25s
    cube 2941.16 (depth 1, 20 lits): UNSAT in 0.02s
    cube 2941.17 (depth 1, 20 lits): UNSAT in 0.02s
    cube 2941.18 (depth 1, 20 lits): UNSAT in 0.02s
    cube 2941.19 (depth 1, 20 lits): UNSAT in 0.03s
    cube 2941.20 (depth 1, 20 lits): UNSAT in 0.07s
    cube 2941.21 (depth 1, 20 lits): UNSAT in 0.06s
    cube 2941.22 (depth 1, 20 lits): UNSAT in 0.09s
    cube 2941.23 (depth 1, 20 lits): UNSAT in 0.22s
    cube 2941.24 (depth 1, 20 lits): UNSAT in 0.05s
    cube 2941.25 (depth 1, 20 lits): UNSAT in 0.06s
    cube 2941.26 (depth 1, 20 lits): UNSAT in 0.02s
    cube 2941.27 (depth 1, 20 lits): UNSAT in 0.09s
    cube 2941.28 (depth 1, 20 lits): UNSAT in 0.05s
    cube 2941.29 (depth 1, 20 lits): UNSAT in 0.06s
    cube 2941.30 (depth 1, 20 lits): UNSAT in 0.09s
    cube 2941.31 (depth 1, 20 lits): UNSAT in 0.22s
    cube 2941.32 (depth 1, 20 lits): UNSAT in 0.03s
    cube 2941.33 (depth 1, 20 lits): UNSAT in 0.03s
    cube 2941.34 (depth 1, 20 lits): UNSAT in 0.06s
    cube 2941.35 (depth 1, 20 lits): UNSAT in 0.18s
    cube 2941.36 (depth 1, 20 lits): UNSAT in 0.05s
    cube 2941.37 (depth 1, 20 lits): UNSAT in 0.24s
    cube 2941.38 (depth 1, 20 lits): UNSAT in 0.11s
    cube 2941.39 (depth 1, 20 lits): UNSAT in 2.32s
    cube 2941.40 (depth 1, 20 lits): UNSAT in 0.03s
    cube 2941.41 (depth 1, 20 lits): UNSAT in 0.11s
    cube 2941.42 (depth 1, 20 lits): UNSAT in 0.19s
    cube 2941.43 (depth 1, 20 lits): UNSAT in 0.19s
    cube 2941.44 (depth 1, 20 lits): UNSAT in 0.13s
    cube 2941.45 (depth 1, 20 lits): UNSAT in 0.99s
    cube 2941.46 (depth 1, 20 lits): UNSAT in 0.17s
    cube 2941.47 (depth 1, 20 lits): UNSAT in 1.27s
    cube 2941.48 (depth 1, 20 lits): UNSAT in 0.09s
    cube 2941.49 (depth 1, 20 lits): UNSAT in 0.34s
    cube 2941.50 (depth 1, 20 lits): UNSAT in 0.16s
    cube 2941.51 (depth 1, 20 lits): UNSAT in 0.59s
    cube 2941.52 (depth 1, 20 lits): UNSAT in 0.09s
    cube 2941.53 (depth 1, 20 lits): UNSAT in 0.15s
    cube 2941.54 (depth 1, 20 lits): UNSAT in 0.13s
    cube 2941.55 (depth 1, 20 lits): UNSAT in 0.70s
    cube 2941.56 (depth 1, 20 lits): UNSAT in 0.46s
    cube 2941.57 (depth 1, 20 lits): UNSAT in 1.33s
    cube 2941.58 (depth 1, 20 lits): UNSAT in 0.98s
    cube 2941.59 (depth 1, 20 lits): UNSAT in 8.22s
    cube 2941.60 (depth 1, 20 lits): UNSAT in 0.35s
    cube 2941.61 (depth 1, 20 lits): UNSAT in 0.51s
    cube 2941.62 (depth 1, 20 lits): UNSAT in 0.56s
    cube 2941.63 (depth 1, 20 lits): UNSAT in 6.75s
    cube 2941.64 (depth 1, 20 lits): UNSAT in 0.03s
    cube 2941.65 (depth 1, 20 lits): UNSAT in 0.03s
    cube 2941.66 (depth 1, 20 lits): UNSAT in 0.02s
    cube 2941.67 (depth 1, 20 lits): UNSAT in 0.04s
    cube 2941.68 (depth 1, 20 lits): UNSAT in 0.03s
    cube 2941.69 (depth 1, 20 lits): UNSAT in 0.07s
    cube 2941.70 (depth 1, 20 lits): UNSAT in 0.07s
    cube 2941.71 (depth 1, 20 lits): UNSAT in 0.72s
    cube 2941.72 (depth 1, 20 lits): UNSAT in 0.13s
    cube 2941.73 (depth 1, 20 lits): UNSAT in 0.91s
    cube 2941.74 (depth 1, 20 lits): UNSAT in 0.89s
    cube 2941.75 (depth 1, 20 lits): UNSAT in 2.91s
    cube 2941.76 (depth 1, 20 lits): UNSAT in 0.47s
    cube 2941.77 (depth 1, 20 lits): UNSAT in 1.89s
    cube 2941.78 (depth 1, 20 lits): UNSAT in 1.37s
    cube 2941.79 (depth 1, 20 lits): UNSAT in 17.27s
    cube 2941.80 (depth 1, 20 lits): UNSAT in 0.16s
    cube 2941.81 (depth 1, 20 lits): UNSAT in 0.83s
    cube 2941.82 (depth 1, 20 lits): UNSAT in 0.86s
    cube 2941.83 (depth 1, 20 lits): UNSAT in 1.08s
    cube 2941.84 (depth 1, 20 lits): UNSAT in 0.10s
    cube 2941.85 (depth 1, 20 lits): UNSAT in 0.60s
    cube 2941.86 (depth 1, 20 lits): UNSAT in 0.56s
    cube 2941.87 (depth 1, 20 lits): UNSAT in 2.15s
    cube 2941.88 (depth 1, 20 lits): UNSAT in 0.28s
    cube 2941.89 (depth 1, 20 lits): UNSAT in 0.70s
    cube 2941.90 (depth 1, 20 lits): UNSAT in 0.41s
    cube 2941.91 (depth 1, 20 lits): UNSAT in 8.73s
    cube 2941.92 (depth 1, 20 lits): UNSAT in 1.70s
    cube 2941.93 (depth 1, 20 lits): UNSAT in 5.16s
    cube 2941.94 (depth 1, 20 lits): UNSAT in 15.11s
    cube 2941.95 (depth 1, 20 lits): UNSAT in 53.84s
    cube 2941.96 (depth 1, 20 lits): UNSAT in 0.07s
    cube 2941.97 (depth 1, 20 lits): UNSAT in 0.34s
    cube 2941.98 (depth 1, 20 lits): UNSAT in 0.19s
    cube 2941.99 (depth 1, 20 lits): UNSAT in 1.11s
    cube 2941.100 (depth 1, 20 lits): UNSAT in 0.74s
    cube 2941.101 (depth 1, 20 lits): UNSAT in 1.85s
    cube 2941.102 (depth 1, 20 lits): UNSAT in 0.14s
    cube 2941.103 (depth 1, 20 lits): UNSAT in 2.49s
    cube 2941.104 (depth 1, 20 lits): UNSAT in 0.06s
    cube 2941.105 (depth 1, 20 lits): UNSAT in 0.22s
    cube 2941.106 (depth 1, 20 lits): UNSAT in 1.10s
    cube 2941.107 (depth 1, 20 lits): UNSAT in 1.04s
    cube 2941.108 (depth 1, 20 lits): UNSAT in 1.51s
    cube 2941.109 (depth 1, 20 lits): UNSAT in 2.90s
    cube 2941.110 (depth 1, 20 lits): UNSAT in 5.19s
    cube 2941.111 (depth 1, 20 lits): UNSAT in 15.03s
    cube 2941.112 (depth 1, 20 lits): UNSAT in 0.27s
    cube 2941.113 (depth 1, 20 lits): UNSAT in 0.42s
    cube 2941.114 (depth 1, 20 lits): UNSAT in 1.05s
    cube 2941.115 (depth 1, 20 lits): UNSAT in 5.00s
    cube 2941.116 (depth 1, 20 lits): UNSAT in 0.56s
    cube 2941.117 (depth 1, 20 lits): UNSAT in 2.02s
    cube 2941.118 (depth 1, 20 lits): UNSAT in 11.89s
    cube 2941.119 (depth 1, 20 lits): UNSAT in 51.98s
    cube 2941.120 (depth 1, 20 lits): UNSAT in 1.33s
    cube 2941.121 (depth 1, 20 lits): UNSAT in 12.87s
    cube 2941.122 (depth 1, 20 lits): UNSAT in 11.02s
    cube 2941.123 (depth 1, 20 lits): UNSAT in 66.06s
    cube 2941.124 (depth 1, 20 lits): UNSAT in 4.90s
    cube 2941.125 (depth 1, 20 lits): UNSAT in 23.82s
    cube 2941.126 (depth 1, 20 lits): UNSAT in 39.40s
    cube 2941.127 (depth 1, 20 lits): UNSAT in 30.00s
    cube 2941.128 (depth 1, 20 lits): UNSAT in 0.02s
    cube 2941.129 (depth 1, 20 lits): UNSAT in 0.02s
    cube 2941.130 (depth 1, 20 lits): UNSAT in 0.03s
    cube 2941.131 (depth 1, 20 lits): UNSAT in 0.06s
    cube 2941.132 (depth 1, 20 lits): UNSAT in 0.02s
    cube 2941.133 (depth 1, 20 lits): UNSAT in 0.04s
    cube 2941.134 (depth 1, 20 lits): UNSAT in 0.06s
    cube 2941.135 (depth 1, 20 lits): UNSAT in 0.19s
    cube 2941.136 (depth 1, 20 lits): UNSAT in 0.05s
    cube 2941.137 (depth 1, 20 lits): UNSAT in 0.08s
    cube 2941.138 (depth 1, 20 lits): UNSAT in 0.08s
    cube 2941.139 (depth 1, 20 lits): UNSAT in 0.75s
    cube 2941.140 (depth 1, 20 lits): UNSAT in 0.30s
    cube 2941.141 (depth 1, 20 lits): UNSAT in 1.52s
    cube 2941.142 (depth 1, 20 lits): UNSAT in 1.31s
    cube 2941.143 (depth 1, 20 lits): UNSAT in 18.24s
    cube 2941.144 (depth 1, 20 lits): UNSAT in 0.03s
    cube 2941.145 (depth 1, 20 lits): UNSAT in 0.06s
    cube 2941.146 (depth 1, 20 lits): UNSAT in 0.05s
    cube 2941.147 (depth 1, 20 lits): UNSAT in 0.25s
    cube 2941.148 (depth 1, 20 lits): UNSAT in 0.04s
    cube 2941.149 (depth 1, 20 lits): UNSAT in 0.16s
    cube 2941.150 (depth 1, 20 lits): UNSAT in 0.56s
    cube 2941.151 (depth 1, 20 lits): UNSAT in 1.29s
    cube 2941.152 (depth 1, 20 lits): UNSAT in 0.08s
    cube 2941.153 (depth 1, 20 lits): UNSAT in 0.12s
    cube 2941.154 (depth 1, 20 lits): UNSAT in 0.17s
    cube 2941.155 (depth 1, 20 lits): UNSAT in 1.33s
    cube 2941.156 (depth 1, 20 lits): UNSAT in 0.75s
    cube 2941.157 (depth 1, 20 lits): UNSAT in 9.28s
    cube 2941.158 (depth 1, 20 lits): UNSAT in 4.60s
    cube 2941.159 (depth 1, 20 lits): UNSAT in 99.91s
    cube 2941.160 (depth 1, 20 lits): UNSAT in 0.07s
    cube 2941.161 (depth 1, 20 lits): UNSAT in 0.27s
    cube 2941.162 (depth 1, 20 lits): UNSAT in 0.11s
    cube 2941.163 (depth 1, 20 lits): UNSAT in 0.44s
    cube 2941.164 (depth 1, 20 lits): UNSAT in 0.04s
    cube 2941.165 (depth 1, 20 lits): UNSAT in 0.22s
    cube 2941.166 (depth 1, 20 lits): UNSAT in 0.30s
    cube 2941.167 (depth 1, 20 lits): UNSAT in 0.76s
    cube 2941.168 (depth 1, 20 lits): UNSAT in 0.55s
    cube 2941.169 (depth 1, 20 lits): UNSAT in 0.88s
    cube 2941.170 (depth 1, 20 lits): UNSAT in 0.22s
    cube 2941.171 (depth 1, 20 lits): UNSAT in 1.69s
    cube 2941.172 (depth 1, 20 lits): UNSAT in 1.13s
    cube 2941.173 (depth 1, 20 lits): UNSAT in 5.32s
    cube 2941.174 (depth 1, 20 lits): UNSAT in 1.88s
    cube 2941.175 (depth 1, 20 lits): UNSAT in 97.44s
    cube 2941.176 (depth 1, 20 lits): UNSAT in 0.29s
    cube 2941.177 (depth 1, 20 lits): UNSAT in 0.41s
    cube 2941.178 (depth 1, 20 lits): UNSAT in 0.30s
    cube 2941.179 (depth 1, 20 lits): UNSAT in 5.07s
    cube 2941.180 (depth 1, 20 lits): UNSAT in 0.33s
    cube 2941.181 (depth 1, 20 lits): UNSAT in 4.45s
    cube 2941.182 (depth 1, 20 lits): UNSAT in 0.52s
    cube 2941.183 (depth 1, 20 lits): UNSAT in 11.91s
    cube 2941.184 (depth 1, 20 lits): UNSAT in 0.20s
    cube 2941.185 (depth 1, 20 lits): UNSAT in 1.10s
    cube 2941.186 (depth 1, 20 lits): UNSAT in 1.22s
    cube 2941.187 (depth 1, 20 lits): UNSAT in 17.54s
    cube 2941.188 (depth 1, 20 lits): UNSAT in 2.19s
    cube 2941.189 (depth 1, 20 lits): UNSAT in 48.15s
    cube 2941.190 (depth 1, 20 lits): UNSAT in 111.50s
    cube 2941.191 (depth 1, 20 lits): UNSAT in 828.13s
    cube 2941.192 (depth 1, 20 lits): UNSAT in 0.09s
    cube 2941.193 (depth 1, 20 lits): UNSAT in 0.10s
    cube 2941.194 (depth 1, 20 lits): UNSAT in 0.12s
    cube 2941.195 (depth 1, 20 lits): UNSAT in 0.40s
    cube 2941.196 (depth 1, 20 lits): UNSAT in 0.18s
    cube 2941.197 (depth 1, 20 lits): UNSAT in 0.17s
    cube 2941.198 (depth 1, 20 lits): UNSAT in 0.65s
    cube 2941.199 (depth 1, 20 lits): UNSAT in 0.98s
    cube 2941.200 (depth 1, 20 lits): UNSAT in 0.17s
    cube 2941.201 (depth 1, 20 lits): UNSAT in 0.33s
    cube 2941.202 (depth 1, 20 lits): UNSAT in 0.33s
    cube 2941.203 (depth 1, 20 lits): UNSAT in 5.47s
    cube 2941.204 (depth 1, 20 lits): UNSAT in 0.32s
    cube 2941.205 (depth 1, 20 lits): UNSAT in 1.75s
    cube 2941.206 (depth 1, 20 lits): UNSAT in 7.24s
    cube 2941.207 (depth 1, 20 lits): UNSAT in 109.04s
    cube 2941.208 (depth 1, 20 lits): UNSAT in 0.10s
    cube 2941.209 (depth 1, 20 lits): UNSAT in 0.54s
    cube 2941.210 (depth 1, 20 lits): UNSAT in 0.53s
    cube 2941.211 (depth 1, 20 lits): UNSAT in 1.72s
    cube 2941.212 (depth 1, 20 lits): UNSAT in 1.61s
    cube 2941.213 (depth 1, 20 lits): UNSAT in 4.78s
    cube 2941.214 (depth 1, 20 lits): UNSAT in 1.11s
    cube 2941.215 (depth 1, 20 lits): UNSAT in 19.37s
    cube 2941.216 (depth 1, 20 lits): UNSAT in 1.42s
    cube 2941.217 (depth 1, 20 lits): UNSAT in 4.12s
    cube 2941.218 (depth 1, 20 lits): UNSAT in 0.84s
    cube 2941.219 (depth 1, 20 lits): UNSAT in 22.91s
    cube 2941.220 (depth 1, 20 lits): UNSAT in 2.93s
    cube 2941.221 (depth 1, 20 lits): UNSAT in 18.87s
    cube 2941.222 (depth 1, 20 lits): UNSAT in 137.41s
    cube 2941.223 (depth 1, 20 lits): TIMEOUT in 1200.04s
    cube 2941.223 TIMEOUT -> re-split into 252 sub-cubes (depth 2)
    cube 2941.223.0 (depth 2, 27 lits): UNSAT in 0.01s
    cube 2941.223.1 (depth 2, 28 lits): UNSAT in 0.01s
    cube 2941.223.2 (depth 2, 28 lits): UNSAT in 0.02s
    cube 2941.223.3 (depth 2, 27 lits): UNSAT in 0.02s
    cube 2941.223.4 (depth 2, 28 lits): UNSAT in 0.03s
    cube 2941.223.5 (depth 2, 28 lits): UNSAT in 0.04s
    cube 2941.223.6 (depth 2, 27 lits): UNSAT in 0.01s
    cube 2941.223.7 (depth 2, 28 lits): UNSAT in 0.01s
    cube 2941.223.8 (depth 2, 28 lits): UNSAT in 0.02s
    cube 2941.223.9 (depth 2, 28 lits): UNSAT in 0.02s
    cube 2941.223.10 (depth 2, 28 lits): UNSAT in 0.06s
    cube 2941.223.11 (depth 2, 28 lits): UNSAT in 0.06s
    cube 2941.223.12 (depth 2, 28 lits): UNSAT in 0.21s
    cube 2941.223.13 (depth 2, 28 lits): UNSAT in 0.02s
    cube 2941.223.14 (depth 2, 28 lits): UNSAT in 0.03s
    cube 2941.223.15 (depth 2, 28 lits): UNSAT in 0.03s
    cube 2941.223.16 (depth 2, 28 lits): UNSAT in 0.13s
    cube 2941.223.17 (depth 2, 28 lits): UNSAT in 0.02s
    cube 2941.223.18 (depth 2, 28 lits): UNSAT in 0.03s
    cube 2941.223.19 (depth 2, 28 lits): UNSAT in 0.05s
    cube 2941.223.20 (depth 2, 28 lits): UNSAT in 0.11s
    cube 2941.223.21 (depth 2, 28 lits): UNSAT in 0.03s
    cube 2941.223.22 (depth 2, 28 lits): UNSAT in 0.05s
    cube 2941.223.23 (depth 2, 28 lits): UNSAT in 0.08s
    cube 2941.223.24 (depth 2, 28 lits): UNSAT in 0.16s
    cube 2941.223.25 (depth 2, 28 lits): UNSAT in 0.11s
    cube 2941.223.26 (depth 2, 28 lits): UNSAT in 0.14s
    cube 2941.223.27 (depth 2, 28 lits): UNSAT in 0.08s
    cube 2941.223.28 (depth 2, 28 lits): UNSAT in 0.72s
    cube 2941.223.29 (depth 2, 28 lits): UNSAT in 0.02s
    cube 2941.223.30 (depth 2, 28 lits): UNSAT in 0.02s
    cube 2941.223.31 (depth 2, 28 lits): UNSAT in 0.02s
    cube 2941.223.32 (depth 2, 28 lits): UNSAT in 0.04s
    cube 2941.223.33 (depth 2, 28 lits): UNSAT in 0.02s
    cube 2941.223.34 (depth 2, 28 lits): UNSAT in 0.04s
    cube 2941.223.35 (depth 2, 28 lits): UNSAT in 0.09s
    cube 2941.223.36 (depth 2, 28 lits): UNSAT in 0.09s
    cube 2941.223.37 (depth 2, 28 lits): UNSAT in 0.01s
    cube 2941.223.38 (depth 2, 28 lits): UNSAT in 0.02s
    cube 2941.223.39 (depth 2, 28 lits): UNSAT in 0.03s
    cube 2941.223.40 (depth 2, 28 lits): UNSAT in 0.07s
    cube 2941.223.41 (depth 2, 28 lits): UNSAT in 0.06s
    cube 2941.223.42 (depth 2, 28 lits): UNSAT in 0.27s
    cube 2941.223.43 (depth 2, 28 lits): UNSAT in 0.12s
    cube 2941.223.44 (depth 2, 28 lits): UNSAT in 0.57s
    cube 2941.223.45 (depth 2, 28 lits): UNSAT in 0.02s
    cube 2941.223.46 (depth 2, 28 lits): UNSAT in 0.08s
    cube 2941.223.47 (depth 2, 28 lits): UNSAT in 0.08s
    cube 2941.223.48 (depth 2, 28 lits): UNSAT in 0.51s
    cube 2941.223.49 (depth 2, 28 lits): UNSAT in 0.04s
    cube 2941.223.50 (depth 2, 28 lits): UNSAT in 0.12s
    cube 2941.223.51 (depth 2, 28 lits): UNSAT in 0.12s
    cube 2941.223.52 (depth 2, 28 lits): UNSAT in 0.28s
    cube 2941.223.53 (depth 2, 28 lits): UNSAT in 0.10s
    cube 2941.223.54 (depth 2, 28 lits): UNSAT in 0.22s
    cube 2941.223.55 (depth 2, 28 lits): UNSAT in 0.13s
    cube 2941.223.56 (depth 2, 28 lits): UNSAT in 0.14s
    cube 2941.223.57 (depth 2, 28 lits): UNSAT in 0.15s
    cube 2941.223.58 (depth 2, 28 lits): UNSAT in 0.15s
    cube 2941.223.59 (depth 2, 28 lits): UNSAT in 0.29s
    cube 2941.223.60 (depth 2, 28 lits): UNSAT in 1.09s
    cube 2941.223.61 (depth 2, 27 lits): UNSAT in 0.02s
    cube 2941.223.62 (depth 2, 28 lits): UNSAT in 0.02s
    cube 2941.223.63 (depth 2, 28 lits): UNSAT in 0.03s
    cube 2941.223.64 (depth 2, 28 lits): UNSAT in 0.02s
    cube 2941.223.65 (depth 2, 28 lits): UNSAT in 0.02s
    cube 2941.223.66 (depth 2, 28 lits): UNSAT in 0.03s
    cube 2941.223.67 (depth 2, 28 lits): UNSAT in 0.11s
    cube 2941.223.68 (depth 2, 28 lits): UNSAT in 0.03s
    cube 2941.223.69 (depth 2, 28 lits): UNSAT in 0.07s
    cube 2941.223.70 (depth 2, 28 lits): UNSAT in 0.04s
    cube 2941.223.71 (depth 2, 28 lits): UNSAT in 0.15s
    cube 2941.223.72 (depth 2, 28 lits): UNSAT in 0.06s
    cube 2941.223.73 (depth 2, 28 lits): UNSAT in 0.31s
    cube 2941.223.74 (depth 2, 28 lits): UNSAT in 0.41s
    cube 2941.223.75 (depth 2, 28 lits): UNSAT in 0.47s
    cube 2941.223.76 (depth 2, 28 lits): UNSAT in 0.02s
    cube 2941.223.77 (depth 2, 28 lits): UNSAT in 0.02s
    cube 2941.223.78 (depth 2, 28 lits): UNSAT in 0.07s
    cube 2941.223.79 (depth 2, 28 lits): UNSAT in 0.25s
    cube 2941.223.80 (depth 2, 28 lits): UNSAT in 0.02s
    cube 2941.223.81 (depth 2, 28 lits): UNSAT in 0.07s
    cube 2941.223.82 (depth 2, 28 lits): UNSAT in 0.06s
    cube 2941.223.83 (depth 2, 28 lits): UNSAT in 0.29s
    cube 2941.223.84 (depth 2, 28 lits): UNSAT in 0.09s
    cube 2941.223.85 (depth 2, 28 lits): UNSAT in 0.09s
    cube 2941.223.86 (depth 2, 28 lits): UNSAT in 0.26s
    cube 2941.223.87 (depth 2, 28 lits): UNSAT in 0.74s
    cube 2941.223.88 (depth 2, 28 lits): UNSAT in 0.19s
    cube 2941.223.89 (depth 2, 28 lits): UNSAT in 0.23s
    cube 2941.223.90 (depth 2, 28 lits): UNSAT in 0.46s
    cube 2941.223.91 (depth 2, 28 lits): UNSAT in 2.09s
    cube 2941.223.92 (depth 2, 28 lits): UNSAT in 0.05s
    cube 2941.223.93 (depth 2, 28 lits): UNSAT in 0.09s
    cube 2941.223.94 (depth 2, 28 lits): UNSAT in 0.07s
    cube 2941.223.95 (depth 2, 28 lits): UNSAT in 0.11s
    cube 2941.223.96 (depth 2, 28 lits): UNSAT in 0.02s
    cube 2941.223.97 (depth 2, 28 lits): UNSAT in 0.06s
    cube 2941.223.98 (depth 2, 28 lits): UNSAT in 0.11s
    cube 2941.223.99 (depth 2, 28 lits): UNSAT in 0.19s
    cube 2941.223.100 (depth 2, 28 lits): UNSAT in 0.05s
    cube 2941.223.101 (depth 2, 28 lits): UNSAT in 0.23s
    cube 2941.223.102 (depth 2, 28 lits): UNSAT in 0.22s
    cube 2941.223.103 (depth 2, 28 lits): UNSAT in 0.35s
    cube 2941.223.104 (depth 2, 28 lits): UNSAT in 0.14s
    cube 2941.223.105 (depth 2, 28 lits): UNSAT in 0.24s
    cube 2941.223.106 (depth 2, 28 lits): UNSAT in 0.86s
    cube 2941.223.107 (depth 2, 28 lits): UNSAT in 1.59s
    cube 2941.223.108 (depth 2, 28 lits): UNSAT in 0.03s
    cube 2941.223.109 (depth 2, 28 lits): UNSAT in 0.04s
    cube 2941.223.110 (depth 2, 28 lits): UNSAT in 0.08s
    cube 2941.223.111 (depth 2, 28 lits): UNSAT in 0.15s
    cube 2941.223.112 (depth 2, 28 lits): UNSAT in 0.03s
    cube 2941.223.113 (depth 2, 28 lits): UNSAT in 0.01s
    cube 2941.223.114 (depth 2, 28 lits): UNSAT in 0.12s
    cube 2941.223.115 (depth 2, 28 lits): UNSAT in 0.67s
    cube 2941.223.116 (depth 2, 28 lits): UNSAT in 0.10s
    cube 2941.223.117 (depth 2, 28 lits): UNSAT in 0.21s
    cube 2941.223.118 (depth 2, 28 lits): UNSAT in 0.27s
    cube 2941.223.119 (depth 2, 28 lits): UNSAT in 1.76s
    cube 2941.223.120 (depth 2, 28 lits): UNSAT in 0.79s
    cube 2941.223.121 (depth 2, 28 lits): UNSAT in 0.48s
    cube 2941.223.122 (depth 2, 28 lits): UNSAT in 4.84s
    cube 2941.223.123 (depth 2, 28 lits): UNSAT in 14.02s
    cube 2941.223.124 (depth 2, 28 lits): UNSAT in 0.02s
    cube 2941.223.125 (depth 2, 28 lits): UNSAT in 0.02s
    cube 2941.223.126 (depth 2, 28 lits): UNSAT in 0.01s
    cube 2941.223.127 (depth 2, 28 lits): UNSAT in 0.05s
    cube 2941.223.128 (depth 2, 28 lits): UNSAT in 0.06s
    cube 2941.223.129 (depth 2, 28 lits): UNSAT in 0.22s
    cube 2941.223.130 (depth 2, 28 lits): UNSAT in 0.03s
    cube 2941.223.131 (depth 2, 28 lits): UNSAT in 0.12s
    cube 2941.223.132 (depth 2, 28 lits): UNSAT in 0.03s
    cube 2941.223.133 (depth 2, 28 lits): UNSAT in 0.04s
    cube 2941.223.134 (depth 2, 28 lits): UNSAT in 0.04s
    cube 2941.223.135 (depth 2, 28 lits): UNSAT in 0.12s
    cube 2941.223.136 (depth 2, 28 lits): UNSAT in 0.11s
    cube 2941.223.137 (depth 2, 28 lits): UNSAT in 0.09s
    cube 2941.223.138 (depth 2, 28 lits): UNSAT in 0.18s
    cube 2941.223.139 (depth 2, 28 lits): UNSAT in 0.56s
    cube 2941.223.140 (depth 2, 28 lits): UNSAT in 0.02s
    cube 2941.223.141 (depth 2, 28 lits): UNSAT in 0.06s
    cube 2941.223.142 (depth 2, 28 lits): UNSAT in 0.08s
    cube 2941.223.143 (depth 2, 28 lits): UNSAT in 0.45s
    cube 2941.223.144 (depth 2, 28 lits): UNSAT in 0.04s
    cube 2941.223.145 (depth 2, 28 lits): UNSAT in 0.08s
    cube 2941.223.146 (depth 2, 28 lits): UNSAT in 0.08s
    cube 2941.223.147 (depth 2, 28 lits): UNSAT in 0.80s
    cube 2941.223.148 (depth 2, 28 lits): UNSAT in 0.04s
    cube 2941.223.149 (depth 2, 28 lits): UNSAT in 0.06s
    cube 2941.223.150 (depth 2, 28 lits): UNSAT in 0.14s
    cube 2941.223.151 (depth 2, 28 lits): UNSAT in 0.31s
    cube 2941.223.152 (depth 2, 28 lits): UNSAT in 0.05s
    cube 2941.223.153 (depth 2, 28 lits): UNSAT in 0.08s
    cube 2941.223.154 (depth 2, 28 lits): UNSAT in 0.28s
    cube 2941.223.155 (depth 2, 28 lits): UNSAT in 0.70s
    cube 2941.223.156 (depth 2, 28 lits): UNSAT in 0.04s
    cube 2941.223.157 (depth 2, 28 lits): UNSAT in 0.10s
    cube 2941.223.158 (depth 2, 28 lits): UNSAT in 0.15s
    cube 2941.223.159 (depth 2, 28 lits): UNSAT in 1.51s
    cube 2941.223.160 (depth 2, 28 lits): UNSAT in 0.05s
    cube 2941.223.161 (depth 2, 28 lits): UNSAT in 0.14s
    cube 2941.223.162 (depth 2, 28 lits): UNSAT in 0.06s
    cube 2941.223.163 (depth 2, 28 lits): UNSAT in 0.39s
    cube 2941.223.164 (depth 2, 28 lits): UNSAT in 0.05s
    cube 2941.223.165 (depth 2, 28 lits): UNSAT in 0.08s
    cube 2941.223.166 (depth 2, 28 lits): UNSAT in 0.24s
    cube 2941.223.167 (depth 2, 28 lits): UNSAT in 0.25s
    cube 2941.223.168 (depth 2, 28 lits): UNSAT in 0.03s
    cube 2941.223.169 (depth 2, 28 lits): UNSAT in 0.13s
    cube 2941.223.170 (depth 2, 28 lits): UNSAT in 0.35s
    cube 2941.223.171 (depth 2, 28 lits): UNSAT in 2.27s
    cube 2941.223.172 (depth 2, 28 lits): UNSAT in 0.09s
    cube 2941.223.173 (depth 2, 28 lits): UNSAT in 0.14s
    cube 2941.223.174 (depth 2, 28 lits): UNSAT in 0.10s
    cube 2941.223.175 (depth 2, 28 lits): UNSAT in 1.09s
    cube 2941.223.176 (depth 2, 28 lits): UNSAT in 0.07s
    cube 2941.223.177 (depth 2, 28 lits): UNSAT in 0.47s
    cube 2941.223.178 (depth 2, 28 lits): UNSAT in 0.89s
    cube 2941.223.179 (depth 2, 28 lits): UNSAT in 0.93s
    cube 2941.223.180 (depth 2, 28 lits): UNSAT in 0.30s
    cube 2941.223.181 (depth 2, 28 lits): UNSAT in 1.12s
    cube 2941.223.182 (depth 2, 28 lits): UNSAT in 0.65s
    cube 2941.223.183 (depth 2, 28 lits): UNSAT in 1.05s
    cube 2941.223.184 (depth 2, 28 lits): UNSAT in 0.25s
    cube 2941.223.185 (depth 2, 28 lits): UNSAT in 0.69s
    cube 2941.223.186 (depth 2, 28 lits): UNSAT in 0.76s
    cube 2941.223.187 (depth 2, 28 lits): UNSAT in 15.51s
    cube 2941.223.188 (depth 2, 28 lits): UNSAT in 0.03s
    cube 2941.223.189 (depth 2, 28 lits): UNSAT in 0.06s
    cube 2941.223.190 (depth 2, 28 lits): UNSAT in 0.05s
    cube 2941.223.191 (depth 2, 28 lits): UNSAT in 0.27s
    cube 2941.223.192 (depth 2, 28 lits): UNSAT in 0.05s
    cube 2941.223.193 (depth 2, 28 lits): UNSAT in 0.25s
    cube 2941.223.194 (depth 2, 28 lits): UNSAT in 0.26s
    cube 2941.223.195 (depth 2, 28 lits): UNSAT in 0.77s
    cube 2941.223.196 (depth 2, 28 lits): UNSAT in 0.03s
    cube 2941.223.197 (depth 2, 28 lits): UNSAT in 0.13s
    cube 2941.223.198 (depth 2, 28 lits): UNSAT in 0.17s
    cube 2941.223.199 (depth 2, 28 lits): UNSAT in 0.73s
    cube 2941.223.200 (depth 2, 28 lits): UNSAT in 0.22s
    cube 2941.223.201 (depth 2, 28 lits): UNSAT in 0.53s
    cube 2941.223.202 (depth 2, 28 lits): UNSAT in 0.55s
    cube 2941.223.203 (depth 2, 28 lits): UNSAT in 0.81s
    cube 2941.223.204 (depth 2, 28 lits): UNSAT in 0.06s
    cube 2941.223.205 (depth 2, 28 lits): UNSAT in 0.15s
    cube 2941.223.206 (depth 2, 28 lits): UNSAT in 0.05s
    cube 2941.223.207 (depth 2, 28 lits): UNSAT in 0.22s
    cube 2941.223.208 (depth 2, 28 lits): UNSAT in 0.09s
    cube 2941.223.209 (depth 2, 28 lits): UNSAT in 0.38s
    cube 2941.223.210 (depth 2, 28 lits): UNSAT in 0.06s
    cube 2941.223.211 (depth 2, 28 lits): UNSAT in 0.75s
    cube 2941.223.212 (depth 2, 28 lits): UNSAT in 0.30s
    cube 2941.223.213 (depth 2, 28 lits): UNSAT in 1.89s
    cube 2941.223.214 (depth 2, 28 lits): UNSAT in 0.64s
    cube 2941.223.215 (depth 2, 28 lits): UNSAT in 2.26s
    cube 2941.223.216 (depth 2, 28 lits): UNSAT in 0.72s
    cube 2941.223.217 (depth 2, 28 lits): UNSAT in 5.45s
    cube 2941.223.218 (depth 2, 28 lits): UNSAT in 3.17s
    cube 2941.223.219 (depth 2, 28 lits): UNSAT in 16.57s
    cube 2941.223.220 (depth 2, 28 lits): UNSAT in 0.04s
    cube 2941.223.221 (depth 2, 28 lits): UNSAT in 0.25s
    cube 2941.223.222 (depth 2, 28 lits): UNSAT in 0.10s
    cube 2941.223.223 (depth 2, 28 lits): UNSAT in 0.77s
    cube 2941.223.224 (depth 2, 28 lits): UNSAT in 0.09s
    cube 2941.223.225 (depth 2, 28 lits): UNSAT in 0.29s
    cube 2941.223.226 (depth 2, 28 lits): UNSAT in 0.30s
    cube 2941.223.227 (depth 2, 28 lits): UNSAT in 2.38s
    cube 2941.223.228 (depth 2, 28 lits): UNSAT in 0.10s
    cube 2941.223.229 (depth 2, 28 lits): UNSAT in 0.12s
    cube 2941.223.230 (depth 2, 28 lits): UNSAT in 0.48s
    cube 2941.223.231 (depth 2, 28 lits): UNSAT in 3.45s
    cube 2941.223.232 (depth 2, 28 lits): UNSAT in 0.56s
    cube 2941.223.233 (depth 2, 28 lits): UNSAT in 0.43s
    cube 2941.223.234 (depth 2, 28 lits): UNSAT in 6.31s
    cube 2941.223.235 (depth 2, 28 lits): UNSAT in 11.32s
    cube 2941.223.236 (depth 2, 28 lits): UNSAT in 0.12s
    cube 2941.223.237 (depth 2, 28 lits): UNSAT in 0.46s
    cube 2941.223.238 (depth 2, 28 lits): UNSAT in 0.65s
    cube 2941.223.239 (depth 2, 28 lits): UNSAT in 3.59s
    cube 2941.223.240 (depth 2, 28 lits): UNSAT in 0.70s
    cube 2941.223.241 (depth 2, 28 lits): UNSAT in 2.82s
    cube 2941.223.242 (depth 2, 28 lits): UNSAT in 5.37s
    cube 2941.223.243 (depth 2, 28 lits): UNSAT in 43.20s
    cube 2941.223.244 (depth 2, 28 lits): UNSAT in 0.06s
    cube 2941.223.245 (depth 2, 28 lits): UNSAT in 0.41s
    cube 2941.223.246 (depth 2, 28 lits): UNSAT in 0.28s
    cube 2941.223.247 (depth 2, 28 lits): UNSAT in 4.09s
    cube 2941.223.248 (depth 2, 28 lits): UNSAT in 1.63s
    cube 2941.223.249 (depth 2, 28 lits): UNSAT in 4.75s
    cube 2941.223.250 (depth 2, 28 lits): UNSAT in 4.49s
    cube 2941.223.251 (depth 2, 28 lits): UNSAT in 37.50s
    cube 2941.224 (depth 1, 20 lits): UNSAT in 0.79s
    cube 2941.225 (depth 1, 20 lits): UNSAT in 1.10s
    cube 2941.226 (depth 1, 20 lits): UNSAT in 0.34s
    cube 2941.227 (depth 1, 20 lits): UNSAT in 1.84s
    cube 2941.228 (depth 1, 20 lits): UNSAT in 0.80s
    cube 2941.229 (depth 1, 20 lits): UNSAT in 7.01s
    cube 2941.230 (depth 1, 20 lits): UNSAT in 13.92s
    cube 2941.231 (depth 1, 20 lits): UNSAT in 521.48s
    cube 2941.232 (depth 1, 20 lits): UNSAT in 1.08s
    cube 2941.233 (depth 1, 20 lits): UNSAT in 33.02s
    cube 2941.234 (depth 1, 20 lits): UNSAT in 5.34s
    cube 2941.235 (depth 1, 20 lits): UNSAT in 87.04s
    cube 2941.236 (depth 1, 20 lits): UNSAT in 1.67s
    cube 2941.237 (depth 1, 20 lits): UNSAT in 35.92s
    cube 2941.238 (depth 1, 20 lits): UNSAT in 94.73s
    cube 2941.239 (depth 1, 20 lits): TIMEOUT in 1200.10s
    cube 2941.239 TIMEOUT -> re-split into 248 sub-cubes (depth 2)
    cube 2941.239.0 (depth 2, 26 lits): UNSAT in 0.01s
    cube 2941.239.1 (depth 2, 28 lits): UNSAT in 0.01s
    cube 2941.239.2 (depth 2, 28 lits): UNSAT in 0.01s
    cube 2941.239.3 (depth 2, 28 lits): UNSAT in 0.02s
    cube 2941.239.4 (depth 2, 28 lits): UNSAT in 0.02s
    cube 2941.239.5 (depth 2, 28 lits): UNSAT in 0.01s
    cube 2941.239.6 (depth 2, 28 lits): UNSAT in 0.02s
    cube 2941.239.7 (depth 2, 28 lits): UNSAT in 0.01s
    cube 2941.239.8 (depth 2, 28 lits): UNSAT in 0.02s
    cube 2941.239.9 (depth 2, 28 lits): UNSAT in 0.01s
    cube 2941.239.10 (depth 2, 28 lits): UNSAT in 0.02s
    cube 2941.239.11 (depth 2, 28 lits): UNSAT in 0.04s
    cube 2941.239.12 (depth 2, 28 lits): UNSAT in 0.05s
    cube 2941.239.13 (depth 2, 28 lits): UNSAT in 0.01s
    cube 2941.239.14 (depth 2, 28 lits): UNSAT in 0.02s
    cube 2941.239.15 (depth 2, 28 lits): UNSAT in 0.01s
    cube 2941.239.16 (depth 2, 28 lits): UNSAT in 0.02s
    cube 2941.239.17 (depth 2, 26 lits): UNSAT in 0.01s
    cube 2941.239.18 (depth 2, 28 lits): UNSAT in 0.01s
    cube 2941.239.19 (depth 2, 28 lits): UNSAT in 0.02s
    cube 2941.239.20 (depth 2, 27 lits): UNSAT in 0.02s
    cube 2941.239.21 (depth 2, 28 lits): UNSAT in 0.05s
    cube 2941.239.22 (depth 2, 28 lits): UNSAT in 0.02s
    cube 2941.239.23 (depth 2, 28 lits): UNSAT in 0.02s
    cube 2941.239.24 (depth 2, 28 lits): UNSAT in 0.11s
    cube 2941.239.25 (depth 2, 28 lits): UNSAT in 0.01s
    cube 2941.239.26 (depth 2, 28 lits): UNSAT in 0.03s
    cube 2941.239.27 (depth 2, 28 lits): UNSAT in 0.03s
    cube 2941.239.28 (depth 2, 28 lits): UNSAT in 0.10s
    cube 2941.239.29 (depth 2, 28 lits): UNSAT in 0.03s
    cube 2941.239.30 (depth 2, 28 lits): UNSAT in 0.03s
    cube 2941.239.31 (depth 2, 28 lits): UNSAT in 0.03s
    cube 2941.239.32 (depth 2, 28 lits): UNSAT in 0.23s
    cube 2941.239.33 (depth 2, 28 lits): UNSAT in 0.01s
    cube 2941.239.34 (depth 2, 28 lits): UNSAT in 0.02s
    cube 2941.239.35 (depth 2, 28 lits): UNSAT in 0.01s
    cube 2941.239.36 (depth 2, 28 lits): UNSAT in 0.05s
    cube 2941.239.37 (depth 2, 28 lits): UNSAT in 0.03s
    cube 2941.239.38 (depth 2, 28 lits): UNSAT in 0.13s
    cube 2941.239.39 (depth 2, 28 lits): UNSAT in 0.37s
    cube 2941.239.40 (depth 2, 28 lits): UNSAT in 0.80s
    cube 2941.239.41 (depth 2, 28 lits): UNSAT in 0.01s
    cube 2941.239.42 (depth 2, 28 lits): UNSAT in 0.03s
    cube 2941.239.43 (depth 2, 28 lits): UNSAT in 0.06s
    cube 2941.239.44 (depth 2, 28 lits): UNSAT in 0.03s
    cube 2941.239.45 (depth 2, 28 lits): UNSAT in 0.03s
    cube 2941.239.46 (depth 2, 28 lits): UNSAT in 0.18s
    cube 2941.239.47 (depth 2, 28 lits): UNSAT in 0.05s
    cube 2941.239.48 (depth 2, 28 lits): UNSAT in 0.43s
    cube 2941.239.49 (depth 2, 28 lits): UNSAT in 0.02s
    cube 2941.239.50 (depth 2, 28 lits): UNSAT in 0.01s
    cube 2941.239.51 (depth 2, 28 lits): UNSAT in 0.04s
    cube 2941.239.52 (depth 2, 28 lits): UNSAT in 0.19s
    cube 2941.239.53 (depth 2, 28 lits): UNSAT in 0.24s
    cube 2941.239.54 (depth 2, 28 lits): UNSAT in 0.42s
    cube 2941.239.55 (depth 2, 28 lits): UNSAT in 0.51s
    cube 2941.239.56 (depth 2, 28 lits): UNSAT in 1.11s
    cube 2941.239.57 (depth 2, 28 lits): UNSAT in 0.02s
    cube 2941.239.58 (depth 2, 28 lits): UNSAT in 0.02s
    cube 2941.239.59 (depth 2, 28 lits): UNSAT in 0.03s
    cube 2941.239.60 (depth 2, 28 lits): UNSAT in 0.21s
    cube 2941.239.61 (depth 2, 28 lits): UNSAT in 0.02s
    cube 2941.239.62 (depth 2, 28 lits): UNSAT in 0.03s
    cube 2941.239.63 (depth 2, 28 lits): UNSAT in 0.05s
    cube 2941.239.64 (depth 2, 28 lits): UNSAT in 0.13s
    cube 2941.239.65 (depth 2, 28 lits): UNSAT in 0.01s
    cube 2941.239.66 (depth 2, 28 lits): UNSAT in 0.01s
    cube 2941.239.67 (depth 2, 28 lits): UNSAT in 0.02s
    cube 2941.239.68 (depth 2, 28 lits): UNSAT in 0.04s
    cube 2941.239.69 (depth 2, 28 lits): UNSAT in 0.11s
    cube 2941.239.70 (depth 2, 28 lits): UNSAT in 0.07s
    cube 2941.239.71 (depth 2, 28 lits): UNSAT in 0.13s
    cube 2941.239.72 (depth 2, 28 lits): UNSAT in 0.23s
    cube 2941.239.73 (depth 2, 28 lits): UNSAT in 0.02s
    cube 2941.239.74 (depth 2, 28 lits): UNSAT in 0.03s
    cube 2941.239.75 (depth 2, 28 lits): UNSAT in 0.02s
    cube 2941.239.76 (depth 2, 28 lits): UNSAT in 0.02s
    cube 2941.239.77 (depth 2, 28 lits): UNSAT in 0.01s
    cube 2941.239.78 (depth 2, 28 lits): UNSAT in 0.07s
    cube 2941.239.79 (depth 2, 28 lits): UNSAT in 0.06s
    cube 2941.239.80 (depth 2, 28 lits): UNSAT in 0.19s
    cube 2941.239.81 (depth 2, 28 lits): UNSAT in 0.04s
    cube 2941.239.82 (depth 2, 28 lits): UNSAT in 0.03s
    cube 2941.239.83 (depth 2, 28 lits): UNSAT in 0.09s
    cube 2941.239.84 (depth 2, 28 lits): UNSAT in 0.16s
    cube 2941.239.85 (depth 2, 28 lits): UNSAT in 0.24s
    cube 2941.239.86 (depth 2, 28 lits): UNSAT in 0.23s
    cube 2941.239.87 (depth 2, 28 lits): UNSAT in 0.88s
    cube 2941.239.88 (depth 2, 28 lits): UNSAT in 1.55s
    cube 2941.239.89 (depth 2, 28 lits): UNSAT in 0.01s
    cube 2941.239.90 (depth 2, 28 lits): UNSAT in 0.02s
    cube 2941.239.91 (depth 2, 28 lits): UNSAT in 0.02s
    cube 2941.239.92 (depth 2, 28 lits): UNSAT in 0.03s
    cube 2941.239.93 (depth 2, 28 lits): UNSAT in 0.01s
    cube 2941.239.94 (depth 2, 28 lits): UNSAT in 0.03s
    cube 2941.239.95 (depth 2, 28 lits): UNSAT in 0.02s
    cube 2941.239.96 (depth 2, 28 lits): UNSAT in 0.14s
    cube 2941.239.97 (depth 2, 28 lits): UNSAT in 0.07s
    cube 2941.239.98 (depth 2, 28 lits): UNSAT in 0.29s
    cube 2941.239.99 (depth 2, 28 lits): UNSAT in 0.49s
    cube 2941.239.100 (depth 2, 28 lits): UNSAT in 0.95s
    cube 2941.239.101 (depth 2, 28 lits): UNSAT in 0.07s
    cube 2941.239.102 (depth 2, 28 lits): UNSAT in 0.27s
    cube 2941.239.103 (depth 2, 28 lits): UNSAT in 0.25s
    cube 2941.239.104 (depth 2, 28 lits): UNSAT in 2.54s
    cube 2941.239.105 (depth 2, 28 lits): UNSAT in 0.02s
    cube 2941.239.106 (depth 2, 28 lits): UNSAT in 0.15s
    cube 2941.239.107 (depth 2, 28 lits): UNSAT in 0.07s
    cube 2941.239.108 (depth 2, 28 lits): UNSAT in 0.44s
    cube 2941.239.109 (depth 2, 28 lits): UNSAT in 0.07s
    cube 2941.239.110 (depth 2, 28 lits): UNSAT in 0.58s
    cube 2941.239.111 (depth 2, 28 lits): UNSAT in 0.45s
    cube 2941.239.112 (depth 2, 28 lits): UNSAT in 0.79s
    cube 2941.239.113 (depth 2, 28 lits): UNSAT in 0.40s
    cube 2941.239.114 (depth 2, 28 lits): UNSAT in 1.87s
    cube 2941.239.115 (depth 2, 28 lits): UNSAT in 1.14s
    cube 2941.239.116 (depth 2, 28 lits): UNSAT in 1.76s
    cube 2941.239.117 (depth 2, 28 lits): UNSAT in 0.26s
    cube 2941.239.118 (depth 2, 28 lits): UNSAT in 2.22s
    cube 2941.239.119 (depth 2, 28 lits): UNSAT in 2.35s
    cube 2941.239.120 (depth 2, 28 lits): UNSAT in 5.21s
    cube 2941.239.121 (depth 2, 28 lits): UNSAT in 0.01s
    cube 2941.239.122 (depth 2, 28 lits): UNSAT in 0.01s
    cube 2941.239.123 (depth 2, 28 lits): UNSAT in 0.02s
    cube 2941.239.124 (depth 2, 28 lits): UNSAT in 0.02s
    cube 2941.239.125 (depth 2, 28 lits): UNSAT in 0.02s
    cube 2941.239.126 (depth 2, 28 lits): UNSAT in 0.03s
    cube 2941.239.127 (depth 2, 28 lits): UNSAT in 0.02s
    cube 2941.239.128 (depth 2, 28 lits): UNSAT in 0.09s
    cube 2941.239.129 (depth 2, 28 lits): UNSAT in 0.02s
    cube 2941.239.130 (depth 2, 28 lits): UNSAT in 0.08s
    cube 2941.239.131 (depth 2, 28 lits): UNSAT in 0.06s
    cube 2941.239.132 (depth 2, 28 lits): UNSAT in 0.06s
    cube 2941.239.133 (depth 2, 28 lits): UNSAT in 0.03s
    cube 2941.239.134 (depth 2, 28 lits): UNSAT in 0.15s
    cube 2941.239.135 (depth 2, 28 lits): UNSAT in 0.10s
    cube 2941.239.136 (depth 2, 28 lits): UNSAT in 0.83s
    cube 2941.239.137 (depth 2, 27 lits): UNSAT in 0.01s
    cube 2941.239.138 (depth 2, 28 lits): UNSAT in 0.04s
    cube 2941.239.139 (depth 2, 28 lits): UNSAT in 0.07s
    cube 2941.239.140 (depth 2, 28 lits): UNSAT in 0.03s
    cube 2941.239.141 (depth 2, 28 lits): UNSAT in 0.11s
    cube 2941.239.142 (depth 2, 28 lits): UNSAT in 0.10s
    cube 2941.239.143 (depth 2, 28 lits): UNSAT in 0.87s
    cube 2941.239.144 (depth 2, 28 lits): UNSAT in 0.04s
    cube 2941.239.145 (depth 2, 28 lits): UNSAT in 0.05s
    cube 2941.239.146 (depth 2, 28 lits): UNSAT in 0.18s
    cube 2941.239.147 (depth 2, 28 lits): UNSAT in 0.49s
    cube 2941.239.148 (depth 2, 28 lits): UNSAT in 0.14s
    cube 2941.239.149 (depth 2, 28 lits): UNSAT in 0.94s
    cube 2941.239.150 (depth 2, 28 lits): UNSAT in 2.21s
    cube 2941.239.151 (depth 2, 28 lits): UNSAT in 18.30s
    cube 2941.239.152 (depth 2, 28 lits): UNSAT in 0.03s
    cube 2941.239.153 (depth 2, 28 lits): UNSAT in 0.07s
    cube 2941.239.154 (depth 2, 28 lits): UNSAT in 0.07s
    cube 2941.239.155 (depth 2, 28 lits): UNSAT in 0.08s
    cube 2941.239.156 (depth 2, 28 lits): UNSAT in 0.06s
    cube 2941.239.157 (depth 2, 28 lits): UNSAT in 0.19s
    cube 2941.239.158 (depth 2, 28 lits): UNSAT in 0.15s
    cube 2941.239.159 (depth 2, 28 lits): UNSAT in 1.25s
    cube 2941.239.160 (depth 2, 28 lits): UNSAT in 0.04s
    cube 2941.239.161 (depth 2, 28 lits): UNSAT in 0.29s
    cube 2941.239.162 (depth 2, 28 lits): UNSAT in 0.08s
    cube 2941.239.163 (depth 2, 28 lits): UNSAT in 0.23s
    cube 2941.239.164 (depth 2, 28 lits): UNSAT in 0.15s
    cube 2941.239.165 (depth 2, 28 lits): UNSAT in 0.10s
    cube 2941.239.166 (depth 2, 28 lits): UNSAT in 0.15s
    cube 2941.239.167 (depth 2, 28 lits): UNSAT in 0.72s
    cube 2941.239.168 (depth 2, 28 lits): UNSAT in 0.03s
    cube 2941.239.169 (depth 2, 28 lits): UNSAT in 0.04s
    cube 2941.239.170 (depth 2, 28 lits): UNSAT in 0.11s
    cube 2941.239.171 (depth 2, 28 lits): UNSAT in 0.12s
    cube 2941.239.172 (depth 2, 28 lits): UNSAT in 0.02s
    cube 2941.239.173 (depth 2, 28 lits): UNSAT in 0.09s
    cube 2941.239.174 (depth 2, 28 lits): UNSAT in 0.14s
    cube 2941.239.175 (depth 2, 28 lits): UNSAT in 0.54s
    cube 2941.239.176 (depth 2, 28 lits): UNSAT in 0.60s
    cube 2941.239.177 (depth 2, 28 lits): UNSAT in 1.19s
    cube 2941.239.178 (depth 2, 28 lits): UNSAT in 1.17s
    cube 2941.239.179 (depth 2, 28 lits): UNSAT in 7.30s
    cube 2941.239.180 (depth 2, 28 lits): UNSAT in 1.59s
    cube 2941.239.181 (depth 2, 28 lits): UNSAT in 3.78s
    cube 2941.239.182 (depth 2, 28 lits): UNSAT in 6.89s
    cube 2941.239.183 (depth 2, 28 lits): UNSAT in 35.61s
    cube 2941.239.184 (depth 2, 28 lits): UNSAT in 0.02s
    cube 2941.239.185 (depth 2, 28 lits): UNSAT in 0.03s
    cube 2941.239.186 (depth 2, 28 lits): UNSAT in 0.05s
    cube 2941.239.187 (depth 2, 28 lits): UNSAT in 0.12s
    cube 2941.239.188 (depth 2, 28 lits): UNSAT in 0.13s
    cube 2941.239.189 (depth 2, 28 lits): UNSAT in 0.28s
    cube 2941.239.190 (depth 2, 28 lits): UNSAT in 0.15s
    cube 2941.239.191 (depth 2, 28 lits): UNSAT in 0.97s
    cube 2941.239.192 (depth 2, 28 lits): UNSAT in 0.15s
    cube 2941.239.193 (depth 2, 28 lits): UNSAT in 0.17s
    cube 2941.239.194 (depth 2, 28 lits): UNSAT in 0.22s
    cube 2941.239.195 (depth 2, 28 lits): UNSAT in 0.37s
    cube 2941.239.196 (depth 2, 28 lits): UNSAT in 0.30s
    cube 2941.239.197 (depth 2, 28 lits): UNSAT in 0.51s
    cube 2941.239.198 (depth 2, 28 lits): UNSAT in 0.14s
    cube 2941.239.199 (depth 2, 28 lits): UNSAT in 3.06s
    cube 2941.239.200 (depth 2, 28 lits): UNSAT in 0.04s
    cube 2941.239.201 (depth 2, 28 lits): UNSAT in 0.04s
    cube 2941.239.202 (depth 2, 28 lits): UNSAT in 0.07s
    cube 2941.239.203 (depth 2, 28 lits): UNSAT in 0.09s
    cube 2941.239.204 (depth 2, 28 lits): UNSAT in 0.05s
    cube 2941.239.205 (depth 2, 28 lits): UNSAT in 0.07s
    cube 2941.239.206 (depth 2, 28 lits): UNSAT in 0.10s
    cube 2941.239.207 (depth 2, 28 lits): UNSAT in 0.37s
    cube 2941.239.208 (depth 2, 28 lits): UNSAT in 0.03s
    cube 2941.239.209 (depth 2, 28 lits): UNSAT in 0.33s
    cube 2941.239.210 (depth 2, 28 lits): UNSAT in 0.16s
    cube 2941.239.211 (depth 2, 28 lits): UNSAT in 5.34s
    cube 2941.239.212 (depth 2, 28 lits): UNSAT in 1.56s
    cube 2941.239.213 (depth 2, 28 lits): UNSAT in 2.68s
    cube 2941.239.214 (depth 2, 28 lits): UNSAT in 2.41s
    cube 2941.239.215 (depth 2, 28 lits): UNSAT in 14.24s
    cube 2941.239.216 (depth 2, 28 lits): UNSAT in 0.08s
    cube 2941.239.217 (depth 2, 28 lits): UNSAT in 0.10s
    cube 2941.239.218 (depth 2, 28 lits): UNSAT in 0.07s
    cube 2941.239.219 (depth 2, 28 lits): UNSAT in 0.81s
    cube 2941.239.220 (depth 2, 28 lits): UNSAT in 0.46s
    cube 2941.239.221 (depth 2, 28 lits): UNSAT in 0.69s
    cube 2941.239.222 (depth 2, 28 lits): UNSAT in 1.47s
    cube 2941.239.223 (depth 2, 28 lits): UNSAT in 1.53s
    cube 2941.239.224 (depth 2, 28 lits): UNSAT in 0.37s
    cube 2941.239.225 (depth 2, 28 lits): UNSAT in 0.33s
    cube 2941.239.226 (depth 2, 28 lits): UNSAT in 0.23s
    cube 2941.239.227 (depth 2, 28 lits): UNSAT in 0.74s
    cube 2941.239.228 (depth 2, 28 lits): UNSAT in 0.18s
    cube 2941.239.229 (depth 2, 28 lits): UNSAT in 1.99s
    cube 2941.239.230 (depth 2, 28 lits): UNSAT in 2.50s
    cube 2941.239.231 (depth 2, 28 lits): UNSAT in 46.46s
    cube 2941.239.232 (depth 2, 28 lits): UNSAT in 0.05s
    cube 2941.239.233 (depth 2, 28 lits): UNSAT in 0.15s
    cube 2941.239.234 (depth 2, 28 lits): UNSAT in 0.83s
    cube 2941.239.235 (depth 2, 28 lits): UNSAT in 2.06s
    cube 2941.239.236 (depth 2, 28 lits): UNSAT in 0.81s
    cube 2941.239.237 (depth 2, 28 lits): UNSAT in 1.05s
    cube 2941.239.238 (depth 2, 28 lits): UNSAT in 4.96s
    cube 2941.239.239 (depth 2, 28 lits): UNSAT in 19.77s
    cube 2941.239.240 (depth 2, 28 lits): UNSAT in 0.54s
    cube 2941.239.241 (depth 2, 28 lits): UNSAT in 3.04s
    cube 2941.239.242 (depth 2, 28 lits): UNSAT in 3.11s
    cube 2941.239.243 (depth 2, 28 lits): UNSAT in 75.46s
    cube 2941.239.244 (depth 2, 28 lits): UNSAT in 1.09s
    cube 2941.239.245 (depth 2, 28 lits): UNSAT in 2.89s
    cube 2941.239.246 (depth 2, 28 lits): UNSAT in 2.74s
    cube 2941.239.247 (depth 2, 28 lits): UNSAT in 82.32s
    cube 2941.240 (depth 1, 20 lits): UNSAT in 1.72s
    cube 2941.241 (depth 1, 20 lits): UNSAT in 31.84s
    cube 2941.242 (depth 1, 20 lits): UNSAT in 56.58s
    cube 2941.243 (depth 1, 20 lits): UNSAT in 305.77s
    cube 2941.244 (depth 1, 20 lits): UNSAT in 6.94s
    cube 2941.245 (depth 1, 20 lits): UNSAT in 56.80s
    cube 2941.246 (depth 1, 20 lits): UNSAT in 168.64s
    cube 2941.247 (depth 1, 20 lits): TIMEOUT in 1200.10s
    cube 2941.247 TIMEOUT -> re-split into 252 sub-cubes (depth 2)
    cube 2941.247.0 (depth 2, 27 lits): UNSAT in 0.01s
    cube 2941.247.1 (depth 2, 27 lits): UNSAT in 0.02s
    cube 2941.247.2 (depth 2, 27 lits): UNSAT in 0.02s
    cube 2941.247.3 (depth 2, 28 lits): UNSAT in 0.04s
    cube 2941.247.4 (depth 2, 28 lits): UNSAT in 0.04s
    cube 2941.247.5 (depth 2, 28 lits): UNSAT in 0.01s
    cube 2941.247.6 (depth 2, 28 lits): UNSAT in 0.02s
    cube 2941.247.7 (depth 2, 28 lits): UNSAT in 0.02s
    cube 2941.247.8 (depth 2, 28 lits): UNSAT in 0.02s
    cube 2941.247.9 (depth 2, 28 lits): UNSAT in 0.04s
    cube 2941.247.10 (depth 2, 28 lits): UNSAT in 0.14s
    cube 2941.247.11 (depth 2, 28 lits): UNSAT in 0.04s
    cube 2941.247.12 (depth 2, 28 lits): UNSAT in 0.12s
    cube 2941.247.13 (depth 2, 28 lits): UNSAT in 0.01s
    cube 2941.247.14 (depth 2, 28 lits): UNSAT in 0.03s
    cube 2941.247.15 (depth 2, 28 lits): UNSAT in 0.02s
    cube 2941.247.16 (depth 2, 28 lits): UNSAT in 0.04s
    cube 2941.247.17 (depth 2, 28 lits): UNSAT in 0.02s
    cube 2941.247.18 (depth 2, 28 lits): UNSAT in 0.03s
    cube 2941.247.19 (depth 2, 28 lits): UNSAT in 0.04s
    cube 2941.247.20 (depth 2, 28 lits): UNSAT in 0.08s
    cube 2941.247.21 (depth 2, 28 lits): UNSAT in 0.03s
    cube 2941.247.22 (depth 2, 28 lits): UNSAT in 0.05s
    cube 2941.247.23 (depth 2, 28 lits): UNSAT in 0.04s
    cube 2941.247.24 (depth 2, 28 lits): UNSAT in 0.07s
    cube 2941.247.25 (depth 2, 28 lits): UNSAT in 0.02s
    cube 2941.247.26 (depth 2, 28 lits): UNSAT in 0.12s
    cube 2941.247.27 (depth 2, 28 lits): UNSAT in 0.21s
    cube 2941.247.28 (depth 2, 28 lits): UNSAT in 0.60s
    cube 2941.247.29 (depth 2, 28 lits): UNSAT in 0.02s
    cube 2941.247.30 (depth 2, 28 lits): UNSAT in 0.02s
    cube 2941.247.31 (depth 2, 28 lits): UNSAT in 0.02s
    cube 2941.247.32 (depth 2, 28 lits): UNSAT in 0.04s
    cube 2941.247.33 (depth 2, 27 lits): UNSAT in 0.01s
    cube 2941.247.34 (depth 2, 28 lits): UNSAT in 0.02s
    cube 2941.247.35 (depth 2, 28 lits): UNSAT in 0.03s
    cube 2941.247.36 (depth 2, 28 lits): UNSAT in 0.02s
    cube 2941.247.37 (depth 2, 28 lits): UNSAT in 0.03s
    cube 2941.247.38 (depth 2, 28 lits): UNSAT in 0.02s
    cube 2941.247.39 (depth 2, 28 lits): UNSAT in 0.08s
    cube 2941.247.40 (depth 2, 28 lits): UNSAT in 0.04s
    cube 2941.247.41 (depth 2, 28 lits): UNSAT in 0.11s
    cube 2941.247.42 (depth 2, 28 lits): UNSAT in 0.04s
    cube 2941.247.43 (depth 2, 28 lits): UNSAT in 0.30s
    cube 2941.247.44 (depth 2, 28 lits): UNSAT in 0.01s
    cube 2941.247.45 (depth 2, 28 lits): UNSAT in 0.02s
    cube 2941.247.46 (depth 2, 28 lits): UNSAT in 0.02s
    cube 2941.247.47 (depth 2, 28 lits): UNSAT in 0.04s
    cube 2941.247.48 (depth 2, 28 lits): UNSAT in 0.02s
    cube 2941.247.49 (depth 2, 28 lits): UNSAT in 0.05s
    cube 2941.247.50 (depth 2, 28 lits): UNSAT in 0.04s
    cube 2941.247.51 (depth 2, 28 lits): UNSAT in 0.04s
    cube 2941.247.52 (depth 2, 28 lits): UNSAT in 0.02s
    cube 2941.247.53 (depth 2, 28 lits): UNSAT in 0.03s
    cube 2941.247.54 (depth 2, 28 lits): UNSAT in 0.02s
    cube 2941.247.55 (depth 2, 28 lits): UNSAT in 0.06s
    cube 2941.247.56 (depth 2, 28 lits): UNSAT in 0.08s
    cube 2941.247.57 (depth 2, 28 lits): UNSAT in 0.59s
    cube 2941.247.58 (depth 2, 28 lits): UNSAT in 1.72s
    cube 2941.247.59 (depth 2, 28 lits): UNSAT in 5.09s
    cube 2941.247.60 (depth 2, 28 lits): UNSAT in 0.01s
    cube 2941.247.61 (depth 2, 28 lits): UNSAT in 0.02s
    cube 2941.247.62 (depth 2, 28 lits): UNSAT in 0.04s
    cube 2941.247.63 (depth 2, 28 lits): UNSAT in 0.03s
    cube 2941.247.64 (depth 2, 28 lits): UNSAT in 0.02s
    cube 2941.247.65 (depth 2, 28 lits): UNSAT in 0.16s
    cube 2941.247.66 (depth 2, 28 lits): UNSAT in 0.03s
    cube 2941.247.67 (depth 2, 28 lits): UNSAT in 0.18s
    cube 2941.247.68 (depth 2, 28 lits): UNSAT in 0.02s
    cube 2941.247.69 (depth 2, 28 lits): UNSAT in 0.03s
    cube 2941.247.70 (depth 2, 28 lits): UNSAT in 0.03s
    cube 2941.247.71 (depth 2, 28 lits): UNSAT in 0.12s
    cube 2941.247.72 (depth 2, 28 lits): UNSAT in 0.05s
    cube 2941.247.73 (depth 2, 28 lits): UNSAT in 0.23s
    cube 2941.247.74 (depth 2, 28 lits): UNSAT in 0.16s
    cube 2941.247.75 (depth 2, 28 lits): UNSAT in 0.63s
    cube 2941.247.76 (depth 2, 28 lits): UNSAT in 0.04s
    cube 2941.247.77 (depth 2, 28 lits): UNSAT in 0.03s
    cube 2941.247.78 (depth 2, 28 lits): UNSAT in 0.05s
    cube 2941.247.79 (depth 2, 28 lits): UNSAT in 0.04s
    cube 2941.247.80 (depth 2, 28 lits): UNSAT in 0.02s
    cube 2941.247.81 (depth 2, 28 lits): UNSAT in 0.06s
    cube 2941.247.82 (depth 2, 28 lits): UNSAT in 0.15s
    cube 2941.247.83 (depth 2, 28 lits): UNSAT in 0.51s
    cube 2941.247.84 (depth 2, 28 lits): UNSAT in 0.03s
    cube 2941.247.85 (depth 2, 28 lits): UNSAT in 0.22s
    cube 2941.247.86 (depth 2, 28 lits): UNSAT in 0.21s
    cube 2941.247.87 (depth 2, 28 lits): UNSAT in 0.56s
    cube 2941.247.88 (depth 2, 28 lits): UNSAT in 0.23s
    cube 2941.247.89 (depth 2, 28 lits): UNSAT in 0.98s
    cube 2941.247.90 (depth 2, 28 lits): UNSAT in 1.55s
    cube 2941.247.91 (depth 2, 28 lits): UNSAT in 3.71s
    cube 2941.247.92 (depth 2, 28 lits): UNSAT in 0.03s
    cube 2941.247.93 (depth 2, 28 lits): UNSAT in 0.10s
    cube 2941.247.94 (depth 2, 28 lits): UNSAT in 0.06s
    cube 2941.247.95 (depth 2, 28 lits): UNSAT in 0.17s
    cube 2941.247.96 (depth 2, 28 lits): UNSAT in 0.05s
    cube 2941.247.97 (depth 2, 28 lits): UNSAT in 0.05s
    cube 2941.247.98 (depth 2, 28 lits): UNSAT in 0.17s
    cube 2941.247.99 (depth 2, 28 lits): UNSAT in 0.44s
    cube 2941.247.100 (depth 2, 28 lits): UNSAT in 0.05s
    cube 2941.247.101 (depth 2, 28 lits): UNSAT in 0.23s
    cube 2941.247.102 (depth 2, 28 lits): UNSAT in 0.14s
    cube 2941.247.103 (depth 2, 28 lits): UNSAT in 0.71s
    cube 2941.247.104 (depth 2, 28 lits): UNSAT in 0.26s
    cube 2941.247.105 (depth 2, 28 lits): UNSAT in 1.05s
    cube 2941.247.106 (depth 2, 28 lits): UNSAT in 1.15s
    cube 2941.247.107 (depth 2, 28 lits): UNSAT in 4.40s
    cube 2941.247.108 (depth 2, 28 lits): UNSAT in 0.11s
    cube 2941.247.109 (depth 2, 28 lits): UNSAT in 0.17s
    cube 2941.247.110 (depth 2, 28 lits): UNSAT in 0.19s
    cube 2941.247.111 (depth 2, 28 lits): UNSAT in 0.93s
    cube 2941.247.112 (depth 2, 28 lits): UNSAT in 0.56s
    cube 2941.247.113 (depth 2, 28 lits): UNSAT in 1.46s
    cube 2941.247.114 (depth 2, 28 lits): UNSAT in 1.19s
    cube 2941.247.115 (depth 2, 28 lits): UNSAT in 7.70s
    cube 2941.247.116 (depth 2, 28 lits): UNSAT in 0.56s
    cube 2941.247.117 (depth 2, 28 lits): UNSAT in 2.50s
    cube 2941.247.118 (depth 2, 28 lits): UNSAT in 2.60s
    cube 2941.247.119 (depth 2, 28 lits): UNSAT in 12.98s
    cube 2941.247.120 (depth 2, 28 lits): UNSAT in 2.65s
    cube 2941.247.121 (depth 2, 28 lits): UNSAT in 16.46s
    cube 2941.247.122 (depth 2, 28 lits): UNSAT in 2.70s
    cube 2941.247.123 (depth 2, 28 lits): UNSAT in 29.72s
    cube 2941.247.124 (depth 2, 28 lits): UNSAT in 0.01s
    cube 2941.247.125 (depth 2, 28 lits): UNSAT in 0.03s
    cube 2941.247.126 (depth 2, 28 lits): UNSAT in 0.01s
    cube 2941.247.127 (depth 2, 28 lits): UNSAT in 0.03s
    cube 2941.247.128 (depth 2, 28 lits): UNSAT in 0.02s
    cube 2941.247.129 (depth 2, 28 lits): UNSAT in 0.03s
    cube 2941.247.130 (depth 2, 28 lits): UNSAT in 0.02s
    cube 2941.247.131 (depth 2, 28 lits): UNSAT in 0.06s
    cube 2941.247.132 (depth 2, 28 lits): UNSAT in 0.04s
    cube 2941.247.133 (depth 2, 28 lits): UNSAT in 0.07s
    cube 2941.247.134 (depth 2, 28 lits): UNSAT in 0.02s
    cube 2941.247.135 (depth 2, 28 lits): UNSAT in 0.13s
    cube 2941.247.136 (depth 2, 28 lits): UNSAT in 0.02s
    cube 2941.247.137 (depth 2, 28 lits): UNSAT in 0.04s
    cube 2941.247.138 (depth 2, 28 lits): UNSAT in 0.14s
    cube 2941.247.139 (depth 2, 28 lits): UNSAT in 0.47s
    cube 2941.247.140 (depth 2, 28 lits): UNSAT in 0.02s
    cube 2941.247.141 (depth 2, 28 lits): UNSAT in 0.05s
    cube 2941.247.142 (depth 2, 28 lits): UNSAT in 0.06s
    cube 2941.247.143 (depth 2, 28 lits): UNSAT in 0.19s
    cube 2941.247.144 (depth 2, 28 lits): UNSAT in 0.01s
    cube 2941.247.145 (depth 2, 28 lits): UNSAT in 0.07s
    cube 2941.247.146 (depth 2, 28 lits): UNSAT in 0.16s
    cube 2941.247.147 (depth 2, 28 lits): UNSAT in 0.34s
    cube 2941.247.148 (depth 2, 28 lits): UNSAT in 0.02s
    cube 2941.247.149 (depth 2, 28 lits): UNSAT in 0.05s
    cube 2941.247.150 (depth 2, 28 lits): UNSAT in 0.13s
    cube 2941.247.151 (depth 2, 28 lits): UNSAT in 0.24s
    cube 2941.247.152 (depth 2, 28 lits): UNSAT in 0.35s
    cube 2941.247.153 (depth 2, 28 lits): UNSAT in 1.06s
    cube 2941.247.154 (depth 2, 28 lits): UNSAT in 1.79s
    cube 2941.247.155 (depth 2, 28 lits): UNSAT in 6.50s
    cube 2941.247.156 (depth 2, 28 lits): UNSAT in 0.02s
    cube 2941.247.157 (depth 2, 28 lits): UNSAT in 0.05s
    cube 2941.247.158 (depth 2, 28 lits): UNSAT in 0.04s
    cube 2941.247.159 (depth 2, 28 lits): UNSAT in 0.34s
    cube 2941.247.160 (depth 2, 28 lits): UNSAT in 0.06s
    cube 2941.247.161 (depth 2, 28 lits): UNSAT in 0.12s
    cube 2941.247.162 (depth 2, 28 lits): UNSAT in 0.10s
    cube 2941.247.163 (depth 2, 28 lits): UNSAT in 0.97s
    cube 2941.247.164 (depth 2, 28 lits): UNSAT in 0.06s
    cube 2941.247.165 (depth 2, 28 lits): UNSAT in 0.23s
    cube 2941.247.166 (depth 2, 28 lits): UNSAT in 0.06s
    cube 2941.247.167 (depth 2, 28 lits): UNSAT in 0.09s
    cube 2941.247.168 (depth 2, 28 lits): UNSAT in 0.42s
    cube 2941.247.169 (depth 2, 28 lits): UNSAT in 0.44s
    cube 2941.247.170 (depth 2, 28 lits): UNSAT in 0.16s
    cube 2941.247.171 (depth 2, 28 lits): UNSAT in 0.64s
    cube 2941.247.172 (depth 2, 28 lits): UNSAT in 0.02s
    cube 2941.247.173 (depth 2, 28 lits): UNSAT in 0.03s
    cube 2941.247.174 (depth 2, 28 lits): UNSAT in 0.07s
    cube 2941.247.175 (depth 2, 28 lits): UNSAT in 0.12s
    cube 2941.247.176 (depth 2, 28 lits): UNSAT in 0.03s
    cube 2941.247.177 (depth 2, 28 lits): UNSAT in 0.11s
    cube 2941.247.178 (depth 2, 28 lits): UNSAT in 0.07s
    cube 2941.247.179 (depth 2, 28 lits): UNSAT in 0.21s
    cube 2941.247.180 (depth 2, 28 lits): UNSAT in 0.23s
    cube 2941.247.181 (depth 2, 28 lits): UNSAT in 0.35s
    cube 2941.247.182 (depth 2, 28 lits): UNSAT in 1.28s
    cube 2941.247.183 (depth 2, 28 lits): UNSAT in 4.78s
    cube 2941.247.184 (depth 2, 28 lits): UNSAT in 1.54s
    cube 2941.247.185 (depth 2, 28 lits): UNSAT in 3.70s
    cube 2941.247.186 (depth 2, 28 lits): UNSAT in 5.80s
    cube 2941.247.187 (depth 2, 28 lits): UNSAT in 65.89s
    cube 2941.247.188 (depth 2, 28 lits): UNSAT in 0.03s
    cube 2941.247.189 (depth 2, 28 lits): UNSAT in 0.11s
    cube 2941.247.190 (depth 2, 28 lits): UNSAT in 0.07s
    cube 2941.247.191 (depth 2, 28 lits): UNSAT in 0.59s
    cube 2941.247.192 (depth 2, 28 lits): UNSAT in 0.06s
    cube 2941.247.193 (depth 2, 28 lits): UNSAT in 0.21s
    cube 2941.247.194 (depth 2, 28 lits): UNSAT in 0.22s
    cube 2941.247.195 (depth 2, 28 lits): UNSAT in 1.52s
    cube 2941.247.196 (depth 2, 28 lits): UNSAT in 0.10s
    cube 2941.247.197 (depth 2, 28 lits): UNSAT in 0.16s
    cube 2941.247.198 (depth 2, 28 lits): UNSAT in 0.63s
    cube 2941.247.199 (depth 2, 28 lits): UNSAT in 0.68s
    cube 2941.247.200 (depth 2, 28 lits): UNSAT in 0.20s
    cube 2941.247.201 (depth 2, 28 lits): UNSAT in 0.22s
    cube 2941.247.202 (depth 2, 28 lits): UNSAT in 0.44s
    cube 2941.247.203 (depth 2, 28 lits): UNSAT in 5.98s
    cube 2941.247.204 (depth 2, 28 lits): UNSAT in 0.11s
    cube 2941.247.205 (depth 2, 28 lits): UNSAT in 0.22s
    cube 2941.247.206 (depth 2, 28 lits): UNSAT in 0.60s
    cube 2941.247.207 (depth 2, 28 lits): UNSAT in 0.47s
    cube 2941.247.208 (depth 2, 28 lits): UNSAT in 0.06s
    cube 2941.247.209 (depth 2, 28 lits): UNSAT in 0.26s
    cube 2941.247.210 (depth 2, 28 lits): UNSAT in 0.51s
    cube 2941.247.211 (depth 2, 28 lits): UNSAT in 5.45s
    cube 2941.247.212 (depth 2, 28 lits): UNSAT in 0.17s
    cube 2941.247.213 (depth 2, 28 lits): UNSAT in 1.98s
    cube 2941.247.214 (depth 2, 28 lits): UNSAT in 0.62s
    cube 2941.247.215 (depth 2, 28 lits): UNSAT in 4.19s
    cube 2941.247.216 (depth 2, 28 lits): UNSAT in 1.16s
    cube 2941.247.217 (depth 2, 28 lits): UNSAT in 3.33s
    cube 2941.247.218 (depth 2, 28 lits): UNSAT in 2.10s
    cube 2941.247.219 (depth 2, 28 lits): UNSAT in 10.58s
    cube 2941.247.220 (depth 2, 28 lits): UNSAT in 0.02s
    cube 2941.247.221 (depth 2, 28 lits): UNSAT in 0.03s
    cube 2941.247.222 (depth 2, 28 lits): UNSAT in 0.06s
    cube 2941.247.223 (depth 2, 28 lits): UNSAT in 0.36s
    cube 2941.247.224 (depth 2, 28 lits): UNSAT in 0.18s
    cube 2941.247.225 (depth 2, 28 lits): UNSAT in 0.54s
    cube 2941.247.226 (depth 2, 28 lits): UNSAT in 0.31s
    cube 2941.247.227 (depth 2, 28 lits): UNSAT in 1.18s
    cube 2941.247.228 (depth 2, 28 lits): UNSAT in 0.09s
    cube 2941.247.229 (depth 2, 28 lits): UNSAT in 0.14s
    cube 2941.247.230 (depth 2, 28 lits): UNSAT in 0.52s
    cube 2941.247.231 (depth 2, 28 lits): UNSAT in 3.39s
    cube 2941.247.232 (depth 2, 28 lits): UNSAT in 2.10s
    cube 2941.247.233 (depth 2, 28 lits): UNSAT in 9.98s
    cube 2941.247.234 (depth 2, 28 lits): UNSAT in 5.77s
    cube 2941.247.235 (depth 2, 28 lits): UNSAT in 189.86s
    cube 2941.247.236 (depth 2, 28 lits): UNSAT in 0.23s
    cube 2941.247.237 (depth 2, 28 lits): UNSAT in 0.29s
    cube 2941.247.238 (depth 2, 28 lits): UNSAT in 2.29s
    cube 2941.247.239 (depth 2, 28 lits): UNSAT in 3.35s
    cube 2941.247.240 (depth 2, 28 lits): UNSAT in 1.22s
    cube 2941.247.241 (depth 2, 28 lits): UNSAT in 1.14s
    cube 2941.247.242 (depth 2, 28 lits): UNSAT in 7.70s
    cube 2941.247.243 (depth 2, 28 lits): UNSAT in 83.93s
    cube 2941.247.244 (depth 2, 28 lits): UNSAT in 0.41s
    cube 2941.247.245 (depth 2, 28 lits): UNSAT in 6.19s
    cube 2941.247.246 (depth 2, 28 lits): UNSAT in 4.28s
    cube 2941.247.247 (depth 2, 28 lits): UNSAT in 34.06s
    cube 2941.247.248 (depth 2, 28 lits): UNSAT in 1.63s
    cube 2941.247.249 (depth 2, 28 lits): UNSAT in 7.17s
    cube 2941.247.250 (depth 2, 28 lits): UNSAT in 5.24s
    cube 2941.247.251 (depth 2, 28 lits): UNSAT in 88.22s
    cube 2941.248 (depth 1, 20 lits): UNSAT in 21.52s
    cube 2941.249 (depth 1, 20 lits): UNSAT in 425.45s
    cube 2941.250 (depth 1, 20 lits): UNSAT in 83.90s
    cube 2941.251 (depth 1, 20 lits): TIMEOUT in 1200.10s
    cube 2941.251 TIMEOUT -> re-split into 248 sub-cubes (depth 2)
    cube 2941.251.0 (depth 2, 27 lits): UNSAT in 0.01s
    cube 2941.251.1 (depth 2, 27 lits): UNSAT in 0.02s
    cube 2941.251.2 (depth 2, 27 lits): UNSAT in 0.01s
    cube 2941.251.3 (depth 2, 28 lits): UNSAT in 0.03s
    cube 2941.251.4 (depth 2, 28 lits): UNSAT in 0.05s
    cube 2941.251.5 (depth 2, 27 lits): UNSAT in 0.01s
    cube 2941.251.6 (depth 2, 28 lits): UNSAT in 0.03s
    cube 2941.251.7 (depth 2, 28 lits): UNSAT in 0.03s
    cube 2941.251.8 (depth 2, 28 lits): UNSAT in 0.05s
    cube 2941.251.9 (depth 2, 28 lits): UNSAT in 0.06s
    cube 2941.251.10 (depth 2, 28 lits): UNSAT in 0.04s
    cube 2941.251.11 (depth 2, 28 lits): UNSAT in 0.04s
    cube 2941.251.12 (depth 2, 28 lits): UNSAT in 0.02s
    cube 2941.251.13 (depth 2, 28 lits): UNSAT in 0.02s
    cube 2941.251.14 (depth 2, 28 lits): UNSAT in 0.03s
    cube 2941.251.15 (depth 2, 28 lits): UNSAT in 0.19s
    cube 2941.251.16 (depth 2, 28 lits): UNSAT in 0.02s
    cube 2941.251.17 (depth 2, 28 lits): UNSAT in 0.14s
    cube 2941.251.18 (depth 2, 28 lits): UNSAT in 0.06s
    cube 2941.251.19 (depth 2, 28 lits): UNSAT in 0.19s
    cube 2941.251.20 (depth 2, 28 lits): UNSAT in 0.02s
    cube 2941.251.21 (depth 2, 28 lits): UNSAT in 0.05s
    cube 2941.251.22 (depth 2, 28 lits): UNSAT in 0.02s
    cube 2941.251.23 (depth 2, 28 lits): UNSAT in 0.05s
    cube 2941.251.24 (depth 2, 28 lits): UNSAT in 0.04s
    cube 2941.251.25 (depth 2, 28 lits): UNSAT in 0.09s
    cube 2941.251.26 (depth 2, 28 lits): UNSAT in 0.30s
    cube 2941.251.27 (depth 2, 28 lits): UNSAT in 0.96s
    cube 2941.251.28 (depth 2, 28 lits): UNSAT in 0.01s
    cube 2941.251.29 (depth 2, 28 lits): UNSAT in 0.01s
    cube 2941.251.30 (depth 2, 27 lits): UNSAT in 0.02s
    cube 2941.251.31 (depth 2, 28 lits): UNSAT in 0.01s
    cube 2941.251.32 (depth 2, 28 lits): UNSAT in 0.02s
    cube 2941.251.33 (depth 2, 28 lits): UNSAT in 0.01s
    cube 2941.251.34 (depth 2, 28 lits): UNSAT in 0.02s
    cube 2941.251.35 (depth 2, 28 lits): UNSAT in 0.03s
    cube 2941.251.36 (depth 2, 28 lits): UNSAT in 0.04s
    cube 2941.251.37 (depth 2, 28 lits): UNSAT in 0.04s
    cube 2941.251.38 (depth 2, 28 lits): UNSAT in 0.06s
    cube 2941.251.39 (depth 2, 28 lits): UNSAT in 0.03s
    cube 2941.251.40 (depth 2, 28 lits): UNSAT in 0.05s
    cube 2941.251.41 (depth 2, 28 lits): UNSAT in 0.28s
    cube 2941.251.42 (depth 2, 28 lits): UNSAT in 0.45s
    cube 2941.251.43 (depth 2, 28 lits): UNSAT in 0.02s
    cube 2941.251.44 (depth 2, 28 lits): UNSAT in 0.05s
    cube 2941.251.45 (depth 2, 28 lits): UNSAT in 0.02s
    cube 2941.251.46 (depth 2, 28 lits): UNSAT in 0.08s
    cube 2941.251.47 (depth 2, 28 lits): UNSAT in 0.02s
    cube 2941.251.48 (depth 2, 28 lits): UNSAT in 0.02s
    cube 2941.251.49 (depth 2, 28 lits): UNSAT in 0.06s
    cube 2941.251.50 (depth 2, 28 lits): UNSAT in 0.13s
    cube 2941.251.51 (depth 2, 28 lits): UNSAT in 0.02s
    cube 2941.251.52 (depth 2, 28 lits): UNSAT in 0.01s
    cube 2941.251.53 (depth 2, 28 lits): UNSAT in 0.06s
    cube 2941.251.54 (depth 2, 28 lits): UNSAT in 0.22s
    cube 2941.251.55 (depth 2, 28 lits): UNSAT in 0.18s
    cube 2941.251.56 (depth 2, 28 lits): UNSAT in 0.33s
    cube 2941.251.57 (depth 2, 28 lits): UNSAT in 0.67s
    cube 2941.251.58 (depth 2, 28 lits): UNSAT in 0.89s
    cube 2941.251.59 (depth 2, 26 lits): UNSAT in 0.01s
    cube 2941.251.60 (depth 2, 28 lits): UNSAT in 0.02s
    cube 2941.251.61 (depth 2, 28 lits): UNSAT in 0.01s
    cube 2941.251.62 (depth 2, 28 lits): UNSAT in 0.02s
    cube 2941.251.63 (depth 2, 28 lits): UNSAT in 0.02s
    cube 2941.251.64 (depth 2, 28 lits): UNSAT in 0.02s
    cube 2941.251.65 (depth 2, 28 lits): UNSAT in 0.02s
    cube 2941.251.66 (depth 2, 28 lits): UNSAT in 0.02s
    cube 2941.251.67 (depth 2, 28 lits): UNSAT in 0.01s
    cube 2941.251.68 (depth 2, 28 lits): UNSAT in 0.02s
    cube 2941.251.69 (depth 2, 28 lits): UNSAT in 0.02s
    cube 2941.251.70 (depth 2, 28 lits): UNSAT in 0.05s
    cube 2941.251.71 (depth 2, 28 lits): UNSAT in 0.04s
    cube 2941.251.72 (depth 2, 28 lits): UNSAT in 0.02s
    cube 2941.251.73 (depth 2, 28 lits): UNSAT in 0.03s
    cube 2941.251.74 (depth 2, 28 lits): UNSAT in 0.05s
    cube 2941.251.75 (depth 2, 28 lits): UNSAT in 0.06s
    cube 2941.251.76 (depth 2, 28 lits): UNSAT in 0.03s
    cube 2941.251.77 (depth 2, 28 lits): UNSAT in 0.06s
    cube 2941.251.78 (depth 2, 28 lits): UNSAT in 0.03s
    cube 2941.251.79 (depth 2, 28 lits): UNSAT in 0.31s
    cube 2941.251.80 (depth 2, 28 lits): UNSAT in 0.03s
    cube 2941.251.81 (depth 2, 28 lits): UNSAT in 0.05s
    cube 2941.251.82 (depth 2, 28 lits): UNSAT in 0.18s
    cube 2941.251.83 (depth 2, 28 lits): UNSAT in 0.89s
    cube 2941.251.84 (depth 2, 28 lits): UNSAT in 0.06s
    cube 2941.251.85 (depth 2, 28 lits): UNSAT in 0.10s
    cube 2941.251.86 (depth 2, 28 lits): UNSAT in 0.05s
    cube 2941.251.87 (depth 2, 28 lits): UNSAT in 0.32s
    cube 2941.251.88 (depth 2, 28 lits): UNSAT in 0.02s
    cube 2941.251.89 (depth 2, 28 lits): UNSAT in 0.02s
    cube 2941.251.90 (depth 2, 28 lits): UNSAT in 0.01s
    cube 2941.251.91 (depth 2, 28 lits): UNSAT in 0.05s
    cube 2941.251.92 (depth 2, 28 lits): UNSAT in 0.08s
    cube 2941.251.93 (depth 2, 28 lits): UNSAT in 0.12s
    cube 2941.251.94 (depth 2, 28 lits): UNSAT in 0.05s
    cube 2941.251.95 (depth 2, 28 lits): UNSAT in 0.17s
    cube 2941.251.96 (depth 2, 28 lits): UNSAT in 0.02s
    cube 2941.251.97 (depth 2, 28 lits): UNSAT in 0.01s
    cube 2941.251.98 (depth 2, 28 lits): UNSAT in 0.04s
    cube 2941.251.99 (depth 2, 28 lits): UNSAT in 0.02s
    cube 2941.251.100 (depth 2, 28 lits): UNSAT in 0.08s
    cube 2941.251.101 (depth 2, 28 lits): UNSAT in 0.42s
    cube 2941.251.102 (depth 2, 28 lits): UNSAT in 0.18s
    cube 2941.251.103 (depth 2, 28 lits): UNSAT in 0.50s
    cube 2941.251.104 (depth 2, 28 lits): UNSAT in 0.04s
    cube 2941.251.105 (depth 2, 28 lits): UNSAT in 0.06s
    cube 2941.251.106 (depth 2, 28 lits): UNSAT in 0.02s
    cube 2941.251.107 (depth 2, 28 lits): UNSAT in 0.33s
    cube 2941.251.108 (depth 2, 28 lits): UNSAT in 0.10s
    cube 2941.251.109 (depth 2, 28 lits): UNSAT in 0.67s
    cube 2941.251.110 (depth 2, 28 lits): UNSAT in 0.45s
    cube 2941.251.111 (depth 2, 28 lits): UNSAT in 1.36s
    cube 2941.251.112 (depth 2, 28 lits): UNSAT in 0.47s
    cube 2941.251.113 (depth 2, 28 lits): UNSAT in 0.87s
    cube 2941.251.114 (depth 2, 28 lits): UNSAT in 0.19s
    cube 2941.251.115 (depth 2, 28 lits): UNSAT in 3.25s
    cube 2941.251.116 (depth 2, 28 lits): UNSAT in 0.29s
    cube 2941.251.117 (depth 2, 28 lits): UNSAT in 3.92s
    cube 2941.251.118 (depth 2, 28 lits): UNSAT in 4.43s
    cube 2941.251.119 (depth 2, 28 lits): UNSAT in 45.38s
    cube 2941.251.120 (depth 2, 28 lits): UNSAT in 0.02s
    cube 2941.251.121 (depth 2, 28 lits): UNSAT in 0.03s
    cube 2941.251.122 (depth 2, 28 lits): UNSAT in 0.02s
    cube 2941.251.123 (depth 2, 28 lits): UNSAT in 0.05s
    cube 2941.251.124 (depth 2, 28 lits): UNSAT in 0.02s
    cube 2941.251.125 (depth 2, 28 lits): UNSAT in 0.05s
    cube 2941.251.126 (depth 2, 28 lits): UNSAT in 0.06s
    cube 2941.251.127 (depth 2, 28 lits): UNSAT in 0.09s
    cube 2941.251.128 (depth 2, 28 lits): UNSAT in 0.02s
    cube 2941.251.129 (depth 2, 28 lits): UNSAT in 0.03s
    cube 2941.251.130 (depth 2, 28 lits): UNSAT in 0.03s
    cube 2941.251.131 (depth 2, 28 lits): UNSAT in 0.03s
    cube 2941.251.132 (depth 2, 28 lits): UNSAT in 0.02s
    cube 2941.251.133 (depth 2, 28 lits): UNSAT in 0.11s
    cube 2941.251.134 (depth 2, 28 lits): UNSAT in 0.07s
    cube 2941.251.135 (depth 2, 28 lits): UNSAT in 0.70s
    cube 2941.251.136 (depth 2, 28 lits): UNSAT in 0.01s
    cube 2941.251.137 (depth 2, 28 lits): UNSAT in 0.02s
    cube 2941.251.138 (depth 2, 28 lits): UNSAT in 0.02s
    cube 2941.251.139 (depth 2, 28 lits): UNSAT in 0.05s
    cube 2941.251.140 (depth 2, 28 lits): UNSAT in 0.04s
    cube 2941.251.141 (depth 2, 28 lits): UNSAT in 0.04s
    cube 2941.251.142 (depth 2, 28 lits): UNSAT in 0.04s
    cube 2941.251.143 (depth 2, 28 lits): UNSAT in 0.18s
    cube 2941.251.144 (depth 2, 28 lits): UNSAT in 0.03s
    cube 2941.251.145 (depth 2, 28 lits): UNSAT in 0.13s
    cube 2941.251.146 (depth 2, 28 lits): UNSAT in 0.17s
    cube 2941.251.147 (depth 2, 28 lits): UNSAT in 0.31s
    cube 2941.251.148 (depth 2, 28 lits): UNSAT in 0.10s
    cube 2941.251.149 (depth 2, 28 lits): UNSAT in 0.20s
    cube 2941.251.150 (depth 2, 28 lits): UNSAT in 0.14s
    cube 2941.251.151 (depth 2, 28 lits): UNSAT in 0.86s
    cube 2941.251.152 (depth 2, 28 lits): UNSAT in 0.02s
    cube 2941.251.153 (depth 2, 28 lits): UNSAT in 0.08s
    cube 2941.251.154 (depth 2, 28 lits): UNSAT in 0.04s
    cube 2941.251.155 (depth 2, 28 lits): UNSAT in 0.17s
    cube 2941.251.156 (depth 2, 28 lits): UNSAT in 0.02s
    cube 2941.251.157 (depth 2, 28 lits): UNSAT in 0.13s
    cube 2941.251.158 (depth 2, 28 lits): UNSAT in 0.09s
    cube 2941.251.159 (depth 2, 28 lits): UNSAT in 0.53s
    cube 2941.251.160 (depth 2, 28 lits): UNSAT in 0.08s
    cube 2941.251.161 (depth 2, 28 lits): UNSAT in 0.16s
    cube 2941.251.162 (depth 2, 28 lits): UNSAT in 0.16s
    cube 2941.251.163 (depth 2, 28 lits): UNSAT in 0.18s
    cube 2941.251.164 (depth 2, 28 lits): UNSAT in 0.14s
    cube 2941.251.165 (depth 2, 28 lits): UNSAT in 0.38s
    cube 2941.251.166 (depth 2, 28 lits): UNSAT in 0.43s
    cube 2941.251.167 (depth 2, 28 lits): UNSAT in 3.79s
    cube 2941.251.168 (depth 2, 28 lits): UNSAT in 0.03s
    cube 2941.251.169 (depth 2, 28 lits): UNSAT in 0.06s
    cube 2941.251.170 (depth 2, 28 lits): UNSAT in 0.12s
    cube 2941.251.171 (depth 2, 28 lits): UNSAT in 0.29s
    cube 2941.251.172 (depth 2, 28 lits): UNSAT in 0.06s
    cube 2941.251.173 (depth 2, 28 lits): UNSAT in 0.28s
    cube 2941.251.174 (depth 2, 28 lits): UNSAT in 0.06s
    cube 2941.251.175 (depth 2, 28 lits): UNSAT in 1.21s
    cube 2941.251.176 (depth 2, 28 lits): UNSAT in 0.18s
    cube 2941.251.177 (depth 2, 28 lits): UNSAT in 1.70s
    cube 2941.251.178 (depth 2, 28 lits): UNSAT in 1.98s
    cube 2941.251.179 (depth 2, 28 lits): UNSAT in 1.54s
    cube 2941.251.180 (depth 2, 28 lits): UNSAT in 0.28s
    cube 2941.251.181 (depth 2, 28 lits): UNSAT in 0.47s
    cube 2941.251.182 (depth 2, 28 lits): UNSAT in 1.48s
    cube 2941.251.183 (depth 2, 28 lits): UNSAT in 6.08s
    cube 2941.251.184 (depth 2, 28 lits): UNSAT in 0.02s
    cube 2941.251.185 (depth 2, 28 lits): UNSAT in 0.05s
    cube 2941.251.186 (depth 2, 28 lits): UNSAT in 0.03s
    cube 2941.251.187 (depth 2, 28 lits): UNSAT in 0.10s
    cube 2941.251.188 (depth 2, 28 lits): UNSAT in 0.03s
    cube 2941.251.189 (depth 2, 28 lits): UNSAT in 0.09s
    cube 2941.251.190 (depth 2, 28 lits): UNSAT in 0.11s
    cube 2941.251.191 (depth 2, 28 lits): UNSAT in 0.34s
    cube 2941.251.192 (depth 2, 28 lits): UNSAT in 0.08s
    cube 2941.251.193 (depth 2, 28 lits): UNSAT in 0.19s
    cube 2941.251.194 (depth 2, 28 lits): UNSAT in 0.32s
    cube 2941.251.195 (depth 2, 28 lits): UNSAT in 0.83s
    cube 2941.251.196 (depth 2, 28 lits): UNSAT in 0.11s
    cube 2941.251.197 (depth 2, 28 lits): UNSAT in 0.29s
    cube 2941.251.198 (depth 2, 28 lits): UNSAT in 0.78s
    cube 2941.251.199 (depth 2, 28 lits): UNSAT in 9.51s
    cube 2941.251.200 (depth 2, 28 lits): UNSAT in 0.06s
    cube 2941.251.201 (depth 2, 28 lits): UNSAT in 0.17s
    cube 2941.251.202 (depth 2, 28 lits): UNSAT in 0.47s
    cube 2941.251.203 (depth 2, 28 lits): UNSAT in 0.56s
    cube 2941.251.204 (depth 2, 28 lits): UNSAT in 0.21s
    cube 2941.251.205 (depth 2, 28 lits): UNSAT in 0.42s
    cube 2941.251.206 (depth 2, 28 lits): UNSAT in 0.32s
    cube 2941.251.207 (depth 2, 28 lits): UNSAT in 0.68s
    cube 2941.251.208 (depth 2, 28 lits): UNSAT in 0.06s
    cube 2941.251.209 (depth 2, 28 lits): UNSAT in 0.25s
    cube 2941.251.210 (depth 2, 28 lits): UNSAT in 0.11s
    cube 2941.251.211 (depth 2, 28 lits): UNSAT in 0.66s
    cube 2941.251.212 (depth 2, 28 lits): UNSAT in 0.62s
    cube 2941.251.213 (depth 2, 28 lits): UNSAT in 4.55s
    cube 2941.251.214 (depth 2, 28 lits): UNSAT in 11.39s
    cube 2941.251.215 (depth 2, 28 lits): UNSAT in 57.66s
    cube 2941.251.216 (depth 2, 28 lits): UNSAT in 0.03s
    cube 2941.251.217 (depth 2, 28 lits): UNSAT in 0.16s
    cube 2941.251.218 (depth 2, 28 lits): UNSAT in 0.07s
    cube 2941.251.219 (depth 2, 28 lits): UNSAT in 0.17s
    cube 2941.251.220 (depth 2, 28 lits): UNSAT in 0.08s
    cube 2941.251.221 (depth 2, 28 lits): UNSAT in 0.18s
    cube 2941.251.222 (depth 2, 28 lits): UNSAT in 0.41s
    cube 2941.251.223 (depth 2, 28 lits): UNSAT in 2.76s
    cube 2941.251.224 (depth 2, 28 lits): UNSAT in 0.24s
    cube 2941.251.225 (depth 2, 28 lits): UNSAT in 0.49s
    cube 2941.251.226 (depth 2, 28 lits): UNSAT in 0.55s
    cube 2941.251.227 (depth 2, 28 lits): UNSAT in 0.75s
    cube 2941.251.228 (depth 2, 28 lits): UNSAT in 0.62s
    cube 2941.251.229 (depth 2, 28 lits): UNSAT in 4.11s
    cube 2941.251.230 (depth 2, 28 lits): UNSAT in 3.16s
    cube 2941.251.231 (depth 2, 28 lits): UNSAT in 47.86s
    cube 2941.251.232 (depth 2, 28 lits): UNSAT in 0.08s
    cube 2941.251.233 (depth 2, 28 lits): UNSAT in 0.50s
    cube 2941.251.234 (depth 2, 28 lits): UNSAT in 1.30s
    cube 2941.251.235 (depth 2, 28 lits): UNSAT in 1.68s
    cube 2941.251.236 (depth 2, 28 lits): UNSAT in 0.84s
    cube 2941.251.237 (depth 2, 28 lits): UNSAT in 1.62s
    cube 2941.251.238 (depth 2, 28 lits): UNSAT in 3.75s
    cube 2941.251.239 (depth 2, 28 lits): UNSAT in 115.76s
    cube 2941.251.240 (depth 2, 28 lits): UNSAT in 0.27s
    cube 2941.251.241 (depth 2, 28 lits): UNSAT in 6.31s
    cube 2941.251.242 (depth 2, 28 lits): UNSAT in 1.07s
    cube 2941.251.243 (depth 2, 28 lits): UNSAT in 34.99s
    cube 2941.251.244 (depth 2, 28 lits): UNSAT in 9.95s
    cube 2941.251.245 (depth 2, 28 lits): UNSAT in 176.22s
    cube 2941.251.246 (depth 2, 28 lits): UNSAT in 9.71s
    cube 2941.251.247 (depth 2, 28 lits): UNSAT in 283.19s
    cube 2941.252 (depth 1, 20 lits): UNSAT in 672.90s
    cube 2941.253 (depth 1, 20 lits): TIMEOUT in 1200.06s
    cube 2941.253 TIMEOUT -> re-split into 248 sub-cubes (depth 2)
    cube 2941.253.0 (depth 2, 27 lits): UNSAT in 0.01s
    cube 2941.253.1 (depth 2, 28 lits): UNSAT in 0.02s
    cube 2941.253.2 (depth 2, 28 lits): UNSAT in 0.01s
    cube 2941.253.3 (depth 2, 28 lits): UNSAT in 0.01s
    cube 2941.253.4 (depth 2, 28 lits): UNSAT in 0.02s
    cube 2941.253.5 (depth 2, 28 lits): UNSAT in 0.01s
    cube 2941.253.6 (depth 2, 28 lits): UNSAT in 0.07s
    cube 2941.253.7 (depth 2, 26 lits): UNSAT in 0.01s
    cube 2941.253.8 (depth 2, 28 lits): UNSAT in 0.02s
    cube 2941.253.9 (depth 2, 28 lits): UNSAT in 0.04s
    cube 2941.253.10 (depth 2, 28 lits): UNSAT in 0.05s
    cube 2941.253.11 (depth 2, 28 lits): UNSAT in 0.20s
    cube 2941.253.12 (depth 2, 28 lits): UNSAT in 0.02s
    cube 2941.253.13 (depth 2, 28 lits): UNSAT in 0.02s
    cube 2941.253.14 (depth 2, 28 lits): UNSAT in 0.03s
    cube 2941.253.15 (depth 2, 28 lits): UNSAT in 0.04s
    cube 2941.253.16 (depth 2, 28 lits): UNSAT in 0.02s
    cube 2941.253.17 (depth 2, 28 lits): UNSAT in 0.06s
    cube 2941.253.18 (depth 2, 28 lits): UNSAT in 0.03s
    cube 2941.253.19 (depth 2, 28 lits): UNSAT in 0.17s
    cube 2941.253.20 (depth 2, 28 lits): UNSAT in 0.02s
    cube 2941.253.21 (depth 2, 28 lits): UNSAT in 0.08s
    cube 2941.253.22 (depth 2, 28 lits): UNSAT in 0.05s
    cube 2941.253.23 (depth 2, 28 lits): UNSAT in 0.14s
    cube 2941.253.24 (depth 2, 28 lits): UNSAT in 0.03s
    cube 2941.253.25 (depth 2, 28 lits): UNSAT in 0.10s
    cube 2941.253.26 (depth 2, 28 lits): UNSAT in 0.24s
    cube 2941.253.27 (depth 2, 28 lits): UNSAT in 0.24s
    cube 2941.253.28 (depth 2, 28 lits): UNSAT in 0.02s
    cube 2941.253.29 (depth 2, 28 lits): UNSAT in 0.03s
    cube 2941.253.30 (depth 2, 28 lits): UNSAT in 0.02s
    cube 2941.253.31 (depth 2, 28 lits): UNSAT in 0.04s
    cube 2941.253.32 (depth 2, 28 lits): UNSAT in 0.03s
    cube 2941.253.33 (depth 2, 28 lits): UNSAT in 0.09s
    cube 2941.253.34 (depth 2, 28 lits): UNSAT in 0.10s
    cube 2941.253.35 (depth 2, 28 lits): UNSAT in 0.14s
    cube 2941.253.36 (depth 2, 28 lits): UNSAT in 0.01s
    cube 2941.253.37 (depth 2, 28 lits): UNSAT in 0.02s
    cube 2941.253.38 (depth 2, 28 lits): UNSAT in 0.03s
    cube 2941.253.39 (depth 2, 28 lits): UNSAT in 0.03s
    cube 2941.253.40 (depth 2, 28 lits): UNSAT in 0.05s
    cube 2941.253.41 (depth 2, 28 lits): UNSAT in 0.04s
    cube 2941.253.42 (depth 2, 28 lits): UNSAT in 0.10s
    cube 2941.253.43 (depth 2, 28 lits): UNSAT in 0.13s
    cube 2941.253.44 (depth 2, 28 lits): UNSAT in 0.04s
    cube 2941.253.45 (depth 2, 28 lits): UNSAT in 0.08s
    cube 2941.253.46 (depth 2, 28 lits): UNSAT in 0.21s
    cube 2941.253.47 (depth 2, 28 lits): UNSAT in 0.67s
    cube 2941.253.48 (depth 2, 28 lits): UNSAT in 0.04s
    cube 2941.253.49 (depth 2, 28 lits): UNSAT in 0.17s
    cube 2941.253.50 (depth 2, 28 lits): UNSAT in 0.18s
    cube 2941.253.51 (depth 2, 28 lits): UNSAT in 0.55s
    cube 2941.253.52 (depth 2, 28 lits): UNSAT in 0.16s
    cube 2941.253.53 (depth 2, 28 lits): UNSAT in 1.14s
    cube 2941.253.54 (depth 2, 28 lits): UNSAT in 0.35s
    cube 2941.253.55 (depth 2, 28 lits): UNSAT in 0.97s
    cube 2941.253.56 (depth 2, 28 lits): UNSAT in 0.72s
    cube 2941.253.57 (depth 2, 28 lits): UNSAT in 0.79s
    cube 2941.253.58 (depth 2, 28 lits): UNSAT in 3.99s
    cube 2941.253.59 (depth 2, 28 lits): UNSAT in 14.11s
    cube 2941.253.60 (depth 2, 27 lits): UNSAT in 0.02s
    cube 2941.253.61 (depth 2, 28 lits): UNSAT in 0.02s
    cube 2941.253.62 (depth 2, 28 lits): UNSAT in 0.03s
    cube 2941.253.63 (depth 2, 28 lits): UNSAT in 0.02s
    cube 2941.253.64 (depth 2, 28 lits): UNSAT in 0.03s
    cube 2941.253.65 (depth 2, 28 lits): UNSAT in 0.02s
    cube 2941.253.66 (depth 2, 28 lits): UNSAT in 0.04s
    cube 2941.253.67 (depth 2, 28 lits): UNSAT in 0.02s
    cube 2941.253.68 (depth 2, 28 lits): UNSAT in 0.02s
    cube 2941.253.69 (depth 2, 28 lits): UNSAT in 0.02s
    cube 2941.253.70 (depth 2, 28 lits): UNSAT in 0.02s
    cube 2941.253.71 (depth 2, 28 lits): UNSAT in 0.02s
    cube 2941.253.72 (depth 2, 28 lits): UNSAT in 0.02s
    cube 2941.253.73 (depth 2, 28 lits): UNSAT in 0.05s
    cube 2941.253.74 (depth 2, 28 lits): UNSAT in 0.11s
    cube 2941.253.75 (depth 2, 28 lits): UNSAT in 0.02s
    cube 2941.253.76 (depth 2, 28 lits): UNSAT in 0.02s
    cube 2941.253.77 (depth 2, 28 lits): UNSAT in 0.03s
    cube 2941.253.78 (depth 2, 28 lits): UNSAT in 0.07s
    cube 2941.253.79 (depth 2, 28 lits): UNSAT in 0.02s
    cube 2941.253.80 (depth 2, 28 lits): UNSAT in 0.12s
    cube 2941.253.81 (depth 2, 28 lits): UNSAT in 0.07s
    cube 2941.253.82 (depth 2, 28 lits): UNSAT in 0.39s
    cube 2941.253.83 (depth 2, 28 lits): UNSAT in 0.03s
    cube 2941.253.84 (depth 2, 28 lits): UNSAT in 0.11s
    cube 2941.253.85 (depth 2, 28 lits): UNSAT in 0.12s
    cube 2941.253.86 (depth 2, 28 lits): UNSAT in 1.12s
    cube 2941.253.87 (depth 2, 28 lits): UNSAT in 0.15s
    cube 2941.253.88 (depth 2, 28 lits): UNSAT in 0.31s
    cube 2941.253.89 (depth 2, 28 lits): UNSAT in 1.47s
    cube 2941.253.90 (depth 2, 28 lits): UNSAT in 5.67s
    cube 2941.253.91 (depth 2, 28 lits): UNSAT in 0.02s
    cube 2941.253.92 (depth 2, 28 lits): UNSAT in 0.01s
    cube 2941.253.93 (depth 2, 28 lits): UNSAT in 0.01s
    cube 2941.253.94 (depth 2, 28 lits): UNSAT in 0.02s
    cube 2941.253.95 (depth 2, 28 lits): UNSAT in 0.02s
    cube 2941.253.96 (depth 2, 28 lits): UNSAT in 0.03s
    cube 2941.253.97 (depth 2, 28 lits): UNSAT in 0.02s
    cube 2941.253.98 (depth 2, 28 lits): UNSAT in 0.06s
    cube 2941.253.99 (depth 2, 28 lits): UNSAT in 0.04s
    cube 2941.253.100 (depth 2, 28 lits): UNSAT in 0.09s
    cube 2941.253.101 (depth 2, 28 lits): UNSAT in 0.09s
    cube 2941.253.102 (depth 2, 28 lits): UNSAT in 0.30s
    cube 2941.253.103 (depth 2, 28 lits): UNSAT in 0.02s
    cube 2941.253.104 (depth 2, 28 lits): UNSAT in 0.07s
    cube 2941.253.105 (depth 2, 28 lits): UNSAT in 0.33s
    cube 2941.253.106 (depth 2, 28 lits): UNSAT in 2.63s
    cube 2941.253.107 (depth 2, 28 lits): UNSAT in 0.08s
    cube 2941.253.108 (depth 2, 28 lits): UNSAT in 0.07s
    cube 2941.253.109 (depth 2, 28 lits): UNSAT in 0.20s
    cube 2941.253.110 (depth 2, 28 lits): UNSAT in 0.34s
    cube 2941.253.111 (depth 2, 28 lits): UNSAT in 0.14s
    cube 2941.253.112 (depth 2, 28 lits): UNSAT in 2.16s
    cube 2941.253.113 (depth 2, 28 lits): UNSAT in 1.23s
    cube 2941.253.114 (depth 2, 28 lits): UNSAT in 18.57s
    cube 2941.253.115 (depth 2, 28 lits): UNSAT in 0.14s
    cube 2941.253.116 (depth 2, 28 lits): UNSAT in 0.82s
    cube 2941.253.117 (depth 2, 28 lits): UNSAT in 0.39s
    cube 2941.253.118 (depth 2, 28 lits): UNSAT in 5.26s
    cube 2941.253.119 (depth 2, 28 lits): UNSAT in 0.89s
    cube 2941.253.120 (depth 2, 28 lits): UNSAT in 11.72s
    cube 2941.253.121 (depth 2, 28 lits): UNSAT in 16.01s
    cube 2941.253.122 (depth 2, 28 lits): UNSAT in 54.64s
    cube 2941.253.123 (depth 2, 27 lits): UNSAT in 0.02s
    cube 2941.253.124 (depth 2, 28 lits): UNSAT in 0.01s
    cube 2941.253.125 (depth 2, 28 lits): UNSAT in 0.02s
    cube 2941.253.126 (depth 2, 27 lits): UNSAT in 0.02s
    cube 2941.253.127 (depth 2, 28 lits): UNSAT in 0.03s
    cube 2941.253.128 (depth 2, 28 lits): UNSAT in 0.05s
    cube 2941.253.129 (depth 2, 28 lits): UNSAT in 0.01s
    cube 2941.253.130 (depth 2, 28 lits): UNSAT in 0.02s
    cube 2941.253.131 (depth 2, 27 lits): UNSAT in 0.02s
    cube 2941.253.132 (depth 2, 28 lits): UNSAT in 0.03s
    cube 2941.253.133 (depth 2, 28 lits): UNSAT in 0.02s
    cube 2941.253.134 (depth 2, 28 lits): UNSAT in 0.04s
    cube 2941.253.135 (depth 2, 28 lits): UNSAT in 0.02s
    cube 2941.253.136 (depth 2, 28 lits): UNSAT in 0.06s
    cube 2941.253.137 (depth 2, 28 lits): UNSAT in 0.14s
    cube 2941.253.138 (depth 2, 28 lits): UNSAT in 0.03s
    cube 2941.253.139 (depth 2, 28 lits): UNSAT in 0.08s
    cube 2941.253.140 (depth 2, 28 lits): UNSAT in 0.08s
    cube 2941.253.141 (depth 2, 28 lits): UNSAT in 0.07s
    cube 2941.253.142 (depth 2, 28 lits): UNSAT in 0.06s
    cube 2941.253.143 (depth 2, 28 lits): UNSAT in 0.42s
    cube 2941.253.144 (depth 2, 28 lits): UNSAT in 0.02s
    cube 2941.253.145 (depth 2, 28 lits): UNSAT in 0.02s
    cube 2941.253.146 (depth 2, 28 lits): UNSAT in 0.04s
    cube 2941.253.147 (depth 2, 28 lits): UNSAT in 0.14s
    cube 2941.253.148 (depth 2, 28 lits): UNSAT in 0.13s
    cube 2941.253.149 (depth 2, 28 lits): UNSAT in 0.15s
    cube 2941.253.150 (depth 2, 28 lits): UNSAT in 0.23s
    cube 2941.253.151 (depth 2, 28 lits): UNSAT in 0.38s
    cube 2941.253.152 (depth 2, 28 lits): UNSAT in 0.02s
    cube 2941.253.153 (depth 2, 28 lits): UNSAT in 0.07s
    cube 2941.253.154 (depth 2, 28 lits): UNSAT in 0.07s
    cube 2941.253.155 (depth 2, 28 lits): UNSAT in 0.20s
    cube 2941.253.156 (depth 2, 28 lits): UNSAT in 0.04s
    cube 2941.253.157 (depth 2, 28 lits): UNSAT in 0.10s
    cube 2941.253.158 (depth 2, 28 lits): UNSAT in 0.24s
    cube 2941.253.159 (depth 2, 28 lits): UNSAT in 1.66s
    cube 2941.253.160 (depth 2, 28 lits): UNSAT in 0.06s
    cube 2941.253.161 (depth 2, 28 lits): UNSAT in 0.23s
    cube 2941.253.162 (depth 2, 28 lits): UNSAT in 0.22s
    cube 2941.253.163 (depth 2, 28 lits): UNSAT in 1.16s
    cube 2941.253.164 (depth 2, 28 lits): UNSAT in 0.04s
    cube 2941.253.165 (depth 2, 28 lits): UNSAT in 0.83s
    cube 2941.253.166 (depth 2, 28 lits): UNSAT in 0.27s
    cube 2941.253.167 (depth 2, 28 lits): UNSAT in 3.82s
    cube 2941.253.168 (depth 2, 28 lits): UNSAT in 0.04s
    cube 2941.253.169 (depth 2, 28 lits): UNSAT in 0.12s
    cube 2941.253.170 (depth 2, 28 lits): UNSAT in 0.06s
    cube 2941.253.171 (depth 2, 28 lits): UNSAT in 0.10s
    cube 2941.253.172 (depth 2, 28 lits): UNSAT in 0.08s
    cube 2941.253.173 (depth 2, 28 lits): UNSAT in 0.52s
    cube 2941.253.174 (depth 2, 28 lits): UNSAT in 0.21s
    cube 2941.253.175 (depth 2, 28 lits): UNSAT in 1.15s
    cube 2941.253.176 (depth 2, 28 lits): UNSAT in 0.16s
    cube 2941.253.177 (depth 2, 28 lits): UNSAT in 0.86s
    cube 2941.253.178 (depth 2, 28 lits): UNSAT in 0.21s
    cube 2941.253.179 (depth 2, 28 lits): UNSAT in 3.99s
    cube 2941.253.180 (depth 2, 28 lits): UNSAT in 1.47s
    cube 2941.253.181 (depth 2, 28 lits): UNSAT in 1.73s
    cube 2941.253.182 (depth 2, 28 lits): UNSAT in 2.45s
    cube 2941.253.183 (depth 2, 28 lits): UNSAT in 17.82s
    cube 2941.253.184 (depth 2, 28 lits): UNSAT in 0.02s
    cube 2941.253.185 (depth 2, 28 lits): UNSAT in 0.03s
    cube 2941.253.186 (depth 2, 28 lits): UNSAT in 0.04s
    cube 2941.253.187 (depth 2, 28 lits): UNSAT in 0.05s
    cube 2941.253.188 (depth 2, 28 lits): UNSAT in 0.03s
    cube 2941.253.189 (depth 2, 28 lits): UNSAT in 0.19s
    cube 2941.253.190 (depth 2, 28 lits): UNSAT in 0.31s
    cube 2941.253.191 (depth 2, 28 lits): UNSAT in 0.80s
    cube 2941.253.192 (depth 2, 28 lits): UNSAT in 0.07s
    cube 2941.253.193 (depth 2, 28 lits): UNSAT in 0.23s
    cube 2941.253.194 (depth 2, 28 lits): UNSAT in 0.10s
    cube 2941.253.195 (depth 2, 28 lits): UNSAT in 1.09s
    cube 2941.253.196 (depth 2, 28 lits): UNSAT in 0.69s
    cube 2941.253.197 (depth 2, 28 lits): UNSAT in 2.11s
    cube 2941.253.198 (depth 2, 28 lits): UNSAT in 3.19s
    cube 2941.253.199 (depth 2, 28 lits): UNSAT in 8.56s
    cube 2941.253.200 (depth 2, 28 lits): UNSAT in 0.03s
    cube 2941.253.201 (depth 2, 28 lits): UNSAT in 0.09s
    cube 2941.253.202 (depth 2, 28 lits): UNSAT in 0.10s
    cube 2941.253.203 (depth 2, 28 lits): UNSAT in 0.93s
    cube 2941.253.204 (depth 2, 28 lits): UNSAT in 0.39s
    cube 2941.253.205 (depth 2, 28 lits): UNSAT in 1.40s
    cube 2941.253.206 (depth 2, 28 lits): UNSAT in 0.30s
    cube 2941.253.207 (depth 2, 28 lits): UNSAT in 2.76s
    cube 2941.253.208 (depth 2, 28 lits): UNSAT in 0.09s
    cube 2941.253.209 (depth 2, 28 lits): UNSAT in 0.41s
    cube 2941.253.210 (depth 2, 28 lits): UNSAT in 0.15s
    cube 2941.253.211 (depth 2, 28 lits): UNSAT in 1.35s
    cube 2941.253.212 (depth 2, 28 lits): UNSAT in 0.43s
    cube 2941.253.213 (depth 2, 28 lits): UNSAT in 2.46s
    cube 2941.253.214 (depth 2, 28 lits): UNSAT in 4.31s
    cube 2941.253.215 (depth 2, 28 lits): UNSAT in 28.59s
    cube 2941.253.216 (depth 2, 28 lits): UNSAT in 0.03s
    cube 2941.253.217 (depth 2, 28 lits): UNSAT in 0.07s
    cube 2941.253.218 (depth 2, 28 lits): UNSAT in 0.07s
    cube 2941.253.219 (depth 2, 28 lits): UNSAT in 0.53s
    cube 2941.253.220 (depth 2, 28 lits): UNSAT in 0.17s
    cube 2941.253.221 (depth 2, 28 lits): UNSAT in 0.64s
    cube 2941.253.222 (depth 2, 28 lits): UNSAT in 0.48s
    cube 2941.253.223 (depth 2, 28 lits): UNSAT in 1.97s
    cube 2941.253.224 (depth 2, 28 lits): UNSAT in 0.14s
    cube 2941.253.225 (depth 2, 28 lits): UNSAT in 0.19s
    cube 2941.253.226 (depth 2, 28 lits): UNSAT in 0.37s
    cube 2941.253.227 (depth 2, 28 lits): UNSAT in 3.31s
    cube 2941.253.228 (depth 2, 28 lits): UNSAT in 0.86s
    cube 2941.253.229 (depth 2, 28 lits): UNSAT in 4.83s
    cube 2941.253.230 (depth 2, 28 lits): UNSAT in 3.54s
    cube 2941.253.231 (depth 2, 28 lits): UNSAT in 28.72s
    cube 2941.253.232 (depth 2, 28 lits): UNSAT in 0.09s
    cube 2941.253.233 (depth 2, 28 lits): UNSAT in 1.12s
    cube 2941.253.234 (depth 2, 28 lits): UNSAT in 0.62s
    cube 2941.253.235 (depth 2, 28 lits): UNSAT in 10.79s
    cube 2941.253.236 (depth 2, 28 lits): UNSAT in 1.22s
    cube 2941.253.237 (depth 2, 28 lits): UNSAT in 1.77s
    cube 2941.253.238 (depth 2, 28 lits): UNSAT in 0.99s
    cube 2941.253.239 (depth 2, 28 lits): UNSAT in 192.20s
    cube 2941.253.240 (depth 2, 28 lits): UNSAT in 3.43s
    cube 2941.253.241 (depth 2, 28 lits): UNSAT in 10.64s
    cube 2941.253.242 (depth 2, 28 lits): UNSAT in 8.47s
    cube 2941.253.243 (depth 2, 28 lits): UNSAT in 65.09s
    cube 2941.253.244 (depth 2, 28 lits): UNSAT in 7.19s
    cube 2941.253.245 (depth 2, 28 lits): UNSAT in 156.90s
    cube 2941.253.246 (depth 2, 28 lits): UNSAT in 56.11s
    cube 2941.253.247 (depth 2, 28 lits): UNSAT in 1051.11s
    cube 2941.254 (depth 1, 20 lits): UNSAT in 797.74s
    cube 2941.255 (depth 1, 20 lits): TIMEOUT in 1200.10s
    cube 2941.255 TIMEOUT -> re-split into 253 sub-cubes (depth 2)
    cube 2941.255.0 (depth 2, 27 lits): UNSAT in 0.02s
    cube 2941.255.1 (depth 2, 28 lits): UNSAT in 0.02s
    cube 2941.255.2 (depth 2, 28 lits): UNSAT in 0.03s
    cube 2941.255.3 (depth 2, 28 lits): UNSAT in 0.02s
    cube 2941.255.4 (depth 2, 28 lits): UNSAT in 0.02s
    cube 2941.255.5 (depth 2, 28 lits): UNSAT in 0.02s
    cube 2941.255.6 (depth 2, 28 lits): UNSAT in 0.02s
    cube 2941.255.7 (depth 2, 28 lits): UNSAT in 0.01s
    cube 2941.255.8 (depth 2, 28 lits): UNSAT in 0.02s
    cube 2941.255.9 (depth 2, 28 lits): UNSAT in 0.02s
    cube 2941.255.10 (depth 2, 28 lits): UNSAT in 0.02s
    cube 2941.255.11 (depth 2, 28 lits): UNSAT in 0.02s
    cube 2941.255.12 (depth 2, 28 lits): UNSAT in 0.03s
    cube 2941.255.13 (depth 2, 28 lits): UNSAT in 0.03s
    cube 2941.255.14 (depth 2, 28 lits): UNSAT in 0.05s
    cube 2941.255.15 (depth 2, 28 lits): UNSAT in 0.01s
    cube 2941.255.16 (depth 2, 28 lits): UNSAT in 0.01s
    cube 2941.255.17 (depth 2, 28 lits): UNSAT in 0.01s
    cube 2941.255.18 (depth 2, 28 lits): UNSAT in 0.02s
    cube 2941.255.19 (depth 2, 28 lits): UNSAT in 0.02s
    cube 2941.255.20 (depth 2, 28 lits): UNSAT in 0.02s
    cube 2941.255.21 (depth 2, 28 lits): UNSAT in 0.02s
    cube 2941.255.22 (depth 2, 28 lits): UNSAT in 0.02s
    cube 2941.255.23 (depth 2, 28 lits): UNSAT in 0.04s
    cube 2941.255.24 (depth 2, 28 lits): UNSAT in 0.04s
    cube 2941.255.25 (depth 2, 28 lits): UNSAT in 0.03s
    cube 2941.255.26 (depth 2, 28 lits): UNSAT in 0.21s
    cube 2941.255.27 (depth 2, 28 lits): UNSAT in 0.09s
    cube 2941.255.28 (depth 2, 28 lits): UNSAT in 0.05s
    cube 2941.255.29 (depth 2, 28 lits): UNSAT in 0.10s
    cube 2941.255.30 (depth 2, 28 lits): UNSAT in 0.30s
    cube 2941.255.31 (depth 2, 28 lits): UNSAT in 0.01s
    cube 2941.255.32 (depth 2, 28 lits): UNSAT in 0.02s
    cube 2941.255.33 (depth 2, 28 lits): UNSAT in 0.01s
    cube 2941.255.34 (depth 2, 28 lits): UNSAT in 0.05s
    cube 2941.255.35 (depth 2, 28 lits): UNSAT in 0.02s
    cube 2941.255.36 (depth 2, 28 lits): UNSAT in 0.02s
    cube 2941.255.37 (depth 2, 28 lits): UNSAT in 0.05s
    cube 2941.255.38 (depth 2, 28 lits): UNSAT in 0.07s
    cube 2941.255.39 (depth 2, 28 lits): UNSAT in 0.02s
    cube 2941.255.40 (depth 2, 28 lits): UNSAT in 0.02s
    cube 2941.255.41 (depth 2, 28 lits): UNSAT in 0.07s
    cube 2941.255.42 (depth 2, 28 lits): UNSAT in 0.06s
    cube 2941.255.43 (depth 2, 28 lits): UNSAT in 0.06s
    cube 2941.255.44 (depth 2, 28 lits): UNSAT in 0.21s
    cube 2941.255.45 (depth 2, 28 lits): UNSAT in 0.30s
    cube 2941.255.46 (depth 2, 28 lits): UNSAT in 0.87s
    cube 2941.255.47 (depth 2, 28 lits): UNSAT in 0.04s
    cube 2941.255.48 (depth 2, 28 lits): UNSAT in 0.10s
    cube 2941.255.49 (depth 2, 28 lits): UNSAT in 0.05s
    cube 2941.255.50 (depth 2, 28 lits): UNSAT in 0.15s
    cube 2941.255.51 (depth 2, 28 lits): UNSAT in 0.03s
    cube 2941.255.52 (depth 2, 28 lits): UNSAT in 0.12s
    cube 2941.255.53 (depth 2, 28 lits): UNSAT in 0.23s
    cube 2941.255.54 (depth 2, 28 lits): UNSAT in 2.43s
    cube 2941.255.55 (depth 2, 28 lits): UNSAT in 0.08s
    cube 2941.255.56 (depth 2, 28 lits): UNSAT in 0.17s
    cube 2941.255.57 (depth 2, 28 lits): UNSAT in 0.19s
    cube 2941.255.58 (depth 2, 28 lits): UNSAT in 2.00s
    cube 2941.255.59 (depth 2, 28 lits): UNSAT in 0.12s
    cube 2941.255.60 (depth 2, 28 lits): UNSAT in 0.12s
    cube 2941.255.61 (depth 2, 28 lits): UNSAT in 0.82s
    cube 2941.255.62 (depth 2, 28 lits): UNSAT in 4.78s
    cube 2941.255.63 (depth 2, 28 lits): UNSAT in 0.01s
    cube 2941.255.64 (depth 2, 28 lits): UNSAT in 0.02s
    cube 2941.255.65 (depth 2, 28 lits): UNSAT in 0.03s
    cube 2941.255.66 (depth 2, 28 lits): UNSAT in 0.02s
    cube 2941.255.67 (depth 2, 28 lits): UNSAT in 0.02s
    cube 2941.255.68 (depth 2, 28 lits): UNSAT in 0.04s
    cube 2941.255.69 (depth 2, 28 lits): UNSAT in 0.02s
    cube 2941.255.70 (depth 2, 28 lits): UNSAT in 0.04s
    cube 2941.255.71 (depth 2, 28 lits): UNSAT in 0.02s
    cube 2941.255.72 (depth 2, 28 lits): UNSAT in 0.02s
    cube 2941.255.73 (depth 2, 28 lits): UNSAT in 0.01s
    cube 2941.255.74 (depth 2, 28 lits): UNSAT in 0.02s
    cube 2941.255.75 (depth 2, 28 lits): UNSAT in 0.03s
    cube 2941.255.76 (depth 2, 28 lits): UNSAT in 0.04s
    cube 2941.255.77 (depth 2, 28 lits): UNSAT in 0.02s
    cube 2941.255.78 (depth 2, 28 lits): UNSAT in 0.15s
    cube 2941.255.79 (depth 2, 28 lits): UNSAT in 0.01s
    cube 2941.255.80 (depth 2, 28 lits): UNSAT in 0.02s
    cube 2941.255.81 (depth 2, 28 lits): UNSAT in 0.06s
    cube 2941.255.82 (depth 2, 28 lits): UNSAT in 0.12s
    cube 2941.255.83 (depth 2, 28 lits): UNSAT in 0.02s
    cube 2941.255.84 (depth 2, 28 lits): UNSAT in 0.06s
    cube 2941.255.85 (depth 2, 28 lits): UNSAT in 0.02s
    cube 2941.255.86 (depth 2, 28 lits): UNSAT in 0.10s
    cube 2941.255.87 (depth 2, 28 lits): UNSAT in 0.02s
    cube 2941.255.88 (depth 2, 28 lits): UNSAT in 0.05s
    cube 2941.255.89 (depth 2, 28 lits): UNSAT in 0.08s
    cube 2941.255.90 (depth 2, 28 lits): UNSAT in 0.19s
    cube 2941.255.91 (depth 2, 28 lits): UNSAT in 0.14s
    cube 2941.255.92 (depth 2, 28 lits): UNSAT in 0.28s
    cube 2941.255.93 (depth 2, 28 lits): UNSAT in 0.85s
    cube 2941.255.94 (depth 2, 28 lits): UNSAT in 0.78s
    cube 2941.255.95 (depth 2, 28 lits): UNSAT in 0.03s
    cube 2941.255.96 (depth 2, 28 lits): UNSAT in 0.08s
    cube 2941.255.97 (depth 2, 28 lits): UNSAT in 0.06s
    cube 2941.255.98 (depth 2, 28 lits): UNSAT in 0.09s
    cube 2941.255.99 (depth 2, 28 lits): UNSAT in 0.02s
    cube 2941.255.100 (depth 2, 28 lits): UNSAT in 0.03s
    cube 2941.255.101 (depth 2, 28 lits): UNSAT in 0.09s
    cube 2941.255.102 (depth 2, 28 lits): UNSAT in 0.51s
    cube 2941.255.103 (depth 2, 28 lits): UNSAT in 0.04s
    cube 2941.255.104 (depth 2, 28 lits): UNSAT in 0.08s
    cube 2941.255.105 (depth 2, 28 lits): UNSAT in 0.23s
    cube 2941.255.106 (depth 2, 28 lits): UNSAT in 0.39s
    cube 2941.255.107 (depth 2, 28 lits): UNSAT in 0.79s
    cube 2941.255.108 (depth 2, 28 lits): UNSAT in 4.24s
    cube 2941.255.109 (depth 2, 28 lits): UNSAT in 2.17s
    cube 2941.255.110 (depth 2, 28 lits): UNSAT in 24.31s
    cube 2941.255.111 (depth 2, 28 lits): UNSAT in 0.03s
    cube 2941.255.112 (depth 2, 28 lits): UNSAT in 0.18s
    cube 2941.255.113 (depth 2, 28 lits): UNSAT in 0.21s
    cube 2941.255.114 (depth 2, 28 lits): UNSAT in 0.47s
    cube 2941.255.115 (depth 2, 28 lits): UNSAT in 0.46s
    cube 2941.255.116 (depth 2, 28 lits): UNSAT in 0.67s
    cube 2941.255.117 (depth 2, 28 lits): UNSAT in 0.84s
    cube 2941.255.118 (depth 2, 28 lits): UNSAT in 5.44s
    cube 2941.255.119 (depth 2, 28 lits): UNSAT in 0.44s
    cube 2941.255.120 (depth 2, 28 lits): UNSAT in 1.14s
    cube 2941.255.121 (depth 2, 28 lits): UNSAT in 0.30s
    cube 2941.255.122 (depth 2, 28 lits): UNSAT in 10.67s
    cube 2941.255.123 (depth 2, 28 lits): UNSAT in 0.89s
    cube 2941.255.124 (depth 2, 28 lits): UNSAT in 13.31s
    cube 2941.255.125 (depth 2, 28 lits): UNSAT in 22.92s
    cube 2941.255.126 (depth 2, 28 lits): UNSAT in 43.94s
    cube 2941.255.127 (depth 2, 27 lits): UNSAT in 0.01s
    cube 2941.255.128 (depth 2, 28 lits): UNSAT in 0.02s
    cube 2941.255.129 (depth 2, 28 lits): UNSAT in 0.02s
    cube 2941.255.130 (depth 2, 28 lits): UNSAT in 0.01s
    cube 2941.255.131 (depth 2, 28 lits): UNSAT in 0.02s
    cube 2941.255.132 (depth 2, 28 lits): UNSAT in 0.02s
    cube 2941.255.133 (depth 2, 28 lits): UNSAT in 0.02s
    cube 2941.255.134 (depth 2, 28 lits): UNSAT in 0.01s
    cube 2941.255.135 (depth 2, 28 lits): UNSAT in 0.02s
    cube 2941.255.136 (depth 2, 27 lits): UNSAT in 0.02s
    cube 2941.255.137 (depth 2, 28 lits): UNSAT in 0.02s
    cube 2941.255.138 (depth 2, 28 lits): UNSAT in 0.02s
    cube 2941.255.139 (depth 2, 28 lits): UNSAT in 0.05s
    cube 2941.255.140 (depth 2, 28 lits): UNSAT in 0.02s
    cube 2941.255.141 (depth 2, 28 lits): UNSAT in 0.04s
    cube 2941.255.142 (depth 2, 28 lits): UNSAT in 0.07s
    cube 2941.255.143 (depth 2, 28 lits): UNSAT in 0.09s
    cube 2941.255.144 (depth 2, 28 lits): UNSAT in 0.15s
    cube 2941.255.145 (depth 2, 28 lits): UNSAT in 0.02s
    cube 2941.255.146 (depth 2, 28 lits): UNSAT in 0.06s
    cube 2941.255.147 (depth 2, 28 lits): UNSAT in 0.05s
    cube 2941.255.148 (depth 2, 28 lits): UNSAT in 0.33s
    cube 2941.255.149 (depth 2, 28 lits): UNSAT in 0.01s
    cube 2941.255.150 (depth 2, 28 lits): UNSAT in 0.04s
    cube 2941.255.151 (depth 2, 28 lits): UNSAT in 0.05s
    cube 2941.255.152 (depth 2, 28 lits): UNSAT in 0.12s
    cube 2941.255.153 (depth 2, 28 lits): UNSAT in 0.14s
    cube 2941.255.154 (depth 2, 28 lits): UNSAT in 0.23s
    cube 2941.255.155 (depth 2, 28 lits): UNSAT in 0.10s
    cube 2941.255.156 (depth 2, 28 lits): UNSAT in 0.61s
    cube 2941.255.157 (depth 2, 28 lits): UNSAT in 0.02s
    cube 2941.255.158 (depth 2, 28 lits): UNSAT in 0.03s
    cube 2941.255.159 (depth 2, 28 lits): UNSAT in 0.05s
    cube 2941.255.160 (depth 2, 28 lits): UNSAT in 0.07s
    cube 2941.255.161 (depth 2, 28 lits): UNSAT in 0.05s
    cube 2941.255.162 (depth 2, 28 lits): UNSAT in 0.15s
    cube 2941.255.163 (depth 2, 28 lits): UNSAT in 0.04s
    cube 2941.255.164 (depth 2, 28 lits): UNSAT in 0.18s
    cube 2941.255.165 (depth 2, 28 lits): UNSAT in 0.09s
    cube 2941.255.166 (depth 2, 28 lits): UNSAT in 0.15s
    cube 2941.255.167 (depth 2, 28 lits): UNSAT in 0.16s
    cube 2941.255.168 (depth 2, 28 lits): UNSAT in 0.50s
    cube 2941.255.169 (depth 2, 28 lits): UNSAT in 0.13s
    cube 2941.255.170 (depth 2, 28 lits): UNSAT in 1.62s
    cube 2941.255.171 (depth 2, 28 lits): UNSAT in 0.61s
    cube 2941.255.172 (depth 2, 28 lits): UNSAT in 8.24s
    cube 2941.255.173 (depth 2, 28 lits): UNSAT in 0.04s
    cube 2941.255.174 (depth 2, 28 lits): UNSAT in 0.03s
    cube 2941.255.175 (depth 2, 28 lits): UNSAT in 0.05s
    cube 2941.255.176 (depth 2, 28 lits): UNSAT in 0.12s
    cube 2941.255.177 (depth 2, 28 lits): UNSAT in 0.09s
    cube 2941.255.178 (depth 2, 28 lits): UNSAT in 0.52s
    cube 2941.255.179 (depth 2, 28 lits): UNSAT in 0.33s
    cube 2941.255.180 (depth 2, 28 lits): UNSAT in 1.96s
    cube 2941.255.181 (depth 2, 28 lits): UNSAT in 0.12s
    cube 2941.255.182 (depth 2, 28 lits): UNSAT in 0.69s
    cube 2941.255.183 (depth 2, 28 lits): UNSAT in 0.16s
    cube 2941.255.184 (depth 2, 28 lits): UNSAT in 3.05s
    cube 2941.255.185 (depth 2, 28 lits): UNSAT in 1.30s
    cube 2941.255.186 (depth 2, 28 lits): UNSAT in 1.87s
    cube 2941.255.187 (depth 2, 28 lits): UNSAT in 7.22s
    cube 2941.255.188 (depth 2, 28 lits): UNSAT in 13.50s
    cube 2941.255.189 (depth 2, 28 lits): UNSAT in 0.02s
    cube 2941.255.190 (depth 2, 28 lits): UNSAT in 0.09s
    cube 2941.255.191 (depth 2, 28 lits): UNSAT in 0.06s
    cube 2941.255.192 (depth 2, 28 lits): UNSAT in 0.27s
    cube 2941.255.193 (depth 2, 28 lits): UNSAT in 0.03s
    cube 2941.255.194 (depth 2, 28 lits): UNSAT in 0.17s
    cube 2941.255.195 (depth 2, 28 lits): UNSAT in 0.13s
    cube 2941.255.196 (depth 2, 28 lits): UNSAT in 1.43s
    cube 2941.255.197 (depth 2, 28 lits): UNSAT in 0.10s
    cube 2941.255.198 (depth 2, 28 lits): UNSAT in 0.28s
    cube 2941.255.199 (depth 2, 28 lits): UNSAT in 0.29s
    cube 2941.255.200 (depth 2, 28 lits): UNSAT in 0.58s
    cube 2941.255.201 (depth 2, 28 lits): UNSAT in 0.70s
    cube 2941.255.202 (depth 2, 28 lits): UNSAT in 2.54s
    cube 2941.255.203 (depth 2, 28 lits): UNSAT in 1.27s
    cube 2941.255.204 (depth 2, 28 lits): UNSAT in 12.02s
    cube 2941.255.205 (depth 2, 28 lits): UNSAT in 0.03s
    cube 2941.255.206 (depth 2, 28 lits): UNSAT in 0.10s
    cube 2941.255.207 (depth 2, 28 lits): UNSAT in 0.04s
    cube 2941.255.208 (depth 2, 28 lits): UNSAT in 0.34s
    cube 2941.255.209 (depth 2, 28 lits): UNSAT in 0.05s
    cube 2941.255.210 (depth 2, 28 lits): UNSAT in 0.11s
    cube 2941.255.211 (depth 2, 28 lits): UNSAT in 0.26s
    cube 2941.255.212 (depth 2, 28 lits): UNSAT in 1.23s
    cube 2941.255.213 (depth 2, 28 lits): UNSAT in 0.23s
    cube 2941.255.214 (depth 2, 28 lits): UNSAT in 2.93s
    cube 2941.255.215 (depth 2, 28 lits): UNSAT in 0.88s
    cube 2941.255.216 (depth 2, 28 lits): UNSAT in 10.39s
    cube 2941.255.217 (depth 2, 28 lits): UNSAT in 1.30s
    cube 2941.255.218 (depth 2, 28 lits): UNSAT in 3.86s
    cube 2941.255.219 (depth 2, 28 lits): UNSAT in 3.46s
    cube 2941.255.220 (depth 2, 28 lits): UNSAT in 43.50s
    cube 2941.255.221 (depth 2, 28 lits): UNSAT in 0.07s
    cube 2941.255.222 (depth 2, 28 lits): UNSAT in 0.07s
    cube 2941.255.223 (depth 2, 28 lits): UNSAT in 0.12s
    cube 2941.255.224 (depth 2, 28 lits): UNSAT in 0.70s
    cube 2941.255.225 (depth 2, 28 lits): UNSAT in 0.20s
    cube 2941.255.226 (depth 2, 28 lits): UNSAT in 0.37s
    cube 2941.255.227 (depth 2, 28 lits): UNSAT in 1.08s
    cube 2941.255.228 (depth 2, 28 lits): UNSAT in 2.22s
    cube 2941.255.229 (depth 2, 28 lits): UNSAT in 0.27s
    cube 2941.255.230 (depth 2, 28 lits): UNSAT in 0.16s
    cube 2941.255.231 (depth 2, 28 lits): UNSAT in 0.22s
    cube 2941.255.232 (depth 2, 28 lits): UNSAT in 0.45s
    cube 2941.255.233 (depth 2, 28 lits): UNSAT in 0.37s
    cube 2941.255.234 (depth 2, 28 lits): UNSAT in 1.07s
    cube 2941.255.235 (depth 2, 28 lits): UNSAT in 8.66s
    cube 2941.255.236 (depth 2, 28 lits): UNSAT in 45.65s
    cube 2941.255.237 (depth 2, 28 lits): UNSAT in 0.49s
    cube 2941.255.238 (depth 2, 28 lits): UNSAT in 3.44s
    cube 2941.255.239 (depth 2, 28 lits): UNSAT in 1.97s
    cube 2941.255.240 (depth 2, 28 lits): UNSAT in 23.70s
    cube 2941.255.241 (depth 2, 28 lits): UNSAT in 1.79s
    cube 2941.255.242 (depth 2, 28 lits): UNSAT in 3.84s
    cube 2941.255.243 (depth 2, 28 lits): UNSAT in 1.48s
    cube 2941.255.244 (depth 2, 28 lits): UNSAT in 288.77s
    cube 2941.255.245 (depth 2, 28 lits): UNSAT in 1.44s
    cube 2941.255.246 (depth 2, 28 lits): UNSAT in 8.02s
    cube 2941.255.247 (depth 2, 28 lits): UNSAT in 2.12s
    cube 2941.255.248 (depth 2, 28 lits): UNSAT in 91.67s
    cube 2941.255.249 (depth 2, 28 lits): UNSAT in 11.75s
    cube 2941.255.250 (depth 2, 28 lits): UNSAT in 117.23s
    cube 2941.255.251 (depth 2, 28 lits): UNSAT in 133.90s
    cube 2941.255.252 (depth 2, 28 lits): UNSAT in 952.53s

  shard 18 verdict: UNSAT (1 UNSAT, 0 unresolved) in 20091.5s
