  shard 9/24 (explicit): 1 of 4095 cubes, per-cube cap 1200.0s, re-split depth 7
    cube 3764 (depth 0, 12 lits): TIMEOUT in 1200.09s
    cube 3764 TIMEOUT -> re-split into 244 sub-cubes (depth 1)
    cube 3764.0 (depth 1, 20 lits): UNSAT in 0.01s
    cube 3764.1 (depth 1, 20 lits): UNSAT in 0.01s
    cube 3764.2 (depth 1, 19 lits): UNSAT in 0.01s
    cube 3764.3 (depth 1, 20 lits): UNSAT in 0.01s
    cube 3764.4 (depth 1, 20 lits): UNSAT in 0.02s
    cube 3764.5 (depth 1, 20 lits): UNSAT in 0.02s
    cube 3764.6 (depth 1, 20 lits): UNSAT in 0.02s
    cube 3764.7 (depth 1, 20 lits): UNSAT in 0.01s
    cube 3764.8 (depth 1, 20 lits): UNSAT in 0.03s
    cube 3764.9 (depth 1, 20 lits): UNSAT in 0.02s
    cube 3764.10 (depth 1, 20 lits): UNSAT in 0.02s
    cube 3764.11 (depth 1, 20 lits): UNSAT in 0.02s
    cube 3764.12 (depth 1, 20 lits): UNSAT in 0.02s
    cube 3764.13 (depth 1, 20 lits): UNSAT in 0.04s
    cube 3764.14 (depth 1, 20 lits): UNSAT in 0.04s
    cube 3764.15 (depth 1, 20 lits): UNSAT in 0.01s
    cube 3764.16 (depth 1, 20 lits): UNSAT in 0.02s
    cube 3764.17 (depth 1, 20 lits): UNSAT in 0.01s
    cube 3764.18 (depth 1, 20 lits): UNSAT in 0.02s
    cube 3764.19 (depth 1, 20 lits): UNSAT in 0.01s
    cube 3764.20 (depth 1, 20 lits): UNSAT in 0.02s
    cube 3764.21 (depth 1, 20 lits): UNSAT in 0.02s
    cube 3764.22 (depth 1, 20 lits): UNSAT in 0.07s
    cube 3764.23 (depth 1, 20 lits): UNSAT in 0.01s
    cube 3764.24 (depth 1, 20 lits): UNSAT in 0.02s
    cube 3764.25 (depth 1, 20 lits): UNSAT in 0.07s
    cube 3764.26 (depth 1, 20 lits): UNSAT in 0.11s
    cube 3764.27 (depth 1, 20 lits): UNSAT in 0.01s
    cube 3764.28 (depth 1, 20 lits): UNSAT in 0.06s
    cube 3764.29 (depth 1, 20 lits): UNSAT in 0.05s
    cube 3764.30 (depth 1, 20 lits): UNSAT in 0.14s
    cube 3764.31 (depth 1, 19 lits): UNSAT in 0.01s
    cube 3764.32 (depth 1, 20 lits): UNSAT in 0.02s
    cube 3764.33 (depth 1, 20 lits): UNSAT in 0.02s
    cube 3764.34 (depth 1, 20 lits): UNSAT in 0.01s
    cube 3764.35 (depth 1, 20 lits): UNSAT in 0.03s
    cube 3764.36 (depth 1, 20 lits): UNSAT in 0.02s
    cube 3764.37 (depth 1, 20 lits): UNSAT in 0.03s
    cube 3764.38 (depth 1, 20 lits): UNSAT in 0.01s
    cube 3764.39 (depth 1, 20 lits): UNSAT in 0.02s
    cube 3764.40 (depth 1, 20 lits): UNSAT in 0.02s
    cube 3764.41 (depth 1, 20 lits): UNSAT in 0.03s
    cube 3764.42 (depth 1, 20 lits): UNSAT in 0.04s
    cube 3764.43 (depth 1, 20 lits): UNSAT in 0.04s
    cube 3764.44 (depth 1, 20 lits): UNSAT in 0.06s
    cube 3764.45 (depth 1, 20 lits): UNSAT in 0.11s
    cube 3764.46 (depth 1, 20 lits): UNSAT in 0.01s
    cube 3764.47 (depth 1, 20 lits): UNSAT in 0.02s
    cube 3764.48 (depth 1, 20 lits): UNSAT in 0.09s
    cube 3764.49 (depth 1, 20 lits): UNSAT in 0.21s
    cube 3764.50 (depth 1, 19 lits): UNSAT in 0.02s
    cube 3764.51 (depth 1, 20 lits): UNSAT in 0.02s
    cube 3764.52 (depth 1, 20 lits): UNSAT in 0.05s
    cube 3764.53 (depth 1, 20 lits): UNSAT in 0.13s
    cube 3764.54 (depth 1, 20 lits): UNSAT in 0.09s
    cube 3764.55 (depth 1, 20 lits): UNSAT in 0.04s
    cube 3764.56 (depth 1, 20 lits): UNSAT in 0.05s
    cube 3764.57 (depth 1, 20 lits): UNSAT in 0.27s
    cube 3764.58 (depth 1, 20 lits): UNSAT in 0.48s
    cube 3764.59 (depth 1, 20 lits): UNSAT in 0.78s
    cube 3764.60 (depth 1, 20 lits): UNSAT in 0.57s
    cube 3764.61 (depth 1, 20 lits): UNSAT in 0.01s
    cube 3764.62 (depth 1, 20 lits): UNSAT in 0.01s
    cube 3764.63 (depth 1, 20 lits): UNSAT in 0.01s
    cube 3764.64 (depth 1, 20 lits): UNSAT in 0.02s
    cube 3764.65 (depth 1, 20 lits): UNSAT in 0.01s
    cube 3764.66 (depth 1, 20 lits): UNSAT in 0.01s
    cube 3764.67 (depth 1, 20 lits): UNSAT in 0.01s
    cube 3764.68 (depth 1, 20 lits): UNSAT in 0.02s
    cube 3764.69 (depth 1, 20 lits): UNSAT in 0.02s
    cube 3764.70 (depth 1, 20 lits): UNSAT in 0.02s
    cube 3764.71 (depth 1, 20 lits): UNSAT in 0.02s
    cube 3764.72 (depth 1, 20 lits): UNSAT in 0.03s
    cube 3764.73 (depth 1, 20 lits): UNSAT in 0.01s
    cube 3764.74 (depth 1, 20 lits): UNSAT in 0.02s
    cube 3764.75 (depth 1, 20 lits): UNSAT in 0.01s
    cube 3764.76 (depth 1, 20 lits): UNSAT in 0.09s
    cube 3764.77 (depth 1, 19 lits): UNSAT in 0.01s
    cube 3764.78 (depth 1, 20 lits): UNSAT in 0.01s
    cube 3764.79 (depth 1, 20 lits): UNSAT in 0.01s
    cube 3764.80 (depth 1, 20 lits): UNSAT in 0.02s
    cube 3764.81 (depth 1, 20 lits): UNSAT in 0.02s
    cube 3764.82 (depth 1, 20 lits): UNSAT in 0.02s
    cube 3764.83 (depth 1, 20 lits): UNSAT in 0.16s
    cube 3764.84 (depth 1, 20 lits): UNSAT in 0.10s
    cube 3764.85 (depth 1, 20 lits): UNSAT in 0.18s
    cube 3764.86 (depth 1, 20 lits): UNSAT in 0.02s
    cube 3764.87 (depth 1, 20 lits): UNSAT in 0.12s
    cube 3764.88 (depth 1, 20 lits): UNSAT in 0.02s
    cube 3764.89 (depth 1, 20 lits): UNSAT in 0.10s
    cube 3764.90 (depth 1, 20 lits): UNSAT in 0.09s
    cube 3764.91 (depth 1, 20 lits): UNSAT in 0.15s
    cube 3764.92 (depth 1, 20 lits): UNSAT in 0.02s
    cube 3764.93 (depth 1, 20 lits): UNSAT in 0.02s
    cube 3764.94 (depth 1, 20 lits): UNSAT in 0.02s
    cube 3764.95 (depth 1, 20 lits): UNSAT in 0.03s
    cube 3764.96 (depth 1, 20 lits): UNSAT in 0.03s
    cube 3764.97 (depth 1, 20 lits): UNSAT in 0.02s
    cube 3764.98 (depth 1, 20 lits): UNSAT in 0.03s
    cube 3764.99 (depth 1, 20 lits): UNSAT in 0.15s
    cube 3764.100 (depth 1, 20 lits): UNSAT in 0.01s
    cube 3764.101 (depth 1, 20 lits): UNSAT in 0.03s
    cube 3764.102 (depth 1, 20 lits): UNSAT in 0.05s
    cube 3764.103 (depth 1, 20 lits): UNSAT in 0.18s
    cube 3764.104 (depth 1, 20 lits): UNSAT in 0.09s
    cube 3764.105 (depth 1, 20 lits): UNSAT in 0.09s
    cube 3764.106 (depth 1, 20 lits): UNSAT in 0.03s
    cube 3764.107 (depth 1, 20 lits): UNSAT in 0.56s
    cube 3764.108 (depth 1, 20 lits): UNSAT in 0.03s
    cube 3764.109 (depth 1, 20 lits): UNSAT in 0.07s
    cube 3764.110 (depth 1, 20 lits): UNSAT in 0.04s
    cube 3764.111 (depth 1, 20 lits): UNSAT in 0.33s
    cube 3764.112 (depth 1, 20 lits): UNSAT in 0.02s
    cube 3764.113 (depth 1, 20 lits): UNSAT in 0.08s
    cube 3764.114 (depth 1, 20 lits): UNSAT in 0.03s
    cube 3764.115 (depth 1, 20 lits): UNSAT in 0.12s
    cube 3764.116 (depth 1, 20 lits): UNSAT in 0.20s
    cube 3764.117 (depth 1, 20 lits): UNSAT in 0.27s
    cube 3764.118 (depth 1, 20 lits): UNSAT in 0.07s
    cube 3764.119 (depth 1, 20 lits): UNSAT in 0.53s
    cube 3764.120 (depth 1, 20 lits): UNSAT in 0.02s
    cube 3764.121 (depth 1, 20 lits): UNSAT in 0.09s
    cube 3764.122 (depth 1, 20 lits): UNSAT in 0.20s
    cube 3764.123 (depth 1, 20 lits): UNSAT in 0.83s
    cube 3764.124 (depth 1, 19 lits): UNSAT in 0.01s
    cube 3764.125 (depth 1, 19 lits): UNSAT in 0.01s
    cube 3764.126 (depth 1, 19 lits): UNSAT in 0.01s
    cube 3764.127 (depth 1, 20 lits): UNSAT in 0.01s
    cube 3764.128 (depth 1, 20 lits): UNSAT in 0.02s
    cube 3764.129 (depth 1, 18 lits): UNSAT in 0.01s
    cube 3764.130 (depth 1, 19 lits): UNSAT in 0.01s
    cube 3764.131 (depth 1, 20 lits): UNSAT in 0.02s
    cube 3764.132 (depth 1, 20 lits): UNSAT in 0.01s
    cube 3764.133 (depth 1, 19 lits): UNSAT in 0.01s
    cube 3764.134 (depth 1, 20 lits): UNSAT in 0.02s
    cube 3764.135 (depth 1, 20 lits): UNSAT in 0.03s
    cube 3764.136 (depth 1, 20 lits): UNSAT in 0.02s
    cube 3764.137 (depth 1, 20 lits): UNSAT in 0.01s
    cube 3764.138 (depth 1, 20 lits): UNSAT in 0.18s
    cube 3764.139 (depth 1, 20 lits): UNSAT in 0.16s
    cube 3764.140 (depth 1, 20 lits): UNSAT in 0.01s
    cube 3764.141 (depth 1, 20 lits): UNSAT in 0.04s
    cube 3764.142 (depth 1, 20 lits): UNSAT in 0.08s
    cube 3764.143 (depth 1, 20 lits): UNSAT in 0.06s
    cube 3764.144 (depth 1, 20 lits): UNSAT in 0.04s
    cube 3764.145 (depth 1, 20 lits): UNSAT in 0.16s
    cube 3764.146 (depth 1, 20 lits): UNSAT in 0.03s
    cube 3764.147 (depth 1, 20 lits): UNSAT in 0.21s
    cube 3764.148 (depth 1, 20 lits): UNSAT in 0.01s
    cube 3764.149 (depth 1, 20 lits): UNSAT in 0.01s
    cube 3764.150 (depth 1, 20 lits): UNSAT in 0.02s
    cube 3764.151 (depth 1, 20 lits): UNSAT in 0.03s
    cube 3764.152 (depth 1, 20 lits): UNSAT in 0.04s
    cube 3764.153 (depth 1, 20 lits): UNSAT in 0.05s
    cube 3764.154 (depth 1, 20 lits): UNSAT in 0.08s
    cube 3764.155 (depth 1, 20 lits): UNSAT in 0.24s
    cube 3764.156 (depth 1, 20 lits): UNSAT in 0.02s
    cube 3764.157 (depth 1, 20 lits): UNSAT in 0.04s
    cube 3764.158 (depth 1, 20 lits): UNSAT in 0.07s
    cube 3764.159 (depth 1, 20 lits): UNSAT in 0.14s
    cube 3764.160 (depth 1, 20 lits): UNSAT in 0.01s
    cube 3764.161 (depth 1, 20 lits): UNSAT in 0.04s
    cube 3764.162 (depth 1, 20 lits): UNSAT in 0.14s
    cube 3764.163 (depth 1, 20 lits): UNSAT in 0.01s
    cube 3764.164 (depth 1, 20 lits): UNSAT in 0.01s
    cube 3764.165 (depth 1, 20 lits): UNSAT in 0.06s
    cube 3764.166 (depth 1, 20 lits): UNSAT in 0.02s
    cube 3764.167 (depth 1, 20 lits): UNSAT in 0.02s
    cube 3764.168 (depth 1, 20 lits): UNSAT in 0.01s
    cube 3764.169 (depth 1, 20 lits): UNSAT in 0.02s
    cube 3764.170 (depth 1, 20 lits): UNSAT in 0.03s
    cube 3764.171 (depth 1, 20 lits): UNSAT in 0.13s
    cube 3764.172 (depth 1, 20 lits): UNSAT in 0.02s
    cube 3764.173 (depth 1, 20 lits): UNSAT in 0.03s
    cube 3764.174 (depth 1, 20 lits): UNSAT in 0.15s
    cube 3764.175 (depth 1, 20 lits): UNSAT in 0.29s
    cube 3764.176 (depth 1, 20 lits): UNSAT in 0.37s
    cube 3764.177 (depth 1, 20 lits): UNSAT in 0.76s
    cube 3764.178 (depth 1, 20 lits): UNSAT in 0.47s
    cube 3764.179 (depth 1, 20 lits): UNSAT in 2.77s
    cube 3764.180 (depth 1, 20 lits): UNSAT in 0.01s
    cube 3764.181 (depth 1, 20 lits): UNSAT in 0.02s
    cube 3764.182 (depth 1, 20 lits): UNSAT in 0.01s
    cube 3764.183 (depth 1, 20 lits): UNSAT in 0.02s
    cube 3764.184 (depth 1, 20 lits): UNSAT in 0.01s
    cube 3764.185 (depth 1, 20 lits): UNSAT in 0.02s
    cube 3764.186 (depth 1, 20 lits): UNSAT in 0.01s
    cube 3764.187 (depth 1, 20 lits): UNSAT in 0.07s
    cube 3764.188 (depth 1, 20 lits): UNSAT in 0.03s
    cube 3764.189 (depth 1, 20 lits): UNSAT in 0.03s
    cube 3764.190 (depth 1, 20 lits): UNSAT in 0.03s
    cube 3764.191 (depth 1, 20 lits): UNSAT in 0.19s
    cube 3764.192 (depth 1, 20 lits): UNSAT in 0.10s
    cube 3764.193 (depth 1, 20 lits): UNSAT in 0.05s
    cube 3764.194 (depth 1, 20 lits): UNSAT in 0.21s
    cube 3764.195 (depth 1, 20 lits): UNSAT in 0.20s
    cube 3764.196 (depth 1, 20 lits): UNSAT in 0.10s
    cube 3764.197 (depth 1, 20 lits): UNSAT in 0.18s
    cube 3764.198 (depth 1, 20 lits): UNSAT in 0.09s
    cube 3764.199 (depth 1, 20 lits): UNSAT in 0.18s
    cube 3764.200 (depth 1, 20 lits): UNSAT in 0.15s
    cube 3764.201 (depth 1, 20 lits): UNSAT in 0.88s
    cube 3764.202 (depth 1, 20 lits): UNSAT in 1.28s
    cube 3764.203 (depth 1, 20 lits): UNSAT in 0.88s
    cube 3764.204 (depth 1, 20 lits): UNSAT in 0.07s
    cube 3764.205 (depth 1, 20 lits): UNSAT in 0.20s
    cube 3764.206 (depth 1, 20 lits): UNSAT in 0.05s
    cube 3764.207 (depth 1, 20 lits): UNSAT in 0.34s
    cube 3764.208 (depth 1, 20 lits): UNSAT in 0.21s
    cube 3764.209 (depth 1, 20 lits): UNSAT in 1.06s
    cube 3764.210 (depth 1, 20 lits): UNSAT in 2.08s
    cube 3764.211 (depth 1, 20 lits): UNSAT in 11.18s
    cube 3764.212 (depth 1, 20 lits): UNSAT in 0.03s
    cube 3764.213 (depth 1, 20 lits): UNSAT in 0.12s
    cube 3764.214 (depth 1, 20 lits): UNSAT in 0.18s
    cube 3764.215 (depth 1, 20 lits): UNSAT in 0.22s
    cube 3764.216 (depth 1, 20 lits): UNSAT in 0.04s
    cube 3764.217 (depth 1, 20 lits): UNSAT in 0.08s
    cube 3764.218 (depth 1, 20 lits): UNSAT in 0.28s
    cube 3764.219 (depth 1, 20 lits): UNSAT in 0.57s
    cube 3764.220 (depth 1, 20 lits): UNSAT in 0.06s
    cube 3764.221 (depth 1, 20 lits): UNSAT in 0.17s
    cube 3764.222 (depth 1, 20 lits): UNSAT in 0.13s
    cube 3764.223 (depth 1, 20 lits): UNSAT in 0.30s
    cube 3764.224 (depth 1, 20 lits): UNSAT in 0.12s
    cube 3764.225 (depth 1, 20 lits): UNSAT in 0.35s
    cube 3764.226 (depth 1, 20 lits): UNSAT in 1.77s
    cube 3764.227 (depth 1, 20 lits): UNSAT in 12.43s
    cube 3764.228 (depth 1, 20 lits): UNSAT in 0.10s
    cube 3764.229 (depth 1, 20 lits): UNSAT in 0.16s
    cube 3764.230 (depth 1, 20 lits): UNSAT in 0.38s
    cube 3764.231 (depth 1, 20 lits): UNSAT in 0.96s
    cube 3764.232 (depth 1, 20 lits): UNSAT in 0.39s
    cube 3764.233 (depth 1, 20 lits): UNSAT in 1.91s
    cube 3764.234 (depth 1, 20 lits): UNSAT in 0.33s
    cube 3764.235 (depth 1, 20 lits): UNSAT in 12.86s
    cube 3764.236 (depth 1, 20 lits): UNSAT in 0.05s
    cube 3764.237 (depth 1, 20 lits): UNSAT in 0.32s
    cube 3764.238 (depth 1, 20 lits): UNSAT in 2.47s
    cube 3764.239 (depth 1, 20 lits): UNSAT in 11.69s
    cube 3764.240 (depth 1, 20 lits): UNSAT in 1.64s
    cube 3764.241 (depth 1, 20 lits): UNSAT in 16.72s
    cube 3764.242 (depth 1, 20 lits): UNSAT in 20.97s
    cube 3764.243 (depth 1, 20 lits): UNSAT in 20.12s

  shard 9 verdict: UNSAT (1 UNSAT, 0 unresolved) in 1348.6s
