  shard 14/24 (explicit): 1 of 4095 cubes, per-cube cap 1200.0s, re-split depth 7
    cube 3769 (depth 0, 12 lits): TIMEOUT in 1200.01s
    cube 3769 TIMEOUT -> re-split into 248 sub-cubes (depth 1)
    cube 3769.0 (depth 1, 20 lits): UNSAT in 0.01s
    cube 3769.1 (depth 1, 20 lits): UNSAT in 0.02s
    cube 3769.2 (depth 1, 19 lits): UNSAT in 0.02s
    cube 3769.3 (depth 1, 19 lits): UNSAT in 0.01s
    cube 3769.4 (depth 1, 20 lits): UNSAT in 0.02s
    cube 3769.5 (depth 1, 20 lits): UNSAT in 0.02s
    cube 3769.6 (depth 1, 19 lits): UNSAT in 0.02s
    cube 3769.7 (depth 1, 20 lits): UNSAT in 0.01s
    cube 3769.8 (depth 1, 20 lits): UNSAT in 0.02s
    cube 3769.9 (depth 1, 20 lits): UNSAT in 0.02s
    cube 3769.10 (depth 1, 20 lits): UNSAT in 0.02s
    cube 3769.11 (depth 1, 20 lits): UNSAT in 0.02s
    cube 3769.12 (depth 1, 20 lits): UNSAT in 0.02s
    cube 3769.13 (depth 1, 20 lits): UNSAT in 0.02s
    cube 3769.14 (depth 1, 20 lits): UNSAT in 0.02s
    cube 3769.15 (depth 1, 20 lits): UNSAT in 0.02s
    cube 3769.16 (depth 1, 20 lits): UNSAT in 0.02s
    cube 3769.17 (depth 1, 20 lits): UNSAT in 0.01s
    cube 3769.18 (depth 1, 20 lits): UNSAT in 0.01s
    cube 3769.19 (depth 1, 20 lits): UNSAT in 0.03s
    cube 3769.20 (depth 1, 20 lits): UNSAT in 0.03s
    cube 3769.21 (depth 1, 20 lits): UNSAT in 0.01s
    cube 3769.22 (depth 1, 20 lits): UNSAT in 0.02s
    cube 3769.23 (depth 1, 20 lits): UNSAT in 0.02s
    cube 3769.24 (depth 1, 20 lits): UNSAT in 0.03s
    cube 3769.25 (depth 1, 20 lits): UNSAT in 0.02s
    cube 3769.26 (depth 1, 20 lits): UNSAT in 0.03s
    cube 3769.27 (depth 1, 20 lits): UNSAT in 0.08s
    cube 3769.28 (depth 1, 20 lits): UNSAT in 0.03s
    cube 3769.29 (depth 1, 20 lits): UNSAT in 0.01s
    cube 3769.30 (depth 1, 20 lits): UNSAT in 0.02s
    cube 3769.31 (depth 1, 20 lits): UNSAT in 0.01s
    cube 3769.32 (depth 1, 20 lits): UNSAT in 0.03s
    cube 3769.33 (depth 1, 20 lits): UNSAT in 0.02s
    cube 3769.34 (depth 1, 20 lits): UNSAT in 0.03s
    cube 3769.35 (depth 1, 20 lits): UNSAT in 0.03s
    cube 3769.36 (depth 1, 20 lits): UNSAT in 0.02s
    cube 3769.37 (depth 1, 19 lits): UNSAT in 0.01s
    cube 3769.38 (depth 1, 19 lits): UNSAT in 0.02s
    cube 3769.39 (depth 1, 20 lits): UNSAT in 0.01s
    cube 3769.40 (depth 1, 20 lits): UNSAT in 0.02s
    cube 3769.41 (depth 1, 20 lits): UNSAT in 0.02s
    cube 3769.42 (depth 1, 20 lits): UNSAT in 0.02s
    cube 3769.43 (depth 1, 19 lits): UNSAT in 0.02s
    cube 3769.44 (depth 1, 20 lits): UNSAT in 0.01s
    cube 3769.45 (depth 1, 20 lits): UNSAT in 0.02s
    cube 3769.46 (depth 1, 20 lits): UNSAT in 0.04s
    cube 3769.47 (depth 1, 20 lits): UNSAT in 0.05s
    cube 3769.48 (depth 1, 20 lits): UNSAT in 0.08s
    cube 3769.49 (depth 1, 20 lits): UNSAT in 0.04s
    cube 3769.50 (depth 1, 20 lits): UNSAT in 0.04s
    cube 3769.51 (depth 1, 20 lits): UNSAT in 0.03s
    cube 3769.52 (depth 1, 20 lits): UNSAT in 0.04s
    cube 3769.53 (depth 1, 20 lits): UNSAT in 0.03s
    cube 3769.54 (depth 1, 20 lits): UNSAT in 0.33s
    cube 3769.55 (depth 1, 20 lits): UNSAT in 0.56s
    cube 3769.56 (depth 1, 20 lits): UNSAT in 0.37s
    cube 3769.57 (depth 1, 20 lits): UNSAT in 0.14s
    cube 3769.58 (depth 1, 20 lits): UNSAT in 0.01s
    cube 3769.59 (depth 1, 20 lits): UNSAT in 0.02s
    cube 3769.60 (depth 1, 19 lits): UNSAT in 0.02s
    cube 3769.61 (depth 1, 20 lits): UNSAT in 0.02s
    cube 3769.62 (depth 1, 20 lits): UNSAT in 0.07s
    cube 3769.63 (depth 1, 20 lits): UNSAT in 0.15s
    cube 3769.64 (depth 1, 20 lits): UNSAT in 0.08s
    cube 3769.65 (depth 1, 20 lits): UNSAT in 0.02s
    cube 3769.66 (depth 1, 20 lits): UNSAT in 0.03s
    cube 3769.67 (depth 1, 20 lits): UNSAT in 0.05s
    cube 3769.68 (depth 1, 20 lits): UNSAT in 0.03s
    cube 3769.69 (depth 1, 20 lits): UNSAT in 0.09s
    cube 3769.70 (depth 1, 20 lits): UNSAT in 0.10s
    cube 3769.71 (depth 1, 20 lits): UNSAT in 0.05s
    cube 3769.72 (depth 1, 20 lits): UNSAT in 0.30s
    cube 3769.73 (depth 1, 20 lits): UNSAT in 0.02s
    cube 3769.74 (depth 1, 20 lits): UNSAT in 0.03s
    cube 3769.75 (depth 1, 20 lits): UNSAT in 0.04s
    cube 3769.76 (depth 1, 20 lits): UNSAT in 0.17s
    cube 3769.77 (depth 1, 20 lits): UNSAT in 0.05s
    cube 3769.78 (depth 1, 20 lits): UNSAT in 0.18s
    cube 3769.79 (depth 1, 20 lits): UNSAT in 0.18s
    cube 3769.80 (depth 1, 20 lits): UNSAT in 0.14s
    cube 3769.81 (depth 1, 20 lits): UNSAT in 0.03s
    cube 3769.82 (depth 1, 20 lits): UNSAT in 0.13s
    cube 3769.83 (depth 1, 20 lits): UNSAT in 0.27s
    cube 3769.84 (depth 1, 20 lits): UNSAT in 0.23s
    cube 3769.85 (depth 1, 20 lits): UNSAT in 0.05s
    cube 3769.86 (depth 1, 20 lits): UNSAT in 0.04s
    cube 3769.87 (depth 1, 20 lits): UNSAT in 0.06s
    cube 3769.88 (depth 1, 20 lits): UNSAT in 0.15s
    cube 3769.89 (depth 1, 20 lits): UNSAT in 0.03s
    cube 3769.90 (depth 1, 20 lits): UNSAT in 0.03s
    cube 3769.91 (depth 1, 20 lits): UNSAT in 0.04s
    cube 3769.92 (depth 1, 20 lits): UNSAT in 0.07s
    cube 3769.93 (depth 1, 20 lits): UNSAT in 0.04s
    cube 3769.94 (depth 1, 20 lits): UNSAT in 0.21s
    cube 3769.95 (depth 1, 20 lits): UNSAT in 0.15s
    cube 3769.96 (depth 1, 20 lits): UNSAT in 0.42s
    cube 3769.97 (depth 1, 20 lits): UNSAT in 0.04s
    cube 3769.98 (depth 1, 20 lits): UNSAT in 0.02s
    cube 3769.99 (depth 1, 20 lits): UNSAT in 0.05s
    cube 3769.100 (depth 1, 20 lits): UNSAT in 0.06s
    cube 3769.101 (depth 1, 20 lits): UNSAT in 0.03s
    cube 3769.102 (depth 1, 20 lits): UNSAT in 0.12s
    cube 3769.103 (depth 1, 20 lits): UNSAT in 0.35s
    cube 3769.104 (depth 1, 20 lits): UNSAT in 0.33s
    cube 3769.105 (depth 1, 20 lits): UNSAT in 0.04s
    cube 3769.106 (depth 1, 20 lits): UNSAT in 0.64s
    cube 3769.107 (depth 1, 20 lits): UNSAT in 0.99s
    cube 3769.108 (depth 1, 20 lits): UNSAT in 4.60s
    cube 3769.109 (depth 1, 20 lits): UNSAT in 0.30s
    cube 3769.110 (depth 1, 20 lits): UNSAT in 1.33s
    cube 3769.111 (depth 1, 20 lits): UNSAT in 1.48s
    cube 3769.112 (depth 1, 20 lits): UNSAT in 6.89s
    cube 3769.113 (depth 1, 20 lits): UNSAT in 0.30s
    cube 3769.114 (depth 1, 20 lits): UNSAT in 1.44s
    cube 3769.115 (depth 1, 20 lits): UNSAT in 0.71s
    cube 3769.116 (depth 1, 20 lits): UNSAT in 1.44s
    cube 3769.117 (depth 1, 20 lits): UNSAT in 1.24s
    cube 3769.118 (depth 1, 20 lits): UNSAT in 3.71s
    cube 3769.119 (depth 1, 20 lits): UNSAT in 3.89s
    cube 3769.120 (depth 1, 20 lits): UNSAT in 2.83s
    cube 3769.121 (depth 1, 19 lits): UNSAT in 0.01s
    cube 3769.122 (depth 1, 20 lits): UNSAT in 0.01s
    cube 3769.123 (depth 1, 20 lits): UNSAT in 0.02s
    cube 3769.124 (depth 1, 20 lits): UNSAT in 0.02s
    cube 3769.125 (depth 1, 20 lits): UNSAT in 0.03s
    cube 3769.126 (depth 1, 20 lits): UNSAT in 0.04s
    cube 3769.127 (depth 1, 20 lits): UNSAT in 0.07s
    cube 3769.128 (depth 1, 20 lits): UNSAT in 0.01s
    cube 3769.129 (depth 1, 20 lits): UNSAT in 0.05s
    cube 3769.130 (depth 1, 20 lits): UNSAT in 0.03s
    cube 3769.131 (depth 1, 20 lits): UNSAT in 0.02s
    cube 3769.132 (depth 1, 20 lits): UNSAT in 0.04s
    cube 3769.133 (depth 1, 20 lits): UNSAT in 0.07s
    cube 3769.134 (depth 1, 20 lits): UNSAT in 0.04s
    cube 3769.135 (depth 1, 20 lits): UNSAT in 0.14s
    cube 3769.136 (depth 1, 20 lits): UNSAT in 0.02s
    cube 3769.137 (depth 1, 20 lits): UNSAT in 0.02s
    cube 3769.138 (depth 1, 20 lits): UNSAT in 0.03s
    cube 3769.139 (depth 1, 20 lits): UNSAT in 0.05s
    cube 3769.140 (depth 1, 20 lits): UNSAT in 0.02s
    cube 3769.141 (depth 1, 20 lits): UNSAT in 0.02s
    cube 3769.142 (depth 1, 20 lits): UNSAT in 0.08s
    cube 3769.143 (depth 1, 20 lits): UNSAT in 0.10s
    cube 3769.144 (depth 1, 20 lits): UNSAT in 0.05s
    cube 3769.145 (depth 1, 20 lits): UNSAT in 0.05s
    cube 3769.146 (depth 1, 20 lits): UNSAT in 0.03s
    cube 3769.147 (depth 1, 20 lits): UNSAT in 0.07s
    cube 3769.148 (depth 1, 20 lits): UNSAT in 0.02s
    cube 3769.149 (depth 1, 20 lits): UNSAT in 0.03s
    cube 3769.150 (depth 1, 20 lits): UNSAT in 0.05s
    cube 3769.151 (depth 1, 20 lits): UNSAT in 0.07s
    cube 3769.152 (depth 1, 20 lits): UNSAT in 0.01s
    cube 3769.153 (depth 1, 20 lits): UNSAT in 0.02s
    cube 3769.154 (depth 1, 20 lits): UNSAT in 0.02s
    cube 3769.155 (depth 1, 20 lits): UNSAT in 0.04s
    cube 3769.156 (depth 1, 20 lits): UNSAT in 0.03s
    cube 3769.157 (depth 1, 20 lits): UNSAT in 0.05s
    cube 3769.158 (depth 1, 20 lits): UNSAT in 0.06s
    cube 3769.159 (depth 1, 20 lits): UNSAT in 0.28s
    cube 3769.160 (depth 1, 20 lits): UNSAT in 0.09s
    cube 3769.161 (depth 1, 20 lits): UNSAT in 0.08s
    cube 3769.162 (depth 1, 20 lits): UNSAT in 0.11s
    cube 3769.163 (depth 1, 20 lits): UNSAT in 0.40s
    cube 3769.164 (depth 1, 20 lits): UNSAT in 0.11s
    cube 3769.165 (depth 1, 20 lits): UNSAT in 0.16s
    cube 3769.166 (depth 1, 20 lits): UNSAT in 0.21s
    cube 3769.167 (depth 1, 20 lits): UNSAT in 0.78s
    cube 3769.168 (depth 1, 20 lits): UNSAT in 0.02s
    cube 3769.169 (depth 1, 20 lits): UNSAT in 0.07s
    cube 3769.170 (depth 1, 20 lits): UNSAT in 0.23s
    cube 3769.171 (depth 1, 20 lits): UNSAT in 0.16s
    cube 3769.172 (depth 1, 20 lits): UNSAT in 0.07s
    cube 3769.173 (depth 1, 20 lits): UNSAT in 0.21s
    cube 3769.174 (depth 1, 20 lits): UNSAT in 0.22s
    cube 3769.175 (depth 1, 20 lits): UNSAT in 0.19s
    cube 3769.176 (depth 1, 20 lits): UNSAT in 0.05s
    cube 3769.177 (depth 1, 20 lits): UNSAT in 0.18s
    cube 3769.178 (depth 1, 20 lits): UNSAT in 0.03s
    cube 3769.179 (depth 1, 20 lits): UNSAT in 0.56s
    cube 3769.180 (depth 1, 20 lits): UNSAT in 0.11s
    cube 3769.181 (depth 1, 20 lits): UNSAT in 0.49s
    cube 3769.182 (depth 1, 20 lits): UNSAT in 0.10s
    cube 3769.183 (depth 1, 20 lits): UNSAT in 1.45s
    cube 3769.184 (depth 1, 20 lits): UNSAT in 0.02s
    cube 3769.185 (depth 1, 20 lits): UNSAT in 0.03s
    cube 3769.186 (depth 1, 20 lits): UNSAT in 0.14s
    cube 3769.187 (depth 1, 20 lits): UNSAT in 0.12s
    cube 3769.188 (depth 1, 20 lits): UNSAT in 0.03s
    cube 3769.189 (depth 1, 20 lits): UNSAT in 0.07s
    cube 3769.190 (depth 1, 20 lits): UNSAT in 0.09s
    cube 3769.191 (depth 1, 20 lits): UNSAT in 0.24s
    cube 3769.192 (depth 1, 20 lits): UNSAT in 0.03s
    cube 3769.193 (depth 1, 20 lits): UNSAT in 0.10s
    cube 3769.194 (depth 1, 20 lits): UNSAT in 0.04s
    cube 3769.195 (depth 1, 20 lits): UNSAT in 0.07s
    cube 3769.196 (depth 1, 20 lits): UNSAT in 0.07s
    cube 3769.197 (depth 1, 20 lits): UNSAT in 0.11s
    cube 3769.198 (depth 1, 20 lits): UNSAT in 0.09s
    cube 3769.199 (depth 1, 20 lits): UNSAT in 0.35s
    cube 3769.200 (depth 1, 20 lits): UNSAT in 0.02s
    cube 3769.201 (depth 1, 20 lits): UNSAT in 0.03s
    cube 3769.202 (depth 1, 20 lits): UNSAT in 0.04s
    cube 3769.203 (depth 1, 20 lits): UNSAT in 0.18s
    cube 3769.204 (depth 1, 20 lits): UNSAT in 0.05s
    cube 3769.205 (depth 1, 20 lits): UNSAT in 0.27s
    cube 3769.206 (depth 1, 20 lits): UNSAT in 0.15s
    cube 3769.207 (depth 1, 20 lits): UNSAT in 0.71s
    cube 3769.208 (depth 1, 20 lits): UNSAT in 0.62s
    cube 3769.209 (depth 1, 20 lits): UNSAT in 0.63s
    cube 3769.210 (depth 1, 20 lits): UNSAT in 2.57s
    cube 3769.211 (depth 1, 20 lits): UNSAT in 1.08s
    cube 3769.212 (depth 1, 20 lits): UNSAT in 1.73s
    cube 3769.213 (depth 1, 20 lits): UNSAT in 1.56s
    cube 3769.214 (depth 1, 20 lits): UNSAT in 2.09s
    cube 3769.215 (depth 1, 20 lits): UNSAT in 4.25s
    cube 3769.216 (depth 1, 20 lits): UNSAT in 0.03s
    cube 3769.217 (depth 1, 20 lits): UNSAT in 0.19s
    cube 3769.218 (depth 1, 20 lits): UNSAT in 0.11s
    cube 3769.219 (depth 1, 20 lits): UNSAT in 0.70s
    cube 3769.220 (depth 1, 20 lits): UNSAT in 0.15s
    cube 3769.221 (depth 1, 20 lits): UNSAT in 0.22s
    cube 3769.222 (depth 1, 20 lits): UNSAT in 0.23s
    cube 3769.223 (depth 1, 20 lits): UNSAT in 1.58s
    cube 3769.224 (depth 1, 20 lits): UNSAT in 0.24s
    cube 3769.225 (depth 1, 20 lits): UNSAT in 0.47s
    cube 3769.226 (depth 1, 20 lits): UNSAT in 0.67s
    cube 3769.227 (depth 1, 20 lits): UNSAT in 2.92s
    cube 3769.228 (depth 1, 20 lits): UNSAT in 0.29s
    cube 3769.229 (depth 1, 20 lits): UNSAT in 2.33s
    cube 3769.230 (depth 1, 20 lits): UNSAT in 13.18s
    cube 3769.231 (depth 1, 20 lits): UNSAT in 69.82s
    cube 3769.232 (depth 1, 20 lits): UNSAT in 0.12s
    cube 3769.233 (depth 1, 20 lits): UNSAT in 0.05s
    cube 3769.234 (depth 1, 20 lits): UNSAT in 0.06s
    cube 3769.235 (depth 1, 20 lits): UNSAT in 0.77s
    cube 3769.236 (depth 1, 20 lits): UNSAT in 0.30s
    cube 3769.237 (depth 1, 20 lits): UNSAT in 1.43s
    cube 3769.238 (depth 1, 20 lits): UNSAT in 0.89s
    cube 3769.239 (depth 1, 20 lits): UNSAT in 6.42s
    cube 3769.240 (depth 1, 20 lits): UNSAT in 0.15s
    cube 3769.241 (depth 1, 20 lits): UNSAT in 0.28s
    cube 3769.242 (depth 1, 20 lits): UNSAT in 0.18s
    cube 3769.243 (depth 1, 20 lits): UNSAT in 3.06s
    cube 3769.244 (depth 1, 20 lits): UNSAT in 0.73s
    cube 3769.245 (depth 1, 20 lits): UNSAT in 4.22s
    cube 3769.246 (depth 1, 20 lits): UNSAT in 12.74s
    cube 3769.247 (depth 1, 20 lits): UNSAT in 15.59s

  shard 14 verdict: UNSAT (1 UNSAT, 0 unresolved) in 1409.5s
