  shard 2/24 (explicit): 1 of 4095 cubes, per-cube cap 1200.0s, re-split depth 7
    cube 3718 (depth 0, 12 lits): TIMEOUT in 1200.10s
    cube 3718 TIMEOUT -> re-split into 229 sub-cubes (depth 1)
    cube 3718.0 (depth 1, 17 lits): UNSAT in 0.01s
    cube 3718.1 (depth 1, 17 lits): UNSAT in 0.02s
    cube 3718.2 (depth 1, 18 lits): UNSAT in 0.02s
    cube 3718.3 (depth 1, 18 lits): UNSAT in 0.02s
    cube 3718.4 (depth 1, 20 lits): UNSAT in 0.01s
    cube 3718.5 (depth 1, 20 lits): UNSAT in 0.02s
    cube 3718.6 (depth 1, 20 lits): UNSAT in 0.01s
    cube 3718.7 (depth 1, 20 lits): UNSAT in 0.02s
    cube 3718.8 (depth 1, 20 lits): UNSAT in 0.01s
    cube 3718.9 (depth 1, 20 lits): UNSAT in 0.02s
    cube 3718.10 (depth 1, 20 lits): UNSAT in 0.03s
    cube 3718.11 (depth 1, 20 lits): UNSAT in 0.04s
    cube 3718.12 (depth 1, 19 lits): UNSAT in 0.01s
    cube 3718.13 (depth 1, 20 lits): UNSAT in 0.01s
    cube 3718.14 (depth 1, 20 lits): UNSAT in 0.02s
    cube 3718.15 (depth 1, 20 lits): UNSAT in 0.01s
    cube 3718.16 (depth 1, 20 lits): UNSAT in 0.02s
    cube 3718.17 (depth 1, 20 lits): UNSAT in 0.02s
    cube 3718.18 (depth 1, 20 lits): UNSAT in 0.03s
    cube 3718.19 (depth 1, 20 lits): UNSAT in 0.01s
    cube 3718.20 (depth 1, 20 lits): UNSAT in 0.03s
    cube 3718.21 (depth 1, 20 lits): UNSAT in 0.02s
    cube 3718.22 (depth 1, 20 lits): UNSAT in 0.02s
    cube 3718.23 (depth 1, 20 lits): UNSAT in 0.02s
    cube 3718.24 (depth 1, 20 lits): UNSAT in 0.02s
    cube 3718.25 (depth 1, 20 lits): UNSAT in 0.03s
    cube 3718.26 (depth 1, 20 lits): UNSAT in 0.05s
    cube 3718.27 (depth 1, 19 lits): UNSAT in 0.01s
    cube 3718.28 (depth 1, 20 lits): UNSAT in 0.01s
    cube 3718.29 (depth 1, 20 lits): UNSAT in 0.02s
    cube 3718.30 (depth 1, 20 lits): UNSAT in 0.01s
    cube 3718.31 (depth 1, 20 lits): UNSAT in 0.02s
    cube 3718.32 (depth 1, 20 lits): UNSAT in 0.03s
    cube 3718.33 (depth 1, 20 lits): UNSAT in 0.04s
    cube 3718.34 (depth 1, 20 lits): UNSAT in 0.02s
    cube 3718.35 (depth 1, 20 lits): UNSAT in 0.03s
    cube 3718.36 (depth 1, 20 lits): UNSAT in 0.01s
    cube 3718.37 (depth 1, 20 lits): UNSAT in 0.03s
    cube 3718.38 (depth 1, 20 lits): UNSAT in 0.03s
    cube 3718.39 (depth 1, 20 lits): UNSAT in 0.07s
    cube 3718.40 (depth 1, 20 lits): UNSAT in 0.10s
    cube 3718.41 (depth 1, 20 lits): UNSAT in 0.10s
    cube 3718.42 (depth 1, 20 lits): UNSAT in 0.01s
    cube 3718.43 (depth 1, 20 lits): UNSAT in 0.02s
    cube 3718.44 (depth 1, 20 lits): UNSAT in 0.01s
    cube 3718.45 (depth 1, 20 lits): UNSAT in 0.02s
    cube 3718.46 (depth 1, 19 lits): UNSAT in 0.01s
    cube 3718.47 (depth 1, 20 lits): UNSAT in 0.01s
    cube 3718.48 (depth 1, 20 lits): UNSAT in 0.03s
    cube 3718.49 (depth 1, 18 lits): UNSAT in 0.01s
    cube 3718.50 (depth 1, 20 lits): UNSAT in 0.01s
    cube 3718.51 (depth 1, 20 lits): UNSAT in 0.02s
    cube 3718.52 (depth 1, 20 lits): UNSAT in 0.02s
    cube 3718.53 (depth 1, 20 lits): UNSAT in 0.07s
    cube 3718.54 (depth 1, 20 lits): UNSAT in 0.01s
    cube 3718.55 (depth 1, 20 lits): UNSAT in 0.01s
    cube 3718.56 (depth 1, 20 lits): UNSAT in 0.02s
    cube 3718.57 (depth 1, 20 lits): UNSAT in 0.02s
    cube 3718.58 (depth 1, 20 lits): UNSAT in 0.01s
    cube 3718.59 (depth 1, 20 lits): UNSAT in 0.01s
    cube 3718.60 (depth 1, 20 lits): UNSAT in 0.01s
    cube 3718.61 (depth 1, 20 lits): UNSAT in 0.02s
    cube 3718.62 (depth 1, 20 lits): UNSAT in 0.02s
    cube 3718.63 (depth 1, 20 lits): UNSAT in 0.01s
    cube 3718.64 (depth 1, 20 lits): UNSAT in 0.01s
    cube 3718.65 (depth 1, 20 lits): UNSAT in 0.04s
    cube 3718.66 (depth 1, 20 lits): UNSAT in 0.02s
    cube 3718.67 (depth 1, 20 lits): UNSAT in 0.10s
    cube 3718.68 (depth 1, 20 lits): UNSAT in 0.04s
    cube 3718.69 (depth 1, 20 lits): UNSAT in 0.14s
    cube 3718.70 (depth 1, 20 lits): UNSAT in 0.01s
    cube 3718.71 (depth 1, 20 lits): UNSAT in 0.02s
    cube 3718.72 (depth 1, 20 lits): UNSAT in 0.02s
    cube 3718.73 (depth 1, 20 lits): UNSAT in 0.04s
    cube 3718.74 (depth 1, 20 lits): UNSAT in 0.02s
    cube 3718.75 (depth 1, 20 lits): UNSAT in 0.05s
    cube 3718.76 (depth 1, 20 lits): UNSAT in 0.05s
    cube 3718.77 (depth 1, 20 lits): UNSAT in 0.28s
    cube 3718.78 (depth 1, 20 lits): UNSAT in 0.02s
    cube 3718.79 (depth 1, 20 lits): UNSAT in 0.03s
    cube 3718.80 (depth 1, 20 lits): UNSAT in 0.02s
    cube 3718.81 (depth 1, 20 lits): UNSAT in 0.05s
    cube 3718.82 (depth 1, 20 lits): UNSAT in 0.03s
    cube 3718.83 (depth 1, 20 lits): UNSAT in 0.05s
    cube 3718.84 (depth 1, 20 lits): UNSAT in 0.05s
    cube 3718.85 (depth 1, 20 lits): UNSAT in 0.22s
    cube 3718.86 (depth 1, 20 lits): UNSAT in 0.02s
    cube 3718.87 (depth 1, 20 lits): UNSAT in 0.05s
    cube 3718.88 (depth 1, 20 lits): UNSAT in 0.15s
    cube 3718.89 (depth 1, 20 lits): UNSAT in 0.13s
    cube 3718.90 (depth 1, 20 lits): UNSAT in 0.03s
    cube 3718.91 (depth 1, 20 lits): UNSAT in 0.03s
    cube 3718.92 (depth 1, 20 lits): UNSAT in 0.07s
    cube 3718.93 (depth 1, 20 lits): UNSAT in 0.17s
    cube 3718.94 (depth 1, 20 lits): UNSAT in 0.03s
    cube 3718.95 (depth 1, 20 lits): UNSAT in 0.07s
    cube 3718.96 (depth 1, 20 lits): UNSAT in 0.10s
    cube 3718.97 (depth 1, 20 lits): UNSAT in 0.36s
    cube 3718.98 (depth 1, 20 lits): UNSAT in 0.11s
    cube 3718.99 (depth 1, 20 lits): UNSAT in 0.50s
    cube 3718.100 (depth 1, 20 lits): UNSAT in 0.31s
    cube 3718.101 (depth 1, 20 lits): UNSAT in 2.94s
    cube 3718.102 (depth 1, 20 lits): UNSAT in 0.01s
    cube 3718.103 (depth 1, 20 lits): UNSAT in 0.01s
    cube 3718.104 (depth 1, 20 lits): UNSAT in 0.01s
    cube 3718.105 (depth 1, 20 lits): UNSAT in 0.01s
    cube 3718.106 (depth 1, 20 lits): UNSAT in 0.01s
    cube 3718.107 (depth 1, 20 lits): UNSAT in 0.02s
    cube 3718.108 (depth 1, 20 lits): UNSAT in 0.02s
    cube 3718.109 (depth 1, 20 lits): UNSAT in 0.02s
    cube 3718.110 (depth 1, 19 lits): UNSAT in 0.01s
    cube 3718.111 (depth 1, 20 lits): UNSAT in 0.01s
    cube 3718.112 (depth 1, 20 lits): UNSAT in 0.02s
    cube 3718.113 (depth 1, 20 lits): UNSAT in 0.02s
    cube 3718.114 (depth 1, 20 lits): UNSAT in 0.03s
    cube 3718.115 (depth 1, 20 lits): UNSAT in 0.04s
    cube 3718.116 (depth 1, 20 lits): UNSAT in 0.13s
    cube 3718.117 (depth 1, 20 lits): UNSAT in 0.02s
    cube 3718.118 (depth 1, 20 lits): UNSAT in 0.02s
    cube 3718.119 (depth 1, 20 lits): UNSAT in 0.02s
    cube 3718.120 (depth 1, 20 lits): UNSAT in 0.04s
    cube 3718.121 (depth 1, 20 lits): UNSAT in 0.03s
    cube 3718.122 (depth 1, 20 lits): UNSAT in 0.03s
    cube 3718.123 (depth 1, 20 lits): UNSAT in 0.04s
    cube 3718.124 (depth 1, 20 lits): UNSAT in 0.06s
    cube 3718.125 (depth 1, 20 lits): UNSAT in 0.01s
    cube 3718.126 (depth 1, 20 lits): UNSAT in 0.04s
    cube 3718.127 (depth 1, 20 lits): UNSAT in 0.01s
    cube 3718.128 (depth 1, 20 lits): UNSAT in 0.58s
    cube 3718.129 (depth 1, 20 lits): UNSAT in 0.03s
    cube 3718.130 (depth 1, 20 lits): UNSAT in 0.16s
    cube 3718.131 (depth 1, 20 lits): UNSAT in 0.28s
    cube 3718.132 (depth 1, 20 lits): UNSAT in 0.98s
    cube 3718.133 (depth 1, 20 lits): UNSAT in 0.01s
    cube 3718.134 (depth 1, 20 lits): UNSAT in 0.02s
    cube 3718.135 (depth 1, 20 lits): UNSAT in 0.01s
    cube 3718.136 (depth 1, 20 lits): UNSAT in 0.02s
    cube 3718.137 (depth 1, 20 lits): UNSAT in 0.02s
    cube 3718.138 (depth 1, 20 lits): UNSAT in 0.04s
    cube 3718.139 (depth 1, 20 lits): UNSAT in 0.03s
    cube 3718.140 (depth 1, 20 lits): UNSAT in 0.11s
    cube 3718.141 (depth 1, 20 lits): UNSAT in 0.02s
    cube 3718.142 (depth 1, 20 lits): UNSAT in 0.02s
    cube 3718.143 (depth 1, 20 lits): UNSAT in 0.04s
    cube 3718.144 (depth 1, 20 lits): UNSAT in 0.11s
    cube 3718.145 (depth 1, 20 lits): UNSAT in 0.03s
    cube 3718.146 (depth 1, 20 lits): UNSAT in 0.09s
    cube 3718.147 (depth 1, 20 lits): UNSAT in 0.07s
    cube 3718.148 (depth 1, 20 lits): UNSAT in 0.59s
    cube 3718.149 (depth 1, 20 lits): UNSAT in 0.02s
    cube 3718.150 (depth 1, 20 lits): UNSAT in 0.03s
    cube 3718.151 (depth 1, 20 lits): UNSAT in 0.09s
    cube 3718.152 (depth 1, 20 lits): UNSAT in 0.18s
    cube 3718.153 (depth 1, 20 lits): UNSAT in 0.12s
    cube 3718.154 (depth 1, 20 lits): UNSAT in 0.73s
    cube 3718.155 (depth 1, 20 lits): UNSAT in 0.32s
    cube 3718.156 (depth 1, 20 lits): UNSAT in 1.65s
    cube 3718.157 (depth 1, 20 lits): UNSAT in 0.08s
    cube 3718.158 (depth 1, 20 lits): UNSAT in 0.34s
    cube 3718.159 (depth 1, 20 lits): UNSAT in 0.16s
    cube 3718.160 (depth 1, 20 lits): UNSAT in 0.53s
    cube 3718.161 (depth 1, 20 lits): UNSAT in 0.44s
    cube 3718.162 (depth 1, 20 lits): UNSAT in 1.90s
    cube 3718.163 (depth 1, 20 lits): UNSAT in 0.79s
    cube 3718.164 (depth 1, 20 lits): UNSAT in 10.46s
    cube 3718.165 (depth 1, 20 lits): UNSAT in 0.02s
    cube 3718.166 (depth 1, 20 lits): UNSAT in 0.02s
    cube 3718.167 (depth 1, 20 lits): UNSAT in 0.02s
    cube 3718.168 (depth 1, 20 lits): UNSAT in 0.06s
    cube 3718.169 (depth 1, 20 lits): UNSAT in 0.02s
    cube 3718.170 (depth 1, 20 lits): UNSAT in 0.03s
    cube 3718.171 (depth 1, 20 lits): UNSAT in 0.03s
    cube 3718.172 (depth 1, 20 lits): UNSAT in 0.32s
    cube 3718.173 (depth 1, 20 lits): UNSAT in 0.01s
    cube 3718.174 (depth 1, 20 lits): UNSAT in 0.04s
    cube 3718.175 (depth 1, 20 lits): UNSAT in 0.02s
    cube 3718.176 (depth 1, 20 lits): UNSAT in 0.11s
    cube 3718.177 (depth 1, 20 lits): UNSAT in 0.04s
    cube 3718.178 (depth 1, 20 lits): UNSAT in 0.14s
    cube 3718.179 (depth 1, 20 lits): UNSAT in 0.12s
    cube 3718.180 (depth 1, 20 lits): UNSAT in 0.66s
    cube 3718.181 (depth 1, 20 lits): UNSAT in 0.02s
    cube 3718.182 (depth 1, 20 lits): UNSAT in 0.03s
    cube 3718.183 (depth 1, 20 lits): UNSAT in 0.02s
    cube 3718.184 (depth 1, 20 lits): UNSAT in 0.09s
    cube 3718.185 (depth 1, 20 lits): UNSAT in 0.06s
    cube 3718.186 (depth 1, 20 lits): UNSAT in 0.17s
    cube 3718.187 (depth 1, 20 lits): UNSAT in 0.17s
    cube 3718.188 (depth 1, 20 lits): UNSAT in 0.55s
    cube 3718.189 (depth 1, 20 lits): UNSAT in 0.11s
    cube 3718.190 (depth 1, 20 lits): UNSAT in 0.48s
    cube 3718.191 (depth 1, 20 lits): UNSAT in 0.37s
    cube 3718.192 (depth 1, 20 lits): UNSAT in 2.41s
    cube 3718.193 (depth 1, 20 lits): UNSAT in 0.33s
    cube 3718.194 (depth 1, 20 lits): UNSAT in 1.70s
    cube 3718.195 (depth 1, 20 lits): UNSAT in 0.79s
    cube 3718.196 (depth 1, 20 lits): UNSAT in 8.94s
    cube 3718.197 (depth 1, 20 lits): UNSAT in 0.02s
    cube 3718.198 (depth 1, 20 lits): UNSAT in 0.04s
    cube 3718.199 (depth 1, 20 lits): UNSAT in 0.12s
    cube 3718.200 (depth 1, 20 lits): UNSAT in 0.21s
    cube 3718.201 (depth 1, 20 lits): UNSAT in 0.11s
    cube 3718.202 (depth 1, 20 lits): UNSAT in 0.43s
    cube 3718.203 (depth 1, 20 lits): UNSAT in 0.17s
    cube 3718.204 (depth 1, 20 lits): UNSAT in 3.02s
    cube 3718.205 (depth 1, 20 lits): UNSAT in 0.22s
    cube 3718.206 (depth 1, 20 lits): UNSAT in 0.80s
    cube 3718.207 (depth 1, 20 lits): UNSAT in 0.58s
    cube 3718.208 (depth 1, 20 lits): UNSAT in 3.15s
    cube 3718.209 (depth 1, 20 lits): UNSAT in 0.25s
    cube 3718.210 (depth 1, 20 lits): UNSAT in 1.32s
    cube 3718.211 (depth 1, 20 lits): UNSAT in 1.47s
    cube 3718.212 (depth 1, 20 lits): UNSAT in 25.01s
    cube 3718.213 (depth 1, 20 lits): UNSAT in 0.03s
    cube 3718.214 (depth 1, 20 lits): UNSAT in 0.32s
    cube 3718.215 (depth 1, 20 lits): UNSAT in 0.41s
    cube 3718.216 (depth 1, 20 lits): UNSAT in 2.33s
    cube 3718.217 (depth 1, 20 lits): UNSAT in 0.42s
    cube 3718.218 (depth 1, 20 lits): UNSAT in 1.42s
    cube 3718.219 (depth 1, 20 lits): UNSAT in 5.08s
    cube 3718.220 (depth 1, 20 lits): UNSAT in 24.07s
    cube 3718.221 (depth 1, 20 lits): UNSAT in 0.35s
    cube 3718.222 (depth 1, 20 lits): UNSAT in 5.00s
    cube 3718.223 (depth 1, 20 lits): UNSAT in 6.73s
    cube 3718.224 (depth 1, 20 lits): UNSAT in 75.95s
    cube 3718.225 (depth 1, 20 lits): UNSAT in 8.85s
    cube 3718.226 (depth 1, 20 lits): UNSAT in 120.85s
    cube 3718.227 (depth 1, 20 lits): UNSAT in 243.88s
    cube 3718.228 (depth 1, 20 lits): UNSAT in 996.99s

  shard 2 verdict: UNSAT (1 UNSAT, 0 unresolved) in 2781.6s
