  shard 2/4 (round-robin): 831 of 3323 cubes, per-cube cap 600.0s, re-split depth 7
    cube 2 (depth 0, 21 lits): UNSAT in 0.02s
    cube 6 (depth 0, 24 lits): UNSAT in 0.01s
    cube 10 (depth 0, 21 lits): UNSAT in 0.02s
    cube 14 (depth 0, 24 lits): UNSAT in 0.02s
    cube 18 (depth 0, 24 lits): UNSAT in 0.02s
    cube 22 (depth 0, 22 lits): UNSAT in 0.02s
    cube 26 (depth 0, 24 lits): UNSAT in 0.03s
    cube 30 (depth 0, 24 lits): UNSAT in 0.02s
    cube 34 (depth 0, 24 lits): UNSAT in 0.03s
    cube 38 (depth 0, 24 lits): UNSAT in 0.02s
    cube 42 (depth 0, 24 lits): UNSAT in 0.09s
    cube 46 (depth 0, 22 lits): UNSAT in 0.01s
    cube 50 (depth 0, 24 lits): UNSAT in 0.02s
    cube 54 (depth 0, 24 lits): UNSAT in 0.02s
    cube 58 (depth 0, 24 lits): UNSAT in 0.01s
    cube 62 (depth 0, 24 lits): UNSAT in 0.07s
    cube 66 (depth 0, 19 lits): UNSAT in 0.02s
    cube 70 (depth 0, 23 lits): UNSAT in 0.01s
    cube 74 (depth 0, 24 lits): UNSAT in 0.01s
    cube 78 (depth 0, 24 lits): UNSAT in 0.03s
    cube 82 (depth 0, 22 lits): UNSAT in 0.02s
    cube 86 (depth 0, 24 lits): UNSAT in 0.02s
    cube 90 (depth 0, 24 lits): UNSAT in 0.03s
    cube 94 (depth 0, 22 lits): UNSAT in 0.01s
    cube 98 (depth 0, 24 lits): UNSAT in 0.02s
    cube 102 (depth 0, 24 lits): UNSAT in 0.03s
    cube 106 (depth 0, 24 lits): UNSAT in 0.03s
    cube 110 (depth 0, 24 lits): UNSAT in 0.02s
    cube 114 (depth 0, 24 lits): UNSAT in 0.02s
    cube 118 (depth 0, 22 lits): UNSAT in 0.01s
    cube 122 (depth 0, 24 lits): UNSAT in 0.01s
    cube 126 (depth 0, 24 lits): UNSAT in 0.02s
    cube 130 (depth 0, 24 lits): UNSAT in 0.01s
    cube 134 (depth 0, 24 lits): UNSAT in 0.01s
    cube 138 (depth 0, 24 lits): UNSAT in 0.02s
    cube 142 (depth 0, 24 lits): UNSAT in 0.02s
    cube 146 (depth 0, 23 lits): UNSAT in 0.02s
    cube 150 (depth 0, 24 lits): UNSAT in 0.01s
    cube 154 (depth 0, 24 lits): UNSAT in 0.02s
    cube 158 (depth 0, 24 lits): UNSAT in 0.02s
    cube 162 (depth 0, 22 lits): UNSAT in 0.01s
    cube 166 (depth 0, 23 lits): UNSAT in 0.02s
    cube 170 (depth 0, 23 lits): UNSAT in 0.01s
    cube 174 (depth 0, 24 lits): UNSAT in 0.01s
    cube 178 (depth 0, 24 lits): UNSAT in 0.05s
    cube 182 (depth 0, 24 lits): UNSAT in 0.03s
    cube 186 (depth 0, 24 lits): UNSAT in 0.03s
    cube 190 (depth 0, 24 lits): UNSAT in 0.02s
    cube 194 (depth 0, 24 lits): UNSAT in 0.04s
    cube 198 (depth 0, 24 lits): UNSAT in 0.02s
    cube 202 (depth 0, 24 lits): UNSAT in 0.04s
    cube 206 (depth 0, 24 lits): UNSAT in 0.04s
    cube 210 (depth 0, 24 lits): UNSAT in 0.04s
    cube 214 (depth 0, 24 lits): UNSAT in 0.02s
    cube 218 (depth 0, 23 lits): UNSAT in 0.01s
    cube 222 (depth 0, 24 lits): UNSAT in 0.01s
    cube 226 (depth 0, 24 lits): UNSAT in 0.02s
    cube 230 (depth 0, 22 lits): UNSAT in 0.02s
    cube 234 (depth 0, 24 lits): UNSAT in 0.03s
    cube 238 (depth 0, 24 lits): UNSAT in 0.02s
    cube 242 (depth 0, 24 lits): UNSAT in 0.01s
    cube 246 (depth 0, 24 lits): UNSAT in 0.01s
    cube 250 (depth 0, 24 lits): UNSAT in 0.02s
    cube 254 (depth 0, 24 lits): UNSAT in 0.28s
    cube 258 (depth 0, 23 lits): UNSAT in 0.02s
    cube 262 (depth 0, 24 lits): UNSAT in 0.02s
    cube 266 (depth 0, 24 lits): UNSAT in 0.02s
    cube 270 (depth 0, 24 lits): UNSAT in 0.02s
    cube 274 (depth 0, 24 lits): UNSAT in 0.03s
    cube 278 (depth 0, 24 lits): UNSAT in 0.04s
    cube 282 (depth 0, 24 lits): UNSAT in 0.02s
    cube 286 (depth 0, 24 lits): UNSAT in 0.01s
    cube 290 (depth 0, 24 lits): UNSAT in 0.02s
    cube 294 (depth 0, 24 lits): UNSAT in 0.17s
    cube 298 (depth 0, 24 lits): UNSAT in 0.01s
    cube 302 (depth 0, 24 lits): UNSAT in 0.03s
    cube 306 (depth 0, 24 lits): UNSAT in 0.07s
    cube 310 (depth 0, 24 lits): UNSAT in 0.15s
    cube 314 (depth 0, 24 lits): UNSAT in 0.02s
    cube 318 (depth 0, 22 lits): UNSAT in 0.01s
    cube 322 (depth 0, 24 lits): UNSAT in 0.02s
    cube 326 (depth 0, 23 lits): UNSAT in 0.02s
    cube 330 (depth 0, 21 lits): UNSAT in 0.02s
    cube 334 (depth 0, 23 lits): UNSAT in 0.01s
    cube 338 (depth 0, 24 lits): UNSAT in 0.01s
    cube 342 (depth 0, 24 lits): UNSAT in 0.01s
    cube 346 (depth 0, 22 lits): UNSAT in 0.01s
    cube 350 (depth 0, 23 lits): UNSAT in 0.02s
    cube 354 (depth 0, 24 lits): UNSAT in 0.03s
    cube 358 (depth 0, 23 lits): UNSAT in 0.01s
    cube 362 (depth 0, 24 lits): UNSAT in 0.01s
    cube 366 (depth 0, 24 lits): UNSAT in 0.01s
    cube 370 (depth 0, 24 lits): UNSAT in 0.02s
    cube 374 (depth 0, 24 lits): UNSAT in 0.02s
    cube 378 (depth 0, 23 lits): UNSAT in 0.01s
    cube 382 (depth 0, 24 lits): UNSAT in 0.02s
    cube 386 (depth 0, 22 lits): UNSAT in 0.02s
    cube 390 (depth 0, 24 lits): UNSAT in 0.01s
    cube 394 (depth 0, 24 lits): UNSAT in 0.02s
    cube 398 (depth 0, 24 lits): UNSAT in 0.04s
    cube 402 (depth 0, 24 lits): UNSAT in 0.01s
    cube 406 (depth 0, 24 lits): UNSAT in 0.02s
    cube 410 (depth 0, 24 lits): UNSAT in 0.02s
    cube 414 (depth 0, 24 lits): UNSAT in 0.03s
    cube 418 (depth 0, 23 lits): UNSAT in 0.01s
    cube 422 (depth 0, 24 lits): UNSAT in 0.01s
    cube 426 (depth 0, 24 lits): UNSAT in 0.02s
    cube 430 (depth 0, 24 lits): UNSAT in 0.01s
    cube 434 (depth 0, 24 lits): UNSAT in 0.02s
    cube 438 (depth 0, 24 lits): UNSAT in 0.04s
    cube 442 (depth 0, 22 lits): UNSAT in 0.02s
    cube 446 (depth 0, 24 lits): UNSAT in 0.01s
    cube 450 (depth 0, 24 lits): UNSAT in 0.03s
    cube 454 (depth 0, 23 lits): UNSAT in 0.01s
    cube 458 (depth 0, 24 lits): UNSAT in 0.02s
    cube 462 (depth 0, 24 lits): UNSAT in 0.03s
    cube 466 (depth 0, 24 lits): UNSAT in 0.03s
    cube 470 (depth 0, 24 lits): UNSAT in 0.04s
    cube 474 (depth 0, 24 lits): UNSAT in 0.03s
    cube 478 (depth 0, 24 lits): UNSAT in 0.04s
    cube 482 (depth 0, 24 lits): UNSAT in 0.03s
    cube 486 (depth 0, 23 lits): UNSAT in 0.01s
    cube 490 (depth 0, 23 lits): UNSAT in 0.02s
    cube 494 (depth 0, 24 lits): UNSAT in 0.02s
    cube 498 (depth 0, 24 lits): UNSAT in 0.01s
    cube 502 (depth 0, 24 lits): UNSAT in 0.02s
    cube 506 (depth 0, 24 lits): UNSAT in 0.02s
    cube 510 (depth 0, 24 lits): UNSAT in 0.02s
    cube 514 (depth 0, 23 lits): UNSAT in 0.02s
    cube 518 (depth 0, 24 lits): UNSAT in 0.17s
    cube 522 (depth 0, 24 lits): UNSAT in 0.02s
    cube 526 (depth 0, 24 lits): UNSAT in 0.02s
    cube 530 (depth 0, 24 lits): UNSAT in 0.02s
    cube 534 (depth 0, 24 lits): UNSAT in 0.02s
    cube 538 (depth 0, 24 lits): UNSAT in 0.01s
    cube 542 (depth 0, 24 lits): UNSAT in 0.05s
    cube 546 (depth 0, 24 lits): UNSAT in 0.02s
    cube 550 (depth 0, 24 lits): UNSAT in 0.09s
    cube 554 (depth 0, 24 lits): UNSAT in 0.02s
    cube 558 (depth 0, 24 lits): UNSAT in 0.06s
    cube 562 (depth 0, 24 lits): UNSAT in 0.03s
    cube 566 (depth 0, 24 lits): UNSAT in 0.12s
    cube 570 (depth 0, 24 lits): UNSAT in 0.03s
    cube 574 (depth 0, 24 lits): UNSAT in 0.04s
    cube 578 (depth 0, 24 lits): UNSAT in 0.04s
    cube 582 (depth 0, 24 lits): UNSAT in 0.24s
    cube 586 (depth 0, 24 lits): UNSAT in 0.02s
    cube 590 (depth 0, 24 lits): UNSAT in 0.02s
    cube 594 (depth 0, 24 lits): UNSAT in 0.03s
    cube 598 (depth 0, 24 lits): UNSAT in 0.15s
    cube 602 (depth 0, 24 lits): UNSAT in 0.02s
    cube 606 (depth 0, 24 lits): UNSAT in 0.09s
    cube 610 (depth 0, 24 lits): UNSAT in 0.05s
    cube 614 (depth 0, 24 lits): UNSAT in 0.10s
    cube 618 (depth 0, 24 lits): UNSAT in 0.02s
    cube 622 (depth 0, 24 lits): UNSAT in 0.04s
    cube 626 (depth 0, 24 lits): UNSAT in 0.03s
    cube 630 (depth 0, 24 lits): UNSAT in 0.45s
    cube 634 (depth 0, 24 lits): UNSAT in 0.59s
    cube 638 (depth 0, 24 lits): UNSAT in 0.25s
    cube 642 (depth 0, 24 lits): UNSAT in 0.35s
    cube 646 (depth 0, 24 lits): UNSAT in 1.59s
    cube 650 (depth 0, 24 lits): UNSAT in 0.04s
    cube 654 (depth 0, 24 lits): UNSAT in 0.20s
    cube 658 (depth 0, 24 lits): UNSAT in 0.10s
    cube 662 (depth 0, 24 lits): UNSAT in 0.55s
    cube 666 (depth 0, 24 lits): UNSAT in 0.08s
    cube 670 (depth 0, 24 lits): UNSAT in 0.44s
    cube 674 (depth 0, 24 lits): UNSAT in 0.91s
    cube 678 (depth 0, 24 lits): UNSAT in 8.19s
    cube 682 (depth 0, 24 lits): UNSAT in 0.10s
    cube 686 (depth 0, 24 lits): UNSAT in 1.08s
    cube 690 (depth 0, 24 lits): UNSAT in 1.07s
    cube 694 (depth 0, 24 lits): UNSAT in 20.09s
    cube 698 (depth 0, 24 lits): UNSAT in 1.01s
    cube 702 (depth 0, 24 lits): UNSAT in 14.93s
    cube 706 (depth 0, 24 lits): UNSAT in 17.63s
    cube 710 (depth 0, 24 lits): UNSAT in 10.68s
    cube 714 (depth 0, 21 lits): UNSAT in 0.02s
    cube 718 (depth 0, 23 lits): UNSAT in 0.01s
    cube 722 (depth 0, 24 lits): UNSAT in 0.01s
    cube 726 (depth 0, 24 lits): UNSAT in 0.01s
    cube 730 (depth 0, 23 lits): UNSAT in 0.01s
    cube 734 (depth 0, 23 lits): UNSAT in 0.01s
    cube 738 (depth 0, 24 lits): UNSAT in 0.02s
    cube 742 (depth 0, 23 lits): UNSAT in 0.01s
    cube 746 (depth 0, 24 lits): UNSAT in 0.02s
    cube 750 (depth 0, 24 lits): UNSAT in 0.01s
    cube 754 (depth 0, 24 lits): UNSAT in 0.02s
    cube 758 (depth 0, 24 lits): UNSAT in 0.02s
    cube 762 (depth 0, 24 lits): UNSAT in 0.02s
    cube 766 (depth 0, 24 lits): UNSAT in 0.01s
    cube 770 (depth 0, 24 lits): UNSAT in 0.01s
    cube 774 (depth 0, 23 lits): UNSAT in 0.02s
    cube 778 (depth 0, 24 lits): UNSAT in 0.02s
    cube 782 (depth 0, 24 lits): UNSAT in 0.02s
    cube 786 (depth 0, 24 lits): UNSAT in 0.01s
    cube 790 (depth 0, 24 lits): UNSAT in 0.03s
    cube 794 (depth 0, 23 lits): UNSAT in 0.01s
    cube 798 (depth 0, 24 lits): UNSAT in 0.01s
    cube 802 (depth 0, 23 lits): UNSAT in 0.02s
    cube 806 (depth 0, 23 lits): UNSAT in 0.01s
    cube 810 (depth 0, 23 lits): UNSAT in 0.02s
    cube 814 (depth 0, 23 lits): UNSAT in 0.02s
    cube 818 (depth 0, 24 lits): UNSAT in 0.02s
    cube 822 (depth 0, 24 lits): UNSAT in 0.03s
    cube 826 (depth 0, 22 lits): UNSAT in 0.02s
    cube 830 (depth 0, 24 lits): UNSAT in 0.02s
    cube 834 (depth 0, 24 lits): UNSAT in 0.02s
    cube 838 (depth 0, 24 lits): UNSAT in 0.02s
    cube 842 (depth 0, 24 lits): UNSAT in 0.01s
    cube 846 (depth 0, 24 lits): UNSAT in 0.03s
    cube 850 (depth 0, 23 lits): UNSAT in 0.01s
    cube 854 (depth 0, 24 lits): UNSAT in 0.02s
    cube 858 (depth 0, 24 lits): UNSAT in 0.01s
    cube 862 (depth 0, 24 lits): UNSAT in 0.03s
    cube 866 (depth 0, 24 lits): UNSAT in 0.07s
    cube 870 (depth 0, 22 lits): UNSAT in 0.01s
    cube 874 (depth 0, 24 lits): UNSAT in 0.02s
    cube 878 (depth 0, 22 lits): UNSAT in 0.01s
    cube 882 (depth 0, 24 lits): UNSAT in 0.02s
    cube 886 (depth 0, 24 lits): UNSAT in 0.02s
    cube 890 (depth 0, 22 lits): UNSAT in 0.01s
    cube 894 (depth 0, 23 lits): UNSAT in 0.02s
    cube 898 (depth 0, 24 lits): UNSAT in 0.02s
    cube 902 (depth 0, 24 lits): UNSAT in 0.01s
    cube 906 (depth 0, 24 lits): UNSAT in 0.03s
    cube 910 (depth 0, 24 lits): UNSAT in 0.05s
    cube 914 (depth 0, 24 lits): UNSAT in 0.05s
    cube 918 (depth 0, 24 lits): UNSAT in 0.02s
    cube 922 (depth 0, 23 lits): UNSAT in 0.01s
    cube 926 (depth 0, 24 lits): UNSAT in 0.05s
    cube 930 (depth 0, 24 lits): UNSAT in 0.02s
    cube 934 (depth 0, 24 lits): UNSAT in 0.03s
    cube 938 (depth 0, 24 lits): UNSAT in 0.04s
    cube 942 (depth 0, 24 lits): UNSAT in 0.17s
    cube 946 (depth 0, 24 lits): UNSAT in 0.02s
    cube 950 (depth 0, 24 lits): UNSAT in 0.05s
    cube 954 (depth 0, 24 lits): UNSAT in 0.05s
    cube 958 (depth 0, 24 lits): UNSAT in 0.23s
    cube 962 (depth 0, 24 lits): UNSAT in 0.07s
    cube 966 (depth 0, 24 lits): UNSAT in 0.10s
    cube 970 (depth 0, 24 lits): UNSAT in 0.15s
    cube 974 (depth 0, 24 lits): UNSAT in 0.28s
    cube 978 (depth 0, 23 lits): UNSAT in 0.02s
    cube 982 (depth 0, 24 lits): UNSAT in 0.03s
    cube 986 (depth 0, 24 lits): UNSAT in 0.03s
    cube 990 (depth 0, 24 lits): UNSAT in 0.03s
    cube 994 (depth 0, 24 lits): UNSAT in 0.05s
    cube 998 (depth 0, 24 lits): UNSAT in 0.06s
    cube 1002 (depth 0, 24 lits): UNSAT in 0.24s
    cube 1006 (depth 0, 24 lits): UNSAT in 0.02s
    cube 1010 (depth 0, 24 lits): UNSAT in 0.02s
    cube 1014 (depth 0, 24 lits): UNSAT in 0.04s
    cube 1018 (depth 0, 24 lits): UNSAT in 0.02s
    cube 1022 (depth 0, 24 lits): UNSAT in 0.09s
    cube 1026 (depth 0, 24 lits): UNSAT in 0.13s
    cube 1030 (depth 0, 24 lits): UNSAT in 0.39s
    cube 1034 (depth 0, 24 lits): UNSAT in 0.01s
    cube 1038 (depth 0, 24 lits): UNSAT in 0.03s
    cube 1042 (depth 0, 24 lits): UNSAT in 0.09s
    cube 1046 (depth 0, 24 lits): UNSAT in 0.02s
    cube 1050 (depth 0, 24 lits): UNSAT in 0.05s
    cube 1054 (depth 0, 24 lits): UNSAT in 0.08s
    cube 1058 (depth 0, 24 lits): UNSAT in 0.17s
    cube 1062 (depth 0, 24 lits): UNSAT in 0.03s
    cube 1066 (depth 0, 24 lits): UNSAT in 0.03s
    cube 1070 (depth 0, 24 lits): UNSAT in 0.04s
    cube 1074 (depth 0, 24 lits): UNSAT in 0.13s
    cube 1078 (depth 0, 24 lits): UNSAT in 0.03s
    cube 1082 (depth 0, 24 lits): UNSAT in 0.13s
    cube 1086 (depth 0, 24 lits): UNSAT in 0.16s
    cube 1090 (depth 0, 24 lits): UNSAT in 1.94s
    cube 1094 (depth 0, 23 lits): UNSAT in 0.01s
    cube 1098 (depth 0, 24 lits): UNSAT in 0.02s
    cube 1102 (depth 0, 24 lits): UNSAT in 0.01s
    cube 1106 (depth 0, 24 lits): UNSAT in 0.02s
    cube 1110 (depth 0, 24 lits): UNSAT in 0.01s
    cube 1114 (depth 0, 24 lits): UNSAT in 0.01s
    cube 1118 (depth 0, 24 lits): UNSAT in 0.03s
    cube 1122 (depth 0, 24 lits): UNSAT in 0.02s
    cube 1126 (depth 0, 24 lits): UNSAT in 0.08s
    cube 1130 (depth 0, 24 lits): UNSAT in 0.03s
    cube 1134 (depth 0, 24 lits): UNSAT in 0.12s
    cube 1138 (depth 0, 24 lits): UNSAT in 0.05s
    cube 1142 (depth 0, 24 lits): UNSAT in 0.10s
    cube 1146 (depth 0, 24 lits): UNSAT in 0.02s
    cube 1150 (depth 0, 24 lits): UNSAT in 0.02s
    cube 1154 (depth 0, 23 lits): UNSAT in 0.01s
    cube 1158 (depth 0, 24 lits): UNSAT in 0.02s
    cube 1162 (depth 0, 24 lits): UNSAT in 0.02s
    cube 1166 (depth 0, 24 lits): UNSAT in 0.06s
    cube 1170 (depth 0, 24 lits): UNSAT in 0.02s
    cube 1174 (depth 0, 24 lits): UNSAT in 0.04s
    cube 1178 (depth 0, 24 lits): UNSAT in 0.03s
    cube 1182 (depth 0, 24 lits): UNSAT in 0.04s
    cube 1186 (depth 0, 24 lits): UNSAT in 0.04s
    cube 1190 (depth 0, 24 lits): UNSAT in 0.11s
    cube 1194 (depth 0, 24 lits): UNSAT in 0.39s
    cube 1198 (depth 0, 24 lits): UNSAT in 0.62s
    cube 1202 (depth 0, 22 lits): UNSAT in 0.02s
    cube 1206 (depth 0, 24 lits): UNSAT in 0.02s
    cube 1210 (depth 0, 24 lits): UNSAT in 0.02s
    cube 1214 (depth 0, 24 lits): UNSAT in 0.01s
    cube 1218 (depth 0, 24 lits): UNSAT in 0.01s
    cube 1222 (depth 0, 24 lits): UNSAT in 0.05s
    cube 1226 (depth 0, 23 lits): UNSAT in 0.02s
    cube 1230 (depth 0, 24 lits): UNSAT in 0.02s
    cube 1234 (depth 0, 24 lits): UNSAT in 0.01s
    cube 1238 (depth 0, 24 lits): UNSAT in 0.03s
    cube 1242 (depth 0, 24 lits): UNSAT in 0.01s
    cube 1246 (depth 0, 24 lits): UNSAT in 0.03s
    cube 1250 (depth 0, 24 lits): UNSAT in 0.02s
    cube 1254 (depth 0, 24 lits): UNSAT in 0.03s
    cube 1258 (depth 0, 24 lits): UNSAT in 0.02s
    cube 1262 (depth 0, 24 lits): UNSAT in 0.03s
    cube 1266 (depth 0, 24 lits): UNSAT in 0.03s
    cube 1270 (depth 0, 24 lits): UNSAT in 0.02s
    cube 1274 (depth 0, 24 lits): UNSAT in 0.04s
    cube 1278 (depth 0, 24 lits): UNSAT in 0.09s
    cube 1282 (depth 0, 24 lits): UNSAT in 0.02s
    cube 1286 (depth 0, 24 lits): UNSAT in 0.03s
    cube 1290 (depth 0, 23 lits): UNSAT in 0.02s
    cube 1294 (depth 0, 24 lits): UNSAT in 0.02s
    cube 1298 (depth 0, 24 lits): UNSAT in 0.04s
    cube 1302 (depth 0, 24 lits): UNSAT in 0.15s
    cube 1306 (depth 0, 24 lits): UNSAT in 0.21s
    cube 1310 (depth 0, 24 lits): UNSAT in 0.33s
    cube 1314 (depth 0, 24 lits): UNSAT in 0.01s
    cube 1318 (depth 0, 24 lits): UNSAT in 0.02s
    cube 1322 (depth 0, 24 lits): UNSAT in 0.02s
    cube 1326 (depth 0, 24 lits): UNSAT in 0.02s
    cube 1330 (depth 0, 24 lits): UNSAT in 0.02s
    cube 1334 (depth 0, 24 lits): UNSAT in 0.02s
    cube 1338 (depth 0, 24 lits): UNSAT in 0.09s
    cube 1342 (depth 0, 24 lits): UNSAT in 0.02s
    cube 1346 (depth 0, 24 lits): UNSAT in 0.07s
    cube 1350 (depth 0, 24 lits): UNSAT in 0.06s
    cube 1354 (depth 0, 24 lits): UNSAT in 0.02s
    cube 1358 (depth 0, 24 lits): UNSAT in 0.02s
    cube 1362 (depth 0, 24 lits): UNSAT in 0.04s
    cube 1366 (depth 0, 24 lits): UNSAT in 0.11s
    cube 1370 (depth 0, 24 lits): UNSAT in 0.02s
    cube 1374 (depth 0, 24 lits): UNSAT in 0.03s
    cube 1378 (depth 0, 24 lits): UNSAT in 0.02s
    cube 1382 (depth 0, 24 lits): UNSAT in 0.04s
    cube 1386 (depth 0, 24 lits): UNSAT in 0.03s
    cube 1390 (depth 0, 24 lits): UNSAT in 0.03s
    cube 1394 (depth 0, 24 lits): UNSAT in 0.02s
    cube 1398 (depth 0, 24 lits): UNSAT in 0.16s
    cube 1402 (depth 0, 24 lits): UNSAT in 0.02s
    cube 1406 (depth 0, 24 lits): UNSAT in 0.02s
    cube 1410 (depth 0, 24 lits): UNSAT in 0.10s
    cube 1414 (depth 0, 24 lits): UNSAT in 0.02s
    cube 1418 (depth 0, 24 lits): UNSAT in 0.03s
    cube 1422 (depth 0, 24 lits): UNSAT in 0.09s
    cube 1426 (depth 0, 24 lits): UNSAT in 0.11s
    cube 1430 (depth 0, 24 lits): UNSAT in 0.50s
    cube 1434 (depth 0, 24 lits): UNSAT in 0.02s
    cube 1438 (depth 0, 24 lits): UNSAT in 0.02s
    cube 1442 (depth 0, 24 lits): UNSAT in 0.02s
    cube 1446 (depth 0, 24 lits): UNSAT in 0.01s
    cube 1450 (depth 0, 24 lits): UNSAT in 0.02s
    cube 1454 (depth 0, 24 lits): UNSAT in 0.05s
    cube 1458 (depth 0, 24 lits): UNSAT in 0.02s
    cube 1462 (depth 0, 24 lits): UNSAT in 0.09s
    cube 1466 (depth 0, 24 lits): UNSAT in 0.03s
    cube 1470 (depth 0, 24 lits): UNSAT in 0.03s
    cube 1474 (depth 0, 24 lits): UNSAT in 0.02s
    cube 1478 (depth 0, 24 lits): UNSAT in 0.37s
    cube 1482 (depth 0, 24 lits): UNSAT in 0.02s
    cube 1486 (depth 0, 24 lits): UNSAT in 0.32s
    cube 1490 (depth 0, 24 lits): UNSAT in 0.10s
    cube 1494 (depth 0, 24 lits): UNSAT in 0.77s
    cube 1498 (depth 0, 24 lits): UNSAT in 0.02s
    cube 1502 (depth 0, 24 lits): UNSAT in 0.06s
    cube 1506 (depth 0, 24 lits): UNSAT in 0.02s
    cube 1510 (depth 0, 24 lits): UNSAT in 0.12s
    cube 1514 (depth 0, 24 lits): UNSAT in 0.03s
    cube 1518 (depth 0, 24 lits): UNSAT in 0.20s
    cube 1522 (depth 0, 24 lits): UNSAT in 0.16s
    cube 1526 (depth 0, 24 lits): UNSAT in 0.15s
    cube 1530 (depth 0, 24 lits): UNSAT in 0.04s
    cube 1534 (depth 0, 24 lits): UNSAT in 0.15s
    cube 1538 (depth 0, 24 lits): UNSAT in 0.06s
    cube 1542 (depth 0, 24 lits): UNSAT in 0.21s
    cube 1546 (depth 0, 24 lits): UNSAT in 0.10s
    cube 1550 (depth 0, 24 lits): UNSAT in 0.96s
    cube 1554 (depth 0, 24 lits): UNSAT in 0.04s
    cube 1558 (depth 0, 24 lits): UNSAT in 0.35s
    cube 1562 (depth 0, 20 lits): UNSAT in 0.02s
    cube 1566 (depth 0, 22 lits): UNSAT in 0.01s
    cube 1570 (depth 0, 24 lits): UNSAT in 0.02s
    cube 1574 (depth 0, 24 lits): UNSAT in 0.02s
    cube 1578 (depth 0, 24 lits): UNSAT in 0.04s
    cube 1582 (depth 0, 24 lits): UNSAT in 0.03s
    cube 1586 (depth 0, 24 lits): UNSAT in 0.02s
    cube 1590 (depth 0, 24 lits): UNSAT in 0.02s
    cube 1594 (depth 0, 24 lits): UNSAT in 0.02s
    cube 1598 (depth 0, 24 lits): UNSAT in 0.03s
    cube 1602 (depth 0, 24 lits): UNSAT in 0.05s
    cube 1606 (depth 0, 23 lits): UNSAT in 0.01s
    cube 1610 (depth 0, 23 lits): UNSAT in 0.02s
    cube 1614 (depth 0, 24 lits): UNSAT in 0.03s
    cube 1618 (depth 0, 24 lits): UNSAT in 0.01s
    cube 1622 (depth 0, 24 lits): UNSAT in 0.03s
    cube 1626 (depth 0, 23 lits): UNSAT in 0.01s
    cube 1630 (depth 0, 24 lits): UNSAT in 0.02s
    cube 1634 (depth 0, 23 lits): UNSAT in 0.01s
    cube 1638 (depth 0, 23 lits): UNSAT in 0.02s
    cube 1642 (depth 0, 24 lits): UNSAT in 0.03s
    cube 1646 (depth 0, 24 lits): UNSAT in 0.01s
    cube 1650 (depth 0, 24 lits): UNSAT in 0.02s
    cube 1654 (depth 0, 24 lits): UNSAT in 0.02s
    cube 1658 (depth 0, 24 lits): UNSAT in 0.02s
    cube 1662 (depth 0, 24 lits): UNSAT in 0.02s
    cube 1666 (depth 0, 24 lits): UNSAT in 0.01s
    cube 1670 (depth 0, 24 lits): UNSAT in 0.02s
    cube 1674 (depth 0, 24 lits): UNSAT in 0.01s
    cube 1678 (depth 0, 23 lits): UNSAT in 0.02s
    cube 1682 (depth 0, 24 lits): UNSAT in 0.01s
    cube 1686 (depth 0, 24 lits): UNSAT in 0.01s
    cube 1690 (depth 0, 22 lits): UNSAT in 0.02s
    cube 1694 (depth 0, 24 lits): UNSAT in 0.02s
    cube 1698 (depth 0, 24 lits): UNSAT in 0.06s
    cube 1702 (depth 0, 24 lits): UNSAT in 0.06s
    cube 1706 (depth 0, 23 lits): UNSAT in 0.01s
    cube 1710 (depth 0, 24 lits): UNSAT in 0.02s
    cube 1714 (depth 0, 24 lits): UNSAT in 0.12s
    cube 1718 (depth 0, 22 lits): UNSAT in 0.02s
    cube 1722 (depth 0, 24 lits): UNSAT in 0.01s
    cube 1726 (depth 0, 24 lits): UNSAT in 0.02s
    cube 1730 (depth 0, 24 lits): UNSAT in 0.06s
    cube 1734 (depth 0, 23 lits): UNSAT in 0.02s
    cube 1738 (depth 0, 24 lits): UNSAT in 0.03s
    cube 1742 (depth 0, 24 lits): UNSAT in 0.02s
    cube 1746 (depth 0, 24 lits): UNSAT in 0.01s
    cube 1750 (depth 0, 24 lits): UNSAT in 0.02s
    cube 1754 (depth 0, 23 lits): UNSAT in 0.01s
    cube 1758 (depth 0, 24 lits): UNSAT in 0.02s
    cube 1762 (depth 0, 24 lits): UNSAT in 0.03s
    cube 1766 (depth 0, 24 lits): UNSAT in 0.03s
    cube 1770 (depth 0, 24 lits): UNSAT in 0.06s
    cube 1774 (depth 0, 24 lits): UNSAT in 0.09s
    cube 1778 (depth 0, 24 lits): UNSAT in 0.02s
    cube 1782 (depth 0, 24 lits): UNSAT in 0.19s
    cube 1786 (depth 0, 24 lits): UNSAT in 0.01s
    cube 1790 (depth 0, 24 lits): UNSAT in 0.04s
    cube 1794 (depth 0, 24 lits): UNSAT in 0.02s
    cube 1798 (depth 0, 24 lits): UNSAT in 0.12s
    cube 1802 (depth 0, 24 lits): UNSAT in 0.03s
    cube 1806 (depth 0, 24 lits): UNSAT in 0.02s
    cube 1810 (depth 0, 24 lits): UNSAT in 0.20s
    cube 1814 (depth 0, 24 lits): UNSAT in 0.03s
    cube 1818 (depth 0, 22 lits): UNSAT in 0.02s
    cube 1822 (depth 0, 24 lits): UNSAT in 0.02s
    cube 1826 (depth 0, 24 lits): UNSAT in 0.02s
    cube 1830 (depth 0, 24 lits): UNSAT in 0.05s
    cube 1834 (depth 0, 24 lits): UNSAT in 0.03s
    cube 1838 (depth 0, 24 lits): UNSAT in 0.19s
    cube 1842 (depth 0, 24 lits): UNSAT in 0.03s
    cube 1846 (depth 0, 24 lits): UNSAT in 0.02s
    cube 1850 (depth 0, 24 lits): UNSAT in 0.03s
    cube 1854 (depth 0, 24 lits): UNSAT in 0.02s
    cube 1858 (depth 0, 24 lits): UNSAT in 0.08s
    cube 1862 (depth 0, 24 lits): UNSAT in 0.02s
    cube 1866 (depth 0, 24 lits): UNSAT in 0.08s
    cube 1870 (depth 0, 23 lits): UNSAT in 0.01s
    cube 1874 (depth 0, 24 lits): UNSAT in 0.02s
    cube 1878 (depth 0, 24 lits): UNSAT in 0.03s
    cube 1882 (depth 0, 24 lits): UNSAT in 0.04s
    cube 1886 (depth 0, 24 lits): UNSAT in 0.02s
    cube 1890 (depth 0, 24 lits): UNSAT in 0.08s
    cube 1894 (depth 0, 24 lits): UNSAT in 0.02s
    cube 1898 (depth 0, 24 lits): UNSAT in 0.03s
    cube 1902 (depth 0, 24 lits): UNSAT in 0.10s
    cube 1906 (depth 0, 24 lits): UNSAT in 0.11s
    cube 1910 (depth 0, 24 lits): UNSAT in 0.05s
    cube 1914 (depth 0, 24 lits): UNSAT in 0.08s
    cube 1918 (depth 0, 24 lits): UNSAT in 0.13s
    cube 1922 (depth 0, 24 lits): UNSAT in 0.74s
    cube 1926 (depth 0, 22 lits): UNSAT in 0.01s
    cube 1930 (depth 0, 23 lits): UNSAT in 0.01s
    cube 1934 (depth 0, 24 lits): UNSAT in 0.02s
    cube 1938 (depth 0, 23 lits): UNSAT in 0.02s
    cube 1942 (depth 0, 23 lits): UNSAT in 0.01s
    cube 1946 (depth 0, 22 lits): UNSAT in 0.02s
    cube 1950 (depth 0, 20 lits): UNSAT in 0.02s
    cube 1954 (depth 0, 22 lits): UNSAT in 0.02s
    cube 1958 (depth 0, 24 lits): UNSAT in 0.02s
    cube 1962 (depth 0, 22 lits): UNSAT in 0.01s
    cube 1966 (depth 0, 23 lits): UNSAT in 0.02s
    cube 1970 (depth 0, 24 lits): UNSAT in 0.01s
    cube 1974 (depth 0, 24 lits): UNSAT in 0.02s
    cube 1978 (depth 0, 24 lits): UNSAT in 0.02s
    cube 1982 (depth 0, 24 lits): UNSAT in 0.01s
    cube 1986 (depth 0, 23 lits): UNSAT in 0.02s
    cube 1990 (depth 0, 23 lits): UNSAT in 0.02s
    cube 1994 (depth 0, 23 lits): UNSAT in 0.01s
    cube 1998 (depth 0, 23 lits): UNSAT in 0.02s
    cube 2002 (depth 0, 24 lits): UNSAT in 0.02s
    cube 2006 (depth 0, 23 lits): UNSAT in 0.01s
    cube 2010 (depth 0, 24 lits): UNSAT in 0.02s
    cube 2014 (depth 0, 24 lits): UNSAT in 0.02s
    cube 2018 (depth 0, 24 lits): UNSAT in 0.01s
    cube 2022 (depth 0, 23 lits): UNSAT in 0.01s
    cube 2026 (depth 0, 24 lits): UNSAT in 0.02s
    cube 2030 (depth 0, 24 lits): UNSAT in 0.03s
    cube 2034 (depth 0, 23 lits): UNSAT in 0.02s
    cube 2038 (depth 0, 24 lits): UNSAT in 0.03s
    cube 2042 (depth 0, 24 lits): UNSAT in 0.03s
    cube 2046 (depth 0, 24 lits): UNSAT in 0.02s
    cube 2050 (depth 0, 24 lits): UNSAT in 0.06s
    cube 2054 (depth 0, 24 lits): UNSAT in 0.05s
    cube 2058 (depth 0, 24 lits): UNSAT in 0.25s
    cube 2062 (depth 0, 24 lits): UNSAT in 0.03s
    cube 2066 (depth 0, 24 lits): UNSAT in 0.06s
    cube 2070 (depth 0, 24 lits): UNSAT in 0.03s
    cube 2074 (depth 0, 24 lits): UNSAT in 0.26s
    cube 2078 (depth 0, 23 lits): UNSAT in 0.01s
    cube 2082 (depth 0, 24 lits): UNSAT in 0.02s
    cube 2086 (depth 0, 24 lits): UNSAT in 0.02s
    cube 2090 (depth 0, 24 lits): UNSAT in 0.04s
    cube 2094 (depth 0, 24 lits): UNSAT in 0.02s
    cube 2098 (depth 0, 24 lits): UNSAT in 0.03s
    cube 2102 (depth 0, 24 lits): UNSAT in 0.02s
    cube 2106 (depth 0, 24 lits): UNSAT in 0.13s
    cube 2110 (depth 0, 24 lits): UNSAT in 0.01s
    cube 2114 (depth 0, 24 lits): UNSAT in 0.03s
    cube 2118 (depth 0, 24 lits): UNSAT in 0.05s
    cube 2122 (depth 0, 24 lits): UNSAT in 0.19s
    cube 2126 (depth 0, 24 lits): UNSAT in 0.10s
    cube 2130 (depth 0, 24 lits): UNSAT in 0.28s
    cube 2134 (depth 0, 24 lits): UNSAT in 0.13s
    cube 2138 (depth 0, 24 lits): UNSAT in 0.91s
    cube 2142 (depth 0, 24 lits): UNSAT in 0.03s
    cube 2146 (depth 0, 24 lits): UNSAT in 0.09s
    cube 2150 (depth 0, 24 lits): UNSAT in 0.03s
    cube 2154 (depth 0, 24 lits): UNSAT in 0.02s
    cube 2158 (depth 0, 24 lits): UNSAT in 0.04s
    cube 2162 (depth 0, 24 lits): UNSAT in 0.07s
    cube 2166 (depth 0, 24 lits): UNSAT in 0.03s
    cube 2170 (depth 0, 24 lits): UNSAT in 0.29s
    cube 2174 (depth 0, 24 lits): UNSAT in 0.03s
    cube 2178 (depth 0, 24 lits): UNSAT in 0.05s
    cube 2182 (depth 0, 24 lits): UNSAT in 0.04s
    cube 2186 (depth 0, 24 lits): UNSAT in 0.27s
    cube 2190 (depth 0, 24 lits): UNSAT in 0.08s
    cube 2194 (depth 0, 24 lits): UNSAT in 0.59s
    cube 2198 (depth 0, 24 lits): UNSAT in 2.25s
    cube 2202 (depth 0, 24 lits): UNSAT in 16.05s
    cube 2206 (depth 0, 24 lits): UNSAT in 0.03s
    cube 2210 (depth 0, 24 lits): UNSAT in 0.11s
    cube 2214 (depth 0, 24 lits): UNSAT in 0.06s
    cube 2218 (depth 0, 24 lits): UNSAT in 0.25s
    cube 2222 (depth 0, 24 lits): UNSAT in 0.07s
    cube 2226 (depth 0, 24 lits): UNSAT in 0.90s
    cube 2230 (depth 0, 24 lits): UNSAT in 0.29s
    cube 2234 (depth 0, 24 lits): UNSAT in 1.39s
    cube 2238 (depth 0, 24 lits): UNSAT in 0.08s
    cube 2242 (depth 0, 24 lits): UNSAT in 0.11s
    cube 2246 (depth 0, 24 lits): UNSAT in 0.25s
    cube 2250 (depth 0, 24 lits): UNSAT in 1.30s
    cube 2254 (depth 0, 24 lits): UNSAT in 0.98s
    cube 2258 (depth 0, 24 lits): UNSAT in 1.81s
    cube 2262 (depth 0, 24 lits): UNSAT in 9.29s
    cube 2266 (depth 0, 24 lits): UNSAT in 10.23s
    cube 2270 (depth 0, 24 lits): UNSAT in 0.04s
    cube 2274 (depth 0, 24 lits): UNSAT in 0.92s
    cube 2278 (depth 0, 24 lits): UNSAT in 1.14s
    cube 2282 (depth 0, 24 lits): UNSAT in 4.42s
    cube 2286 (depth 0, 24 lits): UNSAT in 0.14s
    cube 2290 (depth 0, 24 lits): UNSAT in 4.74s
    cube 2294 (depth 0, 24 lits): UNSAT in 3.41s
    cube 2298 (depth 0, 24 lits): UNSAT in 29.47s
    cube 2302 (depth 0, 24 lits): UNSAT in 0.07s
    cube 2306 (depth 0, 24 lits): UNSAT in 0.72s
    cube 2310 (depth 0, 24 lits): UNSAT in 0.53s
    cube 2314 (depth 0, 24 lits): UNSAT in 4.03s
    cube 2318 (depth 0, 24 lits): UNSAT in 0.87s
    cube 2322 (depth 0, 24 lits): UNSAT in 14.61s
    cube 2326 (depth 0, 24 lits): UNSAT in 26.48s
    cube 2330 (depth 0, 24 lits): UNSAT in 43.48s
    cube 2334 (depth 0, 24 lits): UNSAT in 0.01s
    cube 2338 (depth 0, 24 lits): UNSAT in 0.02s
    cube 2342 (depth 0, 24 lits): UNSAT in 0.02s
    cube 2346 (depth 0, 23 lits): UNSAT in 0.01s
    cube 2350 (depth 0, 24 lits): UNSAT in 0.02s
    cube 2354 (depth 0, 24 lits): UNSAT in 0.02s
    cube 2358 (depth 0, 24 lits): UNSAT in 0.02s
    cube 2362 (depth 0, 24 lits): UNSAT in 0.01s
    cube 2366 (depth 0, 24 lits): UNSAT in 0.02s
    cube 2370 (depth 0, 24 lits): UNSAT in 0.06s
    cube 2374 (depth 0, 24 lits): UNSAT in 0.02s
    cube 2378 (depth 0, 24 lits): UNSAT in 0.02s
    cube 2382 (depth 0, 24 lits): UNSAT in 0.03s
    cube 2386 (depth 0, 24 lits): UNSAT in 0.13s
    cube 2390 (depth 0, 23 lits): UNSAT in 0.02s
    cube 2394 (depth 0, 24 lits): UNSAT in 0.02s
    cube 2398 (depth 0, 24 lits): UNSAT in 0.03s
    cube 2402 (depth 0, 24 lits): UNSAT in 0.05s
    cube 2406 (depth 0, 24 lits): UNSAT in 0.04s
    cube 2410 (depth 0, 24 lits): UNSAT in 0.06s
    cube 2414 (depth 0, 24 lits): UNSAT in 0.02s
    cube 2418 (depth 0, 24 lits): UNSAT in 0.02s
    cube 2422 (depth 0, 24 lits): UNSAT in 0.05s
    cube 2426 (depth 0, 24 lits): UNSAT in 0.01s
    cube 2430 (depth 0, 24 lits): UNSAT in 0.02s
    cube 2434 (depth 0, 24 lits): UNSAT in 0.01s
    cube 2438 (depth 0, 24 lits): UNSAT in 0.01s
    cube 2442 (depth 0, 24 lits): UNSAT in 0.01s
    cube 2446 (depth 0, 24 lits): UNSAT in 0.02s
    cube 2450 (depth 0, 24 lits): UNSAT in 0.02s
    cube 2454 (depth 0, 24 lits): UNSAT in 0.02s
    cube 2458 (depth 0, 24 lits): UNSAT in 0.01s
    cube 2462 (depth 0, 24 lits): UNSAT in 0.04s
    cube 2466 (depth 0, 24 lits): UNSAT in 0.04s
    cube 2470 (depth 0, 24 lits): UNSAT in 0.07s
    cube 2474 (depth 0, 24 lits): UNSAT in 0.01s
    cube 2478 (depth 0, 24 lits): UNSAT in 0.04s
    cube 2482 (depth 0, 24 lits): UNSAT in 0.02s
    cube 2486 (depth 0, 24 lits): UNSAT in 0.04s
    cube 2490 (depth 0, 24 lits): UNSAT in 0.03s
    cube 2494 (depth 0, 24 lits): UNSAT in 0.04s
    cube 2498 (depth 0, 24 lits): UNSAT in 0.05s
    cube 2502 (depth 0, 24 lits): UNSAT in 0.17s
    cube 2506 (depth 0, 23 lits): UNSAT in 0.01s
    cube 2510 (depth 0, 24 lits): UNSAT in 0.03s
    cube 2514 (depth 0, 24 lits): UNSAT in 0.04s
    cube 2518 (depth 0, 24 lits): UNSAT in 0.12s
    cube 2522 (depth 0, 24 lits): UNSAT in 0.02s
    cube 2526 (depth 0, 24 lits): UNSAT in 0.74s
    cube 2530 (depth 0, 24 lits): UNSAT in 0.26s
    cube 2534 (depth 0, 24 lits): UNSAT in 3.05s
    cube 2538 (depth 0, 24 lits): UNSAT in 0.03s
    cube 2542 (depth 0, 24 lits): UNSAT in 0.18s
    cube 2546 (depth 0, 24 lits): UNSAT in 0.41s
    cube 2550 (depth 0, 24 lits): UNSAT in 0.46s
    cube 2554 (depth 0, 24 lits): UNSAT in 0.29s
    cube 2558 (depth 0, 24 lits): UNSAT in 6.88s
    cube 2562 (depth 0, 24 lits): UNSAT in 2.48s
    cube 2566 (depth 0, 24 lits): UNSAT in 21.85s
    cube 2570 (depth 0, 24 lits): UNSAT in 0.02s
    cube 2574 (depth 0, 24 lits): UNSAT in 0.02s
    cube 2578 (depth 0, 24 lits): UNSAT in 0.02s
    cube 2582 (depth 0, 23 lits): UNSAT in 0.01s
    cube 2586 (depth 0, 24 lits): UNSAT in 0.04s
    cube 2590 (depth 0, 24 lits): UNSAT in 0.12s
    cube 2594 (depth 0, 24 lits): UNSAT in 0.20s
    cube 2598 (depth 0, 24 lits): UNSAT in 0.03s
    cube 2602 (depth 0, 24 lits): UNSAT in 0.02s
    cube 2606 (depth 0, 24 lits): UNSAT in 0.04s
    cube 2610 (depth 0, 24 lits): UNSAT in 0.02s
    cube 2614 (depth 0, 24 lits): UNSAT in 0.02s
    cube 2618 (depth 0, 24 lits): UNSAT in 0.03s
    cube 2622 (depth 0, 24 lits): UNSAT in 0.11s
    cube 2626 (depth 0, 24 lits): UNSAT in 0.02s
    cube 2630 (depth 0, 24 lits): UNSAT in 0.01s
    cube 2634 (depth 0, 24 lits): UNSAT in 0.02s
    cube 2638 (depth 0, 24 lits): UNSAT in 0.13s
    cube 2642 (depth 0, 24 lits): UNSAT in 0.02s
    cube 2646 (depth 0, 24 lits): UNSAT in 0.08s
    cube 2650 (depth 0, 24 lits): UNSAT in 0.15s
    cube 2654 (depth 0, 24 lits): UNSAT in 0.16s
    cube 2658 (depth 0, 24 lits): UNSAT in 0.03s
    cube 2662 (depth 0, 24 lits): UNSAT in 0.08s
    cube 2666 (depth 0, 24 lits): UNSAT in 0.04s
    cube 2670 (depth 0, 24 lits): UNSAT in 0.10s
    cube 2674 (depth 0, 24 lits): UNSAT in 0.03s
    cube 2678 (depth 0, 24 lits): UNSAT in 0.10s
    cube 2682 (depth 0, 24 lits): UNSAT in 0.05s
    cube 2686 (depth 0, 24 lits): UNSAT in 0.91s
    cube 2690 (depth 0, 24 lits): UNSAT in 0.02s
    cube 2694 (depth 0, 24 lits): UNSAT in 0.02s
    cube 2698 (depth 0, 24 lits): UNSAT in 0.02s
    cube 2702 (depth 0, 24 lits): UNSAT in 0.07s
    cube 2706 (depth 0, 24 lits): UNSAT in 0.02s
    cube 2710 (depth 0, 24 lits): UNSAT in 0.04s
    cube 2714 (depth 0, 24 lits): UNSAT in 0.02s
    cube 2718 (depth 0, 24 lits): UNSAT in 0.27s
    cube 2722 (depth 0, 24 lits): UNSAT in 0.03s
    cube 2726 (depth 0, 24 lits): UNSAT in 0.10s
    cube 2730 (depth 0, 24 lits): UNSAT in 0.03s
    cube 2734 (depth 0, 24 lits): UNSAT in 0.21s
    cube 2738 (depth 0, 24 lits): UNSAT in 0.05s
    cube 2742 (depth 0, 24 lits): UNSAT in 0.37s
    cube 2746 (depth 0, 24 lits): UNSAT in 0.04s
    cube 2750 (depth 0, 24 lits): UNSAT in 5.31s
    cube 2754 (depth 0, 24 lits): UNSAT in 0.01s
    cube 2758 (depth 0, 24 lits): UNSAT in 0.05s
    cube 2762 (depth 0, 24 lits): UNSAT in 0.04s
    cube 2766 (depth 0, 24 lits): UNSAT in 0.12s
    cube 2770 (depth 0, 24 lits): UNSAT in 0.05s
    cube 2774 (depth 0, 24 lits): UNSAT in 0.32s
    cube 2778 (depth 0, 24 lits): UNSAT in 0.19s
    cube 2782 (depth 0, 24 lits): UNSAT in 0.39s
    cube 2786 (depth 0, 24 lits): UNSAT in 0.04s
    cube 2790 (depth 0, 24 lits): UNSAT in 0.08s
    cube 2794 (depth 0, 24 lits): UNSAT in 0.06s
    cube 2798 (depth 0, 24 lits): UNSAT in 2.72s
    cube 2802 (depth 0, 24 lits): UNSAT in 0.15s
    cube 2806 (depth 0, 24 lits): UNSAT in 0.87s
    cube 2810 (depth 0, 24 lits): UNSAT in 1.09s
    cube 2814 (depth 0, 24 lits): UNSAT in 12.89s
    cube 2818 (depth 0, 23 lits): UNSAT in 0.02s
    cube 2822 (depth 0, 24 lits): UNSAT in 0.03s
    cube 2826 (depth 0, 24 lits): UNSAT in 0.03s
    cube 2830 (depth 0, 24 lits): UNSAT in 0.10s
    cube 2834 (depth 0, 24 lits): UNSAT in 0.06s
    cube 2838 (depth 0, 24 lits): UNSAT in 0.08s
    cube 2842 (depth 0, 24 lits): UNSAT in 0.10s
    cube 2846 (depth 0, 24 lits): UNSAT in 0.74s
    cube 2850 (depth 0, 24 lits): UNSAT in 0.04s
    cube 2854 (depth 0, 24 lits): UNSAT in 0.07s
    cube 2858 (depth 0, 24 lits): UNSAT in 0.19s
    cube 2862 (depth 0, 24 lits): UNSAT in 0.82s
    cube 2866 (depth 0, 24 lits): UNSAT in 0.13s
    cube 2870 (depth 0, 24 lits): UNSAT in 0.37s
    cube 2874 (depth 0, 24 lits): UNSAT in 0.79s
    cube 2878 (depth 0, 24 lits): UNSAT in 12.83s
    cube 2882 (depth 0, 24 lits): UNSAT in 0.03s
    cube 2886 (depth 0, 24 lits): UNSAT in 0.06s
    cube 2890 (depth 0, 24 lits): UNSAT in 0.10s
    cube 2894 (depth 0, 24 lits): UNSAT in 0.25s
    cube 2898 (depth 0, 24 lits): UNSAT in 0.08s
    cube 2902 (depth 0, 24 lits): UNSAT in 0.13s
    cube 2906 (depth 0, 24 lits): UNSAT in 0.30s
    cube 2910 (depth 0, 24 lits): UNSAT in 6.26s
    cube 2914 (depth 0, 24 lits): UNSAT in 0.35s
    cube 2918 (depth 0, 24 lits): UNSAT in 1.01s
    cube 2922 (depth 0, 24 lits): UNSAT in 1.49s
    cube 2926 (depth 0, 24 lits): UNSAT in 23.07s
    cube 2930 (depth 0, 24 lits): UNSAT in 0.76s
    cube 2934 (depth 0, 24 lits): UNSAT in 25.74s
    cube 2938 (depth 0, 24 lits): UNSAT in 95.78s
    cube 2942 (depth 0, 24 lits): TIMEOUT in 600.10s
    cube 2942 TIMEOUT -> re-split into 243 sub-cubes (depth 1)
    cube 2942.0 (depth 1, 31 lits): UNSAT in 0.01s
    cube 2942.1 (depth 1, 31 lits): UNSAT in 0.02s
    cube 2942.2 (depth 1, 31 lits): UNSAT in 0.02s
    cube 2942.3 (depth 1, 32 lits): UNSAT in 0.02s
    cube 2942.4 (depth 1, 32 lits): UNSAT in 0.03s
    cube 2942.5 (depth 1, 31 lits): UNSAT in 0.01s
    cube 2942.6 (depth 1, 31 lits): UNSAT in 0.02s
    cube 2942.7 (depth 1, 32 lits): UNSAT in 0.01s
    cube 2942.8 (depth 1, 32 lits): UNSAT in 0.02s
    cube 2942.9 (depth 1, 32 lits): UNSAT in 0.05s
    cube 2942.10 (depth 1, 32 lits): UNSAT in 0.03s
    cube 2942.11 (depth 1, 30 lits): UNSAT in 0.02s
    cube 2942.12 (depth 1, 31 lits): UNSAT in 0.02s
    cube 2942.13 (depth 1, 32 lits): UNSAT in 0.02s
    cube 2942.14 (depth 1, 32 lits): UNSAT in 0.04s
    cube 2942.15 (depth 1, 31 lits): UNSAT in 0.02s
    cube 2942.16 (depth 1, 32 lits): UNSAT in 0.01s
    cube 2942.17 (depth 1, 32 lits): UNSAT in 0.03s
    cube 2942.18 (depth 1, 32 lits): UNSAT in 0.03s
    cube 2942.19 (depth 1, 32 lits): UNSAT in 0.08s
    cube 2942.20 (depth 1, 32 lits): UNSAT in 0.06s
    cube 2942.21 (depth 1, 32 lits): UNSAT in 0.23s
    cube 2942.22 (depth 1, 31 lits): UNSAT in 0.02s
    cube 2942.23 (depth 1, 32 lits): UNSAT in 0.02s
    cube 2942.24 (depth 1, 32 lits): UNSAT in 0.04s
    cube 2942.25 (depth 1, 32 lits): UNSAT in 0.02s
    cube 2942.26 (depth 1, 32 lits): UNSAT in 0.01s
    cube 2942.27 (depth 1, 32 lits): UNSAT in 0.02s
    cube 2942.28 (depth 1, 32 lits): UNSAT in 0.06s
    cube 2942.29 (depth 1, 32 lits): UNSAT in 0.02s
    cube 2942.30 (depth 1, 32 lits): UNSAT in 0.05s
    cube 2942.31 (depth 1, 32 lits): UNSAT in 0.02s
    cube 2942.32 (depth 1, 32 lits): UNSAT in 0.12s
    cube 2942.33 (depth 1, 32 lits): UNSAT in 0.02s
    cube 2942.34 (depth 1, 32 lits): UNSAT in 0.12s
    cube 2942.35 (depth 1, 32 lits): UNSAT in 0.16s
    cube 2942.36 (depth 1, 32 lits): UNSAT in 0.56s
    cube 2942.37 (depth 1, 32 lits): UNSAT in 0.02s
    cube 2942.38 (depth 1, 32 lits): UNSAT in 0.04s
    cube 2942.39 (depth 1, 32 lits): UNSAT in 0.08s
    cube 2942.40 (depth 1, 32 lits): UNSAT in 0.12s
    cube 2942.41 (depth 1, 32 lits): UNSAT in 0.11s
    cube 2942.42 (depth 1, 32 lits): UNSAT in 0.17s
    cube 2942.43 (depth 1, 32 lits): UNSAT in 0.05s
    cube 2942.44 (depth 1, 32 lits): UNSAT in 0.51s
    cube 2942.45 (depth 1, 32 lits): UNSAT in 0.05s
    cube 2942.46 (depth 1, 32 lits): UNSAT in 0.19s
    cube 2942.47 (depth 1, 32 lits): UNSAT in 0.36s
    cube 2942.48 (depth 1, 32 lits): UNSAT in 0.91s
    cube 2942.49 (depth 1, 32 lits): UNSAT in 0.16s
    cube 2942.50 (depth 1, 32 lits): UNSAT in 0.88s
    cube 2942.51 (depth 1, 32 lits): UNSAT in 2.44s
    cube 2942.52 (depth 1, 32 lits): UNSAT in 3.61s
    cube 2942.53 (depth 1, 31 lits): UNSAT in 0.02s
    cube 2942.54 (depth 1, 31 lits): UNSAT in 0.02s
    cube 2942.55 (depth 1, 32 lits): UNSAT in 0.02s
    cube 2942.56 (depth 1, 32 lits): UNSAT in 0.03s
    cube 2942.57 (depth 1, 32 lits): UNSAT in 0.02s
    cube 2942.58 (depth 1, 32 lits): UNSAT in 0.02s
    cube 2942.59 (depth 1, 32 lits): UNSAT in 0.03s
    cube 2942.60 (depth 1, 32 lits): UNSAT in 0.13s
    cube 2942.61 (depth 1, 32 lits): UNSAT in 0.05s
    cube 2942.62 (depth 1, 32 lits): UNSAT in 0.07s
    cube 2942.63 (depth 1, 32 lits): UNSAT in 0.03s
    cube 2942.64 (depth 1, 32 lits): UNSAT in 0.09s
    cube 2942.65 (depth 1, 32 lits): UNSAT in 0.15s
    cube 2942.66 (depth 1, 32 lits): UNSAT in 0.73s
    cube 2942.67 (depth 1, 32 lits): UNSAT in 0.02s
    cube 2942.68 (depth 1, 32 lits): UNSAT in 0.02s
    cube 2942.69 (depth 1, 32 lits): UNSAT in 0.03s
    cube 2942.70 (depth 1, 32 lits): UNSAT in 0.09s
    cube 2942.71 (depth 1, 32 lits): UNSAT in 0.05s
    cube 2942.72 (depth 1, 32 lits): UNSAT in 0.03s
    cube 2942.73 (depth 1, 32 lits): UNSAT in 0.10s
    cube 2942.74 (depth 1, 32 lits): UNSAT in 0.37s
    cube 2942.75 (depth 1, 32 lits): UNSAT in 0.02s
    cube 2942.76 (depth 1, 32 lits): UNSAT in 0.10s
    cube 2942.77 (depth 1, 32 lits): UNSAT in 0.06s
    cube 2942.78 (depth 1, 32 lits): UNSAT in 0.64s
    cube 2942.79 (depth 1, 32 lits): UNSAT in 0.04s
    cube 2942.80 (depth 1, 32 lits): UNSAT in 0.30s
    cube 2942.81 (depth 1, 32 lits): UNSAT in 0.53s
    cube 2942.82 (depth 1, 32 lits): UNSAT in 2.68s
    cube 2942.83 (depth 1, 32 lits): UNSAT in 0.01s
    cube 2942.84 (depth 1, 32 lits): UNSAT in 0.03s
    cube 2942.85 (depth 1, 32 lits): UNSAT in 0.02s
    cube 2942.86 (depth 1, 32 lits): UNSAT in 0.07s
    cube 2942.87 (depth 1, 32 lits): UNSAT in 0.04s
    cube 2942.88 (depth 1, 32 lits): UNSAT in 0.13s
    cube 2942.89 (depth 1, 32 lits): UNSAT in 0.10s
    cube 2942.90 (depth 1, 32 lits): UNSAT in 0.23s
    cube 2942.91 (depth 1, 32 lits): UNSAT in 0.04s
    cube 2942.92 (depth 1, 32 lits): UNSAT in 0.10s
    cube 2942.93 (depth 1, 32 lits): UNSAT in 0.21s
    cube 2942.94 (depth 1, 32 lits): UNSAT in 1.43s
    cube 2942.95 (depth 1, 32 lits): UNSAT in 0.08s
    cube 2942.96 (depth 1, 32 lits): UNSAT in 0.47s
    cube 2942.97 (depth 1, 32 lits): UNSAT in 0.36s
    cube 2942.98 (depth 1, 32 lits): UNSAT in 1.61s
    cube 2942.99 (depth 1, 32 lits): UNSAT in 0.02s
    cube 2942.100 (depth 1, 32 lits): UNSAT in 0.04s
    cube 2942.101 (depth 1, 32 lits): UNSAT in 0.08s
    cube 2942.102 (depth 1, 32 lits): UNSAT in 0.83s
    cube 2942.103 (depth 1, 32 lits): UNSAT in 0.15s
    cube 2942.104 (depth 1, 32 lits): UNSAT in 0.34s
    cube 2942.105 (depth 1, 32 lits): UNSAT in 0.37s
    cube 2942.106 (depth 1, 32 lits): UNSAT in 3.59s
    cube 2942.107 (depth 1, 32 lits): UNSAT in 0.09s
    cube 2942.108 (depth 1, 32 lits): UNSAT in 1.52s
    cube 2942.109 (depth 1, 32 lits): UNSAT in 0.30s
    cube 2942.110 (depth 1, 32 lits): UNSAT in 2.24s
    cube 2942.111 (depth 1, 32 lits): UNSAT in 0.41s
    cube 2942.112 (depth 1, 32 lits): UNSAT in 2.30s
    cube 2942.113 (depth 1, 32 lits): UNSAT in 2.09s
    cube 2942.114 (depth 1, 32 lits): UNSAT in 32.59s
    cube 2942.115 (depth 1, 32 lits): UNSAT in 0.02s
    cube 2942.116 (depth 1, 32 lits): UNSAT in 0.02s
    cube 2942.117 (depth 1, 32 lits): UNSAT in 0.02s
    cube 2942.118 (depth 1, 32 lits): UNSAT in 0.03s
    cube 2942.119 (depth 1, 32 lits): UNSAT in 0.02s
    cube 2942.120 (depth 1, 32 lits): UNSAT in 0.03s
    cube 2942.121 (depth 1, 32 lits): UNSAT in 0.01s
    cube 2942.122 (depth 1, 32 lits): UNSAT in 0.06s
    cube 2942.123 (depth 1, 32 lits): UNSAT in 0.02s
    cube 2942.124 (depth 1, 32 lits): UNSAT in 0.05s
    cube 2942.125 (depth 1, 32 lits): UNSAT in 0.02s
    cube 2942.126 (depth 1, 32 lits): UNSAT in 0.15s
    cube 2942.127 (depth 1, 32 lits): UNSAT in 0.05s
    cube 2942.128 (depth 1, 32 lits): UNSAT in 0.15s
    cube 2942.129 (depth 1, 32 lits): UNSAT in 0.28s
    cube 2942.130 (depth 1, 32 lits): UNSAT in 0.70s
    cube 2942.131 (depth 1, 32 lits): UNSAT in 0.03s
    cube 2942.132 (depth 1, 32 lits): UNSAT in 0.07s
    cube 2942.133 (depth 1, 32 lits): UNSAT in 0.08s
    cube 2942.134 (depth 1, 32 lits): UNSAT in 0.25s
    cube 2942.135 (depth 1, 32 lits): UNSAT in 0.08s
    cube 2942.136 (depth 1, 32 lits): UNSAT in 0.27s
    cube 2942.137 (depth 1, 32 lits): UNSAT in 0.33s
    cube 2942.138 (depth 1, 32 lits): UNSAT in 0.68s
    cube 2942.139 (depth 1, 32 lits): UNSAT in 0.03s
    cube 2942.140 (depth 1, 32 lits): UNSAT in 0.16s
    cube 2942.141 (depth 1, 32 lits): UNSAT in 0.27s
    cube 2942.142 (depth 1, 32 lits): UNSAT in 0.52s
    cube 2942.143 (depth 1, 32 lits): UNSAT in 0.11s
    cube 2942.144 (depth 1, 32 lits): UNSAT in 0.63s
    cube 2942.145 (depth 1, 32 lits): UNSAT in 1.03s
    cube 2942.146 (depth 1, 32 lits): UNSAT in 5.68s
    cube 2942.147 (depth 1, 32 lits): UNSAT in 0.01s
    cube 2942.148 (depth 1, 32 lits): UNSAT in 0.04s
    cube 2942.149 (depth 1, 32 lits): UNSAT in 0.08s
    cube 2942.150 (depth 1, 32 lits): UNSAT in 0.14s
    cube 2942.151 (depth 1, 32 lits): UNSAT in 0.02s
    cube 2942.152 (depth 1, 32 lits): UNSAT in 0.07s
    cube 2942.153 (depth 1, 32 lits): UNSAT in 0.08s
    cube 2942.154 (depth 1, 32 lits): UNSAT in 0.61s
    cube 2942.155 (depth 1, 32 lits): UNSAT in 0.02s
    cube 2942.156 (depth 1, 32 lits): UNSAT in 0.08s
    cube 2942.157 (depth 1, 32 lits): UNSAT in 0.16s
    cube 2942.158 (depth 1, 32 lits): UNSAT in 0.71s
    cube 2942.159 (depth 1, 32 lits): UNSAT in 0.06s
    cube 2942.160 (depth 1, 32 lits): UNSAT in 0.45s
    cube 2942.161 (depth 1, 32 lits): UNSAT in 0.34s
    cube 2942.162 (depth 1, 32 lits): UNSAT in 2.91s
    cube 2942.163 (depth 1, 32 lits): UNSAT in 0.03s
    cube 2942.164 (depth 1, 32 lits): UNSAT in 0.09s
    cube 2942.165 (depth 1, 32 lits): UNSAT in 0.03s
    cube 2942.166 (depth 1, 32 lits): UNSAT in 0.35s
    cube 2942.167 (depth 1, 32 lits): UNSAT in 0.06s
    cube 2942.168 (depth 1, 32 lits): UNSAT in 0.50s
    cube 2942.169 (depth 1, 32 lits): UNSAT in 0.47s
    cube 2942.170 (depth 1, 32 lits): UNSAT in 5.51s
    cube 2942.171 (depth 1, 32 lits): UNSAT in 0.08s
    cube 2942.172 (depth 1, 32 lits): UNSAT in 0.61s
    cube 2942.173 (depth 1, 32 lits): UNSAT in 0.49s
    cube 2942.174 (depth 1, 32 lits): UNSAT in 2.32s
    cube 2942.175 (depth 1, 32 lits): UNSAT in 1.21s
    cube 2942.176 (depth 1, 32 lits): UNSAT in 1.37s
    cube 2942.177 (depth 1, 32 lits): UNSAT in 2.61s
    cube 2942.178 (depth 1, 32 lits): UNSAT in 25.27s
    cube 2942.179 (depth 1, 32 lits): UNSAT in 0.01s
    cube 2942.180 (depth 1, 32 lits): UNSAT in 0.02s
    cube 2942.181 (depth 1, 32 lits): UNSAT in 0.03s
    cube 2942.182 (depth 1, 32 lits): UNSAT in 0.09s
    cube 2942.183 (depth 1, 32 lits): UNSAT in 0.08s
    cube 2942.184 (depth 1, 32 lits): UNSAT in 0.22s
    cube 2942.185 (depth 1, 32 lits): UNSAT in 0.20s
    cube 2942.186 (depth 1, 32 lits): UNSAT in 0.84s
    cube 2942.187 (depth 1, 32 lits): UNSAT in 0.04s
    cube 2942.188 (depth 1, 32 lits): UNSAT in 0.11s
    cube 2942.189 (depth 1, 32 lits): UNSAT in 0.17s
    cube 2942.190 (depth 1, 32 lits): UNSAT in 1.18s
    cube 2942.191 (depth 1, 32 lits): UNSAT in 0.24s
    cube 2942.192 (depth 1, 32 lits): UNSAT in 1.02s
    cube 2942.193 (depth 1, 32 lits): UNSAT in 1.57s
    cube 2942.194 (depth 1, 32 lits): UNSAT in 14.71s
    cube 2942.195 (depth 1, 32 lits): UNSAT in 0.04s
    cube 2942.196 (depth 1, 32 lits): UNSAT in 0.10s
    cube 2942.197 (depth 1, 32 lits): UNSAT in 0.67s
    cube 2942.198 (depth 1, 32 lits): UNSAT in 0.43s
    cube 2942.199 (depth 1, 32 lits): UNSAT in 0.12s
    cube 2942.200 (depth 1, 32 lits): UNSAT in 1.30s
    cube 2942.201 (depth 1, 32 lits): UNSAT in 1.49s
    cube 2942.202 (depth 1, 32 lits): UNSAT in 10.95s
    cube 2942.203 (depth 1, 32 lits): UNSAT in 0.44s
    cube 2942.204 (depth 1, 32 lits): UNSAT in 2.00s
    cube 2942.205 (depth 1, 32 lits): UNSAT in 0.63s
    cube 2942.206 (depth 1, 32 lits): UNSAT in 2.03s
    cube 2942.207 (depth 1, 32 lits): UNSAT in 0.45s
    cube 2942.208 (depth 1, 32 lits): UNSAT in 4.28s
    cube 2942.209 (depth 1, 32 lits): UNSAT in 8.34s
    cube 2942.210 (depth 1, 32 lits): UNSAT in 25.02s
    cube 2942.211 (depth 1, 32 lits): UNSAT in 0.02s
    cube 2942.212 (depth 1, 32 lits): UNSAT in 0.24s
    cube 2942.213 (depth 1, 32 lits): UNSAT in 0.41s
    cube 2942.214 (depth 1, 32 lits): UNSAT in 1.05s
    cube 2942.215 (depth 1, 32 lits): UNSAT in 0.35s
    cube 2942.216 (depth 1, 32 lits): UNSAT in 1.01s
    cube 2942.217 (depth 1, 32 lits): UNSAT in 0.87s
    cube 2942.218 (depth 1, 32 lits): UNSAT in 11.44s
    cube 2942.219 (depth 1, 32 lits): UNSAT in 0.23s
    cube 2942.220 (depth 1, 32 lits): UNSAT in 0.28s
    cube 2942.221 (depth 1, 32 lits): UNSAT in 0.80s
    cube 2942.222 (depth 1, 32 lits): UNSAT in 4.38s
    cube 2942.223 (depth 1, 32 lits): UNSAT in 0.62s
    cube 2942.224 (depth 1, 32 lits): UNSAT in 15.09s
    cube 2942.225 (depth 1, 32 lits): UNSAT in 6.94s
    cube 2942.226 (depth 1, 32 lits): UNSAT in 94.23s
    cube 2942.227 (depth 1, 32 lits): UNSAT in 0.04s
    cube 2942.228 (depth 1, 32 lits): UNSAT in 0.13s
    cube 2942.229 (depth 1, 32 lits): UNSAT in 0.13s
    cube 2942.230 (depth 1, 32 lits): UNSAT in 0.35s
    cube 2942.231 (depth 1, 32 lits): UNSAT in 0.14s
    cube 2942.232 (depth 1, 32 lits): UNSAT in 0.44s
    cube 2942.233 (depth 1, 32 lits): UNSAT in 1.56s
    cube 2942.234 (depth 1, 32 lits): UNSAT in 16.33s
    cube 2942.235 (depth 1, 32 lits): UNSAT in 0.67s
    cube 2942.236 (depth 1, 32 lits): UNSAT in 2.07s
    cube 2942.237 (depth 1, 32 lits): UNSAT in 2.85s
    cube 2942.238 (depth 1, 32 lits): UNSAT in 25.42s
    cube 2942.239 (depth 1, 32 lits): UNSAT in 3.93s
    cube 2942.240 (depth 1, 32 lits): UNSAT in 16.39s
    cube 2942.241 (depth 1, 32 lits): UNSAT in 5.46s
    cube 2942.242 (depth 1, 32 lits): UNSAT in 159.95s
    cube 2946 (depth 0, 24 lits): UNSAT in 0.02s
    cube 2950 (depth 0, 22 lits): UNSAT in 0.02s
    cube 2954 (depth 0, 24 lits): UNSAT in 0.13s
    cube 2958 (depth 0, 24 lits): UNSAT in 0.09s
    cube 2962 (depth 0, 24 lits): UNSAT in 0.11s
    cube 2966 (depth 0, 24 lits): UNSAT in 0.40s
    cube 2970 (depth 0, 24 lits): UNSAT in 0.72s
    cube 2974 (depth 0, 24 lits): UNSAT in 0.28s
    cube 2978 (depth 0, 24 lits): UNSAT in 0.36s
    cube 2982 (depth 0, 24 lits): UNSAT in 0.68s
    cube 2986 (depth 0, 24 lits): UNSAT in 1.44s
    cube 2990 (depth 0, 24 lits): UNSAT in 1.15s
    cube 2994 (depth 0, 24 lits): UNSAT in 4.22s
    cube 2998 (depth 0, 24 lits): UNSAT in 5.34s
    cube 3002 (depth 0, 24 lits): UNSAT in 59.91s
    cube 3006 (depth 0, 24 lits): UNSAT in 0.28s
    cube 3010 (depth 0, 24 lits): UNSAT in 1.25s
    cube 3014 (depth 0, 24 lits): UNSAT in 1.14s
    cube 3018 (depth 0, 24 lits): UNSAT in 12.10s
    cube 3022 (depth 0, 24 lits): UNSAT in 0.53s
    cube 3026 (depth 0, 24 lits): UNSAT in 9.03s
    cube 3030 (depth 0, 24 lits): UNSAT in 2.86s
    cube 3034 (depth 0, 24 lits): UNSAT in 138.56s
    cube 3038 (depth 0, 24 lits): UNSAT in 4.09s
    cube 3042 (depth 0, 24 lits): UNSAT in 12.93s
    cube 3046 (depth 0, 24 lits): UNSAT in 38.81s
    cube 3050 (depth 0, 24 lits): UNSAT in 230.62s
    cube 3054 (depth 0, 24 lits): UNSAT in 2.69s
    cube 3058 (depth 0, 24 lits): UNSAT in 106.33s
    cube 3062 (depth 0, 24 lits): UNSAT in 107.29s
    cube 3066 (depth 0, 24 lits): TIMEOUT in 600.10s
    cube 3066 TIMEOUT -> re-split into 253 sub-cubes (depth 1)
    cube 3066.0 (depth 1, 31 lits): UNSAT in 0.01s
    cube 3066.1 (depth 1, 32 lits): UNSAT in 0.01s
    cube 3066.2 (depth 1, 32 lits): UNSAT in 0.01s
    cube 3066.3 (depth 1, 31 lits): UNSAT in 0.01s
    cube 3066.4 (depth 1, 32 lits): UNSAT in 0.02s
    cube 3066.5 (depth 1, 32 lits): UNSAT in 0.02s
    cube 3066.6 (depth 1, 31 lits): UNSAT in 0.02s
    cube 3066.7 (depth 1, 32 lits): UNSAT in 0.02s
    cube 3066.8 (depth 1, 32 lits): UNSAT in 0.02s
    cube 3066.9 (depth 1, 32 lits): UNSAT in 0.01s
    cube 3066.10 (depth 1, 32 lits): UNSAT in 0.02s
    cube 3066.11 (depth 1, 32 lits): UNSAT in 0.02s
    cube 3066.12 (depth 1, 32 lits): UNSAT in 0.05s
    cube 3066.13 (depth 1, 32 lits): UNSAT in 0.01s
    cube 3066.14 (depth 1, 32 lits): UNSAT in 0.02s
    cube 3066.15 (depth 1, 32 lits): UNSAT in 0.03s
    cube 3066.16 (depth 1, 32 lits): UNSAT in 0.07s
    cube 3066.17 (depth 1, 32 lits): UNSAT in 0.02s
    cube 3066.18 (depth 1, 32 lits): UNSAT in 0.04s
    cube 3066.19 (depth 1, 32 lits): UNSAT in 0.04s
    cube 3066.20 (depth 1, 32 lits): UNSAT in 0.17s
    cube 3066.21 (depth 1, 32 lits): UNSAT in 0.02s
    cube 3066.22 (depth 1, 32 lits): UNSAT in 0.03s
    cube 3066.23 (depth 1, 32 lits): UNSAT in 0.06s
    cube 3066.24 (depth 1, 32 lits): UNSAT in 0.08s
    cube 3066.25 (depth 1, 32 lits): UNSAT in 0.02s
    cube 3066.26 (depth 1, 32 lits): UNSAT in 0.05s
    cube 3066.27 (depth 1, 32 lits): UNSAT in 0.05s
    cube 3066.28 (depth 1, 32 lits): UNSAT in 0.16s
    cube 3066.29 (depth 1, 32 lits): UNSAT in 0.02s
    cube 3066.30 (depth 1, 32 lits): UNSAT in 0.04s
    cube 3066.31 (depth 1, 32 lits): UNSAT in 0.03s
    cube 3066.32 (depth 1, 32 lits): UNSAT in 0.09s
    cube 3066.33 (depth 1, 32 lits): UNSAT in 0.01s
    cube 3066.34 (depth 1, 32 lits): UNSAT in 0.02s
    cube 3066.35 (depth 1, 32 lits): UNSAT in 0.03s
    cube 3066.36 (depth 1, 32 lits): UNSAT in 0.06s
    cube 3066.37 (depth 1, 32 lits): UNSAT in 0.09s
    cube 3066.38 (depth 1, 32 lits): UNSAT in 0.12s
    cube 3066.39 (depth 1, 32 lits): UNSAT in 0.10s
    cube 3066.40 (depth 1, 32 lits): UNSAT in 0.10s
    cube 3066.41 (depth 1, 32 lits): UNSAT in 0.06s
    cube 3066.42 (depth 1, 32 lits): UNSAT in 0.07s
    cube 3066.43 (depth 1, 32 lits): UNSAT in 0.16s
    cube 3066.44 (depth 1, 32 lits): UNSAT in 0.09s
    cube 3066.45 (depth 1, 32 lits): UNSAT in 0.02s
    cube 3066.46 (depth 1, 32 lits): UNSAT in 0.04s
    cube 3066.47 (depth 1, 32 lits): UNSAT in 0.05s
    cube 3066.48 (depth 1, 32 lits): UNSAT in 0.07s
    cube 3066.49 (depth 1, 32 lits): UNSAT in 0.03s
    cube 3066.50 (depth 1, 32 lits): UNSAT in 0.06s
    cube 3066.51 (depth 1, 32 lits): UNSAT in 0.05s
    cube 3066.52 (depth 1, 32 lits): UNSAT in 0.14s
    cube 3066.53 (depth 1, 32 lits): UNSAT in 0.07s
    cube 3066.54 (depth 1, 32 lits): UNSAT in 0.11s
    cube 3066.55 (depth 1, 32 lits): UNSAT in 0.08s
    cube 3066.56 (depth 1, 32 lits): UNSAT in 0.22s
    cube 3066.57 (depth 1, 32 lits): UNSAT in 0.21s
    cube 3066.58 (depth 1, 32 lits): UNSAT in 1.09s
    cube 3066.59 (depth 1, 32 lits): UNSAT in 1.12s
    cube 3066.60 (depth 1, 32 lits): UNSAT in 1.03s
    cube 3066.61 (depth 1, 32 lits): UNSAT in 0.01s
    cube 3066.62 (depth 1, 32 lits): UNSAT in 0.02s
    cube 3066.63 (depth 1, 32 lits): UNSAT in 0.02s
    cube 3066.64 (depth 1, 32 lits): UNSAT in 0.04s
    cube 3066.65 (depth 1, 32 lits): UNSAT in 0.01s
    cube 3066.66 (depth 1, 32 lits): UNSAT in 0.03s
    cube 3066.67 (depth 1, 32 lits): UNSAT in 0.02s
    cube 3066.68 (depth 1, 32 lits): UNSAT in 0.09s
    cube 3066.69 (depth 1, 32 lits): UNSAT in 0.01s
    cube 3066.70 (depth 1, 32 lits): UNSAT in 0.02s
    cube 3066.71 (depth 1, 32 lits): UNSAT in 0.03s
    cube 3066.72 (depth 1, 32 lits): UNSAT in 0.05s
    cube 3066.73 (depth 1, 32 lits): UNSAT in 0.03s
    cube 3066.74 (depth 1, 32 lits): UNSAT in 0.06s
    cube 3066.75 (depth 1, 32 lits): UNSAT in 0.07s
    cube 3066.76 (depth 1, 32 lits): UNSAT in 0.19s
    cube 3066.77 (depth 1, 32 lits): UNSAT in 0.03s
    cube 3066.78 (depth 1, 32 lits): UNSAT in 0.05s
    cube 3066.79 (depth 1, 32 lits): UNSAT in 0.04s
    cube 3066.80 (depth 1, 32 lits): UNSAT in 0.08s
    cube 3066.81 (depth 1, 32 lits): UNSAT in 0.05s
    cube 3066.82 (depth 1, 32 lits): UNSAT in 0.11s
    cube 3066.83 (depth 1, 32 lits): UNSAT in 0.04s
    cube 3066.84 (depth 1, 32 lits): UNSAT in 0.27s
    cube 3066.85 (depth 1, 32 lits): UNSAT in 0.03s
    cube 3066.86 (depth 1, 32 lits): UNSAT in 0.11s
    cube 3066.87 (depth 1, 32 lits): UNSAT in 0.12s
    cube 3066.88 (depth 1, 32 lits): UNSAT in 0.28s
    cube 3066.89 (depth 1, 32 lits): UNSAT in 0.06s
    cube 3066.90 (depth 1, 32 lits): UNSAT in 0.18s
    cube 3066.91 (depth 1, 32 lits): UNSAT in 0.28s
    cube 3066.92 (depth 1, 32 lits): UNSAT in 1.56s
    cube 3066.93 (depth 1, 32 lits): UNSAT in 0.02s
    cube 3066.94 (depth 1, 32 lits): UNSAT in 0.03s
    cube 3066.95 (depth 1, 32 lits): UNSAT in 0.04s
    cube 3066.96 (depth 1, 32 lits): UNSAT in 0.12s
    cube 3066.97 (depth 1, 32 lits): UNSAT in 0.03s
    cube 3066.98 (depth 1, 32 lits): UNSAT in 0.18s
    cube 3066.99 (depth 1, 32 lits): UNSAT in 0.21s
    cube 3066.100 (depth 1, 32 lits): UNSAT in 1.34s
    cube 3066.101 (depth 1, 32 lits): UNSAT in 0.04s
    cube 3066.102 (depth 1, 32 lits): UNSAT in 0.15s
    cube 3066.103 (depth 1, 32 lits): UNSAT in 0.05s
    cube 3066.104 (depth 1, 32 lits): UNSAT in 0.16s
    cube 3066.105 (depth 1, 32 lits): UNSAT in 0.17s
    cube 3066.106 (depth 1, 32 lits): UNSAT in 0.38s
    cube 3066.107 (depth 1, 32 lits): UNSAT in 0.99s
    cube 3066.108 (depth 1, 32 lits): UNSAT in 3.49s
    cube 3066.109 (depth 1, 32 lits): UNSAT in 0.07s
    cube 3066.110 (depth 1, 32 lits): UNSAT in 0.18s
    cube 3066.111 (depth 1, 32 lits): UNSAT in 0.24s
    cube 3066.112 (depth 1, 32 lits): UNSAT in 0.60s
    cube 3066.113 (depth 1, 32 lits): UNSAT in 0.16s
    cube 3066.114 (depth 1, 32 lits): UNSAT in 0.18s
    cube 3066.115 (depth 1, 32 lits): UNSAT in 0.29s
    cube 3066.116 (depth 1, 32 lits): UNSAT in 1.59s
    cube 3066.117 (depth 1, 32 lits): UNSAT in 0.24s
    cube 3066.118 (depth 1, 32 lits): UNSAT in 1.77s
    cube 3066.119 (depth 1, 32 lits): UNSAT in 0.47s
    cube 3066.120 (depth 1, 32 lits): UNSAT in 9.47s
    cube 3066.121 (depth 1, 32 lits): UNSAT in 0.90s
    cube 3066.122 (depth 1, 32 lits): UNSAT in 7.17s
    cube 3066.123 (depth 1, 32 lits): UNSAT in 5.59s
    cube 3066.124 (depth 1, 32 lits): UNSAT in 54.30s
    cube 3066.125 (depth 1, 32 lits): UNSAT in 0.02s
    cube 3066.126 (depth 1, 32 lits): UNSAT in 0.02s
    cube 3066.127 (depth 1, 32 lits): UNSAT in 0.01s
    cube 3066.128 (depth 1, 32 lits): UNSAT in 0.03s
    cube 3066.129 (depth 1, 32 lits): UNSAT in 0.02s
    cube 3066.130 (depth 1, 32 lits): UNSAT in 0.03s
    cube 3066.131 (depth 1, 32 lits): UNSAT in 0.02s
    cube 3066.132 (depth 1, 32 lits): UNSAT in 0.03s
    cube 3066.133 (depth 1, 32 lits): UNSAT in 0.02s
    cube 3066.134 (depth 1, 32 lits): UNSAT in 0.03s
    cube 3066.135 (depth 1, 32 lits): UNSAT in 0.03s
    cube 3066.136 (depth 1, 32 lits): UNSAT in 0.08s
    cube 3066.137 (depth 1, 32 lits): UNSAT in 0.08s
    cube 3066.138 (depth 1, 32 lits): UNSAT in 0.25s
    cube 3066.139 (depth 1, 32 lits): UNSAT in 0.04s
    cube 3066.140 (depth 1, 32 lits): UNSAT in 0.34s
    cube 3066.141 (depth 1, 32 lits): UNSAT in 0.03s
    cube 3066.142 (depth 1, 32 lits): UNSAT in 0.05s
    cube 3066.143 (depth 1, 32 lits): UNSAT in 0.04s
    cube 3066.144 (depth 1, 32 lits): UNSAT in 0.15s
    cube 3066.145 (depth 1, 32 lits): UNSAT in 0.18s
    cube 3066.146 (depth 1, 32 lits): UNSAT in 0.28s
    cube 3066.147 (depth 1, 32 lits): UNSAT in 0.44s
    cube 3066.148 (depth 1, 32 lits): UNSAT in 0.89s
    cube 3066.149 (depth 1, 32 lits): UNSAT in 0.02s
    cube 3066.150 (depth 1, 32 lits): UNSAT in 0.09s
    cube 3066.151 (depth 1, 32 lits): UNSAT in 0.09s
    cube 3066.152 (depth 1, 32 lits): UNSAT in 0.90s
    cube 3066.153 (depth 1, 32 lits): UNSAT in 0.11s
    cube 3066.154 (depth 1, 32 lits): UNSAT in 0.21s
    cube 3066.155 (depth 1, 32 lits): UNSAT in 0.17s
    cube 3066.156 (depth 1, 32 lits): UNSAT in 2.44s
    cube 3066.157 (depth 1, 32 lits): UNSAT in 0.03s
    cube 3066.158 (depth 1, 32 lits): UNSAT in 0.04s
    cube 3066.159 (depth 1, 32 lits): UNSAT in 0.11s
    cube 3066.160 (depth 1, 32 lits): UNSAT in 0.13s
    cube 3066.161 (depth 1, 32 lits): UNSAT in 0.05s
    cube 3066.162 (depth 1, 32 lits): UNSAT in 0.28s
    cube 3066.163 (depth 1, 32 lits): UNSAT in 0.19s
    cube 3066.164 (depth 1, 32 lits): UNSAT in 0.95s
    cube 3066.165 (depth 1, 32 lits): UNSAT in 0.07s
    cube 3066.166 (depth 1, 32 lits): UNSAT in 0.33s
    cube 3066.167 (depth 1, 32 lits): UNSAT in 0.18s
    cube 3066.168 (depth 1, 32 lits): UNSAT in 0.75s
    cube 3066.169 (depth 1, 32 lits): UNSAT in 0.32s
    cube 3066.170 (depth 1, 32 lits): UNSAT in 0.74s
    cube 3066.171 (depth 1, 32 lits): UNSAT in 1.43s
    cube 3066.172 (depth 1, 32 lits): UNSAT in 4.69s
    cube 3066.173 (depth 1, 32 lits): UNSAT in 0.05s
    cube 3066.174 (depth 1, 32 lits): UNSAT in 0.15s
    cube 3066.175 (depth 1, 32 lits): UNSAT in 0.34s
    cube 3066.176 (depth 1, 32 lits): UNSAT in 0.49s
    cube 3066.177 (depth 1, 32 lits): UNSAT in 0.07s
    cube 3066.178 (depth 1, 32 lits): UNSAT in 0.25s
    cube 3066.179 (depth 1, 32 lits): UNSAT in 0.45s
    cube 3066.180 (depth 1, 32 lits): UNSAT in 0.97s
    cube 3066.181 (depth 1, 32 lits): UNSAT in 0.09s
    cube 3066.182 (depth 1, 32 lits): UNSAT in 0.36s
    cube 3066.183 (depth 1, 32 lits): UNSAT in 0.33s
    cube 3066.184 (depth 1, 32 lits): UNSAT in 4.11s
    cube 3066.185 (depth 1, 32 lits): UNSAT in 1.11s
    cube 3066.186 (depth 1, 32 lits): UNSAT in 11.28s
    cube 3066.187 (depth 1, 32 lits): UNSAT in 11.88s
    cube 3066.188 (depth 1, 32 lits): UNSAT in 245.96s
    cube 3066.189 (depth 1, 32 lits): UNSAT in 0.02s
    cube 3066.190 (depth 1, 32 lits): UNSAT in 0.02s
    cube 3066.191 (depth 1, 32 lits): UNSAT in 0.02s
    cube 3066.192 (depth 1, 32 lits): UNSAT in 0.03s
    cube 3066.193 (depth 1, 32 lits): UNSAT in 0.02s
    cube 3066.194 (depth 1, 32 lits): UNSAT in 0.03s
    cube 3066.195 (depth 1, 32 lits): UNSAT in 0.04s
    cube 3066.196 (depth 1, 32 lits): UNSAT in 0.33s
    cube 3066.197 (depth 1, 32 lits): UNSAT in 0.02s
    cube 3066.198 (depth 1, 32 lits): UNSAT in 0.04s
    cube 3066.199 (depth 1, 32 lits): UNSAT in 0.02s
    cube 3066.200 (depth 1, 32 lits): UNSAT in 0.07s
    cube 3066.201 (depth 1, 32 lits): UNSAT in 0.04s
    cube 3066.202 (depth 1, 32 lits): UNSAT in 0.14s
    cube 3066.203 (depth 1, 32 lits): UNSAT in 0.14s
    cube 3066.204 (depth 1, 32 lits): UNSAT in 0.97s
    cube 3066.205 (depth 1, 32 lits): UNSAT in 0.04s
    cube 3066.206 (depth 1, 32 lits): UNSAT in 0.05s
    cube 3066.207 (depth 1, 32 lits): UNSAT in 0.06s
    cube 3066.208 (depth 1, 32 lits): UNSAT in 0.16s
    cube 3066.209 (depth 1, 32 lits): UNSAT in 0.15s
    cube 3066.210 (depth 1, 32 lits): UNSAT in 0.49s
    cube 3066.211 (depth 1, 32 lits): UNSAT in 0.04s
    cube 3066.212 (depth 1, 32 lits): UNSAT in 0.15s
    cube 3066.213 (depth 1, 32 lits): UNSAT in 0.12s
    cube 3066.214 (depth 1, 32 lits): UNSAT in 0.14s
    cube 3066.215 (depth 1, 32 lits): UNSAT in 0.20s
    cube 3066.216 (depth 1, 32 lits): UNSAT in 0.72s
    cube 3066.217 (depth 1, 32 lits): UNSAT in 0.15s
    cube 3066.218 (depth 1, 32 lits): UNSAT in 0.42s
    cube 3066.219 (depth 1, 32 lits): UNSAT in 0.66s
    cube 3066.220 (depth 1, 32 lits): UNSAT in 1.95s
    cube 3066.221 (depth 1, 32 lits): UNSAT in 0.02s
    cube 3066.222 (depth 1, 32 lits): UNSAT in 0.02s
    cube 3066.223 (depth 1, 32 lits): UNSAT in 0.01s
    cube 3066.224 (depth 1, 32 lits): UNSAT in 0.03s
    cube 3066.225 (depth 1, 32 lits): UNSAT in 0.04s
    cube 3066.226 (depth 1, 32 lits): UNSAT in 0.10s
    cube 3066.227 (depth 1, 32 lits): UNSAT in 0.05s
    cube 3066.228 (depth 1, 32 lits): UNSAT in 0.34s
    cube 3066.229 (depth 1, 32 lits): UNSAT in 0.05s
    cube 3066.230 (depth 1, 32 lits): UNSAT in 0.38s
    cube 3066.231 (depth 1, 32 lits): UNSAT in 0.27s
    cube 3066.232 (depth 1, 32 lits): UNSAT in 0.49s
    cube 3066.233 (depth 1, 32 lits): UNSAT in 0.21s
    cube 3066.234 (depth 1, 32 lits): UNSAT in 0.40s
    cube 3066.235 (depth 1, 32 lits): UNSAT in 0.42s
    cube 3066.236 (depth 1, 32 lits): UNSAT in 1.95s
    cube 3066.237 (depth 1, 32 lits): UNSAT in 0.02s
    cube 3066.238 (depth 1, 32 lits): UNSAT in 0.09s
    cube 3066.239 (depth 1, 32 lits): UNSAT in 0.14s
    cube 3066.240 (depth 1, 32 lits): UNSAT in 0.42s
    cube 3066.241 (depth 1, 32 lits): UNSAT in 0.10s
    cube 3066.242 (depth 1, 32 lits): UNSAT in 0.72s
    cube 3066.243 (depth 1, 32 lits): UNSAT in 0.91s
    cube 3066.244 (depth 1, 32 lits): UNSAT in 2.91s
    cube 3066.245 (depth 1, 32 lits): UNSAT in 0.37s
    cube 3066.246 (depth 1, 32 lits): UNSAT in 0.72s
    cube 3066.247 (depth 1, 32 lits): UNSAT in 5.71s
    cube 3066.248 (depth 1, 32 lits): UNSAT in 3.91s
    cube 3066.249 (depth 1, 32 lits): UNSAT in 5.58s
    cube 3066.250 (depth 1, 32 lits): UNSAT in 5.98s
    cube 3066.251 (depth 1, 32 lits): UNSAT in 11.31s
    cube 3066.252 (depth 1, 32 lits): UNSAT in 63.22s
    cube 3070 (depth 0, 24 lits): UNSAT in 0.04s
    cube 3074 (depth 0, 24 lits): UNSAT in 0.13s
    cube 3078 (depth 0, 24 lits): UNSAT in 0.12s
    cube 3082 (depth 0, 24 lits): UNSAT in 1.26s
    cube 3086 (depth 0, 24 lits): UNSAT in 0.26s
    cube 3090 (depth 0, 24 lits): UNSAT in 0.95s
    cube 3094 (depth 0, 24 lits): UNSAT in 0.37s
    cube 3098 (depth 0, 24 lits): UNSAT in 0.47s
    cube 3102 (depth 0, 24 lits): UNSAT in 0.56s
    cube 3106 (depth 0, 24 lits): UNSAT in 9.79s
    cube 3110 (depth 0, 24 lits): UNSAT in 7.00s
    cube 3114 (depth 0, 24 lits): UNSAT in 36.66s
    cube 3118 (depth 0, 24 lits): UNSAT in 0.95s
    cube 3122 (depth 0, 24 lits): UNSAT in 16.87s
    cube 3126 (depth 0, 24 lits): UNSAT in 110.28s
    cube 3130 (depth 0, 24 lits): TIMEOUT in 600.07s
    cube 3130 TIMEOUT -> re-split into 250 sub-cubes (depth 1)
    cube 3130.0 (depth 1, 30 lits): UNSAT in 0.02s
    cube 3130.1 (depth 1, 32 lits): UNSAT in 0.02s
    cube 3130.2 (depth 1, 32 lits): UNSAT in 0.02s
    cube 3130.3 (depth 1, 32 lits): UNSAT in 0.01s
    cube 3130.4 (depth 1, 32 lits): UNSAT in 0.02s
    cube 3130.5 (depth 1, 32 lits): UNSAT in 0.01s
    cube 3130.6 (depth 1, 32 lits): UNSAT in 0.02s
    cube 3130.7 (depth 1, 32 lits): UNSAT in 0.02s
    cube 3130.8 (depth 1, 32 lits): UNSAT in 0.02s
    cube 3130.9 (depth 1, 32 lits): UNSAT in 0.02s
    cube 3130.10 (depth 1, 32 lits): UNSAT in 0.03s
    cube 3130.11 (depth 1, 32 lits): UNSAT in 0.03s
    cube 3130.12 (depth 1, 32 lits): UNSAT in 0.09s
    cube 3130.13 (depth 1, 31 lits): UNSAT in 0.01s
    cube 3130.14 (depth 1, 32 lits): UNSAT in 0.01s
    cube 3130.15 (depth 1, 32 lits): UNSAT in 0.02s
    cube 3130.16 (depth 1, 32 lits): UNSAT in 0.02s
    cube 3130.17 (depth 1, 32 lits): UNSAT in 0.02s
    cube 3130.18 (depth 1, 32 lits): UNSAT in 0.01s
    cube 3130.19 (depth 1, 32 lits): UNSAT in 0.08s
    cube 3130.20 (depth 1, 32 lits): UNSAT in 0.01s
    cube 3130.21 (depth 1, 32 lits): UNSAT in 0.02s
    cube 3130.22 (depth 1, 32 lits): UNSAT in 0.02s
    cube 3130.23 (depth 1, 32 lits): UNSAT in 0.05s
    cube 3130.24 (depth 1, 32 lits): UNSAT in 0.06s
    cube 3130.25 (depth 1, 32 lits): UNSAT in 0.08s
    cube 3130.26 (depth 1, 32 lits): UNSAT in 0.07s
    cube 3130.27 (depth 1, 32 lits): UNSAT in 0.15s
    cube 3130.28 (depth 1, 31 lits): UNSAT in 0.01s
    cube 3130.29 (depth 1, 32 lits): UNSAT in 0.01s
    cube 3130.30 (depth 1, 32 lits): UNSAT in 0.02s
    cube 3130.31 (depth 1, 32 lits): UNSAT in 0.01s
    cube 3130.32 (depth 1, 32 lits): UNSAT in 0.02s
    cube 3130.33 (depth 1, 32 lits): UNSAT in 0.02s
    cube 3130.34 (depth 1, 32 lits): UNSAT in 0.02s
    cube 3130.35 (depth 1, 32 lits): UNSAT in 0.01s
    cube 3130.36 (depth 1, 32 lits): UNSAT in 0.02s
    cube 3130.37 (depth 1, 32 lits): UNSAT in 0.02s
    cube 3130.38 (depth 1, 32 lits): UNSAT in 0.02s
    cube 3130.39 (depth 1, 32 lits): UNSAT in 0.02s
    cube 3130.40 (depth 1, 32 lits): UNSAT in 0.03s
    cube 3130.41 (depth 1, 32 lits): UNSAT in 0.04s
    cube 3130.42 (depth 1, 32 lits): UNSAT in 0.05s
    cube 3130.43 (depth 1, 32 lits): UNSAT in 0.01s
    cube 3130.44 (depth 1, 32 lits): UNSAT in 0.01s
    cube 3130.45 (depth 1, 32 lits): UNSAT in 0.03s
    cube 3130.46 (depth 1, 32 lits): UNSAT in 0.06s
    cube 3130.47 (depth 1, 32 lits): UNSAT in 0.02s
    cube 3130.48 (depth 1, 32 lits): UNSAT in 0.03s
    cube 3130.49 (depth 1, 32 lits): UNSAT in 0.05s
    cube 3130.50 (depth 1, 32 lits): UNSAT in 0.20s
    cube 3130.51 (depth 1, 32 lits): UNSAT in 0.03s
    cube 3130.52 (depth 1, 32 lits): UNSAT in 0.05s
    cube 3130.53 (depth 1, 32 lits): UNSAT in 0.02s
    cube 3130.54 (depth 1, 32 lits): UNSAT in 0.16s
    cube 3130.55 (depth 1, 32 lits): UNSAT in 0.05s
    cube 3130.56 (depth 1, 32 lits): UNSAT in 0.11s
    cube 3130.57 (depth 1, 32 lits): UNSAT in 0.27s
    cube 3130.58 (depth 1, 32 lits): UNSAT in 0.47s
    cube 3130.59 (depth 1, 32 lits): UNSAT in 0.02s
    cube 3130.60 (depth 1, 32 lits): UNSAT in 0.03s
    cube 3130.61 (depth 1, 32 lits): UNSAT in 0.02s
    cube 3130.62 (depth 1, 32 lits): UNSAT in 0.05s
    cube 3130.63 (depth 1, 32 lits): UNSAT in 0.02s
    cube 3130.64 (depth 1, 32 lits): UNSAT in 0.05s
    cube 3130.65 (depth 1, 32 lits): UNSAT in 0.05s
    cube 3130.66 (depth 1, 32 lits): UNSAT in 0.08s
    cube 3130.67 (depth 1, 32 lits): UNSAT in 0.01s
    cube 3130.68 (depth 1, 32 lits): UNSAT in 0.02s
    cube 3130.69 (depth 1, 32 lits): UNSAT in 0.02s
    cube 3130.70 (depth 1, 32 lits): UNSAT in 0.04s
    cube 3130.71 (depth 1, 32 lits): UNSAT in 0.04s
    cube 3130.72 (depth 1, 32 lits): UNSAT in 0.13s
    cube 3130.73 (depth 1, 32 lits): UNSAT in 0.04s
    cube 3130.74 (depth 1, 32 lits): UNSAT in 0.79s
    cube 3130.75 (depth 1, 32 lits): UNSAT in 0.02s
    cube 3130.76 (depth 1, 32 lits): UNSAT in 0.04s
    cube 3130.77 (depth 1, 32 lits): UNSAT in 0.02s
    cube 3130.78 (depth 1, 32 lits): UNSAT in 0.17s
    cube 3130.79 (depth 1, 32 lits): UNSAT in 0.02s
    cube 3130.80 (depth 1, 32 lits): UNSAT in 0.08s
    cube 3130.81 (depth 1, 32 lits): UNSAT in 0.14s
    cube 3130.82 (depth 1, 32 lits): UNSAT in 0.22s
    cube 3130.83 (depth 1, 32 lits): UNSAT in 0.03s
    cube 3130.84 (depth 1, 32 lits): UNSAT in 0.15s
    cube 3130.85 (depth 1, 32 lits): UNSAT in 0.06s
    cube 3130.86 (depth 1, 32 lits): UNSAT in 0.18s
    cube 3130.87 (depth 1, 32 lits): UNSAT in 0.10s
    cube 3130.88 (depth 1, 32 lits): UNSAT in 0.25s
    cube 3130.89 (depth 1, 32 lits): UNSAT in 0.51s
    cube 3130.90 (depth 1, 32 lits): UNSAT in 2.27s
    cube 3130.91 (depth 1, 32 lits): UNSAT in 0.02s
    cube 3130.92 (depth 1, 32 lits): UNSAT in 0.03s
    cube 3130.93 (depth 1, 32 lits): UNSAT in 0.02s
    cube 3130.94 (depth 1, 32 lits): UNSAT in 0.05s
    cube 3130.95 (depth 1, 32 lits): UNSAT in 0.02s
    cube 3130.96 (depth 1, 32 lits): UNSAT in 0.06s
    cube 3130.97 (depth 1, 32 lits): UNSAT in 0.06s
    cube 3130.98 (depth 1, 32 lits): UNSAT in 0.31s
    cube 3130.99 (depth 1, 32 lits): UNSAT in 0.03s
    cube 3130.100 (depth 1, 32 lits): UNSAT in 0.06s
    cube 3130.101 (depth 1, 32 lits): UNSAT in 0.05s
    cube 3130.102 (depth 1, 32 lits): UNSAT in 0.34s
    cube 3130.103 (depth 1, 32 lits): UNSAT in 0.16s
    cube 3130.104 (depth 1, 32 lits): UNSAT in 0.24s
    cube 3130.105 (depth 1, 32 lits): UNSAT in 0.28s
    cube 3130.106 (depth 1, 32 lits): UNSAT in 0.49s
    cube 3130.107 (depth 1, 32 lits): UNSAT in 0.03s
    cube 3130.108 (depth 1, 32 lits): UNSAT in 0.08s
    cube 3130.109 (depth 1, 32 lits): UNSAT in 0.14s
    cube 3130.110 (depth 1, 32 lits): UNSAT in 0.39s
    cube 3130.111 (depth 1, 32 lits): UNSAT in 0.02s
    cube 3130.112 (depth 1, 32 lits): UNSAT in 0.14s
    cube 3130.113 (depth 1, 32 lits): UNSAT in 0.16s
    cube 3130.114 (depth 1, 32 lits): UNSAT in 0.55s
    cube 3130.115 (depth 1, 32 lits): UNSAT in 0.14s
    cube 3130.116 (depth 1, 32 lits): UNSAT in 0.74s
    cube 3130.117 (depth 1, 32 lits): UNSAT in 0.66s
    cube 3130.118 (depth 1, 32 lits): UNSAT in 1.33s
    cube 3130.119 (depth 1, 32 lits): UNSAT in 1.36s
    cube 3130.120 (depth 1, 32 lits): UNSAT in 2.06s
    cube 3130.121 (depth 1, 32 lits): UNSAT in 4.69s
    cube 3130.122 (depth 1, 32 lits): UNSAT in 24.51s
    cube 3130.123 (depth 1, 31 lits): UNSAT in 0.02s
    cube 3130.124 (depth 1, 32 lits): UNSAT in 0.01s
    cube 3130.125 (depth 1, 32 lits): UNSAT in 0.02s
    cube 3130.126 (depth 1, 32 lits): UNSAT in 0.01s
    cube 3130.127 (depth 1, 32 lits): UNSAT in 0.02s
    cube 3130.128 (depth 1, 32 lits): UNSAT in 0.02s
    cube 3130.129 (depth 1, 32 lits): UNSAT in 0.03s
    cube 3130.130 (depth 1, 32 lits): UNSAT in 0.01s
    cube 3130.131 (depth 1, 32 lits): UNSAT in 0.03s
    cube 3130.132 (depth 1, 32 lits): UNSAT in 0.02s
    cube 3130.133 (depth 1, 32 lits): UNSAT in 0.03s
    cube 3130.134 (depth 1, 32 lits): UNSAT in 0.03s
    cube 3130.135 (depth 1, 32 lits): UNSAT in 0.07s
    cube 3130.136 (depth 1, 32 lits): UNSAT in 0.05s
    cube 3130.137 (depth 1, 32 lits): UNSAT in 0.18s
    cube 3130.138 (depth 1, 32 lits): UNSAT in 0.02s
    cube 3130.139 (depth 1, 32 lits): UNSAT in 0.04s
    cube 3130.140 (depth 1, 32 lits): UNSAT in 0.02s
    cube 3130.141 (depth 1, 32 lits): UNSAT in 0.09s
    cube 3130.142 (depth 1, 32 lits): UNSAT in 0.03s
    cube 3130.143 (depth 1, 32 lits): UNSAT in 0.11s
    cube 3130.144 (depth 1, 32 lits): UNSAT in 0.19s
    cube 3130.145 (depth 1, 32 lits): UNSAT in 0.59s
    cube 3130.146 (depth 1, 32 lits): UNSAT in 0.04s
    cube 3130.147 (depth 1, 32 lits): UNSAT in 0.05s
    cube 3130.148 (depth 1, 32 lits): UNSAT in 0.09s
    cube 3130.149 (depth 1, 32 lits): UNSAT in 0.62s
    cube 3130.150 (depth 1, 32 lits): UNSAT in 0.10s
    cube 3130.151 (depth 1, 32 lits): UNSAT in 0.50s
    cube 3130.152 (depth 1, 32 lits): UNSAT in 0.89s
    cube 3130.153 (depth 1, 32 lits): UNSAT in 1.72s
    cube 3130.154 (depth 1, 32 lits): UNSAT in 0.02s
    cube 3130.155 (depth 1, 32 lits): UNSAT in 0.04s
    cube 3130.156 (depth 1, 32 lits): UNSAT in 0.03s
    cube 3130.157 (depth 1, 32 lits): UNSAT in 0.07s
    cube 3130.158 (depth 1, 32 lits): UNSAT in 0.03s
    cube 3130.159 (depth 1, 32 lits): UNSAT in 0.04s
    cube 3130.160 (depth 1, 32 lits): UNSAT in 0.08s
    cube 3130.161 (depth 1, 32 lits): UNSAT in 0.28s
    cube 3130.162 (depth 1, 32 lits): UNSAT in 0.02s
    cube 3130.163 (depth 1, 32 lits): UNSAT in 0.14s
    cube 3130.164 (depth 1, 32 lits): UNSAT in 0.12s
    cube 3130.165 (depth 1, 32 lits): UNSAT in 0.97s
    cube 3130.166 (depth 1, 32 lits): UNSAT in 0.09s
    cube 3130.167 (depth 1, 32 lits): UNSAT in 0.49s
    cube 3130.168 (depth 1, 32 lits): UNSAT in 0.45s
    cube 3130.169 (depth 1, 32 lits): UNSAT in 2.96s
    cube 3130.170 (depth 1, 32 lits): UNSAT in 0.03s
    cube 3130.171 (depth 1, 32 lits): UNSAT in 0.11s
    cube 3130.172 (depth 1, 32 lits): UNSAT in 0.30s
    cube 3130.173 (depth 1, 32 lits): UNSAT in 0.43s
    cube 3130.174 (depth 1, 32 lits): UNSAT in 0.09s
    cube 3130.175 (depth 1, 32 lits): UNSAT in 0.18s
    cube 3130.176 (depth 1, 32 lits): UNSAT in 0.38s
    cube 3130.177 (depth 1, 32 lits): UNSAT in 0.90s
    cube 3130.178 (depth 1, 32 lits): UNSAT in 0.12s
    cube 3130.179 (depth 1, 32 lits): UNSAT in 1.25s
    cube 3130.180 (depth 1, 32 lits): UNSAT in 0.59s
    cube 3130.181 (depth 1, 32 lits): UNSAT in 3.36s
    cube 3130.182 (depth 1, 32 lits): UNSAT in 1.64s
    cube 3130.183 (depth 1, 32 lits): UNSAT in 8.13s
    cube 3130.184 (depth 1, 32 lits): UNSAT in 12.37s
    cube 3130.185 (depth 1, 32 lits): UNSAT in 80.33s
    cube 3130.186 (depth 1, 32 lits): UNSAT in 0.01s
    cube 3130.187 (depth 1, 32 lits): UNSAT in 0.01s
    cube 3130.188 (depth 1, 32 lits): UNSAT in 0.02s
    cube 3130.189 (depth 1, 32 lits): UNSAT in 0.02s
    cube 3130.190 (depth 1, 32 lits): UNSAT in 0.04s
    cube 3130.191 (depth 1, 32 lits): UNSAT in 0.11s
    cube 3130.192 (depth 1, 32 lits): UNSAT in 0.17s
    cube 3130.193 (depth 1, 32 lits): UNSAT in 0.07s
    cube 3130.194 (depth 1, 32 lits): UNSAT in 0.03s
    cube 3130.195 (depth 1, 32 lits): UNSAT in 0.17s
    cube 3130.196 (depth 1, 32 lits): UNSAT in 0.13s
    cube 3130.197 (depth 1, 32 lits): UNSAT in 0.49s
    cube 3130.198 (depth 1, 32 lits): UNSAT in 0.22s
    cube 3130.199 (depth 1, 32 lits): UNSAT in 0.92s
    cube 3130.200 (depth 1, 32 lits): UNSAT in 0.35s
    cube 3130.201 (depth 1, 32 lits): UNSAT in 3.12s
    cube 3130.202 (depth 1, 32 lits): UNSAT in 0.02s
    cube 3130.203 (depth 1, 32 lits): UNSAT in 0.05s
    cube 3130.204 (depth 1, 32 lits): UNSAT in 0.10s
    cube 3130.205 (depth 1, 32 lits): UNSAT in 0.19s
    cube 3130.206 (depth 1, 32 lits): UNSAT in 0.15s
    cube 3130.207 (depth 1, 32 lits): UNSAT in 1.23s
    cube 3130.208 (depth 1, 32 lits): UNSAT in 1.32s
    cube 3130.209 (depth 1, 32 lits): UNSAT in 4.58s
    cube 3130.210 (depth 1, 32 lits): UNSAT in 0.23s
    cube 3130.211 (depth 1, 32 lits): UNSAT in 0.68s
    cube 3130.212 (depth 1, 32 lits): UNSAT in 0.27s
    cube 3130.213 (depth 1, 32 lits): UNSAT in 1.37s
    cube 3130.214 (depth 1, 32 lits): UNSAT in 1.83s
    cube 3130.215 (depth 1, 32 lits): UNSAT in 5.26s
    cube 3130.216 (depth 1, 32 lits): UNSAT in 11.52s
    cube 3130.217 (depth 1, 32 lits): UNSAT in 106.92s
    cube 3130.218 (depth 1, 32 lits): UNSAT in 0.02s
    cube 3130.219 (depth 1, 32 lits): UNSAT in 0.04s
    cube 3130.220 (depth 1, 32 lits): UNSAT in 0.04s
    cube 3130.221 (depth 1, 32 lits): UNSAT in 0.09s
    cube 3130.222 (depth 1, 32 lits): UNSAT in 0.05s
    cube 3130.223 (depth 1, 32 lits): UNSAT in 0.18s
    cube 3130.224 (depth 1, 32 lits): UNSAT in 0.18s
    cube 3130.225 (depth 1, 32 lits): UNSAT in 2.45s
    cube 3130.226 (depth 1, 32 lits): UNSAT in 0.07s
    cube 3130.227 (depth 1, 32 lits): UNSAT in 0.09s
    cube 3130.228 (depth 1, 32 lits): UNSAT in 0.09s
    cube 3130.229 (depth 1, 32 lits): UNSAT in 0.70s
    cube 3130.230 (depth 1, 32 lits): UNSAT in 0.19s
    cube 3130.231 (depth 1, 32 lits): UNSAT in 0.50s
    cube 3130.232 (depth 1, 32 lits): UNSAT in 0.59s
    cube 3130.233 (depth 1, 32 lits): UNSAT in 3.87s
    cube 3130.234 (depth 1, 32 lits): UNSAT in 0.03s
    cube 3130.235 (depth 1, 32 lits): UNSAT in 0.02s
    cube 3130.236 (depth 1, 32 lits): UNSAT in 0.14s
    cube 3130.237 (depth 1, 32 lits): UNSAT in 0.56s
    cube 3130.238 (depth 1, 32 lits): UNSAT in 0.26s
    cube 3130.239 (depth 1, 32 lits): UNSAT in 1.19s
    cube 3130.240 (depth 1, 32 lits): UNSAT in 1.46s
    cube 3130.241 (depth 1, 32 lits): UNSAT in 5.74s
    cube 3130.242 (depth 1, 32 lits): UNSAT in 0.31s
    cube 3130.243 (depth 1, 32 lits): UNSAT in 0.94s
    cube 3130.244 (depth 1, 32 lits): UNSAT in 0.53s
    cube 3130.245 (depth 1, 32 lits): UNSAT in 2.65s
    cube 3130.246 (depth 1, 32 lits): UNSAT in 0.62s
    cube 3130.247 (depth 1, 32 lits): UNSAT in 9.96s
    cube 3130.248 (depth 1, 32 lits): UNSAT in 19.03s
    cube 3130.249 (depth 1, 32 lits): UNSAT in 211.05s
    cube 3134 (depth 0, 24 lits): UNSAT in 0.06s
    cube 3138 (depth 0, 24 lits): UNSAT in 0.34s
    cube 3142 (depth 0, 24 lits): UNSAT in 0.40s
    cube 3146 (depth 0, 24 lits): UNSAT in 1.99s
    cube 3150 (depth 0, 24 lits): UNSAT in 2.60s
    cube 3154 (depth 0, 24 lits): UNSAT in 5.62s
    cube 3158 (depth 0, 24 lits): UNSAT in 2.17s
