  shard 5/24 (explicit): 1 of 4095 cubes, per-cube cap 1200.0s, re-split depth 7
    cube 4079 (depth 0, 12 lits): TIMEOUT in 1200.03s
    cube 4079 TIMEOUT -> re-split into 243 sub-cubes (depth 1)
    cube 4079.0 (depth 1, 19 lits): UNSAT in 0.01s
    cube 4079.1 (depth 1, 20 lits): UNSAT in 0.01s
    cube 4079.2 (depth 1, 20 lits): UNSAT in 0.01s
    cube 4079.3 (depth 1, 20 lits): UNSAT in 0.01s
    cube 4079.4 (depth 1, 20 lits): UNSAT in 0.02s
    cube 4079.5 (depth 1, 20 lits): UNSAT in 0.01s
    cube 4079.6 (depth 1, 20 lits): UNSAT in 0.02s
    cube 4079.7 (depth 1, 20 lits): UNSAT in 0.02s
    cube 4079.8 (depth 1, 20 lits): UNSAT in 0.01s
    cube 4079.9 (depth 1, 20 lits): UNSAT in 0.01s
    cube 4079.10 (depth 1, 20 lits): UNSAT in 0.03s
    cube 4079.11 (depth 1, 20 lits): UNSAT in 0.02s
    cube 4079.12 (depth 1, 20 lits): UNSAT in 0.03s
    cube 4079.13 (depth 1, 20 lits): UNSAT in 0.02s
    cube 4079.14 (depth 1, 20 lits): UNSAT in 0.02s
    cube 4079.15 (depth 1, 18 lits): UNSAT in 0.02s
    cube 4079.16 (depth 1, 20 lits): UNSAT in 0.01s
    cube 4079.17 (depth 1, 20 lits): UNSAT in 0.01s
    cube 4079.18 (depth 1, 19 lits): UNSAT in 0.02s
    cube 4079.19 (depth 1, 19 lits): UNSAT in 0.01s
    cube 4079.20 (depth 1, 20 lits): UNSAT in 0.02s
    cube 4079.21 (depth 1, 20 lits): UNSAT in 0.02s
    cube 4079.22 (depth 1, 19 lits): UNSAT in 0.01s
    cube 4079.23 (depth 1, 20 lits): UNSAT in 0.02s
    cube 4079.24 (depth 1, 20 lits): UNSAT in 0.03s
    cube 4079.25 (depth 1, 20 lits): UNSAT in 0.02s
    cube 4079.26 (depth 1, 20 lits): UNSAT in 0.02s
    cube 4079.27 (depth 1, 20 lits): UNSAT in 0.02s
    cube 4079.28 (depth 1, 20 lits): UNSAT in 0.04s
    cube 4079.29 (depth 1, 20 lits): UNSAT in 0.01s
    cube 4079.30 (depth 1, 20 lits): UNSAT in 0.03s
    cube 4079.31 (depth 1, 20 lits): UNSAT in 0.03s
    cube 4079.32 (depth 1, 20 lits): UNSAT in 0.05s
    cube 4079.33 (depth 1, 20 lits): UNSAT in 0.02s
    cube 4079.34 (depth 1, 20 lits): UNSAT in 0.03s
    cube 4079.35 (depth 1, 20 lits): UNSAT in 0.02s
    cube 4079.36 (depth 1, 20 lits): UNSAT in 0.03s
    cube 4079.37 (depth 1, 20 lits): UNSAT in 0.03s
    cube 4079.38 (depth 1, 20 lits): UNSAT in 0.03s
    cube 4079.39 (depth 1, 20 lits): UNSAT in 0.04s
    cube 4079.40 (depth 1, 20 lits): UNSAT in 0.06s
    cube 4079.41 (depth 1, 20 lits): UNSAT in 0.01s
    cube 4079.42 (depth 1, 20 lits): UNSAT in 0.01s
    cube 4079.43 (depth 1, 20 lits): UNSAT in 0.02s
    cube 4079.44 (depth 1, 20 lits): UNSAT in 0.04s
    cube 4079.45 (depth 1, 20 lits): UNSAT in 0.03s
    cube 4079.46 (depth 1, 20 lits): UNSAT in 0.02s
    cube 4079.47 (depth 1, 20 lits): UNSAT in 0.05s
    cube 4079.48 (depth 1, 20 lits): UNSAT in 0.07s
    cube 4079.49 (depth 1, 20 lits): UNSAT in 0.02s
    cube 4079.50 (depth 1, 20 lits): UNSAT in 0.04s
    cube 4079.51 (depth 1, 20 lits): UNSAT in 0.02s
    cube 4079.52 (depth 1, 20 lits): UNSAT in 0.02s
    cube 4079.53 (depth 1, 20 lits): UNSAT in 0.02s
    cube 4079.54 (depth 1, 20 lits): UNSAT in 0.26s
    cube 4079.55 (depth 1, 20 lits): UNSAT in 0.46s
    cube 4079.56 (depth 1, 20 lits): UNSAT in 1.01s
    cube 4079.57 (depth 1, 20 lits): UNSAT in 0.01s
    cube 4079.58 (depth 1, 20 lits): UNSAT in 0.02s
    cube 4079.59 (depth 1, 19 lits): UNSAT in 0.02s
    cube 4079.60 (depth 1, 20 lits): UNSAT in 0.02s
    cube 4079.61 (depth 1, 20 lits): UNSAT in 0.03s
    cube 4079.62 (depth 1, 20 lits): UNSAT in 0.01s
    cube 4079.63 (depth 1, 20 lits): UNSAT in 0.02s
    cube 4079.64 (depth 1, 19 lits): UNSAT in 0.02s
    cube 4079.65 (depth 1, 20 lits): UNSAT in 0.02s
    cube 4079.66 (depth 1, 20 lits): UNSAT in 0.02s
    cube 4079.67 (depth 1, 20 lits): UNSAT in 0.02s
    cube 4079.68 (depth 1, 20 lits): UNSAT in 0.07s
    cube 4079.69 (depth 1, 20 lits): UNSAT in 0.09s
    cube 4079.70 (depth 1, 20 lits): UNSAT in 0.21s
    cube 4079.71 (depth 1, 20 lits): UNSAT in 0.01s
    cube 4079.72 (depth 1, 20 lits): UNSAT in 0.04s
    cube 4079.73 (depth 1, 20 lits): UNSAT in 0.05s
    cube 4079.74 (depth 1, 20 lits): UNSAT in 0.05s
    cube 4079.75 (depth 1, 20 lits): UNSAT in 0.06s
    cube 4079.76 (depth 1, 20 lits): UNSAT in 0.33s
    cube 4079.77 (depth 1, 20 lits): UNSAT in 0.20s
    cube 4079.78 (depth 1, 20 lits): UNSAT in 0.14s
    cube 4079.79 (depth 1, 20 lits): UNSAT in 0.02s
    cube 4079.80 (depth 1, 20 lits): UNSAT in 0.02s
    cube 4079.81 (depth 1, 20 lits): UNSAT in 0.08s
    cube 4079.82 (depth 1, 20 lits): UNSAT in 0.10s
    cube 4079.83 (depth 1, 20 lits): UNSAT in 0.21s
    cube 4079.84 (depth 1, 20 lits): UNSAT in 0.52s
    cube 4079.85 (depth 1, 20 lits): UNSAT in 1.13s
    cube 4079.86 (depth 1, 20 lits): UNSAT in 0.38s
    cube 4079.87 (depth 1, 20 lits): UNSAT in 0.04s
    cube 4079.88 (depth 1, 20 lits): UNSAT in 0.09s
    cube 4079.89 (depth 1, 20 lits): UNSAT in 0.14s
    cube 4079.90 (depth 1, 20 lits): UNSAT in 0.35s
    cube 4079.91 (depth 1, 20 lits): UNSAT in 0.07s
    cube 4079.92 (depth 1, 20 lits): UNSAT in 0.24s
    cube 4079.93 (depth 1, 20 lits): UNSAT in 0.19s
    cube 4079.94 (depth 1, 20 lits): UNSAT in 0.54s
    cube 4079.95 (depth 1, 20 lits): UNSAT in 0.14s
    cube 4079.96 (depth 1, 20 lits): UNSAT in 0.93s
    cube 4079.97 (depth 1, 20 lits): UNSAT in 0.44s
    cube 4079.98 (depth 1, 20 lits): UNSAT in 1.84s
    cube 4079.99 (depth 1, 20 lits): UNSAT in 0.05s
    cube 4079.100 (depth 1, 20 lits): UNSAT in 0.21s
    cube 4079.101 (depth 1, 20 lits): UNSAT in 0.13s
    cube 4079.102 (depth 1, 20 lits): UNSAT in 1.21s
    cube 4079.103 (depth 1, 20 lits): UNSAT in 0.04s
    cube 4079.104 (depth 1, 20 lits): UNSAT in 0.11s
    cube 4079.105 (depth 1, 20 lits): UNSAT in 0.04s
    cube 4079.106 (depth 1, 20 lits): UNSAT in 0.10s
    cube 4079.107 (depth 1, 20 lits): UNSAT in 0.68s
    cube 4079.108 (depth 1, 20 lits): UNSAT in 2.25s
    cube 4079.109 (depth 1, 20 lits): UNSAT in 1.06s
    cube 4079.110 (depth 1, 20 lits): UNSAT in 4.09s
    cube 4079.111 (depth 1, 20 lits): UNSAT in 2.95s
    cube 4079.112 (depth 1, 20 lits): UNSAT in 2.56s
    cube 4079.113 (depth 1, 20 lits): UNSAT in 2.14s
    cube 4079.114 (depth 1, 20 lits): UNSAT in 8.19s
    cube 4079.115 (depth 1, 20 lits): UNSAT in 0.74s
    cube 4079.116 (depth 1, 20 lits): UNSAT in 3.40s
    cube 4079.117 (depth 1, 20 lits): UNSAT in 14.20s
    cube 4079.118 (depth 1, 20 lits): UNSAT in 98.84s
    cube 4079.119 (depth 1, 19 lits): UNSAT in 0.01s
    cube 4079.120 (depth 1, 20 lits): UNSAT in 0.01s
    cube 4079.121 (depth 1, 20 lits): UNSAT in 0.03s
    cube 4079.122 (depth 1, 20 lits): UNSAT in 0.02s
    cube 4079.123 (depth 1, 20 lits): UNSAT in 0.02s
    cube 4079.124 (depth 1, 19 lits): UNSAT in 0.02s
    cube 4079.125 (depth 1, 20 lits): UNSAT in 0.02s
    cube 4079.126 (depth 1, 20 lits): UNSAT in 0.04s
    cube 4079.127 (depth 1, 20 lits): UNSAT in 0.07s
    cube 4079.128 (depth 1, 20 lits): UNSAT in 0.11s
    cube 4079.129 (depth 1, 20 lits): UNSAT in 0.06s
    cube 4079.130 (depth 1, 20 lits): UNSAT in 0.07s
    cube 4079.131 (depth 1, 20 lits): UNSAT in 0.12s
    cube 4079.132 (depth 1, 20 lits): UNSAT in 0.36s
    cube 4079.133 (depth 1, 19 lits): UNSAT in 0.01s
    cube 4079.134 (depth 1, 19 lits): UNSAT in 0.02s
    cube 4079.135 (depth 1, 20 lits): UNSAT in 0.01s
    cube 4079.136 (depth 1, 20 lits): UNSAT in 0.03s
    cube 4079.137 (depth 1, 20 lits): UNSAT in 0.03s
    cube 4079.138 (depth 1, 20 lits): UNSAT in 0.04s
    cube 4079.139 (depth 1, 20 lits): UNSAT in 0.11s
    cube 4079.140 (depth 1, 20 lits): UNSAT in 0.16s
    cube 4079.141 (depth 1, 20 lits): UNSAT in 0.04s
    cube 4079.142 (depth 1, 20 lits): UNSAT in 0.81s
    cube 4079.143 (depth 1, 20 lits): UNSAT in 0.02s
    cube 4079.144 (depth 1, 20 lits): UNSAT in 0.19s
    cube 4079.145 (depth 1, 20 lits): UNSAT in 0.10s
    cube 4079.146 (depth 1, 20 lits): UNSAT in 0.76s
    cube 4079.147 (depth 1, 20 lits): UNSAT in 0.02s
    cube 4079.148 (depth 1, 20 lits): UNSAT in 0.06s
    cube 4079.149 (depth 1, 20 lits): UNSAT in 0.11s
    cube 4079.150 (depth 1, 20 lits): UNSAT in 0.31s
    cube 4079.151 (depth 1, 20 lits): UNSAT in 0.08s
    cube 4079.152 (depth 1, 20 lits): UNSAT in 0.91s
    cube 4079.153 (depth 1, 20 lits): UNSAT in 0.12s
    cube 4079.154 (depth 1, 20 lits): UNSAT in 2.32s
    cube 4079.155 (depth 1, 20 lits): UNSAT in 0.28s
    cube 4079.156 (depth 1, 20 lits): UNSAT in 0.27s
    cube 4079.157 (depth 1, 20 lits): UNSAT in 0.40s
    cube 4079.158 (depth 1, 20 lits): UNSAT in 0.73s
    cube 4079.159 (depth 1, 20 lits): UNSAT in 0.58s
    cube 4079.160 (depth 1, 20 lits): UNSAT in 2.00s
    cube 4079.161 (depth 1, 20 lits): UNSAT in 2.53s
    cube 4079.162 (depth 1, 20 lits): UNSAT in 4.07s
    cube 4079.163 (depth 1, 20 lits): UNSAT in 0.07s
    cube 4079.164 (depth 1, 20 lits): UNSAT in 0.88s
    cube 4079.165 (depth 1, 20 lits): UNSAT in 0.09s
    cube 4079.166 (depth 1, 20 lits): UNSAT in 0.77s
    cube 4079.167 (depth 1, 20 lits): UNSAT in 0.18s
    cube 4079.168 (depth 1, 20 lits): UNSAT in 0.57s
    cube 4079.169 (depth 1, 20 lits): UNSAT in 0.40s
    cube 4079.170 (depth 1, 20 lits): UNSAT in 1.98s
    cube 4079.171 (depth 1, 20 lits): UNSAT in 0.28s
    cube 4079.172 (depth 1, 20 lits): UNSAT in 0.39s
    cube 4079.173 (depth 1, 20 lits): UNSAT in 0.13s
    cube 4079.174 (depth 1, 20 lits): UNSAT in 0.39s
    cube 4079.175 (depth 1, 20 lits): UNSAT in 0.07s
    cube 4079.176 (depth 1, 20 lits): UNSAT in 0.19s
    cube 4079.177 (depth 1, 20 lits): UNSAT in 1.80s
    cube 4079.178 (depth 1, 20 lits): UNSAT in 8.63s
    cube 4079.179 (depth 1, 20 lits): UNSAT in 0.02s
    cube 4079.180 (depth 1, 20 lits): UNSAT in 0.03s
    cube 4079.181 (depth 1, 20 lits): UNSAT in 0.02s
    cube 4079.182 (depth 1, 20 lits): UNSAT in 0.15s
    cube 4079.183 (depth 1, 20 lits): UNSAT in 0.04s
    cube 4079.184 (depth 1, 20 lits): UNSAT in 0.05s
    cube 4079.185 (depth 1, 20 lits): UNSAT in 0.08s
    cube 4079.186 (depth 1, 20 lits): UNSAT in 0.43s
    cube 4079.187 (depth 1, 20 lits): UNSAT in 0.07s
    cube 4079.188 (depth 1, 20 lits): UNSAT in 0.18s
    cube 4079.189 (depth 1, 20 lits): UNSAT in 0.25s
    cube 4079.190 (depth 1, 20 lits): UNSAT in 1.13s
    cube 4079.191 (depth 1, 20 lits): UNSAT in 0.09s
    cube 4079.192 (depth 1, 20 lits): UNSAT in 0.35s
    cube 4079.193 (depth 1, 20 lits): UNSAT in 0.43s
    cube 4079.194 (depth 1, 20 lits): UNSAT in 1.41s
    cube 4079.195 (depth 1, 20 lits): UNSAT in 0.04s
    cube 4079.196 (depth 1, 20 lits): UNSAT in 0.12s
    cube 4079.197 (depth 1, 20 lits): UNSAT in 0.09s
    cube 4079.198 (depth 1, 20 lits): UNSAT in 0.32s
    cube 4079.199 (depth 1, 20 lits): UNSAT in 0.03s
    cube 4079.200 (depth 1, 20 lits): UNSAT in 0.11s
    cube 4079.201 (depth 1, 20 lits): UNSAT in 0.22s
    cube 4079.202 (depth 1, 20 lits): UNSAT in 2.92s
    cube 4079.203 (depth 1, 20 lits): UNSAT in 0.19s
    cube 4079.204 (depth 1, 20 lits): UNSAT in 2.34s
    cube 4079.205 (depth 1, 20 lits): UNSAT in 0.40s
    cube 4079.206 (depth 1, 20 lits): UNSAT in 1.14s
    cube 4079.207 (depth 1, 20 lits): UNSAT in 9.63s
    cube 4079.208 (depth 1, 20 lits): UNSAT in 9.87s
    cube 4079.209 (depth 1, 20 lits): UNSAT in 11.91s
    cube 4079.210 (depth 1, 20 lits): UNSAT in 157.45s
    cube 4079.211 (depth 1, 20 lits): UNSAT in 0.11s
    cube 4079.212 (depth 1, 20 lits): UNSAT in 0.15s
    cube 4079.213 (depth 1, 20 lits): UNSAT in 0.35s
    cube 4079.214 (depth 1, 20 lits): UNSAT in 0.93s
    cube 4079.215 (depth 1, 20 lits): UNSAT in 0.64s
    cube 4079.216 (depth 1, 20 lits): UNSAT in 0.41s
    cube 4079.217 (depth 1, 20 lits): UNSAT in 0.74s
    cube 4079.218 (depth 1, 20 lits): UNSAT in 0.85s
    cube 4079.219 (depth 1, 20 lits): UNSAT in 0.19s
    cube 4079.220 (depth 1, 20 lits): UNSAT in 0.57s
    cube 4079.221 (depth 1, 20 lits): UNSAT in 0.77s
    cube 4079.222 (depth 1, 20 lits): UNSAT in 6.66s
    cube 4079.223 (depth 1, 20 lits): UNSAT in 0.51s
    cube 4079.224 (depth 1, 20 lits): UNSAT in 1.24s
    cube 4079.225 (depth 1, 20 lits): UNSAT in 6.63s
    cube 4079.226 (depth 1, 20 lits): UNSAT in 176.38s
    cube 4079.227 (depth 1, 20 lits): UNSAT in 0.11s
    cube 4079.228 (depth 1, 20 lits): UNSAT in 0.22s
    cube 4079.229 (depth 1, 20 lits): UNSAT in 0.08s
    cube 4079.230 (depth 1, 20 lits): UNSAT in 3.72s
    cube 4079.231 (depth 1, 20 lits): UNSAT in 1.46s
    cube 4079.232 (depth 1, 20 lits): UNSAT in 7.61s
    cube 4079.233 (depth 1, 20 lits): UNSAT in 4.41s
    cube 4079.234 (depth 1, 20 lits): UNSAT in 51.45s
    cube 4079.235 (depth 1, 20 lits): UNSAT in 1.18s
    cube 4079.236 (depth 1, 20 lits): UNSAT in 22.13s
    cube 4079.237 (depth 1, 20 lits): UNSAT in 3.81s
    cube 4079.238 (depth 1, 20 lits): UNSAT in 175.18s
    cube 4079.239 (depth 1, 20 lits): UNSAT in 18.33s
    cube 4079.240 (depth 1, 20 lits): UNSAT in 895.99s
    cube 4079.241 (depth 1, 20 lits): UNSAT in 384.63s
    cube 4079.242 (depth 1, 20 lits): TIMEOUT in 1200.10s
    cube 4079.242 TIMEOUT -> re-split into 252 sub-cubes (depth 2)
    cube 4079.242.0 (depth 2, 27 lits): UNSAT in 0.01s
    cube 4079.242.1 (depth 2, 27 lits): UNSAT in 0.02s
    cube 4079.242.2 (depth 2, 28 lits): UNSAT in 0.01s
    cube 4079.242.3 (depth 2, 28 lits): UNSAT in 0.03s
    cube 4079.242.4 (depth 2, 28 lits): UNSAT in 0.03s
    cube 4079.242.5 (depth 2, 28 lits): UNSAT in 0.08s
    cube 4079.242.6 (depth 2, 28 lits): UNSAT in 0.02s
    cube 4079.242.7 (depth 2, 28 lits): UNSAT in 0.03s
    cube 4079.242.8 (depth 2, 28 lits): UNSAT in 0.05s
    cube 4079.242.9 (depth 2, 28 lits): UNSAT in 0.06s
    cube 4079.242.10 (depth 2, 28 lits): UNSAT in 0.05s
    cube 4079.242.11 (depth 2, 28 lits): UNSAT in 0.16s
    cube 4079.242.12 (depth 2, 28 lits): UNSAT in 0.08s
    cube 4079.242.13 (depth 2, 28 lits): UNSAT in 0.27s
    cube 4079.242.14 (depth 2, 27 lits): UNSAT in 0.01s
    cube 4079.242.15 (depth 2, 28 lits): UNSAT in 0.02s
    cube 4079.242.16 (depth 2, 28 lits): UNSAT in 0.04s
    cube 4079.242.17 (depth 2, 28 lits): UNSAT in 0.02s
    cube 4079.242.18 (depth 2, 28 lits): UNSAT in 0.02s
    cube 4079.242.19 (depth 2, 28 lits): UNSAT in 0.02s
    cube 4079.242.20 (depth 2, 28 lits): UNSAT in 0.04s
    cube 4079.242.21 (depth 2, 28 lits): UNSAT in 0.03s
    cube 4079.242.22 (depth 2, 28 lits): UNSAT in 0.02s
    cube 4079.242.23 (depth 2, 28 lits): UNSAT in 0.03s
    cube 4079.242.24 (depth 2, 28 lits): UNSAT in 0.06s
    cube 4079.242.25 (depth 2, 28 lits): UNSAT in 0.06s
    cube 4079.242.26 (depth 2, 28 lits): UNSAT in 0.12s
    cube 4079.242.27 (depth 2, 28 lits): UNSAT in 0.11s
    cube 4079.242.28 (depth 2, 28 lits): UNSAT in 0.38s
    cube 4079.242.29 (depth 2, 28 lits): UNSAT in 0.02s
    cube 4079.242.30 (depth 2, 28 lits): UNSAT in 0.02s
    cube 4079.242.31 (depth 2, 28 lits): UNSAT in 0.03s
    cube 4079.242.32 (depth 2, 28 lits): UNSAT in 0.12s
    cube 4079.242.33 (depth 2, 28 lits): UNSAT in 0.04s
    cube 4079.242.34 (depth 2, 28 lits): UNSAT in 0.04s
    cube 4079.242.35 (depth 2, 28 lits): UNSAT in 0.06s
    cube 4079.242.36 (depth 2, 28 lits): UNSAT in 0.31s
    cube 4079.242.37 (depth 2, 28 lits): UNSAT in 0.02s
    cube 4079.242.38 (depth 2, 28 lits): UNSAT in 0.04s
    cube 4079.242.39 (depth 2, 28 lits): UNSAT in 0.07s
    cube 4079.242.40 (depth 2, 28 lits): UNSAT in 0.35s
    cube 4079.242.41 (depth 2, 28 lits): UNSAT in 0.10s
    cube 4079.242.42 (depth 2, 28 lits): UNSAT in 0.10s
    cube 4079.242.43 (depth 2, 28 lits): UNSAT in 0.23s
    cube 4079.242.44 (depth 2, 28 lits): UNSAT in 1.47s
    cube 4079.242.45 (depth 2, 28 lits): UNSAT in 0.05s
    cube 4079.242.46 (depth 2, 28 lits): UNSAT in 0.13s
    cube 4079.242.47 (depth 2, 28 lits): UNSAT in 0.13s
    cube 4079.242.48 (depth 2, 28 lits): UNSAT in 0.35s
    cube 4079.242.49 (depth 2, 28 lits): UNSAT in 0.13s
    cube 4079.242.50 (depth 2, 28 lits): UNSAT in 1.09s
    cube 4079.242.51 (depth 2, 28 lits): UNSAT in 1.30s
    cube 4079.242.52 (depth 2, 28 lits): UNSAT in 3.00s
    cube 4079.242.53 (depth 2, 28 lits): UNSAT in 0.10s
    cube 4079.242.54 (depth 2, 28 lits): UNSAT in 0.32s
    cube 4079.242.55 (depth 2, 28 lits): UNSAT in 2.49s
    cube 4079.242.56 (depth 2, 28 lits): UNSAT in 2.93s
    cube 4079.242.57 (depth 2, 28 lits): UNSAT in 0.30s
    cube 4079.242.58 (depth 2, 28 lits): UNSAT in 0.80s
    cube 4079.242.59 (depth 2, 28 lits): UNSAT in 1.00s
    cube 4079.242.60 (depth 2, 28 lits): UNSAT in 20.22s
    cube 4079.242.61 (depth 2, 28 lits): UNSAT in 0.01s
    cube 4079.242.62 (depth 2, 28 lits): UNSAT in 0.02s
    cube 4079.242.63 (depth 2, 28 lits): UNSAT in 0.02s
    cube 4079.242.64 (depth 2, 28 lits): UNSAT in 0.03s
    cube 4079.242.65 (depth 2, 28 lits): UNSAT in 0.02s
    cube 4079.242.66 (depth 2, 28 lits): UNSAT in 0.02s
    cube 4079.242.67 (depth 2, 28 lits): UNSAT in 0.02s
    cube 4079.242.68 (depth 2, 28 lits): UNSAT in 0.03s
    cube 4079.242.69 (depth 2, 28 lits): UNSAT in 0.02s
    cube 4079.242.70 (depth 2, 28 lits): UNSAT in 0.03s
    cube 4079.242.71 (depth 2, 28 lits): UNSAT in 0.04s
    cube 4079.242.72 (depth 2, 28 lits): UNSAT in 0.09s
    cube 4079.242.73 (depth 2, 28 lits): UNSAT in 0.03s
    cube 4079.242.74 (depth 2, 28 lits): UNSAT in 0.09s
    cube 4079.242.75 (depth 2, 28 lits): UNSAT in 0.11s
    cube 4079.242.76 (depth 2, 28 lits): UNSAT in 0.35s
    cube 4079.242.77 (depth 2, 28 lits): UNSAT in 0.02s
    cube 4079.242.78 (depth 2, 28 lits): UNSAT in 0.04s
    cube 4079.242.79 (depth 2, 28 lits): UNSAT in 0.03s
    cube 4079.242.80 (depth 2, 28 lits): UNSAT in 0.10s
    cube 4079.242.81 (depth 2, 28 lits): UNSAT in 0.02s
    cube 4079.242.82 (depth 2, 28 lits): UNSAT in 0.09s
    cube 4079.242.83 (depth 2, 28 lits): UNSAT in 0.04s
    cube 4079.242.84 (depth 2, 28 lits): UNSAT in 0.25s
    cube 4079.242.85 (depth 2, 28 lits): UNSAT in 0.08s
    cube 4079.242.86 (depth 2, 28 lits): UNSAT in 0.13s
    cube 4079.242.87 (depth 2, 28 lits): UNSAT in 0.07s
    cube 4079.242.88 (depth 2, 28 lits): UNSAT in 0.69s
    cube 4079.242.89 (depth 2, 28 lits): UNSAT in 0.36s
    cube 4079.242.90 (depth 2, 28 lits): UNSAT in 1.25s
    cube 4079.242.91 (depth 2, 28 lits): UNSAT in 0.54s
    cube 4079.242.92 (depth 2, 28 lits): UNSAT in 7.21s
    cube 4079.242.93 (depth 2, 27 lits): UNSAT in 0.02s
    cube 4079.242.94 (depth 2, 28 lits): UNSAT in 0.03s
    cube 4079.242.95 (depth 2, 28 lits): UNSAT in 0.05s
    cube 4079.242.96 (depth 2, 28 lits): UNSAT in 0.03s
    cube 4079.242.97 (depth 2, 28 lits): UNSAT in 0.04s
    cube 4079.242.98 (depth 2, 28 lits): UNSAT in 0.06s
    cube 4079.242.99 (depth 2, 28 lits): UNSAT in 0.15s
    cube 4079.242.100 (depth 2, 28 lits): UNSAT in 0.02s
    cube 4079.242.101 (depth 2, 28 lits): UNSAT in 0.03s
    cube 4079.242.102 (depth 2, 28 lits): UNSAT in 0.03s
    cube 4079.242.103 (depth 2, 28 lits): UNSAT in 0.10s
    cube 4079.242.104 (depth 2, 28 lits): UNSAT in 0.05s
    cube 4079.242.105 (depth 2, 28 lits): UNSAT in 0.27s
    cube 4079.242.106 (depth 2, 28 lits): UNSAT in 0.17s
    cube 4079.242.107 (depth 2, 28 lits): UNSAT in 0.52s
    cube 4079.242.108 (depth 2, 28 lits): UNSAT in 0.03s
    cube 4079.242.109 (depth 2, 28 lits): UNSAT in 0.07s
    cube 4079.242.110 (depth 2, 28 lits): UNSAT in 0.24s
    cube 4079.242.111 (depth 2, 28 lits): UNSAT in 0.88s
    cube 4079.242.112 (depth 2, 28 lits): UNSAT in 0.02s
    cube 4079.242.113 (depth 2, 28 lits): UNSAT in 0.16s
    cube 4079.242.114 (depth 2, 28 lits): UNSAT in 0.57s
    cube 4079.242.115 (depth 2, 28 lits): UNSAT in 2.30s
    cube 4079.242.116 (depth 2, 28 lits): UNSAT in 0.14s
    cube 4079.242.117 (depth 2, 28 lits): UNSAT in 0.38s
    cube 4079.242.118 (depth 2, 28 lits): UNSAT in 0.71s
    cube 4079.242.119 (depth 2, 28 lits): UNSAT in 2.70s
    cube 4079.242.120 (depth 2, 28 lits): UNSAT in 1.03s
    cube 4079.242.121 (depth 2, 28 lits): UNSAT in 3.50s
    cube 4079.242.122 (depth 2, 28 lits): UNSAT in 13.15s
    cube 4079.242.123 (depth 2, 28 lits): UNSAT in 535.30s
    cube 4079.242.124 (depth 2, 28 lits): UNSAT in 0.02s
    cube 4079.242.125 (depth 2, 28 lits): UNSAT in 0.02s
    cube 4079.242.126 (depth 2, 28 lits): UNSAT in 0.02s
    cube 4079.242.127 (depth 2, 28 lits): UNSAT in 0.04s
    cube 4079.242.128 (depth 2, 28 lits): UNSAT in 0.01s
    cube 4079.242.129 (depth 2, 28 lits): UNSAT in 0.03s
    cube 4079.242.130 (depth 2, 28 lits): UNSAT in 0.05s
    cube 4079.242.131 (depth 2, 28 lits): UNSAT in 0.07s
    cube 4079.242.132 (depth 2, 28 lits): UNSAT in 0.02s
    cube 4079.242.133 (depth 2, 28 lits): UNSAT in 0.04s
    cube 4079.242.134 (depth 2, 28 lits): UNSAT in 0.06s
    cube 4079.242.135 (depth 2, 28 lits): UNSAT in 0.22s
    cube 4079.242.136 (depth 2, 28 lits): UNSAT in 0.03s
    cube 4079.242.137 (depth 2, 28 lits): UNSAT in 0.27s
    cube 4079.242.138 (depth 2, 28 lits): UNSAT in 0.08s
    cube 4079.242.139 (depth 2, 28 lits): UNSAT in 0.87s
    cube 4079.242.140 (depth 2, 28 lits): UNSAT in 0.03s
    cube 4079.242.141 (depth 2, 28 lits): UNSAT in 0.08s
    cube 4079.242.142 (depth 2, 28 lits): UNSAT in 0.06s
    cube 4079.242.143 (depth 2, 28 lits): UNSAT in 0.14s
    cube 4079.242.144 (depth 2, 28 lits): UNSAT in 0.02s
    cube 4079.242.145 (depth 2, 28 lits): UNSAT in 0.15s
    cube 4079.242.146 (depth 2, 28 lits): UNSAT in 0.31s
    cube 4079.242.147 (depth 2, 28 lits): UNSAT in 1.54s
    cube 4079.242.148 (depth 2, 28 lits): UNSAT in 0.12s
    cube 4079.242.149 (depth 2, 28 lits): UNSAT in 0.20s
    cube 4079.242.150 (depth 2, 28 lits): UNSAT in 0.30s
    cube 4079.242.151 (depth 2, 28 lits): UNSAT in 0.62s
    cube 4079.242.152 (depth 2, 28 lits): UNSAT in 0.08s
    cube 4079.242.153 (depth 2, 28 lits): UNSAT in 0.22s
    cube 4079.242.154 (depth 2, 28 lits): UNSAT in 1.57s
    cube 4079.242.155 (depth 2, 28 lits): UNSAT in 1.48s
    cube 4079.242.156 (depth 2, 28 lits): UNSAT in 0.02s
    cube 4079.242.157 (depth 2, 28 lits): UNSAT in 0.02s
    cube 4079.242.158 (depth 2, 28 lits): UNSAT in 0.03s
    cube 4079.242.159 (depth 2, 28 lits): UNSAT in 0.11s
    cube 4079.242.160 (depth 2, 28 lits): UNSAT in 0.09s
    cube 4079.242.161 (depth 2, 28 lits): UNSAT in 0.19s
    cube 4079.242.162 (depth 2, 28 lits): UNSAT in 0.13s
    cube 4079.242.163 (depth 2, 28 lits): UNSAT in 0.25s
    cube 4079.242.164 (depth 2, 28 lits): UNSAT in 0.05s
    cube 4079.242.165 (depth 2, 28 lits): UNSAT in 0.10s
    cube 4079.242.166 (depth 2, 28 lits): UNSAT in 0.21s
    cube 4079.242.167 (depth 2, 28 lits): UNSAT in 0.88s
    cube 4079.242.168 (depth 2, 28 lits): UNSAT in 0.09s
    cube 4079.242.169 (depth 2, 28 lits): UNSAT in 0.52s
    cube 4079.242.170 (depth 2, 28 lits): UNSAT in 0.62s
    cube 4079.242.171 (depth 2, 28 lits): UNSAT in 9.35s
    cube 4079.242.172 (depth 2, 28 lits): UNSAT in 0.04s
    cube 4079.242.173 (depth 2, 28 lits): UNSAT in 0.26s
    cube 4079.242.174 (depth 2, 28 lits): UNSAT in 0.15s
    cube 4079.242.175 (depth 2, 28 lits): UNSAT in 0.80s
    cube 4079.242.176 (depth 2, 28 lits): UNSAT in 0.04s
    cube 4079.242.177 (depth 2, 28 lits): UNSAT in 1.33s
    cube 4079.242.178 (depth 2, 28 lits): UNSAT in 1.13s
    cube 4079.242.179 (depth 2, 28 lits): UNSAT in 5.43s
    cube 4079.242.180 (depth 2, 28 lits): UNSAT in 0.39s
    cube 4079.242.181 (depth 2, 28 lits): UNSAT in 0.33s
    cube 4079.242.182 (depth 2, 28 lits): UNSAT in 0.26s
    cube 4079.242.183 (depth 2, 28 lits): UNSAT in 0.56s
    cube 4079.242.184 (depth 2, 28 lits): UNSAT in 3.26s
    cube 4079.242.185 (depth 2, 28 lits): UNSAT in 10.82s
    cube 4079.242.186 (depth 2, 28 lits): UNSAT in 6.99s
    cube 4079.242.187 (depth 2, 28 lits): UNSAT in 212.63s
    cube 4079.242.188 (depth 2, 28 lits): UNSAT in 0.05s
    cube 4079.242.189 (depth 2, 28 lits): UNSAT in 0.14s
    cube 4079.242.190 (depth 2, 28 lits): UNSAT in 0.09s
    cube 4079.242.191 (depth 2, 28 lits): UNSAT in 0.17s
    cube 4079.242.192 (depth 2, 28 lits): UNSAT in 0.05s
    cube 4079.242.193 (depth 2, 28 lits): UNSAT in 0.15s
    cube 4079.242.194 (depth 2, 28 lits): UNSAT in 0.14s
    cube 4079.242.195 (depth 2, 28 lits): UNSAT in 0.56s
    cube 4079.242.196 (depth 2, 28 lits): UNSAT in 0.05s
    cube 4079.242.197 (depth 2, 28 lits): UNSAT in 0.40s
    cube 4079.242.198 (depth 2, 28 lits): UNSAT in 0.76s
    cube 4079.242.199 (depth 2, 28 lits): UNSAT in 1.48s
    cube 4079.242.200 (depth 2, 28 lits): UNSAT in 0.65s
    cube 4079.242.201 (depth 2, 28 lits): UNSAT in 1.15s
    cube 4079.242.202 (depth 2, 28 lits): UNSAT in 1.70s
    cube 4079.242.203 (depth 2, 28 lits): UNSAT in 6.87s
    cube 4079.242.204 (depth 2, 28 lits): UNSAT in 0.13s
    cube 4079.242.205 (depth 2, 28 lits): UNSAT in 0.15s
    cube 4079.242.206 (depth 2, 28 lits): UNSAT in 0.08s
    cube 4079.242.207 (depth 2, 28 lits): UNSAT in 0.47s
    cube 4079.242.208 (depth 2, 28 lits): UNSAT in 0.12s
    cube 4079.242.209 (depth 2, 28 lits): UNSAT in 0.51s
    cube 4079.242.210 (depth 2, 28 lits): UNSAT in 0.53s
    cube 4079.242.211 (depth 2, 28 lits): UNSAT in 2.50s
    cube 4079.242.212 (depth 2, 28 lits): UNSAT in 0.16s
    cube 4079.242.213 (depth 2, 28 lits): UNSAT in 1.04s
    cube 4079.242.214 (depth 2, 28 lits): UNSAT in 1.98s
    cube 4079.242.215 (depth 2, 28 lits): UNSAT in 17.20s
    cube 4079.242.216 (depth 2, 28 lits): UNSAT in 0.65s
    cube 4079.242.217 (depth 2, 28 lits): UNSAT in 21.19s
    cube 4079.242.218 (depth 2, 28 lits): UNSAT in 20.72s
    cube 4079.242.219 (depth 2, 28 lits): UNSAT in 809.22s
    cube 4079.242.220 (depth 2, 28 lits): UNSAT in 0.03s
    cube 4079.242.221 (depth 2, 28 lits): UNSAT in 0.07s
    cube 4079.242.222 (depth 2, 28 lits): UNSAT in 0.06s
    cube 4079.242.223 (depth 2, 28 lits): UNSAT in 0.68s
    cube 4079.242.224 (depth 2, 28 lits): UNSAT in 0.09s
    cube 4079.242.225 (depth 2, 28 lits): UNSAT in 0.26s
    cube 4079.242.226 (depth 2, 28 lits): UNSAT in 0.29s
    cube 4079.242.227 (depth 2, 28 lits): UNSAT in 1.60s
    cube 4079.242.228 (depth 2, 28 lits): UNSAT in 0.10s
    cube 4079.242.229 (depth 2, 28 lits): UNSAT in 0.69s
    cube 4079.242.230 (depth 2, 28 lits): UNSAT in 0.87s
    cube 4079.242.231 (depth 2, 28 lits): UNSAT in 2.07s
    cube 4079.242.232 (depth 2, 28 lits): UNSAT in 0.10s
    cube 4079.242.233 (depth 2, 28 lits): UNSAT in 0.59s
    cube 4079.242.234 (depth 2, 28 lits): UNSAT in 1.29s
    cube 4079.242.235 (depth 2, 28 lits): UNSAT in 12.52s
    cube 4079.242.236 (depth 2, 28 lits): UNSAT in 0.08s
    cube 4079.242.237 (depth 2, 28 lits): UNSAT in 0.18s
    cube 4079.242.238 (depth 2, 28 lits): UNSAT in 0.29s
    cube 4079.242.239 (depth 2, 28 lits): UNSAT in 0.39s
    cube 4079.242.240 (depth 2, 28 lits): UNSAT in 0.21s
    cube 4079.242.241 (depth 2, 28 lits): UNSAT in 0.93s
    cube 4079.242.242 (depth 2, 28 lits): UNSAT in 1.01s
    cube 4079.242.243 (depth 2, 28 lits): UNSAT in 6.33s
    cube 4079.242.244 (depth 2, 28 lits): UNSAT in 0.30s
    cube 4079.242.245 (depth 2, 28 lits): UNSAT in 2.98s
    cube 4079.242.246 (depth 2, 28 lits): UNSAT in 2.28s
    cube 4079.242.247 (depth 2, 28 lits): UNSAT in 43.16s
    cube 4079.242.248 (depth 2, 28 lits): UNSAT in 1.87s
    cube 4079.242.249 (depth 2, 28 lits): UNSAT in 41.74s
    cube 4079.242.250 (depth 2, 28 lits): UNSAT in 36.36s
    cube 4079.242.251 (depth 2, 28 lits): TIMEOUT in 1200.05s
    cube 4079.242.251 TIMEOUT -> re-split into 238 sub-cubes (depth 3)
    cube 4079.242.251.0 (depth 3, 33 lits): UNSAT in 0.01s
    cube 4079.242.251.1 (depth 3, 36 lits): UNSAT in 0.01s
    cube 4079.242.251.2 (depth 3, 36 lits): UNSAT in 0.02s
    cube 4079.242.251.3 (depth 3, 36 lits): UNSAT in 0.01s
    cube 4079.242.251.4 (depth 3, 36 lits): UNSAT in 0.01s
    cube 4079.242.251.5 (depth 3, 35 lits): UNSAT in 0.01s
    cube 4079.242.251.6 (depth 3, 36 lits): UNSAT in 0.02s
    cube 4079.242.251.7 (depth 3, 36 lits): UNSAT in 0.02s
    cube 4079.242.251.8 (depth 3, 35 lits): UNSAT in 0.01s
    cube 4079.242.251.9 (depth 3, 36 lits): UNSAT in 0.01s
    cube 4079.242.251.10 (depth 3, 36 lits): UNSAT in 0.02s
    cube 4079.242.251.11 (depth 3, 35 lits): UNSAT in 0.02s
    cube 4079.242.251.12 (depth 3, 36 lits): UNSAT in 0.02s
    cube 4079.242.251.13 (depth 3, 36 lits): UNSAT in 0.02s
    cube 4079.242.251.14 (depth 3, 35 lits): UNSAT in 0.01s
    cube 4079.242.251.15 (depth 3, 36 lits): UNSAT in 0.02s
    cube 4079.242.251.16 (depth 3, 36 lits): UNSAT in 0.02s
    cube 4079.242.251.17 (depth 3, 35 lits): UNSAT in 0.02s
    cube 4079.242.251.18 (depth 3, 35 lits): UNSAT in 0.02s
    cube 4079.242.251.19 (depth 3, 35 lits): UNSAT in 0.01s
    cube 4079.242.251.20 (depth 3, 35 lits): UNSAT in 0.02s
    cube 4079.242.251.21 (depth 3, 35 lits): UNSAT in 0.01s
    cube 4079.242.251.22 (depth 3, 36 lits): UNSAT in 0.02s
    cube 4079.242.251.23 (depth 3, 36 lits): UNSAT in 0.03s
    cube 4079.242.251.24 (depth 3, 36 lits): UNSAT in 0.01s
    cube 4079.242.251.25 (depth 3, 36 lits): UNSAT in 0.02s
    cube 4079.242.251.26 (depth 3, 36 lits): UNSAT in 0.01s
    cube 4079.242.251.27 (depth 3, 36 lits): UNSAT in 0.03s
    cube 4079.242.251.28 (depth 3, 36 lits): UNSAT in 0.03s
    cube 4079.242.251.29 (depth 3, 36 lits): UNSAT in 0.10s
    cube 4079.242.251.30 (depth 3, 36 lits): UNSAT in 0.03s
    cube 4079.242.251.31 (depth 3, 36 lits): UNSAT in 0.05s
    cube 4079.242.251.32 (depth 3, 36 lits): UNSAT in 0.02s
    cube 4079.242.251.33 (depth 3, 36 lits): UNSAT in 0.03s
    cube 4079.242.251.34 (depth 3, 36 lits): UNSAT in 0.02s
    cube 4079.242.251.35 (depth 3, 36 lits): UNSAT in 0.05s
    cube 4079.242.251.36 (depth 3, 36 lits): UNSAT in 0.01s
    cube 4079.242.251.37 (depth 3, 36 lits): UNSAT in 0.02s
    cube 4079.242.251.38 (depth 3, 36 lits): UNSAT in 0.02s
    cube 4079.242.251.39 (depth 3, 36 lits): UNSAT in 0.02s
    cube 4079.242.251.40 (depth 3, 36 lits): UNSAT in 0.06s
    cube 4079.242.251.41 (depth 3, 36 lits): UNSAT in 0.03s
    cube 4079.242.251.42 (depth 3, 36 lits): UNSAT in 0.02s
    cube 4079.242.251.43 (depth 3, 36 lits): UNSAT in 0.10s
    cube 4079.242.251.44 (depth 3, 36 lits): UNSAT in 0.05s
    cube 4079.242.251.45 (depth 3, 36 lits): UNSAT in 0.12s
    cube 4079.242.251.46 (depth 3, 36 lits): UNSAT in 0.06s
    cube 4079.242.251.47 (depth 3, 36 lits): UNSAT in 0.17s
    cube 4079.242.251.48 (depth 3, 35 lits): UNSAT in 0.02s
    cube 4079.242.251.49 (depth 3, 36 lits): UNSAT in 0.01s
    cube 4079.242.251.50 (depth 3, 36 lits): UNSAT in 0.02s
    cube 4079.242.251.51 (depth 3, 36 lits): UNSAT in 0.02s
    cube 4079.242.251.52 (depth 3, 36 lits): UNSAT in 0.02s
    cube 4079.242.251.53 (depth 3, 36 lits): UNSAT in 0.02s
    cube 4079.242.251.54 (depth 3, 36 lits): UNSAT in 0.02s
    cube 4079.242.251.55 (depth 3, 36 lits): UNSAT in 0.02s
    cube 4079.242.251.56 (depth 3, 36 lits): UNSAT in 0.03s
    cube 4079.242.251.57 (depth 3, 36 lits): UNSAT in 0.02s
    cube 4079.242.251.58 (depth 3, 36 lits): UNSAT in 0.04s
    cube 4079.242.251.59 (depth 3, 36 lits): UNSAT in 0.05s
    cube 4079.242.251.60 (depth 3, 36 lits): UNSAT in 0.03s
    cube 4079.242.251.61 (depth 3, 36 lits): UNSAT in 0.06s
    cube 4079.242.251.62 (depth 3, 36 lits): UNSAT in 0.20s
    cube 4079.242.251.63 (depth 3, 36 lits): UNSAT in 0.01s
    cube 4079.242.251.64 (depth 3, 36 lits): UNSAT in 0.02s
    cube 4079.242.251.65 (depth 3, 36 lits): UNSAT in 0.02s
    cube 4079.242.251.66 (depth 3, 36 lits): UNSAT in 0.05s
    cube 4079.242.251.67 (depth 3, 36 lits): UNSAT in 0.02s
    cube 4079.242.251.68 (depth 3, 36 lits): UNSAT in 0.06s
    cube 4079.242.251.69 (depth 3, 36 lits): UNSAT in 0.06s
    cube 4079.242.251.70 (depth 3, 36 lits): UNSAT in 0.09s
    cube 4079.242.251.71 (depth 3, 36 lits): UNSAT in 0.03s
    cube 4079.242.251.72 (depth 3, 36 lits): UNSAT in 0.08s
    cube 4079.242.251.73 (depth 3, 36 lits): UNSAT in 0.04s
    cube 4079.242.251.74 (depth 3, 36 lits): UNSAT in 0.17s
    cube 4079.242.251.75 (depth 3, 36 lits): UNSAT in 0.04s
    cube 4079.242.251.76 (depth 3, 36 lits): UNSAT in 0.18s
    cube 4079.242.251.77 (depth 3, 36 lits): UNSAT in 0.15s
    cube 4079.242.251.78 (depth 3, 36 lits): UNSAT in 1.83s
    cube 4079.242.251.79 (depth 3, 36 lits): UNSAT in 0.01s
    cube 4079.242.251.80 (depth 3, 36 lits): UNSAT in 0.06s
    cube 4079.242.251.81 (depth 3, 36 lits): UNSAT in 0.02s
    cube 4079.242.251.82 (depth 3, 36 lits): UNSAT in 0.09s
    cube 4079.242.251.83 (depth 3, 36 lits): UNSAT in 0.03s
    cube 4079.242.251.84 (depth 3, 36 lits): UNSAT in 0.08s
    cube 4079.242.251.85 (depth 3, 36 lits): UNSAT in 0.08s
    cube 4079.242.251.86 (depth 3, 36 lits): UNSAT in 0.46s
    cube 4079.242.251.87 (depth 3, 36 lits): UNSAT in 0.02s
    cube 4079.242.251.88 (depth 3, 36 lits): UNSAT in 0.02s
    cube 4079.242.251.89 (depth 3, 36 lits): UNSAT in 0.08s
    cube 4079.242.251.90 (depth 3, 36 lits): UNSAT in 0.20s
    cube 4079.242.251.91 (depth 3, 36 lits): UNSAT in 0.09s
    cube 4079.242.251.92 (depth 3, 36 lits): UNSAT in 0.49s
    cube 4079.242.251.93 (depth 3, 36 lits): UNSAT in 0.29s
    cube 4079.242.251.94 (depth 3, 36 lits): UNSAT in 1.29s
    cube 4079.242.251.95 (depth 3, 36 lits): UNSAT in 0.02s
    cube 4079.242.251.96 (depth 3, 36 lits): UNSAT in 0.05s
    cube 4079.242.251.97 (depth 3, 36 lits): UNSAT in 0.03s
    cube 4079.242.251.98 (depth 3, 36 lits): UNSAT in 0.05s
    cube 4079.242.251.99 (depth 3, 36 lits): UNSAT in 0.03s
    cube 4079.242.251.100 (depth 3, 36 lits): UNSAT in 0.33s
    cube 4079.242.251.101 (depth 3, 36 lits): UNSAT in 0.19s
    cube 4079.242.251.102 (depth 3, 36 lits): UNSAT in 0.92s
    cube 4079.242.251.103 (depth 3, 36 lits): UNSAT in 0.09s
    cube 4079.242.251.104 (depth 3, 36 lits): UNSAT in 0.19s
    cube 4079.242.251.105 (depth 3, 36 lits): UNSAT in 0.22s
    cube 4079.242.251.106 (depth 3, 36 lits): UNSAT in 2.07s
    cube 4079.242.251.107 (depth 3, 36 lits): UNSAT in 0.25s
    cube 4079.242.251.108 (depth 3, 36 lits): UNSAT in 0.25s
    cube 4079.242.251.109 (depth 3, 36 lits): UNSAT in 0.27s
    cube 4079.242.251.110 (depth 3, 36 lits): UNSAT in 3.51s
    cube 4079.242.251.111 (depth 3, 36 lits): UNSAT in 0.02s
    cube 4079.242.251.112 (depth 3, 36 lits): UNSAT in 0.02s
    cube 4079.242.251.113 (depth 3, 36 lits): UNSAT in 0.03s
    cube 4079.242.251.114 (depth 3, 36 lits): UNSAT in 0.05s
    cube 4079.242.251.115 (depth 3, 36 lits): UNSAT in 0.02s
    cube 4079.242.251.116 (depth 3, 36 lits): UNSAT in 0.05s
    cube 4079.242.251.117 (depth 3, 36 lits): UNSAT in 0.08s
    cube 4079.242.251.118 (depth 3, 36 lits): UNSAT in 0.20s
    cube 4079.242.251.119 (depth 3, 36 lits): UNSAT in 0.02s
    cube 4079.242.251.120 (depth 3, 36 lits): UNSAT in 0.03s
    cube 4079.242.251.121 (depth 3, 36 lits): UNSAT in 0.02s
    cube 4079.242.251.122 (depth 3, 36 lits): UNSAT in 0.04s
    cube 4079.242.251.123 (depth 3, 36 lits): UNSAT in 0.03s
    cube 4079.242.251.124 (depth 3, 36 lits): UNSAT in 0.02s
    cube 4079.242.251.125 (depth 3, 36 lits): UNSAT in 0.04s
    cube 4079.242.251.126 (depth 3, 36 lits): UNSAT in 0.11s
    cube 4079.242.251.127 (depth 3, 36 lits): UNSAT in 0.01s
    cube 4079.242.251.128 (depth 3, 36 lits): UNSAT in 0.02s
    cube 4079.242.251.129 (depth 3, 36 lits): UNSAT in 0.01s
    cube 4079.242.251.130 (depth 3, 36 lits): UNSAT in 0.01s
    cube 4079.242.251.131 (depth 3, 36 lits): UNSAT in 0.02s
    cube 4079.242.251.132 (depth 3, 36 lits): UNSAT in 0.03s
    cube 4079.242.251.133 (depth 3, 36 lits): UNSAT in 0.03s
    cube 4079.242.251.134 (depth 3, 36 lits): UNSAT in 0.16s
    cube 4079.242.251.135 (depth 3, 36 lits): UNSAT in 0.03s
    cube 4079.242.251.136 (depth 3, 36 lits): UNSAT in 0.03s
    cube 4079.242.251.137 (depth 3, 36 lits): UNSAT in 0.07s
    cube 4079.242.251.138 (depth 3, 36 lits): UNSAT in 0.13s
    cube 4079.242.251.139 (depth 3, 36 lits): UNSAT in 0.07s
    cube 4079.242.251.140 (depth 3, 36 lits): UNSAT in 0.10s
    cube 4079.242.251.141 (depth 3, 36 lits): UNSAT in 0.25s
    cube 4079.242.251.142 (depth 3, 36 lits): UNSAT in 1.61s
    cube 4079.242.251.143 (depth 3, 36 lits): UNSAT in 0.01s
    cube 4079.242.251.144 (depth 3, 36 lits): UNSAT in 0.04s
    cube 4079.242.251.145 (depth 3, 35 lits): UNSAT in 0.02s
    cube 4079.242.251.146 (depth 3, 36 lits): UNSAT in 0.01s
    cube 4079.242.251.147 (depth 3, 36 lits): UNSAT in 0.02s
    cube 4079.242.251.148 (depth 3, 36 lits): UNSAT in 0.03s
    cube 4079.242.251.149 (depth 3, 36 lits): UNSAT in 0.06s
    cube 4079.242.251.150 (depth 3, 36 lits): UNSAT in 0.02s
    cube 4079.242.251.151 (depth 3, 36 lits): UNSAT in 0.04s
    cube 4079.242.251.152 (depth 3, 36 lits): UNSAT in 0.02s
    cube 4079.242.251.153 (depth 3, 36 lits): UNSAT in 0.09s
    cube 4079.242.251.154 (depth 3, 36 lits): UNSAT in 0.02s
    cube 4079.242.251.155 (depth 3, 36 lits): UNSAT in 0.02s
    cube 4079.242.251.156 (depth 3, 36 lits): UNSAT in 0.08s
    cube 4079.242.251.157 (depth 3, 36 lits): UNSAT in 0.32s
    cube 4079.242.251.158 (depth 3, 36 lits): UNSAT in 0.05s
    cube 4079.242.251.159 (depth 3, 36 lits): UNSAT in 0.05s
    cube 4079.242.251.160 (depth 3, 36 lits): UNSAT in 0.10s
    cube 4079.242.251.161 (depth 3, 36 lits): UNSAT in 0.06s
    cube 4079.242.251.162 (depth 3, 36 lits): UNSAT in 0.03s
    cube 4079.242.251.163 (depth 3, 36 lits): UNSAT in 0.08s
    cube 4079.242.251.164 (depth 3, 36 lits): UNSAT in 0.13s
    cube 4079.242.251.165 (depth 3, 36 lits): UNSAT in 0.39s
    cube 4079.242.251.166 (depth 3, 36 lits): UNSAT in 0.07s
    cube 4079.242.251.167 (depth 3, 36 lits): UNSAT in 0.09s
    cube 4079.242.251.168 (depth 3, 36 lits): UNSAT in 0.29s
    cube 4079.242.251.169 (depth 3, 36 lits): UNSAT in 0.42s
    cube 4079.242.251.170 (depth 3, 36 lits): UNSAT in 0.07s
    cube 4079.242.251.171 (depth 3, 36 lits): UNSAT in 0.20s
    cube 4079.242.251.172 (depth 3, 36 lits): UNSAT in 0.65s
    cube 4079.242.251.173 (depth 3, 36 lits): UNSAT in 2.83s
    cube 4079.242.251.174 (depth 3, 36 lits): UNSAT in 0.01s
    cube 4079.242.251.175 (depth 3, 36 lits): UNSAT in 0.01s
    cube 4079.242.251.176 (depth 3, 36 lits): UNSAT in 0.01s
    cube 4079.242.251.177 (depth 3, 36 lits): UNSAT in 0.02s
    cube 4079.242.251.178 (depth 3, 36 lits): UNSAT in 0.02s
    cube 4079.242.251.179 (depth 3, 36 lits): UNSAT in 0.04s
    cube 4079.242.251.180 (depth 3, 36 lits): UNSAT in 0.03s
    cube 4079.242.251.181 (depth 3, 36 lits): UNSAT in 0.14s
    cube 4079.242.251.182 (depth 3, 36 lits): UNSAT in 0.04s
    cube 4079.242.251.183 (depth 3, 36 lits): UNSAT in 0.05s
    cube 4079.242.251.184 (depth 3, 36 lits): UNSAT in 0.03s
    cube 4079.242.251.185 (depth 3, 36 lits): UNSAT in 0.23s
    cube 4079.242.251.186 (depth 3, 36 lits): UNSAT in 0.24s
    cube 4079.242.251.187 (depth 3, 36 lits): UNSAT in 0.32s
    cube 4079.242.251.188 (depth 3, 36 lits): UNSAT in 0.25s
    cube 4079.242.251.189 (depth 3, 36 lits): UNSAT in 0.74s
    cube 4079.242.251.190 (depth 3, 36 lits): UNSAT in 0.03s
    cube 4079.242.251.191 (depth 3, 36 lits): UNSAT in 0.05s
    cube 4079.242.251.192 (depth 3, 36 lits): UNSAT in 0.03s
    cube 4079.242.251.193 (depth 3, 36 lits): UNSAT in 0.06s
    cube 4079.242.251.194 (depth 3, 36 lits): UNSAT in 0.08s
    cube 4079.242.251.195 (depth 3, 36 lits): UNSAT in 0.22s
    cube 4079.242.251.196 (depth 3, 36 lits): UNSAT in 0.23s
    cube 4079.242.251.197 (depth 3, 36 lits): UNSAT in 0.21s
    cube 4079.242.251.198 (depth 3, 36 lits): UNSAT in 0.13s
    cube 4079.242.251.199 (depth 3, 36 lits): UNSAT in 1.03s
    cube 4079.242.251.200 (depth 3, 36 lits): UNSAT in 0.59s
    cube 4079.242.251.201 (depth 3, 36 lits): UNSAT in 0.93s
    cube 4079.242.251.202 (depth 3, 36 lits): UNSAT in 0.38s
    cube 4079.242.251.203 (depth 3, 36 lits): UNSAT in 1.88s
    cube 4079.242.251.204 (depth 3, 36 lits): UNSAT in 0.27s
    cube 4079.242.251.205 (depth 3, 36 lits): UNSAT in 9.81s
    cube 4079.242.251.206 (depth 3, 36 lits): UNSAT in 0.03s
    cube 4079.242.251.207 (depth 3, 36 lits): UNSAT in 0.02s
    cube 4079.242.251.208 (depth 3, 36 lits): UNSAT in 0.04s
    cube 4079.242.251.209 (depth 3, 36 lits): UNSAT in 0.12s
    cube 4079.242.251.210 (depth 3, 36 lits): UNSAT in 0.07s
    cube 4079.242.251.211 (depth 3, 36 lits): UNSAT in 0.07s
    cube 4079.242.251.212 (depth 3, 36 lits): UNSAT in 0.21s
    cube 4079.242.251.213 (depth 3, 36 lits): UNSAT in 0.57s
    cube 4079.242.251.214 (depth 3, 36 lits): UNSAT in 0.05s
    cube 4079.242.251.215 (depth 3, 36 lits): UNSAT in 0.20s
    cube 4079.242.251.216 (depth 3, 36 lits): UNSAT in 0.52s
    cube 4079.242.251.217 (depth 3, 36 lits): UNSAT in 0.49s
    cube 4079.242.251.218 (depth 3, 36 lits): UNSAT in 0.27s
    cube 4079.242.251.219 (depth 3, 36 lits): UNSAT in 2.44s
    cube 4079.242.251.220 (depth 3, 36 lits): UNSAT in 3.30s
    cube 4079.242.251.221 (depth 3, 36 lits): UNSAT in 12.90s
    cube 4079.242.251.222 (depth 3, 36 lits): UNSAT in 0.20s
    cube 4079.242.251.223 (depth 3, 36 lits): UNSAT in 0.63s
    cube 4079.242.251.224 (depth 3, 36 lits): UNSAT in 0.11s
    cube 4079.242.251.225 (depth 3, 36 lits): UNSAT in 2.06s
    cube 4079.242.251.226 (depth 3, 36 lits): UNSAT in 0.10s
    cube 4079.242.251.227 (depth 3, 36 lits): UNSAT in 1.08s
    cube 4079.242.251.228 (depth 3, 36 lits): UNSAT in 1.05s
    cube 4079.242.251.229 (depth 3, 36 lits): UNSAT in 20.23s
    cube 4079.242.251.230 (depth 3, 36 lits): UNSAT in 0.17s
    cube 4079.242.251.231 (depth 3, 36 lits): UNSAT in 3.65s
    cube 4079.242.251.232 (depth 3, 36 lits): UNSAT in 6.79s
    cube 4079.242.251.233 (depth 3, 36 lits): UNSAT in 63.45s
    cube 4079.242.251.234 (depth 3, 36 lits): UNSAT in 0.31s
    cube 4079.242.251.235 (depth 3, 36 lits): UNSAT in 1.91s
    cube 4079.242.251.236 (depth 3, 36 lits): UNSAT in 2.94s
    cube 4079.242.251.237 (depth 3, 36 lits): UNSAT in 78.41s

  shard 5 verdict: UNSAT (1 UNSAT, 0 unresolved) in 7950.5s
